0.307: [GC (Allocation Failure) 262208K->316K(1004928K), 0.0007050 secs]
0.482: [GC (Allocation Failure) 262524K->357K(1004928K), 0.0006400 secs]
0.597: [GC (Allocation Failure) 262565K->308K(1004928K), 0.0005360 secs]
0.769: [GC (Allocation Failure) 262516K->308K(1004928K), 0.0005330 secs]
0.916: [GC (Allocation Failure) 262516K->357K(1004928K), 0.0005750 secs]
1.028: [GC (Allocation Failure) 262565K->349K(1048192K), 0.0006320 secs]
1.238: [GC (Allocation Failure) 349063K->337K(1047872K), 0.0006480 secs]
1.388: [GC (Allocation Failure) 349025K->337K(1048000K), 0.0002220 secs]
1.540: [GC (Allocation Failure) 348803K->337K(1048064K), 0.0002780 secs]
1.690: [GC (Allocation Failure) 348817K->337K(1048064K), 0.0002170 secs]
1.866: [GC (Allocation Failure) 348817K->337K(1047616K), 0.0002190 secs]
2.044: [GC (Allocation Failure) 348817K->337K(1048064K), 0.0002090 secs]
2.285: [GC (Allocation Failure) 348753K->337K(1048000K), 0.0002120 secs]
2.540: [GC (Allocation Failure) 348753K->337K(1048064K), 0.0002190 secs]
2.715: [GC (Allocation Failure) 348817K->337K(1048064K), 0.0002810 secs]
2.949: [GC (Allocation Failure) 348817K->337K(1048064K), 0.0002110 secs]
3.123: [GC (Allocation Failure) 348817K->337K(1048064K), 0.0002060 secs]
3.415: [GC (Allocation Failure) 348817K->337K(1048128K), 0.0002170 secs]
3.564: [GC (Allocation Failure) 348945K->337K(1048128K), 0.0003620 secs]
3.716: [GC (Allocation Failure) 348945K->337K(1048128K), 0.0002750 secs]
3.864: [GC (Allocation Failure) 348945K->337K(1048128K), 0.0002060 secs]
4.062: [GC (Allocation Failure) 348945K->337K(1048192K), 0.0002070 secs]
4.217: [GC (Allocation Failure) 349073K->337K(1048192K), 0.0002160 secs]
4.412: [GC (Allocation Failure) 349073K->337K(1048256K), 0.0002780 secs]
4.614: [GC (Allocation Failure) 349137K->337K(1048192K), 0.0002050 secs]
4.762: [GC (Allocation Failure) 349137K->337K(1048256K), 0.0002740 secs]
4.923: [GC (Allocation Failure) 349201K->337K(1048256K), 0.0002190 secs]
5.074: [GC (Allocation Failure) 349201K->337K(1048320K), 0.0002030 secs]
5.222: [GC (Allocation Failure) 349329K->337K(1048320K), 0.0002190 secs]
5.376: [GC (Allocation Failure) 349329K->337K(1048320K), 0.0002210 secs]
5.566: [GC (Allocation Failure) 349329K->337K(1048320K), 0.0002110 secs]
5.714: [GC (Allocation Failure) 349329K->337K(1048384K), 0.0002930 secs]
6.015: [GC (Allocation Failure) 349393K->337K(1048320K), 0.0002750 secs]
6.166: [GC (Allocation Failure) 349393K->337K(1048384K), 0.0002210 secs]
6.317: [GC (Allocation Failure) 349457K->337K(1048384K), 0.0002020 secs]
6.465: [GC (Allocation Failure) 349457K->337K(1048384K), 0.0002080 secs]
6.618: [GC (Allocation Failure) 349457K->337K(1048384K), 0.0002080 secs]
6.868: [GC (Allocation Failure) 349457K->337K(1048448K), 0.0002080 secs]
7.018: [GC (Allocation Failure) 349543K->337K(1048448K), 0.0002150 secs]
7.168: [GC (Allocation Failure) 349585K->337K(1048448K), 0.0002010 secs]
7.318: [GC (Allocation Failure) 349585K->337K(1048448K), 0.0002130 secs]
7.481: [GC (Allocation Failure) 349585K->337K(1048448K), 0.0002180 secs]
7.669: [GC (Allocation Failure) 349585K->337K(1048448K), 0.0002030 secs]
7.850: [GC (Allocation Failure) 349585K->337K(1048448K), 0.0002180 secs]
8.070: [GC (Allocation Failure) 349585K->337K(1048448K), 0.0002070 secs]
8.217: [GC (Allocation Failure) 349585K->337K(1048512K), 0.0002160 secs]
8.369: [GC (Allocation Failure) 349649K->337K(1048448K), 0.0002150 secs]
8.571: [GC (Allocation Failure) 349649K->337K(1048512K), 0.0003220 secs]
8.719: [GC (Allocation Failure) 349713K->337K(1048512K), 0.0002110 secs]
8.925: [GC (Allocation Failure) 349713K->337K(1048512K), 0.0002270 secs]
9.073: [GC (Allocation Failure) 349713K->337K(1048512K), 0.0002170 secs]
9.289: [GC (Allocation Failure) 349713K->337K(1048512K), 0.0002180 secs]
9.441: [GC (Allocation Failure) 349713K->337K(1048512K), 0.0002020 secs]
9.589: [GC (Allocation Failure) 349713K->337K(1048512K), 0.0002050 secs]
9.771: [GC (Allocation Failure) 349713K->337K(1048512K), 0.0002320 secs]
9.923: [GC (Allocation Failure) 349713K->337K(1048512K), 0.0002020 secs]
10.070: [GC (Allocation Failure) 349713K->337K(1048512K), 0.0002190 secs]
10.223: [GC (Allocation Failure) 349713K->337K(1048512K), 0.0002170 secs]
10.422: [GC (Allocation Failure) 349713K->337K(1048512K), 0.0002760 secs]
10.624: [GC (Allocation Failure) 349713K->337K(1048512K), 0.0002810 secs]
10.773: [GC (Allocation Failure) 349713K->337K(1048512K), 0.0002060 secs]
10.951: [GC (Allocation Failure) 349713K->337K(1048512K), 0.0002070 secs]
11.156: [GC (Allocation Failure) 349713K->337K(1048512K), 0.0002360 secs]
11.305: [GC (Allocation Failure) 349713K->337K(1048512K), 0.0002940 secs]
11.457: [GC (Allocation Failure) 349713K->337K(1048512K), 0.0002770 secs]
11.606: [GC (Allocation Failure) 349713K->337K(1048512K), 0.0002200 secs]
11.759: [GC (Allocation Failure) 349713K->337K(1048512K), 0.0002240 secs]
11.924: [GC (Allocation Failure) 349713K->337K(1048512K), 0.0002070 secs]
12.130: [GC (Allocation Failure) 349713K->337K(1048512K), 0.0002880 secs]
12.279: [GC (Allocation Failure) 349713K->337K(1048512K), 0.0002190 secs]
12.431: [GC (Allocation Failure) 349713K->337K(1048512K), 0.0002120 secs]
12.580: [GC (Allocation Failure) 349713K->337K(1048512K), 0.0002090 secs]
12.732: [GC (Allocation Failure) 349713K->337K(1048512K), 0.0002030 secs]
12.882: [GC (Allocation Failure) 349713K->337K(1048512K), 0.0002740 secs]
13.075: [GC (Allocation Failure) 349713K->337K(1048512K), 0.0002070 secs]
13.278: [GC (Allocation Failure) 349713K->337K(1048512K), 0.0002750 secs]
13.428: [GC (Allocation Failure) 349713K->337K(1048512K), 0.0002810 secs]
13.624: [GC (Allocation Failure) 349713K->337K(1048512K), 0.0003660 secs]
13.777: [GC (Allocation Failure) 349713K->337K(1048512K), 0.0002150 secs]
13.927: [GC (Allocation Failure) 349713K->337K(1048512K), 0.0002760 secs]
14.130: [GC (Allocation Failure) 349713K->337K(1048512K), 0.0002050 secs]
14.278: [GC (Allocation Failure) 349713K->337K(1048512K), 0.0002200 secs]
14.429: [GC (Allocation Failure) 349713K->337K(1048512K), 0.0002150 secs]
14.666: [GC (Allocation Failure) 349713K->337K(1048512K), 0.0002090 secs]
14.822: [GC (Allocation Failure) 349713K->337K(1048512K), 0.0002170 secs]
14.976: [GC (Allocation Failure) 349713K->337K(1048512K), 0.0002740 secs]
15.124: [GC (Allocation Failure) 349713K->337K(1048512K), 0.0002060 secs]
15.329: [GC (Allocation Failure) 349713K->337K(1048512K), 0.0002040 secs]
15.532: [GC (Allocation Failure) 349713K->337K(1048512K), 0.0002020 secs]
15.680: [GC (Allocation Failure) 349713K->337K(1048512K), 0.0002190 secs]
15.833: [GC (Allocation Failure) 349713K->337K(1048512K), 0.0002140 secs]
15.982: [GC (Allocation Failure) 349713K->337K(1048512K), 0.0002030 secs]
16.133: [GC (Allocation Failure) 349713K->337K(1048512K), 0.0002040 secs]
16.281: [GC (Allocation Failure) 349713K->337K(1048512K), 0.0002730 secs]
16.472: [GC (Allocation Failure) 349713K->337K(1048512K), 0.0002200 secs]
16.620: [GC (Allocation Failure) 349713K->337K(1048512K), 0.0002210 secs]
16.773: [GC (Allocation Failure) 349713K->337K(1048512K), 0.0002020 secs]
16.924: [GC (Allocation Failure) 349713K->337K(1048512K), 0.0002080 secs]
17.085: [GC (Allocation Failure) 349713K->337K(1048512K), 0.0002120 secs]
17.232: [GC (Allocation Failure) 349713K->337K(1048512K), 0.0002040 secs]
17.385: [GC (Allocation Failure) 349713K->337K(1048512K), 0.0002760 secs]
17.533: [GC (Allocation Failure) 349713K->337K(1048512K), 0.0002310 secs]
17.685: [GC (Allocation Failure) 349713K->337K(1048512K), 0.0002030 secs]
17.833: [GC (Allocation Failure) 349713K->337K(1048512K), 0.0002160 secs]
17.984: [GC (Allocation Failure) 349713K->337K(1048512K), 0.0002030 secs]
18.134: [GC (Allocation Failure) 349713K->337K(1048512K), 0.0002080 secs]
18.284: [GC (Allocation Failure) 349713K->337K(1048512K), 0.0002170 secs]
18.469: [GC (Allocation Failure) 349713K->337K(1048512K), 0.0002760 secs]
18.666: [GC (Allocation Failure) 349713K->337K(1048512K), 0.0004070 secs]
18.816: [GC (Allocation Failure) 349713K->337K(1048512K), 0.0002040 secs]
18.994: [GC (Allocation Failure) 349713K->337K(1048512K), 0.0002100 secs]
19.142: [GC (Allocation Failure) 349713K->337K(1048512K), 0.0002050 secs]
19.342: [GC (Allocation Failure) 349713K->337K(1048512K), 0.0002180 secs]
19.490: [GC (Allocation Failure) 349713K->337K(1048512K), 0.0002170 secs]
19.640: [GC (Allocation Failure) 349713K->337K(1048512K), 0.0002030 secs]
19.838: [GC (Allocation Failure) 349713K->337K(1048512K), 0.0002070 secs]
20.068: [GC (Allocation Failure) 349713K->337K(1048512K), 0.0002170 secs]
20.237: [GC (Allocation Failure) 349713K->337K(1048512K), 0.0002290 secs]
20.388: [GC (Allocation Failure) 349713K->337K(1048512K), 0.0002730 secs]
20.537: [GC (Allocation Failure) 349713K->337K(1048512K), 0.0002190 secs]
20.689: [GC (Allocation Failure) 349713K->337K(1048512K), 0.0002180 secs]
20.838: [GC (Allocation Failure) 349713K->337K(1048512K), 0.0002090 secs]
20.991: [GC (Allocation Failure) 349713K->337K(1048512K), 0.0002070 secs]
21.139: [GC (Allocation Failure) 349713K->337K(1048512K), 0.0002050 secs]
21.291: [GC (Allocation Failure) 349713K->337K(1048512K), 0.0002740 secs]
21.440: [GC (Allocation Failure) 349713K->337K(1048512K), 0.0002060 secs]
21.642: [GC (Allocation Failure) 349713K->337K(1048512K), 0.0002070 secs]
21.793: [GC (Allocation Failure) 349713K->337K(1048512K), 0.0002030 secs]
21.971: [GC (Allocation Failure) 349713K->337K(1048512K), 0.0002200 secs]
22.120: [GC (Allocation Failure) 349713K->337K(1048512K), 0.0002000 secs]
22.272: [GC (Allocation Failure) 349713K->337K(1048512K), 0.0002140 secs]
22.542: [GC (Allocation Failure) 349713K->337K(1048512K), 0.0002790 secs]
22.744: [GC (Allocation Failure) 349713K->337K(1048512K), 0.0002210 secs]
22.895: [GC (Allocation Failure) 349713K->337K(1048512K), 0.0002030 secs]
23.076: [GC (Allocation Failure) 349713K->337K(1048512K), 0.0002290 secs]
23.225: [GC (Allocation Failure) 349713K->337K(1048512K), 0.0002160 secs]
23.394: [GC (Allocation Failure) 349713K->337K(1048512K), 0.0002210 secs]
23.545: [GC (Allocation Failure) 349713K->337K(1048512K), 0.0002030 secs]
23.693: [GC (Allocation Failure) 349713K->337K(1048512K), 0.0003620 secs]
23.844: [GC (Allocation Failure) 349713K->337K(1048512K), 0.0002050 secs]
23.994: [GC (Allocation Failure) 349713K->337K(1048512K), 0.0002060 secs]
24.146: [GC (Allocation Failure) 349713K->337K(1048512K), 0.0002760 secs]
24.295: [GC (Allocation Failure) 349713K->337K(1048512K), 0.0002210 secs]
24.447: [GC (Allocation Failure) 349713K->337K(1048512K), 0.0002040 secs]
24.598: [GC (Allocation Failure) 349713K->337K(1048512K), 0.0002050 secs]
24.747: [GC (Allocation Failure) 349713K->337K(1048512K), 0.0002020 secs]
24.955: [GC (Allocation Failure) 349713K->337K(1048512K), 0.0002190 secs]
25.106: [GC (Allocation Failure) 349713K->337K(1048512K), 0.0002050 secs]
25.255: [GC (Allocation Failure) 349713K->337K(1048512K), 0.0002160 secs]
25.448: [GC (Allocation Failure) 349713K->337K(1048512K), 0.0002300 secs]
25.647: [GC (Allocation Failure) 349713K->337K(1048512K), 0.0002060 secs]
25.798: [GC (Allocation Failure) 349713K->337K(1048512K), 0.0002290 secs]
25.950: [GC (Allocation Failure) 349713K->337K(1048512K), 0.0002050 secs]
26.098: [GC (Allocation Failure) 349713K->337K(1048512K), 0.0002060 secs]
26.250: [GC (Allocation Failure) 349713K->337K(1048512K), 0.0002020 secs]
26.399: [GC (Allocation Failure) 349713K->337K(1048512K), 0.0002040 secs]
26.600: [GC (Allocation Failure) 349713K->337K(1048512K), 0.0002310 secs]
26.751: [GC (Allocation Failure) 349713K->337K(1048512K), 0.0002010 secs]
26.901: [GC (Allocation Failure) 349713K->337K(1048512K), 0.0002020 secs]
27.054: [GC (Allocation Failure) 349713K->337K(1048512K), 0.0002710 secs]
27.203: [GC (Allocation Failure) 349713K->337K(1048512K), 0.0002050 secs]
27.400: [GC (Allocation Failure) 349713K->337K(1048512K), 0.0002170 secs]
27.552: [GC (Allocation Failure) 349713K->337K(1048512K), 0.0002000 secs]
27.700: [GC (Allocation Failure) 349713K->337K(1048512K), 0.0002030 secs]
27.873: [GC (Allocation Failure) 349713K->337K(1048512K), 0.0002150 secs]
28.021: [GC (Allocation Failure) 349713K->337K(1048512K), 0.0002080 secs]
28.174: [GC (Allocation Failure) 349713K->337K(1048512K), 0.0002140 secs]
28.351: [GC (Allocation Failure) 349713K->337K(1048512K), 0.0002180 secs]
28.554: [GC (Allocation Failure) 349713K->337K(1048512K), 0.0002150 secs]
28.701: [GC (Allocation Failure) 349713K->337K(1048512K), 0.0003450 secs]
28.854: [GC (Allocation Failure) 349713K->337K(1048512K), 0.0002740 secs]
29.005: [GC (Allocation Failure) 349713K->337K(1048512K), 0.0002040 secs]
29.205: [GC (Allocation Failure) 349713K->337K(1048512K), 0.0002180 secs]
29.354: [GC (Allocation Failure) 349713K->337K(1048512K), 0.0002730 secs]
29.653: [GC (Allocation Failure) 349713K->337K(1048512K), 0.0002210 secs]
29.805: [GC (Allocation Failure) 349713K->337K(1048512K), 0.0002140 secs]
30.004: [GC (Allocation Failure) 349713K->337K(1048512K), 0.0002150 secs]
30.256: [GC (Allocation Failure) 349713K->337K(1048512K), 0.0002180 secs]
30.404: [GC (Allocation Failure) 349713K->337K(1048512K), 0.0002250 secs]
30.605: [GC (Allocation Failure) 349713K->337K(1048512K), 0.0002180 secs]
30.757: [GC (Allocation Failure) 349713K->337K(1048512K), 0.0002010 secs]
30.954: [GC (Allocation Failure) 349713K->337K(1048512K), 0.0002090 secs]
31.102: [GC (Allocation Failure) 349713K->337K(1048512K), 0.0002050 secs]
31.256: [GC (Allocation Failure) 349713K->337K(1048512K), 0.0002050 secs]
31.458: [GC (Allocation Failure) 349713K->337K(1048512K), 0.0002070 secs]
31.606: [GC (Allocation Failure) 349713K->337K(1048512K), 0.0002030 secs]
31.757: [GC (Allocation Failure) 349713K->337K(1048512K), 0.0002040 secs]
31.959: [GC (Allocation Failure) 349713K->337K(1048512K), 0.0002160 secs]
32.107: [GC (Allocation Failure) 349713K->337K(1048512K), 0.0002200 secs]
32.310: [GC (Allocation Failure) 349713K->337K(1048512K), 0.0002000 secs]
32.457: [GC (Allocation Failure) 349713K->337K(1048512K), 0.0002190 secs]
32.610: [GC (Allocation Failure) 349713K->337K(1048512K), 0.0002740 secs]
32.759: [GC (Allocation Failure) 349713K->337K(1048512K), 0.0002060 secs]
32.950: [GC (Allocation Failure) 349713K->337K(1048512K), 0.0002090 secs]
33.161: [GC (Allocation Failure) 349713K->337K(1048512K), 0.0002140 secs]
33.309: [GC (Allocation Failure) 349713K->337K(1048512K), 0.0002030 secs]
33.510: [GC (Allocation Failure) 349713K->337K(1048512K), 0.0002160 secs]
33.662: [GC (Allocation Failure) 349713K->337K(1048512K), 0.0002030 secs]
33.862: [GC (Allocation Failure) 349713K->337K(1048512K), 0.0002010 secs]
34.012: [GC (Allocation Failure) 349713K->337K(1048512K), 0.0002180 secs]
34.163: [GC (Allocation Failure) 349713K->337K(1048512K), 0.0002060 secs]
34.310: [GC (Allocation Failure) 349713K->337K(1048512K), 0.0002160 secs]
34.462: [GC (Allocation Failure) 349713K->337K(1048512K), 0.0002730 secs]
34.610: [GC (Allocation Failure) 349713K->337K(1048512K), 0.0002170 secs]
34.761: [GC (Allocation Failure) 349713K->337K(1048512K), 0.0002160 secs]
34.920: [GC (Allocation Failure) 349713K->337K(1048512K), 0.0002030 secs]
35.088: [GC (Allocation Failure) 349713K->337K(1048512K), 0.0002120 secs]
35.235: [GC (Allocation Failure) 349713K->337K(1048512K), 0.0002190 secs]
35.388: [GC (Allocation Failure) 349713K->337K(1048512K), 0.0002010 secs]
35.535: [GC (Allocation Failure) 349713K->337K(1048512K), 0.0002070 secs]
35.713: [GC (Allocation Failure) 349713K->337K(1048512K), 0.0002040 secs]
35.881: [GC (Allocation Failure) 349713K->337K(1048512K), 0.0002060 secs]
36.064: [GC (Allocation Failure) 349713K->337K(1048512K), 0.0002220 secs]
36.216: [GC (Allocation Failure) 349713K->337K(1048512K), 0.0002230 secs]
36.417: [GC (Allocation Failure) 349713K->337K(1048512K), 0.0002080 secs]
36.566: [GC (Allocation Failure) 349713K->337K(1048512K), 0.0002840 secs]
36.790: [GC (Allocation Failure) 349713K->337K(1048512K), 0.0002180 secs]
36.939: [GC (Allocation Failure) 349713K->337K(1048512K), 0.0002070 secs]
37.100: [GC (Allocation Failure) 349713K->337K(1048512K), 0.0002300 secs]
37.265: [GC (Allocation Failure) 349713K->337K(1048512K), 0.0002100 secs]
37.468: [GC (Allocation Failure) 349713K->337K(1048512K), 0.0002160 secs]
37.616: [GC (Allocation Failure) 349713K->337K(1048512K), 0.0002410 secs]
37.769: [GC (Allocation Failure) 349713K->337K(1048512K), 0.0002180 secs]
37.917: [GC (Allocation Failure) 349713K->337K(1048512K), 0.0002100 secs]
38.068: [GC (Allocation Failure) 349713K->337K(1048512K), 0.0002180 secs]
38.219: [GC (Allocation Failure) 349713K->337K(1048512K), 0.0002120 secs]
38.368: [GC (Allocation Failure) 349713K->337K(1048512K), 0.0002070 secs]
38.623: [GC (Allocation Failure) 349713K->337K(1048512K), 0.0002170 secs]
38.772: [GC (Allocation Failure) 349713K->337K(1048512K), 0.0002170 secs]
38.926: [GC (Allocation Failure) 349713K->337K(1048512K), 0.0003560 secs]
39.090: [GC (Allocation Failure) 349713K->337K(1048512K), 0.0002070 secs]
39.271: [GC (Allocation Failure) 349713K->337K(1048512K), 0.0002070 secs]
39.419: [GC (Allocation Failure) 349713K->337K(1048512K), 0.0002080 secs]
39.569: [GC (Allocation Failure) 349713K->337K(1048512K), 0.0002180 secs]
39.721: [GC (Allocation Failure) 349713K->337K(1048512K), 0.0002260 secs]
39.895: [GC (Allocation Failure) 349713K->337K(1048512K), 0.0002180 secs]
40.044: [GC (Allocation Failure) 349713K->337K(1048512K), 0.0002180 secs]
40.197: [GC (Allocation Failure) 349713K->337K(1048512K), 0.0002190 secs]
40.421: [GC (Allocation Failure) 349713K->337K(1048512K), 0.0002780 secs]
40.623: [GC (Allocation Failure) 349713K->337K(1048512K), 0.0002040 secs]
40.772: [GC (Allocation Failure) 349713K->337K(1048512K), 0.0002040 secs]
40.950: [GC (Allocation Failure) 349713K->337K(1048512K), 0.0002060 secs]
41.101: [GC (Allocation Failure) 349713K->337K(1048512K), 0.0002750 secs]
41.249: [GC (Allocation Failure) 349713K->337K(1048512K), 0.0002170 secs]
41.402: [GC (Allocation Failure) 349713K->337K(1048512K), 0.0002200 secs]
41.575: [GC (Allocation Failure) 349713K->337K(1048512K), 0.0002080 secs]
41.723: [GC (Allocation Failure) 349713K->337K(1048512K), 0.0002190 secs]
41.876: [GC (Allocation Failure) 349713K->337K(1048512K), 0.0002000 secs]
42.076: [GC (Allocation Failure) 349713K->337K(1048512K), 0.0002180 secs]
42.224: [GC (Allocation Failure) 349713K->337K(1048512K), 0.0002070 secs]
42.424: [GC (Allocation Failure) 349713K->337K(1048512K), 0.0002860 secs]
42.627: [GC (Allocation Failure) 349713K->337K(1048512K), 0.0002030 secs]
42.776: [GC (Allocation Failure) 349713K->337K(1048512K), 0.0002230 secs]
42.927: [GC (Allocation Failure) 349713K->337K(1048512K), 0.0002020 secs]
43.225: [GC (Allocation Failure) 349713K->337K(1048512K), 0.0002290 secs]
43.378: [GC (Allocation Failure) 349713K->337K(1048512K), 0.0002150 secs]
43.526: [GC (Allocation Failure) 349713K->337K(1048512K), 0.0002170 secs]
43.793: [GC (Allocation Failure) 349713K->337K(1048512K), 0.0002190 secs]
43.943: [GC (Allocation Failure) 349713K->337K(1048512K), 0.0002520 secs]
44.095: [GC (Allocation Failure) 349713K->337K(1048512K), 0.0002190 secs]
44.273: [GC (Allocation Failure) 349713K->337K(1048512K), 0.0002070 secs]
44.421: [GC (Allocation Failure) 349713K->337K(1048512K), 0.0002170 secs]
44.573: [GC (Allocation Failure) 349713K->337K(1048512K), 0.0002050 secs]
44.722: [GC (Allocation Failure) 349713K->337K(1048512K), 0.0002180 secs]
44.884: [GC (Allocation Failure) 349713K->337K(1048512K), 0.0002180 secs]
45.058: [GC (Allocation Failure) 349713K->337K(1048512K), 0.0002090 secs]
45.206: [GC (Allocation Failure) 349713K->337K(1048512K), 0.0002180 secs]
45.381: [GC (Allocation Failure) 349713K->337K(1048512K), 0.0002090 secs]
45.529: [GC (Allocation Failure) 349713K->337K(1048512K), 0.0002750 secs]
45.798: [GC (Allocation Failure) 349713K->337K(1048512K), 0.0002300 secs]
45.947: [GC (Allocation Failure) 349713K->337K(1048512K), 0.0002050 secs]
46.098: [GC (Allocation Failure) 349713K->337K(1048512K), 0.0002250 secs]
46.289: [GC (Allocation Failure) 349713K->337K(1048512K), 0.0002080 secs]
46.472: [GC (Allocation Failure) 349713K->337K(1048512K), 0.0002470 secs]
46.621: [GC (Allocation Failure) 349713K->337K(1048512K), 0.0002080 secs]
46.784: [GC (Allocation Failure) 349713K->337K(1048512K), 0.0002130 secs]
46.934: [GC (Allocation Failure) 349713K->337K(1048512K), 0.0002030 secs]
47.091: [GC (Allocation Failure) 349713K->337K(1048512K), 0.0002040 secs]
47.240: [GC (Allocation Failure) 349713K->337K(1048512K), 0.0002170 secs]
47.498: [GC (Allocation Failure) 349713K->337K(1048512K), 0.0002170 secs]
47.685: [GC (Allocation Failure) 349713K->337K(1048512K), 0.0002030 secs]
47.833: [GC (Allocation Failure) 349713K->337K(1048512K), 0.0002760 secs]
48.133: [GC (Allocation Failure) 349713K->337K(1048512K), 0.0002050 secs]
48.289: [GC (Allocation Failure) 349713K->337K(1048512K), 0.0002060 secs]
