0.291: [GC (Allocation Failure) 262208K->345K(1004928K), 0.0012060 secs]
0.506: [GC (Allocation Failure) 262456K->447K(1004928K), 0.0007060 secs]
0.628: [GC (Allocation Failure) 262655K->447K(1004928K), 0.0006190 secs]
0.782: [GC (Allocation Failure) 262655K->447K(1004928K), 0.0006260 secs]
0.970: [GC (Allocation Failure) 262655K->447K(1004928K), 0.0005980 secs]
1.086: [GC (Allocation Failure) 262655K->447K(1048064K), 0.0006920 secs]
1.269: [GC (Allocation Failure) 348880K->435K(1047616K), 0.0007640 secs]
1.422: [GC (Allocation Failure) 348915K->435K(1047936K), 0.0002150 secs]
1.569: [GC (Allocation Failure) 348659K->435K(1047360K), 0.0002080 secs]
1.756: [GC (Allocation Failure) 348577K->435K(1047872K), 0.0002130 secs]
1.906: [GC (Allocation Failure) 348520K->435K(1047872K), 0.0004240 secs]
2.060: [GC (Allocation Failure) 348480K->435K(1047872K), 0.0002770 secs]
2.210: [GC (Allocation Failure) 348452K->435K(1047872K), 0.0002210 secs]
2.364: [GC (Allocation Failure) 348447K->435K(1047872K), 0.0002170 secs]
2.513: [GC (Allocation Failure) 348483K->435K(1047872K), 0.0002090 secs]
2.663: [GC (Allocation Failure) 348530K->435K(1047936K), 0.0002060 secs]
2.857: [GC (Allocation Failure) 348627K->435K(1047936K), 0.0002200 secs]
3.009: [GC (Allocation Failure) 348624K->435K(1048000K), 0.0002020 secs]
3.239: [GC (Allocation Failure) 348653K->435K(1047936K), 0.0002050 secs]
3.420: [GC (Allocation Failure) 348721K->435K(1048064K), 0.0002140 secs]
3.637: [GC (Allocation Failure) 348796K->435K(1048000K), 0.0002070 secs]
3.851: [GC (Allocation Failure) 348805K->435K(1048064K), 0.0002310 secs]
4.026: [GC (Allocation Failure) 348902K->435K(1048064K), 0.0002180 secs]
4.206: [GC (Allocation Failure) 348896K->435K(1048128K), 0.0002180 secs]
4.389: [GC (Allocation Failure) 348990K->435K(1048128K), 0.0002170 secs]
4.590: [GC (Allocation Failure) 348988K->435K(1048192K), 0.0002080 secs]
4.770: [GC (Allocation Failure) 349086K->435K(1048192K), 0.0002890 secs]
4.948: [GC (Allocation Failure) 349086K->435K(1048256K), 0.0002260 secs]
5.189: [GC (Allocation Failure) 349184K->435K(1048192K), 0.0002140 secs]
5.365: [GC (Allocation Failure) 349184K->435K(1048256K), 0.0002190 secs]
5.546: [GC (Allocation Failure) 349281K->435K(1048256K), 0.0002310 secs]
5.721: [GC (Allocation Failure) 349281K->435K(1048320K), 0.0002070 secs]
5.883: [GC (Allocation Failure) 349379K->435K(1048320K), 0.0001970 secs]
6.063: [GC (Allocation Failure) 349379K->435K(1048320K), 0.0002190 secs]
6.215: [GC (Allocation Failure) 349379K->435K(1048320K), 0.0002040 secs]
6.364: [GC (Allocation Failure) 349379K->435K(1048384K), 0.0002050 secs]
6.569: [GC (Allocation Failure) 349477K->435K(1048384K), 0.0002240 secs]
6.722: [GC (Allocation Failure) 349477K->435K(1048384K), 0.0002280 secs]
6.916: [GC (Allocation Failure) 349477K->435K(1048384K), 0.0003510 secs]
7.070: [GC (Allocation Failure) 349477K->435K(1048448K), 0.0002750 secs]
7.221: [GC (Allocation Failure) 349574K->435K(1048384K), 0.0002210 secs]
7.376: [GC (Allocation Failure) 349574K->435K(1048448K), 0.0002210 secs]
7.529: [GC (Allocation Failure) 349672K->435K(1048448K), 0.0002140 secs]
7.690: [GC (Allocation Failure) 349672K->435K(1048448K), 0.0002150 secs]
7.921: [GC (Allocation Failure) 349672K->435K(1048448K), 0.0002150 secs]
8.075: [GC (Allocation Failure) 349672K->435K(1048448K), 0.0002060 secs]
8.268: [GC (Allocation Failure) 349672K->435K(1048448K), 0.0002010 secs]
8.422: [GC (Allocation Failure) 349672K->435K(1048448K), 0.0002150 secs]
8.619: [GC (Allocation Failure) 349672K->435K(1048448K), 0.0002160 secs]
8.773: [GC (Allocation Failure) 349672K->435K(1048512K), 0.0002670 secs]
8.922: [GC (Allocation Failure) 349770K->435K(1048512K), 0.0002060 secs]
9.119: [GC (Allocation Failure) 349770K->435K(1048512K), 0.0002080 secs]
9.374: [GC (Allocation Failure) 349770K->435K(1048512K), 0.0002150 secs]
9.523: [GC (Allocation Failure) 349770K->435K(1048512K), 0.0002140 secs]
9.675: [GC (Allocation Failure) 349770K->435K(1048512K), 0.0002180 secs]
9.828: [GC (Allocation Failure) 349770K->435K(1048512K), 0.0002140 secs]
9.978: [GC (Allocation Failure) 349770K->435K(1048512K), 0.0002010 secs]
10.164: [GC (Allocation Failure) 349770K->435K(1048512K), 0.0002170 secs]
10.314: [GC (Allocation Failure) 349770K->435K(1048512K), 0.0002820 secs]
10.472: [GC (Allocation Failure) 349770K->435K(1048512K), 0.0002780 secs]
10.675: [GC (Allocation Failure) 349770K->435K(1048512K), 0.0002040 secs]
10.825: [GC (Allocation Failure) 349770K->435K(1048512K), 0.0002200 secs]
10.978: [GC (Allocation Failure) 349770K->435K(1048512K), 0.0002040 secs]
11.128: [GC (Allocation Failure) 349770K->435K(1048512K), 0.0002160 secs]
11.282: [GC (Allocation Failure) 349770K->435K(1048512K), 0.0002770 secs]
11.432: [GC (Allocation Failure) 349770K->435K(1048512K), 0.0002170 secs]
11.584: [GC (Allocation Failure) 349770K->435K(1048512K), 0.0002020 secs]
11.732: [GC (Allocation Failure) 349770K->435K(1048512K), 0.0002040 secs]
11.978: [GC (Allocation Failure) 349770K->435K(1048512K), 0.0003230 secs]
12.127: [GC (Allocation Failure) 349770K->435K(1048512K), 0.0002190 secs]
12.281: [GC (Allocation Failure) 349770K->435K(1048512K), 0.0002160 secs]
12.524: [GC (Allocation Failure) 349770K->435K(1048512K), 0.0002200 secs]
12.675: [GC (Allocation Failure) 349770K->435K(1048512K), 0.0002110 secs]
12.825: [GC (Allocation Failure) 349770K->435K(1048512K), 0.0002090 secs]
12.976: [GC (Allocation Failure) 349770K->435K(1048512K), 0.0002010 secs]
13.127: [GC (Allocation Failure) 349770K->435K(1048512K), 0.0002050 secs]
13.340: [GC (Allocation Failure) 349770K->435K(1048512K), 0.0002160 secs]
13.491: [GC (Allocation Failure) 349770K->435K(1048512K), 0.0002740 secs]
13.677: [GC (Allocation Failure) 349770K->435K(1048512K), 0.0002100 secs]
13.826: [GC (Allocation Failure) 349770K->435K(1048512K), 0.0002070 secs]
14.028: [GC (Allocation Failure) 349770K->435K(1048512K), 0.0002130 secs]
14.177: [GC (Allocation Failure) 349770K->435K(1048512K), 0.0002050 secs]
14.333: [GC (Allocation Failure) 349770K->435K(1048512K), 0.0002200 secs]
14.486: [GC (Allocation Failure) 349770K->435K(1048512K), 0.0002290 secs]
14.679: [GC (Allocation Failure) 349770K->435K(1048512K), 0.0002060 secs]
14.829: [GC (Allocation Failure) 349770K->435K(1048512K), 0.0002170 secs]
14.979: [GC (Allocation Failure) 349770K->435K(1048512K), 0.0002150 secs]
15.131: [GC (Allocation Failure) 349770K->435K(1048512K), 0.0002050 secs]
15.283: [GC (Allocation Failure) 349770K->435K(1048512K), 0.0001990 secs]
15.459: [GC (Allocation Failure) 349770K->435K(1048512K), 0.0002280 secs]
15.614: [GC (Allocation Failure) 349770K->435K(1048512K), 0.0002160 secs]
15.764: [GC (Allocation Failure) 349770K->435K(1048512K), 0.0002090 secs]
15.917: [GC (Allocation Failure) 349770K->435K(1048512K), 0.0002020 secs]
16.067: [GC (Allocation Failure) 349770K->435K(1048512K), 0.0002170 secs]
16.220: [GC (Allocation Failure) 349770K->435K(1048512K), 0.0002110 secs]
16.371: [GC (Allocation Failure) 349770K->435K(1048512K), 0.0002060 secs]
16.543: [GC (Allocation Failure) 349770K->435K(1048512K), 0.0002240 secs]
16.694: [GC (Allocation Failure) 349770K->435K(1048512K), 0.0002050 secs]
16.846: [GC (Allocation Failure) 349770K->435K(1048512K), 0.0002030 secs]
16.995: [GC (Allocation Failure) 349770K->435K(1048512K), 0.0003480 secs]
17.148: [GC (Allocation Failure) 349770K->435K(1048512K), 0.0002160 secs]
17.431: [GC (Allocation Failure) 349770K->435K(1048512K), 0.0002300 secs]
17.584: [GC (Allocation Failure) 349770K->435K(1048512K), 0.0002070 secs]
17.741: [GC (Allocation Failure) 349770K->435K(1048512K), 0.0002050 secs]
17.985: [GC (Allocation Failure) 349770K->435K(1048512K), 0.0002210 secs]
18.227: [GC (Allocation Failure) 349770K->435K(1048512K), 0.0002160 secs]
18.377: [GC (Allocation Failure) 349770K->435K(1048512K), 0.0002190 secs]
18.530: [GC (Allocation Failure) 349770K->435K(1048512K), 0.0002230 secs]
18.686: [GC (Allocation Failure) 349770K->435K(1048512K), 0.0002060 secs]
18.838: [GC (Allocation Failure) 349770K->435K(1048512K), 0.0002080 secs]
19.037: [GC (Allocation Failure) 349770K->435K(1048512K), 0.0002140 secs]
19.187: [GC (Allocation Failure) 349770K->435K(1048512K), 0.0002770 secs]
19.397: [GC (Allocation Failure) 349770K->435K(1048512K), 0.0002160 secs]
19.546: [GC (Allocation Failure) 349770K->435K(1048512K), 0.0002060 secs]
19.738: [GC (Allocation Failure) 349770K->435K(1048512K), 0.0002140 secs]
19.887: [GC (Allocation Failure) 349770K->435K(1048512K), 0.0002040 secs]
20.038: [GC (Allocation Failure) 349770K->435K(1048512K), 0.0002050 secs]
20.339: [GC (Allocation Failure) 349770K->435K(1048512K), 0.0002150 secs]
20.488: [GC (Allocation Failure) 349770K->435K(1048512K), 0.0002070 secs]
20.660: [GC (Allocation Failure) 349770K->435K(1048512K), 0.0002070 secs]
20.889: [GC (Allocation Failure) 349770K->435K(1048512K), 0.0002050 secs]
21.190: [GC (Allocation Failure) 349770K->435K(1048512K), 0.0002080 secs]
21.420: [GC (Allocation Failure) 349770K->435K(1048512K), 0.0002080 secs]
21.591: [GC (Allocation Failure) 349770K->435K(1048512K), 0.0002070 secs]
21.741: [GC (Allocation Failure) 349770K->435K(1048512K), 0.0002130 secs]
22.032: [GC (Allocation Failure) 349770K->435K(1048512K), 0.0003210 secs]
22.182: [GC (Allocation Failure) 349770K->435K(1048512K), 0.0002060 secs]
22.397: [GC (Allocation Failure) 349770K->435K(1048512K), 0.0003150 secs]
22.546: [GC (Allocation Failure) 349770K->435K(1048512K), 0.0002920 secs]
22.746: [GC (Allocation Failure) 349770K->435K(1048512K), 0.0002150 secs]
22.895: [GC (Allocation Failure) 349770K->435K(1048512K), 0.0002080 secs]
23.159: [GC (Allocation Failure) 349770K->435K(1048512K), 0.0002170 secs]
23.310: [GC (Allocation Failure) 349770K->435K(1048512K), 0.0002220 secs]
23.492: [GC (Allocation Failure) 349770K->435K(1048512K), 0.0002180 secs]
23.648: [GC (Allocation Failure) 349770K->435K(1048512K), 0.0002180 secs]
23.801: [GC (Allocation Failure) 349770K->435K(1048512K), 0.0002040 secs]
23.951: [GC (Allocation Failure) 349770K->435K(1048512K), 0.0002060 secs]
24.144: [GC (Allocation Failure) 349770K->435K(1048512K), 0.0002050 secs]
24.345: [GC (Allocation Failure) 349770K->435K(1048512K), 0.0002070 secs]
24.495: [GC (Allocation Failure) 349770K->435K(1048512K), 0.0002050 secs]
24.663: [GC (Allocation Failure) 349770K->435K(1048512K), 0.0002160 secs]
24.813: [GC (Allocation Failure) 349770K->435K(1048512K), 0.0002200 secs]
24.965: [GC (Allocation Failure) 349770K->435K(1048512K), 0.0002180 secs]
25.160: [GC (Allocation Failure) 349770K->435K(1048512K), 0.0002200 secs]
25.315: [GC (Allocation Failure) 349770K->435K(1048512K), 0.0002070 secs]
25.494: [GC (Allocation Failure) 349770K->435K(1048512K), 0.0002120 secs]
25.642: [GC (Allocation Failure) 349770K->435K(1048512K), 0.0002880 secs]
25.898: [GC (Allocation Failure) 349770K->435K(1048512K), 0.0002040 secs]
26.049: [GC (Allocation Failure) 349770K->435K(1048512K), 0.0002050 secs]
26.199: [GC (Allocation Failure) 349770K->435K(1048512K), 0.0002030 secs]
26.348: [GC (Allocation Failure) 349770K->435K(1048512K), 0.0002070 secs]
26.553: [GC (Allocation Failure) 349770K->435K(1048512K), 0.0002080 secs]
26.749: [GC (Allocation Failure) 349770K->435K(1048512K), 0.0002070 secs]
26.898: [GC (Allocation Failure) 349770K->435K(1048512K), 0.0002180 secs]
27.050: [GC (Allocation Failure) 349770K->435K(1048512K), 0.0003510 secs]
27.200: [GC (Allocation Failure) 349770K->435K(1048512K), 0.0002060 secs]
27.353: [GC (Allocation Failure) 349770K->435K(1048512K), 0.0002100 secs]
27.551: [GC (Allocation Failure) 349770K->435K(1048512K), 0.0002160 secs]
27.712: [GC (Allocation Failure) 349770K->435K(1048512K), 0.0002060 secs]
27.861: [GC (Allocation Failure) 349770K->435K(1048512K), 0.0002050 secs]
28.102: [GC (Allocation Failure) 349770K->435K(1048512K), 0.0002090 secs]
28.251: [GC (Allocation Failure) 349770K->435K(1048512K), 0.0002020 secs]
28.451: [GC (Allocation Failure) 349770K->435K(1048512K), 0.0002320 secs]
28.603: [GC (Allocation Failure) 349770K->435K(1048512K), 0.0002130 secs]
28.806: [GC (Allocation Failure) 349770K->435K(1048512K), 0.0003160 secs]
28.955: [GC (Allocation Failure) 349770K->435K(1048512K), 0.0002920 secs]
29.163: [GC (Allocation Failure) 349770K->435K(1048512K), 0.0002140 secs]
29.314: [GC (Allocation Failure) 349770K->435K(1048512K), 0.0002300 secs]
29.466: [GC (Allocation Failure) 349770K->435K(1048512K), 0.0002110 secs]
29.617: [GC (Allocation Failure) 349770K->435K(1048512K), 0.0002070 secs]
29.769: [GC (Allocation Failure) 349770K->435K(1048512K), 0.0002130 secs]
29.919: [GC (Allocation Failure) 349770K->435K(1048512K), 0.0002030 secs]
30.073: [GC (Allocation Failure) 349770K->435K(1048512K), 0.0002170 secs]
30.222: [GC (Allocation Failure) 349770K->435K(1048512K), 0.0002170 secs]
30.374: [GC (Allocation Failure) 349770K->435K(1048512K), 0.0002160 secs]
30.523: [GC (Allocation Failure) 349770K->435K(1048512K), 0.0002060 secs]
30.676: [GC (Allocation Failure) 349770K->435K(1048512K), 0.0002270 secs]
30.856: [GC (Allocation Failure) 349770K->435K(1048512K), 0.0002190 secs]
31.007: [GC (Allocation Failure) 349770K->435K(1048512K), 0.0002000 secs]
31.257: [GC (Allocation Failure) 349770K->435K(1048512K), 0.0002200 secs]
31.408: [GC (Allocation Failure) 349770K->435K(1048512K), 0.0002780 secs]
31.607: [GC (Allocation Failure) 349770K->435K(1048512K), 0.0002190 secs]
31.758: [GC (Allocation Failure) 349770K->435K(1048512K), 0.0002020 secs]
31.958: [GC (Allocation Failure) 349770K->435K(1048512K), 0.0002200 secs]
32.109: [GC (Allocation Failure) 349770K->435K(1048512K), 0.0003230 secs]
32.258: [GC (Allocation Failure) 349770K->435K(1048512K), 0.0002060 secs]
32.420: [GC (Allocation Failure) 349770K->435K(1048512K), 0.0002210 secs]
32.573: [GC (Allocation Failure) 349770K->435K(1048512K), 0.0002070 secs]
32.760: [GC (Allocation Failure) 349770K->435K(1048512K), 0.0002040 secs]
32.909: [GC (Allocation Failure) 349770K->435K(1048512K), 0.0002050 secs]
33.109: [GC (Allocation Failure) 349770K->435K(1048512K), 0.0002280 secs]
33.264: [GC (Allocation Failure) 349770K->435K(1048512K), 0.0002780 secs]
33.415: [GC (Allocation Failure) 349770K->435K(1048512K), 0.0002070 secs]
33.615: [GC (Allocation Failure) 349770K->435K(1048512K), 0.0002140 secs]
33.764: [GC (Allocation Failure) 349770K->435K(1048512K), 0.0002170 secs]
33.917: [GC (Allocation Failure) 349770K->435K(1048512K), 0.0002170 secs]
34.067: [GC (Allocation Failure) 349770K->435K(1048512K), 0.0002040 secs]
34.220: [GC (Allocation Failure) 349770K->435K(1048512K), 0.0002140 secs]
34.397: [GC (Allocation Failure) 349770K->435K(1048512K), 0.0002210 secs]
34.546: [GC (Allocation Failure) 349770K->435K(1048512K), 0.0002070 secs]
34.699: [GC (Allocation Failure) 349770K->435K(1048512K), 0.0002010 secs]
34.864: [GC (Allocation Failure) 349770K->435K(1048512K), 0.0002090 secs]
35.012: [GC (Allocation Failure) 349770K->435K(1048512K), 0.0002160 secs]
35.164: [GC (Allocation Failure) 349770K->435K(1048512K), 0.0002030 secs]
35.314: [GC (Allocation Failure) 349770K->435K(1048512K), 0.0002060 secs]
35.492: [GC (Allocation Failure) 349770K->435K(1048512K), 0.0002170 secs]
35.646: [GC (Allocation Failure) 349770K->435K(1048512K), 0.0002080 secs]
35.795: [GC (Allocation Failure) 349770K->435K(1048512K), 0.0002030 secs]
35.966: [GC (Allocation Failure) 349770K->435K(1048512K), 0.0002170 secs]
36.120: [GC (Allocation Failure) 349770K->435K(1048512K), 0.0002010 secs]
36.269: [GC (Allocation Failure) 349770K->435K(1048512K), 0.0002140 secs]
36.421: [GC (Allocation Failure) 349770K->435K(1048512K), 0.0003060 secs]
36.615: [GC (Allocation Failure) 349770K->435K(1048512K), 0.0002060 secs]
36.821: [GC (Allocation Failure) 349770K->435K(1048512K), 0.0002090 secs]
37.017: [GC (Allocation Failure) 349770K->435K(1048512K), 0.0002060 secs]
37.268: [GC (Allocation Failure) 349770K->435K(1048512K), 0.0002130 secs]
37.422: [GC (Allocation Failure) 349770K->435K(1048512K), 0.0002050 secs]
37.571: [GC (Allocation Failure) 349770K->435K(1048512K), 0.0002180 secs]
37.731: [GC (Allocation Failure) 349770K->435K(1048512K), 0.0002150 secs]
37.923: [GC (Allocation Failure) 349770K->435K(1048512K), 0.0002170 secs]
38.072: [GC (Allocation Failure) 349770K->435K(1048512K), 0.0002070 secs]
38.270: [GC (Allocation Failure) 349770K->435K(1048512K), 0.0002050 secs]
38.419: [GC (Allocation Failure) 349770K->435K(1048512K), 0.0002150 secs]
38.570: [GC (Allocation Failure) 349770K->435K(1048512K), 0.0002020 secs]
38.770: [GC (Allocation Failure) 349770K->435K(1048512K), 0.0002140 secs]
38.920: [GC (Allocation Failure) 349770K->435K(1048512K), 0.0002040 secs]
39.120: [GC (Allocation Failure) 349770K->435K(1048512K), 0.0001930 secs]
39.285: [GC (Allocation Failure) 349770K->435K(1048512K), 0.0002090 secs]
39.463: [GC (Allocation Failure) 349770K->435K(1048512K), 0.0002140 secs]
39.613: [GC (Allocation Failure) 349770K->435K(1048512K), 0.0002080 secs]
39.772: [GC (Allocation Failure) 349770K->435K(1048512K), 0.0002130 secs]
39.921: [GC (Allocation Failure) 349770K->435K(1048512K), 0.0002040 secs]
40.164: [GC (Allocation Failure) 349770K->435K(1048512K), 0.0002270 secs]
40.314: [GC (Allocation Failure) 349770K->435K(1048512K), 0.0002030 secs]
40.469: [GC (Allocation Failure) 349770K->435K(1048512K), 0.0002170 secs]
40.619: [GC (Allocation Failure) 349770K->435K(1048512K), 0.0002050 secs]
40.828: [GC (Allocation Failure) 349770K->435K(1048512K), 0.0002160 secs]
40.977: [GC (Allocation Failure) 349770K->435K(1048512K), 0.0002160 secs]
41.129: [GC (Allocation Failure) 349770K->435K(1048512K), 0.0002750 secs]
41.279: [GC (Allocation Failure) 349770K->435K(1048512K), 0.0002040 secs]
41.463: [GC (Allocation Failure) 349770K->435K(1048512K), 0.0002190 secs]
41.613: [GC (Allocation Failure) 349770K->435K(1048512K), 0.0002200 secs]
41.766: [GC (Allocation Failure) 349770K->435K(1048512K), 0.0002150 secs]
41.976: [GC (Allocation Failure) 349770K->435K(1048512K), 0.0002040 secs]
42.171: [GC (Allocation Failure) 349770K->435K(1048512K), 0.0002150 secs]
42.324: [GC (Allocation Failure) 349770K->435K(1048512K), 0.0004030 secs]
42.476: [GC (Allocation Failure) 349770K->435K(1048512K), 0.0002040 secs]
42.659: [GC (Allocation Failure) 349770K->435K(1048512K), 0.0002050 secs]
42.827: [GC (Allocation Failure) 349770K->435K(1048512K), 0.0002150 secs]
42.978: [GC (Allocation Failure) 349770K->435K(1048512K), 0.0002030 secs]
43.165: [GC (Allocation Failure) 349770K->435K(1048512K), 0.0002120 secs]
43.316: [GC (Allocation Failure) 349770K->435K(1048512K), 0.0002060 secs]
43.478: [GC (Allocation Failure) 349770K->435K(1048512K), 0.0002380 secs]
43.628: [GC (Allocation Failure) 349770K->435K(1048512K), 0.0002050 secs]
43.779: [GC (Allocation Failure) 349770K->435K(1048512K), 0.0002140 secs]
43.980: [GC (Allocation Failure) 349770K->435K(1048512K), 0.0002170 secs]
44.133: [GC (Allocation Failure) 349770K->435K(1048512K), 0.0002760 secs]
44.283: [GC (Allocation Failure) 349770K->435K(1048512K), 0.0002060 secs]
44.475: [GC (Allocation Failure) 349770K->435K(1048512K), 0.0002100 secs]
44.623: [GC (Allocation Failure) 349770K->435K(1048512K), 0.0002170 secs]
44.780: [GC (Allocation Failure) 349770K->435K(1048512K), 0.0002750 secs]
45.028: [GC (Allocation Failure) 349770K->435K(1048512K), 0.0002190 secs]
45.178: [GC (Allocation Failure) 349770K->435K(1048512K), 0.0002200 secs]
45.332: [GC (Allocation Failure) 349770K->435K(1048512K), 0.0002060 secs]
45.481: [GC (Allocation Failure) 349770K->435K(1048512K), 0.0002060 secs]
45.675: [GC (Allocation Failure) 349770K->435K(1048512K), 0.0002200 secs]
45.828: [GC (Allocation Failure) 349770K->435K(1048512K), 0.0002050 secs]
45.977: [GC (Allocation Failure) 349770K->435K(1048512K), 0.0002040 secs]
46.133: [GC (Allocation Failure) 349770K->435K(1048512K), 0.0002270 secs]
46.283: [GC (Allocation Failure) 349770K->435K(1048512K), 0.0002020 secs]
46.434: [GC (Allocation Failure) 349770K->435K(1048512K), 0.0002030 secs]
46.628: [GC (Allocation Failure) 349770K->435K(1048512K), 0.0002190 secs]
46.783: [GC (Allocation Failure) 349770K->435K(1048512K), 0.0002190 secs]
46.932: [GC (Allocation Failure) 349770K->435K(1048512K), 0.0002180 secs]
47.085: [GC (Allocation Failure) 349770K->435K(1048512K), 0.0001980 secs]
47.385: [GC (Allocation Failure) 349770K->435K(1048512K), 0.0002860 secs]
47.542: [GC (Allocation Failure) 349770K->435K(1048512K), 0.0002060 secs]
47.746: [GC (Allocation Failure) 349770K->435K(1048512K), 0.0002170 secs]
47.895: [GC (Allocation Failure) 349770K->435K(1048512K), 0.0002020 secs]
48.082: [GC (Allocation Failure) 349770K->435K(1048512K), 0.0002180 secs]
48.231: [GC (Allocation Failure) 349770K->435K(1048512K), 0.0002050 secs]
48.423: [GC (Allocation Failure) 349770K->435K(1048512K), 0.0002170 secs]
48.572: [GC (Allocation Failure) 349770K->435K(1048512K), 0.0002190 secs]
48.725: [GC (Allocation Failure) 349770K->435K(1048512K), 0.0002020 secs]
48.875: [GC (Allocation Failure) 349770K->435K(1048512K), 0.0002070 secs]
49.040: [GC (Allocation Failure) 349770K->435K(1048512K), 0.0002180 secs]
49.192: [GC (Allocation Failure) 349770K->435K(1048512K), 0.0002150 secs]
49.386: [GC (Allocation Failure) 349770K->435K(1048512K), 0.0002290 secs]
49.535: [GC (Allocation Failure) 349770K->435K(1048512K), 0.0002060 secs]
49.693: [GC (Allocation Failure) 349770K->435K(1048512K), 0.0002030 secs]
49.843: [GC (Allocation Failure) 349770K->435K(1048512K), 0.0002060 secs]
50.025: [GC (Allocation Failure) 349770K->435K(1048512K), 0.0002190 secs]
50.179: [GC (Allocation Failure) 349770K->435K(1048512K), 0.0002790 secs]
50.329: [GC (Allocation Failure) 349770K->435K(1048512K), 0.0002060 secs]
50.486: [GC (Allocation Failure) 349770K->435K(1048512K), 0.0002240 secs]
50.635: [GC (Allocation Failure) 349770K->435K(1048512K), 0.0002070 secs]
50.788: [GC (Allocation Failure) 349770K->435K(1048512K), 0.0002150 secs]
50.936: [GC (Allocation Failure) 349770K->435K(1048512K), 0.0002060 secs]
51.147: [GC (Allocation Failure) 349770K->435K(1048512K), 0.0002150 secs]
51.301: [GC (Allocation Failure) 349770K->435K(1048512K), 0.0002110 secs]
51.450: [GC (Allocation Failure) 349770K->435K(1048512K), 0.0002060 secs]
51.604: [GC (Allocation Failure) 349770K->435K(1048512K), 0.0002780 secs]
51.752: [GC (Allocation Failure) 349770K->435K(1048512K), 0.0002180 secs]
51.905: [GC (Allocation Failure) 349770K->435K(1048512K), 0.0002250 secs]
52.164: [GC (Allocation Failure) 349770K->435K(1048512K), 0.0002270 secs]
52.313: [GC (Allocation Failure) 349770K->435K(1048512K), 0.0002050 secs]
52.467: [GC (Allocation Failure) 349770K->435K(1048512K), 0.0004090 secs]
52.640: [GC (Allocation Failure) 349770K->435K(1048512K), 0.0002070 secs]
52.848: [GC (Allocation Failure) 349770K->435K(1048512K), 0.0002200 secs]
52.999: [GC (Allocation Failure) 349770K->435K(1048512K), 0.0002140 secs]
53.149: [GC (Allocation Failure) 349770K->435K(1048512K), 0.0002060 secs]
53.303: [GC (Allocation Failure) 349770K->435K(1048512K), 0.0002180 secs]
53.492: [GC (Allocation Failure) 349770K->435K(1048512K), 0.0002170 secs]
53.661: [GC (Allocation Failure) 349770K->435K(1048512K), 0.0002220 secs]
53.814: [GC (Allocation Failure) 349770K->435K(1048512K), 0.0002060 secs]
54.004: [GC (Allocation Failure) 349770K->435K(1048512K), 0.0002090 secs]
54.154: [GC (Allocation Failure) 349770K->435K(1048512K), 0.0002060 secs]
54.354: [GC (Allocation Failure) 349770K->435K(1048512K), 0.0002140 secs]
54.504: [GC (Allocation Failure) 349770K->435K(1048512K), 0.0002170 secs]
54.663: [GC (Allocation Failure) 349770K->435K(1048512K), 0.0002870 secs]
54.814: [GC (Allocation Failure) 349770K->435K(1048512K), 0.0002080 secs]
54.991: [GC (Allocation Failure) 349770K->435K(1048512K), 0.0002150 secs]
55.141: [GC (Allocation Failure) 349770K->435K(1048512K), 0.0002010 secs]
55.303: [GC (Allocation Failure) 349770K->435K(1048512K), 0.0002220 secs]
55.453: [GC (Allocation Failure) 349770K->435K(1048512K), 0.0002060 secs]
55.654: [GC (Allocation Failure) 349770K->435K(1048512K), 0.0002070 secs]
55.802: [GC (Allocation Failure) 349770K->435K(1048512K), 0.0002250 secs]
56.004: [GC (Allocation Failure) 349770K->435K(1048512K), 0.0002240 secs]
56.155: [GC (Allocation Failure) 349770K->435K(1048512K), 0.0002010 secs]
56.304: [GC (Allocation Failure) 349770K->435K(1048512K), 0.0002040 secs]
56.491: [GC (Allocation Failure) 349770K->435K(1048512K), 0.0002080 secs]
56.655: [GC (Allocation Failure) 349770K->435K(1048512K), 0.0002060 secs]
56.804: [GC (Allocation Failure) 349770K->435K(1048512K), 0.0002790 secs]
57.105: [GC (Allocation Failure) 349770K->435K(1048512K), 0.0002180 secs]
57.256: [GC (Allocation Failure) 349770K->435K(1048512K), 0.0002170 secs]
57.433: [GC (Allocation Failure) 349770K->435K(1048512K), 0.0002100 secs]
57.625: [GC (Allocation Failure) 349770K->435K(1048512K), 0.0003050 secs]
57.791: [GC (Allocation Failure) 349770K->435K(1048512K), 0.0002160 secs]
57.941: [GC (Allocation Failure) 349770K->435K(1048512K), 0.0002070 secs]
58.094: [GC (Allocation Failure) 349770K->435K(1048512K), 0.0002150 secs]
58.244: [GC (Allocation Failure) 349770K->435K(1048512K), 0.0002050 secs]
58.399: [GC (Allocation Failure) 349770K->435K(1048512K), 0.0002160 secs]
58.548: [GC (Allocation Failure) 349770K->435K(1048512K), 0.0002070 secs]
58.808: [GC (Allocation Failure) 349770K->435K(1048512K), 0.0002070 secs]
58.993: [GC (Allocation Failure) 349770K->435K(1048512K), 0.0002060 secs]
59.158: [GC (Allocation Failure) 349770K->435K(1048512K), 0.0002260 secs]
59.310: [GC (Allocation Failure) 349770K->435K(1048512K), 0.0002170 secs]
59.459: [GC (Allocation Failure) 349770K->435K(1048512K), 0.0002030 secs]
59.610: [GC (Allocation Failure) 349770K->435K(1048512K), 0.0002040 secs]
59.759: [GC (Allocation Failure) 349770K->435K(1048512K), 0.0002180 secs]
59.911: [GC (Allocation Failure) 349770K->435K(1048512K), 0.0002010 secs]
60.095: [GC (Allocation Failure) 349770K->435K(1048512K), 0.0002200 secs]
60.248: [GC (Allocation Failure) 349770K->435K(1048512K), 0.0002030 secs]
60.412: [GC (Allocation Failure) 349770K->435K(1048512K), 0.0002080 secs]
60.561: [GC (Allocation Failure) 349770K->435K(1048512K), 0.0002070 secs]
60.862: [GC (Allocation Failure) 349770K->435K(1048512K), 0.0002090 secs]
61.112: [GC (Allocation Failure) 349770K->435K(1048512K), 0.0002170 secs]
61.263: [GC (Allocation Failure) 349770K->435K(1048512K), 0.0002030 secs]
61.440: [GC (Allocation Failure) 349770K->435K(1048512K), 0.0002060 secs]
61.589: [GC (Allocation Failure) 349770K->435K(1048512K), 0.0002040 secs]
61.813: [GC (Allocation Failure) 349770K->435K(1048512K), 0.0002080 secs]
62.020: [GC (Allocation Failure) 349770K->435K(1048512K), 0.0002170 secs]
62.169: [GC (Allocation Failure) 349770K->435K(1048512K), 0.0002180 secs]
62.322: [GC (Allocation Failure) 349770K->435K(1048512K), 0.0002860 secs]
62.473: [GC (Allocation Failure) 349770K->435K(1048512K), 0.0002070 secs]
62.626: [GC (Allocation Failure) 349770K->435K(1048512K), 0.0004290 secs]
62.788: [GC (Allocation Failure) 349770K->435K(1048512K), 0.0002160 secs]
62.936: [GC (Allocation Failure) 349770K->435K(1048512K), 0.0002070 secs]
63.165: [GC (Allocation Failure) 349770K->435K(1048512K), 0.0002080 secs]
63.400: [GC (Allocation Failure) 349770K->435K(1048512K), 0.0002060 secs]
63.571: [GC (Allocation Failure) 349770K->435K(1048512K), 0.0002130 secs]
63.721: [GC (Allocation Failure) 349770K->435K(1048512K), 0.0002820 secs]
64.021: [GC (Allocation Failure) 349770K->435K(1048512K), 0.0002170 secs]
64.171: [GC (Allocation Failure) 349770K->435K(1048512K), 0.0002150 secs]
64.324: [GC (Allocation Failure) 349770K->435K(1048512K), 0.0002160 secs]
64.475: [GC (Allocation Failure) 349770K->435K(1048512K), 0.0002040 secs]
64.628: [GC (Allocation Failure) 349770K->435K(1048512K), 0.0002260 secs]
64.873: [GC (Allocation Failure) 349770K->435K(1048512K), 0.0002150 secs]
65.022: [GC (Allocation Failure) 349770K->435K(1048512K), 0.0002890 secs]
65.223: [GC (Allocation Failure) 349770K->435K(1048512K), 0.0002140 secs]
65.374: [GC (Allocation Failure) 349770K->435K(1048512K), 0.0002170 secs]
65.528: [GC (Allocation Failure) 349770K->435K(1048512K), 0.0002170 secs]
65.679: [GC (Allocation Failure) 349770K->435K(1048512K), 0.0002180 secs]
65.832: [GC (Allocation Failure) 349770K->435K(1048512K), 0.0002760 secs]
65.981: [GC (Allocation Failure) 349770K->435K(1048512K), 0.0002070 secs]
66.172: [GC (Allocation Failure) 349770K->435K(1048512K), 0.0002030 secs]
66.321: [GC (Allocation Failure) 349770K->435K(1048512K), 0.0002740 secs]
66.572: [GC (Allocation Failure) 349770K->435K(1048512K), 0.0002070 secs]
66.773: [GC (Allocation Failure) 349770K->435K(1048512K), 0.0002050 secs]
66.921: [GC (Allocation Failure) 349770K->435K(1048512K), 0.0002050 secs]
67.071: [GC (Allocation Failure) 349770K->435K(1048512K), 0.0002010 secs]
67.274: [GC (Allocation Failure) 349770K->435K(1048512K), 0.0002780 secs]
67.441: [GC (Allocation Failure) 349770K->435K(1048512K), 0.0002260 secs]
67.591: [GC (Allocation Failure) 349770K->435K(1048512K), 0.0002190 secs]
67.751: [GC (Allocation Failure) 349770K->435K(1048512K), 0.0004090 secs]
67.912: [GC (Allocation Failure) 349770K->435K(1048512K), 0.0002150 secs]
68.062: [GC (Allocation Failure) 349770K->435K(1048512K), 0.0002090 secs]
68.278: [GC (Allocation Failure) 349770K->435K(1048512K), 0.0002080 secs]
68.428: [GC (Allocation Failure) 349770K->435K(1048512K), 0.0002060 secs]
68.606: [GC (Allocation Failure) 349770K->435K(1048512K), 0.0002180 secs]
68.759: [GC (Allocation Failure) 349770K->435K(1048512K), 0.0002010 secs]
68.924: [GC (Allocation Failure) 349770K->435K(1048512K), 0.0002180 secs]
69.075: [GC (Allocation Failure) 349770K->435K(1048512K), 0.0002050 secs]
69.234: [GC (Allocation Failure) 349770K->435K(1048512K), 0.0002200 secs]
69.388: [GC (Allocation Failure) 349770K->435K(1048512K), 0.0002150 secs]
69.580: [GC (Allocation Failure) 349770K->435K(1048512K), 0.0002060 secs]
69.729: [GC (Allocation Failure) 349770K->435K(1048512K), 0.0002160 secs]
69.881: [GC (Allocation Failure) 349770K->435K(1048512K), 0.0002120 secs]
70.079: [GC (Allocation Failure) 349770K->435K(1048512K), 0.0002180 secs]
70.232: [GC (Allocation Failure) 349770K->435K(1048512K), 0.0002020 secs]
70.382: [GC (Allocation Failure) 349770K->435K(1048512K), 0.0002150 secs]
70.532: [GC (Allocation Failure) 349770K->435K(1048512K), 0.0002020 secs]
70.682: [GC (Allocation Failure) 349770K->435K(1048512K), 0.0002210 secs]
70.836: [GC (Allocation Failure) 349770K->435K(1048512K), 0.0002030 secs]
70.986: [GC (Allocation Failure) 349770K->435K(1048512K), 0.0002060 secs]
71.160: [GC (Allocation Failure) 349770K->435K(1048512K), 0.0002080 secs]
71.419: [GC (Allocation Failure) 349770K->435K(1048512K), 0.0002170 secs]
71.573: [GC (Allocation Failure) 349770K->435K(1048512K), 0.0002020 secs]
71.784: [GC (Allocation Failure) 349770K->435K(1048512K), 0.0002180 secs]
71.933: [GC (Allocation Failure) 349770K->435K(1048512K), 0.0002140 secs]
72.109: [GC (Allocation Failure) 349770K->435K(1048512K), 0.0002090 secs]
72.285: [GC (Allocation Failure) 349770K->435K(1048512K), 0.0002030 secs]
72.434: [GC (Allocation Failure) 349770K->435K(1048512K), 0.0002070 secs]
72.623: [GC (Allocation Failure) 349770K->435K(1048512K), 0.0002070 secs]
72.831: [GC (Allocation Failure) 349770K->435K(1048512K), 0.0002170 secs]
72.980: [GC (Allocation Failure) 349770K->435K(1048512K), 0.0002080 secs]
73.134: [GC (Allocation Failure) 349770K->435K(1048512K), 0.0002150 secs]
73.285: [GC (Allocation Failure) 349770K->435K(1048512K), 0.0002130 secs]
73.449: [GC (Allocation Failure) 349770K->435K(1048512K), 0.0002190 secs]
73.602: [GC (Allocation Failure) 349770K->435K(1048512K), 0.0002060 secs]
73.788: [GC (Allocation Failure) 349770K->435K(1048512K), 0.0002170 secs]
73.937: [GC (Allocation Failure) 349770K->435K(1048512K), 0.0002050 secs]
74.088: [GC (Allocation Failure) 349770K->435K(1048512K), 0.0002040 secs]
74.339: [GC (Allocation Failure) 349770K->435K(1048512K), 0.0002180 secs]
74.489: [GC (Allocation Failure) 349770K->435K(1048512K), 0.0002050 secs]
74.642: [GC (Allocation Failure) 349770K->435K(1048512K), 0.0002130 secs]
74.888: [GC (Allocation Failure) 349770K->435K(1048512K), 0.0002290 secs]
75.040: [GC (Allocation Failure) 349770K->435K(1048512K), 0.0002010 secs]
75.229: [GC (Allocation Failure) 349770K->435K(1048512K), 0.0002090 secs]
75.379: [GC (Allocation Failure) 349770K->435K(1048512K), 0.0002060 secs]
75.541: [GC (Allocation Failure) 349770K->435K(1048512K), 0.0002040 secs]
75.690: [GC (Allocation Failure) 349770K->435K(1048512K), 0.0002160 secs]
75.892: [GC (Allocation Failure) 349770K->435K(1048512K), 0.0002060 secs]
76.040: [GC (Allocation Failure) 349770K->435K(1048512K), 0.0002180 secs]
76.223: [GC (Allocation Failure) 349770K->435K(1048512K), 0.0002170 secs]
76.378: [GC (Allocation Failure) 349770K->435K(1048512K), 0.0002110 secs]
76.527: [GC (Allocation Failure) 349770K->435K(1048512K), 0.0002060 secs]
76.693: [GC (Allocation Failure) 349770K->435K(1048512K), 0.0002040 secs]
76.843: [GC (Allocation Failure) 349770K->435K(1048512K), 0.0002070 secs]
77.024: [GC (Allocation Failure) 349770K->435K(1048512K), 0.0002320 secs]
77.177: [GC (Allocation Failure) 349770K->435K(1048512K), 0.0002150 secs]
77.343: [GC (Allocation Failure) 349770K->435K(1048512K), 0.0002050 secs]
77.494: [GC (Allocation Failure) 349770K->435K(1048512K), 0.0002130 secs]
77.727: [GC (Allocation Failure) 349770K->435K(1048512K), 0.0002210 secs]
77.876: [GC (Allocation Failure) 349770K->435K(1048512K), 0.0002780 secs]
78.030: [GC (Allocation Failure) 349770K->435K(1048512K), 0.0002190 secs]
78.194: [GC (Allocation Failure) 349770K->435K(1048512K), 0.0002300 secs]
78.394: [GC (Allocation Failure) 349770K->435K(1048512K), 0.0002040 secs]
78.624: [GC (Allocation Failure) 349770K->435K(1048512K), 0.0002030 secs]
78.796: [GC (Allocation Failure) 349770K->435K(1048512K), 0.0002200 secs]
78.947: [GC (Allocation Failure) 349770K->435K(1048512K), 0.0002030 secs]
79.159: [GC (Allocation Failure) 349770K->435K(1048512K), 0.0002790 secs]
79.330: [GC (Allocation Failure) 349770K->435K(1048512K), 0.0002200 secs]
79.483: [GC (Allocation Failure) 349770K->435K(1048512K), 0.0002150 secs]
79.648: [GC (Allocation Failure) 349770K->435K(1048512K), 0.0002020 secs]
79.797: [GC (Allocation Failure) 349770K->435K(1048512K), 0.0002060 secs]
80.026: [GC (Allocation Failure) 349770K->435K(1048512K), 0.0002210 secs]
80.179: [GC (Allocation Failure) 349770K->435K(1048512K), 0.0002760 secs]
80.328: [GC (Allocation Failure) 349770K->435K(1048512K), 0.0002180 secs]
80.482: [GC (Allocation Failure) 349770K->435K(1048512K), 0.0002170 secs]
80.660: [GC (Allocation Failure) 349770K->435K(1048512K), 0.0002810 secs]
80.888: [GC (Allocation Failure) 349770K->435K(1048512K), 0.0002290 secs]
81.041: [GC (Allocation Failure) 349770K->435K(1048512K), 0.0002030 secs]
81.192: [GC (Allocation Failure) 349770K->435K(1048512K), 0.0002180 secs]
81.346: [GC (Allocation Failure) 349770K->435K(1048512K), 0.0002140 secs]
81.495: [GC (Allocation Failure) 349770K->435K(1048512K), 0.0002040 secs]
81.651: [GC (Allocation Failure) 349770K->435K(1048512K), 0.0002180 secs]
81.802: [GC (Allocation Failure) 349770K->435K(1048512K), 0.0002010 secs]
82.028: [GC (Allocation Failure) 349770K->435K(1048512K), 0.0002200 secs]
82.181: [GC (Allocation Failure) 349770K->435K(1048512K), 0.0002020 secs]
82.331: [GC (Allocation Failure) 349770K->435K(1048512K), 0.0002160 secs]
82.485: [GC (Allocation Failure) 349770K->435K(1048512K), 0.0002180 secs]
82.703: [GC (Allocation Failure) 349770K->435K(1048512K), 0.0002180 secs]
82.853: [GC (Allocation Failure) 349770K->435K(1048512K), 0.0002130 secs]
83.027: [GC (Allocation Failure) 349770K->435K(1048512K), 0.0003250 secs]
83.177: [GC (Allocation Failure) 349770K->435K(1048512K), 0.0002090 secs]
83.354: [GC (Allocation Failure) 349770K->435K(1048512K), 0.0001980 secs]
83.553: [GC (Allocation Failure) 349770K->435K(1048512K), 0.0002160 secs]
83.705: [GC (Allocation Failure) 349770K->435K(1048512K), 0.0002070 secs]
83.853: [GC (Allocation Failure) 349770K->435K(1048512K), 0.0002060 secs]
84.005: [GC (Allocation Failure) 349770K->435K(1048512K), 0.0002070 secs]
84.205: [GC (Allocation Failure) 349770K->435K(1048512K), 0.0002190 secs]
84.356: [GC (Allocation Failure) 349770K->435K(1048512K), 0.0002060 secs]
84.505: [GC (Allocation Failure) 349770K->435K(1048512K), 0.0002170 secs]
84.656: [GC (Allocation Failure) 349770K->435K(1048512K), 0.0002010 secs]
84.807: [GC (Allocation Failure) 349770K->435K(1048512K), 0.0002150 secs]
84.960: [GC (Allocation Failure) 349770K->435K(1048512K), 0.0002020 secs]
85.109: [GC (Allocation Failure) 349770K->435K(1048512K), 0.0002160 secs]
85.263: [GC (Allocation Failure) 349770K->435K(1048512K), 0.0002150 secs]
85.414: [GC (Allocation Failure) 349770K->435K(1048512K), 0.0002060 secs]
85.608: [GC (Allocation Failure) 349770K->435K(1048512K), 0.0002070 secs]
85.757: [GC (Allocation Failure) 349770K->435K(1048512K), 0.0002040 secs]
85.958: [GC (Allocation Failure) 349770K->435K(1048512K), 0.0002170 secs]
86.109: [GC (Allocation Failure) 349770K->435K(1048512K), 0.0002040 secs]
86.409: [GC (Allocation Failure) 349770K->435K(1048512K), 0.0002200 secs]
86.560: [GC (Allocation Failure) 349770K->435K(1048512K), 0.0002030 secs]
86.709: [GC (Allocation Failure) 349770K->435K(1048512K), 0.0002050 secs]
87.008: [GC (Allocation Failure) 349770K->435K(1048512K), 0.0002000 secs]
87.229: [GC (Allocation Failure) 349770K->435K(1048512K), 0.0002300 secs]
87.381: [GC (Allocation Failure) 349770K->435K(1048512K), 0.0002050 secs]
87.543: [GC (Allocation Failure) 349770K->435K(1048512K), 0.0002270 secs]
87.719: [GC (Allocation Failure) 349770K->435K(1048512K), 0.0002080 secs]
87.910: [GC (Allocation Failure) 349770K->435K(1048512K), 0.0002180 secs]
88.062: [GC (Allocation Failure) 349770K->435K(1048512K), 0.0004110 secs]
88.212: [GC (Allocation Failure) 349770K->435K(1048512K), 0.0002050 secs]
88.418: [GC (Allocation Failure) 349770K->435K(1048512K), 0.0002280 secs]
88.567: [GC (Allocation Failure) 349770K->435K(1048512K), 0.0002080 secs]
88.767: [GC (Allocation Failure) 349770K->435K(1048512K), 0.0002890 secs]
88.917: [GC (Allocation Failure) 349770K->435K(1048512K), 0.0002100 secs]
89.114: [GC (Allocation Failure) 349770K->435K(1048512K), 0.0002210 secs]
89.263: [GC (Allocation Failure) 349770K->435K(1048512K), 0.0002050 secs]
89.421: [GC (Allocation Failure) 349770K->435K(1048512K), 0.0002060 secs]
89.619: [GC (Allocation Failure) 349770K->435K(1048512K), 0.0002160 secs]
89.768: [GC (Allocation Failure) 349770K->435K(1048512K), 0.0002070 secs]
89.965: [GC (Allocation Failure) 349770K->435K(1048512K), 0.0002050 secs]
90.115: [GC (Allocation Failure) 349770K->435K(1048512K), 0.0002230 secs]
90.266: [GC (Allocation Failure) 349770K->435K(1048512K), 0.0002030 secs]
90.416: [GC (Allocation Failure) 349770K->435K(1048512K), 0.0002080 secs]
90.617: [GC (Allocation Failure) 349770K->435K(1048512K), 0.0002010 secs]
90.766: [GC (Allocation Failure) 349770K->435K(1048512K), 0.0002040 secs]
90.942: [GC (Allocation Failure) 349770K->435K(1048512K), 0.0002180 secs]
91.092: [GC (Allocation Failure) 349770K->435K(1048512K), 0.0002070 secs]
91.323: [GC (Allocation Failure) 349770K->435K(1048512K), 0.0002170 secs]
91.472: [GC (Allocation Failure) 349770K->435K(1048512K), 0.0002750 secs]
91.623: [GC (Allocation Failure) 349770K->435K(1048512K), 0.0002030 secs]
91.824: [GC (Allocation Failure) 349770K->435K(1048512K), 0.0002170 secs]
91.977: [GC (Allocation Failure) 349770K->435K(1048512K), 0.0002140 secs]
92.136: [GC (Allocation Failure) 349770K->435K(1048512K), 0.0002180 secs]
92.288: [GC (Allocation Failure) 349770K->435K(1048512K), 0.0002770 secs]
92.439: [GC (Allocation Failure) 349770K->435K(1048512K), 0.0002080 secs]
92.619: [GC (Allocation Failure) 349770K->435K(1048512K), 0.0002170 secs]
92.770: [GC (Allocation Failure) 349770K->435K(1048512K), 0.0002120 secs]
92.920: [GC (Allocation Failure) 349770K->435K(1048512K), 0.0002180 secs]
93.071: [GC (Allocation Failure) 349770K->435K(1048512K), 0.0002760 secs]
93.221: [GC (Allocation Failure) 349770K->435K(1048512K), 0.0002060 secs]
93.420: [GC (Allocation Failure) 349770K->435K(1048512K), 0.0002090 secs]
93.625: [GC (Allocation Failure) 349770K->435K(1048512K), 0.0002160 secs]
93.774: [GC (Allocation Failure) 349770K->435K(1048512K), 0.0002280 secs]
93.927: [GC (Allocation Failure) 349770K->435K(1048512K), 0.0002240 secs]
94.164: [GC (Allocation Failure) 349770K->435K(1048512K), 0.0002160 secs]
94.313: [GC (Allocation Failure) 349770K->435K(1048512K), 0.0002190 secs]
94.469: [GC (Allocation Failure) 349770K->435K(1048512K), 0.0002060 secs]
94.618: [GC (Allocation Failure) 349770K->435K(1048512K), 0.0002190 secs]
94.771: [GC (Allocation Failure) 349770K->435K(1048512K), 0.0002140 secs]
94.922: [GC (Allocation Failure) 349770K->435K(1048512K), 0.0002070 secs]
95.125: [GC (Allocation Failure) 349770K->435K(1048512K), 0.0002180 secs]
95.274: [GC (Allocation Failure) 349770K->435K(1048512K), 0.0002860 secs]
95.444: [GC (Allocation Failure) 349770K->435K(1048512K), 0.0002060 secs]
95.626: [GC (Allocation Failure) 349770K->435K(1048512K), 0.0002040 secs]
95.924: [GC (Allocation Failure) 349770K->435K(1048512K), 0.0002200 secs]
96.076: [GC (Allocation Failure) 349770K->435K(1048512K), 0.0002050 secs]
96.225: [GC (Allocation Failure) 349770K->435K(1048512K), 0.0002170 secs]
96.377: [GC (Allocation Failure) 349770K->435K(1048512K), 0.0002120 secs]
96.527: [GC (Allocation Failure) 349770K->435K(1048512K), 0.0002070 secs]
96.718: [GC (Allocation Failure) 349770K->435K(1048512K), 0.0002170 secs]
96.872: [GC (Allocation Failure) 349770K->435K(1048512K), 0.0002060 secs]
97.023: [GC (Allocation Failure) 349770K->435K(1048512K), 0.0002190 secs]
97.176: [GC (Allocation Failure) 349770K->435K(1048512K), 0.0002040 secs]
97.329: [GC (Allocation Failure) 349770K->435K(1048512K), 0.0002170 secs]
97.493: [GC (Allocation Failure) 349770K->435K(1048512K), 0.0002140 secs]
97.642: [GC (Allocation Failure) 349770K->435K(1048512K), 0.0002050 secs]
97.832: [GC (Allocation Failure) 349770K->435K(1048512K), 0.0002060 secs]
98.030: [GC (Allocation Failure) 349770K->435K(1048512K), 0.0002050 secs]
98.180: [GC (Allocation Failure) 349770K->435K(1048512K), 0.0003560 secs]
98.330: [GC (Allocation Failure) 349770K->435K(1048512K), 0.0002970 secs]
98.480: [GC (Allocation Failure) 349770K->435K(1048512K), 0.0002180 secs]
98.645: [GC (Allocation Failure) 349770K->435K(1048512K), 0.0002160 secs]
98.795: [GC (Allocation Failure) 349770K->435K(1048512K), 0.0002050 secs]
99.027: [GC (Allocation Failure) 349770K->435K(1048512K), 0.0002230 secs]
99.176: [GC (Allocation Failure) 349770K->435K(1048512K), 0.0002180 secs]
99.335: [GC (Allocation Failure) 349770K->435K(1048512K), 0.0002100 secs]
99.496: [GC (Allocation Failure) 349770K->435K(1048512K), 0.0002260 secs]
99.647: [GC (Allocation Failure) 349770K->435K(1048512K), 0.0002070 secs]
99.800: [GC (Allocation Failure) 349770K->435K(1048512K), 0.0002040 secs]
99.950: [GC (Allocation Failure) 349770K->435K(1048512K), 0.0002180 secs]
100.159: [GC (Allocation Failure) 349770K->435K(1048512K), 0.0002040 secs]
100.334: [GC (Allocation Failure) 349770K->435K(1048512K), 0.0002180 secs]
100.484: [GC (Allocation Failure) 349770K->435K(1048512K), 0.0002060 secs]
100.635: [GC (Allocation Failure) 349770K->435K(1048512K), 0.0002030 secs]
100.784: [GC (Allocation Failure) 349770K->435K(1048512K), 0.0002050 secs]
100.948: [GC (Allocation Failure) 349770K->435K(1048512K), 0.0002190 secs]
101.097: [GC (Allocation Failure) 349770K->435K(1048512K), 0.0002160 secs]
101.389: [GC (Allocation Failure) 349770K->435K(1048512K), 0.0002220 secs]
101.538: [GC (Allocation Failure) 349770K->435K(1048512K), 0.0002170 secs]
101.744: [GC (Allocation Failure) 349770K->435K(1048512K), 0.0002250 secs]
101.893: [GC (Allocation Failure) 349770K->435K(1048512K), 0.0002070 secs]
102.047: [GC (Allocation Failure) 349770K->435K(1048512K), 0.0002280 secs]
102.228: [GC (Allocation Failure) 349770K->435K(1048512K), 0.0002200 secs]
102.378: [GC (Allocation Failure) 349770K->435K(1048512K), 0.0002070 secs]
102.591: [GC (Allocation Failure) 349770K->435K(1048512K), 0.0002150 secs]
102.741: [GC (Allocation Failure) 349770K->435K(1048512K), 0.0002190 secs]
102.895: [GC (Allocation Failure) 349770K->435K(1048512K), 0.0002140 secs]
103.045: [GC (Allocation Failure) 349770K->435K(1048512K), 0.0002060 secs]
103.229: [GC (Allocation Failure) 349770K->435K(1048512K), 0.0003310 secs]
103.380: [GC (Allocation Failure) 349770K->435K(1048512K), 0.0002080 secs]
103.540: [GC (Allocation Failure) 349770K->435K(1048512K), 0.0002090 secs]
103.689: [GC (Allocation Failure) 349770K->435K(1048512K), 0.0002060 secs]
103.989: [GC (Allocation Failure) 349770K->435K(1048512K), 0.0002170 secs]
104.141: [GC (Allocation Failure) 349770K->435K(1048512K), 0.0002040 secs]
104.341: [GC (Allocation Failure) 349770K->435K(1048512K), 0.0002180 secs]
104.546: [GC (Allocation Failure) 349770K->435K(1048512K), 0.0002920 secs]
104.695: [GC (Allocation Failure) 349770K->435K(1048512K), 0.0002200 secs]
104.848: [GC (Allocation Failure) 349770K->435K(1048512K), 0.0002170 secs]
105.024: [GC (Allocation Failure) 349770K->435K(1048512K), 0.0002190 secs]
105.177: [GC (Allocation Failure) 349770K->435K(1048512K), 0.0002000 secs]
105.357: [GC (Allocation Failure) 349770K->435K(1048512K), 0.0002210 secs]
105.507: [GC (Allocation Failure) 349770K->435K(1048512K), 0.0002030 secs]
105.698: [GC (Allocation Failure) 349770K->435K(1048512K), 0.0002250 secs]
105.848: [GC (Allocation Failure) 349770K->435K(1048512K), 0.0002070 secs]
106.044: [GC (Allocation Failure) 349770K->435K(1048512K), 0.0002040 secs]
106.193: [GC (Allocation Failure) 349770K->435K(1048512K), 0.0002050 secs]
106.394: [GC (Allocation Failure) 349770K->435K(1048512K), 0.0002170 secs]
106.549: [GC (Allocation Failure) 349770K->435K(1048512K), 0.0002140 secs]
106.829: [GC (Allocation Failure) 349770K->435K(1048512K), 0.0002160 secs]
106.978: [GC (Allocation Failure) 349770K->435K(1048512K), 0.0002060 secs]
107.159: [GC (Allocation Failure) 349770K->435K(1048512K), 0.0002070 secs]
107.421: [GC (Allocation Failure) 349770K->435K(1048512K), 0.0002190 secs]
107.574: [GC (Allocation Failure) 349770K->435K(1048512K), 0.0002150 secs]
107.725: [GC (Allocation Failure) 349770K->435K(1048512K), 0.0002180 secs]
107.886: [GC (Allocation Failure) 349770K->435K(1048512K), 0.0002190 secs]
108.036: [GC (Allocation Failure) 349770K->435K(1048512K), 0.0002190 secs]
108.189: [GC (Allocation Failure) 349770K->435K(1048512K), 0.0002140 secs]
108.397: [GC (Allocation Failure) 349770K->435K(1048512K), 0.0002090 secs]
108.601: [GC (Allocation Failure) 349770K->435K(1048512K), 0.0002130 secs]
108.751: [GC (Allocation Failure) 349770K->435K(1048512K), 0.0002280 secs]
108.907: [GC (Allocation Failure) 349770K->435K(1048512K), 0.0002050 secs]
109.056: [GC (Allocation Failure) 349770K->435K(1048512K), 0.0002060 secs]
109.224: [GC (Allocation Failure) 349770K->435K(1048512K), 0.0002080 secs]
109.393: [GC (Allocation Failure) 349770K->435K(1048512K), 0.0002070 secs]
109.550: [GC (Allocation Failure) 349770K->435K(1048512K), 0.0002160 secs]
109.699: [GC (Allocation Failure) 349770K->435K(1048512K), 0.0002060 secs]
109.901: [GC (Allocation Failure) 349770K->435K(1048512K), 0.0002060 secs]
110.050: [GC (Allocation Failure) 349770K->435K(1048512K), 0.0002080 secs]
110.256: [GC (Allocation Failure) 349770K->435K(1048512K), 0.0002060 secs]
110.425: [GC (Allocation Failure) 349770K->435K(1048512K), 0.0002090 secs]
110.577: [GC (Allocation Failure) 349770K->435K(1048512K), 0.0002060 secs]
110.727: [GC (Allocation Failure) 349770K->435K(1048512K), 0.0002160 secs]
110.879: [GC (Allocation Failure) 349770K->435K(1048512K), 0.0002130 secs]
111.051: [GC (Allocation Failure) 349770K->435K(1048512K), 0.0002170 secs]
111.203: [GC (Allocation Failure) 349770K->435K(1048512K), 0.0002020 secs]
111.363: [GC (Allocation Failure) 349770K->435K(1048512K), 0.0002090 secs]
111.511: [GC (Allocation Failure) 349770K->435K(1048512K), 0.0002180 secs]
111.665: [GC (Allocation Failure) 349770K->435K(1048512K), 0.0002170 secs]
111.854: [GC (Allocation Failure) 349770K->435K(1048512K), 0.0002090 secs]
112.003: [GC (Allocation Failure) 349770K->435K(1048512K), 0.0002150 secs]
112.205: [GC (Allocation Failure) 349770K->435K(1048512K), 0.0002000 secs]
112.354: [GC (Allocation Failure) 349770K->435K(1048512K), 0.0002770 secs]
112.561: [GC (Allocation Failure) 349770K->435K(1048512K), 0.0002090 secs]
112.754: [GC (Allocation Failure) 349770K->435K(1048512K), 0.0002170 secs]
112.906: [GC (Allocation Failure) 349770K->435K(1048512K), 0.0002160 secs]
113.160: [GC (Allocation Failure) 349770K->435K(1048512K), 0.0002070 secs]
113.357: [GC (Allocation Failure) 349770K->435K(1048512K), 0.0002270 secs]
113.510: [GC (Allocation Failure) 349770K->435K(1048512K), 0.0004340 secs]
113.692: [GC (Allocation Failure) 349770K->435K(1048512K), 0.0002060 secs]
113.861: [GC (Allocation Failure) 349770K->435K(1048512K), 0.0002250 secs]
114.010: [GC (Allocation Failure) 349770K->435K(1048512K), 0.0002750 secs]
114.208: [GC (Allocation Failure) 349770K->435K(1048512K), 0.0002180 secs]
114.357: [GC (Allocation Failure) 349770K->435K(1048512K), 0.0002070 secs]
114.628: [GC (Allocation Failure) 349770K->435K(1048512K), 0.0002140 secs]
114.777: [GC (Allocation Failure) 349770K->435K(1048512K), 0.0002180 secs]
114.932: [GC (Allocation Failure) 349770K->435K(1048512K), 0.0002040 secs]
115.081: [GC (Allocation Failure) 349770K->435K(1048512K), 0.0002160 secs]
115.234: [GC (Allocation Failure) 349770K->435K(1048512K), 0.0002130 secs]
115.409: [GC (Allocation Failure) 349770K->435K(1048512K), 0.0002110 secs]
115.558: [GC (Allocation Failure) 349770K->435K(1048512K), 0.0002190 secs]
115.710: [GC (Allocation Failure) 349770K->435K(1048512K), 0.0002050 secs]
115.909: [GC (Allocation Failure) 349770K->435K(1048512K), 0.0002780 secs]
116.116: [GC (Allocation Failure) 349770K->435K(1048512K), 0.0002040 secs]
116.265: [GC (Allocation Failure) 349770K->435K(1048512K), 0.0002080 secs]
116.418: [GC (Allocation Failure) 349770K->435K(1048512K), 0.0001870 secs]
116.587: [GC (Allocation Failure) 349770K->435K(1048512K), 0.0002200 secs]
116.739: [GC (Allocation Failure) 349770K->435K(1048512K), 0.0002000 secs]
116.888: [GC (Allocation Failure) 349770K->435K(1048512K), 0.0002060 secs]
117.063: [GC (Allocation Failure) 349770K->435K(1048512K), 0.0002200 secs]
117.212: [GC (Allocation Failure) 349770K->435K(1048512K), 0.0002050 secs]
117.364: [GC (Allocation Failure) 349770K->435K(1048512K), 0.0002150 secs]
117.563: [GC (Allocation Failure) 349770K->435K(1048512K), 0.0002050 secs]
117.778: [GC (Allocation Failure) 349770K->435K(1048512K), 0.0002180 secs]
117.927: [GC (Allocation Failure) 349770K->435K(1048512K), 0.0002790 secs]
118.115: [GC (Allocation Failure) 349770K->435K(1048512K), 0.0002070 secs]
118.264: [GC (Allocation Failure) 349770K->435K(1048512K), 0.0002180 secs]
118.415: [GC (Allocation Failure) 349770K->435K(1048512K), 0.0002010 secs]
118.568: [GC (Allocation Failure) 349770K->435K(1048512K), 0.0003030 secs]
118.725: [GC (Allocation Failure) 349770K->435K(1048512K), 0.0002820 secs]
118.970: [GC (Allocation Failure) 349770K->435K(1048512K), 0.0002150 secs]
119.119: [GC (Allocation Failure) 349770K->435K(1048512K), 0.0002780 secs]
119.321: [GC (Allocation Failure) 349770K->435K(1048512K), 0.0002160 secs]
119.471: [GC (Allocation Failure) 349770K->435K(1048512K), 0.0002150 secs]
119.623: [GC (Allocation Failure) 349770K->435K(1048512K), 0.0001900 secs]
119.818: [GC (Allocation Failure) 349770K->435K(1048512K), 0.0002150 secs]
119.967: [GC (Allocation Failure) 349770K->435K(1048512K), 0.0002050 secs]
120.169: [GC (Allocation Failure) 349770K->435K(1048512K), 0.0002070 secs]
120.419: [GC (Allocation Failure) 349770K->435K(1048512K), 0.0002790 secs]
120.568: [GC (Allocation Failure) 349770K->435K(1048512K), 0.0002060 secs]
120.768: [GC (Allocation Failure) 349770K->435K(1048512K), 0.0002180 secs]
120.920: [GC (Allocation Failure) 349770K->435K(1048512K), 0.0002150 secs]
121.068: [GC (Allocation Failure) 349770K->435K(1048512K), 0.0002170 secs]
121.220: [GC (Allocation Failure) 349770K->435K(1048512K), 0.0002130 secs]
121.371: [GC (Allocation Failure) 349770K->435K(1048512K), 0.0002050 secs]
121.524: [GC (Allocation Failure) 349770K->435K(1048512K), 0.0002250 secs]
121.821: [GC (Allocation Failure) 349770K->435K(1048512K), 0.0002020 secs]
121.970: [GC (Allocation Failure) 349770K->435K(1048512K), 0.0002270 secs]
122.172: [GC (Allocation Failure) 349770K->435K(1048512K), 0.0002090 secs]
122.408: [GC (Allocation Failure) 349770K->435K(1048512K), 0.0002170 secs]
122.562: [GC (Allocation Failure) 349770K->435K(1048512K), 0.0002030 secs]
122.773: [GC (Allocation Failure) 349770K->435K(1048512K), 0.0002060 secs]
122.922: [GC (Allocation Failure) 349770K->435K(1048512K), 0.0002190 secs]
123.073: [GC (Allocation Failure) 349770K->435K(1048512K), 0.0002000 secs]
123.279: [GC (Allocation Failure) 349770K->435K(1048512K), 0.0002310 secs]
123.429: [GC (Allocation Failure) 349770K->435K(1048512K), 0.0002210 secs]
123.583: [GC (Allocation Failure) 349770K->435K(1048512K), 0.0004090 secs]
123.741: [GC (Allocation Failure) 349770K->435K(1048512K), 0.0002090 secs]
123.923: [GC (Allocation Failure) 349770K->435K(1048512K), 0.0002060 secs]
124.125: [GC (Allocation Failure) 349770K->435K(1048512K), 0.0002080 secs]
124.274: [GC (Allocation Failure) 349770K->435K(1048512K), 0.0002160 secs]
124.425: [GC (Allocation Failure) 349770K->435K(1048512K), 0.0003860 secs]
124.576: [GC (Allocation Failure) 349770K->435K(1048512K), 0.0002890 secs]
124.774: [GC (Allocation Failure) 349770K->435K(1048512K), 0.0002070 secs]
124.980: [GC (Allocation Failure) 349770K->435K(1048512K), 0.0002170 secs]
125.130: [GC (Allocation Failure) 349770K->435K(1048512K), 0.0002290 secs]
125.284: [GC (Allocation Failure) 349770K->435K(1048512K), 0.0002070 secs]
125.435: [GC (Allocation Failure) 349770K->435K(1048512K), 0.0002050 secs]
125.625: [GC (Allocation Failure) 349770K->435K(1048512K), 0.0002320 secs]
125.778: [GC (Allocation Failure) 349770K->435K(1048512K), 0.0002140 secs]
125.977: [GC (Allocation Failure) 349770K->435K(1048512K), 0.0002190 secs]
126.128: [GC (Allocation Failure) 349770K->435K(1048512K), 0.0002030 secs]
126.329: [GC (Allocation Failure) 349770K->435K(1048512K), 0.0002060 secs]
126.478: [GC (Allocation Failure) 349770K->435K(1048512K), 0.0002170 secs]
126.664: [GC (Allocation Failure) 349770K->435K(1048512K), 0.0002230 secs]
126.814: [GC (Allocation Failure) 349770K->435K(1048512K), 0.0002170 secs]
126.969: [GC (Allocation Failure) 349770K->435K(1048512K), 0.0002160 secs]
127.118: [GC (Allocation Failure) 349770K->435K(1048512K), 0.0002060 secs]
127.331: [GC (Allocation Failure) 349770K->435K(1048512K), 0.0002040 secs]
127.494: [GC (Allocation Failure) 349770K->435K(1048512K), 0.0002160 secs]
127.643: [GC (Allocation Failure) 349770K->435K(1048512K), 0.0002760 secs]
127.836: [GC (Allocation Failure) 349770K->435K(1048512K), 0.0002860 secs]
127.986: [GC (Allocation Failure) 349770K->435K(1048512K), 0.0002200 secs]
128.140: [GC (Allocation Failure) 349770K->435K(1048512K), 0.0002810 secs]
128.289: [GC (Allocation Failure) 349770K->435K(1048512K), 0.0002190 secs]
128.444: [GC (Allocation Failure) 349770K->435K(1048512K), 0.0002240 secs]
128.623: [GC (Allocation Failure) 349770K->435K(1048512K), 0.0002740 secs]
128.781: [GC (Allocation Failure) 349770K->435K(1048512K), 0.0002070 secs]
128.932: [GC (Allocation Failure) 349770K->435K(1048512K), 0.0002060 secs]
129.133: [GC (Allocation Failure) 349770K->435K(1048512K), 0.0002140 secs]
129.339: [GC (Allocation Failure) 349770K->435K(1048512K), 0.0002270 secs]
129.488: [GC (Allocation Failure) 349770K->435K(1048512K), 0.0002040 secs]
129.685: [GC (Allocation Failure) 349770K->435K(1048512K), 0.0002330 secs]
129.834: [GC (Allocation Failure) 349770K->435K(1048512K), 0.0002050 secs]
130.034: [GC (Allocation Failure) 349770K->435K(1048512K), 0.0002040 secs]
130.286: [GC (Allocation Failure) 349770K->435K(1048512K), 0.0002180 secs]
130.437: [GC (Allocation Failure) 349770K->435K(1048512K), 0.0002000 secs]
130.588: [GC (Allocation Failure) 349770K->435K(1048512K), 0.0002160 secs]
130.742: [GC (Allocation Failure) 349770K->435K(1048512K), 0.0002160 secs]
130.892: [GC (Allocation Failure) 349770K->435K(1048512K), 0.0002070 secs]
131.090: [GC (Allocation Failure) 349770K->435K(1048512K), 0.0002600 secs]
131.240: [GC (Allocation Failure) 349770K->435K(1048512K), 0.0002070 secs]
131.395: [GC (Allocation Failure) 349770K->435K(1048512K), 0.0002180 secs]
131.642: [GC (Allocation Failure) 349770K->435K(1048512K), 0.0002000 secs]
131.792: [GC (Allocation Failure) 349770K->435K(1048512K), 0.0002090 secs]
131.992: [GC (Allocation Failure) 349770K->435K(1048512K), 0.0002200 secs]
132.143: [GC (Allocation Failure) 349770K->435K(1048512K), 0.0002100 secs]
132.338: [GC (Allocation Failure) 349770K->435K(1048512K), 0.0002050 secs]
132.540: [GC (Allocation Failure) 349770K->435K(1048512K), 0.0002040 secs]
132.689: [GC (Allocation Failure) 349770K->435K(1048512K), 0.0002070 secs]
132.890: [GC (Allocation Failure) 349770K->435K(1048512K), 0.0002160 secs]
133.040: [GC (Allocation Failure) 349770K->435K(1048512K), 0.0002020 secs]
133.240: [GC (Allocation Failure) 349770K->435K(1048512K), 0.0002040 secs]
133.439: [GC (Allocation Failure) 349770K->435K(1048512K), 0.0002170 secs]
133.589: [GC (Allocation Failure) 349770K->435K(1048512K), 0.0002180 secs]
133.742: [GC (Allocation Failure) 349770K->435K(1048512K), 0.0004200 secs]
133.900: [GC (Allocation Failure) 349770K->435K(1048512K), 0.0002850 secs]
134.053: [GC (Allocation Failure) 349770K->435K(1048512K), 0.0002790 secs]
134.241: [GC (Allocation Failure) 349770K->435K(1048512K), 0.0002040 secs]
134.391: [GC (Allocation Failure) 349770K->435K(1048512K), 0.0002050 secs]
134.592: [GC (Allocation Failure) 349770K->435K(1048512K), 0.0002060 secs]
134.793: [GC (Allocation Failure) 349770K->435K(1048512K), 0.0002070 secs]
134.943: [GC (Allocation Failure) 349770K->435K(1048512K), 0.0002170 secs]
135.094: [GC (Allocation Failure) 349770K->435K(1048512K), 0.0002130 secs]
135.244: [GC (Allocation Failure) 349770K->435K(1048512K), 0.0002030 secs]
135.398: [GC (Allocation Failure) 349770K->435K(1048512K), 0.0003410 secs]
135.548: [GC (Allocation Failure) 349770K->435K(1048512K), 0.0002080 secs]
135.749: [GC (Allocation Failure) 349770K->435K(1048512K), 0.0002160 secs]
135.898: [GC (Allocation Failure) 349770K->435K(1048512K), 0.0002160 secs]
136.094: [GC (Allocation Failure) 349770K->435K(1048512K), 0.0002020 secs]
136.296: [GC (Allocation Failure) 349770K->435K(1048512K), 0.0002060 secs]
136.447: [GC (Allocation Failure) 349770K->435K(1048512K), 0.0002040 secs]
136.600: [GC (Allocation Failure) 349770K->435K(1048512K), 0.0002750 secs]
136.749: [GC (Allocation Failure) 349770K->435K(1048512K), 0.0002060 secs]
136.951: [GC (Allocation Failure) 349770K->435K(1048512K), 0.0002250 secs]
137.100: [GC (Allocation Failure) 349770K->435K(1048512K), 0.0002060 secs]
137.402: [GC (Allocation Failure) 349770K->435K(1048512K), 0.0002580 secs]
137.552: [GC (Allocation Failure) 349770K->435K(1048512K), 0.0002160 secs]
137.707: [GC (Allocation Failure) 349770K->435K(1048512K), 0.0002190 secs]
137.865: [GC (Allocation Failure) 349770K->435K(1048512K), 0.0002070 secs]
138.049: [GC (Allocation Failure) 349770K->435K(1048512K), 0.0002050 secs]
138.199: [GC (Allocation Failure) 349770K->435K(1048512K), 0.0002130 secs]
138.349: [GC (Allocation Failure) 349770K->435K(1048512K), 0.0002150 secs]
138.550: [GC (Allocation Failure) 349770K->435K(1048512K), 0.0002130 secs]
138.699: [GC (Allocation Failure) 349770K->435K(1048512K), 0.0002040 secs]
138.900: [GC (Allocation Failure) 349770K->435K(1048512K), 0.0003030 secs]
139.059: [GC (Allocation Failure) 349770K->435K(1048512K), 0.0002160 secs]
139.208: [GC (Allocation Failure) 349770K->435K(1048512K), 0.0002050 secs]
139.396: [GC (Allocation Failure) 349770K->435K(1048512K), 0.0002200 secs]
139.549: [GC (Allocation Failure) 349770K->435K(1048512K), 0.0002050 secs]
139.699: [GC (Allocation Failure) 349770K->435K(1048512K), 0.0002140 secs]
139.852: [GC (Allocation Failure) 349770K->435K(1048512K), 0.0002010 secs]
140.052: [GC (Allocation Failure) 349770K->435K(1048512K), 0.0002080 secs]
140.203: [GC (Allocation Failure) 349770K->435K(1048512K), 0.0002740 secs]
140.352: [GC (Allocation Failure) 349770K->435K(1048512K), 0.0002200 secs]
140.503: [GC (Allocation Failure) 349770K->435K(1048512K), 0.0002030 secs]
140.704: [GC (Allocation Failure) 349770K->435K(1048512K), 0.0002160 secs]
140.853: [GC (Allocation Failure) 349770K->435K(1048512K), 0.0002060 secs]
141.153: [GC (Allocation Failure) 349770K->435K(1048512K), 0.0002190 secs]
141.310: [GC (Allocation Failure) 349770K->435K(1048512K), 0.0002120 secs]
141.494: [GC (Allocation Failure) 349770K->435K(1048512K), 0.0002070 secs]
141.661: [GC (Allocation Failure) 349770K->435K(1048512K), 0.0002160 secs]
141.814: [GC (Allocation Failure) 349770K->435K(1048512K), 0.0002160 secs]
141.964: [GC (Allocation Failure) 349770K->435K(1048512K), 0.0002050 secs]
142.118: [GC (Allocation Failure) 349770K->435K(1048512K), 0.0002120 secs]
142.267: [GC (Allocation Failure) 349770K->435K(1048512K), 0.0002160 secs]
142.419: [GC (Allocation Failure) 349770K->435K(1048512K), 0.0002750 secs]
142.569: [GC (Allocation Failure) 349770K->435K(1048512K), 0.0002060 secs]
142.823: [GC (Allocation Failure) 349770K->435K(1048512K), 0.0002180 secs]
142.978: [GC (Allocation Failure) 349770K->435K(1048512K), 0.0002170 secs]
143.128: [GC (Allocation Failure) 349770K->435K(1048512K), 0.0002080 secs]
143.308: [GC (Allocation Failure) 349770K->435K(1048512K), 0.0002160 secs]
143.462: [GC (Allocation Failure) 349770K->435K(1048512K), 0.0001990 secs]
143.611: [GC (Allocation Failure) 349770K->435K(1048512K), 0.0002040 secs]
143.800: [GC (Allocation Failure) 349770K->435K(1048512K), 0.0002090 secs]
144.012: [GC (Allocation Failure) 349770K->435K(1048512K), 0.0003860 secs]
144.164: [GC (Allocation Failure) 349770K->435K(1048512K), 0.0002200 secs]
144.318: [GC (Allocation Failure) 349770K->435K(1048512K), 0.0002270 secs]
144.609: [GC (Allocation Failure) 349770K->435K(1048512K), 0.0002070 secs]
144.912: [GC (Allocation Failure) 349770K->435K(1048512K), 0.0002180 secs]
145.065: [GC (Allocation Failure) 349770K->435K(1048512K), 0.0002020 secs]
145.228: [GC (Allocation Failure) 349770K->435K(1048512K), 0.0002790 secs]
145.380: [GC (Allocation Failure) 349770K->435K(1048512K), 0.0002820 secs]
145.562: [GC (Allocation Failure) 349770K->435K(1048512K), 0.0002100 secs]
145.711: [GC (Allocation Failure) 349770K->435K(1048512K), 0.0002170 secs]
145.912: [GC (Allocation Failure) 349770K->435K(1048512K), 0.0002080 secs]
146.062: [GC (Allocation Failure) 349770K->435K(1048512K), 0.0002260 secs]
146.216: [GC (Allocation Failure) 349770K->435K(1048512K), 0.0002040 secs]
146.413: [GC (Allocation Failure) 349770K->435K(1048512K), 0.0002790 secs]
146.564: [GC (Allocation Failure) 349770K->435K(1048512K), 0.0002810 secs]
146.764: [GC (Allocation Failure) 349770K->435K(1048512K), 0.0002030 secs]
146.913: [GC (Allocation Failure) 349770K->435K(1048512K), 0.0002040 secs]
147.213: [GC (Allocation Failure) 349770K->435K(1048512K), 0.0002190 secs]
147.369: [GC (Allocation Failure) 349770K->435K(1048512K), 0.0002030 secs]
147.519: [GC (Allocation Failure) 349770K->435K(1048512K), 0.0002160 secs]
147.673: [GC (Allocation Failure) 349770K->435K(1048512K), 0.0002140 secs]
147.871: [GC (Allocation Failure) 349770K->435K(1048512K), 0.0002280 secs]
148.024: [GC (Allocation Failure) 349770K->435K(1048512K), 0.0002030 secs]
148.172: [GC (Allocation Failure) 349770K->435K(1048512K), 0.0002170 secs]
148.326: [GC (Allocation Failure) 349770K->435K(1048512K), 0.0002180 secs]
148.522: [GC (Allocation Failure) 349770K->435K(1048512K), 0.0002180 secs]
148.670: [GC (Allocation Failure) 349770K->435K(1048512K), 0.0002250 secs]
148.823: [GC (Allocation Failure) 349770K->435K(1048512K), 0.0002190 secs]
148.974: [GC (Allocation Failure) 349770K->435K(1048512K), 0.0002090 secs]
149.163: [GC (Allocation Failure) 349770K->435K(1048512K), 0.0004110 secs]
149.313: [GC (Allocation Failure) 349770K->435K(1048512K), 0.0002090 secs]
149.466: [GC (Allocation Failure) 349770K->435K(1048512K), 0.0002060 secs]
149.615: [GC (Allocation Failure) 349770K->435K(1048512K), 0.0002050 secs]
149.807: [GC (Allocation Failure) 349770K->435K(1048512K), 0.0002090 secs]
150.024: [GC (Allocation Failure) 349770K->435K(1048512K), 0.0002080 secs]
150.212: [GC (Allocation Failure) 349770K->435K(1048512K), 0.0002210 secs]
150.366: [GC (Allocation Failure) 349770K->435K(1048512K), 0.0002150 secs]
150.516: [GC (Allocation Failure) 349770K->435K(1048512K), 0.0002050 secs]
150.669: [GC (Allocation Failure) 349770K->435K(1048512K), 0.0002760 secs]
150.818: [GC (Allocation Failure) 349770K->435K(1048512K), 0.0002380 secs]
150.972: [GC (Allocation Failure) 349770K->435K(1048512K), 0.0002030 secs]
151.222: [GC (Allocation Failure) 349770K->435K(1048512K), 0.0002140 secs]
151.373: [GC (Allocation Failure) 349770K->435K(1048512K), 0.0002060 secs]
151.572: [GC (Allocation Failure) 349770K->435K(1048512K), 0.0002090 secs]
151.823: [GC (Allocation Failure) 349770K->435K(1048512K), 0.0002060 secs]
151.972: [GC (Allocation Failure) 349770K->435K(1048512K), 0.0002090 secs]
152.127: [GC (Allocation Failure) 349770K->435K(1048512K), 0.0002150 secs]
152.373: [GC (Allocation Failure) 349770K->435K(1048512K), 0.0002190 secs]
152.616: [GC (Allocation Failure) 349770K->435K(1048512K), 0.0002220 secs]
152.765: [GC (Allocation Failure) 349770K->435K(1048512K), 0.0002060 secs]
152.924: [GC (Allocation Failure) 349770K->435K(1048512K), 0.0002180 secs]
153.075: [GC (Allocation Failure) 349770K->435K(1048512K), 0.0002160 secs]
153.276: [GC (Allocation Failure) 349770K->435K(1048512K), 0.0002150 secs]
153.436: [GC (Allocation Failure) 349770K->435K(1048512K), 0.0002170 secs]
153.584: [GC (Allocation Failure) 349770K->435K(1048512K), 0.0002190 secs]
153.738: [GC (Allocation Failure) 349770K->435K(1048512K), 0.0002150 secs]
153.887: [GC (Allocation Failure) 349770K->435K(1048512K), 0.0002790 secs]
154.126: [GC (Allocation Failure) 349770K->435K(1048512K), 0.0002300 secs]
154.277: [GC (Allocation Failure) 349770K->435K(1048512K), 0.0002020 secs]
154.426: [GC (Allocation Failure) 349770K->435K(1048512K), 0.0002270 secs]
154.581: [GC (Allocation Failure) 349770K->435K(1048512K), 0.0002150 secs]
154.778: [GC (Allocation Failure) 349770K->435K(1048512K), 0.0002080 secs]
154.928: [GC (Allocation Failure) 349770K->435K(1048512K), 0.0002140 secs]
155.114: [GC (Allocation Failure) 349770K->435K(1048512K), 0.0002070 secs]
155.278: [GC (Allocation Failure) 349770K->435K(1048512K), 0.0002130 secs]
155.427: [GC (Allocation Failure) 349770K->435K(1048512K), 0.0002040 secs]
155.624: [GC (Allocation Failure) 349770K->435K(1048512K), 0.0002040 secs]
155.780: [GC (Allocation Failure) 349770K->435K(1048512K), 0.0002220 secs]
155.933: [GC (Allocation Failure) 349770K->435K(1048512K), 0.0002180 secs]
156.083: [GC (Allocation Failure) 349770K->435K(1048512K), 0.0002070 secs]
156.235: [GC (Allocation Failure) 349770K->435K(1048512K), 0.0002140 secs]
156.385: [GC (Allocation Failure) 349770K->435K(1048512K), 0.0002070 secs]
156.539: [GC (Allocation Failure) 349770K->435K(1048512K), 0.0002170 secs]
156.730: [GC (Allocation Failure) 349770K->435K(1048512K), 0.0002170 secs]
156.881: [GC (Allocation Failure) 349770K->435K(1048512K), 0.0002100 secs]
157.081: [GC (Allocation Failure) 349770K->435K(1048512K), 0.0002200 secs]
157.232: [GC (Allocation Failure) 349770K->435K(1048512K), 0.0002130 secs]
157.383: [GC (Allocation Failure) 349770K->435K(1048512K), 0.0002040 secs]
157.533: [GC (Allocation Failure) 349770K->435K(1048512K), 0.0002000 secs]
157.888: [GC (Allocation Failure) 349770K->435K(1048512K), 0.0002060 secs]
158.133: [GC (Allocation Failure) 349770K->435K(1048512K), 0.0002100 secs]
158.318: [GC (Allocation Failure) 349770K->435K(1048512K), 0.0002190 secs]
158.469: [GC (Allocation Failure) 349770K->435K(1048512K), 0.0002340 secs]
158.664: [GC (Allocation Failure) 349770K->435K(1048512K), 0.0002070 secs]
158.813: [GC (Allocation Failure) 349770K->435K(1048512K), 0.0002040 secs]
159.023: [GC (Allocation Failure) 349770K->435K(1048512K), 0.0002280 secs]
159.172: [GC (Allocation Failure) 349770K->435K(1048512K), 0.0002070 secs]
159.342: [GC (Allocation Failure) 349770K->435K(1048512K), 0.0002210 secs]
159.491: [GC (Allocation Failure) 349770K->435K(1048512K), 0.0002190 secs]
159.686: [GC (Allocation Failure) 349770K->435K(1048512K), 0.0002140 secs]
159.849: [GC (Allocation Failure) 349770K->435K(1048512K), 0.0002060 secs]
160.028: [GC (Allocation Failure) 349770K->435K(1048512K), 0.0002050 secs]
160.227: [GC (Allocation Failure) 349770K->435K(1048512K), 0.0002220 secs]
160.376: [GC (Allocation Failure) 349770K->435K(1048512K), 0.0002060 secs]
160.541: [GC (Allocation Failure) 349770K->435K(1048512K), 0.0002150 secs]
160.689: [GC (Allocation Failure) 349770K->435K(1048512K), 0.0002050 secs]
160.842: [GC (Allocation Failure) 349770K->435K(1048512K), 0.0002010 secs]
160.991: [GC (Allocation Failure) 349770K->435K(1048512K), 0.0002070 secs]
161.289: [GC (Allocation Failure) 349770K->435K(1048512K), 0.0002020 secs]
161.438: [GC (Allocation Failure) 349770K->435K(1048512K), 0.0002180 secs]
161.589: [GC (Allocation Failure) 349770K->435K(1048512K), 0.0002120 secs]
161.740: [GC (Allocation Failure) 349770K->435K(1048512K), 0.0002060 secs]
161.890: [GC (Allocation Failure) 349770K->435K(1048512K), 0.0002020 secs]
162.191: [GC (Allocation Failure) 349770K->435K(1048512K), 0.0002040 secs]
162.491: [GC (Allocation Failure) 349770K->435K(1048512K), 0.0002160 secs]
162.640: [GC (Allocation Failure) 349770K->435K(1048512K), 0.0002060 secs]
162.791: [GC (Allocation Failure) 349770K->435K(1048512K), 0.0002120 secs]
163.029: [GC (Allocation Failure) 349770K->435K(1048512K), 0.0002290 secs]
163.178: [GC (Allocation Failure) 349770K->435K(1048512K), 0.0002060 secs]
163.348: [GC (Allocation Failure) 349770K->435K(1048512K), 0.0002220 secs]
163.497: [GC (Allocation Failure) 349770K->435K(1048512K), 0.0002200 secs]
163.650: [GC (Allocation Failure) 349770K->435K(1048512K), 0.0002270 secs]
163.892: [GC (Allocation Failure) 349770K->435K(1048512K), 0.0002180 secs]
164.164: [GC (Allocation Failure) 349770K->435K(1048512K), 0.0002180 secs]
164.313: [GC (Allocation Failure) 349770K->435K(1048512K), 0.0002070 secs]
164.494: [GC (Allocation Failure) 349770K->435K(1048512K), 0.0003390 secs]
164.660: [GC (Allocation Failure) 349770K->435K(1048512K), 0.0002080 secs]
164.844: [GC (Allocation Failure) 349770K->435K(1048512K), 0.0002170 secs]
164.995: [GC (Allocation Failure) 349770K->435K(1048512K), 0.0002030 secs]
165.195: [GC (Allocation Failure) 349770K->435K(1048512K), 0.0002040 secs]
165.348: [GC (Allocation Failure) 349770K->435K(1048512K), 0.0002090 secs]
165.501: [GC (Allocation Failure) 349770K->435K(1048512K), 0.0002760 secs]
165.651: [GC (Allocation Failure) 349770K->435K(1048512K), 0.0002020 secs]
165.827: [GC (Allocation Failure) 349770K->435K(1048512K), 0.0002100 secs]
165.996: [GC (Allocation Failure) 349770K->435K(1048512K), 0.0002040 secs]
166.160: [GC (Allocation Failure) 349770K->435K(1048512K), 0.0002200 secs]
166.313: [GC (Allocation Failure) 349770K->435K(1048512K), 0.0002030 secs]
166.463: [GC (Allocation Failure) 349770K->435K(1048512K), 0.0002070 secs]
166.634: [GC (Allocation Failure) 349770K->435K(1048512K), 0.0002100 secs]
166.797: [GC (Allocation Failure) 349770K->435K(1048512K), 0.0002180 secs]
166.949: [GC (Allocation Failure) 349770K->435K(1048512K), 0.0002050 secs]
167.098: [GC (Allocation Failure) 349770K->435K(1048512K), 0.0002080 secs]
167.349: [GC (Allocation Failure) 349770K->435K(1048512K), 0.0002070 secs]
167.499: [GC (Allocation Failure) 349770K->435K(1048512K), 0.0002150 secs]
167.700: [GC (Allocation Failure) 349770K->435K(1048512K), 0.0002060 secs]
167.941: [GC (Allocation Failure) 349770K->435K(1048512K), 0.0002240 secs]
168.092: [GC (Allocation Failure) 349770K->435K(1048512K), 0.0002050 secs]
168.299: [GC (Allocation Failure) 349770K->435K(1048512K), 0.0002180 secs]
168.451: [GC (Allocation Failure) 349770K->435K(1048512K), 0.0002010 secs]
168.651: [GC (Allocation Failure) 349770K->435K(1048512K), 0.0002140 secs]
168.801: [GC (Allocation Failure) 349770K->435K(1048512K), 0.0002040 secs]
169.031: [GC (Allocation Failure) 349770K->435K(1048512K), 0.0002200 secs]
169.184: [GC (Allocation Failure) 349770K->435K(1048512K), 0.0002070 secs]
169.336: [GC (Allocation Failure) 349770K->435K(1048512K), 0.0002080 secs]
169.490: [GC (Allocation Failure) 349770K->435K(1048512K), 0.0002090 secs]
169.652: [GC (Allocation Failure) 349770K->435K(1048512K), 0.0002690 secs]
169.803: [GC (Allocation Failure) 349770K->435K(1048512K), 0.0002750 secs]
169.952: [GC (Allocation Failure) 349770K->435K(1048512K), 0.0002060 secs]
170.161: [GC (Allocation Failure) 349770K->435K(1048512K), 0.0002090 secs]
170.353: [GC (Allocation Failure) 349770K->435K(1048512K), 0.0002310 secs]
170.508: [GC (Allocation Failure) 349770K->435K(1048512K), 0.0002170 secs]
170.660: [GC (Allocation Failure) 349770K->435K(1048512K), 0.0002200 secs]
170.813: [GC (Allocation Failure) 349770K->435K(1048512K), 0.0002040 secs]
171.027: [GC (Allocation Failure) 349770K->435K(1048512K), 0.0002040 secs]
171.176: [GC (Allocation Failure) 349770K->435K(1048512K), 0.0002050 secs]
171.332: [GC (Allocation Failure) 349770K->435K(1048512K), 0.0002220 secs]
171.496: [GC (Allocation Failure) 349770K->435K(1048512K), 0.0002080 secs]
171.646: [GC (Allocation Failure) 349770K->435K(1048512K), 0.0002170 secs]
171.800: [GC (Allocation Failure) 349770K->435K(1048512K), 0.0002060 secs]
171.950: [GC (Allocation Failure) 349770K->435K(1048512K), 0.0002070 secs]
172.107: [GC (Allocation Failure) 349770K->435K(1048512K), 0.0002130 secs]
172.256: [GC (Allocation Failure) 349770K->435K(1048512K), 0.0002070 secs]
172.424: [GC (Allocation Failure) 349770K->435K(1048512K), 0.0002160 secs]
172.575: [GC (Allocation Failure) 349770K->435K(1048512K), 0.0002200 secs]
172.728: [GC (Allocation Failure) 349770K->435K(1048512K), 0.0002770 secs]
172.878: [GC (Allocation Failure) 349770K->435K(1048512K), 0.0002200 secs]
173.033: [GC (Allocation Failure) 349770K->435K(1048512K), 0.0002170 secs]
173.208: [GC (Allocation Failure) 349770K->435K(1048512K), 0.0002750 secs]
173.413: [GC (Allocation Failure) 349770K->435K(1048512K), 0.0002150 secs]
173.562: [GC (Allocation Failure) 349770K->435K(1048512K), 0.0002210 secs]
173.717: [GC (Allocation Failure) 349770K->435K(1048512K), 0.0002270 secs]
173.936: [GC (Allocation Failure) 349770K->435K(1048512K), 0.0002190 secs]
174.114: [GC (Allocation Failure) 349770K->435K(1048512K), 0.0002170 secs]
174.263: [GC (Allocation Failure) 349770K->435K(1048512K), 0.0002200 secs]
174.416: [GC (Allocation Failure) 349770K->435K(1048512K), 0.0002170 secs]
174.565: [GC (Allocation Failure) 349770K->435K(1048512K), 0.0002050 secs]
174.824: [GC (Allocation Failure) 349770K->435K(1048512K), 0.0003360 secs]
174.978: [GC (Allocation Failure) 349770K->435K(1048512K), 0.0002070 secs]
175.127: [GC (Allocation Failure) 349770K->435K(1048512K), 0.0002060 secs]
175.282: [GC (Allocation Failure) 349770K->435K(1048512K), 0.0002110 secs]
175.443: [GC (Allocation Failure) 349770K->435K(1048512K), 0.0002100 secs]
175.593: [GC (Allocation Failure) 349770K->435K(1048512K), 0.0002080 secs]
175.814: [GC (Allocation Failure) 349770K->435K(1048512K), 0.0002020 secs]
175.963: [GC (Allocation Failure) 349770K->435K(1048512K), 0.0002040 secs]
176.164: [GC (Allocation Failure) 349770K->435K(1048512K), 0.0002260 secs]
176.340: [GC (Allocation Failure) 349770K->435K(1048512K), 0.0002150 secs]
176.491: [GC (Allocation Failure) 349770K->435K(1048512K), 0.0003200 secs]
176.659: [GC (Allocation Failure) 349770K->435K(1048512K), 0.0002100 secs]
176.815: [GC (Allocation Failure) 349770K->435K(1048512K), 0.0002090 secs]
177.016: [GC (Allocation Failure) 349770K->435K(1048512K), 0.0002200 secs]
177.165: [GC (Allocation Failure) 349770K->435K(1048512K), 0.0002050 secs]
177.421: [GC (Allocation Failure) 349770K->435K(1048512K), 0.0002100 secs]
177.615: [GC (Allocation Failure) 349770K->435K(1048512K), 0.0002070 secs]
177.817: [GC (Allocation Failure) 349770K->435K(1048512K), 0.0002230 secs]
177.977: [GC (Allocation Failure) 349770K->435K(1048512K), 0.0002040 secs]
178.164: [GC (Allocation Failure) 349770K->435K(1048512K), 0.0002820 secs]
178.314: [GC (Allocation Failure) 349770K->435K(1048512K), 0.0002090 secs]
178.622: [GC (Allocation Failure) 349770K->435K(1048512K), 0.0002270 secs]
178.771: [GC (Allocation Failure) 349770K->435K(1048512K), 0.0002070 secs]
178.973: [GC (Allocation Failure) 349770K->435K(1048512K), 0.0002180 secs]
179.122: [GC (Allocation Failure) 349770K->435K(1048512K), 0.0002190 secs]
179.276: [GC (Allocation Failure) 349770K->435K(1048512K), 0.0002060 secs]
179.427: [GC (Allocation Failure) 349770K->435K(1048512K), 0.0002030 secs]
179.580: [GC (Allocation Failure) 349770K->435K(1048512K), 0.0002030 secs]
179.731: [GC (Allocation Failure) 349770K->435K(1048512K), 0.0002080 secs]
179.919: [GC (Allocation Failure) 349770K->435K(1048512K), 0.0002560 secs]
180.071: [GC (Allocation Failure) 349770K->435K(1048512K), 0.0002720 secs]
180.221: [GC (Allocation Failure) 349770K->435K(1048512K), 0.0002220 secs]
180.372: [GC (Allocation Failure) 349770K->435K(1048512K), 0.0002120 secs]
180.622: [GC (Allocation Failure) 349770K->435K(1048512K), 0.0002080 secs]
180.770: [GC (Allocation Failure) 349770K->435K(1048512K), 0.0002260 secs]
180.921: [GC (Allocation Failure) 349770K->435K(1048512K), 0.0002100 secs]
181.163: [GC (Allocation Failure) 349770K->435K(1048512K), 0.0002910 secs]
181.315: [GC (Allocation Failure) 349770K->435K(1048512K), 0.0002830 secs]
181.493: [GC (Allocation Failure) 349770K->435K(1048512K), 0.0002220 secs]
181.641: [GC (Allocation Failure) 349770K->435K(1048512K), 0.0002150 secs]
181.794: [GC (Allocation Failure) 349770K->435K(1048512K), 0.0002050 secs]
181.943: [GC (Allocation Failure) 349770K->435K(1048512K), 0.0002060 secs]
182.128: [GC (Allocation Failure) 349770K->435K(1048512K), 0.0002170 secs]
182.277: [GC (Allocation Failure) 349770K->435K(1048512K), 0.0002070 secs]
182.475: [GC (Allocation Failure) 349770K->435K(1048512K), 0.0002070 secs]
182.624: [GC (Allocation Failure) 349770K->435K(1048512K), 0.0002200 secs]
182.776: [GC (Allocation Failure) 349770K->435K(1048512K), 0.0002130 secs]
182.975: [GC (Allocation Failure) 349770K->435K(1048512K), 0.0002060 secs]
183.226: [GC (Allocation Failure) 349770K->435K(1048512K), 0.0002240 secs]
183.378: [GC (Allocation Failure) 349770K->435K(1048512K), 0.0002180 secs]
183.532: [GC (Allocation Failure) 349770K->435K(1048512K), 0.0002140 secs]
183.777: [GC (Allocation Failure) 349770K->435K(1048512K), 0.0002260 secs]
183.928: [GC (Allocation Failure) 349770K->435K(1048512K), 0.0002030 secs]
184.126: [GC (Allocation Failure) 349770K->435K(1048512K), 0.0002210 secs]
184.378: [GC (Allocation Failure) 349770K->435K(1048512K), 0.0002050 secs]
184.530: [GC (Allocation Failure) 349770K->435K(1048512K), 0.0002100 secs]
184.728: [GC (Allocation Failure) 349770K->435K(1048512K), 0.0002080 secs]
184.933: [GC (Allocation Failure) 349770K->435K(1048512K), 0.0003450 secs]
185.083: [GC (Allocation Failure) 349770K->435K(1048512K), 0.0002140 secs]
185.283: [GC (Allocation Failure) 349770K->435K(1048512K), 0.0002210 secs]
185.432: [GC (Allocation Failure) 349770K->435K(1048512K), 0.0002200 secs]
185.585: [GC (Allocation Failure) 349770K->435K(1048512K), 0.0002010 secs]
185.735: [GC (Allocation Failure) 349770K->435K(1048512K), 0.0002200 secs]
185.888: [GC (Allocation Failure) 349770K->435K(1048512K), 0.0002190 secs]
186.081: [GC (Allocation Failure) 349770K->435K(1048512K), 0.0002180 secs]
186.231: [GC (Allocation Failure) 349770K->435K(1048512K), 0.0002010 secs]
186.382: [GC (Allocation Failure) 349770K->435K(1048512K), 0.0002770 secs]
186.531: [GC (Allocation Failure) 349770K->435K(1048512K), 0.0002060 secs]
186.731: [GC (Allocation Failure) 349770K->435K(1048512K), 0.0002170 secs]
186.883: [GC (Allocation Failure) 349770K->435K(1048512K), 0.0002140 secs]
187.057: [GC (Allocation Failure) 349770K->435K(1048512K), 0.0002310 secs]
187.207: [GC (Allocation Failure) 349770K->435K(1048512K), 0.0002080 secs]
187.363: [GC (Allocation Failure) 349770K->435K(1048512K), 0.0002210 secs]
187.584: [GC (Allocation Failure) 349770K->435K(1048512K), 0.0002090 secs]
187.732: [GC (Allocation Failure) 349770K->435K(1048512K), 0.0002080 secs]
187.940: [GC (Allocation Failure) 349770K->435K(1048512K), 0.0002180 secs]
188.093: [GC (Allocation Failure) 349770K->435K(1048512K), 0.0002140 secs]
188.244: [GC (Allocation Failure) 349770K->435K(1048512K), 0.0002200 secs]
188.424: [GC (Allocation Failure) 349770K->435K(1048512K), 0.0002270 secs]
188.574: [GC (Allocation Failure) 349770K->435K(1048512K), 0.0002170 secs]
188.756: [GC (Allocation Failure) 349770K->435K(1048512K), 0.0002190 secs]
188.910: [GC (Allocation Failure) 349770K->435K(1048512K), 0.0002780 secs]
189.059: [GC (Allocation Failure) 349770K->435K(1048512K), 0.0002200 secs]
189.212: [GC (Allocation Failure) 349770K->435K(1048512K), 0.0002160 secs]
189.365: [GC (Allocation Failure) 349770K->435K(1048512K), 0.0002100 secs]
189.586: [GC (Allocation Failure) 349770K->435K(1048512K), 0.0002090 secs]
189.837: [GC (Allocation Failure) 349770K->435K(1048512K), 0.0002090 secs]
190.137: [GC (Allocation Failure) 349770K->435K(1048512K), 0.0002550 secs]
190.288: [GC (Allocation Failure) 349770K->435K(1048512K), 0.0002010 secs]
190.439: [GC (Allocation Failure) 349770K->435K(1048512K), 0.0002170 secs]
190.593: [GC (Allocation Failure) 349770K->435K(1048512K), 0.0002150 secs]
190.767: [GC (Allocation Failure) 349770K->435K(1048512K), 0.0002140 secs]
190.917: [GC (Allocation Failure) 349770K->435K(1048512K), 0.0002070 secs]
191.090: [GC (Allocation Failure) 349770K->435K(1048512K), 0.0002160 secs]
191.239: [GC (Allocation Failure) 349770K->435K(1048512K), 0.0002060 secs]
191.420: [GC (Allocation Failure) 349770K->435K(1048512K), 0.0002070 secs]
191.624: [GC (Allocation Failure) 349770K->435K(1048512K), 0.0002070 secs]
191.845: [GC (Allocation Failure) 349770K->435K(1048512K), 0.0002250 secs]
191.995: [GC (Allocation Failure) 349770K->435K(1048512K), 0.0002050 secs]
192.196: [GC (Allocation Failure) 349770K->435K(1048512K), 0.0002900 secs]
192.346: [GC (Allocation Failure) 349770K->435K(1048512K), 0.0002180 secs]
192.499: [GC (Allocation Failure) 349770K->435K(1048512K), 0.0002050 secs]
192.743: [GC (Allocation Failure) 349770K->435K(1048512K), 0.0002070 secs]
192.892: [GC (Allocation Failure) 349770K->435K(1048512K), 0.0002080 secs]
193.068: [GC (Allocation Failure) 349770K->435K(1048512K), 0.0002060 secs]
193.298: [GC (Allocation Failure) 349770K->435K(1048512K), 0.0002150 secs]
193.449: [GC (Allocation Failure) 349770K->435K(1048512K), 0.0002110 secs]
193.644: [GC (Allocation Failure) 349770K->435K(1048512K), 0.0002030 secs]
193.793: [GC (Allocation Failure) 349770K->435K(1048512K), 0.0002190 secs]
193.945: [GC (Allocation Failure) 349770K->435K(1048512K), 0.0002150 secs]
194.094: [GC (Allocation Failure) 349770K->435K(1048512K), 0.0002060 secs]
194.249: [GC (Allocation Failure) 349770K->435K(1048512K), 0.0002270 secs]
194.493: [GC (Allocation Failure) 349770K->435K(1048512K), 0.0002330 secs]
194.646: [GC (Allocation Failure) 349770K->435K(1048512K), 0.0002040 secs]
194.795: [GC (Allocation Failure) 349770K->435K(1048512K), 0.0002180 secs]
194.946: [GC (Allocation Failure) 349770K->435K(1048512K), 0.0002140 secs]
195.096: [GC (Allocation Failure) 349770K->435K(1048512K), 0.0002160 secs]
195.247: [GC (Allocation Failure) 349770K->435K(1048512K), 0.0003480 secs]
195.400: [GC (Allocation Failure) 349770K->435K(1048512K), 0.0002090 secs]
195.569: [GC (Allocation Failure) 349770K->435K(1048512K), 0.0002210 secs]
195.720: [GC (Allocation Failure) 349770K->435K(1048512K), 0.0002020 secs]
195.898: [GC (Allocation Failure) 349770K->435K(1048512K), 0.0002080 secs]
196.047: [GC (Allocation Failure) 349770K->435K(1048512K), 0.0002160 secs]
196.199: [GC (Allocation Failure) 349770K->435K(1048512K), 0.0002020 secs]
196.348: [GC (Allocation Failure) 349770K->435K(1048512K), 0.0002180 secs]
196.499: [GC (Allocation Failure) 349770K->435K(1048512K), 0.0002050 secs]
196.650: [GC (Allocation Failure) 349770K->435K(1048512K), 0.0002180 secs]
196.824: [GC (Allocation Failure) 349770K->435K(1048512K), 0.0002310 secs]
196.979: [GC (Allocation Failure) 349770K->435K(1048512K), 0.0002050 secs]
197.129: [GC (Allocation Failure) 349770K->435K(1048512K), 0.0002190 secs]
197.283: [GC (Allocation Failure) 349770K->435K(1048512K), 0.0002030 secs]
197.433: [GC (Allocation Failure) 349770K->435K(1048512K), 0.0002170 secs]
197.586: [GC (Allocation Failure) 349770K->435K(1048512K), 0.0002180 secs]
197.751: [GC (Allocation Failure) 349770K->435K(1048512K), 0.0002180 secs]
197.959: [GC (Allocation Failure) 349770K->435K(1048512K), 0.0002070 secs]
198.205: [GC (Allocation Failure) 349770K->435K(1048512K), 0.0002170 secs]
198.355: [GC (Allocation Failure) 349770K->435K(1048512K), 0.0002200 secs]
198.508: [GC (Allocation Failure) 349770K->435K(1048512K), 0.0002170 secs]
198.657: [GC (Allocation Failure) 349770K->435K(1048512K), 0.0002180 secs]
198.810: [GC (Allocation Failure) 349770K->435K(1048512K), 0.0002030 secs]
198.964: [GC (Allocation Failure) 349770K->435K(1048512K), 0.0002110 secs]
199.154: [GC (Allocation Failure) 349770K->435K(1048512K), 0.0002040 secs]
199.304: [GC (Allocation Failure) 349770K->435K(1048512K), 0.0002070 secs]
199.460: [GC (Allocation Failure) 349770K->435K(1048512K), 0.0002120 secs]
199.655: [GC (Allocation Failure) 349770K->435K(1048512K), 0.0002180 secs]
199.804: [GC (Allocation Failure) 349770K->435K(1048512K), 0.0002060 secs]
200.005: [GC (Allocation Failure) 349770K->435K(1048512K), 0.0002050 secs]
200.165: [GC (Allocation Failure) 349770K->435K(1048512K), 0.0002170 secs]
200.315: [GC (Allocation Failure) 349770K->435K(1048512K), 0.0002070 secs]
200.505: [GC (Allocation Failure) 349770K->435K(1048512K), 0.0002800 secs]
200.661: [GC (Allocation Failure) 349770K->435K(1048512K), 0.0002080 secs]
200.844: [GC (Allocation Failure) 349770K->435K(1048512K), 0.0002100 secs]
201.028: [GC (Allocation Failure) 349770K->435K(1048512K), 0.0002260 secs]
201.176: [GC (Allocation Failure) 349770K->435K(1048512K), 0.0002080 secs]
201.332: [GC (Allocation Failure) 349770K->435K(1048512K), 0.0002130 secs]
201.482: [GC (Allocation Failure) 349770K->435K(1048512K), 0.0002080 secs]
201.635: [GC (Allocation Failure) 349770K->435K(1048512K), 0.0002180 secs]
201.809: [GC (Allocation Failure) 349770K->435K(1048512K), 0.0002810 secs]
201.978: [GC (Allocation Failure) 349770K->435K(1048512K), 0.0002170 secs]
202.126: [GC (Allocation Failure) 349770K->435K(1048512K), 0.0002060 secs]
202.308: [GC (Allocation Failure) 349770K->435K(1048512K), 0.0002760 secs]
202.510: [GC (Allocation Failure) 349770K->435K(1048512K), 0.0002810 secs]
202.661: [GC (Allocation Failure) 349770K->435K(1048512K), 0.0002080 secs]
202.828: [GC (Allocation Failure) 349770K->435K(1048512K), 0.0002300 secs]
202.979: [GC (Allocation Failure) 349770K->435K(1048512K), 0.0002060 secs]
203.161: [GC (Allocation Failure) 349770K->435K(1048512K), 0.0002160 secs]
203.312: [GC (Allocation Failure) 349770K->435K(1048512K), 0.0002050 secs]
203.492: [GC (Allocation Failure) 349770K->435K(1048512K), 0.0002060 secs]
203.712: [GC (Allocation Failure) 349770K->435K(1048512K), 0.0002130 secs]
203.862: [GC (Allocation Failure) 349770K->435K(1048512K), 0.0002100 secs]
204.061: [GC (Allocation Failure) 349770K->435K(1048512K), 0.0002200 secs]
204.213: [GC (Allocation Failure) 349770K->435K(1048512K), 0.0002800 secs]
204.362: [GC (Allocation Failure) 349770K->435K(1048512K), 0.0002190 secs]
204.513: [GC (Allocation Failure) 349770K->435K(1048512K), 0.0002070 secs]
204.662: [GC (Allocation Failure) 349770K->435K(1048512K), 0.0002090 secs]
204.864: [GC (Allocation Failure) 349770K->435K(1048512K), 0.0002190 secs]
205.013: [GC (Allocation Failure) 349770K->435K(1048512K), 0.0002090 secs]
205.164: [GC (Allocation Failure) 349770K->435K(1048512K), 0.0002050 secs]
205.314: [GC (Allocation Failure) 349770K->435K(1048512K), 0.0002240 secs]
205.473: [GC (Allocation Failure) 349770K->435K(1048512K), 0.0002080 secs]
205.665: [GC (Allocation Failure) 349770K->435K(1048512K), 0.0002190 secs]
205.815: [GC (Allocation Failure) 349770K->435K(1048512K), 0.0002050 secs]
205.966: [GC (Allocation Failure) 349770K->435K(1048512K), 0.0002750 secs]
206.115: [GC (Allocation Failure) 349770K->435K(1048512K), 0.0002180 secs]
206.271: [GC (Allocation Failure) 349770K->435K(1048512K), 0.0002030 secs]
206.420: [GC (Allocation Failure) 349770K->435K(1048512K), 0.0002200 secs]
206.575: [GC (Allocation Failure) 349770K->435K(1048512K), 0.0002160 secs]
206.781: [GC (Allocation Failure) 349770K->435K(1048512K), 0.0002070 secs]
206.966: [GC (Allocation Failure) 349770K->435K(1048512K), 0.0002970 secs]
207.167: [GC (Allocation Failure) 349770K->435K(1048512K), 0.0002770 secs]
207.423: [GC (Allocation Failure) 349770K->435K(1048512K), 0.0002180 secs]
207.573: [GC (Allocation Failure) 349770K->435K(1048512K), 0.0002070 secs]
207.772: [GC (Allocation Failure) 349770K->435K(1048512K), 0.0002200 secs]
207.928: [GC (Allocation Failure) 349770K->435K(1048512K), 0.0002190 secs]
208.081: [GC (Allocation Failure) 349770K->435K(1048512K), 0.0002210 secs]
208.269: [GC (Allocation Failure) 349770K->435K(1048512K), 0.0002770 secs]
208.570: [GC (Allocation Failure) 349770K->435K(1048512K), 0.0002220 secs]
208.720: [GC (Allocation Failure) 349770K->435K(1048512K), 0.0002030 secs]
208.869: [GC (Allocation Failure) 349770K->435K(1048512K), 0.0002080 secs]
209.021: [GC (Allocation Failure) 349770K->435K(1048512K), 0.0002040 secs]
209.187: [GC (Allocation Failure) 349770K->435K(1048512K), 0.0002100 secs]
209.338: [GC (Allocation Failure) 349770K->435K(1048512K), 0.0002200 secs]
209.491: [GC (Allocation Failure) 349770K->435K(1048512K), 0.0002050 secs]
209.640: [GC (Allocation Failure) 349770K->435K(1048512K), 0.0002160 secs]
209.795: [GC (Allocation Failure) 349770K->435K(1048512K), 0.0002180 secs]
209.986: [GC (Allocation Failure) 349770K->435K(1048512K), 0.0002810 secs]
210.228: [GC (Allocation Failure) 349770K->435K(1048512K), 0.0002270 secs]
210.377: [GC (Allocation Failure) 349770K->435K(1048512K), 0.0002080 secs]
210.571: [GC (Allocation Failure) 349770K->435K(1048512K), 0.0003630 secs]
210.721: [GC (Allocation Failure) 349770K->435K(1048512K), 0.0002070 secs]
210.924: [GC (Allocation Failure) 349770K->435K(1048512K), 0.0002090 secs]
211.075: [GC (Allocation Failure) 349770K->435K(1048512K), 0.0002070 secs]
211.278: [GC (Allocation Failure) 349770K->435K(1048512K), 0.0002100 secs]
211.429: [GC (Allocation Failure) 349770K->435K(1048512K), 0.0002080 secs]
211.591: [GC (Allocation Failure) 349770K->435K(1048512K), 0.0002250 secs]
211.739: [GC (Allocation Failure) 349770K->435K(1048512K), 0.0002080 secs]
211.892: [GC (Allocation Failure) 349770K->435K(1048512K), 0.0002030 secs]
212.042: [GC (Allocation Failure) 349770K->435K(1048512K), 0.0002040 secs]
212.291: [GC (Allocation Failure) 349770K->435K(1048512K), 0.0002280 secs]
212.440: [GC (Allocation Failure) 349770K->435K(1048512K), 0.0002080 secs]
212.594: [GC (Allocation Failure) 349770K->435K(1048512K), 0.0002210 secs]
212.849: [GC (Allocation Failure) 349770K->435K(1048512K), 0.0002100 secs]
212.999: [GC (Allocation Failure) 349770K->435K(1048512K), 0.0002060 secs]
213.181: [GC (Allocation Failure) 349770K->435K(1048512K), 0.0002160 secs]
213.332: [GC (Allocation Failure) 349770K->435K(1048512K), 0.0002780 secs]
213.497: [GC (Allocation Failure) 349770K->435K(1048512K), 0.0002930 secs]
213.646: [GC (Allocation Failure) 349770K->435K(1048512K), 0.0002200 secs]
213.800: [GC (Allocation Failure) 349770K->435K(1048512K), 0.0002180 secs]
214.027: [GC (Allocation Failure) 349770K->435K(1048512K), 0.0002800 secs]
214.227: [GC (Allocation Failure) 349770K->435K(1048512K), 0.0002190 secs]
214.376: [GC (Allocation Failure) 349770K->435K(1048512K), 0.0002210 secs]
214.529: [GC (Allocation Failure) 349770K->435K(1048512K), 0.0002180 secs]
214.705: [GC (Allocation Failure) 349770K->435K(1048512K), 0.0002080 secs]
214.854: [GC (Allocation Failure) 349770K->435K(1048512K), 0.0002080 secs]
215.008: [GC (Allocation Failure) 349770K->435K(1048512K), 0.0002060 secs]
215.156: [GC (Allocation Failure) 349770K->435K(1048512K), 0.0002080 secs]
215.336: [GC (Allocation Failure) 349770K->435K(1048512K), 0.0002150 secs]
215.486: [GC (Allocation Failure) 349770K->435K(1048512K), 0.0002090 secs]
215.639: [GC (Allocation Failure) 349770K->435K(1048512K), 0.0003670 secs]
215.836: [GC (Allocation Failure) 349770K->435K(1048512K), 0.0002260 secs]
215.985: [GC (Allocation Failure) 349770K->435K(1048512K), 0.0002800 secs]
216.187: [GC (Allocation Failure) 349770K->435K(1048512K), 0.0002170 secs]
216.336: [GC (Allocation Failure) 349770K->435K(1048512K), 0.0002080 secs]
216.572: [GC (Allocation Failure) 349770K->435K(1048512K), 0.0002190 secs]
216.724: [GC (Allocation Failure) 349770K->435K(1048512K), 0.0002050 secs]
216.885: [GC (Allocation Failure) 349770K->435K(1048512K), 0.0002180 secs]
217.035: [GC (Allocation Failure) 349770K->435K(1048512K), 0.0002070 secs]
217.228: [GC (Allocation Failure) 349770K->435K(1048512K), 0.0002150 secs]
217.380: [GC (Allocation Failure) 349770K->435K(1048512K), 0.0002110 secs]
217.586: [GC (Allocation Failure) 349770K->435K(1048512K), 0.0002080 secs]
217.735: [GC (Allocation Failure) 349770K->435K(1048512K), 0.0002060 secs]
217.946: [GC (Allocation Failure) 349770K->435K(1048512K), 0.0002430 secs]
218.096: [GC (Allocation Failure) 349770K->435K(1048512K), 0.0002060 secs]
218.298: [GC (Allocation Failure) 349770K->435K(1048512K), 0.0002300 secs]
218.447: [GC (Allocation Failure) 349770K->435K(1048512K), 0.0002060 secs]
218.637: [GC (Allocation Failure) 349770K->435K(1048512K), 0.0002110 secs]
218.788: [GC (Allocation Failure) 349770K->435K(1048512K), 0.0002760 secs]
218.936: [GC (Allocation Failure) 349770K->435K(1048512K), 0.0002190 secs]
219.089: [GC (Allocation Failure) 349770K->435K(1048512K), 0.0002130 secs]
219.288: [GC (Allocation Failure) 349770K->435K(1048512K), 0.0002300 secs]
219.443: [GC (Allocation Failure) 349770K->435K(1048512K), 0.0002760 secs]
219.593: [GC (Allocation Failure) 349770K->435K(1048512K), 0.0002060 secs]
219.790: [GC (Allocation Failure) 349770K->435K(1048512K), 0.0002060 secs]
219.997: [GC (Allocation Failure) 349770K->435K(1048512K), 0.0002280 secs]
220.151: [GC (Allocation Failure) 349770K->435K(1048512K), 0.0002230 secs]
220.390: [GC (Allocation Failure) 349770K->435K(1048512K), 0.0002200 secs]
220.541: [GC (Allocation Failure) 349770K->435K(1048512K), 0.0002000 secs]
220.692: [GC (Allocation Failure) 349770K->435K(1048512K), 0.0002720 secs]
220.846: [GC (Allocation Failure) 349770K->435K(1048512K), 0.0002760 secs]
220.997: [GC (Allocation Failure) 349770K->435K(1048512K), 0.0002220 secs]
221.150: [GC (Allocation Failure) 349770K->435K(1048512K), 0.0002210 secs]
221.300: [GC (Allocation Failure) 349770K->435K(1048512K), 0.0002180 secs]
221.453: [GC (Allocation Failure) 349770K->435K(1048512K), 0.0002130 secs]
221.643: [GC (Allocation Failure) 349770K->435K(1048512K), 0.0002160 secs]
221.793: [GC (Allocation Failure) 349770K->435K(1048512K), 0.0002140 secs]
221.999: [GC (Allocation Failure) 349770K->435K(1048512K), 0.0002070 secs]
222.193: [GC (Allocation Failure) 349770K->435K(1048512K), 0.0002100 secs]
222.397: [GC (Allocation Failure) 349770K->435K(1048512K), 0.0002170 secs]
222.547: [GC (Allocation Failure) 349770K->435K(1048512K), 0.0002060 secs]
222.745: [GC (Allocation Failure) 349770K->435K(1048512K), 0.0002070 secs]
222.894: [GC (Allocation Failure) 349770K->435K(1048512K), 0.0002180 secs]
223.048: [GC (Allocation Failure) 349770K->435K(1048512K), 0.0002060 secs]
223.197: [GC (Allocation Failure) 349770K->435K(1048512K), 0.0002160 secs]
223.352: [GC (Allocation Failure) 349770K->435K(1048512K), 0.0003160 secs]
223.546: [GC (Allocation Failure) 349770K->435K(1048512K), 0.0002060 secs]
223.695: [GC (Allocation Failure) 349770K->435K(1048512K), 0.0002070 secs]
223.896: [GC (Allocation Failure) 349770K->435K(1048512K), 0.0002050 secs]
224.101: [GC (Allocation Failure) 349770K->435K(1048512K), 0.0002150 secs]
224.252: [GC (Allocation Failure) 349770K->435K(1048512K), 0.0002100 secs]
224.498: [GC (Allocation Failure) 349770K->435K(1048512K), 0.0002070 secs]
224.648: [GC (Allocation Failure) 349770K->435K(1048512K), 0.0002190 secs]
224.803: [GC (Allocation Failure) 349770K->435K(1048512K), 0.0002050 secs]
224.999: [GC (Allocation Failure) 349770K->435K(1048512K), 0.0002050 secs]
225.147: [GC (Allocation Failure) 349770K->435K(1048512K), 0.0002050 secs]
225.349: [GC (Allocation Failure) 349770K->435K(1048512K), 0.0002180 secs]
225.503: [GC (Allocation Failure) 349770K->435K(1048512K), 0.0002780 secs]
225.652: [GC (Allocation Failure) 349770K->435K(1048512K), 0.0002050 secs]
225.850: [GC (Allocation Failure) 349770K->435K(1048512K), 0.0002580 secs]
226.021: [GC (Allocation Failure) 349770K->435K(1048512K), 0.0002180 secs]
226.170: [GC (Allocation Failure) 349770K->435K(1048512K), 0.0002090 secs]
226.399: [GC (Allocation Failure) 349770K->435K(1048512K), 0.0002190 secs]
226.551: [GC (Allocation Failure) 349770K->435K(1048512K), 0.0002070 secs]
226.701: [GC (Allocation Failure) 349770K->435K(1048512K), 0.0002110 secs]
226.852: [GC (Allocation Failure) 349770K->435K(1048512K), 0.0002140 secs]
227.052: [GC (Allocation Failure) 349770K->435K(1048512K), 0.0002080 secs]
227.306: [GC (Allocation Failure) 349770K->435K(1048512K), 0.0002250 secs]
227.455: [GC (Allocation Failure) 349770K->435K(1048512K), 0.0002140 secs]
227.608: [GC (Allocation Failure) 349770K->435K(1048512K), 0.0002180 secs]
227.855: [GC (Allocation Failure) 349770K->435K(1048512K), 0.0002070 secs]
228.154: [GC (Allocation Failure) 349770K->435K(1048512K), 0.0002100 secs]
228.304: [GC (Allocation Failure) 349770K->435K(1048512K), 0.0002160 secs]
228.458: [GC (Allocation Failure) 349770K->435K(1048512K), 0.0002190 secs]
228.608: [GC (Allocation Failure) 349770K->435K(1048512K), 0.0002070 secs]
228.761: [GC (Allocation Failure) 349770K->435K(1048512K), 0.0002140 secs]
228.910: [GC (Allocation Failure) 349770K->435K(1048512K), 0.0002150 secs]
229.065: [GC (Allocation Failure) 349770K->435K(1048512K), 0.0002180 secs]
229.306: [GC (Allocation Failure) 349770K->435K(1048512K), 0.0002070 secs]
229.457: [GC (Allocation Failure) 349770K->435K(1048512K), 0.0002030 secs]
229.608: [GC (Allocation Failure) 349770K->435K(1048512K), 0.0002200 secs]
229.757: [GC (Allocation Failure) 349770K->435K(1048512K), 0.0002780 secs]
229.906: [GC (Allocation Failure) 349770K->435K(1048512K), 0.0002760 secs]
230.156: [GC (Allocation Failure) 349770K->435K(1048512K), 0.0002190 secs]
230.308: [GC (Allocation Failure) 349770K->435K(1048512K), 0.0002070 secs]
230.506: [GC (Allocation Failure) 349770K->435K(1048512K), 0.0002070 secs]
230.709: [GC (Allocation Failure) 349770K->435K(1048512K), 0.0002230 secs]
230.859: [GC (Allocation Failure) 349770K->435K(1048512K), 0.0003540 secs]
231.008: [GC (Allocation Failure) 349770K->435K(1048512K), 0.0002040 secs]
231.159: [GC (Allocation Failure) 349770K->435K(1048512K), 0.0002180 secs]
231.309: [GC (Allocation Failure) 349770K->435K(1048512K), 0.0002080 secs]
231.466: [GC (Allocation Failure) 349770K->435K(1048512K), 0.0002160 secs]
231.628: [GC (Allocation Failure) 349770K->435K(1048512K), 0.0002130 secs]
231.779: [GC (Allocation Failure) 349770K->435K(1048512K), 0.0002180 secs]
231.932: [GC (Allocation Failure) 349770K->435K(1048512K), 0.0002780 secs]
232.082: [GC (Allocation Failure) 349770K->435K(1048512K), 0.0002180 secs]
232.235: [GC (Allocation Failure) 349770K->435K(1048512K), 0.0002200 secs]
232.384: [GC (Allocation Failure) 349770K->435K(1048512K), 0.0002160 secs]
232.537: [GC (Allocation Failure) 349770K->435K(1048512K), 0.0002270 secs]
232.713: [GC (Allocation Failure) 349770K->435K(1048512K), 0.0002210 secs]
232.863: [GC (Allocation Failure) 349770K->435K(1048512K), 0.0002060 secs]
233.017: [GC (Allocation Failure) 349770K->435K(1048512K), 0.0002210 secs]
233.167: [GC (Allocation Failure) 349770K->435K(1048512K), 0.0002070 secs]
233.368: [GC (Allocation Failure) 349770K->435K(1048512K), 0.0002180 secs]
233.517: [GC (Allocation Failure) 349770K->435K(1048512K), 0.0002180 secs]
233.670: [GC (Allocation Failure) 349770K->435K(1048512K), 0.0002140 secs]
233.820: [GC (Allocation Failure) 349770K->435K(1048512K), 0.0002080 secs]
234.012: [GC (Allocation Failure) 349770K->435K(1048512K), 0.0002080 secs]
234.219: [GC (Allocation Failure) 349770K->435K(1048512K), 0.0002180 secs]
234.368: [GC (Allocation Failure) 349770K->435K(1048512K), 0.0002060 secs]
234.566: [GC (Allocation Failure) 349770K->435K(1048512K), 0.0002340 secs]
234.716: [GC (Allocation Failure) 349770K->435K(1048512K), 0.0002060 secs]
234.867: [GC (Allocation Failure) 349770K->435K(1048512K), 0.0002170 secs]
235.019: [GC (Allocation Failure) 349770K->435K(1048512K), 0.0002100 secs]
235.214: [GC (Allocation Failure) 349770K->435K(1048512K), 0.0002220 secs]
235.365: [GC (Allocation Failure) 349770K->435K(1048512K), 0.0002730 secs]
235.516: [GC (Allocation Failure) 349770K->435K(1048512K), 0.0002200 secs]
235.669: [GC (Allocation Failure) 349770K->435K(1048512K), 0.0002070 secs]
235.828: [GC (Allocation Failure) 349770K->435K(1048512K), 0.0002060 secs]
235.978: [GC (Allocation Failure) 349770K->435K(1048512K), 0.0003380 secs]
236.131: [GC (Allocation Failure) 349770K->435K(1048512K), 0.0002160 secs]
236.316: [GC (Allocation Failure) 349770K->435K(1048512K), 0.0002100 secs]
236.521: [GC (Allocation Failure) 349770K->435K(1048512K), 0.0002160 secs]
236.671: [GC (Allocation Failure) 349770K->435K(1048512K), 0.0002130 secs]
236.871: [GC (Allocation Failure) 349770K->435K(1048512K), 0.0002020 secs]
237.020: [GC (Allocation Failure) 349770K->435K(1048512K), 0.0002070 secs]
237.322: [GC (Allocation Failure) 349770K->435K(1048512K), 0.0002180 secs]
237.497: [GC (Allocation Failure) 349770K->435K(1048512K), 0.0002200 secs]
237.646: [GC (Allocation Failure) 349770K->435K(1048512K), 0.0002100 secs]
237.826: [GC (Allocation Failure) 349770K->435K(1048512K), 0.0002200 secs]
238.029: [GC (Allocation Failure) 349770K->435K(1048512K), 0.0002270 secs]
238.179: [GC (Allocation Failure) 349770K->435K(1048512K), 0.0002060 secs]
238.333: [GC (Allocation Failure) 349770K->435K(1048512K), 0.0002210 secs]
238.483: [GC (Allocation Failure) 349770K->435K(1048512K), 0.0002060 secs]
238.719: [GC (Allocation Failure) 349770K->435K(1048512K), 0.0002210 secs]
238.873: [GC (Allocation Failure) 349770K->435K(1048512K), 0.0002800 secs]
239.023: [GC (Allocation Failure) 349770K->435K(1048512K), 0.0002180 secs]
239.175: [GC (Allocation Failure) 349770K->435K(1048512K), 0.0002020 secs]
239.375: [GC (Allocation Failure) 349770K->435K(1048512K), 0.0002300 secs]
239.526: [GC (Allocation Failure) 349770K->435K(1048512K), 0.0002030 secs]
239.725: [GC (Allocation Failure) 349770K->435K(1048512K), 0.0002200 secs]
239.876: [GC (Allocation Failure) 349770K->435K(1048512K), 0.0002140 secs]
240.077: [GC (Allocation Failure) 349770K->435K(1048512K), 0.0002030 secs]
240.227: [GC (Allocation Failure) 349770K->435K(1048512K), 0.0002060 secs]
240.420: [GC (Allocation Failure) 349770K->435K(1048512K), 0.0002310 secs]
240.573: [GC (Allocation Failure) 349770K->435K(1048512K), 0.0002190 secs]
240.722: [GC (Allocation Failure) 349770K->435K(1048512K), 0.0003010 secs]
240.877: [GC (Allocation Failure) 349770K->435K(1048512K), 0.0002260 secs]
241.029: [GC (Allocation Failure) 349770K->435K(1048512K), 0.0003190 secs]
241.227: [GC (Allocation Failure) 349770K->435K(1048512K), 0.0002160 secs]
241.378: [GC (Allocation Failure) 349770K->435K(1048512K), 0.0002810 secs]
241.626: [GC (Allocation Failure) 349770K->435K(1048512K), 0.0002280 secs]
241.775: [GC (Allocation Failure) 349770K->435K(1048512K), 0.0002190 secs]
241.928: [GC (Allocation Failure) 349770K->435K(1048512K), 0.0002050 secs]
242.077: [GC (Allocation Failure) 349770K->435K(1048512K), 0.0002040 secs]
242.285: [GC (Allocation Failure) 349770K->435K(1048512K), 0.0002160 secs]
242.434: [GC (Allocation Failure) 349770K->435K(1048512K), 0.0002200 secs]
242.588: [GC (Allocation Failure) 349770K->435K(1048512K), 0.0002250 secs]
242.782: [GC (Allocation Failure) 349770K->435K(1048512K), 0.0002120 secs]
242.931: [GC (Allocation Failure) 349770K->435K(1048512K), 0.0002190 secs]
243.082: [GC (Allocation Failure) 349770K->435K(1048512K), 0.0002030 secs]
243.232: [GC (Allocation Failure) 349770K->435K(1048512K), 0.0002180 secs]
243.388: [GC (Allocation Failure) 349770K->435K(1048512K), 0.0002230 secs]
243.627: [GC (Allocation Failure) 349770K->435K(1048512K), 0.0002180 secs]
243.776: [GC (Allocation Failure) 349770K->435K(1048512K), 0.0001830 secs]
243.929: [GC (Allocation Failure) 349770K->435K(1048512K), 0.0002760 secs]
244.077: [GC (Allocation Failure) 349770K->435K(1048512K), 0.0002230 secs]
244.230: [GC (Allocation Failure) 349770K->435K(1048512K), 0.0002190 secs]
244.392: [GC (Allocation Failure) 349770K->435K(1048512K), 0.0002200 secs]
244.545: [GC (Allocation Failure) 349770K->435K(1048512K), 0.0002150 secs]
244.726: [GC (Allocation Failure) 349770K->435K(1048512K), 0.0002170 secs]
244.885: [GC (Allocation Failure) 349770K->435K(1048512K), 0.0002200 secs]
245.035: [GC (Allocation Failure) 349770K->435K(1048512K), 0.0002210 secs]
245.186: [GC (Allocation Failure) 349770K->435K(1048512K), 0.0002150 secs]
245.336: [GC (Allocation Failure) 349770K->435K(1048512K), 0.0002780 secs]
245.489: [GC (Allocation Failure) 349770K->435K(1048512K), 0.0002080 secs]
245.664: [GC (Allocation Failure) 349770K->435K(1048512K), 0.0002230 secs]
245.816: [GC (Allocation Failure) 349770K->435K(1048512K), 0.0002090 secs]
245.969: [GC (Allocation Failure) 349770K->435K(1048512K), 0.0002050 secs]
246.118: [GC (Allocation Failure) 349770K->435K(1048512K), 0.0002540 secs]
246.273: [GC (Allocation Failure) 349770K->435K(1048512K), 0.0002170 secs]
246.425: [GC (Allocation Failure) 349770K->435K(1048512K), 0.0002300 secs]
246.579: [GC (Allocation Failure) 349770K->435K(1048512K), 0.0002130 secs]
246.739: [GC (Allocation Failure) 349770K->435K(1048512K), 0.0002190 secs]
246.888: [GC (Allocation Failure) 349770K->435K(1048512K), 0.0002070 secs]
247.093: [GC (Allocation Failure) 349770K->435K(1048512K), 0.0002270 secs]
247.243: [GC (Allocation Failure) 349770K->435K(1048512K), 0.0002060 secs]
247.420: [GC (Allocation Failure) 349770K->435K(1048512K), 0.0002070 secs]
247.593: [GC (Allocation Failure) 349770K->435K(1048512K), 0.0002230 secs]
247.742: [GC (Allocation Failure) 349770K->435K(1048512K), 0.0002170 secs]
247.895: [GC (Allocation Failure) 349770K->435K(1048512K), 0.0002020 secs]
248.051: [GC (Allocation Failure) 349770K->435K(1048512K), 0.0002070 secs]
248.241: [GC (Allocation Failure) 349770K->435K(1048512K), 0.0002040 secs]
248.421: [GC (Allocation Failure) 349770K->435K(1048512K), 0.0002190 secs]
248.574: [GC (Allocation Failure) 349770K->435K(1048512K), 0.0002170 secs]
248.737: [GC (Allocation Failure) 349770K->435K(1048512K), 0.0002120 secs]
248.887: [GC (Allocation Failure) 349770K->435K(1048512K), 0.0002190 secs]
249.039: [GC (Allocation Failure) 349770K->435K(1048512K), 0.0002040 secs]
249.188: [GC (Allocation Failure) 349770K->435K(1048512K), 0.0002170 secs]
249.341: [GC (Allocation Failure) 349770K->435K(1048512K), 0.0002110 secs]
249.492: [GC (Allocation Failure) 349770K->435K(1048512K), 0.0002070 secs]
249.644: [GC (Allocation Failure) 349770K->435K(1048512K), 0.0002130 secs]
249.825: [GC (Allocation Failure) 349770K->435K(1048512K), 0.0002200 secs]
249.978: [GC (Allocation Failure) 349770K->435K(1048512K), 0.0002210 secs]
250.126: [GC (Allocation Failure) 349770K->435K(1048512K), 0.0002170 secs]
250.279: [GC (Allocation Failure) 349770K->435K(1048512K), 0.0002120 secs]
250.545: [GC (Allocation Failure) 349770K->435K(1048512K), 0.0002080 secs]
250.697: [GC (Allocation Failure) 349770K->435K(1048512K), 0.0002200 secs]
250.850: [GC (Allocation Failure) 349770K->435K(1048512K), 0.0002190 secs]
251.001: [GC (Allocation Failure) 349770K->435K(1048512K), 0.0002150 secs]
251.153: [GC (Allocation Failure) 349770K->435K(1048512K), 0.0003460 secs]
251.307: [GC (Allocation Failure) 349770K->435K(1048512K), 0.0002280 secs]
251.460: [GC (Allocation Failure) 349770K->435K(1048512K), 0.0002080 secs]
251.665: [GC (Allocation Failure) 349770K->435K(1048512K), 0.0002170 secs]
251.815: [GC (Allocation Failure) 349770K->435K(1048512K), 0.0002100 secs]
251.997: [GC (Allocation Failure) 349770K->435K(1048512K), 0.0002170 secs]
252.148: [GC (Allocation Failure) 349770K->435K(1048512K), 0.0002080 secs]
252.340: [GC (Allocation Failure) 349770K->435K(1048512K), 0.0002110 secs]
252.489: [GC (Allocation Failure) 349770K->435K(1048512K), 0.0002070 secs]
252.652: [GC (Allocation Failure) 349770K->435K(1048512K), 0.0002170 secs]
252.802: [GC (Allocation Failure) 349770K->435K(1048512K), 0.0002170 secs]
252.955: [GC (Allocation Failure) 349770K->435K(1048512K), 0.0002030 secs]
253.107: [GC (Allocation Failure) 349770K->435K(1048512K), 0.0002070 secs]
253.300: [GC (Allocation Failure) 349770K->435K(1048512K), 0.0002010 secs]
253.451: [GC (Allocation Failure) 349770K->435K(1048512K), 0.0002060 secs]
253.601: [GC (Allocation Failure) 349770K->435K(1048512K), 0.0002150 secs]
253.750: [GC (Allocation Failure) 349770K->435K(1048512K), 0.0002060 secs]
253.901: [GC (Allocation Failure) 349770K->435K(1048512K), 0.0002130 secs]
254.100: [GC (Allocation Failure) 349770K->435K(1048512K), 0.0002080 secs]
254.305: [GC (Allocation Failure) 349770K->435K(1048512K), 0.0002190 secs]
254.455: [GC (Allocation Failure) 349770K->435K(1048512K), 0.0002170 secs]
254.608: [GC (Allocation Failure) 349770K->435K(1048512K), 0.0002070 secs]
254.758: [GC (Allocation Failure) 349770K->435K(1048512K), 0.0002060 secs]
254.953: [GC (Allocation Failure) 349770K->435K(1048512K), 0.0002030 secs]
255.102: [GC (Allocation Failure) 349770K->435K(1048512K), 0.0002220 secs]
255.254: [GC (Allocation Failure) 349770K->435K(1048512K), 0.0002740 secs]
255.406: [GC (Allocation Failure) 349770K->435K(1048512K), 0.0002090 secs]
255.604: [GC (Allocation Failure) 349770K->435K(1048512K), 0.0002020 secs]
255.754: [GC (Allocation Failure) 349770K->435K(1048512K), 0.0002110 secs]
255.908: [GC (Allocation Failure) 349770K->435K(1048512K), 0.0002210 secs]
256.105: [GC (Allocation Failure) 349770K->435K(1048512K), 0.0002200 secs]
256.255: [GC (Allocation Failure) 349770K->435K(1048512K), 0.0003380 secs]
256.406: [GC (Allocation Failure) 349770K->435K(1048512K), 0.0002750 secs]
256.556: [GC (Allocation Failure) 349770K->435K(1048512K), 0.0002080 secs]
256.742: [GC (Allocation Failure) 349770K->435K(1048512K), 0.0002090 secs]
256.905: [GC (Allocation Failure) 349770K->435K(1048512K), 0.0002200 secs]
257.057: [GC (Allocation Failure) 349770K->435K(1048512K), 0.0002150 secs]
257.206: [GC (Allocation Failure) 349770K->435K(1048512K), 0.0002060 secs]
257.361: [GC (Allocation Failure) 349770K->435K(1048512K), 0.0002150 secs]
257.558: [GC (Allocation Failure) 349770K->435K(1048512K), 0.0002060 secs]
257.706: [GC (Allocation Failure) 349770K->435K(1048512K), 0.0002060 secs]
257.908: [GC (Allocation Failure) 349770K->435K(1048512K), 0.0002090 secs]
258.069: [GC (Allocation Failure) 349770K->435K(1048512K), 0.0002780 secs]
258.219: [GC (Allocation Failure) 349770K->435K(1048512K), 0.0002180 secs]
258.373: [GC (Allocation Failure) 349770K->435K(1048512K), 0.0002180 secs]
258.522: [GC (Allocation Failure) 349770K->435K(1048512K), 0.0002070 secs]
258.710: [GC (Allocation Failure) 349770K->435K(1048512K), 0.0002820 secs]
258.859: [GC (Allocation Failure) 349770K->435K(1048512K), 0.0002800 secs]
259.064: [GC (Allocation Failure) 349770K->435K(1048512K), 0.0002160 secs]
259.213: [GC (Allocation Failure) 349770K->435K(1048512K), 0.0002080 secs]
259.396: [GC (Allocation Failure) 349770K->435K(1048512K), 0.0002360 secs]
259.545: [GC (Allocation Failure) 349770K->435K(1048512K), 0.0002080 secs]
259.698: [GC (Allocation Failure) 349770K->435K(1048512K), 0.0002200 secs]
259.860: [GC (Allocation Failure) 349770K->435K(1048512K), 0.0002170 secs]
260.062: [GC (Allocation Failure) 349770K->435K(1048512K), 0.0002070 secs]
260.213: [GC (Allocation Failure) 349770K->435K(1048512K), 0.0002100 secs]
260.366: [GC (Allocation Failure) 349770K->435K(1048512K), 0.0002770 secs]
260.516: [GC (Allocation Failure) 349770K->435K(1048512K), 0.0002070 secs]
260.717: [GC (Allocation Failure) 349770K->435K(1048512K), 0.0002240 secs]
260.866: [GC (Allocation Failure) 349770K->435K(1048512K), 0.0002210 secs]
261.018: [GC (Allocation Failure) 349770K->435K(1048512K), 0.0002150 secs]
261.166: [GC (Allocation Failure) 349770K->435K(1048512K), 0.0002060 secs]
261.364: [GC (Allocation Failure) 349770K->435K(1048512K), 0.0002620 secs]
261.518: [GC (Allocation Failure) 349770K->435K(1048512K), 0.0002760 secs]
261.763: [GC (Allocation Failure) 349770K->435K(1048512K), 0.0002200 secs]
261.948: [GC (Allocation Failure) 349770K->435K(1048512K), 0.0002090 secs]
262.115: [GC (Allocation Failure) 349770K->435K(1048512K), 0.0002210 secs]
262.266: [GC (Allocation Failure) 349770K->435K(1048512K), 0.0002040 secs]
262.465: [GC (Allocation Failure) 349770K->435K(1048512K), 0.0002330 secs]
262.616: [GC (Allocation Failure) 349770K->435K(1048512K), 0.0002160 secs]
262.766: [GC (Allocation Failure) 349770K->435K(1048512K), 0.0002160 secs]
262.917: [GC (Allocation Failure) 349770K->435K(1048512K), 0.0002760 secs]
263.067: [GC (Allocation Failure) 349770K->435K(1048512K), 0.0002060 secs]
263.266: [GC (Allocation Failure) 349770K->435K(1048512K), 0.0002200 secs]
263.418: [GC (Allocation Failure) 349770K->435K(1048512K), 0.0002050 secs]
263.616: [GC (Allocation Failure) 349770K->435K(1048512K), 0.0002060 secs]
263.825: [GC (Allocation Failure) 349770K->435K(1048512K), 0.0002300 secs]
263.974: [GC (Allocation Failure) 349770K->435K(1048512K), 0.0002170 secs]
264.168: [GC (Allocation Failure) 349770K->435K(1048512K), 0.0002200 secs]
264.319: [GC (Allocation Failure) 349770K->435K(1048512K), 0.0002050 secs]
264.467: [GC (Allocation Failure) 349770K->435K(1048512K), 0.0002180 secs]
264.620: [GC (Allocation Failure) 349770K->435K(1048512K), 0.0002780 secs]
264.768: [GC (Allocation Failure) 349770K->435K(1048512K), 0.0002190 secs]
264.920: [GC (Allocation Failure) 349770K->435K(1048512K), 0.0002040 secs]
265.124: [GC (Allocation Failure) 349770K->435K(1048512K), 0.0002180 secs]
265.274: [GC (Allocation Failure) 349770K->435K(1048512K), 0.0002090 secs]
265.437: [GC (Allocation Failure) 349770K->435K(1048512K), 0.0002210 secs]
265.590: [GC (Allocation Failure) 349770K->435K(1048512K), 0.0002070 secs]
265.739: [GC (Allocation Failure) 349770K->435K(1048512K), 0.0002180 secs]
265.892: [GC (Allocation Failure) 349770K->435K(1048512K), 0.0002240 secs]
266.121: [GC (Allocation Failure) 349770K->435K(1048512K), 0.0002190 secs]
266.353: [GC (Allocation Failure) 349770K->435K(1048512K), 0.0002230 secs]
266.508: [GC (Allocation Failure) 349770K->435K(1048512K), 0.0003310 secs]
266.661: [GC (Allocation Failure) 349770K->435K(1048512K), 0.0002220 secs]
266.815: [GC (Allocation Failure) 349770K->435K(1048512K), 0.0002040 secs]
266.964: [GC (Allocation Failure) 349770K->435K(1048512K), 0.0002110 secs]
267.118: [GC (Allocation Failure) 349770K->435K(1048512K), 0.0002150 secs]
267.325: [GC (Allocation Failure) 349770K->435K(1048512K), 0.0002040 secs]
267.493: [GC (Allocation Failure) 349770K->435K(1048512K), 0.0002210 secs]
267.646: [GC (Allocation Failure) 349770K->435K(1048512K), 0.0002070 secs]
267.796: [GC (Allocation Failure) 349770K->435K(1048512K), 0.0002030 secs]
267.962: [GC (Allocation Failure) 349770K->435K(1048512K), 0.0002220 secs]
268.118: [GC (Allocation Failure) 349770K->435K(1048512K), 0.0002270 secs]
268.276: [GC (Allocation Failure) 349770K->435K(1048512K), 0.0002060 secs]
268.475: [GC (Allocation Failure) 349770K->435K(1048512K), 0.0002730 secs]
268.731: [GC (Allocation Failure) 349770K->435K(1048512K), 0.0002180 secs]
268.881: [GC (Allocation Failure) 349770K->435K(1048512K), 0.0002160 secs]
269.081: [GC (Allocation Failure) 349770K->435K(1048512K), 0.0002240 secs]
269.231: [GC (Allocation Failure) 349770K->435K(1048512K), 0.0002070 secs]
269.385: [GC (Allocation Failure) 349770K->435K(1048512K), 0.0002210 secs]
269.535: [GC (Allocation Failure) 349770K->435K(1048512K), 0.0002030 secs]
269.729: [GC (Allocation Failure) 349770K->435K(1048512K), 0.0002070 secs]
269.879: [GC (Allocation Failure) 349770K->435K(1048512K), 0.0002110 secs]
270.029: [GC (Allocation Failure) 349770K->435K(1048512K), 0.0002140 secs]
270.229: [GC (Allocation Failure) 349770K->435K(1048512K), 0.0002090 secs]
270.380: [GC (Allocation Failure) 349770K->435K(1048512K), 0.0002750 secs]
270.529: [GC (Allocation Failure) 349770K->435K(1048512K), 0.0002170 secs]
270.680: [GC (Allocation Failure) 349770K->435K(1048512K), 0.0002740 secs]
270.830: [GC (Allocation Failure) 349770K->435K(1048512K), 0.0002070 secs]
271.035: [GC (Allocation Failure) 349770K->435K(1048512K), 0.0002080 secs]
271.184: [GC (Allocation Failure) 349770K->435K(1048512K), 0.0002100 secs]
271.386: [GC (Allocation Failure) 349770K->435K(1048512K), 0.0002870 secs]
271.536: [GC (Allocation Failure) 349770K->435K(1048512K), 0.0003380 secs]
271.690: [GC (Allocation Failure) 349770K->435K(1048512K), 0.0002830 secs]
271.840: [GC (Allocation Failure) 349770K->435K(1048512K), 0.0002210 secs]
271.994: [GC (Allocation Failure) 349770K->435K(1048512K), 0.0002190 secs]
272.144: [GC (Allocation Failure) 349770K->435K(1048512K), 0.0002080 secs]
272.299: [GC (Allocation Failure) 349770K->435K(1048512K), 0.0002170 secs]
272.465: [GC (Allocation Failure) 349770K->435K(1048512K), 0.0002040 secs]
272.615: [GC (Allocation Failure) 349770K->435K(1048512K), 0.0002740 secs]
272.783: [GC (Allocation Failure) 349770K->435K(1048512K), 0.0002190 secs]
272.934: [GC (Allocation Failure) 349770K->435K(1048512K), 0.0002210 secs]
273.135: [GC (Allocation Failure) 349770K->435K(1048512K), 0.0002060 secs]
273.285: [GC (Allocation Failure) 349770K->435K(1048512K), 0.0002750 secs]
273.464: [GC (Allocation Failure) 349770K->435K(1048512K), 0.0002190 secs]
273.613: [GC (Allocation Failure) 349770K->435K(1048512K), 0.0002210 secs]
273.889: [GC (Allocation Failure) 349770K->435K(1048512K), 0.0002260 secs]
274.038: [GC (Allocation Failure) 349770K->435K(1048512K), 0.0002170 secs]
274.224: [GC (Allocation Failure) 349770K->435K(1048512K), 0.0002190 secs]
274.377: [GC (Allocation Failure) 349770K->435K(1048512K), 0.0002060 secs]
274.526: [GC (Allocation Failure) 349770K->435K(1048512K), 0.0002150 secs]
274.739: [GC (Allocation Failure) 349770K->435K(1048512K), 0.0002220 secs]
274.892: [GC (Allocation Failure) 349770K->435K(1048512K), 0.0002060 secs]
275.042: [GC (Allocation Failure) 349770K->435K(1048512K), 0.0002080 secs]
275.269: [GC (Allocation Failure) 349770K->435K(1048512K), 0.0002190 secs]
275.419: [GC (Allocation Failure) 349770K->435K(1048512K), 0.0002070 secs]
275.625: [GC (Allocation Failure) 349770K->435K(1048512K), 0.0002080 secs]
275.791: [GC (Allocation Failure) 349770K->435K(1048512K), 0.0002190 secs]
275.946: [GC (Allocation Failure) 349770K->435K(1048512K), 0.0002050 secs]
276.188: [GC (Allocation Failure) 349770K->435K(1048512K), 0.0002080 secs]
276.367: [GC (Allocation Failure) 349770K->435K(1048512K), 0.0002200 secs]
276.519: [GC (Allocation Failure) 349770K->435K(1048512K), 0.0002160 secs]
276.740: [GC (Allocation Failure) 349770K->435K(1048512K), 0.0003290 secs]
276.891: [GC (Allocation Failure) 349770K->435K(1048512K), 0.0002030 secs]
277.042: [GC (Allocation Failure) 349770K->435K(1048512K), 0.0002180 secs]
277.196: [GC (Allocation Failure) 349770K->435K(1048512K), 0.0002190 secs]
277.347: [GC (Allocation Failure) 349770K->435K(1048512K), 0.0002140 secs]
277.502: [GC (Allocation Failure) 349770K->435K(1048512K), 0.0002800 secs]
277.651: [GC (Allocation Failure) 349770K->435K(1048512K), 0.0002200 secs]
277.804: [GC (Allocation Failure) 349770K->435K(1048512K), 0.0002160 secs]
277.993: [GC (Allocation Failure) 349770K->435K(1048512K), 0.0002080 secs]
278.150: [GC (Allocation Failure) 349770K->435K(1048512K), 0.0002180 secs]
278.306: [GC (Allocation Failure) 349770K->435K(1048512K), 0.0002280 secs]
278.470: [GC (Allocation Failure) 349770K->435K(1048512K), 0.0002090 secs]
278.645: [GC (Allocation Failure) 349770K->435K(1048512K), 0.0002190 secs]
278.799: [GC (Allocation Failure) 349770K->435K(1048512K), 0.0002140 secs]
279.093: [GC (Allocation Failure) 349770K->435K(1048512K), 0.0002760 secs]
279.245: [GC (Allocation Failure) 349770K->435K(1048512K), 0.0002050 secs]
279.427: [GC (Allocation Failure) 349770K->435K(1048512K), 0.0002170 secs]
279.580: [GC (Allocation Failure) 349770K->435K(1048512K), 0.0002070 secs]
279.729: [GC (Allocation Failure) 349770K->435K(1048512K), 0.0002190 secs]
279.950: [GC (Allocation Failure) 349770K->435K(1048512K), 0.0002200 secs]
280.099: [GC (Allocation Failure) 349770K->435K(1048512K), 0.0002200 secs]
280.252: [GC (Allocation Failure) 349770K->435K(1048512K), 0.0002130 secs]
280.420: [GC (Allocation Failure) 349770K->435K(1048512K), 0.0002030 secs]
280.597: [GC (Allocation Failure) 349770K->435K(1048512K), 0.0002070 secs]
280.777: [GC (Allocation Failure) 349770K->435K(1048512K), 0.0002290 secs]
280.927: [GC (Allocation Failure) 349770K->435K(1048512K), 0.0002060 secs]
281.152: [GC (Allocation Failure) 349770K->435K(1048512K), 0.0002150 secs]
281.303: [GC (Allocation Failure) 349770K->435K(1048512K), 0.0002160 secs]
281.493: [GC (Allocation Failure) 349770K->435K(1048512K), 0.0002190 secs]
281.646: [GC (Allocation Failure) 349770K->435K(1048512K), 0.0002180 secs]
281.796: [GC (Allocation Failure) 349770K->435K(1048512K), 0.0002510 secs]
281.950: [GC (Allocation Failure) 349770K->435K(1048512K), 0.0002100 secs]
282.164: [GC (Allocation Failure) 349770K->435K(1048512K), 0.0002210 secs]
282.352: [GC (Allocation Failure) 349770K->435K(1048512K), 0.0002770 secs]
282.550: [GC (Allocation Failure) 349770K->435K(1048512K), 0.0002090 secs]
282.824: [GC (Allocation Failure) 349770K->435K(1048512K), 0.0002180 secs]
282.977: [GC (Allocation Failure) 349770K->435K(1048512K), 0.0002160 secs]
283.127: [GC (Allocation Failure) 349770K->435K(1048512K), 0.0002050 secs]
283.281: [GC (Allocation Failure) 349770K->435K(1048512K), 0.0002130 secs]
283.457: [GC (Allocation Failure) 349770K->435K(1048512K), 0.0002100 secs]
283.607: [GC (Allocation Failure) 349770K->435K(1048512K), 0.0002170 secs]
283.760: [GC (Allocation Failure) 349770K->435K(1048512K), 0.0002150 secs]
283.954: [GC (Allocation Failure) 349770K->435K(1048512K), 0.0002070 secs]
284.104: [GC (Allocation Failure) 349770K->435K(1048512K), 0.0002050 secs]
284.259: [GC (Allocation Failure) 349770K->435K(1048512K), 0.0002190 secs]
284.408: [GC (Allocation Failure) 349770K->435K(1048512K), 0.0002180 secs]
284.561: [GC (Allocation Failure) 349770K->435K(1048512K), 0.0002170 secs]
284.780: [GC (Allocation Failure) 349770K->435K(1048512K), 0.0002110 secs]
284.956: [GC (Allocation Failure) 349770K->435K(1048512K), 0.0002140 secs]
285.105: [GC (Allocation Failure) 349770K->435K(1048512K), 0.0002070 secs]
285.256: [GC (Allocation Failure) 349770K->435K(1048512K), 0.0002060 secs]
285.435: [GC (Allocation Failure) 349770K->435K(1048512K), 0.0002080 secs]
285.589: [GC (Allocation Failure) 349770K->435K(1048512K), 0.0002770 secs]
285.738: [GC (Allocation Failure) 349770K->435K(1048512K), 0.0002180 secs]
285.962: [GC (Allocation Failure) 349770K->435K(1048512K), 0.0002210 secs]
286.111: [GC (Allocation Failure) 349770K->435K(1048512K), 0.0002180 secs]
286.264: [GC (Allocation Failure) 349770K->435K(1048512K), 0.0002190 secs]
286.557: [GC (Allocation Failure) 349770K->435K(1048512K), 0.0002090 secs]
286.784: [GC (Allocation Failure) 349770K->435K(1048512K), 0.0002210 secs]
286.937: [GC (Allocation Failure) 349770K->435K(1048512K), 0.0004020 secs]
287.116: [GC (Allocation Failure) 349770K->435K(1048512K), 0.0002210 secs]
287.268: [GC (Allocation Failure) 349770K->435K(1048512K), 0.0002170 secs]
287.460: [GC (Allocation Failure) 349770K->435K(1048512K), 0.0002200 secs]
287.609: [GC (Allocation Failure) 349770K->435K(1048512K), 0.0002070 secs]
287.809: [GC (Allocation Failure) 349770K->435K(1048512K), 0.0002190 secs]
287.961: [GC (Allocation Failure) 349770K->435K(1048512K), 0.0002080 secs]
288.260: [GC (Allocation Failure) 349770K->435K(1048512K), 0.0002090 secs]
288.423: [GC (Allocation Failure) 349770K->435K(1048512K), 0.0002210 secs]
288.572: [GC (Allocation Failure) 349770K->435K(1048512K), 0.0002200 secs]
288.725: [GC (Allocation Failure) 349770K->435K(1048512K), 0.0002270 secs]
288.912: [GC (Allocation Failure) 349770K->435K(1048512K), 0.0002150 secs]
289.064: [GC (Allocation Failure) 349770K->435K(1048512K), 0.0002090 secs]
289.228: [GC (Allocation Failure) 349770K->435K(1048512K), 0.0002160 secs]
289.378: [GC (Allocation Failure) 349770K->435K(1048512K), 0.0002050 secs]
289.567: [GC (Allocation Failure) 349770K->435K(1048512K), 0.0002270 secs]
289.717: [GC (Allocation Failure) 349770K->435K(1048512K), 0.0002170 secs]
290.014: [GC (Allocation Failure) 349770K->435K(1048512K), 0.0002280 secs]
290.164: [GC (Allocation Failure) 349770K->435K(1048512K), 0.0002020 secs]
290.364: [GC (Allocation Failure) 349770K->435K(1048512K), 0.0002210 secs]
290.515: [GC (Allocation Failure) 349770K->435K(1048512K), 0.0002070 secs]
290.665: [GC (Allocation Failure) 349770K->435K(1048512K), 0.0002080 secs]
290.866: [GC (Allocation Failure) 349770K->435K(1048512K), 0.0002150 secs]
291.015: [GC (Allocation Failure) 349770K->435K(1048512K), 0.0002050 secs]
291.166: [GC (Allocation Failure) 349770K->435K(1048512K), 0.0002100 secs]
291.423: [GC (Allocation Failure) 349770K->435K(1048512K), 0.0002100 secs]
291.573: [GC (Allocation Failure) 349770K->435K(1048512K), 0.0002190 secs]
291.727: [GC (Allocation Failure) 349770K->435K(1048512K), 0.0002200 secs]
291.878: [GC (Allocation Failure) 349770K->435K(1048512K), 0.0002070 secs]
292.066: [GC (Allocation Failure) 349770K->435K(1048512K), 0.0002950 secs]
292.318: [GC (Allocation Failure) 349770K->435K(1048512K), 0.0002100 secs]
292.467: [GC (Allocation Failure) 349770K->435K(1048512K), 0.0002060 secs]
292.670: [GC (Allocation Failure) 349770K->435K(1048512K), 0.0002080 secs]
292.827: [GC (Allocation Failure) 349770K->435K(1048512K), 0.0002260 secs]
292.976: [GC (Allocation Failure) 349770K->435K(1048512K), 0.0002060 secs]
293.173: [GC (Allocation Failure) 349770K->435K(1048512K), 0.0002170 secs]
293.324: [GC (Allocation Failure) 349770K->435K(1048512K), 0.0002080 secs]
293.504: [GC (Allocation Failure) 349770K->435K(1048512K), 0.0002070 secs]
293.659: [GC (Allocation Failure) 349770K->435K(1048512K), 0.0002070 secs]
293.869: [GC (Allocation Failure) 349770K->435K(1048512K), 0.0002210 secs]
294.021: [GC (Allocation Failure) 349770K->435K(1048512K), 0.0002130 secs]
294.169: [GC (Allocation Failure) 349770K->435K(1048512K), 0.0002110 secs]
294.375: [GC (Allocation Failure) 349770K->435K(1048512K), 0.0002150 secs]
294.524: [GC (Allocation Failure) 349770K->435K(1048512K), 0.0002100 secs]
294.722: [GC (Allocation Failure) 349770K->435K(1048512K), 0.0002040 secs]
294.871: [GC (Allocation Failure) 349770K->435K(1048512K), 0.0002260 secs]
295.023: [GC (Allocation Failure) 349770K->435K(1048512K), 0.0002140 secs]
295.191: [GC (Allocation Failure) 349770K->435K(1048512K), 0.0002210 secs]
295.345: [GC (Allocation Failure) 349770K->435K(1048512K), 0.0002080 secs]
295.495: [GC (Allocation Failure) 349770K->435K(1048512K), 0.0002070 secs]
295.648: [GC (Allocation Failure) 349770K->435K(1048512K), 0.0002280 secs]
295.824: [GC (Allocation Failure) 349770K->435K(1048512K), 0.0002070 secs]
296.029: [GC (Allocation Failure) 349770K->435K(1048512K), 0.0002140 secs]
296.178: [GC (Allocation Failure) 349770K->435K(1048512K), 0.0002160 secs]
296.336: [GC (Allocation Failure) 349770K->435K(1048512K), 0.0002070 secs]
296.486: [GC (Allocation Failure) 349770K->435K(1048512K), 0.0002290 secs]
296.661: [GC (Allocation Failure) 349770K->435K(1048512K), 0.0002750 secs]
296.811: [GC (Allocation Failure) 349770K->435K(1048512K), 0.0002180 secs]
296.964: [GC (Allocation Failure) 349770K->435K(1048512K), 0.0002150 secs]
297.114: [GC (Allocation Failure) 349770K->435K(1048512K), 0.0003980 secs]
297.268: [GC (Allocation Failure) 349770K->435K(1048512K), 0.0002770 secs]
297.419: [GC (Allocation Failure) 349770K->435K(1048512K), 0.0002190 secs]
297.574: [GC (Allocation Failure) 349770K->435K(1048512K), 0.0002180 secs]
297.724: [GC (Allocation Failure) 349770K->435K(1048512K), 0.0002040 secs]
297.878: [GC (Allocation Failure) 349770K->435K(1048512K), 0.0002190 secs]
298.032: [GC (Allocation Failure) 349770K->435K(1048512K), 0.0002750 secs]
298.188: [GC (Allocation Failure) 349770K->435K(1048512K), 0.0002200 secs]
298.341: [GC (Allocation Failure) 349770K->435K(1048512K), 0.0002040 secs]
298.490: [GC (Allocation Failure) 349770K->435K(1048512K), 0.0002200 secs]
298.643: [GC (Allocation Failure) 349770K->435K(1048512K), 0.0002750 secs]
298.794: [GC (Allocation Failure) 349770K->435K(1048512K), 0.0002220 secs]
298.947: [GC (Allocation Failure) 349770K->435K(1048512K), 0.0002200 secs]
299.127: [GC (Allocation Failure) 349770K->435K(1048512K), 0.0002090 secs]
299.331: [GC (Allocation Failure) 349770K->435K(1048512K), 0.0002050 secs]
299.496: [GC (Allocation Failure) 349770K->435K(1048512K), 0.0002260 secs]
299.645: [GC (Allocation Failure) 349770K->435K(1048512K), 0.0002080 secs]
299.799: [GC (Allocation Failure) 349770K->435K(1048512K), 0.0002190 secs]
300.000: [GC (Allocation Failure) 349770K->435K(1048512K), 0.0002210 secs]
300.153: [GC (Allocation Failure) 349770K->435K(1048512K), 0.0002080 secs]
300.382: [GC (Allocation Failure) 349770K->435K(1048512K), 0.0002090 secs]
300.533: [GC (Allocation Failure) 349770K->435K(1048512K), 0.0002760 secs]
300.682: [GC (Allocation Failure) 349770K->435K(1048512K), 0.0002060 secs]
300.932: [GC (Allocation Failure) 349770K->435K(1048512K), 0.0002280 secs]
301.087: [GC (Allocation Failure) 349770K->435K(1048512K), 0.0002160 secs]
301.287: [GC (Allocation Failure) 349770K->435K(1048512K), 0.0002030 secs]
301.436: [GC (Allocation Failure) 349770K->435K(1048512K), 0.0002180 secs]
301.589: [GC (Allocation Failure) 349770K->435K(1048512K), 0.0002180 secs]
301.883: [GC (Allocation Failure) 349770K->435K(1048512K), 0.0002180 secs]
302.035: [GC (Allocation Failure) 349770K->435K(1048512K), 0.0002120 secs]
302.232: [GC (Allocation Failure) 349770K->435K(1048512K), 0.0003230 secs]
302.383: [GC (Allocation Failure) 349770K->435K(1048512K), 0.0002080 secs]
302.627: [GC (Allocation Failure) 349770K->435K(1048512K), 0.0002230 secs]
302.778: [GC (Allocation Failure) 349770K->435K(1048512K), 0.0002780 secs]
302.936: [GC (Allocation Failure) 349770K->435K(1048512K), 0.0002310 secs]
303.087: [GC (Allocation Failure) 349770K->435K(1048512K), 0.0002150 secs]
303.236: [GC (Allocation Failure) 349770K->435K(1048512K), 0.0002800 secs]
303.419: [GC (Allocation Failure) 349770K->435K(1048512K), 0.0002200 secs]
303.574: [GC (Allocation Failure) 349770K->435K(1048512K), 0.0002220 secs]
303.824: [GC (Allocation Failure) 349770K->435K(1048512K), 0.0002210 secs]
303.978: [GC (Allocation Failure) 349770K->435K(1048512K), 0.0002170 secs]
304.127: [GC (Allocation Failure) 349770K->435K(1048512K), 0.0002070 secs]
304.387: [GC (Allocation Failure) 349770K->435K(1048512K), 0.0002060 secs]
304.689: [GC (Allocation Failure) 349770K->435K(1048512K), 0.0002120 secs]
304.908: [GC (Allocation Failure) 349770K->435K(1048512K), 0.0002190 secs]
305.059: [GC (Allocation Failure) 349770K->435K(1048512K), 0.0002030 secs]
305.212: [GC (Allocation Failure) 349770K->435K(1048512K), 0.0002760 secs]
305.363: [GC (Allocation Failure) 349770K->435K(1048512K), 0.0002070 secs]
305.541: [GC (Allocation Failure) 349770K->435K(1048512K), 0.0002030 secs]
305.690: [GC (Allocation Failure) 349770K->435K(1048512K), 0.0002070 secs]
305.942: [GC (Allocation Failure) 349770K->435K(1048512K), 0.0002200 secs]
306.091: [GC (Allocation Failure) 349770K->435K(1048512K), 0.0002060 secs]
306.242: [GC (Allocation Failure) 349770K->435K(1048512K), 0.0002350 secs]
306.392: [GC (Allocation Failure) 349770K->435K(1048512K), 0.0002110 secs]
306.571: [GC (Allocation Failure) 349770K->435K(1048512K), 0.0002300 secs]
306.724: [GC (Allocation Failure) 349770K->435K(1048512K), 0.0002060 secs]
306.873: [GC (Allocation Failure) 349770K->435K(1048512K), 0.0002030 secs]
307.023: [GC (Allocation Failure) 349770K->435K(1048512K), 0.0002050 secs]
307.216: [GC (Allocation Failure) 349770K->435K(1048512K), 0.0002200 secs]
307.367: [GC (Allocation Failure) 349770K->435K(1048512K), 0.0002070 secs]
307.599: [GC (Allocation Failure) 349770K->435K(1048512K), 0.0002910 secs]
307.749: [GC (Allocation Failure) 349770K->435K(1048512K), 0.0002180 secs]
307.902: [GC (Allocation Failure) 349770K->435K(1048512K), 0.0002760 secs]
308.056: [GC (Allocation Failure) 349770K->435K(1048512K), 0.0002740 secs]
308.246: [GC (Allocation Failure) 349770K->435K(1048512K), 0.0002080 secs]
308.396: [GC (Allocation Failure) 349770K->435K(1048512K), 0.0002190 secs]
308.546: [GC (Allocation Failure) 349770K->435K(1048512K), 0.0002050 secs]
308.746: [GC (Allocation Failure) 349770K->435K(1048512K), 0.0002200 secs]
308.997: [GC (Allocation Failure) 349770K->435K(1048512K), 0.0002040 secs]
309.146: [GC (Allocation Failure) 349770K->435K(1048512K), 0.0002260 secs]
309.348: [GC (Allocation Failure) 349770K->435K(1048512K), 0.0002070 secs]
309.502: [GC (Allocation Failure) 349770K->435K(1048512K), 0.0002150 secs]
309.652: [GC (Allocation Failure) 349770K->435K(1048512K), 0.0002060 secs]
309.824: [GC (Allocation Failure) 349770K->435K(1048512K), 0.0002210 secs]
309.978: [GC (Allocation Failure) 349770K->435K(1048512K), 0.0002170 secs]
310.127: [GC (Allocation Failure) 349770K->435K(1048512K), 0.0002060 secs]
310.279: [GC (Allocation Failure) 349770K->435K(1048512K), 0.0002030 secs]
310.428: [GC (Allocation Failure) 349770K->435K(1048512K), 0.0002050 secs]
310.599: [GC (Allocation Failure) 349770K->435K(1048512K), 0.0002050 secs]
310.765: [GC (Allocation Failure) 349770K->435K(1048512K), 0.0002210 secs]
310.919: [GC (Allocation Failure) 349770K->435K(1048512K), 0.0002040 secs]
311.105: [GC (Allocation Failure) 349770K->435K(1048512K), 0.0002090 secs]
311.254: [GC (Allocation Failure) 349770K->435K(1048512K), 0.0002270 secs]
311.425: [GC (Allocation Failure) 349770K->435K(1048512K), 0.0002090 secs]
311.578: [GC (Allocation Failure) 349770K->435K(1048512K), 0.0002180 secs]
311.751: [GC (Allocation Failure) 349770K->435K(1048512K), 0.0002180 secs]
311.952: [GC (Allocation Failure) 349770K->435K(1048512K), 0.0002190 secs]
312.153: [GC (Allocation Failure) 349770K->435K(1048512K), 0.0002820 secs]
312.303: [GC (Allocation Failure) 349770K->435K(1048512K), 0.0002780 secs]
312.502: [GC (Allocation Failure) 349770K->435K(1048512K), 0.0002730 secs]
312.654: [GC (Allocation Failure) 349770K->435K(1048512K), 0.0002140 secs]
312.853: [GC (Allocation Failure) 349770K->435K(1048512K), 0.0002070 secs]
313.054: [GC (Allocation Failure) 349770K->435K(1048512K), 0.0002160 secs]
313.204: [GC (Allocation Failure) 349770K->435K(1048512K), 0.0002120 secs]
313.419: [GC (Allocation Failure) 349770K->435K(1048512K), 0.0002070 secs]
313.609: [GC (Allocation Failure) 349770K->435K(1048512K), 0.0002270 secs]
313.759: [GC (Allocation Failure) 349770K->435K(1048512K), 0.0002050 secs]
313.956: [GC (Allocation Failure) 349770K->435K(1048512K), 0.0002030 secs]
314.105: [GC (Allocation Failure) 349770K->435K(1048512K), 0.0002090 secs]
314.256: [GC (Allocation Failure) 349770K->435K(1048512K), 0.0002140 secs]
314.421: [GC (Allocation Failure) 349770K->435K(1048512K), 0.0002230 secs]
314.574: [GC (Allocation Failure) 349770K->435K(1048512K), 0.0002270 secs]
314.761: [GC (Allocation Failure) 349770K->435K(1048512K), 0.0002260 secs]
314.910: [GC (Allocation Failure) 349770K->435K(1048512K), 0.0002060 secs]
315.108: [GC (Allocation Failure) 349770K->435K(1048512K), 0.0002130 secs]
315.257: [GC (Allocation Failure) 349770K->435K(1048512K), 0.0002080 secs]
315.408: [GC (Allocation Failure) 349770K->435K(1048512K), 0.0002040 secs]
315.558: [GC (Allocation Failure) 349770K->435K(1048512K), 0.0002220 secs]
315.709: [GC (Allocation Failure) 349770K->435K(1048512K), 0.0002050 secs]
315.909: [GC (Allocation Failure) 349770K->435K(1048512K), 0.0002030 secs]
316.058: [GC (Allocation Failure) 349770K->435K(1048512K), 0.0002180 secs]
316.210: [GC (Allocation Failure) 349770K->435K(1048512K), 0.0002760 secs]
316.359: [GC (Allocation Failure) 349770K->435K(1048512K), 0.0002060 secs]
316.559: [GC (Allocation Failure) 349770K->435K(1048512K), 0.0002200 secs]
316.711: [GC (Allocation Failure) 349770K->435K(1048512K), 0.0002150 secs]
316.859: [GC (Allocation Failure) 349770K->435K(1048512K), 0.0002070 secs]
317.011: [GC (Allocation Failure) 349770K->435K(1048512K), 0.0002040 secs]
317.161: [GC (Allocation Failure) 349770K->435K(1048512K), 0.0002120 secs]
317.315: [GC (Allocation Failure) 349770K->435K(1048512K), 0.0002160 secs]
317.465: [GC (Allocation Failure) 349770K->435K(1048512K), 0.0002170 secs]
317.618: [GC (Allocation Failure) 349770K->435K(1048512K), 0.0003410 secs]
317.776: [GC (Allocation Failure) 349770K->435K(1048512K), 0.0002130 secs]
317.927: [GC (Allocation Failure) 349770K->435K(1048512K), 0.0002190 secs]
318.088: [GC (Allocation Failure) 349770K->435K(1048512K), 0.0002150 secs]
318.237: [GC (Allocation Failure) 349770K->435K(1048512K), 0.0002070 secs]
318.392: [GC (Allocation Failure) 349770K->435K(1048512K), 0.0002200 secs]
318.614: [GC (Allocation Failure) 349770K->435K(1048512K), 0.0002070 secs]
318.763: [GC (Allocation Failure) 349770K->435K(1048512K), 0.0002040 secs]
318.964: [GC (Allocation Failure) 349770K->435K(1048512K), 0.0002130 secs]
319.115: [GC (Allocation Failure) 349770K->435K(1048512K), 0.0002060 secs]
319.276: [GC (Allocation Failure) 349770K->435K(1048512K), 0.0002190 secs]
319.425: [GC (Allocation Failure) 349770K->435K(1048512K), 0.0002140 secs]
319.579: [GC (Allocation Failure) 349770K->435K(1048512K), 0.0002040 secs]
319.728: [GC (Allocation Failure) 349770K->435K(1048512K), 0.0002070 secs]
319.964: [GC (Allocation Failure) 349770K->435K(1048512K), 0.0002070 secs]
320.163: [GC (Allocation Failure) 349770K->435K(1048512K), 0.0002270 secs]
320.314: [GC (Allocation Failure) 349770K->435K(1048512K), 0.0002100 secs]
320.517: [GC (Allocation Failure) 349770K->435K(1048512K), 0.0002130 secs]
320.667: [GC (Allocation Failure) 349770K->435K(1048512K), 0.0002030 secs]
320.832: [GC (Allocation Failure) 349770K->435K(1048512K), 0.0002250 secs]
320.982: [GC (Allocation Failure) 349770K->435K(1048512K), 0.0002070 secs]
321.132: [GC (Allocation Failure) 349770K->435K(1048512K), 0.0002090 secs]
321.286: [GC (Allocation Failure) 349770K->435K(1048512K), 0.0002100 secs]
321.436: [GC (Allocation Failure) 349770K->435K(1048512K), 0.0002060 secs]
321.631: [GC (Allocation Failure) 349770K->435K(1048512K), 0.0002290 secs]
321.781: [GC (Allocation Failure) 349770K->435K(1048512K), 0.0002170 secs]
321.935: [GC (Allocation Failure) 349770K->435K(1048512K), 0.0002280 secs]
322.120: [GC (Allocation Failure) 349770K->435K(1048512K), 0.0002190 secs]
322.269: [GC (Allocation Failure) 349770K->435K(1048512K), 0.0002050 secs]
322.570: [GC (Allocation Failure) 349770K->435K(1048512K), 0.0002060 secs]
322.820: [GC (Allocation Failure) 349770K->435K(1048512K), 0.0002670 secs]
322.975: [GC (Allocation Failure) 349770K->435K(1048512K), 0.0002740 secs]
323.125: [GC (Allocation Failure) 349770K->435K(1048512K), 0.0002090 secs]
323.334: [GC (Allocation Failure) 349770K->435K(1048512K), 0.0002300 secs]
323.483: [GC (Allocation Failure) 349770K->435K(1048512K), 0.0002190 secs]
323.664: [GC (Allocation Failure) 349770K->435K(1048512K), 0.0002180 secs]
323.814: [GC (Allocation Failure) 349770K->435K(1048512K), 0.0002080 secs]
324.027: [GC (Allocation Failure) 349770K->435K(1048512K), 0.0002280 secs]
324.176: [GC (Allocation Failure) 349770K->435K(1048512K), 0.0002050 secs]
324.377: [GC (Allocation Failure) 349770K->435K(1048512K), 0.0002200 secs]
324.526: [GC (Allocation Failure) 349770K->435K(1048512K), 0.0002100 secs]
324.679: [GC (Allocation Failure) 349770K->435K(1048512K), 0.0002170 secs]
324.827: [GC (Allocation Failure) 349770K->435K(1048512K), 0.0002170 secs]
324.980: [GC (Allocation Failure) 349770K->435K(1048512K), 0.0002180 secs]
325.179: [GC (Allocation Failure) 349770K->435K(1048512K), 0.0002110 secs]
325.330: [GC (Allocation Failure) 349770K->435K(1048512K), 0.0002190 secs]
325.482: [GC (Allocation Failure) 349770K->435K(1048512K), 0.0002400 secs]
325.631: [GC (Allocation Failure) 349770K->435K(1048512K), 0.0002070 secs]
325.824: [GC (Allocation Failure) 349770K->435K(1048512K), 0.0002180 secs]
326.027: [GC (Allocation Failure) 349770K->435K(1048512K), 0.0002090 secs]
326.175: [GC (Allocation Failure) 349770K->435K(1048512K), 0.0002050 secs]
326.377: [GC (Allocation Failure) 349770K->435K(1048512K), 0.0002250 secs]
326.531: [GC (Allocation Failure) 349770K->435K(1048512K), 0.0002180 secs]
326.680: [GC (Allocation Failure) 349770K->435K(1048512K), 0.0002190 secs]
326.834: [GC (Allocation Failure) 349770K->435K(1048512K), 0.0002270 secs]
327.024: [GC (Allocation Failure) 349770K->435K(1048512K), 0.0002180 secs]
327.229: [GC (Allocation Failure) 349770K->435K(1048512K), 0.0002230 secs]
327.380: [GC (Allocation Failure) 349770K->435K(1048512K), 0.0002050 secs]
327.535: [GC (Allocation Failure) 349770K->435K(1048512K), 0.0002800 secs]
327.684: [GC (Allocation Failure) 349770K->435K(1048512K), 0.0002210 secs]
327.837: [GC (Allocation Failure) 349770K->435K(1048512K), 0.0003140 secs]
328.028: [GC (Allocation Failure) 349770K->435K(1048512K), 0.0002240 secs]
328.188: [GC (Allocation Failure) 349770K->435K(1048512K), 0.0002170 secs]
328.338: [GC (Allocation Failure) 349770K->435K(1048512K), 0.0002080 secs]
328.580: [GC (Allocation Failure) 349770K->435K(1048512K), 0.0002060 secs]
328.832: [GC (Allocation Failure) 349770K->435K(1048512K), 0.0002060 secs]
328.980: [GC (Allocation Failure) 349770K->435K(1048512K), 0.0002080 secs]
329.165: [GC (Allocation Failure) 349770K->435K(1048512K), 0.0002230 secs]
329.316: [GC (Allocation Failure) 349770K->435K(1048512K), 0.0002100 secs]
329.482: [GC (Allocation Failure) 349770K->435K(1048512K), 0.0002190 secs]
329.731: [GC (Allocation Failure) 349770K->435K(1048512K), 0.0002200 secs]
329.883: [GC (Allocation Failure) 349770K->435K(1048512K), 0.0002040 secs]
330.035: [GC (Allocation Failure) 349770K->435K(1048512K), 0.0002080 secs]
330.334: [GC (Allocation Failure) 349770K->435K(1048512K), 0.0002110 secs]
330.483: [GC (Allocation Failure) 349770K->435K(1048512K), 0.0002190 secs]
330.635: [GC (Allocation Failure) 349770K->435K(1048512K), 0.0002030 secs]
330.885: [GC (Allocation Failure) 349770K->435K(1048512K), 0.0002060 secs]
331.034: [GC (Allocation Failure) 349770K->435K(1048512K), 0.0002170 secs]
331.226: [GC (Allocation Failure) 349770K->435K(1048512K), 0.0002080 secs]
331.423: [GC (Allocation Failure) 349770K->435K(1048512K), 0.0002180 secs]
331.573: [GC (Allocation Failure) 349770K->435K(1048512K), 0.0002210 secs]
331.726: [GC (Allocation Failure) 349770K->435K(1048512K), 0.0002280 secs]
331.890: [GC (Allocation Failure) 349770K->435K(1048512K), 0.0002150 secs]
332.039: [GC (Allocation Failure) 349770K->435K(1048512K), 0.0002050 secs]
332.342: [GC (Allocation Failure) 349770K->435K(1048512K), 0.0002150 secs]
332.492: [GC (Allocation Failure) 349770K->435K(1048512K), 0.0002080 secs]
332.667: [GC (Allocation Failure) 349770K->435K(1048512K), 0.0002040 secs]
332.816: [GC (Allocation Failure) 349770K->435K(1048512K), 0.0002130 secs]
333.037: [GC (Allocation Failure) 349770K->435K(1048512K), 0.0002780 secs]
333.189: [GC (Allocation Failure) 349770K->435K(1048512K), 0.0002160 secs]
333.420: [GC (Allocation Failure) 349770K->435K(1048512K), 0.0002070 secs]
333.589: [GC (Allocation Failure) 349770K->435K(1048512K), 0.0002080 secs]
333.791: [GC (Allocation Failure) 349770K->435K(1048512K), 0.0002110 secs]
333.942: [GC (Allocation Failure) 349770K->435K(1048512K), 0.0002750 secs]
334.140: [GC (Allocation Failure) 349770K->435K(1048512K), 0.0002190 secs]
334.292: [GC (Allocation Failure) 349770K->435K(1048512K), 0.0002020 secs]
334.492: [GC (Allocation Failure) 349770K->435K(1048512K), 0.0002140 secs]
334.641: [GC (Allocation Failure) 349770K->435K(1048512K), 0.0002070 secs]
334.848: [GC (Allocation Failure) 349770K->435K(1048512K), 0.0002240 secs]
334.998: [GC (Allocation Failure) 349770K->435K(1048512K), 0.0002170 secs]
335.165: [GC (Allocation Failure) 349770K->435K(1048512K), 0.0002260 secs]
335.315: [GC (Allocation Failure) 349770K->435K(1048512K), 0.0002170 secs]
335.494: [GC (Allocation Failure) 349770K->435K(1048512K), 0.0002180 secs]
335.643: [GC (Allocation Failure) 349770K->435K(1048512K), 0.0002050 secs]
335.795: [GC (Allocation Failure) 349770K->435K(1048512K), 0.0002010 secs]
336.030: [GC (Allocation Failure) 349770K->435K(1048512K), 0.0002110 secs]
336.180: [GC (Allocation Failure) 349770K->435K(1048512K), 0.0002060 secs]
336.346: [GC (Allocation Failure) 349770K->435K(1048512K), 0.0002300 secs]
336.497: [GC (Allocation Failure) 349770K->435K(1048512K), 0.0002180 secs]
336.645: [GC (Allocation Failure) 349770K->435K(1048512K), 0.0002060 secs]
336.795: [GC (Allocation Failure) 349770K->435K(1048512K), 0.0002300 secs]
336.948: [GC (Allocation Failure) 349770K->435K(1048512K), 0.0002160 secs]
337.098: [GC (Allocation Failure) 349770K->435K(1048512K), 0.0002320 secs]
337.251: [GC (Allocation Failure) 349770K->435K(1048512K), 0.0002070 secs]
337.435: [GC (Allocation Failure) 349770K->435K(1048512K), 0.0002080 secs]
337.603: [GC (Allocation Failure) 349770K->435K(1048512K), 0.0002220 secs]
337.752: [GC (Allocation Failure) 349770K->435K(1048512K), 0.0002080 secs]
338.049: [GC (Allocation Failure) 349770K->435K(1048512K), 0.0003300 secs]
338.206: [GC (Allocation Failure) 349770K->435K(1048512K), 0.0002180 secs]
338.360: [GC (Allocation Failure) 349770K->435K(1048512K), 0.0002080 secs]
338.509: [GC (Allocation Failure) 349770K->435K(1048512K), 0.0002140 secs]
338.701: [GC (Allocation Failure) 349770K->435K(1048512K), 0.0002160 secs]
338.855: [GC (Allocation Failure) 349770K->435K(1048512K), 0.0002770 secs]
339.005: [GC (Allocation Failure) 349770K->435K(1048512K), 0.0002190 secs]
339.158: [GC (Allocation Failure) 349770K->435K(1048512K), 0.0002200 secs]
339.309: [GC (Allocation Failure) 349770K->435K(1048512K), 0.0002170 secs]
339.462: [GC (Allocation Failure) 349770K->435K(1048512K), 0.0002170 secs]
339.626: [GC (Allocation Failure) 349770K->435K(1048512K), 0.0002240 secs]
339.779: [GC (Allocation Failure) 349770K->435K(1048512K), 0.0002050 secs]
339.930: [GC (Allocation Failure) 349770K->435K(1048512K), 0.0002210 secs]
340.083: [GC (Allocation Failure) 349770K->435K(1048512K), 0.0002160 secs]
340.352: [GC (Allocation Failure) 349770K->435K(1048512K), 0.0002090 secs]
340.652: [GC (Allocation Failure) 349770K->435K(1048512K), 0.0002200 secs]
340.804: [GC (Allocation Failure) 349770K->435K(1048512K), 0.0002030 secs]
340.953: [GC (Allocation Failure) 349770K->435K(1048512K), 0.0002170 secs]
341.105: [GC (Allocation Failure) 349770K->435K(1048512K), 0.0002120 secs]
341.305: [GC (Allocation Failure) 349770K->435K(1048512K), 0.0002180 secs]
341.456: [GC (Allocation Failure) 349770K->435K(1048512K), 0.0002130 secs]
341.604: [GC (Allocation Failure) 349770K->435K(1048512K), 0.0002060 secs]
341.756: [GC (Allocation Failure) 349770K->435K(1048512K), 0.0002140 secs]
341.960: [GC (Allocation Failure) 349770K->435K(1048512K), 0.0002880 secs]
342.110: [GC (Allocation Failure) 349770K->435K(1048512K), 0.0002050 secs]
342.361: [GC (Allocation Failure) 349770K->435K(1048512K), 0.0002170 secs]
342.511: [GC (Allocation Failure) 349770K->435K(1048512K), 0.0002210 secs]
342.664: [GC (Allocation Failure) 349770K->435K(1048512K), 0.0002270 secs]
342.957: [GC (Allocation Failure) 349770K->435K(1048512K), 0.0002070 secs]
343.162: [GC (Allocation Failure) 349770K->435K(1048512K), 0.0002210 secs]
343.316: [GC (Allocation Failure) 349770K->435K(1048512K), 0.0002780 secs]
343.466: [GC (Allocation Failure) 349770K->435K(1048512K), 0.0002080 secs]
343.654: [GC (Allocation Failure) 349770K->435K(1048512K), 0.0002210 secs]
343.807: [GC (Allocation Failure) 349770K->435K(1048512K), 0.0002040 secs]
343.957: [GC (Allocation Failure) 349770K->435K(1048512K), 0.0002050 secs]
344.160: [GC (Allocation Failure) 349770K->435K(1048512K), 0.0002210 secs]
344.311: [GC (Allocation Failure) 349770K->435K(1048512K), 0.0002010 secs]
344.464: [GC (Allocation Failure) 349770K->435K(1048512K), 0.0002730 secs]
344.613: [GC (Allocation Failure) 349770K->435K(1048512K), 0.0002180 secs]
344.768: [GC (Allocation Failure) 349770K->435K(1048512K), 0.0002180 secs]
344.954: [GC (Allocation Failure) 349770K->435K(1048512K), 0.0002200 secs]
345.106: [GC (Allocation Failure) 349770K->435K(1048512K), 0.0002070 secs]
345.316: [GC (Allocation Failure) 349770K->435K(1048512K), 0.0002190 secs]
345.466: [GC (Allocation Failure) 349770K->435K(1048512K), 0.0002070 secs]
345.663: [GC (Allocation Failure) 349770K->435K(1048512K), 0.0002120 secs]
345.812: [GC (Allocation Failure) 349770K->435K(1048512K), 0.0002200 secs]
345.963: [GC (Allocation Failure) 349770K->435K(1048512K), 0.0002140 secs]
346.112: [GC (Allocation Failure) 349770K->435K(1048512K), 0.0002070 secs]
346.413: [GC (Allocation Failure) 349770K->435K(1048512K), 0.0002200 secs]
346.564: [GC (Allocation Failure) 349770K->435K(1048512K), 0.0002150 secs]
346.716: [GC (Allocation Failure) 349770K->435K(1048512K), 0.0002110 secs]
346.875: [GC (Allocation Failure) 349770K->435K(1048512K), 0.0002110 secs]
347.024: [GC (Allocation Failure) 349770K->435K(1048512K), 0.0002190 secs]
347.178: [GC (Allocation Failure) 349770K->435K(1048512K), 0.0002210 secs]
347.370: [GC (Allocation Failure) 349770K->435K(1048512K), 0.0002060 secs]
347.529: [GC (Allocation Failure) 349770K->435K(1048512K), 0.0002230 secs]
347.682: [GC (Allocation Failure) 349770K->435K(1048512K), 0.0002280 secs]
347.831: [GC (Allocation Failure) 349770K->435K(1048512K), 0.0002060 secs]
347.986: [GC (Allocation Failure) 349770K->435K(1048512K), 0.0002200 secs]
348.170: [GC (Allocation Failure) 349770K->435K(1048512K), 0.0004400 secs]
348.321: [GC (Allocation Failure) 349770K->435K(1048512K), 0.0002080 secs]
348.523: [GC (Allocation Failure) 349770K->435K(1048512K), 0.0002240 secs]
348.673: [GC (Allocation Failure) 349770K->435K(1048512K), 0.0002080 secs]
348.971: [GC (Allocation Failure) 349770K->435K(1048512K), 0.0002080 secs]
349.121: [GC (Allocation Failure) 349770K->435K(1048512K), 0.0002190 secs]
349.275: [GC (Allocation Failure) 349770K->435K(1048512K), 0.0002170 secs]
349.441: [GC (Allocation Failure) 349770K->435K(1048512K), 0.0002240 secs]
349.592: [GC (Allocation Failure) 349770K->435K(1048512K), 0.0002110 secs]
349.821: [GC (Allocation Failure) 349770K->435K(1048512K), 0.0002060 secs]
350.025: [GC (Allocation Failure) 349770K->435K(1048512K), 0.0002180 secs]
350.178: [GC (Allocation Failure) 349770K->435K(1048512K), 0.0002140 secs]
350.374: [GC (Allocation Failure) 349770K->435K(1048512K), 0.0002080 secs]
350.664: [GC (Allocation Failure) 349770K->435K(1048512K), 0.0002260 secs]
350.814: [GC (Allocation Failure) 349770K->435K(1048512K), 0.0002810 secs]
351.022: [GC (Allocation Failure) 349770K->435K(1048512K), 0.0002180 secs]
351.228: [GC (Allocation Failure) 349770K->435K(1048512K), 0.0002190 secs]
351.379: [GC (Allocation Failure) 349770K->435K(1048512K), 0.0002090 secs]
351.578: [GC (Allocation Failure) 349770K->435K(1048512K), 0.0002480 secs]
351.728: [GC (Allocation Failure) 349770K->435K(1048512K), 0.0002100 secs]
351.929: [GC (Allocation Failure) 349770K->435K(1048512K), 0.0002220 secs]
352.079: [GC (Allocation Failure) 349770K->435K(1048512K), 0.0002080 secs]
352.275: [GC (Allocation Failure) 349770K->435K(1048512K), 0.0002030 secs]
352.475: [GC (Allocation Failure) 349770K->435K(1048512K), 0.0002170 secs]
352.627: [GC (Allocation Failure) 349770K->435K(1048512K), 0.0002020 secs]
352.872: [GC (Allocation Failure) 349770K->435K(1048512K), 0.0002100 secs]
353.021: [GC (Allocation Failure) 349770K->435K(1048512K), 0.0002060 secs]
353.178: [GC (Allocation Failure) 349770K->435K(1048512K), 0.0002970 secs]
353.346: [GC (Allocation Failure) 349770K->435K(1048512K), 0.0002140 secs]
353.495: [GC (Allocation Failure) 349770K->435K(1048512K), 0.0002060 secs]
353.648: [GC (Allocation Failure) 349770K->435K(1048512K), 0.0002020 secs]
353.798: [GC (Allocation Failure) 349770K->435K(1048512K), 0.0002210 secs]
353.953: [GC (Allocation Failure) 349770K->435K(1048512K), 0.0002060 secs]
354.102: [GC (Allocation Failure) 349770K->435K(1048512K), 0.0002160 secs]
354.280: [GC (Allocation Failure) 349770K->435K(1048512K), 0.0002080 secs]
354.430: [GC (Allocation Failure) 349770K->435K(1048512K), 0.0002140 secs]
354.584: [GC (Allocation Failure) 349770K->435K(1048512K), 0.0002140 secs]
354.781: [GC (Allocation Failure) 349770K->435K(1048512K), 0.0002030 secs]
354.929: [GC (Allocation Failure) 349770K->435K(1048512K), 0.0002180 secs]
355.081: [GC (Allocation Failure) 349770K->435K(1048512K), 0.0002030 secs]
355.231: [GC (Allocation Failure) 349770K->435K(1048512K), 0.0002170 secs]
355.386: [GC (Allocation Failure) 349770K->435K(1048512K), 0.0002140 secs]
355.581: [GC (Allocation Failure) 349770K->435K(1048512K), 0.0002080 secs]
355.767: [GC (Allocation Failure) 349770K->435K(1048512K), 0.0002050 secs]
355.933: [GC (Allocation Failure) 349770K->435K(1048512K), 0.0002090 secs]
356.081: [GC (Allocation Failure) 349770K->435K(1048512K), 0.0002180 secs]
356.231: [GC (Allocation Failure) 349770K->435K(1048512K), 0.0002070 secs]
356.420: [GC (Allocation Failure) 349770K->435K(1048512K), 0.0002200 secs]
356.573: [GC (Allocation Failure) 349770K->435K(1048512K), 0.0002040 secs]
356.788: [GC (Allocation Failure) 349770K->435K(1048512K), 0.0002810 secs]
356.937: [GC (Allocation Failure) 349770K->435K(1048512K), 0.0002210 secs]
357.135: [GC (Allocation Failure) 349770K->435K(1048512K), 0.0002070 secs]
357.284: [GC (Allocation Failure) 349770K->435K(1048512K), 0.0002020 secs]
357.449: [GC (Allocation Failure) 349770K->435K(1048512K), 0.0002190 secs]
357.601: [GC (Allocation Failure) 349770K->435K(1048512K), 0.0002830 secs]
357.769: [GC (Allocation Failure) 349770K->435K(1048512K), 0.0002210 secs]
357.921: [GC (Allocation Failure) 349770K->435K(1048512K), 0.0003180 secs]
358.099: [GC (Allocation Failure) 349770K->435K(1048512K), 0.0002220 secs]
358.259: [GC (Allocation Failure) 349770K->435K(1048512K), 0.0004230 secs]
358.419: [GC (Allocation Failure) 349770K->435K(1048512K), 0.0002190 secs]
358.568: [GC (Allocation Failure) 349770K->435K(1048512K), 0.0002180 secs]
358.720: [GC (Allocation Failure) 349770K->435K(1048512K), 0.0002320 secs]
358.876: [GC (Allocation Failure) 349770K->435K(1048512K), 0.0002200 secs]
359.040: [GC (Allocation Failure) 349770K->435K(1048512K), 0.0002140 secs]
359.191: [GC (Allocation Failure) 349770K->435K(1048512K), 0.0002070 secs]
359.374: [GC (Allocation Failure) 349770K->435K(1048512K), 0.0002090 secs]
359.591: [GC (Allocation Failure) 349770K->435K(1048512K), 0.0002210 secs]
359.740: [GC (Allocation Failure) 349770K->435K(1048512K), 0.0002080 secs]
359.891: [GC (Allocation Failure) 349770K->435K(1048512K), 0.0002030 secs]
360.042: [GC (Allocation Failure) 349770K->435K(1048512K), 0.0002190 secs]
360.195: [GC (Allocation Failure) 349770K->435K(1048512K), 0.0002140 secs]
360.345: [GC (Allocation Failure) 349770K->435K(1048512K), 0.0002080 secs]
360.499: [GC (Allocation Failure) 349770K->435K(1048512K), 0.0002050 secs]
360.648: [GC (Allocation Failure) 349770K->435K(1048512K), 0.0002050 secs]
360.828: [GC (Allocation Failure) 349770K->435K(1048512K), 0.0002160 secs]
360.978: [GC (Allocation Failure) 349770K->435K(1048512K), 0.0002180 secs]
361.150: [GC (Allocation Failure) 349770K->435K(1048512K), 0.0002170 secs]
361.300: [GC (Allocation Failure) 349770K->435K(1048512K), 0.0002070 secs]
361.453: [GC (Allocation Failure) 349770K->435K(1048512K), 0.0002790 secs]
361.604: [GC (Allocation Failure) 349770K->435K(1048512K), 0.0002090 secs]
361.895: [GC (Allocation Failure) 349770K->435K(1048512K), 0.0002080 secs]
362.044: [GC (Allocation Failure) 349770K->435K(1048512K), 0.0002190 secs]
362.195: [GC (Allocation Failure) 349770K->435K(1048512K), 0.0002140 secs]
362.345: [GC (Allocation Failure) 349770K->435K(1048512K), 0.0002070 secs]
362.496: [GC (Allocation Failure) 349770K->435K(1048512K), 0.0002020 secs]
362.644: [GC (Allocation Failure) 349770K->435K(1048512K), 0.0002070 secs]
362.845: [GC (Allocation Failure) 349770K->435K(1048512K), 0.0002100 secs]
363.027: [GC (Allocation Failure) 349770K->435K(1048512K), 0.0002160 secs]
363.176: [GC (Allocation Failure) 349770K->435K(1048512K), 0.0002070 secs]
363.402: [GC (Allocation Failure) 349770K->435K(1048512K), 0.0002180 secs]
363.553: [GC (Allocation Failure) 349770K->435K(1048512K), 0.0002210 secs]
363.706: [GC (Allocation Failure) 349770K->435K(1048512K), 0.0002210 secs]
363.897: [GC (Allocation Failure) 349770K->435K(1048512K), 0.0002190 secs]
364.049: [GC (Allocation Failure) 349770K->435K(1048512K), 0.0002040 secs]
364.247: [GC (Allocation Failure) 349770K->435K(1048512K), 0.0002210 secs]
364.399: [GC (Allocation Failure) 349770K->435K(1048512K), 0.0002050 secs]
364.548: [GC (Allocation Failure) 349770K->435K(1048512K), 0.0002170 secs]
364.700: [GC (Allocation Failure) 349770K->435K(1048512K), 0.0002130 secs]
364.851: [GC (Allocation Failure) 349770K->435K(1048512K), 0.0002060 secs]
365.049: [GC (Allocation Failure) 349770K->435K(1048512K), 0.0002200 secs]
365.201: [GC (Allocation Failure) 349770K->435K(1048512K), 0.0002070 secs]
365.351: [GC (Allocation Failure) 349770K->435K(1048512K), 0.0002180 secs]
365.501: [GC (Allocation Failure) 349770K->435K(1048512K), 0.0002040 secs]
365.650: [GC (Allocation Failure) 349770K->435K(1048512K), 0.0002190 secs]
365.900: [GC (Allocation Failure) 349770K->435K(1048512K), 0.0002060 secs]
366.084: [GC (Allocation Failure) 349770K->435K(1048512K), 0.0002060 secs]
366.251: [GC (Allocation Failure) 349770K->435K(1048512K), 0.0002070 secs]
366.434: [GC (Allocation Failure) 349770K->435K(1048512K), 0.0002170 secs]
366.584: [GC (Allocation Failure) 349770K->435K(1048512K), 0.0002200 secs]
366.737: [GC (Allocation Failure) 349770K->435K(1048512K), 0.0002060 secs]
366.886: [GC (Allocation Failure) 349770K->435K(1048512K), 0.0002280 secs]
367.040: [GC (Allocation Failure) 349770K->435K(1048512K), 0.0002160 secs]
367.208: [GC (Allocation Failure) 349770K->435K(1048512K), 0.0002120 secs]
367.359: [GC (Allocation Failure) 349770K->435K(1048512K), 0.0002070 secs]
367.654: [GC (Allocation Failure) 349770K->435K(1048512K), 0.0002310 secs]
367.805: [GC (Allocation Failure) 349770K->435K(1048512K), 0.0002040 secs]
367.954: [GC (Allocation Failure) 349770K->435K(1048512K), 0.0002180 secs]
368.105: [GC (Allocation Failure) 349770K->435K(1048512K), 0.0002130 secs]
368.262: [GC (Allocation Failure) 349770K->435K(1048512K), 0.0002150 secs]
368.430: [GC (Allocation Failure) 349770K->435K(1048512K), 0.0004160 secs]
368.579: [GC (Allocation Failure) 349770K->435K(1048512K), 0.0002070 secs]
368.732: [GC (Allocation Failure) 349770K->435K(1048512K), 0.0002260 secs]
368.891: [GC (Allocation Failure) 349770K->435K(1048512K), 0.0002200 secs]
369.041: [GC (Allocation Failure) 349770K->435K(1048512K), 0.0002190 secs]
369.213: [GC (Allocation Failure) 349770K->435K(1048512K), 0.0002260 secs]
369.365: [GC (Allocation Failure) 349770K->435K(1048512K), 0.0002070 secs]
369.610: [GC (Allocation Failure) 349770K->435K(1048512K), 0.0002110 secs]
369.788: [GC (Allocation Failure) 349770K->435K(1048512K), 0.0002290 secs]
369.939: [GC (Allocation Failure) 349770K->435K(1048512K), 0.0002020 secs]
370.092: [GC (Allocation Failure) 349770K->435K(1048512K), 0.0002780 secs]
370.241: [GC (Allocation Failure) 349770K->435K(1048512K), 0.0002080 secs]
370.415: [GC (Allocation Failure) 349770K->435K(1048512K), 0.0002210 secs]
370.565: [GC (Allocation Failure) 349770K->435K(1048512K), 0.0002070 secs]
370.763: [GC (Allocation Failure) 349770K->435K(1048512K), 0.0002180 secs]
370.912: [GC (Allocation Failure) 349770K->435K(1048512K), 0.0002140 secs]
371.103: [GC (Allocation Failure) 349770K->435K(1048512K), 0.0002250 secs]
371.254: [GC (Allocation Failure) 349770K->435K(1048512K), 0.0002090 secs]
371.408: [GC (Allocation Failure) 349770K->435K(1048512K), 0.0002170 secs]
371.563: [GC (Allocation Failure) 349770K->435K(1048512K), 0.0002200 secs]
371.714: [GC (Allocation Failure) 349770K->435K(1048512K), 0.0002030 secs]
371.914: [GC (Allocation Failure) 349770K->435K(1048512K), 0.0002090 secs]
372.065: [GC (Allocation Failure) 349770K->435K(1048512K), 0.0002090 secs]
372.263: [GC (Allocation Failure) 349770K->435K(1048512K), 0.0002070 secs]
372.425: [GC (Allocation Failure) 349770K->435K(1048512K), 0.0002270 secs]
372.575: [GC (Allocation Failure) 349770K->435K(1048512K), 0.0002080 secs]
372.765: [GC (Allocation Failure) 349770K->435K(1048512K), 0.0002180 secs]
372.916: [GC (Allocation Failure) 349770K->435K(1048512K), 0.0002020 secs]
373.065: [GC (Allocation Failure) 349770K->435K(1048512K), 0.0002180 secs]
373.220: [GC (Allocation Failure) 349770K->435K(1048512K), 0.0002050 secs]
373.371: [GC (Allocation Failure) 349770K->435K(1048512K), 0.0002160 secs]
373.525: [GC (Allocation Failure) 349770K->435K(1048512K), 0.0003370 secs]
373.685: [GC (Allocation Failure) 349770K->435K(1048512K), 0.0002060 secs]
373.834: [GC (Allocation Failure) 349770K->435K(1048512K), 0.0002160 secs]
374.018: [GC (Allocation Failure) 349770K->435K(1048512K), 0.0002180 secs]
374.167: [GC (Allocation Failure) 349770K->435K(1048512K), 0.0002170 secs]
374.372: [GC (Allocation Failure) 349770K->435K(1048512K), 0.0002230 secs]
374.521: [GC (Allocation Failure) 349770K->435K(1048512K), 0.0002170 secs]
374.773: [GC (Allocation Failure) 349770K->435K(1048512K), 0.0002160 secs]
374.923: [GC (Allocation Failure) 349770K->435K(1048512K), 0.0002800 secs]
375.120: [GC (Allocation Failure) 349770K->435K(1048512K), 0.0002180 secs]
375.268: [GC (Allocation Failure) 349770K->435K(1048512K), 0.0002050 secs]
375.420: [GC (Allocation Failure) 349770K->435K(1048512K), 0.0002050 secs]
375.571: [GC (Allocation Failure) 349770K->435K(1048512K), 0.0002060 secs]
375.721: [GC (Allocation Failure) 349770K->435K(1048512K), 0.0002020 secs]
375.921: [GC (Allocation Failure) 349770K->435K(1048512K), 0.0002020 secs]
376.071: [GC (Allocation Failure) 349770K->435K(1048512K), 0.0002260 secs]
376.223: [GC (Allocation Failure) 349770K->435K(1048512K), 0.0002190 secs]
376.376: [GC (Allocation Failure) 349770K->435K(1048512K), 0.0002060 secs]
376.572: [GC (Allocation Failure) 349770K->435K(1048512K), 0.0002230 secs]
376.721: [GC (Allocation Failure) 349770K->435K(1048512K), 0.0002070 secs]
376.893: [GC (Allocation Failure) 349770K->435K(1048512K), 0.0002090 secs]
377.072: [GC (Allocation Failure) 349770K->435K(1048512K), 0.0002750 secs]
377.224: [GC (Allocation Failure) 349770K->435K(1048512K), 0.0002030 secs]
377.436: [GC (Allocation Failure) 349770K->435K(1048512K), 0.0002160 secs]
377.585: [GC (Allocation Failure) 349770K->435K(1048512K), 0.0002810 secs]
377.774: [GC (Allocation Failure) 349770K->435K(1048512K), 0.0003030 secs]
377.923: [GC (Allocation Failure) 349770K->435K(1048512K), 0.0002180 secs]
378.075: [GC (Allocation Failure) 349770K->435K(1048512K), 0.0002060 secs]
378.282: [GC (Allocation Failure) 349770K->435K(1048512K), 0.0002300 secs]
378.437: [GC (Allocation Failure) 349770K->435K(1048512K), 0.0002180 secs]
378.600: [GC (Allocation Failure) 349770K->435K(1048512K), 0.0004160 secs]
378.750: [GC (Allocation Failure) 349770K->435K(1048512K), 0.0002810 secs]
378.930: [GC (Allocation Failure) 349770K->435K(1048512K), 0.0002260 secs]
379.079: [GC (Allocation Failure) 349770K->435K(1048512K), 0.0002180 secs]
379.234: [GC (Allocation Failure) 349770K->435K(1048512K), 0.0002220 secs]
379.397: [GC (Allocation Failure) 349770K->435K(1048512K), 0.0002170 secs]
379.546: [GC (Allocation Failure) 349770K->435K(1048512K), 0.0002050 secs]
379.716: [GC (Allocation Failure) 349770K->435K(1048512K), 0.0002200 secs]
379.868: [GC (Allocation Failure) 349770K->435K(1048512K), 0.0002170 secs]
380.077: [GC (Allocation Failure) 349770K->435K(1048512K), 0.0002050 secs]
380.279: [GC (Allocation Failure) 349770K->435K(1048512K), 0.0002060 secs]
380.430: [GC (Allocation Failure) 349770K->435K(1048512K), 0.0002060 secs]
380.603: [GC (Allocation Failure) 349770K->435K(1048512K), 0.0002200 secs]
380.754: [GC (Allocation Failure) 349770K->435K(1048512K), 0.0002780 secs]
380.929: [GC (Allocation Failure) 349770K->435K(1048512K), 0.0002070 secs]
381.134: [GC (Allocation Failure) 349770K->435K(1048512K), 0.0002240 secs]
381.284: [GC (Allocation Failure) 349770K->435K(1048512K), 0.0002000 secs]
381.437: [GC (Allocation Failure) 349770K->435K(1048512K), 0.0002760 secs]
381.587: [GC (Allocation Failure) 349770K->435K(1048512K), 0.0002060 secs]
381.780: [GC (Allocation Failure) 349770K->435K(1048512K), 0.0002070 secs]
381.986: [GC (Allocation Failure) 349770K->435K(1048512K), 0.0002640 secs]
382.136: [GC (Allocation Failure) 349770K->435K(1048512K), 0.0002070 secs]
382.332: [GC (Allocation Failure) 349770K->435K(1048512K), 0.0002070 secs]
382.482: [GC (Allocation Failure) 349770K->435K(1048512K), 0.0002070 secs]
382.682: [GC (Allocation Failure) 349770K->435K(1048512K), 0.0002150 secs]
382.837: [GC (Allocation Failure) 349770K->435K(1048512K), 0.0002040 secs]
382.987: [GC (Allocation Failure) 349770K->435K(1048512K), 0.0002040 secs]
383.165: [GC (Allocation Failure) 349770K->435K(1048512K), 0.0002160 secs]
383.315: [GC (Allocation Failure) 349770K->435K(1048512K), 0.0002070 secs]
383.483: [GC (Allocation Failure) 349770K->435K(1048512K), 0.0002060 secs]
383.664: [GC (Allocation Failure) 349770K->435K(1048512K), 0.0003390 secs]
383.814: [GC (Allocation Failure) 349770K->435K(1048512K), 0.0002190 secs]
383.968: [GC (Allocation Failure) 349770K->435K(1048512K), 0.0002780 secs]
384.117: [GC (Allocation Failure) 349770K->435K(1048512K), 0.0002200 secs]
384.270: [GC (Allocation Failure) 349770K->435K(1048512K), 0.0002020 secs]
384.420: [GC (Allocation Failure) 349770K->435K(1048512K), 0.0002070 secs]
384.586: [GC (Allocation Failure) 349770K->435K(1048512K), 0.0002270 secs]
384.737: [GC (Allocation Failure) 349770K->435K(1048512K), 0.0002050 secs]
384.886: [GC (Allocation Failure) 349770K->435K(1048512K), 0.0002050 secs]
385.136: [GC (Allocation Failure) 349770K->435K(1048512K), 0.0002030 secs]
385.305: [GC (Allocation Failure) 349770K->435K(1048512K), 0.0002220 secs]
385.459: [GC (Allocation Failure) 349770K->435K(1048512K), 0.0002040 secs]
385.608: [GC (Allocation Failure) 349770K->435K(1048512K), 0.0002200 secs]
385.761: [GC (Allocation Failure) 349770K->435K(1048512K), 0.0002170 secs]
386.028: [GC (Allocation Failure) 349770K->435K(1048512K), 0.0002810 secs]
386.178: [GC (Allocation Failure) 349770K->435K(1048512K), 0.0002800 secs]
386.394: [GC (Allocation Failure) 349770K->435K(1048512K), 0.0002280 secs]
386.544: [GC (Allocation Failure) 349770K->435K(1048512K), 0.0002080 secs]
386.696: [GC (Allocation Failure) 349770K->435K(1048512K), 0.0002160 secs]
386.847: [GC (Allocation Failure) 349770K->435K(1048512K), 0.0002070 secs]
387.000: [GC (Allocation Failure) 349770K->435K(1048512K), 0.0002180 secs]
387.190: [GC (Allocation Failure) 349770K->435K(1048512K), 0.0002820 secs]
387.420: [GC (Allocation Failure) 349770K->435K(1048512K), 0.0002080 secs]
387.591: [GC (Allocation Failure) 349770K->435K(1048512K), 0.0002080 secs]
387.791: [GC (Allocation Failure) 349770K->435K(1048512K), 0.0002170 secs]
387.942: [GC (Allocation Failure) 349770K->435K(1048512K), 0.0002150 secs]
388.111: [GC (Allocation Failure) 349770K->435K(1048512K), 0.0002170 secs]
388.268: [GC (Allocation Failure) 349770K->435K(1048512K), 0.0002100 secs]
388.419: [GC (Allocation Failure) 349770K->435K(1048512K), 0.0002050 secs]
388.592: [GC (Allocation Failure) 349770K->435K(1048512K), 0.0002090 secs]
388.893: [GC (Allocation Failure) 349770K->435K(1048512K), 0.0002700 secs]
389.047: [GC (Allocation Failure) 349770K->435K(1048512K), 0.0002200 secs]
389.201: [GC (Allocation Failure) 349770K->435K(1048512K), 0.0002170 secs]
389.390: [GC (Allocation Failure) 349770K->435K(1048512K), 0.0002190 secs]
389.539: [GC (Allocation Failure) 349770K->435K(1048512K), 0.0002070 secs]
389.694: [GC (Allocation Failure) 349770K->435K(1048512K), 0.0002190 secs]
389.845: [GC (Allocation Failure) 349770K->435K(1048512K), 0.0002130 secs]
389.997: [GC (Allocation Failure) 349770K->435K(1048512K), 0.0002100 secs]
390.196: [GC (Allocation Failure) 349770K->435K(1048512K), 0.0002090 secs]
390.344: [GC (Allocation Failure) 349770K->435K(1048512K), 0.0002160 secs]
390.496: [GC (Allocation Failure) 349770K->435K(1048512K), 0.0002050 secs]
390.660: [GC (Allocation Failure) 349770K->435K(1048512K), 0.0002310 secs]
390.813: [GC (Allocation Failure) 349770K->435K(1048512K), 0.0002060 secs]
390.963: [GC (Allocation Failure) 349770K->435K(1048512K), 0.0002040 secs]
391.159: [GC (Allocation Failure) 349770K->435K(1048512K), 0.0002170 secs]
391.311: [GC (Allocation Failure) 349770K->435K(1048512K), 0.0002070 secs]
391.464: [GC (Allocation Failure) 349770K->435K(1048512K), 0.0002160 secs]
391.648: [GC (Allocation Failure) 349770K->435K(1048512K), 0.0002060 secs]
391.797: [GC (Allocation Failure) 349770K->435K(1048512K), 0.0002800 secs]
391.947: [GC (Allocation Failure) 349770K->435K(1048512K), 0.0002050 secs]
392.147: [GC (Allocation Failure) 349770K->435K(1048512K), 0.0002060 secs]
392.349: [GC (Allocation Failure) 349770K->435K(1048512K), 0.0002070 secs]
392.499: [GC (Allocation Failure) 349770K->435K(1048512K), 0.0002180 secs]
392.650: [GC (Allocation Failure) 349770K->435K(1048512K), 0.0002120 secs]
392.912: [GC (Allocation Failure) 349770K->435K(1048512K), 0.0002210 secs]
393.065: [GC (Allocation Failure) 349770K->435K(1048512K), 0.0002040 secs]
393.214: [GC (Allocation Failure) 349770K->435K(1048512K), 0.0002150 secs]
393.368: [GC (Allocation Failure) 349770K->435K(1048512K), 0.0002150 secs]
393.518: [GC (Allocation Failure) 349770K->435K(1048512K), 0.0002040 secs]
393.727: [GC (Allocation Failure) 349770K->435K(1048512K), 0.0002200 secs]
393.880: [GC (Allocation Failure) 349770K->435K(1048512K), 0.0002170 secs]
394.030: [GC (Allocation Failure) 349770K->435K(1048512K), 0.0003510 secs]
394.183: [GC (Allocation Failure) 349770K->435K(1048512K), 0.0002050 secs]
394.333: [GC (Allocation Failure) 349770K->435K(1048512K), 0.0002080 secs]
394.501: [GC (Allocation Failure) 349770K->435K(1048512K), 0.0002170 secs]
394.653: [GC (Allocation Failure) 349770K->435K(1048512K), 0.0002030 secs]
394.804: [GC (Allocation Failure) 349770K->435K(1048512K), 0.0002070 secs]
395.002: [GC (Allocation Failure) 349770K->435K(1048512K), 0.0002160 secs]
395.163: [GC (Allocation Failure) 349770K->435K(1048512K), 0.0002180 secs]
395.314: [GC (Allocation Failure) 349770K->435K(1048512K), 0.0002830 secs]
395.493: [GC (Allocation Failure) 349770K->435K(1048512K), 0.0002070 secs]
395.658: [GC (Allocation Failure) 349770K->435K(1048512K), 0.0002260 secs]
395.807: [GC (Allocation Failure) 349770K->435K(1048512K), 0.0002060 secs]
395.961: [GC (Allocation Failure) 349770K->435K(1048512K), 0.0002030 secs]
396.112: [GC (Allocation Failure) 349770K->435K(1048512K), 0.0002210 secs]
396.265: [GC (Allocation Failure) 349770K->435K(1048512K), 0.0002200 secs]
396.416: [GC (Allocation Failure) 349770K->435K(1048512K), 0.0002090 secs]
396.570: [GC (Allocation Failure) 349770K->435K(1048512K), 0.0002190 secs]
396.723: [GC (Allocation Failure) 349770K->435K(1048512K), 0.0002150 secs]
396.958: [GC (Allocation Failure) 349770K->435K(1048512K), 0.0002070 secs]
397.106: [GC (Allocation Failure) 349770K->435K(1048512K), 0.0002940 secs]
397.309: [GC (Allocation Failure) 349770K->435K(1048512K), 0.0002950 secs]
397.462: [GC (Allocation Failure) 349770K->435K(1048512K), 0.0002160 secs]
397.659: [GC (Allocation Failure) 349770K->435K(1048512K), 0.0002110 secs]
397.809: [GC (Allocation Failure) 349770K->435K(1048512K), 0.0002740 secs]
397.958: [GC (Allocation Failure) 349770K->435K(1048512K), 0.0002420 secs]
398.110: [GC (Allocation Failure) 349770K->435K(1048512K), 0.0002020 secs]
398.267: [GC (Allocation Failure) 349770K->435K(1048512K), 0.0002170 secs]
398.421: [GC (Allocation Failure) 349770K->435K(1048512K), 0.0002280 secs]
398.624: [GC (Allocation Failure) 349770K->435K(1048512K), 0.0002080 secs]
398.810: [GC (Allocation Failure) 349770K->435K(1048512K), 0.0002310 secs]
398.961: [GC (Allocation Failure) 349770K->435K(1048512K), 0.0002140 secs]
399.260: [GC (Allocation Failure) 349770K->435K(1048512K), 0.0002200 secs]
399.415: [GC (Allocation Failure) 349770K->435K(1048512K), 0.0002150 secs]
399.565: [GC (Allocation Failure) 349770K->435K(1048512K), 0.0002060 secs]
399.719: [GC (Allocation Failure) 349770K->435K(1048512K), 0.0002790 secs]
399.868: [GC (Allocation Failure) 349770K->435K(1048512K), 0.0002070 secs]
400.113: [GC (Allocation Failure) 349770K->435K(1048512K), 0.0002860 secs]
400.412: [GC (Allocation Failure) 349770K->435K(1048512K), 0.0002090 secs]
400.712: [GC (Allocation Failure) 349770K->435K(1048512K), 0.0002060 secs]
400.924: [GC (Allocation Failure) 349770K->435K(1048512K), 0.0002200 secs]
401.076: [GC (Allocation Failure) 349770K->435K(1048512K), 0.0002040 secs]
401.316: [GC (Allocation Failure) 349770K->435K(1048512K), 0.0002780 secs]
401.496: [GC (Allocation Failure) 349770K->435K(1048512K), 0.0002200 secs]
401.646: [GC (Allocation Failure) 349770K->435K(1048512K), 0.0002070 secs]
401.816: [GC (Allocation Failure) 349770K->435K(1048512K), 0.0002040 secs]
401.965: [GC (Allocation Failure) 349770K->435K(1048512K), 0.0002050 secs]
402.124: [GC (Allocation Failure) 349770K->435K(1048512K), 0.0002090 secs]
402.320: [GC (Allocation Failure) 349770K->435K(1048512K), 0.0002160 secs]
402.470: [GC (Allocation Failure) 349770K->435K(1048512K), 0.0002220 secs]
402.622: [GC (Allocation Failure) 349770K->435K(1048512K), 0.0002240 secs]
402.773: [GC (Allocation Failure) 349770K->435K(1048512K), 0.0002220 secs]
402.926: [GC (Allocation Failure) 349770K->435K(1048512K), 0.0002260 secs]
403.116: [GC (Allocation Failure) 349770K->435K(1048512K), 0.0002160 secs]
403.268: [GC (Allocation Failure) 349770K->435K(1048512K), 0.0002110 secs]
403.422: [GC (Allocation Failure) 349770K->435K(1048512K), 0.0002090 secs]
403.571: [GC (Allocation Failure) 349770K->435K(1048512K), 0.0002070 secs]
403.736: [GC (Allocation Failure) 349770K->435K(1048512K), 0.0002200 secs]
403.890: [GC (Allocation Failure) 349770K->435K(1048512K), 0.0002080 secs]
404.159: [GC (Allocation Failure) 349770K->435K(1048512K), 0.0002080 secs]
404.323: [GC (Allocation Failure) 349770K->435K(1048512K), 0.0002160 secs]
404.475: [GC (Allocation Failure) 349770K->435K(1048512K), 0.0002180 secs]
404.626: [GC (Allocation Failure) 349770K->435K(1048512K), 0.0002030 secs]
404.775: [GC (Allocation Failure) 349770K->435K(1048512K), 0.0002750 secs]
404.929: [GC (Allocation Failure) 349770K->435K(1048512K), 0.0002120 secs]
405.120: [GC (Allocation Failure) 349770K->435K(1048512K), 0.0002170 secs]
405.273: [GC (Allocation Failure) 349770K->435K(1048512K), 0.0002170 secs]
405.423: [GC (Allocation Failure) 349770K->435K(1048512K), 0.0002050 secs]
405.577: [GC (Allocation Failure) 349770K->435K(1048512K), 0.0002250 secs]
405.733: [GC (Allocation Failure) 349770K->435K(1048512K), 0.0002200 secs]
405.883: [GC (Allocation Failure) 349770K->435K(1048512K), 0.0002050 secs]
406.135: [GC (Allocation Failure) 349770K->435K(1048512K), 0.0002220 secs]
406.283: [GC (Allocation Failure) 349770K->435K(1048512K), 0.0002190 secs]
406.436: [GC (Allocation Failure) 349770K->435K(1048512K), 0.0002060 secs]
406.586: [GC (Allocation Failure) 349770K->435K(1048512K), 0.0002170 secs]
406.738: [GC (Allocation Failure) 349770K->435K(1048512K), 0.0002210 secs]
406.932: [GC (Allocation Failure) 349770K->435K(1048512K), 0.0002220 secs]
407.085: [GC (Allocation Failure) 349770K->435K(1048512K), 0.0002160 secs]
407.331: [GC (Allocation Failure) 349770K->435K(1048512K), 0.0002200 secs]
407.480: [GC (Allocation Failure) 349770K->435K(1048512K), 0.0002110 secs]
407.660: [GC (Allocation Failure) 349770K->435K(1048512K), 0.0002190 secs]
407.812: [GC (Allocation Failure) 349770K->435K(1048512K), 0.0002050 secs]
407.961: [GC (Allocation Failure) 349770K->435K(1048512K), 0.0002110 secs]
408.116: [GC (Allocation Failure) 349770K->435K(1048512K), 0.0002180 secs]
408.273: [GC (Allocation Failure) 349770K->435K(1048512K), 0.0002010 secs]
408.427: [GC (Allocation Failure) 349770K->435K(1048512K), 0.0002810 secs]
408.576: [GC (Allocation Failure) 349770K->435K(1048512K), 0.0002180 secs]
408.728: [GC (Allocation Failure) 349770K->435K(1048512K), 0.0002770 secs]
408.878: [GC (Allocation Failure) 349770K->435K(1048512K), 0.0002070 secs]
409.079: [GC (Allocation Failure) 349770K->435K(1048512K), 0.0002040 secs]
409.228: [GC (Allocation Failure) 349770K->435K(1048512K), 0.0002090 secs]
409.383: [GC (Allocation Failure) 349770K->435K(1048512K), 0.0003450 secs]
409.533: [GC (Allocation Failure) 349770K->435K(1048512K), 0.0002090 secs]
409.733: [GC (Allocation Failure) 349770K->435K(1048512K), 0.0002170 secs]
409.882: [GC (Allocation Failure) 349770K->435K(1048512K), 0.0002800 secs]
410.079: [GC (Allocation Failure) 349770K->435K(1048512K), 0.0002030 secs]
410.279: [GC (Allocation Failure) 349770K->435K(1048512K), 0.0002150 secs]
410.481: [GC (Allocation Failure) 349770K->435K(1048512K), 0.0002210 secs]
410.631: [GC (Allocation Failure) 349770K->435K(1048512K), 0.0002080 secs]
410.831: [GC (Allocation Failure) 349770K->435K(1048512K), 0.0002190 secs]
410.982: [GC (Allocation Failure) 349770K->435K(1048512K), 0.0002130 secs]
411.131: [GC (Allocation Failure) 349770K->435K(1048512K), 0.0002040 secs]
411.282: [GC (Allocation Failure) 349770K->435K(1048512K), 0.0002280 secs]
411.432: [GC (Allocation Failure) 349770K->435K(1048512K), 0.0002100 secs]
411.583: [GC (Allocation Failure) 349770K->435K(1048512K), 0.0002120 secs]
411.734: [GC (Allocation Failure) 349770K->435K(1048512K), 0.0002090 secs]
411.933: [GC (Allocation Failure) 349770K->435K(1048512K), 0.0002080 secs]
412.084: [GC (Allocation Failure) 349770K->435K(1048512K), 0.0002090 secs]
412.234: [GC (Allocation Failure) 349770K->435K(1048512K), 0.0002760 secs]
412.383: [GC (Allocation Failure) 349770K->435K(1048512K), 0.0002060 secs]
412.583: [GC (Allocation Failure) 349770K->435K(1048512K), 0.0002080 secs]
412.788: [GC (Allocation Failure) 349770K->435K(1048512K), 0.0002250 secs]
412.939: [GC (Allocation Failure) 349770K->435K(1048512K), 0.0002080 secs]
413.136: [GC (Allocation Failure) 349770K->435K(1048512K), 0.0002090 secs]
413.286: [GC (Allocation Failure) 349770K->435K(1048512K), 0.0002020 secs]
413.440: [GC (Allocation Failure) 349770K->435K(1048512K), 0.0002200 secs]
413.592: [GC (Allocation Failure) 349770K->435K(1048512K), 0.0002030 secs]
413.741: [GC (Allocation Failure) 349770K->435K(1048512K), 0.0002030 secs]
413.936: [GC (Allocation Failure) 349770K->435K(1048512K), 0.0002160 secs]
414.087: [GC (Allocation Failure) 349770K->435K(1048512K), 0.0002170 secs]
414.286: [GC (Allocation Failure) 349770K->435K(1048512K), 0.0002210 secs]
414.438: [GC (Allocation Failure) 349770K->435K(1048512K), 0.0003460 secs]
414.588: [GC (Allocation Failure) 349770K->435K(1048512K), 0.0002080 secs]
414.738: [GC (Allocation Failure) 349770K->435K(1048512K), 0.0002220 secs]
414.888: [GC (Allocation Failure) 349770K->435K(1048512K), 0.0002040 secs]
415.039: [GC (Allocation Failure) 349770K->435K(1048512K), 0.0002000 secs]
415.239: [GC (Allocation Failure) 349770K->435K(1048512K), 0.0002760 secs]
415.423: [GC (Allocation Failure) 349770K->435K(1048512K), 0.0002290 secs]
415.573: [GC (Allocation Failure) 349770K->435K(1048512K), 0.0002060 secs]
415.740: [GC (Allocation Failure) 349770K->435K(1048512K), 0.0002180 secs]
415.890: [GC (Allocation Failure) 349770K->435K(1048512K), 0.0002240 secs]
416.039: [GC (Allocation Failure) 349770K->435K(1048512K), 0.0002070 secs]
416.232: [GC (Allocation Failure) 349770K->435K(1048512K), 0.0002290 secs]
416.385: [GC (Allocation Failure) 349770K->435K(1048512K), 0.0002180 secs]
416.537: [GC (Allocation Failure) 349770K->435K(1048512K), 0.0002200 secs]
416.691: [GC (Allocation Failure) 349770K->435K(1048512K), 0.0002260 secs]
416.892: [GC (Allocation Failure) 349770K->435K(1048512K), 0.0002190 secs]
417.046: [GC (Allocation Failure) 349770K->435K(1048512K), 0.0002130 secs]
417.196: [GC (Allocation Failure) 349770K->435K(1048512K), 0.0002070 secs]
417.350: [GC (Allocation Failure) 349770K->435K(1048512K), 0.0002420 secs]
417.543: [GC (Allocation Failure) 349770K->435K(1048512K), 0.0002080 secs]
417.694: [GC (Allocation Failure) 349770K->435K(1048512K), 0.0002060 secs]
417.894: [GC (Allocation Failure) 349770K->435K(1048512K), 0.0002070 secs]
418.094: [GC (Allocation Failure) 349770K->435K(1048512K), 0.0002340 secs]
418.255: [GC (Allocation Failure) 349770K->435K(1048512K), 0.0002080 secs]
418.404: [GC (Allocation Failure) 349770K->435K(1048512K), 0.0002800 secs]
418.593: [GC (Allocation Failure) 349770K->435K(1048512K), 0.0002190 secs]
418.745: [GC (Allocation Failure) 349770K->435K(1048512K), 0.0002020 secs]
418.896: [GC (Allocation Failure) 349770K->435K(1048512K), 0.0002110 secs]
419.088: [GC (Allocation Failure) 349770K->435K(1048512K), 0.0002200 secs]
419.242: [GC (Allocation Failure) 349770K->435K(1048512K), 0.0002060 secs]
419.394: [GC (Allocation Failure) 349770K->435K(1048512K), 0.0002110 secs]
419.624: [GC (Allocation Failure) 349770K->435K(1048512K), 0.0002870 secs]
419.777: [GC (Allocation Failure) 349770K->435K(1048512K), 0.0002770 secs]
419.927: [GC (Allocation Failure) 349770K->435K(1048512K), 0.0002200 secs]
420.081: [GC (Allocation Failure) 349770K->435K(1048512K), 0.0002060 secs]
420.230: [GC (Allocation Failure) 349770K->435K(1048512K), 0.0002400 secs]
420.383: [GC (Allocation Failure) 349770K->435K(1048512K), 0.0002010 secs]
420.534: [GC (Allocation Failure) 349770K->435K(1048512K), 0.0002190 secs]
420.702: [GC (Allocation Failure) 349770K->435K(1048512K), 0.0002870 secs]
420.851: [GC (Allocation Failure) 349770K->435K(1048512K), 0.0002190 secs]
421.005: [GC (Allocation Failure) 349770K->435K(1048512K), 0.0002190 secs]
421.155: [GC (Allocation Failure) 349770K->435K(1048512K), 0.0002050 secs]
421.310: [GC (Allocation Failure) 349770K->435K(1048512K), 0.0002690 secs]
421.459: [GC (Allocation Failure) 349770K->435K(1048512K), 0.0002060 secs]
421.701: [GC (Allocation Failure) 349770K->435K(1048512K), 0.0002090 secs]
421.850: [GC (Allocation Failure) 349770K->435K(1048512K), 0.0002390 secs]
422.002: [GC (Allocation Failure) 349770K->435K(1048512K), 0.0002040 secs]
422.300: [GC (Allocation Failure) 349770K->435K(1048512K), 0.0002190 secs]
422.452: [GC (Allocation Failure) 349770K->435K(1048512K), 0.0002050 secs]
422.650: [GC (Allocation Failure) 349770K->435K(1048512K), 0.0002080 secs]
422.853: [GC (Allocation Failure) 349770K->435K(1048512K), 0.0002100 secs]
423.002: [GC (Allocation Failure) 349770K->435K(1048512K), 0.0002190 secs]
423.154: [GC (Allocation Failure) 349770K->435K(1048512K), 0.0002050 secs]
423.304: [GC (Allocation Failure) 349770K->435K(1048512K), 0.0002230 secs]
423.460: [GC (Allocation Failure) 349770K->435K(1048512K), 0.0002060 secs]
423.661: [GC (Allocation Failure) 349770K->435K(1048512K), 0.0002220 secs]
423.814: [GC (Allocation Failure) 349770K->435K(1048512K), 0.0002200 secs]
424.004: [GC (Allocation Failure) 349770K->435K(1048512K), 0.0005090 secs]
424.304: [GC (Allocation Failure) 349770K->435K(1048512K), 0.0002220 secs]
424.456: [GC (Allocation Failure) 349770K->435K(1048512K), 0.0002150 secs]
424.604: [GC (Allocation Failure) 349770K->435K(1048512K), 0.0002190 secs]
424.756: [GC (Allocation Failure) 349770K->435K(1048512K), 0.0003940 secs]
424.919: [GC (Allocation Failure) 349770K->435K(1048512K), 0.0002120 secs]
425.067: [GC (Allocation Failure) 349770K->435K(1048512K), 0.0002080 secs]
425.257: [GC (Allocation Failure) 349770K->435K(1048512K), 0.0002120 secs]
425.407: [GC (Allocation Failure) 349770K->435K(1048512K), 0.0002790 secs]
425.608: [GC (Allocation Failure) 349770K->435K(1048512K), 0.0002190 secs]
425.757: [GC (Allocation Failure) 349770K->435K(1048512K), 0.0002050 secs]
426.031: [GC (Allocation Failure) 349770K->435K(1048512K), 0.0002150 secs]
426.180: [GC (Allocation Failure) 349770K->435K(1048512K), 0.0002100 secs]
426.364: [GC (Allocation Failure) 349770K->435K(1048512K), 0.0002180 secs]
426.515: [GC (Allocation Failure) 349770K->435K(1048512K), 0.0002080 secs]
426.704: [GC (Allocation Failure) 349770K->435K(1048512K), 0.0002080 secs]
426.911: [GC (Allocation Failure) 349770K->435K(1048512K), 0.0002070 secs]
427.162: [GC (Allocation Failure) 349770K->435K(1048512K), 0.0002100 secs]
427.313: [GC (Allocation Failure) 349770K->435K(1048512K), 0.0002170 secs]
427.462: [GC (Allocation Failure) 349770K->435K(1048512K), 0.0002040 secs]
427.762: [GC (Allocation Failure) 349770K->435K(1048512K), 0.0002110 secs]
427.911: [GC (Allocation Failure) 349770K->435K(1048512K), 0.0002060 secs]
428.063: [GC (Allocation Failure) 349770K->435K(1048512K), 0.0002050 secs]
428.323: [GC (Allocation Failure) 349770K->435K(1048512K), 0.0002070 secs]
428.474: [GC (Allocation Failure) 349770K->435K(1048512K), 0.0002060 secs]
428.663: [GC (Allocation Failure) 349770K->435K(1048512K), 0.0002210 secs]
428.813: [GC (Allocation Failure) 349770K->435K(1048512K), 0.0002040 secs]
428.963: [GC (Allocation Failure) 349770K->435K(1048512K), 0.0002050 secs]
429.168: [GC (Allocation Failure) 349770K->435K(1048512K), 0.0002170 secs]
429.319: [GC (Allocation Failure) 349770K->435K(1048512K), 0.0002180 secs]
429.473: [GC (Allocation Failure) 349770K->435K(1048512K), 0.0002040 secs]
429.624: [GC (Allocation Failure) 349770K->435K(1048512K), 0.0002100 secs]
429.778: [GC (Allocation Failure) 349770K->435K(1048512K), 0.0003520 secs]
429.928: [GC (Allocation Failure) 349770K->435K(1048512K), 0.0002080 secs]
430.122: [GC (Allocation Failure) 349770K->435K(1048512K), 0.0002160 secs]
430.271: [GC (Allocation Failure) 349770K->435K(1048512K), 0.0002070 secs]
430.424: [GC (Allocation Failure) 349770K->435K(1048512K), 0.0002770 secs]
430.574: [GC (Allocation Failure) 349770K->435K(1048512K), 0.0002080 secs]
430.763: [GC (Allocation Failure) 349770K->435K(1048512K), 0.0002120 secs]
430.955: [GC (Allocation Failure) 349770K->435K(1048512K), 0.0002220 secs]
431.108: [GC (Allocation Failure) 349770K->435K(1048512K), 0.0002050 secs]
431.273: [GC (Allocation Failure) 349770K->435K(1048512K), 0.0002130 secs]
431.423: [GC (Allocation Failure) 349770K->435K(1048512K), 0.0002090 secs]
431.619: [GC (Allocation Failure) 349770K->435K(1048512K), 0.0002190 secs]
431.770: [GC (Allocation Failure) 349770K->435K(1048512K), 0.0002060 secs]
432.024: [GC (Allocation Failure) 349770K->435K(1048512K), 0.0002030 secs]
432.192: [GC (Allocation Failure) 349770K->435K(1048512K), 0.0002910 secs]
432.342: [GC (Allocation Failure) 349770K->435K(1048512K), 0.0002080 secs]
432.564: [GC (Allocation Failure) 349770K->435K(1048512K), 0.0002200 secs]
432.775: [GC (Allocation Failure) 349770K->435K(1048512K), 0.0002880 secs]
432.924: [GC (Allocation Failure) 349770K->435K(1048512K), 0.0002200 secs]
433.075: [GC (Allocation Failure) 349770K->435K(1048512K), 0.0002030 secs]
433.226: [GC (Allocation Failure) 349770K->435K(1048512K), 0.0002080 secs]
433.423: [GC (Allocation Failure) 349770K->435K(1048512K), 0.0002190 secs]
433.573: [GC (Allocation Failure) 349770K->435K(1048512K), 0.0002080 secs]
433.764: [GC (Allocation Failure) 349770K->435K(1048512K), 0.0002090 secs]
433.924: [GC (Allocation Failure) 349770K->435K(1048512K), 0.0002080 secs]
434.073: [GC (Allocation Failure) 349770K->435K(1048512K), 0.0002060 secs]
434.373: [GC (Allocation Failure) 349770K->435K(1048512K), 0.0002200 secs]
434.525: [GC (Allocation Failure) 349770K->435K(1048512K), 0.0002070 secs]
434.723: [GC (Allocation Failure) 349770K->435K(1048512K), 0.0002080 secs]
434.928: [GC (Allocation Failure) 349770K->435K(1048512K), 0.0003710 secs]
435.078: [GC (Allocation Failure) 349770K->435K(1048512K), 0.0002280 secs]
435.231: [GC (Allocation Failure) 349770K->435K(1048512K), 0.0002160 secs]
435.424: [GC (Allocation Failure) 349770K->435K(1048512K), 0.0002110 secs]
435.573: [GC (Allocation Failure) 349770K->435K(1048512K), 0.0002070 secs]
435.726: [GC (Allocation Failure) 349770K->435K(1048512K), 0.0002190 secs]
435.877: [GC (Allocation Failure) 349770K->435K(1048512K), 0.0002040 secs]
436.077: [GC (Allocation Failure) 349770K->435K(1048512K), 0.0002200 secs]
436.226: [GC (Allocation Failure) 349770K->435K(1048512K), 0.0002270 secs]
436.378: [GC (Allocation Failure) 349770K->435K(1048512K), 0.0002030 secs]
436.574: [GC (Allocation Failure) 349770K->435K(1048512K), 0.0002060 secs]
436.724: [GC (Allocation Failure) 349770K->435K(1048512K), 0.0002090 secs]
436.880: [GC (Allocation Failure) 349770K->435K(1048512K), 0.0002210 secs]
437.079: [GC (Allocation Failure) 349770K->435K(1048512K), 0.0002100 secs]
437.229: [GC (Allocation Failure) 349770K->435K(1048512K), 0.0002770 secs]
437.385: [GC (Allocation Failure) 349770K->435K(1048512K), 0.0002210 secs]
437.538: [GC (Allocation Failure) 349770K->435K(1048512K), 0.0002170 secs]
437.831: [GC (Allocation Failure) 349770K->435K(1048512K), 0.0002040 secs]
437.979: [GC (Allocation Failure) 349770K->435K(1048512K), 0.0002060 secs]
438.175: [GC (Allocation Failure) 349770K->435K(1048512K), 0.0002200 secs]
438.331: [GC (Allocation Failure) 349770K->435K(1048512K), 0.0002050 secs]
438.536: [GC (Allocation Failure) 349770K->435K(1048512K), 0.0002270 secs]
438.685: [GC (Allocation Failure) 349770K->435K(1048512K), 0.0002080 secs]
438.982: [GC (Allocation Failure) 349770K->435K(1048512K), 0.0002240 secs]
439.131: [GC (Allocation Failure) 349770K->435K(1048512K), 0.0002010 secs]
439.335: [GC (Allocation Failure) 349770K->435K(1048512K), 0.0002300 secs]
439.488: [GC (Allocation Failure) 349770K->435K(1048512K), 0.0002140 secs]
439.683: [GC (Allocation Failure) 349770K->435K(1048512K), 0.0002080 secs]
439.875: [GC (Allocation Failure) 349770K->435K(1048512K), 0.0002080 secs]
440.024: [GC (Allocation Failure) 349770K->435K(1048512K), 0.0003970 secs]
440.178: [GC (Allocation Failure) 349770K->435K(1048512K), 0.0002270 secs]
440.338: [GC (Allocation Failure) 349770K->435K(1048512K), 0.0002860 secs]
440.490: [GC (Allocation Failure) 349770K->435K(1048512K), 0.0002190 secs]
440.643: [GC (Allocation Failure) 349770K->435K(1048512K), 0.0002790 secs]
440.791: [GC (Allocation Failure) 349770K->435K(1048512K), 0.0002170 secs]
440.945: [GC (Allocation Failure) 349770K->435K(1048512K), 0.0002160 secs]
441.136: [GC (Allocation Failure) 349770K->435K(1048512K), 0.0002050 secs]
441.286: [GC (Allocation Failure) 349770K->435K(1048512K), 0.0002060 secs]
441.453: [GC (Allocation Failure) 349770K->435K(1048512K), 0.0002200 secs]
441.606: [GC (Allocation Failure) 349770K->435K(1048512K), 0.0002030 secs]
441.780: [GC (Allocation Failure) 349770K->435K(1048512K), 0.0002090 secs]
441.938: [GC (Allocation Failure) 349770K->435K(1048512K), 0.0002110 secs]
442.088: [GC (Allocation Failure) 349770K->435K(1048512K), 0.0002360 secs]
442.238: [GC (Allocation Failure) 349770K->435K(1048512K), 0.0002050 secs]
442.387: [GC (Allocation Failure) 349770K->435K(1048512K), 0.0002070 secs]
442.539: [GC (Allocation Failure) 349770K->435K(1048512K), 0.0002070 secs]
442.687: [GC (Allocation Failure) 349770K->435K(1048512K), 0.0002170 secs]
442.839: [GC (Allocation Failure) 349770K->435K(1048512K), 0.0002040 secs]
443.038: [GC (Allocation Failure) 349770K->435K(1048512K), 0.0002080 secs]
443.291: [GC (Allocation Failure) 349770K->435K(1048512K), 0.0002130 secs]
443.460: [GC (Allocation Failure) 349770K->435K(1048512K), 0.0002090 secs]
443.644: [GC (Allocation Failure) 349770K->435K(1048512K), 0.0002170 secs]
443.793: [GC (Allocation Failure) 349770K->435K(1048512K), 0.0002790 secs]
443.991: [GC (Allocation Failure) 349770K->435K(1048512K), 0.0002050 secs]
444.143: [GC (Allocation Failure) 349770K->435K(1048512K), 0.0002820 secs]
444.396: [GC (Allocation Failure) 349770K->435K(1048512K), 0.0002200 secs]
444.547: [GC (Allocation Failure) 349770K->435K(1048512K), 0.0002090 secs]
444.746: [GC (Allocation Failure) 349770K->435K(1048512K), 0.0002250 secs]
444.895: [GC (Allocation Failure) 349770K->435K(1048512K), 0.0002060 secs]
445.047: [GC (Allocation Failure) 349770K->435K(1048512K), 0.0004120 secs]
445.209: [GC (Allocation Failure) 349770K->435K(1048512K), 0.0002150 secs]
445.362: [GC (Allocation Failure) 349770K->435K(1048512K), 0.0002850 secs]
445.594: [GC (Allocation Failure) 349770K->435K(1048512K), 0.0002190 secs]
445.744: [GC (Allocation Failure) 349770K->435K(1048512K), 0.0002080 secs]
445.895: [GC (Allocation Failure) 349770K->435K(1048512K), 0.0002050 secs]
446.044: [GC (Allocation Failure) 349770K->435K(1048512K), 0.0002050 secs]
446.232: [GC (Allocation Failure) 349770K->435K(1048512K), 0.0002290 secs]
446.382: [GC (Allocation Failure) 349770K->435K(1048512K), 0.0002050 secs]
446.550: [GC (Allocation Failure) 349770K->435K(1048512K), 0.0002170 secs]
446.698: [GC (Allocation Failure) 349770K->435K(1048512K), 0.0002200 secs]
446.852: [GC (Allocation Failure) 349770K->435K(1048512K), 0.0002190 secs]
447.027: [GC (Allocation Failure) 349770K->435K(1048512K), 0.0002180 secs]
447.176: [GC (Allocation Failure) 349770K->435K(1048512K), 0.0002060 secs]
447.330: [GC (Allocation Failure) 349770K->435K(1048512K), 0.0002180 secs]
447.491: [GC (Allocation Failure) 349770K->435K(1048512K), 0.0002780 secs]
447.661: [GC (Allocation Failure) 349770K->435K(1048512K), 0.0002090 secs]
447.824: [GC (Allocation Failure) 349770K->435K(1048512K), 0.0002200 secs]
447.976: [GC (Allocation Failure) 349770K->435K(1048512K), 0.0002170 secs]
448.164: [GC (Allocation Failure) 349770K->435K(1048512K), 0.0002250 secs]
448.321: [GC (Allocation Failure) 349770K->435K(1048512K), 0.0002080 secs]
448.474: [GC (Allocation Failure) 349770K->435K(1048512K), 0.0002030 secs]
448.623: [GC (Allocation Failure) 349770K->435K(1048512K), 0.0002050 secs]
448.799: [GC (Allocation Failure) 349770K->435K(1048512K), 0.0002060 secs]
448.988: [GC (Allocation Failure) 349770K->435K(1048512K), 0.0002280 secs]
449.138: [GC (Allocation Failure) 349770K->435K(1048512K), 0.0002090 secs]
449.293: [GC (Allocation Failure) 349770K->435K(1048512K), 0.0002170 secs]
449.451: [GC (Allocation Failure) 349770K->435K(1048512K), 0.0002230 secs]
449.599: [GC (Allocation Failure) 349770K->435K(1048512K), 0.0002070 secs]
449.751: [GC (Allocation Failure) 349770K->435K(1048512K), 0.0002030 secs]
449.950: [GC (Allocation Failure) 349770K->435K(1048512K), 0.0002260 secs]
450.102: [GC (Allocation Failure) 349770K->435K(1048512K), 0.0003300 secs]
450.252: [GC (Allocation Failure) 349770K->435K(1048512K), 0.0002040 secs]
450.433: [GC (Allocation Failure) 349770K->435K(1048512K), 0.0002180 secs]
450.584: [GC (Allocation Failure) 349770K->435K(1048512K), 0.0002080 secs]
450.803: [GC (Allocation Failure) 349770K->435K(1048512K), 0.0002060 secs]
450.953: [GC (Allocation Failure) 349770K->435K(1048512K), 0.0002210 secs]
451.104: [GC (Allocation Failure) 349770K->435K(1048512K), 0.0002120 secs]
451.359: [GC (Allocation Failure) 349770K->435K(1048512K), 0.0002070 secs]
451.508: [GC (Allocation Failure) 349770K->435K(1048512K), 0.0002760 secs]
451.708: [GC (Allocation Failure) 349770K->435K(1048512K), 0.0002180 secs]
451.858: [GC (Allocation Failure) 349770K->435K(1048512K), 0.0002800 secs]
452.055: [GC (Allocation Failure) 349770K->435K(1048512K), 0.0002130 secs]
452.205: [GC (Allocation Failure) 349770K->435K(1048512K), 0.0002050 secs]
452.356: [GC (Allocation Failure) 349770K->435K(1048512K), 0.0002030 secs]
452.506: [GC (Allocation Failure) 349770K->435K(1048512K), 0.0002180 secs]
452.659: [GC (Allocation Failure) 349770K->435K(1048512K), 0.0002040 secs]
452.809: [GC (Allocation Failure) 349770K->435K(1048512K), 0.0002170 secs]
452.963: [GC (Allocation Failure) 349770K->435K(1048512K), 0.0002050 secs]
453.112: [GC (Allocation Failure) 349770K->435K(1048512K), 0.0002060 secs]
453.357: [GC (Allocation Failure) 349770K->435K(1048512K), 0.0002180 secs]
453.508: [GC (Allocation Failure) 349770K->435K(1048512K), 0.0001980 secs]
453.657: [GC (Allocation Failure) 349770K->435K(1048512K), 0.0002200 secs]
453.808: [GC (Allocation Failure) 349770K->435K(1048512K), 0.0002140 secs]
453.957: [GC (Allocation Failure) 349770K->435K(1048512K), 0.0002060 secs]
454.109: [GC (Allocation Failure) 349770K->435K(1048512K), 0.0002160 secs]
454.308: [GC (Allocation Failure) 349770K->435K(1048512K), 0.0002090 secs]
454.509: [GC (Allocation Failure) 349770K->435K(1048512K), 0.0002010 secs]
454.658: [GC (Allocation Failure) 349770K->435K(1048512K), 0.0002420 secs]
454.810: [GC (Allocation Failure) 349770K->435K(1048512K), 0.0002010 secs]
454.991: [GC (Allocation Failure) 349770K->435K(1048512K), 0.0002210 secs]
455.144: [GC (Allocation Failure) 349770K->435K(1048512K), 0.0004060 secs]
455.315: [GC (Allocation Failure) 349770K->435K(1048512K), 0.0002880 secs]
455.464: [GC (Allocation Failure) 349770K->435K(1048512K), 0.0002090 secs]
455.659: [GC (Allocation Failure) 349770K->435K(1048512K), 0.0002190 secs]
455.811: [GC (Allocation Failure) 349770K->435K(1048512K), 0.0002080 secs]
455.960: [GC (Allocation Failure) 349770K->435K(1048512K), 0.0002170 secs]
456.112: [GC (Allocation Failure) 349770K->435K(1048512K), 0.0002040 secs]
456.311: [GC (Allocation Failure) 349770K->435K(1048512K), 0.0002200 secs]
456.463: [GC (Allocation Failure) 349770K->435K(1048512K), 0.0002060 secs]
456.627: [GC (Allocation Failure) 349770K->435K(1048512K), 0.0002100 secs]
456.776: [GC (Allocation Failure) 349770K->435K(1048512K), 0.0002070 secs]
456.962: [GC (Allocation Failure) 349770K->435K(1048512K), 0.0002170 secs]
457.164: [GC (Allocation Failure) 349770K->435K(1048512K), 0.0002290 secs]
457.315: [GC (Allocation Failure) 349770K->435K(1048512K), 0.0002800 secs]
457.493: [GC (Allocation Failure) 349770K->435K(1048512K), 0.0002290 secs]
457.642: [GC (Allocation Failure) 349770K->435K(1048512K), 0.0002080 secs]
457.804: [GC (Allocation Failure) 349770K->435K(1048512K), 0.0002190 secs]
457.953: [GC (Allocation Failure) 349770K->435K(1048512K), 0.0002070 secs]
458.107: [GC (Allocation Failure) 349770K->435K(1048512K), 0.0002030 secs]
458.257: [GC (Allocation Failure) 349770K->435K(1048512K), 0.0002200 secs]
458.416: [GC (Allocation Failure) 349770K->435K(1048512K), 0.0002130 secs]
458.570: [GC (Allocation Failure) 349770K->435K(1048512K), 0.0002310 secs]
458.815: [GC (Allocation Failure) 349770K->435K(1048512K), 0.0002200 secs]
458.967: [GC (Allocation Failure) 349770K->435K(1048512K), 0.0002150 secs]
459.166: [GC (Allocation Failure) 349770K->435K(1048512K), 0.0002200 secs]
459.318: [GC (Allocation Failure) 349770K->435K(1048512K), 0.0002050 secs]
459.492: [GC (Allocation Failure) 349770K->435K(1048512K), 0.0002200 secs]
459.645: [GC (Allocation Failure) 349770K->435K(1048512K), 0.0002050 secs]
459.795: [GC (Allocation Failure) 349770K->435K(1048512K), 0.0002200 secs]
459.968: [GC (Allocation Failure) 349770K->435K(1048512K), 0.0002070 secs]
460.161: [GC (Allocation Failure) 349770K->435K(1048512K), 0.0002530 secs]
460.315: [GC (Allocation Failure) 349770K->435K(1048512K), 0.0002060 secs]
460.464: [GC (Allocation Failure) 349770K->435K(1048512K), 0.0002050 secs]
460.628: [GC (Allocation Failure) 349770K->435K(1048512K), 0.0002070 secs]
460.827: [GC (Allocation Failure) 349770K->435K(1048512K), 0.0002270 secs]
460.977: [GC (Allocation Failure) 349770K->435K(1048512K), 0.0002070 secs]
461.160: [GC (Allocation Failure) 349770K->435K(1048512K), 0.0002070 secs]
461.400: [GC (Allocation Failure) 349770K->435K(1048512K), 0.0002210 secs]
461.554: [GC (Allocation Failure) 349770K->435K(1048512K), 0.0002050 secs]
461.703: [GC (Allocation Failure) 349770K->435K(1048512K), 0.0002200 secs]
461.856: [GC (Allocation Failure) 349770K->435K(1048512K), 0.0002260 secs]
462.021: [GC (Allocation Failure) 349770K->435K(1048512K), 0.0002190 secs]
462.177: [GC (Allocation Failure) 349770K->435K(1048512K), 0.0002090 secs]
462.373: [GC (Allocation Failure) 349770K->435K(1048512K), 0.0002100 secs]
462.523: [GC (Allocation Failure) 349770K->435K(1048512K), 0.0002080 secs]
462.724: [GC (Allocation Failure) 349770K->435K(1048512K), 0.0002050 secs]
462.873: [GC (Allocation Failure) 349770K->435K(1048512K), 0.0002100 secs]
463.163: [GC (Allocation Failure) 349770K->435K(1048512K), 0.0002170 secs]
463.315: [GC (Allocation Failure) 349770K->435K(1048512K), 0.0002220 secs]
463.469: [GC (Allocation Failure) 349770K->435K(1048512K), 0.0002190 secs]
463.618: [GC (Allocation Failure) 349770K->435K(1048512K), 0.0002080 secs]
463.802: [GC (Allocation Failure) 349770K->435K(1048512K), 0.0002190 secs]
463.954: [GC (Allocation Failure) 349770K->435K(1048512K), 0.0002190 secs]
464.104: [GC (Allocation Failure) 349770K->435K(1048512K), 0.0002040 secs]
464.326: [GC (Allocation Failure) 349770K->435K(1048512K), 0.0002070 secs]
464.477: [GC (Allocation Failure) 349770K->435K(1048512K), 0.0002740 secs]
464.676: [GC (Allocation Failure) 349770K->435K(1048512K), 0.0002070 secs]
464.881: [GC (Allocation Failure) 349770K->435K(1048512K), 0.0002150 secs]
465.031: [GC (Allocation Failure) 349770K->435K(1048512K), 0.0002060 secs]
465.228: [GC (Allocation Failure) 349770K->435K(1048512K), 0.0002600 secs]
465.379: [GC (Allocation Failure) 349770K->435K(1048512K), 0.0002050 secs]
465.579: [GC (Allocation Failure) 349770K->435K(1048512K), 0.0002130 secs]
465.730: [GC (Allocation Failure) 349770K->435K(1048512K), 0.0002050 secs]
466.028: [GC (Allocation Failure) 349770K->435K(1048512K), 0.0002200 secs]
466.180: [GC (Allocation Failure) 349770K->435K(1048512K), 0.0002180 secs]
466.329: [GC (Allocation Failure) 349770K->435K(1048512K), 0.0002090 secs]
466.575: [GC (Allocation Failure) 349770K->435K(1048512K), 0.0002300 secs]
466.724: [GC (Allocation Failure) 349770K->435K(1048512K), 0.0002060 secs]
466.931: [GC (Allocation Failure) 349770K->435K(1048512K), 0.0002140 secs]
467.163: [GC (Allocation Failure) 349770K->435K(1048512K), 0.0002190 secs]
467.314: [GC (Allocation Failure) 349770K->435K(1048512K), 0.0002200 secs]
467.467: [GC (Allocation Failure) 349770K->435K(1048512K), 0.0002160 secs]
467.632: [GC (Allocation Failure) 349770K->435K(1048512K), 0.0002080 secs]
467.781: [GC (Allocation Failure) 349770K->435K(1048512K), 0.0002170 secs]
467.933: [GC (Allocation Failure) 349770K->435K(1048512K), 0.0002140 secs]
468.082: [GC (Allocation Failure) 349770K->435K(1048512K), 0.0002170 secs]
468.233: [GC (Allocation Failure) 349770K->435K(1048512K), 0.0002130 secs]
468.413: [GC (Allocation Failure) 349770K->435K(1048512K), 0.0002030 secs]
468.563: [GC (Allocation Failure) 349770K->435K(1048512K), 0.0002220 secs]
468.715: [GC (Allocation Failure) 349770K->435K(1048512K), 0.0002750 secs]
468.865: [GC (Allocation Failure) 349770K->435K(1048512K), 0.0002100 secs]
469.033: [GC (Allocation Failure) 349770K->435K(1048512K), 0.0002060 secs]
469.290: [GC (Allocation Failure) 349770K->435K(1048512K), 0.0002110 secs]
469.440: [GC (Allocation Failure) 349770K->435K(1048512K), 0.0002070 secs]
469.592: [GC (Allocation Failure) 349770K->435K(1048512K), 0.0002160 secs]
469.790: [GC (Allocation Failure) 349770K->435K(1048512K), 0.0002050 secs]
469.939: [GC (Allocation Failure) 349770K->435K(1048512K), 0.0002200 secs]
470.092: [GC (Allocation Failure) 349770K->435K(1048512K), 0.0002260 secs]
470.385: [GC (Allocation Failure) 349770K->435K(1048512K), 0.0002200 secs]
470.537: [GC (Allocation Failure) 349770K->435K(1048512K), 0.0002070 secs]
470.736: [GC (Allocation Failure) 349770K->435K(1048512K), 0.0002070 secs]
470.942: [GC (Allocation Failure) 349770K->435K(1048512K), 0.0002170 secs]
471.092: [GC (Allocation Failure) 349770K->435K(1048512K), 0.0002070 secs]
471.291: [GC (Allocation Failure) 349770K->435K(1048512K), 0.0002150 secs]
471.440: [GC (Allocation Failure) 349770K->435K(1048512K), 0.0002050 secs]
471.592: [GC (Allocation Failure) 349770K->435K(1048512K), 0.0002740 secs]
471.742: [GC (Allocation Failure) 349770K->435K(1048512K), 0.0002090 secs]
471.916: [GC (Allocation Failure) 349770K->435K(1048512K), 0.0002240 secs]
472.067: [GC (Allocation Failure) 349770K->435K(1048512K), 0.0002770 secs]
472.243: [GC (Allocation Failure) 349770K->435K(1048512K), 0.0002140 secs]
472.393: [GC (Allocation Failure) 349770K->435K(1048512K), 0.0002050 secs]
472.668: [GC (Allocation Failure) 349770K->435K(1048512K), 0.0002130 secs]
472.818: [GC (Allocation Failure) 349770K->435K(1048512K), 0.0002180 secs]
472.973: [GC (Allocation Failure) 349770K->435K(1048512K), 0.0002170 secs]
473.123: [GC (Allocation Failure) 349770K->435K(1048512K), 0.0002050 secs]
473.292: [GC (Allocation Failure) 349770K->435K(1048512K), 0.0002030 secs]
473.459: [GC (Allocation Failure) 349770K->435K(1048512K), 0.0002200 secs]
473.612: [GC (Allocation Failure) 349770K->435K(1048512K), 0.0002020 secs]
473.841: [GC (Allocation Failure) 349770K->435K(1048512K), 0.0002310 secs]
473.993: [GC (Allocation Failure) 349770K->435K(1048512K), 0.0002010 secs]
474.193: [GC (Allocation Failure) 349770K->435K(1048512K), 0.0002190 secs]
474.344: [GC (Allocation Failure) 349770K->435K(1048512K), 0.0002040 secs]
474.544: [GC (Allocation Failure) 349770K->435K(1048512K), 0.0002150 secs]
474.693: [GC (Allocation Failure) 349770K->435K(1048512K), 0.0002080 secs]
474.993: [GC (Allocation Failure) 349770K->435K(1048512K), 0.0002190 secs]
475.145: [GC (Allocation Failure) 349770K->435K(1048512K), 0.0002020 secs]
475.296: [GC (Allocation Failure) 349770K->435K(1048512K), 0.0002090 secs]
475.450: [GC (Allocation Failure) 349770K->435K(1048512K), 0.0003370 secs]
475.616: [GC (Allocation Failure) 349770K->435K(1048512K), 0.0002210 secs]
475.768: [GC (Allocation Failure) 349770K->435K(1048512K), 0.0002040 secs]
475.918: [GC (Allocation Failure) 349770K->435K(1048512K), 0.0002180 secs]
476.071: [GC (Allocation Failure) 349770K->435K(1048512K), 0.0002160 secs]
476.221: [GC (Allocation Failure) 349770K->435K(1048512K), 0.0002180 secs]
476.374: [GC (Allocation Failure) 349770K->435K(1048512K), 0.0002160 secs]
476.552: [GC (Allocation Failure) 349770K->435K(1048512K), 0.0002150 secs]
476.702: [GC (Allocation Failure) 349770K->435K(1048512K), 0.0002080 secs]
476.855: [GC (Allocation Failure) 349770K->435K(1048512K), 0.0002170 secs]
477.006: [GC (Allocation Failure) 349770K->435K(1048512K), 0.0002080 secs]
477.224: [GC (Allocation Failure) 349770K->435K(1048512K), 0.0002210 secs]
477.377: [GC (Allocation Failure) 349770K->435K(1048512K), 0.0002210 secs]
477.597: [GC (Allocation Failure) 349770K->435K(1048512K), 0.0002320 secs]
477.749: [GC (Allocation Failure) 349770K->435K(1048512K), 0.0002170 secs]
477.898: [GC (Allocation Failure) 349770K->435K(1048512K), 0.0002150 secs]
478.154: [GC (Allocation Failure) 349770K->435K(1048512K), 0.0002280 secs]
478.304: [GC (Allocation Failure) 349770K->435K(1048512K), 0.0002030 secs]
478.499: [GC (Allocation Failure) 349770K->435K(1048512K), 0.0002040 secs]
478.701: [GC (Allocation Failure) 349770K->435K(1048512K), 0.0002130 secs]
478.849: [GC (Allocation Failure) 349770K->435K(1048512K), 0.0002040 secs]
479.001: [GC (Allocation Failure) 349770K->435K(1048512K), 0.0002180 secs]
479.302: [GC (Allocation Failure) 349770K->435K(1048512K), 0.0002060 secs]
