0.664: [GC (Allocation Failure) 262208K->921K(1004928K), 0.0019800 secs]
0.862: [GC (Allocation Failure) 263129K->1080K(1004928K), 0.0016450 secs]
1.015: [GC (Allocation Failure) 263232K->877K(1004928K), 0.0022040 secs]
1.155: [GC (Allocation Failure) 262995K->1279K(1004928K), 0.0017010 secs]
1.291: [GC (Allocation Failure) 263404K->893K(1004928K), 0.0024020 secs]
1.425: [GC (Allocation Failure) 263085K->982K(1224704K), 0.0041500 secs]
1.802: [GC (Allocation Failure) 525398K->915K(1224768K), 0.0028290 secs]
2.060: [GC (Allocation Failure) 525275K->1114K(1396544K), 0.0005620 secs]
2.497: [GC (Allocation Failure) 697094K->1021K(1370240K), 0.0005570 secs]
2.834: [GC (Allocation Failure) 671805K->1025K(1346176K), 0.0006130 secs]
3.151: [GC (Allocation Failure) 647720K->927K(1323072K), 0.0005800 secs]
3.453: [GC (Allocation Failure) 624634K->1122K(1301312K), 0.0008540 secs]
3.742: [GC (Allocation Failure) 602914K->1025K(1280320K), 0.0005820 secs]
4.026: [GC (Allocation Failure) 581841K->1025K(1260352K), 0.0005660 secs]
4.302: [GC (Allocation Failure) 561919K->1029K(1241280K), 0.0005070 secs]
4.571: [GC (Allocation Failure) 542820K->931K(1222912K), 0.0005480 secs]
4.832: [GC (Allocation Failure) 524443K->1029K(1205632K), 0.0005290 secs]
5.088: [GC (Allocation Failure) 507134K->931K(1188864K), 0.0005500 secs]
5.326: [GC (Allocation Failure) 490458K->935K(1172928K), 0.0005820 secs]
5.556: [GC (Allocation Failure) 474480K->1033K(1157824K), 0.0005560 secs]
5.782: [GC (Allocation Failure) 459401K->1033K(1143296K), 0.0005110 secs]
5.999: [GC (Allocation Failure) 444832K->1033K(1129408K), 0.0005340 secs]
6.205: [GC (Allocation Failure) 430981K->1017K(1116032K), 0.0008230 secs]
6.411: [GC (Allocation Failure) 417612K->919K(1103232K), 0.0008540 secs]
6.611: [GC (Allocation Failure) 404762K->935K(1091008K), 0.0004820 secs]
6.804: [GC (Allocation Failure) 392615K->1033K(1079424K), 0.0005200 secs]
6.989: [GC (Allocation Failure) 380951K->935K(1068096K), 0.0004960 secs]
7.174: [GC (Allocation Failure) 369646K->1033K(1057472K), 0.0006340 secs]
7.351: [GC (Allocation Failure) 358990K->935K(1383808K), 0.0005850 secs]
7.689: [GC (Allocation Failure) 685355K->923K(1359104K), 0.0006110 secs]
8.013: [GC (Allocation Failure) 660683K->1037K(1335680K), 0.0005960 secs]
8.322: [GC (Allocation Failure) 637236K->1037K(1313216K), 0.0005940 secs]
8.620: [GC (Allocation Failure) 614751K->1037K(1291776K), 0.0005830 secs]
8.911: [GC (Allocation Failure) 593353K->1041K(1271296K), 0.0005460 secs]
9.200: [GC (Allocation Failure) 572825K->1041K(1251712K), 0.0006100 secs]
9.468: [GC (Allocation Failure) 553297K->1041K(1233024K), 0.0006300 secs]
9.727: [GC (Allocation Failure) 534540K->1025K(1215104K), 0.0008050 secs]
9.982: [GC (Allocation Failure) 516724K->943K(1197952K), 0.0004750 secs]
10.228: [GC (Allocation Failure) 499512K->947K(1181632K), 0.0004850 secs]
10.468: [GC (Allocation Failure) 483236K->947K(1166016K), 0.0005930 secs]
10.696: [GC (Allocation Failure) 467621K->931K(1151104K), 0.0008010 secs]
10.919: [GC (Allocation Failure) 452642K->947K(1136832K), 0.0004780 secs]
11.129: [GC (Allocation Failure) 438413K->947K(1123200K), 0.0006010 secs]
11.338: [GC (Allocation Failure) 424810K->1029K(1110208K), 0.0006900 secs]
11.537: [GC (Allocation Failure) 411780K->1029K(1097728K), 0.0006270 secs]
11.726: [GC (Allocation Failure) 399283K->947K(1085696K), 0.0004770 secs]
11.916: [GC (Allocation Failure) 387258K->1029K(1074304K), 0.0008140 secs]
12.099: [GC (Allocation Failure) 375847K->1049K(1063360K), 0.0004940 secs]
12.279: [GC (Allocation Failure) 364905K->935K(1052672K), 0.0006040 secs]
12.452: [GC (Allocation Failure) 354240K->951K(1378816K), 0.0004870 secs]
12.781: [GC (Allocation Failure) 680409K->1037K(1354368K), 0.0008260 secs]
13.103: [GC (Allocation Failure) 655939K->939K(1330944K), 0.0007740 secs]
13.407: [GC (Allocation Failure) 632461K->1053K(1308800K), 0.0004990 secs]
13.711: [GC (Allocation Failure) 610380K->955K(1287424K), 0.0004970 secs]
14.000: [GC (Allocation Failure) 589002K->1037K(1267200K), 0.0009590 secs]
14.277: [GC (Allocation Failure) 568843K->955K(1247744K), 0.0005510 secs]
14.540: [GC (Allocation Failure) 549282K->1053K(1229376K), 0.0004990 secs]
14.805: [GC (Allocation Failure) 530947K->959K(1211584K), 0.0004960 secs]
15.055: [GC (Allocation Failure) 513163K->1041K(1194752K), 0.0008090 secs]
15.299: [GC (Allocation Failure) 496331K->959K(1178496K), 0.0004710 secs]
15.529: [GC (Allocation Failure) 480040K->959K(1163072K), 0.0004730 secs]
15.752: [GC (Allocation Failure) 464688K->959K(1148288K), 0.0005810 secs]
15.973: [GC (Allocation Failure) 449869K->1057K(1134272K), 0.0005300 secs]
16.189: [GC (Allocation Failure) 435823K->943K(1120640K), 0.0005920 secs]
16.399: [GC (Allocation Failure) 422243K->959K(1107712K), 0.0005990 secs]
16.601: [GC (Allocation Failure) 409255K->943K(1095296K), 0.0007860 secs]
16.797: [GC (Allocation Failure) 396902K->959K(1083392K), 0.0006000 secs]
16.986: [GC (Allocation Failure) 385006K->1057K(1072128K), 0.0004480 secs]
17.167: [GC (Allocation Failure) 373689K->959K(1061120K), 0.0004920 secs]
17.340: [GC (Allocation Failure) 362700K->943K(1050688K), 0.0006720 secs]
17.516: [GC (Allocation Failure) 352291K->959K(1375872K), 0.0004790 secs]
17.844: [GC (Allocation Failure) 677411K->1057K(1351552K), 0.0004850 secs]
18.159: [GC (Allocation Failure) 653274K->1154K(1328448K), 0.0005100 secs]
18.459: [GC (Allocation Failure) 630086K->1061K(1306112K), 0.0004460 secs]
18.756: [GC (Allocation Failure) 607870K->1158K(1284992K), 0.0004740 secs]
19.040: [GC (Allocation Failure) 586753K->1158K(1264768K), 0.0006110 secs]
19.313: [GC (Allocation Failure) 566589K->1256K(1245632K), 0.0005040 secs]
19.577: [GC (Allocation Failure) 547338K->1256K(1227008K), 0.0004970 secs]
19.836: [GC (Allocation Failure) 528975K->1358K(1209472K), 0.0005750 secs]
20.088: [GC (Allocation Failure) 511477K->1358K(1192640K), 0.0005550 secs]
20.330: [GC (Allocation Failure) 494589K->1358K(1176576K), 0.0004930 secs]
20.557: [GC (Allocation Failure) 478531K->1455K(1161216K), 0.0006220 secs]
20.784: [GC (Allocation Failure) 463314K->1455K(1146496K), 0.0005210 secs]
21.002: [GC (Allocation Failure) 448580K->1537K(1132480K), 0.0008720 secs]
21.218: [GC (Allocation Failure) 434551K->1455K(1118976K), 0.0006070 secs]
21.423: [GC (Allocation Failure) 421094K->1651K(1106112K), 0.0006800 secs]
21.621: [GC (Allocation Failure) 408411K->1748K(1093888K), 0.0005880 secs]
21.814: [GC (Allocation Failure) 396106K->1748K(1081856K), 0.0006450 secs]
22.005: [GC (Allocation Failure) 384244K->1846K(1070592K), 0.0007100 secs]
22.188: [GC (Allocation Failure) 373028K->1846K(1059776K), 0.0004790 secs]
22.367: [GC (Allocation Failure) 362252K->1846K(1049344K), 0.0004840 secs]
22.540: [GC (Allocation Failure) 351800K->1846K(1373312K), 0.0005840 secs]
22.873: [GC (Allocation Failure) 675750K->1928K(1349120K), 0.0008430 secs]
23.195: [GC (Allocation Failure) 651578K->1944K(1325952K), 0.0004910 secs]
23.501: [GC (Allocation Failure) 628537K->1944K(1303872K), 0.0006420 secs]
23.793: [GC (Allocation Failure) 606472K->2139K(1282816K), 0.0007440 secs]
24.071: [GC (Allocation Failure) 585546K->2334K(1262720K), 0.0006540 secs]
24.346: [GC (Allocation Failure) 565696K->2432K(1243456K), 0.0006450 secs]
24.616: [GC (Allocation Failure) 546583K->2628K(1225344K), 0.0006270 secs]
24.877: [GC (Allocation Failure) 528487K->2628K(1207680K), 0.0005040 secs]
25.130: [GC (Allocation Failure) 510909K->2628K(1190912K), 0.0004870 secs]
25.370: [GC (Allocation Failure) 494192K->2713K(1174976K), 0.0007900 secs]
25.613: [GC (Allocation Failure) 478206K->2632K(1159616K), 0.0004980 secs]
25.838: [GC (Allocation Failure) 462824K->2632K(1144960K), 0.0004930 secs]
26.052: [GC (Allocation Failure) 448206K->2729K(1131072K), 0.0005200 secs]
26.260: [GC (Allocation Failure) 434333K->2632K(1117504K), 0.0004580 secs]
26.466: [GC (Allocation Failure) 420793K->2729K(1104768K), 0.0005900 secs]
26.668: [GC (Allocation Failure) 408149K->2729K(1092480K), 0.0005420 secs]
26.862: [GC (Allocation Failure) 395820K->2827K(1080832K), 0.0005780 secs]
27.051: [GC (Allocation Failure) 384131K->2729K(1069376K), 0.0004640 secs]
27.226: [GC (Allocation Failure) 372830K->2925K(1058752K), 0.0005130 secs]
27.397: [GC (Allocation Failure) 362220K->2827K(1048256K), 0.0004970 secs]
27.569: [GC (Allocation Failure) 351682K->2925K(1371456K), 0.0006490 secs]
27.900: [GC (Allocation Failure) 674874K->2827K(1347136K), 0.0004600 secs]
28.219: [GC (Allocation Failure) 650697K->2925K(1324160K), 0.0005130 secs]
28.522: [GC (Allocation Failure) 627675K->3006K(1302272K), 0.0008440 secs]
28.816: [GC (Allocation Failure) 605853K->3022K(1281344K), 0.0005110 secs]
29.098: [GC (Allocation Failure) 584905K->3022K(1261184K), 0.0006320 secs]
29.370: [GC (Allocation Failure) 564804K->3120K(1242176K), 0.0005680 secs]
29.638: [GC (Allocation Failure) 545767K->3022K(1223808K), 0.0005700 secs]
29.885: [GC (Allocation Failure) 527485K->3120K(1206464K), 0.0006670 secs]
30.128: [GC (Allocation Failure) 510112K->3022K(1189632K), 0.0004880 secs]
30.370: [GC (Allocation Failure) 493301K->3022K(1173696K), 0.0004750 secs]
30.600: [GC (Allocation Failure) 477297K->3120K(1158592K), 0.0005090 secs]
30.820: [GC (Allocation Failure) 462246K->3026K(1143872K), 0.0005040 secs]
31.038: [GC (Allocation Failure) 447508K->3010K(1129920K), 0.0004870 secs]
31.245: [GC (Allocation Failure) 433522K->3026K(1116544K), 0.0005880 secs]
31.449: [GC (Allocation Failure) 420234K->3026K(1103744K), 0.0004750 secs]
31.644: [GC (Allocation Failure) 407409K->3026K(1091520K), 0.0004970 secs]
31.836: [GC (Allocation Failure) 395199K->3026K(1079808K), 0.0004850 secs]
32.022: [GC (Allocation Failure) 383429K->3010K(1068608K), 0.0008440 secs]
32.204: [GC (Allocation Failure) 372267K->3026K(1057856K), 0.0006160 secs]
32.386: [GC (Allocation Failure) 361465K->3026K(1368640K), 0.0004850 secs]
32.725: [GC (Allocation Failure) 672336K->3026K(1344640K), 0.0005030 secs]
33.044: [GC (Allocation Failure) 648268K->3124K(1321856K), 0.0006220 secs]
33.351: [GC (Allocation Failure) 625477K->3124K(1299776K), 0.0005790 secs]
33.646: [GC (Allocation Failure) 603582K->3226K(1278976K), 0.0005180 secs]
33.930: [GC (Allocation Failure) 582822K->3323K(1259200K), 0.0004770 secs]
34.210: [GC (Allocation Failure) 563024K->3323K(1240192K), 0.0009820 secs]
34.476: [GC (Allocation Failure) 543969K->3323K(1221696K), 0.0005250 secs]
34.735: [GC (Allocation Failure) 525838K->3519K(1204736K), 0.0005420 secs]
34.988: [GC (Allocation Failure) 508726K->3519K(1187968K), 0.0005460 secs]
35.230: [GC (Allocation Failure) 492144K->3616K(1172224K), 0.0005030 secs]
35.462: [GC (Allocation Failure) 476306K->3503K(1156800K), 0.0009130 secs]
35.682: [GC (Allocation Failure) 461048K->3714K(1142528K), 0.0006000 secs]
35.899: [GC (Allocation Failure) 446734K->3616K(1128512K), 0.0005980 secs]
36.108: [GC (Allocation Failure) 432773K->3620K(1115200K), 0.0004900 secs]
36.311: [GC (Allocation Failure) 419481K->3702K(1102528K), 0.0008610 secs]
36.513: [GC (Allocation Failure) 406816K->3624K(1090304K), 0.0005810 secs]
36.703: [GC (Allocation Failure) 394562K->3722K(1078784K), 0.0005360 secs]
36.891: [GC (Allocation Failure) 382984K->3722K(1067584K), 0.0005240 secs]
37.074: [GC (Allocation Failure) 371848K->3624K(1056704K), 0.0005670 secs]
37.251: [GC (Allocation Failure) 361043K->3706K(1366016K), 0.0008440 secs]
37.580: [GC (Allocation Failure) 670346K->3804K(1342208K), 0.0008660 secs]
37.899: [GC (Allocation Failure) 646584K->3824K(1319488K), 0.0005160 secs]
38.198: [GC (Allocation Failure) 623803K->3824K(1297600K), 0.0004850 secs]
38.493: [GC (Allocation Failure) 602005K->3921K(1276992K), 0.0005740 secs]
38.775: [GC (Allocation Failure) 581441K->3921K(1257024K), 0.0005100 secs]
39.051: [GC (Allocation Failure) 561602K->4019K(1238208K), 0.0006280 secs]
39.315: [GC (Allocation Failure) 542740K->3921K(1219968K), 0.0007350 secs]
39.572: [GC (Allocation Failure) 524473K->3921K(1202688K), 0.0006000 secs]
39.819: [GC (Allocation Failure) 507249K->4019K(1186304K), 0.0005140 secs]
40.062: [GC (Allocation Failure) 490867K->3921K(1170368K), 0.0005040 secs]
40.289: [GC (Allocation Failure) 474938K->3905K(1155264K), 0.0008360 secs]
40.512: [GC (Allocation Failure) 459789K->3905K(1140800K), 0.0007300 secs]
40.730: [GC (Allocation Failure) 445281K->3925K(1126976K), 0.0005150 secs]
40.941: [GC (Allocation Failure) 431516K->3925K(1113728K), 0.0006180 secs]
41.147: [GC (Allocation Failure) 418249K->4023K(1101056K), 0.0005160 secs]
41.341: [GC (Allocation Failure) 405692K->4121K(1089088K), 0.0006730 secs]
41.525: [GC (Allocation Failure) 393670K->4023K(1077312K), 0.0004720 secs]
41.707: [GC (Allocation Failure) 381998K->4202K(1066304K), 0.0008920 secs]
41.898: [GC (Allocation Failure) 371022K->4222K(1055680K), 0.0007070 secs]
42.068: [GC (Allocation Failure) 360356K->4222K(1363456K), 0.0005400 secs]
42.398: [GC (Allocation Failure) 668166K->4109K(1339456K), 0.0009340 secs]
42.711: [GC (Allocation Failure) 644338K->4222K(1316928K), 0.0005920 secs]
43.010: [GC (Allocation Failure) 621728K->4320K(1295424K), 0.0005010 secs]
43.299: [GC (Allocation Failure) 600210K->4222K(1274624K), 0.0005250 secs]
43.577: [GC (Allocation Failure) 579492K->4324K(1254912K), 0.0006840 secs]
43.846: [GC (Allocation Failure) 559859K->4422K(1236224K), 0.0004960 secs]
44.112: [GC (Allocation Failure) 541111K->4422K(1218112K), 0.0005180 secs]
44.370: [GC (Allocation Failure) 523150K->4422K(1200896K), 0.0006480 secs]
44.613: [GC (Allocation Failure) 505969K->4519K(1184576K), 0.0005080 secs]
44.847: [GC (Allocation Failure) 489599K->4422K(1168704K), 0.0005300 secs]
45.073: [GC (Allocation Failure) 473714K->4503K(1153728K), 0.0007230 secs]
45.297: [GC (Allocation Failure) 458808K->4503K(1139328K), 0.0009460 secs]
45.507: [GC (Allocation Failure) 444384K->4406K(1125504K), 0.0008850 secs]
45.716: [GC (Allocation Failure) 430489K->4519K(1112448K), 0.0005720 secs]
45.917: [GC (Allocation Failure) 417455K->4406K(1099712K), 0.0008860 secs]
46.110: [GC (Allocation Failure) 404776K->4503K(1087680K), 0.0007760 secs]
46.298: [GC (Allocation Failure) 392791K->4523K(1076160K), 0.0005850 secs]
46.480: [GC (Allocation Failure) 381197K->4507K(1065024K), 0.0009460 secs]
46.660: [GC (Allocation Failure) 370075K->4430K(1054336K), 0.0004820 secs]
46.835: [GC (Allocation Failure) 359413K->4527K(1360640K), 0.0005190 secs]
47.162: [GC (Allocation Failure) 665684K->4430K(1336896K), 0.0005880 secs]
47.473: [GC (Allocation Failure) 641998K->4527K(1314496K), 0.0005400 secs]
47.779: [GC (Allocation Failure) 619515K->4430K(1292864K), 0.0006030 secs]
48.072: [GC (Allocation Failure) 597955K->4531K(1272448K), 0.0006640 secs]
48.355: [GC (Allocation Failure) 577428K->4434K(1252672K), 0.0005390 secs]
48.624: [GC (Allocation Failure) 557703K->4531K(1234048K), 0.0005230 secs]
48.888: [GC (Allocation Failure) 539105K->4531K(1216000K), 0.0006390 secs]
49.136: [GC (Allocation Failure) 521112K->4531K(1198912K), 0.0006320 secs]
49.377: [GC (Allocation Failure) 504102K->4633K(1182720K), 0.0007430 secs]
49.615: [GC (Allocation Failure) 487827K->4633K(1167104K), 0.0006820 secs]
49.845: [GC (Allocation Failure) 472249K->4535K(1151936K), 0.0005370 secs]
50.065: [GC (Allocation Failure) 457144K->4731K(1137856K), 0.0005190 secs]
50.279: [GC (Allocation Failure) 443115K->4731K(1124160K), 0.0006150 secs]
50.485: [GC (Allocation Failure) 429338K->4731K(1111040K), 0.0006050 secs]
50.688: [GC (Allocation Failure) 416270K->4633K(1098304K), 0.0004810 secs]
50.883: [GC (Allocation Failure) 403634K->4828K(1086464K), 0.0005830 secs]
51.071: [GC (Allocation Failure) 391743K->4828K(1074944K), 0.0006450 secs]
51.260: [GC (Allocation Failure) 380254K->4731K(1063808K), 0.0006290 secs]
51.432: [GC (Allocation Failure) 369121K->4828K(1053376K), 0.0006380 secs]
51.603: [GC (Allocation Failure) 358730K->4828K(1357824K), 0.0006600 secs]
51.930: [GC (Allocation Failure) 663185K->4812K(1334272K), 0.0008490 secs]
52.244: [GC (Allocation Failure) 639635K->4731K(1311744K), 0.0005180 secs]
52.546: [GC (Allocation Failure) 617055K->4731K(1290304K), 0.0006190 secs]
52.841: [GC (Allocation Failure) 595662K->4731K(1269888K), 0.0005120 secs]
53.118: [GC (Allocation Failure) 575267K->4832K(1250496K), 0.0006200 secs]
53.387: [GC (Allocation Failure) 555804K->4832K(1231872K), 0.0006550 secs]
53.655: [GC (Allocation Failure) 537169K->4930K(1213888K), 0.0007360 secs]
53.904: [GC (Allocation Failure) 519493K->5028K(1196928K), 0.0005010 secs]
54.143: [GC (Allocation Failure) 502561K->5028K(1180672K), 0.0006160 secs]
54.378: [GC (Allocation Failure) 486354K->5125K(1165248K), 0.0007060 secs]
54.606: [GC (Allocation Failure) 470847K->5125K(1150272K), 0.0005160 secs]
54.827: [GC (Allocation Failure) 455993K->5125K(1136064K), 0.0005090 secs]
55.038: [GC (Allocation Failure) 441814K->5223K(1122560K), 0.0006370 secs]
55.247: [GC (Allocation Failure) 428282K->5207K(1109440K), 0.0006970 secs]
55.447: [GC (Allocation Failure) 415176K->5125K(1096896K), 0.0005690 secs]
55.646: [GC (Allocation Failure) 402662K->5125K(1084928K), 0.0005010 secs]
55.835: [GC (Allocation Failure) 390663K->5125K(1073472K), 0.0005230 secs]
56.015: [GC (Allocation Failure) 379257K->5109K(1062528K), 0.0007570 secs]
56.196: [GC (Allocation Failure) 368245K->5125K(1052032K), 0.0005200 secs]
56.370: [GC (Allocation Failure) 357823K->5125K(1354752K), 0.0005150 secs]
56.693: [GC (Allocation Failure) 660528K->5125K(1331392K), 0.0006290 secs]
57.003: [GC (Allocation Failure) 637145K->5223K(1309184K), 0.0005180 secs]
57.301: [GC (Allocation Failure) 614891K->5129K(1287680K), 0.0004810 secs]
57.593: [GC (Allocation Failure) 593535K->5325K(1267584K), 0.0006850 secs]
57.872: [GC (Allocation Failure) 573411K->5520K(1248192K), 0.0007210 secs]
58.144: [GC (Allocation Failure) 554194K->5520K(1229632K), 0.0006120 secs]
58.406: [GC (Allocation Failure) 535672K->5622K(1211712K), 0.0005970 secs]
58.652: [GC (Allocation Failure) 517979K->5719K(1194880K), 0.0006810 secs]
58.898: [GC (Allocation Failure) 501249K->5817K(1178816K), 0.0006410 secs]
59.136: [GC (Allocation Failure) 485171K->5719K(1163200K), 0.0006940 secs]
59.358: [GC (Allocation Failure) 469576K->5821K(1148416K), 0.0005930 secs]
59.578: [GC (Allocation Failure) 454815K->5919K(1134400K), 0.0008380 secs]
59.791: [GC (Allocation Failure) 440843K->5809K(1120768K), 0.0009050 secs]
59.997: [GC (Allocation Failure) 427191K->5923K(1107968K), 0.0007210 secs]
60.195: [GC (Allocation Failure) 414358K->5809K(1095424K), 0.0009130 secs]
60.388: [GC (Allocation Failure) 401849K->5923K(1083648K), 0.0006630 secs]
60.574: [GC (Allocation Failure) 390060K->5923K(1072128K), 0.0005410 secs]
60.755: [GC (Allocation Failure) 378692K->6024K(1061376K), 0.0005700 secs]
60.933: [GC (Allocation Failure) 367865K->5927K(1050816K), 0.0006510 secs]
61.104: [GC (Allocation Failure) 357367K->6024K(1352256K), 0.0006680 secs]
61.423: [GC (Allocation Failure) 658812K->6024K(1328896K), 0.0005910 secs]
61.729: [GC (Allocation Failure) 635520K->6008K(1306688K), 0.0009250 secs]
62.028: [GC (Allocation Failure) 613307K->6122K(1285632K), 0.0005400 secs]
62.312: [GC (Allocation Failure) 592210K->6024K(1265280K), 0.0006600 secs]
62.587: [GC (Allocation Failure) 571964K->6028K(1245952K), 0.0006310 secs]
62.861: [GC (Allocation Failure) 552578K->6126K(1227648K), 0.0006940 secs]
63.116: [GC (Allocation Failure) 534237K->6032K(1209920K), 0.0006700 secs]
63.361: [GC (Allocation Failure) 516606K->6130K(1193216K), 0.0005640 secs]
63.604: [GC (Allocation Failure) 499858K->6032K(1177024K), 0.0005130 secs]
63.833: [GC (Allocation Failure) 483709K->6032K(1161664K), 0.0006460 secs]
64.059: [GC (Allocation Failure) 468317K->6130K(1147072K), 0.0005970 secs]
64.280: [GC (Allocation Failure) 453659K->6228K(1133056K), 0.0008330 secs]
64.488: [GC (Allocation Failure) 439697K->6016K(1119232K), 0.0010020 secs]
64.693: [GC (Allocation Failure) 426044K->6228K(1106560K), 0.0008050 secs]
64.892: [GC (Allocation Failure) 413285K->6130K(1094080K), 0.0006860 secs]
65.083: [GC (Allocation Failure) 400823K->6232K(1082368K), 0.0006140 secs]
65.276: [GC (Allocation Failure) 389121K->6134K(1070912K), 0.0006480 secs]
65.457: [GC (Allocation Failure) 377703K->6138K(1060032K), 0.0006080 secs]
65.632: [GC (Allocation Failure) 366819K->6236K(1049728K), 0.0005340 secs]
65.799: [GC (Allocation Failure) 356474K->6138K(1349184K), 0.0005600 secs]
66.115: [GC (Allocation Failure) 655984K->6333K(1326080K), 0.0006520 secs]
66.418: [GC (Allocation Failure) 633085K->6431K(1304128K), 0.0005330 secs]
66.716: [GC (Allocation Failure) 611074K->6431K(1282944K), 0.0007030 secs]
66.997: [GC (Allocation Failure) 590019K->6529K(1262976K), 0.0006250 secs]
67.273: [GC (Allocation Failure) 569993K->6431K(1243648K), 0.0006830 secs]
67.540: [GC (Allocation Failure) 550737K->6435K(1225344K), 0.0005240 secs]
67.792: [GC (Allocation Failure) 532354K->6533K(1207936K), 0.0007240 secs]
68.049: [GC (Allocation Failure) 514976K->6435K(1191040K), 0.0007070 secs]
68.289: [GC (Allocation Failure) 498130K->6439K(1175040K), 0.0006990 secs]
68.522: [GC (Allocation Failure) 482065K->6537K(1159872K), 0.0008420 secs]
68.752: [GC (Allocation Failure) 466862K->6423K(1145088K), 0.0009280 secs]
68.969: [GC (Allocation Failure) 452157K->6537K(1131200K), 0.0006710 secs]
69.184: [GC (Allocation Failure) 438281K->6634K(1117696K), 0.0007810 secs]
69.396: [GC (Allocation Failure) 424915K->6638K(1104896K), 0.0005880 secs]
69.592: [GC (Allocation Failure) 412125K->6736K(1092736K), 0.0005460 secs]
69.786: [GC (Allocation Failure) 399946K->6736K(1080960K), 0.0005460 secs]
69.973: [GC (Allocation Failure) 388229K->6622K(1069440K), 0.0010170 secs]
70.155: [GC (Allocation Failure) 376827K->6736K(1058752K), 0.0005630 secs]
70.333: [GC (Allocation Failure) 366119K->6740K(1048384K), 0.0006790 secs]
70.504: [GC (Allocation Failure) 355790K->6838K(1346368K), 0.0006320 secs]
70.823: [GC (Allocation Failure) 653666K->6740K(1323264K), 0.0008080 secs]
71.127: [GC (Allocation Failure) 630623K->6740K(1301312K), 0.0005240 secs]
71.416: [GC (Allocation Failure) 608717K->6822K(1280448K), 0.0007240 secs]
71.700: [GC (Allocation Failure) 587781K->6740K(1260416K), 0.0006630 secs]
71.971: [GC (Allocation Failure) 567755K->6744K(1241344K), 0.0005100 secs]
72.234: [GC (Allocation Failure) 548708K->6744K(1223104K), 0.0006520 secs]
72.485: [GC (Allocation Failure) 530506K->6842K(1205824K), 0.0006530 secs]
72.734: [GC (Allocation Failure) 513148K->6748K(1189056K), 0.0006800 secs]
72.979: [GC (Allocation Failure) 496393K->6846K(1173120K), 0.0006840 secs]
73.207: [GC (Allocation Failure) 480584K->6943K(1158016K), 0.0005410 secs]
73.425: [GC (Allocation Failure) 465487K->6846K(1143296K), 0.0005980 secs]
73.644: [GC (Allocation Failure) 450869K->7041K(1129536K), 0.0006860 secs]
73.850: [GC (Allocation Failure) 437101K->6947K(1116096K), 0.0005170 secs]
74.058: [GC (Allocation Failure) 423647K->7045K(1103488K), 0.0007020 secs]
74.251: [GC (Allocation Failure) 411044K->7029K(1091200K), 0.0007920 secs]
74.445: [GC (Allocation Failure) 398765K->6947K(1079424K), 0.0005850 secs]
74.631: [GC (Allocation Failure) 387005K->6947K(1068224K), 0.0005290 secs]
74.814: [GC (Allocation Failure) 375775K->6947K(1057472K), 0.0005920 secs]
74.991: [GC (Allocation Failure) 365075K->7045K(1343552K), 0.0005660 secs]
75.304: [GC (Allocation Failure) 651058K->6947K(1320576K), 0.0006800 secs]
75.608: [GC (Allocation Failure) 628149K->7045K(1298752K), 0.0005380 secs]
75.906: [GC (Allocation Failure) 606391K->7143K(1278080K), 0.0005460 secs]
76.190: [GC (Allocation Failure) 585752K->7045K(1258048K), 0.0005690 secs]
76.462: [GC (Allocation Failure) 565718K->7029K(1239040K), 0.0006970 secs]
76.717: [GC (Allocation Failure) 546690K->7143K(1221056K), 0.0005700 secs]
76.974: [GC (Allocation Failure) 528667K->7127K(1203648K), 0.0010030 secs]
77.221: [GC (Allocation Failure) 511368K->7147K(1187008K), 0.0005430 secs]
77.459: [GC (Allocation Failure) 494756K->7147K(1171200K), 0.0006930 secs]
77.687: [GC (Allocation Failure) 478957K->7147K(1156096K), 0.0005370 secs]
77.907: [GC (Allocation Failure) 463915K->7248K(1141760K), 0.0005630 secs]
78.124: [GC (Allocation Failure) 449475K->7151K(1127744K), 0.0006270 secs]
78.334: [GC (Allocation Failure) 435624K->7346K(1114688K), 0.0006970 secs]
78.535: [GC (Allocation Failure) 422530K->7346K(1102016K), 0.0005900 secs]
78.734: [GC (Allocation Failure) 409887K->7248K(1089728K), 0.0006750 secs]
78.927: [GC (Allocation Failure) 397604K->7346K(1078080K), 0.0005440 secs]
79.107: [GC (Allocation Failure) 386090K->7346K(1066944K), 0.0007970 secs]
79.282: [GC (Allocation Failure) 374893K->7428K(1056320K), 0.0009890 secs]
79.455: [GC (Allocation Failure) 364277K->7444K(1340928K), 0.0005670 secs]
79.766: [GC (Allocation Failure) 648823K->7444K(1318080K), 0.0005560 secs]
80.071: [GC (Allocation Failure) 626182K->7444K(1296384K), 0.0006610 secs]
80.364: [GC (Allocation Failure) 604425K->7444K(1275648K), 0.0005510 secs]
80.650: [GC (Allocation Failure) 583703K->7541K(1256000K), 0.0006930 secs]
80.924: [GC (Allocation Failure) 564051K->7525K(1237056K), 0.0006880 secs]
81.185: [GC (Allocation Failure) 545182K->7541K(1219072K), 0.0006370 secs]
81.437: [GC (Allocation Failure) 527077K->7643K(1201728K), 0.0007690 secs]
81.687: [GC (Allocation Failure) 510009K->7643K(1185280K), 0.0005930 secs]
81.930: [GC (Allocation Failure) 493517K->7725K(1169600K), 0.0008360 secs]
82.155: [GC (Allocation Failure) 477852K->7647K(1154496K), 0.0005340 secs]
82.374: [GC (Allocation Failure) 462745K->7647K(1140096K), 0.0005840 secs]
82.587: [GC (Allocation Failure) 448353K->7651K(1126336K), 0.0007180 secs]
82.792: [GC (Allocation Failure) 434601K->7651K(1113152K), 0.0005250 secs]
83.000: [GC (Allocation Failure) 421383K->7749K(1100672K), 0.0006900 secs]
83.194: [GC (Allocation Failure) 408891K->7651K(1088384K), 0.0004950 secs]
83.389: [GC (Allocation Failure) 396730K->7749K(1076864K), 0.0006170 secs]
83.577: [GC (Allocation Failure) 385251K->7749K(1065728K), 0.0005400 secs]
83.752: [GC (Allocation Failure) 374126K->7846K(1055232K), 0.0006240 secs]
83.921: [GC (Allocation Failure) 363597K->7749K(1337920K), 0.0005130 secs]
84.235: [GC (Allocation Failure) 646403K->7830K(1315392K), 0.0011480 secs]
84.526: [GC (Allocation Failure) 623846K->7846K(1293824K), 0.0005270 secs]
84.812: [GC (Allocation Failure) 602269K->7846K(1273216K), 0.0005340 secs]
85.086: [GC (Allocation Failure) 581728K->7944K(1253568K), 0.0006180 secs]
85.358: [GC (Allocation Failure) 562096K->8042K(1234944K), 0.0007000 secs]
85.618: [GC (Allocation Failure) 543498K->8139K(1216832K), 0.0006040 secs]
85.870: [GC (Allocation Failure) 525640K->8241K(1199744K), 0.0006600 secs]
86.112: [GC (Allocation Failure) 508636K->8323K(1183424K), 0.0010080 secs]
86.350: [GC (Allocation Failure) 492333K->8339K(1167808K), 0.0006900 secs]
86.579: [GC (Allocation Failure) 476616K->8323K(1152576K), 0.0011250 secs]
86.810: [GC (Allocation Failure) 461666K->8534K(1138496K), 0.0005440 secs]
87.023: [GC (Allocation Failure) 447521K->8534K(1124800K), 0.0005570 secs]
87.233: [GC (Allocation Failure) 433856K->8436K(1111552K), 0.0005550 secs]
87.429: [GC (Allocation Failure) 420588K->8632K(1099008K), 0.0008310 secs]
87.622: [GC (Allocation Failure) 408297K->8713K(1087040K), 0.0007510 secs]
87.814: [GC (Allocation Failure) 396325K->8632K(1075456K), 0.0006100 secs]
87.996: [GC (Allocation Failure) 384718K->8632K(1064384K), 0.0005600 secs]
88.173: [GC (Allocation Failure) 373613K->8729K(1053952K), 0.0007160 secs]
88.346: [GC (Allocation Failure) 363134K->8636K(1335680K), 0.0005920 secs]
88.654: [GC (Allocation Failure) 644935K->8636K(1313152K), 0.0005840 secs]
88.952: [GC (Allocation Failure) 622392K->8733K(1291776K), 0.0007570 secs]
89.249: [GC (Allocation Failure) 601029K->8733K(1271168K), 0.0008730 secs]
89.523: [GC (Allocation Failure) 580476K->8733K(1251584K), 0.0005070 secs]
89.789: [GC (Allocation Failure) 560907K->8733K(1232896K), 0.0006180 secs]
90.045: [GC (Allocation Failure) 542223K->8733K(1215040K), 0.0006920 secs]
90.296: [GC (Allocation Failure) 524352K->8733K(1197952K), 0.0006110 secs]
90.540: [GC (Allocation Failure) 507352K->8831K(1181760K), 0.0006910 secs]
90.777: [GC (Allocation Failure) 491055K->8933K(1165952K), 0.0007740 secs]
91.008: [GC (Allocation Failure) 475538K->9031K(1151104K), 0.0006090 secs]
91.229: [GC (Allocation Failure) 460801K->9015K(1136832K), 0.0010340 secs]
91.446: [GC (Allocation Failure) 446451K->9019K(1123200K), 0.0010250 secs]
91.657: [GC (Allocation Failure) 432867K->9035K(1110144K), 0.0005620 secs]
91.853: [GC (Allocation Failure) 419799K->9132K(1097792K), 0.0005780 secs]
92.048: [GC (Allocation Failure) 407412K->9132K(1085632K), 0.0007510 secs]
92.237: [GC (Allocation Failure) 395421K->9328K(1074368K), 0.0005830 secs]
92.423: [GC (Allocation Failure) 384176K->9230K(1063232K), 0.0005200 secs]
92.602: [GC (Allocation Failure) 373037K->9332K(1052800K), 0.0007160 secs]
92.776: [GC (Allocation Failure) 362642K->9316K(1333056K), 0.0010090 secs]
93.087: [GC (Allocation Failure) 643150K->9527K(1310912K), 0.0007170 secs]
93.389: [GC (Allocation Failure) 620965K->9527K(1289536K), 0.0007210 secs]
93.676: [GC (Allocation Failure) 599524K->9413K(1268992K), 0.0009740 secs]
93.954: [GC (Allocation Failure) 579059K->9413K(1249536K), 0.0010060 secs]
94.223: [GC (Allocation Failure) 559570K->9527K(1231040K), 0.0005860 secs]
94.483: [GC (Allocation Failure) 541071K->9511K(1213184K), 0.0008400 secs]
94.727: [GC (Allocation Failure) 523282K->9527K(1196288K), 0.0006420 secs]
94.975: [GC (Allocation Failure) 506299K->9429K(1179904K), 0.0005880 secs]
95.212: [GC (Allocation Failure) 489924K->9429K(1164416K), 0.0006190 secs]
95.439: [GC (Allocation Failure) 474446K->9527K(1149696K), 0.0005680 secs]
95.661: [GC (Allocation Failure) 459714K->9527K(1135488K), 0.0005770 secs]
95.873: [GC (Allocation Failure) 445551K->9527K(1121728K), 0.0006590 secs]
96.076: [GC (Allocation Failure) 431910K->9625K(1108800K), 0.0006860 secs]
96.280: [GC (Allocation Failure) 419051K->9722K(1096448K), 0.0007060 secs]
96.480: [GC (Allocation Failure) 406670K->9706K(1084480K), 0.0011140 secs]
96.671: [GC (Allocation Failure) 394728K->9625K(1073024K), 0.0005290 secs]
96.860: [GC (Allocation Failure) 383297K->9722K(1062208K), 0.0007410 secs]
97.039: [GC (Allocation Failure) 372433K->9820K(1051584K), 0.0008210 secs]
97.210: [GC (Allocation Failure) 362031K->9820K(1330880K), 0.0005690 secs]
97.522: [GC (Allocation Failure) 641301K->9918K(1308736K), 0.0006960 secs]
97.830: [GC (Allocation Failure) 619190K->9820K(1287360K), 0.0007230 secs]
98.119: [GC (Allocation Failure) 597813K->9820K(1267072K), 0.0006810 secs]
98.397: [GC (Allocation Failure) 577506K->9804K(1247680K), 0.0007510 secs]
98.668: [GC (Allocation Failure) 558138K->9902K(1229248K), 0.0007770 secs]
98.931: [GC (Allocation Failure) 539696K->9918K(1211648K), 0.0005890 secs]
99.181: [GC (Allocation Failure) 522017K->9918K(1194624K), 0.0005590 secs]
99.419: [GC (Allocation Failure) 505213K->9902K(1178432K), 0.0007460 secs]
99.657: [GC (Allocation Failure) 488966K->9902K(1163008K), 0.0009750 secs]
99.883: [GC (Allocation Failure) 473576K->10019K(1148352K), 0.0007260 secs]
100.103: [GC (Allocation Failure) 458839K->10003K(1134144K), 0.0010170 secs]
100.313: [GC (Allocation Failure) 444665K->10019K(1120704K), 0.0007210 secs]
100.516: [GC (Allocation Failure) 431232K->9922K(1107648K), 0.0006410 secs]
100.720: [GC (Allocation Failure) 418185K->10019K(1095360K), 0.0006500 secs]
100.915: [GC (Allocation Failure) 405867K->9926K(1083328K), 0.0005410 secs]
101.096: [GC (Allocation Failure) 393868K->9926K(1071936K), 0.0005590 secs]
101.277: [GC (Allocation Failure) 382475K->9926K(1061056K), 0.0005610 secs]
101.452: [GC (Allocation Failure) 371599K->10023K(1050752K), 0.0006480 secs]
101.623: [GC (Allocation Failure) 361278K->9930K(1327936K), 0.0005390 secs]
101.925: [GC (Allocation Failure) 638500K->10125K(1305984K), 0.0008390 secs]
102.223: [GC (Allocation Failure) 616560K->10125K(1284672K), 0.0008120 secs]
102.505: [GC (Allocation Failure) 595393K->10125K(1264512K), 0.0005550 secs]
102.781: [GC (Allocation Failure) 575241K->10125K(1245248K), 0.0005830 secs]
103.041: [GC (Allocation Failure) 555960K->10223K(1226944K), 0.0006580 secs]
103.300: [GC (Allocation Failure) 537642K->10109K(1209216K), 0.0010500 secs]
103.551: [GC (Allocation Failure) 519942K->10223K(1192512K), 0.0005660 secs]
103.793: [GC (Allocation Failure) 503269K->10207K(1176384K), 0.0010150 secs]
104.027: [GC (Allocation Failure) 487122K->10227K(1161088K), 0.0005730 secs]
104.252: [GC (Allocation Failure) 471824K->10324K(1146240K), 0.0008030 secs]
104.473: [GC (Allocation Failure) 457175K->10406K(1132224K), 0.0010930 secs]
104.685: [GC (Allocation Failure) 443194K->10422K(1118848K), 0.0007930 secs]
104.896: [GC (Allocation Failure) 429745K->10308K(1105856K), 0.0010900 secs]
105.100: [GC (Allocation Failure) 416760K->10410K(1093568K), 0.0007540 secs]
105.287: [GC (Allocation Failure) 404508K->10328K(1081728K), 0.0005670 secs]
105.475: [GC (Allocation Failure) 392707K->10312K(1070400K), 0.0010670 secs]
105.653: [GC (Allocation Failure) 381291K->10332K(1059584K), 0.0007390 secs]
105.824: [GC (Allocation Failure) 370508K->10332K(1049216K), 0.0005540 secs]
105.997: [GC (Allocation Failure) 360126K->10332K(1325376K), 0.0006240 secs]
106.299: [GC (Allocation Failure) 636372K->10332K(1303360K), 0.0005640 secs]
106.596: [GC (Allocation Failure) 614320K->10434K(1282432K), 0.0006620 secs]
106.873: [GC (Allocation Failure) 593351K->10336K(1262144K), 0.0006850 secs]
107.142: [GC (Allocation Failure) 573129K->10418K(1243008K), 0.0010380 secs]
107.406: [GC (Allocation Failure) 554050K->10532K(1224832K), 0.0005550 secs]
107.664: [GC (Allocation Failure) 535822K->10532K(1207360K), 0.0006010 secs]
107.915: [GC (Allocation Failure) 518371K->10434K(1190464K), 0.0005420 secs]
108.152: [GC (Allocation Failure) 501552K->10629K(1174656K), 0.0007280 secs]
108.382: [GC (Allocation Failure) 485754K->10629K(1159360K), 0.0006820 secs]
108.610: [GC (Allocation Failure) 470437K->10629K(1144768K), 0.0007500 secs]
108.826: [GC (Allocation Failure) 455891K->10617K(1130560K), 0.0008690 secs]
109.034: [GC (Allocation Failure) 441925K->10829K(1117440K), 0.0006510 secs]
109.241: [GC (Allocation Failure) 428793K->10829K(1104640K), 0.0007650 secs]
109.437: [GC (Allocation Failure) 416009K->10829K(1092352K), 0.0007670 secs]
109.634: [GC (Allocation Failure) 403656K->10926K(1080448K), 0.0008440 secs]
109.822: [GC (Allocation Failure) 392041K->10910K(1069184K), 0.0008820 secs]
110.002: [GC (Allocation Failure) 380715K->10914K(1058368K), 0.0010460 secs]
110.180: [GC (Allocation Failure) 369909K->10930K(1048000K), 0.0006720 secs]
110.348: [GC (Allocation Failure) 359521K->10930K(1322432K), 0.0005910 secs]
110.650: [GC (Allocation Failure) 634028K->10930K(1300544K), 0.0007240 secs]
110.946: [GC (Allocation Failure) 612076K->10930K(1279616K), 0.0007170 secs]
111.225: [GC (Allocation Failure) 591122K->11032K(1259776K), 0.0007630 secs]
111.492: [GC (Allocation Failure) 571258K->11032K(1240576K), 0.0005770 secs]
111.761: [GC (Allocation Failure) 552270K->11130K(1222528K), 0.0007620 secs]
112.020: [GC (Allocation Failure) 534161K->11036K(1204992K), 0.0007200 secs]
112.262: [GC (Allocation Failure) 516616K->11036K(1188352K), 0.0007220 secs]
112.504: [GC (Allocation Failure) 500010K->11134K(1172608K), 0.0007400 secs]
112.735: [GC (Allocation Failure) 484219K->11040K(1157312K), 0.0005890 secs]
112.963: [GC (Allocation Failure) 468986K->11122K(1142848K), 0.0010540 secs]
113.180: [GC (Allocation Failure) 454524K->11138K(1129024K), 0.0007150 secs]
113.388: [GC (Allocation Failure) 440678K->11040K(1115584K), 0.0006790 secs]
113.592: [GC (Allocation Failure) 427234K->11040K(1102848K), 0.0005580 secs]
113.787: [GC (Allocation Failure) 414549K->11138K(1090752K), 0.0005810 secs]
113.982: [GC (Allocation Failure) 402397K->11138K(1079040K), 0.0007850 secs]
114.169: [GC (Allocation Failure) 390676K->11040K(1067648K), 0.0006500 secs]
114.347: [GC (Allocation Failure) 379355K->11235K(1057088K), 0.0005980 secs]
114.528: [GC (Allocation Failure) 368778K->11138K(1319872K), 0.0005590 secs]
114.829: [GC (Allocation Failure) 631604K->11235K(1298240K), 0.0009260 secs]
115.125: [GC (Allocation Failure) 609946K->11219K(1277376K), 0.0010510 secs]
115.412: [GC (Allocation Failure) 589162K->11219K(1257536K), 0.0010350 secs]
115.685: [GC (Allocation Failure) 569304K->11235K(1238528K), 0.0006370 secs]
115.944: [GC (Allocation Failure) 550420K->11317K(1220480K), 0.0008030 secs]
116.199: [GC (Allocation Failure) 532319K->11235K(1203136K), 0.0007090 secs]
116.442: [GC (Allocation Failure) 514946K->11317K(1186688K), 0.0011050 secs]
116.678: [GC (Allocation Failure) 498527K->11239K(1170816K), 0.0005550 secs]
116.906: [GC (Allocation Failure) 482698K->11321K(1155776K), 0.0011210 secs]
117.128: [GC (Allocation Failure) 467687K->11239K(1141248K), 0.0007170 secs]
117.344: [GC (Allocation Failure) 453076K->11337K(1127552K), 0.0009030 secs]
117.553: [GC (Allocation Failure) 439428K->11239K(1114176K), 0.0005700 secs]
117.753: [GC (Allocation Failure) 426043K->11239K(1101504K), 0.0005860 secs]
117.946: [GC (Allocation Failure) 413382K->11337K(1089472K), 0.0005810 secs]
118.138: [GC (Allocation Failure) 401294K->11239K(1077696K), 0.0005810 secs]
118.318: [GC (Allocation Failure) 389595K->11435K(1066560K), 0.0008400 secs]
118.497: [GC (Allocation Failure) 378656K->11532K(1056000K), 0.0005820 secs]
118.671: [GC (Allocation Failure) 368068K->11435K(1317248K), 0.0005490 secs]
118.975: [GC (Allocation Failure) 629346K->11532K(1295744K), 0.0005870 secs]
119.266: [GC (Allocation Failure) 607737K->11532K(1274944K), 0.0005740 secs]
119.537: [GC (Allocation Failure) 587068K->11634K(1255360K), 0.0007690 secs]
119.812: [GC (Allocation Failure) 567517K->11634K(1236352K), 0.0006530 secs]
120.075: [GC (Allocation Failure) 548595K->11634K(1218368K), 0.0005690 secs]
120.327: [GC (Allocation Failure) 530651K->11732K(1201280K), 0.0007840 secs]
120.576: [GC (Allocation Failure) 513505K->11634K(1184704K), 0.0006730 secs]
120.821: [GC (Allocation Failure) 496953K->11732K(1168960K), 0.0006230 secs]
121.052: [GC (Allocation Failure) 481281K->11732K(1153920K), 0.0010710 secs]
121.272: [GC (Allocation Failure) 466291K->11829K(1139648K), 0.0005890 secs]
121.492: [GC (Allocation Failure) 451933K->11732K(1125760K), 0.0005910 secs]
121.694: [GC (Allocation Failure) 438128K->11732K(1112576K), 0.0005510 secs]
121.892: [GC (Allocation Failure) 424886K->11829K(1100096K), 0.0006780 secs]
122.083: [GC (Allocation Failure) 412388K->11732K(1087808K), 0.0005370 secs]
122.273: [GC (Allocation Failure) 400245K->11829K(1076288K), 0.0005760 secs]
122.456: [GC (Allocation Failure) 388699K->11829K(1065216K), 0.0007220 secs]
122.634: [GC (Allocation Failure) 377700K->11829K(1054592K), 0.0007260 secs]
122.808: [GC (Allocation Failure) 367091K->11829K(1314816K), 0.0007420 secs]
123.105: [GC (Allocation Failure) 627262K->11829K(1293248K), 0.0007610 secs]
123.400: [GC (Allocation Failure) 605668K->11833K(1272704K), 0.0006380 secs]
123.684: [GC (Allocation Failure) 585190K->11915K(1253120K), 0.0008190 secs]
123.956: [GC (Allocation Failure) 565572K->11833K(1234304K), 0.0005340 secs]
124.216: [GC (Allocation Failure) 546795K->11931K(1216512K), 0.0005990 secs]
124.464: [GC (Allocation Failure) 528938K->12029K(1199168K), 0.0007740 secs]
124.707: [GC (Allocation Failure) 511928K->12224K(1182976K), 0.0005970 secs]
124.942: [GC (Allocation Failure) 495679K->12130K(1167232K), 0.0006730 secs]
125.172: [GC (Allocation Failure) 479999K->12130K(1152256K), 0.0007720 secs]
125.401: [GC (Allocation Failure) 465011K->12228K(1138048K), 0.0007090 secs]
125.618: [GC (Allocation Failure) 450753K->12130K(1124224K), 0.0007510 secs]
125.823: [GC (Allocation Failure) 436957K->12130K(1111104K), 0.0005590 secs]
126.025: [GC (Allocation Failure) 423881K->12228K(1098688K), 0.0007850 secs]
126.215: [GC (Allocation Failure) 411426K->12114K(1086400K), 0.0007000 secs]
126.402: [GC (Allocation Failure) 399220K->12228K(1075008K), 0.0007180 secs]
126.588: [GC (Allocation Failure) 387814K->12326K(1064128K), 0.0005870 secs]
126.765: [GC (Allocation Failure) 376922K->12228K(1053440K), 0.0007480 secs]
126.939: [GC (Allocation Failure) 366314K->12228K(1312704K), 0.0007220 secs]
127.238: [GC (Allocation Failure) 625507K->12228K(1291264K), 0.0005740 secs]
127.524: [GC (Allocation Failure) 604099K->12326K(1270784K), 0.0006280 secs]
127.808: [GC (Allocation Failure) 583744K->12326K(1251200K), 0.0005710 secs]
128.079: [GC (Allocation Failure) 564100K->12423K(1232512K), 0.0011070 secs]
128.337: [GC (Allocation Failure) 545548K->12411K(1214656K), 0.0010040 secs]
128.588: [GC (Allocation Failure) 527660K->12427K(1197632K), 0.0005650 secs]
128.835: [GC (Allocation Failure) 510675K->12525K(1181440K), 0.0007530 secs]
129.077: [GC (Allocation Failure) 494474K->12427K(1165696K), 0.0007270 secs]
129.306: [GC (Allocation Failure) 478808K->12627K(1150976K), 0.0006700 secs]
129.529: [GC (Allocation Failure) 464065K->12529K(1136576K), 0.0006600 secs]
129.744: [GC (Allocation Failure) 449741K->12529K(1122944K), 0.0007460 secs]
129.951: [GC (Allocation Failure) 436066K->12627K(1109888K), 0.0007720 secs]
130.156: [GC (Allocation Failure) 423098K->12724K(1097536K), 0.0007790 secs]
130.352: [GC (Allocation Failure) 410772K->12724K(1085376K), 0.0008200 secs]
130.539: [GC (Allocation Failure) 398757K->12920K(1074112K), 0.0006210 secs]
130.721: [GC (Allocation Failure) 387532K->12826K(1062976K), 0.0005630 secs]
130.896: [GC (Allocation Failure) 376437K->12924K(1052544K), 0.0006150 secs]
131.065: [GC (Allocation Failure) 365920K->12826K(1310656K), 0.0005840 secs]
131.358: [GC (Allocation Failure) 624132K->12826K(1289280K), 0.0005670 secs]
131.643: [GC (Allocation Failure) 602709K->12826K(1268864K), 0.0007380 secs]
131.921: [GC (Allocation Failure) 582337K->12826K(1249408K), 0.0005940 secs]
132.191: [GC (Allocation Failure) 562901K->12826K(1230784K), 0.0005700 secs]
132.452: [GC (Allocation Failure) 544194K->12826K(1212992K), 0.0005940 secs]
132.703: [GC (Allocation Failure) 526481K->12826K(1196032K), 0.0005740 secs]
132.954: [GC (Allocation Failure) 509485K->13119K(1179968K), 0.0007270 secs]
133.191: [GC (Allocation Failure) 493615K->13021K(1164288K), 0.0005540 secs]
133.419: [GC (Allocation Failure) 477949K->13119K(1149504K), 0.0005850 secs]
133.636: [GC (Allocation Failure) 463214K->13217K(1135424K), 0.0005680 secs]
133.851: [GC (Allocation Failure) 449159K->13123K(1121728K), 0.0007660 secs]
134.059: [GC (Allocation Failure) 435475K->13318K(1108672K), 0.0008520 secs]
134.258: [GC (Allocation Failure) 422701K->13416K(1096320K), 0.0005730 secs]
134.448: [GC (Allocation Failure) 410356K->13416K(1084416K), 0.0005710 secs]
134.637: [GC (Allocation Failure) 398449K->13518K(1073152K), 0.0008170 secs]
134.818: [GC (Allocation Failure) 387146K->13420K(1062016K), 0.0006340 secs]
134.991: [GC (Allocation Failure) 376131K->13518K(1051584K), 0.0006530 secs]
135.163: [GC (Allocation Failure) 365747K->13619K(1308864K), 0.0007190 secs]
135.464: [GC (Allocation Failure) 623012K->13619K(1287616K), 0.0009310 secs]
135.745: [GC (Allocation Failure) 601742K->13717K(1267008K), 0.0007000 secs]
136.025: [GC (Allocation Failure) 581509K->13896K(1248000K), 0.0011460 secs]
136.291: [GC (Allocation Failure) 562326K->13912K(1229312K), 0.0005870 secs]
136.547: [GC (Allocation Failure) 543890K->13912K(1211584K), 0.0005890 secs]
136.792: [GC (Allocation Failure) 526088K->14010K(1194816K), 0.0005740 secs]
137.032: [GC (Allocation Failure) 509308K->13912K(1178496K), 0.0006010 secs]
137.267: [GC (Allocation Failure) 493078K->14014K(1163072K), 0.0006150 secs]
137.496: [GC (Allocation Failure) 477679K->14014K(1148288K), 0.0005890 secs]
137.717: [GC (Allocation Failure) 462923K->14100K(1134208K), 0.0009670 secs]
137.934: [GC (Allocation Failure) 448852K->14018K(1120640K), 0.0006230 secs]
138.136: [GC (Allocation Failure) 435318K->14018K(1107712K), 0.0007140 secs]
138.338: [GC (Allocation Failure) 422349K->14018K(1095296K), 0.0007550 secs]
138.530: [GC (Allocation Failure) 409935K->14018K(1083392K), 0.0007540 secs]
138.721: [GC (Allocation Failure) 398021K->14018K(1072000K), 0.0005990 secs]
138.905: [GC (Allocation Failure) 386671K->14213K(1061120K), 0.0009380 secs]
139.080: [GC (Allocation Failure) 375982K->14311K(1050688K), 0.0006310 secs]
139.253: [GC (Allocation Failure) 365657K->14393K(1306304K), 0.0013340 secs]
139.547: [GC (Allocation Failure) 621401K->14604K(1285376K), 0.0007250 secs]
139.830: [GC (Allocation Failure) 600469K->14506K(1265024K), 0.0006610 secs]
140.110: [GC (Allocation Failure) 580152K->14592K(1245824K), 0.0012150 secs]
140.371: [GC (Allocation Failure) 560961K->14510K(1227328K), 0.0007060 secs]
140.623: [GC (Allocation Failure) 542506K->14510K(1209728K), 0.0009360 secs]
140.869: [GC (Allocation Failure) 524902K->14706K(1192896K), 0.0009200 secs]
141.114: [GC (Allocation Failure) 508237K->14706K(1176832K), 0.0007760 secs]
141.346: [GC (Allocation Failure) 492118K->14901K(1161472K), 0.0008990 secs]
141.571: [GC (Allocation Failure) 476981K->14885K(1146752K), 0.0011910 secs]
141.799: [GC (Allocation Failure) 462276K->15096K(1132608K), 0.0008680 secs]
142.014: [GC (Allocation Failure) 448420K->15276K(1119296K), 0.0012100 secs]
142.221: [GC (Allocation Failure) 435104K->15198K(1106304K), 0.0005620 secs]
142.415: [GC (Allocation Failure) 422154K->15280K(1094016K), 0.0008770 secs]
142.607: [GC (Allocation Failure) 409968K->15394K(1082304K), 0.0007480 secs]
142.796: [GC (Allocation Failure) 398192K->15394K(1070976K), 0.0006590 secs]
142.982: [GC (Allocation Failure) 386886K->15280K(1059776K), 0.0013000 secs]
143.158: [GC (Allocation Failure) 375875K->15491K(1049728K), 0.0007230 secs]
143.330: [GC (Allocation Failure) 365642K->15491K(1304640K), 0.0006170 secs]
143.624: [GC (Allocation Failure) 620738K->15491K(1283584K), 0.0007760 secs]
143.915: [GC (Allocation Failure) 599723K->15495K(1263424K), 0.0005920 secs]
144.191: [GC (Allocation Failure) 579565K->15593K(1244352K), 0.0008100 secs]
144.451: [GC (Allocation Failure) 560453K->15691K(1225792K), 0.0007600 secs]
144.713: [GC (Allocation Failure) 542162K->15886K(1208448K), 0.0006270 secs]
144.964: [GC (Allocation Failure) 524807K->15886K(1191552K), 0.0006020 secs]
145.199: [GC (Allocation Failure) 508056K->15886K(1175552K), 0.0006710 secs]
145.429: [GC (Allocation Failure) 492099K->15984K(1160384K), 0.0005920 secs]
145.656: [GC (Allocation Failure) 476884K->15886K(1145600K), 0.0006970 secs]
145.875: [GC (Allocation Failure) 462131K->15886K(1131584K), 0.0007820 secs]
146.087: [GC (Allocation Failure) 448088K->15984K(1118272K), 0.0006370 secs]
146.295: [GC (Allocation Failure) 434759K->16081K(1105216K), 0.0006830 secs]
146.492: [GC (Allocation Failure) 422003K->16261K(1093056K), 0.0012270 secs]
146.685: [GC (Allocation Failure) 409844K->16277K(1081344K), 0.0006300 secs]
146.870: [GC (Allocation Failure) 398080K->16277K(1070080K), 0.0008290 secs]
147.053: [GC (Allocation Failure) 386883K->16261K(1059008K), 0.0010180 secs]
147.226: [GC (Allocation Failure) 376054K->16472K(1048896K), 0.0007620 secs]
147.400: [GC (Allocation Failure) 365854K->16476K(1302464K), 0.0008130 secs]
147.697: [GC (Allocation Failure) 619454K->16378K(1281344K), 0.0007520 secs]
147.982: [GC (Allocation Failure) 598344K->16476K(1261440K), 0.0008120 secs]
148.256: [GC (Allocation Failure) 578377K->16378K(1242176K), 0.0007710 secs]
148.526: [GC (Allocation Failure) 559144K->16378K(1223936K), 0.0006490 secs]
148.781: [GC (Allocation Failure) 540936K->16476K(1206592K), 0.0006430 secs]
149.026: [GC (Allocation Failure) 523520K->16378K(1189760K), 0.0005960 secs]
149.267: [GC (Allocation Failure) 506739K->16476K(1173952K), 0.0008260 secs]
149.497: [GC (Allocation Failure) 490923K->16378K(1158592K), 0.0006010 secs]
149.723: [GC (Allocation Failure) 475621K->16378K(1144000K), 0.0006190 secs]
149.940: [GC (Allocation Failure) 460971K->16476K(1130176K), 0.0008160 secs]
150.153: [GC (Allocation Failure) 447128K->16378K(1116672K), 0.0006280 secs]
150.356: [GC (Allocation Failure) 433651K->16476K(1103872K), 0.0006360 secs]
150.554: [GC (Allocation Failure) 420958K->16476K(1091648K), 0.0007930 secs]
150.746: [GC (Allocation Failure) 408699K->16480K(1079936K), 0.0008470 secs]
150.932: [GC (Allocation Failure) 397018K->16578K(1068800K), 0.0008810 secs]
151.118: [GC (Allocation Failure) 385833K->16675K(1057856K), 0.0008770 secs]
151.293: [GC (Allocation Failure) 375182K->16773K(1299840K), 0.0007220 secs]
151.582: [GC (Allocation Failure) 617209K->16972K(1279168K), 0.0006350 secs]
151.860: [GC (Allocation Failure) 596567K->16777K(1259072K), 0.0008540 secs]
152.135: [GC (Allocation Failure) 576456K->16777K(1240064K), 0.0007590 secs]
152.403: [GC (Allocation Failure) 557472K->16875K(1222016K), 0.0006400 secs]
152.656: [GC (Allocation Failure) 539386K->16972K(1204544K), 0.0010090 secs]
152.904: [GC (Allocation Failure) 522094K->16972K(1187968K), 0.0006980 secs]
153.145: [GC (Allocation Failure) 505590K->17054K(1172160K), 0.0012670 secs]
153.374: [GC (Allocation Failure) 489793K->17070K(1157056K), 0.0008520 secs]
153.602: [GC (Allocation Failure) 474654K->16972K(1142400K), 0.0005750 secs]
153.818: [GC (Allocation Failure) 459995K->17074K(1128640K), 0.0008290 secs]
154.032: [GC (Allocation Failure) 446242K->17172K(1115200K), 0.0013760 secs]
154.236: [GC (Allocation Failure) 432993K->17269K(1102592K), 0.0006550 secs]
154.432: [GC (Allocation Failure) 420389K->17172K(1090304K), 0.0006130 secs]
154.628: [GC (Allocation Failure) 408125K->17269K(1078784K), 0.0006590 secs]
154.811: [GC (Allocation Failure) 396504K->17269K(1067456K), 0.0006460 secs]
154.992: [GC (Allocation Failure) 385308K->17351K(1056832K), 0.0012850 secs]
155.167: [GC (Allocation Failure) 374701K->17269K(1297408K), 0.0008010 secs]
155.457: [GC (Allocation Failure) 615315K->17367K(1276800K), 0.0007410 secs]
155.737: [GC (Allocation Failure) 594709K->17367K(1256832K), 0.0006570 secs]
156.011: [GC (Allocation Failure) 574829K->17469K(1238016K), 0.0006440 secs]
156.275: [GC (Allocation Failure) 555963K->17355K(1219840K), 0.0012370 secs]
156.529: [GC (Allocation Failure) 537789K->17469K(1202688K), 0.0006400 secs]
156.771: [GC (Allocation Failure) 520640K->17371K(1186048K), 0.0006100 secs]
157.009: [GC (Allocation Failure) 504028K->17453K(1170304K), 0.0009400 secs]
157.238: [GC (Allocation Failure) 488312K->17469K(1155264K), 0.0006010 secs]
157.462: [GC (Allocation Failure) 473276K->17371K(1140672K), 0.0006310 secs]
157.681: [GC (Allocation Failure) 458627K->17566K(1126848K), 0.0009570 secs]
157.886: [GC (Allocation Failure) 445044K->17566K(1113600K), 0.0006070 secs]
158.088: [GC (Allocation Failure) 431773K->17566K(1100928K), 0.0006230 secs]
158.284: [GC (Allocation Failure) 419117K->17664K(1088960K), 0.0006610 secs]
158.478: [GC (Allocation Failure) 407168K->17668K(1077248K), 0.0006410 secs]
158.659: [GC (Allocation Failure) 395535K->17750K(1066176K), 0.0012700 secs]
158.834: [GC (Allocation Failure) 384510K->17668K(1055424K), 0.0006250 secs]
159.015: [GC (Allocation Failure) 373735K->17672K(1295104K), 0.0008320 secs]
159.312: [GC (Allocation Failure) 613401K->17754K(1274496K), 0.0012900 secs]
159.588: [GC (Allocation Failure) 592835K->17672K(1254720K), 0.0008490 secs]
159.860: [GC (Allocation Failure) 572970K->17672K(1235904K), 0.0006220 secs]
160.116: [GC (Allocation Failure) 554237K->17770K(1218048K), 0.0008460 secs]
160.373: [GC (Allocation Failure) 536265K->17672K(1200640K), 0.0007770 secs]
160.621: [GC (Allocation Failure) 519036K->17867K(1184384K), 0.0006350 secs]
160.856: [GC (Allocation Failure) 502761K->17770K(1168576K), 0.0007110 secs]
161.087: [GC (Allocation Failure) 486928K->17851K(1153600K), 0.0010350 secs]
161.305: [GC (Allocation Failure) 471964K->17867K(1139328K), 0.0008030 secs]
161.529: [GC (Allocation Failure) 457737K->17770K(1125440K), 0.0008510 secs]
161.734: [GC (Allocation Failure) 443791K->17965K(1112256K), 0.0009480 secs]
161.935: [GC (Allocation Failure) 430814K->17965K(1099648K), 0.0006210 secs]
162.132: [GC (Allocation Failure) 418256K->17965K(1087616K), 0.0006400 secs]
162.324: [GC (Allocation Failure) 406251K->17965K(1076032K), 0.0006290 secs]
162.510: [GC (Allocation Failure) 394643K->17949K(1064960K), 0.0012570 secs]
162.687: [GC (Allocation Failure) 383510K->18063K(1054464K), 0.0006310 secs]
162.863: [GC (Allocation Failure) 373004K->17965K(1292480K), 0.0006010 secs]
163.144: [GC (Allocation Failure) 611096K->18160K(1272128K), 0.0006510 secs]
163.426: [GC (Allocation Failure) 590746K->18144K(1252480K), 0.0012710 secs]
163.696: [GC (Allocation Failure) 571168K->18063K(1233664K), 0.0007280 secs]
163.963: [GC (Allocation Failure) 552379K->18063K(1215744K), 0.0008120 secs]
164.212: [GC (Allocation Failure) 534432K->18063K(1198656K), 0.0006310 secs]
164.460: [GC (Allocation Failure) 517299K->18160K(1182464K), 0.0006080 secs]
164.688: [GC (Allocation Failure) 501140K->18164K(1166848K), 0.0006880 secs]
164.920: [GC (Allocation Failure) 485549K->18051K(1151680K), 0.0013740 secs]
165.139: [GC (Allocation Failure) 470523K->18262K(1137664K), 0.0006400 secs]
165.357: [GC (Allocation Failure) 456380K->18164K(1123840K), 0.0007110 secs]
165.564: [GC (Allocation Failure) 442608K->18164K(1110720K), 0.0008390 secs]
165.767: [GC (Allocation Failure) 429553K->18266K(1098304K), 0.0008480 secs]
165.964: [GC (Allocation Failure) 417075K->18168K(1086144K), 0.0008500 secs]
166.155: [GC (Allocation Failure) 404888K->18168K(1074624K), 0.0009050 secs]
166.337: [GC (Allocation Failure) 393384K->18266K(1063744K), 0.0007340 secs]
166.515: [GC (Allocation Failure) 382480K->18168K(1053056K), 0.0006450 secs]
166.691: [GC (Allocation Failure) 371857K->18168K(1290240K), 0.0007010 secs]
166.981: [GC (Allocation Failure) 608990K->18266K(1269952K), 0.0008340 secs]
167.263: [GC (Allocation Failure) 588738K->18266K(1250432K), 0.0008400 secs]
167.534: [GC (Allocation Failure) 569180K->18168K(1231616K), 0.0007750 secs]
167.790: [GC (Allocation Failure) 550517K->18266K(1213888K), 0.0008090 secs]
168.043: [GC (Allocation Failure) 532821K->18364K(1196992K), 0.0006450 secs]
168.279: [GC (Allocation Failure) 515815K->18266K(1180608K), 0.0006490 secs]
168.513: [GC (Allocation Failure) 499478K->18266K(1165056K), 0.0006190 secs]
168.742: [GC (Allocation Failure) 483980K->18266K(1150208K), 0.0008380 secs]
168.960: [GC (Allocation Failure) 469096K->18461K(1136192K), 0.0009420 secs]
169.174: [GC (Allocation Failure) 455095K->18368K(1122496K), 0.0007660 secs]
169.379: [GC (Allocation Failure) 441349K->18254K(1109184K), 0.0013230 secs]
169.576: [GC (Allocation Failure) 428232K->18469K(1096960K), 0.0008640 secs]
169.772: [GC (Allocation Failure) 415923K->18372K(1084864K), 0.0008900 secs]
169.959: [GC (Allocation Failure) 403885K->18372K(1073408K), 0.0006330 secs]
170.146: [GC (Allocation Failure) 392443K->18469K(1062592K), 0.0006320 secs]
170.319: [GC (Allocation Failure) 381582K->18473K(1052096K), 0.0007850 secs]
170.493: [GC (Allocation Failure) 371085K->18376K(1287424K), 0.0007960 secs]
170.781: [GC (Allocation Failure) 606527K->18473K(1267200K), 0.0007230 secs]
171.061: [GC (Allocation Failure) 586281K->18571K(1247936K), 0.0008580 secs]
171.332: [GC (Allocation Failure) 567048K->18571K(1229440K), 0.0008460 secs]
171.593: [GC (Allocation Failure) 548542K->18571K(1211520K), 0.0008990 secs]
171.847: [GC (Allocation Failure) 530741K->18669K(1194688K), 0.0008100 secs]
172.095: [GC (Allocation Failure) 513946K->18766K(1178624K), 0.0008610 secs]
172.331: [GC (Allocation Failure) 497925K->18653K(1163072K), 0.0013330 secs]
172.563: [GC (Allocation Failure) 482394K->18669K(1148288K), 0.0008370 secs]
172.782: [GC (Allocation Failure) 467561K->18766K(1134272K), 0.0006620 secs]
172.995: [GC (Allocation Failure) 453512K->18669K(1120640K), 0.0008170 secs]
173.198: [GC (Allocation Failure) 439929K->18669K(1107712K), 0.0006420 secs]
173.397: [GC (Allocation Failure) 426995K->18669K(1095296K), 0.0006350 secs]
173.591: [GC (Allocation Failure) 414580K->18766K(1083520K), 0.0009190 secs]
173.782: [GC (Allocation Failure) 402798K->18864K(1072000K), 0.0009550 secs]
173.963: [GC (Allocation Failure) 391512K->18864K(1061120K), 0.0006360 secs]
174.142: [GC (Allocation Failure) 380609K->18868K(1050688K), 0.0008280 secs]
174.311: [GC (Allocation Failure) 370183K->18868K(1285248K), 0.0008400 secs]
174.599: [GC (Allocation Failure) 604745K->19063K(1265024K), 0.0012670 secs]
174.881: [GC (Allocation Failure) 584663K->19161K(1245888K), 0.0006700 secs]
175.150: [GC (Allocation Failure) 565553K->19047K(1227200K), 0.0013620 secs]
175.410: [GC (Allocation Failure) 547018K->19161K(1209920K), 0.0006240 secs]
175.662: [GC (Allocation Failure) 529496K->19161K(1192896K), 0.0008220 secs]
175.902: [GC (Allocation Failure) 512657K->19259K(1176960K), 0.0006680 secs]
176.134: [GC (Allocation Failure) 496744K->19247K(1161344K), 0.0014810 secs]
176.364: [GC (Allocation Failure) 481327K->19360K(1146944K), 0.0009380 secs]
176.582: [GC (Allocation Failure) 466701K->19458K(1132800K), 0.0007200 secs]
176.798: [GC (Allocation Failure) 452750K->19442K(1119296K), 0.0013620 secs]
177.007: [GC (Allocation Failure) 439289K->19360K(1106368K), 0.0005950 secs]
177.206: [GC (Allocation Failure) 426329K->19360K(1094016K), 0.0006370 secs]
177.402: [GC (Allocation Failure) 414032K->19458K(1082304K), 0.0007270 secs]
177.589: [GC (Allocation Failure) 402270K->19458K(1070976K), 0.0006700 secs]
177.773: [GC (Allocation Failure) 390927K->19344K(1059840K), 0.0013950 secs]
177.956: [GC (Allocation Failure) 379932K->19458K(1049536K), 0.0008220 secs]
178.129: [GC (Allocation Failure) 369646K->19458K(1282944K), 0.0007230 secs]
178.416: [GC (Allocation Failure) 602978K->19556K(1262976K), 0.0006660 secs]
178.694: [GC (Allocation Failure) 583065K->19458K(1243648K), 0.0006310 secs]
178.965: [GC (Allocation Failure) 563687K->19556K(1225472K), 0.0007590 secs]
179.220: [GC (Allocation Failure) 545486K->19458K(1207808K), 0.0006370 secs]
179.469: [GC (Allocation Failure) 527903K->19556K(1191168K), 0.0008370 secs]
179.709: [GC (Allocation Failure) 511201K->19653K(1175040K), 0.0007460 secs]
179.941: [GC (Allocation Failure) 495302K->19653K(1159744K), 0.0006560 secs]
180.162: [GC (Allocation Failure) 479985K->19751K(1145216K), 0.0006490 secs]
180.378: [GC (Allocation Failure) 465430K->19751K(1131200K), 0.0006620 secs]
180.589: [GC (Allocation Failure) 451481K->19849K(1117632K), 0.0009180 secs]
180.796: [GC (Allocation Failure) 438204K->20044K(1105024K), 0.0006690 secs]
180.991: [GC (Allocation Failure) 425604K->20044K(1092736K), 0.0006270 secs]
181.180: [GC (Allocation Failure) 413232K->20044K(1080960K), 0.0006810 secs]
181.369: [GC (Allocation Failure) 401463K->20044K(1069504K), 0.0011170 secs]
181.551: [GC (Allocation Failure) 390246K->20239K(1058880K), 0.0006600 secs]
181.725: [GC (Allocation Failure) 379646K->20239K(1048512K), 0.0007670 secs]
181.893: [GC (Allocation Failure) 369211K->20239K(1280896K), 0.0007930 secs]
182.167: [GC (Allocation Failure) 601675K->20239K(1260736K), 0.0008560 secs]
182.439: [GC (Allocation Failure) 581640K->20337K(1241792K), 0.0006790 secs]
182.702: [GC (Allocation Failure) 562634K->20337K(1223552K), 0.0008510 secs]
182.961: [GC (Allocation Failure) 544390K->20337K(1206144K), 0.0008110 secs]
183.208: [GC (Allocation Failure) 527013K->20239K(1189376K), 0.0006610 secs]
183.449: [GC (Allocation Failure) 510252K->20337K(1173568K), 0.0006700 secs]
183.677: [GC (Allocation Failure) 494395K->20239K(1158208K), 0.0007310 secs]
183.906: [GC (Allocation Failure) 479066K->20239K(1143616K), 0.0008470 secs]
184.127: [GC (Allocation Failure) 464442K->20337K(1129792K), 0.0008820 secs]
184.338: [GC (Allocation Failure) 450666K->20337K(1116480K), 0.0008840 secs]
184.545: [GC (Allocation Failure) 437334K->20325K(1103424K), 0.0015040 secs]
184.751: [GC (Allocation Failure) 424479K->20439K(1091584K), 0.0008260 secs]
184.941: [GC (Allocation Failure) 412439K->20423K(1079616K), 0.0011340 secs]
185.127: [GC (Allocation Failure) 400639K->20439K(1068416K), 0.0006530 secs]
185.306: [GC (Allocation Failure) 389463K->20427K(1057664K), 0.0013440 secs]
185.481: [GC (Allocation Failure) 378742K->20540K(1278464K), 0.0006500 secs]
185.763: [GC (Allocation Failure) 599456K->20638K(1258432K), 0.0009770 secs]
186.039: [GC (Allocation Failure) 579684K->20736K(1239552K), 0.0006660 secs]
186.307: [GC (Allocation Failure) 560756K->20736K(1221248K), 0.0006580 secs]
186.567: [GC (Allocation Failure) 542566K->20740K(1203904K), 0.0007590 secs]
186.808: [GC (Allocation Failure) 525291K->20837K(1187456K), 0.0006620 secs]
187.051: [GC (Allocation Failure) 508772K->20837K(1171648K), 0.0006960 secs]
187.281: [GC (Allocation Failure) 493016K->20821K(1156224K), 0.0015520 secs]
187.504: [GC (Allocation Failure) 477803K->20935K(1141888K), 0.0006550 secs]
187.723: [GC (Allocation Failure) 463453K->20935K(1128000K), 0.0008680 secs]
187.930: [GC (Allocation Failure) 449512K->20935K(1114752K), 0.0009430 secs]
188.136: [GC (Allocation Failure) 436343K->20935K(1102080K), 0.0006530 secs]
188.328: [GC (Allocation Failure) 423651K->21033K(1090048K), 0.0008760 secs]
188.517: [GC (Allocation Failure) 411587K->20935K(1078208K), 0.0009640 secs]
188.703: [GC (Allocation Failure) 399875K->21130K(1067264K), 0.0006730 secs]
188.887: [GC (Allocation Failure) 388880K->21033K(1056448K), 0.0009600 secs]
189.058: [GC (Allocation Failure) 378126K->21134K(1276224K), 0.0009030 secs]
189.339: [GC (Allocation Failure) 597883K->21134K(1256320K), 0.0006680 secs]
189.611: [GC (Allocation Failure) 578115K->21118K(1237440K), 0.0013570 secs]
189.876: [GC (Allocation Failure) 559154K->21134K(1219392K), 0.0008730 secs]
190.126: [GC (Allocation Failure) 541168K->21236K(1202240K), 0.0009040 secs]
190.372: [GC (Allocation Failure) 524002K->21138K(1185600K), 0.0008430 secs]
190.609: [GC (Allocation Failure) 507399K->21236K(1169984K), 0.0007640 secs]
190.841: [GC (Allocation Failure) 491686K->21334K(1154752K), 0.0010460 secs]
191.076: [GC (Allocation Failure) 476661K->21431K(1140480K), 0.0006640 secs]
191.287: [GC (Allocation Failure) 462362K->21431K(1126528K), 0.0006650 secs]
191.502: [GC (Allocation Failure) 448589K->21529K(1113472K), 0.0006840 secs]
191.704: [GC (Allocation Failure) 435533K->21631K(1100672K), 0.0013660 secs]
191.906: [GC (Allocation Failure) 422892K->21729K(1088704K), 0.0008830 secs]
192.096: [GC (Allocation Failure) 410976K->21729K(1076992K), 0.0006820 secs]
192.278: [GC (Allocation Failure) 399335K->21729K(1065856K), 0.0008660 secs]
192.460: [GC (Allocation Failure) 388214K->21729K(1055232K), 0.0006620 secs]
192.636: [GC (Allocation Failure) 377600K->21729K(1273792K), 0.0008630 secs]
192.919: [GC (Allocation Failure) 596095K->21729K(1254080K), 0.0006340 secs]
193.187: [GC (Allocation Failure) 576451K->21729K(1235264K), 0.0006630 secs]
193.443: [GC (Allocation Failure) 557577K->21713K(1217280K), 0.0013750 secs]
193.696: [GC (Allocation Failure) 539642K->21814K(1200192K), 0.0009910 secs]
193.938: [GC (Allocation Failure) 522610K->21717K(1183744K), 0.0013280 secs]
194.181: [GC (Allocation Failure) 506129K->21830K(1168192K), 0.0009820 secs]
194.409: [GC (Allocation Failure) 490496K->21737K(1153024K), 0.0006490 secs]
194.628: [GC (Allocation Failure) 475456K->21834K(1138752K), 0.0007910 secs]
194.842: [GC (Allocation Failure) 461221K->21834K(1124992K), 0.0008610 secs]
195.059: [GC (Allocation Failure) 447457K->21834K(1111872K), 0.0007810 secs]
195.253: [GC (Allocation Failure) 434360K->21932K(1099264K), 0.0007830 secs]
195.448: [GC (Allocation Failure) 421837K->22030K(1087360K), 0.0009250 secs]
195.635: [GC (Allocation Failure) 409923K->22127K(1075648K), 0.0009610 secs]
195.819: [GC (Allocation Failure) 398511K->22225K(1064640K), 0.0007260 secs]
195.996: [GC (Allocation Failure) 387511K->22225K(1054016K), 0.0006560 secs]
196.168: [GC (Allocation Failure) 376887K->22225K(1272000K), 0.0006800 secs]
196.447: [GC (Allocation Failure) 594835K->22225K(1252416K), 0.0008650 secs]
196.725: [GC (Allocation Failure) 575291K->22323K(1233792K), 0.0010560 secs]
196.991: [GC (Allocation Failure) 556587K->22323K(1215680K), 0.0006830 secs]
197.244: [GC (Allocation Failure) 538648K->22420K(1198656K), 0.0006520 secs]
197.485: [GC (Allocation Failure) 521715K->22420K(1182336K), 0.0006770 secs]
197.723: [GC (Allocation Failure) 505345K->22522K(1166848K), 0.0006560 secs]
197.954: [GC (Allocation Failure) 489834K->22717K(1151744K), 0.0008350 secs]
198.179: [GC (Allocation Failure) 475161K->22917K(1137664K), 0.0007380 secs]
198.389: [GC (Allocation Failure) 461085K->22803K(1123840K), 0.0009310 secs]
198.599: [GC (Allocation Failure) 447237K->22819K(1110720K), 0.0006850 secs]
198.798: [GC (Allocation Failure) 434169K->22917K(1098176K), 0.0006800 secs]
198.988: [GC (Allocation Failure) 421706K->22917K(1086144K), 0.0007490 secs]
199.179: [GC (Allocation Failure) 409651K->22917K(1074624K), 0.0006640 secs]
199.363: [GC (Allocation Failure) 398134K->23014K(1063744K), 0.0009100 secs]
199.541: [GC (Allocation Failure) 387248K->22921K(1052992K), 0.0006470 secs]
199.715: [GC (Allocation Failure) 376619K->23018K(1270272K), 0.0009980 secs]
199.995: [GC (Allocation Failure) 593882K->23018K(1250752K), 0.0009030 secs]
200.264: [GC (Allocation Failure) 574393K->23002K(1232128K), 0.0007090 secs]
200.521: [GC (Allocation Failure) 555731K->23018K(1214336K), 0.0008260 secs]
200.776: [GC (Allocation Failure) 537959K->23116K(1197440K), 0.0009190 secs]
201.025: [GC (Allocation Failure) 521039K->23214K(1180992K), 0.0009900 secs]
201.261: [GC (Allocation Failure) 504870K->23409K(1165632K), 0.0009120 secs]
201.493: [GC (Allocation Failure) 489538K->23409K(1150592K), 0.0009000 secs]
201.717: [GC (Allocation Failure) 474617K->23507K(1136512K), 0.0009430 secs]
201.936: [GC (Allocation Failure) 460527K->23491K(1122624K), 0.0011140 secs]
202.146: [GC (Allocation Failure) 446876K->23608K(1109888K), 0.0006770 secs]
202.340: [GC (Allocation Failure) 433889K->23592K(1097216K), 0.0014380 secs]
202.535: [GC (Allocation Failure) 421406K->23706K(1085376K), 0.0009150 secs]
202.722: [GC (Allocation Failure) 409601K->23690K(1073664K), 0.0016060 secs]
202.911: [GC (Allocation Failure) 398139K->23804K(1062976K), 0.0006630 secs]
203.086: [GC (Allocation Failure) 387240K->23901K(1052416K), 0.0006480 secs]
203.257: [GC (Allocation Failure) 376810K->23901K(1268672K), 0.0008900 secs]
203.537: [GC (Allocation Failure) 593049K->23885K(1248960K), 0.0011300 secs]
203.807: [GC (Allocation Failure) 573623K->24003K(1230528K), 0.0006720 secs]
204.072: [GC (Allocation Failure) 555193K->24003K(1212800K), 0.0006840 secs]
204.321: [GC (Allocation Failure) 537472K->24007K(1195840K), 0.0006660 secs]
204.565: [GC (Allocation Failure) 520459K->24089K(1179712K), 0.0014600 secs]
204.799: [GC (Allocation Failure) 504330K->24105K(1164288K), 0.0008120 secs]
205.026: [GC (Allocation Failure) 488930K->24007K(1149312K), 0.0007280 secs]
205.243: [GC (Allocation Failure) 473901K->24105K(1135232K), 0.0006900 secs]
205.455: [GC (Allocation Failure) 459860K->24007K(1121536K), 0.0006650 secs]
205.660: [GC (Allocation Failure) 446208K->24109K(1108672K), 0.0009570 secs]
205.859: [GC (Allocation Failure) 433322K->23995K(1096128K), 0.0014320 secs]
206.054: [GC (Allocation Failure) 420724K->23999K(1084224K), 0.0014640 secs]
206.243: [GC (Allocation Failure) 408823K->24113K(1072960K), 0.0006930 secs]
206.426: [GC (Allocation Failure) 397538K->24015K(1061888K), 0.0006960 secs]
206.600: [GC (Allocation Failure) 386479K->24113K(1051392K), 0.0007110 secs]
206.771: [GC (Allocation Failure) 376142K->24113K(1266240K), 0.0009030 secs]
207.052: [GC (Allocation Failure) 591020K->24113K(1246912K), 0.0010380 secs]
207.313: [GC (Allocation Failure) 571613K->24210K(1228544K), 0.0007230 secs]
207.563: [GC (Allocation Failure) 553273K->24113K(1210688K), 0.0007560 secs]
207.813: [GC (Allocation Failure) 535493K->24292K(1193920K), 0.0014880 secs]
208.053: [GC (Allocation Failure) 518780K->24210K(1177728K), 0.0007830 secs]
208.294: [GC (Allocation Failure) 502518K->24210K(1162304K), 0.0009300 secs]
208.519: [GC (Allocation Failure) 487178K->24214K(1147584K), 0.0006940 secs]
208.735: [GC (Allocation Failure) 472434K->24214K(1133504K), 0.0006940 secs]
208.953: [GC (Allocation Failure) 458324K->24214K(1120000K), 0.0009350 secs]
209.162: [GC (Allocation Failure) 444834K->24312K(1107200K), 0.0007190 secs]
209.359: [GC (Allocation Failure) 432025K->24410K(1094656K), 0.0007780 secs]
209.549: [GC (Allocation Failure) 419764K->24605K(1083008K), 0.0008190 secs]
209.735: [GC (Allocation Failure) 408154K->24703K(1071552K), 0.0009460 secs]
209.914: [GC (Allocation Failure) 396848K->24784K(1060736K), 0.0014830 secs]
210.095: [GC (Allocation Failure) 386055K->24687K(1050240K), 0.0014370 secs]
210.267: [GC (Allocation Failure) 375522K->24800K(1264320K), 0.0009330 secs]
210.550: [GC (Allocation Failure) 589599K->24800K(1244928K), 0.0006790 secs]
210.808: [GC (Allocation Failure) 570358K->24800K(1226560K), 0.0006810 secs]
211.071: [GC (Allocation Failure) 552015K->24800K(1208960K), 0.0006850 secs]
211.317: [GC (Allocation Failure) 534345K->24800K(1192192K), 0.0008030 secs]
211.556: [GC (Allocation Failure) 517611K->24800K(1176128K), 0.0009050 secs]
211.791: [GC (Allocation Failure) 501580K->24898K(1160896K), 0.0007000 secs]
212.018: [GC (Allocation Failure) 486258K->24996K(1146048K), 0.0010190 secs]
212.239: [GC (Allocation Failure) 471752K->25093K(1132096K), 0.0010530 secs]
212.451: [GC (Allocation Failure) 457801K->25093K(1118656K), 0.0006810 secs]
212.655: [GC (Allocation Failure) 444327K->25191K(1105920K), 0.0009390 secs]
212.855: [GC (Allocation Failure) 431654K->25093K(1093376K), 0.0007940 secs]
213.048: [GC (Allocation Failure) 419157K->25289K(1081792K), 0.0007120 secs]
213.236: [GC (Allocation Failure) 407559K->25191K(1070336K), 0.0009110 secs]
213.416: [GC (Allocation Failure) 396175K->25191K(1059520K), 0.0009470 secs]
213.590: [GC (Allocation Failure) 385372K->25191K(1049152K), 0.0006670 secs]
213.756: [GC (Allocation Failure) 374942K->25191K(1262272K), 0.0006950 secs]
214.031: [GC (Allocation Failure) 588087K->25273K(1243136K), 0.0011750 secs]
214.294: [GC (Allocation Failure) 568964K->25289K(1224896K), 0.0008290 secs]
214.548: [GC (Allocation Failure) 550643K->25289K(1207104K), 0.0008790 secs]
214.795: [GC (Allocation Failure) 533220K->25484K(1190784K), 0.0008620 secs]
215.034: [GC (Allocation Failure) 516717K->25468K(1174592K), 0.0014750 secs]
215.268: [GC (Allocation Failure) 500645K->25484K(1159296K), 0.0006880 secs]
215.500: [GC (Allocation Failure) 485415K->25586K(1144704K), 0.0007240 secs]
215.718: [GC (Allocation Failure) 470957K->25586K(1130688K), 0.0006790 secs]
215.926: [GC (Allocation Failure) 456891K->25586K(1117312K), 0.0006900 secs]
216.128: [GC (Allocation Failure) 443487K->25683K(1104640K), 0.0008220 secs]
216.323: [GC (Allocation Failure) 430837K->25781K(1092160K), 0.0009950 secs]
216.514: [GC (Allocation Failure) 418601K->25976K(1080576K), 0.0009280 secs]
216.705: [GC (Allocation Failure) 407015K->26074K(1069184K), 0.0009330 secs]
216.890: [GC (Allocation Failure) 395892K->26172K(1058496K), 0.0009400 secs]
217.070: [GC (Allocation Failure) 385153K->26371K(1047936K), 0.0011370 secs]
217.240: [GC (Allocation Failure) 374965K->26566K(1260544K), 0.0011400 secs]
217.513: [GC (Allocation Failure) 587587K->26566K(1241472K), 0.0008990 secs]
217.779: [GC (Allocation Failure) 568515K->26566K(1223232K), 0.0007250 secs]
218.037: [GC (Allocation Failure) 550330K->26469K(1205632K), 0.0009220 secs]
218.291: [GC (Allocation Failure) 532758K->26664K(1189184K), 0.0007180 secs]
218.530: [GC (Allocation Failure) 516351K->26668K(1173248K), 0.0006750 secs]
218.761: [GC (Allocation Failure) 500443K->26766K(1158080K), 0.0012320 secs]
218.987: [GC (Allocation Failure) 485281K->26570K(1143360K), 0.0006560 secs]
219.202: [GC (Allocation Failure) 470549K->26668K(1129536K), 0.0007000 secs]
219.414: [GC (Allocation Failure) 456698K->26668K(1116224K), 0.0008600 secs]
219.618: [GC (Allocation Failure) 443366K->26668K(1103488K), 0.0007120 secs]
219.812: [GC (Allocation Failure) 430676K->26652K(1091200K), 0.0014280 secs]
220.004: [GC (Allocation Failure) 418385K->26574K(1079424K), 0.0007240 secs]
220.190: [GC (Allocation Failure) 406597K->26558K(1068224K), 0.0015230 secs]
220.369: [GC (Allocation Failure) 395395K->26574K(1057472K), 0.0007310 secs]
220.544: [GC (Allocation Failure) 384700K->26672K(1258304K), 0.0007110 secs]
220.812: [GC (Allocation Failure) 585426K->26574K(1239168K), 0.0007360 secs]
221.080: [GC (Allocation Failure) 566369K->26578K(1221056K), 0.0006950 secs]
221.334: [GC (Allocation Failure) 548222K->26660K(1203776K), 0.0015270 secs]
221.582: [GC (Allocation Failure) 531002K->26578K(1187136K), 0.0009230 secs]
221.827: [GC (Allocation Failure) 514376K->26660K(1171392K), 0.0015350 secs]
222.064: [GC (Allocation Failure) 498589K->26578K(1156160K), 0.0009350 secs]
222.294: [GC (Allocation Failure) 483338K->26676K(1141824K), 0.0010740 secs]
222.509: [GC (Allocation Failure) 468969K->26660K(1127936K), 0.0014580 secs]
222.718: [GC (Allocation Failure) 455146K->26578K(1114624K), 0.0009650 secs]
222.915: [GC (Allocation Failure) 441785K->26578K(1101952K), 0.0007110 secs]
223.113: [GC (Allocation Failure) 429109K->26676K(1089920K), 0.0007460 secs]
223.297: [GC (Allocation Failure) 417105K->26676K(1078144K), 0.0008450 secs]
223.482: [GC (Allocation Failure) 405417K->26676K(1067008K), 0.0009600 secs]
223.659: [GC (Allocation Failure) 394330K->26676K(1056320K), 0.0006980 secs]
223.835: [GC (Allocation Failure) 383625K->26774K(1256064K), 0.0009570 secs]
224.107: [GC (Allocation Failure) 583362K->26676K(1237056K), 0.0009250 secs]
224.370: [GC (Allocation Failure) 564396K->26774K(1219136K), 0.0009830 secs]
224.625: [GC (Allocation Failure) 546391K->26676K(1201792K), 0.0008120 secs]
224.867: [GC (Allocation Failure) 529135K->26676K(1185344K), 0.0009290 secs]
225.110: [GC (Allocation Failure) 512644K->26676K(1169600K), 0.0009340 secs]
225.342: [GC (Allocation Failure) 496946K->26676K(1154560K), 0.0009470 secs]
225.569: [GC (Allocation Failure) 481898K->26774K(1140288K), 0.0009540 secs]
225.779: [GC (Allocation Failure) 467604K->26676K(1126400K), 0.0007110 secs]
225.988: [GC (Allocation Failure) 453666K->26676K(1113216K), 0.0006920 secs]
226.193: [GC (Allocation Failure) 440514K->26664K(1100608K), 0.0015110 secs]
226.393: [GC (Allocation Failure) 427918K->26680K(1088512K), 0.0012360 secs]
226.584: [GC (Allocation Failure) 415852K->26778K(1077056K), 0.0008320 secs]
226.767: [GC (Allocation Failure) 404350K->26680K(1065728K), 0.0006710 secs]
226.945: [GC (Allocation Failure) 393136K->26778K(1055168K), 0.0008210 secs]
227.120: [GC (Allocation Failure) 382532K->26879K(1254016K), 0.0009570 secs]
227.384: [GC (Allocation Failure) 581419K->26879K(1235200K), 0.0013120 secs]
227.642: [GC (Allocation Failure) 562528K->26977K(1217024K), 0.0010140 secs]
227.894: [GC (Allocation Failure) 544652K->27075K(1199936K), 0.0007920 secs]
228.143: [GC (Allocation Failure) 527631K->27156K(1183616K), 0.0015440 secs]
228.380: [GC (Allocation Failure) 511355K->27172K(1168000K), 0.0007280 secs]
228.609: [GC (Allocation Failure) 495641K->27270K(1152896K), 0.0010890 secs]
228.833: [GC (Allocation Failure) 480791K->27368K(1138688K), 0.0007650 secs]
229.047: [GC (Allocation Failure) 466533K->27368K(1124864K), 0.0009660 secs]
229.251: [GC (Allocation Failure) 452860K->27368K(1111744K), 0.0006950 secs]
229.461: [GC (Allocation Failure) 439782K->27449K(1099264K), 0.0013080 secs]
229.662: [GC (Allocation Failure) 427237K->27368K(1087168K), 0.0009660 secs]
229.851: [GC (Allocation Failure) 415166K->27465K(1075776K), 0.0009240 secs]
230.038: [GC (Allocation Failure) 403749K->27465K(1064704K), 0.0010220 secs]
230.219: [GC (Allocation Failure) 392633K->27368K(1053888K), 0.0006810 secs]
230.391: [GC (Allocation Failure) 381938K->27547K(1251968K), 0.0015490 secs]
230.656: [GC (Allocation Failure) 580097K->27563K(1233344K), 0.0009610 secs]
230.917: [GC (Allocation Failure) 561444K->27563K(1215488K), 0.0010320 secs]
231.173: [GC (Allocation Failure) 543584K->27661K(1198208K), 0.0008890 secs]
231.422: [GC (Allocation Failure) 526510K->27742K(1181952K), 0.0015260 secs]
231.665: [GC (Allocation Failure) 510344K->27758K(1166336K), 0.0009650 secs]
231.894: [GC (Allocation Failure) 494727K->27954K(1151616K), 0.0010230 secs]
232.114: [GC (Allocation Failure) 479998K->27758K(1137152K), 0.0007610 secs]
232.329: [GC (Allocation Failure) 465490K->27856K(1123648K), 0.0007590 secs]
232.529: [GC (Allocation Failure) 451967K->27742K(1110464K), 0.0010630 secs]
232.734: [GC (Allocation Failure) 438832K->27758K(1097920K), 0.0009630 secs]
232.931: [GC (Allocation Failure) 426347K->27856K(1086080K), 0.0009660 secs]
233.121: [GC (Allocation Failure) 414476K->27758K(1074496K), 0.0009900 secs]
233.309: [GC (Allocation Failure) 402877K->27758K(1063488K), 0.0009440 secs]
233.487: [GC (Allocation Failure) 391869K->27758K(1052928K), 0.0007200 secs]
233.660: [GC (Allocation Failure) 381331K->27856K(1249728K), 0.0015020 secs]
233.923: [GC (Allocation Failure) 578054K->27840K(1231040K), 0.0015700 secs]
234.181: [GC (Allocation Failure) 559471K->27758K(1213184K), 0.0007640 secs]
234.432: [GC (Allocation Failure) 541520K->27856K(1196352K), 0.0009960 secs]
234.682: [GC (Allocation Failure) 524731K->27758K(1179968K), 0.0009310 secs]
234.914: [GC (Allocation Failure) 508314K->27856K(1164608K), 0.0007290 secs]
235.141: [GC (Allocation Failure) 492968K->27856K(1149632K), 0.0007370 secs]
235.359: [GC (Allocation Failure) 478142K->27840K(1135424K), 0.0015360 secs]
235.570: [GC (Allocation Failure) 463904K->27856K(1121856K), 0.0007080 secs]
235.773: [GC (Allocation Failure) 450357K->27860K(1108864K), 0.0009890 secs]
235.970: [GC (Allocation Failure) 437342K->27860K(1096384K), 0.0009410 secs]
236.166: [GC (Allocation Failure) 424914K->27958K(1084608K), 0.0009730 secs]
236.355: [GC (Allocation Failure) 413027K->27860K(1072960K), 0.0008100 secs]
236.538: [GC (Allocation Failure) 401479K->28056K(1062208K), 0.0007100 secs]
236.720: [GC (Allocation Failure) 390712K->27958K(1051584K), 0.0009790 secs]
236.895: [GC (Allocation Failure) 380190K->28056K(1247680K), 0.0007170 secs]
237.163: [GC (Allocation Failure) 576230K->27942K(1229056K), 0.0015250 secs]
237.422: [GC (Allocation Failure) 557622K->28056K(1211520K), 0.0008290 secs]
237.674: [GC (Allocation Failure) 540120K->28056K(1194496K), 0.0008290 secs]
237.915: [GC (Allocation Failure) 523167K->28056K(1178368K), 0.0007100 secs]
238.150: [GC (Allocation Failure) 507026K->28153K(1163072K), 0.0007060 secs]
238.374: [GC (Allocation Failure) 491695K->28157K(1148288K), 0.0007480 secs]
238.593: [GC (Allocation Failure) 476966K->28255K(1133952K), 0.0010740 secs]
238.808: [GC (Allocation Failure) 462929K->28450K(1120640K), 0.0010080 secs]
239.022: [GC (Allocation Failure) 449572K->28450K(1107712K), 0.0009270 secs]
239.222: [GC (Allocation Failure) 436684K->28353K(1095168K), 0.0008130 secs]
239.414: [GC (Allocation Failure) 424103K->28357K(1083264K), 0.0007160 secs]
239.601: [GC (Allocation Failure) 412232K->28454K(1072000K), 0.0007690 secs]
239.781: [GC (Allocation Failure) 400994K->28454K(1060992K), 0.0009800 secs]
239.956: [GC (Allocation Failure) 390103K->28454K(1050560K), 0.0009980 secs]
240.128: [GC (Allocation Failure) 379606K->28454K(1245312K), 0.0012430 secs]
240.395: [GC (Allocation Failure) 574342K->28454K(1226880K), 0.0008100 secs]
240.652: [GC (Allocation Failure) 555937K->28556K(1209408K), 0.0008330 secs]
240.902: [GC (Allocation Failure) 538482K->28556K(1192576K), 0.0007400 secs]
241.146: [GC (Allocation Failure) 521596K->28540K(1176256K), 0.0017290 secs]
241.382: [GC (Allocation Failure) 505524K->28654K(1161024K), 0.0006940 secs]
241.603: [GC (Allocation Failure) 490304K->28751K(1146432K), 0.0007290 secs]
241.819: [GC (Allocation Failure) 475684K->28654K(1132224K), 0.0007540 secs]
242.029: [GC (Allocation Failure) 461455K->28751K(1118784K), 0.0007370 secs]
242.231: [GC (Allocation Failure) 448207K->28751K(1105920K), 0.0007180 secs]
242.432: [GC (Allocation Failure) 435315K->28751K(1093568K), 0.0009220 secs]
242.629: [GC (Allocation Failure) 422939K->28755K(1081792K), 0.0009420 secs]
242.816: [GC (Allocation Failure) 411135K->28739K(1070464K), 0.0010970 secs]
242.999: [GC (Allocation Failure) 399827K->28837K(1059712K), 0.0016300 secs]
243.176: [GC (Allocation Failure) 389114K->28755K(1049280K), 0.0009690 secs]
243.346: [GC (Allocation Failure) 378624K->28853K(1243584K), 0.0007300 secs]
243.616: [GC (Allocation Failure) 572969K->28853K(1225088K), 0.0008090 secs]
243.870: [GC (Allocation Failure) 554662K->29032K(1207680K), 0.0015880 secs]
244.119: [GC (Allocation Failure) 537285K->28951K(1190912K), 0.0007180 secs]
244.359: [GC (Allocation Failure) 520494K->29052K(1175040K), 0.0007530 secs]
244.584: [GC (Allocation Failure) 504567K->29150K(1159616K), 0.0009100 secs]
244.810: [GC (Allocation Failure) 489355K->29252K(1145088K), 0.0010610 secs]
245.027: [GC (Allocation Failure) 474831K->29236K(1131008K), 0.0015890 secs]
245.236: [GC (Allocation Failure) 460811K->29252K(1117696K), 0.0007380 secs]
245.439: [GC (Allocation Failure) 447409K->29236K(1104768K), 0.0011200 secs]
245.642: [GC (Allocation Failure) 434625K->29353K(1092608K), 0.0007260 secs]
245.839: [GC (Allocation Failure) 422467K->29256K(1080704K), 0.0007210 secs]
246.020: [GC (Allocation Failure) 410543K->29353K(1069568K), 0.0008060 secs]
246.198: [GC (Allocation Failure) 399460K->29240K(1058624K), 0.0015690 secs]
246.371: [GC (Allocation Failure) 388529K->29353K(1048384K), 0.0007470 secs]
246.545: [GC (Allocation Failure) 378247K->29256K(1241344K), 0.0007090 secs]
246.810: [GC (Allocation Failure) 571185K->29256K(1223104K), 0.0007260 secs]
247.069: [GC (Allocation Failure) 552960K->29256K(1205696K), 0.0008350 secs]
247.318: [GC (Allocation Failure) 535588K->29337K(1189120K), 0.0015960 secs]
247.565: [GC (Allocation Failure) 519036K->29353K(1173248K), 0.0007210 secs]
247.796: [GC (Allocation Failure) 503084K->29353K(1158016K), 0.0010100 secs]
248.023: [GC (Allocation Failure) 487910K->29256K(1143296K), 0.0006770 secs]
248.238: [GC (Allocation Failure) 473239K->29451K(1129536K), 0.0007260 secs]
248.445: [GC (Allocation Failure) 459482K->29353K(1116096K), 0.0007510 secs]
248.645: [GC (Allocation Failure) 446120K->29353K(1103360K), 0.0007380 secs]
248.838: [GC (Allocation Failure) 433335K->29353K(1091136K), 0.0009730 secs]
249.035: [GC (Allocation Failure) 421094K->29439K(1079488K), 0.0011120 secs]
249.216: [GC (Allocation Failure) 409458K->29455K(1068352K), 0.0009660 secs]
249.395: [GC (Allocation Failure) 398278K->29455K(1057600K), 0.0008670 secs]
249.568: [GC (Allocation Failure) 387560K->29357K(1239232K), 0.0007170 secs]
249.830: [GC (Allocation Failure) 569231K->29537K(1221248K), 0.0011060 secs]
250.083: [GC (Allocation Failure) 551337K->29459K(1203840K), 0.0008330 secs]
250.330: [GC (Allocation Failure) 533911K->29443K(1187264K), 0.0015850 secs]
250.568: [GC (Allocation Failure) 517282K->29658K(1171648K), 0.0010900 secs]
250.794: [GC (Allocation Failure) 501729K->29463K(1156288K), 0.0009980 secs]
251.022: [GC (Allocation Failure) 486331K->29463K(1141824K), 0.0009640 secs]
251.240: [GC (Allocation Failure) 471869K->29561K(1128064K), 0.0008480 secs]
251.453: [GC (Allocation Failure) 458125K->29561K(1114688K), 0.0007540 secs]
251.655: [GC (Allocation Failure) 444839K->29545K(1102016K), 0.0016030 secs]
251.854: [GC (Allocation Failure) 432178K->29561K(1089856K), 0.0007230 secs]
252.046: [GC (Allocation Failure) 420087K->29756K(1078400K), 0.0011710 secs]
252.228: [GC (Allocation Failure) 408590K->29658K(1067072K), 0.0007270 secs]
252.410: [GC (Allocation Failure) 397317K->29760K(1056512K), 0.0007440 secs]
252.582: [GC (Allocation Failure) 386778K->29744K(1237184K), 0.0011060 secs]
252.841: [GC (Allocation Failure) 567488K->29666K(1219072K), 0.0010300 secs]
253.095: [GC (Allocation Failure) 549401K->29666K(1201856K), 0.0008970 secs]
253.339: [GC (Allocation Failure) 532101K->29666K(1185408K), 0.0007390 secs]
253.577: [GC (Allocation Failure) 515710K->29764K(1169792K), 0.0009830 secs]
253.804: [GC (Allocation Failure) 500076K->29666K(1154624K), 0.0007500 secs]
254.022: [GC (Allocation Failure) 484951K->29666K(1140224K), 0.0009670 secs]
254.235: [GC (Allocation Failure) 470536K->29764K(1126592K), 0.0007540 secs]
254.443: [GC (Allocation Failure) 456899K->29666K(1113280K), 0.0007160 secs]
254.644: [GC (Allocation Failure) 443572K->29768K(1100800K), 0.0009010 secs]
254.849: [GC (Allocation Failure) 431040K->29866K(1088576K), 0.0011440 secs]
255.045: [GC (Allocation Failure) 419042K->29866K(1076992K), 0.0010080 secs]
255.227: [GC (Allocation Failure) 407432K->29963K(1065984K), 0.0008700 secs]
255.403: [GC (Allocation Failure) 396414K->29963K(1055360K), 0.0010170 secs]
255.579: [GC (Allocation Failure) 385841K->30061K(1234944K), 0.0007860 secs]
255.842: [GC (Allocation Failure) 565652K->30159K(1217088K), 0.0008390 secs]
256.089: [GC (Allocation Failure) 547830K->30256K(1200064K), 0.0007420 secs]
256.334: [GC (Allocation Failure) 530838K->30159K(1183552K), 0.0010030 secs]
256.569: [GC (Allocation Failure) 514357K->30163K(1167872K), 0.0009150 secs]
256.792: [GC (Allocation Failure) 498700K->30260K(1153024K), 0.0008730 secs]
257.019: [GC (Allocation Failure) 483795K->30260K(1138560K), 0.0007630 secs]
257.235: [GC (Allocation Failure) 469451K->30342K(1124928K), 0.0016360 secs]
257.449: [GC (Allocation Failure) 455869K->30260K(1111744K), 0.0007470 secs]
257.647: [GC (Allocation Failure) 442596K->30358K(1099328K), 0.0007430 secs]
257.844: [GC (Allocation Failure) 430216K->30358K(1087168K), 0.0007520 secs]
258.031: [GC (Allocation Failure) 418156K->30358K(1075648K), 0.0007330 secs]
258.214: [GC (Allocation Failure) 406619K->30358K(1064576K), 0.0008260 secs]
258.393: [GC (Allocation Failure) 395561K->30456K(1054080K), 0.0008840 secs]
258.566: [GC (Allocation Failure) 385043K->30362K(1232960K), 0.0008210 secs]
258.831: [GC (Allocation Failure) 563955K->30460K(1215232K), 0.0007500 secs]
259.081: [GC (Allocation Failure) 546186K->30366K(1198016K), 0.0008190 secs]
259.322: [GC (Allocation Failure) 528973K->30448K(1181760K), 0.0011310 secs]
259.556: [GC (Allocation Failure) 512792K->30464K(1166208K), 0.0008680 secs]
259.784: [GC (Allocation Failure) 497153K->30366K(1151168K), 0.0007480 secs]
260.002: [GC (Allocation Failure) 482126K->30366K(1136896K), 0.0007900 secs]
260.216: [GC (Allocation Failure) 467892K->30464K(1123392K), 0.0010250 secs]
260.424: [GC (Allocation Failure) 454307K->30464K(1110208K), 0.0008550 secs]
260.623: [GC (Allocation Failure) 441334K->30561K(1097856K), 0.0007430 secs]
260.820: [GC (Allocation Failure) 428960K->30464K(1085760K), 0.0007190 secs]
261.005: [GC (Allocation Failure) 416872K->30561K(1074432K), 0.0010100 secs]
261.185: [GC (Allocation Failure) 405464K->30561K(1063296K), 0.0007550 secs]
261.362: [GC (Allocation Failure) 394463K->30643K(1052800K), 0.0016400 secs]
261.540: [GC (Allocation Failure) 384042K->30561K(1231040K), 0.0007430 secs]
261.801: [GC (Allocation Failure) 562213K->30659K(1213376K), 0.0010070 secs]
262.057: [GC (Allocation Failure) 544533K->30761K(1196288K), 0.0011360 secs]
262.301: [GC (Allocation Failure) 527709K->30858K(1180160K), 0.0007570 secs]
262.534: [GC (Allocation Failure) 511521K->30842K(1164544K), 0.0010970 secs]
262.757: [GC (Allocation Failure) 495966K->30858K(1149760K), 0.0007700 secs]
262.981: [GC (Allocation Failure) 481159K->30761K(1135424K), 0.0007160 secs]
263.195: [GC (Allocation Failure) 466804K->30858K(1121984K), 0.0011080 secs]
263.396: [GC (Allocation Failure) 453301K->30761K(1108864K), 0.0011940 secs]
263.597: [GC (Allocation Failure) 440264K->30745K(1096384K), 0.0016400 secs]
263.789: [GC (Allocation Failure) 427771K->30842K(1084544K), 0.0016620 secs]
263.976: [GC (Allocation Failure) 415975K->30862K(1073152K), 0.0010300 secs]
264.162: [GC (Allocation Failure) 404514K->30749K(1062080K), 0.0010750 secs]
264.339: [GC (Allocation Failure) 393490K->30765K(1051584K), 0.0007380 secs]
264.512: [GC (Allocation Failure) 382996K->30866K(1229376K), 0.0010150 secs]
264.774: [GC (Allocation Failure) 560744K->30769K(1211584K), 0.0007420 secs]
265.028: [GC (Allocation Failure) 542964K->30964K(1194688K), 0.0011490 secs]
265.277: [GC (Allocation Failure) 526268K->30964K(1178496K), 0.0010210 secs]
265.516: [GC (Allocation Failure) 510057K->31159K(1163264K), 0.0012370 secs]
265.742: [GC (Allocation Failure) 494902K->30964K(1148288K), 0.0007410 secs]
265.955: [GC (Allocation Failure) 479838K->31062K(1134144K), 0.0007370 secs]
266.168: [GC (Allocation Failure) 465816K->31050K(1120640K), 0.0011700 secs]
266.377: [GC (Allocation Failure) 452268K->31163K(1107840K), 0.0007450 secs]
266.571: [GC (Allocation Failure) 439483K->31163K(1095424K), 0.0007600 secs]
266.766: [GC (Allocation Failure) 427105K->31261K(1083328K), 0.0011070 secs]
266.953: [GC (Allocation Failure) 415229K->31456K(1072128K), 0.0010490 secs]
267.136: [GC (Allocation Failure) 404102K->31343K(1061120K), 0.0016550 secs]
267.316: [GC (Allocation Failure) 393107K->31359K(1050688K), 0.0007440 secs]
267.484: [GC (Allocation Failure) 382692K->31343K(1227072K), 0.0016690 secs]
267.738: [GC (Allocation Failure) 559066K->31456K(1209600K), 0.0007560 secs]
267.984: [GC (Allocation Failure) 541549K->31456K(1192640K), 0.0008180 secs]
268.229: [GC (Allocation Failure) 524699K->31538K(1176640K), 0.0013710 secs]
268.462: [GC (Allocation Failure) 508766K->31440K(1161216K), 0.0008940 secs]
268.689: [GC (Allocation Failure) 493318K->31554K(1146624K), 0.0009180 secs]
268.903: [GC (Allocation Failure) 478674K->31456K(1132416K), 0.0010090 secs]
269.116: [GC (Allocation Failure) 464458K->31554K(1119104K), 0.0007710 secs]
269.316: [GC (Allocation Failure) 451160K->31456K(1106112K), 0.0008410 secs]
269.520: [GC (Allocation Failure) 438184K->31456K(1093760K), 0.0007700 secs]
269.711: [GC (Allocation Failure) 425841K->31460K(1081920K), 0.0008450 secs]
269.898: [GC (Allocation Failure) 414037K->31460K(1070592K), 0.0007460 secs]
270.085: [GC (Allocation Failure) 402665K->31460K(1059776K), 0.0010160 secs]
270.260: [GC (Allocation Failure) 391846K->31460K(1049344K), 0.0008810 secs]
270.427: [GC (Allocation Failure) 381404K->31460K(1225088K), 0.0007260 secs]
270.683: [GC (Allocation Failure) 557220K->31558K(1207680K), 0.0010150 secs]
270.938: [GC (Allocation Failure) 539718K->31656K(1190784K), 0.0010850 secs]
271.184: [GC (Allocation Failure) 523130K->31851K(1174976K), 0.0010110 secs]
271.406: [GC (Allocation Failure) 507358K->31851K(1159680K), 0.0006920 secs]
271.632: [GC (Allocation Failure) 491981K->31753K(1144896K), 0.0007650 secs]
271.849: [GC (Allocation Failure) 477232K->31753K(1130880K), 0.0008120 secs]
272.059: [GC (Allocation Failure) 463283K->31851K(1117632K), 0.0008260 secs]
272.264: [GC (Allocation Failure) 449999K->31753K(1104704K), 0.0007480 secs]
272.459: [GC (Allocation Failure) 437115K->31753K(1092416K), 0.0010050 secs]
272.653: [GC (Allocation Failure) 424747K->31851K(1080768K), 0.0007940 secs]
272.842: [GC (Allocation Failure) 413130K->31835K(1069440K), 0.0016920 secs]
273.025: [GC (Allocation Failure) 401855K->31851K(1058560K), 0.0007430 secs]
273.201: [GC (Allocation Failure) 391041K->31949K(1048320K), 0.0009680 secs]
273.372: [GC (Allocation Failure) 380717K->31949K(1223168K), 0.0010330 secs]
273.627: [GC (Allocation Failure) 555784K->32046K(1205888K), 0.0010040 secs]
273.873: [GC (Allocation Failure) 538431K->32144K(1189120K), 0.0011630 secs]
274.112: [GC (Allocation Failure) 521894K->32132K(1173184K), 0.0017050 secs]
274.345: [GC (Allocation Failure) 505916K->32148K(1157952K), 0.0008690 secs]
274.571: [GC (Allocation Failure) 490682K->32246K(1143552K), 0.0007530 secs]
274.786: [GC (Allocation Failure) 476328K->32343K(1129472K), 0.0011370 secs]
275.001: [GC (Allocation Failure) 462405K->32343K(1116160K), 0.0012340 secs]
275.202: [GC (Allocation Failure) 449143K->32441K(1103552K), 0.0007570 secs]
275.396: [GC (Allocation Failure) 436505K->32441K(1091328K), 0.0010800 secs]
275.585: [GC (Allocation Failure) 424262K->32539K(1079424K), 0.0011210 secs]
275.770: [GC (Allocation Failure) 412671K->32636K(1068288K), 0.0007410 secs]
275.957: [GC (Allocation Failure) 401583K->32734K(1057664K), 0.0010240 secs]
276.136: [GC (Allocation Failure) 390942K->32734K(1221632K), 0.0007780 secs]
276.394: [GC (Allocation Failure) 554822K->32832K(1204096K), 0.0008040 secs]
276.633: [GC (Allocation Failure) 537636K->33011K(1187648K), 0.0017370 secs]
276.875: [GC (Allocation Failure) 521230K->32933K(1171712K), 0.0007570 secs]
277.110: [GC (Allocation Failure) 505243K->33031K(1156672K), 0.0010520 secs]
277.329: [GC (Allocation Failure) 490182K->32933K(1142016K), 0.0010220 secs]
277.546: [GC (Allocation Failure) 475538K->33015K(1128192K), 0.0011610 secs]
277.759: [GC (Allocation Failure) 461804K->33031K(1115008K), 0.0009930 secs]
277.966: [GC (Allocation Failure) 448520K->32937K(1102144K), 0.0010550 secs]
278.161: [GC (Allocation Failure) 435659K->33035K(1089984K), 0.0008020 secs]
278.354: [GC (Allocation Failure) 423603K->33035K(1078336K), 0.0010370 secs]
278.539: [GC (Allocation Failure) 411989K->33133K(1067264K), 0.0007740 secs]
278.719: [GC (Allocation Failure) 400887K->33019K(1056448K), 0.0008900 secs]
278.897: [GC (Allocation Failure) 390086K->33035K(1219392K), 0.0007530 secs]
279.149: [GC (Allocation Failure) 553060K->33133K(1202240K), 0.0007740 secs]
279.394: [GC (Allocation Failure) 535893K->33035K(1185600K), 0.0007350 secs]
279.634: [GC (Allocation Failure) 519291K->33117K(1169920K), 0.0011670 secs]
279.865: [GC (Allocation Failure) 503579K->33117K(1154816K), 0.0011740 secs]
280.081: [GC (Allocation Failure) 488454K->33019K(1140352K), 0.0017670 secs]
280.299: [GC (Allocation Failure) 473971K->33019K(1126528K), 0.0016780 secs]
280.509: [GC (Allocation Failure) 460201K->33035K(1113344K), 0.0007710 secs]
280.711: [GC (Allocation Failure) 446954K->33133K(1100800K), 0.0010630 secs]
280.910: [GC (Allocation Failure) 434473K->33035K(1088576K), 0.0010380 secs]
281.106: [GC (Allocation Failure) 422210K->33230K(1076992K), 0.0014580 secs]
281.291: [GC (Allocation Failure) 410817K->33230K(1065856K), 0.0007630 secs]
281.471: [GC (Allocation Failure) 399664K->33230K(1055232K), 0.0007490 secs]
281.639: [GC (Allocation Failure) 389070K->33230K(1217664K), 0.0007560 secs]
281.893: [GC (Allocation Failure) 551565K->33230K(1200512K), 0.0010020 secs]
282.139: [GC (Allocation Failure) 534327K->33230K(1184064K), 0.0010350 secs]
282.381: [GC (Allocation Failure) 517914K->33426K(1168384K), 0.0011840 secs]
282.607: [GC (Allocation Failure) 502462K->33523K(1153472K), 0.0010600 secs]
282.831: [GC (Allocation Failure) 487449K->33621K(1138944K), 0.0009520 secs]
283.043: [GC (Allocation Failure) 473272K->33723K(1125248K), 0.0007680 secs]
283.254: [GC (Allocation Failure) 459626K->33820K(1112256K), 0.0008510 secs]
283.455: [GC (Allocation Failure) 446585K->33723K(1099520K), 0.0007740 secs]
283.651: [GC (Allocation Failure) 433885K->33918K(1087424K), 0.0009290 secs]
283.844: [GC (Allocation Failure) 422003K->34113K(1076096K), 0.0007940 secs]
284.027: [GC (Allocation Failure) 410709K->34016K(1064896K), 0.0008290 secs]
284.204: [GC (Allocation Failure) 399580K->34113K(1054400K), 0.0009160 secs]
284.379: [GC (Allocation Failure) 388981K->34211K(1216000K), 0.0008280 secs]
284.628: [GC (Allocation Failure) 550893K->34309K(1198976K), 0.0010480 secs]
284.872: [GC (Allocation Failure) 533893K->34407K(1182720K), 0.0010480 secs]
285.109: [GC (Allocation Failure) 517627K->34407K(1167104K), 0.0007890 secs]
285.339: [GC (Allocation Failure) 502015K->34309K(1151936K), 0.0010150 secs]
285.562: [GC (Allocation Failure) 486951K->34488K(1137792K), 0.0017270 secs]
285.781: [GC (Allocation Failure) 472870K->34504K(1124160K), 0.0007620 secs]
285.987: [GC (Allocation Failure) 459160K->34504K(1111040K), 0.0008040 secs]
286.190: [GC (Allocation Failure) 446001K->34602K(1098304K), 0.0011230 secs]
286.392: [GC (Allocation Failure) 433633K->34700K(1086336K), 0.0010470 secs]
286.584: [GC (Allocation Failure) 421696K->34781K(1074880K), 0.0011890 secs]
286.769: [GC (Allocation Failure) 410226K->34700K(1063808K), 0.0007860 secs]
286.948: [GC (Allocation Failure) 399171K->34704K(1053248K), 0.0010400 secs]
287.124: [GC (Allocation Failure) 388596K->34704K(1214400K), 0.0010690 secs]
287.377: [GC (Allocation Failure) 549726K->34708K(1197376K), 0.0009110 secs]
287.623: [GC (Allocation Failure) 532720K->34805K(1181248K), 0.0007940 secs]
287.857: [GC (Allocation Failure) 516548K->34708K(1165568K), 0.0010460 secs]
288.081: [GC (Allocation Failure) 500874K->34809K(1150784K), 0.0009200 secs]
288.307: [GC (Allocation Failure) 486090K->34712K(1136384K), 0.0007660 secs]
288.523: [GC (Allocation Failure) 471733K->34716K(1122752K), 0.0010450 secs]
288.729: [GC (Allocation Failure) 458064K->34813K(1109824K), 0.0007890 secs]
288.929: [GC (Allocation Failure) 445096K->34813K(1097344K), 0.0012860 secs]
289.124: [GC (Allocation Failure) 432638K->34716K(1085184K), 0.0010250 secs]
289.308: [GC (Allocation Failure) 420606K->34797K(1073792K), 0.0017420 secs]
289.492: [GC (Allocation Failure) 409243K->34895K(1062848K), 0.0017650 secs]
289.668: [GC (Allocation Failure) 398312K->34813K(1052288K), 0.0008090 secs]
289.838: [GC (Allocation Failure) 387704K->34813K(1212288K), 0.0007760 secs]
290.091: [GC (Allocation Failure) 547717K->34797K(1195328K), 0.0017620 secs]
290.337: [GC (Allocation Failure) 530759K->34813K(1179136K), 0.0007690 secs]
290.574: [GC (Allocation Failure) 514539K->34915K(1163776K), 0.0008130 secs]
290.801: [GC (Allocation Failure) 499172K->34915K(1148800K), 0.0011890 secs]
291.022: [GC (Allocation Failure) 484424K->35110K(1134848K), 0.0010820 secs]
291.236: [GC (Allocation Failure) 470441K->35017K(1121152K), 0.0007770 secs]
291.443: [GC (Allocation Failure) 456803K->35098K(1108224K), 0.0017640 secs]
291.650: [GC (Allocation Failure) 443871K->35114K(1095872K), 0.0010320 secs]
291.839: [GC (Allocation Failure) 431459K->35114K(1083968K), 0.0008010 secs]
292.023: [GC (Allocation Failure) 419555K->35017K(1072384K), 0.0007370 secs]
292.205: [GC (Allocation Failure) 408070K->35212K(1061632K), 0.0008960 secs]
292.378: [GC (Allocation Failure) 397379K->35196K(1051072K), 0.0017470 secs]
292.554: [GC (Allocation Failure) 386861K->35114K(1210752K), 0.0010680 secs]
292.807: [GC (Allocation Failure) 546453K->35114K(1193856K), 0.0007750 secs]
293.051: [GC (Allocation Failure) 529629K->35212K(1177856K), 0.0007940 secs]
293.284: [GC (Allocation Failure) 513594K->35098K(1162304K), 0.0017440 secs]
293.512: [GC (Allocation Failure) 498034K->35098K(1147584K), 0.0017710 secs]
293.733: [GC (Allocation Failure) 483313K->35114K(1133504K), 0.0010080 secs]
293.945: [GC (Allocation Failure) 469199K->35114K(1120000K), 0.0012740 secs]
294.148: [GC (Allocation Failure) 455711K->35212K(1107200K), 0.0007840 secs]
294.350: [GC (Allocation Failure) 442941K->35212K(1094848K), 0.0009310 secs]
294.547: [GC (Allocation Failure) 430560K->35310K(1082816K), 0.0008240 secs]
294.733: [GC (Allocation Failure) 418856K->35505K(1071680K), 0.0009200 secs]
294.918: [GC (Allocation Failure) 407680K->35505K(1060800K), 0.0010290 secs]
295.096: [GC (Allocation Failure) 396767K->35407K(1050240K), 0.0011010 secs]
295.270: [GC (Allocation Failure) 386280K->35505K(1208640K), 0.0010550 secs]
295.517: [GC (Allocation Failure) 544759K->35505K(1191872K), 0.0009080 secs]
295.760: [GC (Allocation Failure) 528034K->35603K(1175936K), 0.0010920 secs]
295.995: [GC (Allocation Failure) 512057K->35700K(1160640K), 0.0011740 secs]
296.222: [GC (Allocation Failure) 496770K->35700K(1145600K), 0.0008700 secs]
296.450: [GC (Allocation Failure) 482158K->35993K(1132032K), 0.0007460 secs]
296.656: [GC (Allocation Failure) 468356K->35896K(1118336K), 0.0007980 secs]
296.863: [GC (Allocation Failure) 454807K->35896K(1105472K), 0.0007850 secs]
297.059: [GC (Allocation Failure) 441964K->35993K(1093312K), 0.0010920 secs]
297.249: [GC (Allocation Failure) 429792K->35993K(1081536K), 0.0011430 secs]
297.434: [GC (Allocation Failure) 418013K->36091K(1070080K), 0.0010500 secs]
297.618: [GC (Allocation Failure) 406784K->36079K(1059264K), 0.0017550 secs]
297.794: [GC (Allocation Failure) 395970K->36193K(1049024K), 0.0010780 secs]
297.968: [GC (Allocation Failure) 385665K->36095K(1206656K), 0.0011180 secs]
298.214: [GC (Allocation Failure) 543362K->36197K(1190080K), 0.0009090 secs]
298.454: [GC (Allocation Failure) 526746K->36099K(1174016K), 0.0009040 secs]
298.686: [GC (Allocation Failure) 510693K->36099K(1158784K), 0.0008850 secs]
298.914: [GC (Allocation Failure) 495530K->36099K(1144192K), 0.0008990 secs]
299.142: [GC (Allocation Failure) 480904K->36294K(1130432K), 0.0012060 secs]
299.350: [GC (Allocation Failure) 467191K->36197K(1116992K), 0.0008190 secs]
299.558: [GC (Allocation Failure) 453664K->36083K(1104064K), 0.0017140 secs]
299.749: [GC (Allocation Failure) 440758K->36197K(1091968K), 0.0010930 secs]
299.948: [GC (Allocation Failure) 428704K->36099K(1080128K), 0.0008040 secs]
300.139: [GC (Allocation Failure) 416849K->36197K(1068992K), 0.0008100 secs]
300.321: [GC (Allocation Failure) 405720K->36087K(1058112K), 0.0017920 secs]
300.495: [GC (Allocation Failure) 394793K->36201K(1204928K), 0.0007770 secs]
300.741: [GC (Allocation Failure) 541617K->36205K(1188160K), 0.0009180 secs]
300.981: [GC (Allocation Failure) 525008K->36205K(1172288K), 0.0007840 secs]
301.214: [GC (Allocation Failure) 509135K->36302K(1157248K), 0.0007810 secs]
301.434: [GC (Allocation Failure) 494014K->36302K(1142720K), 0.0008100 secs]
301.651: [GC (Allocation Failure) 479527K->36400K(1128640K), 0.0011430 secs]
301.863: [GC (Allocation Failure) 465761K->36595K(1115520K), 0.0010750 secs]
302.072: [GC (Allocation Failure) 452610K->36579K(1102720K), 0.0018250 secs]
302.271: [GC (Allocation Failure) 439899K->36498K(1090496K), 0.0007840 secs]
302.461: [GC (Allocation Failure) 427629K->36595K(1078976K), 0.0009040 secs]
302.650: [GC (Allocation Failure) 416038K->36595K(1067776K), 0.0007940 secs]
302.828: [GC (Allocation Failure) 404842K->36697K(1056832K), 0.0010330 secs]
303.003: [GC (Allocation Failure) 394222K->36795K(1203072K), 0.0007760 secs]
303.252: [GC (Allocation Failure) 540451K->36795K(1186560K), 0.0007980 secs]
303.485: [GC (Allocation Failure) 524027K->36892K(1170880K), 0.0011160 secs]
303.715: [GC (Allocation Failure) 508301K->36892K(1155648K), 0.0007820 secs]
303.946: [GC (Allocation Failure) 493118K->36892K(1141184K), 0.0010870 secs]
304.162: [GC (Allocation Failure) 478697K->36974K(1127424K), 0.0009080 secs]
304.369: [GC (Allocation Failure) 464920K->36994K(1114240K), 0.0009690 secs]
304.575: [GC (Allocation Failure) 451707K->36896K(1101440K), 0.0010300 secs]
304.780: [GC (Allocation Failure) 438931K->36896K(1089280K), 0.0010980 secs]
304.973: [GC (Allocation Failure) 426818K->36994K(1077760K), 0.0011090 secs]
305.158: [GC (Allocation Failure) 415257K->36998K(1066624K), 0.0011190 secs]
305.335: [GC (Allocation Failure) 404159K->36884K(1055680K), 0.0018090 secs]
305.517: [GC (Allocation Failure) 393345K->36998K(1201408K), 0.0011040 secs]
305.760: [GC (Allocation Failure) 539053K->36998K(1184960K), 0.0007870 secs]
306.000: [GC (Allocation Failure) 522535K->37002K(1169216K), 0.0007920 secs]
306.226: [GC (Allocation Failure) 506839K->36986K(1154176K), 0.0017990 secs]
306.455: [GC (Allocation Failure) 491765K->37100K(1139904K), 0.0009360 secs]
306.675: [GC (Allocation Failure) 477470K->37104K(1126016K), 0.0008240 secs]
306.884: [GC (Allocation Failure) 463704K->37201K(1112960K), 0.0008070 secs]
307.088: [GC (Allocation Failure) 450613K->37299K(1100224K), 0.0012210 secs]
307.285: [GC (Allocation Failure) 438178K->37397K(1088256K), 0.0008670 secs]
307.474: [GC (Allocation Failure) 426195K->37299K(1076544K), 0.0010660 secs]
307.664: [GC (Allocation Failure) 414422K->37299K(1065472K), 0.0008260 secs]
307.843: [GC (Allocation Failure) 403360K->37299K(1054848K), 0.0011040 secs]
308.016: [GC (Allocation Failure) 392759K->37299K(1199744K), 0.0007980 secs]
308.263: [GC (Allocation Failure) 537706K->37494K(1183360K), 0.0012190 secs]
308.499: [GC (Allocation Failure) 521479K->37592K(1167808K), 0.0010950 secs]
308.728: [GC (Allocation Failure) 505936K->37494K(1152640K), 0.0008970 secs]
308.956: [GC (Allocation Failure) 490841K->37592K(1138368K), 0.0010830 secs]
309.175: [GC (Allocation Failure) 476586K->37592K(1124672K), 0.0009050 secs]
309.380: [GC (Allocation Failure) 462913K->37690K(1111680K), 0.0008260 secs]
309.580: [GC (Allocation Failure) 449864K->37592K(1098944K), 0.0008930 secs]
309.778: [GC (Allocation Failure) 437267K->37690K(1086976K), 0.0007850 secs]
309.967: [GC (Allocation Failure) 425262K->37787K(1075584K), 0.0007600 secs]
310.151: [GC (Allocation Failure) 413861K->37787K(1064512K), 0.0008140 secs]
310.326: [GC (Allocation Failure) 402797K->37690K(1053760K), 0.0007520 secs]
310.502: [GC (Allocation Failure) 392181K->37787K(1198272K), 0.0007940 secs]
310.744: [GC (Allocation Failure) 536722K->37791K(1181952K), 0.0008110 secs]
310.982: [GC (Allocation Failure) 520393K->37791K(1166336K), 0.0010880 secs]
311.210: [GC (Allocation Failure) 504786K->37889K(1151552K), 0.0010520 secs]
311.433: [GC (Allocation Failure) 489947K->37791K(1137152K), 0.0011090 secs]
311.650: [GC (Allocation Failure) 475605K->37791K(1123520K), 0.0007830 secs]
311.854: [GC (Allocation Failure) 461934K->37893K(1110592K), 0.0008040 secs]
312.058: [GC (Allocation Failure) 448960K->37893K(1097856K), 0.0008050 secs]
312.253: [GC (Allocation Failure) 436397K->38088K(1086080K), 0.0008140 secs]
312.444: [GC (Allocation Failure) 424692K->37991K(1074496K), 0.0007870 secs]
312.620: [GC (Allocation Failure) 413084K->37991K(1063488K), 0.0008130 secs]
312.798: [GC (Allocation Failure) 402094K->37991K(1052928K), 0.0007910 secs]
312.971: [GC (Allocation Failure) 391578K->38092K(1196800K), 0.0008200 secs]
313.214: [GC (Allocation Failure) 535343K->37995K(1180352K), 0.0010450 secs]
313.454: [GC (Allocation Failure) 519064K->38076K(1164864K), 0.0012160 secs]
313.674: [GC (Allocation Failure) 503562K->38096K(1150016K), 0.0007960 secs]
313.896: [GC (Allocation Failure) 488754K->38194K(1135936K), 0.0008190 secs]
314.110: [GC (Allocation Failure) 474649K->38292K(1122112K), 0.0008660 secs]
314.318: [GC (Allocation Failure) 461059K->38389K(1109184K), 0.0018740 secs]
314.520: [GC (Allocation Failure) 448166K->38487K(1096832K), 0.0007970 secs]
314.713: [GC (Allocation Failure) 435829K->38487K(1084864K), 0.0011090 secs]
314.903: [GC (Allocation Failure) 423893K->38393K(1073216K), 0.0007650 secs]
315.087: [GC (Allocation Failure) 412343K->38491K(1062336K), 0.0010740 secs]
315.263: [GC (Allocation Failure) 401412K->38491K(1051840K), 0.0008120 secs]
315.436: [GC (Allocation Failure) 390940K->38589K(1195200K), 0.0011570 secs]
315.678: [GC (Allocation Failure) 534271K->38491K(1178880K), 0.0010940 secs]
315.911: [GC (Allocation Failure) 517964K->38589K(1163520K), 0.0008530 secs]
316.139: [GC (Allocation Failure) 502616K->38593K(1148608K), 0.0011400 secs]
316.354: [GC (Allocation Failure) 487860K->38577K(1134464K), 0.0018360 secs]
316.568: [GC (Allocation Failure) 473645K->38581K(1120896K), 0.0019170 secs]
316.776: [GC (Allocation Failure) 460080K->38597K(1107904K), 0.0011060 secs]
316.980: [GC (Allocation Failure) 447115K->38597K(1095488K), 0.0007990 secs]
317.174: [GC (Allocation Failure) 434666K->38694K(1083712K), 0.0011240 secs]
317.356: [GC (Allocation Failure) 422928K->38601K(1072128K), 0.0007730 secs]
317.535: [GC (Allocation Failure) 411452K->38796K(1061376K), 0.0008120 secs]
317.715: [GC (Allocation Failure) 400636K->38698K(1050816K), 0.0008000 secs]
317.885: [GC (Allocation Failure) 390140K->38796K(1193600K), 0.0008370 secs]
318.128: [GC (Allocation Failure) 532908K->38698K(1177344K), 0.0016440 secs]
318.362: [GC (Allocation Failure) 516707K->38784K(1161984K), 0.0014270 secs]
318.589: [GC (Allocation Failure) 501369K->38800K(1147328K), 0.0008130 secs]
318.812: [GC (Allocation Failure) 486619K->38800K(1133248K), 0.0008200 secs]
319.027: [GC (Allocation Failure) 472591K->38702K(1119552K), 0.0010630 secs]
319.237: [GC (Allocation Failure) 458915K->38902K(1106816K), 0.0011270 secs]
319.432: [GC (Allocation Failure) 446232K->38999K(1094464K), 0.0009960 secs]
319.622: [GC (Allocation Failure) 433965K->38983K(1082560K), 0.0012840 secs]
319.806: [GC (Allocation Failure) 422064K->38902K(1071168K), 0.0008810 secs]
319.988: [GC (Allocation Failure) 410660K->38886K(1060288K), 0.0014040 secs]
320.166: [GC (Allocation Failure) 399846K->38902K(1049856K), 0.0009230 secs]
320.336: [GC (Allocation Failure) 389367K->39195K(1192064K), 0.0011280 secs]
320.573: [GC (Allocation Failure) 531718K->39003K(1175808K), 0.0010560 secs]
320.804: [GC (Allocation Failure) 515478K->39003K(1160448K), 0.0009450 secs]
321.028: [GC (Allocation Failure) 500103K->39105K(1145920K), 0.0009440 secs]
321.248: [GC (Allocation Failure) 485530K->39105K(1131904K), 0.0011500 secs]
321.458: [GC (Allocation Failure) 471470K->38991K(1118208K), 0.0015550 secs]
321.662: [GC (Allocation Failure) 457938K->39105K(1105728K), 0.0011020 secs]
321.860: [GC (Allocation Failure) 445169K->39207K(1093312K), 0.0009620 secs]
322.049: [GC (Allocation Failure) 432979K->39207K(1081536K), 0.0011870 secs]
322.237: [GC (Allocation Failure) 421195K->39304K(1070080K), 0.0011250 secs]
322.417: [GC (Allocation Failure) 409987K->39288K(1059264K), 0.0018590 secs]
322.595: [GC (Allocation Failure) 399199K->39386K(1048960K), 0.0018990 secs]
322.769: [GC (Allocation Failure) 388946K->39402K(1190336K), 0.0011400 secs]
323.014: [GC (Allocation Failure) 530185K->39304K(1174272K), 0.0010510 secs]
323.243: [GC (Allocation Failure) 514245K->39308K(1158976K), 0.0008020 secs]
323.467: [GC (Allocation Failure) 498902K->39308K(1144384K), 0.0011370 secs]
323.685: [GC (Allocation Failure) 484289K->39406K(1130560K), 0.0011600 secs]
323.895: [GC (Allocation Failure) 470423K->39292K(1117056K), 0.0013960 secs]
324.102: [GC (Allocation Failure) 456964K->39410K(1104384K), 0.0008410 secs]
324.301: [GC (Allocation Failure) 444312K->39312K(1091968K), 0.0008120 secs]
324.488: [GC (Allocation Failure) 431902K->39312K(1080256K), 0.0013490 secs]
324.672: [GC (Allocation Failure) 420217K->39410K(1069120K), 0.0011420 secs]
324.852: [GC (Allocation Failure) 409015K->39410K(1058368K), 0.0010150 secs]
325.027: [GC (Allocation Failure) 398228K->39394K(1188288K), 0.0020590 secs]
325.271: [GC (Allocation Failure) 528419K->39508K(1172544K), 0.0008140 secs]
325.503: [GC (Allocation Failure) 512658K->39512K(1157376K), 0.0011090 secs]
325.723: [GC (Allocation Failure) 497483K->39609K(1142976K), 0.0008360 secs]
325.942: [GC (Allocation Failure) 483114K->39805K(1128960K), 0.0019110 secs]
326.147: [GC (Allocation Failure) 469356K->39902K(1115776K), 0.0008150 secs]
326.350: [GC (Allocation Failure) 456185K->39805K(1102912K), 0.0007930 secs]
326.548: [GC (Allocation Failure) 443343K->39902K(1090816K), 0.0011710 secs]
326.742: [GC (Allocation Failure) 431251K->39809K(1078976K), 0.0007980 secs]
326.932: [GC (Allocation Failure) 419430K->39809K(1067776K), 0.0011240 secs]
327.114: [GC (Allocation Failure) 408238K->39809K(1057024K), 0.0009440 secs]
327.284: [GC (Allocation Failure) 397423K->39809K(1187008K), 0.0010230 secs]
327.521: [GC (Allocation Failure) 527398K->39906K(1171328K), 0.0010980 secs]
327.750: [GC (Allocation Failure) 511762K->39809K(1156096K), 0.0008350 secs]
327.969: [GC (Allocation Failure) 496568K->39906K(1141632K), 0.0008660 secs]
328.181: [GC (Allocation Failure) 482141K->40106K(1127936K), 0.0011580 secs]
328.391: [GC (Allocation Failure) 468568K->40203K(1114496K), 0.0012100 secs]
328.598: [GC (Allocation Failure) 455410K->40399K(1102016K), 0.0011400 secs]
328.795: [GC (Allocation Failure) 442926K->40301K(1089728K), 0.0011100 secs]
328.987: [GC (Allocation Failure) 430656K->40399K(1078208K), 0.0009930 secs]
329.171: [GC (Allocation Failure) 419063K->40383K(1067008K), 0.0018590 secs]
329.349: [GC (Allocation Failure) 407952K->40301K(1056256K), 0.0008390 secs]
329.527: [GC (Allocation Failure) 397141K->40305K(1185408K), 0.0013270 secs]
329.761: [GC (Allocation Failure) 526335K->40403K(1169792K), 0.0010650 secs]
329.992: [GC (Allocation Failure) 510646K->40387K(1154688K), 0.0018820 secs]
330.216: [GC (Allocation Failure) 495599K->40309K(1140224K), 0.0009570 secs]
330.432: [GC (Allocation Failure) 481181K->40407K(1126592K), 0.0007870 secs]
330.645: [GC (Allocation Failure) 467497K->40309K(1113280K), 0.0008200 secs]
330.853: [GC (Allocation Failure) 454168K->40309K(1100672K), 0.0008440 secs]
331.050: [GC (Allocation Failure) 441645K->40411K(1088704K), 0.0011740 secs]
331.243: [GC (Allocation Failure) 429603K->40313K(1076992K), 0.0014500 secs]
331.431: [GC (Allocation Failure) 417955K->40313K(1065856K), 0.0008290 secs]
331.607: [GC (Allocation Failure) 406778K->40313K(1055232K), 0.0008430 secs]
331.778: [GC (Allocation Failure) 396149K->40313K(1183936K), 0.0008130 secs]
332.021: [GC (Allocation Failure) 524830K->40411K(1168384K), 0.0008190 secs]
332.247: [GC (Allocation Failure) 509264K->40411K(1153408K), 0.0008330 secs]
332.469: [GC (Allocation Failure) 494322K->40411K(1138880K), 0.0012110 secs]
332.687: [GC (Allocation Failure) 480015K->40606K(1125312K), 0.0008460 secs]
332.898: [GC (Allocation Failure) 466427K->40606K(1112192K), 0.0007770 secs]
333.106: [GC (Allocation Failure) 453270K->40606K(1099584K), 0.0008350 secs]
333.300: [GC (Allocation Failure) 440677K->40606K(1087360K), 0.0008440 secs]
333.486: [GC (Allocation Failure) 428699K->40802K(1076032K), 0.0011370 secs]
333.674: [GC (Allocation Failure) 417315K->40802K(1064960K), 0.0011010 secs]
333.850: [GC (Allocation Failure) 406298K->40802K(1054336K), 0.0008350 secs]
334.023: [GC (Allocation Failure) 395646K->40802K(1182464K), 0.0009720 secs]
334.263: [GC (Allocation Failure) 523897K->40786K(1166848K), 0.0019130 secs]
334.500: [GC (Allocation Failure) 508214K->40899K(1152000K), 0.0011740 secs]
334.721: [GC (Allocation Failure) 493426K->40899K(1137728K), 0.0013910 secs]
334.936: [GC (Allocation Failure) 479107K->40997K(1123840K), 0.0009220 secs]
335.144: [GC (Allocation Failure) 465516K->41095K(1110784K), 0.0008460 secs]
335.343: [GC (Allocation Failure) 452547K->41095K(1098240K), 0.0008460 secs]
335.536: [GC (Allocation Failure) 439989K->41095K(1086208K), 0.0009560 secs]
335.723: [GC (Allocation Failure) 427896K->41196K(1074816K), 0.0011400 secs]
335.901: [GC (Allocation Failure) 416507K->41180K(1063744K), 0.0019780 secs]
336.078: [GC (Allocation Failure) 405510K->41180K(1053120K), 0.0013240 secs]
336.254: [GC (Allocation Failure) 394896K->41282K(1181056K), 0.0019760 secs]
336.490: [GC (Allocation Failure) 522923K->41298K(1165568K), 0.0009250 secs]
336.720: [GC (Allocation Failure) 507401K->41396K(1150720K), 0.0013530 secs]
336.950: [GC (Allocation Failure) 492596K->41298K(1136128K), 0.0012480 secs]
337.167: [GC (Allocation Failure) 478243K->41493K(1122944K), 0.0008960 secs]
337.376: [GC (Allocation Failure) 464771K->41477K(1109632K), 0.0018460 secs]
337.577: [GC (Allocation Failure) 451767K->41477K(1097152K), 0.0019370 secs]
337.768: [GC (Allocation Failure) 439287K->41575K(1085248K), 0.0019860 secs]
337.962: [GC (Allocation Failure) 427417K->41477K(1073728K), 0.0019010 secs]
338.148: [GC (Allocation Failure) 415821K->41493K(1062720K), 0.0019600 secs]
338.338: [GC (Allocation Failure) 404839K->41493K(1052224K), 0.0008220 secs]
338.515: [GC (Allocation Failure) 394319K->41575K(1179072K), 0.0019510 secs]
338.750: [GC (Allocation Failure) 521232K->41591K(1163648K), 0.0008520 secs]
338.986: [GC (Allocation Failure) 505737K->41591K(1148736K), 0.0009270 secs]
339.205: [GC (Allocation Failure) 490970K->41689K(1134720K), 0.0010990 secs]
339.418: [GC (Allocation Failure) 476925K->41786K(1121024K), 0.0012680 secs]
339.626: [GC (Allocation Failure) 463385K->41770K(1108032K), 0.0012800 secs]
339.825: [GC (Allocation Failure) 450459K->41770K(1095616K), 0.0019990 secs]
340.025: [GC (Allocation Failure) 438002K->41884K(1083840K), 0.0011820 secs]
340.215: [GC (Allocation Failure) 426242K->41884K(1072320K), 0.0008340 secs]
340.396: [GC (Allocation Failure) 414840K->41982K(1061504K), 0.0012240 secs]
340.573: [GC (Allocation Failure) 403934K->41982K(1050880K), 0.0008530 secs]
340.743: [GC (Allocation Failure) 393489K->42079K(1177728K), 0.0009860 secs]
340.981: [GC (Allocation Failure) 520345K->42079K(1162176K), 0.0011810 secs]
341.211: [GC (Allocation Failure) 504859K->42177K(1147584K), 0.0008520 secs]
341.424: [GC (Allocation Failure) 490269K->42177K(1133376K), 0.0010230 secs]
341.637: [GC (Allocation Failure) 476216K->42177K(1119872K), 0.0011510 secs]
341.844: [GC (Allocation Failure) 462682K->42161K(1106944K), 0.0019860 secs]
342.044: [GC (Allocation Failure) 449756K->42177K(1094592K), 0.0008280 secs]
342.230: [GC (Allocation Failure) 437414K->42275K(1082880K), 0.0011710 secs]
342.413: [GC (Allocation Failure) 425613K->42259K(1071488K), 0.0019840 secs]
342.597: [GC (Allocation Failure) 414325K->42177K(1060544K), 0.0011400 secs]
342.777: [GC (Allocation Failure) 403329K->42177K(1050112K), 0.0011680 secs]
342.952: [GC (Allocation Failure) 392937K->42177K(1175872K), 0.0008380 secs]
343.182: [GC (Allocation Failure) 518696K->42161K(1160512K), 0.0015620 secs]
343.412: [GC (Allocation Failure) 503259K->42275K(1145856K), 0.0011710 secs]
343.631: [GC (Allocation Failure) 488725K->42372K(1131968K), 0.0008520 secs]
343.840: [GC (Allocation Failure) 474843K->42470K(1118336K), 0.0010720 secs]
344.047: [GC (Allocation Failure) 461517K->42572K(1105536K), 0.0008460 secs]
344.241: [GC (Allocation Failure) 448712K->42572K(1093248K), 0.0009840 secs]
344.435: [GC (Allocation Failure) 436453K->42669K(1081600K), 0.0011940 secs]
344.623: [GC (Allocation Failure) 424762K->42572K(1070080K), 0.0007960 secs]
344.808: [GC (Allocation Failure) 413349K->42653K(1059328K), 0.0013110 secs]
344.986: [GC (Allocation Failure) 402628K->42669K(1048960K), 0.0008230 secs]
345.158: [GC (Allocation Failure) 392267K->42669K(1174720K), 0.0008580 secs]
345.392: [GC (Allocation Failure) 518028K->42669K(1159424K), 0.0008440 secs]
345.618: [GC (Allocation Failure) 502681K->42669K(1144832K), 0.0011600 secs]
345.833: [GC (Allocation Failure) 488124K->42669K(1130816K), 0.0008510 secs]
346.043: [GC (Allocation Failure) 474075K->42767K(1117568K), 0.0010110 secs]
346.247: [GC (Allocation Failure) 460822K->42669K(1104576K), 0.0011100 secs]
346.446: [GC (Allocation Failure) 447936K->42865K(1092480K), 0.0008430 secs]
346.638: [GC (Allocation Failure) 435852K->42962K(1080576K), 0.0012460 secs]
346.824: [GC (Allocation Failure) 424147K->43060K(1069440K), 0.0010210 secs]
347.012: [GC (Allocation Failure) 412950K->42962K(1058432K), 0.0011130 secs]
347.185: [GC (Allocation Failure) 402037K->43142K(1048192K), 0.0014830 secs]
347.360: [GC (Allocation Failure) 391940K->43158K(1173504K), 0.0011860 secs]
347.592: [GC (Allocation Failure) 517179K->43060K(1158144K), 0.0008410 secs]
347.818: [GC (Allocation Failure) 501794K->43158K(1143552K), 0.0011830 secs]
348.035: [GC (Allocation Failure) 487359K->43158K(1129600K), 0.0009710 secs]
348.250: [GC (Allocation Failure) 473414K->43239K(1116352K), 0.0019710 secs]
348.457: [GC (Allocation Failure) 460186K->43255K(1103680K), 0.0012310 secs]
348.653: [GC (Allocation Failure) 447437K->43255K(1091328K), 0.0011460 secs]
348.845: [GC (Allocation Failure) 435178K->43255K(1079616K), 0.0008370 secs]
349.031: [GC (Allocation Failure) 423464K->43255K(1068416K), 0.0012010 secs]
349.216: [GC (Allocation Failure) 412300K->43255K(1057664K), 0.0011970 secs]
349.392: [GC (Allocation Failure) 401576K->43337K(1172096K), 0.0015850 secs]
349.621: [GC (Allocation Failure) 516031K->43259K(1156864K), 0.0011920 secs]
349.847: [GC (Allocation Failure) 500785K->43357K(1142336K), 0.0008190 secs]
350.067: [GC (Allocation Failure) 486299K->43455K(1128576K), 0.0010970 secs]
350.276: [GC (Allocation Failure) 472509K->43357K(1115072K), 0.0009700 secs]
350.482: [GC (Allocation Failure) 459152K->43459K(1102400K), 0.0008430 secs]
350.677: [GC (Allocation Failure) 446483K->43459K(1090240K), 0.0008400 secs]
350.869: [GC (Allocation Failure) 434297K->43459K(1078592K), 0.0009410 secs]
351.059: [GC (Allocation Failure) 422681K->43459K(1067392K), 0.0008220 secs]
351.237: [GC (Allocation Failure) 411468K->43459K(1056704K), 0.0010130 secs]
351.413: [GC (Allocation Failure) 400813K->43556K(1170816K), 0.0008670 secs]
351.641: [GC (Allocation Failure) 514951K->43642K(1155776K), 0.0020230 secs]
351.863: [GC (Allocation Failure) 499991K->43560K(1141248K), 0.0008030 secs]
352.082: [GC (Allocation Failure) 485445K->43658K(1127552K), 0.0010120 secs]
352.292: [GC (Allocation Failure) 471745K->43560K(1114112K), 0.0010000 secs]
352.495: [GC (Allocation Failure) 458366K->43658K(1101504K), 0.0011690 secs]
352.689: [GC (Allocation Failure) 445770K->43744K(1089408K), 0.0020080 secs]
352.883: [GC (Allocation Failure) 433695K->43662K(1077696K), 0.0012110 secs]
353.073: [GC (Allocation Failure) 421942K->43662K(1066560K), 0.0009560 secs]
353.250: [GC (Allocation Failure) 410806K->43744K(1055936K), 0.0019980 secs]
353.430: [GC (Allocation Failure) 400233K->43760K(1169792K), 0.0011710 secs]
353.661: [GC (Allocation Failure) 514173K->43857K(1154816K), 0.0010910 secs]
353.889: [GC (Allocation Failure) 499151K->43955K(1140224K), 0.0012800 secs]
354.106: [GC (Allocation Failure) 484890K->44150K(1126592K), 0.0008510 secs]
354.316: [GC (Allocation Failure) 471246K->44057K(1113280K), 0.0008400 secs]
354.524: [GC (Allocation Failure) 457998K->44154K(1100800K), 0.0008760 secs]
354.720: [GC (Allocation Failure) 445425K->44154K(1088576K), 0.0008680 secs]
354.910: [GC (Allocation Failure) 433314K->44154K(1076992K), 0.0011630 secs]
355.091: [GC (Allocation Failure) 421817K->44154K(1065856K), 0.0009970 secs]
355.268: [GC (Allocation Failure) 410590K->44154K(1055232K), 0.0012190 secs]
355.444: [GC (Allocation Failure) 400013K->44138K(1168448K), 0.0019900 secs]
355.676: [GC (Allocation Failure) 513200K->44138K(1153408K), 0.0020170 secs]
355.898: [GC (Allocation Failure) 498151K->44252K(1139072K), 0.0008590 secs]
356.115: [GC (Allocation Failure) 483930K->44252K(1125312K), 0.0008660 secs]
356.327: [GC (Allocation Failure) 470159K->44350K(1112192K), 0.0010050 secs]
356.535: [GC (Allocation Failure) 457208K->44447K(1099712K), 0.0011860 secs]
356.733: [GC (Allocation Failure) 444619K->44350K(1087488K), 0.0009640 secs]
356.925: [GC (Allocation Failure) 432530K->44545K(1076096K), 0.0012420 secs]
357.111: [GC (Allocation Failure) 421161K->44447K(1064896K), 0.0009290 secs]
357.291: [GC (Allocation Failure) 410013K->44545K(1054400K), 0.0012120 secs]
357.465: [GC (Allocation Failure) 399422K->44643K(1167232K), 0.0010540 secs]
357.695: [GC (Allocation Failure) 512526K->44838K(1152448K), 0.0008760 secs]
357.914: [GC (Allocation Failure) 497772K->44838K(1138112K), 0.0008440 secs]
358.129: [GC (Allocation Failure) 483414K->44838K(1124416K), 0.0008770 secs]
358.339: [GC (Allocation Failure) 469782K->44740K(1111104K), 0.0020600 secs]
358.546: [GC (Allocation Failure) 456495K->44936K(1098752K), 0.0010330 secs]
358.738: [GC (Allocation Failure) 444136K->44838K(1086592K), 0.0008510 secs]
358.930: [GC (Allocation Failure) 432063K->44920K(1075136K), 0.0020390 secs]
359.118: [GC (Allocation Failure) 420632K->44924K(1064128K), 0.0016340 secs]
359.298: [GC (Allocation Failure) 409605K->44940K(1053632K), 0.0012090 secs]
359.469: [GC (Allocation Failure) 399039K->45037K(1166080K), 0.0012770 secs]
359.702: [GC (Allocation Failure) 511740K->45135K(1151296K), 0.0008480 secs]
359.921: [GC (Allocation Failure) 496895K->45135K(1136896K), 0.0008890 secs]
360.134: [GC (Allocation Failure) 482632K->45135K(1123264K), 0.0010090 secs]
360.339: [GC (Allocation Failure) 469062K->45233K(1110336K), 0.0008520 secs]
360.541: [GC (Allocation Failure) 456108K->45233K(1097856K), 0.0008650 secs]
360.736: [GC (Allocation Failure) 443598K->45135K(1085696K), 0.0011370 secs]
360.928: [GC (Allocation Failure) 431534K->45334K(1074432K), 0.0008840 secs]
361.104: [GC (Allocation Failure) 420233K->45334K(1063424K), 0.0009940 secs]
361.280: [GC (Allocation Failure) 409253K->45318K(1052800K), 0.0020970 secs]
361.452: [GC (Allocation Failure) 398710K->45237K(1164672K), 0.0008660 secs]
361.678: [GC (Allocation Failure) 510549K->45221K(1149824K), 0.0013530 secs]
361.898: [GC (Allocation Failure) 495716K->45334K(1135744K), 0.0010000 secs]
362.112: [GC (Allocation Failure) 481573K->45338K(1122176K), 0.0010320 secs]
362.318: [GC (Allocation Failure) 468002K->45338K(1108992K), 0.0012430 secs]
362.520: [GC (Allocation Failure) 455030K->45534K(1096704K), 0.0011900 secs]
362.716: [GC (Allocation Failure) 442739K->45440K(1084672K), 0.0010260 secs]
362.902: [GC (Allocation Failure) 430760K->45440K(1073216K), 0.0008650 secs]
363.083: [GC (Allocation Failure) 419261K->45526K(1062336K), 0.0016690 secs]
363.261: [GC (Allocation Failure) 408436K->45526K(1051840K), 0.0015320 secs]
363.429: [GC (Allocation Failure) 397951K->45444K(1163072K), 0.0008340 secs]
363.652: [GC (Allocation Failure) 509091K->45542K(1148416K), 0.0012350 secs]
363.876: [GC (Allocation Failure) 494458K->45448K(1134144K), 0.0012020 secs]
364.081: [GC (Allocation Failure) 480204K->45546K(1120768K), 0.0010210 secs]
364.291: [GC (Allocation Failure) 466852K->45643K(1107712K), 0.0013350 secs]
364.495: [GC (Allocation Failure) 453974K->45741K(1095424K), 0.0012200 secs]
364.688: [GC (Allocation Failure) 441669K->45741K(1083392K), 0.0012370 secs]
364.885: [GC (Allocation Failure) 429719K->45839K(1072128K), 0.0012220 secs]
365.070: [GC (Allocation Failure) 418497K->45839K(1061120K), 0.0008860 secs]
365.244: [GC (Allocation Failure) 407583K->45839K(1050688K), 0.0013820 secs]
365.418: [GC (Allocation Failure) 397196K->45839K(1161664K), 0.0008500 secs]
365.640: [GC (Allocation Failure) 508089K->45936K(1147072K), 0.0012370 secs]
365.863: [GC (Allocation Failure) 493489K->45839K(1132864K), 0.0011830 secs]
366.069: [GC (Allocation Failure) 479292K->45823K(1119360K), 0.0014100 secs]
366.281: [GC (Allocation Failure) 465852K->45936K(1106560K), 0.0010200 secs]
366.479: [GC (Allocation Failure) 453009K->45839K(1094080K), 0.0012270 secs]
366.672: [GC (Allocation Failure) 440494K->45936K(1082240K), 0.0008760 secs]
366.864: [GC (Allocation Failure) 428819K->45940K(1070912K), 0.0008680 secs]
367.045: [GC (Allocation Failure) 417499K->45924K(1060032K), 0.0020410 secs]
367.222: [GC (Allocation Failure) 406592K->46038K(1049728K), 0.0012120 secs]
367.390: [GC (Allocation Failure) 396304K->45940K(1160128K), 0.0008130 secs]
367.610: [GC (Allocation Failure) 506758K->46038K(1145536K), 0.0012050 secs]
367.831: [GC (Allocation Failure) 492188K->46136K(1131648K), 0.0008670 secs]
368.043: [GC (Allocation Failure) 478259K->46140K(1118208K), 0.0009020 secs]
368.252: [GC (Allocation Failure) 464875K->46237K(1105152K), 0.0009230 secs]
368.456: [GC (Allocation Failure) 452030K->46433K(1093056K), 0.0012390 secs]
368.651: [GC (Allocation Failure) 439997K->46726K(1081280K), 0.0012030 secs]
368.834: [GC (Allocation Failure) 428519K->46726K(1070016K), 0.0009050 secs]
369.015: [GC (Allocation Failure) 417214K->46628K(1059008K), 0.0011880 secs]
369.190: [GC (Allocation Failure) 406340K->46823K(1048832K), 0.0012150 secs]
369.361: [GC (Allocation Failure) 396107K->46726K(1158848K), 0.0008900 secs]
369.589: [GC (Allocation Failure) 506153K->46726K(1144256K), 0.0009090 secs]
369.804: [GC (Allocation Failure) 491580K->46726K(1130304K), 0.0008800 secs]
370.011: [GC (Allocation Failure) 477640K->46726K(1116928K), 0.0008670 secs]
370.214: [GC (Allocation Failure) 464289K->46726K(1104128K), 0.0009900 secs]
370.409: [GC (Allocation Failure) 451516K->46823K(1092032K), 0.0009220 secs]
370.601: [GC (Allocation Failure) 439335K->46823K(1080192K), 0.0008950 secs]
370.792: [GC (Allocation Failure) 427602K->46827K(1068928K), 0.0008750 secs]
370.977: [GC (Allocation Failure) 416346K->46925K(1058304K), 0.0012420 secs]
371.154: [GC (Allocation Failure) 405739K->46909K(1157632K), 0.0021100 secs]
371.373: [GC (Allocation Failure) 505119K->46909K(1143040K), 0.0014150 secs]
371.590: [GC (Allocation Failure) 490593K->47007K(1129216K), 0.0013940 secs]
371.800: [GC (Allocation Failure) 476775K->47023K(1115968K), 0.0008510 secs]
372.001: [GC (Allocation Failure) 463490K->46925K(1103104K), 0.0012780 secs]
372.201: [GC (Allocation Failure) 450701K->46929K(1090880K), 0.0012220 secs]
372.392: [GC (Allocation Failure) 438445K->47011K(1079232K), 0.0021330 secs]
372.576: [GC (Allocation Failure) 426840K->47027K(1068096K), 0.0008380 secs]
372.752: [GC (Allocation Failure) 415633K->47027K(1057344K), 0.0012700 secs]
372.930: [GC (Allocation Failure) 404845K->47027K(1156096K), 0.0008870 secs]
373.150: [GC (Allocation Failure) 503792K->47125K(1141696K), 0.0008830 secs]
373.366: [GC (Allocation Failure) 489441K->47125K(1127872K), 0.0008530 secs]
373.569: [GC (Allocation Failure) 475663K->47113K(1114624K), 0.0020810 secs]
373.772: [GC (Allocation Failure) 462402K->47210K(1102016K), 0.0018520 secs]
373.968: [GC (Allocation Failure) 449826K->47226K(1089920K), 0.0012570 secs]
374.164: [GC (Allocation Failure) 437676K->47210K(1078144K), 0.0017740 secs]
374.350: [GC (Allocation Failure) 425931K->47226K(1067008K), 0.0010150 secs]
374.530: [GC (Allocation Failure) 414858K->47226K(1056320K), 0.0011980 secs]
374.704: [GC (Allocation Failure) 404131K->47324K(1155008K), 0.0012690 secs]
374.927: [GC (Allocation Failure) 502794K->47328K(1140480K), 0.0012560 secs]
375.146: [GC (Allocation Failure) 488410K->47328K(1126656K), 0.0008760 secs]
375.355: [GC (Allocation Failure) 474615K->47426K(1113600K), 0.0010290 secs]
375.555: [GC (Allocation Failure) 461520K->47328K(1100800K), 0.0008910 secs]
375.750: [GC (Allocation Failure) 448783K->47328K(1088704K), 0.0012280 secs]
375.940: [GC (Allocation Failure) 436701K->47430K(1077248K), 0.0010520 secs]
376.119: [GC (Allocation Failure) 425203K->47332K(1065920K), 0.0008350 secs]
376.299: [GC (Allocation Failure) 413922K->47527K(1055424K), 0.0010360 secs]
376.472: [GC (Allocation Failure) 403456K->47430K(1153536K), 0.0012290 secs]
376.687: [GC (Allocation Failure) 501621K->47527K(1139328K), 0.0010590 secs]
376.904: [GC (Allocation Failure) 487310K->47531K(1125440K), 0.0008760 secs]
377.117: [GC (Allocation Failure) 473638K->47531K(1112256K), 0.0008850 secs]
377.316: [GC (Allocation Failure) 460375K->47531K(1099648K), 0.0010250 secs]
377.510: [GC (Allocation Failure) 447803K->47515K(1087616K), 0.0016410 secs]
377.701: [GC (Allocation Failure) 435799K->47531K(1076032K), 0.0012220 secs]
377.887: [GC (Allocation Failure) 424229K->47531K(1064960K), 0.0008780 secs]
378.066: [GC (Allocation Failure) 413112K->47629K(1054336K), 0.0010210 secs]
378.236: [GC (Allocation Failure) 402614K->47629K(1152448K), 0.0012530 secs]
378.461: [GC (Allocation Failure) 500719K->47629K(1138112K), 0.0012150 secs]
378.671: [GC (Allocation Failure) 486403K->47613K(1124416K), 0.0020880 secs]
378.881: [GC (Allocation Failure) 472640K->47629K(1111296K), 0.0008890 secs]
379.079: [GC (Allocation Failure) 459595K->47731K(1098880K), 0.0012560 secs]
379.275: [GC (Allocation Failure) 447112K->47633K(1086656K), 0.0013120 secs]
379.466: [GC (Allocation Failure) 434947K->47715K(1075200K), 0.0020940 secs]
379.648: [GC (Allocation Failure) 423582K->47731K(1064192K), 0.0008710 secs]
379.824: [GC (Allocation Failure) 412518K->47828K(1053760K), 0.0010770 secs]
379.996: [GC (Allocation Failure) 402097K->47926K(1151232K), 0.0013570 secs]
380.218: [GC (Allocation Failure) 499878K->48121K(1137152K), 0.0012520 secs]
380.433: [GC (Allocation Failure) 485720K->48121K(1123392K), 0.0008760 secs]
380.642: [GC (Allocation Failure) 472185K->48219K(1110464K), 0.0008980 secs]
380.839: [GC (Allocation Failure) 459215K->48121K(1097728K), 0.0011870 secs]
381.036: [GC (Allocation Failure) 446527K->48321K(1085952K), 0.0008800 secs]
381.228: [GC (Allocation Failure) 434754K->48305K(1074432K), 0.0014720 secs]
381.414: [GC (Allocation Failure) 423309K->48305K(1063424K), 0.0021380 secs]
381.588: [GC (Allocation Failure) 412303K->48321K(1052800K), 0.0009210 secs]
381.760: [GC (Allocation Failure) 401709K->48418K(1150464K), 0.0013170 secs]
381.980: [GC (Allocation Failure) 499374K->48418K(1136128K), 0.0008910 secs]
382.193: [GC (Allocation Failure) 485152K->48418K(1122496K), 0.0012710 secs]
382.398: [GC (Allocation Failure) 471493K->48418K(1109440K), 0.0010300 secs]
382.599: [GC (Allocation Failure) 458518K->48418K(1096960K), 0.0010490 secs]
382.795: [GC (Allocation Failure) 445982K->48422K(1084992K), 0.0008710 secs]
382.986: [GC (Allocation Failure) 434061K->48520K(1073664K), 0.0009060 secs]
383.168: [GC (Allocation Failure) 422689K->48618K(1062528K), 0.0009650 secs]
383.345: [GC (Allocation Failure) 411858K->48699K(1052096K), 0.0017020 secs]
383.521: [GC (Allocation Failure) 401428K->48715K(1148992K), 0.0011650 secs]
383.743: [GC (Allocation Failure) 498292K->48715K(1134848K), 0.0012430 secs]
383.955: [GC (Allocation Failure) 484158K->48715K(1121280K), 0.0008780 secs]
384.162: [GC (Allocation Failure) 470590K->48715K(1108288K), 0.0012430 secs]
384.366: [GC (Allocation Failure) 457644K->48715K(1095872K), 0.0009610 secs]
384.563: [GC (Allocation Failure) 445245K->48715K(1083968K), 0.0012740 secs]
384.752: [GC (Allocation Failure) 433274K->48715K(1072576K), 0.0009780 secs]
384.933: [GC (Allocation Failure) 421925K->48911K(1061632K), 0.0014060 secs]
385.112: [GC (Allocation Failure) 411208K->49106K(1051072K), 0.0009580 secs]
385.286: [GC (Allocation Failure) 400834K->49301K(1148160K), 0.0012660 secs]
385.506: [GC (Allocation Failure) 498096K->49399K(1134016K), 0.0012180 secs]
385.725: [GC (Allocation Failure) 484078K->49501K(1120512K), 0.0011120 secs]
385.926: [GC (Allocation Failure) 470610K->49696K(1107520K), 0.0013420 secs]
386.129: [GC (Allocation Failure) 457945K->49794K(1095168K), 0.0010370 secs]
386.321: [GC (Allocation Failure) 445616K->49989K(1083264K), 0.0013580 secs]
386.514: [GC (Allocation Failure) 433892K->49989K(1071872K), 0.0008760 secs]
386.690: [GC (Allocation Failure) 422465K->50184K(1060928K), 0.0009660 secs]
386.872: [GC (Allocation Failure) 411752K->50477K(1050560K), 0.0014100 secs]
387.045: [GC (Allocation Failure) 401704K->50579K(1147392K), 0.0010810 secs]
387.268: [GC (Allocation Failure) 498568K->50579K(1133312K), 0.0012860 secs]
387.482: [GC (Allocation Failure) 484537K->50872K(1119744K), 0.0010590 secs]
387.690: [GC (Allocation Failure) 471256K->50970K(1106880K), 0.0019580 secs]
387.893: [GC (Allocation Failure) 458506K->50970K(1094528K), 0.0011240 secs]
388.083: [GC (Allocation Failure) 446131K->50970K(1082688K), 0.0009050 secs]
388.268: [GC (Allocation Failure) 434252K->51067K(1146944K), 0.0075740 secs]
388.490: [GC (Allocation Failure) 498682K->51247K(1147072K), 0.0024290 secs]
388.711: [GC (Allocation Failure) 498886K->51263K(1236672K), 0.0011280 secs]
389.014: [GC (Allocation Failure) 588416K->51263K(1218624K), 0.0009880 secs]
389.268: [GC (Allocation Failure) 570414K->51263K(1201088K), 0.0009540 secs]
389.507: [GC (Allocation Failure) 553128K->51560K(1185024K), 0.0010320 secs]
389.748: [GC (Allocation Failure) 537048K->51560K(1169216K), 0.0013100 secs]
389.981: [GC (Allocation Failure) 521314K->51466K(1154048K), 0.0009040 secs]
390.203: [GC (Allocation Failure) 506141K->51466K(1139648K), 0.0010790 secs]
390.419: [GC (Allocation Failure) 491725K->51564K(1126016K), 0.0009150 secs]
390.628: [GC (Allocation Failure) 478036K->51466K(1112704K), 0.0008830 secs]
390.826: [GC (Allocation Failure) 464779K->51568K(1100224K), 0.0010850 secs]
391.027: [GC (Allocation Failure) 452333K->51470K(1088000K), 0.0012620 secs]
391.215: [GC (Allocation Failure) 440124K->51470K(1076416K), 0.0009080 secs]
391.402: [GC (Allocation Failure) 428538K->51474K(1065344K), 0.0008990 secs]
391.583: [GC (Allocation Failure) 417467K->51556K(1054784K), 0.0022100 secs]
391.758: [GC (Allocation Failure) 406927K->51474K(1234688K), 0.0012420 secs]
392.023: [GC (Allocation Failure) 586750K->51474K(1216768K), 0.0009040 secs]
392.274: [GC (Allocation Failure) 568842K->51474K(1199616K), 0.0009000 secs]
392.520: [GC (Allocation Failure) 551686K->51572K(1183360K), 0.0010990 secs]
392.758: [GC (Allocation Failure) 535454K->51556K(1167424K), 0.0015740 secs]
392.990: [GC (Allocation Failure) 519726K->51767K(1152704K), 0.0020200 secs]
393.211: [GC (Allocation Failure) 504989K->51669K(1138240K), 0.0009150 secs]
393.429: [GC (Allocation Failure) 490579K->51767K(1124672K), 0.0009210 secs]
393.633: [GC (Allocation Failure) 476910K->51673K(1111424K), 0.0010790 secs]
393.828: [GC (Allocation Failure) 463716K->51673K(1098880K), 0.0012970 secs]
394.027: [GC (Allocation Failure) 451178K->51677K(1086848K), 0.0013590 secs]
394.224: [GC (Allocation Failure) 439107K->51775K(1075456K), 0.0013000 secs]
394.410: [GC (Allocation Failure) 427712K->51873K(1064192K), 0.0009490 secs]
394.589: [GC (Allocation Failure) 416786K->52068K(1053824K), 0.0011260 secs]
394.761: [GC (Allocation Failure) 406425K->51970K(1232704K), 0.0011070 secs]
395.027: [GC (Allocation Failure) 585316K->51970K(1214848K), 0.0009220 secs]
395.276: [GC (Allocation Failure) 567483K->52068K(1197952K), 0.0013160 secs]
395.515: [GC (Allocation Failure) 550501K->51970K(1181504K), 0.0013280 secs]
395.755: [GC (Allocation Failure) 534087K->52068K(1165888K), 0.0013060 secs]
395.982: [GC (Allocation Failure) 518600K->52166K(1151104K), 0.0012990 secs]
396.201: [GC (Allocation Failure) 503814K->52166K(1136704K), 0.0011730 secs]
396.414: [GC (Allocation Failure) 489487K->52263K(1123200K), 0.0009430 secs]
396.622: [GC (Allocation Failure) 475984K->52166K(1110016K), 0.0008930 secs]
396.820: [GC (Allocation Failure) 462847K->52166K(1097536K), 0.0009510 secs]
397.021: [GC (Allocation Failure) 450283K->52166K(1085568K), 0.0011040 secs]
397.208: [GC (Allocation Failure) 438351K->52263K(1074240K), 0.0011320 secs]
397.389: [GC (Allocation Failure) 426983K->52459K(1063040K), 0.0013390 secs]
397.565: [GC (Allocation Failure) 416194K->52658K(1052672K), 0.0011050 secs]
397.733: [GC (Allocation Failure) 405846K->52560K(1230720K), 0.0009020 secs]
397.992: [GC (Allocation Failure) 583933K->52560K(1212992K), 0.0013350 secs]
398.245: [GC (Allocation Failure) 566217K->52548K(1196032K), 0.0022400 secs]
398.484: [GC (Allocation Failure) 549198K->52662K(1179968K), 0.0009190 secs]
398.722: [GC (Allocation Failure) 533084K->52662K(1164288K), 0.0009330 secs]
398.949: [GC (Allocation Failure) 517664K->52764K(1149504K), 0.0012820 secs]
399.171: [GC (Allocation Failure) 502936K->52748K(1135296K), 0.0022180 secs]
399.384: [GC (Allocation Failure) 488685K->52865K(1121856K), 0.0009460 secs]
399.593: [GC (Allocation Failure) 475265K->52752K(1108608K), 0.0015730 secs]
399.798: [GC (Allocation Failure) 462083K->52865K(1096320K), 0.0008990 secs]
399.991: [GC (Allocation Failure) 449805K->52865K(1084416K), 0.0009290 secs]
400.187: [GC (Allocation Failure) 437860K->52865K(1073024K), 0.0009270 secs]
400.367: [GC (Allocation Failure) 426509K->53061K(1062080K), 0.0014220 secs]
400.546: [GC (Allocation Failure) 415772K->53158K(1051712K), 0.0009190 secs]
400.717: [GC (Allocation Failure) 405341K->53061K(1228928K), 0.0012550 secs]
400.976: [GC (Allocation Failure) 582648K->53158K(1211328K), 0.0010140 secs]
401.226: [GC (Allocation Failure) 565066K->53158K(1194432K), 0.0009170 secs]
401.469: [GC (Allocation Failure) 548168K->53146K(1178304K), 0.0017980 secs]
401.704: [GC (Allocation Failure) 532027K->53162K(1162880K), 0.0013250 secs]
401.931: [GC (Allocation Failure) 516701K->53162K(1148096K), 0.0009370 secs]
402.153: [GC (Allocation Failure) 501860K->53244K(1134016K), 0.0016220 secs]
402.360: [GC (Allocation Failure) 487780K->53162K(1120448K), 0.0010590 secs]
402.568: [GC (Allocation Failure) 474271K->53162K(1107520K), 0.0012820 secs]
402.769: [GC (Allocation Failure) 461288K->53146K(1095104K), 0.0022310 secs]
402.970: [GC (Allocation Failure) 448878K->53162K(1083264K), 0.0013040 secs]
403.151: [GC (Allocation Failure) 437011K->53260K(1071872K), 0.0009360 secs]
403.340: [GC (Allocation Failure) 425749K->53260K(1060928K), 0.0008840 secs]
403.515: [GC (Allocation Failure) 414834K->53358K(1050560K), 0.0012950 secs]
403.682: [GC (Allocation Failure) 404573K->53456K(1227584K), 0.0009140 secs]
403.936: [GC (Allocation Failure) 581622K->53537K(1210048K), 0.0022810 secs]
404.191: [GC (Allocation Failure) 564171K->53553K(1192960K), 0.0009840 secs]
404.432: [GC (Allocation Failure) 547342K->53749K(1177216K), 0.0008960 secs]
404.664: [GC (Allocation Failure) 531414K->53749K(1161728K), 0.0015550 secs]
404.888: [GC (Allocation Failure) 516137K->53733K(1147008K), 0.0015200 secs]
405.110: [GC (Allocation Failure) 501368K->53749K(1132928K), 0.0010520 secs]
405.320: [GC (Allocation Failure) 487317K->53846K(1119424K), 0.0010860 secs]
405.532: [GC (Allocation Failure) 473917K->53846K(1106432K), 0.0012650 secs]
405.733: [GC (Allocation Failure) 460920K->54042K(1094144K), 0.0010960 secs]
405.927: [GC (Allocation Failure) 448809K->54123K(1082304K), 0.0023260 secs]
406.116: [GC (Allocation Failure) 437079K->54237K(1070976K), 0.0009340 secs]
406.297: [GC (Allocation Failure) 425800K->54335K(1060032K), 0.0013750 secs]
406.473: [GC (Allocation Failure) 415008K->54436K(1049664K), 0.0010710 secs]
406.646: [GC (Allocation Failure) 404695K->54534K(1226304K), 0.0009320 secs]
406.904: [GC (Allocation Failure) 581438K->54534K(1208768K), 0.0010040 secs]
407.152: [GC (Allocation Failure) 563883K->54534K(1191936K), 0.0009290 secs]
407.391: [GC (Allocation Failure) 547150K->54632K(1175936K), 0.0009450 secs]
407.623: [GC (Allocation Failure) 531191K->54729K(1160576K), 0.0009230 secs]
407.859: [GC (Allocation Failure) 515937K->54811K(1145984K), 0.0023160 secs]
408.079: [GC (Allocation Failure) 501357K->54827K(1131712K), 0.0014440 secs]
408.291: [GC (Allocation Failure) 487325K->55022K(1118592K), 0.0012870 secs]
408.502: [GC (Allocation Failure) 474150K->55022K(1105600K), 0.0009290 secs]
408.702: [GC (Allocation Failure) 461287K->55124K(1093440K), 0.0009350 secs]
408.895: [GC (Allocation Failure) 449094K->55222K(1081472K), 0.0013510 secs]
409.086: [GC (Allocation Failure) 437411K->55401K(1070272K), 0.0023380 secs]
409.268: [GC (Allocation Failure) 426185K->55515K(1059392K), 0.0014880 secs]
409.442: [GC (Allocation Failure) 415493K->55612K(1049152K), 0.0009370 secs]
409.612: [GC (Allocation Failure) 405288K->55515K(1224704K), 0.0009080 secs]
409.867: [GC (Allocation Failure) 580866K->55710K(1207424K), 0.0013630 secs]
410.116: [GC (Allocation Failure) 563588K->55612K(1190592K), 0.0013350 secs]
410.353: [GC (Allocation Failure) 546852K->55612K(1174592K), 0.0011040 secs]
410.589: [GC (Allocation Failure) 530831K->55714K(1159424K), 0.0010690 secs]
410.811: [GC (Allocation Failure) 515635K->55616K(1144704K), 0.0009530 secs]
411.027: [GC (Allocation Failure) 500895K->55616K(1130688K), 0.0013230 secs]
411.236: [GC (Allocation Failure) 486920K->55620K(1117312K), 0.0009240 secs]
411.440: [GC (Allocation Failure) 473549K->55620K(1104512K), 0.0010540 secs]
411.642: [GC (Allocation Failure) 460718K->55718K(1092352K), 0.0013620 secs]
411.839: [GC (Allocation Failure) 448528K->55718K(1080384K), 0.0009590 secs]
412.025: [GC (Allocation Failure) 436801K->55800K(1069184K), 0.0018350 secs]
412.203: [GC (Allocation Failure) 425584K->55816K(1058368K), 0.0009340 secs]
412.379: [GC (Allocation Failure) 414806K->55816K(1223296K), 0.0009460 secs]
412.644: [GC (Allocation Failure) 579705K->55816K(1205888K), 0.0013560 secs]
412.889: [GC (Allocation Failure) 562297K->55913K(1189376K), 0.0013500 secs]
413.125: [GC (Allocation Failure) 545788K->56011K(1173248K), 0.0014250 secs]
413.352: [GC (Allocation Failure) 529962K->56190K(1158144K), 0.0019480 secs]
413.576: [GC (Allocation Failure) 514924K->56109K(1143488K), 0.0013560 secs]
413.790: [GC (Allocation Failure) 500198K->56109K(1129536K), 0.0009590 secs]
413.997: [GC (Allocation Failure) 486255K->56109K(1116224K), 0.0009550 secs]
414.203: [GC (Allocation Failure) 472992K->56210K(1103616K), 0.0011320 secs]
414.404: [GC (Allocation Failure) 460301K->56113K(1091200K), 0.0012950 secs]
414.598: [GC (Allocation Failure) 448043K->56308K(1079680K), 0.0009680 secs]
414.780: [GC (Allocation Failure) 436500K->56406K(1068352K), 0.0014540 secs]
414.966: [GC (Allocation Failure) 425344K->56406K(1057600K), 0.0013310 secs]
415.146: [GC (Allocation Failure) 414643K->56406K(1221824K), 0.0009360 secs]
415.397: [GC (Allocation Failure) 578890K->56406K(1204480K), 0.0011280 secs]
415.639: [GC (Allocation Failure) 561507K->56503K(1187904K), 0.0009490 secs]
415.876: [GC (Allocation Failure) 545011K->56601K(1172160K), 0.0009820 secs]
416.111: [GC (Allocation Failure) 529220K->56703K(1156800K), 0.0010090 secs]
416.335: [GC (Allocation Failure) 514189K->56898K(1142464K), 0.0009560 secs]
416.552: [GC (Allocation Failure) 499832K->56898K(1128448K), 0.0009410 secs]
416.758: [GC (Allocation Failure) 485964K->56898K(1115136K), 0.0010990 secs]
416.959: [GC (Allocation Failure) 472683K->56898K(1102400K), 0.0009300 secs]
417.153: [GC (Allocation Failure) 459897K->56898K(1090240K), 0.0013580 secs]
417.343: [GC (Allocation Failure) 447721K->56898K(1078592K), 0.0009470 secs]
417.530: [GC (Allocation Failure) 436122K->56898K(1067392K), 0.0009510 secs]
417.706: [GC (Allocation Failure) 424930K->56898K(1056704K), 0.0009300 secs]
417.879: [GC (Allocation Failure) 414227K->56996K(1220608K), 0.0011430 secs]
418.135: [GC (Allocation Failure) 578244K->56996K(1203264K), 0.0013290 secs]
418.384: [GC (Allocation Failure) 560906K->57195K(1186880K), 0.0009570 secs]
418.624: [GC (Allocation Failure) 544525K->57179K(1170944K), 0.0024200 secs]
418.853: [GC (Allocation Failure) 528718K->57195K(1155840K), 0.0014470 secs]
419.082: [GC (Allocation Failure) 513647K->57195K(1141376K), 0.0009390 secs]
419.294: [GC (Allocation Failure) 499217K->57293K(1127680K), 0.0009640 secs]
419.500: [GC (Allocation Failure) 485472K->57277K(1114176K), 0.0025090 secs]
419.710: [GC (Allocation Failure) 472207K->57394K(1101632K), 0.0009380 secs]
419.903: [GC (Allocation Failure) 459616K->57394K(1089472K), 0.0013410 secs]
420.094: [GC (Allocation Failure) 447442K->57394K(1077824K), 0.0010640 secs]
420.279: [GC (Allocation Failure) 435876K->57394K(1066688K), 0.0009710 secs]
420.453: [GC (Allocation Failure) 424731K->57590K(1056000K), 0.0014960 secs]
420.631: [GC (Allocation Failure) 414221K->57789K(1219072K), 0.0014460 secs]
420.887: [GC (Allocation Failure) 577533K->57984K(1201920K), 0.0009670 secs]
421.130: [GC (Allocation Failure) 560540K->57984K(1185408K), 0.0009110 secs]
421.371: [GC (Allocation Failure) 544047K->58082K(1169664K), 0.0013830 secs]
421.605: [GC (Allocation Failure) 528405K->58082K(1154560K), 0.0013010 secs]
421.827: [GC (Allocation Failure) 513371K->58180K(1140224K), 0.0009640 secs]
422.035: [GC (Allocation Failure) 499028K->58277K(1126464K), 0.0009530 secs]
422.247: [GC (Allocation Failure) 485373K->58261K(1113280K), 0.0015490 secs]
422.454: [GC (Allocation Failure) 472180K->58375K(1100608K), 0.0014500 secs]
422.652: [GC (Allocation Failure) 459642K->58570K(1088576K), 0.0009920 secs]
422.842: [GC (Allocation Failure) 447737K->58554K(1076992K), 0.0023230 secs]
423.027: [GC (Allocation Failure) 436211K->58558K(1065856K), 0.0023780 secs]
423.208: [GC (Allocation Failure) 425039K->58574K(1055168K), 0.0013530 secs]
423.385: [GC (Allocation Failure) 414451K->58672K(1218176K), 0.0013530 secs]
423.638: [GC (Allocation Failure) 577422K->58672K(1200960K), 0.0009240 secs]
423.880: [GC (Allocation Failure) 560227K->58770K(1184512K), 0.0009770 secs]
424.113: [GC (Allocation Failure) 543934K->58969K(1168704K), 0.0014410 secs]
424.347: [GC (Allocation Failure) 528354K->59067K(1153728K), 0.0009800 secs]
424.567: [GC (Allocation Failure) 513426K->59164K(1139328K), 0.0013930 secs]
424.781: [GC (Allocation Failure) 499163K->59360K(1125568K), 0.0015050 secs]
424.995: [GC (Allocation Failure) 485585K->59457K(1112320K), 0.0014500 secs]
425.197: [GC (Allocation Failure) 472476K->59751K(1099776K), 0.0011850 secs]
425.389: [GC (Allocation Failure) 460118K->59946K(1087680K), 0.0015050 secs]
425.581: [GC (Allocation Failure) 448232K->59946K(1076096K), 0.0009820 secs]
425.767: [GC (Allocation Failure) 436637K->59946K(1064960K), 0.0013200 secs]
425.948: [GC (Allocation Failure) 425614K->60044K(1054400K), 0.0014270 secs]
426.124: [GC (Allocation Failure) 415037K->60125K(1217088K), 0.0021410 secs]
426.379: [GC (Allocation Failure) 577788K->60141K(1199936K), 0.0011350 secs]
426.622: [GC (Allocation Failure) 560712K->60337K(1183488K), 0.0010180 secs]
426.862: [GC (Allocation Failure) 544534K->60532K(1167872K), 0.0014030 secs]
427.098: [GC (Allocation Failure) 528985K->60634K(1152896K), 0.0013770 secs]
427.317: [GC (Allocation Failure) 514161K->60731K(1138560K), 0.0009980 secs]
427.535: [GC (Allocation Failure) 499913K->60927K(1124800K), 0.0012180 secs]
427.742: [GC (Allocation Failure) 486378K->61122K(1111744K), 0.0009960 secs]
427.942: [GC (Allocation Failure) 473467K->61126K(1099200K), 0.0009520 secs]
428.138: [GC (Allocation Failure) 460918K->61321K(1087168K), 0.0012730 secs]
428.330: [GC (Allocation Failure) 449094K->61321K(1075584K), 0.0011140 secs]
428.514: [GC (Allocation Failure) 437608K->61419K(1064576K), 0.0009790 secs]
428.697: [GC (Allocation Failure) 426636K->61517K(1053952K), 0.0014050 secs]
428.877: [GC (Allocation Failure) 416098K->61517K(1216128K), 0.0011990 secs]
429.129: [GC (Allocation Failure) 578305K->61517K(1198976K), 0.0009330 secs]
429.375: [GC (Allocation Failure) 561210K->61614K(1182656K), 0.0013890 secs]
429.608: [GC (Allocation Failure) 544882K->61712K(1167040K), 0.0010190 secs]
429.835: [GC (Allocation Failure) 529362K->61810K(1152064K), 0.0025710 secs]
430.058: [GC (Allocation Failure) 514459K->61810K(1137728K), 0.0013630 secs]
430.271: [GC (Allocation Failure) 500185K->61907K(1124096K), 0.0015950 secs]
430.479: [GC (Allocation Failure) 486638K->61993K(1110976K), 0.0025160 secs]
430.679: [GC (Allocation Failure) 473548K->62009K(1098432K), 0.0009900 secs]
430.871: [GC (Allocation Failure) 461086K->62009K(1086336K), 0.0009540 secs]
431.060: [GC (Allocation Failure) 449025K->62208K(1074880K), 0.0010030 secs]
431.250: [GC (Allocation Failure) 437759K->62306K(1063872K), 0.0009620 secs]
431.428: [GC (Allocation Failure) 426796K->62388K(1053376K), 0.0024930 secs]
431.602: [GC (Allocation Failure) 416362K->62290K(1214720K), 0.0025050 secs]
431.858: [GC (Allocation Failure) 577726K->62404K(1197824K), 0.0014060 secs]
432.104: [GC (Allocation Failure) 560900K->62404K(1181504K), 0.0013650 secs]
432.341: [GC (Allocation Failure) 544546K->62501K(1166016K), 0.0012130 secs]
432.569: [GC (Allocation Failure) 529033K->62599K(1150912K), 0.0014920 secs]
432.791: [GC (Allocation Failure) 514161K->62794K(1136832K), 0.0010110 secs]
433.007: [GC (Allocation Failure) 500113K->62697K(1123072K), 0.0013570 secs]
433.216: [GC (Allocation Failure) 486440K->62794K(1110144K), 0.0010210 secs]
433.418: [GC (Allocation Failure) 473467K->62794K(1097472K), 0.0014820 secs]
433.614: [GC (Allocation Failure) 460907K->62990K(1085696K), 0.0010120 secs]
433.801: [GC (Allocation Failure) 449196K->62892K(1074112K), 0.0013260 secs]
433.987: [GC (Allocation Failure) 437607K->62892K(1063104K), 0.0014310 secs]
434.176: [GC (Allocation Failure) 426628K->62892K(1052544K), 0.0014650 secs]
434.352: [GC (Allocation Failure) 416041K->62892K(1213504K), 0.0014380 secs]
434.603: [GC (Allocation Failure) 577032K->62974K(1196544K), 0.0024630 secs]
434.846: [GC (Allocation Failure) 560064K->62974K(1180288K), 0.0016790 secs]
435.080: [GC (Allocation Failure) 543799K->63087K(1164608K), 0.0012870 secs]
435.307: [GC (Allocation Failure) 528415K->63380K(1150016K), 0.0011550 secs]
435.526: [GC (Allocation Failure) 513842K->63380K(1135616K), 0.0010830 secs]
435.737: [GC (Allocation Failure) 499614K->63384K(1122048K), 0.0014300 secs]
435.944: [GC (Allocation Failure) 486074K->63384K(1109056K), 0.0010210 secs]
436.148: [GC (Allocation Failure) 473094K->63384K(1096576K), 0.0009950 secs]
436.342: [GC (Allocation Failure) 460600K->63482K(1084800K), 0.0014220 secs]
436.530: [GC (Allocation Failure) 448823K->63482K(1073344K), 0.0010200 secs]
436.716: [GC (Allocation Failure) 437326K->63384K(1062208K), 0.0013970 secs]
436.899: [GC (Allocation Failure) 426236K->63580K(1051904K), 0.0010010 secs]
437.072: [GC (Allocation Failure) 416024K->63482K(1211520K), 0.0011810 secs]
437.322: [GC (Allocation Failure) 575624K->63482K(1194624K), 0.0010010 secs]
437.564: [GC (Allocation Failure) 558763K->63584K(1178560K), 0.0010440 secs]
437.805: [GC (Allocation Failure) 542682K->63584K(1163136K), 0.0013600 secs]
438.030: [GC (Allocation Failure) 527224K->63490K(1148160K), 0.0011470 secs]
438.255: [GC (Allocation Failure) 512299K->63588K(1134080K), 0.0011820 secs]
438.464: [GC (Allocation Failure) 498246K->63588K(1120576K), 0.0010900 secs]
438.666: [GC (Allocation Failure) 484770K->63685K(1107776K), 0.0010140 secs]
438.865: [GC (Allocation Failure) 471989K->63881K(1095232K), 0.0016160 secs]
439.063: [GC (Allocation Failure) 459726K->63881K(1083328K), 0.0014280 secs]
439.254: [GC (Allocation Failure) 447839K->63881K(1071936K), 0.0009920 secs]
439.437: [GC (Allocation Failure) 436415K->63881K(1061056K), 0.0010090 secs]
439.614: [GC (Allocation Failure) 425545K->63962K(1050688K), 0.0025210 secs]
439.784: [GC (Allocation Failure) 415191K->63881K(1209728K), 0.0014530 secs]
440.032: [GC (Allocation Failure) 574281K->63978K(1193024K), 0.0014370 secs]
440.274: [GC (Allocation Failure) 557503K->63881K(1176832K), 0.0010190 secs]
440.500: [GC (Allocation Failure) 541295K->64080K(1161472K), 0.0012150 secs]
440.727: [GC (Allocation Failure) 526145K->64080K(1146752K), 0.0010130 secs]
440.944: [GC (Allocation Failure) 511410K->64162K(1132736K), 0.0021750 secs]
441.160: [GC (Allocation Failure) 497497K->64178K(1119360K), 0.0010230 secs]
441.366: [GC (Allocation Failure) 483996K->64178K(1106176K), 0.0012830 secs]
441.564: [GC (Allocation Failure) 471136K->64373K(1094208K), 0.0009650 secs]
441.761: [GC (Allocation Failure) 459040K->64471K(1082304K), 0.0012320 secs]
441.943: [GC (Allocation Failure) 447230K->64471K(1070976K), 0.0010290 secs]
442.124: [GC (Allocation Failure) 435954K->64373K(1059904K), 0.0014190 secs]
442.301: [GC (Allocation Failure) 424941K->64471K(1049536K), 0.0014450 secs]
442.478: [GC (Allocation Failure) 414630K->64471K(1207872K), 0.0014450 secs]
442.727: [GC (Allocation Failure) 573011K->64471K(1191104K), 0.0014490 secs]
442.974: [GC (Allocation Failure) 556232K->64568K(1175232K), 0.0014410 secs]
443.202: [GC (Allocation Failure) 540284K->64552K(1159872K), 0.0016970 secs]
443.420: [GC (Allocation Failure) 524938K->64666K(1145152K), 0.0012140 secs]
443.636: [GC (Allocation Failure) 510451K->64666K(1131136K), 0.0014870 secs]
443.847: [GC (Allocation Failure) 496384K->64666K(1117760K), 0.0014650 secs]
444.052: [GC (Allocation Failure) 483034K->64650K(1104960K), 0.0025690 secs]
444.253: [GC (Allocation Failure) 470226K->64650K(1092672K), 0.0025320 secs]
444.450: [GC (Allocation Failure) 457926K->64764K(1081024K), 0.0014680 secs]
444.636: [GC (Allocation Failure) 446245K->64666K(1069568K), 0.0013770 secs]
444.815: [GC (Allocation Failure) 434956K->64861K(1058944K), 0.0014780 secs]
444.994: [GC (Allocation Failure) 424261K->64861K(1048576K), 0.0009820 secs]
445.157: [GC (Allocation Failure) 413935K->64764K(1206336K), 0.0011910 secs]
445.400: [GC (Allocation Failure) 571711K->64748K(1189632K), 0.0022180 secs]
445.644: [GC (Allocation Failure) 555007K->64764K(1173696K), 0.0011050 secs]
445.876: [GC (Allocation Failure) 539108K->64764K(1158464K), 0.0012030 secs]
446.097: [GC (Allocation Failure) 523862K->64861K(1144000K), 0.0010190 secs]
446.313: [GC (Allocation Failure) 509357K->64959K(1129856K), 0.0010760 secs]
446.524: [GC (Allocation Failure) 495489K->65138K(1116608K), 0.0025600 secs]
446.729: [GC (Allocation Failure) 482304K->65154K(1103872K), 0.0014820 secs]
446.931: [GC (Allocation Failure) 469556K->65154K(1091648K), 0.0014830 secs]
447.124: [GC (Allocation Failure) 457271K->65057K(1079744K), 0.0014100 secs]
447.307: [GC (Allocation Failure) 445473K->65154K(1068608K), 0.0010160 secs]
447.493: [GC (Allocation Failure) 434343K->65142K(1057856K), 0.0025450 secs]
447.674: [GC (Allocation Failure) 423669K->65256K(1204672K), 0.0012270 secs]
447.926: [GC (Allocation Failure) 570391K->65158K(1187968K), 0.0009980 secs]
448.159: [GC (Allocation Failure) 553730K->65256K(1172224K), 0.0010210 secs]
448.389: [GC (Allocation Failure) 538024K->65256K(1156928K), 0.0010290 secs]
448.617: [GC (Allocation Failure) 522830K->65260K(1142400K), 0.0010160 secs]
448.834: [GC (Allocation Failure) 508293K->65358K(1128640K), 0.0010250 secs]
449.049: [GC (Allocation Failure) 494525K->65358K(1115328K), 0.0010560 secs]
449.251: [GC (Allocation Failure) 481137K->65455K(1102400K), 0.0015300 secs]
449.447: [GC (Allocation Failure) 468567K->65553K(1090304K), 0.0010110 secs]
449.637: [GC (Allocation Failure) 456504K->65651K(1078784K), 0.0010390 secs]
449.823: [GC (Allocation Failure) 444968K->65557K(1067456K), 0.0010260 secs]
450.003: [GC (Allocation Failure) 433614K->65557K(1056768K), 0.0014360 secs]
450.180: [GC (Allocation Failure) 422902K->65655K(1203008K), 0.0010480 secs]
450.425: [GC (Allocation Failure) 569206K->65557K(1186368K), 0.0010430 secs]
450.664: [GC (Allocation Failure) 552580K->65655K(1170688K), 0.0016070 secs]
450.896: [GC (Allocation Failure) 536833K->65655K(1155456K), 0.0012380 secs]
451.118: [GC (Allocation Failure) 521741K->65752K(1141120K), 0.0014860 secs]
451.329: [GC (Allocation Failure) 507383K->65659K(1127168K), 0.0010340 secs]
451.539: [GC (Allocation Failure) 493406K->65659K(1113920K), 0.0010320 secs]
451.741: [GC (Allocation Failure) 480163K->65740K(1101312K), 0.0020860 secs]
451.938: [GC (Allocation Failure) 467660K->65659K(1089088K), 0.0010360 secs]
452.131: [GC (Allocation Failure) 455324K->65659K(1077440K), 0.0014520 secs]
452.318: [GC (Allocation Failure) 443744K->65659K(1066304K), 0.0010150 secs]
452.496: [GC (Allocation Failure) 432606K->65756K(1055744K), 0.0010100 secs]
452.667: [GC (Allocation Failure) 421987K->65756K(1201344K), 0.0010250 secs]
452.916: [GC (Allocation Failure) 567615K->65854K(1184704K), 0.0010940 secs]
453.144: [GC (Allocation Failure) 551288K->65952K(1169024K), 0.0011360 secs]
453.373: [GC (Allocation Failure) 535596K->65936K(1153984K), 0.0017610 secs]
453.592: [GC (Allocation Failure) 520541K->66050K(1139712K), 0.0010280 secs]
453.811: [GC (Allocation Failure) 506226K->66050K(1125824K), 0.0025300 secs]
454.021: [GC (Allocation Failure) 492464K->66147K(1112768K), 0.0010270 secs]
454.221: [GC (Allocation Failure) 479388K->66147K(1100032K), 0.0010080 secs]
454.412: [GC (Allocation Failure) 466774K->66249K(1088064K), 0.0013100 secs]
454.607: [GC (Allocation Failure) 454827K->66151K(1076352K), 0.0010190 secs]
454.789: [GC (Allocation Failure) 443118K->66249K(1065408K), 0.0010570 secs]
454.966: [GC (Allocation Failure) 432116K->66249K(1054656K), 0.0010220 secs]
455.136: [GC (Allocation Failure) 421498K->66347K(1199680K), 0.0011720 secs]
455.386: [GC (Allocation Failure) 566562K->66237K(1183168K), 0.0025570 secs]
455.622: [GC (Allocation Failure) 550010K->66253K(1167488K), 0.0014630 secs]
455.847: [GC (Allocation Failure) 534334K->66253K(1152512K), 0.0011540 secs]
456.069: [GC (Allocation Failure) 519358K->66253K(1138176K), 0.0014880 secs]
456.281: [GC (Allocation Failure) 505051K->66253K(1124480K), 0.0010100 secs]
456.485: [GC (Allocation Failure) 491377K->66351K(1111488K), 0.0010630 secs]
456.685: [GC (Allocation Failure) 478288K->66257K(1098752K), 0.0012030 secs]
456.876: [GC (Allocation Failure) 465711K->66339K(1086784K), 0.0015600 secs]
457.072: [GC (Allocation Failure) 453747K->66452K(1075392K), 0.0015000 secs]
457.258: [GC (Allocation Failure) 442351K->66452K(1064320K), 0.0015230 secs]
457.438: [GC (Allocation Failure) 431265K->66355K(1053568K), 0.0010050 secs]
457.610: [GC (Allocation Failure) 420634K->66452K(1197888K), 0.0010190 secs]
457.849: [GC (Allocation Failure) 564976K->66452K(1181568K), 0.0010270 secs]
458.085: [GC (Allocation Failure) 548605K->66554K(1166080K), 0.0010310 secs]
458.315: [GC (Allocation Failure) 533156K->66554K(1151040K), 0.0010500 secs]
458.536: [GC (Allocation Failure) 518220K->66652K(1136896K), 0.0010620 secs]
458.751: [GC (Allocation Failure) 504069K->66749K(1123136K), 0.0016140 secs]
458.955: [GC (Allocation Failure) 490516K->66749K(1110080K), 0.0014870 secs]
459.153: [GC (Allocation Failure) 477440K->66749K(1097600K), 0.0012230 secs]
459.346: [GC (Allocation Failure) 464974K->66847K(1085760K), 0.0014910 secs]
459.532: [GC (Allocation Failure) 453149K->66847K(1074112K), 0.0015540 secs]
459.716: [GC (Allocation Failure) 441664K->66945K(1063168K), 0.0016120 secs]
459.894: [GC (Allocation Failure) 430766K->67026K(1052672K), 0.0026010 secs]
460.067: [GC (Allocation Failure) 420214K->66945K(1196224K), 0.0014750 secs]
460.310: [GC (Allocation Failure) 563809K->67026K(1180032K), 0.0020790 secs]
460.545: [GC (Allocation Failure) 547648K->67042K(1164608K), 0.0010480 secs]
460.774: [GC (Allocation Failure) 532157K->67042K(1149632K), 0.0010140 secs]
461.001: [GC (Allocation Failure) 517343K->67042K(1135424K), 0.0019720 secs]
461.213: [GC (Allocation Failure) 503065K->67046K(1121856K), 0.0010310 secs]
461.419: [GC (Allocation Failure) 489526K->67046K(1108864K), 0.0010180 secs]
461.619: [GC (Allocation Failure) 476527K->67046K(1096384K), 0.0012020 secs]
461.818: [GC (Allocation Failure) 464102K->67128K(1084544K), 0.0026130 secs]
462.005: [GC (Allocation Failure) 452231K->67144K(1073024K), 0.0010280 secs]
462.189: [GC (Allocation Failure) 440770K->67144K(1062080K), 0.0015130 secs]
462.367: [GC (Allocation Failure) 429886K->67144K(1051584K), 0.0014650 secs]
462.540: [GC (Allocation Failure) 419367K->67226K(1194752K), 0.0017290 secs]
462.780: [GC (Allocation Failure) 562494K->67144K(1178496K), 0.0009940 secs]
463.017: [GC (Allocation Failure) 546311K->67242K(1163200K), 0.0015230 secs]
463.242: [GC (Allocation Failure) 530894K->67144K(1148224K), 0.0014160 secs]
463.462: [GC (Allocation Failure) 516055K->67339K(1134272K), 0.0014890 secs]
463.673: [GC (Allocation Failure) 502089K->67242K(1120640K), 0.0010340 secs]
463.878: [GC (Allocation Failure) 488542K->67242K(1107712K), 0.0014900 secs]
464.078: [GC (Allocation Failure) 475572K->67242K(1095296K), 0.0010290 secs]
464.269: [GC (Allocation Failure) 463174K->67226K(1083392K), 0.0020780 secs]
464.462: [GC (Allocation Failure) 451222K->67226K(1072000K), 0.0025810 secs]
464.645: [GC (Allocation Failure) 439852K->67339K(1061248K), 0.0010530 secs]
464.823: [GC (Allocation Failure) 429069K->67437K(1050624K), 0.0015510 secs]
464.997: [GC (Allocation Failure) 418764K->67632K(1193408K), 0.0014460 secs]
465.241: [GC (Allocation Failure) 561553K->67539K(1177152K), 0.0014600 secs]
465.476: [GC (Allocation Failure) 545331K->67636K(1161856K), 0.0010900 secs]
465.700: [GC (Allocation Failure) 530013K->67636K(1147008K), 0.0010360 secs]
465.921: [GC (Allocation Failure) 515305K->67738K(1133056K), 0.0010850 secs]
466.132: [GC (Allocation Failure) 501280K->67640K(1119424K), 0.0016650 secs]
466.337: [GC (Allocation Failure) 487665K->67742K(1106624K), 0.0012150 secs]
466.535: [GC (Allocation Failure) 474831K->67644K(1094144K), 0.0010330 secs]
466.724: [GC (Allocation Failure) 462394K->67648K(1082304K), 0.0017620 secs]
466.921: [GC (Allocation Failure) 450528K->67730K(1071040K), 0.0026280 secs]
467.101: [GC (Allocation Failure) 439325K->67746K(1060224K), 0.0013720 secs]
467.272: [GC (Allocation Failure) 428506K->67746K(1049664K), 0.0010440 secs]
467.446: [GC (Allocation Failure) 418003K->67746K(1191680K), 0.0014990 secs]
467.687: [GC (Allocation Failure) 560077K->67844K(1175808K), 0.0015080 secs]
467.923: [GC (Allocation Failure) 544149K->67844K(1160448K), 0.0015210 secs]
468.148: [GC (Allocation Failure) 528811K->67844K(1145600K), 0.0010520 secs]
468.364: [GC (Allocation Failure) 514090K->68039K(1131776K), 0.0010610 secs]
468.575: [GC (Allocation Failure) 500356K->68023K(1118272K), 0.0017260 secs]
468.778: [GC (Allocation Failure) 486854K->67941K(1105344K), 0.0010400 secs]
468.977: [GC (Allocation Failure) 473888K->67941K(1093056K), 0.0022600 secs]
469.174: [GC (Allocation Failure) 461624K->68023K(1081344K), 0.0017470 secs]
469.357: [GC (Allocation Failure) 449925K->67941K(1070016K), 0.0010320 secs]
469.543: [GC (Allocation Failure) 438570K->67945K(1059200K), 0.0010620 secs]
469.720: [GC (Allocation Failure) 427736K->67945K(1048832K), 0.0010550 secs]
469.891: [GC (Allocation Failure) 417429K->68043K(1189952K), 0.0010520 secs]
470.131: [GC (Allocation Failure) 558526K->68043K(1173888K), 0.0010490 secs]
470.361: [GC (Allocation Failure) 542571K->68141K(1158784K), 0.0010470 secs]
470.585: [GC (Allocation Failure) 527461K->68043K(1144064K), 0.0010240 secs]
470.801: [GC (Allocation Failure) 512725K->68043K(1130112K), 0.0010340 secs]
471.012: [GC (Allocation Failure) 498780K->68047K(1116736K), 0.0010540 secs]
471.210: [GC (Allocation Failure) 485380K->68047K(1103936K), 0.0016560 secs]
471.404: [GC (Allocation Failure) 472625K->68047K(1091712K), 0.0011450 secs]
471.600: [GC (Allocation Failure) 460388K->68129K(1080064K), 0.0026890 secs]
471.786: [GC (Allocation Failure) 448745K->68242K(1068736K), 0.0015900 secs]
471.968: [GC (Allocation Failure) 437565K->68242K(1057984K), 0.0012600 secs]
472.140: [GC (Allocation Failure) 426852K->68246K(1188352K), 0.0010400 secs]
472.376: [GC (Allocation Failure) 557222K->68344K(1172608K), 0.0015370 secs]
472.605: [GC (Allocation Failure) 541425K->68246K(1157248K), 0.0010400 secs]
472.824: [GC (Allocation Failure) 526195K->68442K(1142912K), 0.0010730 secs]
473.045: [GC (Allocation Failure) 511879K->68344K(1128896K), 0.0010250 secs]
473.258: [GC (Allocation Failure) 497823K->68442K(1115712K), 0.0015110 secs]
473.466: [GC (Allocation Failure) 484638K->68527K(1102912K), 0.0022510 secs]
473.662: [GC (Allocation Failure) 472028K->68641K(1090752K), 0.0015910 secs]
473.853: [GC (Allocation Failure) 459845K->68543K(1078912K), 0.0009990 secs]
474.037: [GC (Allocation Failure) 448091K->68641K(1067840K), 0.0012720 secs]
474.220: [GC (Allocation Failure) 436976K->68543K(1056960K), 0.0015010 secs]
474.396: [GC (Allocation Failure) 426149K->68543K(1187200K), 0.0010400 secs]
474.633: [GC (Allocation Failure) 556350K->68641K(1171520K), 0.0010160 secs]
474.867: [GC (Allocation Failure) 540637K->68641K(1156352K), 0.0010690 secs]
475.094: [GC (Allocation Failure) 525519K->68739K(1141696K), 0.0015860 secs]
475.321: [GC (Allocation Failure) 511082K->68934K(1128000K), 0.0015490 secs]
475.531: [GC (Allocation Failure) 497384K->68836K(1114624K), 0.0010570 secs]
475.734: [GC (Allocation Failure) 484046K->68934K(1102080K), 0.0015750 secs]
475.929: [GC (Allocation Failure) 471538K->68840K(1089792K), 0.0010580 secs]
476.118: [GC (Allocation Failure) 459280K->68840K(1078144K), 0.0010520 secs]
476.303: [GC (Allocation Failure) 447604K->68942K(1067136K), 0.0010490 secs]
476.484: [GC (Allocation Failure) 436566K->68942K(1056448K), 0.0015480 secs]
476.659: [GC (Allocation Failure) 425879K->68844K(1185472K), 0.0010080 secs]
476.899: [GC (Allocation Failure) 555035K->68946K(1169792K), 0.0014980 secs]
477.131: [GC (Allocation Failure) 539371K->69044K(1154816K), 0.0010860 secs]
477.355: [GC (Allocation Failure) 524349K->68946K(1140288K), 0.0010500 secs]
477.568: [GC (Allocation Failure) 509869K->68930K(1126464K), 0.0020990 secs]
477.778: [GC (Allocation Failure) 496032K->69028K(1113344K), 0.0017490 secs]
477.982: [GC (Allocation Failure) 482974K->68950K(1100672K), 0.0010380 secs]
478.182: [GC (Allocation Failure) 470217K->68950K(1088576K), 0.0010590 secs]
478.369: [GC (Allocation Failure) 458187K->68954K(1076992K), 0.0015230 secs]
478.561: [GC (Allocation Failure) 446544K->69052K(1065984K), 0.0015630 secs]
478.743: [GC (Allocation Failure) 435526K->69036K(1055296K), 0.0026450 secs]
478.917: [GC (Allocation Failure) 424907K->69052K(1184192K), 0.0015600 secs]
479.156: [GC (Allocation Failure) 553696K->68954K(1168384K), 0.0014830 secs]
479.386: [GC (Allocation Failure) 537981K->68954K(1153344K), 0.0012280 secs]
479.608: [GC (Allocation Failure) 522874K->68958K(1139008K), 0.0010420 secs]
479.826: [GC (Allocation Failure) 508545K->69040K(1125312K), 0.0027400 secs]
480.043: [GC (Allocation Failure) 494878K->68958K(1112128K), 0.0014980 secs]
480.250: [GC (Allocation Failure) 481746K->69060K(1099648K), 0.0015370 secs]
480.445: [GC (Allocation Failure) 469245K->69157K(1087488K), 0.0011570 secs]
480.635: [GC (Allocation Failure) 457272K->69161K(1075968K), 0.0015080 secs]
480.819: [GC (Allocation Failure) 445728K->69243K(1064960K), 0.0018140 secs]
481.006: [GC (Allocation Failure) 434728K->69259K(1054400K), 0.0015630 secs]
481.181: [GC (Allocation Failure) 424138K->69259K(1182272K), 0.0010120 secs]
481.416: [GC (Allocation Failure) 552154K->69243K(1166656K), 0.0027130 secs]
481.644: [GC (Allocation Failure) 536514K->69259K(1151744K), 0.0010530 secs]
481.863: [GC (Allocation Failure) 521611K->69259K(1137472K), 0.0015130 secs]
