0.676: [GC (Allocation Failure) 262208K->807K(1004928K), 0.0034480 secs]
0.869: [GC (Allocation Failure) 263015K->779K(1004928K), 0.0029790 secs]
1.030: [GC (Allocation Failure) 262987K->779K(1004928K), 0.0027300 secs]
1.187: [GC (Allocation Failure) 262941K->791K(1267136K), 0.0016630 secs]
1.595: [GC (Allocation Failure) 525207K->799K(1206848K), 0.0022900 secs]
1.861: [GC (Allocation Failure) 507743K->791K(1190144K), 0.0015370 secs]
2.117: [GC (Allocation Failure) 491025K->813K(1173568K), 0.0032660 secs]
2.373: [GC (Allocation Failure) 475117K->769K(1158336K), 0.0004540 secs]
2.606: [GC (Allocation Failure) 459832K->817K(1143744K), 0.0005540 secs]
2.841: [GC (Allocation Failure) 445297K->769K(1129792K), 0.0004660 secs]
3.062: [GC (Allocation Failure) 431297K->773K(1116416K), 0.0004430 secs]
3.276: [GC (Allocation Failure) 417925K->870K(1103680K), 0.0006400 secs]
3.485: [GC (Allocation Failure) 405222K->821K(1091392K), 0.0005580 secs]
3.688: [GC (Allocation Failure) 392949K->825K(1079680K), 0.0005440 secs]
3.878: [GC (Allocation Failure) 381241K->825K(1068480K), 0.0004610 secs]
4.070: [GC (Allocation Failure) 369995K->777K(1057728K), 0.0005380 secs]
4.254: [GC (Allocation Failure) 359241K->825K(1047424K), 0.0005900 secs]
4.437: [GC (Allocation Failure) 348985K->829K(1259072K), 0.0005530 secs]
4.739: [GC (Allocation Failure) 560637K->829K(1240064K), 0.0004870 secs]
5.014: [GC (Allocation Failure) 541629K->781K(1221888K), 0.0004370 secs]
5.279: [GC (Allocation Failure) 523405K->829K(1204544K), 0.0005110 secs]
5.538: [GC (Allocation Failure) 506075K->833K(1187968K), 0.0004470 secs]
5.788: [GC (Allocation Failure) 489537K->785K(1172096K), 0.0004960 secs]
6.022: [GC (Allocation Failure) 473617K->769K(1156864K), 0.0005900 secs]
6.248: [GC (Allocation Failure) 458433K->833K(1142400K), 0.0004550 secs]
6.466: [GC (Allocation Failure) 443969K->789K(1128512K), 0.0004760 secs]
6.688: [GC (Allocation Failure) 430037K->837K(1115200K), 0.0004620 secs]
6.898: [GC (Allocation Failure) 416773K->789K(1102464K), 0.0004590 secs]
7.101: [GC (Allocation Failure) 403989K->837K(1090304K), 0.0004670 secs]
7.304: [GC (Allocation Failure) 391854K->825K(1078656K), 0.0005780 secs]
7.493: [GC (Allocation Failure) 380171K->793K(1067456K), 0.0005350 secs]
7.683: [GC (Allocation Failure) 368985K->797K(1056704K), 0.0004540 secs]
7.864: [GC (Allocation Failure) 358237K->797K(1255040K), 0.0005610 secs]
8.154: [GC (Allocation Failure) 556573K->829K(1236160K), 0.0007840 secs]
8.427: [GC (Allocation Failure) 537725K->797K(1218176K), 0.0004380 secs]
8.692: [GC (Allocation Failure) 519698K->833K(1200960K), 0.0007510 secs]
8.951: [GC (Allocation Failure) 502518K->849K(1184512K), 0.0005160 secs]
9.201: [GC (Allocation Failure) 486097K->853K(1168768K), 0.0005510 secs]
9.436: [GC (Allocation Failure) 470357K->853K(1153728K), 0.0004580 secs]
9.666: [GC (Allocation Failure) 455317K->805K(1139328K), 0.0004320 secs]
9.886: [GC (Allocation Failure) 440869K->853K(1125568K), 0.0004510 secs]
10.098: [GC (Allocation Failure) 427157K->805K(1112384K), 0.0004380 secs]
10.301: [GC (Allocation Failure) 413880K->857K(1099776K), 0.0004460 secs]
10.502: [GC (Allocation Failure) 401369K->841K(1087680K), 0.0007480 secs]
10.699: [GC (Allocation Failure) 389257K->861K(1076096K), 0.0005450 secs]
10.889: [GC (Allocation Failure) 377693K->797K(1064960K), 0.0007440 secs]
11.079: [GC (Allocation Failure) 366557K->813K(1054400K), 0.0005840 secs]
11.255: [GC (Allocation Failure) 355949K->861K(1252800K), 0.0004610 secs]
11.532: [GC (Allocation Failure) 554397K->861K(1234048K), 0.0005460 secs]
11.809: [GC (Allocation Failure) 535645K->813K(1216128K), 0.0005470 secs]
12.068: [GC (Allocation Failure) 517677K->861K(1199040K), 0.0004770 secs]
12.318: [GC (Allocation Failure) 500637K->865K(1182656K), 0.0004840 secs]
12.557: [GC (Allocation Failure) 484257K->865K(1167040K), 0.0004620 secs]
12.793: [GC (Allocation Failure) 468624K->801K(1152000K), 0.0007020 secs]
13.026: [GC (Allocation Failure) 453582K->817K(1137728K), 0.0005660 secs]
13.251: [GC (Allocation Failure) 439281K->865K(1124032K), 0.0005370 secs]
13.464: [GC (Allocation Failure) 425633K->865K(1110912K), 0.0005350 secs]
13.676: [GC (Allocation Failure) 412482K->865K(1098368K), 0.0004330 secs]
13.878: [GC (Allocation Failure) 399969K->865K(1086336K), 0.0004590 secs]
14.076: [GC (Allocation Failure) 387937K->865K(1074816K), 0.0004410 secs]
14.266: [GC (Allocation Failure) 376371K->817K(1063808K), 0.0004250 secs]
14.451: [GC (Allocation Failure) 365330K->801K(1053184K), 0.0007210 secs]
14.633: [GC (Allocation Failure) 354785K->853K(1251584K), 0.0007300 secs]
14.917: [GC (Allocation Failure) 553173K->869K(1232896K), 0.0005430 secs]
15.187: [GC (Allocation Failure) 534501K->853K(1215040K), 0.0007590 secs]
15.447: [GC (Allocation Failure) 516629K->869K(1197952K), 0.0004270 secs]
15.693: [GC (Allocation Failure) 499557K->873K(1181632K), 0.0004470 secs]
15.933: [GC (Allocation Failure) 483193K->873K(1166016K), 0.0004300 secs]
16.167: [GC (Allocation Failure) 467625K->873K(1151104K), 0.0004650 secs]
16.393: [GC (Allocation Failure) 452694K->873K(1136832K), 0.0004900 secs]
16.620: [GC (Allocation Failure) 438441K->873K(1123200K), 0.0004590 secs]
16.833: [GC (Allocation Failure) 424809K->829K(1110144K), 0.0004130 secs]
17.043: [GC (Allocation Failure) 411709K->861K(1097664K), 0.0007260 secs]
17.247: [GC (Allocation Failure) 399261K->877K(1085696K), 0.0004830 secs]
17.444: [GC (Allocation Failure) 387309K->829K(1074240K), 0.0004320 secs]
17.631: [GC (Allocation Failure) 375805K->930K(1063232K), 0.0004890 secs]
17.814: [GC (Allocation Failure) 364898K->881K(1052672K), 0.0006920 secs]
17.992: [GC (Allocation Failure) 354289K->914K(1250560K), 0.0005340 secs]
18.270: [GC (Allocation Failure) 552210K->930K(1231936K), 0.0005800 secs]
18.539: [GC (Allocation Failure) 533602K->934K(1214144K), 0.0004260 secs]
18.794: [GC (Allocation Failure) 515814K->885K(1197120K), 0.0004430 secs]
19.047: [GC (Allocation Failure) 498741K->922K(1180864K), 0.0006240 secs]
19.291: [GC (Allocation Failure) 482522K->938K(1165312K), 0.0005390 secs]
19.528: [GC (Allocation Failure) 466986K->938K(1150400K), 0.0004910 secs]
19.761: [GC (Allocation Failure) 452074K->938K(1136192K), 0.0004560 secs]
19.983: [GC (Allocation Failure) 437866K->922K(1122560K), 0.0005230 secs]
20.198: [GC (Allocation Failure) 424218K->926K(1109504K), 0.0007490 secs]
20.404: [GC (Allocation Failure) 411166K->926K(1097024K), 0.0005210 secs]
20.608: [GC (Allocation Failure) 398686K->893K(1085056K), 0.0005400 secs]
20.803: [GC (Allocation Failure) 386685K->942K(1073600K), 0.0004160 secs]
20.997: [GC (Allocation Failure) 375278K->942K(1062656K), 0.0004620 secs]
21.186: [GC (Allocation Failure) 364334K->897K(1052160K), 0.0004320 secs]
21.367: [GC (Allocation Failure) 353793K->946K(1249664K), 0.0004540 secs]
21.643: [GC (Allocation Failure) 551346K->946K(1231040K), 0.0005170 secs]
21.911: [GC (Allocation Failure) 532722K->897K(1213248K), 0.0005380 secs]
22.173: [GC (Allocation Failure) 514881K->946K(1196288K), 0.0005120 secs]
22.419: [GC (Allocation Failure) 497970K->946K(1180032K), 0.0005300 secs]
22.662: [GC (Allocation Failure) 481714K->946K(1164480K), 0.0005080 secs]
22.897: [GC (Allocation Failure) 466162K->897K(1149632K), 0.0006410 secs]
23.125: [GC (Allocation Failure) 451265K->950K(1135424K), 0.0004230 secs]
23.341: [GC (Allocation Failure) 437085K->950K(1121856K), 0.0005540 secs]
23.563: [GC (Allocation Failure) 423542K->950K(1108864K), 0.0005130 secs]
23.771: [GC (Allocation Failure) 410550K->954K(1096384K), 0.0004370 secs]
23.975: [GC (Allocation Failure) 398074K->954K(1084480K), 0.0004560 secs]
24.166: [GC (Allocation Failure) 386170K->954K(1073024K), 0.0004700 secs]
24.357: [GC (Allocation Failure) 374714K->905K(1062080K), 0.0004110 secs]
24.546: [GC (Allocation Failure) 363721K->958K(1051584K), 0.0005860 secs]
24.726: [GC (Allocation Failure) 353249K->958K(1248640K), 0.0004970 secs]
25.008: [GC (Allocation Failure) 550306K->942K(1230080K), 0.0005610 secs]
25.277: [GC (Allocation Failure) 531758K->962K(1212352K), 0.0004110 secs]
25.536: [GC (Allocation Failure) 514050K->962K(1195392K), 0.0004560 secs]
25.793: [GC (Allocation Failure) 497090K->946K(1179200K), 0.0005270 secs]
26.035: [GC (Allocation Failure) 480882K->917K(1163712K), 0.0005560 secs]
26.265: [GC (Allocation Failure) 465365K->950K(1148928K), 0.0005340 secs]
26.494: [GC (Allocation Failure) 450614K->917K(1134784K), 0.0004390 secs]
26.716: [GC (Allocation Failure) 436437K->966K(1121216K), 0.0004700 secs]
26.926: [GC (Allocation Failure) 422918K->917K(1108224K), 0.0005380 secs]
27.133: [GC (Allocation Failure) 409877K->921K(1095808K), 0.0004990 secs]
27.334: [GC (Allocation Failure) 397465K->970K(1083904K), 0.0005400 secs]
27.528: [GC (Allocation Failure) 385610K->970K(1072512K), 0.0004770 secs]
27.715: [GC (Allocation Failure) 374218K->974K(1061568K), 0.0004740 secs]
27.896: [GC (Allocation Failure) 363271K->974K(1051072K), 0.0004910 secs]
28.076: [GC (Allocation Failure) 352782K->974K(1247744K), 0.0004550 secs]
28.355: [GC (Allocation Failure) 549426K->978K(1229248K), 0.0004440 secs]
28.625: [GC (Allocation Failure) 530962K->978K(1211520K), 0.0004470 secs]
28.887: [GC (Allocation Failure) 513234K->962K(1194624K), 0.0006860 secs]
29.139: [GC (Allocation Failure) 496322K->962K(1178432K), 0.0007380 secs]
29.380: [GC (Allocation Failure) 480130K->929K(1163008K), 0.0004970 secs]
29.619: [GC (Allocation Failure) 464673K->1031K(1148288K), 0.0005690 secs]
29.848: [GC (Allocation Failure) 449991K->966K(1134016K), 0.0006320 secs]
30.068: [GC (Allocation Failure) 435782K->1035K(1120576K), 0.0004320 secs]
30.280: [GC (Allocation Failure) 422347K->1035K(1107648K), 0.0004530 secs]
30.485: [GC (Allocation Failure) 409381K->970K(1095168K), 0.0007370 secs]
30.687: [GC (Allocation Failure) 396938K->990K(1083328K), 0.0004480 secs]
30.883: [GC (Allocation Failure) 385054K->1039K(1071936K), 0.0004510 secs]
31.076: [GC (Allocation Failure) 373711K->990K(1061056K), 0.0005010 secs]
31.260: [GC (Allocation Failure) 362782K->990K(1050624K), 0.0004290 secs]
31.435: [GC (Allocation Failure) 352350K->1039K(1246656K), 0.0004960 secs]
31.713: [GC (Allocation Failure) 548431K->990K(1228160K), 0.0004410 secs]
31.977: [GC (Allocation Failure) 529886K->1039K(1210496K), 0.0004190 secs]
32.236: [GC (Allocation Failure) 512271K->1039K(1193664K), 0.0005330 secs]
32.484: [GC (Allocation Failure) 495431K->1043K(1177536K), 0.0004990 secs]
32.722: [GC (Allocation Failure) 479305K->1043K(1162112K), 0.0004550 secs]
32.952: [GC (Allocation Failure) 463867K->994K(1147392K), 0.0005200 secs]
33.182: [GC (Allocation Failure) 449122K->994K(1133312K), 0.0005490 secs]
33.401: [GC (Allocation Failure) 435042K->1043K(1119808K), 0.0004340 secs]
33.612: [GC (Allocation Failure) 421587K->1043K(1106880K), 0.0004510 secs]
33.816: [GC (Allocation Failure) 408659K->1027K(1094528K), 0.0005200 secs]
34.015: [GC (Allocation Failure) 396291K->1031K(1082688K), 0.0007490 secs]
34.213: [GC (Allocation Failure) 384455K->1047K(1071360K), 0.0004300 secs]
34.402: [GC (Allocation Failure) 373139K->1047K(1060480K), 0.0005380 secs]
34.585: [GC (Allocation Failure) 362263K->1002K(1050048K), 0.0004980 secs]
34.765: [GC (Allocation Failure) 351745K->1051K(1245760K), 0.0004510 secs]
35.039: [GC (Allocation Failure) 547547K->1002K(1227328K), 0.0004000 secs]
35.310: [GC (Allocation Failure) 529066K->1002K(1209728K), 0.0004750 secs]
35.567: [GC (Allocation Failure) 511466K->1002K(1192896K), 0.0004250 secs]
35.811: [GC (Allocation Failure) 494634K->1051K(1176832K), 0.0005200 secs]
36.054: [GC (Allocation Failure) 478619K->1002K(1161472K), 0.0004110 secs]
36.287: [GC (Allocation Failure) 463210K->1006K(1146752K), 0.0004560 secs]
36.508: [GC (Allocation Failure) 448494K->1055K(1132672K), 0.0004820 secs]
36.733: [GC (Allocation Failure) 434463K->990K(1119168K), 0.0005510 secs]
36.941: [GC (Allocation Failure) 420958K->1059K(1106368K), 0.0004820 secs]
37.144: [GC (Allocation Failure) 408163K->1010K(1094016K), 0.0005420 secs]
37.347: [GC (Allocation Failure) 395762K->1014K(1082176K), 0.0005190 secs]
37.539: [GC (Allocation Failure) 383926K->1014K(1070848K), 0.0005650 secs]
37.729: [GC (Allocation Failure) 372552K->1047K(1059968K), 0.0006390 secs]
37.911: [GC (Allocation Failure) 361751K->1014K(1049536K), 0.0004950 secs]
38.088: [GC (Allocation Failure) 351286K->1018K(1244672K), 0.0006550 secs]
38.366: [GC (Allocation Failure) 546426K->1051K(1226304K), 0.0005630 secs]
38.631: [GC (Allocation Failure) 528091K->1002K(1208704K), 0.0007220 secs]
38.889: [GC (Allocation Failure) 510506K->1018K(1192000K), 0.0004490 secs]
39.141: [GC (Allocation Failure) 493754K->1067K(1175936K), 0.0004450 secs]
39.376: [GC (Allocation Failure) 477739K->1071K(1160576K), 0.0005050 secs]
39.603: [GC (Allocation Failure) 462383K->1071K(1145920K), 0.0004230 secs]
39.829: [GC (Allocation Failure) 447727K->1022K(1131904K), 0.0005450 secs]
40.045: [GC (Allocation Failure) 433662K->1055K(1118464K), 0.0005330 secs]
40.260: [GC (Allocation Failure) 420255K->1075K(1105600K), 0.0004450 secs]
40.470: [GC (Allocation Failure) 407411K->1059K(1093312K), 0.0007000 secs]
40.672: [GC (Allocation Failure) 395107K->1063K(1081536K), 0.0007780 secs]
40.867: [GC (Allocation Failure) 383335K->1079K(1070208K), 0.0007430 secs]
41.051: [GC (Allocation Failure) 372023K->1030K(1059392K), 0.0005620 secs]
41.230: [GC (Allocation Failure) 361158K->1030K(1049024K), 0.0005000 secs]
41.405: [GC (Allocation Failure) 350790K->1030K(1243712K), 0.0004330 secs]
41.674: [GC (Allocation Failure) 545478K->1034K(1225344K), 0.0004090 secs]
41.941: [GC (Allocation Failure) 527114K->1034K(1207808K), 0.0004320 secs]
42.192: [GC (Allocation Failure) 509578K->1083K(1191040K), 0.0004240 secs]
42.437: [GC (Allocation Failure) 492859K->1038K(1175040K), 0.0005390 secs]
42.679: [GC (Allocation Failure) 476809K->1087K(1159744K), 0.0004380 secs]
42.909: [GC (Allocation Failure) 461567K->1087K(1145088K), 0.0004610 secs]
43.137: [GC (Allocation Failure) 446870K->1087K(1131072K), 0.0006360 secs]
43.354: [GC (Allocation Failure) 432858K->1087K(1117696K), 0.0005630 secs]
43.570: [GC (Allocation Failure) 419519K->1075K(1104896K), 0.0005390 secs]
43.782: [GC (Allocation Failure) 406707K->1042K(1092608K), 0.0005380 secs]
43.981: [GC (Allocation Failure) 394386K->1042K(1080832K), 0.0005120 secs]
44.179: [GC (Allocation Failure) 382564K->1091K(1069568K), 0.0005460 secs]
44.363: [GC (Allocation Failure) 371389K->1026K(1058688K), 0.0007250 secs]
44.548: [GC (Allocation Failure) 360514K->1095K(1048384K), 0.0004500 secs]
44.724: [GC (Allocation Failure) 350215K->1095K(1242624K), 0.0005080 secs]
45.002: [GC (Allocation Failure) 544455K->1095K(1224320K), 0.0005380 secs]
45.260: [GC (Allocation Failure) 526151K->1128K(1206848K), 0.0007820 secs]
45.515: [GC (Allocation Failure) 508712K->1095K(1190144K), 0.0005480 secs]
45.758: [GC (Allocation Failure) 491975K->1148K(1174208K), 0.0005600 secs]
45.990: [GC (Allocation Failure) 476092K->1099K(1158912K), 0.0005630 secs]
46.222: [GC (Allocation Failure) 460714K->1148K(1144320K), 0.0004180 secs]
46.441: [GC (Allocation Failure) 446204K->1152K(1130368K), 0.0004630 secs]
46.654: [GC (Allocation Failure) 432208K->1152K(1116992K), 0.0004230 secs]
46.863: [GC (Allocation Failure) 418880K->1152K(1104192K), 0.0005670 secs]
47.067: [GC (Allocation Failure) 406080K->1156K(1091904K), 0.0004980 secs]
47.267: [GC (Allocation Failure) 393796K->1091K(1080128K), 0.0007490 secs]
47.459: [GC (Allocation Failure) 382019K->1107K(1068928K), 0.0005450 secs]
47.649: [GC (Allocation Failure) 370771K->1156K(1058176K), 0.0004620 secs]
47.830: [GC (Allocation Failure) 360068K->1156K(1241664K), 0.0004500 secs]
48.106: [GC (Allocation Failure) 543556K->1111K(1223424K), 0.0005020 secs]
48.372: [GC (Allocation Failure) 525271K->1111K(1206016K), 0.0004080 secs]
48.626: [GC (Allocation Failure) 507863K->1160K(1189376K), 0.0005960 secs]
48.877: [GC (Allocation Failure) 491272K->1115K(1173440K), 0.0005290 secs]
49.117: [GC (Allocation Failure) 475291K->1115K(1158208K), 0.0005590 secs]
49.353: [GC (Allocation Failure) 460059K->1119K(1143616K), 0.0004320 secs]
49.580: [GC (Allocation Failure) 445471K->1119K(1129664K), 0.0004330 secs]
49.795: [GC (Allocation Failure) 431519K->1168K(1116352K), 0.0004230 secs]
50.007: [GC (Allocation Failure) 418256K->1123K(1103552K), 0.0004530 secs]
50.214: [GC (Allocation Failure) 405374K->1107K(1091264K), 0.0007380 secs]
50.413: [GC (Allocation Failure) 393171K->1156K(1079616K), 0.0006310 secs]
50.603: [GC (Allocation Failure) 381508K->1176K(1068416K), 0.0005080 secs]
50.801: [GC (Allocation Failure) 370328K->1176K(1057664K), 0.0004520 secs]
50.988: [GC (Allocation Failure) 359576K->1180K(1240704K), 0.0004610 secs]
51.256: [GC (Allocation Failure) 542620K->1164K(1222528K), 0.0007480 secs]
51.515: [GC (Allocation Failure) 524428K->1180K(1205120K), 0.0004310 secs]
