0.328: [GC (Allocation Failure) 262208K->345K(1004928K), 0.0012180 secs]
0.485: [GC (Allocation Failure) 262456K->447K(1004928K), 0.0007310 secs]
0.635: [GC (Allocation Failure) 262655K->333K(1004928K), 0.0008800 secs]
0.805: [GC (Allocation Failure) 262541K->455K(1004928K), 0.0005950 secs]
0.930: [GC (Allocation Failure) 262663K->455K(1004928K), 0.0006380 secs]
1.046: [GC (Allocation Failure) 262663K->439K(1048000K), 0.0006920 secs]
1.225: [GC (Allocation Failure) 348771K->435K(1047488K), 0.0007080 secs]
1.409: [GC (Allocation Failure) 348787K->435K(1047936K), 0.0002170 secs]
1.556: [GC (Allocation Failure) 348659K->435K(1047360K), 0.0002040 secs]
1.711: [GC (Allocation Failure) 348577K->435K(1047872K), 0.0002010 secs]
1.862: [GC (Allocation Failure) 348520K->435K(1047872K), 0.0003560 secs]
2.016: [GC (Allocation Failure) 348480K->435K(1047872K), 0.0002030 secs]
2.165: [GC (Allocation Failure) 348452K->435K(1047872K), 0.0002180 secs]
2.318: [GC (Allocation Failure) 348447K->435K(1047936K), 0.0002200 secs]
2.473: [GC (Allocation Failure) 348581K->435K(1047872K), 0.0002050 secs]
2.677: [GC (Allocation Failure) 348530K->435K(1047936K), 0.0002070 secs]
2.861: [GC (Allocation Failure) 348627K->435K(1047936K), 0.0002140 secs]
3.012: [GC (Allocation Failure) 348624K->435K(1048000K), 0.0002170 secs]
3.161: [GC (Allocation Failure) 348751K->435K(1048000K), 0.0002050 secs]
3.359: [GC (Allocation Failure) 348721K->435K(1048064K), 0.0002120 secs]
3.509: [GC (Allocation Failure) 348796K->435K(1048000K), 0.0002040 secs]
3.708: [GC (Allocation Failure) 348805K->435K(1048128K), 0.0002160 secs]
3.859: [GC (Allocation Failure) 348902K->435K(1048064K), 0.0003080 secs]
4.059: [GC (Allocation Failure) 348896K->435K(1048128K), 0.0002160 secs]
4.218: [GC (Allocation Failure) 348990K->435K(1048128K), 0.0002270 secs]
4.368: [GC (Allocation Failure) 348988K->435K(1048192K), 0.0002060 secs]
4.542: [GC (Allocation Failure) 349086K->435K(1048192K), 0.0002160 secs]
4.696: [GC (Allocation Failure) 349086K->435K(1048256K), 0.0002060 secs]
4.846: [GC (Allocation Failure) 349184K->435K(1048192K), 0.0002030 secs]
5.067: [GC (Allocation Failure) 349184K->435K(1048256K), 0.0002150 secs]
5.220: [GC (Allocation Failure) 349281K->435K(1048256K), 0.0002070 secs]
5.375: [GC (Allocation Failure) 349281K->435K(1048320K), 0.0002140 secs]
5.525: [GC (Allocation Failure) 349379K->435K(1048320K), 0.0002180 secs]
5.713: [GC (Allocation Failure) 349379K->435K(1048320K), 0.0002040 secs]
5.863: [GC (Allocation Failure) 349379K->435K(1048320K), 0.0002270 secs]
6.014: [GC (Allocation Failure) 349379K->435K(1048384K), 0.0002770 secs]
6.214: [GC (Allocation Failure) 349477K->435K(1048384K), 0.0002050 secs]
6.420: [GC (Allocation Failure) 349477K->435K(1048384K), 0.0002090 secs]
6.671: [GC (Allocation Failure) 349477K->435K(1048384K), 0.0002280 secs]
6.877: [GC (Allocation Failure) 349477K->435K(1048448K), 0.0003340 secs]
7.079: [GC (Allocation Failure) 349574K->435K(1048384K), 0.0002170 secs]
7.419: [GC (Allocation Failure) 349574K->435K(1048448K), 0.0002460 secs]
7.619: [GC (Allocation Failure) 349672K->435K(1048448K), 0.0002090 secs]
7.867: [GC (Allocation Failure) 349672K->435K(1048448K), 0.0002270 secs]
8.071: [GC (Allocation Failure) 349672K->435K(1048448K), 0.0002200 secs]
8.275: [GC (Allocation Failure) 349672K->435K(1048448K), 0.0002070 secs]
8.483: [GC (Allocation Failure) 349672K->435K(1048448K), 0.0002290 secs]
8.725: [GC (Allocation Failure) 349672K->435K(1048512K), 0.0002310 secs]
8.931: [GC (Allocation Failure) 349672K->435K(1048448K), 0.0011000 secs]
9.147: [GC (Allocation Failure) 349672K->435K(1048512K), 0.0002090 secs]
9.421: [GC (Allocation Failure) 349770K->435K(1048512K), 0.0002080 secs]
9.725: [GC (Allocation Failure) 349770K->435K(1048512K), 0.0002260 secs]
9.928: [GC (Allocation Failure) 349770K->435K(1048512K), 0.0002790 secs]
10.184: [GC (Allocation Failure) 349770K->435K(1048512K), 0.0002930 secs]
10.388: [GC (Allocation Failure) 349770K->435K(1048512K), 0.0002820 secs]
10.621: [GC (Allocation Failure) 349770K->435K(1048512K), 0.0002090 secs]
10.877: [GC (Allocation Failure) 349770K->435K(1048512K), 0.0002170 secs]
11.080: [GC (Allocation Failure) 349770K->435K(1048512K), 0.0002800 secs]
11.323: [GC (Allocation Failure) 349770K->435K(1048512K), 0.0002160 secs]
11.499: [GC (Allocation Failure) 349770K->435K(1048512K), 0.0002100 secs]
11.703: [GC (Allocation Failure) 349770K->435K(1048512K), 0.0002440 secs]
11.885: [GC (Allocation Failure) 349770K->435K(1048512K), 0.0002890 secs]
12.087: [GC (Allocation Failure) 349770K->435K(1048512K), 0.0002080 secs]
12.238: [GC (Allocation Failure) 349770K->435K(1048512K), 0.0002860 secs]
12.428: [GC (Allocation Failure) 349770K->435K(1048512K), 0.0002180 secs]
12.579: [GC (Allocation Failure) 349770K->435K(1048512K), 0.0002080 secs]
12.733: [GC (Allocation Failure) 349770K->435K(1048512K), 0.0002200 secs]
12.883: [GC (Allocation Failure) 349770K->435K(1048512K), 0.0002080 secs]
13.125: [GC (Allocation Failure) 349770K->435K(1048512K), 0.0002200 secs]
13.276: [GC (Allocation Failure) 349770K->435K(1048512K), 0.0002140 secs]
13.472: [GC (Allocation Failure) 349770K->435K(1048512K), 0.0002080 secs]
13.626: [GC (Allocation Failure) 349770K->435K(1048512K), 0.0002320 secs]
13.781: [GC (Allocation Failure) 349770K->435K(1048512K), 0.0002150 secs]
13.976: [GC (Allocation Failure) 349770K->435K(1048512K), 0.0002200 secs]
14.128: [GC (Allocation Failure) 349770K->435K(1048512K), 0.0002030 secs]
14.328: [GC (Allocation Failure) 349770K->435K(1048512K), 0.0002720 secs]
14.494: [GC (Allocation Failure) 349770K->435K(1048512K), 0.0002200 secs]
14.648: [GC (Allocation Failure) 349770K->435K(1048512K), 0.0002060 secs]
14.798: [GC (Allocation Failure) 349770K->435K(1048512K), 0.0002090 secs]
14.983: [GC (Allocation Failure) 349770K->435K(1048512K), 0.0002300 secs]
15.132: [GC (Allocation Failure) 349770K->435K(1048512K), 0.0002050 secs]
15.412: [GC (Allocation Failure) 349770K->435K(1048512K), 0.0002290 secs]
15.561: [GC (Allocation Failure) 349770K->435K(1048512K), 0.0002080 secs]
15.785: [GC (Allocation Failure) 349770K->435K(1048512K), 0.0002140 secs]
15.934: [GC (Allocation Failure) 349770K->435K(1048512K), 0.0002070 secs]
16.131: [GC (Allocation Failure) 349770K->435K(1048512K), 0.0002180 secs]
16.281: [GC (Allocation Failure) 349770K->435K(1048512K), 0.0002090 secs]
16.435: [GC (Allocation Failure) 349770K->435K(1048512K), 0.0002050 secs]
16.584: [GC (Allocation Failure) 349770K->435K(1048512K), 0.0002070 secs]
16.882: [GC (Allocation Failure) 349770K->435K(1048512K), 0.0002080 secs]
17.033: [GC (Allocation Failure) 349770K->435K(1048512K), 0.0002880 secs]
17.187: [GC (Allocation Failure) 349770K->435K(1048512K), 0.0002280 secs]
17.434: [GC (Allocation Failure) 349770K->435K(1048512K), 0.0002180 secs]
17.588: [GC (Allocation Failure) 349770K->435K(1048512K), 0.0002130 secs]
17.784: [GC (Allocation Failure) 349770K->435K(1048512K), 0.0002060 secs]
17.933: [GC (Allocation Failure) 349770K->435K(1048512K), 0.0002070 secs]
18.085: [GC (Allocation Failure) 349770K->435K(1048512K), 0.0002020 secs]
18.234: [GC (Allocation Failure) 349770K->435K(1048512K), 0.0002080 secs]
18.385: [GC (Allocation Failure) 349770K->435K(1048512K), 0.0001980 secs]
18.551: [GC (Allocation Failure) 349770K->435K(1048512K), 0.0002080 secs]
18.700: [GC (Allocation Failure) 349770K->435K(1048512K), 0.0002190 secs]
18.853: [GC (Allocation Failure) 349770K->435K(1048512K), 0.0002220 secs]
19.002: [GC (Allocation Failure) 349770K->435K(1048512K), 0.0002810 secs]
19.186: [GC (Allocation Failure) 349770K->435K(1048512K), 0.0002160 secs]
19.336: [GC (Allocation Failure) 349770K->435K(1048512K), 0.0002060 secs]
19.501: [GC (Allocation Failure) 349770K->435K(1048512K), 0.0002310 secs]
19.650: [GC (Allocation Failure) 349770K->435K(1048512K), 0.0002060 secs]
19.841: [GC (Allocation Failure) 349770K->435K(1048512K), 0.0002180 secs]
19.989: [GC (Allocation Failure) 349770K->435K(1048512K), 0.0002070 secs]
20.142: [GC (Allocation Failure) 349770K->435K(1048512K), 0.0002760 secs]
20.298: [GC (Allocation Failure) 349770K->435K(1048512K), 0.0002080 secs]
20.473: [GC (Allocation Failure) 349770K->435K(1048512K), 0.0002290 secs]
20.623: [GC (Allocation Failure) 349770K->435K(1048512K), 0.0002180 secs]
20.793: [GC (Allocation Failure) 349770K->435K(1048512K), 0.0002170 secs]
20.943: [GC (Allocation Failure) 349770K->435K(1048512K), 0.0002190 secs]
21.098: [GC (Allocation Failure) 349770K->435K(1048512K), 0.0002180 secs]
21.247: [GC (Allocation Failure) 349770K->435K(1048512K), 0.0002080 secs]
21.413: [GC (Allocation Failure) 349770K->435K(1048512K), 0.0002220 secs]
21.562: [GC (Allocation Failure) 349770K->435K(1048512K), 0.0002070 secs]
21.791: [GC (Allocation Failure) 349770K->435K(1048512K), 0.0002100 secs]
21.997: [GC (Allocation Failure) 349770K->435K(1048512K), 0.0002180 secs]
22.149: [GC (Allocation Failure) 349770K->435K(1048512K), 0.0003340 secs]
22.298: [GC (Allocation Failure) 349770K->435K(1048512K), 0.0002070 secs]
22.454: [GC (Allocation Failure) 349770K->435K(1048512K), 0.0002160 secs]
22.613: [GC (Allocation Failure) 349770K->435K(1048512K), 0.0002100 secs]
22.763: [GC (Allocation Failure) 349770K->435K(1048512K), 0.0002180 secs]
22.917: [GC (Allocation Failure) 349770K->435K(1048512K), 0.0002160 secs]
23.102: [GC (Allocation Failure) 349770K->435K(1048512K), 0.0002230 secs]
23.256: [GC (Allocation Failure) 349770K->435K(1048512K), 0.0002180 secs]
23.407: [GC (Allocation Failure) 349770K->435K(1048512K), 0.0002190 secs]
23.560: [GC (Allocation Failure) 349770K->435K(1048512K), 0.0002200 secs]
23.795: [GC (Allocation Failure) 349770K->435K(1048512K), 0.0002030 secs]
23.944: [GC (Allocation Failure) 349770K->435K(1048512K), 0.0002070 secs]
24.095: [GC (Allocation Failure) 349770K->435K(1048512K), 0.0002140 secs]
24.305: [GC (Allocation Failure) 349770K->435K(1048512K), 0.0002310 secs]
24.456: [GC (Allocation Failure) 349770K->435K(1048512K), 0.0002780 secs]
24.645: [GC (Allocation Failure) 349770K->435K(1048512K), 0.0002220 secs]
24.796: [GC (Allocation Failure) 349770K->435K(1048512K), 0.0002020 secs]
24.945: [GC (Allocation Failure) 349770K->435K(1048512K), 0.0002080 secs]
25.213: [GC (Allocation Failure) 349770K->435K(1048512K), 0.0002300 secs]
25.364: [GC (Allocation Failure) 349770K->435K(1048512K), 0.0002090 secs]
25.546: [GC (Allocation Failure) 349770K->435K(1048512K), 0.0002220 secs]
25.698: [GC (Allocation Failure) 349770K->435K(1048512K), 0.0002030 secs]
25.898: [GC (Allocation Failure) 349770K->435K(1048512K), 0.0002080 secs]
26.099: [GC (Allocation Failure) 349770K->435K(1048512K), 0.0002140 secs]
26.248: [GC (Allocation Failure) 349770K->435K(1048512K), 0.0002050 secs]
26.449: [GC (Allocation Failure) 349770K->435K(1048512K), 0.0002240 secs]
26.603: [GC (Allocation Failure) 349770K->435K(1048512K), 0.0002150 secs]
26.798: [GC (Allocation Failure) 349770K->435K(1048512K), 0.0002090 secs]
27.003: [GC (Allocation Failure) 349770K->435K(1048512K), 0.0002180 secs]
27.152: [GC (Allocation Failure) 349770K->435K(1048512K), 0.0002060 secs]
27.304: [GC (Allocation Failure) 349770K->435K(1048512K), 0.0002020 secs]
27.453: [GC (Allocation Failure) 349770K->435K(1048512K), 0.0003760 secs]
27.607: [GC (Allocation Failure) 349770K->435K(1048512K), 0.0002770 secs]
27.759: [GC (Allocation Failure) 349770K->435K(1048512K), 0.0002110 secs]
27.917: [GC (Allocation Failure) 349770K->435K(1048512K), 0.0002210 secs]
28.067: [GC (Allocation Failure) 349770K->435K(1048512K), 0.0002070 secs]
28.251: [GC (Allocation Failure) 349770K->435K(1048512K), 0.0002090 secs]
28.406: [GC (Allocation Failure) 349770K->435K(1048512K), 0.0002190 secs]
28.559: [GC (Allocation Failure) 349770K->435K(1048512K), 0.0002170 secs]
28.753: [GC (Allocation Failure) 349770K->435K(1048512K), 0.0002030 secs]
28.903: [GC (Allocation Failure) 349770K->435K(1048512K), 0.0002100 secs]
29.104: [GC (Allocation Failure) 349770K->435K(1048512K), 0.0002080 secs]
29.303: [GC (Allocation Failure) 349770K->435K(1048512K), 0.0002080 secs]
29.473: [GC (Allocation Failure) 349770K->435K(1048512K), 0.0002290 secs]
29.622: [GC (Allocation Failure) 349770K->435K(1048512K), 0.0002070 secs]
29.775: [GC (Allocation Failure) 349770K->435K(1048512K), 0.0002260 secs]
29.955: [GC (Allocation Failure) 349770K->435K(1048512K), 0.0002060 secs]
30.104: [GC (Allocation Failure) 349770K->435K(1048512K), 0.0002760 secs]
30.318: [GC (Allocation Failure) 349770K->435K(1048512K), 0.0002290 secs]
30.472: [GC (Allocation Failure) 349770K->435K(1048512K), 0.0002760 secs]
30.623: [GC (Allocation Failure) 349770K->435K(1048512K), 0.0002110 secs]
30.805: [GC (Allocation Failure) 349770K->435K(1048512K), 0.0002070 secs]
31.007: [GC (Allocation Failure) 349770K->435K(1048512K), 0.0002170 secs]
31.156: [GC (Allocation Failure) 349770K->435K(1048512K), 0.0002060 secs]
31.307: [GC (Allocation Failure) 349770K->435K(1048512K), 0.0002030 secs]
31.513: [GC (Allocation Failure) 349770K->435K(1048512K), 0.0002110 secs]
31.662: [GC (Allocation Failure) 349770K->435K(1048512K), 0.0002200 secs]
31.816: [GC (Allocation Failure) 349770K->435K(1048512K), 0.0002190 secs]
32.009: [GC (Allocation Failure) 349770K->435K(1048512K), 0.0002080 secs]
32.158: [GC (Allocation Failure) 349770K->435K(1048512K), 0.0002800 secs]
32.410: [GC (Allocation Failure) 349770K->435K(1048512K), 0.0002070 secs]
32.708: [GC (Allocation Failure) 349770K->435K(1048512K), 0.0010190 secs]
32.859: [GC (Allocation Failure) 349770K->435K(1048512K), 0.0002790 secs]
33.010: [GC (Allocation Failure) 349770K->435K(1048512K), 0.0002230 secs]
33.164: [GC (Allocation Failure) 349770K->435K(1048512K), 0.0002150 secs]
33.361: [GC (Allocation Failure) 349770K->435K(1048512K), 0.0002180 secs]
33.510: [GC (Allocation Failure) 349770K->435K(1048512K), 0.0002080 secs]
33.661: [GC (Allocation Failure) 349770K->435K(1048512K), 0.0002040 secs]
33.813: [GC (Allocation Failure) 349770K->435K(1048512K), 0.0002110 secs]
33.965: [GC (Allocation Failure) 349770K->435K(1048512K), 0.0002160 secs]
34.160: [GC (Allocation Failure) 349770K->435K(1048512K), 0.0002090 secs]
34.313: [GC (Allocation Failure) 349770K->435K(1048512K), 0.0002080 secs]
34.488: [GC (Allocation Failure) 349770K->435K(1048512K), 0.0002200 secs]
34.637: [GC (Allocation Failure) 349770K->435K(1048512K), 0.0002070 secs]
34.809: [GC (Allocation Failure) 349770K->435K(1048512K), 0.0002790 secs]
34.963: [GC (Allocation Failure) 349770K->435K(1048512K), 0.0002200 secs]
35.114: [GC (Allocation Failure) 349770K->435K(1048512K), 0.0002060 secs]
35.314: [GC (Allocation Failure) 349770K->435K(1048512K), 0.0002150 secs]
35.464: [GC (Allocation Failure) 349770K->435K(1048512K), 0.0002050 secs]
35.618: [GC (Allocation Failure) 349770K->435K(1048512K), 0.0002780 secs]
35.768: [GC (Allocation Failure) 349770K->435K(1048512K), 0.0002080 secs]
35.968: [GC (Allocation Failure) 349770K->435K(1048512K), 0.0002140 secs]
36.118: [GC (Allocation Failure) 349770K->435K(1048512K), 0.0002200 secs]
36.272: [GC (Allocation Failure) 349770K->435K(1048512K), 0.0002130 secs]
36.423: [GC (Allocation Failure) 349770K->435K(1048512K), 0.0002090 secs]
36.575: [GC (Allocation Failure) 349770K->435K(1048512K), 0.0002030 secs]
36.724: [GC (Allocation Failure) 349770K->435K(1048512K), 0.0002190 secs]
36.876: [GC (Allocation Failure) 349770K->435K(1048512K), 0.0002160 secs]
37.066: [GC (Allocation Failure) 349770K->435K(1048512K), 0.0002810 secs]
37.315: [GC (Allocation Failure) 349770K->435K(1048512K), 0.0002070 secs]
37.518: [GC (Allocation Failure) 349770K->435K(1048512K), 0.0002050 secs]
37.716: [GC (Allocation Failure) 349770K->435K(1048512K), 0.0003010 secs]
37.878: [GC (Allocation Failure) 349770K->435K(1048512K), 0.0002280 secs]
38.027: [GC (Allocation Failure) 349770K->435K(1048512K), 0.0002050 secs]
38.180: [GC (Allocation Failure) 349770K->435K(1048512K), 0.0002770 secs]
38.331: [GC (Allocation Failure) 349770K->435K(1048512K), 0.0002110 secs]
38.512: [GC (Allocation Failure) 349770K->435K(1048512K), 0.0002150 secs]
38.661: [GC (Allocation Failure) 349770K->435K(1048512K), 0.0002110 secs]
38.868: [GC (Allocation Failure) 349770K->435K(1048512K), 0.0002210 secs]
39.021: [GC (Allocation Failure) 349770K->435K(1048512K), 0.0002160 secs]
39.221: [GC (Allocation Failure) 349770K->435K(1048512K), 0.0002050 secs]
39.370: [GC (Allocation Failure) 349770K->435K(1048512K), 0.0002080 secs]
39.620: [GC (Allocation Failure) 349770K->435K(1048512K), 0.0002070 secs]
39.921: [GC (Allocation Failure) 349770K->435K(1048512K), 0.0002090 secs]
40.220: [GC (Allocation Failure) 349770K->435K(1048512K), 0.0002310 secs]
40.372: [GC (Allocation Failure) 349770K->435K(1048512K), 0.0002040 secs]
40.523: [GC (Allocation Failure) 349770K->435K(1048512K), 0.0002140 secs]
40.774: [GC (Allocation Failure) 349770K->435K(1048512K), 0.0002080 secs]
40.923: [GC (Allocation Failure) 349770K->435K(1048512K), 0.0002050 secs]
41.124: [GC (Allocation Failure) 349770K->435K(1048512K), 0.0002800 secs]
41.380: [GC (Allocation Failure) 349770K->435K(1048512K), 0.0002150 secs]
41.530: [GC (Allocation Failure) 349770K->435K(1048512K), 0.0002090 secs]
41.726: [GC (Allocation Failure) 349770K->435K(1048512K), 0.0002070 secs]
41.875: [GC (Allocation Failure) 349770K->435K(1048512K), 0.0002100 secs]
42.026: [GC (Allocation Failure) 349770K->435K(1048512K), 0.0002060 secs]
42.214: [GC (Allocation Failure) 349770K->435K(1048512K), 0.0002100 secs]
42.381: [GC (Allocation Failure) 349770K->435K(1048512K), 0.0002160 secs]
42.530: [GC (Allocation Failure) 349770K->435K(1048512K), 0.0002090 secs]
42.724: [GC (Allocation Failure) 349770K->435K(1048512K), 0.0002560 secs]
42.878: [GC (Allocation Failure) 349770K->435K(1048512K), 0.0002760 secs]
43.027: [GC (Allocation Failure) 349770K->435K(1048512K), 0.0002180 secs]
43.179: [GC (Allocation Failure) 349770K->435K(1048512K), 0.0002240 secs]
43.379: [GC (Allocation Failure) 349770K->435K(1048512K), 0.0002730 secs]
43.620: [GC (Allocation Failure) 349770K->435K(1048512K), 0.0002070 secs]
43.772: [GC (Allocation Failure) 349770K->435K(1048512K), 0.0002240 secs]
43.923: [GC (Allocation Failure) 349770K->435K(1048512K), 0.0002210 secs]
44.076: [GC (Allocation Failure) 349770K->435K(1048512K), 0.0002030 secs]
44.225: [GC (Allocation Failure) 349770K->435K(1048512K), 0.0002190 secs]
44.378: [GC (Allocation Failure) 349770K->435K(1048512K), 0.0002070 secs]
44.529: [GC (Allocation Failure) 349770K->435K(1048512K), 0.0002090 secs]
44.682: [GC (Allocation Failure) 349770K->435K(1048512K), 0.0002180 secs]
44.836: [GC (Allocation Failure) 349770K->435K(1048512K), 0.0002160 secs]
45.082: [GC (Allocation Failure) 349770K->435K(1048512K), 0.0002840 secs]
45.382: [GC (Allocation Failure) 349770K->435K(1048512K), 0.0002050 secs]
45.533: [GC (Allocation Failure) 349770K->435K(1048512K), 0.0002020 secs]
45.732: [GC (Allocation Failure) 349770K->435K(1048512K), 0.0002200 secs]
45.887: [GC (Allocation Failure) 349770K->435K(1048512K), 0.0002220 secs]
46.037: [GC (Allocation Failure) 349770K->435K(1048512K), 0.0002070 secs]
46.234: [GC (Allocation Failure) 349770K->435K(1048512K), 0.0002090 secs]
46.433: [GC (Allocation Failure) 349770K->435K(1048512K), 0.0002270 secs]
46.582: [GC (Allocation Failure) 349770K->435K(1048512K), 0.0002080 secs]
46.735: [GC (Allocation Failure) 349770K->435K(1048512K), 0.0002190 secs]
46.884: [GC (Allocation Failure) 349770K->435K(1048512K), 0.0002060 secs]
47.089: [GC (Allocation Failure) 349770K->435K(1048512K), 0.0002280 secs]
47.239: [GC (Allocation Failure) 349770K->435K(1048512K), 0.0002080 secs]
47.440: [GC (Allocation Failure) 349770K->435K(1048512K), 0.0002170 secs]
47.589: [GC (Allocation Failure) 349770K->435K(1048512K), 0.0002080 secs]
47.787: [GC (Allocation Failure) 349770K->435K(1048512K), 0.0002660 secs]
47.937: [GC (Allocation Failure) 349770K->435K(1048512K), 0.0002070 secs]
48.218: [GC (Allocation Failure) 349770K->435K(1048512K), 0.0002250 secs]
48.372: [GC (Allocation Failure) 349770K->435K(1048512K), 0.0002230 secs]
48.537: [GC (Allocation Failure) 349770K->435K(1048512K), 0.0002810 secs]
48.713: [GC (Allocation Failure) 349770K->435K(1048512K), 0.0002290 secs]
48.861: [GC (Allocation Failure) 349770K->435K(1048512K), 0.0002070 secs]
49.014: [GC (Allocation Failure) 349770K->435K(1048512K), 0.0002040 secs]
49.162: [GC (Allocation Failure) 349770K->435K(1048512K), 0.0002070 secs]
49.389: [GC (Allocation Failure) 349770K->435K(1048512K), 0.0002030 secs]
49.552: [GC (Allocation Failure) 349770K->435K(1048512K), 0.0002220 secs]
49.702: [GC (Allocation Failure) 349770K->435K(1048512K), 0.0002080 secs]
49.933: [GC (Allocation Failure) 349770K->435K(1048512K), 0.0002220 secs]
50.086: [GC (Allocation Failure) 349770K->435K(1048512K), 0.0002180 secs]
50.248: [GC (Allocation Failure) 349770K->435K(1048512K), 0.0002220 secs]
50.402: [GC (Allocation Failure) 349770K->435K(1048512K), 0.0002050 secs]
50.592: [GC (Allocation Failure) 349770K->435K(1048512K), 0.0002170 secs]
50.742: [GC (Allocation Failure) 349770K->435K(1048512K), 0.0002170 secs]
50.941: [GC (Allocation Failure) 349770K->435K(1048512K), 0.0002220 secs]
51.093: [GC (Allocation Failure) 349770K->435K(1048512K), 0.0002170 secs]
51.242: [GC (Allocation Failure) 349770K->435K(1048512K), 0.0002080 secs]
51.408: [GC (Allocation Failure) 349770K->435K(1048512K), 0.0002070 secs]
51.612: [GC (Allocation Failure) 349770K->435K(1048512K), 0.0002160 secs]
51.761: [GC (Allocation Failure) 349770K->435K(1048512K), 0.0002080 secs]
51.916: [GC (Allocation Failure) 349770K->435K(1048512K), 0.0002210 secs]
52.093: [GC (Allocation Failure) 349770K->435K(1048512K), 0.0002310 secs]
52.245: [GC (Allocation Failure) 349770K->435K(1048512K), 0.0002190 secs]
52.396: [GC (Allocation Failure) 349770K->435K(1048512K), 0.0002740 secs]
52.594: [GC (Allocation Failure) 349770K->435K(1048512K), 0.0002220 secs]
52.746: [GC (Allocation Failure) 349770K->435K(1048512K), 0.0002160 secs]
52.895: [GC (Allocation Failure) 349770K->435K(1048512K), 0.0003980 secs]
53.050: [GC (Allocation Failure) 349770K->435K(1048512K), 0.0002150 secs]
53.200: [GC (Allocation Failure) 349770K->435K(1048512K), 0.0002060 secs]
53.353: [GC (Allocation Failure) 349770K->435K(1048512K), 0.0002160 secs]
53.538: [GC (Allocation Failure) 349770K->435K(1048512K), 0.0002860 secs]
53.697: [GC (Allocation Failure) 349770K->435K(1048512K), 0.0002300 secs]
53.848: [GC (Allocation Failure) 349770K->435K(1048512K), 0.0002130 secs]
53.996: [GC (Allocation Failure) 349770K->435K(1048512K), 0.0002060 secs]
54.148: [GC (Allocation Failure) 349770K->435K(1048512K), 0.0002750 secs]
54.298: [GC (Allocation Failure) 349770K->435K(1048512K), 0.0002090 secs]
54.472: [GC (Allocation Failure) 349770K->435K(1048512K), 0.0002290 secs]
54.622: [GC (Allocation Failure) 349770K->435K(1048512K), 0.0002090 secs]
54.817: [GC (Allocation Failure) 349770K->435K(1048512K), 0.0002280 secs]
54.966: [GC (Allocation Failure) 349770K->435K(1048512K), 0.0002080 secs]
55.119: [GC (Allocation Failure) 349770K->435K(1048512K), 0.0002200 secs]
55.269: [GC (Allocation Failure) 349770K->435K(1048512K), 0.0002180 secs]
55.427: [GC (Allocation Failure) 349770K->435K(1048512K), 0.0002190 secs]
55.576: [GC (Allocation Failure) 349770K->435K(1048512K), 0.0002080 secs]
55.729: [GC (Allocation Failure) 349770K->435K(1048512K), 0.0002050 secs]
55.879: [GC (Allocation Failure) 349770K->435K(1048512K), 0.0002230 secs]
56.032: [GC (Allocation Failure) 349770K->435K(1048512K), 0.0002190 secs]
56.181: [GC (Allocation Failure) 349770K->435K(1048512K), 0.0002070 secs]
56.405: [GC (Allocation Failure) 349770K->435K(1048512K), 0.0002150 secs]
56.554: [GC (Allocation Failure) 349770K->435K(1048512K), 0.0002200 secs]
56.708: [GC (Allocation Failure) 349770K->435K(1048512K), 0.0002150 secs]
56.889: [GC (Allocation Failure) 349770K->435K(1048512K), 0.0002210 secs]
57.043: [GC (Allocation Failure) 349770K->435K(1048512K), 0.0002160 secs]
57.209: [GC (Allocation Failure) 349770K->435K(1048512K), 0.0002080 secs]
57.453: [GC (Allocation Failure) 349770K->435K(1048512K), 0.0002190 secs]
57.707: [GC (Allocation Failure) 349770K->435K(1048512K), 0.0002210 secs]
57.861: [GC (Allocation Failure) 349770K->435K(1048512K), 0.0002070 secs]
58.010: [GC (Allocation Failure) 349770K->435K(1048512K), 0.0002670 secs]
58.168: [GC (Allocation Failure) 349770K->435K(1048512K), 0.0002920 secs]
58.319: [GC (Allocation Failure) 349770K->435K(1048512K), 0.0002240 secs]
58.485: [GC (Allocation Failure) 349770K->435K(1048512K), 0.0002220 secs]
58.638: [GC (Allocation Failure) 349770K->435K(1048512K), 0.0002160 secs]
58.905: [GC (Allocation Failure) 349770K->435K(1048512K), 0.0002770 secs]
59.152: [GC (Allocation Failure) 349770K->435K(1048512K), 0.0002190 secs]
59.301: [GC (Allocation Failure) 349770K->435K(1048512K), 0.0002090 secs]
59.478: [GC (Allocation Failure) 349770K->435K(1048512K), 0.0002280 secs]
59.628: [GC (Allocation Failure) 349770K->435K(1048512K), 0.0002070 secs]
59.811: [GC (Allocation Failure) 349770K->435K(1048512K), 0.0002170 secs]
59.961: [GC (Allocation Failure) 349770K->435K(1048512K), 0.0002200 secs]
60.114: [GC (Allocation Failure) 349770K->435K(1048512K), 0.0002170 secs]
60.359: [GC (Allocation Failure) 349770K->435K(1048512K), 0.0003350 secs]
60.508: [GC (Allocation Failure) 349770K->435K(1048512K), 0.0002200 secs]
60.660: [GC (Allocation Failure) 349770K->435K(1048512K), 0.0002070 secs]
60.910: [GC (Allocation Failure) 349770K->435K(1048512K), 0.0002030 secs]
61.059: [GC (Allocation Failure) 349770K->435K(1048512K), 0.0002810 secs]
61.259: [GC (Allocation Failure) 349770K->435K(1048512K), 0.0002290 secs]
61.465: [GC (Allocation Failure) 349770K->435K(1048512K), 0.0002160 secs]
61.615: [GC (Allocation Failure) 349770K->435K(1048512K), 0.0002110 secs]
61.768: [GC (Allocation Failure) 349770K->435K(1048512K), 0.0002800 secs]
61.919: [GC (Allocation Failure) 349770K->435K(1048512K), 0.0002100 secs]
62.115: [GC (Allocation Failure) 349770K->435K(1048512K), 0.0002160 secs]
62.264: [GC (Allocation Failure) 349770K->435K(1048512K), 0.0002080 secs]
62.467: [GC (Allocation Failure) 349770K->435K(1048512K), 0.0002270 secs]
62.619: [GC (Allocation Failure) 349770K->435K(1048512K), 0.0002040 secs]
62.912: [GC (Allocation Failure) 349770K->435K(1048512K), 0.0002090 secs]
63.157: [GC (Allocation Failure) 349770K->435K(1048512K), 0.0003500 secs]
63.307: [GC (Allocation Failure) 349770K->435K(1048512K), 0.0002110 secs]
63.463: [GC (Allocation Failure) 349770K->435K(1048512K), 0.0002060 secs]
63.620: [GC (Allocation Failure) 349770K->435K(1048512K), 0.0002210 secs]
63.773: [GC (Allocation Failure) 349770K->435K(1048512K), 0.0002170 secs]
63.949: [GC (Allocation Failure) 349770K->435K(1048512K), 0.0002210 secs]
64.102: [GC (Allocation Failure) 349770K->435K(1048512K), 0.0002180 secs]
64.352: [GC (Allocation Failure) 349770K->435K(1048512K), 0.0002130 secs]
64.506: [GC (Allocation Failure) 349770K->435K(1048512K), 0.0002080 secs]
64.720: [GC (Allocation Failure) 349770K->435K(1048512K), 0.0002270 secs]
64.869: [GC (Allocation Failure) 349770K->435K(1048512K), 0.0002060 secs]
65.067: [GC (Allocation Failure) 349770K->435K(1048512K), 0.0002060 secs]
65.216: [GC (Allocation Failure) 349770K->435K(1048512K), 0.0002070 secs]
65.413: [GC (Allocation Failure) 349770K->435K(1048512K), 0.0002180 secs]
65.563: [GC (Allocation Failure) 349770K->435K(1048512K), 0.0002190 secs]
65.717: [GC (Allocation Failure) 349770K->435K(1048512K), 0.0002040 secs]
65.866: [GC (Allocation Failure) 349770K->435K(1048512K), 0.0002090 secs]
66.018: [GC (Allocation Failure) 349770K->435K(1048512K), 0.0002190 secs]
66.221: [GC (Allocation Failure) 349770K->435K(1048512K), 0.0002220 secs]
66.376: [GC (Allocation Failure) 349770K->435K(1048512K), 0.0002070 secs]
66.526: [GC (Allocation Failure) 349770K->435K(1048512K), 0.0002080 secs]
66.680: [GC (Allocation Failure) 349770K->435K(1048512K), 0.0002170 secs]
66.829: [GC (Allocation Failure) 349770K->435K(1048512K), 0.0002090 secs]
66.982: [GC (Allocation Failure) 349770K->435K(1048512K), 0.0002050 secs]
67.131: [GC (Allocation Failure) 349770K->435K(1048512K), 0.0002750 secs]
67.321: [GC (Allocation Failure) 349770K->435K(1048512K), 0.0002150 secs]
67.472: [GC (Allocation Failure) 349770K->435K(1048512K), 0.0002070 secs]
67.655: [GC (Allocation Failure) 349770K->435K(1048512K), 0.0002170 secs]
67.815: [GC (Allocation Failure) 349770K->435K(1048512K), 0.0002050 secs]
67.964: [GC (Allocation Failure) 349770K->435K(1048512K), 0.0002100 secs]
68.172: [GC (Allocation Failure) 349770K->435K(1048512K), 0.0002950 secs]
68.331: [GC (Allocation Failure) 349770K->435K(1048512K), 0.0002080 secs]
68.482: [GC (Allocation Failure) 349770K->435K(1048512K), 0.0002210 secs]
68.636: [GC (Allocation Failure) 349770K->435K(1048512K), 0.0002040 secs]
68.785: [GC (Allocation Failure) 349770K->435K(1048512K), 0.0002080 secs]
68.938: [GC (Allocation Failure) 349770K->435K(1048512K), 0.0002030 secs]
69.088: [GC (Allocation Failure) 349770K->435K(1048512K), 0.0002230 secs]
69.241: [GC (Allocation Failure) 349770K->435K(1048512K), 0.0002200 secs]
69.390: [GC (Allocation Failure) 349770K->435K(1048512K), 0.0002140 secs]
69.544: [GC (Allocation Failure) 349770K->435K(1048512K), 0.0002060 secs]
69.693: [GC (Allocation Failure) 349770K->435K(1048512K), 0.0002080 secs]
69.877: [GC (Allocation Failure) 349770K->435K(1048512K), 0.0002200 secs]
70.031: [GC (Allocation Failure) 349770K->435K(1048512K), 0.0002170 secs]
70.226: [GC (Allocation Failure) 349770K->435K(1048512K), 0.0002050 secs]
70.389: [GC (Allocation Failure) 349770K->435K(1048512K), 0.0002780 secs]
70.539: [GC (Allocation Failure) 349770K->435K(1048512K), 0.0002270 secs]
70.727: [GC (Allocation Failure) 349770K->435K(1048512K), 0.0002130 secs]
70.876: [GC (Allocation Failure) 349770K->435K(1048512K), 0.0002070 secs]
71.028: [GC (Allocation Failure) 349770K->435K(1048512K), 0.0002060 secs]
71.177: [GC (Allocation Failure) 349770K->435K(1048512K), 0.0002060 secs]
71.377: [GC (Allocation Failure) 349770K->435K(1048512K), 0.0002190 secs]
71.529: [GC (Allocation Failure) 349770K->435K(1048512K), 0.0002060 secs]
71.678: [GC (Allocation Failure) 349770K->435K(1048512K), 0.0002030 secs]
71.829: [GC (Allocation Failure) 349770K->435K(1048512K), 0.0002760 secs]
71.978: [GC (Allocation Failure) 349770K->435K(1048512K), 0.0002070 secs]
72.183: [GC (Allocation Failure) 349770K->435K(1048512K), 0.0002150 secs]
72.335: [GC (Allocation Failure) 349770K->435K(1048512K), 0.0002180 secs]
72.489: [GC (Allocation Failure) 349770K->435K(1048512K), 0.0002050 secs]
72.639: [GC (Allocation Failure) 349770K->435K(1048512K), 0.0002100 secs]
72.817: [GC (Allocation Failure) 349770K->435K(1048512K), 0.0002290 secs]
72.966: [GC (Allocation Failure) 349770K->435K(1048512K), 0.0002070 secs]
73.131: [GC (Allocation Failure) 349770K->435K(1048512K), 0.0002030 secs]
73.281: [GC (Allocation Failure) 349770K->435K(1048512K), 0.0003460 secs]
73.437: [GC (Allocation Failure) 349770K->435K(1048512K), 0.0002160 secs]
73.624: [GC (Allocation Failure) 349770K->435K(1048512K), 0.0002190 secs]
73.773: [GC (Allocation Failure) 349770K->435K(1048512K), 0.0002070 secs]
73.968: [GC (Allocation Failure) 349770K->435K(1048512K), 0.0002190 secs]
74.117: [GC (Allocation Failure) 349770K->435K(1048512K), 0.0002820 secs]
74.283: [GC (Allocation Failure) 349770K->435K(1048512K), 0.0002150 secs]
74.434: [GC (Allocation Failure) 349770K->435K(1048512K), 0.0002050 secs]
74.709: [GC (Allocation Failure) 349770K->435K(1048512K), 0.0002100 secs]
74.863: [GC (Allocation Failure) 349770K->435K(1048512K), 0.0002090 secs]
75.085: [GC (Allocation Failure) 349770K->435K(1048512K), 0.0002170 secs]
75.239: [GC (Allocation Failure) 349770K->435K(1048512K), 0.0002140 secs]
75.435: [GC (Allocation Failure) 349770K->435K(1048512K), 0.0002170 secs]
75.585: [GC (Allocation Failure) 349770K->435K(1048512K), 0.0002080 secs]
75.885: [GC (Allocation Failure) 349770K->435K(1048512K), 0.0002230 secs]
76.036: [GC (Allocation Failure) 349770K->435K(1048512K), 0.0002030 secs]
76.237: [GC (Allocation Failure) 349770K->435K(1048512K), 0.0002750 secs]
76.454: [GC (Allocation Failure) 349770K->435K(1048512K), 0.0002220 secs]
76.607: [GC (Allocation Failure) 349770K->435K(1048512K), 0.0002160 secs]
76.788: [GC (Allocation Failure) 349770K->435K(1048512K), 0.0002140 secs]
76.937: [GC (Allocation Failure) 349770K->435K(1048512K), 0.0002080 secs]
77.093: [GC (Allocation Failure) 349770K->435K(1048512K), 0.0002170 secs]
77.337: [GC (Allocation Failure) 349770K->435K(1048512K), 0.0002110 secs]
77.566: [GC (Allocation Failure) 349770K->435K(1048512K), 0.0002110 secs]
77.739: [GC (Allocation Failure) 349770K->435K(1048512K), 0.0002080 secs]
77.889: [GC (Allocation Failure) 349770K->435K(1048512K), 0.0002080 secs]
78.189: [GC (Allocation Failure) 349770K->435K(1048512K), 0.0002820 secs]
78.374: [GC (Allocation Failure) 349770K->435K(1048512K), 0.0002130 secs]
78.539: [GC (Allocation Failure) 349770K->435K(1048512K), 0.0002090 secs]
78.709: [GC (Allocation Failure) 349770K->435K(1048512K), 0.0002220 secs]
78.863: [GC (Allocation Failure) 349770K->435K(1048512K), 0.0002290 secs]
79.091: [GC (Allocation Failure) 349770K->435K(1048512K), 0.0002200 secs]
79.241: [GC (Allocation Failure) 349770K->435K(1048512K), 0.0002070 secs]
79.441: [GC (Allocation Failure) 349770K->435K(1048512K), 0.0002210 secs]
79.592: [GC (Allocation Failure) 349770K->435K(1048512K), 0.0002020 secs]
79.741: [GC (Allocation Failure) 349770K->435K(1048512K), 0.0002070 secs]
79.947: [GC (Allocation Failure) 349770K->435K(1048512K), 0.0002220 secs]
80.096: [GC (Allocation Failure) 349770K->435K(1048512K), 0.0002070 secs]
80.303: [GC (Allocation Failure) 349770K->435K(1048512K), 0.0002170 secs]
80.454: [GC (Allocation Failure) 349770K->435K(1048512K), 0.0002820 secs]
80.649: [GC (Allocation Failure) 349770K->435K(1048512K), 0.0002190 secs]
80.798: [GC (Allocation Failure) 349770K->435K(1048512K), 0.0002190 secs]
80.951: [GC (Allocation Failure) 349770K->435K(1048512K), 0.0002200 secs]
81.102: [GC (Allocation Failure) 349770K->435K(1048512K), 0.0002090 secs]
81.276: [GC (Allocation Failure) 349770K->435K(1048512K), 0.0002170 secs]
81.426: [GC (Allocation Failure) 349770K->435K(1048512K), 0.0002100 secs]
81.599: [GC (Allocation Failure) 349770K->435K(1048512K), 0.0002170 secs]
81.749: [GC (Allocation Failure) 349770K->435K(1048512K), 0.0002090 secs]
81.946: [GC (Allocation Failure) 349770K->435K(1048512K), 0.0002170 secs]
82.191: [GC (Allocation Failure) 349770K->435K(1048512K), 0.0002270 secs]
82.342: [GC (Allocation Failure) 349770K->435K(1048512K), 0.0002170 secs]
82.496: [GC (Allocation Failure) 349770K->435K(1048512K), 0.0002180 secs]
82.647: [GC (Allocation Failure) 349770K->435K(1048512K), 0.0002040 secs]
82.796: [GC (Allocation Failure) 349770K->435K(1048512K), 0.0002180 secs]
82.948: [GC (Allocation Failure) 349770K->435K(1048512K), 0.0002030 secs]
83.148: [GC (Allocation Failure) 349770K->435K(1048512K), 0.0002110 secs]
83.299: [GC (Allocation Failure) 349770K->435K(1048512K), 0.0002040 secs]
83.474: [GC (Allocation Failure) 349770K->435K(1048512K), 0.0002720 secs]
83.628: [GC (Allocation Failure) 349770K->435K(1048512K), 0.0002050 secs]
83.778: [GC (Allocation Failure) 349770K->435K(1048512K), 0.0002100 secs]
83.931: [GC (Allocation Failure) 349770K->435K(1048512K), 0.0002430 secs]
84.099: [GC (Allocation Failure) 349770K->435K(1048512K), 0.0002200 secs]
84.254: [GC (Allocation Failure) 349770K->435K(1048512K), 0.0002040 secs]
84.404: [GC (Allocation Failure) 349770K->435K(1048512K), 0.0002770 secs]
84.556: [GC (Allocation Failure) 349770K->435K(1048512K), 0.0002090 secs]
84.709: [GC (Allocation Failure) 349770K->435K(1048512K), 0.0002300 secs]
84.875: [GC (Allocation Failure) 349770K->435K(1048512K), 0.0002110 secs]
85.102: [GC (Allocation Failure) 349770K->435K(1048512K), 0.0002060 secs]
85.250: [GC (Allocation Failure) 349770K->435K(1048512K), 0.0002080 secs]
85.455: [GC (Allocation Failure) 349770K->435K(1048512K), 0.0002180 secs]
85.604: [GC (Allocation Failure) 349770K->435K(1048512K), 0.0002060 secs]
85.756: [GC (Allocation Failure) 349770K->435K(1048512K), 0.0002200 secs]
85.977: [GC (Allocation Failure) 349770K->435K(1048512K), 0.0002220 secs]
86.129: [GC (Allocation Failure) 349770K->435K(1048512K), 0.0002170 secs]
86.278: [GC (Allocation Failure) 349770K->435K(1048512K), 0.0002070 secs]
86.471: [GC (Allocation Failure) 349770K->435K(1048512K), 0.0002170 secs]
86.620: [GC (Allocation Failure) 349770K->435K(1048512K), 0.0002070 secs]
86.785: [GC (Allocation Failure) 349770K->435K(1048512K), 0.0002290 secs]
86.934: [GC (Allocation Failure) 349770K->435K(1048512K), 0.0002080 secs]
87.088: [GC (Allocation Failure) 349770K->435K(1048512K), 0.0002170 secs]
87.254: [GC (Allocation Failure) 349770K->435K(1048512K), 0.0002200 secs]
87.406: [GC (Allocation Failure) 349770K->435K(1048512K), 0.0002060 secs]
87.555: [GC (Allocation Failure) 349770K->435K(1048512K), 0.0002050 secs]
87.755: [GC (Allocation Failure) 349770K->435K(1048512K), 0.0002290 secs]
87.913: [GC (Allocation Failure) 349770K->435K(1048512K), 0.0002180 secs]
88.080: [GC (Allocation Failure) 349770K->435K(1048512K), 0.0002830 secs]
88.311: [GC (Allocation Failure) 349770K->435K(1048512K), 0.0002270 secs]
88.462: [GC (Allocation Failure) 349770K->435K(1048512K), 0.0002110 secs]
88.658: [GC (Allocation Failure) 349770K->435K(1048512K), 0.0003240 secs]
88.808: [GC (Allocation Failure) 349770K->435K(1048512K), 0.0002100 secs]
88.958: [GC (Allocation Failure) 349770K->435K(1048512K), 0.0002140 secs]
89.108: [GC (Allocation Failure) 349770K->435K(1048512K), 0.0002090 secs]
89.285: [GC (Allocation Failure) 349770K->435K(1048512K), 0.0002910 secs]
89.434: [GC (Allocation Failure) 349770K->435K(1048512K), 0.0002630 secs]
89.589: [GC (Allocation Failure) 349770K->435K(1048512K), 0.0002210 secs]
89.743: [GC (Allocation Failure) 349770K->435K(1048512K), 0.0002200 secs]
90.010: [GC (Allocation Failure) 349770K->435K(1048512K), 0.0002040 secs]
90.160: [GC (Allocation Failure) 349770K->435K(1048512K), 0.0002750 secs]
90.370: [GC (Allocation Failure) 349770K->435K(1048512K), 0.0002230 secs]
90.523: [GC (Allocation Failure) 349770K->435K(1048512K), 0.0002120 secs]
90.673: [GC (Allocation Failure) 349770K->435K(1048512K), 0.0002100 secs]
90.860: [GC (Allocation Failure) 349770K->435K(1048512K), 0.0002090 secs]
91.160: [GC (Allocation Failure) 349770K->435K(1048512K), 0.0002090 secs]
91.482: [GC (Allocation Failure) 349770K->435K(1048512K), 0.0002200 secs]
91.631: [GC (Allocation Failure) 349770K->435K(1048512K), 0.0002190 secs]
91.784: [GC (Allocation Failure) 349770K->435K(1048512K), 0.0002780 secs]
91.934: [GC (Allocation Failure) 349770K->435K(1048512K), 0.0002230 secs]
92.087: [GC (Allocation Failure) 349770K->435K(1048512K), 0.0002220 secs]
92.313: [GC (Allocation Failure) 349770K->435K(1048512K), 0.0002180 secs]
92.469: [GC (Allocation Failure) 349770K->435K(1048512K), 0.0002200 secs]
92.622: [GC (Allocation Failure) 349770K->435K(1048512K), 0.0002070 secs]
92.786: [GC (Allocation Failure) 349770K->435K(1048512K), 0.0002210 secs]
92.939: [GC (Allocation Failure) 349770K->435K(1048512K), 0.0002170 secs]
93.090: [GC (Allocation Failure) 349770K->435K(1048512K), 0.0002090 secs]
93.264: [GC (Allocation Failure) 349770K->435K(1048512K), 0.0002180 secs]
93.416: [GC (Allocation Failure) 349770K->435K(1048512K), 0.0002040 secs]
93.614: [GC (Allocation Failure) 349770K->435K(1048512K), 0.0002210 secs]
93.763: [GC (Allocation Failure) 349770K->435K(1048512K), 0.0003810 secs]
93.917: [GC (Allocation Failure) 349770K->435K(1048512K), 0.0002150 secs]
94.066: [GC (Allocation Failure) 349770K->435K(1048512K), 0.0002070 secs]
94.318: [GC (Allocation Failure) 349770K->435K(1048512K), 0.0002580 secs]
94.472: [GC (Allocation Failure) 349770K->435K(1048512K), 0.0002160 secs]
94.668: [GC (Allocation Failure) 349770K->435K(1048512K), 0.0002060 secs]
94.817: [GC (Allocation Failure) 349770K->435K(1048512K), 0.0002150 secs]
94.969: [GC (Allocation Failure) 349770K->435K(1048512K), 0.0002020 secs]
95.130: [GC (Allocation Failure) 349770K->435K(1048512K), 0.0002160 secs]
95.280: [GC (Allocation Failure) 349770K->435K(1048512K), 0.0002090 secs]
95.470: [GC (Allocation Failure) 349770K->435K(1048512K), 0.0002180 secs]
95.620: [GC (Allocation Failure) 349770K->435K(1048512K), 0.0002010 secs]
95.825: [GC (Allocation Failure) 349770K->435K(1048512K), 0.0002160 secs]
95.975: [GC (Allocation Failure) 349770K->435K(1048512K), 0.0002280 secs]
96.129: [GC (Allocation Failure) 349770K->435K(1048512K), 0.0002200 secs]
96.280: [GC (Allocation Failure) 349770K->435K(1048512K), 0.0002080 secs]
96.455: [GC (Allocation Failure) 349770K->435K(1048512K), 0.0002110 secs]
96.675: [GC (Allocation Failure) 349770K->435K(1048512K), 0.0002160 secs]
96.824: [GC (Allocation Failure) 349770K->435K(1048512K), 0.0002200 secs]
96.976: [GC (Allocation Failure) 349770K->435K(1048512K), 0.0002260 secs]
97.212: [GC (Allocation Failure) 349770K->435K(1048512K), 0.0002210 secs]
97.362: [GC (Allocation Failure) 349770K->435K(1048512K), 0.0002080 secs]
97.578: [GC (Allocation Failure) 349770K->435K(1048512K), 0.0002200 secs]
97.727: [GC (Allocation Failure) 349770K->435K(1048512K), 0.0002090 secs]
97.923: [GC (Allocation Failure) 349770K->435K(1048512K), 0.0002280 secs]
98.123: [GC (Allocation Failure) 349770K->435K(1048512K), 0.0002290 secs]
98.274: [GC (Allocation Failure) 349770K->435K(1048512K), 0.0002140 secs]
98.470: [GC (Allocation Failure) 349770K->435K(1048512K), 0.0002080 secs]
98.623: [GC (Allocation Failure) 349770K->435K(1048512K), 0.0002760 secs]
98.774: [GC (Allocation Failure) 349770K->435K(1048512K), 0.0002660 secs]
98.925: [GC (Allocation Failure) 349770K->435K(1048512K), 0.0002060 secs]
99.075: [GC (Allocation Failure) 349770K->435K(1048512K), 0.0002090 secs]
99.275: [GC (Allocation Failure) 349770K->435K(1048512K), 0.0002220 secs]
99.426: [GC (Allocation Failure) 349770K->435K(1048512K), 0.0002150 secs]
99.625: [GC (Allocation Failure) 349770K->435K(1048512K), 0.0002080 secs]
99.827: [GC (Allocation Failure) 349770K->435K(1048512K), 0.0002120 secs]
99.977: [GC (Allocation Failure) 349770K->435K(1048512K), 0.0002250 secs]
100.127: [GC (Allocation Failure) 349770K->435K(1048512K), 0.0002010 secs]
100.389: [GC (Allocation Failure) 349770K->435K(1048512K), 0.0002060 secs]
100.539: [GC (Allocation Failure) 349770K->435K(1048512K), 0.0002080 secs]
100.692: [GC (Allocation Failure) 349770K->435K(1048512K), 0.0002160 secs]
100.977: [GC (Allocation Failure) 349770K->435K(1048512K), 0.0002170 secs]
101.200: [GC (Allocation Failure) 349770K->435K(1048512K), 0.0002310 secs]
101.349: [GC (Allocation Failure) 349770K->435K(1048512K), 0.0002090 secs]
101.530: [GC (Allocation Failure) 349770K->435K(1048512K), 0.0002190 secs]
101.683: [GC (Allocation Failure) 349770K->435K(1048512K), 0.0002180 secs]
101.833: [GC (Allocation Failure) 349770K->435K(1048512K), 0.0002080 secs]
101.985: [GC (Allocation Failure) 349770K->435K(1048512K), 0.0002160 secs]
102.181: [GC (Allocation Failure) 349770K->435K(1048512K), 0.0002100 secs]
102.332: [GC (Allocation Failure) 349770K->435K(1048512K), 0.0002090 secs]
102.486: [GC (Allocation Failure) 349770K->435K(1048512K), 0.0002750 secs]
102.635: [GC (Allocation Failure) 349770K->435K(1048512K), 0.0002160 secs]
102.799: [GC (Allocation Failure) 349770K->435K(1048512K), 0.0002100 secs]
102.982: [GC (Allocation Failure) 349770K->435K(1048512K), 0.0002240 secs]
103.133: [GC (Allocation Failure) 349770K->435K(1048512K), 0.0002030 secs]
103.332: [GC (Allocation Failure) 349770K->435K(1048512K), 0.0002070 secs]
103.587: [GC (Allocation Failure) 349770K->435K(1048512K), 0.0002280 secs]
103.736: [GC (Allocation Failure) 349770K->435K(1048512K), 0.0002080 secs]
103.938: [GC (Allocation Failure) 349770K->435K(1048512K), 0.0003340 secs]
104.087: [GC (Allocation Failure) 349770K->435K(1048512K), 0.0002100 secs]
104.283: [GC (Allocation Failure) 349770K->435K(1048512K), 0.0002290 secs]
104.473: [GC (Allocation Failure) 349770K->435K(1048512K), 0.0002190 secs]
104.622: [GC (Allocation Failure) 349770K->435K(1048512K), 0.0002080 secs]
104.776: [GC (Allocation Failure) 349770K->435K(1048512K), 0.0002310 secs]
104.936: [GC (Allocation Failure) 349770K->435K(1048512K), 0.0002130 secs]
105.085: [GC (Allocation Failure) 349770K->435K(1048512K), 0.0002070 secs]
105.290: [GC (Allocation Failure) 349770K->435K(1048512K), 0.0002230 secs]
105.440: [GC (Allocation Failure) 349770K->435K(1048512K), 0.0002060 secs]
105.640: [GC (Allocation Failure) 349770K->435K(1048512K), 0.0002160 secs]
105.789: [GC (Allocation Failure) 349770K->435K(1048512K), 0.0002790 secs]
105.992: [GC (Allocation Failure) 349770K->435K(1048512K), 0.0002290 secs]
106.142: [GC (Allocation Failure) 349770K->435K(1048512K), 0.0002070 secs]
106.403: [GC (Allocation Failure) 349770K->435K(1048512K), 0.0002090 secs]
106.557: [GC (Allocation Failure) 349770K->435K(1048512K), 0.0002770 secs]
106.706: [GC (Allocation Failure) 349770K->435K(1048512K), 0.0002110 secs]
106.892: [GC (Allocation Failure) 349770K->435K(1048512K), 0.0002140 secs]
107.041: [GC (Allocation Failure) 349770K->435K(1048512K), 0.0002090 secs]
107.209: [GC (Allocation Failure) 349770K->435K(1048512K), 0.0002210 secs]
107.363: [GC (Allocation Failure) 349770K->435K(1048512K), 0.0002300 secs]
107.594: [GC (Allocation Failure) 349770K->435K(1048512K), 0.0002160 secs]
107.744: [GC (Allocation Failure) 349770K->435K(1048512K), 0.0002080 secs]
107.941: [GC (Allocation Failure) 349770K->435K(1048512K), 0.0002130 secs]
108.090: [GC (Allocation Failure) 349770K->435K(1048512K), 0.0002070 secs]
108.241: [GC (Allocation Failure) 349770K->435K(1048512K), 0.0002140 secs]
108.406: [GC (Allocation Failure) 349770K->435K(1048512K), 0.0002110 secs]
108.590: [GC (Allocation Failure) 349770K->435K(1048512K), 0.0002220 secs]
108.742: [GC (Allocation Failure) 349770K->435K(1048512K), 0.0002090 secs]
109.040: [GC (Allocation Failure) 349770K->435K(1048512K), 0.0003020 secs]
109.197: [GC (Allocation Failure) 349770K->435K(1048512K), 0.0002080 secs]
109.393: [GC (Allocation Failure) 349770K->435K(1048512K), 0.0002080 secs]
109.545: [GC (Allocation Failure) 349770K->435K(1048512K), 0.0002090 secs]
109.711: [GC (Allocation Failure) 349770K->435K(1048512K), 0.0002270 secs]
109.861: [GC (Allocation Failure) 349770K->435K(1048512K), 0.0002140 secs]
110.044: [GC (Allocation Failure) 349770K->435K(1048512K), 0.0002090 secs]
110.193: [GC (Allocation Failure) 349770K->435K(1048512K), 0.0002830 secs]
110.472: [GC (Allocation Failure) 349770K->435K(1048512K), 0.0002090 secs]
110.644: [GC (Allocation Failure) 349770K->435K(1048512K), 0.0002200 secs]
110.796: [GC (Allocation Failure) 349770K->435K(1048512K), 0.0002040 secs]
110.944: [GC (Allocation Failure) 349770K->435K(1048512K), 0.0002060 secs]
111.146: [GC (Allocation Failure) 349770K->435K(1048512K), 0.0002230 secs]
111.296: [GC (Allocation Failure) 349770K->435K(1048512K), 0.0002030 secs]
111.446: [GC (Allocation Failure) 349770K->435K(1048512K), 0.0002070 secs]
111.647: [GC (Allocation Failure) 349770K->435K(1048512K), 0.0002180 secs]
111.796: [GC (Allocation Failure) 349770K->435K(1048512K), 0.0002070 secs]
111.997: [GC (Allocation Failure) 349770K->435K(1048512K), 0.0002220 secs]
112.148: [GC (Allocation Failure) 349770K->435K(1048512K), 0.0002060 secs]
112.352: [GC (Allocation Failure) 349770K->435K(1048512K), 0.0002050 secs]
112.502: [GC (Allocation Failure) 349770K->435K(1048512K), 0.0002080 secs]
112.713: [GC (Allocation Failure) 349770K->435K(1048512K), 0.0002090 secs]
112.897: [GC (Allocation Failure) 349770K->435K(1048512K), 0.0002170 secs]
113.104: [GC (Allocation Failure) 349770K->435K(1048512K), 0.0002170 secs]
113.253: [GC (Allocation Failure) 349770K->435K(1048512K), 0.0002100 secs]
113.450: [GC (Allocation Failure) 349770K->435K(1048512K), 0.0002100 secs]
113.600: [GC (Allocation Failure) 349770K->435K(1048512K), 0.0002080 secs]
113.754: [GC (Allocation Failure) 349770K->435K(1048512K), 0.0002150 secs]
113.949: [GC (Allocation Failure) 349770K->435K(1048512K), 0.0002800 secs]
114.209: [GC (Allocation Failure) 349770K->435K(1048512K), 0.0002980 secs]
114.375: [GC (Allocation Failure) 349770K->435K(1048512K), 0.0002290 secs]
114.525: [GC (Allocation Failure) 349770K->435K(1048512K), 0.0002090 secs]
114.679: [GC (Allocation Failure) 349770K->435K(1048512K), 0.0002280 secs]
114.844: [GC (Allocation Failure) 349770K->435K(1048512K), 0.0002170 secs]
114.992: [GC (Allocation Failure) 349770K->435K(1048512K), 0.0002190 secs]
115.145: [GC (Allocation Failure) 349770K->435K(1048512K), 0.0002140 secs]
115.294: [GC (Allocation Failure) 349770K->435K(1048512K), 0.0002080 secs]
115.502: [GC (Allocation Failure) 349770K->435K(1048512K), 0.0002100 secs]
115.704: [GC (Allocation Failure) 349770K->435K(1048512K), 0.0002100 secs]
115.854: [GC (Allocation Failure) 349770K->435K(1048512K), 0.0002160 secs]
116.010: [GC (Allocation Failure) 349770K->435K(1048512K), 0.0002110 secs]
116.208: [GC (Allocation Failure) 349770K->435K(1048512K), 0.0002220 secs]
116.359: [GC (Allocation Failure) 349770K->435K(1048512K), 0.0002560 secs]
116.508: [GC (Allocation Failure) 349770K->435K(1048512K), 0.0002200 secs]
116.659: [GC (Allocation Failure) 349770K->435K(1048512K), 0.0002140 secs]
116.816: [GC (Allocation Failure) 349770K->435K(1048512K), 0.0002210 secs]
116.968: [GC (Allocation Failure) 349770K->435K(1048512K), 0.0002050 secs]
117.160: [GC (Allocation Failure) 349770K->435K(1048512K), 0.0002180 secs]
117.309: [GC (Allocation Failure) 349770K->435K(1048512K), 0.0002080 secs]
117.462: [GC (Allocation Failure) 349770K->435K(1048512K), 0.0002210 secs]
117.611: [GC (Allocation Failure) 349770K->435K(1048512K), 0.0002050 secs]
117.806: [GC (Allocation Failure) 349770K->435K(1048512K), 0.0002180 secs]
117.958: [GC (Allocation Failure) 349770K->435K(1048512K), 0.0002060 secs]
118.119: [GC (Allocation Failure) 349770K->435K(1048512K), 0.0002150 secs]
118.269: [GC (Allocation Failure) 349770K->435K(1048512K), 0.0001970 secs]
118.463: [GC (Allocation Failure) 349770K->435K(1048512K), 0.0002260 secs]
118.613: [GC (Allocation Failure) 349770K->435K(1048512K), 0.0002090 secs]
118.858: [GC (Allocation Failure) 349770K->435K(1048512K), 0.0002090 secs]
119.109: [GC (Allocation Failure) 349770K->435K(1048512K), 0.0002100 secs]
119.317: [GC (Allocation Failure) 349770K->435K(1048512K), 0.0002220 secs]
119.469: [GC (Allocation Failure) 349770K->435K(1048512K), 0.0002520 secs]
119.624: [GC (Allocation Failure) 349770K->435K(1048512K), 0.0002220 secs]
119.777: [GC (Allocation Failure) 349770K->435K(1048512K), 0.0002150 secs]
119.926: [GC (Allocation Failure) 349770K->435K(1048512K), 0.0002070 secs]
120.079: [GC (Allocation Failure) 349770K->435K(1048512K), 0.0002210 secs]
120.229: [GC (Allocation Failure) 349770K->435K(1048512K), 0.0002090 secs]
120.425: [GC (Allocation Failure) 349770K->435K(1048512K), 0.0002290 secs]
120.574: [GC (Allocation Failure) 349770K->435K(1048512K), 0.0002080 secs]
120.817: [GC (Allocation Failure) 349770K->435K(1048512K), 0.0002280 secs]
120.967: [GC (Allocation Failure) 349770K->435K(1048512K), 0.0002080 secs]
121.121: [GC (Allocation Failure) 349770K->435K(1048512K), 0.0002160 secs]
121.270: [GC (Allocation Failure) 349770K->435K(1048512K), 0.0002060 secs]
121.423: [GC (Allocation Failure) 349770K->435K(1048512K), 0.0002150 secs]
121.614: [GC (Allocation Failure) 349770K->435K(1048512K), 0.0002220 secs]
121.763: [GC (Allocation Failure) 349770K->435K(1048512K), 0.0002090 secs]
122.015: [GC (Allocation Failure) 349770K->435K(1048512K), 0.0002080 secs]
122.212: [GC (Allocation Failure) 349770K->435K(1048512K), 0.0002160 secs]
122.362: [GC (Allocation Failure) 349770K->435K(1048512K), 0.0002070 secs]
122.515: [GC (Allocation Failure) 349770K->435K(1048512K), 0.0002240 secs]
122.713: [GC (Allocation Failure) 349770K->435K(1048512K), 0.0002300 secs]
122.862: [GC (Allocation Failure) 349770K->435K(1048512K), 0.0002070 secs]
123.015: [GC (Allocation Failure) 349770K->435K(1048512K), 0.0002050 secs]
123.165: [GC (Allocation Failure) 349770K->435K(1048512K), 0.0002070 secs]
123.412: [GC (Allocation Failure) 349770K->435K(1048512K), 0.0002220 secs]
123.561: [GC (Allocation Failure) 349770K->435K(1048512K), 0.0002080 secs]
123.766: [GC (Allocation Failure) 349770K->435K(1048512K), 0.0002210 secs]
123.922: [GC (Allocation Failure) 349770K->435K(1048512K), 0.0002140 secs]
124.072: [GC (Allocation Failure) 349770K->435K(1048512K), 0.0002110 secs]
124.226: [GC (Allocation Failure) 349770K->435K(1048512K), 0.0002260 secs]
124.420: [GC (Allocation Failure) 349770K->435K(1048512K), 0.0002580 secs]
124.574: [GC (Allocation Failure) 349770K->435K(1048512K), 0.0002790 secs]
124.725: [GC (Allocation Failure) 349770K->435K(1048512K), 0.0002210 secs]
124.878: [GC (Allocation Failure) 349770K->435K(1048512K), 0.0002200 secs]
125.170: [GC (Allocation Failure) 349770K->435K(1048512K), 0.0002760 secs]
125.467: [GC (Allocation Failure) 349770K->435K(1048512K), 0.0002200 secs]
125.621: [GC (Allocation Failure) 349770K->435K(1048512K), 0.0002070 secs]
125.813: [GC (Allocation Failure) 349770K->435K(1048512K), 0.0002210 secs]
125.962: [GC (Allocation Failure) 349770K->435K(1048512K), 0.0002070 secs]
126.115: [GC (Allocation Failure) 349770K->435K(1048512K), 0.0002160 secs]
126.271: [GC (Allocation Failure) 349770K->435K(1048512K), 0.0002800 secs]
126.428: [GC (Allocation Failure) 349770K->435K(1048512K), 0.0002220 secs]
126.581: [GC (Allocation Failure) 349770K->435K(1048512K), 0.0002800 secs]
126.731: [GC (Allocation Failure) 349770K->435K(1048512K), 0.0002170 secs]
126.884: [GC (Allocation Failure) 349770K->435K(1048512K), 0.0002260 secs]
127.174: [GC (Allocation Failure) 349770K->435K(1048512K), 0.0002080 secs]
127.323: [GC (Allocation Failure) 349770K->435K(1048512K), 0.0002060 secs]
127.474: [GC (Allocation Failure) 349770K->435K(1048512K), 0.0002150 secs]
127.626: [GC (Allocation Failure) 349770K->435K(1048512K), 0.0002100 secs]
127.815: [GC (Allocation Failure) 349770K->435K(1048512K), 0.0002450 secs]
127.966: [GC (Allocation Failure) 349770K->435K(1048512K), 0.0002210 secs]
128.119: [GC (Allocation Failure) 349770K->435K(1048512K), 0.0002160 secs]
128.275: [GC (Allocation Failure) 349770K->435K(1048512K), 0.0002880 secs]
128.480: [GC (Allocation Failure) 349770K->435K(1048512K), 0.0002110 secs]
128.679: [GC (Allocation Failure) 349770K->435K(1048512K), 0.0002160 secs]
128.830: [GC (Allocation Failure) 349770K->435K(1048512K), 0.0002200 secs]
128.983: [GC (Allocation Failure) 349770K->435K(1048512K), 0.0002160 secs]
129.214: [GC (Allocation Failure) 349770K->435K(1048512K), 0.0002140 secs]
129.364: [GC (Allocation Failure) 349770K->435K(1048512K), 0.0002150 secs]
129.528: [GC (Allocation Failure) 349770K->435K(1048512K), 0.0003530 secs]
129.677: [GC (Allocation Failure) 349770K->435K(1048512K), 0.0002090 secs]
129.877: [GC (Allocation Failure) 349770K->435K(1048512K), 0.0002070 secs]
130.036: [GC (Allocation Failure) 349770K->435K(1048512K), 0.0002180 secs]
130.186: [GC (Allocation Failure) 349770K->435K(1048512K), 0.0002110 secs]
130.390: [GC (Allocation Failure) 349770K->435K(1048512K), 0.0002050 secs]
130.539: [GC (Allocation Failure) 349770K->435K(1048512K), 0.0002100 secs]
130.728: [GC (Allocation Failure) 349770K->435K(1048512K), 0.0002080 secs]
130.933: [GC (Allocation Failure) 349770K->435K(1048512K), 0.0002190 secs]
131.083: [GC (Allocation Failure) 349770K->435K(1048512K), 0.0002070 secs]
131.236: [GC (Allocation Failure) 349770K->435K(1048512K), 0.0002220 secs]
131.410: [GC (Allocation Failure) 349770K->435K(1048512K), 0.0002100 secs]
131.635: [GC (Allocation Failure) 349770K->435K(1048512K), 0.0002320 secs]
131.785: [GC (Allocation Failure) 349770K->435K(1048512K), 0.0002100 secs]
132.013: [GC (Allocation Failure) 349770K->435K(1048512K), 0.0002180 secs]
132.163: [GC (Allocation Failure) 349770K->435K(1048512K), 0.0002210 secs]
132.317: [GC (Allocation Failure) 349770K->435K(1048512K), 0.0002170 secs]
132.468: [GC (Allocation Failure) 349770K->435K(1048512K), 0.0002060 secs]
132.682: [GC (Allocation Failure) 349770K->435K(1048512K), 0.0002080 secs]
132.833: [GC (Allocation Failure) 349770K->435K(1048512K), 0.0002220 secs]
132.984: [GC (Allocation Failure) 349770K->435K(1048512K), 0.0002140 secs]
133.133: [GC (Allocation Failure) 349770K->435K(1048512K), 0.0002070 secs]
133.284: [GC (Allocation Failure) 349770K->435K(1048512K), 0.0002140 secs]
133.538: [GC (Allocation Failure) 349770K->435K(1048512K), 0.0002250 secs]
133.688: [GC (Allocation Failure) 349770K->435K(1048512K), 0.0002070 secs]
133.885: [GC (Allocation Failure) 349770K->435K(1048512K), 0.0002130 secs]
134.036: [GC (Allocation Failure) 349770K->435K(1048512K), 0.0002060 secs]
134.213: [GC (Allocation Failure) 349770K->435K(1048512K), 0.0002180 secs]
134.363: [GC (Allocation Failure) 349770K->435K(1048512K), 0.0002190 secs]
134.517: [GC (Allocation Failure) 349770K->435K(1048512K), 0.0002160 secs]
134.714: [GC (Allocation Failure) 349770K->435K(1048512K), 0.0002080 secs]
134.863: [GC (Allocation Failure) 349770K->435K(1048512K), 0.0002090 secs]
135.086: [GC (Allocation Failure) 349770K->435K(1048512K), 0.0002310 secs]
135.241: [GC (Allocation Failure) 349770K->435K(1048512K), 0.0002160 secs]
135.409: [GC (Allocation Failure) 349770K->435K(1048512K), 0.0002090 secs]
135.588: [GC (Allocation Failure) 349770K->435K(1048512K), 0.0002060 secs]
135.737: [GC (Allocation Failure) 349770K->435K(1048512K), 0.0002070 secs]
135.939: [GC (Allocation Failure) 349770K->435K(1048512K), 0.0002080 secs]
136.142: [GC (Allocation Failure) 349770K->435K(1048512K), 0.0002180 secs]
136.293: [GC (Allocation Failure) 349770K->435K(1048512K), 0.0001950 secs]
136.448: [GC (Allocation Failure) 349770K->435K(1048512K), 0.0002780 secs]
136.598: [GC (Allocation Failure) 349770K->435K(1048512K), 0.0002080 secs]
136.789: [GC (Allocation Failure) 349770K->435K(1048512K), 0.0002200 secs]
136.940: [GC (Allocation Failure) 349770K->435K(1048512K), 0.0002030 secs]
137.090: [GC (Allocation Failure) 349770K->435K(1048512K), 0.0002170 secs]
137.241: [GC (Allocation Failure) 349770K->435K(1048512K), 0.0002190 secs]
137.445: [GC (Allocation Failure) 349770K->435K(1048512K), 0.0002160 secs]
137.595: [GC (Allocation Failure) 349770K->435K(1048512K), 0.0002040 secs]
137.812: [GC (Allocation Failure) 349770K->435K(1048512K), 0.0002190 secs]
137.962: [GC (Allocation Failure) 349770K->435K(1048512K), 0.0002230 secs]
138.116: [GC (Allocation Failure) 349770K->435K(1048512K), 0.0002150 secs]
138.293: [GC (Allocation Failure) 349770K->435K(1048512K), 0.0002120 secs]
138.446: [GC (Allocation Failure) 349770K->435K(1048512K), 0.0002090 secs]
138.599: [GC (Allocation Failure) 349770K->435K(1048512K), 0.0002210 secs]
138.750: [GC (Allocation Failure) 349770K->435K(1048512K), 0.0002230 secs]
138.904: [GC (Allocation Failure) 349770K->435K(1048512K), 0.0002170 secs]
139.094: [GC (Allocation Failure) 349770K->435K(1048512K), 0.0002180 secs]
139.243: [GC (Allocation Failure) 349770K->435K(1048512K), 0.0002070 secs]
139.395: [GC (Allocation Failure) 349770K->435K(1048512K), 0.0002160 secs]
139.599: [GC (Allocation Failure) 349770K->435K(1048512K), 0.0002140 secs]
139.749: [GC (Allocation Failure) 349770K->435K(1048512K), 0.0002670 secs]
139.903: [GC (Allocation Failure) 349770K->435K(1048512K), 0.0002270 secs]
140.051: [GC (Allocation Failure) 349770K->435K(1048512K), 0.0002080 secs]
140.212: [GC (Allocation Failure) 349770K->435K(1048512K), 0.0002260 secs]
140.363: [GC (Allocation Failure) 349770K->435K(1048512K), 0.0002070 secs]
140.524: [GC (Allocation Failure) 349770K->435K(1048512K), 0.0002150 secs]
140.673: [GC (Allocation Failure) 349770K->435K(1048512K), 0.0002080 secs]
140.849: [GC (Allocation Failure) 349770K->435K(1048512K), 0.0002200 secs]
140.998: [GC (Allocation Failure) 349770K->435K(1048512K), 0.0002080 secs]
141.210: [GC (Allocation Failure) 349770K->435K(1048512K), 0.0002320 secs]
141.363: [GC (Allocation Failure) 349770K->435K(1048512K), 0.0002420 secs]
141.513: [GC (Allocation Failure) 349770K->435K(1048512K), 0.0002070 secs]
141.698: [GC (Allocation Failure) 349770K->435K(1048512K), 0.0002070 secs]
141.904: [GC (Allocation Failure) 349770K->435K(1048512K), 0.0001910 secs]
142.053: [GC (Allocation Failure) 349770K->435K(1048512K), 0.0002080 secs]
142.251: [GC (Allocation Failure) 349770K->435K(1048512K), 0.0002170 secs]
142.403: [GC (Allocation Failure) 349770K->435K(1048512K), 0.0002200 secs]
142.555: [GC (Allocation Failure) 349770K->435K(1048512K), 0.0002750 secs]
142.705: [GC (Allocation Failure) 349770K->435K(1048512K), 0.0002210 secs]
142.858: [GC (Allocation Failure) 349770K->435K(1048512K), 0.0002090 secs]
143.008: [GC (Allocation Failure) 349770K->435K(1048512K), 0.0002170 secs]
143.162: [GC (Allocation Failure) 349770K->435K(1048512K), 0.0002050 secs]
143.312: [GC (Allocation Failure) 349770K->435K(1048512K), 0.0002050 secs]
143.607: [GC (Allocation Failure) 349770K->435K(1048512K), 0.0002280 secs]
143.756: [GC (Allocation Failure) 349770K->435K(1048512K), 0.0002100 secs]
143.954: [GC (Allocation Failure) 349770K->435K(1048512K), 0.0002150 secs]
144.103: [GC (Allocation Failure) 349770K->435K(1048512K), 0.0002080 secs]
144.304: [GC (Allocation Failure) 349770K->435K(1048512K), 0.0002010 secs]
144.458: [GC (Allocation Failure) 349770K->435K(1048512K), 0.0002300 secs]
144.620: [GC (Allocation Failure) 349770K->435K(1048512K), 0.0002290 secs]
144.805: [GC (Allocation Failure) 349770K->435K(1048512K), 0.0003380 secs]
144.960: [GC (Allocation Failure) 349770K->435K(1048512K), 0.0002770 secs]
145.109: [GC (Allocation Failure) 349770K->435K(1048512K), 0.0002070 secs]
145.304: [GC (Allocation Failure) 349770K->435K(1048512K), 0.0002060 secs]
145.470: [GC (Allocation Failure) 349770K->435K(1048512K), 0.0002260 secs]
145.621: [GC (Allocation Failure) 349770K->435K(1048512K), 0.0002090 secs]
145.775: [GC (Allocation Failure) 349770K->435K(1048512K), 0.0002830 secs]
145.926: [GC (Allocation Failure) 349770K->435K(1048512K), 0.0002090 secs]
146.158: [GC (Allocation Failure) 349770K->435K(1048512K), 0.0002050 secs]
146.307: [GC (Allocation Failure) 349770K->435K(1048512K), 0.0002080 secs]
146.485: [GC (Allocation Failure) 349770K->435K(1048512K), 0.0002210 secs]
146.635: [GC (Allocation Failure) 349770K->435K(1048512K), 0.0002200 secs]
146.788: [GC (Allocation Failure) 349770K->435K(1048512K), 0.0002280 secs]
146.954: [GC (Allocation Failure) 349770K->435K(1048512K), 0.0002300 secs]
147.105: [GC (Allocation Failure) 349770K->435K(1048512K), 0.0002400 secs]
147.258: [GC (Allocation Failure) 349770K->435K(1048512K), 0.0002830 secs]
147.458: [GC (Allocation Failure) 349770K->435K(1048512K), 0.0002200 secs]
147.610: [GC (Allocation Failure) 349770K->435K(1048512K), 0.0002150 secs]
147.910: [GC (Allocation Failure) 349770K->435K(1048512K), 0.0002100 secs]
148.158: [GC (Allocation Failure) 349770K->435K(1048512K), 0.0002290 secs]
148.308: [GC (Allocation Failure) 349770K->435K(1048512K), 0.0001930 secs]
148.470: [GC (Allocation Failure) 349770K->435K(1048512K), 0.0002190 secs]
148.619: [GC (Allocation Failure) 349770K->435K(1048512K), 0.0002300 secs]
148.772: [GC (Allocation Failure) 349770K->435K(1048512K), 0.0002270 secs]
149.063: [GC (Allocation Failure) 349770K->435K(1048512K), 0.0002070 secs]
149.213: [GC (Allocation Failure) 349770K->435K(1048512K), 0.0002190 secs]
149.363: [GC (Allocation Failure) 349770K->435K(1048512K), 0.0002020 secs]
149.512: [GC (Allocation Failure) 349770K->435K(1048512K), 0.0002090 secs]
149.709: [GC (Allocation Failure) 349770K->435K(1048512K), 0.0002210 secs]
149.863: [GC (Allocation Failure) 349770K->435K(1048512K), 0.0003390 secs]
150.064: [GC (Allocation Failure) 349770K->435K(1048512K), 0.0002180 secs]
150.215: [GC (Allocation Failure) 349770K->435K(1048512K), 0.0002040 secs]
150.424: [GC (Allocation Failure) 349770K->435K(1048512K), 0.0002100 secs]
150.615: [GC (Allocation Failure) 349770K->435K(1048512K), 0.0002050 secs]
150.765: [GC (Allocation Failure) 349770K->435K(1048512K), 0.0002220 secs]
150.916: [GC (Allocation Failure) 349770K->435K(1048512K), 0.0002040 secs]
151.065: [GC (Allocation Failure) 349770K->435K(1048512K), 0.0002080 secs]
151.365: [GC (Allocation Failure) 349770K->435K(1048512K), 0.0002080 secs]
151.617: [GC (Allocation Failure) 349770K->435K(1048512K), 0.0002210 secs]
151.817: [GC (Allocation Failure) 349770K->435K(1048512K), 0.0002040 secs]
151.967: [GC (Allocation Failure) 349770K->435K(1048512K), 0.0002110 secs]
152.165: [GC (Allocation Failure) 349770K->435K(1048512K), 0.0002280 secs]
152.314: [GC (Allocation Failure) 349770K->435K(1048512K), 0.0002070 secs]
152.485: [GC (Allocation Failure) 349770K->435K(1048512K), 0.0002200 secs]
152.634: [GC (Allocation Failure) 349770K->435K(1048512K), 0.0002210 secs]
152.791: [GC (Allocation Failure) 349770K->435K(1048512K), 0.0002060 secs]
152.942: [GC (Allocation Failure) 349770K->435K(1048512K), 0.0002070 secs]
153.123: [GC (Allocation Failure) 349770K->435K(1048512K), 0.0002170 secs]
153.272: [GC (Allocation Failure) 349770K->435K(1048512K), 0.0002090 secs]
153.470: [GC (Allocation Failure) 349770K->435K(1048512K), 0.0002080 secs]
153.619: [GC (Allocation Failure) 349770K->435K(1048512K), 0.0002160 secs]
153.821: [GC (Allocation Failure) 349770K->435K(1048512K), 0.0002070 secs]
153.971: [GC (Allocation Failure) 349770K->435K(1048512K), 0.0002060 secs]
154.163: [GC (Allocation Failure) 349770K->435K(1048512K), 0.0002220 secs]
154.316: [GC (Allocation Failure) 349770K->435K(1048512K), 0.0001870 secs]
154.466: [GC (Allocation Failure) 349770K->435K(1048512K), 0.0002220 secs]
154.620: [GC (Allocation Failure) 349770K->435K(1048512K), 0.0002060 secs]
154.769: [GC (Allocation Failure) 349770K->435K(1048512K), 0.0002100 secs]
154.922: [GC (Allocation Failure) 349770K->435K(1048512K), 0.0004140 secs]
155.073: [GC (Allocation Failure) 349770K->435K(1048512K), 0.0002090 secs]
155.227: [GC (Allocation Failure) 349770K->435K(1048512K), 0.0002160 secs]
155.424: [GC (Allocation Failure) 349770K->435K(1048512K), 0.0002120 secs]
155.574: [GC (Allocation Failure) 349770K->435K(1048512K), 0.0002200 secs]
155.773: [GC (Allocation Failure) 349770K->435K(1048512K), 0.0002220 secs]
155.925: [GC (Allocation Failure) 349770K->435K(1048512K), 0.0002040 secs]
156.074: [GC (Allocation Failure) 349770K->435K(1048512K), 0.0002200 secs]
156.225: [GC (Allocation Failure) 349770K->435K(1048512K), 0.0002140 secs]
156.378: [GC (Allocation Failure) 349770K->435K(1048512K), 0.0002100 secs]
156.532: [GC (Allocation Failure) 349770K->435K(1048512K), 0.0002190 secs]
156.708: [GC (Allocation Failure) 349770K->435K(1048512K), 0.0002180 secs]
156.862: [GC (Allocation Failure) 349770K->435K(1048512K), 0.0002050 secs]
157.011: [GC (Allocation Failure) 349770K->435K(1048512K), 0.0002190 secs]
157.164: [GC (Allocation Failure) 349770K->435K(1048512K), 0.0002030 secs]
157.314: [GC (Allocation Failure) 349770K->435K(1048512K), 0.0002100 secs]
157.473: [GC (Allocation Failure) 349770K->435K(1048512K), 0.0002170 secs]
157.623: [GC (Allocation Failure) 349770K->435K(1048512K), 0.0002080 secs]
157.776: [GC (Allocation Failure) 349770K->435K(1048512K), 0.0002190 secs]
157.928: [GC (Allocation Failure) 349770K->435K(1048512K), 0.0002050 secs]
158.097: [GC (Allocation Failure) 349770K->435K(1048512K), 0.0002100 secs]
158.278: [GC (Allocation Failure) 349770K->435K(1048512K), 0.0002810 secs]
158.480: [GC (Allocation Failure) 349770K->435K(1048512K), 0.0002070 secs]
158.680: [GC (Allocation Failure) 349770K->435K(1048512K), 0.0002080 secs]
158.831: [GC (Allocation Failure) 349770K->435K(1048512K), 0.0002180 secs]
158.984: [GC (Allocation Failure) 349770K->435K(1048512K), 0.0002140 secs]
159.180: [GC (Allocation Failure) 349770K->435K(1048512K), 0.0002090 secs]
159.330: [GC (Allocation Failure) 349770K->435K(1048512K), 0.0002190 secs]
159.481: [GC (Allocation Failure) 349770K->435K(1048512K), 0.0002100 secs]
159.711: [GC (Allocation Failure) 349770K->435K(1048512K), 0.0002060 secs]
159.860: [GC (Allocation Failure) 349770K->435K(1048512K), 0.0002180 secs]
160.015: [GC (Allocation Failure) 349770K->435K(1048512K), 0.0002290 secs]
160.172: [GC (Allocation Failure) 349770K->435K(1048512K), 0.0002210 secs]
160.326: [GC (Allocation Failure) 349770K->435K(1048512K), 0.0001950 secs]
160.489: [GC (Allocation Failure) 349770K->435K(1048512K), 0.0002090 secs]
160.682: [GC (Allocation Failure) 349770K->435K(1048512K), 0.0002200 secs]
160.833: [GC (Allocation Failure) 349770K->435K(1048512K), 0.0002070 secs]
161.134: [GC (Allocation Failure) 349770K->435K(1048512K), 0.0002080 secs]
161.353: [GC (Allocation Failure) 349770K->435K(1048512K), 0.0002170 secs]
161.502: [GC (Allocation Failure) 349770K->435K(1048512K), 0.0002060 secs]
161.657: [GC (Allocation Failure) 349770K->435K(1048512K), 0.0002260 secs]
161.816: [GC (Allocation Failure) 349770K->435K(1048512K), 0.0002910 secs]
161.966: [GC (Allocation Failure) 349770K->435K(1048512K), 0.0002940 secs]
162.135: [GC (Allocation Failure) 349770K->435K(1048512K), 0.0002100 secs]
162.339: [GC (Allocation Failure) 349770K->435K(1048512K), 0.0002210 secs]
162.489: [GC (Allocation Failure) 349770K->435K(1048512K), 0.0002090 secs]
162.686: [GC (Allocation Failure) 349770K->435K(1048512K), 0.0002020 secs]
162.837: [GC (Allocation Failure) 349770K->435K(1048512K), 0.0002750 secs]
163.012: [GC (Allocation Failure) 349770K->435K(1048512K), 0.0002920 secs]
163.161: [GC (Allocation Failure) 349770K->435K(1048512K), 0.0002190 secs]
163.313: [GC (Allocation Failure) 349770K->435K(1048512K), 0.0002180 secs]
163.463: [GC (Allocation Failure) 349770K->435K(1048512K), 0.0002080 secs]
163.626: [GC (Allocation Failure) 349770K->435K(1048512K), 0.0002100 secs]
163.776: [GC (Allocation Failure) 349770K->435K(1048512K), 0.0002160 secs]
164.017: [GC (Allocation Failure) 349770K->435K(1048512K), 0.0002230 secs]
164.170: [GC (Allocation Failure) 349770K->435K(1048512K), 0.0002070 secs]
164.319: [GC (Allocation Failure) 349770K->435K(1048512K), 0.0002340 secs]
164.473: [GC (Allocation Failure) 349770K->435K(1048512K), 0.0002790 secs]
164.622: [GC (Allocation Failure) 349770K->435K(1048512K), 0.0002080 secs]
164.795: [GC (Allocation Failure) 349770K->435K(1048512K), 0.0002150 secs]
164.944: [GC (Allocation Failure) 349770K->435K(1048512K), 0.0002180 secs]
165.096: [GC (Allocation Failure) 349770K->435K(1048512K), 0.0003300 secs]
165.257: [GC (Allocation Failure) 349770K->435K(1048512K), 0.0002130 secs]
165.407: [GC (Allocation Failure) 349770K->435K(1048512K), 0.0002100 secs]
165.560: [GC (Allocation Failure) 349770K->435K(1048512K), 0.0002200 secs]
165.741: [GC (Allocation Failure) 349770K->435K(1048512K), 0.0002090 secs]
166.042: [GC (Allocation Failure) 349770K->435K(1048512K), 0.0002260 secs]
166.209: [GC (Allocation Failure) 349770K->435K(1048512K), 0.0002080 secs]
166.365: [GC (Allocation Failure) 349770K->435K(1048512K), 0.0002170 secs]
166.515: [GC (Allocation Failure) 349770K->435K(1048512K), 0.0002310 secs]
166.692: [GC (Allocation Failure) 349770K->435K(1048512K), 0.0002200 secs]
166.844: [GC (Allocation Failure) 349770K->435K(1048512K), 0.0002150 secs]
167.044: [GC (Allocation Failure) 349770K->435K(1048512K), 0.0002070 secs]
167.195: [GC (Allocation Failure) 349770K->435K(1048512K), 0.0002150 secs]
167.383: [GC (Allocation Failure) 349770K->435K(1048512K), 0.0002310 secs]
167.534: [GC (Allocation Failure) 349770K->435K(1048512K), 0.0002080 secs]
167.687: [GC (Allocation Failure) 349770K->435K(1048512K), 0.0002210 secs]
167.846: [GC (Allocation Failure) 349770K->435K(1048512K), 0.0002090 secs]
167.995: [GC (Allocation Failure) 349770K->435K(1048512K), 0.0002150 secs]
168.196: [GC (Allocation Failure) 349770K->435K(1048512K), 0.0002100 secs]
168.347: [GC (Allocation Failure) 349770K->435K(1048512K), 0.0002020 secs]
168.509: [GC (Allocation Failure) 349770K->435K(1048512K), 0.0002940 secs]
168.701: [GC (Allocation Failure) 349770K->435K(1048512K), 0.0002070 secs]
168.851: [GC (Allocation Failure) 349770K->435K(1048512K), 0.0002820 secs]
169.046: [GC (Allocation Failure) 349770K->435K(1048512K), 0.0002190 secs]
169.198: [GC (Allocation Failure) 349770K->435K(1048512K), 0.0002030 secs]
169.347: [GC (Allocation Failure) 349770K->435K(1048512K), 0.0002300 secs]
169.548: [GC (Allocation Failure) 349770K->435K(1048512K), 0.0002100 secs]
169.799: [GC (Allocation Failure) 349770K->435K(1048512K), 0.0002140 secs]
169.949: [GC (Allocation Failure) 349770K->435K(1048512K), 0.0002180 secs]
170.103: [GC (Allocation Failure) 349770K->435K(1048512K), 0.0004910 secs]
170.279: [GC (Allocation Failure) 349770K->435K(1048512K), 0.0002220 secs]
170.441: [GC (Allocation Failure) 349770K->435K(1048512K), 0.0002060 secs]
170.590: [GC (Allocation Failure) 349770K->435K(1048512K), 0.0002090 secs]
170.756: [GC (Allocation Failure) 349770K->435K(1048512K), 0.0002270 secs]
170.906: [GC (Allocation Failure) 349770K->435K(1048512K), 0.0002090 secs]
171.100: [GC (Allocation Failure) 349770K->435K(1048512K), 0.0002070 secs]
171.288: [GC (Allocation Failure) 349770K->435K(1048512K), 0.0002290 secs]
171.437: [GC (Allocation Failure) 349770K->435K(1048512K), 0.0002080 secs]
171.602: [GC (Allocation Failure) 349770K->435K(1048512K), 0.0002050 secs]
171.751: [GC (Allocation Failure) 349770K->435K(1048512K), 0.0002070 secs]
171.953: [GC (Allocation Failure) 349770K->435K(1048512K), 0.0002080 secs]
172.103: [GC (Allocation Failure) 349770K->435K(1048512K), 0.0002770 secs]
172.252: [GC (Allocation Failure) 349770K->435K(1048512K), 0.0002070 secs]
172.468: [GC (Allocation Failure) 349770K->435K(1048512K), 0.0002100 secs]
172.654: [GC (Allocation Failure) 349770K->435K(1048512K), 0.0002070 secs]
172.803: [GC (Allocation Failure) 349770K->435K(1048512K), 0.0002200 secs]
172.955: [GC (Allocation Failure) 349770K->435K(1048512K), 0.0002060 secs]
173.209: [GC (Allocation Failure) 349770K->435K(1048512K), 0.0002220 secs]
173.363: [GC (Allocation Failure) 349770K->435K(1048512K), 0.0002120 secs]
173.513: [GC (Allocation Failure) 349770K->435K(1048512K), 0.0002230 secs]
173.668: [GC (Allocation Failure) 349770K->435K(1048512K), 0.0002190 secs]
173.817: [GC (Allocation Failure) 349770K->435K(1048512K), 0.0002080 secs]
174.013: [GC (Allocation Failure) 349770K->435K(1048512K), 0.0002170 secs]
174.163: [GC (Allocation Failure) 349770K->435K(1048512K), 0.0002090 secs]
174.316: [GC (Allocation Failure) 349770K->435K(1048512K), 0.0002220 secs]
174.469: [GC (Allocation Failure) 349770K->435K(1048512K), 0.0002120 secs]
174.657: [GC (Allocation Failure) 349770K->435K(1048512K), 0.0002300 secs]
174.808: [GC (Allocation Failure) 349770K->435K(1048512K), 0.0002070 secs]
174.987: [GC (Allocation Failure) 349770K->435K(1048512K), 0.0002190 secs]
175.140: [GC (Allocation Failure) 349770K->435K(1048512K), 0.0003330 secs]
175.301: [GC (Allocation Failure) 349770K->435K(1048512K), 0.0002100 secs]
175.450: [GC (Allocation Failure) 349770K->435K(1048512K), 0.0002100 secs]
175.659: [GC (Allocation Failure) 349770K->435K(1048512K), 0.0002100 secs]
175.858: [GC (Allocation Failure) 349770K->435K(1048512K), 0.0002100 secs]
176.088: [GC (Allocation Failure) 349770K->435K(1048512K), 0.0002200 secs]
176.241: [GC (Allocation Failure) 349770K->435K(1048512K), 0.0002060 secs]
176.461: [GC (Allocation Failure) 349770K->435K(1048512K), 0.0002050 secs]
176.609: [GC (Allocation Failure) 349770K->435K(1048512K), 0.0002090 secs]
176.761: [GC (Allocation Failure) 349770K->435K(1048512K), 0.0002170 secs]
176.910: [GC (Allocation Failure) 349770K->435K(1048512K), 0.0002090 secs]
177.111: [GC (Allocation Failure) 349770K->435K(1048512K), 0.0002210 secs]
177.262: [GC (Allocation Failure) 349770K->435K(1048512K), 0.0002060 secs]
177.468: [GC (Allocation Failure) 349770K->435K(1048512K), 0.0002220 secs]
177.621: [GC (Allocation Failure) 349770K->435K(1048512K), 0.0002300 secs]
177.863: [GC (Allocation Failure) 349770K->435K(1048512K), 0.0002080 secs]
178.014: [GC (Allocation Failure) 349770K->435K(1048512K), 0.0002060 secs]
178.164: [GC (Allocation Failure) 349770K->435K(1048512K), 0.0002050 secs]
178.312: [GC (Allocation Failure) 349770K->435K(1048512K), 0.0002060 secs]
178.473: [GC (Allocation Failure) 349770K->435K(1048512K), 0.0002210 secs]
178.623: [GC (Allocation Failure) 349770K->435K(1048512K), 0.0002200 secs]
178.776: [GC (Allocation Failure) 349770K->435K(1048512K), 0.0002210 secs]
178.925: [GC (Allocation Failure) 349770K->435K(1048512K), 0.0002080 secs]
179.115: [GC (Allocation Failure) 349770K->435K(1048512K), 0.0002160 secs]
179.266: [GC (Allocation Failure) 349770K->435K(1048512K), 0.0002170 secs]
179.419: [GC (Allocation Failure) 349770K->435K(1048512K), 0.0002030 secs]
179.570: [GC (Allocation Failure) 349770K->435K(1048512K), 0.0002100 secs]
179.723: [GC (Allocation Failure) 349770K->435K(1048512K), 0.0002190 secs]
179.915: [GC (Allocation Failure) 349770K->435K(1048512K), 0.0002090 secs]
180.167: [GC (Allocation Failure) 349770K->435K(1048512K), 0.0002620 secs]
180.316: [GC (Allocation Failure) 349770K->435K(1048512K), 0.0002780 secs]
180.494: [GC (Allocation Failure) 349770K->435K(1048512K), 0.0002190 secs]
180.643: [GC (Allocation Failure) 349770K->435K(1048512K), 0.0002080 secs]
180.822: [GC (Allocation Failure) 349770K->435K(1048512K), 0.0002180 secs]
180.972: [GC (Allocation Failure) 349770K->435K(1048512K), 0.0002200 secs]
181.125: [GC (Allocation Failure) 349770K->435K(1048512K), 0.0002180 secs]
181.323: [GC (Allocation Failure) 349770K->435K(1048512K), 0.0002070 secs]
181.473: [GC (Allocation Failure) 349770K->435K(1048512K), 0.0002080 secs]
181.675: [GC (Allocation Failure) 349770K->435K(1048512K), 0.0002380 secs]
181.825: [GC (Allocation Failure) 349770K->435K(1048512K), 0.0002780 secs]
182.021: [GC (Allocation Failure) 349770K->435K(1048512K), 0.0002060 secs]
182.197: [GC (Allocation Failure) 349770K->435K(1048512K), 0.0002230 secs]
182.351: [GC (Allocation Failure) 349770K->435K(1048512K), 0.0002230 secs]
182.502: [GC (Allocation Failure) 349770K->435K(1048512K), 0.0002100 secs]
182.675: [GC (Allocation Failure) 349770K->435K(1048512K), 0.0002250 secs]
182.826: [GC (Allocation Failure) 349770K->435K(1048512K), 0.0002100 secs]
182.979: [GC (Allocation Failure) 349770K->435K(1048512K), 0.0002830 secs]
183.128: [GC (Allocation Failure) 349770K->435K(1048512K), 0.0002210 secs]
183.283: [GC (Allocation Failure) 349770K->435K(1048512K), 0.0002290 secs]
183.473: [GC (Allocation Failure) 349770K->435K(1048512K), 0.0002090 secs]
183.622: [GC (Allocation Failure) 349770K->435K(1048512K), 0.0002080 secs]
183.921: [GC (Allocation Failure) 349770K->435K(1048512K), 0.0002210 secs]
184.074: [GC (Allocation Failure) 349770K->435K(1048512K), 0.0002170 secs]
184.222: [GC (Allocation Failure) 349770K->435K(1048512K), 0.0002110 secs]
184.377: [GC (Allocation Failure) 349770K->435K(1048512K), 0.0002060 secs]
184.527: [GC (Allocation Failure) 349770K->435K(1048512K), 0.0002450 secs]
184.680: [GC (Allocation Failure) 349770K->435K(1048512K), 0.0002270 secs]
184.873: [GC (Allocation Failure) 349770K->435K(1048512K), 0.0002210 secs]
185.025: [GC (Allocation Failure) 349770K->435K(1048512K), 0.0002780 secs]
185.179: [GC (Allocation Failure) 349770K->435K(1048512K), 0.0002990 secs]
185.337: [GC (Allocation Failure) 349770K->435K(1048512K), 0.0002100 secs]
185.523: [GC (Allocation Failure) 349770K->435K(1048512K), 0.0002200 secs]
185.676: [GC (Allocation Failure) 349770K->435K(1048512K), 0.0002060 secs]
185.927: [GC (Allocation Failure) 349770K->435K(1048512K), 0.0002110 secs]
186.076: [GC (Allocation Failure) 349770K->435K(1048512K), 0.0002080 secs]
186.227: [GC (Allocation Failure) 349770K->435K(1048512K), 0.0002140 secs]
186.415: [GC (Allocation Failure) 349770K->435K(1048512K), 0.0002330 secs]
186.564: [GC (Allocation Failure) 349770K->435K(1048512K), 0.0002090 secs]
186.777: [GC (Allocation Failure) 349770K->435K(1048512K), 0.0002230 secs]
186.929: [GC (Allocation Failure) 349770K->435K(1048512K), 0.0002020 secs]
187.128: [GC (Allocation Failure) 349770K->435K(1048512K), 0.0002230 secs]
187.279: [GC (Allocation Failure) 349770K->435K(1048512K), 0.0002140 secs]
187.429: [GC (Allocation Failure) 349770K->435K(1048512K), 0.0002210 secs]
187.683: [GC (Allocation Failure) 349770K->435K(1048512K), 0.0002160 secs]
187.833: [GC (Allocation Failure) 349770K->435K(1048512K), 0.0002080 secs]
187.986: [GC (Allocation Failure) 349770K->435K(1048512K), 0.0002180 secs]
188.135: [GC (Allocation Failure) 349770K->435K(1048512K), 0.0002080 secs]
188.331: [GC (Allocation Failure) 349770K->435K(1048512K), 0.0002090 secs]
188.481: [GC (Allocation Failure) 349770K->435K(1048512K), 0.0002140 secs]
188.708: [GC (Allocation Failure) 349770K->435K(1048512K), 0.0002100 secs]
188.886: [GC (Allocation Failure) 349770K->435K(1048512K), 0.0002250 secs]
189.036: [GC (Allocation Failure) 349770K->435K(1048512K), 0.0002770 secs]
189.210: [GC (Allocation Failure) 349770K->435K(1048512K), 0.0002100 secs]
189.405: [GC (Allocation Failure) 349770K->435K(1048512K), 0.0002220 secs]
189.557: [GC (Allocation Failure) 349770K->435K(1048512K), 0.0002060 secs]
189.706: [GC (Allocation Failure) 349770K->435K(1048512K), 0.0002090 secs]
189.859: [GC (Allocation Failure) 349770K->435K(1048512K), 0.0002200 secs]
190.009: [GC (Allocation Failure) 349770K->435K(1048512K), 0.0002100 secs]
190.162: [GC (Allocation Failure) 349770K->435K(1048512K), 0.0002810 secs]
190.311: [GC (Allocation Failure) 349770K->435K(1048512K), 0.0003450 secs]
190.476: [GC (Allocation Failure) 349770K->435K(1048512K), 0.0002200 secs]
190.635: [GC (Allocation Failure) 349770K->435K(1048512K), 0.0002220 secs]
190.784: [GC (Allocation Failure) 349770K->435K(1048512K), 0.0002080 secs]
191.012: [GC (Allocation Failure) 349770K->435K(1048512K), 0.0002080 secs]
191.189: [GC (Allocation Failure) 349770K->435K(1048512K), 0.0002260 secs]
191.339: [GC (Allocation Failure) 349770K->435K(1048512K), 0.0002180 secs]
191.492: [GC (Allocation Failure) 349770K->435K(1048512K), 0.0002190 secs]
191.691: [GC (Allocation Failure) 349770K->435K(1048512K), 0.0002070 secs]
191.841: [GC (Allocation Failure) 349770K->435K(1048512K), 0.0002080 secs]
192.037: [GC (Allocation Failure) 349770K->435K(1048512K), 0.0002210 secs]
192.186: [GC (Allocation Failure) 349770K->435K(1048512K), 0.0002100 secs]
192.337: [GC (Allocation Failure) 349770K->435K(1048512K), 0.0002170 secs]
192.493: [GC (Allocation Failure) 349770K->435K(1048512K), 0.0002180 secs]
192.641: [GC (Allocation Failure) 349770K->435K(1048512K), 0.0002080 secs]
192.813: [GC (Allocation Failure) 349770K->435K(1048512K), 0.0002180 secs]
192.963: [GC (Allocation Failure) 349770K->435K(1048512K), 0.0002340 secs]
193.116: [GC (Allocation Failure) 349770K->435K(1048512K), 0.0002210 secs]
193.390: [GC (Allocation Failure) 349770K->435K(1048512K), 0.0002080 secs]
193.539: [GC (Allocation Failure) 349770K->435K(1048512K), 0.0002100 secs]
193.715: [GC (Allocation Failure) 349770K->435K(1048512K), 0.0002290 secs]
193.864: [GC (Allocation Failure) 349770K->435K(1048512K), 0.0002070 secs]
194.040: [GC (Allocation Failure) 349770K->435K(1048512K), 0.0002110 secs]
194.208: [GC (Allocation Failure) 349770K->435K(1048512K), 0.0002200 secs]
194.362: [GC (Allocation Failure) 349770K->435K(1048512K), 0.0002150 secs]
194.512: [GC (Allocation Failure) 349770K->435K(1048512K), 0.0002060 secs]
194.664: [GC (Allocation Failure) 349770K->435K(1048512K), 0.0002190 secs]
194.815: [GC (Allocation Failure) 349770K->435K(1048512K), 0.0002200 secs]
194.968: [GC (Allocation Failure) 349770K->435K(1048512K), 0.0002060 secs]
195.118: [GC (Allocation Failure) 349770K->435K(1048512K), 0.0002080 secs]
195.273: [GC (Allocation Failure) 349770K->435K(1048512K), 0.0002190 secs]
195.494: [GC (Allocation Failure) 349770K->435K(1048512K), 0.0002210 secs]
195.643: [GC (Allocation Failure) 349770K->435K(1048512K), 0.0002080 secs]
195.794: [GC (Allocation Failure) 349770K->435K(1048512K), 0.0002040 secs]
195.944: [GC (Allocation Failure) 349770K->435K(1048512K), 0.0002200 secs]
196.099: [GC (Allocation Failure) 349770K->435K(1048512K), 0.0002200 secs]
196.248: [GC (Allocation Failure) 349770K->435K(1048512K), 0.0002090 secs]
196.446: [GC (Allocation Failure) 349770K->435K(1048512K), 0.0002200 secs]
196.599: [GC (Allocation Failure) 349770K->435K(1048512K), 0.0002190 secs]
196.845: [GC (Allocation Failure) 349770K->435K(1048512K), 0.0002220 secs]
196.996: [GC (Allocation Failure) 349770K->435K(1048512K), 0.0002140 secs]
197.197: [GC (Allocation Failure) 349770K->435K(1048512K), 0.0002110 secs]
197.350: [GC (Allocation Failure) 349770K->435K(1048512K), 0.0002160 secs]
197.547: [GC (Allocation Failure) 349770K->435K(1048512K), 0.0002150 secs]
197.697: [GC (Allocation Failure) 349770K->435K(1048512K), 0.0002060 secs]
197.848: [GC (Allocation Failure) 349770K->435K(1048512K), 0.0002040 secs]
198.046: [GC (Allocation Failure) 349770K->435K(1048512K), 0.0002810 secs]
198.197: [GC (Allocation Failure) 349770K->435K(1048512K), 0.0002200 secs]
198.348: [GC (Allocation Failure) 349770K->435K(1048512K), 0.0002000 secs]
198.499: [GC (Allocation Failure) 349770K->435K(1048512K), 0.0002080 secs]
198.699: [GC (Allocation Failure) 349770K->435K(1048512K), 0.0002130 secs]
198.849: [GC (Allocation Failure) 349770K->435K(1048512K), 0.0002070 secs]
199.003: [GC (Allocation Failure) 349770K->435K(1048512K), 0.0002210 secs]
199.152: [GC (Allocation Failure) 349770K->435K(1048512K), 0.0002080 secs]
199.305: [GC (Allocation Failure) 349770K->435K(1048512K), 0.0002150 secs]
199.454: [GC (Allocation Failure) 349770K->435K(1048512K), 0.0002090 secs]
199.610: [GC (Allocation Failure) 349770K->435K(1048512K), 0.0002210 secs]
199.799: [GC (Allocation Failure) 349770K->435K(1048512K), 0.0002090 secs]
200.055: [GC (Allocation Failure) 349770K->435K(1048512K), 0.0002260 secs]
200.204: [GC (Allocation Failure) 349770K->435K(1048512K), 0.0002070 secs]
200.403: [GC (Allocation Failure) 349770K->435K(1048512K), 0.0002040 secs]
200.560: [GC (Allocation Failure) 349770K->435K(1048512K), 0.0002900 secs]
200.724: [GC (Allocation Failure) 349770K->435K(1048512K), 0.0002160 secs]
200.875: [GC (Allocation Failure) 349770K->435K(1048512K), 0.0002890 secs]
201.053: [GC (Allocation Failure) 349770K->435K(1048512K), 0.0002180 secs]
201.204: [GC (Allocation Failure) 349770K->435K(1048512K), 0.0002070 secs]
201.425: [GC (Allocation Failure) 349770K->435K(1048512K), 0.0002860 secs]
201.575: [GC (Allocation Failure) 349770K->435K(1048512K), 0.0002200 secs]
201.755: [GC (Allocation Failure) 349770K->435K(1048512K), 0.0002190 secs]
201.904: [GC (Allocation Failure) 349770K->435K(1048512K), 0.0002740 secs]
202.105: [GC (Allocation Failure) 349770K->435K(1048512K), 0.0002230 secs]
202.256: [GC (Allocation Failure) 349770K->435K(1048512K), 0.0001980 secs]
202.414: [GC (Allocation Failure) 349770K->435K(1048512K), 0.0002200 secs]
202.564: [GC (Allocation Failure) 349770K->435K(1048512K), 0.0002070 secs]
202.717: [GC (Allocation Failure) 349770K->435K(1048512K), 0.0002170 secs]
202.866: [GC (Allocation Failure) 349770K->435K(1048512K), 0.0002190 secs]
203.019: [GC (Allocation Failure) 349770K->435K(1048512K), 0.0002780 secs]
203.169: [GC (Allocation Failure) 349770K->435K(1048512K), 0.0002080 secs]
203.324: [GC (Allocation Failure) 349770K->435K(1048512K), 0.0002230 secs]
203.477: [GC (Allocation Failure) 349770K->435K(1048512K), 0.0002280 secs]
203.712: [GC (Allocation Failure) 349770K->435K(1048512K), 0.0002170 secs]
203.862: [GC (Allocation Failure) 349770K->435K(1048512K), 0.0002090 secs]
204.058: [GC (Allocation Failure) 349770K->435K(1048512K), 0.0002080 secs]
204.208: [GC (Allocation Failure) 349770K->435K(1048512K), 0.0002180 secs]
204.363: [GC (Allocation Failure) 349770K->435K(1048512K), 0.0002160 secs]
204.525: [GC (Allocation Failure) 349770K->435K(1048512K), 0.0002210 secs]
204.679: [GC (Allocation Failure) 349770K->435K(1048512K), 0.0002340 secs]
204.829: [GC (Allocation Failure) 349770K->435K(1048512K), 0.0002100 secs]
204.983: [GC (Allocation Failure) 349770K->435K(1048512K), 0.0002120 secs]
205.132: [GC (Allocation Failure) 349770K->435K(1048512K), 0.0002080 secs]
205.286: [GC (Allocation Failure) 349770K->435K(1048512K), 0.0002290 secs]
205.462: [GC (Allocation Failure) 349770K->435K(1048512K), 0.0002090 secs]
205.613: [GC (Allocation Failure) 349770K->435K(1048512K), 0.0003780 secs]
205.767: [GC (Allocation Failure) 349770K->435K(1048512K), 0.0002190 secs]
206.063: [GC (Allocation Failure) 349770K->435K(1048512K), 0.0002060 secs]
206.212: [GC (Allocation Failure) 349770K->435K(1048512K), 0.0002090 secs]
206.410: [GC (Allocation Failure) 349770K->435K(1048512K), 0.0002230 secs]
206.563: [GC (Allocation Failure) 349770K->435K(1048512K), 0.0002160 secs]
206.764: [GC (Allocation Failure) 349770K->435K(1048512K), 0.0002150 secs]
206.916: [GC (Allocation Failure) 349770K->435K(1048512K), 0.0002090 secs]
207.210: [GC (Allocation Failure) 349770K->435K(1048512K), 0.0002230 secs]
207.363: [GC (Allocation Failure) 349770K->435K(1048512K), 0.0002060 secs]
207.513: [GC (Allocation Failure) 349770K->435K(1048512K), 0.0002090 secs]
207.712: [GC (Allocation Failure) 349770K->435K(1048512K), 0.0002220 secs]
207.861: [GC (Allocation Failure) 349770K->435K(1048512K), 0.0002070 secs]
208.016: [GC (Allocation Failure) 349770K->435K(1048512K), 0.0002200 secs]
208.170: [GC (Allocation Failure) 349770K->435K(1048512K), 0.0002060 secs]
208.319: [GC (Allocation Failure) 349770K->435K(1048512K), 0.0002940 secs]
208.478: [GC (Allocation Failure) 349770K->435K(1048512K), 0.0002810 secs]
208.628: [GC (Allocation Failure) 349770K->435K(1048512K), 0.0002200 secs]
208.918: [GC (Allocation Failure) 349770K->435K(1048512K), 0.0002030 secs]
209.066: [GC (Allocation Failure) 349770K->435K(1048512K), 0.0002810 secs]
209.272: [GC (Allocation Failure) 349770K->435K(1048512K), 0.0002160 secs]
209.421: [GC (Allocation Failure) 349770K->435K(1048512K), 0.0002080 secs]
209.575: [GC (Allocation Failure) 349770K->435K(1048512K), 0.0002270 secs]
209.726: [GC (Allocation Failure) 349770K->435K(1048512K), 0.0002100 secs]
209.879: [GC (Allocation Failure) 349770K->435K(1048512K), 0.0002070 secs]
210.028: [GC (Allocation Failure) 349770K->435K(1048512K), 0.0002050 secs]
210.223: [GC (Allocation Failure) 349770K->435K(1048512K), 0.0002170 secs]
210.373: [GC (Allocation Failure) 349770K->435K(1048512K), 0.0002100 secs]
210.536: [GC (Allocation Failure) 349770K->435K(1048512K), 0.0002080 secs]
210.685: [GC (Allocation Failure) 349770K->435K(1048512K), 0.0003090 secs]
210.845: [GC (Allocation Failure) 349770K->435K(1048512K), 0.0002300 secs]
210.994: [GC (Allocation Failure) 349770K->435K(1048512K), 0.0002020 secs]
211.213: [GC (Allocation Failure) 349770K->435K(1048512K), 0.0002150 secs]
211.362: [GC (Allocation Failure) 349770K->435K(1048512K), 0.0002820 secs]
211.572: [GC (Allocation Failure) 349770K->435K(1048512K), 0.0002120 secs]
211.722: [GC (Allocation Failure) 349770K->435K(1048512K), 0.0002140 secs]
211.873: [GC (Allocation Failure) 349770K->435K(1048512K), 0.0002040 secs]
212.127: [GC (Allocation Failure) 349770K->435K(1048512K), 0.0002120 secs]
212.276: [GC (Allocation Failure) 349770K->435K(1048512K), 0.0002090 secs]
212.480: [GC (Allocation Failure) 349770K->435K(1048512K), 0.0002220 secs]
212.633: [GC (Allocation Failure) 349770K->435K(1048512K), 0.0002070 secs]
212.782: [GC (Allocation Failure) 349770K->435K(1048512K), 0.0002220 secs]
212.936: [GC (Allocation Failure) 349770K->435K(1048512K), 0.0002190 secs]
213.086: [GC (Allocation Failure) 349770K->435K(1048512K), 0.0002090 secs]
213.241: [GC (Allocation Failure) 349770K->435K(1048512K), 0.0002190 secs]
213.390: [GC (Allocation Failure) 349770K->435K(1048512K), 0.0002070 secs]
213.544: [GC (Allocation Failure) 349770K->435K(1048512K), 0.0002190 secs]
213.708: [GC (Allocation Failure) 349770K->435K(1048512K), 0.0002190 secs]
213.860: [GC (Allocation Failure) 349770K->435K(1048512K), 0.0002790 secs]
214.012: [GC (Allocation Failure) 349770K->435K(1048512K), 0.0002100 secs]
214.180: [GC (Allocation Failure) 349770K->435K(1048512K), 0.0002260 secs]
214.331: [GC (Allocation Failure) 349770K->435K(1048512K), 0.0002900 secs]
214.502: [GC (Allocation Failure) 349770K->435K(1048512K), 0.0002230 secs]
214.654: [GC (Allocation Failure) 349770K->435K(1048512K), 0.0002220 secs]
214.828: [GC (Allocation Failure) 349770K->435K(1048512K), 0.0002100 secs]
214.978: [GC (Allocation Failure) 349770K->435K(1048512K), 0.0002210 secs]
215.132: [GC (Allocation Failure) 349770K->435K(1048512K), 0.0002030 secs]
215.283: [GC (Allocation Failure) 349770K->435K(1048512K), 0.0002090 secs]
215.438: [GC (Allocation Failure) 349770K->435K(1048512K), 0.0002100 secs]
215.630: [GC (Allocation Failure) 349770K->435K(1048512K), 0.0002380 secs]
215.780: [GC (Allocation Failure) 349770K->435K(1048512K), 0.0002470 secs]
215.929: [GC (Allocation Failure) 349770K->435K(1048512K), 0.0002090 secs]
216.081: [GC (Allocation Failure) 349770K->435K(1048512K), 0.0002040 secs]
216.230: [GC (Allocation Failure) 349770K->435K(1048512K), 0.0002060 secs]
216.415: [GC (Allocation Failure) 349770K->435K(1048512K), 0.0002350 secs]
216.563: [GC (Allocation Failure) 349770K->435K(1048512K), 0.0002070 secs]
216.716: [GC (Allocation Failure) 349770K->435K(1048512K), 0.0002300 secs]
216.943: [GC (Allocation Failure) 349770K->435K(1048512K), 0.0002190 secs]
217.093: [GC (Allocation Failure) 349770K->435K(1048512K), 0.0002090 secs]
217.282: [GC (Allocation Failure) 349770K->435K(1048512K), 0.0002110 secs]
217.472: [GC (Allocation Failure) 349770K->435K(1048512K), 0.0002190 secs]
217.626: [GC (Allocation Failure) 349770K->435K(1048512K), 0.0002220 secs]
217.779: [GC (Allocation Failure) 349770K->435K(1048512K), 0.0002070 secs]
217.928: [GC (Allocation Failure) 349770K->435K(1048512K), 0.0002080 secs]
218.083: [GC (Allocation Failure) 349770K->435K(1048512K), 0.0002180 secs]
218.282: [GC (Allocation Failure) 349770K->435K(1048512K), 0.0002230 secs]
218.435: [GC (Allocation Failure) 349770K->435K(1048512K), 0.0002170 secs]
218.711: [GC (Allocation Failure) 349770K->435K(1048512K), 0.0002110 secs]
218.861: [GC (Allocation Failure) 349770K->435K(1048512K), 0.0002120 secs]
219.085: [GC (Allocation Failure) 349770K->435K(1048512K), 0.0002220 secs]
219.236: [GC (Allocation Failure) 349770K->435K(1048512K), 0.0002050 secs]
219.385: [GC (Allocation Failure) 349770K->435K(1048512K), 0.0002090 secs]
219.537: [GC (Allocation Failure) 349770K->435K(1048512K), 0.0002140 secs]
219.686: [GC (Allocation Failure) 349770K->435K(1048512K), 0.0002080 secs]
219.891: [GC (Allocation Failure) 349770K->435K(1048512K), 0.0002580 secs]
220.042: [GC (Allocation Failure) 349770K->435K(1048512K), 0.0002110 secs]
220.238: [GC (Allocation Failure) 349770K->435K(1048512K), 0.0002080 secs]
220.388: [GC (Allocation Failure) 349770K->435K(1048512K), 0.0002070 secs]
220.558: [GC (Allocation Failure) 349770K->435K(1048512K), 0.0002290 secs]
220.738: [GC (Allocation Failure) 349770K->435K(1048512K), 0.0002110 secs]
221.038: [GC (Allocation Failure) 349770K->435K(1048512K), 0.0002540 secs]
221.190: [GC (Allocation Failure) 349770K->435K(1048512K), 0.0002760 secs]
221.341: [GC (Allocation Failure) 349770K->435K(1048512K), 0.0002230 secs]
221.494: [GC (Allocation Failure) 349770K->435K(1048512K), 0.0002050 secs]
221.645: [GC (Allocation Failure) 349770K->435K(1048512K), 0.0002110 secs]
221.847: [GC (Allocation Failure) 349770K->435K(1048512K), 0.0002070 secs]
222.041: [GC (Allocation Failure) 349770K->435K(1048512K), 0.0002140 secs]
222.190: [GC (Allocation Failure) 349770K->435K(1048512K), 0.0002100 secs]
222.442: [GC (Allocation Failure) 349770K->435K(1048512K), 0.0002190 secs]
222.595: [GC (Allocation Failure) 349770K->435K(1048512K), 0.0002020 secs]
222.745: [GC (Allocation Failure) 349770K->435K(1048512K), 0.0002220 secs]
222.899: [GC (Allocation Failure) 349770K->435K(1048512K), 0.0002380 secs]
223.049: [GC (Allocation Failure) 349770K->435K(1048512K), 0.0002090 secs]
223.202: [GC (Allocation Failure) 349770K->435K(1048512K), 0.0002230 secs]
223.352: [GC (Allocation Failure) 349770K->435K(1048512K), 0.0002080 secs]
223.597: [GC (Allocation Failure) 349770K->435K(1048512K), 0.0002180 secs]
223.748: [GC (Allocation Failure) 349770K->435K(1048512K), 0.0002830 secs]
223.944: [GC (Allocation Failure) 349770K->435K(1048512K), 0.0002060 secs]
224.094: [GC (Allocation Failure) 349770K->435K(1048512K), 0.0002150 secs]
224.250: [GC (Allocation Failure) 349770K->435K(1048512K), 0.0002200 secs]
224.403: [GC (Allocation Failure) 349770K->435K(1048512K), 0.0002080 secs]
224.553: [GC (Allocation Failure) 349770K->435K(1048512K), 0.0002080 secs]
224.706: [GC (Allocation Failure) 349770K->435K(1048512K), 0.0002090 secs]
224.900: [GC (Allocation Failure) 349770K->435K(1048512K), 0.0002070 secs]
225.050: [GC (Allocation Failure) 349770K->435K(1048512K), 0.0002100 secs]
225.204: [GC (Allocation Failure) 349770K->435K(1048512K), 0.0001890 secs]
225.353: [GC (Allocation Failure) 349770K->435K(1048512K), 0.0002790 secs]
225.613: [GC (Allocation Failure) 349770K->435K(1048512K), 0.0002180 secs]
225.763: [GC (Allocation Failure) 349770K->435K(1048512K), 0.0002080 secs]
225.947: [GC (Allocation Failure) 349770K->435K(1048512K), 0.0002080 secs]
226.155: [GC (Allocation Failure) 349770K->435K(1048512K), 0.0004190 secs]
226.305: [GC (Allocation Failure) 349770K->435K(1048512K), 0.0002090 secs]
226.471: [GC (Allocation Failure) 349770K->435K(1048512K), 0.0002190 secs]
226.621: [GC (Allocation Failure) 349770K->435K(1048512K), 0.0002190 secs]
226.775: [GC (Allocation Failure) 349770K->435K(1048512K), 0.0002270 secs]
227.047: [GC (Allocation Failure) 349770K->435K(1048512K), 0.0002220 secs]
227.200: [GC (Allocation Failure) 349770K->435K(1048512K), 0.0002080 secs]
227.357: [GC (Allocation Failure) 349770K->435K(1048512K), 0.0002140 secs]
227.507: [GC (Allocation Failure) 349770K->435K(1048512K), 0.0002210 secs]
227.659: [GC (Allocation Failure) 349770K->435K(1048512K), 0.0002080 secs]
227.808: [GC (Allocation Failure) 349770K->435K(1048512K), 0.0002080 secs]
228.001: [GC (Allocation Failure) 349770K->435K(1048512K), 0.0002200 secs]
228.152: [GC (Allocation Failure) 349770K->435K(1048512K), 0.0002160 secs]
228.356: [GC (Allocation Failure) 349770K->435K(1048512K), 0.0002170 secs]
228.509: [GC (Allocation Failure) 349770K->435K(1048512K), 0.0002230 secs]
228.663: [GC (Allocation Failure) 349770K->435K(1048512K), 0.0002330 secs]
228.857: [GC (Allocation Failure) 349770K->435K(1048512K), 0.0002090 secs]
229.006: [GC (Allocation Failure) 349770K->435K(1048512K), 0.0002090 secs]
229.204: [GC (Allocation Failure) 349770K->435K(1048512K), 0.0002070 secs]
229.352: [GC (Allocation Failure) 349770K->435K(1048512K), 0.0002200 secs]
229.504: [GC (Allocation Failure) 349770K->435K(1048512K), 0.0002060 secs]
229.704: [GC (Allocation Failure) 349770K->435K(1048512K), 0.0002220 secs]
229.855: [GC (Allocation Failure) 349770K->435K(1048512K), 0.0002150 secs]
230.003: [GC (Allocation Failure) 349770K->435K(1048512K), 0.0002070 secs]
230.155: [GC (Allocation Failure) 349770K->435K(1048512K), 0.0002060 secs]
230.358: [GC (Allocation Failure) 349770K->435K(1048512K), 0.0002610 secs]
230.553: [GC (Allocation Failure) 349770K->435K(1048512K), 0.0002090 secs]
230.703: [GC (Allocation Failure) 349770K->435K(1048512K), 0.0002080 secs]
230.906: [GC (Allocation Failure) 349770K->435K(1048512K), 0.0002100 secs]
231.057: [GC (Allocation Failure) 349770K->435K(1048512K), 0.0002730 secs]
231.206: [GC (Allocation Failure) 349770K->435K(1048512K), 0.0003990 secs]
231.361: [GC (Allocation Failure) 349770K->435K(1048512K), 0.0002280 secs]
231.658: [GC (Allocation Failure) 349770K->435K(1048512K), 0.0002040 secs]
231.807: [GC (Allocation Failure) 349770K->435K(1048512K), 0.0002830 secs]
232.009: [GC (Allocation Failure) 349770K->435K(1048512K), 0.0004010 secs]
232.160: [GC (Allocation Failure) 349770K->435K(1048512K), 0.0002200 secs]
232.337: [GC (Allocation Failure) 349770K->435K(1048512K), 0.0002190 secs]
232.487: [GC (Allocation Failure) 349770K->435K(1048512K), 0.0002130 secs]
232.659: [GC (Allocation Failure) 349770K->435K(1048512K), 0.0002080 secs]
232.860: [GC (Allocation Failure) 349770K->435K(1048512K), 0.0002080 secs]
233.111: [GC (Allocation Failure) 349770K->435K(1048512K), 0.0002050 secs]
233.261: [GC (Allocation Failure) 349770K->435K(1048512K), 0.0002060 secs]
233.415: [GC (Allocation Failure) 349770K->435K(1048512K), 0.0002210 secs]
233.565: [GC (Allocation Failure) 349770K->435K(1048512K), 0.0002090 secs]
233.719: [GC (Allocation Failure) 349770K->435K(1048512K), 0.0002180 secs]
233.868: [GC (Allocation Failure) 349770K->435K(1048512K), 0.0002080 secs]
234.061: [GC (Allocation Failure) 349770K->435K(1048512K), 0.0002110 secs]
234.263: [GC (Allocation Failure) 349770K->435K(1048512K), 0.0002050 secs]
234.415: [GC (Allocation Failure) 349770K->435K(1048512K), 0.0002030 secs]
234.568: [GC (Allocation Failure) 349770K->435K(1048512K), 0.0002260 secs]
234.814: [GC (Allocation Failure) 349770K->435K(1048512K), 0.0002060 secs]
234.968: [GC (Allocation Failure) 349770K->435K(1048512K), 0.0002160 secs]
235.165: [GC (Allocation Failure) 349770K->435K(1048512K), 0.0002080 secs]
235.313: [GC (Allocation Failure) 349770K->435K(1048512K), 0.0002210 secs]
235.463: [GC (Allocation Failure) 349770K->435K(1048512K), 0.0002040 secs]
235.615: [GC (Allocation Failure) 349770K->435K(1048512K), 0.0001950 secs]
235.808: [GC (Allocation Failure) 349770K->435K(1048512K), 0.0002220 secs]
235.961: [GC (Allocation Failure) 349770K->435K(1048512K), 0.0002080 secs]
236.111: [GC (Allocation Failure) 349770K->435K(1048512K), 0.0002190 secs]
236.317: [GC (Allocation Failure) 349770K->435K(1048512K), 0.0002160 secs]
236.480: [GC (Allocation Failure) 349770K->435K(1048512K), 0.0002110 secs]
236.666: [GC (Allocation Failure) 349770K->435K(1048512K), 0.0002090 secs]
236.871: [GC (Allocation Failure) 349770K->435K(1048512K), 0.0002280 secs]
237.020: [GC (Allocation Failure) 349770K->435K(1048512K), 0.0002080 secs]
237.215: [GC (Allocation Failure) 349770K->435K(1048512K), 0.0002700 secs]
237.365: [GC (Allocation Failure) 349770K->435K(1048512K), 0.0002100 secs]
237.519: [GC (Allocation Failure) 349770K->435K(1048512K), 0.0002310 secs]
237.712: [GC (Allocation Failure) 349770K->435K(1048512K), 0.0002170 secs]
237.874: [GC (Allocation Failure) 349770K->435K(1048512K), 0.0002200 secs]
238.024: [GC (Allocation Failure) 349770K->435K(1048512K), 0.0002080 secs]
238.177: [GC (Allocation Failure) 349770K->435K(1048512K), 0.0002180 secs]
238.371: [GC (Allocation Failure) 349770K->435K(1048512K), 0.0002430 secs]
238.526: [GC (Allocation Failure) 349770K->435K(1048512K), 0.0002160 secs]
238.676: [GC (Allocation Failure) 349770K->435K(1048512K), 0.0002080 secs]
238.872: [GC (Allocation Failure) 349770K->435K(1048512K), 0.0002140 secs]
239.021: [GC (Allocation Failure) 349770K->435K(1048512K), 0.0002080 secs]
239.172: [GC (Allocation Failure) 349770K->435K(1048512K), 0.0002070 secs]
239.368: [GC (Allocation Failure) 349770K->435K(1048512K), 0.0002230 secs]
239.521: [GC (Allocation Failure) 349770K->435K(1048512K), 0.0002060 secs]
239.671: [GC (Allocation Failure) 349770K->435K(1048512K), 0.0002080 secs]
239.872: [GC (Allocation Failure) 349770K->435K(1048512K), 0.0002290 secs]
240.022: [GC (Allocation Failure) 349770K->435K(1048512K), 0.0002200 secs]
240.173: [GC (Allocation Failure) 349770K->435K(1048512K), 0.0002210 secs]
240.327: [GC (Allocation Failure) 349770K->435K(1048512K), 0.0002130 secs]
240.477: [GC (Allocation Failure) 349770K->435K(1048512K), 0.0002100 secs]
240.679: [GC (Allocation Failure) 349770K->435K(1048512K), 0.0002270 secs]
240.830: [GC (Allocation Failure) 349770K->435K(1048512K), 0.0002090 secs]
240.983: [GC (Allocation Failure) 349770K->435K(1048512K), 0.0002240 secs]
241.175: [GC (Allocation Failure) 349770K->435K(1048512K), 0.0002210 secs]
241.326: [GC (Allocation Failure) 349770K->435K(1048512K), 0.0004030 secs]
241.500: [GC (Allocation Failure) 349770K->435K(1048512K), 0.0002290 secs]
241.650: [GC (Allocation Failure) 349770K->435K(1048512K), 0.0002080 secs]
241.803: [GC (Allocation Failure) 349770K->435K(1048512K), 0.0002660 secs]
241.953: [GC (Allocation Failure) 349770K->435K(1048512K), 0.0002090 secs]
242.132: [GC (Allocation Failure) 349770K->435K(1048512K), 0.0002250 secs]
242.281: [GC (Allocation Failure) 349770K->435K(1048512K), 0.0002100 secs]
242.435: [GC (Allocation Failure) 349770K->435K(1048512K), 0.0002280 secs]
242.627: [GC (Allocation Failure) 349770K->435K(1048512K), 0.0002080 secs]
242.883: [GC (Allocation Failure) 349770K->435K(1048512K), 0.0002280 secs]
243.033: [GC (Allocation Failure) 349770K->435K(1048512K), 0.0002110 secs]
243.186: [GC (Allocation Failure) 349770K->435K(1048512K), 0.0002050 secs]
243.337: [GC (Allocation Failure) 349770K->435K(1048512K), 0.0002110 secs]
243.529: [GC (Allocation Failure) 349770K->435K(1048512K), 0.0002090 secs]
243.712: [GC (Allocation Failure) 349770K->435K(1048512K), 0.0002200 secs]
243.861: [GC (Allocation Failure) 349770K->435K(1048512K), 0.0002200 secs]
244.013: [GC (Allocation Failure) 349770K->435K(1048512K), 0.0002060 secs]
244.163: [GC (Allocation Failure) 349770K->435K(1048512K), 0.0002110 secs]
244.316: [GC (Allocation Failure) 349770K->435K(1048512K), 0.0002780 secs]
244.468: [GC (Allocation Failure) 349770K->435K(1048512K), 0.0002200 secs]
244.621: [GC (Allocation Failure) 349770K->435K(1048512K), 0.0002160 secs]
244.770: [GC (Allocation Failure) 349770K->435K(1048512K), 0.0002090 secs]
244.983: [GC (Allocation Failure) 349770K->435K(1048512K), 0.0002090 secs]
245.133: [GC (Allocation Failure) 349770K->435K(1048512K), 0.0002070 secs]
245.378: [GC (Allocation Failure) 349770K->435K(1048512K), 0.0002210 secs]
245.527: [GC (Allocation Failure) 349770K->435K(1048512K), 0.0002090 secs]
245.684: [GC (Allocation Failure) 349770K->435K(1048512K), 0.0002060 secs]
245.885: [GC (Allocation Failure) 349770K->435K(1048512K), 0.0002070 secs]
246.034: [GC (Allocation Failure) 349770K->435K(1048512K), 0.0002810 secs]
246.334: [GC (Allocation Failure) 349770K->435K(1048512K), 0.0002400 secs]
246.515: [GC (Allocation Failure) 349770K->435K(1048512K), 0.0002220 secs]
246.680: [GC (Allocation Failure) 349770K->435K(1048512K), 0.0002070 secs]
246.830: [GC (Allocation Failure) 349770K->435K(1048512K), 0.0002780 secs]
246.979: [GC (Allocation Failure) 349770K->435K(1048512K), 0.0002080 secs]
247.132: [GC (Allocation Failure) 349770K->435K(1048512K), 0.0002200 secs]
247.281: [GC (Allocation Failure) 349770K->435K(1048512K), 0.0002200 secs]
247.433: [GC (Allocation Failure) 349770K->435K(1048512K), 0.0002150 secs]
247.608: [GC (Allocation Failure) 349770K->435K(1048512K), 0.0002200 secs]
247.778: [GC (Allocation Failure) 349770K->435K(1048512K), 0.0002100 secs]
248.013: [GC (Allocation Failure) 349770K->435K(1048512K), 0.0002100 secs]
248.179: [GC (Allocation Failure) 349770K->435K(1048512K), 0.0002130 secs]
248.391: [GC (Allocation Failure) 349770K->435K(1048512K), 0.0002080 secs]
248.541: [GC (Allocation Failure) 349770K->435K(1048512K), 0.0002090 secs]
248.717: [GC (Allocation Failure) 349770K->435K(1048512K), 0.0002280 secs]
248.867: [GC (Allocation Failure) 349770K->435K(1048512K), 0.0002180 secs]
249.038: [GC (Allocation Failure) 349770K->435K(1048512K), 0.0002220 secs]
249.190: [GC (Allocation Failure) 349770K->435K(1048512K), 0.0002050 secs]
249.341: [GC (Allocation Failure) 349770K->435K(1048512K), 0.0002210 secs]
249.491: [GC (Allocation Failure) 349770K->435K(1048512K), 0.0002130 secs]
249.640: [GC (Allocation Failure) 349770K->435K(1048512K), 0.0002060 secs]
249.841: [GC (Allocation Failure) 349770K->435K(1048512K), 0.0002170 secs]
250.047: [GC (Allocation Failure) 349770K->435K(1048512K), 0.0002050 secs]
250.197: [GC (Allocation Failure) 349770K->435K(1048512K), 0.0002820 secs]
250.397: [GC (Allocation Failure) 349770K->435K(1048512K), 0.0002160 secs]
250.548: [GC (Allocation Failure) 349770K->435K(1048512K), 0.0002220 secs]
250.709: [GC (Allocation Failure) 349770K->435K(1048512K), 0.0002190 secs]
250.893: [GC (Allocation Failure) 349770K->435K(1048512K), 0.0002030 secs]
251.042: [GC (Allocation Failure) 349770K->435K(1048512K), 0.0002110 secs]
251.208: [GC (Allocation Failure) 349770K->435K(1048512K), 0.0002210 secs]
251.363: [GC (Allocation Failure) 349770K->435K(1048512K), 0.0003350 secs]
251.524: [GC (Allocation Failure) 349770K->435K(1048512K), 0.0002870 secs]
251.674: [GC (Allocation Failure) 349770K->435K(1048512K), 0.0002120 secs]
251.884: [GC (Allocation Failure) 349770K->435K(1048512K), 0.0002210 secs]
252.037: [GC (Allocation Failure) 349770K->435K(1048512K), 0.0002070 secs]
252.187: [GC (Allocation Failure) 349770K->435K(1048512K), 0.0002210 secs]
252.339: [GC (Allocation Failure) 349770K->435K(1048512K), 0.0002170 secs]
252.490: [GC (Allocation Failure) 349770K->435K(1048512K), 0.0002120 secs]
252.644: [GC (Allocation Failure) 349770K->435K(1048512K), 0.0002080 secs]
252.793: [GC (Allocation Failure) 349770K->435K(1048512K), 0.0002080 secs]
252.947: [GC (Allocation Failure) 349770K->435K(1048512K), 0.0002160 secs]
253.097: [GC (Allocation Failure) 349770K->435K(1048512K), 0.0002060 secs]
253.248: [GC (Allocation Failure) 349770K->435K(1048512K), 0.0002050 secs]
253.397: [GC (Allocation Failure) 349770K->435K(1048512K), 0.0002090 secs]
253.597: [GC (Allocation Failure) 349770K->435K(1048512K), 0.0002320 secs]
253.752: [GC (Allocation Failure) 349770K->435K(1048512K), 0.0002190 secs]
253.947: [GC (Allocation Failure) 349770K->435K(1048512K), 0.0002100 secs]
254.148: [GC (Allocation Failure) 349770K->435K(1048512K), 0.0002090 secs]
254.353: [GC (Allocation Failure) 349770K->435K(1048512K), 0.0002150 secs]
254.503: [GC (Allocation Failure) 349770K->435K(1048512K), 0.0002070 secs]
254.656: [GC (Allocation Failure) 349770K->435K(1048512K), 0.0002190 secs]
254.805: [GC (Allocation Failure) 349770K->435K(1048512K), 0.0002120 secs]
254.987: [GC (Allocation Failure) 349770K->435K(1048512K), 0.0002200 secs]
255.140: [GC (Allocation Failure) 349770K->435K(1048512K), 0.0002170 secs]
255.351: [GC (Allocation Failure) 349770K->435K(1048512K), 0.0003050 secs]
255.550: [GC (Allocation Failure) 349770K->435K(1048512K), 0.0002090 secs]
255.700: [GC (Allocation Failure) 349770K->435K(1048512K), 0.0002180 secs]
255.900: [GC (Allocation Failure) 349770K->435K(1048512K), 0.0002210 secs]
256.053: [GC (Allocation Failure) 349770K->435K(1048512K), 0.0002160 secs]
256.209: [GC (Allocation Failure) 349770K->435K(1048512K), 0.0002210 secs]
256.364: [GC (Allocation Failure) 349770K->435K(1048512K), 0.0003190 secs]
256.541: [GC (Allocation Failure) 349770K->435K(1048512K), 0.0002810 secs]
256.690: [GC (Allocation Failure) 349770K->435K(1048512K), 0.0002110 secs]
256.842: [GC (Allocation Failure) 349770K->435K(1048512K), 0.0002780 secs]
256.991: [GC (Allocation Failure) 349770K->435K(1048512K), 0.0002080 secs]
257.212: [GC (Allocation Failure) 349770K->435K(1048512K), 0.0002250 secs]
257.363: [GC (Allocation Failure) 349770K->435K(1048512K), 0.0002120 secs]
257.554: [GC (Allocation Failure) 349770K->435K(1048512K), 0.0002850 secs]
257.705: [GC (Allocation Failure) 349770K->435K(1048512K), 0.0002100 secs]
257.895: [GC (Allocation Failure) 349770K->435K(1048512K), 0.0002190 secs]
258.044: [GC (Allocation Failure) 349770K->435K(1048512K), 0.0002210 secs]
258.197: [GC (Allocation Failure) 349770K->435K(1048512K), 0.0002060 secs]
258.347: [GC (Allocation Failure) 349770K->435K(1048512K), 0.0002120 secs]
258.501: [GC (Allocation Failure) 349770K->435K(1048512K), 0.0002070 secs]
258.651: [GC (Allocation Failure) 349770K->435K(1048512K), 0.0002330 secs]
258.804: [GC (Allocation Failure) 349770K->435K(1048512K), 0.0002180 secs]
258.993: [GC (Allocation Failure) 349770K->435K(1048512K), 0.0002110 secs]
259.212: [GC (Allocation Failure) 349770K->435K(1048512K), 0.0002150 secs]
259.362: [GC (Allocation Failure) 349770K->435K(1048512K), 0.0002090 secs]
259.558: [GC (Allocation Failure) 349770K->435K(1048512K), 0.0002110 secs]
259.709: [GC (Allocation Failure) 349770K->435K(1048512K), 0.0002060 secs]
259.858: [GC (Allocation Failure) 349770K->435K(1048512K), 0.0002040 secs]
260.109: [GC (Allocation Failure) 349770K->435K(1048512K), 0.0002110 secs]
260.293: [GC (Allocation Failure) 349770K->435K(1048512K), 0.0002210 secs]
260.447: [GC (Allocation Failure) 349770K->435K(1048512K), 0.0002200 secs]
260.604: [GC (Allocation Failure) 349770K->435K(1048512K), 0.0002200 secs]
260.757: [GC (Allocation Failure) 349770K->435K(1048512K), 0.0002070 secs]
260.909: [GC (Allocation Failure) 349770K->435K(1048512K), 0.0002230 secs]
261.062: [GC (Allocation Failure) 349770K->435K(1048512K), 0.0002080 secs]
261.211: [GC (Allocation Failure) 349770K->435K(1048512K), 0.0002080 secs]
261.396: [GC (Allocation Failure) 349770K->435K(1048512K), 0.0003350 secs]
261.549: [GC (Allocation Failure) 349770K->435K(1048512K), 0.0002220 secs]
261.713: [GC (Allocation Failure) 349770K->435K(1048512K), 0.0002070 secs]
261.862: [GC (Allocation Failure) 349770K->435K(1048512K), 0.0002200 secs]
262.013: [GC (Allocation Failure) 349770K->435K(1048512K), 0.0002130 secs]
262.204: [GC (Allocation Failure) 349770K->435K(1048512K), 0.0002290 secs]
262.354: [GC (Allocation Failure) 349770K->435K(1048512K), 0.0002100 secs]
262.507: [GC (Allocation Failure) 349770K->435K(1048512K), 0.0002070 secs]
262.663: [GC (Allocation Failure) 349770K->435K(1048512K), 0.0002220 secs]
262.815: [GC (Allocation Failure) 349770K->435K(1048512K), 0.0002030 secs]
263.015: [GC (Allocation Failure) 349770K->435K(1048512K), 0.0002090 secs]
263.164: [GC (Allocation Failure) 349770K->435K(1048512K), 0.0002070 secs]
263.316: [GC (Allocation Failure) 349770K->435K(1048512K), 0.0002080 secs]
263.465: [GC (Allocation Failure) 349770K->435K(1048512K), 0.0002090 secs]
263.616: [GC (Allocation Failure) 349770K->435K(1048512K), 0.0002150 secs]
263.781: [GC (Allocation Failure) 349770K->435K(1048512K), 0.0002130 secs]
263.934: [GC (Allocation Failure) 349770K->435K(1048512K), 0.0002180 secs]
264.083: [GC (Allocation Failure) 349770K->435K(1048512K), 0.0002070 secs]
264.236: [GC (Allocation Failure) 349770K->435K(1048512K), 0.0002050 secs]
264.387: [GC (Allocation Failure) 349770K->435K(1048512K), 0.0002320 secs]
264.542: [GC (Allocation Failure) 349770K->435K(1048512K), 0.0002090 secs]
264.693: [GC (Allocation Failure) 349770K->435K(1048512K), 0.0002210 secs]
264.846: [GC (Allocation Failure) 349770K->435K(1048512K), 0.0002180 secs]
265.004: [GC (Allocation Failure) 349770K->435K(1048512K), 0.0002110 secs]
265.154: [GC (Allocation Failure) 349770K->435K(1048512K), 0.0002210 secs]
265.306: [GC (Allocation Failure) 349770K->435K(1048512K), 0.0002160 secs]
265.456: [GC (Allocation Failure) 349770K->435K(1048512K), 0.0002040 secs]
265.608: [GC (Allocation Failure) 349770K->435K(1048512K), 0.0002070 secs]
265.801: [GC (Allocation Failure) 349770K->435K(1048512K), 0.0002080 secs]
265.970: [GC (Allocation Failure) 349770K->435K(1048512K), 0.0002080 secs]
266.174: [GC (Allocation Failure) 349770K->435K(1048512K), 0.0002190 secs]
266.324: [GC (Allocation Failure) 349770K->435K(1048512K), 0.0002110 secs]
266.478: [GC (Allocation Failure) 349770K->435K(1048512K), 0.0003510 secs]
266.627: [GC (Allocation Failure) 349770K->435K(1048512K), 0.0002080 secs]
266.822: [GC (Allocation Failure) 349770K->435K(1048512K), 0.0002060 secs]
266.972: [GC (Allocation Failure) 349770K->435K(1048512K), 0.0002110 secs]
267.173: [GC (Allocation Failure) 349770K->435K(1048512K), 0.0002170 secs]
267.322: [GC (Allocation Failure) 349770K->435K(1048512K), 0.0002190 secs]
267.473: [GC (Allocation Failure) 349770K->435K(1048512K), 0.0002160 secs]
267.622: [GC (Allocation Failure) 349770K->435K(1048512K), 0.0002090 secs]
267.774: [GC (Allocation Failure) 349770K->435K(1048512K), 0.0002770 secs]
267.923: [GC (Allocation Failure) 349770K->435K(1048512K), 0.0002230 secs]
268.078: [GC (Allocation Failure) 349770K->435K(1048512K), 0.0002070 secs]
268.227: [GC (Allocation Failure) 349770K->435K(1048512K), 0.0002050 secs]
268.468: [GC (Allocation Failure) 349770K->435K(1048512K), 0.0002050 secs]
268.624: [GC (Allocation Failure) 349770K->435K(1048512K), 0.0002090 secs]
268.813: [GC (Allocation Failure) 349770K->435K(1048512K), 0.0002920 secs]
268.963: [GC (Allocation Failure) 349770K->435K(1048512K), 0.0002950 secs]
269.126: [GC (Allocation Failure) 349770K->435K(1048512K), 0.0002100 secs]
269.276: [GC (Allocation Failure) 349770K->435K(1048512K), 0.0002090 secs]
269.426: [GC (Allocation Failure) 349770K->435K(1048512K), 0.0002060 secs]
269.627: [GC (Allocation Failure) 349770K->435K(1048512K), 0.0002930 secs]
269.777: [GC (Allocation Failure) 349770K->435K(1048512K), 0.0002080 secs]
269.975: [GC (Allocation Failure) 349770K->435K(1048512K), 0.0002220 secs]
270.128: [GC (Allocation Failure) 349770K->435K(1048512K), 0.0002070 secs]
270.331: [GC (Allocation Failure) 349770K->435K(1048512K), 0.0001990 secs]
270.482: [GC (Allocation Failure) 349770K->435K(1048512K), 0.0002320 secs]
270.643: [GC (Allocation Failure) 349770K->435K(1048512K), 0.0002200 secs]
270.829: [GC (Allocation Failure) 349770K->435K(1048512K), 0.0002100 secs]
270.979: [GC (Allocation Failure) 349770K->435K(1048512K), 0.0002120 secs]
271.178: [GC (Allocation Failure) 349770K->435K(1048512K), 0.0002240 secs]
271.330: [GC (Allocation Failure) 349770K->435K(1048512K), 0.0002050 secs]
271.525: [GC (Allocation Failure) 349770K->435K(1048512K), 0.0004050 secs]
271.677: [GC (Allocation Failure) 349770K->435K(1048512K), 0.0002130 secs]
271.830: [GC (Allocation Failure) 349770K->435K(1048512K), 0.0002190 secs]
272.029: [GC (Allocation Failure) 349770K->435K(1048512K), 0.0002200 secs]
272.181: [GC (Allocation Failure) 349770K->435K(1048512K), 0.0002050 secs]
272.331: [GC (Allocation Failure) 349770K->435K(1048512K), 0.0002090 secs]
272.509: [GC (Allocation Failure) 349770K->435K(1048512K), 0.0002080 secs]
272.713: [GC (Allocation Failure) 349770K->435K(1048512K), 0.0002280 secs]
272.864: [GC (Allocation Failure) 349770K->435K(1048512K), 0.0002090 secs]
273.016: [GC (Allocation Failure) 349770K->435K(1048512K), 0.0002210 secs]
273.169: [GC (Allocation Failure) 349770K->435K(1048512K), 0.0002210 secs]
273.383: [GC (Allocation Failure) 349770K->435K(1048512K), 0.0002280 secs]
273.620: [GC (Allocation Failure) 349770K->435K(1048512K), 0.0002220 secs]
273.774: [GC (Allocation Failure) 349770K->435K(1048512K), 0.0002100 secs]
273.984: [GC (Allocation Failure) 349770K->435K(1048512K), 0.0002040 secs]
274.134: [GC (Allocation Failure) 349770K->435K(1048512K), 0.0002120 secs]
274.334: [GC (Allocation Failure) 349770K->435K(1048512K), 0.0002060 secs]
274.498: [GC (Allocation Failure) 349770K->435K(1048512K), 0.0002220 secs]
274.652: [GC (Allocation Failure) 349770K->435K(1048512K), 0.0002300 secs]
274.835: [GC (Allocation Failure) 349770K->435K(1048512K), 0.0002190 secs]
275.089: [GC (Allocation Failure) 349770K->435K(1048512K), 0.0002270 secs]
275.239: [GC (Allocation Failure) 349770K->435K(1048512K), 0.0002190 secs]
275.394: [GC (Allocation Failure) 349770K->435K(1048512K), 0.0002220 secs]
275.613: [GC (Allocation Failure) 349770K->435K(1048512K), 0.0002770 secs]
275.781: [GC (Allocation Failure) 349770K->435K(1048512K), 0.0002230 secs]
275.933: [GC (Allocation Failure) 349770K->435K(1048512K), 0.0002160 secs]
276.082: [GC (Allocation Failure) 349770K->435K(1048512K), 0.0002090 secs]
276.287: [GC (Allocation Failure) 349770K->435K(1048512K), 0.0002190 secs]
276.454: [GC (Allocation Failure) 349770K->435K(1048512K), 0.0002200 secs]
276.608: [GC (Allocation Failure) 349770K->435K(1048512K), 0.0003570 secs]
276.758: [GC (Allocation Failure) 349770K->435K(1048512K), 0.0002100 secs]
276.944: [GC (Allocation Failure) 349770K->435K(1048512K), 0.0002180 secs]
277.093: [GC (Allocation Failure) 349770K->435K(1048512K), 0.0002200 secs]
277.247: [GC (Allocation Failure) 349770K->435K(1048512K), 0.0002200 secs]
277.440: [GC (Allocation Failure) 349770K->435K(1048512K), 0.0002800 secs]
277.656: [GC (Allocation Failure) 349770K->435K(1048512K), 0.0002090 secs]
277.817: [GC (Allocation Failure) 349770K->435K(1048512K), 0.0002120 secs]
278.040: [GC (Allocation Failure) 349770K->435K(1048512K), 0.0002050 secs]
278.209: [GC (Allocation Failure) 349770K->435K(1048512K), 0.0002240 secs]
278.363: [GC (Allocation Failure) 349770K->435K(1048512K), 0.0002040 secs]
278.513: [GC (Allocation Failure) 349770K->435K(1048512K), 0.0002230 secs]
278.667: [GC (Allocation Failure) 349770K->435K(1048512K), 0.0002270 secs]
278.843: [GC (Allocation Failure) 349770K->435K(1048512K), 0.0002150 secs]
278.993: [GC (Allocation Failure) 349770K->435K(1048512K), 0.0002080 secs]
279.143: [GC (Allocation Failure) 349770K->435K(1048512K), 0.0002150 secs]
279.394: [GC (Allocation Failure) 349770K->435K(1048512K), 0.0002060 secs]
279.542: [GC (Allocation Failure) 349770K->435K(1048512K), 0.0002220 secs]
279.694: [GC (Allocation Failure) 349770K->435K(1048512K), 0.0002060 secs]
279.843: [GC (Allocation Failure) 349770K->435K(1048512K), 0.0002280 secs]
280.044: [GC (Allocation Failure) 349770K->435K(1048512K), 0.0002060 secs]
280.209: [GC (Allocation Failure) 349770K->435K(1048512K), 0.0002130 secs]
280.395: [GC (Allocation Failure) 349770K->435K(1048512K), 0.0002810 secs]
280.595: [GC (Allocation Failure) 349770K->435K(1048512K), 0.0002150 secs]
280.779: [GC (Allocation Failure) 349770K->435K(1048512K), 0.0002210 secs]
280.928: [GC (Allocation Failure) 349770K->435K(1048512K), 0.0002090 secs]
281.147: [GC (Allocation Failure) 349770K->435K(1048512K), 0.0002150 secs]
281.296: [GC (Allocation Failure) 349770K->435K(1048512K), 0.0002080 secs]
281.447: [GC (Allocation Failure) 349770K->435K(1048512K), 0.0002200 secs]
281.701: [GC (Allocation Failure) 349770K->435K(1048512K), 0.0003380 secs]
281.851: [GC (Allocation Failure) 349770K->435K(1048512K), 0.0002080 secs]
282.046: [GC (Allocation Failure) 349770K->435K(1048512K), 0.0002090 secs]
282.213: [GC (Allocation Failure) 349770K->435K(1048512K), 0.0002210 secs]
282.364: [GC (Allocation Failure) 349770K->435K(1048512K), 0.0002070 secs]
282.543: [GC (Allocation Failure) 349770K->435K(1048512K), 0.0002120 secs]
282.709: [GC (Allocation Failure) 349770K->435K(1048512K), 0.0002210 secs]
282.862: [GC (Allocation Failure) 349770K->435K(1048512K), 0.0002060 secs]
283.012: [GC (Allocation Failure) 349770K->435K(1048512K), 0.0002100 secs]
283.200: [GC (Allocation Failure) 349770K->435K(1048512K), 0.0002100 secs]
283.349: [GC (Allocation Failure) 349770K->435K(1048512K), 0.0002200 secs]
283.501: [GC (Allocation Failure) 349770K->435K(1048512K), 0.0002160 secs]
283.650: [GC (Allocation Failure) 349770K->435K(1048512K), 0.0002090 secs]
283.801: [GC (Allocation Failure) 349770K->435K(1048512K), 0.0002040 secs]
283.950: [GC (Allocation Failure) 349770K->435K(1048512K), 0.0002080 secs]
284.101: [GC (Allocation Failure) 349770K->435K(1048512K), 0.0002220 secs]
284.252: [GC (Allocation Failure) 349770K->435K(1048512K), 0.0002190 secs]
284.457: [GC (Allocation Failure) 349770K->435K(1048512K), 0.0002280 secs]
284.607: [GC (Allocation Failure) 349770K->435K(1048512K), 0.0002080 secs]
284.808: [GC (Allocation Failure) 349770K->435K(1048512K), 0.0002060 secs]
285.002: [GC (Allocation Failure) 349770K->435K(1048512K), 0.0002240 secs]
285.153: [GC (Allocation Failure) 349770K->435K(1048512K), 0.0002050 secs]
285.304: [GC (Allocation Failure) 349770K->435K(1048512K), 0.0002030 secs]
285.469: [GC (Allocation Failure) 349770K->435K(1048512K), 0.0002210 secs]
285.620: [GC (Allocation Failure) 349770K->435K(1048512K), 0.0002090 secs]
285.803: [GC (Allocation Failure) 349770K->435K(1048512K), 0.0002190 secs]
285.955: [GC (Allocation Failure) 349770K->435K(1048512K), 0.0002220 secs]
286.160: [GC (Allocation Failure) 349770K->435K(1048512K), 0.0002160 secs]
286.311: [GC (Allocation Failure) 349770K->435K(1048512K), 0.0002250 secs]
286.489: [GC (Allocation Failure) 349770K->435K(1048512K), 0.0002290 secs]
286.638: [GC (Allocation Failure) 349770K->435K(1048512K), 0.0002110 secs]
286.791: [GC (Allocation Failure) 349770K->435K(1048512K), 0.0003360 secs]
286.965: [GC (Allocation Failure) 349770K->435K(1048512K), 0.0002830 secs]
287.115: [GC (Allocation Failure) 349770K->435K(1048512K), 0.0002210 secs]
287.267: [GC (Allocation Failure) 349770K->435K(1048512K), 0.0002170 secs]
287.433: [GC (Allocation Failure) 349770K->435K(1048512K), 0.0002220 secs]
287.586: [GC (Allocation Failure) 349770K->435K(1048512K), 0.0002170 secs]
287.808: [GC (Allocation Failure) 349770K->435K(1048512K), 0.0002220 secs]
287.958: [GC (Allocation Failure) 349770K->435K(1048512K), 0.0002030 secs]
288.108: [GC (Allocation Failure) 349770K->435K(1048512K), 0.0002080 secs]
288.363: [GC (Allocation Failure) 349770K->435K(1048512K), 0.0002160 secs]
288.514: [GC (Allocation Failure) 349770K->435K(1048512K), 0.0002090 secs]
288.668: [GC (Allocation Failure) 349770K->435K(1048512K), 0.0002170 secs]
288.910: [GC (Allocation Failure) 349770K->435K(1048512K), 0.0002060 secs]
289.059: [GC (Allocation Failure) 349770K->435K(1048512K), 0.0002170 secs]
289.259: [GC (Allocation Failure) 349770K->435K(1048512K), 0.0002200 secs]
289.411: [GC (Allocation Failure) 349770K->435K(1048512K), 0.0002140 secs]
289.661: [GC (Allocation Failure) 349770K->435K(1048512K), 0.0002150 secs]
289.814: [GC (Allocation Failure) 349770K->435K(1048512K), 0.0002110 secs]
289.967: [GC (Allocation Failure) 349770K->435K(1048512K), 0.0002170 secs]
290.162: [GC (Allocation Failure) 349770K->435K(1048512K), 0.0002120 secs]
290.367: [GC (Allocation Failure) 349770K->435K(1048512K), 0.0002290 secs]
290.517: [GC (Allocation Failure) 349770K->435K(1048512K), 0.0002090 secs]
290.721: [GC (Allocation Failure) 349770K->435K(1048512K), 0.0002180 secs]
290.871: [GC (Allocation Failure) 349770K->435K(1048512K), 0.0002090 secs]
291.039: [GC (Allocation Failure) 349770K->435K(1048512K), 0.0002210 secs]
291.189: [GC (Allocation Failure) 349770K->435K(1048512K), 0.0002080 secs]
291.343: [GC (Allocation Failure) 349770K->435K(1048512K), 0.0002220 secs]
291.565: [GC (Allocation Failure) 349770K->435K(1048512K), 0.0002160 secs]
291.714: [GC (Allocation Failure) 349770K->435K(1048512K), 0.0002100 secs]
291.865: [GC (Allocation Failure) 349770K->435K(1048512K), 0.0003530 secs]
292.015: [GC (Allocation Failure) 349770K->435K(1048512K), 0.0002080 secs]
292.215: [GC (Allocation Failure) 349770K->435K(1048512K), 0.0002220 secs]
292.370: [GC (Allocation Failure) 349770K->435K(1048512K), 0.0002050 secs]
292.521: [GC (Allocation Failure) 349770K->435K(1048512K), 0.0002130 secs]
292.675: [GC (Allocation Failure) 349770K->435K(1048512K), 0.0002190 secs]
292.824: [GC (Allocation Failure) 349770K->435K(1048512K), 0.0002200 secs]
292.977: [GC (Allocation Failure) 349770K->435K(1048512K), 0.0002280 secs]
293.208: [GC (Allocation Failure) 349770K->435K(1048512K), 0.0002220 secs]
293.363: [GC (Allocation Failure) 349770K->435K(1048512K), 0.0002270 secs]
293.568: [GC (Allocation Failure) 349770K->435K(1048512K), 0.0002050 secs]
293.718: [GC (Allocation Failure) 349770K->435K(1048512K), 0.0002110 secs]
293.917: [GC (Allocation Failure) 349770K->435K(1048512K), 0.0002120 secs]
294.119: [GC (Allocation Failure) 349770K->435K(1048512K), 0.0002060 secs]
294.267: [GC (Allocation Failure) 349770K->435K(1048512K), 0.0002200 secs]
294.420: [GC (Allocation Failure) 349770K->435K(1048512K), 0.0002160 secs]
294.610: [GC (Allocation Failure) 349770K->435K(1048512K), 0.0002240 secs]
294.763: [GC (Allocation Failure) 349770K->435K(1048512K), 0.0002180 secs]
294.925: [GC (Allocation Failure) 349770K->435K(1048512K), 0.0002170 secs]
295.074: [GC (Allocation Failure) 349770K->435K(1048512K), 0.0002110 secs]
295.226: [GC (Allocation Failure) 349770K->435K(1048512K), 0.0002070 secs]
295.376: [GC (Allocation Failure) 349770K->435K(1048512K), 0.0002230 secs]
295.528: [GC (Allocation Failure) 349770K->435K(1048512K), 0.0002170 secs]
295.677: [GC (Allocation Failure) 349770K->435K(1048512K), 0.0002070 secs]
295.830: [GC (Allocation Failure) 349770K->435K(1048512K), 0.0002200 secs]
296.121: [GC (Allocation Failure) 349770K->435K(1048512K), 0.0002780 secs]
296.344: [GC (Allocation Failure) 349770K->435K(1048512K), 0.0002220 secs]
296.494: [GC (Allocation Failure) 349770K->435K(1048512K), 0.0002070 secs]
296.672: [GC (Allocation Failure) 349770K->435K(1048512K), 0.0002220 secs]
296.824: [GC (Allocation Failure) 349770K->435K(1048512K), 0.0002150 secs]
297.026: [GC (Allocation Failure) 349770K->435K(1048512K), 0.0002100 secs]
297.213: [GC (Allocation Failure) 349770K->435K(1048512K), 0.0002290 secs]
297.379: [GC (Allocation Failure) 349770K->435K(1048512K), 0.0002170 secs]
297.527: [GC (Allocation Failure) 349770K->435K(1048512K), 0.0002080 secs]
297.713: [GC (Allocation Failure) 349770K->435K(1048512K), 0.0002250 secs]
297.862: [GC (Allocation Failure) 349770K->435K(1048512K), 0.0002090 secs]
298.016: [GC (Allocation Failure) 349770K->435K(1048512K), 0.0002070 secs]
298.167: [GC (Allocation Failure) 349770K->435K(1048512K), 0.0002430 secs]
298.317: [GC (Allocation Failure) 349770K->435K(1048512K), 0.0002180 secs]
298.468: [GC (Allocation Failure) 349770K->435K(1048512K), 0.0002070 secs]
298.643: [GC (Allocation Failure) 349770K->435K(1048512K), 0.0002350 secs]
298.797: [GC (Allocation Failure) 349770K->435K(1048512K), 0.0002280 secs]
298.977: [GC (Allocation Failure) 349770K->435K(1048512K), 0.0002070 secs]
299.208: [GC (Allocation Failure) 349770K->435K(1048512K), 0.0002040 secs]
299.378: [GC (Allocation Failure) 349770K->435K(1048512K), 0.0002110 secs]
299.529: [GC (Allocation Failure) 349770K->435K(1048512K), 0.0002150 secs]
299.729: [GC (Allocation Failure) 349770K->435K(1048512K), 0.0002070 secs]
299.878: [GC (Allocation Failure) 349770K->435K(1048512K), 0.0002110 secs]
300.027: [GC (Allocation Failure) 349770K->435K(1048512K), 0.0002210 secs]
300.180: [GC (Allocation Failure) 349770K->435K(1048512K), 0.0002050 secs]
300.330: [GC (Allocation Failure) 349770K->435K(1048512K), 0.0002030 secs]
300.480: [GC (Allocation Failure) 349770K->435K(1048512K), 0.0002060 secs]
300.647: [GC (Allocation Failure) 349770K->435K(1048512K), 0.0002300 secs]
300.830: [GC (Allocation Failure) 349770K->435K(1048512K), 0.0002170 secs]
300.980: [GC (Allocation Failure) 349770K->435K(1048512K), 0.0002090 secs]
301.208: [GC (Allocation Failure) 349770K->435K(1048512K), 0.0002210 secs]
301.362: [GC (Allocation Failure) 349770K->435K(1048512K), 0.0002180 secs]
301.510: [GC (Allocation Failure) 349770K->435K(1048512K), 0.0002190 secs]
301.663: [GC (Allocation Failure) 349770K->435K(1048512K), 0.0002280 secs]
301.851: [GC (Allocation Failure) 349770K->435K(1048512K), 0.0002200 secs]
302.001: [GC (Allocation Failure) 349770K->435K(1048512K), 0.0002080 secs]
302.184: [GC (Allocation Failure) 349770K->435K(1048512K), 0.0003060 secs]
302.343: [GC (Allocation Failure) 349770K->435K(1048512K), 0.0002180 secs]
302.493: [GC (Allocation Failure) 349770K->435K(1048512K), 0.0002090 secs]
302.713: [GC (Allocation Failure) 349770K->435K(1048512K), 0.0002300 secs]
302.863: [GC (Allocation Failure) 349770K->435K(1048512K), 0.0002060 secs]
303.018: [GC (Allocation Failure) 349770K->435K(1048512K), 0.0002290 secs]
303.212: [GC (Allocation Failure) 349770K->435K(1048512K), 0.0002190 secs]
303.362: [GC (Allocation Failure) 349770K->435K(1048512K), 0.0002210 secs]
303.516: [GC (Allocation Failure) 349770K->435K(1048512K), 0.0002180 secs]
303.685: [GC (Allocation Failure) 349770K->435K(1048512K), 0.0002840 secs]
303.890: [GC (Allocation Failure) 349770K->435K(1048512K), 0.0002280 secs]
304.039: [GC (Allocation Failure) 349770K->435K(1048512K), 0.0002070 secs]
304.194: [GC (Allocation Failure) 349770K->435K(1048512K), 0.0002270 secs]
304.356: [GC (Allocation Failure) 349770K->435K(1048512K), 0.0002180 secs]
304.507: [GC (Allocation Failure) 349770K->435K(1048512K), 0.0002140 secs]
304.717: [GC (Allocation Failure) 349770K->435K(1048512K), 0.0002190 secs]
304.866: [GC (Allocation Failure) 349770K->435K(1048512K), 0.0002090 secs]
305.087: [GC (Allocation Failure) 349770K->435K(1048512K), 0.0002180 secs]
305.342: [GC (Allocation Failure) 349770K->435K(1048512K), 0.0002170 secs]
305.492: [GC (Allocation Failure) 349770K->435K(1048512K), 0.0002200 secs]
305.646: [GC (Allocation Failure) 349770K->435K(1048512K), 0.0002190 secs]
305.857: [GC (Allocation Failure) 349770K->435K(1048512K), 0.0002070 secs]
306.006: [GC (Allocation Failure) 349770K->435K(1048512K), 0.0002100 secs]
306.213: [GC (Allocation Failure) 349770K->435K(1048512K), 0.0002200 secs]
306.364: [GC (Allocation Failure) 349770K->435K(1048512K), 0.0002070 secs]
306.518: [GC (Allocation Failure) 349770K->435K(1048512K), 0.0002170 secs]
306.708: [GC (Allocation Failure) 349770K->435K(1048512K), 0.0002210 secs]
306.861: [GC (Allocation Failure) 349770K->435K(1048512K), 0.0002180 secs]
307.012: [GC (Allocation Failure) 349770K->435K(1048512K), 0.0002070 secs]
307.166: [GC (Allocation Failure) 349770K->435K(1048512K), 0.0002210 secs]
307.343: [GC (Allocation Failure) 349770K->435K(1048512K), 0.0002160 secs]
307.492: [GC (Allocation Failure) 349770K->435K(1048512K), 0.0002190 secs]
307.643: [GC (Allocation Failure) 349770K->435K(1048512K), 0.0002150 secs]
307.795: [GC (Allocation Failure) 349770K->435K(1048512K), 0.0002180 secs]
307.948: [GC (Allocation Failure) 349770K->435K(1048512K), 0.0002160 secs]
308.194: [GC (Allocation Failure) 349770K->435K(1048512K), 0.0002220 secs]
308.349: [GC (Allocation Failure) 349770K->435K(1048512K), 0.0002200 secs]
308.545: [GC (Allocation Failure) 349770K->435K(1048512K), 0.0002140 secs]
308.695: [GC (Allocation Failure) 349770K->435K(1048512K), 0.0002170 secs]
308.895: [GC (Allocation Failure) 349770K->435K(1048512K), 0.0002070 secs]
309.045: [GC (Allocation Failure) 349770K->435K(1048512K), 0.0002120 secs]
309.345: [GC (Allocation Failure) 349770K->435K(1048512K), 0.0002220 secs]
309.496: [GC (Allocation Failure) 349770K->435K(1048512K), 0.0002050 secs]
309.696: [GC (Allocation Failure) 349770K->435K(1048512K), 0.0002090 secs]
309.950: [GC (Allocation Failure) 349770K->435K(1048512K), 0.0002170 secs]
310.101: [GC (Allocation Failure) 349770K->435K(1048512K), 0.0002100 secs]
310.259: [GC (Allocation Failure) 349770K->435K(1048512K), 0.0002130 secs]
310.410: [GC (Allocation Failure) 349770K->435K(1048512K), 0.0002230 secs]
310.565: [GC (Allocation Failure) 349770K->435K(1048512K), 0.0002300 secs]
310.809: [GC (Allocation Failure) 349770K->435K(1048512K), 0.0002300 secs]
310.958: [GC (Allocation Failure) 349770K->435K(1048512K), 0.0002090 secs]
311.110: [GC (Allocation Failure) 349770K->435K(1048512K), 0.0002160 secs]
311.259: [GC (Allocation Failure) 349770K->435K(1048512K), 0.0002090 secs]
311.454: [GC (Allocation Failure) 349770K->435K(1048512K), 0.0002170 secs]
311.603: [GC (Allocation Failure) 349770K->435K(1048512K), 0.0002090 secs]
311.756: [GC (Allocation Failure) 349770K->435K(1048512K), 0.0002180 secs]
311.951: [GC (Allocation Failure) 349770K->435K(1048512K), 0.0002160 secs]
312.100: [GC (Allocation Failure) 349770K->435K(1048512K), 0.0002070 secs]
312.300: [GC (Allocation Failure) 349770K->435K(1048512K), 0.0002210 secs]
312.451: [GC (Allocation Failure) 349770K->435K(1048512K), 0.0002580 secs]
312.632: [GC (Allocation Failure) 349770K->435K(1048512K), 0.0002840 secs]
312.782: [GC (Allocation Failure) 349770K->435K(1048512K), 0.0002340 secs]
312.935: [GC (Allocation Failure) 349770K->435K(1048512K), 0.0002180 secs]
313.101: [GC (Allocation Failure) 349770K->435K(1048512K), 0.0002100 secs]
313.402: [GC (Allocation Failure) 349770K->435K(1048512K), 0.0002070 secs]
313.620: [GC (Allocation Failure) 349770K->435K(1048512K), 0.0002090 secs]
313.807: [GC (Allocation Failure) 349770K->435K(1048512K), 0.0002270 secs]
313.957: [GC (Allocation Failure) 349770K->435K(1048512K), 0.0002070 secs]
314.213: [GC (Allocation Failure) 349770K->435K(1048512K), 0.0002070 secs]
314.364: [GC (Allocation Failure) 349770K->435K(1048512K), 0.0002090 secs]
314.545: [GC (Allocation Failure) 349770K->435K(1048512K), 0.0002190 secs]
314.694: [GC (Allocation Failure) 349770K->435K(1048512K), 0.0002100 secs]
314.847: [GC (Allocation Failure) 349770K->435K(1048512K), 0.0002180 secs]
315.001: [GC (Allocation Failure) 349770K->435K(1048512K), 0.0002100 secs]
315.154: [GC (Allocation Failure) 349770K->435K(1048512K), 0.0002300 secs]
315.305: [GC (Allocation Failure) 349770K->435K(1048512K), 0.0002330 secs]
315.467: [GC (Allocation Failure) 349770K->435K(1048512K), 0.0002170 secs]
315.616: [GC (Allocation Failure) 349770K->435K(1048512K), 0.0002080 secs]
315.807: [GC (Allocation Failure) 349770K->435K(1048512K), 0.0002090 secs]
315.956: [GC (Allocation Failure) 349770K->435K(1048512K), 0.0002080 secs]
316.209: [GC (Allocation Failure) 349770K->435K(1048512K), 0.0002090 secs]
316.412: [GC (Allocation Failure) 349770K->435K(1048512K), 0.0002210 secs]
316.563: [GC (Allocation Failure) 349770K->435K(1048512K), 0.0002090 secs]
316.766: [GC (Allocation Failure) 349770K->435K(1048512K), 0.0002090 secs]
316.958: [GC (Allocation Failure) 349770K->435K(1048512K), 0.0002210 secs]
317.109: [GC (Allocation Failure) 349770K->435K(1048512K), 0.0002770 secs]
317.259: [GC (Allocation Failure) 349770K->435K(1048512K), 0.0002070 secs]
317.461: [GC (Allocation Failure) 349770K->435K(1048512K), 0.0002750 secs]
317.621: [GC (Allocation Failure) 349770K->435K(1048512K), 0.0002180 secs]
317.772: [GC (Allocation Failure) 349770K->435K(1048512K), 0.0002110 secs]
317.925: [GC (Allocation Failure) 349770K->435K(1048512K), 0.0002170 secs]
318.110: [GC (Allocation Failure) 349770K->435K(1048512K), 0.0002110 secs]
318.315: [GC (Allocation Failure) 349770K->435K(1048512K), 0.0002600 secs]
318.466: [GC (Allocation Failure) 349770K->435K(1048512K), 0.0002090 secs]
318.619: [GC (Allocation Failure) 349770K->435K(1048512K), 0.0002160 secs]
318.769: [GC (Allocation Failure) 349770K->435K(1048512K), 0.0002090 secs]
318.922: [GC (Allocation Failure) 349770K->435K(1048512K), 0.0001900 secs]
319.070: [GC (Allocation Failure) 349770K->435K(1048512K), 0.0002200 secs]
319.223: [GC (Allocation Failure) 349770K->435K(1048512K), 0.0002790 secs]
319.373: [GC (Allocation Failure) 349770K->435K(1048512K), 0.0002200 secs]
319.526: [GC (Allocation Failure) 349770K->435K(1048512K), 0.0002200 secs]
319.712: [GC (Allocation Failure) 349770K->435K(1048512K), 0.0002080 secs]
319.873: [GC (Allocation Failure) 349770K->435K(1048512K), 0.0002190 secs]
320.023: [GC (Allocation Failure) 349770K->435K(1048512K), 0.0002210 secs]
320.176: [GC (Allocation Failure) 349770K->435K(1048512K), 0.0002320 secs]
320.370: [GC (Allocation Failure) 349770K->435K(1048512K), 0.0002210 secs]
320.519: [GC (Allocation Failure) 349770K->435K(1048512K), 0.0002110 secs]
320.717: [GC (Allocation Failure) 349770K->435K(1048512K), 0.0002070 secs]
320.916: [GC (Allocation Failure) 349770K->435K(1048512K), 0.0002280 secs]
321.076: [GC (Allocation Failure) 349770K->435K(1048512K), 0.0002310 secs]
321.225: [GC (Allocation Failure) 349770K->435K(1048512K), 0.0002060 secs]
321.410: [GC (Allocation Failure) 349770K->435K(1048512K), 0.0002230 secs]
321.563: [GC (Allocation Failure) 349770K->435K(1048512K), 0.0002200 secs]
321.768: [GC (Allocation Failure) 349770K->435K(1048512K), 0.0002080 secs]
321.917: [GC (Allocation Failure) 349770K->435K(1048512K), 0.0002220 secs]
322.068: [GC (Allocation Failure) 349770K->435K(1048512K), 0.0002160 secs]
322.220: [GC (Allocation Failure) 349770K->435K(1048512K), 0.0002110 secs]
322.374: [GC (Allocation Failure) 349770K->435K(1048512K), 0.0002200 secs]
322.527: [GC (Allocation Failure) 349770K->435K(1048512K), 0.0001910 secs]
322.719: [GC (Allocation Failure) 349770K->435K(1048512K), 0.0002070 secs]
322.868: [GC (Allocation Failure) 349770K->435K(1048512K), 0.0002070 secs]
323.020: [GC (Allocation Failure) 349770K->435K(1048512K), 0.0002140 secs]
323.169: [GC (Allocation Failure) 349770K->435K(1048512K), 0.0002070 secs]
323.414: [GC (Allocation Failure) 349770K->435K(1048512K), 0.0002280 secs]
323.563: [GC (Allocation Failure) 349770K->435K(1048512K), 0.0002100 secs]
323.720: [GC (Allocation Failure) 349770K->435K(1048512K), 0.0002190 secs]
323.871: [GC (Allocation Failure) 349770K->435K(1048512K), 0.0002190 secs]
324.070: [GC (Allocation Failure) 349770K->435K(1048512K), 0.0002120 secs]
324.321: [GC (Allocation Failure) 349770K->435K(1048512K), 0.0002940 secs]
324.471: [GC (Allocation Failure) 349770K->435K(1048512K), 0.0002220 secs]
324.623: [GC (Allocation Failure) 349770K->435K(1048512K), 0.0002050 secs]
324.776: [GC (Allocation Failure) 349770K->435K(1048512K), 0.0002210 secs]
324.927: [GC (Allocation Failure) 349770K->435K(1048512K), 0.0003090 secs]
325.080: [GC (Allocation Failure) 349770K->435K(1048512K), 0.0002100 secs]
325.273: [GC (Allocation Failure) 349770K->435K(1048512K), 0.0002330 secs]
325.424: [GC (Allocation Failure) 349770K->435K(1048512K), 0.0002140 secs]
325.573: [GC (Allocation Failure) 349770K->435K(1048512K), 0.0002070 secs]
325.779: [GC (Allocation Failure) 349770K->435K(1048512K), 0.0002300 secs]
325.928: [GC (Allocation Failure) 349770K->435K(1048512K), 0.0002090 secs]
326.125: [GC (Allocation Failure) 349770K->435K(1048512K), 0.0002080 secs]
326.276: [GC (Allocation Failure) 349770K->435K(1048512K), 0.0002200 secs]
326.431: [GC (Allocation Failure) 349770K->435K(1048512K), 0.0002680 secs]
326.580: [GC (Allocation Failure) 349770K->435K(1048512K), 0.0002220 secs]
326.734: [GC (Allocation Failure) 349770K->435K(1048512K), 0.0002150 secs]
326.883: [GC (Allocation Failure) 349770K->435K(1048512K), 0.0002070 secs]
327.037: [GC (Allocation Failure) 349770K->435K(1048512K), 0.0002200 secs]
327.187: [GC (Allocation Failure) 349770K->435K(1048512K), 0.0002200 secs]
327.339: [GC (Allocation Failure) 349770K->435K(1048512K), 0.0002030 secs]
327.489: [GC (Allocation Failure) 349770K->435K(1048512K), 0.0003580 secs]
327.643: [GC (Allocation Failure) 349770K->435K(1048512K), 0.0002790 secs]
327.793: [GC (Allocation Failure) 349770K->435K(1048512K), 0.0002100 secs]
328.077: [GC (Allocation Failure) 349770K->435K(1048512K), 0.0002220 secs]
328.229: [GC (Allocation Failure) 349770K->435K(1048512K), 0.0002060 secs]
328.381: [GC (Allocation Failure) 349770K->435K(1048512K), 0.0002230 secs]
328.535: [GC (Allocation Failure) 349770K->435K(1048512K), 0.0001840 secs]
328.728: [GC (Allocation Failure) 349770K->435K(1048512K), 0.0002090 secs]
328.930: [GC (Allocation Failure) 349770K->435K(1048512K), 0.0002110 secs]
329.079: [GC (Allocation Failure) 349770K->435K(1048512K), 0.0002190 secs]
329.231: [GC (Allocation Failure) 349770K->435K(1048512K), 0.0002150 secs]
329.474: [GC (Allocation Failure) 349770K->435K(1048512K), 0.0002180 secs]
329.623: [GC (Allocation Failure) 349770K->435K(1048512K), 0.0002210 secs]
329.777: [GC (Allocation Failure) 349770K->435K(1048512K), 0.0002190 secs]
330.013: [GC (Allocation Failure) 349770K->435K(1048512K), 0.0002120 secs]
330.163: [GC (Allocation Failure) 349770K->435K(1048512K), 0.0002190 secs]
330.386: [GC (Allocation Failure) 349770K->435K(1048512K), 0.0002270 secs]
330.537: [GC (Allocation Failure) 349770K->435K(1048512K), 0.0002060 secs]
330.720: [GC (Allocation Failure) 349770K->435K(1048512K), 0.0002300 secs]
330.869: [GC (Allocation Failure) 349770K->435K(1048512K), 0.0002090 secs]
331.038: [GC (Allocation Failure) 349770K->435K(1048512K), 0.0002880 secs]
331.187: [GC (Allocation Failure) 349770K->435K(1048512K), 0.0002080 secs]
331.384: [GC (Allocation Failure) 349770K->435K(1048512K), 0.0002180 secs]
331.536: [GC (Allocation Failure) 349770K->435K(1048512K), 0.0002150 secs]
331.684: [GC (Allocation Failure) 349770K->435K(1048512K), 0.0002070 secs]
331.836: [GC (Allocation Failure) 349770K->435K(1048512K), 0.0002040 secs]
332.086: [GC (Allocation Failure) 349770K->435K(1048512K), 0.0002060 secs]
332.236: [GC (Allocation Failure) 349770K->435K(1048512K), 0.0002080 secs]
332.410: [GC (Allocation Failure) 349770K->435K(1048512K), 0.0002110 secs]
332.563: [GC (Allocation Failure) 349770K->435K(1048512K), 0.0004190 secs]
332.713: [GC (Allocation Failure) 349770K->435K(1048512K), 0.0002090 secs]
332.866: [GC (Allocation Failure) 349770K->435K(1048512K), 0.0002280 secs]
333.043: [GC (Allocation Failure) 349770K->435K(1048512K), 0.0002270 secs]
333.192: [GC (Allocation Failure) 349770K->435K(1048512K), 0.0002100 secs]
333.388: [GC (Allocation Failure) 349770K->435K(1048512K), 0.0002070 secs]
333.586: [GC (Allocation Failure) 349770K->435K(1048512K), 0.0002090 secs]
333.737: [GC (Allocation Failure) 349770K->435K(1048512K), 0.0002210 secs]
333.890: [GC (Allocation Failure) 349770K->435K(1048512K), 0.0002160 secs]
334.039: [GC (Allocation Failure) 349770K->435K(1048512K), 0.0002100 secs]
334.239: [GC (Allocation Failure) 349770K->435K(1048512K), 0.0002080 secs]
334.440: [GC (Allocation Failure) 349770K->435K(1048512K), 0.0002210 secs]
334.594: [GC (Allocation Failure) 349770K->435K(1048512K), 0.0002280 secs]
334.791: [GC (Allocation Failure) 349770K->435K(1048512K), 0.0002270 secs]
334.941: [GC (Allocation Failure) 349770K->435K(1048512K), 0.0002200 secs]
335.092: [GC (Allocation Failure) 349770K->435K(1048512K), 0.0002170 secs]
335.241: [GC (Allocation Failure) 349770K->435K(1048512K), 0.0002090 secs]
335.462: [GC (Allocation Failure) 349770K->435K(1048512K), 0.0002270 secs]
335.612: [GC (Allocation Failure) 349770K->435K(1048512K), 0.0002100 secs]
335.767: [GC (Allocation Failure) 349770K->435K(1048512K), 0.0002810 secs]
335.916: [GC (Allocation Failure) 349770K->435K(1048512K), 0.0002080 secs]
336.147: [GC (Allocation Failure) 349770K->435K(1048512K), 0.0002180 secs]
336.297: [GC (Allocation Failure) 349770K->435K(1048512K), 0.0002790 secs]
336.467: [GC (Allocation Failure) 349770K->435K(1048512K), 0.0002230 secs]
336.623: [GC (Allocation Failure) 349770K->435K(1048512K), 0.0002270 secs]
336.790: [GC (Allocation Failure) 349770K->435K(1048512K), 0.0002230 secs]
336.944: [GC (Allocation Failure) 349770K->435K(1048512K), 0.0001930 secs]
337.093: [GC (Allocation Failure) 349770K->435K(1048512K), 0.0002120 secs]
337.295: [GC (Allocation Failure) 349770K->435K(1048512K), 0.0002070 secs]
337.445: [GC (Allocation Failure) 349770K->435K(1048512K), 0.0002120 secs]
337.645: [GC (Allocation Failure) 349770K->435K(1048512K), 0.0002970 secs]
337.806: [GC (Allocation Failure) 349770K->435K(1048512K), 0.0002270 secs]
337.956: [GC (Allocation Failure) 349770K->435K(1048512K), 0.0002390 secs]
338.109: [GC (Allocation Failure) 349770K->435K(1048512K), 0.0002210 secs]
338.292: [GC (Allocation Failure) 349770K->435K(1048512K), 0.0002230 secs]
338.447: [GC (Allocation Failure) 349770K->435K(1048512K), 0.0002180 secs]
338.596: [GC (Allocation Failure) 349770K->435K(1048512K), 0.0002080 secs]
338.748: [GC (Allocation Failure) 349770K->435K(1048512K), 0.0002040 secs]
339.003: [GC (Allocation Failure) 349770K->435K(1048512K), 0.0002090 secs]
339.153: [GC (Allocation Failure) 349770K->435K(1048512K), 0.0002100 secs]
339.351: [GC (Allocation Failure) 349770K->435K(1048512K), 0.0002010 secs]
339.500: [GC (Allocation Failure) 349770K->435K(1048512K), 0.0002380 secs]
339.700: [GC (Allocation Failure) 349770K->435K(1048512K), 0.0002090 secs]
339.849: [GC (Allocation Failure) 349770K->435K(1048512K), 0.0002090 secs]
340.013: [GC (Allocation Failure) 349770K->435K(1048512K), 0.0002270 secs]
340.164: [GC (Allocation Failure) 349770K->435K(1048512K), 0.0002090 secs]
340.399: [GC (Allocation Failure) 349770K->435K(1048512K), 0.0002920 secs]
340.549: [GC (Allocation Failure) 349770K->435K(1048512K), 0.0002110 secs]
340.702: [GC (Allocation Failure) 349770K->435K(1048512K), 0.0002160 secs]
341.002: [GC (Allocation Failure) 349770K->435K(1048512K), 0.0002050 secs]
341.151: [GC (Allocation Failure) 349770K->435K(1048512K), 0.0002080 secs]
341.352: [GC (Allocation Failure) 349770K->435K(1048512K), 0.0002050 secs]
341.517: [GC (Allocation Failure) 349770K->435K(1048512K), 0.0002220 secs]
341.669: [GC (Allocation Failure) 349770K->435K(1048512K), 0.0002170 secs]
341.819: [GC (Allocation Failure) 349770K->435K(1048512K), 0.0002090 secs]
342.004: [GC (Allocation Failure) 349770K->435K(1048512K), 0.0002100 secs]
342.153: [GC (Allocation Failure) 349770K->435K(1048512K), 0.0002220 secs]
342.304: [GC (Allocation Failure) 349770K->435K(1048512K), 0.0002050 secs]
342.455: [GC (Allocation Failure) 349770K->435K(1048512K), 0.0002020 secs]
342.610: [GC (Allocation Failure) 349770K->435K(1048512K), 0.0002150 secs]
342.759: [GC (Allocation Failure) 349770K->435K(1048512K), 0.0003270 secs]
342.912: [GC (Allocation Failure) 349770K->435K(1048512K), 0.0002770 secs]
343.063: [GC (Allocation Failure) 349770K->435K(1048512K), 0.0002080 secs]
343.304: [GC (Allocation Failure) 349770K->435K(1048512K), 0.0002320 secs]
343.456: [GC (Allocation Failure) 349770K->435K(1048512K), 0.0002050 secs]
343.620: [GC (Allocation Failure) 349770K->435K(1048512K), 0.0002100 secs]
343.811: [GC (Allocation Failure) 349770K->435K(1048512K), 0.0002310 secs]
343.964: [GC (Allocation Failure) 349770K->435K(1048512K), 0.0002270 secs]
344.158: [GC (Allocation Failure) 349770K->435K(1048512K), 0.0002070 secs]
344.307: [GC (Allocation Failure) 349770K->435K(1048512K), 0.0002100 secs]
344.458: [GC (Allocation Failure) 349770K->435K(1048512K), 0.0002000 secs]
344.709: [GC (Allocation Failure) 349770K->435K(1048512K), 0.0002150 secs]
344.857: [GC (Allocation Failure) 349770K->435K(1048512K), 0.0002070 secs]
345.063: [GC (Allocation Failure) 349770K->435K(1048512K), 0.0002180 secs]
345.213: [GC (Allocation Failure) 349770K->435K(1048512K), 0.0002820 secs]
345.417: [GC (Allocation Failure) 349770K->435K(1048512K), 0.0002220 secs]
345.570: [GC (Allocation Failure) 349770K->435K(1048512K), 0.0002060 secs]
345.719: [GC (Allocation Failure) 349770K->435K(1048512K), 0.0002080 secs]
345.909: [GC (Allocation Failure) 349770K->435K(1048512K), 0.0002080 secs]
346.209: [GC (Allocation Failure) 349770K->435K(1048512K), 0.0002080 secs]
346.361: [GC (Allocation Failure) 349770K->435K(1048512K), 0.0002200 secs]
346.512: [GC (Allocation Failure) 349770K->435K(1048512K), 0.0002050 secs]
346.662: [GC (Allocation Failure) 349770K->435K(1048512K), 0.0002820 secs]
346.861: [GC (Allocation Failure) 349770K->435K(1048512K), 0.0002320 secs]
347.013: [GC (Allocation Failure) 349770K->435K(1048512K), 0.0002040 secs]
347.162: [GC (Allocation Failure) 349770K->435K(1048512K), 0.0002090 secs]
347.313: [GC (Allocation Failure) 349770K->435K(1048512K), 0.0002060 secs]
347.467: [GC (Allocation Failure) 349770K->435K(1048512K), 0.0002110 secs]
347.663: [GC (Allocation Failure) 349770K->435K(1048512K), 0.0002220 secs]
347.814: [GC (Allocation Failure) 349770K->435K(1048512K), 0.0003230 secs]
348.008: [GC (Allocation Failure) 349770K->435K(1048512K), 0.0002220 secs]
348.156: [GC (Allocation Failure) 349770K->435K(1048512K), 0.0002100 secs]
348.315: [GC (Allocation Failure) 349770K->435K(1048512K), 0.0002380 secs]
348.465: [GC (Allocation Failure) 349770K->435K(1048512K), 0.0002170 secs]
348.619: [GC (Allocation Failure) 349770K->435K(1048512K), 0.0002270 secs]
348.805: [GC (Allocation Failure) 349770K->435K(1048512K), 0.0002220 secs]
348.956: [GC (Allocation Failure) 349770K->435K(1048512K), 0.0003080 secs]
349.124: [GC (Allocation Failure) 349770K->435K(1048512K), 0.0002830 secs]
349.370: [GC (Allocation Failure) 349770K->435K(1048512K), 0.0002150 secs]
349.520: [GC (Allocation Failure) 349770K->435K(1048512K), 0.0002080 secs]
349.721: [GC (Allocation Failure) 349770K->435K(1048512K), 0.0002160 secs]
349.871: [GC (Allocation Failure) 349770K->435K(1048512K), 0.0002120 secs]
350.066: [GC (Allocation Failure) 349770K->435K(1048512K), 0.0002110 secs]
350.272: [GC (Allocation Failure) 349770K->435K(1048512K), 0.0002180 secs]
350.422: [GC (Allocation Failure) 349770K->435K(1048512K), 0.0002220 secs]
350.576: [GC (Allocation Failure) 349770K->435K(1048512K), 0.0002200 secs]
350.816: [GC (Allocation Failure) 349770K->435K(1048512K), 0.0002100 secs]
350.970: [GC (Allocation Failure) 349770K->435K(1048512K), 0.0002190 secs]
351.123: [GC (Allocation Failure) 349770K->435K(1048512K), 0.0002030 secs]
351.369: [GC (Allocation Failure) 349770K->435K(1048512K), 0.0002130 secs]
351.669: [GC (Allocation Failure) 349770K->435K(1048512K), 0.0002100 secs]
351.969: [GC (Allocation Failure) 349770K->435K(1048512K), 0.0002210 secs]
352.121: [GC (Allocation Failure) 349770K->435K(1048512K), 0.0002150 secs]
352.271: [GC (Allocation Failure) 349770K->435K(1048512K), 0.0002110 secs]
352.422: [GC (Allocation Failure) 349770K->435K(1048512K), 0.0002040 secs]
352.572: [GC (Allocation Failure) 349770K->435K(1048512K), 0.0002130 secs]
352.722: [GC (Allocation Failure) 349770K->435K(1048512K), 0.0002790 secs]
352.871: [GC (Allocation Failure) 349770K->435K(1048512K), 0.0003090 secs]
353.036: [GC (Allocation Failure) 349770K->435K(1048512K), 0.0002190 secs]
353.212: [GC (Allocation Failure) 349770K->435K(1048512K), 0.0002180 secs]
353.377: [GC (Allocation Failure) 349770K->435K(1048512K), 0.0002170 secs]
353.527: [GC (Allocation Failure) 349770K->435K(1048512K), 0.0002080 secs]
353.710: [GC (Allocation Failure) 349770K->435K(1048512K), 0.0002080 secs]
353.913: [GC (Allocation Failure) 349770K->435K(1048512K), 0.0002220 secs]
354.066: [GC (Allocation Failure) 349770K->435K(1048512K), 0.0002190 secs]
354.229: [GC (Allocation Failure) 349770K->435K(1048512K), 0.0002090 secs]
354.380: [GC (Allocation Failure) 349770K->435K(1048512K), 0.0002090 secs]
354.545: [GC (Allocation Failure) 349770K->435K(1048512K), 0.0002280 secs]
354.697: [GC (Allocation Failure) 349770K->435K(1048512K), 0.0002110 secs]
354.876: [GC (Allocation Failure) 349770K->435K(1048512K), 0.0002200 secs]
355.026: [GC (Allocation Failure) 349770K->435K(1048512K), 0.0002800 secs]
355.213: [GC (Allocation Failure) 349770K->435K(1048512K), 0.0002230 secs]
355.363: [GC (Allocation Failure) 349770K->435K(1048512K), 0.0002270 secs]
355.515: [GC (Allocation Failure) 349770K->435K(1048512K), 0.0002170 secs]
355.728: [GC (Allocation Failure) 349770K->435K(1048512K), 0.0002110 secs]
355.878: [GC (Allocation Failure) 349770K->435K(1048512K), 0.0002780 secs]
356.077: [GC (Allocation Failure) 349770K->435K(1048512K), 0.0002220 secs]
356.228: [GC (Allocation Failure) 349770K->435K(1048512K), 0.0002170 secs]
356.415: [GC (Allocation Failure) 349770K->435K(1048512K), 0.0002220 secs]
356.569: [GC (Allocation Failure) 349770K->435K(1048512K), 0.0002270 secs]
356.729: [GC (Allocation Failure) 349770K->435K(1048512K), 0.0002050 secs]
356.879: [GC (Allocation Failure) 349770K->435K(1048512K), 0.0002090 secs]
357.119: [GC (Allocation Failure) 349770K->435K(1048512K), 0.0002310 secs]
357.268: [GC (Allocation Failure) 349770K->435K(1048512K), 0.0002190 secs]
357.423: [GC (Allocation Failure) 349770K->435K(1048512K), 0.0002180 secs]
357.572: [GC (Allocation Failure) 349770K->435K(1048512K), 0.0002090 secs]
357.725: [GC (Allocation Failure) 349770K->435K(1048512K), 0.0002220 secs]
357.881: [GC (Allocation Failure) 349770K->435K(1048512K), 0.0002660 secs]
358.030: [GC (Allocation Failure) 349770K->435K(1048512K), 0.0002090 secs]
358.182: [GC (Allocation Failure) 349770K->435K(1048512K), 0.0002050 secs]
358.332: [GC (Allocation Failure) 349770K->435K(1048512K), 0.0002040 secs]
358.501: [GC (Allocation Failure) 349770K->435K(1048512K), 0.0002220 secs]
358.656: [GC (Allocation Failure) 349770K->435K(1048512K), 0.0002080 secs]
358.806: [GC (Allocation Failure) 349770K->435K(1048512K), 0.0002220 secs]
358.959: [GC (Allocation Failure) 349770K->435K(1048512K), 0.0002170 secs]
359.182: [GC (Allocation Failure) 349770K->435K(1048512K), 0.0002830 secs]
359.332: [GC (Allocation Failure) 349770K->435K(1048512K), 0.0002190 secs]
359.522: [GC (Allocation Failure) 349770K->435K(1048512K), 0.0002200 secs]
359.671: [GC (Allocation Failure) 349770K->435K(1048512K), 0.0002070 secs]
359.826: [GC (Allocation Failure) 349770K->435K(1048512K), 0.0002090 secs]
359.975: [GC (Allocation Failure) 349770K->435K(1048512K), 0.0002090 secs]
360.135: [GC (Allocation Failure) 349770K->435K(1048512K), 0.0002150 secs]
360.284: [GC (Allocation Failure) 349770K->435K(1048512K), 0.0002080 secs]
360.468: [GC (Allocation Failure) 349770K->435K(1048512K), 0.0002090 secs]
360.636: [GC (Allocation Failure) 349770K->435K(1048512K), 0.0002200 secs]
360.797: [GC (Allocation Failure) 349770K->435K(1048512K), 0.0002200 secs]
360.991: [GC (Allocation Failure) 349770K->435K(1048512K), 0.0002070 secs]
361.140: [GC (Allocation Failure) 349770K->435K(1048512K), 0.0002200 secs]
361.293: [GC (Allocation Failure) 349770K->435K(1048512K), 0.0002790 secs]
361.442: [GC (Allocation Failure) 349770K->435K(1048512K), 0.0002220 secs]
361.595: [GC (Allocation Failure) 349770K->435K(1048512K), 0.0002180 secs]
361.789: [GC (Allocation Failure) 349770K->435K(1048512K), 0.0002770 secs]
362.039: [GC (Allocation Failure) 349770K->435K(1048512K), 0.0002090 secs]
362.189: [GC (Allocation Failure) 349770K->435K(1048512K), 0.0002760 secs]
362.390: [GC (Allocation Failure) 349770K->435K(1048512K), 0.0002100 secs]
362.553: [GC (Allocation Failure) 349770K->435K(1048512K), 0.0002100 secs]
362.708: [GC (Allocation Failure) 349770K->435K(1048512K), 0.0002220 secs]
362.861: [GC (Allocation Failure) 349770K->435K(1048512K), 0.0002170 secs]
363.041: [GC (Allocation Failure) 349770K->435K(1048512K), 0.0003520 secs]
363.194: [GC (Allocation Failure) 349770K->435K(1048512K), 0.0002280 secs]
363.409: [GC (Allocation Failure) 349770K->435K(1048512K), 0.0002090 secs]
363.595: [GC (Allocation Failure) 349770K->435K(1048512K), 0.0002230 secs]
363.744: [GC (Allocation Failure) 349770K->435K(1048512K), 0.0002800 secs]
364.042: [GC (Allocation Failure) 349770K->435K(1048512K), 0.0002100 secs]
364.192: [GC (Allocation Failure) 349770K->435K(1048512K), 0.0002300 secs]
364.346: [GC (Allocation Failure) 349770K->435K(1048512K), 0.0002790 secs]
364.496: [GC (Allocation Failure) 349770K->435K(1048512K), 0.0002210 secs]
364.651: [GC (Allocation Failure) 349770K->435K(1048512K), 0.0002060 secs]
364.800: [GC (Allocation Failure) 349770K->435K(1048512K), 0.0002100 secs]
364.992: [GC (Allocation Failure) 349770K->435K(1048512K), 0.0002080 secs]
365.194: [GC (Allocation Failure) 349770K->435K(1048512K), 0.0002080 secs]
365.344: [GC (Allocation Failure) 349770K->435K(1048512K), 0.0002080 secs]
365.533: [GC (Allocation Failure) 349770K->435K(1048512K), 0.0002230 secs]
365.683: [GC (Allocation Failure) 349770K->435K(1048512K), 0.0002200 secs]
365.894: [GC (Allocation Failure) 349770K->435K(1048512K), 0.0002230 secs]
366.046: [GC (Allocation Failure) 349770K->435K(1048512K), 0.0002060 secs]
366.195: [GC (Allocation Failure) 349770K->435K(1048512K), 0.0002090 secs]
366.396: [GC (Allocation Failure) 349770K->435K(1048512K), 0.0002100 secs]
366.650: [GC (Allocation Failure) 349770K->435K(1048512K), 0.0002230 secs]
366.800: [GC (Allocation Failure) 349770K->435K(1048512K), 0.0002200 secs]
366.953: [GC (Allocation Failure) 349770K->435K(1048512K), 0.0002220 secs]
367.104: [GC (Allocation Failure) 349770K->435K(1048512K), 0.0002090 secs]
367.257: [GC (Allocation Failure) 349770K->435K(1048512K), 0.0002120 secs]
367.406: [GC (Allocation Failure) 349770K->435K(1048512K), 0.0002100 secs]
367.572: [GC (Allocation Failure) 349770K->435K(1048512K), 0.0002220 secs]
367.726: [GC (Allocation Failure) 349770K->435K(1048512K), 0.0002170 secs]
367.903: [GC (Allocation Failure) 349770K->435K(1048512K), 0.0002250 secs]
368.053: [GC (Allocation Failure) 349770K->435K(1048512K), 0.0003980 secs]
368.208: [GC (Allocation Failure) 349770K->435K(1048512K), 0.0002800 secs]
368.359: [GC (Allocation Failure) 349770K->435K(1048512K), 0.0002070 secs]
368.540: [GC (Allocation Failure) 349770K->435K(1048512K), 0.0002310 secs]
368.693: [GC (Allocation Failure) 349770K->435K(1048512K), 0.0002200 secs]
368.843: [GC (Allocation Failure) 349770K->435K(1048512K), 0.0002070 secs]
369.012: [GC (Allocation Failure) 349770K->435K(1048512K), 0.0002200 secs]
369.230: [GC (Allocation Failure) 349770K->435K(1048512K), 0.0002330 secs]
369.384: [GC (Allocation Failure) 349770K->435K(1048512K), 0.0002040 secs]
369.534: [GC (Allocation Failure) 349770K->435K(1048512K), 0.0002100 secs]
369.706: [GC (Allocation Failure) 349770K->435K(1048512K), 0.0002210 secs]
369.855: [GC (Allocation Failure) 349770K->435K(1048512K), 0.0002090 secs]
370.011: [GC (Allocation Failure) 349770K->435K(1048512K), 0.0002290 secs]
370.160: [GC (Allocation Failure) 349770K->435K(1048512K), 0.0002060 secs]
370.341: [GC (Allocation Failure) 349770K->435K(1048512K), 0.0002080 secs]
370.507: [GC (Allocation Failure) 349770K->435K(1048512K), 0.0002170 secs]
370.658: [GC (Allocation Failure) 349770K->435K(1048512K), 0.0002200 secs]
370.818: [GC (Allocation Failure) 349770K->435K(1048512K), 0.0002190 secs]
371.004: [GC (Allocation Failure) 349770K->435K(1048512K), 0.0002070 secs]
371.154: [GC (Allocation Failure) 349770K->435K(1048512K), 0.0002080 secs]
371.354: [GC (Allocation Failure) 349770K->435K(1048512K), 0.0002210 secs]
371.505: [GC (Allocation Failure) 349770K->435K(1048512K), 0.0002070 secs]
371.708: [GC (Allocation Failure) 349770K->435K(1048512K), 0.0002090 secs]
371.909: [GC (Allocation Failure) 349770K->435K(1048512K), 0.0002170 secs]
372.059: [GC (Allocation Failure) 349770K->435K(1048512K), 0.0002120 secs]
372.257: [GC (Allocation Failure) 349770K->435K(1048512K), 0.0002010 secs]
372.407: [GC (Allocation Failure) 349770K->435K(1048512K), 0.0002180 secs]
372.615: [GC (Allocation Failure) 349770K->435K(1048512K), 0.0002300 secs]
372.764: [GC (Allocation Failure) 349770K->435K(1048512K), 0.0002080 secs]
372.916: [GC (Allocation Failure) 349770K->435K(1048512K), 0.0002170 secs]
373.112: [GC (Allocation Failure) 349770K->435K(1048512K), 0.0003270 secs]
373.262: [GC (Allocation Failure) 349770K->435K(1048512K), 0.0002090 secs]
373.462: [GC (Allocation Failure) 349770K->435K(1048512K), 0.0002170 secs]
373.612: [GC (Allocation Failure) 349770K->435K(1048512K), 0.0002100 secs]
373.765: [GC (Allocation Failure) 349770K->435K(1048512K), 0.0002160 secs]
373.917: [GC (Allocation Failure) 349770K->435K(1048512K), 0.0002120 secs]
374.071: [GC (Allocation Failure) 349770K->435K(1048512K), 0.0002060 secs]
374.221: [GC (Allocation Failure) 349770K->435K(1048512K), 0.0002240 secs]
374.376: [GC (Allocation Failure) 349770K->435K(1048512K), 0.0002170 secs]
374.541: [GC (Allocation Failure) 349770K->435K(1048512K), 0.0002810 secs]
374.709: [GC (Allocation Failure) 349770K->435K(1048512K), 0.0002080 secs]
375.010: [GC (Allocation Failure) 349770K->435K(1048512K), 0.0002120 secs]
375.161: [GC (Allocation Failure) 349770K->435K(1048512K), 0.0002200 secs]
375.312: [GC (Allocation Failure) 349770K->435K(1048512K), 0.0002150 secs]
375.542: [GC (Allocation Failure) 349770K->435K(1048512K), 0.0002190 secs]
375.692: [GC (Allocation Failure) 349770K->435K(1048512K), 0.0002090 secs]
375.913: [GC (Allocation Failure) 349770K->435K(1048512K), 0.0002180 secs]
376.061: [GC (Allocation Failure) 349770K->435K(1048512K), 0.0002200 secs]
376.214: [GC (Allocation Failure) 349770K->435K(1048512K), 0.0002090 secs]
376.368: [GC (Allocation Failure) 349770K->435K(1048512K), 0.0002790 secs]
376.518: [GC (Allocation Failure) 349770K->435K(1048512K), 0.0002220 secs]
376.673: [GC (Allocation Failure) 349770K->435K(1048512K), 0.0002190 secs]
376.822: [GC (Allocation Failure) 349770K->435K(1048512K), 0.0002090 secs]
376.975: [GC (Allocation Failure) 349770K->435K(1048512K), 0.0002200 secs]
377.125: [GC (Allocation Failure) 349770K->435K(1048512K), 0.0002080 secs]
377.314: [GC (Allocation Failure) 349770K->435K(1048512K), 0.0002220 secs]
377.466: [GC (Allocation Failure) 349770K->435K(1048512K), 0.0002060 secs]
377.614: [GC (Allocation Failure) 349770K->435K(1048512K), 0.0002080 secs]
377.766: [GC (Allocation Failure) 349770K->435K(1048512K), 0.0002050 secs]
377.916: [GC (Allocation Failure) 349770K->435K(1048512K), 0.0002120 secs]
378.167: [GC (Allocation Failure) 349770K->435K(1048512K), 0.0003640 secs]
378.316: [GC (Allocation Failure) 349770K->435K(1048512K), 0.0002210 secs]
378.467: [GC (Allocation Failure) 349770K->435K(1048512K), 0.0002070 secs]
378.708: [GC (Allocation Failure) 349770K->435K(1048512K), 0.0002830 secs]
378.868: [GC (Allocation Failure) 349770K->435K(1048512K), 0.0002060 secs]
379.018: [GC (Allocation Failure) 349770K->435K(1048512K), 0.0002830 secs]
379.213: [GC (Allocation Failure) 349770K->435K(1048512K), 0.0002210 secs]
379.362: [GC (Allocation Failure) 349770K->435K(1048512K), 0.0002090 secs]
379.518: [GC (Allocation Failure) 349770K->435K(1048512K), 0.0002080 secs]
379.717: [GC (Allocation Failure) 349770K->435K(1048512K), 0.0002220 secs]
379.874: [GC (Allocation Failure) 349770K->435K(1048512K), 0.0002170 secs]
380.043: [GC (Allocation Failure) 349770K->435K(1048512K), 0.0002190 secs]
380.195: [GC (Allocation Failure) 349770K->435K(1048512K), 0.0001960 secs]
380.345: [GC (Allocation Failure) 349770K->435K(1048512K), 0.0002060 secs]
380.498: [GC (Allocation Failure) 349770K->435K(1048512K), 0.0002770 secs]
380.648: [GC (Allocation Failure) 349770K->435K(1048512K), 0.0002090 secs]
380.828: [GC (Allocation Failure) 349770K->435K(1048512K), 0.0002210 secs]
380.982: [GC (Allocation Failure) 349770K->435K(1048512K), 0.0002200 secs]
381.133: [GC (Allocation Failure) 349770K->435K(1048512K), 0.0002120 secs]
381.287: [GC (Allocation Failure) 349770K->435K(1048512K), 0.0002790 secs]
381.437: [GC (Allocation Failure) 349770K->435K(1048512K), 0.0002100 secs]
381.626: [GC (Allocation Failure) 349770K->435K(1048512K), 0.0002890 secs]
381.776: [GC (Allocation Failure) 349770K->435K(1048512K), 0.0002190 secs]
381.929: [GC (Allocation Failure) 349770K->435K(1048512K), 0.0002190 secs]
382.078: [GC (Allocation Failure) 349770K->435K(1048512K), 0.0002080 secs]
382.278: [GC (Allocation Failure) 349770K->435K(1048512K), 0.0002160 secs]
382.428: [GC (Allocation Failure) 349770K->435K(1048512K), 0.0002090 secs]
382.614: [GC (Allocation Failure) 349770K->435K(1048512K), 0.0002180 secs]
382.763: [GC (Allocation Failure) 349770K->435K(1048512K), 0.0002180 secs]
382.916: [GC (Allocation Failure) 349770K->435K(1048512K), 0.0002180 secs]
383.125: [GC (Allocation Failure) 349770K->435K(1048512K), 0.0002100 secs]
383.329: [GC (Allocation Failure) 349770K->435K(1048512K), 0.0002270 secs]
383.481: [GC (Allocation Failure) 349770K->435K(1048512K), 0.0002100 secs]
383.680: [GC (Allocation Failure) 349770K->435K(1048512K), 0.0002180 secs]
383.830: [GC (Allocation Failure) 349770K->435K(1048512K), 0.0002110 secs]
384.027: [GC (Allocation Failure) 349770K->435K(1048512K), 0.0002050 secs]
384.176: [GC (Allocation Failure) 349770K->435K(1048512K), 0.0002070 secs]
384.472: [GC (Allocation Failure) 349770K->435K(1048512K), 0.0002210 secs]
384.622: [GC (Allocation Failure) 349770K->435K(1048512K), 0.0002210 secs]
384.775: [GC (Allocation Failure) 349770K->435K(1048512K), 0.0002160 secs]
384.925: [GC (Allocation Failure) 349770K->435K(1048512K), 0.0002210 secs]
385.079: [GC (Allocation Failure) 349770K->435K(1048512K), 0.0002110 secs]
385.248: [GC (Allocation Failure) 349770K->435K(1048512K), 0.0002120 secs]
385.430: [GC (Allocation Failure) 349770K->435K(1048512K), 0.0002120 secs]
385.579: [GC (Allocation Failure) 349770K->435K(1048512K), 0.0002090 secs]
385.730: [GC (Allocation Failure) 349770K->435K(1048512K), 0.0002160 secs]
385.881: [GC (Allocation Failure) 349770K->435K(1048512K), 0.0002050 secs]
386.084: [GC (Allocation Failure) 349770K->435K(1048512K), 0.0002180 secs]
386.235: [GC (Allocation Failure) 349770K->435K(1048512K), 0.0002080 secs]
386.455: [GC (Allocation Failure) 349770K->435K(1048512K), 0.0002180 secs]
386.605: [GC (Allocation Failure) 349770K->435K(1048512K), 0.0002110 secs]
386.758: [GC (Allocation Failure) 349770K->435K(1048512K), 0.0002290 secs]
386.932: [GC (Allocation Failure) 349770K->435K(1048512K), 0.0002210 secs]
387.083: [GC (Allocation Failure) 349770K->435K(1048512K), 0.0002080 secs]
387.236: [GC (Allocation Failure) 349770K->435K(1048512K), 0.0002780 secs]
387.386: [GC (Allocation Failure) 349770K->435K(1048512K), 0.0002240 secs]
387.540: [GC (Allocation Failure) 349770K->435K(1048512K), 0.0002200 secs]
387.690: [GC (Allocation Failure) 349770K->435K(1048512K), 0.0002100 secs]
387.843: [GC (Allocation Failure) 349770K->435K(1048512K), 0.0002060 secs]
387.992: [GC (Allocation Failure) 349770K->435K(1048512K), 0.0002090 secs]
388.211: [GC (Allocation Failure) 349770K->435K(1048512K), 0.0002150 secs]
388.361: [GC (Allocation Failure) 349770K->435K(1048512K), 0.0002590 secs]
388.542: [GC (Allocation Failure) 349770K->435K(1048512K), 0.0002140 secs]
388.692: [GC (Allocation Failure) 349770K->435K(1048512K), 0.0002080 secs]
388.845: [GC (Allocation Failure) 349770K->435K(1048512K), 0.0002190 secs]
388.994: [GC (Allocation Failure) 349770K->435K(1048512K), 0.0002070 secs]
389.185: [GC (Allocation Failure) 349770K->435K(1048512K), 0.0002050 secs]
389.387: [GC (Allocation Failure) 349770K->435K(1048512K), 0.0002180 secs]
389.537: [GC (Allocation Failure) 349770K->435K(1048512K), 0.0002090 secs]
389.736: [GC (Allocation Failure) 349770K->435K(1048512K), 0.0002080 secs]
389.942: [GC (Allocation Failure) 349770K->435K(1048512K), 0.0002280 secs]
390.091: [GC (Allocation Failure) 349770K->435K(1048512K), 0.0002090 secs]
390.288: [GC (Allocation Failure) 349770K->435K(1048512K), 0.0002090 secs]
390.438: [GC (Allocation Failure) 349770K->435K(1048512K), 0.0002210 secs]
390.589: [GC (Allocation Failure) 349770K->435K(1048512K), 0.0002780 secs]
390.740: [GC (Allocation Failure) 349770K->435K(1048512K), 0.0002080 secs]
390.949: [GC (Allocation Failure) 349770K->435K(1048512K), 0.0002930 secs]
391.100: [GC (Allocation Failure) 349770K->435K(1048512K), 0.0002220 secs]
391.253: [GC (Allocation Failure) 349770K->435K(1048512K), 0.0002060 secs]
391.402: [GC (Allocation Failure) 349770K->435K(1048512K), 0.0002230 secs]
391.556: [GC (Allocation Failure) 349770K->435K(1048512K), 0.0002050 secs]
391.706: [GC (Allocation Failure) 349770K->435K(1048512K), 0.0002100 secs]
391.961: [GC (Allocation Failure) 349770K->435K(1048512K), 0.0002190 secs]
392.110: [GC (Allocation Failure) 349770K->435K(1048512K), 0.0002080 secs]
392.292: [GC (Allocation Failure) 349770K->435K(1048512K), 0.0002190 secs]
392.447: [GC (Allocation Failure) 349770K->435K(1048512K), 0.0002300 secs]
392.641: [GC (Allocation Failure) 349770K->435K(1048512K), 0.0002220 secs]
392.793: [GC (Allocation Failure) 349770K->435K(1048512K), 0.0002030 secs]
392.993: [GC (Allocation Failure) 349770K->435K(1048512K), 0.0002030 secs]
393.143: [GC (Allocation Failure) 349770K->435K(1048512K), 0.0002830 secs]
393.392: [GC (Allocation Failure) 349770K->435K(1048512K), 0.0002720 secs]
393.551: [GC (Allocation Failure) 349770K->435K(1048512K), 0.0002230 secs]
393.704: [GC (Allocation Failure) 349770K->435K(1048512K), 0.0002190 secs]
393.853: [GC (Allocation Failure) 349770K->435K(1048512K), 0.0002070 secs]
394.005: [GC (Allocation Failure) 349770K->435K(1048512K), 0.0002160 secs]
394.208: [GC (Allocation Failure) 349770K->435K(1048512K), 0.0002310 secs]
394.365: [GC (Allocation Failure) 349770K->435K(1048512K), 0.0002180 secs]
394.515: [GC (Allocation Failure) 349770K->435K(1048512K), 0.0002300 secs]
394.669: [GC (Allocation Failure) 349770K->435K(1048512K), 0.0002180 secs]
394.818: [GC (Allocation Failure) 349770K->435K(1048512K), 0.0002120 secs]
394.972: [GC (Allocation Failure) 349770K->435K(1048512K), 0.0002200 secs]
395.196: [GC (Allocation Failure) 349770K->435K(1048512K), 0.0002200 secs]
395.347: [GC (Allocation Failure) 349770K->435K(1048512K), 0.0002040 secs]
395.547: [GC (Allocation Failure) 349770K->435K(1048512K), 0.0002210 secs]
395.698: [GC (Allocation Failure) 349770K->435K(1048512K), 0.0002080 secs]
395.852: [GC (Allocation Failure) 349770K->435K(1048512K), 0.0002040 secs]
396.001: [GC (Allocation Failure) 349770K->435K(1048512K), 0.0002070 secs]
396.213: [GC (Allocation Failure) 349770K->435K(1048512K), 0.0002200 secs]
396.367: [GC (Allocation Failure) 349770K->435K(1048512K), 0.0002170 secs]
396.516: [GC (Allocation Failure) 349770K->435K(1048512K), 0.0002090 secs]
396.703: [GC (Allocation Failure) 349770K->435K(1048512K), 0.0002160 secs]
396.854: [GC (Allocation Failure) 349770K->435K(1048512K), 0.0002830 secs]
397.013: [GC (Allocation Failure) 349770K->435K(1048512K), 0.0002180 secs]
397.163: [GC (Allocation Failure) 349770K->435K(1048512K), 0.0002090 secs]
397.316: [GC (Allocation Failure) 349770K->435K(1048512K), 0.0002170 secs]
397.500: [GC (Allocation Failure) 349770K->435K(1048512K), 0.0002820 secs]
397.704: [GC (Allocation Failure) 349770K->435K(1048512K), 0.0002900 secs]
397.856: [GC (Allocation Failure) 349770K->435K(1048512K), 0.0002790 secs]
398.008: [GC (Allocation Failure) 349770K->435K(1048512K), 0.0002230 secs]
398.162: [GC (Allocation Failure) 349770K->435K(1048512K), 0.0002280 secs]
398.353: [GC (Allocation Failure) 349770K->435K(1048512K), 0.0002220 secs]
398.517: [GC (Allocation Failure) 349770K->435K(1048512K), 0.0002220 secs]
398.687: [GC (Allocation Failure) 349770K->435K(1048512K), 0.0002110 secs]
398.837: [GC (Allocation Failure) 349770K->435K(1048512K), 0.0002200 secs]
398.991: [GC (Allocation Failure) 349770K->435K(1048512K), 0.0002330 secs]
399.158: [GC (Allocation Failure) 349770K->435K(1048512K), 0.0002110 secs]
399.308: [GC (Allocation Failure) 349770K->435K(1048512K), 0.0002070 secs]
399.462: [GC (Allocation Failure) 349770K->435K(1048512K), 0.0002180 secs]
399.620: [GC (Allocation Failure) 349770K->435K(1048512K), 0.0002200 secs]
399.773: [GC (Allocation Failure) 349770K->435K(1048512K), 0.0002060 secs]
400.006: [GC (Allocation Failure) 349770K->435K(1048512K), 0.0002060 secs]
400.155: [GC (Allocation Failure) 349770K->435K(1048512K), 0.0002810 secs]
400.358: [GC (Allocation Failure) 349770K->435K(1048512K), 0.0002710 secs]
400.542: [GC (Allocation Failure) 349770K->435K(1048512K), 0.0002270 secs]
400.693: [GC (Allocation Failure) 349770K->435K(1048512K), 0.0002080 secs]
400.854: [GC (Allocation Failure) 349770K->435K(1048512K), 0.0002190 secs]
401.004: [GC (Allocation Failure) 349770K->435K(1048512K), 0.0002080 secs]
401.157: [GC (Allocation Failure) 349770K->435K(1048512K), 0.0002170 secs]
401.409: [GC (Allocation Failure) 349770K->435K(1048512K), 0.0002200 secs]
401.564: [GC (Allocation Failure) 349770K->435K(1048512K), 0.0002060 secs]
401.714: [GC (Allocation Failure) 349770K->435K(1048512K), 0.0002080 secs]
401.909: [GC (Allocation Failure) 349770K->435K(1048512K), 0.0002220 secs]
402.063: [GC (Allocation Failure) 349770K->435K(1048512K), 0.0002070 secs]
402.213: [GC (Allocation Failure) 349770K->435K(1048512K), 0.0002220 secs]
402.367: [GC (Allocation Failure) 349770K->435K(1048512K), 0.0002160 secs]
402.544: [GC (Allocation Failure) 349770K->435K(1048512K), 0.0002180 secs]
402.694: [GC (Allocation Failure) 349770K->435K(1048512K), 0.0002090 secs]
402.847: [GC (Allocation Failure) 349770K->435K(1048512K), 0.0002160 secs]
402.997: [GC (Allocation Failure) 349770K->435K(1048512K), 0.0002080 secs]
403.151: [GC (Allocation Failure) 349770K->435K(1048512K), 0.0002310 secs]
403.315: [GC (Allocation Failure) 349770K->435K(1048512K), 0.0002280 secs]
403.465: [GC (Allocation Failure) 349770K->435K(1048512K), 0.0002180 secs]
403.619: [GC (Allocation Failure) 349770K->435K(1048512K), 0.0004200 secs]
403.769: [GC (Allocation Failure) 349770K->435K(1048512K), 0.0002100 secs]
403.972: [GC (Allocation Failure) 349770K->435K(1048512K), 0.0002210 secs]
404.125: [GC (Allocation Failure) 349770K->435K(1048512K), 0.0002800 secs]
404.276: [GC (Allocation Failure) 349770K->435K(1048512K), 0.0002100 secs]
404.463: [GC (Allocation Failure) 349770K->435K(1048512K), 0.0002230 secs]
404.614: [GC (Allocation Failure) 349770K->435K(1048512K), 0.0002050 secs]
404.763: [GC (Allocation Failure) 349770K->435K(1048512K), 0.0002050 secs]
404.964: [GC (Allocation Failure) 349770K->435K(1048512K), 0.0002200 secs]
405.116: [GC (Allocation Failure) 349770K->435K(1048512K), 0.0002080 secs]
405.315: [GC (Allocation Failure) 349770K->435K(1048512K), 0.0002080 secs]
405.465: [GC (Allocation Failure) 349770K->435K(1048512K), 0.0002780 secs]
405.673: [GC (Allocation Failure) 349770K->435K(1048512K), 0.0002100 secs]
405.864: [GC (Allocation Failure) 349770K->435K(1048512K), 0.0002200 secs]
406.016: [GC (Allocation Failure) 349770K->435K(1048512K), 0.0002030 secs]
406.217: [GC (Allocation Failure) 349770K->435K(1048512K), 0.0002090 secs]
406.368: [GC (Allocation Failure) 349770K->435K(1048512K), 0.0002080 secs]
406.539: [GC (Allocation Failure) 349770K->435K(1048512K), 0.0002220 secs]
406.693: [GC (Allocation Failure) 349770K->435K(1048512K), 0.0002170 secs]
406.880: [GC (Allocation Failure) 349770K->435K(1048512K), 0.0002050 secs]
407.029: [GC (Allocation Failure) 349770K->435K(1048512K), 0.0002120 secs]
407.182: [GC (Allocation Failure) 349770K->435K(1048512K), 0.0002160 secs]
407.332: [GC (Allocation Failure) 349770K->435K(1048512K), 0.0002070 secs]
407.486: [GC (Allocation Failure) 349770K->435K(1048512K), 0.0002200 secs]
407.635: [GC (Allocation Failure) 349770K->435K(1048512K), 0.0002090 secs]
407.788: [GC (Allocation Failure) 349770K->435K(1048512K), 0.0002780 secs]
407.938: [GC (Allocation Failure) 349770K->435K(1048512K), 0.0002220 secs]
408.090: [GC (Allocation Failure) 349770K->435K(1048512K), 0.0002220 secs]
408.238: [GC (Allocation Failure) 349770K->435K(1048512K), 0.0002080 secs]
408.468: [GC (Allocation Failure) 349770K->435K(1048512K), 0.0002080 secs]
408.677: [GC (Allocation Failure) 349770K->435K(1048512K), 0.0002300 secs]
408.826: [GC (Allocation Failure) 349770K->435K(1048512K), 0.0002110 secs]
409.020: [GC (Allocation Failure) 349770K->435K(1048512K), 0.0002820 secs]
409.181: [GC (Allocation Failure) 349770K->435K(1048512K), 0.0002200 secs]
409.330: [GC (Allocation Failure) 349770K->435K(1048512K), 0.0002110 secs]
409.522: [GC (Allocation Failure) 349770K->435K(1048512K), 0.0002100 secs]
409.672: [GC (Allocation Failure) 349770K->435K(1048512K), 0.0002080 secs]
409.873: [GC (Allocation Failure) 349770K->435K(1048512K), 0.0002090 secs]
410.082: [GC (Allocation Failure) 349770K->435K(1048512K), 0.0002270 secs]
410.232: [GC (Allocation Failure) 349770K->435K(1048512K), 0.0002050 secs]
410.387: [GC (Allocation Failure) 349770K->435K(1048512K), 0.0002220 secs]
410.537: [GC (Allocation Failure) 349770K->435K(1048512K), 0.0002070 secs]
410.690: [GC (Allocation Failure) 349770K->435K(1048512K), 0.0002300 secs]
410.980: [GC (Allocation Failure) 349770K->435K(1048512K), 0.0002070 secs]
411.180: [GC (Allocation Failure) 349770K->435K(1048512K), 0.0002230 secs]
411.333: [GC (Allocation Failure) 349770K->435K(1048512K), 0.0002060 secs]
411.484: [GC (Allocation Failure) 349770K->435K(1048512K), 0.0002210 secs]
411.637: [GC (Allocation Failure) 349770K->435K(1048512K), 0.0002070 secs]
411.787: [GC (Allocation Failure) 349770K->435K(1048512K), 0.0002060 secs]
411.941: [GC (Allocation Failure) 349770K->435K(1048512K), 0.0002200 secs]
412.127: [GC (Allocation Failure) 349770K->435K(1048512K), 0.0002020 secs]
412.281: [GC (Allocation Failure) 349770K->435K(1048512K), 0.0002120 secs]
412.471: [GC (Allocation Failure) 349770K->435K(1048512K), 0.0002200 secs]
412.620: [GC (Allocation Failure) 349770K->435K(1048512K), 0.0002090 secs]
412.782: [GC (Allocation Failure) 349770K->435K(1048512K), 0.0002160 secs]
412.932: [GC (Allocation Failure) 349770K->435K(1048512K), 0.0002100 secs]
413.128: [GC (Allocation Failure) 349770K->435K(1048512K), 0.0002070 secs]
413.328: [GC (Allocation Failure) 349770K->435K(1048512K), 0.0002200 secs]
413.479: [GC (Allocation Failure) 349770K->435K(1048512K), 0.0002100 secs]
413.628: [GC (Allocation Failure) 349770K->435K(1048512K), 0.0002100 secs]
413.780: [GC (Allocation Failure) 349770K->435K(1048512K), 0.0003560 secs]
413.931: [GC (Allocation Failure) 349770K->435K(1048512K), 0.0002300 secs]
414.129: [GC (Allocation Failure) 349770K->435K(1048512K), 0.0002210 secs]
414.281: [GC (Allocation Failure) 349770K->435K(1048512K), 0.0002070 secs]
414.431: [GC (Allocation Failure) 349770K->435K(1048512K), 0.0002410 secs]
414.686: [GC (Allocation Failure) 349770K->435K(1048512K), 0.0002270 secs]
414.890: [GC (Allocation Failure) 349770K->435K(1048512K), 0.0002210 secs]
415.039: [GC (Allocation Failure) 349770K->435K(1048512K), 0.0002790 secs]
415.192: [GC (Allocation Failure) 349770K->435K(1048512K), 0.0002090 secs]
415.383: [GC (Allocation Failure) 349770K->435K(1048512K), 0.0002050 secs]
415.532: [GC (Allocation Failure) 349770K->435K(1048512K), 0.0002100 secs]
415.733: [GC (Allocation Failure) 349770K->435K(1048512K), 0.0002080 secs]
415.885: [GC (Allocation Failure) 349770K->435K(1048512K), 0.0002100 secs]
416.091: [GC (Allocation Failure) 349770K->435K(1048512K), 0.0002200 secs]
416.241: [GC (Allocation Failure) 349770K->435K(1048512K), 0.0002100 secs]
416.396: [GC (Allocation Failure) 349770K->435K(1048512K), 0.0002820 secs]
416.546: [GC (Allocation Failure) 349770K->435K(1048512K), 0.0002210 secs]
416.699: [GC (Allocation Failure) 349770K->435K(1048512K), 0.0002070 secs]
416.849: [GC (Allocation Failure) 349770K->435K(1048512K), 0.0002190 secs]
417.036: [GC (Allocation Failure) 349770K->435K(1048512K), 0.0002140 secs]
417.186: [GC (Allocation Failure) 349770K->435K(1048512K), 0.0002210 secs]
417.336: [GC (Allocation Failure) 349770K->435K(1048512K), 0.0002160 secs]
417.487: [GC (Allocation Failure) 349770K->435K(1048512K), 0.0002150 secs]
417.687: [GC (Allocation Failure) 349770K->435K(1048512K), 0.0002240 secs]
417.836: [GC (Allocation Failure) 349770K->435K(1048512K), 0.0002080 secs]
418.012: [GC (Allocation Failure) 349770K->435K(1048512K), 0.0002270 secs]
418.161: [GC (Allocation Failure) 349770K->435K(1048512K), 0.0002090 secs]
418.316: [GC (Allocation Failure) 349770K->435K(1048512K), 0.0002170 secs]
418.468: [GC (Allocation Failure) 349770K->435K(1048512K), 0.0002080 secs]
418.738: [GC (Allocation Failure) 349770K->435K(1048512K), 0.0002240 secs]
418.889: [GC (Allocation Failure) 349770K->435K(1048512K), 0.0003150 secs]
419.061: [GC (Allocation Failure) 349770K->435K(1048512K), 0.0002210 secs]
419.213: [GC (Allocation Failure) 349770K->435K(1048512K), 0.0002170 secs]
419.362: [GC (Allocation Failure) 349770K->435K(1048512K), 0.0002070 secs]
419.592: [GC (Allocation Failure) 349770K->435K(1048512K), 0.0002210 secs]
419.745: [GC (Allocation Failure) 349770K->435K(1048512K), 0.0002150 secs]
419.897: [GC (Allocation Failure) 349770K->435K(1048512K), 0.0002100 secs]
420.190: [GC (Allocation Failure) 349770K->435K(1048512K), 0.0002220 secs]
420.341: [GC (Allocation Failure) 349770K->435K(1048512K), 0.0002040 secs]
420.512: [GC (Allocation Failure) 349770K->435K(1048512K), 0.0002210 secs]
420.664: [GC (Allocation Failure) 349770K->435K(1048512K), 0.0002100 secs]
420.843: [GC (Allocation Failure) 349770K->435K(1048512K), 0.0060600 secs]
421.047: [GC (Allocation Failure) 349770K->435K(1048512K), 0.0001930 secs]
421.197: [GC (Allocation Failure) 349770K->435K(1048512K), 0.0002080 secs]
421.394: [GC (Allocation Failure) 349770K->435K(1048512K), 0.0002110 secs]
421.543: [GC (Allocation Failure) 349770K->435K(1048512K), 0.0002070 secs]
421.745: [GC (Allocation Failure) 349770K->435K(1048512K), 0.0002060 secs]
421.895: [GC (Allocation Failure) 349770K->435K(1048512K), 0.0002090 secs]
422.045: [GC (Allocation Failure) 349770K->435K(1048512K), 0.0002020 secs]
422.194: [GC (Allocation Failure) 349770K->435K(1048512K), 0.0002200 secs]
422.349: [GC (Allocation Failure) 349770K->435K(1048512K), 0.0002150 secs]
422.545: [GC (Allocation Failure) 349770K->435K(1048512K), 0.0002150 secs]
422.694: [GC (Allocation Failure) 349770K->435K(1048512K), 0.0002090 secs]
422.846: [GC (Allocation Failure) 349770K->435K(1048512K), 0.0002170 secs]
423.051: [GC (Allocation Failure) 349770K->435K(1048512K), 0.0002070 secs]
423.200: [GC (Allocation Failure) 349770K->435K(1048512K), 0.0002190 secs]
423.398: [GC (Allocation Failure) 349770K->435K(1048512K), 0.0002060 secs]
423.548: [GC (Allocation Failure) 349770K->435K(1048512K), 0.0002170 secs]
423.712: [GC (Allocation Failure) 349770K->435K(1048512K), 0.0002210 secs]
423.862: [GC (Allocation Failure) 349770K->435K(1048512K), 0.0002090 secs]
424.047: [GC (Allocation Failure) 349770K->435K(1048512K), 0.0002870 secs]
424.212: [GC (Allocation Failure) 349770K->435K(1048512K), 0.0002260 secs]
424.364: [GC (Allocation Failure) 349770K->435K(1048512K), 0.0002820 secs]
424.542: [GC (Allocation Failure) 349770K->435K(1048512K), 0.0002160 secs]
424.692: [GC (Allocation Failure) 349770K->435K(1048512K), 0.0002180 secs]
424.850: [GC (Allocation Failure) 349770K->435K(1048512K), 0.0002060 secs]
424.999: [GC (Allocation Failure) 349770K->435K(1048512K), 0.0002090 secs]
425.201: [GC (Allocation Failure) 349770K->435K(1048512K), 0.0002040 secs]
425.350: [GC (Allocation Failure) 349770K->435K(1048512K), 0.0002090 secs]
425.501: [GC (Allocation Failure) 349770K->435K(1048512K), 0.0002140 secs]
425.650: [GC (Allocation Failure) 349770K->435K(1048512K), 0.0002070 secs]
425.800: [GC (Allocation Failure) 349770K->435K(1048512K), 0.0002200 secs]
425.952: [GC (Allocation Failure) 349770K->435K(1048512K), 0.0002120 secs]
426.206: [GC (Allocation Failure) 349770K->435K(1048512K), 0.0002230 secs]
426.358: [GC (Allocation Failure) 349770K->435K(1048512K), 0.0002110 secs]
426.512: [GC (Allocation Failure) 349770K->435K(1048512K), 0.0002060 secs]
426.663: [GC (Allocation Failure) 349770K->435K(1048512K), 0.0002300 secs]
426.854: [GC (Allocation Failure) 349770K->435K(1048512K), 0.0002830 secs]
427.003: [GC (Allocation Failure) 349770K->435K(1048512K), 0.0002210 secs]
427.154: [GC (Allocation Failure) 349770K->435K(1048512K), 0.0002090 secs]
427.304: [GC (Allocation Failure) 349770K->435K(1048512K), 0.0002050 secs]
427.505: [GC (Allocation Failure) 349770K->435K(1048512K), 0.0002180 secs]
427.654: [GC (Allocation Failure) 349770K->435K(1048512K), 0.0002090 secs]
427.954: [GC (Allocation Failure) 349770K->435K(1048512K), 0.0002150 secs]
428.106: [GC (Allocation Failure) 349770K->435K(1048512K), 0.0002140 secs]
428.306: [GC (Allocation Failure) 349770K->435K(1048512K), 0.0002070 secs]
428.470: [GC (Allocation Failure) 349770K->435K(1048512K), 0.0002230 secs]
428.623: [GC (Allocation Failure) 349770K->435K(1048512K), 0.0002210 secs]
428.805: [GC (Allocation Failure) 349770K->435K(1048512K), 0.0002240 secs]
428.957: [GC (Allocation Failure) 349770K->435K(1048512K), 0.0002070 secs]
429.157: [GC (Allocation Failure) 349770K->435K(1048512K), 0.0002980 secs]
429.316: [GC (Allocation Failure) 349770K->435K(1048512K), 0.0002940 secs]
429.467: [GC (Allocation Failure) 349770K->435K(1048512K), 0.0003000 secs]
429.657: [GC (Allocation Failure) 349770K->435K(1048512K), 0.0002220 secs]
429.808: [GC (Allocation Failure) 349770K->435K(1048512K), 0.0002040 secs]
430.007: [GC (Allocation Failure) 349770K->435K(1048512K), 0.0002800 secs]
430.209: [GC (Allocation Failure) 349770K->435K(1048512K), 0.0002170 secs]
430.362: [GC (Allocation Failure) 349770K->435K(1048512K), 0.0002090 secs]
430.515: [GC (Allocation Failure) 349770K->435K(1048512K), 0.0002170 secs]
430.810: [GC (Allocation Failure) 349770K->435K(1048512K), 0.0002160 secs]
430.967: [GC (Allocation Failure) 349770K->435K(1048512K), 0.0002180 secs]
431.121: [GC (Allocation Failure) 349770K->435K(1048512K), 0.0002220 secs]
431.315: [GC (Allocation Failure) 349770K->435K(1048512K), 0.0002370 secs]
431.465: [GC (Allocation Failure) 349770K->435K(1048512K), 0.0002110 secs]
431.665: [GC (Allocation Failure) 349770K->435K(1048512K), 0.0002170 secs]
431.814: [GC (Allocation Failure) 349770K->435K(1048512K), 0.0002080 secs]
431.969: [GC (Allocation Failure) 349770K->435K(1048512K), 0.0002210 secs]
432.164: [GC (Allocation Failure) 349770K->435K(1048512K), 0.0002090 secs]
432.417: [GC (Allocation Failure) 349770K->435K(1048512K), 0.0002060 secs]
432.617: [GC (Allocation Failure) 349770K->435K(1048512K), 0.0002050 secs]
432.767: [GC (Allocation Failure) 349770K->435K(1048512K), 0.0002890 secs]
433.071: [GC (Allocation Failure) 349770K->435K(1048512K), 0.0002410 secs]
433.221: [GC (Allocation Failure) 349770K->435K(1048512K), 0.0002090 secs]
433.422: [GC (Allocation Failure) 349770K->435K(1048512K), 0.0002160 secs]
433.572: [GC (Allocation Failure) 349770K->435K(1048512K), 0.0002210 secs]
433.725: [GC (Allocation Failure) 349770K->435K(1048512K), 0.0002300 secs]
433.924: [GC (Allocation Failure) 349770K->435K(1048512K), 0.0002280 secs]
434.073: [GC (Allocation Failure) 349770K->435K(1048512K), 0.0002100 secs]
434.271: [GC (Allocation Failure) 349770K->435K(1048512K), 0.0003440 secs]
434.422: [GC (Allocation Failure) 349770K->435K(1048512K), 0.0002120 secs]
434.576: [GC (Allocation Failure) 349770K->435K(1048512K), 0.0002170 secs]
434.771: [GC (Allocation Failure) 349770K->435K(1048512K), 0.0002140 secs]
434.920: [GC (Allocation Failure) 349770K->435K(1048512K), 0.0002090 secs]
435.121: [GC (Allocation Failure) 349770K->435K(1048512K), 0.0002200 secs]
435.275: [GC (Allocation Failure) 349770K->435K(1048512K), 0.0002040 secs]
435.425: [GC (Allocation Failure) 349770K->435K(1048512K), 0.0002090 secs]
435.615: [GC (Allocation Failure) 349770K->435K(1048512K), 0.0002200 secs]
435.765: [GC (Allocation Failure) 349770K->435K(1048512K), 0.0002200 secs]
435.918: [GC (Allocation Failure) 349770K->435K(1048512K), 0.0002280 secs]
436.208: [GC (Allocation Failure) 349770K->435K(1048512K), 0.0002080 secs]
436.418: [GC (Allocation Failure) 349770K->435K(1048512K), 0.0002230 secs]
436.572: [GC (Allocation Failure) 349770K->435K(1048512K), 0.0002170 secs]
436.724: [GC (Allocation Failure) 349770K->435K(1048512K), 0.0002810 secs]
436.924: [GC (Allocation Failure) 349770K->435K(1048512K), 0.0002110 secs]
437.073: [GC (Allocation Failure) 349770K->435K(1048512K), 0.0002080 secs]
437.373: [GC (Allocation Failure) 349770K->435K(1048512K), 0.0002200 secs]
437.525: [GC (Allocation Failure) 349770K->435K(1048512K), 0.0002160 secs]
437.718: [GC (Allocation Failure) 349770K->435K(1048512K), 0.0002270 secs]
437.868: [GC (Allocation Failure) 349770K->435K(1048512K), 0.0002090 secs]
438.026: [GC (Allocation Failure) 349770K->435K(1048512K), 0.0002200 secs]
438.176: [GC (Allocation Failure) 349770K->435K(1048512K), 0.0002080 secs]
438.330: [GC (Allocation Failure) 349770K->435K(1048512K), 0.0002020 secs]
438.479: [GC (Allocation Failure) 349770K->435K(1048512K), 0.0002070 secs]
438.676: [GC (Allocation Failure) 349770K->435K(1048512K), 0.0002140 secs]
438.876: [GC (Allocation Failure) 349770K->435K(1048512K), 0.0002220 secs]
439.028: [GC (Allocation Failure) 349770K->435K(1048512K), 0.0002770 secs]
439.178: [GC (Allocation Failure) 349770K->435K(1048512K), 0.0002130 secs]
439.378: [GC (Allocation Failure) 349770K->435K(1048512K), 0.0002220 secs]
439.528: [GC (Allocation Failure) 349770K->435K(1048512K), 0.0002090 secs]
439.727: [GC (Allocation Failure) 349770K->435K(1048512K), 0.0002300 secs]
439.879: [GC (Allocation Failure) 349770K->435K(1048512K), 0.0002030 secs]
440.080: [GC (Allocation Failure) 349770K->435K(1048512K), 0.0002130 secs]
440.229: [GC (Allocation Failure) 349770K->435K(1048512K), 0.0002080 secs]
440.411: [GC (Allocation Failure) 349770K->435K(1048512K), 0.0002100 secs]
440.579: [GC (Allocation Failure) 349770K->435K(1048512K), 0.0002080 secs]
440.813: [GC (Allocation Failure) 349770K->435K(1048512K), 0.0002180 secs]
440.970: [GC (Allocation Failure) 349770K->435K(1048512K), 0.0002790 secs]
441.186: [GC (Allocation Failure) 349770K->435K(1048512K), 0.0002920 secs]
441.335: [GC (Allocation Failure) 349770K->435K(1048512K), 0.0003000 secs]
441.532: [GC (Allocation Failure) 349770K->435K(1048512K), 0.0002220 secs]
441.682: [GC (Allocation Failure) 349770K->435K(1048512K), 0.0002060 secs]
441.981: [GC (Allocation Failure) 349770K->435K(1048512K), 0.0002220 secs]
442.133: [GC (Allocation Failure) 349770K->435K(1048512K), 0.0002170 secs]
442.334: [GC (Allocation Failure) 349770K->435K(1048512K), 0.0002040 secs]
442.498: [GC (Allocation Failure) 349770K->435K(1048512K), 0.0002220 secs]
442.651: [GC (Allocation Failure) 349770K->435K(1048512K), 0.0002340 secs]
442.801: [GC (Allocation Failure) 349770K->435K(1048512K), 0.0002110 secs]
442.985: [GC (Allocation Failure) 349770K->435K(1048512K), 0.0002190 secs]
443.134: [GC (Allocation Failure) 349770K->435K(1048512K), 0.0002100 secs]
443.384: [GC (Allocation Failure) 349770K->435K(1048512K), 0.0002060 secs]
443.629: [GC (Allocation Failure) 349770K->435K(1048512K), 0.0002930 secs]
443.779: [GC (Allocation Failure) 349770K->435K(1048512K), 0.0002220 secs]
443.933: [GC (Allocation Failure) 349770K->435K(1048512K), 0.0002060 secs]
444.083: [GC (Allocation Failure) 349770K->435K(1048512K), 0.0002210 secs]
444.236: [GC (Allocation Failure) 349770K->435K(1048512K), 0.0002770 secs]
444.387: [GC (Allocation Failure) 349770K->435K(1048512K), 0.0002590 secs]
444.542: [GC (Allocation Failure) 349770K->435K(1048512K), 0.0002100 secs]
444.695: [GC (Allocation Failure) 349770K->435K(1048512K), 0.0002220 secs]
444.888: [GC (Allocation Failure) 349770K->435K(1048512K), 0.0002110 secs]
445.037: [GC (Allocation Failure) 349770K->435K(1048512K), 0.0002210 secs]
445.189: [GC (Allocation Failure) 349770K->435K(1048512K), 0.0002790 secs]
445.338: [GC (Allocation Failure) 349770K->435K(1048512K), 0.0002080 secs]
445.538: [GC (Allocation Failure) 349770K->435K(1048512K), 0.0002200 secs]
445.739: [GC (Allocation Failure) 349770K->435K(1048512K), 0.0002100 secs]
445.890: [GC (Allocation Failure) 349770K->435K(1048512K), 0.0002020 secs]
446.089: [GC (Allocation Failure) 349770K->435K(1048512K), 0.0002100 secs]
446.295: [GC (Allocation Failure) 349770K->435K(1048512K), 0.0002620 secs]
446.447: [GC (Allocation Failure) 349770K->435K(1048512K), 0.0002120 secs]
446.641: [GC (Allocation Failure) 349770K->435K(1048512K), 0.0002030 secs]
446.790: [GC (Allocation Failure) 349770K->435K(1048512K), 0.0002090 secs]
446.940: [GC (Allocation Failure) 349770K->435K(1048512K), 0.0002080 secs]
447.146: [GC (Allocation Failure) 349770K->435K(1048512K), 0.0002280 secs]
447.296: [GC (Allocation Failure) 349770K->435K(1048512K), 0.0002080 secs]
447.477: [GC (Allocation Failure) 349770K->435K(1048512K), 0.0003440 secs]
447.630: [GC (Allocation Failure) 349770K->435K(1048512K), 0.0002170 secs]
447.779: [GC (Allocation Failure) 349770K->435K(1048512K), 0.0002090 secs]
448.012: [GC (Allocation Failure) 349770K->435K(1048512K), 0.0002190 secs]
448.162: [GC (Allocation Failure) 349770K->435K(1048512K), 0.0002080 secs]
448.347: [GC (Allocation Failure) 349770K->435K(1048512K), 0.0002460 secs]
448.501: [GC (Allocation Failure) 349770K->435K(1048512K), 0.0002170 secs]
448.694: [GC (Allocation Failure) 349770K->435K(1048512K), 0.0002100 secs]
448.895: [GC (Allocation Failure) 349770K->435K(1048512K), 0.0002920 secs]
449.044: [GC (Allocation Failure) 349770K->435K(1048512K), 0.0002090 secs]
449.244: [GC (Allocation Failure) 349770K->435K(1048512K), 0.0002070 secs]
449.449: [GC (Allocation Failure) 349770K->435K(1048512K), 0.0004180 secs]
449.600: [GC (Allocation Failure) 349770K->435K(1048512K), 0.0002110 secs]
449.796: [GC (Allocation Failure) 349770K->435K(1048512K), 0.0002810 secs]
449.946: [GC (Allocation Failure) 349770K->435K(1048512K), 0.0002090 secs]
450.133: [GC (Allocation Failure) 349770K->435K(1048512K), 0.0002170 secs]
450.283: [GC (Allocation Failure) 349770K->435K(1048512K), 0.0002210 secs]
450.438: [GC (Allocation Failure) 349770K->435K(1048512K), 0.0002180 secs]
450.648: [GC (Allocation Failure) 349770K->435K(1048512K), 0.0002090 secs]
450.798: [GC (Allocation Failure) 349770K->435K(1048512K), 0.0002760 secs]
451.005: [GC (Allocation Failure) 349770K->435K(1048512K), 0.0002180 secs]
451.205: [GC (Allocation Failure) 349770K->435K(1048512K), 0.0002190 secs]
451.354: [GC (Allocation Failure) 349770K->435K(1048512K), 0.0002090 secs]
451.507: [GC (Allocation Failure) 349770K->435K(1048512K), 0.0002150 secs]
451.703: [GC (Allocation Failure) 349770K->435K(1048512K), 0.0002090 secs]
451.851: [GC (Allocation Failure) 349770K->435K(1048512K), 0.0002080 secs]
452.034: [GC (Allocation Failure) 349770K->435K(1048512K), 0.0002240 secs]
452.188: [GC (Allocation Failure) 349770K->435K(1048512K), 0.0002790 secs]
452.340: [GC (Allocation Failure) 349770K->435K(1048512K), 0.0002050 secs]
452.507: [GC (Allocation Failure) 349770K->435K(1048512K), 0.0002200 secs]
452.659: [GC (Allocation Failure) 349770K->435K(1048512K), 0.0002170 secs]
452.855: [GC (Allocation Failure) 349770K->435K(1048512K), 0.0002030 secs]
453.004: [GC (Allocation Failure) 349770K->435K(1048512K), 0.0002080 secs]
453.158: [GC (Allocation Failure) 349770K->435K(1048512K), 0.0002160 secs]
453.308: [GC (Allocation Failure) 349770K->435K(1048512K), 0.0002090 secs]
453.470: [GC (Allocation Failure) 349770K->435K(1048512K), 0.0002040 secs]
453.621: [GC (Allocation Failure) 349770K->435K(1048512K), 0.0002230 secs]
453.775: [GC (Allocation Failure) 349770K->435K(1048512K), 0.0002210 secs]
453.925: [GC (Allocation Failure) 349770K->435K(1048512K), 0.0002200 secs]
454.078: [GC (Allocation Failure) 349770K->435K(1048512K), 0.0002040 secs]
454.228: [GC (Allocation Failure) 349770K->435K(1048512K), 0.0002060 secs]
454.409: [GC (Allocation Failure) 349770K->435K(1048512K), 0.0002200 secs]
454.606: [GC (Allocation Failure) 349770K->435K(1048512K), 0.0002590 secs]
454.758: [GC (Allocation Failure) 349770K->435K(1048512K), 0.0002790 secs]
454.908: [GC (Allocation Failure) 349770K->435K(1048512K), 0.0002790 secs]
455.159: [GC (Allocation Failure) 349770K->435K(1048512K), 0.0002110 secs]
455.307: [GC (Allocation Failure) 349770K->435K(1048512K), 0.0002170 secs]
455.459: [GC (Allocation Failure) 349770K->435K(1048512K), 0.0002040 secs]
455.644: [GC (Allocation Failure) 349770K->435K(1048512K), 0.0002080 secs]
455.793: [GC (Allocation Failure) 349770K->435K(1048512K), 0.0002100 secs]
456.001: [GC (Allocation Failure) 349770K->435K(1048512K), 0.0002230 secs]
456.155: [GC (Allocation Failure) 349770K->435K(1048512K), 0.0002230 secs]
456.304: [GC (Allocation Failure) 349770K->435K(1048512K), 0.0002790 secs]
456.462: [GC (Allocation Failure) 349770K->435K(1048512K), 0.0002220 secs]
456.615: [GC (Allocation Failure) 349770K->435K(1048512K), 0.0002160 secs]
456.838: [GC (Allocation Failure) 349770K->435K(1048512K), 0.0002110 secs]
457.012: [GC (Allocation Failure) 349770K->435K(1048512K), 0.0002280 secs]
457.162: [GC (Allocation Failure) 349770K->435K(1048512K), 0.0002250 secs]
457.312: [GC (Allocation Failure) 349770K->435K(1048512K), 0.0002050 secs]
457.462: [GC (Allocation Failure) 349770K->435K(1048512K), 0.0002210 secs]
457.613: [GC (Allocation Failure) 349770K->435K(1048512K), 0.0002040 secs]
457.812: [GC (Allocation Failure) 349770K->435K(1048512K), 0.0002230 secs]
457.963: [GC (Allocation Failure) 349770K->435K(1048512K), 0.0002060 secs]
458.164: [GC (Allocation Failure) 349770K->435K(1048512K), 0.0002100 secs]
458.314: [GC (Allocation Failure) 349770K->435K(1048512K), 0.0002120 secs]
458.468: [GC (Allocation Failure) 349770K->435K(1048512K), 0.0002750 secs]
458.618: [GC (Allocation Failure) 349770K->435K(1048512K), 0.0002090 secs]
458.819: [GC (Allocation Failure) 349770K->435K(1048512K), 0.0002180 secs]
458.968: [GC (Allocation Failure) 349770K->435K(1048512K), 0.0002070 secs]
459.166: [GC (Allocation Failure) 349770K->435K(1048512K), 0.0002070 secs]
459.414: [GC (Allocation Failure) 349770K->435K(1048512K), 0.0002220 secs]
459.566: [GC (Allocation Failure) 349770K->435K(1048512K), 0.0002060 secs]
459.715: [GC (Allocation Failure) 349770K->435K(1048512K), 0.0002690 secs]
459.888: [GC (Allocation Failure) 349770K->435K(1048512K), 0.0002180 secs]
460.037: [GC (Allocation Failure) 349770K->435K(1048512K), 0.0002070 secs]
460.216: [GC (Allocation Failure) 349770K->435K(1048512K), 0.0002070 secs]
460.419: [GC (Allocation Failure) 349770K->435K(1048512K), 0.0002210 secs]
460.572: [GC (Allocation Failure) 349770K->435K(1048512K), 0.0002200 secs]
460.768: [GC (Allocation Failure) 349770K->435K(1048512K), 0.0002220 secs]
460.928: [GC (Allocation Failure) 349770K->435K(1048512K), 0.0002090 secs]
461.208: [GC (Allocation Failure) 349770K->435K(1048512K), 0.0002210 secs]
461.369: [GC (Allocation Failure) 349770K->435K(1048512K), 0.0002100 secs]
461.519: [GC (Allocation Failure) 349770K->435K(1048512K), 0.0002070 secs]
461.670: [GC (Allocation Failure) 349770K->435K(1048512K), 0.0002070 secs]
461.868: [GC (Allocation Failure) 349770K->435K(1048512K), 0.0002230 secs]
462.020: [GC (Allocation Failure) 349770K->435K(1048512K), 0.0002080 secs]
462.217: [GC (Allocation Failure) 349770K->435K(1048512K), 0.0002220 secs]
462.369: [GC (Allocation Failure) 349770K->435K(1048512K), 0.0002100 secs]
462.520: [GC (Allocation Failure) 349770K->435K(1048512K), 0.0002190 secs]
462.672: [GC (Allocation Failure) 349770K->435K(1048512K), 0.0002050 secs]
462.855: [GC (Allocation Failure) 349770K->435K(1048512K), 0.0002240 secs]
463.005: [GC (Allocation Failure) 349770K->435K(1048512K), 0.0002100 secs]
463.160: [GC (Allocation Failure) 349770K->435K(1048512K), 0.0002060 secs]
463.309: [GC (Allocation Failure) 349770K->435K(1048512K), 0.0002230 secs]
463.461: [GC (Allocation Failure) 349770K->435K(1048512K), 0.0002040 secs]
463.611: [GC (Allocation Failure) 349770K->435K(1048512K), 0.0002090 secs]
463.774: [GC (Allocation Failure) 349770K->435K(1048512K), 0.0002050 secs]
463.925: [GC (Allocation Failure) 349770K->435K(1048512K), 0.0002180 secs]
464.079: [GC (Allocation Failure) 349770K->435K(1048512K), 0.0002160 secs]
464.380: [GC (Allocation Failure) 349770K->435K(1048512K), 0.0002100 secs]
464.529: [GC (Allocation Failure) 349770K->435K(1048512K), 0.0002090 secs]
464.709: [GC (Allocation Failure) 349770K->435K(1048512K), 0.0002830 secs]
464.926: [GC (Allocation Failure) 349770K->435K(1048512K), 0.0003310 secs]
465.075: [GC (Allocation Failure) 349770K->435K(1048512K), 0.0002430 secs]
465.250: [GC (Allocation Failure) 349770K->435K(1048512K), 0.0002120 secs]
465.472: [GC (Allocation Failure) 349770K->435K(1048512K), 0.0002190 secs]
465.622: [GC (Allocation Failure) 349770K->435K(1048512K), 0.0002100 secs]
465.776: [GC (Allocation Failure) 349770K->435K(1048512K), 0.0002230 secs]
465.927: [GC (Allocation Failure) 349770K->435K(1048512K), 0.0002780 secs]
466.077: [GC (Allocation Failure) 349770K->435K(1048512K), 0.0002200 secs]
466.228: [GC (Allocation Failure) 349770K->435K(1048512K), 0.0002060 secs]
466.381: [GC (Allocation Failure) 349770K->435K(1048512K), 0.0002100 secs]
466.534: [GC (Allocation Failure) 349770K->435K(1048512K), 0.0002180 secs]
466.729: [GC (Allocation Failure) 349770K->435K(1048512K), 0.0002090 secs]
466.877: [GC (Allocation Failure) 349770K->435K(1048512K), 0.0002080 secs]
467.078: [GC (Allocation Failure) 349770K->435K(1048512K), 0.0002790 secs]
467.280: [GC (Allocation Failure) 349770K->435K(1048512K), 0.0002070 secs]
467.429: [GC (Allocation Failure) 349770K->435K(1048512K), 0.0002080 secs]
467.618: [GC (Allocation Failure) 349770K->435K(1048512K), 0.0002200 secs]
467.767: [GC (Allocation Failure) 349770K->435K(1048512K), 0.0002200 secs]
467.922: [GC (Allocation Failure) 349770K->435K(1048512K), 0.0002180 secs]
468.081: [GC (Allocation Failure) 349770K->435K(1048512K), 0.0002090 secs]
468.230: [GC (Allocation Failure) 349770K->435K(1048512K), 0.0002070 secs]
468.414: [GC (Allocation Failure) 349770K->435K(1048512K), 0.0002190 secs]
468.563: [GC (Allocation Failure) 349770K->435K(1048512K), 0.0002190 secs]
468.733: [GC (Allocation Failure) 349770K->435K(1048512K), 0.0002080 secs]
468.983: [GC (Allocation Failure) 349770K->435K(1048512K), 0.0002110 secs]
469.133: [GC (Allocation Failure) 349770K->435K(1048512K), 0.0002070 secs]
469.332: [GC (Allocation Failure) 349770K->435K(1048512K), 0.0002300 secs]
469.484: [GC (Allocation Failure) 349770K->435K(1048512K), 0.0002030 secs]
469.684: [GC (Allocation Failure) 349770K->435K(1048512K), 0.0002050 secs]
469.833: [GC (Allocation Failure) 349770K->435K(1048512K), 0.0002230 secs]
469.989: [GC (Allocation Failure) 349770K->435K(1048512K), 0.0004180 secs]
470.139: [GC (Allocation Failure) 349770K->435K(1048512K), 0.0002060 secs]
470.293: [GC (Allocation Failure) 349770K->435K(1048512K), 0.0002170 secs]
470.457: [GC (Allocation Failure) 349770K->435K(1048512K), 0.0002240 secs]
470.609: [GC (Allocation Failure) 349770K->435K(1048512K), 0.0002210 secs]
470.784: [GC (Allocation Failure) 349770K->435K(1048512K), 0.0002070 secs]
470.992: [GC (Allocation Failure) 349770K->435K(1048512K), 0.0002210 secs]
471.146: [GC (Allocation Failure) 349770K->435K(1048512K), 0.0002060 secs]
471.335: [GC (Allocation Failure) 349770K->435K(1048512K), 0.0002210 secs]
471.487: [GC (Allocation Failure) 349770K->435K(1048512K), 0.0002150 secs]
471.665: [GC (Allocation Failure) 349770K->435K(1048512K), 0.0002180 secs]
471.815: [GC (Allocation Failure) 349770K->435K(1048512K), 0.0002300 secs]
471.969: [GC (Allocation Failure) 349770K->435K(1048512K), 0.0002280 secs]
472.188: [GC (Allocation Failure) 349770K->435K(1048512K), 0.0002110 secs]
472.339: [GC (Allocation Failure) 349770K->435K(1048512K), 0.0002030 secs]
472.493: [GC (Allocation Failure) 349770K->435K(1048512K), 0.0002180 secs]
472.642: [GC (Allocation Failure) 349770K->435K(1048512K), 0.0002080 secs]
472.844: [GC (Allocation Failure) 349770K->435K(1048512K), 0.0002190 secs]
472.993: [GC (Allocation Failure) 349770K->435K(1048512K), 0.0002090 secs]
473.146: [GC (Allocation Failure) 349770K->435K(1048512K), 0.0002770 secs]
473.296: [GC (Allocation Failure) 349770K->435K(1048512K), 0.0002090 secs]
473.468: [GC (Allocation Failure) 349770K->435K(1048512K), 0.0002090 secs]
473.667: [GC (Allocation Failure) 349770K->435K(1048512K), 0.0002180 secs]
473.816: [GC (Allocation Failure) 349770K->435K(1048512K), 0.0002110 secs]
473.995: [GC (Allocation Failure) 349770K->435K(1048512K), 0.0002190 secs]
474.143: [GC (Allocation Failure) 349770K->435K(1048512K), 0.0002070 secs]
474.296: [GC (Allocation Failure) 349770K->435K(1048512K), 0.0002200 secs]
474.448: [GC (Allocation Failure) 349770K->435K(1048512K), 0.0002080 secs]
474.711: [GC (Allocation Failure) 349770K->435K(1048512K), 0.0002740 secs]
474.861: [GC (Allocation Failure) 349770K->435K(1048512K), 0.0002250 secs]
475.014: [GC (Allocation Failure) 349770K->435K(1048512K), 0.0003310 secs]
475.185: [GC (Allocation Failure) 349770K->435K(1048512K), 0.0002230 secs]
475.338: [GC (Allocation Failure) 349770K->435K(1048512K), 0.0002790 secs]
475.487: [GC (Allocation Failure) 349770K->435K(1048512K), 0.0002080 secs]
475.695: [GC (Allocation Failure) 349770K->435K(1048512K), 0.0002210 secs]
475.844: [GC (Allocation Failure) 349770K->435K(1048512K), 0.0002090 secs]
475.995: [GC (Allocation Failure) 349770K->435K(1048512K), 0.0002040 secs]
476.161: [GC (Allocation Failure) 349770K->435K(1048512K), 0.0002230 secs]
476.315: [GC (Allocation Failure) 349770K->435K(1048512K), 0.0002620 secs]
476.466: [GC (Allocation Failure) 349770K->435K(1048512K), 0.0002100 secs]
476.708: [GC (Allocation Failure) 349770K->435K(1048512K), 0.0002090 secs]
476.895: [GC (Allocation Failure) 349770K->435K(1048512K), 0.0002180 secs]
477.047: [GC (Allocation Failure) 349770K->435K(1048512K), 0.0002040 secs]
477.268: [GC (Allocation Failure) 349770K->435K(1048512K), 0.0002800 secs]
477.447: [GC (Allocation Failure) 349770K->435K(1048512K), 0.0002240 secs]
477.598: [GC (Allocation Failure) 349770K->435K(1048512K), 0.0002050 secs]
477.817: [GC (Allocation Failure) 349770K->435K(1048512K), 0.0002300 secs]
477.966: [GC (Allocation Failure) 349770K->435K(1048512K), 0.0002080 secs]
478.199: [GC (Allocation Failure) 349770K->435K(1048512K), 0.0002080 secs]
478.351: [GC (Allocation Failure) 349770K->435K(1048512K), 0.0002060 secs]
478.506: [GC (Allocation Failure) 349770K->435K(1048512K), 0.0002220 secs]
478.659: [GC (Allocation Failure) 349770K->435K(1048512K), 0.0002220 secs]
478.854: [GC (Allocation Failure) 349770K->435K(1048512K), 0.0002160 secs]
479.004: [GC (Allocation Failure) 349770K->435K(1048512K), 0.0002200 secs]
479.157: [GC (Allocation Failure) 349770K->435K(1048512K), 0.0002060 secs]
479.307: [GC (Allocation Failure) 349770K->435K(1048512K), 0.0002310 secs]
479.501: [GC (Allocation Failure) 349770K->435K(1048512K), 0.0002050 secs]
479.652: [GC (Allocation Failure) 349770K->435K(1048512K), 0.0002080 secs]
