0.320: [GC (Allocation Failure) 262208K->316K(1004928K), 0.0007100 secs]
0.489: [GC (Allocation Failure) 262524K->341K(1004928K), 0.0006270 secs]
0.676: [GC (Allocation Failure) 262549K->284K(1004928K), 0.0009630 secs]
0.794: [GC (Allocation Failure) 262492K->308K(1004928K), 0.0005670 secs]
0.908: [GC (Allocation Failure) 262516K->300K(1004928K), 0.0005470 secs]
1.021: [GC (Allocation Failure) 262508K->341K(1048192K), 0.0006310 secs]
1.198: [GC (Allocation Failure) 349055K->337K(1047872K), 0.0006450 secs]
1.350: [GC (Allocation Failure) 349025K->337K(1048000K), 0.0003110 secs]
1.501: [GC (Allocation Failure) 348803K->337K(1048064K), 0.0002160 secs]
1.657: [GC (Allocation Failure) 348817K->337K(1048064K), 0.0002800 secs]
1.805: [GC (Allocation Failure) 348817K->337K(1048064K), 0.0002280 secs]
1.958: [GC (Allocation Failure) 348817K->337K(1048064K), 0.0002040 secs]
2.107: [GC (Allocation Failure) 348817K->337K(1048064K), 0.0002050 secs]
2.296: [GC (Allocation Failure) 348817K->337K(1048064K), 0.0002160 secs]
2.444: [GC (Allocation Failure) 348817K->337K(1048064K), 0.0002190 secs]
2.596: [GC (Allocation Failure) 348817K->337K(1048128K), 0.0002050 secs]
2.746: [GC (Allocation Failure) 348881K->337K(1048064K), 0.0002060 secs]
2.902: [GC (Allocation Failure) 348881K->337K(1048128K), 0.0002210 secs]
3.060: [GC (Allocation Failure) 348945K->337K(1048128K), 0.0002030 secs]
3.283: [GC (Allocation Failure) 348945K->337K(1048192K), 0.0002100 secs]
3.456: [GC (Allocation Failure) 349073K->337K(1048192K), 0.0002180 secs]
3.653: [GC (Allocation Failure) 349073K->337K(1048192K), 0.0002930 secs]
3.828: [GC (Allocation Failure) 349073K->337K(1048192K), 0.0002200 secs]
4.005: [GC (Allocation Failure) 349073K->337K(1048256K), 0.0002130 secs]
4.183: [GC (Allocation Failure) 349201K->337K(1048256K), 0.0002190 secs]
4.360: [GC (Allocation Failure) 349201K->337K(1048256K), 0.0002130 secs]
4.579: [GC (Allocation Failure) 349201K->337K(1048256K), 0.0002200 secs]
4.756: [GC (Allocation Failure) 349201K->337K(1048320K), 0.0002020 secs]
4.985: [GC (Allocation Failure) 349329K->337K(1048320K), 0.0002140 secs]
5.161: [GC (Allocation Failure) 349329K->337K(1048320K), 0.0002070 secs]
5.348: [GC (Allocation Failure) 349329K->337K(1048320K), 0.0002070 secs]
5.522: [GC (Allocation Failure) 349329K->337K(1048384K), 0.0002080 secs]
5.710: [GC (Allocation Failure) 349457K->337K(1048384K), 0.0003100 secs]
5.878: [GC (Allocation Failure) 349457K->337K(1048384K), 0.0002200 secs]
6.026: [GC (Allocation Failure) 349457K->337K(1048384K), 0.0002210 secs]
6.178: [GC (Allocation Failure) 349457K->337K(1048448K), 0.0002060 secs]
6.327: [GC (Allocation Failure) 349521K->337K(1048384K), 0.0002190 secs]
6.481: [GC (Allocation Failure) 349521K->337K(1048448K), 0.0002070 secs]
6.631: [GC (Allocation Failure) 349543K->337K(1048448K), 0.0002090 secs]
6.785: [GC (Allocation Failure) 349585K->337K(1048448K), 0.0002210 secs]
6.934: [GC (Allocation Failure) 349585K->337K(1048448K), 0.0002100 secs]
7.086: [GC (Allocation Failure) 349585K->337K(1048448K), 0.0002060 secs]
7.235: [GC (Allocation Failure) 349585K->337K(1048448K), 0.0002080 secs]
7.411: [GC (Allocation Failure) 349585K->337K(1048448K), 0.0002060 secs]
7.562: [GC (Allocation Failure) 349585K->337K(1048448K), 0.0002040 secs]
7.712: [GC (Allocation Failure) 349585K->337K(1048512K), 0.0002770 secs]
7.859: [GC (Allocation Failure) 349713K->337K(1048512K), 0.0002100 secs]
8.092: [GC (Allocation Failure) 349713K->337K(1048512K), 0.0002100 secs]
8.260: [GC (Allocation Failure) 349713K->337K(1048512K), 0.0002220 secs]
8.412: [GC (Allocation Failure) 349713K->337K(1048512K), 0.0002790 secs]
8.560: [GC (Allocation Failure) 349713K->337K(1048512K), 0.0002100 secs]
8.767: [GC (Allocation Failure) 349713K->337K(1048512K), 0.0002090 secs]
8.915: [GC (Allocation Failure) 349713K->337K(1048512K), 0.0002090 secs]
9.114: [GC (Allocation Failure) 349713K->337K(1048512K), 0.0002090 secs]
9.263: [GC (Allocation Failure) 349713K->337K(1048512K), 0.0002220 secs]
9.414: [GC (Allocation Failure) 349713K->337K(1048512K), 0.0002230 secs]
9.582: [GC (Allocation Failure) 349713K->337K(1048512K), 0.0002830 secs]
9.862: [GC (Allocation Failure) 349713K->337K(1048512K), 0.0002100 secs]
10.093: [GC (Allocation Failure) 349713K->337K(1048512K), 0.0002220 secs]
10.245: [GC (Allocation Failure) 349713K->337K(1048512K), 0.0002800 secs]
10.394: [GC (Allocation Failure) 349713K->337K(1048512K), 0.0002240 secs]
10.543: [GC (Allocation Failure) 349713K->337K(1048512K), 0.0002070 secs]
10.764: [GC (Allocation Failure) 349713K->337K(1048512K), 0.0002820 secs]
10.941: [GC (Allocation Failure) 349713K->337K(1048512K), 0.0002170 secs]
11.090: [GC (Allocation Failure) 349713K->337K(1048512K), 0.0002230 secs]
11.243: [GC (Allocation Failure) 349713K->337K(1048512K), 0.0002290 secs]
11.398: [GC (Allocation Failure) 349713K->337K(1048512K), 0.0002230 secs]
11.550: [GC (Allocation Failure) 349713K->337K(1048512K), 0.0003060 secs]
11.716: [GC (Allocation Failure) 349713K->337K(1048512K), 0.0002240 secs]
11.868: [GC (Allocation Failure) 349713K->337K(1048512K), 0.0002070 secs]
12.016: [GC (Allocation Failure) 349713K->337K(1048512K), 0.0002110 secs]
12.168: [GC (Allocation Failure) 349713K->337K(1048512K), 0.0002230 secs]
12.461: [GC (Allocation Failure) 349713K->337K(1048512K), 0.0002130 secs]
12.610: [GC (Allocation Failure) 349713K->337K(1048512K), 0.0002090 secs]
12.763: [GC (Allocation Failure) 349713K->337K(1048512K), 0.0002370 secs]
12.911: [GC (Allocation Failure) 349713K->337K(1048512K), 0.0002080 secs]
13.062: [GC (Allocation Failure) 349713K->337K(1048512K), 0.0002230 secs]
13.221: [GC (Allocation Failure) 349713K->337K(1048512K), 0.0002100 secs]
13.368: [GC (Allocation Failure) 349713K->337K(1048512K), 0.0002230 secs]
13.521: [GC (Allocation Failure) 349713K->337K(1048512K), 0.0002070 secs]
13.677: [GC (Allocation Failure) 349713K->337K(1048512K), 0.0002090 secs]
13.828: [GC (Allocation Failure) 349713K->337K(1048512K), 0.0002070 secs]
13.977: [GC (Allocation Failure) 349713K->337K(1048512K), 0.0002120 secs]
14.201: [GC (Allocation Failure) 349713K->337K(1048512K), 0.0002210 secs]
14.352: [GC (Allocation Failure) 349713K->337K(1048512K), 0.0002780 secs]
14.500: [GC (Allocation Failure) 349713K->337K(1048512K), 0.0002220 secs]
14.652: [GC (Allocation Failure) 349713K->337K(1048512K), 0.0002180 secs]
14.874: [GC (Allocation Failure) 349713K->337K(1048512K), 0.0002100 secs]
15.021: [GC (Allocation Failure) 349713K->337K(1048512K), 0.0002090 secs]
15.172: [GC (Allocation Failure) 349713K->337K(1048512K), 0.0002120 secs]
15.374: [GC (Allocation Failure) 349713K->337K(1048512K), 0.0002200 secs]
15.524: [GC (Allocation Failure) 349713K->337K(1048512K), 0.0002210 secs]
15.675: [GC (Allocation Failure) 349713K->337K(1048512K), 0.0002150 secs]
15.925: [GC (Allocation Failure) 349713K->337K(1048512K), 0.0003590 secs]
16.075: [GC (Allocation Failure) 349713K->337K(1048512K), 0.0002170 secs]
16.274: [GC (Allocation Failure) 349713K->337K(1048512K), 0.0002080 secs]
16.456: [GC (Allocation Failure) 349713K->337K(1048512K), 0.0002190 secs]
16.608: [GC (Allocation Failure) 349713K->337K(1048512K), 0.0002190 secs]
16.827: [GC (Allocation Failure) 349713K->337K(1048512K), 0.0002040 secs]
16.974: [GC (Allocation Failure) 349713K->337K(1048512K), 0.0002220 secs]
17.125: [GC (Allocation Failure) 349713K->337K(1048512K), 0.0002210 secs]
17.274: [GC (Allocation Failure) 349713K->337K(1048512K), 0.0002110 secs]
17.478: [GC (Allocation Failure) 349713K->337K(1048512K), 0.0002040 secs]
17.627: [GC (Allocation Failure) 349713K->337K(1048512K), 0.0002090 secs]
17.778: [GC (Allocation Failure) 349713K->337K(1048512K), 0.0002070 secs]
17.925: [GC (Allocation Failure) 349713K->337K(1048512K), 0.0002070 secs]
18.075: [GC (Allocation Failure) 349713K->337K(1048512K), 0.0002200 secs]
18.279: [GC (Allocation Failure) 349713K->337K(1048512K), 0.0002220 secs]
18.428: [GC (Allocation Failure) 349713K->337K(1048512K), 0.0002090 secs]
18.606: [GC (Allocation Failure) 349713K->337K(1048512K), 0.0002230 secs]
18.758: [GC (Allocation Failure) 349713K->337K(1048512K), 0.0002800 secs]
18.923: [GC (Allocation Failure) 349713K->337K(1048512K), 0.0002110 secs]
19.079: [GC (Allocation Failure) 349713K->337K(1048512K), 0.0002060 secs]
19.231: [GC (Allocation Failure) 349713K->337K(1048512K), 0.0002760 secs]
19.379: [GC (Allocation Failure) 349713K->337K(1048512K), 0.0002080 secs]
19.624: [GC (Allocation Failure) 349713K->337K(1048512K), 0.0002300 secs]
19.773: [GC (Allocation Failure) 349713K->337K(1048512K), 0.0002080 secs]
19.925: [GC (Allocation Failure) 349713K->337K(1048512K), 0.0002160 secs]
20.082: [GC (Allocation Failure) 349713K->337K(1048512K), 0.0002090 secs]
20.230: [GC (Allocation Failure) 349713K->337K(1048512K), 0.0002780 secs]
20.379: [GC (Allocation Failure) 349713K->337K(1048512K), 0.0002190 secs]
20.583: [GC (Allocation Failure) 349713K->337K(1048512K), 0.0002160 secs]
20.731: [GC (Allocation Failure) 349713K->337K(1048512K), 0.0002070 secs]
20.908: [GC (Allocation Failure) 349713K->337K(1048512K), 0.0002220 secs]
21.060: [GC (Allocation Failure) 349713K->337K(1048512K), 0.0003560 secs]
21.234: [GC (Allocation Failure) 349713K->337K(1048512K), 0.0002200 secs]
21.383: [GC (Allocation Failure) 349713K->337K(1048512K), 0.0002170 secs]
21.568: [GC (Allocation Failure) 349713K->337K(1048512K), 0.0002110 secs]
21.720: [GC (Allocation Failure) 349713K->337K(1048512K), 0.0002770 secs]
21.868: [GC (Allocation Failure) 349713K->337K(1048512K), 0.0002090 secs]
22.034: [GC (Allocation Failure) 349713K->337K(1048512K), 0.0002240 secs]
22.186: [GC (Allocation Failure) 349713K->337K(1048512K), 0.0002170 secs]
22.334: [GC (Allocation Failure) 349713K->337K(1048512K), 0.0002080 secs]
22.515: [GC (Allocation Failure) 349713K->337K(1048512K), 0.0002200 secs]
22.668: [GC (Allocation Failure) 349713K->337K(1048512K), 0.0002050 secs]
22.887: [GC (Allocation Failure) 349713K->337K(1048512K), 0.0002110 secs]
23.034: [GC (Allocation Failure) 349713K->337K(1048512K), 0.0002410 secs]
23.187: [GC (Allocation Failure) 349713K->337K(1048512K), 0.0002090 secs]
23.416: [GC (Allocation Failure) 349713K->337K(1048512K), 0.0002090 secs]
23.567: [GC (Allocation Failure) 349713K->337K(1048512K), 0.0002180 secs]
23.726: [GC (Allocation Failure) 349713K->337K(1048512K), 0.0002180 secs]
23.888: [GC (Allocation Failure) 349713K->337K(1048512K), 0.0002190 secs]
24.036: [GC (Allocation Failure) 349713K->337K(1048512K), 0.0002790 secs]
24.286: [GC (Allocation Failure) 349713K->337K(1048512K), 0.0002100 secs]
24.522: [GC (Allocation Failure) 349713K->337K(1048512K), 0.0002290 secs]
24.670: [GC (Allocation Failure) 349713K->337K(1048512K), 0.0002180 secs]
24.844: [GC (Allocation Failure) 349713K->337K(1048512K), 0.0002220 secs]
24.992: [GC (Allocation Failure) 349713K->337K(1048512K), 0.0002190 secs]
25.189: [GC (Allocation Failure) 349713K->337K(1048512K), 0.0002220 secs]
25.341: [GC (Allocation Failure) 349713K->337K(1048512K), 0.0002780 secs]
25.491: [GC (Allocation Failure) 349713K->337K(1048512K), 0.0002280 secs]
25.645: [GC (Allocation Failure) 349713K->337K(1048512K), 0.0002080 secs]
25.793: [GC (Allocation Failure) 349713K->337K(1048512K), 0.0002080 secs]
25.955: [GC (Allocation Failure) 349713K->337K(1048512K), 0.0002220 secs]
26.107: [GC (Allocation Failure) 349713K->337K(1048512K), 0.0004180 secs]
26.256: [GC (Allocation Failure) 349713K->337K(1048512K), 0.0002080 secs]
26.408: [GC (Allocation Failure) 349713K->337K(1048512K), 0.0002760 secs]
26.556: [GC (Allocation Failure) 349713K->337K(1048512K), 0.0002090 secs]
26.740: [GC (Allocation Failure) 349713K->337K(1048512K), 0.0002130 secs]
26.921: [GC (Allocation Failure) 349713K->337K(1048512K), 0.0002220 secs]
27.069: [GC (Allocation Failure) 349713K->337K(1048512K), 0.0002220 secs]
27.222: [GC (Allocation Failure) 349713K->337K(1048512K), 0.0002340 secs]
27.371: [GC (Allocation Failure) 349713K->337K(1048512K), 0.0002100 secs]
27.598: [GC (Allocation Failure) 349713K->337K(1048512K), 0.0002170 secs]
27.745: [GC (Allocation Failure) 349713K->337K(1048512K), 0.0002180 secs]
27.895: [GC (Allocation Failure) 349713K->337K(1048512K), 0.0002050 secs]
28.044: [GC (Allocation Failure) 349713K->337K(1048512K), 0.0002250 secs]
28.196: [GC (Allocation Failure) 349713K->337K(1048512K), 0.0002060 secs]
28.343: [GC (Allocation Failure) 349713K->337K(1048512K), 0.0002170 secs]
28.496: [GC (Allocation Failure) 349713K->337K(1048512K), 0.0002080 secs]
28.643: [GC (Allocation Failure) 349713K->337K(1048512K), 0.0002080 secs]
28.795: [GC (Allocation Failure) 349713K->337K(1048512K), 0.0002230 secs]
28.944: [GC (Allocation Failure) 349713K->337K(1048512K), 0.0002170 secs]
29.094: [GC (Allocation Failure) 349713K->337K(1048512K), 0.0002080 secs]
29.296: [GC (Allocation Failure) 349713K->337K(1048512K), 0.0002320 secs]
29.445: [GC (Allocation Failure) 349713K->337K(1048512K), 0.0002020 secs]
29.598: [GC (Allocation Failure) 349713K->337K(1048512K), 0.0002290 secs]
29.797: [GC (Allocation Failure) 349713K->337K(1048512K), 0.0002100 secs]
29.959: [GC (Allocation Failure) 349713K->337K(1048512K), 0.0002190 secs]
30.106: [GC (Allocation Failure) 349713K->337K(1048512K), 0.0002780 secs]
30.297: [GC (Allocation Failure) 349713K->337K(1048512K), 0.0002080 secs]
30.448: [GC (Allocation Failure) 349713K->337K(1048512K), 0.0002240 secs]
30.599: [GC (Allocation Failure) 349713K->337K(1048512K), 0.0002050 secs]
30.747: [GC (Allocation Failure) 349713K->337K(1048512K), 0.0002080 secs]
30.900: [GC (Allocation Failure) 349713K->337K(1048512K), 0.0002200 secs]
31.092: [GC (Allocation Failure) 349713K->337K(1048512K), 0.0002100 secs]
31.239: [GC (Allocation Failure) 349713K->337K(1048512K), 0.0002820 secs]
31.391: [GC (Allocation Failure) 349713K->337K(1048512K), 0.0002070 secs]
31.541: [GC (Allocation Failure) 349713K->337K(1048512K), 0.0002110 secs]
31.695: [GC (Allocation Failure) 349713K->337K(1048512K), 0.0002790 secs]
31.843: [GC (Allocation Failure) 349713K->337K(1048512K), 0.0002070 secs]
32.128: [GC (Allocation Failure) 349713K->337K(1048512K), 0.0002250 secs]
32.277: [GC (Allocation Failure) 349713K->337K(1048512K), 0.0002210 secs]
32.429: [GC (Allocation Failure) 349713K->337K(1048512K), 0.0002190 secs]
32.608: [GC (Allocation Failure) 349713K->337K(1048512K), 0.0002790 secs]
32.756: [GC (Allocation Failure) 349713K->337K(1048512K), 0.0002070 secs]
32.927: [GC (Allocation Failure) 349713K->337K(1048512K), 0.0002320 secs]
33.078: [GC (Allocation Failure) 349713K->337K(1048512K), 0.0002180 secs]
33.254: [GC (Allocation Failure) 349713K->337K(1048512K), 0.0002100 secs]
33.401: [GC (Allocation Failure) 349713K->337K(1048512K), 0.0002090 secs]
33.608: [GC (Allocation Failure) 349713K->337K(1048512K), 0.0002250 secs]
33.763: [GC (Allocation Failure) 349713K->337K(1048512K), 0.0002090 secs]
33.915: [GC (Allocation Failure) 349713K->337K(1048512K), 0.0002160 secs]
34.110: [GC (Allocation Failure) 349713K->337K(1048512K), 0.0002130 secs]
34.261: [GC (Allocation Failure) 349713K->337K(1048512K), 0.0002050 secs]
34.409: [GC (Allocation Failure) 349713K->337K(1048512K), 0.0002100 secs]
34.625: [GC (Allocation Failure) 349713K->337K(1048512K), 0.0002080 secs]
34.859: [GC (Allocation Failure) 349713K->337K(1048512K), 0.0002060 secs]
35.011: [GC (Allocation Failure) 349713K->337K(1048512K), 0.0002760 secs]
35.158: [GC (Allocation Failure) 349713K->337K(1048512K), 0.0002290 secs]
35.311: [GC (Allocation Failure) 349713K->337K(1048512K), 0.0002190 secs]
35.459: [GC (Allocation Failure) 349713K->337K(1048512K), 0.0002200 secs]
35.632: [GC (Allocation Failure) 349713K->337K(1048512K), 0.0002190 secs]
35.781: [GC (Allocation Failure) 349713K->337K(1048512K), 0.0002190 secs]
35.954: [GC (Allocation Failure) 349713K->337K(1048512K), 0.0002330 secs]
36.105: [GC (Allocation Failure) 349713K->337K(1048512K), 0.0002050 secs]
36.253: [GC (Allocation Failure) 349713K->337K(1048512K), 0.0012580 secs]
36.414: [GC (Allocation Failure) 349713K->337K(1048512K), 0.0002230 secs]
36.562: [GC (Allocation Failure) 349713K->337K(1048512K), 0.0002100 secs]
36.711: [GC (Allocation Failure) 349713K->337K(1048512K), 0.0002200 secs]
36.864: [GC (Allocation Failure) 349713K->337K(1048512K), 0.0002190 secs]
37.091: [GC (Allocation Failure) 349713K->337K(1048512K), 0.0002220 secs]
37.244: [GC (Allocation Failure) 349713K->337K(1048512K), 0.0002180 secs]
37.459: [GC (Allocation Failure) 349713K->337K(1048512K), 0.0002050 secs]
37.611: [GC (Allocation Failure) 349713K->337K(1048512K), 0.0002090 secs]
37.817: [GC (Allocation Failure) 349713K->337K(1048512K), 0.0002190 secs]
37.964: [GC (Allocation Failure) 349713K->337K(1048512K), 0.0002060 secs]
38.117: [GC (Allocation Failure) 349713K->337K(1048512K), 0.0002070 secs]
38.266: [GC (Allocation Failure) 349713K->337K(1048512K), 0.0002200 secs]
38.417: [GC (Allocation Failure) 349713K->337K(1048512K), 0.0002140 secs]
38.565: [GC (Allocation Failure) 349713K->337K(1048512K), 0.0002090 secs]
38.715: [GC (Allocation Failure) 349713K->337K(1048512K), 0.0002330 secs]
38.868: [GC (Allocation Failure) 349713K->337K(1048512K), 0.0002230 secs]
39.015: [GC (Allocation Failure) 349713K->337K(1048512K), 0.0002080 secs]
39.219: [GC (Allocation Failure) 349713K->337K(1048512K), 0.0002200 secs]
39.367: [GC (Allocation Failure) 349713K->337K(1048512K), 0.0002090 secs]
39.519: [GC (Allocation Failure) 349713K->337K(1048512K), 0.0002160 secs]
39.686: [GC (Allocation Failure) 349713K->337K(1048512K), 0.0002320 secs]
39.837: [GC (Allocation Failure) 349713K->337K(1048512K), 0.0002170 secs]
40.070: [GC (Allocation Failure) 349713K->337K(1048512K), 0.0002150 secs]
40.218: [GC (Allocation Failure) 349713K->337K(1048512K), 0.0002090 secs]
40.370: [GC (Allocation Failure) 349713K->337K(1048512K), 0.0002240 secs]
40.534: [GC (Allocation Failure) 349713K->337K(1048512K), 0.0002090 secs]
40.719: [GC (Allocation Failure) 349713K->337K(1048512K), 0.0002220 secs]
40.871: [GC (Allocation Failure) 349713K->337K(1048512K), 0.0002050 secs]
41.020: [GC (Allocation Failure) 349713K->337K(1048512K), 0.0002180 secs]
41.226: [GC (Allocation Failure) 349713K->337K(1048512K), 0.0002180 secs]
41.374: [GC (Allocation Failure) 349713K->337K(1048512K), 0.0002570 secs]
41.528: [GC (Allocation Failure) 349713K->337K(1048512K), 0.0002190 secs]
41.691: [GC (Allocation Failure) 349713K->337K(1048512K), 0.0002090 secs]
41.839: [GC (Allocation Failure) 349713K->337K(1048512K), 0.0002070 secs]
42.074: [GC (Allocation Failure) 349713K->337K(1048512K), 0.0002050 secs]
42.221: [GC (Allocation Failure) 349713K->337K(1048512K), 0.0002080 secs]
42.372: [GC (Allocation Failure) 349713K->337K(1048512K), 0.0002060 secs]
42.521: [GC (Allocation Failure) 349713K->337K(1048512K), 0.0002090 secs]
42.725: [GC (Allocation Failure) 349713K->337K(1048512K), 0.0002050 secs]
42.873: [GC (Allocation Failure) 349713K->337K(1048512K), 0.0002100 secs]
43.022: [GC (Allocation Failure) 349713K->337K(1048512K), 0.0002330 secs]
43.173: [GC (Allocation Failure) 349713K->337K(1048512K), 0.0002210 secs]
43.373: [GC (Allocation Failure) 349713K->337K(1048512K), 0.0002220 secs]
43.526: [GC (Allocation Failure) 349713K->337K(1048512K), 0.0002800 secs]
43.683: [GC (Allocation Failure) 349713K->337K(1048512K), 0.0002090 secs]
43.876: [GC (Allocation Failure) 349713K->337K(1048512K), 0.0002080 secs]
44.079: [GC (Allocation Failure) 349713K->337K(1048512K), 0.0002060 secs]
44.227: [GC (Allocation Failure) 349713K->337K(1048512K), 0.0002090 secs]
44.428: [GC (Allocation Failure) 349713K->337K(1048512K), 0.0002090 secs]
44.607: [GC (Allocation Failure) 349713K->337K(1048512K), 0.0002200 secs]
44.755: [GC (Allocation Failure) 349713K->337K(1048512K), 0.0002180 secs]
44.909: [GC (Allocation Failure) 349713K->337K(1048512K), 0.0002210 secs]
45.078: [GC (Allocation Failure) 349713K->337K(1048512K), 0.0002220 secs]
45.231: [GC (Allocation Failure) 349713K->337K(1048512K), 0.0002190 secs]
45.459: [GC (Allocation Failure) 349713K->337K(1048512K), 0.0002910 secs]
45.609: [GC (Allocation Failure) 349713K->337K(1048512K), 0.0002080 secs]
45.830: [GC (Allocation Failure) 349713K->337K(1048512K), 0.0002200 secs]
46.081: [GC (Allocation Failure) 349713K->337K(1048512K), 0.0002240 secs]
46.233: [GC (Allocation Failure) 349713K->337K(1048512K), 0.0002060 secs]
46.431: [GC (Allocation Failure) 349713K->337K(1048512K), 0.0002750 secs]
46.583: [GC (Allocation Failure) 349713K->337K(1048512K), 0.0002150 secs]
46.783: [GC (Allocation Failure) 349713K->337K(1048512K), 0.0002150 secs]
46.931: [GC (Allocation Failure) 349713K->337K(1048512K), 0.0002080 secs]
47.083: [GC (Allocation Failure) 349713K->337K(1048512K), 0.0002220 secs]
47.283: [GC (Allocation Failure) 349713K->337K(1048512K), 0.0002240 secs]
47.434: [GC (Allocation Failure) 349713K->337K(1048512K), 0.0002150 secs]
47.618: [GC (Allocation Failure) 349713K->337K(1048512K), 0.0002070 secs]
