0.789: [GC (Allocation Failure) 262208K->803K(1004928K), 0.0033660 secs]
1.005: [GC (Allocation Failure) 263011K->726K(1004928K), 0.0029570 secs]
1.222: [GC (Allocation Failure) 262934K->746K(1004928K), 0.0016660 secs]
1.400: [GC (Allocation Failure) 262954K->779K(1004928K), 0.0038040 secs]
1.560: [GC (Allocation Failure) 262987K->730K(1004928K), 0.0034130 secs]
1.711: [GC (Allocation Failure) 262938K->746K(1224320K), 0.0018350 secs]
2.109: [GC (Allocation Failure) 525162K->765K(1224320K), 0.0035510 secs]
2.401: [GC (Allocation Failure) 525181K->769K(1206208K), 0.0004070 secs]
2.676: [GC (Allocation Failure) 507713K->769K(1189504K), 0.0005010 secs]
2.971: [GC (Allocation Failure) 491009K->773K(1173568K), 0.0005630 secs]
3.291: [GC (Allocation Failure) 475077K->773K(1158336K), 0.0004490 secs]
3.549: [GC (Allocation Failure) 459845K->773K(1143744K), 0.0004550 secs]
3.788: [GC (Allocation Failure) 445253K->773K(1129792K), 0.0005610 secs]
4.026: [GC (Allocation Failure) 431301K->773K(1116416K), 0.0005710 secs]
4.257: [GC (Allocation Failure) 417925K->773K(1103616K), 0.0004350 secs]
4.475: [GC (Allocation Failure) 405125K->773K(1091392K), 0.0004300 secs]
4.687: [GC (Allocation Failure) 392855K->773K(1079680K), 0.0004390 secs]
4.893: [GC (Allocation Failure) 381177K->773K(1068480K), 0.0004270 secs]
5.095: [GC (Allocation Failure) 369989K->773K(1057728K), 0.0004480 secs]
5.289: [GC (Allocation Failure) 359237K->773K(1047424K), 0.0004930 secs]
5.479: [GC (Allocation Failure) 348919K->773K(1389952K), 0.0004660 secs]
5.919: [GC (Allocation Failure) 691461K->773K(1364928K), 0.0006060 secs]
6.279: [GC (Allocation Failure) 666437K->773K(1341056K), 0.0005230 secs]
6.623: [GC (Allocation Failure) 642565K->773K(1318336K), 0.0004950 secs]
6.958: [GC (Allocation Failure) 619845K->773K(1296640K), 0.0004280 secs]
7.281: [GC (Allocation Failure) 598149K->773K(1275904K), 0.0005090 secs]
7.598: [GC (Allocation Failure) 577413K->773K(1256128K), 0.0005450 secs]
7.908: [GC (Allocation Failure) 557637K->757K(1237184K), 0.0007770 secs]
8.201: [GC (Allocation Failure) 538741K->773K(1219648K), 0.0005350 secs]
8.486: [GC (Allocation Failure) 520709K->773K(1201920K), 0.0005050 secs]
8.763: [GC (Allocation Failure) 503429K->757K(1185344K), 0.0007420 secs]
9.031: [GC (Allocation Failure) 486901K->773K(1169664K), 0.0004620 secs]
9.285: [GC (Allocation Failure) 471173K->773K(1154624K), 0.0004280 secs]
9.530: [GC (Allocation Failure) 456133K->773K(1140224K), 0.0005560 secs]
9.774: [GC (Allocation Failure) 441733K->773K(1126400K), 0.0004830 secs]
10.009: [GC (Allocation Failure) 427909K->773K(1113216K), 0.0004870 secs]
10.238: [GC (Allocation Failure) 414725K->773K(1100608K), 0.0005450 secs]
10.465: [GC (Allocation Failure) 402109K->773K(1088512K), 0.0005750 secs]
10.681: [GC (Allocation Failure) 390021K->773K(1076928K), 0.0005260 secs]
10.891: [GC (Allocation Failure) 378437K->777K(1065792K), 0.0005300 secs]
11.090: [GC (Allocation Failure) 367305K->777K(1055168K), 0.0004810 secs]
11.289: [GC (Allocation Failure) 356681K->781K(1385792K), 0.0005410 secs]
11.669: [GC (Allocation Failure) 687309K->781K(1360960K), 0.0004770 secs]
12.024: [GC (Allocation Failure) 662477K->785K(1337280K), 0.0004350 secs]
12.365: [GC (Allocation Failure) 638801K->769K(1314624K), 0.0007720 secs]
12.710: [GC (Allocation Failure) 616193K->785K(1293120K), 0.0004270 secs]
13.033: [GC (Allocation Failure) 594641K->785K(1272576K), 0.0004290 secs]
13.344: [GC (Allocation Failure) 574097K->785K(1252928K), 0.0003960 secs]
13.647: [GC (Allocation Failure) 554449K->785K(1234176K), 0.0004290 secs]
13.936: [GC (Allocation Failure) 535697K->789K(1216256K), 0.0004610 secs]
14.227: [GC (Allocation Failure) 517781K->789K(1199168K), 0.0004870 secs]
14.500: [GC (Allocation Failure) 500693K->789K(1182784K), 0.0004980 secs]
14.756: [GC (Allocation Failure) 484309K->793K(1167168K), 0.0005270 secs]
15.012: [GC (Allocation Failure) 468696K->793K(1152192K), 0.0003950 secs]
15.257: [GC (Allocation Failure) 453721K->793K(1137856K), 0.0004290 secs]
15.495: [GC (Allocation Failure) 439341K->777K(1124032K), 0.0007810 secs]
15.727: [GC (Allocation Failure) 425673K->890K(1111104K), 0.0003920 secs]
15.951: [GC (Allocation Failure) 412666K->890K(1098496K), 0.0004990 secs]
16.165: [GC (Allocation Failure) 400122K->890K(1086464K), 0.0005420 secs]
16.373: [GC (Allocation Failure) 388090K->890K(1074816K), 0.0004620 secs]
16.583: [GC (Allocation Failure) 376570K->988K(1064000K), 0.0004650 secs]
16.788: [GC (Allocation Failure) 365660K->988K(1053376K), 0.0004170 secs]
16.981: [GC (Allocation Failure) 355100K->988K(1384832K), 0.0005630 secs]
17.355: [GC (Allocation Failure) 686556K->988K(1359936K), 0.0005280 secs]
17.706: [GC (Allocation Failure) 661788K->1086K(1336512K), 0.0004970 secs]
18.046: [GC (Allocation Failure) 638270K->1090K(1313920K), 0.0004390 secs]
18.378: [GC (Allocation Failure) 615746K->1090K(1292416K), 0.0005510 secs]
18.696: [GC (Allocation Failure) 594242K->1090K(1271744K), 0.0003980 secs]
19.005: [GC (Allocation Failure) 573698K->1187K(1252352K), 0.0003950 secs]
19.306: [GC (Allocation Failure) 554211K->1187K(1233536K), 0.0004290 secs]
19.599: [GC (Allocation Failure) 535459K->1187K(1215680K), 0.0005290 secs]
19.872: [GC (Allocation Failure) 517603K->1187K(1198592K), 0.0004930 secs]
20.145: [GC (Allocation Failure) 500515K->1187K(1182272K), 0.0005610 secs]
20.402: [GC (Allocation Failure) 484195K->1187K(1166528K), 0.0004100 secs]
20.650: [GC (Allocation Failure) 468579K->1285K(1151808K), 0.0004400 secs]
20.898: [GC (Allocation Failure) 453765K->1285K(1137472K), 0.0004240 secs]
21.128: [GC (Allocation Failure) 439493K->1285K(1123776K), 0.0004810 secs]
21.358: [GC (Allocation Failure) 425797K->1285K(1110656K), 0.0005150 secs]
21.588: [GC (Allocation Failure) 412677K->1269K(1098048K), 0.0007320 secs]
21.802: [GC (Allocation Failure) 400117K->1285K(1086016K), 0.0004370 secs]
22.010: [GC (Allocation Failure) 388101K->1334K(1074560K), 0.0005450 secs]
22.214: [GC (Allocation Failure) 376630K->1334K(1063488K), 0.0003770 secs]
22.433: [GC (Allocation Failure) 365597K->1387K(1052992K), 0.0005410 secs]
22.624: [GC (Allocation Failure) 355075K->1387K(1383680K), 0.0005270 secs]
22.989: [GC (Allocation Failure) 685867K->1420K(1358976K), 0.0007900 secs]
23.341: [GC (Allocation Failure) 661196K->1420K(1335424K), 0.0006320 secs]
23.686: [GC (Allocation Failure) 637644K->1436K(1313024K), 0.0004240 secs]
24.024: [GC (Allocation Failure) 615196K->1436K(1291520K), 0.0004520 secs]
24.337: [GC (Allocation Failure) 593756K->1484K(1271104K), 0.0004790 secs]
24.639: [GC (Allocation Failure) 573324K->1484K(1251456K), 0.0005070 secs]
24.935: [GC (Allocation Failure) 553740K->1537K(1232832K), 0.0005660 secs]
25.220: [GC (Allocation Failure) 535105K->1537K(1214912K), 0.0004140 secs]
25.493: [GC (Allocation Failure) 517249K->1590K(1197888K), 0.0005810 secs]
25.756: [GC (Allocation Failure) 500214K->1590K(1181504K), 0.0004510 secs]
26.016: [GC (Allocation Failure) 483894K->1639K(1165952K), 0.0005030 secs]
26.269: [GC (Allocation Failure) 468296K->1643K(1150976K), 0.0005180 secs]
26.504: [GC (Allocation Failure) 453419K->1692K(1136768K), 0.0004790 secs]
26.743: [GC (Allocation Failure) 439196K->1692K(1123072K), 0.0004130 secs]
26.967: [GC (Allocation Failure) 425564K->1741K(1110080K), 0.0004280 secs]
27.186: [GC (Allocation Failure) 412557K->1741K(1097536K), 0.0005540 secs]
27.404: [GC (Allocation Failure) 400048K->1789K(1085632K), 0.0005480 secs]
27.614: [GC (Allocation Failure) 388157K->1789K(1074112K), 0.0004100 secs]
27.812: [GC (Allocation Failure) 376701K->1838K(1063168K), 0.0004320 secs]
28.009: [GC (Allocation Failure) 365742K->1822K(1052544K), 0.0005880 secs]
28.197: [GC (Allocation Failure) 355166K->1838K(1383040K), 0.0004320 secs]
28.558: [GC (Allocation Failure) 685594K->1842K(1358272K), 0.0004620 secs]
28.911: [GC (Allocation Failure) 660914K->1891K(1334784K), 0.0004950 secs]
29.242: [GC (Allocation Failure) 637411K->1875K(1312256K), 0.0005380 secs]
29.565: [GC (Allocation Failure) 614910K->1891K(1290880K), 0.0004610 secs]
29.886: [GC (Allocation Failure) 593507K->1891K(1270336K), 0.0004260 secs]
30.189: [GC (Allocation Failure) 573027K->1940K(1250880K), 0.0005440 secs]
30.484: [GC (Allocation Failure) 553556K->1940K(1232128K), 0.0005250 secs]
30.769: [GC (Allocation Failure) 534868K->1989K(1214336K), 0.0004900 secs]
31.039: [GC (Allocation Failure) 517061K->1989K(1197248K), 0.0005400 secs]
31.308: [GC (Allocation Failure) 500037K->2038K(1181056K), 0.0004430 secs]
31.574: [GC (Allocation Failure) 483830K->2022K(1165440K), 0.0007160 secs]
31.826: [GC (Allocation Failure) 468262K->2038K(1150592K), 0.0004250 secs]
32.073: [GC (Allocation Failure) 453366K->2038K(1136256K), 0.0004190 secs]
32.309: [GC (Allocation Failure) 439094K->2087K(1122688K), 0.0004340 secs]
32.538: [GC (Allocation Failure) 425511K->2087K(1109568K), 0.0005390 secs]
32.758: [GC (Allocation Failure) 412455K->2135K(1097152K), 0.0004770 secs]
32.970: [GC (Allocation Failure) 400023K->2135K(1085120K), 0.0004220 secs]
33.175: [GC (Allocation Failure) 388032K->2168K(1073664K), 0.0012460 secs]
33.380: [GC (Allocation Failure) 376632K->2188K(1062720K), 0.0004020 secs]
33.577: [GC (Allocation Failure) 365644K->2188K(1052224K), 0.0004360 secs]
33.765: [GC (Allocation Failure) 355148K->2188K(1382144K), 0.0004260 secs]
34.134: [GC (Allocation Failure) 685196K->2286K(1357632K), 0.0004560 secs]
34.483: [GC (Allocation Failure) 660654K->2286K(1334144K), 0.0004000 secs]
34.824: [GC (Allocation Failure) 637166K->2286K(1311680K), 0.0005570 secs]
35.160: [GC (Allocation Failure) 614702K->2290K(1290112K), 0.0005480 secs]
35.479: [GC (Allocation Failure) 593266K->2388K(1269824K), 0.0005090 secs]
35.788: [GC (Allocation Failure) 572948K->2388K(1250304K), 0.0004510 secs]
36.078: [GC (Allocation Failure) 553428K->2388K(1231680K), 0.0005200 secs]
36.363: [GC (Allocation Failure) 534792K->2388K(1213760K), 0.0004190 secs]
36.641: [GC (Allocation Failure) 517012K->2485K(1196928K), 0.0005320 secs]
36.906: [GC (Allocation Failure) 500085K->2489K(1180608K), 0.0006060 secs]
37.167: [GC (Allocation Failure) 483833K->2489K(1165056K), 0.0005890 secs]
37.421: [GC (Allocation Failure) 468281K->2489K(1150208K), 0.0004980 secs]
37.668: [GC (Allocation Failure) 453433K->2489K(1136000K), 0.0004970 secs]
37.902: [GC (Allocation Failure) 439225K->2493K(1122368K), 0.0005290 secs]
38.125: [GC (Allocation Failure) 425597K->2493K(1109312K), 0.0004440 secs]
38.347: [GC (Allocation Failure) 412541K->2493K(1096704K), 0.0004730 secs]
38.555: [GC (Allocation Failure) 400061K->2591K(1084928K), 0.0004420 secs]
38.759: [GC (Allocation Failure) 388191K->2591K(1073408K), 0.0004410 secs]
38.960: [GC (Allocation Failure) 376735K->2591K(1062464K), 0.0004900 secs]
39.156: [GC (Allocation Failure) 365791K->2591K(1051968K), 0.0004100 secs]
39.344: [GC (Allocation Failure) 355256K->2595K(1381376K), 0.0004390 secs]
39.712: [GC (Allocation Failure) 684707K->2595K(1356672K), 0.0004770 secs]
40.068: [GC (Allocation Failure) 660131K->2693K(1333376K), 0.0004100 secs]
40.420: [GC (Allocation Failure) 636741K->2693K(1310912K), 0.0005580 secs]
40.750: [GC (Allocation Failure) 614341K->2693K(1289536K), 0.0005860 secs]
41.061: [GC (Allocation Failure) 592965K->2693K(1269120K), 0.0004090 secs]
41.361: [GC (Allocation Failure) 572549K->2693K(1249664K), 0.0004450 secs]
41.663: [GC (Allocation Failure) 553093K->2693K(1230912K), 0.0005450 secs]
41.954: [GC (Allocation Failure) 534469K->2790K(1213312K), 0.0004590 secs]
42.234: [GC (Allocation Failure) 516774K->2790K(1196288K), 0.0004380 secs]
42.502: [GC (Allocation Failure) 499814K->2790K(1180032K), 0.0004740 secs]
42.763: [GC (Allocation Failure) 483558K->2790K(1164480K), 0.0005190 secs]
43.012: [GC (Allocation Failure) 468006K->2790K(1149632K), 0.0004440 secs]
43.248: [GC (Allocation Failure) 453158K->2790K(1135296K), 0.0005440 secs]
43.483: [GC (Allocation Failure) 438906K->2872K(1121920K), 0.0006180 secs]
43.706: [GC (Allocation Failure) 425464K->2888K(1108864K), 0.0004180 secs]
43.926: [GC (Allocation Failure) 412488K->2888K(1096384K), 0.0005690 secs]
44.148: [GC (Allocation Failure) 400008K->2888K(1084352K), 0.0005580 secs]
44.359: [GC (Allocation Failure) 388104K->2986K(1073088K), 0.0005210 secs]
44.560: [GC (Allocation Failure) 376746K->2986K(1062080K), 0.0004360 secs]
44.755: [GC (Allocation Failure) 365802K->2986K(1051584K), 0.0005620 secs]
44.945: [GC (Allocation Failure) 355306K->2986K(1380288K), 0.0004180 secs]
45.310: [GC (Allocation Failure) 684010K->2986K(1355712K), 0.0005710 secs]
45.663: [GC (Allocation Failure) 659434K->2986K(1332160K), 0.0005420 secs]
46.010: [GC (Allocation Failure) 636010K->3083K(1310016K), 0.0004140 secs]
46.335: [GC (Allocation Failure) 613750K->3067K(1288576K), 0.0006730 secs]
46.651: [GC (Allocation Failure) 592413K->3083K(1268288K), 0.0004880 secs]
46.947: [GC (Allocation Failure) 572107K->3083K(1248768K), 0.0004410 secs]
47.238: [GC (Allocation Failure) 552651K->3132K(1230272K), 0.0005170 secs]
47.520: [GC (Allocation Failure) 534140K->3132K(1212480K), 0.0004350 secs]
47.798: [GC (Allocation Failure) 516412K->3181K(1195584K), 0.0004480 secs]
48.067: [GC (Allocation Failure) 499485K->3165K(1179328K), 0.0005450 secs]
48.322: [GC (Allocation Failure) 483293K->3185K(1163904K), 0.0004540 secs]
48.572: [GC (Allocation Failure) 467825K->3185K(1148992K), 0.0004270 secs]
48.813: [GC (Allocation Failure) 452977K->3234K(1134912K), 0.0004430 secs]
49.050: [GC (Allocation Failure) 438882K->3234K(1121280K), 0.0004630 secs]
49.285: [GC (Allocation Failure) 425314K->3283K(1108352K), 0.0005790 secs]
49.503: [GC (Allocation Failure) 412332K->3287K(1095872K), 0.0005490 secs]
49.716: [GC (Allocation Failure) 399959K->3336K(1084032K), 0.0004480 secs]
49.920: [GC (Allocation Failure) 388104K->3340K(1072576K), 0.0004420 secs]
50.122: [GC (Allocation Failure) 376668K->3388K(1061696K), 0.0005690 secs]
50.320: [GC (Allocation Failure) 365820K->3388K(1051136K), 0.0004250 secs]
50.512: [GC (Allocation Failure) 355311K->3437K(1379520K), 0.0004630 secs]
50.878: [GC (Allocation Failure) 683693K->3437K(1354944K), 0.0008180 secs]
51.238: [GC (Allocation Failure) 659181K->3486K(1331648K), 0.0004750 secs]
51.579: [GC (Allocation Failure) 635860K->3486K(1309248K), 0.0005430 secs]
51.904: [GC (Allocation Failure) 613534K->3535K(1288000K), 0.0004440 secs]
52.217: [GC (Allocation Failure) 592271K->3535K(1267584K), 0.0005550 secs]
52.521: [GC (Allocation Failure) 571919K->3584K(1248256K), 0.0004400 secs]
52.818: [GC (Allocation Failure) 552576K->3584K(1229632K), 0.0004860 secs]
53.100: [GC (Allocation Failure) 534016K->3633K(1211968K), 0.0004450 secs]
53.377: [GC (Allocation Failure) 516337K->3637K(1194944K), 0.0004370 secs]
53.633: [GC (Allocation Failure) 499381K->3670K(1178752K), 0.0006520 secs]
53.892: [GC (Allocation Failure) 483222K->3690K(1163328K), 0.0004880 secs]
54.139: [GC (Allocation Failure) 467754K->3690K(1148544K), 0.0004560 secs]
54.381: [GC (Allocation Failure) 452970K->3690K(1134272K), 0.0004270 secs]
54.612: [GC (Allocation Failure) 438822K->3787K(1120832K), 0.0005140 secs]
54.836: [GC (Allocation Failure) 425342K->3791K(1107840K), 0.0004670 secs]
55.061: [GC (Allocation Failure) 412367K->3791K(1095424K), 0.0005800 secs]
55.268: [GC (Allocation Failure) 399951K->3795K(1083392K), 0.0004300 secs]
