0.715: [GC (Allocation Failure) 262208K->1002K(1004928K), 0.0035740 secs]
0.925: [GC (Allocation Failure) 263210K->885K(1004928K), 0.0028430 secs]
1.143: [GC (Allocation Failure) 263020K->889K(1004928K), 0.0021870 secs]
1.335: [GC (Allocation Failure) 263044K->893K(1004928K), 0.0017630 secs]
1.520: [GC (Allocation Failure) 263101K->897K(1004928K), 0.0021570 secs]
1.697: [GC (Allocation Failure) 263073K->897K(1047552K), 0.0027440 secs]
1.921: [GC (Allocation Failure) 348318K->919K(1047552K), 0.0028940 secs]
2.097: [GC (Allocation Failure) 348313K->1021K(1393472K), 0.0005470 secs]
2.613: [GC (Allocation Failure) 695006K->927K(1368192K), 0.0006410 secs]
2.954: [GC (Allocation Failure) 669730K->927K(1344192K), 0.0004520 secs]
3.273: [GC (Allocation Failure) 645698K->927K(1321280K), 0.0005700 secs]
3.580: [GC (Allocation Failure) 622879K->927K(1299456K), 0.0005280 secs]
3.889: [GC (Allocation Failure) 600981K->927K(1278592K), 0.0004880 secs]
4.182: [GC (Allocation Failure) 580100K->927K(1258688K), 0.0005280 secs]
4.453: [GC (Allocation Failure) 560287K->927K(1239680K), 0.0004830 secs]
4.717: [GC (Allocation Failure) 541222K->927K(1221504K), 0.0006680 secs]
4.966: [GC (Allocation Failure) 523103K->927K(1204160K), 0.0004710 secs]
5.214: [GC (Allocation Failure) 505739K->927K(1187584K), 0.0006550 secs]
5.446: [GC (Allocation Failure) 489135K->927K(1171712K), 0.0004700 secs]
5.680: [GC (Allocation Failure) 473308K->927K(1156544K), 0.0005140 secs]
5.905: [GC (Allocation Failure) 458077K->927K(1142016K), 0.0004710 secs]
6.121: [GC (Allocation Failure) 443539K->927K(1128128K), 0.0005110 secs]
6.326: [GC (Allocation Failure) 429685K->927K(1114880K), 0.0005850 secs]
6.531: [GC (Allocation Failure) 416457K->927K(1102144K), 0.0006110 secs]
6.723: [GC (Allocation Failure) 403678K->927K(1089984K), 0.0004720 secs]
6.917: [GC (Allocation Failure) 391561K->927K(1078336K), 0.0004940 secs]
7.107: [GC (Allocation Failure) 379917K->911K(1067136K), 0.0007790 secs]
7.293: [GC (Allocation Failure) 368673K->927K(1056448K), 0.0004940 secs]
7.471: [GC (Allocation Failure) 358010K->911K(1383872K), 0.0008010 secs]
7.809: [GC (Allocation Failure) 685404K->927K(1359168K), 0.0004850 secs]
8.135: [GC (Allocation Failure) 660696K->911K(1335616K), 0.0006990 secs]
8.442: [GC (Allocation Failure) 637182K->927K(1313088K), 0.0005950 secs]
8.747: [GC (Allocation Failure) 614667K->927K(1291648K), 0.0005660 secs]
9.041: [GC (Allocation Failure) 593166K->927K(1271168K), 0.0005740 secs]
9.331: [GC (Allocation Failure) 572734K->927K(1251584K), 0.0004740 secs]
9.608: [GC (Allocation Failure) 553141K->927K(1232896K), 0.0004760 secs]
9.871: [GC (Allocation Failure) 534459K->927K(1215040K), 0.0004690 secs]
10.128: [GC (Allocation Failure) 516613K->927K(1197952K), 0.0005790 secs]
10.374: [GC (Allocation Failure) 499503K->927K(1181632K), 0.0004720 secs]
10.615: [GC (Allocation Failure) 483138K->927K(1166016K), 0.0004680 secs]
10.842: [GC (Allocation Failure) 467559K->927K(1151104K), 0.0005080 secs]
11.068: [GC (Allocation Failure) 452669K->927K(1136832K), 0.0004750 secs]
11.286: [GC (Allocation Failure) 438379K->927K(1123200K), 0.0004770 secs]
11.488: [GC (Allocation Failure) 424799K->927K(1110144K), 0.0004800 secs]
11.701: [GC (Allocation Failure) 411653K->911K(1097664K), 0.0007870 secs]
11.898: [GC (Allocation Failure) 399177K->927K(1085696K), 0.0004610 secs]
12.088: [GC (Allocation Failure) 387198K->927K(1074240K), 0.0005750 secs]
12.275: [GC (Allocation Failure) 375752K->927K(1063232K), 0.0004620 secs]
12.453: [GC (Allocation Failure) 364750K->927K(1052672K), 0.0004800 secs]
12.625: [GC (Allocation Failure) 354234K->927K(1380224K), 0.0005020 secs]
12.960: [GC (Allocation Failure) 681809K->927K(1355648K), 0.0004740 secs]
13.290: [GC (Allocation Failure) 657161K->911K(1332096K), 0.0007770 secs]
13.598: [GC (Allocation Failure) 633788K->1025K(1309888K), 0.0005360 secs]
13.901: [GC (Allocation Failure) 611549K->1025K(1288576K), 0.0004680 secs]
14.195: [GC (Allocation Failure) 590219K->1025K(1268224K), 0.0004680 secs]
14.476: [GC (Allocation Failure) 569903K->1025K(1248704K), 0.0004560 secs]
14.747: [GC (Allocation Failure) 550391K->1126K(1230208K), 0.0004990 secs]
15.010: [GC (Allocation Failure) 531933K->1126K(1212480K), 0.0004320 secs]
15.262: [GC (Allocation Failure) 514185K->1126K(1195520K), 0.0005510 secs]
15.502: [GC (Allocation Failure) 497271K->1224K(1179264K), 0.0006900 secs]
15.740: [GC (Allocation Failure) 481184K->1322K(1163840K), 0.0004740 secs]
15.966: [GC (Allocation Failure) 465830K->1322K(1149056K), 0.0004570 secs]
16.186: [GC (Allocation Failure) 451033K->1322K(1134912K), 0.0004750 secs]
16.409: [GC (Allocation Failure) 436886K->1322K(1121280K), 0.0004820 secs]
16.613: [GC (Allocation Failure) 423274K->1419K(1108352K), 0.0004730 secs]
16.816: [GC (Allocation Failure) 410396K->1419K(1095936K), 0.0004390 secs]
17.014: [GC (Allocation Failure) 397960K->1419K(1084032K), 0.0004880 secs]
17.203: [GC (Allocation Failure) 386110K->1419K(1072576K), 0.0004890 secs]
17.384: [GC (Allocation Failure) 374642K->1517K(1061696K), 0.0004750 secs]
17.567: [GC (Allocation Failure) 363870K->1517K(1051200K), 0.0005370 secs]
17.740: [GC (Allocation Failure) 353301K->1517K(1378560K), 0.0004800 secs]
18.072: [GC (Allocation Failure) 680702K->1517K(1354048K), 0.0004960 secs]
18.398: [GC (Allocation Failure) 656300K->1599K(1330752K), 0.0007370 secs]
18.709: [GC (Allocation Failure) 633013K->1615K(1308480K), 0.0004360 secs]
19.003: [GC (Allocation Failure) 610700K->1615K(1287232K), 0.0005670 secs]
19.294: [GC (Allocation Failure) 589519K->1615K(1266880K), 0.0004350 secs]
19.576: [GC (Allocation Failure) 569194K->1712K(1247552K), 0.0004730 secs]
19.847: [GC (Allocation Failure) 549860K->1712K(1229056K), 0.0004470 secs]
20.108: [GC (Allocation Failure) 531354K->1712K(1211392K), 0.0004800 secs]
20.359: [GC (Allocation Failure) 513768K->1712K(1194432K), 0.0005460 secs]
20.605: [GC (Allocation Failure) 496815K->1810K(1178368K), 0.0005130 secs]
20.841: [GC (Allocation Failure) 480850K->1810K(1162944K), 0.0004610 secs]
21.064: [GC (Allocation Failure) 465415K->1810K(1148160K), 0.0005840 secs]
21.289: [GC (Allocation Failure) 450639K->1810K(1133952K), 0.0005320 secs]
21.506: [GC (Allocation Failure) 436488K->1908K(1120512K), 0.0005330 secs]
21.713: [GC (Allocation Failure) 423057K->1908K(1107584K), 0.0004560 secs]
21.916: [GC (Allocation Failure) 410153K->1908K(1095168K), 0.0004820 secs]
22.115: [GC (Allocation Failure) 397711K->1908K(1083200K), 0.0004620 secs]
22.301: [GC (Allocation Failure) 385804K->2005K(1071872K), 0.0004730 secs]
22.487: [GC (Allocation Failure) 374474K->2005K(1060992K), 0.0004400 secs]
22.663: [GC (Allocation Failure) 363630K->2005K(1050560K), 0.0005230 secs]
22.835: [GC (Allocation Failure) 353153K->2005K(1376704K), 0.0005610 secs]
23.176: [GC (Allocation Failure) 679443K->2103K(1352384K), 0.0005280 secs]
23.500: [GC (Allocation Failure) 655139K->2103K(1329088K), 0.0006450 secs]
23.812: [GC (Allocation Failure) 631796K->2103K(1306880K), 0.0004770 secs]
24.114: [GC (Allocation Failure) 609626K->2103K(1285632K), 0.0005470 secs]
24.404: [GC (Allocation Failure) 588398K->2201K(1265472K), 0.0004780 secs]
24.687: [GC (Allocation Failure) 568277K->2201K(1246144K), 0.0004780 secs]
24.961: [GC (Allocation Failure) 548975K->2201K(1227712K), 0.0004880 secs]
25.219: [GC (Allocation Failure) 530523K->2201K(1210048K), 0.0004500 secs]
25.469: [GC (Allocation Failure) 512941K->2298K(1193280K), 0.0005770 secs]
25.708: [GC (Allocation Failure) 496231K->2298K(1177152K), 0.0004420 secs]
25.943: [GC (Allocation Failure) 480084K->2298K(1161728K), 0.0004960 secs]
26.170: [GC (Allocation Failure) 464635K->2298K(1146944K), 0.0004600 secs]
26.393: [GC (Allocation Failure) 449911K->2396K(1132928K), 0.0004740 secs]
26.607: [GC (Allocation Failure) 435932K->2396K(1119424K), 0.0004420 secs]
26.812: [GC (Allocation Failure) 422428K->2396K(1106496K), 0.0004780 secs]
27.008: [GC (Allocation Failure) 409533K->2396K(1094080K), 0.0004580 secs]
27.210: [GC (Allocation Failure) 397179K->2494K(1082304K), 0.0004750 secs]
27.400: [GC (Allocation Failure) 385437K->2494K(1070976K), 0.0004310 secs]
27.583: [GC (Allocation Failure) 374087K->2494K(1060096K), 0.0005880 secs]
27.762: [GC (Allocation Failure) 363198K->2494K(1049600K), 0.0004490 secs]
27.937: [GC (Allocation Failure) 352830K->2592K(1375168K), 0.0004740 secs]
28.266: [GC (Allocation Failure) 678385K->2592K(1350848K), 0.0004560 secs]
28.587: [GC (Allocation Failure) 654057K->2592K(1327680K), 0.0009090 secs]
28.903: [GC (Allocation Failure) 630897K->2592K(1305472K), 0.0004700 secs]
29.203: [GC (Allocation Failure) 608728K->2689K(1284416K), 0.0004720 secs]
29.489: [GC (Allocation Failure) 587754K->2689K(1264256K), 0.0005320 secs]
29.769: [GC (Allocation Failure) 567571K->2689K(1244992K), 0.0004820 secs]
30.037: [GC (Allocation Failure) 548257K->2693K(1226560K), 0.0004680 secs]
30.295: [GC (Allocation Failure) 529968K->2791K(1209024K), 0.0004800 secs]
30.549: [GC (Allocation Failure) 512470K->2791K(1192256K), 0.0005300 secs]
30.795: [GC (Allocation Failure) 495670K->2791K(1176192K), 0.0004820 secs]
31.032: [GC (Allocation Failure) 479603K->2791K(1160768K), 0.0005060 secs]
31.263: [GC (Allocation Failure) 464267K->2889K(1146176K), 0.0005910 secs]
31.484: [GC (Allocation Failure) 449665K->2889K(1132096K), 0.0005270 secs]
31.694: [GC (Allocation Failure) 435608K->2889K(1118656K), 0.0004830 secs]
31.904: [GC (Allocation Failure) 422148K->2889K(1105728K), 0.0005630 secs]
32.105: [GC (Allocation Failure) 409349K->2986K(1093440K), 0.0004800 secs]
32.302: [GC (Allocation Failure) 397074K->2986K(1081664K), 0.0005590 secs]
32.492: [GC (Allocation Failure) 385278K->2986K(1070336K), 0.0004830 secs]
32.676: [GC (Allocation Failure) 373913K->2986K(1059456K), 0.0005450 secs]
32.849: [GC (Allocation Failure) 363116K->3084K(1049152K), 0.0004820 secs]
33.020: [GC (Allocation Failure) 352857K->3084K(1373440K), 0.0004430 secs]
33.351: [GC (Allocation Failure) 677143K->3084K(1349184K), 0.0004830 secs]
33.674: [GC (Allocation Failure) 652913K->3068K(1325952K), 0.0013730 secs]
33.980: [GC (Allocation Failure) 629800K->3182K(1304000K), 0.0005790 secs]
34.290: [GC (Allocation Failure) 607845K->3186K(1282944K), 0.0004800 secs]
34.576: [GC (Allocation Failure) 586746K->3186K(1262848K), 0.0004850 secs]
34.853: [GC (Allocation Failure) 566684K->3186K(1243584K), 0.0004630 secs]
35.120: [GC (Allocation Failure) 547426K->3283K(1225344K), 0.0005970 secs]
35.380: [GC (Allocation Failure) 529283K->3283K(1207808K), 0.0005600 secs]
35.633: [GC (Allocation Failure) 511697K->3283K(1191040K), 0.0004900 secs]
35.874: [GC (Allocation Failure) 494933K->3283K(1174976K), 0.0004500 secs]
36.109: [GC (Allocation Failure) 478958K->3381K(1159744K), 0.0004830 secs]
36.331: [GC (Allocation Failure) 463725K->3381K(1145088K), 0.0004500 secs]
36.551: [GC (Allocation Failure) 449076K->3381K(1131072K), 0.0005890 secs]
36.761: [GC (Allocation Failure) 435092K->3381K(1117632K), 0.0004610 secs]
36.962: [GC (Allocation Failure) 421687K->3479K(1104896K), 0.0004910 secs]
37.165: [GC (Allocation Failure) 409026K->3479K(1092608K), 0.0004490 secs]
37.359: [GC (Allocation Failure) 396734K->3479K(1080832K), 0.0004860 secs]
37.549: [GC (Allocation Failure) 384926K->3479K(1069504K), 0.0004510 secs]
37.729: [GC (Allocation Failure) 373655K->3576K(1058752K), 0.0004900 secs]
37.903: [GC (Allocation Failure) 362940K->3576K(1048384K), 0.0004920 secs]
38.076: [GC (Allocation Failure) 352609K->3576K(1371776K), 0.0004940 secs]
38.408: [GC (Allocation Failure) 675978K->3576K(1347584K), 0.0004660 secs]
38.733: [GC (Allocation Failure) 651831K->3658K(1324608K), 0.0007430 secs]
39.042: [GC (Allocation Failure) 628861K->3674K(1302592K), 0.0005440 secs]
39.335: [GC (Allocation Failure) 606912K->3674K(1281600K), 0.0005030 secs]
39.617: [GC (Allocation Failure) 585856K->3674K(1261504K), 0.0004670 secs]
39.898: [GC (Allocation Failure) 565911K->3772K(1242432K), 0.0004860 secs]
40.162: [GC (Allocation Failure) 546785K->3772K(1224128K), 0.0004520 secs]
40.419: [GC (Allocation Failure) 528550K->3772K(1206656K), 0.0004970 secs]
40.670: [GC (Allocation Failure) 511032K->3772K(1189888K), 0.0004750 secs]
40.907: [GC (Allocation Failure) 494321K->3869K(1174016K), 0.0004810 secs]
41.138: [GC (Allocation Failure) 478548K->3869K(1158784K), 0.0004490 secs]
41.361: [GC (Allocation Failure) 463266K->3869K(1144192K), 0.0004860 secs]
41.589: [GC (Allocation Failure) 448671K->3869K(1130176K), 0.0005610 secs]
41.803: [GC (Allocation Failure) 434721K->3967K(1116864K), 0.0006000 secs]
42.009: [GC (Allocation Failure) 421483K->3951K(1104064K), 0.0006770 secs]
42.201: [GC (Allocation Failure) 408603K->3967K(1091840K), 0.0004970 secs]
42.388: [GC (Allocation Failure) 396408K->3967K(1080064K), 0.0004670 secs]
42.573: [GC (Allocation Failure) 384746K->4065K(1068864K), 0.0004970 secs]
42.752: [GC (Allocation Failure) 373505K->4065K(1058112K), 0.0005640 secs]
42.930: [GC (Allocation Failure) 362778K->4065K(1370176K), 0.0006060 secs]
43.258: [GC (Allocation Failure) 674878K->4065K(1346048K), 0.0006260 secs]
43.582: [GC (Allocation Failure) 650791K->4162K(1323136K), 0.0005320 secs]
43.890: [GC (Allocation Failure) 627925K->4146K(1301184K), 0.0006580 secs]
44.182: [GC (Allocation Failure) 605988K->4162K(1280256K), 0.0004930 secs]
44.466: [GC (Allocation Failure) 585037K->4162K(1260224K), 0.0004770 secs]
44.737: [GC (Allocation Failure) 565101K->4260K(1241216K), 0.0005370 secs]
45.001: [GC (Allocation Failure) 546086K->4260K(1222976K), 0.0004950 secs]
45.260: [GC (Allocation Failure) 527841K->4260K(1205568K), 0.0005990 secs]
45.510: [GC (Allocation Failure) 510417K->4260K(1188864K), 0.0007750 secs]
45.756: [GC (Allocation Failure) 493767K->4358K(1172992K), 0.0005560 secs]
45.988: [GC (Allocation Failure) 478008K->4358K(1157760K), 0.0004500 secs]
46.204: [GC (Allocation Failure) 462693K->4358K(1143232K), 0.0004960 secs]
46.419: [GC (Allocation Failure) 448223K->4358K(1129216K), 0.0004770 secs]
46.629: [GC (Allocation Failure) 434273K->4455K(1115968K), 0.0006030 secs]
46.836: [GC (Allocation Failure) 421091K->4455K(1103232K), 0.0005580 secs]
47.035: [GC (Allocation Failure) 408293K->4455K(1091008K), 0.0005630 secs]
47.230: [GC (Allocation Failure) 396046K->4455K(1079232K), 0.0005200 secs]
47.410: [GC (Allocation Failure) 384335K->4553K(1068096K), 0.0004890 secs]
47.595: [GC (Allocation Failure) 373286K->4553K(1057344K), 0.0004470 secs]
47.779: [GC (Allocation Failure) 362508K->4537K(1368576K), 0.0006510 secs]
48.097: [GC (Allocation Failure) 673782K->4553K(1344512K), 0.0004710 secs]
48.418: [GC (Allocation Failure) 649722K->4635K(1321664K), 0.0008620 secs]
48.716: [GC (Allocation Failure) 626898K->4651K(1299776K), 0.0004530 secs]
49.016: [GC (Allocation Failure) 605008K->4651K(1278912K), 0.0006140 secs]
49.302: [GC (Allocation Failure) 584154K->4651K(1258944K), 0.0004890 secs]
49.574: [GC (Allocation Failure) 564300K->4748K(1240000K), 0.0005080 secs]
49.841: [GC (Allocation Failure) 545384K->4748K(1221824K), 0.0004560 secs]
50.098: [GC (Allocation Failure) 527229K->4748K(1204480K), 0.0006390 secs]
50.347: [GC (Allocation Failure) 509842K->4748K(1187840K), 0.0004800 secs]
50.588: [GC (Allocation Failure) 493304K->4830K(1172032K), 0.0006360 secs]
50.817: [GC (Allocation Failure) 477526K->4846K(1156864K), 0.0005200 secs]
51.041: [GC (Allocation Failure) 462356K->4846K(1142336K), 0.0005530 secs]
51.258: [GC (Allocation Failure) 447831K->4846K(1128384K), 0.0004740 secs]
51.468: [GC (Allocation Failure) 433897K->4944K(1115136K), 0.0004900 secs]
51.669: [GC (Allocation Failure) 420704K->4944K(1102400K), 0.0004650 secs]
51.869: [GC (Allocation Failure) 407965K->4944K(1090240K), 0.0005570 secs]
52.065: [GC (Allocation Failure) 395813K->4944K(1078528K), 0.0005710 secs]
52.255: [GC (Allocation Failure) 384182K->5041K(1067392K), 0.0004950 secs]
52.439: [GC (Allocation Failure) 373084K->5041K(1056704K), 0.0004740 secs]
52.611: [GC (Allocation Failure) 362384K->5041K(1366976K), 0.0005210 secs]
52.932: [GC (Allocation Failure) 672635K->5041K(1342976K), 0.0005850 secs]
53.247: [GC (Allocation Failure) 648702K->5139K(1320192K), 0.0004890 secs]
53.562: [GC (Allocation Failure) 625960K->5139K(1298368K), 0.0005630 secs]
53.853: [GC (Allocation Failure) 604096K->5139K(1277568K), 0.0005030 secs]
54.136: [GC (Allocation Failure) 583375K->5123K(1257600K), 0.0008140 secs]
54.413: [GC (Allocation Failure) 563444K->5237K(1238784K), 0.0004780 secs]
54.680: [GC (Allocation Failure) 544674K->5237K(1220672K), 0.0005070 secs]
54.937: [GC (Allocation Failure) 526534K->5237K(1203328K), 0.0006350 secs]
55.187: [GC (Allocation Failure) 509160K->5237K(1186688K), 0.0004820 secs]
55.423: [GC (Allocation Failure) 492616K->5334K(1170944K), 0.0006120 secs]
55.659: [GC (Allocation Failure) 476912K->5334K(1155840K), 0.0004790 secs]
55.883: [GC (Allocation Failure) 461783K->5334K(1141376K), 0.0005290 secs]
56.104: [GC (Allocation Failure) 447361K->5334K(1127488K), 0.0004970 secs]
56.312: [GC (Allocation Failure) 433463K->5436K(1114304K), 0.0006180 secs]
56.523: [GC (Allocation Failure) 420366K->5440K(1101632K), 0.0005350 secs]
56.722: [GC (Allocation Failure) 407701K->5440K(1089472K), 0.0005040 secs]
56.915: [GC (Allocation Failure) 395508K->5440K(1077760K), 0.0004940 secs]
57.108: [GC (Allocation Failure) 383883K->5538K(1066688K), 0.0004980 secs]
57.285: [GC (Allocation Failure) 372820K->5538K(1056000K), 0.0004680 secs]
57.460: [GC (Allocation Failure) 362131K->5538K(1365312K), 0.0005010 secs]
57.789: [GC (Allocation Failure) 671448K->5538K(1341376K), 0.0004650 secs]
58.105: [GC (Allocation Failure) 647585K->5619K(1318656K), 0.0008810 secs]
58.406: [GC (Allocation Failure) 624863K->5635K(1296960K), 0.0004830 secs]
58.690: [GC (Allocation Failure) 603182K->5635K(1276224K), 0.0005120 secs]
58.974: [GC (Allocation Failure) 582521K->5619K(1256320K), 0.0009760 secs]
59.249: [GC (Allocation Failure) 562651K->5717K(1237568K), 0.0009050 secs]
59.516: [GC (Allocation Failure) 543878K->5733K(1219520K), 0.0006040 secs]
59.771: [GC (Allocation Failure) 525840K->5733K(1202240K), 0.0005080 secs]
60.021: [GC (Allocation Failure) 508569K->5733K(1185664K), 0.0004860 secs]
60.257: [GC (Allocation Failure) 492062K->5835K(1169984K), 0.0005420 secs]
60.489: [GC (Allocation Failure) 476406K->5835K(1154880K), 0.0004660 secs]
60.715: [GC (Allocation Failure) 461291K->5835K(1140480K), 0.0006180 secs]
60.932: [GC (Allocation Failure) 446942K->5835K(1126592K), 0.0004790 secs]
61.143: [GC (Allocation Failure) 433159K->5932K(1113472K), 0.0005580 secs]
61.348: [GC (Allocation Failure) 419983K->5932K(1100800K), 0.0005770 secs]
61.543: [GC (Allocation Failure) 407328K->5916K(1088704K), 0.0007620 secs]
61.737: [GC (Allocation Failure) 395248K->5932K(1077056K), 0.0004800 secs]
61.924: [GC (Allocation Failure) 383706K->6030K(1065984K), 0.0004990 secs]
62.108: [GC (Allocation Failure) 372673K->6030K(1055296K), 0.0004670 secs]
62.287: [GC (Allocation Failure) 361904K->6030K(1363648K), 0.0006500 secs]
62.617: [GC (Allocation Failure) 670281K->6030K(1339776K), 0.0004820 secs]
62.930: [GC (Allocation Failure) 646506K->6128K(1317120K), 0.0005270 secs]
63.224: [GC (Allocation Failure) 623919K->6128K(1295488K), 0.0005180 secs]
63.523: [GC (Allocation Failure) 602195K->6128K(1274816K), 0.0006520 secs]
63.798: [GC (Allocation Failure) 581579K->6128K(1255040K), 0.0005340 secs]
64.073: [GC (Allocation Failure) 561838K->6225K(1236224K), 0.0005010 secs]
64.334: [GC (Allocation Failure) 543039K->6225K(1218240K), 0.0006810 secs]
64.587: [GC (Allocation Failure) 525064K->6225K(1201024K), 0.0006760 secs]
64.836: [GC (Allocation Failure) 507854K->6209K(1184448K), 0.0009750 secs]
65.072: [GC (Allocation Failure) 491445K->6323K(1168832K), 0.0005000 secs]
65.300: [GC (Allocation Failure) 475776K->6323K(1153792K), 0.0004940 secs]
65.519: [GC (Allocation Failure) 460741K->6323K(1139392K), 0.0004980 secs]
65.737: [GC (Allocation Failure) 446324K->6323K(1125568K), 0.0004890 secs]
65.944: [GC (Allocation Failure) 432609K->6421K(1112448K), 0.0005410 secs]
66.151: [GC (Allocation Failure) 419495K->6421K(1099840K), 0.0005900 secs]
66.352: [GC (Allocation Failure) 406849K->6421K(1087744K), 0.0005090 secs]
66.543: [GC (Allocation Failure) 394774K->6405K(1076032K), 0.0007060 secs]
66.731: [GC (Allocation Failure) 383208K->6518K(1065088K), 0.0006370 secs]
66.909: [GC (Allocation Failure) 372220K->6518K(1054464K), 0.0005030 secs]
67.086: [GC (Allocation Failure) 361643K->6502K(1361920K), 0.0008870 secs]
67.407: [GC (Allocation Failure) 669085K->6518K(1338176K), 0.0004680 secs]
67.720: [GC (Allocation Failure) 645426K->6616K(1315648K), 0.0005030 secs]
68.018: [GC (Allocation Failure) 622863K->6616K(1294080K), 0.0004670 secs]
68.310: [GC (Allocation Failure) 601292K->6616K(1273472K), 0.0005820 secs]
68.588: [GC (Allocation Failure) 580688K->6616K(1253760K), 0.0004920 secs]
68.857: [GC (Allocation Failure) 561061K->6714K(1235008K), 0.0005080 secs]
69.117: [GC (Allocation Failure) 542361K->6714K(1217088K), 0.0004730 secs]
69.369: [GC (Allocation Failure) 524432K->6698K(1199936K), 0.0007930 secs]
69.612: [GC (Allocation Failure) 507306K->6714K(1183488K), 0.0005440 secs]
69.851: [GC (Allocation Failure) 490850K->6811K(1167872K), 0.0005060 secs]
70.082: [GC (Allocation Failure) 475328K->6811K(1152896K), 0.0006300 secs]
70.301: [GC (Allocation Failure) 460333K->6811K(1138560K), 0.0005180 secs]
70.515: [GC (Allocation Failure) 445970K->6811K(1124800K), 0.0006150 secs]
70.721: [GC (Allocation Failure) 432332K->6909K(1111744K), 0.0005080 secs]
70.921: [GC (Allocation Failure) 419240K->6909K(1099200K), 0.0004720 secs]
71.123: [GC (Allocation Failure) 406741K->6909K(1087168K), 0.0005310 secs]
71.313: [GC (Allocation Failure) 394699K->6909K(1075584K), 0.0004950 secs]
71.498: [GC (Allocation Failure) 383184K->7011K(1064576K), 0.0005170 secs]
71.680: [GC (Allocation Failure) 372203K->7011K(1053952K), 0.0004810 secs]
71.853: [GC (Allocation Failure) 361582K->7011K(1360320K), 0.0005390 secs]
72.176: [GC (Allocation Failure) 667999K->7011K(1336640K), 0.0005560 secs]
72.483: [GC (Allocation Failure) 644381K->7108K(1314176K), 0.0005100 secs]
72.781: [GC (Allocation Failure) 621956K->7108K(1292672K), 0.0005810 secs]
73.071: [GC (Allocation Failure) 600374K->7108K(1272128K), 0.0005110 secs]
73.348: [GC (Allocation Failure) 579895K->7108K(1252480K), 0.0006070 secs]
73.616: [GC (Allocation Failure) 560307K->7206K(1233792K), 0.0005120 secs]
73.874: [GC (Allocation Failure) 541584K->7206K(1215872K), 0.0005850 secs]
74.129: [GC (Allocation Failure) 523747K->7206K(1198784K), 0.0005190 secs]
74.372: [GC (Allocation Failure) 506614K->7206K(1182400K), 0.0007670 secs]
74.614: [GC (Allocation Failure) 490332K->7304K(1166848K), 0.0005160 secs]
74.845: [GC (Allocation Failure) 474805K->7304K(1151872K), 0.0004780 secs]
75.061: [GC (Allocation Failure) 459838K->7304K(1137600K), 0.0005210 secs]
75.272: [GC (Allocation Failure) 445555K->7304K(1123840K), 0.0004950 secs]
75.474: [GC (Allocation Failure) 431791K->7401K(1110784K), 0.0005150 secs]
75.683: [GC (Allocation Failure) 418797K->7401K(1098240K), 0.0004730 secs]
75.882: [GC (Allocation Failure) 406272K->7401K(1086208K), 0.0005240 secs]
76.071: [GC (Allocation Failure) 394233K->7401K(1074624K), 0.0005230 secs]
76.257: [GC (Allocation Failure) 382734K->7499K(1063680K), 0.0006390 secs]
76.437: [GC (Allocation Failure) 371764K->7499K(1053120K), 0.0005300 secs]
76.605: [GC (Allocation Failure) 361204K->7499K(1358720K), 0.0005220 secs]
76.928: [GC (Allocation Failure) 666845K->7499K(1335104K), 0.0004950 secs]
77.242: [GC (Allocation Failure) 643290K->7597K(1312704K), 0.0005760 secs]
77.542: [GC (Allocation Failure) 620967K->7597K(1291264K), 0.0005480 secs]
77.835: [GC (Allocation Failure) 599461K->7597K(1270784K), 0.0005530 secs]
78.108: [GC (Allocation Failure) 579013K->7597K(1251136K), 0.0005660 secs]
78.377: [GC (Allocation Failure) 559395K->7694K(1232512K), 0.0005120 secs]
78.636: [GC (Allocation Failure) 540816K->7698K(1214656K), 0.0006100 secs]
78.889: [GC (Allocation Failure) 523017K->7698K(1197632K), 0.0005200 secs]
79.127: [GC (Allocation Failure) 505976K->7698K(1181248K), 0.0005650 secs]
79.365: [GC (Allocation Failure) 489586K->7796K(1165760K), 0.0005160 secs]
79.594: [GC (Allocation Failure) 474200K->7796K(1150848K), 0.0006020 secs]
79.811: [GC (Allocation Failure) 459297K->7780K(1136576K), 0.0006980 secs]
80.028: [GC (Allocation Failure) 444998K->7796K(1122880K), 0.0005020 secs]
80.238: [GC (Allocation Failure) 431325K->7894K(1109888K), 0.0005150 secs]
80.441: [GC (Allocation Failure) 418364K->7894K(1097408K), 0.0004800 secs]
80.632: [GC (Allocation Failure) 405880K->7894K(1085440K), 0.0005270 secs]
80.820: [GC (Allocation Failure) 393966K->7894K(1073920K), 0.0004930 secs]
81.008: [GC (Allocation Failure) 382489K->7991K(1062976K), 0.0005210 secs]
81.191: [GC (Allocation Failure) 371630K->7991K(1052416K), 0.0005330 secs]
81.363: [GC (Allocation Failure) 360983K->7991K(1357120K), 0.0005240 secs]
81.683: [GC (Allocation Failure) 665761K->7991K(1333568K), 0.0004960 secs]
81.991: [GC (Allocation Failure) 642258K->8089K(1311232K), 0.0005170 secs]
82.292: [GC (Allocation Failure) 619899K->8089K(1289856K), 0.0004800 secs]
82.578: [GC (Allocation Failure) 598522K->8089K(1269440K), 0.0005180 secs]
82.856: [GC (Allocation Failure) 578170K->8089K(1249856K), 0.0005510 secs]
83.122: [GC (Allocation Failure) 558651K->8187K(1231296K), 0.0005350 secs]
83.381: [GC (Allocation Failure) 540120K->8187K(1213504K), 0.0004810 secs]
83.631: [GC (Allocation Failure) 522310K->8187K(1196480K), 0.0005490 secs]
83.871: [GC (Allocation Failure) 505297K->8187K(1180160K), 0.0006030 secs]
84.105: [GC (Allocation Failure) 489058K->8284K(1164672K), 0.0005230 secs]
84.334: [GC (Allocation Failure) 473563K->8284K(1149824K), 0.0005970 secs]
84.554: [GC (Allocation Failure) 458753K->8284K(1135616K), 0.0005170 secs]
84.766: [GC (Allocation Failure) 444546K->8284K(1121984K), 0.0007760 secs]
84.972: [GC (Allocation Failure) 430921K->8382K(1109056K), 0.0005160 secs]
85.172: [GC (Allocation Failure) 418082K->8382K(1096576K), 0.0004830 secs]
85.368: [GC (Allocation Failure) 405554K->8382K(1084672K), 0.0005280 secs]
85.554: [GC (Allocation Failure) 393663K->8382K(1073152K), 0.0004880 secs]
85.740: [GC (Allocation Failure) 382176K->8480K(1062272K), 0.0006540 secs]
85.917: [GC (Allocation Failure) 371357K->8480K(1051776K), 0.0004900 secs]
86.085: [GC (Allocation Failure) 360893K->8480K(1355520K), 0.0006640 secs]
86.404: [GC (Allocation Failure) 664618K->8480K(1332032K), 0.0004880 secs]
86.721: [GC (Allocation Failure) 641194K->8561K(1309760K), 0.0009610 secs]
87.022: [GC (Allocation Failure) 618948K->8581K(1288448K), 0.0005400 secs]
87.312: [GC (Allocation Failure) 597610K->8581K(1268096K), 0.0005220 secs]
87.594: [GC (Allocation Failure) 577266K->8581K(1248576K), 0.0006380 secs]
87.862: [GC (Allocation Failure) 557892K->8679K(1230080K), 0.0005340 secs]
88.118: [GC (Allocation Failure) 539366K->8679K(1212352K), 0.0004910 secs]
88.367: [GC (Allocation Failure) 521689K->8679K(1195392K), 0.0005420 secs]
88.616: [GC (Allocation Failure) 504691K->8679K(1179136K), 0.0004820 secs]
88.854: [GC (Allocation Failure) 488471K->8777K(1163712K), 0.0005190 secs]
89.076: [GC (Allocation Failure) 473139K->8777K(1148928K), 0.0004900 secs]
89.296: [GC (Allocation Failure) 458317K->8777K(1134784K), 0.0005220 secs]
89.505: [GC (Allocation Failure) 444148K->8761K(1121088K), 0.0007500 secs]
89.715: [GC (Allocation Failure) 430559K->8875K(1108224K), 0.0005190 secs]
89.916: [GC (Allocation Failure) 417687K->8859K(1095808K), 0.0008190 secs]
90.110: [GC (Allocation Failure) 405333K->8875K(1083904K), 0.0007040 secs]
90.302: [GC (Allocation Failure) 393354K->8875K(1072448K), 0.0005100 secs]
90.483: [GC (Allocation Failure) 381973K->8972K(1061568K), 0.0005240 secs]
90.658: [GC (Allocation Failure) 371188K->8972K(1051072K), 0.0004900 secs]
90.830: [GC (Allocation Failure) 360690K->8972K(1353856K), 0.0010900 secs]
91.146: [GC (Allocation Failure) 663471K->8972K(1330432K), 0.0005100 secs]
91.452: [GC (Allocation Failure) 640117K->9070K(1308224K), 0.0005310 secs]
91.753: [GC (Allocation Failure) 617903K->9070K(1286976K), 0.0004900 secs]
92.044: [GC (Allocation Failure) 596698K->9070K(1266688K), 0.0005720 secs]
92.323: [GC (Allocation Failure) 576367K->9070K(1247232K), 0.0004890 secs]
92.591: [GC (Allocation Failure) 557010K->9168K(1228800K), 0.0006550 secs]
92.849: [GC (Allocation Failure) 538608K->9168K(1211136K), 0.0004870 secs]
93.103: [GC (Allocation Failure) 520900K->9168K(1194240K), 0.0005420 secs]
93.346: [GC (Allocation Failure) 504039K->9168K(1178048K), 0.0005140 secs]
93.578: [GC (Allocation Failure) 487885K->9265K(1162688K), 0.0006620 secs]
93.807: [GC (Allocation Failure) 472620K->9265K(1147904K), 0.0004930 secs]
94.027: [GC (Allocation Failure) 457760K->9265K(1133760K), 0.0006720 secs]
94.236: [GC (Allocation Failure) 443601K->9265K(1120192K), 0.0004980 secs]
94.441: [GC (Allocation Failure) 430177K->9363K(1107328K), 0.0006300 secs]
94.640: [GC (Allocation Failure) 417280K->9363K(1094912K), 0.0004910 secs]
94.836: [GC (Allocation Failure) 404924K->9363K(1083072K), 0.0005340 secs]
95.017: [GC (Allocation Failure) 393094K->9363K(1071616K), 0.0007950 secs]
95.203: [GC (Allocation Failure) 381628K->9461K(1060800K), 0.0006840 secs]
95.382: [GC (Allocation Failure) 370886K->9461K(1050368K), 0.0004940 secs]
95.557: [GC (Allocation Failure) 360458K->9461K(1352256K), 0.0005390 secs]
95.879: [GC (Allocation Failure) 662378K->9461K(1328960K), 0.0005310 secs]
96.187: [GC (Allocation Failure) 639119K->9558K(1306816K), 0.0005210 secs]
96.494: [GC (Allocation Failure) 616973K->9558K(1285632K), 0.0004910 secs]
96.781: [GC (Allocation Failure) 595842K->9558K(1265408K), 0.0005340 secs]
97.062: [GC (Allocation Failure) 575601K->9558K(1246016K), 0.0005180 secs]
97.336: [GC (Allocation Failure) 556265K->9656K(1227648K), 0.0005350 secs]
97.597: [GC (Allocation Failure) 537917K->9656K(1210048K), 0.0004970 secs]
97.842: [GC (Allocation Failure) 520291K->9656K(1193216K), 0.0005850 secs]
98.084: [GC (Allocation Failure) 503524K->9656K(1177024K), 0.0005100 secs]
98.317: [GC (Allocation Failure) 487395K->9754K(1161728K), 0.0005300 secs]
98.546: [GC (Allocation Failure) 472151K->9754K(1147008K), 0.0006190 secs]
98.767: [GC (Allocation Failure) 457394K->9754K(1132928K), 0.0006680 secs]
98.978: [GC (Allocation Failure) 443323K->9754K(1119360K), 0.0005060 secs]
99.185: [GC (Allocation Failure) 429828K->9851K(1106496K), 0.0005300 secs]
99.385: [GC (Allocation Failure) 416962K->9851K(1094144K), 0.0006250 secs]
99.583: [GC (Allocation Failure) 404589K->9851K(1082304K), 0.0005340 secs]
99.774: [GC (Allocation Failure) 392805K->9851K(1070912K), 0.0005150 secs]
99.958: [GC (Allocation Failure) 381446K->9949K(1060096K), 0.0005880 secs]
100.135: [GC (Allocation Failure) 370693K->9933K(1049664K), 0.0009930 secs]
100.309: [GC (Allocation Failure) 360254K->9949K(1350656K), 0.0005550 secs]
100.635: [GC (Allocation Failure) 661241K->9949K(1327424K), 0.0004960 secs]
100.942: [GC (Allocation Failure) 638068K->10047K(1305344K), 0.0005450 secs]
101.236: [GC (Allocation Failure) 616030K->10047K(1284224K), 0.0005000 secs]
101.517: [GC (Allocation Failure) 594932K->10047K(1264064K), 0.0005330 secs]
101.800: [GC (Allocation Failure) 574761K->10047K(1244736K), 0.0004940 secs]
102.065: [GC (Allocation Failure) 555513K->10148K(1226432K), 0.0005270 secs]
102.326: [GC (Allocation Failure) 537165K->10148K(1208832K), 0.0005180 secs]
102.580: [GC (Allocation Failure) 519572K->10148K(1192064K), 0.0006840 secs]
102.823: [GC (Allocation Failure) 502804K->10148K(1175936K), 0.0006370 secs]
103.061: [GC (Allocation Failure) 486780K->10246K(1160640K), 0.0005380 secs]
103.286: [GC (Allocation Failure) 471500K->10246K(1145984K), 0.0005670 secs]
103.508: [GC (Allocation Failure) 456836K->10246K(1131968K), 0.0007540 secs]
103.726: [GC (Allocation Failure) 442885K->10246K(1118464K), 0.0004980 secs]
103.934: [GC (Allocation Failure) 429369K->10344K(1105664K), 0.0005960 secs]
104.138: [GC (Allocation Failure) 416636K->10344K(1093376K), 0.0005610 secs]
104.333: [GC (Allocation Failure) 404356K->10344K(1081600K), 0.0005420 secs]
104.523: [GC (Allocation Failure) 392544K->10344K(1070208K), 0.0005170 secs]
104.703: [GC (Allocation Failure) 381268K->10441K(1059456K), 0.0005350 secs]
104.879: [GC (Allocation Failure) 370503K->10441K(1049088K), 0.0006380 secs]
105.052: [GC (Allocation Failure) 360107K->10441K(1349056K), 0.0005420 secs]
105.370: [GC (Allocation Failure) 660169K->10425K(1325824K), 0.0010550 secs]
105.678: [GC (Allocation Failure) 636980K->10539K(1303872K), 0.0005390 secs]
105.979: [GC (Allocation Failure) 615039K->10539K(1282816K), 0.0005300 secs]
106.262: [GC (Allocation Failure) 593977K->10539K(1262720K), 0.0006750 secs]
106.542: [GC (Allocation Failure) 573866K->10539K(1243456K), 0.0006380 secs]
106.809: [GC (Allocation Failure) 554694K->10637K(1225216K), 0.0006750 secs]
107.075: [GC (Allocation Failure) 536496K->10637K(1207680K), 0.0005020 secs]
107.330: [GC (Allocation Failure) 518973K->10637K(1190912K), 0.0005470 secs]
107.573: [GC (Allocation Failure) 502168K->10637K(1174848K), 0.0005310 secs]
107.802: [GC (Allocation Failure) 486170K->10734K(1159616K), 0.0006000 secs]
108.024: [GC (Allocation Failure) 470928K->10738K(1144960K), 0.0005050 secs]
108.244: [GC (Allocation Failure) 456332K->10738K(1130944K), 0.0005510 secs]
108.453: [GC (Allocation Failure) 442341K->10738K(1117504K), 0.0005050 secs]
108.653: [GC (Allocation Failure) 428910K->10836K(1104768K), 0.0005380 secs]
108.855: [GC (Allocation Failure) 416220K->10836K(1092480K), 0.0005260 secs]
109.043: [GC (Allocation Failure) 403892K->10836K(1080704K), 0.0005520 secs]
109.228: [GC (Allocation Failure) 392132K->10836K(1069376K), 0.0005180 secs]
109.411: [GC (Allocation Failure) 380882K->10934K(1058624K), 0.0005420 secs]
109.589: [GC (Allocation Failure) 370190K->10934K(1048256K), 0.0005070 secs]
109.764: [GC (Allocation Failure) 359862K->10934K(1347392K), 0.0005340 secs]
110.084: [GC (Allocation Failure) 658963K->10934K(1324288K), 0.0006350 secs]
110.392: [GC (Allocation Failure) 635902K->11015K(1302400K), 0.0008360 secs]
110.688: [GC (Allocation Failure) 614056K->11031K(1281408K), 0.0005200 secs]
110.972: [GC (Allocation Failure) 593093K->11031K(1261376K), 0.0005460 secs]
111.248: [GC (Allocation Failure) 573004K->11015K(1242112K), 0.0007660 secs]
111.519: [GC (Allocation Failure) 553896K->11129K(1223936K), 0.0005950 secs]
111.781: [GC (Allocation Failure) 535647K->11129K(1206464K), 0.0006770 secs]
112.023: [GC (Allocation Failure) 518218K->11133K(1189760K), 0.0005520 secs]
112.262: [GC (Allocation Failure) 501550K->11133K(1173760K), 0.0005030 secs]
112.491: [GC (Allocation Failure) 485600K->11231K(1158592K), 0.0005400 secs]
112.720: [GC (Allocation Failure) 470410K->11231K(1144000K), 0.0005100 secs]
112.943: [GC (Allocation Failure) 455869K->11215K(1130048K), 0.0010250 secs]
113.151: [GC (Allocation Failure) 441921K->11231K(1116608K), 0.0005270 secs]
113.354: [GC (Allocation Failure) 428528K->11328K(1103872K), 0.0005390 secs]
113.556: [GC (Allocation Failure) 415819K->11328K(1091648K), 0.0005100 secs]
113.751: [GC (Allocation Failure) 403554K->11332K(1079936K), 0.0006460 secs]
113.938: [GC (Allocation Failure) 391882K->11332K(1068608K), 0.0006700 secs]
114.119: [GC (Allocation Failure) 380644K->11430K(1057920K), 0.0005480 secs]
114.296: [GC (Allocation Failure) 369938K->11430K(1345728K), 0.0005090 secs]
114.611: [GC (Allocation Failure) 657780K->11430K(1322752K), 0.0005570 secs]
114.917: [GC (Allocation Failure) 634845K->11430K(1300800K), 0.0005020 secs]
115.208: [GC (Allocation Failure) 612882K->11528K(1279936K), 0.0005480 secs]
115.496: [GC (Allocation Failure) 592048K->11512K(1259968K), 0.0007420 secs]
115.777: [GC (Allocation Failure) 572100K->11528K(1240896K), 0.0005520 secs]
116.042: [GC (Allocation Failure) 553002K->11528K(1222592K), 0.0005420 secs]
116.297: [GC (Allocation Failure) 534824K->11625K(1205248K), 0.0005540 secs]
116.551: [GC (Allocation Failure) 517535K->11625K(1188608K), 0.0005110 secs]
116.787: [GC (Allocation Failure) 500888K->11625K(1172736K), 0.0005690 secs]
117.018: [GC (Allocation Failure) 484966K->11625K(1157440K), 0.0005140 secs]
117.243: [GC (Allocation Failure) 469781K->11723K(1142976K), 0.0005760 secs]
117.460: [GC (Allocation Failure) 455371K->11723K(1129088K), 0.0005040 secs]
117.678: [GC (Allocation Failure) 441429K->11707K(1115776K), 0.0008760 secs]
117.883: [GC (Allocation Failure) 428064K->11723K(1102976K), 0.0006470 secs]
118.082: [GC (Allocation Failure) 415395K->11821K(1090816K), 0.0005520 secs]
118.273: [GC (Allocation Failure) 403267K->11821K(1079104K), 0.0005070 secs]
118.457: [GC (Allocation Failure) 391503K->11821K(1067904K), 0.0005480 secs]
118.643: [GC (Allocation Failure) 380302K->11821K(1057088K), 0.0005290 secs]
118.815: [GC (Allocation Failure) 369575K->11918K(1344256K), 0.0006720 secs]
119.131: [GC (Allocation Failure) 656838K->11918K(1321344K), 0.0005220 secs]
119.434: [GC (Allocation Failure) 633897K->11918K(1299520K), 0.0005530 secs]
119.732: [GC (Allocation Failure) 612101K->11918K(1278592K), 0.0005130 secs]
120.007: [GC (Allocation Failure) 591232K->12016K(1258752K), 0.0005480 secs]
120.278: [GC (Allocation Failure) 571365K->12016K(1239744K), 0.0005380 secs]
120.539: [GC (Allocation Failure) 552378K->12016K(1221568K), 0.0006030 secs]
120.796: [GC (Allocation Failure) 534158K->12016K(1204160K), 0.0005170 secs]
121.049: [GC (Allocation Failure) 516826K->12114K(1187648K), 0.0007170 secs]
121.295: [GC (Allocation Failure) 500392K->12114K(1171776K), 0.0006570 secs]
121.529: [GC (Allocation Failure) 484518K->12114K(1156608K), 0.0005630 secs]
121.757: [GC (Allocation Failure) 469316K->12114K(1142016K), 0.0006740 secs]
121.975: [GC (Allocation Failure) 454831K->12211K(1128192K), 0.0005460 secs]
122.180: [GC (Allocation Failure) 441008K->12211K(1114944K), 0.0005710 secs]
122.387: [GC (Allocation Failure) 427827K->12211K(1102208K), 0.0007080 secs]
122.586: [GC (Allocation Failure) 415045K->12211K(1089984K), 0.0005370 secs]
122.780: [GC (Allocation Failure) 402907K->12293K(1078400K), 0.0007460 secs]
122.967: [GC (Allocation Failure) 391301K->12309K(1067200K), 0.0005560 secs]
123.149: [GC (Allocation Failure) 380121K->12309K(1056512K), 0.0005600 secs]
123.326: [GC (Allocation Failure) 369433K->12309K(1342592K), 0.0005350 secs]
123.648: [GC (Allocation Failure) 655610K->12407K(1319808K), 0.0006990 secs]
123.962: [GC (Allocation Failure) 632884K->12407K(1298048K), 0.0006910 secs]
124.256: [GC (Allocation Failure) 611121K->12407K(1277248K), 0.0005540 secs]
124.544: [GC (Allocation Failure) 590251K->12391K(1257280K), 0.0007900 secs]
124.818: [GC (Allocation Failure) 570455K->12504K(1238464K), 0.0005490 secs]
125.082: [GC (Allocation Failure) 551636K->12504K(1220352K), 0.0005480 secs]
125.336: [GC (Allocation Failure) 533485K->12504K(1203072K), 0.0007010 secs]
125.586: [GC (Allocation Failure) 516224K->12504K(1186496K), 0.0006460 secs]
125.821: [GC (Allocation Failure) 499711K->12602K(1170752K), 0.0005560 secs]
126.046: [GC (Allocation Failure) 483982K->12602K(1155648K), 0.0005340 secs]
126.272: [GC (Allocation Failure) 468870K->12602K(1141184K), 0.0007280 secs]
126.490: [GC (Allocation Failure) 454453K->12602K(1127296K), 0.0006010 secs]
126.709: [GC (Allocation Failure) 440590K->12700K(1114112K), 0.0005620 secs]
126.909: [GC (Allocation Failure) 427393K->12700K(1101440K), 0.0005660 secs]
127.105: [GC (Allocation Failure) 414766K->12700K(1089280K), 0.0007110 secs]
127.300: [GC (Allocation Failure) 402623K->12700K(1077568K), 0.0006430 secs]
127.491: [GC (Allocation Failure) 390946K->12797K(1066496K), 0.0005520 secs]
127.672: [GC (Allocation Failure) 379893K->12797K(1055808K), 0.0005200 secs]
127.846: [GC (Allocation Failure) 369249K->12797K(1341184K), 0.0005610 secs]
128.160: [GC (Allocation Failure) 654591K->12797K(1318336K), 0.0005380 secs]
128.465: [GC (Allocation Failure) 631845K->12895K(1296704K), 0.0005620 secs]
128.756: [GC (Allocation Failure) 610225K->12895K(1275968K), 0.0005140 secs]
129.040: [GC (Allocation Failure) 589491K->12895K(1256192K), 0.0006200 secs]
129.323: [GC (Allocation Failure) 569699K->12895K(1237248K), 0.0005940 secs]
129.587: [GC (Allocation Failure) 550789K->12993K(1219264K), 0.0006250 secs]
129.844: [GC (Allocation Failure) 532914K->12993K(1201984K), 0.0005210 secs]
130.085: [GC (Allocation Failure) 515598K->12993K(1185472K), 0.0005630 secs]
130.322: [GC (Allocation Failure) 499099K->12993K(1169664K), 0.0005230 secs]
130.549: [GC (Allocation Failure) 483304K->13090K(1154688K), 0.0006210 secs]
130.776: [GC (Allocation Failure) 468416K->13074K(1140288K), 0.0007810 secs]
130.995: [GC (Allocation Failure) 454007K->13090K(1126464K), 0.0005510 secs]
131.209: [GC (Allocation Failure) 440184K->13090K(1113216K), 0.0005360 secs]
131.409: [GC (Allocation Failure) 427015K->13188K(1100672K), 0.0007100 secs]
131.609: [GC (Allocation Failure) 414478K->13188K(1088576K), 0.0005260 secs]
131.800: [GC (Allocation Failure) 402384K->13188K(1076992K), 0.0005660 secs]
131.984: [GC (Allocation Failure) 390775K->13188K(1065792K), 0.0005160 secs]
132.165: [GC (Allocation Failure) 379707K->13286K(1055232K), 0.0007150 secs]
132.339: [GC (Allocation Failure) 369157K->13286K(1339584K), 0.0005280 secs]
132.647: [GC (Allocation Failure) 653529K->13286K(1316928K), 0.0006450 secs]
132.949: [GC (Allocation Failure) 630869K->13286K(1295232K), 0.0005190 secs]
133.237: [GC (Allocation Failure) 609220K->13383K(1274624K), 0.0005540 secs]
133.518: [GC (Allocation Failure) 588636K->13383K(1254912K), 0.0006600 secs]
133.785: [GC (Allocation Failure) 568879K->13383K(1236096K), 0.0005620 secs]
134.048: [GC (Allocation Failure) 550094K->13383K(1218048K), 0.0005430 secs]
134.301: [GC (Allocation Failure) 532106K->13481K(1200896K), 0.0005640 secs]
134.552: [GC (Allocation Failure) 515024K->13481K(1184448K), 0.0005860 secs]
134.791: [GC (Allocation Failure) 498583K->13481K(1168704K), 0.0005620 secs]
135.020: [GC (Allocation Failure) 482821K->13481K(1153600K), 0.0005240 secs]
135.244: [GC (Allocation Failure) 467797K->13563K(1139264K), 0.0010620 secs]
135.463: [GC (Allocation Failure) 453494K->13579K(1125504K), 0.0005260 secs]
135.674: [GC (Allocation Failure) 439683K->13579K(1112320K), 0.0006950 secs]
135.874: [GC (Allocation Failure) 426520K->13579K(1099648K), 0.0008070 secs]
136.075: [GC (Allocation Failure) 413880K->13680K(1087616K), 0.0007310 secs]
136.263: [GC (Allocation Failure) 401955K->13680K(1076032K), 0.0006660 secs]
136.451: [GC (Allocation Failure) 390326K->13680K(1064960K), 0.0006300 secs]
136.630: [GC (Allocation Failure) 379230K->13680K(1054272K), 0.0005290 secs]
136.802: [GC (Allocation Failure) 368665K->13778K(1338112K), 0.0005620 secs]
137.117: [GC (Allocation Failure) 652492K->13778K(1315520K), 0.0005220 secs]
137.420: [GC (Allocation Failure) 629900K->13778K(1293952K), 0.0005640 secs]
137.709: [GC (Allocation Failure) 608312K->13762K(1273216K), 0.0015180 secs]
137.994: [GC (Allocation Failure) 587751K->13876K(1253696K), 0.0007080 secs]
138.263: [GC (Allocation Failure) 568152K->13876K(1234880K), 0.0005530 secs]
138.524: [GC (Allocation Failure) 549419K->13876K(1216960K), 0.0005720 secs]
138.778: [GC (Allocation Failure) 531419K->13876K(1199744K), 0.0005460 secs]
139.025: [GC (Allocation Failure) 514336K->13973K(1183424K), 0.0005630 secs]
139.269: [GC (Allocation Failure) 497979K->13973K(1167744K), 0.0005240 secs]
139.502: [GC (Allocation Failure) 482318K->13973K(1152768K), 0.0005960 secs]
139.721: [GC (Allocation Failure) 467387K->13973K(1138368K), 0.0005290 secs]
139.930: [GC (Allocation Failure) 453025K->14071K(1124736K), 0.0005650 secs]
140.137: [GC (Allocation Failure) 439445K->14071K(1111616K), 0.0005190 secs]
140.337: [GC (Allocation Failure) 426280K->14071K(1099072K), 0.0005710 secs]
140.530: [GC (Allocation Failure) 413778K->14071K(1086976K), 0.0005880 secs]
140.722: [GC (Allocation Failure) 401704K->14169K(1075520K), 0.0005710 secs]
140.907: [GC (Allocation Failure) 390307K->14169K(1064448K), 0.0008000 secs]
141.083: [GC (Allocation Failure) 379240K->14169K(1053824K), 0.0005670 secs]
141.260: [GC (Allocation Failure) 368592K->14169K(1336384K), 0.0005490 secs]
141.580: [GC (Allocation Failure) 651230K->14266K(1313920K), 0.0005610 secs]
141.880: [GC (Allocation Failure) 628828K->14266K(1292416K), 0.0006650 secs]
142.170: [GC (Allocation Failure) 607324K->14266K(1271872K), 0.0006100 secs]
142.446: [GC (Allocation Failure) 586804K->14266K(1252224K), 0.0006780 secs]
142.727: [GC (Allocation Failure) 567140K->14364K(1233536K), 0.0007210 secs]
142.987: [GC (Allocation Failure) 548485K->14364K(1215680K), 0.0005490 secs]
143.237: [GC (Allocation Failure) 530619K->14364K(1198592K), 0.0005690 secs]
143.482: [GC (Allocation Failure) 513578K->14364K(1182208K), 0.0005310 secs]
143.720: [GC (Allocation Failure) 497259K->14462K(1166656K), 0.0009580 secs]
143.948: [GC (Allocation Failure) 481705K->14462K(1151744K), 0.0005320 secs]
144.170: [GC (Allocation Failure) 466814K->14462K(1137472K), 0.0007340 secs]
144.385: [GC (Allocation Failure) 452581K->14462K(1123712K), 0.0005460 secs]
144.596: [GC (Allocation Failure) 438874K->14559K(1110720K), 0.0005550 secs]
144.792: [GC (Allocation Failure) 425894K->14559K(1098176K), 0.0005290 secs]
144.985: [GC (Allocation Failure) 413388K->14559K(1086144K), 0.0005750 secs]
145.178: [GC (Allocation Failure) 401331K->14559K(1074560K), 0.0006850 secs]
145.358: [GC (Allocation Failure) 389809K->14657K(1063616K), 0.0005700 secs]
145.531: [GC (Allocation Failure) 378866K->14657K(1053056K), 0.0006840 secs]
145.705: [GC (Allocation Failure) 368376K->14657K(1335040K), 0.0005700 secs]
146.011: [GC (Allocation Failure) 650357K->14641K(1312448K), 0.0009250 secs]
146.306: [GC (Allocation Failure) 627846K->14755K(1291136K), 0.0005910 secs]
146.588: [GC (Allocation Failure) 606465K->14755K(1270656K), 0.0007110 secs]
146.869: [GC (Allocation Failure) 585999K->14755K(1251136K), 0.0005780 secs]
147.141: [GC (Allocation Failure) 566466K->14759K(1232384K), 0.0006070 secs]
147.410: [GC (Allocation Failure) 547843K->14856K(1214592K), 0.0005740 secs]
147.664: [GC (Allocation Failure) 530076K->14856K(1197568K), 0.0005890 secs]
147.909: [GC (Allocation Failure) 513090K->14856K(1181248K), 0.0005810 secs]
148.141: [GC (Allocation Failure) 496743K->14856K(1165632K), 0.0005350 secs]
148.364: [GC (Allocation Failure) 481136K->14954K(1150784K), 0.0005660 secs]
148.583: [GC (Allocation Failure) 466370K->14954K(1136512K), 0.0005380 secs]
148.798: [GC (Allocation Failure) 452096K->14954K(1122880K), 0.0006900 secs]
149.008: [GC (Allocation Failure) 438487K->14954K(1109760K), 0.0006800 secs]
149.215: [GC (Allocation Failure) 425450K->15052K(1097344K), 0.0007680 secs]
149.407: [GC (Allocation Failure) 413020K->15052K(1085376K), 0.0005400 secs]
149.593: [GC (Allocation Failure) 401067K->15052K(1073920K), 0.0005720 secs]
149.779: [GC (Allocation Failure) 389614K->15052K(1062848K), 0.0007100 secs]
149.957: [GC (Allocation Failure) 378582K->15150K(1052352K), 0.0005740 secs]
150.125: [GC (Allocation Failure) 368105K->15150K(1333376K), 0.0005470 secs]
150.429: [GC (Allocation Failure) 649103K->15150K(1310976K), 0.0005770 secs]
150.729: [GC (Allocation Failure) 626717K->15150K(1289536K), 0.0005380 secs]
151.014: [GC (Allocation Failure) 605394K->15231K(1269184K), 0.0011970 secs]
151.292: [GC (Allocation Failure) 585012K->15251K(1249728K), 0.0005360 secs]
151.557: [GC (Allocation Failure) 565618K->15251K(1231104K), 0.0005710 secs]
151.812: [GC (Allocation Failure) 546933K->15251K(1213248K), 0.0005570 secs]
152.066: [GC (Allocation Failure) 529226K->15349K(1196352K), 0.0007400 secs]
152.310: [GC (Allocation Failure) 512367K->15349K(1180096K), 0.0005300 secs]
152.539: [GC (Allocation Failure) 496097K->15349K(1164544K), 0.0005630 secs]
152.773: [GC (Allocation Failure) 480518K->15349K(1149632K), 0.0005560 secs]
152.992: [GC (Allocation Failure) 465682K->15447K(1135488K), 0.0005720 secs]
153.207: [GC (Allocation Failure) 451563K->15447K(1121920K), 0.0006930 secs]
153.415: [GC (Allocation Failure) 437997K->15447K(1108928K), 0.0007410 secs]
153.617: [GC (Allocation Failure) 425019K->15447K(1096384K), 0.0005380 secs]
153.811: [GC (Allocation Failure) 412472K->15544K(1084544K), 0.0005760 secs]
154.001: [GC (Allocation Failure) 400738K->15544K(1073088K), 0.0005390 secs]
154.179: [GC (Allocation Failure) 389283K->15544K(1062144K), 0.0005880 secs]
154.356: [GC (Allocation Failure) 378310K->15544K(1051584K), 0.0005580 secs]
154.528: [GC (Allocation Failure) 367821K->15642K(1331904K), 0.0007310 secs]
154.846: [GC (Allocation Failure) 648141K->15642K(1309568K), 0.0005510 secs]
155.150: [GC (Allocation Failure) 625873K->15642K(1288256K), 0.0006030 secs]
155.436: [GC (Allocation Failure) 604508K->15642K(1267840K), 0.0005370 secs]
155.719: [GC (Allocation Failure) 584146K->15740K(1248448K), 0.0007350 secs]
155.988: [GC (Allocation Failure) 564820K->15740K(1229888K), 0.0005380 secs]
156.256: [GC (Allocation Failure) 546232K->15740K(1212160K), 0.0007740 secs]
156.510: [GC (Allocation Failure) 528480K->15740K(1195136K), 0.0005650 secs]
156.750: [GC (Allocation Failure) 511538K->15837K(1179008K), 0.0005730 secs]
156.984: [GC (Allocation Failure) 495436K->15837K(1163520K), 0.0006880 secs]
157.218: [GC (Allocation Failure) 479952K->15837K(1148736K), 0.0005780 secs]
157.443: [GC (Allocation Failure) 465212K->15821K(1134464K), 0.0008300 secs]
157.655: [GC (Allocation Failure) 451047K->15935K(1121024K), 0.0005660 secs]
157.859: [GC (Allocation Failure) 437569K->15935K(1108032K), 0.0005720 secs]
158.059: [GC (Allocation Failure) 424594K->15935K(1095616K), 0.0005900 secs]
158.253: [GC (Allocation Failure) 412143K->15935K(1083648K), 0.0005630 secs]
158.442: [GC (Allocation Failure) 400314K->16033K(1072320K), 0.0005790 secs]
158.626: [GC (Allocation Failure) 388980K->16033K(1061376K), 0.0005670 secs]
158.807: [GC (Allocation Failure) 378058K->16033K(1050880K), 0.0005960 secs]
158.973: [GC (Allocation Failure) 367496K->16033K(1330176K), 0.0005700 secs]
159.284: [GC (Allocation Failure) 646860K->16130K(1307968K), 0.0005820 secs]
159.584: [GC (Allocation Failure) 624734K->16130K(1286720K), 0.0006110 secs]
159.874: [GC (Allocation Failure) 603451K->16130K(1266432K), 0.0007380 secs]
160.150: [GC (Allocation Failure) 583234K->16130K(1247040K), 0.0005520 secs]
160.416: [GC (Allocation Failure) 563851K->16228K(1228608K), 0.0005850 secs]
160.677: [GC (Allocation Failure) 545456K->16228K(1210944K), 0.0005450 secs]
160.931: [GC (Allocation Failure) 527803K->16228K(1194048K), 0.0007690 secs]
161.174: [GC (Allocation Failure) 510895K->16228K(1177856K), 0.0005450 secs]
161.409: [GC (Allocation Failure) 494775K->16326K(1162496K), 0.0008690 secs]
161.637: [GC (Allocation Failure) 479439K->16326K(1147712K), 0.0005570 secs]
161.865: [GC (Allocation Failure) 464669K->16326K(1133568K), 0.0005900 secs]
162.080: [GC (Allocation Failure) 450504K->16326K(1120000K), 0.0005460 secs]
162.292: [GC (Allocation Failure) 436987K->16423K(1107136K), 0.0005760 secs]
162.487: [GC (Allocation Failure) 424143K->16423K(1094784K), 0.0005430 secs]
162.677: [GC (Allocation Failure) 411832K->16423K(1082944K), 0.0005850 secs]
162.866: [GC (Allocation Failure) 400010K->16423K(1071488K), 0.0006310 secs]
163.043: [GC (Allocation Failure) 388571K->16521K(1060672K), 0.0005810 secs]
163.214: [GC (Allocation Failure) 377804K->16521K(1050240K), 0.0005740 secs]
163.381: [GC (Allocation Failure) 367347K->16521K(1328832K), 0.0006570 secs]
163.697: [GC (Allocation Failure) 645993K->16521K(1306560K), 0.0005620 secs]
163.987: [GC (Allocation Failure) 623727K->16619K(1285440K), 0.0005760 secs]
164.266: [GC (Allocation Failure) 602655K->16619K(1265216K), 0.0005590 secs]
164.542: [GC (Allocation Failure) 582429K->16619K(1245888K), 0.0007820 secs]
164.811: [GC (Allocation Failure) 563145K->16619K(1227392K), 0.0005700 secs]
165.068: [GC (Allocation Failure) 544729K->16716K(1209856K), 0.0005750 secs]
165.311: [GC (Allocation Failure) 527209K->16716K(1193024K), 0.0005380 secs]
165.554: [GC (Allocation Failure) 510353K->16716K(1176960K), 0.0006110 secs]
165.793: [GC (Allocation Failure) 494345K->16716K(1161536K), 0.0007090 secs]
166.012: [GC (Allocation Failure) 478937K->16814K(1146880K), 0.0005770 secs]
166.229: [GC (Allocation Failure) 464326K->16814K(1132800K), 0.0005510 secs]
166.439: [GC (Allocation Failure) 450226K->16798K(1119296K), 0.0008850 secs]
166.648: [GC (Allocation Failure) 436753K->16814K(1106368K), 0.0005480 secs]
166.849: [GC (Allocation Failure) 423830K->16912K(1094080K), 0.0007560 secs]
167.041: [GC (Allocation Failure) 411602K->16912K(1082240K), 0.0005470 secs]
167.228: [GC (Allocation Failure) 399770K->16912K(1070912K), 0.0005820 secs]
167.415: [GC (Allocation Failure) 388492K->16912K(1059968K), 0.0005650 secs]
167.594: [GC (Allocation Failure) 377598K->17009K(1049600K), 0.0007230 secs]
167.764: [GC (Allocation Failure) 367186K->17009K(1327232K), 0.0005440 secs]
168.075: [GC (Allocation Failure) 644872K->17009K(1305088K), 0.0005820 secs]
168.364: [GC (Allocation Failure) 622688K->17009K(1283904K), 0.0007060 secs]
168.642: [GC (Allocation Failure) 601601K->17107K(1263808K), 0.0005850 secs]
168.918: [GC (Allocation Failure) 581539K->17107K(1244544K), 0.0005540 secs]
169.181: [GC (Allocation Failure) 562232K->17107K(1226176K), 0.0005910 secs]
169.443: [GC (Allocation Failure) 543893K->17107K(1208576K), 0.0005710 secs]
169.696: [GC (Allocation Failure) 526397K->17205K(1191872K), 0.0005840 secs]
169.938: [GC (Allocation Failure) 509719K->17205K(1175808K), 0.0005540 secs]
170.167: [GC (Allocation Failure) 493667K->17205K(1160448K), 0.0005810 secs]
170.396: [GC (Allocation Failure) 478244K->17205K(1145728K), 0.0005680 secs]
170.620: [GC (Allocation Failure) 463648K->17302K(1131776K), 0.0005810 secs]
170.831: [GC (Allocation Failure) 449749K->17302K(1118336K), 0.0005650 secs]
171.033: [GC (Allocation Failure) 436222K->17302K(1105472K), 0.0005920 secs]
171.228: [GC (Allocation Failure) 423387K->17302K(1093120K), 0.0005490 secs]
171.420: [GC (Allocation Failure) 411102K->17400K(1081408K), 0.0005850 secs]
171.610: [GC (Allocation Failure) 399465K->17400K(1070080K), 0.0005550 secs]
171.790: [GC (Allocation Failure) 388110K->17384K(1059264K), 0.0008270 secs]
171.967: [GC (Allocation Failure) 377295K->17400K(1048832K), 0.0007260 secs]
172.142: [GC (Allocation Failure) 366955K->17498K(1325760K), 0.0007540 secs]
172.450: [GC (Allocation Failure) 643868K->17482K(1303744K), 0.0007810 secs]
172.739: [GC (Allocation Failure) 621887K->17498K(1282688K), 0.0005990 secs]
173.028: [GC (Allocation Failure) 600807K->17498K(1262528K), 0.0005660 secs]
173.306: [GC (Allocation Failure) 580692K->17595K(1243392K), 0.0005890 secs]
173.578: [GC (Allocation Failure) 561570K->17595K(1225088K), 0.0007240 secs]
173.837: [GC (Allocation Failure) 543323K->17595K(1207552K), 0.0005960 secs]
174.086: [GC (Allocation Failure) 525734K->17599K(1190784K), 0.0005740 secs]
174.320: [GC (Allocation Failure) 509025K->17697K(1174848K), 0.0005830 secs]
174.550: [GC (Allocation Failure) 493170K->17697K(1159552K), 0.0005530 secs]
174.779: [GC (Allocation Failure) 477910K->17697K(1144896K), 0.0005910 secs]
174.994: [GC (Allocation Failure) 463220K->17697K(1130816K), 0.0005560 secs]
175.206: [GC (Allocation Failure) 449166K->17795K(1117504K), 0.0005910 secs]
175.406: [GC (Allocation Failure) 435965K->17795K(1104704K), 0.0006200 secs]
175.608: [GC (Allocation Failure) 423143K->17795K(1092416K), 0.0005940 secs]
175.794: [GC (Allocation Failure) 410857K->17799K(1080576K), 0.0005620 secs]
175.980: [GC (Allocation Failure) 399014K->17896K(1069376K), 0.0005850 secs]
176.162: [GC (Allocation Failure) 387917K->17896K(1058560K), 0.0005600 secs]
176.337: [GC (Allocation Failure) 377071K->17896K(1324352K), 0.0006000 secs]
176.640: [GC (Allocation Failure) 642896K->17880K(1302272K), 0.0010040 secs]
176.934: [GC (Allocation Failure) 620901K->17994K(1281408K), 0.0005900 secs]
177.216: [GC (Allocation Failure) 600019K->17994K(1261376K), 0.0005860 secs]
177.498: [GC (Allocation Failure) 579956K->17994K(1242240K), 0.0005930 secs]
177.770: [GC (Allocation Failure) 560827K->17994K(1223872K), 0.0005770 secs]
178.024: [GC (Allocation Failure) 542524K->18092K(1206464K), 0.0005900 secs]
178.276: [GC (Allocation Failure) 525208K->18092K(1189760K), 0.0005520 secs]
178.515: [GC (Allocation Failure) 508496K->18092K(1173824K), 0.0005910 secs]
178.749: [GC (Allocation Failure) 492554K->18092K(1158528K), 0.0005600 secs]
178.979: [GC (Allocation Failure) 477263K->18173K(1144000K), 0.0012500 secs]
179.196: [GC (Allocation Failure) 462782K->18189K(1130048K), 0.0007210 secs]
179.406: [GC (Allocation Failure) 448880K->18173K(1116672K), 0.0008370 secs]
179.614: [GC (Allocation Failure) 435429K->18173K(1103744K), 0.0012800 secs]
179.815: [GC (Allocation Failure) 422692K->18287K(1091648K), 0.0006070 secs]
180.005: [GC (Allocation Failure) 410555K->18287K(1079936K), 0.0007580 secs]
180.194: [GC (Allocation Failure) 398820K->18287K(1068672K), 0.0006010 secs]
180.376: [GC (Allocation Failure) 387602K->18287K(1057856K), 0.0005760 secs]
180.552: [GC (Allocation Failure) 376795K->18385K(1322752K), 0.0006630 secs]
180.850: [GC (Allocation Failure) 641773K->18385K(1300864K), 0.0005580 secs]
181.148: [GC (Allocation Failure) 619831K->18385K(1279936K), 0.0006000 secs]
181.435: [GC (Allocation Failure) 598964K->18385K(1259904K), 0.0005570 secs]
181.708: [GC (Allocation Failure) 579010K->18466K(1240896K), 0.0009160 secs]
181.974: [GC (Allocation Failure) 560029K->18482K(1222656K), 0.0005570 secs]
182.232: [GC (Allocation Failure) 541770K->18482K(1205248K), 0.0007870 secs]
182.473: [GC (Allocation Failure) 524383K->18482K(1188544K), 0.0005600 secs]
182.714: [GC (Allocation Failure) 507679K->18580K(1172736K), 0.0007440 secs]
182.946: [GC (Allocation Failure) 491895K->18580K(1157504K), 0.0005620 secs]
183.170: [GC (Allocation Failure) 476742K->18580K(1142976K), 0.0006910 secs]
183.385: [GC (Allocation Failure) 462166K->18580K(1129024K), 0.0012990 secs]
183.600: [GC (Allocation Failure) 448309K->18678K(1115776K), 0.0006690 secs]
183.801: [GC (Allocation Failure) 435077K->18678K(1103040K), 0.0005590 secs]
184.001: [GC (Allocation Failure) 422299K->18678K(1090816K), 0.0005990 secs]
184.194: [GC (Allocation Failure) 410084K->18678K(1079040K), 0.0006460 secs]
184.375: [GC (Allocation Failure) 398361K->18775K(1067904K), 0.0005980 secs]
184.557: [GC (Allocation Failure) 387293K->18775K(1057152K), 0.0005650 secs]
184.728: [GC (Allocation Failure) 376552K->18775K(1321344K), 0.0007870 secs]
185.031: [GC (Allocation Failure) 640727K->18775K(1299456K), 0.0005590 secs]
185.322: [GC (Allocation Failure) 618940K->18873K(1278656K), 0.0005940 secs]
185.602: [GC (Allocation Failure) 598199K->18873K(1258752K), 0.0005670 secs]
185.878: [GC (Allocation Failure) 578267K->18873K(1239744K), 0.0006080 secs]
186.145: [GC (Allocation Failure) 559283K->18873K(1221504K), 0.0007430 secs]
186.397: [GC (Allocation Failure) 541100K->18971K(1204224K), 0.0006030 secs]
186.651: [GC (Allocation Failure) 523841K->18955K(1187648K), 0.0011540 secs]
186.891: [GC (Allocation Failure) 507217K->18955K(1171776K), 0.0012910 secs]
187.121: [GC (Allocation Failure) 491384K->18971K(1156544K), 0.0005710 secs]
187.353: [GC (Allocation Failure) 476206K->19068K(1142080K), 0.0006110 secs]
187.568: [GC (Allocation Failure) 461818K->19068K(1128192K), 0.0005610 secs]
187.776: [GC (Allocation Failure) 447917K->19068K(1114944K), 0.0006040 secs]
187.983: [GC (Allocation Failure) 434657K->19068K(1102144K), 0.0005660 secs]
188.182: [GC (Allocation Failure) 421897K->19166K(1090048K), 0.0006020 secs]
188.374: [GC (Allocation Failure) 409885K->19166K(1078400K), 0.0007390 secs]
188.557: [GC (Allocation Failure) 398175K->19166K(1067200K), 0.0006080 secs]
188.738: [GC (Allocation Failure) 386964K->19166K(1056448K), 0.0005690 secs]
188.912: [GC (Allocation Failure) 376295K->19264K(1319872K), 0.0006010 secs]
189.215: [GC (Allocation Failure) 639791K->19264K(1298112K), 0.0007290 secs]
189.504: [GC (Allocation Failure) 617997K->19264K(1277312K), 0.0008630 secs]
189.792: [GC (Allocation Failure) 597153K->19264K(1257408K), 0.0007340 secs]
190.064: [GC (Allocation Failure) 577373K->19361K(1238528K), 0.0006000 secs]
190.321: [GC (Allocation Failure) 558467K->19361K(1220416K), 0.0007310 secs]
190.576: [GC (Allocation Failure) 540381K->19361K(1203136K), 0.0007960 secs]
190.824: [GC (Allocation Failure) 523081K->19361K(1186560K), 0.0005590 secs]
191.063: [GC (Allocation Failure) 506578K->19459K(1170816K), 0.0006080 secs]
191.286: [GC (Allocation Failure) 490852K->19459K(1155712K), 0.0005690 secs]
191.509: [GC (Allocation Failure) 475791K->19459K(1141248K), 0.0008940 secs]
191.725: [GC (Allocation Failure) 461369K->19459K(1127360K), 0.0005740 secs]
191.936: [GC (Allocation Failure) 447471K->19541K(1114176K), 0.0013360 secs]
192.143: [GC (Allocation Failure) 434366K->19557K(1101504K), 0.0005710 secs]
192.338: [GC (Allocation Failure) 421662K->19557K(1089344K), 0.0006800 secs]
192.529: [GC (Allocation Failure) 409529K->19557K(1077632K), 0.0006630 secs]
192.709: [GC (Allocation Failure) 397904K->19654K(1066560K), 0.0008060 secs]
192.888: [GC (Allocation Failure) 386880K->19654K(1055872K), 0.0006410 secs]
193.065: [GC (Allocation Failure) 376112K->19654K(1318464K), 0.0006910 secs]
193.373: [GC (Allocation Failure) 638783K->19654K(1296704K), 0.0005890 secs]
193.664: [GC (Allocation Failure) 617085K->19752K(1276032K), 0.0005980 secs]
193.951: [GC (Allocation Failure) 596444K->19752K(1256256K), 0.0007510 secs]
194.215: [GC (Allocation Failure) 576660K->19752K(1237376K), 0.0005970 secs]
194.480: [GC (Allocation Failure) 557745K->19752K(1219264K), 0.0005910 secs]
194.737: [GC (Allocation Failure) 539716K->19850K(1202048K), 0.0006180 secs]
194.991: [GC (Allocation Failure) 522520K->19850K(1185536K), 0.0007420 secs]
195.225: [GC (Allocation Failure) 506022K->19850K(1169792K), 0.0006150 secs]
195.455: [GC (Allocation Failure) 490225K->19850K(1154624K), 0.0006690 secs]
195.677: [GC (Allocation Failure) 475152K->19947K(1140288K), 0.0006070 secs]
195.896: [GC (Allocation Failure) 460843K->19931K(1126464K), 0.0008090 secs]
196.105: [GC (Allocation Failure) 446981K->19947K(1113280K), 0.0008040 secs]
196.303: [GC (Allocation Failure) 433853K->19947K(1100608K), 0.0006050 secs]
196.497: [GC (Allocation Failure) 421214K->20045K(1088576K), 0.0006890 secs]
196.685: [GC (Allocation Failure) 409219K->20045K(1076992K), 0.0007580 secs]
196.867: [GC (Allocation Failure) 397666K->20045K(1065856K), 0.0006410 secs]
197.046: [GC (Allocation Failure) 386527K->20029K(1055104K), 0.0009660 secs]
197.219: [GC (Allocation Failure) 375844K->20143K(1316928K), 0.0006010 secs]
197.530: [GC (Allocation Failure) 637738K->20143K(1295296K), 0.0006870 secs]
197.824: [GC (Allocation Failure) 616097K->20143K(1274624K), 0.0006030 secs]
198.109: [GC (Allocation Failure) 595392K->20143K(1254848K), 0.0005640 secs]
198.378: [GC (Allocation Failure) 575646K->20240K(1236096K), 0.0006850 secs]
198.640: [GC (Allocation Failure) 556947K->20240K(1218112K), 0.0005720 secs]
198.891: [GC (Allocation Failure) 538945K->20240K(1200896K), 0.0006360 secs]
199.134: [GC (Allocation Failure) 521764K->20240K(1184384K), 0.0005780 secs]
199.370: [GC (Allocation Failure) 505346K->20322K(1168704K), 0.0008830 secs]
199.604: [GC (Allocation Failure) 489665K->20338K(1153664K), 0.0005800 secs]
199.833: [GC (Allocation Failure) 474668K->20342K(1139264K), 0.0006260 secs]
200.047: [GC (Allocation Failure) 460201K->20342K(1125440K), 0.0005820 secs]
200.258: [GC (Allocation Failure) 446464K->20440K(1112320K), 0.0006290 secs]
200.457: [GC (Allocation Failure) 433360K->20440K(1099712K), 0.0005740 secs]
200.656: [GC (Allocation Failure) 420791K->20440K(1087616K), 0.0006290 secs]
200.847: [GC (Allocation Failure) 408691K->20440K(1075968K), 0.0007540 secs]
201.030: [GC (Allocation Failure) 397094K->20537K(1064960K), 0.0006150 secs]
201.211: [GC (Allocation Failure) 386138K->20537K(1054336K), 0.0005770 secs]
201.384: [GC (Allocation Failure) 375481K->20537K(1315520K), 0.0007950 secs]
201.683: [GC (Allocation Failure) 636714K->20537K(1293888K), 0.0005760 secs]
201.968: [GC (Allocation Failure) 615144K->20635K(1273344K), 0.0006110 secs]
202.239: [GC (Allocation Failure) 594647K->20619K(1253696K), 0.0008690 secs]
202.510: [GC (Allocation Failure) 574952K->20635K(1234880K), 0.0008260 secs]
202.778: [GC (Allocation Failure) 556120K->20635K(1216896K), 0.0005760 secs]
203.025: [GC (Allocation Failure) 538189K->20717K(1199808K), 0.0012860 secs]
203.272: [GC (Allocation Failure) 521122K->20733K(1183424K), 0.0005750 secs]
203.504: [GC (Allocation Failure) 504777K->20733K(1167744K), 0.0008500 secs]
203.735: [GC (Allocation Failure) 489141K->20733K(1152704K), 0.0006670 secs]
203.954: [GC (Allocation Failure) 474165K->20830K(1138432K), 0.0006350 secs]
204.167: [GC (Allocation Failure) 459880K->20830K(1124736K), 0.0005820 secs]
204.370: [GC (Allocation Failure) 446235K->20830K(1111616K), 0.0006150 secs]
204.574: [GC (Allocation Failure) 433046K->20830K(1099008K), 0.0005800 secs]
204.769: [GC (Allocation Failure) 420517K->20928K(1087040K), 0.0006920 secs]
204.958: [GC (Allocation Failure) 408615K->20928K(1075520K), 0.0007660 secs]
205.144: [GC (Allocation Failure) 397024K->20928K(1064448K), 0.0008080 secs]
205.318: [GC (Allocation Failure) 385957K->20928K(1053760K), 0.0005960 secs]
205.489: [GC (Allocation Failure) 375393K->21026K(1314048K), 0.0006120 secs]
205.789: [GC (Allocation Failure) 635745K->21026K(1292544K), 0.0005760 secs]
206.078: [GC (Allocation Failure) 614224K->21026K(1272000K), 0.0006410 secs]
206.357: [GC (Allocation Failure) 593639K->21026K(1252352K), 0.0006660 secs]
206.633: [GC (Allocation Failure) 574094K->21127K(1233664K), 0.0006090 secs]
206.899: [GC (Allocation Failure) 555415K->21127K(1215744K), 0.0007610 secs]
207.158: [GC (Allocation Failure) 537449K->21127K(1198656K), 0.0008430 secs]
207.409: [GC (Allocation Failure) 520393K->21111K(1182208K), 0.0010260 secs]
207.654: [GC (Allocation Failure) 504057K->21225K(1166720K), 0.0006420 secs]
207.881: [GC (Allocation Failure) 488617K->21225K(1151808K), 0.0006100 secs]
208.098: [GC (Allocation Failure) 473657K->21225K(1137536K), 0.0006170 secs]
208.315: [GC (Allocation Failure) 459415K->21225K(1123776K), 0.0007630 secs]
208.525: [GC (Allocation Failure) 445678K->21323K(1110720K), 0.0006970 secs]
208.728: [GC (Allocation Failure) 432638K->21323K(1098176K), 0.0005720 secs]
208.922: [GC (Allocation Failure) 420102K->21323K(1086144K), 0.0006320 secs]
209.111: [GC (Allocation Failure) 408079K->21323K(1074560K), 0.0005800 secs]
209.298: [GC (Allocation Failure) 396539K->21421K(1063616K), 0.0006230 secs]
209.474: [GC (Allocation Failure) 385687K->21425K(1053056K), 0.0007430 secs]
209.651: [GC (Allocation Failure) 375068K->21425K(1312576K), 0.0006520 secs]
209.948: [GC (Allocation Failure) 634607K->21425K(1291072K), 0.0005750 secs]
210.234: [GC (Allocation Failure) 613216K->21620K(1270656K), 0.0006970 secs]
210.506: [GC (Allocation Failure) 592889K->21620K(1251136K), 0.0012390 secs]
210.775: [GC (Allocation Failure) 573407K->21620K(1232448K), 0.0006190 secs]
211.033: [GC (Allocation Failure) 554674K->21620K(1214528K), 0.0005880 secs]
211.281: [GC (Allocation Failure) 536872K->21718K(1197568K), 0.0007000 secs]
211.522: [GC (Allocation Failure) 519945K->21702K(1181248K), 0.0008760 secs]
211.761: [GC (Allocation Failure) 503616K->21718K(1165696K), 0.0007110 secs]
211.991: [GC (Allocation Failure) 488070K->21718K(1150720K), 0.0006110 secs]
212.214: [GC (Allocation Failure) 473118K->21815K(1136512K), 0.0006300 secs]
212.423: [GC (Allocation Failure) 458917K->21799K(1122880K), 0.0009580 secs]
212.625: [GC (Allocation Failure) 445306K->21815K(1109824K), 0.0006220 secs]
212.826: [GC (Allocation Failure) 432266K->21913K(1097280K), 0.0007910 secs]
213.018: [GC (Allocation Failure) 419884K->22011K(1085376K), 0.0008260 secs]
213.210: [GC (Allocation Failure) 408038K->22011K(1073920K), 0.0005900 secs]
213.392: [GC (Allocation Failure) 396544K->22011K(1062912K), 0.0008160 secs]
213.574: [GC (Allocation Failure) 385535K->22011K(1052288K), 0.0007860 secs]
213.746: [GC (Allocation Failure) 375002K->22108K(1311104K), 0.0006260 secs]
214.046: [GC (Allocation Failure) 633859K->22108K(1289728K), 0.0005830 secs]
214.330: [GC (Allocation Failure) 612470K->22108K(1269312K), 0.0006190 secs]
214.611: [GC (Allocation Failure) 592048K->22108K(1249792K), 0.0005840 secs]
214.879: [GC (Allocation Failure) 572607K->22206K(1231232K), 0.0006410 secs]
215.138: [GC (Allocation Failure) 554066K->22206K(1213440K), 0.0007550 secs]
215.381: [GC (Allocation Failure) 536292K->22206K(1196480K), 0.0006300 secs]
215.625: [GC (Allocation Failure) 519358K->22206K(1180160K), 0.0005910 secs]
215.856: [GC (Allocation Failure) 503102K->22304K(1164672K), 0.0006220 secs]
216.078: [GC (Allocation Failure) 487592K->22304K(1149824K), 0.0006190 secs]
216.295: [GC (Allocation Failure) 472781K->22304K(1135616K), 0.0006350 secs]
216.508: [GC (Allocation Failure) 458531K->22304K(1121984K), 0.0006750 secs]
216.717: [GC (Allocation Failure) 445017K->22401K(1109056K), 0.0007090 secs]
216.915: [GC (Allocation Failure) 432053K->22401K(1096576K), 0.0006130 secs]
217.108: [GC (Allocation Failure) 419644K->22401K(1084672K), 0.0006330 secs]
217.297: [GC (Allocation Failure) 407651K->22401K(1073152K), 0.0005960 secs]
217.482: [GC (Allocation Failure) 396200K->22499K(1062272K), 0.0007480 secs]
217.662: [GC (Allocation Failure) 385383K->22499K(1051776K), 0.0005980 secs]
217.834: [GC (Allocation Failure) 374913K->22499K(1309696K), 0.0006460 secs]
218.137: [GC (Allocation Failure) 632785K->22499K(1288320K), 0.0005940 secs]
218.422: [GC (Allocation Failure) 611475K->22597K(1268032K), 0.0006240 secs]
218.698: [GC (Allocation Failure) 591264K->22597K(1248576K), 0.0007830 secs]
218.971: [GC (Allocation Failure) 571772K->22601K(1230016K), 0.0006290 secs]
219.232: [GC (Allocation Failure) 553202K->22601K(1212224K), 0.0005890 secs]
219.483: [GC (Allocation Failure) 535539K->22698K(1195328K), 0.0006510 secs]
219.728: [GC (Allocation Failure) 518610K->22698K(1179136K), 0.0005900 secs]
219.964: [GC (Allocation Failure) 502497K->22698K(1163648K), 0.0008280 secs]
220.193: [GC (Allocation Failure) 486930K->22698K(1148800K), 0.0005960 secs]
220.412: [GC (Allocation Failure) 472183K->22796K(1134720K), 0.0006290 secs]
220.624: [GC (Allocation Failure) 458126K->22796K(1121152K), 0.0005930 secs]
220.834: [GC (Allocation Failure) 444534K->22796K(1108160K), 0.0006310 secs]
221.035: [GC (Allocation Failure) 431539K->22796K(1095680K), 0.0005930 secs]
221.234: [GC (Allocation Failure) 419141K->22894K(1083840K), 0.0006310 secs]
221.418: [GC (Allocation Failure) 407378K->22894K(1072448K), 0.0007710 secs]
221.601: [GC (Allocation Failure) 395990K->22878K(1061504K), 0.0012980 secs]
221.783: [GC (Allocation Failure) 385027K->22894K(1050944K), 0.0006150 secs]
221.958: [GC (Allocation Failure) 374572K->22991K(1308224K), 0.0006450 secs]
222.251: [GC (Allocation Failure) 631831K->22975K(1286976K), 0.0010080 secs]
222.542: [GC (Allocation Failure) 610559K->22991K(1266688K), 0.0006350 secs]
222.819: [GC (Allocation Failure) 590289K->22991K(1247232K), 0.0006050 secs]
223.093: [GC (Allocation Failure) 570925K->23089K(1228800K), 0.0008250 secs]
223.351: [GC (Allocation Failure) 552517K->23089K(1211136K), 0.0005960 secs]
223.607: [GC (Allocation Failure) 534829K->23089K(1194240K), 0.0006370 secs]
223.850: [GC (Allocation Failure) 517976K->23089K(1178048K), 0.0006830 secs]
224.083: [GC (Allocation Failure) 501790K->23187K(1162688K), 0.0008300 secs]
224.313: [GC (Allocation Failure) 486507K->23187K(1147904K), 0.0007800 secs]
224.537: [GC (Allocation Failure) 471695K->23187K(1133760K), 0.0006370 secs]
224.746: [GC (Allocation Failure) 457550K->23187K(1120192K), 0.0006000 secs]
224.955: [GC (Allocation Failure) 444053K->23284K(1107328K), 0.0006690 secs]
225.153: [GC (Allocation Failure) 431274K->23284K(1094912K), 0.0005960 secs]
225.347: [GC (Allocation Failure) 418791K->23284K(1083072K), 0.0007260 secs]
225.537: [GC (Allocation Failure) 406935K->23284K(1071616K), 0.0006100 secs]
225.721: [GC (Allocation Failure) 395580K->23382K(1060800K), 0.0006410 secs]
225.899: [GC (Allocation Failure) 384807K->23382K(1050368K), 0.0005930 secs]
226.070: [GC (Allocation Failure) 374418K->23382K(1306816K), 0.0006420 secs]
226.367: [GC (Allocation Failure) 630857K->23382K(1285568K), 0.0005980 secs]
226.650: [GC (Allocation Failure) 609601K->23480K(1265408K), 0.0006330 secs]
226.925: [GC (Allocation Failure) 589534K->23480K(1246080K), 0.0005910 secs]
227.193: [GC (Allocation Failure) 570166K->23480K(1227648K), 0.0008410 secs]
227.461: [GC (Allocation Failure) 551735K->23480K(1209984K), 0.0006120 secs]
227.711: [GC (Allocation Failure) 534194K->23561K(1193216K), 0.0014340 secs]
227.951: [GC (Allocation Failure) 517364K->23577K(1177088K), 0.0006170 secs]
228.178: [GC (Allocation Failure) 501270K->23577K(1161728K), 0.0007370 secs]
228.402: [GC (Allocation Failure) 485921K->23577K(1146944K), 0.0006010 secs]
228.621: [GC (Allocation Failure) 471181K->23675K(1132928K), 0.0006310 secs]
228.834: [GC (Allocation Failure) 457242K->23659K(1119424K), 0.0008930 secs]
229.039: [GC (Allocation Failure) 443755K->23675K(1106496K), 0.0006370 secs]
229.240: [GC (Allocation Failure) 430841K->23675K(1094080K), 0.0006070 secs]
229.426: [GC (Allocation Failure) 418432K->23773K(1082304K), 0.0006400 secs]
229.613: [GC (Allocation Failure) 406686K->23773K(1070976K), 0.0005980 secs]
229.793: [GC (Allocation Failure) 395386K->23773K(1060096K), 0.0006380 secs]
229.974: [GC (Allocation Failure) 384513K->23773K(1049600K), 0.0006080 secs]
230.144: [GC (Allocation Failure) 374025K->23870K(1305344K), 0.0006350 secs]
230.438: [GC (Allocation Failure) 629870K->23870K(1284224K), 0.0005990 secs]
230.721: [GC (Allocation Failure) 608757K->23870K(1264064K), 0.0006370 secs]
230.994: [GC (Allocation Failure) 588560K->23870K(1244736K), 0.0007150 secs]
231.263: [GC (Allocation Failure) 569320K->23968K(1226432K), 0.0007400 secs]
231.520: [GC (Allocation Failure) 550987K->23968K(1208832K), 0.0006040 secs]
231.775: [GC (Allocation Failure) 533469K->23968K(1192064K), 0.0006420 secs]
232.019: [GC (Allocation Failure) 516700K->23968K(1175936K), 0.0006210 secs]
232.251: [GC (Allocation Failure) 500633K->24066K(1160640K), 0.0006360 secs]
232.478: [GC (Allocation Failure) 485302K->24050K(1145984K), 0.0013050 secs]
232.698: [GC (Allocation Failure) 470682K->24066K(1131968K), 0.0006520 secs]
232.912: [GC (Allocation Failure) 456636K->24066K(1118464K), 0.0006010 secs]
233.118: [GC (Allocation Failure) 443187K->24163K(1105664K), 0.0008470 secs]
233.314: [GC (Allocation Failure) 430419K->24163K(1093376K), 0.0006080 secs]
233.505: [GC (Allocation Failure) 418146K->24147K(1081600K), 0.0009240 secs]
233.694: [GC (Allocation Failure) 406367K->24163K(1070208K), 0.0007050 secs]
233.870: [GC (Allocation Failure) 395024K->24261K(1059456K), 0.0006450 secs]
234.053: [GC (Allocation Failure) 384314K->24261K(1049088K), 0.0006040 secs]
234.230: [GC (Allocation Failure) 374018K->24261K(1303936K), 0.0008590 secs]
234.524: [GC (Allocation Failure) 628831K->24261K(1282816K), 0.0006030 secs]
234.817: [GC (Allocation Failure) 607749K->24359K(1262784K), 0.0006350 secs]
235.095: [GC (Allocation Failure) 587726K->24359K(1243584K), 0.0007900 secs]
235.358: [GC (Allocation Failure) 568534K->24359K(1225280K), 0.0006440 secs]
235.610: [GC (Allocation Failure) 550261K->24359K(1207680K), 0.0006110 secs]
235.861: [GC (Allocation Failure) 532741K->24456K(1190976K), 0.0006410 secs]
236.102: [GC (Allocation Failure) 516031K->24456K(1174976K), 0.0006080 secs]
236.331: [GC (Allocation Failure) 500053K->24456K(1159680K), 0.0006470 secs]
236.562: [GC (Allocation Failure) 484711K->24456K(1144960K), 0.0007250 secs]
236.782: [GC (Allocation Failure) 470149K->24538K(1131008K), 0.0009700 secs]
236.990: [GC (Allocation Failure) 456122K->24554K(1117632K), 0.0006320 secs]
237.193: [GC (Allocation Failure) 442801K->24554K(1104832K), 0.0006390 secs]
237.391: [GC (Allocation Failure) 430024K->24554K(1092480K), 0.0006110 secs]
237.591: [GC (Allocation Failure) 417678K->24652K(1080768K), 0.0006390 secs]
237.774: [GC (Allocation Failure) 406016K->24652K(1069504K), 0.0006090 secs]
237.961: [GC (Allocation Failure) 394781K->24652K(1058688K), 0.0008570 secs]
238.138: [GC (Allocation Failure) 383996K->24652K(1048256K), 0.0006290 secs]
238.307: [GC (Allocation Failure) 373594K->24749K(1302464K), 0.0006420 secs]
238.602: [GC (Allocation Failure) 627856K->24749K(1281472K), 0.0006220 secs]
238.888: [GC (Allocation Failure) 606811K->24749K(1261440K), 0.0006450 secs]
239.160: [GC (Allocation Failure) 586793K->24749K(1242240K), 0.0006320 secs]
239.425: [GC (Allocation Failure) 567646K->24847K(1224000K), 0.0007280 secs]
239.687: [GC (Allocation Failure) 549466K->24847K(1206528K), 0.0007960 secs]
239.934: [GC (Allocation Failure) 532016K->24847K(1189824K), 0.0006530 secs]
240.174: [GC (Allocation Failure) 515296K->24847K(1173824K), 0.0006210 secs]
240.406: [GC (Allocation Failure) 499332K->24929K(1158656K), 0.0009350 secs]
240.629: [GC (Allocation Failure) 484183K->24945K(1144064K), 0.0006040 secs]
240.844: [GC (Allocation Failure) 469663K->24945K(1130112K), 0.0008450 secs]
241.053: [GC (Allocation Failure) 455693K->24945K(1116672K), 0.0005990 secs]
241.264: [GC (Allocation Failure) 442342K->25042K(1103936K), 0.0008690 secs]
241.461: [GC (Allocation Failure) 429573K->25042K(1091712K), 0.0006150 secs]
241.658: [GC (Allocation Failure) 417364K->25042K(1080000K), 0.0007390 secs]
241.845: [GC (Allocation Failure) 405678K->25042K(1068672K), 0.0008680 secs]
242.025: [GC (Allocation Failure) 394361K->25140K(1057984K), 0.0006430 secs]
242.198: [GC (Allocation Failure) 383796K->25140K(1301056K), 0.0006170 secs]
242.493: [GC (Allocation Failure) 626865K->25140K(1280128K), 0.0007300 secs]
242.776: [GC (Allocation Failure) 605903K->25140K(1260096K), 0.0006130 secs]
243.049: [GC (Allocation Failure) 585968K->25238K(1241088K), 0.0006530 secs]
243.317: [GC (Allocation Failure) 566928K->25238K(1222848K), 0.0008070 secs]
243.575: [GC (Allocation Failure) 548691K->25238K(1205440K), 0.0008930 secs]
243.827: [GC (Allocation Failure) 531297K->25238K(1188736K), 0.0008050 secs]
244.071: [GC (Allocation Failure) 514624K->25335K(1172864K), 0.0006380 secs]
244.302: [GC (Allocation Failure) 498802K->25335K(1157632K), 0.0006190 secs]
244.524: [GC (Allocation Failure) 483560K->25335K(1143104K), 0.0006520 secs]
244.743: [GC (Allocation Failure) 469019K->25335K(1129152K), 0.0008070 secs]
244.953: [GC (Allocation Failure) 455150K->25433K(1115904K), 0.0006610 secs]
245.153: [GC (Allocation Failure) 441978K->25433K(1103168K), 0.0006170 secs]
245.349: [GC (Allocation Failure) 429182K->25433K(1090944K), 0.0006440 secs]
245.539: [GC (Allocation Failure) 416981K->25433K(1079168K), 0.0008020 secs]
245.725: [GC (Allocation Failure) 405305K->25531K(1068032K), 0.0006420 secs]
245.903: [GC (Allocation Failure) 394196K->25531K(1057280K), 0.0008110 secs]
246.079: [GC (Allocation Failure) 383431K->25531K(1299776K), 0.0006540 secs]
246.375: [GC (Allocation Failure) 625902K->25531K(1278848K), 0.0007760 secs]
246.657: [GC (Allocation Failure) 605037K->25628K(1259008K), 0.0007410 secs]
246.937: [GC (Allocation Failure) 585295K->25612K(1240000K), 0.0011480 secs]
247.199: [GC (Allocation Failure) 566249K->25628K(1221824K), 0.0006710 secs]
247.455: [GC (Allocation Failure) 548072K->25628K(1204416K), 0.0007450 secs]
247.711: [GC (Allocation Failure) 530743K->25726K(1187904K), 0.0006660 secs]
247.944: [GC (Allocation Failure) 514234K->25726K(1172032K), 0.0006090 secs]
248.177: [GC (Allocation Failure) 498398K->25726K(1156864K), 0.0007450 secs]
248.398: [GC (Allocation Failure) 483179K->25726K(1142272K), 0.0006250 secs]
248.612: [GC (Allocation Failure) 468663K->25824K(1128448K), 0.0006510 secs]
248.816: [GC (Allocation Failure) 454849K->25824K(1115136K), 0.0006130 secs]
249.020: [GC (Allocation Failure) 441579K->25824K(1102400K), 0.0006530 secs]
249.214: [GC (Allocation Failure) 428850K->25824K(1090176K), 0.0006220 secs]
249.403: [GC (Allocation Failure) 416720K->25921K(1078592K), 0.0008920 secs]
249.595: [GC (Allocation Failure) 405121K->25921K(1067392K), 0.0006260 secs]
249.772: [GC (Allocation Failure) 393954K->25921K(1056704K), 0.0006550 secs]
249.946: [GC (Allocation Failure) 383285K->25921K(1298240K), 0.0006180 secs]
250.230: [GC (Allocation Failure) 624847K->26019K(1277504K), 0.0006510 secs]
250.510: [GC (Allocation Failure) 604103K->26019K(1257664K), 0.0008090 secs]
250.784: [GC (Allocation Failure) 584348K->26019K(1238720K), 0.0007500 secs]
251.047: [GC (Allocation Failure) 565360K->26019K(1220544K), 0.0006240 secs]
251.304: [GC (Allocation Failure) 547299K->26117K(1203328K), 0.0006440 secs]
251.551: [GC (Allocation Failure) 530083K->26117K(1186752K), 0.0006200 secs]
251.788: [GC (Allocation Failure) 513484K->26117K(1170944K), 0.0006540 secs]
252.016: [GC (Allocation Failure) 497731K->26101K(1155712K), 0.0010470 secs]
252.241: [GC (Allocation Failure) 482583K->26214K(1141376K), 0.0008720 secs]
252.460: [GC (Allocation Failure) 468253K->26214K(1127552K), 0.0006470 secs]
252.672: [GC (Allocation Failure) 454349K->26198K(1114304K), 0.0013860 secs]
252.872: [GC (Allocation Failure) 441107K->26214K(1101568K), 0.0006170 secs]
253.065: [GC (Allocation Failure) 428480K->26312K(1089472K), 0.0006600 secs]
253.257: [GC (Allocation Failure) 416453K->26312K(1077824K), 0.0006170 secs]
253.444: [GC (Allocation Failure) 404719K->26312K(1066688K), 0.0008670 secs]
253.627: [GC (Allocation Failure) 393605K->26312K(1055936K), 0.0006400 secs]
253.799: [GC (Allocation Failure) 382908K->26410K(1296960K), 0.0007480 secs]
254.090: [GC (Allocation Failure) 623973K->26410K(1276224K), 0.0008180 secs]
254.380: [GC (Allocation Failure) 603291K->26410K(1256448K), 0.0006530 secs]
254.655: [GC (Allocation Failure) 583451K->26410K(1237504K), 0.0008150 secs]
254.915: [GC (Allocation Failure) 564606K->26491K(1219520K), 0.0009730 secs]
255.174: [GC (Allocation Failure) 546615K->26507K(1202240K), 0.0006230 secs]
255.412: [GC (Allocation Failure) 529385K->26491K(1185728K), 0.0013860 secs]
255.646: [GC (Allocation Failure) 512862K->26507K(1169920K), 0.0006310 secs]
255.877: [GC (Allocation Failure) 497090K->26605K(1154880K), 0.0006590 secs]
256.098: [GC (Allocation Failure) 482126K->26605K(1140480K), 0.0006220 secs]
256.307: [GC (Allocation Failure) 467679K->26589K(1126656K), 0.0009770 secs]
256.514: [GC (Allocation Failure) 453841K->26605K(1113408K), 0.0006560 secs]
256.719: [GC (Allocation Failure) 440723K->26687K(1100800K), 0.0009130 secs]
256.917: [GC (Allocation Failure) 428117K->26703K(1088704K), 0.0006240 secs]
257.102: [GC (Allocation Failure) 416044K->26687K(1077120K), 0.0014900 secs]
257.288: [GC (Allocation Failure) 404460K->26703K(1065920K), 0.0006200 secs]
257.477: [GC (Allocation Failure) 393265K->26784K(1055296K), 0.0011350 secs]
257.648: [GC (Allocation Failure) 382677K->26800K(1295552K), 0.0006220 secs]
257.939: [GC (Allocation Failure) 622940K->26800K(1274880K), 0.0007370 secs]
258.217: [GC (Allocation Failure) 602329K->26800K(1255104K), 0.0006220 secs]
258.489: [GC (Allocation Failure) 582623K->26898K(1236288K), 0.0006590 secs]
258.752: [GC (Allocation Failure) 563808K->26898K(1218304K), 0.0006160 secs]
259.011: [GC (Allocation Failure) 545868K->26898K(1201088K), 0.0006640 secs]
259.251: [GC (Allocation Failure) 528586K->26898K(1184576K), 0.0006260 secs]
259.487: [GC (Allocation Failure) 512118K->26996K(1168896K), 0.0007510 secs]
259.720: [GC (Allocation Failure) 496555K->26996K(1153856K), 0.0008120 secs]
259.942: [GC (Allocation Failure) 481493K->26996K(1139456K), 0.0006660 secs]
260.152: [GC (Allocation Failure) 467075K->26996K(1125632K), 0.0006380 secs]
260.357: [GC (Allocation Failure) 453274K->27093K(1112512K), 0.0006570 secs]
260.555: [GC (Allocation Failure) 440193K->27093K(1099904K), 0.0006210 secs]
260.746: [GC (Allocation Failure) 427647K->27077K(1087808K), 0.0014110 secs]
260.939: [GC (Allocation Failure) 415552K->27093K(1076160K), 0.0007410 secs]
261.120: [GC (Allocation Failure) 403901K->27191K(1065152K), 0.0006570 secs]
261.297: [GC (Allocation Failure) 392929K->27191K(1054528K), 0.0006260 secs]
261.470: [GC (Allocation Failure) 382344K->27191K(1294272K), 0.0006680 secs]
261.771: [GC (Allocation Failure) 622062K->27175K(1273536K), 0.0014630 secs]
262.053: [GC (Allocation Failure) 601483K->27289K(1253952K), 0.0008630 secs]
262.329: [GC (Allocation Failure) 581828K->27273K(1235136K), 0.0014740 secs]
262.589: [GC (Allocation Failure) 563021K->27293K(1217152K), 0.0006700 secs]
262.841: [GC (Allocation Failure) 545026K->27293K(1199936K), 0.0006190 secs]
263.081: [GC (Allocation Failure) 527933K->27390K(1183616K), 0.0006660 secs]
263.321: [GC (Allocation Failure) 511589K->27390K(1167936K), 0.0008280 secs]
263.550: [GC (Allocation Failure) 495933K->27390K(1152960K), 0.0006700 secs]
263.775: [GC (Allocation Failure) 480969K->27390K(1138560K), 0.0006290 secs]
263.990: [GC (Allocation Failure) 466652K->27488K(1124928K), 0.0006670 secs]
264.194: [GC (Allocation Failure) 453079K->27488K(1111808K), 0.0006270 secs]
264.394: [GC (Allocation Failure) 439873K->27488K(1099200K), 0.0006620 secs]
264.583: [GC (Allocation Failure) 427360K->27488K(1087104K), 0.0006270 secs]
264.769: [GC (Allocation Failure) 415263K->27586K(1075648K), 0.0006740 secs]
264.949: [GC (Allocation Failure) 403891K->27586K(1064576K), 0.0006310 secs]
265.123: [GC (Allocation Failure) 392762K->27586K(1053952K), 0.0008690 secs]
265.296: [GC (Allocation Failure) 382129K->27586K(1292672K), 0.0006300 secs]
265.587: [GC (Allocation Failure) 620913K->27684K(1272192K), 0.0008990 secs]
265.868: [GC (Allocation Failure) 600540K->27684K(1252544K), 0.0006230 secs]
266.138: [GC (Allocation Failure) 580886K->27684K(1233792K), 0.0008830 secs]
266.401: [GC (Allocation Failure) 562084K->27684K(1215808K), 0.0007360 secs]
266.649: [GC (Allocation Failure) 544147K->27781K(1198784K), 0.0006680 secs]
266.891: [GC (Allocation Failure) 527163K->27781K(1182464K), 0.0006280 secs]
267.127: [GC (Allocation Failure) 510903K->27781K(1166848K), 0.0006760 secs]
267.355: [GC (Allocation Failure) 495228K->27765K(1151744K), 0.0013170 secs]
267.581: [GC (Allocation Failure) 480308K->27879K(1137600K), 0.0006660 secs]
267.792: [GC (Allocation Failure) 466103K->27879K(1123904K), 0.0006590 secs]
267.993: [GC (Allocation Failure) 452395K->27879K(1110784K), 0.0006660 secs]
268.194: [GC (Allocation Failure) 439318K->27879K(1098176K), 0.0006310 secs]
268.389: [GC (Allocation Failure) 426768K->27977K(1086208K), 0.0006660 secs]
268.571: [GC (Allocation Failure) 414776K->27977K(1074688K), 0.0006260 secs]
268.748: [GC (Allocation Failure) 403258K->27977K(1063680K), 0.0006680 secs]
268.926: [GC (Allocation Failure) 392289K->27977K(1053056K), 0.0006330 secs]
269.097: [GC (Allocation Failure) 381688K->28074K(1291392K), 0.0006650 secs]
269.386: [GC (Allocation Failure) 620118K->28074K(1270912K), 0.0007970 secs]
269.659: [GC (Allocation Failure) 599618K->28074K(1251328K), 0.0006730 secs]
269.935: [GC (Allocation Failure) 580067K->28074K(1232576K), 0.0006320 secs]
270.198: [GC (Allocation Failure) 561382K->28172K(1214784K), 0.0006790 secs]
270.453: [GC (Allocation Failure) 543619K->28172K(1197760K), 0.0008430 secs]
270.696: [GC (Allocation Failure) 526517K->28172K(1181440K), 0.0006680 secs]
270.927: [GC (Allocation Failure) 510266K->28172K(1165824K), 0.0006320 secs]
271.154: [GC (Allocation Failure) 494702K->28270K(1150976K), 0.0006630 secs]
271.372: [GC (Allocation Failure) 479908K->28270K(1136704K), 0.0006350 secs]
271.586: [GC (Allocation Failure) 465568K->28270K(1123072K), 0.0006900 secs]
271.796: [GC (Allocation Failure) 451961K->28270K(1109952K), 0.0006370 secs]
271.996: [GC (Allocation Failure) 438913K->28367K(1097536K), 0.0006730 secs]
272.193: [GC (Allocation Failure) 426484K->28367K(1085568K), 0.0007160 secs]
272.384: [GC (Allocation Failure) 414595K->28351K(1074112K), 0.0010750 secs]
272.567: [GC (Allocation Failure) 403101K->28367K(1063040K), 0.0006610 secs]
272.746: [GC (Allocation Failure) 392063K->28449K(1052544K), 0.0015430 secs]
272.918: [GC (Allocation Failure) 381659K->28465K(1289984K), 0.0006610 secs]
273.206: [GC (Allocation Failure) 619062K->28465K(1269568K), 0.0007850 secs]
273.478: [GC (Allocation Failure) 598611K->28465K(1249984K), 0.0006570 secs]
273.749: [GC (Allocation Failure) 579101K->28563K(1231424K), 0.0006700 secs]
274.011: [GC (Allocation Failure) 560648K->28563K(1213632K), 0.0006600 secs]
274.257: [GC (Allocation Failure) 542811K->28547K(1196608K), 0.0009920 secs]
274.496: [GC (Allocation Failure) 525732K->28563K(1180288K), 0.0006370 secs]
274.723: [GC (Allocation Failure) 509503K->28660K(1164800K), 0.0006680 secs]
274.946: [GC (Allocation Failure) 494089K->28660K(1149952K), 0.0006270 secs]
275.162: [GC (Allocation Failure) 479221K->28660K(1135744K), 0.0006780 secs]
275.372: [GC (Allocation Failure) 465016K->28660K(1122112K), 0.0006360 secs]
275.578: [GC (Allocation Failure) 451478K->28758K(1109184K), 0.0006740 secs]
275.782: [GC (Allocation Failure) 438600K->28758K(1096704K), 0.0006460 secs]
275.977: [GC (Allocation Failure) 426110K->28758K(1084736K), 0.0007650 secs]
276.169: [GC (Allocation Failure) 414120K->28758K(1073216K), 0.0006380 secs]
276.358: [GC (Allocation Failure) 402709K->28856K(1062336K), 0.0006590 secs]
276.536: [GC (Allocation Failure) 391783K->28856K(1051840K), 0.0006400 secs]
276.708: [GC (Allocation Failure) 381276K->28840K(1288704K), 0.0014480 secs]
276.997: [GC (Allocation Failure) 618121K->28856K(1268288K), 0.0006560 secs]
277.275: [GC (Allocation Failure) 597800K->28953K(1248896K), 0.0006720 secs]
277.548: [GC (Allocation Failure) 578466K->28953K(1230336K), 0.0006400 secs]
277.805: [GC (Allocation Failure) 559952K->28953K(1212608K), 0.0006770 secs]
278.052: [GC (Allocation Failure) 542169K->28953K(1195584K), 0.0006460 secs]
278.291: [GC (Allocation Failure) 525237K->29051K(1179456K), 0.0008890 secs]
278.531: [GC (Allocation Failure) 509179K->29051K(1163968K), 0.0007310 secs]
278.756: [GC (Allocation Failure) 493669K->29035K(1149120K), 0.0012050 secs]
278.977: [GC (Allocation Failure) 478779K->29051K(1134912K), 0.0007420 secs]
279.190: [GC (Allocation Failure) 464623K->29149K(1121408K), 0.0006790 secs]
279.394: [GC (Allocation Failure) 451202K->29149K(1108416K), 0.0008650 secs]
279.601: [GC (Allocation Failure) 438186K->29133K(1096000K), 0.0014490 secs]
279.793: [GC (Allocation Failure) 425732K->29149K(1084032K), 0.0006410 secs]
279.981: [GC (Allocation Failure) 413887K->29246K(1072704K), 0.0009030 secs]
280.161: [GC (Allocation Failure) 402577K->29246K(1061760K), 0.0008430 secs]
280.335: [GC (Allocation Failure) 391616K->29246K(1051264K), 0.0007080 secs]
280.506: [GC (Allocation Failure) 381176K->29246K(1287168K), 0.0008720 secs]
280.790: [GC (Allocation Failure) 617122K->29344K(1266944K), 0.0009330 secs]
281.064: [GC (Allocation Failure) 596916K->29344K(1247552K), 0.0006380 secs]
281.329: [GC (Allocation Failure) 577547K->29344K(1229056K), 0.0006800 secs]
281.587: [GC (Allocation Failure) 559040K->29344K(1211328K), 0.0006370 secs]
281.832: [GC (Allocation Failure) 541384K->29442K(1194496K), 0.0006780 secs]
282.078: [GC (Allocation Failure) 524555K->29442K(1178368K), 0.0007230 secs]
282.307: [GC (Allocation Failure) 508450K->29442K(1162944K), 0.0006790 secs]
282.530: [GC (Allocation Failure) 492961K->29442K(1148096K), 0.0006450 secs]
282.751: [GC (Allocation Failure) 478254K->29523K(1134016K), 0.0011330 secs]
282.964: [GC (Allocation Failure) 464176K->29539K(1120512K), 0.0006400 secs]
283.173: [GC (Allocation Failure) 450681K->29539K(1107584K), 0.0007000 secs]
283.373: [GC (Allocation Failure) 437741K->29539K(1095104K), 0.0006610 secs]
283.562: [GC (Allocation Failure) 425313K->29637K(1083264K), 0.0007000 secs]
283.744: [GC (Allocation Failure) 413546K->29637K(1071872K), 0.0006320 secs]
283.925: [GC (Allocation Failure) 402103K->29637K(1060992K), 0.0006800 secs]
284.096: [GC (Allocation Failure) 391235K->29637K(1050496K), 0.0006550 secs]
284.271: [GC (Allocation Failure) 380795K->29735K(1285952K), 0.0009260 secs]
284.561: [GC (Allocation Failure) 616283K->29735K(1265728K), 0.0006440 secs]
284.833: [GC (Allocation Failure) 596058K->29735K(1246400K), 0.0007030 secs]
285.104: [GC (Allocation Failure) 576747K->29735K(1227904K), 0.0006410 secs]
285.355: [GC (Allocation Failure) 558305K->29832K(1210304K), 0.0006810 secs]
285.603: [GC (Allocation Failure) 540808K->29832K(1193472K), 0.0008510 secs]
285.843: [GC (Allocation Failure) 523938K->29832K(1177344K), 0.0007140 secs]
286.077: [GC (Allocation Failure) 507848K->29832K(1161856K), 0.0006730 secs]
286.305: [GC (Allocation Failure) 492407K->29930K(1147200K), 0.0006850 secs]
286.524: [GC (Allocation Failure) 477772K->29930K(1133120K), 0.0006450 secs]
286.736: [GC (Allocation Failure) 463670K->29930K(1119616K), 0.0009270 secs]
286.949: [GC (Allocation Failure) 450121K->29930K(1106624K), 0.0006480 secs]
287.145: [GC (Allocation Failure) 437235K->30028K(1094336K), 0.0009060 secs]
287.341: [GC (Allocation Failure) 425006K->30028K(1082496K), 0.0007460 secs]
287.533: [GC (Allocation Failure) 413174K->30028K(1071168K), 0.0007910 secs]
287.714: [GC (Allocation Failure) 401852K->30028K(1060224K), 0.0006450 secs]
287.885: [GC (Allocation Failure) 390949K->30129K(1049856K), 0.0015380 secs]
288.061: [GC (Allocation Failure) 380638K->30129K(1284544K), 0.0008640 secs]
288.349: [GC (Allocation Failure) 615253K->30129K(1264384K), 0.0006850 secs]
288.628: [GC (Allocation Failure) 595098K->30129K(1245056K), 0.0006470 secs]
288.894: [GC (Allocation Failure) 575844K->30227K(1226688K), 0.0006950 secs]
289.148: [GC (Allocation Failure) 557519K->30227K(1209088K), 0.0006480 secs]
289.399: [GC (Allocation Failure) 539961K->30227K(1192320K), 0.0007080 secs]
289.641: [GC (Allocation Failure) 523180K->30227K(1176192K), 0.0008740 secs]
289.876: [GC (Allocation Failure) 507077K->30325K(1160896K), 0.0006910 secs]
290.104: [GC (Allocation Failure) 491880K->30325K(1146240K), 0.0008840 secs]
290.325: [GC (Allocation Failure) 477161K->30325K(1132160K), 0.0007900 secs]
290.537: [GC (Allocation Failure) 463085K->30325K(1118656K), 0.0006430 secs]
290.740: [GC (Allocation Failure) 449645K->30422K(1105856K), 0.0006920 secs]
290.943: [GC (Allocation Failure) 436870K->30422K(1093504K), 0.0006560 secs]
291.138: [GC (Allocation Failure) 424512K->30422K(1081728K), 0.0007070 secs]
291.322: [GC (Allocation Failure) 412773K->30422K(1070336K), 0.0007590 secs]
291.502: [GC (Allocation Failure) 401416K->30520K(1059584K), 0.0010140 secs]
291.682: [GC (Allocation Failure) 390728K->30520K(1049216K), 0.0006610 secs]
291.851: [GC (Allocation Failure) 380360K->30520K(1283264K), 0.0009260 secs]
292.135: [GC (Allocation Failure) 614450K->30520K(1263104K), 0.0006460 secs]
292.410: [GC (Allocation Failure) 594302K->30618K(1243968K), 0.0006940 secs]
292.682: [GC (Allocation Failure) 575189K->30618K(1225600K), 0.0009120 secs]
292.940: [GC (Allocation Failure) 556875K->30602K(1208064K), 0.0010970 secs]
293.187: [GC (Allocation Failure) 539272K->30618K(1191232K), 0.0006500 secs]
293.427: [GC (Allocation Failure) 522521K->30715K(1175296K), 0.0009140 secs]
293.663: [GC (Allocation Failure) 506626K->30715K(1160000K), 0.0006600 secs]
293.885: [GC (Allocation Failure) 491298K->30715K(1145344K), 0.0007950 secs]
294.108: [GC (Allocation Failure) 476686K->30715K(1131264K), 0.0006600 secs]
294.313: [GC (Allocation Failure) 462657K->30813K(1117888K), 0.0006950 secs]
294.524: [GC (Allocation Failure) 449298K->30813K(1105024K), 0.0006530 secs]
294.724: [GC (Allocation Failure) 436472K->30813K(1092736K), 0.0009130 secs]
294.918: [GC (Allocation Failure) 424202K->30813K(1080896K), 0.0006500 secs]
295.099: [GC (Allocation Failure) 412398K->30911K(1069696K), 0.0006770 secs]
295.283: [GC (Allocation Failure) 401234K->30911K(1058880K), 0.0009030 secs]
295.457: [GC (Allocation Failure) 390447K->30911K(1048512K), 0.0006980 secs]
295.627: [GC (Allocation Failure) 380038K->30911K(1281728K), 0.0008780 secs]
295.913: [GC (Allocation Failure) 613336K->31008K(1261760K), 0.0006830 secs]
296.191: [GC (Allocation Failure) 593370K->31008K(1242624K), 0.0008930 secs]
296.454: [GC (Allocation Failure) 574234K->31008K(1224320K), 0.0006940 secs]
296.717: [GC (Allocation Failure) 555906K->30992K(1206720K), 0.0015670 secs]
296.969: [GC (Allocation Failure) 538457K->31106K(1190144K), 0.0006850 secs]
297.213: [GC (Allocation Failure) 521851K->31106K(1174208K), 0.0006840 secs]
297.441: [GC (Allocation Failure) 505961K->31106K(1158912K), 0.0007070 secs]
297.671: [GC (Allocation Failure) 490642K->31106K(1144256K), 0.0007600 secs]
297.894: [GC (Allocation Failure) 476053K->31204K(1130368K), 0.0007040 secs]
298.110: [GC (Allocation Failure) 462193K->31188K(1116992K), 0.0015380 secs]
298.316: [GC (Allocation Failure) 448833K->31204K(1104192K), 0.0009260 secs]
298.515: [GC (Allocation Failure) 436055K->31204K(1091904K), 0.0006520 secs]
298.707: [GC (Allocation Failure) 423750K->31301K(1080256K), 0.0008900 secs]
298.895: [GC (Allocation Failure) 412207K->31301K(1068992K), 0.0009050 secs]
299.075: [GC (Allocation Failure) 400933K->31301K(1058240K), 0.0007140 secs]
299.249: [GC (Allocation Failure) 390175K->31285K(1280256K), 0.0016090 secs]
299.534: [GC (Allocation Failure) 612335K->31399K(1260416K), 0.0007650 secs]
299.811: [GC (Allocation Failure) 592481K->31399K(1241344K), 0.0007050 secs]
300.081: [GC (Allocation Failure) 573413K->31399K(1223104K), 0.0006910 secs]
300.334: [GC (Allocation Failure) 555142K->31399K(1205632K), 0.0006580 secs]
300.578: [GC (Allocation Failure) 537740K->31497K(1189056K), 0.0007840 secs]
300.820: [GC (Allocation Failure) 521129K->31497K(1173120K), 0.0006620 secs]
301.052: [GC (Allocation Failure) 505255K->31481K(1157888K), 0.0010310 secs]
301.285: [GC (Allocation Failure) 489998K->31497K(1143296K), 0.0006660 secs]
301.508: [GC (Allocation Failure) 475455K->31578K(1129408K), 0.0010580 secs]
301.716: [GC (Allocation Failure) 461582K->31594K(1116096K), 0.0006640 secs]
301.919: [GC (Allocation Failure) 448343K->31594K(1103360K), 0.0009670 secs]
302.114: [GC (Allocation Failure) 435550K->31594K(1091072K), 0.0006630 secs]
302.305: [GC (Allocation Failure) 423380K->31692K(1079424K), 0.0009360 secs]
302.490: [GC (Allocation Failure) 411750K->31692K(1068224K), 0.0007630 secs]
302.671: [GC (Allocation Failure) 400539K->31692K(1057472K), 0.0007000 secs]
302.854: [GC (Allocation Failure) 389780K->31692K(1279040K), 0.0006590 secs]
303.129: [GC (Allocation Failure) 611456K->31774K(1259200K), 0.0010950 secs]
303.398: [GC (Allocation Failure) 591603K->31790K(1240192K), 0.0006750 secs]
303.661: [GC (Allocation Failure) 572575K->31790K(1222016K), 0.0007050 secs]
303.911: [GC (Allocation Failure) 554401K->31790K(1204608K), 0.0006520 secs]
304.156: [GC (Allocation Failure) 537048K->31887K(1188096K), 0.0006930 secs]
304.393: [GC (Allocation Failure) 520584K->31887K(1172224K), 0.0006580 secs]
304.622: [GC (Allocation Failure) 504687K->31887K(1157056K), 0.0007040 secs]
304.851: [GC (Allocation Failure) 489580K->31887K(1142464K), 0.0008850 secs]
305.072: [GC (Allocation Failure) 475066K->31985K(1128640K), 0.0007940 secs]
305.281: [GC (Allocation Failure) 461230K->31985K(1115328K), 0.0006540 secs]
305.486: [GC (Allocation Failure) 447910K->31985K(1102592K), 0.0006950 secs]
305.684: [GC (Allocation Failure) 435160K->31985K(1090368K), 0.0006560 secs]
305.874: [GC (Allocation Failure) 423045K->32083K(1078784K), 0.0006970 secs]
306.055: [GC (Allocation Failure) 411450K->32083K(1067584K), 0.0008880 secs]
306.236: [GC (Allocation Failure) 400266K->32083K(1056832K), 0.0007050 secs]
306.413: [GC (Allocation Failure) 389545K->32083K(1277760K), 0.0008880 secs]
306.692: [GC (Allocation Failure) 610565K->32180K(1257984K), 0.0006980 secs]
306.961: [GC (Allocation Failure) 590834K->32180K(1238976K), 0.0008860 secs]
307.231: [GC (Allocation Failure) 571737K->32180K(1220864K), 0.0006970 secs]
307.483: [GC (Allocation Failure) 553631K->32180K(1203456K), 0.0006610 secs]
307.729: [GC (Allocation Failure) 536313K->32278K(1186944K), 0.0006990 secs]
307.968: [GC (Allocation Failure) 519835K->32278K(1171136K), 0.0006550 secs]
308.199: [GC (Allocation Failure) 504066K->32262K(1156032K), 0.0015500 secs]
308.428: [GC (Allocation Failure) 488940K->32278K(1141504K), 0.0006630 secs]
308.640: [GC (Allocation Failure) 474462K->32376K(1127744K), 0.0007040 secs]
308.856: [GC (Allocation Failure) 460694K->32376K(1114496K), 0.0008970 secs]
309.056: [GC (Allocation Failure) 447475K->32376K(1101824K), 0.0007050 secs]
309.254: [GC (Allocation Failure) 434859K->32376K(1089600K), 0.0008970 secs]
309.445: [GC (Allocation Failure) 422640K->32473K(1078016K), 0.0006930 secs]
309.632: [GC (Allocation Failure) 411076K->32473K(1066880K), 0.0006640 secs]
309.816: [GC (Allocation Failure) 399984K->32457K(1056192K), 0.0015180 secs]
309.989: [GC (Allocation Failure) 389288K->32473K(1276480K), 0.0006830 secs]
310.270: [GC (Allocation Failure) 609663K->32571K(1256704K), 0.0007190 secs]
310.537: [GC (Allocation Failure) 589901K->32571K(1237760K), 0.0006630 secs]
310.805: [GC (Allocation Failure) 570973K->32555K(1219712K), 0.0015250 secs]
311.064: [GC (Allocation Failure) 552871K->32571K(1202368K), 0.0006600 secs]
311.312: [GC (Allocation Failure) 535651K->32669K(1185920K), 0.0006970 secs]
311.549: [GC (Allocation Failure) 519242K->32669K(1170112K), 0.0007670 secs]
311.784: [GC (Allocation Failure) 503422K->32669K(1155008K), 0.0007080 secs]
312.008: [GC (Allocation Failure) 488322K->32653K(1140480K), 0.0010660 secs]
312.219: [GC (Allocation Failure) 473926K->32766K(1126784K), 0.0007250 secs]
312.421: [GC (Allocation Failure) 460187K->32766K(1113600K), 0.0007120 secs]
312.629: [GC (Allocation Failure) 447017K->32766K(1100928K), 0.0007160 secs]
312.825: [GC (Allocation Failure) 434308K->32766K(1088768K), 0.0006720 secs]
313.014: [GC (Allocation Failure) 422265K->32864K(1077248K), 0.0009820 secs]
313.202: [GC (Allocation Failure) 410748K->32848K(1066112K), 0.0015780 secs]
313.387: [GC (Allocation Failure) 399585K->32864K(1055424K), 0.0007070 secs]
313.561: [GC (Allocation Failure) 388901K->32864K(1275136K), 0.0009100 secs]
313.841: [GC (Allocation Failure) 608726K->32962K(1255424K), 0.0008020 secs]
314.115: [GC (Allocation Failure) 589027K->32962K(1236544K), 0.0006630 secs]
314.374: [GC (Allocation Failure) 570083K->32962K(1218496K), 0.0007070 secs]
314.627: [GC (Allocation Failure) 552073K->32962K(1201216K), 0.0006870 secs]
314.869: [GC (Allocation Failure) 534835K->33059K(1184832K), 0.0007200 secs]
315.106: [GC (Allocation Failure) 518474K->33059K(1169088K), 0.0007440 secs]
315.338: [GC (Allocation Failure) 502744K->33059K(1154048K), 0.0007100 secs]
315.558: [GC (Allocation Failure) 487734K->33059K(1139584K), 0.0006790 secs]
315.775: [GC (Allocation Failure) 473283K->33157K(1125888K), 0.0008870 secs]
315.988: [GC (Allocation Failure) 459621K->33157K(1112704K), 0.0007530 secs]
316.192: [GC (Allocation Failure) 446531K->33157K(1100096K), 0.0008100 secs]
316.382: [GC (Allocation Failure) 433925K->33157K(1087936K), 0.0006810 secs]
316.572: [GC (Allocation Failure) 421813K->33255K(1076416K), 0.0009400 secs]
316.752: [GC (Allocation Failure) 410298K->33255K(1065344K), 0.0006700 secs]
316.930: [GC (Allocation Failure) 399271K->33255K(1054720K), 0.0009770 secs]
317.099: [GC (Allocation Failure) 388564K->33255K(1273856K), 0.0006740 secs]
317.381: [GC (Allocation Failure) 607812K->33352K(1254208K), 0.0007040 secs]
317.657: [GC (Allocation Failure) 588181K->33352K(1235392K), 0.0006710 secs]
317.920: [GC (Allocation Failure) 569322K->33352K(1217408K), 0.0007010 secs]
318.170: [GC (Allocation Failure) 551432K->33352K(1200192K), 0.0006930 secs]
318.412: [GC (Allocation Failure) 534266K->33434K(1183872K), 0.0011650 secs]
318.650: [GC (Allocation Failure) 517902K->33450K(1168192K), 0.0006730 secs]
318.883: [GC (Allocation Failure) 502282K->33450K(1153216K), 0.0007090 secs]
319.101: [GC (Allocation Failure) 487338K->33450K(1138816K), 0.0006670 secs]
319.322: [GC (Allocation Failure) 472977K->33548K(1125120K), 0.0007480 secs]
319.531: [GC (Allocation Failure) 459275K->33548K(1112000K), 0.0009390 secs]
319.732: [GC (Allocation Failure) 446183K->33548K(1099392K), 0.0009600 secs]
319.924: [GC (Allocation Failure) 433534K->33548K(1087296K), 0.0006610 secs]
320.112: [GC (Allocation Failure) 421532K->33645K(1075840K), 0.0007010 secs]
320.297: [GC (Allocation Failure) 410060K->33645K(1064768K), 0.0009110 secs]
320.473: [GC (Allocation Failure) 399039K->33645K(1054144K), 0.0007170 secs]
320.647: [GC (Allocation Failure) 388442K->33645K(1272576K), 0.0006720 secs]
320.930: [GC (Allocation Failure) 606910K->33743K(1252992K), 0.0010800 secs]
321.202: [GC (Allocation Failure) 587335K->33727K(1234240K), 0.0014960 secs]
321.465: [GC (Allocation Failure) 568627K->33743K(1216320K), 0.0007140 secs]
321.723: [GC (Allocation Failure) 550703K->33743K(1199168K), 0.0009010 secs]
321.966: [GC (Allocation Failure) 533564K->33841K(1182848K), 0.0009530 secs]
322.202: [GC (Allocation Failure) 517313K->33841K(1167232K), 0.0006740 secs]
322.428: [GC (Allocation Failure) 501661K->33841K(1152256K), 0.0007160 secs]
322.647: [GC (Allocation Failure) 486748K->33841K(1137856K), 0.0006890 secs]
322.859: [GC (Allocation Failure) 472418K->33939K(1124224K), 0.0007090 secs]
323.066: [GC (Allocation Failure) 458748K->33939K(1111104K), 0.0006690 secs]
323.266: [GC (Allocation Failure) 445685K->33939K(1098560K), 0.0007120 secs]
323.456: [GC (Allocation Failure) 433156K->33923K(1086400K), 0.0011760 secs]
323.645: [GC (Allocation Failure) 421036K->34036K(1075008K), 0.0006990 secs]
323.827: [GC (Allocation Failure) 409711K->34036K(1064000K), 0.0009390 secs]
324.009: [GC (Allocation Failure) 398625K->34036K(1053440K), 0.0009600 secs]
324.181: [GC (Allocation Failure) 388088K->34036K(1271232K), 0.0006800 secs]
324.464: [GC (Allocation Failure) 605923K->34134K(1251712K), 0.0007090 secs]
324.734: [GC (Allocation Failure) 586464K->34134K(1233024K), 0.0007610 secs]
324.997: [GC (Allocation Failure) 567825K->34134K(1215168K), 0.0009540 secs]
325.248: [GC (Allocation Failure) 549949K->34134K(1198016K), 0.0006680 secs]
325.492: [GC (Allocation Failure) 532805K->34232K(1181760K), 0.0008130 secs]
325.732: [GC (Allocation Failure) 516587K->34232K(1166144K), 0.0006770 secs]
325.963: [GC (Allocation Failure) 501025K->34232K(1151232K), 0.0007210 secs]
326.184: [GC (Allocation Failure) 486050K->34232K(1136896K), 0.0009160 secs]
326.398: [GC (Allocation Failure) 471839K->34329K(1123328K), 0.0007170 secs]
326.606: [GC (Allocation Failure) 458234K->34329K(1110272K), 0.0006750 secs]
326.800: [GC (Allocation Failure) 445225K->34329K(1097792K), 0.0007030 secs]
326.993: [GC (Allocation Failure) 432777K->34329K(1085760K), 0.0006820 secs]
327.184: [GC (Allocation Failure) 420789K->34427K(1074368K), 0.0007080 secs]
327.366: [GC (Allocation Failure) 409433K->34427K(1063360K), 0.0006760 secs]
327.550: [GC (Allocation Failure) 398435K->34427K(1052800K), 0.0007480 secs]
327.725: [GC (Allocation Failure) 387839K->34427K(1269952K), 0.0006750 secs]
328.002: [GC (Allocation Failure) 605040K->34525K(1250496K), 0.0008250 secs]
328.277: [GC (Allocation Failure) 585613K->34525K(1231872K), 0.0006800 secs]
328.543: [GC (Allocation Failure) 567023K->34525K(1214080K), 0.0009820 secs]
328.790: [GC (Allocation Failure) 549228K->34525K(1196992K), 0.0006770 secs]
329.030: [GC (Allocation Failure) 532218K->34622K(1180800K), 0.0007200 secs]
329.266: [GC (Allocation Failure) 516025K->34622K(1165248K), 0.0006670 secs]
329.488: [GC (Allocation Failure) 500527K->34622K(1150400K), 0.0007170 secs]
329.710: [GC (Allocation Failure) 485643K->34622K(1136128K), 0.0006950 secs]
329.926: [GC (Allocation Failure) 471452K->34720K(1122560K), 0.0007130 secs]
330.133: [GC (Allocation Failure) 457880K->34720K(1109504K), 0.0006740 secs]
330.334: [GC (Allocation Failure) 444878K->34704K(1097024K), 0.0010840 secs]
330.526: [GC (Allocation Failure) 432342K->34720K(1084992K), 0.0008010 secs]
330.715: [GC (Allocation Failure) 420386K->34818K(1073600K), 0.0009530 secs]
330.899: [GC (Allocation Failure) 409031K->34818K(1062656K), 0.0006740 secs]
331.078: [GC (Allocation Failure) 398097K->34818K(1052160K), 0.0008090 secs]
331.255: [GC (Allocation Failure) 387622K->34818K(1268672K), 0.0009390 secs]
331.533: [GC (Allocation Failure) 604187K->34915K(1249280K), 0.0009710 secs]
331.800: [GC (Allocation Failure) 584837K->34915K(1230720K), 0.0006790 secs]
332.060: [GC (Allocation Failure) 566231K->34915K(1212992K), 0.0007190 secs]
332.305: [GC (Allocation Failure) 548558K->34915K(1195968K), 0.0006770 secs]
332.550: [GC (Allocation Failure) 531548K->35013K(1179840K), 0.0007330 secs]
332.783: [GC (Allocation Failure) 515445K->35013K(1164352K), 0.0006800 secs]
333.017: [GC (Allocation Failure) 500015K->35013K(1149504K), 0.0007200 secs]
333.233: [GC (Allocation Failure) 485175K->35013K(1135232K), 0.0006830 secs]
333.449: [GC (Allocation Failure) 470958K->35111K(1121728K), 0.0007260 secs]
333.655: [GC (Allocation Failure) 457483K->35095K(1108736K), 0.0011950 secs]
333.854: [GC (Allocation Failure) 444458K->35111K(1096320K), 0.0007460 secs]
334.047: [GC (Allocation Failure) 432013K->35111K(1084352K), 0.0006830 secs]
334.238: [GC (Allocation Failure) 420185K->35208K(1073024K), 0.0008300 secs]
334.419: [GC (Allocation Failure) 408876K->35208K(1062080K), 0.0006850 secs]
334.596: [GC (Allocation Failure) 397934K->35208K(1051584K), 0.0007270 secs]
334.773: [GC (Allocation Failure) 387425K->35208K(1267392K), 0.0006790 secs]
335.047: [GC (Allocation Failure) 603309K->35306K(1248064K), 0.0007200 secs]
335.307: [GC (Allocation Failure) 584041K->35306K(1229504K), 0.0006760 secs]
335.566: [GC (Allocation Failure) 565480K->35306K(1211776K), 0.0007320 secs]
335.820: [GC (Allocation Failure) 547730K->35306K(1194816K), 0.0009260 secs]
336.061: [GC (Allocation Failure) 530781K->35404K(1178688K), 0.0006550 secs]
336.292: [GC (Allocation Failure) 514708K->35404K(1163200K), 0.0006790 secs]
336.527: [GC (Allocation Failure) 499264K->35404K(1148416K), 0.0008460 secs]
336.753: [GC (Allocation Failure) 484483K->35404K(1134208K), 0.0009260 secs]
336.965: [GC (Allocation Failure) 470335K->35501K(1120768K), 0.0007200 secs]
337.173: [GC (Allocation Failure) 456876K->35501K(1107840K), 0.0006830 secs]
337.374: [GC (Allocation Failure) 443981K->35501K(1095424K), 0.0007210 secs]
337.570: [GC (Allocation Failure) 431580K->35501K(1083456K), 0.0006910 secs]
337.760: [GC (Allocation Failure) 419603K->35599K(1072128K), 0.0009750 secs]
337.944: [GC (Allocation Failure) 408355K->35599K(1061248K), 0.0006870 secs]
338.120: [GC (Allocation Failure) 397485K->35599K(1050816K), 0.0007170 secs]
338.292: [GC (Allocation Failure) 387010K->35599K(1266112K), 0.0008060 secs]
338.567: [GC (Allocation Failure) 602373K->35697K(1246848K), 0.0007200 secs]
338.834: [GC (Allocation Failure) 583130K->35697K(1228352K), 0.0014830 secs]
339.101: [GC (Allocation Failure) 564717K->35697K(1210688K), 0.0007300 secs]
339.356: [GC (Allocation Failure) 547027K->35697K(1193728K), 0.0006880 secs]
339.594: [GC (Allocation Failure) 530070K->35794K(1177664K), 0.0008310 secs]
339.830: [GC (Allocation Failure) 514047K->35794K(1162240K), 0.0007110 secs]
340.057: [GC (Allocation Failure) 498636K->35794K(1147520K), 0.0008260 secs]
340.280: [GC (Allocation Failure) 483930K->35794K(1133376K), 0.0009500 secs]
340.492: [GC (Allocation Failure) 469862K->35892K(1119936K), 0.0008260 secs]
340.696: [GC (Allocation Failure) 456466K->35892K(1107008K), 0.0006800 secs]
340.892: [GC (Allocation Failure) 443484K->35892K(1094656K), 0.0007260 secs]
341.082: [GC (Allocation Failure) 431125K->35892K(1082752K), 0.0006850 secs]
341.272: [GC (Allocation Failure) 419325K->35990K(1071488K), 0.0009620 secs]
341.455: [GC (Allocation Failure) 408135K->35990K(1060608K), 0.0006890 secs]
341.634: [GC (Allocation Failure) 397263K->35990K(1050176K), 0.0007370 secs]
341.802: [GC (Allocation Failure) 386825K->35990K(1264832K), 0.0007220 secs]
342.077: [GC (Allocation Failure) 601507K->36087K(1245632K), 0.0009790 secs]
342.342: [GC (Allocation Failure) 582344K->36087K(1227200K), 0.0009640 secs]
342.600: [GC (Allocation Failure) 563876K->36087K(1209600K), 0.0007350 secs]
342.846: [GC (Allocation Failure) 546281K->36087K(1192704K), 0.0006850 secs]
343.092: [GC (Allocation Failure) 529435K->36185K(1176704K), 0.0007280 secs]
343.322: [GC (Allocation Failure) 513540K->36185K(1161344K), 0.0006870 secs]
343.557: [GC (Allocation Failure) 498157K->36185K(1146624K), 0.0009940 secs]
343.778: [GC (Allocation Failure) 483441K->36185K(1132480K), 0.0007100 secs]
343.990: [GC (Allocation Failure) 469313K->36267K(1119104K), 0.0014720 secs]
344.195: [GC (Allocation Failure) 456038K->36267K(1106240K), 0.0014590 secs]
344.395: [GC (Allocation Failure) 443160K->36283K(1093888K), 0.0007250 secs]
344.585: [GC (Allocation Failure) 430792K->36283K(1081984K), 0.0006890 secs]
344.774: [GC (Allocation Failure) 418967K->36380K(1070720K), 0.0007900 secs]
344.962: [GC (Allocation Failure) 407771K->36380K(1059840K), 0.0007970 secs]
345.136: [GC (Allocation Failure) 396820K->36380K(1049408K), 0.0007300 secs]
345.308: [GC (Allocation Failure) 386454K->36380K(1263552K), 0.0007060 secs]
345.587: [GC (Allocation Failure) 600614K->36478K(1244416K), 0.0007120 secs]
345.857: [GC (Allocation Failure) 581503K->36478K(1226048K), 0.0006940 secs]
346.113: [GC (Allocation Failure) 563130K->36478K(1208512K), 0.0009880 secs]
346.361: [GC (Allocation Failure) 545575K->36478K(1191680K), 0.0009420 secs]
346.600: [GC (Allocation Failure) 528861K->36576K(1175680K), 0.0007290 secs]
346.834: [GC (Allocation Failure) 512911K->36576K(1160320K), 0.0007000 secs]
347.066: [GC (Allocation Failure) 497537K->36576K(1145664K), 0.0007550 secs]
347.278: [GC (Allocation Failure) 482910K->36560K(1131520K), 0.0013630 secs]
347.494: [GC (Allocation Failure) 468835K->36673K(1118208K), 0.0007250 secs]
347.710: [GC (Allocation Failure) 455467K->36673K(1105344K), 0.0010140 secs]
347.908: [GC (Allocation Failure) 442607K->36673K(1093056K), 0.0009860 secs]
348.103: [GC (Allocation Failure) 430368K->36673K(1081216K), 0.0008900 secs]
348.289: [GC (Allocation Failure) 418559K->36771K(1070016K), 0.0007300 secs]
348.471: [GC (Allocation Failure) 407427K->36771K(1059200K), 0.0006950 secs]
348.651: [GC (Allocation Failure) 396634K->36771K(1048832K), 0.0007280 secs]
348.820: [GC (Allocation Failure) 386257K->36771K(1262208K), 0.0006930 secs]
349.098: [GC (Allocation Failure) 599621K->36853K(1243072K), 0.0017450 secs]
349.361: [GC (Allocation Failure) 580563K->36869K(1224768K), 0.0006900 secs]
349.622: [GC (Allocation Failure) 562292K->36869K(1207296K), 0.0007410 secs]
349.873: [GC (Allocation Failure) 544765K->36869K(1190528K), 0.0006880 secs]
350.108: [GC (Allocation Failure) 528039K->36970K(1174592K), 0.0007280 secs]
350.337: [GC (Allocation Failure) 512159K->36970K(1159296K), 0.0009540 secs]
350.561: [GC (Allocation Failure) 496924K->36970K(1144704K), 0.0008480 secs]
350.781: [GC (Allocation Failure) 482282K->36970K(1130624K), 0.0009520 secs]
350.993: [GC (Allocation Failure) 468326K->37068K(1117312K), 0.0010050 secs]
351.202: [GC (Allocation Failure) 454965K->37068K(1104512K), 0.0009580 secs]
351.398: [GC (Allocation Failure) 442159K->37068K(1092224K), 0.0007420 secs]
351.597: [GC (Allocation Failure) 429945K->37068K(1080384K), 0.0007020 secs]
351.786: [GC (Allocation Failure) 418176K->37150K(1069184K), 0.0011780 secs]
351.966: [GC (Allocation Failure) 406977K->37166K(1058368K), 0.0007140 secs]
352.143: [GC (Allocation Failure) 396115K->37166K(1261184K), 0.0009950 secs]
352.418: [GC (Allocation Failure) 598954K->37166K(1241984K), 0.0009800 secs]
352.684: [GC (Allocation Failure) 579791K->37263K(1223808K), 0.0008480 secs]
352.941: [GC (Allocation Failure) 561657K->37263K(1206336K), 0.0006960 secs]
353.192: [GC (Allocation Failure) 544222K->37263K(1189632K), 0.0009930 secs]
353.440: [GC (Allocation Failure) 527529K->37263K(1173632K), 0.0009500 secs]
353.678: [GC (Allocation Failure) 511560K->37361K(1158464K), 0.0007400 secs]
353.907: [GC (Allocation Failure) 496418K->37361K(1143872K), 0.0007240 secs]
354.126: [GC (Allocation Failure) 481844K->37361K(1129920K), 0.0008770 secs]
354.336: [GC (Allocation Failure) 467906K->37361K(1116480K), 0.0006890 secs]
354.542: [GC (Allocation Failure) 454573K->37459K(1103744K), 0.0007570 secs]
354.736: [GC (Allocation Failure) 441803K->37459K(1091520K), 0.0007240 secs]
354.927: [GC (Allocation Failure) 429564K->37459K(1079808K), 0.0007640 secs]
355.112: [GC (Allocation Failure) 417870K->37459K(1068544K), 0.0008240 secs]
355.294: [GC (Allocation Failure) 406709K->37556K(1057856K), 0.0007270 secs]
355.473: [GC (Allocation Failure) 396014K->37556K(1259904K), 0.0007020 secs]
355.748: [GC (Allocation Failure) 598056K->37556K(1240832K), 0.0007410 secs]
356.008: [GC (Allocation Failure) 578982K->37556K(1222528K), 0.0007110 secs]
356.263: [GC (Allocation Failure) 560820K->37654K(1205184K), 0.0007410 secs]
356.510: [GC (Allocation Failure) 543481K->37654K(1188544K), 0.0006990 secs]
356.742: [GC (Allocation Failure) 526862K->37654K(1172672K), 0.0007640 secs]
356.966: [GC (Allocation Failure) 510919K->37654K(1157440K), 0.0007180 secs]
357.188: [GC (Allocation Failure) 495803K->37752K(1142976K), 0.0007370 secs]
357.403: [GC (Allocation Failure) 481375K->37752K(1129088K), 0.0007020 secs]
357.622: [GC (Allocation Failure) 467447K->37752K(1115776K), 0.0007500 secs]
357.830: [GC (Allocation Failure) 454162K->37752K(1102976K), 0.0007230 secs]
358.028: [GC (Allocation Failure) 441408K->37849K(1090816K), 0.0009990 secs]
358.220: [GC (Allocation Failure) 429302K->37849K(1079104K), 0.0007040 secs]
358.413: [GC (Allocation Failure) 417562K->37833K(1067904K), 0.0016430 secs]
358.593: [GC (Allocation Failure) 406322K->37849K(1057088K), 0.0009620 secs]
358.772: [GC (Allocation Failure) 395640K->37947K(1258752K), 0.0007400 secs]
359.042: [GC (Allocation Failure) 597275K->37947K(1239744K), 0.0007190 secs]
359.306: [GC (Allocation Failure) 578286K->37931K(1221568K), 0.0014520 secs]
359.565: [GC (Allocation Failure) 560075K->37947K(1204160K), 0.0007070 secs]
359.810: [GC (Allocation Failure) 542789K->38045K(1187648K), 0.0010040 secs]
360.051: [GC (Allocation Failure) 526329K->38045K(1171776K), 0.0009580 secs]
360.283: [GC (Allocation Failure) 510483K->38045K(1156608K), 0.0007420 secs]
360.506: [GC (Allocation Failure) 495298K->38045K(1142016K), 0.0007020 secs]
360.729: [GC (Allocation Failure) 480721K->38142K(1128192K), 0.0007430 secs]
360.942: [GC (Allocation Failure) 467001K->38142K(1114944K), 0.0007030 secs]
361.150: [GC (Allocation Failure) 453752K->38142K(1102208K), 0.0007440 secs]
361.341: [GC (Allocation Failure) 440963K->38142K(1089984K), 0.0007030 secs]
361.531: [GC (Allocation Failure) 428861K->38240K(1078400K), 0.0007630 secs]
361.714: [GC (Allocation Failure) 417218K->38240K(1067200K), 0.0007090 secs]
361.891: [GC (Allocation Failure) 406069K->38240K(1056512K), 0.0010200 secs]
362.068: [GC (Allocation Failure) 395412K->38240K(1257408K), 0.0008270 secs]
362.340: [GC (Allocation Failure) 596363K->38338K(1238528K), 0.0008530 secs]
362.608: [GC (Allocation Failure) 577527K->38338K(1220416K), 0.0007000 secs]
362.860: [GC (Allocation Failure) 559361K->38338K(1203136K), 0.0008670 secs]
363.103: [GC (Allocation Failure) 542079K->38338K(1186560K), 0.0007090 secs]
363.343: [GC (Allocation Failure) 525632K->38435K(1170816K), 0.0007390 secs]
363.576: [GC (Allocation Failure) 509852K->38435K(1155712K), 0.0007120 secs]
363.794: [GC (Allocation Failure) 494752K->38435K(1141248K), 0.0010130 secs]
364.009: [GC (Allocation Failure) 480322K->38435K(1127360K), 0.0007050 secs]
364.220: [GC (Allocation Failure) 466482K->38533K(1114176K), 0.0007460 secs]
364.424: [GC (Allocation Failure) 453380K->38517K(1101504K), 0.0011610 secs]
364.625: [GC (Allocation Failure) 440610K->38533K(1089344K), 0.0007480 secs]
364.814: [GC (Allocation Failure) 428498K->38533K(1077632K), 0.0007040 secs]
364.999: [GC (Allocation Failure) 416901K->38631K(1066560K), 0.0007420 secs]
365.183: [GC (Allocation Failure) 405842K->38631K(1055872K), 0.0009800 secs]
365.362: [GC (Allocation Failure) 395127K->38631K(1256384K), 0.0007480 secs]
365.634: [GC (Allocation Failure) 595657K->38631K(1237440K), 0.0007200 secs]
365.895: [GC (Allocation Failure) 576806K->38728K(1219456K), 0.0007290 secs]
366.150: [GC (Allocation Failure) 558777K->38728K(1202176K), 0.0007170 secs]
366.404: [GC (Allocation Failure) 541500K->38712K(1185664K), 0.0016830 secs]
366.641: [GC (Allocation Failure) 525023K->38728K(1169856K), 0.0007090 secs]
366.877: [GC (Allocation Failure) 509225K->38826K(1154816K), 0.0007440 secs]
367.097: [GC (Allocation Failure) 494225K->38826K(1140416K), 0.0009630 secs]
367.314: [GC (Allocation Failure) 479842K->38810K(1126592K), 0.0012790 secs]
367.527: [GC (Allocation Failure) 466069K->38810K(1113280K), 0.0017840 secs]
367.732: [GC (Allocation Failure) 452874K->38908K(1100736K), 0.0016280 secs]
367.930: [GC (Allocation Failure) 440283K->38924K(1088640K), 0.0007460 secs]
368.121: [GC (Allocation Failure) 428179K->38924K(1077056K), 0.0007450 secs]
368.307: [GC (Allocation Failure) 416596K->38924K(1065856K), 0.0006940 secs]
368.484: [GC (Allocation Failure) 405445K->39021K(1055296K), 0.0007410 secs]
368.658: [GC (Allocation Failure) 394984K->39021K(1255040K), 0.0007250 secs]
368.924: [GC (Allocation Failure) 594666K->39021K(1236224K), 0.0007370 secs]
369.186: [GC (Allocation Failure) 575903K->39021K(1218176K), 0.0009770 secs]
369.443: [GC (Allocation Failure) 557923K->39103K(1201024K), 0.0012540 secs]
369.689: [GC (Allocation Failure) 540736K->39119K(1184576K), 0.0007110 secs]
369.923: [GC (Allocation Failure) 524273K->39103K(1168832K), 0.0016840 secs]
370.154: [GC (Allocation Failure) 508549K->39119K(1153728K), 0.0007040 secs]
370.375: [GC (Allocation Failure) 493559K->39217K(1139392K), 0.0007460 secs]
370.586: [GC (Allocation Failure) 479280K->39217K(1125632K), 0.0007360 secs]
370.793: [GC (Allocation Failure) 465432K->39217K(1112448K), 0.0007660 secs]
370.994: [GC (Allocation Failure) 452292K->39217K(1099776K), 0.0007110 secs]
371.189: [GC (Allocation Failure) 439634K->39314K(1087744K), 0.0007510 secs]
371.381: [GC (Allocation Failure) 427703K->39314K(1076160K), 0.0009790 secs]
371.567: [GC (Allocation Failure) 416091K->39314K(1065088K), 0.0007500 secs]
371.744: [GC (Allocation Failure) 405011K->39314K(1054400K), 0.0007090 secs]
371.914: [GC (Allocation Failure) 394371K->39412K(1253888K), 0.0010540 secs]
372.181: [GC (Allocation Failure) 593894K->39412K(1235072K), 0.0007000 secs]
372.445: [GC (Allocation Failure) 575106K->39412K(1217088K), 0.0010280 secs]
372.703: [GC (Allocation Failure) 557079K->39412K(1199872K), 0.0007090 secs]
372.949: [GC (Allocation Failure) 539971K->39510K(1183552K), 0.0007440 secs]
373.186: [GC (Allocation Failure) 523641K->39510K(1167872K), 0.0007090 secs]
373.410: [GC (Allocation Failure) 507992K->39510K(1152896K), 0.0008050 secs]
373.634: [GC (Allocation Failure) 493033K->39510K(1138496K), 0.0010390 secs]
373.852: [GC (Allocation Failure) 478674K->39607K(1124864K), 0.0007460 secs]
374.063: [GC (Allocation Failure) 465143K->39607K(1111744K), 0.0009780 secs]
374.266: [GC (Allocation Failure) 452001K->39607K(1099200K), 0.0010310 secs]
374.458: [GC (Allocation Failure) 439452K->39591K(1087040K), 0.0012170 secs]
374.654: [GC (Allocation Failure) 427359K->39705K(1075648K), 0.0007430 secs]
374.834: [GC (Allocation Failure) 415932K->39705K(1064576K), 0.0008740 secs]
375.013: [GC (Allocation Failure) 404892K->39705K(1053952K), 0.0007560 secs]
375.188: [GC (Allocation Failure) 394239K->39705K(1252480K), 0.0007120 secs]
375.463: [GC (Allocation Failure) 592838K->39803K(1233792K), 0.0008700 secs]
375.728: [GC (Allocation Failure) 574199K->39900K(1215872K), 0.0009520 secs]
375.982: [GC (Allocation Failure) 556395K->39884K(1198784K), 0.0017200 secs]
376.222: [GC (Allocation Failure) 539268K->39900K(1182400K), 0.0007190 secs]
376.456: [GC (Allocation Failure) 522952K->39998K(1166848K), 0.0007460 secs]
376.685: [GC (Allocation Failure) 507517K->39998K(1151872K), 0.0007190 secs]
376.903: [GC (Allocation Failure) 492524K->39998K(1137600K), 0.0007720 secs]
377.121: [GC (Allocation Failure) 478182K->39998K(1123840K), 0.0009750 secs]
377.326: [GC (Allocation Failure) 464548K->40096K(1110784K), 0.0007600 secs]
377.528: [GC (Allocation Failure) 451506K->40096K(1098240K), 0.0007210 secs]
377.731: [GC (Allocation Failure) 438946K->40096K(1086208K), 0.0010280 secs]
377.920: [GC (Allocation Failure) 426949K->40096K(1074624K), 0.0007080 secs]
378.110: [GC (Allocation Failure) 415361K->40194K(1063680K), 0.0007780 secs]
378.292: [GC (Allocation Failure) 404499K->40194K(1053120K), 0.0007160 secs]
378.460: [GC (Allocation Failure) 393981K->40194K(1251456K), 0.0007600 secs]
378.734: [GC (Allocation Failure) 592286K->40194K(1232704K), 0.0009620 secs]
378.994: [GC (Allocation Failure) 573576K->40291K(1214912K), 0.0007530 secs]
379.252: [GC (Allocation Failure) 555836K->40291K(1197824K), 0.0010090 secs]
379.501: [GC (Allocation Failure) 538780K->40275K(1181504K), 0.0012450 secs]
379.740: [GC (Allocation Failure) 522398K->40275K(1165760K), 0.0011760 secs]
379.968: [GC (Allocation Failure) 506747K->40389K(1150976K), 0.0007470 secs]
380.190: [GC (Allocation Failure) 491972K->40389K(1136704K), 0.0007660 secs]
380.403: [GC (Allocation Failure) 477738K->40389K(1123072K), 0.0010340 secs]
380.609: [GC (Allocation Failure) 464104K->40389K(1109952K), 0.0010230 secs]
380.806: [GC (Allocation Failure) 450982K->40487K(1097536K), 0.0007630 secs]
380.996: [GC (Allocation Failure) 438614K->40487K(1085568K), 0.0009830 secs]
381.183: [GC (Allocation Failure) 426702K->40487K(1074112K), 0.0007630 secs]
381.365: [GC (Allocation Failure) 415197K->40487K(1063040K), 0.0007260 secs]
381.547: [GC (Allocation Failure) 404234K->40584K(1052544K), 0.0010360 secs]
381.724: [GC (Allocation Failure) 393799K->40584K(1250112K), 0.0007230 secs]
381.989: [GC (Allocation Failure) 591309K->40584K(1231488K), 0.0010340 secs]
382.259: [GC (Allocation Failure) 572732K->40584K(1213632K), 0.0008520 secs]
382.515: [GC (Allocation Failure) 554914K->40682K(1196672K), 0.0007590 secs]
382.763: [GC (Allocation Failure) 537992K->40682K(1180416K), 0.0008190 secs]
382.995: [GC (Allocation Failure) 521707K->40682K(1164864K), 0.0007800 secs]
383.222: [GC (Allocation Failure) 506132K->40682K(1149952K), 0.0008150 secs]
383.450: [GC (Allocation Failure) 491362K->40780K(1135808K), 0.0007890 secs]
383.668: [GC (Allocation Failure) 477246K->40780K(1122176K), 0.0007240 secs]
383.873: [GC (Allocation Failure) 463559K->40780K(1109184K), 0.0007530 secs]
384.076: [GC (Allocation Failure) 450622K->40780K(1096640K), 0.0007180 secs]
384.271: [GC (Allocation Failure) 438096K->40877K(1084736K), 0.0007580 secs]
384.461: [GC (Allocation Failure) 426267K->40877K(1073280K), 0.0009840 secs]
384.647: [GC (Allocation Failure) 414826K->40877K(1062336K), 0.0012320 secs]
384.823: [GC (Allocation Failure) 403885K->40877K(1051776K), 0.0007210 secs]
384.997: [GC (Allocation Failure) 393369K->40975K(1248960K), 0.0010370 secs]
385.266: [GC (Allocation Failure) 590587K->40975K(1230400K), 0.0009940 secs]
385.525: [GC (Allocation Failure) 572031K->40975K(1212672K), 0.0010430 secs]
385.786: [GC (Allocation Failure) 554289K->40975K(1195648K), 0.0008260 secs]
386.029: [GC (Allocation Failure) 537271K->41073K(1179520K), 0.0007620 secs]
386.262: [GC (Allocation Failure) 521190K->41073K(1164032K), 0.0007310 secs]
386.485: [GC (Allocation Failure) 505774K->41073K(1149184K), 0.0007550 secs]
386.708: [GC (Allocation Failure) 490838K->41073K(1134912K), 0.0009920 secs]
386.928: [GC (Allocation Failure) 476700K->41170K(1121408K), 0.0007630 secs]
387.136: [GC (Allocation Failure) 463207K->41170K(1108416K), 0.0007200 secs]
387.331: [GC (Allocation Failure) 450182K->41170K(1096000K), 0.0007620 secs]
387.525: [GC (Allocation Failure) 437842K->41170K(1084032K), 0.0007240 secs]
387.715: [GC (Allocation Failure) 425884K->41268K(1072704K), 0.0010570 secs]
387.896: [GC (Allocation Failure) 414573K->41268K(1061760K), 0.0008250 secs]
388.068: [GC (Allocation Failure) 403653K->41272K(1051264K), 0.0007580 secs]
388.238: [GC (Allocation Failure) 393188K->41272K(1247616K), 0.0007270 secs]
388.508: [GC (Allocation Failure) 589581K->41370K(1229184K), 0.0007670 secs]
388.766: [GC (Allocation Failure) 571201K->41370K(1211520K), 0.0008680 secs]
389.018: [GC (Allocation Failure) 553543K->41370K(1194624K), 0.0010570 secs]
389.260: [GC (Allocation Failure) 536603K->41370K(1178368K), 0.0007400 secs]
389.496: [GC (Allocation Failure) 520449K->41467K(1163008K), 0.0007570 secs]
389.729: [GC (Allocation Failure) 505122K->41451K(1148224K), 0.0017590 secs]
389.950: [GC (Allocation Failure) 490255K->41467K(1134080K), 0.0010550 secs]
390.165: [GC (Allocation Failure) 476195K->41467K(1120512K), 0.0007290 secs]
390.373: [GC (Allocation Failure) 462645K->41565K(1107648K), 0.0007680 secs]
390.576: [GC (Allocation Failure) 449864K->41565K(1095232K), 0.0009950 secs]
390.773: [GC (Allocation Failure) 437380K->41565K(1083328K), 0.0007670 secs]
390.960: [GC (Allocation Failure) 425487K->41549K(1071808K), 0.0017860 secs]
391.148: [GC (Allocation Failure) 414153K->41663K(1061056K), 0.0007600 secs]
391.322: [GC (Allocation Failure) 403304K->41663K(1050624K), 0.0009750 secs]
391.491: [GC (Allocation Failure) 392874K->41663K(1246528K), 0.0007680 secs]
391.765: [GC (Allocation Failure) 588765K->41663K(1227968K), 0.0010030 secs]
392.030: [GC (Allocation Failure) 570363K->41760K(1210368K), 0.0007890 secs]
392.278: [GC (Allocation Failure) 552712K->41760K(1193536K), 0.0007440 secs]
392.517: [GC (Allocation Failure) 535883K->41760K(1177408K), 0.0010610 secs]
392.752: [GC (Allocation Failure) 519822K->41760K(1161920K), 0.0010050 secs]
392.977: [GC (Allocation Failure) 504381K->41858K(1147264K), 0.0010420 secs]
393.198: [GC (Allocation Failure) 489716K->41858K(1133184K), 0.0007240 secs]
393.409: [GC (Allocation Failure) 475704K->41842K(1119680K), 0.0011760 secs]
393.615: [GC (Allocation Failure) 462171K->41858K(1106688K), 0.0007300 secs]
393.815: [GC (Allocation Failure) 449282K->41956K(1094400K), 0.0007630 secs]
394.011: [GC (Allocation Failure) 436960K->41940K(1082560K), 0.0011500 secs]
394.200: [GC (Allocation Failure) 425094K->41956K(1071232K), 0.0007720 secs]
394.377: [GC (Allocation Failure) 413855K->41956K(1060288K), 0.0007350 secs]
394.554: [GC (Allocation Failure) 402914K->42053K(1049920K), 0.0009140 secs]
394.726: [GC (Allocation Failure) 392587K->42053K(1245248K), 0.0007310 secs]
394.995: [GC (Allocation Failure) 587901K->42037K(1226816K), 0.0017450 secs]
395.252: [GC (Allocation Failure) 569483K->42053K(1209152K), 0.0007440 secs]
395.503: [GC (Allocation Failure) 551895K->42151K(1192384K), 0.0007830 secs]
395.748: [GC (Allocation Failure) 535156K->42151K(1176320K), 0.0007310 secs]
395.986: [GC (Allocation Failure) 519112K->42151K(1160960K), 0.0007740 secs]
396.218: [GC (Allocation Failure) 503745K->42151K(1146176K), 0.0010390 secs]
396.436: [GC (Allocation Failure) 488999K->42249K(1132160K), 0.0007620 secs]
396.650: [GC (Allocation Failure) 475026K->42249K(1118720K), 0.0007350 secs]
396.860: [GC (Allocation Failure) 461634K->42249K(1105856K), 0.0007620 secs]
397.061: [GC (Allocation Failure) 448765K->42249K(1093440K), 0.0007280 secs]
397.253: [GC (Allocation Failure) 436342K->42346K(1081728K), 0.0007710 secs]
397.442: [GC (Allocation Failure) 424680K->42346K(1070400K), 0.0010360 secs]
397.629: [GC (Allocation Failure) 413416K->42346K(1059584K), 0.0010600 secs]
397.805: [GC (Allocation Failure) 402591K->42346K(1049152K), 0.0007350 secs]
397.973: [GC (Allocation Failure) 392154K->42444K(1244096K), 0.0007630 secs]
398.241: [GC (Allocation Failure) 587211K->42444K(1225728K), 0.0007420 secs]
398.494: [GC (Allocation Failure) 568779K->42444K(1208192K), 0.0007840 secs]
398.743: [GC (Allocation Failure) 551249K->42444K(1191360K), 0.0007230 secs]
398.978: [GC (Allocation Failure) 534515K->42542K(1175424K), 0.0008100 secs]
399.215: [GC (Allocation Failure) 518637K->42542K(1160128K), 0.0007290 secs]
399.439: [GC (Allocation Failure) 503260K->42542K(1145472K), 0.0010590 secs]
399.664: [GC (Allocation Failure) 488668K->42542K(1131392K), 0.0007320 secs]
399.869: [GC (Allocation Failure) 474658K->42639K(1118016K), 0.0007740 secs]
400.075: [GC (Allocation Failure) 461249K->42623K(1105152K), 0.0012090 secs]
400.276: [GC (Allocation Failure) 448419K->42639K(1092864K), 0.0008920 secs]
400.466: [GC (Allocation Failure) 436089K->42623K(1080960K), 0.0018570 secs]
400.658: [GC (Allocation Failure) 424338K->42737K(1069824K), 0.0010940 secs]
400.836: [GC (Allocation Failure) 413197K->42737K(1059008K), 0.0007640 secs]
401.013: [GC (Allocation Failure) 402354K->42737K(1048640K), 0.0007770 secs]
401.190: [GC (Allocation Failure) 392031K->42737K(1242688K), 0.0007510 secs]
401.458: [GC (Allocation Failure) 586101K->42835K(1224448K), 0.0007910 secs]
401.719: [GC (Allocation Failure) 567929K->42835K(1206976K), 0.0007350 secs]
401.973: [GC (Allocation Failure) 550418K->42835K(1190272K), 0.0010950 secs]
402.217: [GC (Allocation Failure) 533779K->42835K(1174208K), 0.0009980 secs]
402.456: [GC (Allocation Failure) 517770K->42932K(1158976K), 0.0010540 secs]
402.680: [GC (Allocation Failure) 502571K->42932K(1144384K), 0.0007630 secs]
402.899: [GC (Allocation Failure) 487914K->42932K(1130432K), 0.0007760 secs]
403.110: [GC (Allocation Failure) 473990K->42932K(1116992K), 0.0010440 secs]
403.314: [GC (Allocation Failure) 460580K->43030K(1104256K), 0.0008240 secs]
403.513: [GC (Allocation Failure) 447901K->43030K(1091968K), 0.0017550 secs]
403.714: [GC (Allocation Failure) 435628K->43030K(1080256K), 0.0009110 secs]
403.898: [GC (Allocation Failure) 423928K->43030K(1068928K), 0.0008370 secs]
404.080: [GC (Allocation Failure) 412693K->43128K(1058240K), 0.0007720 secs]
404.257: [GC (Allocation Failure) 402012K->43128K(1241664K), 0.0007420 secs]
404.518: [GC (Allocation Failure) 585397K->43128K(1223424K), 0.0007940 secs]
404.775: [GC (Allocation Failure) 567184K->43128K(1205952K), 0.0007300 secs]
405.019: [GC (Allocation Failure) 549739K->43225K(1189376K), 0.0007700 secs]
405.260: [GC (Allocation Failure) 533242K->43225K(1173440K), 0.0008850 secs]
405.495: [GC (Allocation Failure) 517245K->43209K(1158208K), 0.0014290 secs]
405.723: [GC (Allocation Failure) 502066K->43225K(1143552K), 0.0007380 secs]
405.939: [GC (Allocation Failure) 487427K->43327K(1129664K), 0.0007790 secs]
406.145: [GC (Allocation Failure) 473569K->43327K(1116352K), 0.0007440 secs]
406.356: [GC (Allocation Failure) 460343K->43311K(1103552K), 0.0017940 secs]
406.549: [GC (Allocation Failure) 447528K->43327K(1091264K), 0.0007420 secs]
406.740: [GC (Allocation Failure) 435280K->43425K(1079616K), 0.0010620 secs]
406.935: [GC (Allocation Failure) 423639K->43425K(1068416K), 0.0010240 secs]
407.118: [GC (Allocation Failure) 412485K->43425K(1057664K), 0.0007930 secs]
407.294: [GC (Allocation Failure) 401750K->43425K(1240448K), 0.0010500 secs]
407.556: [GC (Allocation Failure) 584553K->43522K(1222336K), 0.0007810 secs]
407.822: [GC (Allocation Failure) 566482K->43522K(1204928K), 0.0007450 secs]
408.061: [GC (Allocation Failure) 549105K->43522K(1188288K), 0.0007790 secs]
408.300: [GC (Allocation Failure) 532431K->43522K(1172352K), 0.0007390 secs]
408.530: [GC (Allocation Failure) 516584K->43620K(1157248K), 0.0007690 secs]
408.752: [GC (Allocation Failure) 501508K->43620K(1142720K), 0.0007480 secs]
408.969: [GC (Allocation Failure) 486945K->43620K(1128832K), 0.0007860 secs]
409.183: [GC (Allocation Failure) 473051K->43620K(1115456K), 0.0010180 secs]
409.391: [GC (Allocation Failure) 459781K->43718K(1102784K), 0.0007690 secs]
409.592: [GC (Allocation Failure) 447091K->43718K(1090560K), 0.0007400 secs]
409.784: [GC (Allocation Failure) 434878K->43718K(1078848K), 0.0007790 secs]
409.970: [GC (Allocation Failure) 423151K->43718K(1067584K), 0.0007670 secs]
410.145: [GC (Allocation Failure) 411976K->43815K(1056896K), 0.0007730 secs]
410.322: [GC (Allocation Failure) 401373K->43799K(1239424K), 0.0018340 secs]
410.585: [GC (Allocation Failure) 583824K->43815K(1221248K), 0.0007800 secs]
410.846: [GC (Allocation Failure) 565695K->43815K(1203840K), 0.0007620 secs]
411.088: [GC (Allocation Failure) 548338K->43913K(1187328K), 0.0007830 secs]
411.324: [GC (Allocation Failure) 531912K->43913K(1171520K), 0.0010290 secs]
411.551: [GC (Allocation Failure) 516043K->43913K(1156352K), 0.0008380 secs]
411.775: [GC (Allocation Failure) 500917K->43913K(1141824K), 0.0010380 secs]
411.994: [GC (Allocation Failure) 486465K->44011K(1128000K), 0.0007810 secs]
412.203: [GC (Allocation Failure) 472657K->44011K(1114752K), 0.0007480 secs]
412.411: [GC (Allocation Failure) 459373K->44011K(1102080K), 0.0007900 secs]
412.604: [GC (Allocation Failure) 446745K->44011K(1089856K), 0.0007370 secs]
412.795: [GC (Allocation Failure) 434564K->44108K(1078272K), 0.0007880 secs]
412.982: [GC (Allocation Failure) 423000K->44092K(1067136K), 0.0015000 secs]
413.167: [GC (Allocation Failure) 411839K->44108K(1056448K), 0.0007920 secs]
413.341: [GC (Allocation Failure) 401168K->44092K(1238080K), 0.0012320 secs]
413.611: [GC (Allocation Failure) 582882K->44206K(1220096K), 0.0008010 secs]
413.865: [GC (Allocation Failure) 564928K->44206K(1202816K), 0.0007740 secs]
414.117: [GC (Allocation Failure) 547657K->44206K(1186304K), 0.0009050 secs]
414.354: [GC (Allocation Failure) 531147K->44206K(1170432K), 0.0007480 secs]
414.579: [GC (Allocation Failure) 515338K->44304K(1155392K), 0.0007790 secs]
414.799: [GC (Allocation Failure) 500278K->44304K(1140928K), 0.0008720 secs]
415.013: [GC (Allocation Failure) 485843K->44304K(1127104K), 0.0009110 secs]
415.227: [GC (Allocation Failure) 472046K->44304K(1113792K), 0.0009980 secs]
415.434: [GC (Allocation Failure) 458757K->44385K(1101184K), 0.0015510 secs]
415.633: [GC (Allocation Failure) 446146K->44401K(1089088K), 0.0007520 secs]
415.825: [GC (Allocation Failure) 434100K->44401K(1077440K), 0.0009020 secs]
416.009: [GC (Allocation Failure) 422460K->44401K(1066240K), 0.0007550 secs]
416.185: [GC (Allocation Failure) 411307K->44499K(1055616K), 0.0007870 secs]
416.353: [GC (Allocation Failure) 400783K->44499K(1237120K), 0.0007480 secs]
416.614: [GC (Allocation Failure) 582258K->44499K(1219072K), 0.0010990 secs]
416.867: [GC (Allocation Failure) 564169K->44499K(1201792K), 0.0007440 secs]
417.108: [GC (Allocation Failure) 546986K->44597K(1185408K), 0.0007890 secs]
417.355: [GC (Allocation Failure) 530653K->44581K(1169664K), 0.0011790 secs]
417.588: [GC (Allocation Failure) 514864K->44597K(1154624K), 0.0009200 secs]
417.816: [GC (Allocation Failure) 499863K->44597K(1140160K), 0.0007440 secs]
418.032: [GC (Allocation Failure) 485448K->44694K(1126464K), 0.0007950 secs]
418.237: [GC (Allocation Failure) 471805K->44694K(1113280K), 0.0007510 secs]
418.441: [GC (Allocation Failure) 458582K->44694K(1100672K), 0.0009020 secs]
418.637: [GC (Allocation Failure) 445990K->44694K(1088512K), 0.0007530 secs]
418.825: [GC (Allocation Failure) 433883K->44792K(1076992K), 0.0010770 secs]
419.014: [GC (Allocation Failure) 422445K->44792K(1065856K), 0.0007460 secs]
419.194: [GC (Allocation Failure) 411261K->44792K(1055232K), 0.0007950 secs]
419.365: [GC (Allocation Failure) 400654K->44792K(1235904K), 0.0007730 secs]
419.630: [GC (Allocation Failure) 581408K->44890K(1217984K), 0.0011110 secs]
419.879: [GC (Allocation Failure) 563546K->44890K(1200768K), 0.0007510 secs]
420.126: [GC (Allocation Failure) 546297K->44890K(1184320K), 0.0011260 secs]
420.366: [GC (Allocation Failure) 529805K->44890K(1168576K), 0.0007540 secs]
420.595: [GC (Allocation Failure) 514192K->44987K(1153600K), 0.0010870 secs]
420.816: [GC (Allocation Failure) 499233K->44987K(1139200K), 0.0007550 secs]
421.035: [GC (Allocation Failure) 484827K->44987K(1125440K), 0.0007920 secs]
421.242: [GC (Allocation Failure) 471016K->44987K(1112192K), 0.0007820 secs]
421.442: [GC (Allocation Failure) 457888K->45085K(1099648K), 0.0008110 secs]
421.636: [GC (Allocation Failure) 445389K->45085K(1087616K), 0.0007560 secs]
421.823: [GC (Allocation Failure) 433298K->45085K(1076032K), 0.0007930 secs]
422.007: [GC (Allocation Failure) 421781K->45085K(1064896K), 0.0007470 secs]
422.187: [GC (Allocation Failure) 410692K->45183K(1054336K), 0.0007870 secs]
422.361: [GC (Allocation Failure) 400114K->45183K(1234880K), 0.0007510 secs]
422.618: [GC (Allocation Failure) 580712K->45183K(1216960K), 0.0008170 secs]
422.875: [GC (Allocation Failure) 562790K->45183K(1199744K), 0.0007460 secs]
423.122: [GC (Allocation Failure) 545607K->45280K(1183424K), 0.0008040 secs]
423.360: [GC (Allocation Failure) 529280K->45280K(1167744K), 0.0007550 secs]
423.592: [GC (Allocation Failure) 513606K->45280K(1152768K), 0.0009000 secs]
423.807: [GC (Allocation Failure) 498629K->45280K(1138368K), 0.0007490 secs]
424.019: [GC (Allocation Failure) 484317K->45378K(1124736K), 0.0007950 secs]
424.232: [GC (Allocation Failure) 470747K->45378K(1111616K), 0.0007480 secs]
424.434: [GC (Allocation Failure) 457584K->45378K(1099072K), 0.0007910 secs]
424.628: [GC (Allocation Failure) 445026K->45378K(1086976K), 0.0007560 secs]
424.814: [GC (Allocation Failure) 433058K->45476K(1075520K), 0.0007940 secs]
424.994: [GC (Allocation Failure) 421613K->45476K(1064448K), 0.0008690 secs]
425.178: [GC (Allocation Failure) 410543K->45476K(1053824K), 0.0008010 secs]
425.353: [GC (Allocation Failure) 399894K->45476K(1233664K), 0.0007550 secs]
425.614: [GC (Allocation Failure) 579853K->45557K(1215808K), 0.0016070 secs]
425.867: [GC (Allocation Failure) 562015K->45573K(1198720K), 0.0010400 secs]
426.111: [GC (Allocation Failure) 544895K->45573K(1182400K), 0.0007900 secs]
426.347: [GC (Allocation Failure) 528616K->45573K(1166720K), 0.0007610 secs]
426.575: [GC (Allocation Failure) 512992K->45671K(1151872K), 0.0010940 secs]
426.797: [GC (Allocation Failure) 498137K->45671K(1137600K), 0.0008650 secs]
427.007: [GC (Allocation Failure) 483907K->45671K(1123904K), 0.0007900 secs]
427.214: [GC (Allocation Failure) 470153K->45671K(1110720K), 0.0007690 secs]
427.408: [GC (Allocation Failure) 457048K->45769K(1098240K), 0.0007900 secs]
427.609: [GC (Allocation Failure) 444637K->45769K(1086208K), 0.0010510 secs]
427.801: [GC (Allocation Failure) 432620K->45769K(1074688K), 0.0007960 secs]
427.989: [GC (Allocation Failure) 421070K->45769K(1063616K), 0.0010610 secs]
428.167: [GC (Allocation Failure) 410117K->45866K(1053120K), 0.0007940 secs]
428.336: [GC (Allocation Failure) 399617K->45866K(1232640K), 0.0007630 secs]
428.595: [GC (Allocation Failure) 579128K->45866K(1214784K), 0.0007930 secs]
428.849: [GC (Allocation Failure) 561251K->45866K(1197696K), 0.0007600 secs]
429.090: [GC (Allocation Failure) 544275K->45964K(1181440K), 0.0007970 secs]
429.325: [GC (Allocation Failure) 528048K->45964K(1165888K), 0.0007570 secs]
429.554: [GC (Allocation Failure) 512473K->45964K(1150976K), 0.0010340 secs]
429.780: [GC (Allocation Failure) 497554K->45964K(1136640K), 0.0010540 secs]
429.998: [GC (Allocation Failure) 483333K->46046K(1123072K), 0.0018680 secs]
430.208: [GC (Allocation Failure) 469742K->46062K(1110016K), 0.0007580 secs]
430.412: [GC (Allocation Failure) 456661K->46062K(1097536K), 0.0009290 secs]
430.610: [GC (Allocation Failure) 444248K->46062K(1085504K), 0.0008710 secs]
430.796: [GC (Allocation Failure) 432289K->46143K(1074112K), 0.0013070 secs]
430.978: [GC (Allocation Failure) 420847K->46159K(1063104K), 0.0010650 secs]
431.154: [GC (Allocation Failure) 409906K->46159K(1052544K), 0.0008080 secs]
431.328: [GC (Allocation Failure) 399329K->46159K(1231424K), 0.0007700 secs]
431.595: [GC (Allocation Failure) 578235K->46257K(1213696K), 0.0008060 secs]
431.845: [GC (Allocation Failure) 560598K->46257K(1196672K), 0.0007670 secs]
432.085: [GC (Allocation Failure) 543533K->46257K(1180416K), 0.0007990 secs]
432.316: [GC (Allocation Failure) 527274K->46257K(1164800K), 0.0007630 secs]
432.539: [GC (Allocation Failure) 511790K->46339K(1150016K), 0.0012300 secs]
432.762: [GC (Allocation Failure) 496968K->46355K(1135808K), 0.0007710 secs]
432.969: [GC (Allocation Failure) 482797K->46355K(1122176K), 0.0007970 secs]
433.183: [GC (Allocation Failure) 469172K->46355K(1109120K), 0.0010590 secs]
433.384: [GC (Allocation Failure) 456131K->46453K(1096704K), 0.0007990 secs]
433.583: [GC (Allocation Failure) 443765K->46453K(1084736K), 0.0008760 secs]
433.774: [GC (Allocation Failure) 431838K->46453K(1073280K), 0.0009210 secs]
433.959: [GC (Allocation Failure) 420395K->46453K(1062272K), 0.0007540 secs]
434.137: [GC (Allocation Failure) 409455K->46550K(1051840K), 0.0009160 secs]
434.310: [GC (Allocation Failure) 399058K->46550K(1230400K), 0.0007610 secs]
434.568: [GC (Allocation Failure) 577579K->46550K(1212672K), 0.0011170 secs]
434.823: [GC (Allocation Failure) 559833K->46550K(1195648K), 0.0010640 secs]
435.073: [GC (Allocation Failure) 542865K->46648K(1179520K), 0.0011080 secs]
435.304: [GC (Allocation Failure) 526779K->46648K(1164032K), 0.0008760 secs]
435.529: [GC (Allocation Failure) 511342K->46648K(1149184K), 0.0011100 secs]
435.747: [GC (Allocation Failure) 496493K->46648K(1134912K), 0.0007570 secs]
435.963: [GC (Allocation Failure) 482254K->46746K(1121408K), 0.0008030 secs]
436.172: [GC (Allocation Failure) 468756K->46746K(1108416K), 0.0010540 secs]
436.377: [GC (Allocation Failure) 455737K->46730K(1096000K), 0.0018550 secs]
436.574: [GC (Allocation Failure) 443342K->46746K(1084032K), 0.0010520 secs]
436.765: [GC (Allocation Failure) 431421K->46843K(1072704K), 0.0007980 secs]
436.942: [GC (Allocation Failure) 420162K->46843K(1061760K), 0.0007700 secs]
437.120: [GC (Allocation Failure) 409187K->46843K(1051264K), 0.0008010 secs]
437.288: [GC (Allocation Failure) 398751K->46843K(1229184K), 0.0007710 secs]
437.555: [GC (Allocation Failure) 576735K->46941K(1211584K), 0.0007980 secs]
437.806: [GC (Allocation Failure) 559124K->46941K(1194688K), 0.0007630 secs]
438.050: [GC (Allocation Failure) 542264K->46941K(1178496K), 0.0008800 secs]
438.287: [GC (Allocation Failure) 526034K->46941K(1163008K), 0.0007620 secs]
438.515: [GC (Allocation Failure) 510676K->47039K(1148288K), 0.0007940 secs]
438.737: [GC (Allocation Failure) 495992K->47039K(1134144K), 0.0007610 secs]
438.949: [GC (Allocation Failure) 481793K->47039K(1120640K), 0.0008060 secs]
439.158: [GC (Allocation Failure) 468286K->47039K(1107648K), 0.0007740 secs]
439.354: [GC (Allocation Failure) 455409K->47136K(1095296K), 0.0009170 secs]
439.547: [GC (Allocation Failure) 443063K->47136K(1083392K), 0.0007770 secs]
439.735: [GC (Allocation Failure) 431189K->47136K(1072000K), 0.0008030 secs]
439.923: [GC (Allocation Failure) 419765K->47136K(1061056K), 0.0007640 secs]
440.100: [GC (Allocation Failure) 408842K->47234K(1050688K), 0.0008070 secs]
440.266: [GC (Allocation Failure) 398558K->47234K(1228160K), 0.0007710 secs]
440.519: [GC (Allocation Failure) 576047K->47234K(1210496K), 0.0007980 secs]
440.769: [GC (Allocation Failure) 558373K->47234K(1193600K), 0.0007670 secs]
441.011: [GC (Allocation Failure) 541517K->47316K(1177536K), 0.0015600 secs]
441.247: [GC (Allocation Failure) 525431K->47332K(1162112K), 0.0007760 secs]
441.471: [GC (Allocation Failure) 510062K->47316K(1147392K), 0.0015020 secs]
441.695: [GC (Allocation Failure) 495299K->47332K(1133248K), 0.0007650 secs]
441.907: [GC (Allocation Failure) 481295K->47429K(1119808K), 0.0008050 secs]
442.114: [GC (Allocation Failure) 467906K->47429K(1106880K), 0.0007660 secs]
442.314: [GC (Allocation Failure) 454926K->47429K(1094528K), 0.0008390 secs]
442.502: [GC (Allocation Failure) 442542K->47429K(1082624K), 0.0010990 secs]
442.694: [GC (Allocation Failure) 430768K->47527K(1071360K), 0.0009420 secs]
442.877: [GC (Allocation Failure) 419545K->47527K(1060480K), 0.0007700 secs]
443.060: [GC (Allocation Failure) 408672K->47527K(1050048K), 0.0011400 secs]
443.232: [GC (Allocation Failure) 398242K->47527K(1226944K), 0.0007670 secs]
443.486: [GC (Allocation Failure) 575184K->47625K(1209408K), 0.0008980 secs]
443.741: [GC (Allocation Failure) 557659K->47625K(1192576K), 0.0007700 secs]
443.983: [GC (Allocation Failure) 540805K->47625K(1176512K), 0.0008100 secs]
444.218: [GC (Allocation Failure) 524798K->47625K(1161088K), 0.0007940 secs]
444.440: [GC (Allocation Failure) 509368K->47722K(1146432K), 0.0008090 secs]
444.659: [GC (Allocation Failure) 494777K->47722K(1132352K), 0.0008930 secs]
444.869: [GC (Allocation Failure) 480652K->47722K(1118912K), 0.0008110 secs]
445.070: [GC (Allocation Failure) 467212K->47722K(1105984K), 0.0008060 secs]
445.270: [GC (Allocation Failure) 454400K->47820K(1093696K), 0.0008090 secs]
445.464: [GC (Allocation Failure) 442095K->47820K(1081856K), 0.0007760 secs]
445.657: [GC (Allocation Failure) 430268K->47820K(1070528K), 0.0008090 secs]
445.843: [GC (Allocation Failure) 418979K->47820K(1059648K), 0.0007760 secs]
446.025: [GC (Allocation Failure) 408154K->47902K(1049344K), 0.0019790 secs]
446.198: [GC (Allocation Failure) 397868K->47918K(1225920K), 0.0007840 secs]
446.453: [GC (Allocation Failure) 574490K->47918K(1208384K), 0.0008190 secs]
446.706: [GC (Allocation Failure) 556924K->47918K(1191552K), 0.0007800 secs]
446.942: [GC (Allocation Failure) 540111K->48015K(1175616K), 0.0008030 secs]
447.172: [GC (Allocation Failure) 524213K->48015K(1160320K), 0.0007710 secs]
447.398: [GC (Allocation Failure) 508976K->48015K(1145664K), 0.0008360 secs]
447.614: [GC (Allocation Failure) 494254K->48015K(1131584K), 0.0007660 secs]
447.826: [GC (Allocation Failure) 480254K->48113K(1118208K), 0.0008170 secs]
448.033: [GC (Allocation Failure) 466906K->48113K(1105344K), 0.0010790 secs]
448.226: [GC (Allocation Failure) 454079K->48113K(1093056K), 0.0008330 secs]
448.416: [GC (Allocation Failure) 441789K->48113K(1081216K), 0.0010740 secs]
448.600: [GC (Allocation Failure) 430030K->48211K(1070016K), 0.0008150 secs]
448.781: [GC (Allocation Failure) 418858K->48211K(1059200K), 0.0007740 secs]
448.951: [GC (Allocation Failure) 408080K->48211K(1048832K), 0.0008030 secs]
449.125: [GC (Allocation Failure) 397633K->48211K(1224704K), 0.0007750 secs]
449.380: [GC (Allocation Failure) 573588K->48308K(1207296K), 0.0008130 secs]
449.632: [GC (Allocation Failure) 556198K->48308K(1190592K), 0.0007860 secs]
449.877: [GC (Allocation Failure) 539475K->48308K(1174592K), 0.0008120 secs]
450.110: [GC (Allocation Failure) 523503K->48308K(1159232K), 0.0007670 secs]
450.337: [GC (Allocation Failure) 508226K->48406K(1144704K), 0.0009280 secs]
450.556: [GC (Allocation Failure) 493697K->48406K(1130688K), 0.0007750 secs]
450.769: [GC (Allocation Failure) 479711K->48406K(1117312K), 0.0008260 secs]
450.972: [GC (Allocation Failure) 466367K->48406K(1104448K), 0.0009040 secs]
451.175: [GC (Allocation Failure) 453553K->48488K(1092224K), 0.0013340 secs]
451.368: [GC (Allocation Failure) 441286K->48504K(1080448K), 0.0007770 secs]
451.551: [GC (Allocation Failure) 429598K->48504K(1069184K), 0.0008080 secs]
451.736: [GC (Allocation Failure) 418282K->48504K(1058304K), 0.0007770 secs]
451.913: [GC (Allocation Failure) 407488K->48601K(1223808K), 0.0011160 secs]
452.171: [GC (Allocation Failure) 573081K->48601K(1206336K), 0.0007790 secs]
452.418: [GC (Allocation Failure) 555538K->48601K(1189632K), 0.0008140 secs]
452.658: [GC (Allocation Failure) 538815K->48585K(1173568K), 0.0017030 secs]
452.887: [GC (Allocation Failure) 522878K->48699K(1158464K), 0.0011350 secs]
453.112: [GC (Allocation Failure) 507746K->48699K(1143872K), 0.0008130 secs]
453.332: [GC (Allocation Failure) 493159K->48699K(1129920K), 0.0008120 secs]
453.546: [GC (Allocation Failure) 479224K->48699K(1116480K), 0.0007780 secs]
453.759: [GC (Allocation Failure) 465878K->48797K(1103744K), 0.0011290 secs]
453.955: [GC (Allocation Failure) 453160K->48797K(1091520K), 0.0007680 secs]
454.146: [GC (Allocation Failure) 440894K->48797K(1079808K), 0.0008350 secs]
454.333: [GC (Allocation Failure) 429223K->48797K(1068544K), 0.0007700 secs]
454.518: [GC (Allocation Failure) 418016K->48894K(1057856K), 0.0008270 secs]
454.693: [GC (Allocation Failure) 407345K->48894K(1222656K), 0.0007740 secs]
454.946: [GC (Allocation Failure) 572133K->48894K(1205248K), 0.0008370 secs]
455.196: [GC (Allocation Failure) 554759K->48894K(1188544K), 0.0007840 secs]
455.430: [GC (Allocation Failure) 538121K->48992K(1172736K), 0.0009420 secs]
455.664: [GC (Allocation Failure) 522367K->48992K(1157504K), 0.0007780 secs]
455.890: [GC (Allocation Failure) 507157K->48992K(1142976K), 0.0008320 secs]
456.106: [GC (Allocation Failure) 492640K->48992K(1129024K), 0.0007860 secs]
456.317: [GC (Allocation Failure) 478716K->49074K(1115776K), 0.0016690 secs]
456.525: [GC (Allocation Failure) 465453K->49090K(1103040K), 0.0007870 secs]
456.722: [GC (Allocation Failure) 452758K->49090K(1090816K), 0.0009570 secs]
456.915: [GC (Allocation Failure) 440536K->49090K(1079040K), 0.0010840 secs]
457.103: [GC (Allocation Failure) 428845K->49187K(1067904K), 0.0008120 secs]
457.282: [GC (Allocation Failure) 417713K->49187K(1057152K), 0.0009080 secs]
457.462: [GC (Allocation Failure) 406918K->49171K(1221696K), 0.0019300 secs]
457.724: [GC (Allocation Failure) 571515K->49187K(1204288K), 0.0007810 secs]
457.976: [GC (Allocation Failure) 554184K->49285K(1187776K), 0.0008120 secs]
458.218: [GC (Allocation Failure) 537640K->49285K(1171904K), 0.0008790 secs]
458.448: [GC (Allocation Failure) 521809K->49285K(1156736K), 0.0008210 secs]
458.670: [GC (Allocation Failure) 506648K->49269K(1142080K), 0.0013620 secs]
458.889: [GC (Allocation Failure) 492102K->49383K(1128320K), 0.0008160 secs]
459.104: [GC (Allocation Failure) 478333K->49383K(1115008K), 0.0011240 secs]
459.309: [GC (Allocation Failure) 465035K->49383K(1102272K), 0.0008200 secs]
459.505: [GC (Allocation Failure) 452244K->49383K(1090048K), 0.0011530 secs]
459.701: [GC (Allocation Failure) 440071K->49480K(1078464K), 0.0008130 secs]
459.888: [GC (Allocation Failure) 428523K->49480K(1067264K), 0.0010830 secs]
460.069: [GC (Allocation Failure) 417376K->49480K(1056576K), 0.0008300 secs]
460.245: [GC (Allocation Failure) 406666K->49480K(1220416K), 0.0007760 secs]
460.504: [GC (Allocation Failure) 570622K->49562K(1203200K), 0.0012720 secs]
460.749: [GC (Allocation Failure) 553388K->49562K(1186688K), 0.0012390 secs]
460.986: [GC (Allocation Failure) 536900K->49578K(1170880K), 0.0009640 secs]
461.217: [GC (Allocation Failure) 521056K->49578K(1155712K), 0.0008010 secs]
461.445: [GC (Allocation Failure) 505985K->49660K(1141312K), 0.0013990 secs]
461.662: [GC (Allocation Failure) 491554K->49676K(1127488K), 0.0008000 secs]
461.870: [GC (Allocation Failure) 477782K->49676K(1114240K), 0.0009580 secs]
462.070: [GC (Allocation Failure) 464552K->49676K(1101504K), 0.0008050 secs]
462.271: [GC (Allocation Failure) 451893K->49773K(1089408K), 0.0011720 secs]
462.459: [GC (Allocation Failure) 439795K->49773K(1077760K), 0.0007910 secs]
462.645: [GC (Allocation Failure) 428149K->49773K(1066624K), 0.0008210 secs]
462.827: [GC (Allocation Failure) 417039K->49773K(1055872K), 0.0007840 secs]
463.002: [GC (Allocation Failure) 406290K->49871K(1219520K), 0.0008330 secs]
463.255: [GC (Allocation Failure) 569991K->49855K(1202240K), 0.0012660 secs]
463.498: [GC (Allocation Failure) 552708K->49871K(1185728K), 0.0009490 secs]
463.738: [GC (Allocation Failure) 536218K->49871K(1169920K), 0.0008060 secs]
463.968: [GC (Allocation Failure) 520485K->49969K(1154880K), 0.0008200 secs]
464.192: [GC (Allocation Failure) 505462K->49969K(1140480K), 0.0011030 secs]
464.403: [GC (Allocation Failure) 491121K->49969K(1126656K), 0.0008240 secs]
464.605: [GC (Allocation Failure) 477206K->49969K(1113408K), 0.0007790 secs]
464.809: [GC (Allocation Failure) 464053K->50066K(1100800K), 0.0011420 secs]
465.005: [GC (Allocation Failure) 451471K->50066K(1088704K), 0.0007820 secs]
465.190: [GC (Allocation Failure) 439363K->50066K(1077120K), 0.0008340 secs]
465.369: [GC (Allocation Failure) 427797K->50066K(1065920K), 0.0007820 secs]
465.546: [GC (Allocation Failure) 416629K->50164K(1055296K), 0.0008380 secs]
465.724: [GC (Allocation Failure) 406108K->50164K(1218432K), 0.0007770 secs]
465.976: [GC (Allocation Failure) 569178K->50164K(1201216K), 0.0008180 secs]
466.219: [GC (Allocation Failure) 552019K->50164K(1184704K), 0.0007840 secs]
466.451: [GC (Allocation Failure) 535577K->50246K(1169024K), 0.0016270 secs]
466.676: [GC (Allocation Failure) 519848K->50262K(1153984K), 0.0007870 secs]
466.898: [GC (Allocation Failure) 504890K->50262K(1139584K), 0.0008270 secs]
467.112: [GC (Allocation Failure) 490499K->50262K(1125760K), 0.0011070 secs]
467.321: [GC (Allocation Failure) 476683K->50359K(1112640K), 0.0008300 secs]
467.522: [GC (Allocation Failure) 463584K->50359K(1100032K), 0.0007860 secs]
467.718: [GC (Allocation Failure) 451045K->50359K(1087936K), 0.0009720 secs]
467.913: [GC (Allocation Failure) 438887K->50359K(1076288K), 0.0009340 secs]
468.094: [GC (Allocation Failure) 427305K->50457K(1065280K), 0.0009690 secs]
468.270: [GC (Allocation Failure) 416392K->50457K(1054656K), 0.0007960 secs]
468.450: [GC (Allocation Failure) 405726K->50457K(1217472K), 0.0011260 secs]
468.700: [GC (Allocation Failure) 568504K->50441K(1200192K), 0.0013200 secs]
468.942: [GC (Allocation Failure) 551343K->50555K(1183936K), 0.0011520 secs]
469.185: [GC (Allocation Failure) 535159K->50555K(1168256K), 0.0008200 secs]
469.415: [GC (Allocation Failure) 519426K->50555K(1153280K), 0.0008490 secs]
469.634: [GC (Allocation Failure) 504470K->50555K(1138880K), 0.0008050 secs]
469.846: [GC (Allocation Failure) 490155K->50652K(1125184K), 0.0008220 secs]
470.061: [GC (Allocation Failure) 476507K->50652K(1112064K), 0.0007890 secs]
470.262: [GC (Allocation Failure) 463302K->50652K(1099456K), 0.0008390 secs]
470.457: [GC (Allocation Failure) 450691K->50652K(1087360K), 0.0007870 secs]
470.650: [GC (Allocation Failure) 438657K->50750K(1075904K), 0.0011600 secs]
470.833: [GC (Allocation Failure) 427246K->50750K(1064832K), 0.0007990 secs]
471.012: [GC (Allocation Failure) 416164K->50750K(1054208K), 0.0011470 secs]
471.185: [GC (Allocation Failure) 405619K->50750K(1216192K), 0.0009410 secs]
471.439: [GC (Allocation Failure) 567609K->50848K(1199168K), 0.0008270 secs]
471.684: [GC (Allocation Failure) 550633K->50848K(1182784K), 0.0007810 secs]
471.921: [GC (Allocation Failure) 534291K->50848K(1167168K), 0.0009610 secs]
472.150: [GC (Allocation Failure) 518662K->50848K(1152128K), 0.0008210 secs]
472.367: [GC (Allocation Failure) 503622K->50945K(1137856K), 0.0008270 secs]
472.581: [GC (Allocation Failure) 489428K->50945K(1124160K), 0.0007880 secs]
472.782: [GC (Allocation Failure) 475762K->50945K(1111040K), 0.0008220 secs]
472.984: [GC (Allocation Failure) 462582K->50945K(1098432K), 0.0008040 secs]
473.177: [GC (Allocation Failure) 450109K->51043K(1086464K), 0.0008240 secs]
473.368: [GC (Allocation Failure) 438178K->51043K(1074944K), 0.0007870 secs]
473.559: [GC (Allocation Failure) 426645K->51043K(1063936K), 0.0011790 secs]
473.741: [GC (Allocation Failure) 415594K->51043K(1053312K), 0.0007900 secs]
473.919: [GC (Allocation Failure) 405038K->51141K(1215296K), 0.0009470 secs]
474.179: [GC (Allocation Failure) 567071K->51141K(1198208K), 0.0011130 secs]
474.428: [GC (Allocation Failure) 549987K->51141K(1181888K), 0.0011630 secs]
474.663: [GC (Allocation Failure) 533647K->51141K(1166208K), 0.0011050 secs]
474.905: [GC (Allocation Failure) 518054K->51238K(1151360K), 0.0011740 secs]
475.130: [GC (Allocation Failure) 503199K->51238K(1137088K), 0.0007920 secs]
475.344: [GC (Allocation Failure) 488979K->51238K(1123456K), 0.0008260 secs]
475.556: [GC (Allocation Failure) 475347K->51238K(1110336K), 0.0007870 secs]
475.761: [GC (Allocation Failure) 462281K->51336K(1097856K), 0.0008350 secs]
475.954: [GC (Allocation Failure) 449797K->51336K(1085888K), 0.0008180 secs]
476.142: [GC (Allocation Failure) 437866K->51336K(1074432K), 0.0008990 secs]
476.326: [GC (Allocation Failure) 426392K->51336K(1063360K), 0.0008920 secs]
476.506: [GC (Allocation Failure) 415359K->51434K(1052864K), 0.0009990 secs]
476.686: [GC (Allocation Failure) 404892K->51418K(1214208K), 0.0014440 secs]
476.937: [GC (Allocation Failure) 566214K->51434K(1197184K), 0.0008390 secs]
477.179: [GC (Allocation Failure) 549275K->51434K(1180864K), 0.0009500 secs]
477.414: [GC (Allocation Failure) 532940K->51531K(1165376K), 0.0008310 secs]
477.645: [GC (Allocation Failure) 517536K->51531K(1150464K), 0.0008040 secs]
477.863: [GC (Allocation Failure) 502606K->51531K(1136256K), 0.0008340 secs]
478.080: [GC (Allocation Failure) 488451K->51531K(1122560K), 0.0007950 secs]
478.284: [GC (Allocation Failure) 474791K->51629K(1109568K), 0.0008260 secs]
478.492: [GC (Allocation Failure) 461801K->51629K(1097088K), 0.0011200 secs]
478.689: [GC (Allocation Failure) 449313K->51629K(1085120K), 0.0008380 secs]
478.878: [GC (Allocation Failure) 437415K->51629K(1073600K), 0.0008200 secs]
479.062: [GC (Allocation Failure) 425946K->51727K(1062720K), 0.0008280 secs]
479.247: [GC (Allocation Failure) 415076K->51727K(1052224K), 0.0009260 secs]
479.418: [GC (Allocation Failure) 404606K->51727K(1213248K), 0.0008520 secs]
479.676: [GC (Allocation Failure) 565580K->51727K(1196224K), 0.0008060 secs]
479.918: [GC (Allocation Failure) 548629K->51824K(1180032K), 0.0009850 secs]
480.153: [GC (Allocation Failure) 532518K->51824K(1164480K), 0.0007890 secs]
480.382: [GC (Allocation Failure) 516929K->51824K(1149632K), 0.0008570 secs]
480.602: [GC (Allocation Failure) 502036K->51808K(1135296K), 0.0020520 secs]
480.821: [GC (Allocation Failure) 487818K->51922K(1121856K), 0.0008320 secs]
481.028: [GC (Allocation Failure) 474449K->51922K(1108864K), 0.0011460 secs]
481.224: [GC (Allocation Failure) 461438K->51922K(1096384K), 0.0008320 secs]
481.415: [GC (Allocation Failure) 448970K->51922K(1084416K), 0.0008010 secs]
481.605: [GC (Allocation Failure) 437045K->52020K(1073024K), 0.0008390 secs]
481.793: [GC (Allocation Failure) 425715K->52004K(1062080K), 0.0013250 secs]
481.974: [GC (Allocation Failure) 414746K->52020K(1051584K), 0.0008760 secs]
482.152: [GC (Allocation Failure) 404208K->52020K(1211968K), 0.0009460 secs]
482.398: [GC (Allocation Failure) 564652K->52117K(1195072K), 0.0008500 secs]
482.642: [GC (Allocation Failure) 547773K->52117K(1178880K), 0.0007990 secs]
482.891: [GC (Allocation Failure) 531664K->52117K(1163392K), 0.0011920 secs]
483.119: [GC (Allocation Failure) 516161K->52117K(1148544K), 0.0011220 secs]
483.342: [GC (Allocation Failure) 501308K->52215K(1134464K), 0.0008360 secs]
483.557: [GC (Allocation Failure) 487286K->52215K(1120896K), 0.0011370 secs]
