0.076: [GC (Allocation Failure) 16097K->463K(61824K), 0.0008220 secs]
0.091: [GC (Allocation Failure) 16547K->447K(77952K), 0.0006770 secs]
0.111: [GC (Allocation Failure) 32623K->545K(77952K), 0.0007870 secs]
0.128: [GC (Allocation Failure) 32767K->447K(110208K), 0.0006700 secs]
0.164: [GC (Allocation Failure) 64893K->447K(110208K), 0.0007860 secs]
0.197: [GC (Allocation Failure) 64863K->537K(172608K), 0.0007290 secs]
0.269: [GC (Allocation Failure) 129493K->435K(172608K), 0.0008770 secs]
0.335: [GC (Allocation Failure) 129395K->435K(301696K), 0.0002230 secs]
0.500: [GC (Allocation Failure) 258374K->435K(301760K), 0.0003850 secs]
0.615: [GC (Allocation Failure) 258376K->435K(386304K), 0.0002160 secs]
0.787: [GC (Allocation Failure) 342936K->435K(369280K), 0.0002170 secs]
0.944: [GC (Allocation Failure) 326564K->435K(353792K), 0.0002210 secs]
1.090: [GC (Allocation Failure) 311095K->435K(339776K), 0.0002150 secs]
1.214: [GC (Allocation Failure) 296362K->435K(325056K), 0.0002620 secs]
1.337: [GC (Allocation Failure) 282366K->435K(312448K), 0.0002130 secs]
1.475: [GC (Allocation Failure) 269080K->435K(299072K), 0.0002740 secs]
1.583: [GC (Allocation Failure) 256386K->435K(287680K), 0.0002040 secs]
1.716: [GC (Allocation Failure) 244361K->435K(275648K), 0.0002800 secs]
1.814: [GC (Allocation Failure) 232933K->435K(265408K), 0.0002050 secs]
1.953: [GC (Allocation Failure) 222188K->435K(254528K), 0.0002800 secs]
2.046: [GC (Allocation Failure) 211833K->435K(245248K), 0.0002100 secs]
2.132: [GC (Allocation Failure) 202066K->435K(235456K), 0.0002670 secs]
2.223: [GC (Allocation Failure) 192783K->435K(227072K), 0.0002150 secs]
2.305: [GC (Allocation Failure) 183895K->435K(218240K), 0.0002660 secs]
2.415: [GC (Allocation Failure) 175593K->435K(210688K), 0.0002150 secs]
2.486: [GC (Allocation Failure) 167580K->435K(202624K), 0.0002540 secs]
2.554: [GC (Allocation Failure) 159961K->435K(195776K), 0.0002020 secs]
2.619: [GC (Allocation Failure) 152733K->435K(188544K), 0.0002510 secs]
2.681: [GC (Allocation Failure) 145892K->435K(182336K), 0.0002010 secs]
2.745: [GC (Allocation Failure) 139348K->435K(175808K), 0.0002630 secs]
2.817: [GC (Allocation Failure) 133097K->435K(170176K), 0.0002030 secs]
2.905: [GC (Allocation Failure) 127237K->435K(164352K), 0.0002680 secs]
2.961: [GC (Allocation Failure) 121666K->435K(159296K), 0.0002040 secs]
3.061: [GC (Allocation Failure) 116391K->435K(153984K), 0.0002520 secs]
3.117: [GC (Allocation Failure) 111313K->435K(149376K), 0.0002040 secs]
3.300: [GC (Allocation Failure) 106527K->435K(144640K), 0.0002490 secs]
3.355: [GC (Allocation Failure) 101936K->435K(140480K), 0.0002030 secs]
3.409: [GC (Allocation Failure) 97634K->435K(136128K), 0.0002540 secs]
3.509: [GC (Allocation Failure) 93435K->435K(132352K), 0.0002010 secs]
3.556: [GC (Allocation Failure) 89528K->435K(128512K), 0.0002510 secs]
3.603: [GC (Allocation Failure) 85816K->435K(125056K), 0.0002010 secs]
3.692: [GC (Allocation Failure) 82202K->435K(121536K), 0.0003050 secs]
3.732: [GC (Allocation Failure) 78881K->435K(118400K), 0.0002040 secs]
3.954: [GC (Allocation Failure) 75658K->435K(115264K), 0.0002370 secs]
3.996: [GC (Allocation Failure) 72626K->435K(112384K), 0.0002850 secs]
4.031: [GC (Allocation Failure) 69599K->435K(109568K), 0.0002380 secs]
4.073: [GC (Allocation Failure) 66864K->435K(107008K), 0.0002150 secs]
4.111: [GC (Allocation Failure) 64227K->435K(104448K), 0.0002320 secs]
4.143: [GC (Allocation Failure) 61785K->435K(102144K), 0.0002040 secs]
4.247: [GC (Allocation Failure) 59441K->435K(99776K), 0.0002450 secs]
4.276: [GC (Allocation Failure) 57097K->435K(97600K), 0.0002020 secs]
4.341: [GC (Allocation Failure) 54948K->435K(95552K), 0.0002740 secs]
4.383: [GC (Allocation Failure) 52897K->435K(93568K), 0.0002030 secs]
4.434: [GC (Allocation Failure) 50846K->435K(91712K), 0.0002220 secs]
4.463: [GC (Allocation Failure) 48986K->435K(89920K), 0.0002020 secs]
4.507: [GC (Allocation Failure) 47228K->435K(88192K), 0.0002090 secs]
4.535: [GC (Allocation Failure) 45470K->435K(86592K), 0.0002040 secs]
4.559: [GC (Allocation Failure) 43907K->435K(85056K), 0.0002060 secs]
4.584: [GC (Allocation Failure) 42344K->435K(83584K), 0.0001990 secs]
4.604: [GC (Allocation Failure) 40879K->435K(82176K), 0.0002120 secs]
4.628: [GC (Allocation Failure) 39512K->435K(80832K), 0.0002720 secs]
4.648: [GC (Allocation Failure) 38144K->435K(79552K), 0.0002030 secs]
4.673: [GC (Allocation Failure) 36875K->435K(78336K), 0.0002220 secs]
4.785: [GC (Allocation Failure) 35605K->435K(77184K), 0.0002120 secs]
4.807: [GC (Allocation Failure) 34530K->435K(76032K), 0.0002100 secs]
4.881: [GC (Allocation Failure) 33358K->435K(74944K), 0.0002140 secs]
4.901: [GC (Allocation Failure) 32284K->435K(73920K), 0.0002010 secs]
4.930: [GC (Allocation Failure) 31210K->435K(72960K), 0.0002140 secs]
4.945: [GC (Allocation Failure) 30233K->435K(72000K), 0.0002770 secs]
4.984: [GC (Allocation Failure) 29354K->435K(71104K), 0.0002220 secs]
5.000: [GC (Allocation Failure) 28377K->435K(76736K), 0.0003940 secs]
5.082: [GC (Allocation Failure) 34042K->435K(75648K), 0.0002020 secs]
5.135: [GC (Allocation Failure) 32968K->435K(74560K), 0.0002090 secs]
5.151: [GC (Allocation Failure) 31893K->435K(73536K), 0.0002670 secs]
5.181: [GC (Allocation Failure) 30819K->435K(72576K), 0.0002270 secs]
5.196: [GC (Allocation Failure) 29842K->435K(71680K), 0.0001990 secs]
5.214: [GC (Allocation Failure) 28963K->435K(70784K), 0.0002000 secs]
5.260: [GC (Allocation Failure) 28084K->435K(69952K), 0.0002190 secs]
5.274: [GC (Allocation Failure) 27303K->435K(69120K), 0.0002020 secs]
5.362: [GC (Allocation Failure) 26424K->435K(68352K), 0.0002100 secs]
5.376: [GC (Allocation Failure) 25642K->435K(67584K), 0.0002120 secs]
5.392: [GC (Allocation Failure) 24857K->435K(66880K), 0.0002000 secs]
5.409: [GC (Allocation Failure) 24173K->435K(71680K), 0.0002390 secs]
5.434: [GC (Allocation Failure) 28963K->435K(70784K), 0.0002100 secs]
5.453: [GC (Allocation Failure) 28084K->435K(69952K), 0.0002040 secs]
5.471: [GC (Allocation Failure) 27303K->435K(69120K), 0.0002010 secs]
5.485: [GC (Allocation Failure) 26424K->435K(74368K), 0.0002140 secs]
5.548: [GC (Allocation Failure) 31698K->435K(73344K), 0.0002130 secs]
5.563: [GC (Allocation Failure) 30624K->435K(72384K), 0.0002100 secs]
5.634: [GC (Allocation Failure) 29745K->435K(71488K), 0.0002240 secs]
5.650: [GC (Allocation Failure) 28768K->435K(70592K), 0.0002140 secs]
5.680: [GC (Allocation Failure) 27889K->435K(69760K), 0.0002120 secs]
5.693: [GC (Allocation Failure) 27107K->435K(68992K), 0.0002110 secs]
5.728: [GC (Allocation Failure) 26326K->435K(68224K), 0.0002010 secs]
5.777: [GC (Allocation Failure) 25545K->435K(67520K), 0.0002210 secs]
5.791: [GC (Allocation Failure) 24857K->435K(66816K), 0.0002730 secs]
5.804: [GC (Allocation Failure) 24173K->435K(71616K), 0.0002160 secs]
5.823: [GC (Allocation Failure) 28963K->435K(77376K), 0.0002130 secs]
5.845: [GC (Allocation Failure) 34726K->435K(76224K), 0.0001990 secs]
5.936: [GC (Allocation Failure) 33554K->435K(75136K), 0.0002030 secs]
5.954: [GC (Allocation Failure) 32479K->435K(74112K), 0.0002130 secs]
5.969: [GC (Allocation Failure) 31405K->435K(73152K), 0.0002000 secs]
6.031: [GC (Allocation Failure) 30428K->435K(72192K), 0.0002250 secs]
6.049: [GC (Allocation Failure) 29549K->435K(71296K), 0.0002030 secs]
6.064: [GC (Allocation Failure) 28572K->435K(70400K), 0.0002020 secs]
6.170: [GC (Allocation Failure) 27693K->435K(69568K), 0.0002170 secs]
6.234: [GC (Allocation Failure) 26912K->435K(68800K), 0.0002210 secs]
6.252: [GC (Allocation Failure) 26131K->435K(68032K), 0.0002710 secs]
6.269: [GC (Allocation Failure) 25349K->435K(67328K), 0.0002100 secs]
6.282: [GC (Allocation Failure) 24662K->435K(72192K), 0.0003260 secs]
6.331: [GC (Allocation Failure) 29549K->435K(71296K), 0.0002030 secs]
6.349: [GC (Allocation Failure) 28572K->435K(70400K), 0.0002050 secs]
6.363: [GC (Allocation Failure) 27693K->435K(75904K), 0.0002020 secs]
6.427: [GC (Allocation Failure) 33261K->435K(74816K), 0.0002210 secs]
6.445: [GC (Allocation Failure) 32089K->435K(73792K), 0.0002140 secs]
6.463: [GC (Allocation Failure) 31112K->435K(72832K), 0.0002130 secs]
6.482: [GC (Allocation Failure) 30135K->435K(71872K), 0.0002040 secs]
6.497: [GC (Allocation Failure) 29158K->435K(70976K), 0.0002150 secs]
6.577: [GC (Allocation Failure) 28279K->435K(70144K), 0.0002050 secs]
6.630: [GC (Allocation Failure) 27498K->435K(69312K), 0.0002320 secs]
6.648: [GC (Allocation Failure) 26619K->435K(68544K), 0.0002070 secs]
6.679: [GC (Allocation Failure) 25838K->435K(67776K), 0.0002130 secs]
6.780: [GC (Allocation Failure) 25052K->435K(67072K), 0.0002140 secs]
6.829: [GC (Allocation Failure) 24369K->435K(66368K), 0.0002030 secs]
6.863: [GC (Allocation Failure) 23685K->435K(65728K), 0.0002810 secs]
6.880: [GC (Allocation Failure) 23001K->435K(65088K), 0.0002260 secs]
6.932: [GC (Allocation Failure) 22415K->435K(64512K), 0.0002140 secs]
6.947: [GC (Allocation Failure) 21829K->435K(63936K), 0.0001990 secs]
6.963: [GC (Allocation Failure) 21243K->435K(63360K), 0.0002750 secs]
6.977: [GC (Allocation Failure) 20657K->435K(67456K), 0.0002260 secs]
6.995: [GC (Allocation Failure) 24759K->435K(72384K), 0.0002030 secs]
7.082: [GC (Allocation Failure) 29745K->435K(71488K), 0.0002840 secs]
7.132: [GC (Allocation Failure) 28768K->435K(70592K), 0.0002040 secs]
7.170: [GC (Allocation Failure) 27889K->435K(69760K), 0.0002150 secs]
7.235: [GC (Allocation Failure) 27107K->435K(68992K), 0.0002160 secs]
7.250: [GC (Allocation Failure) 26326K->435K(68224K), 0.0002740 secs]
7.265: [GC (Allocation Failure) 25545K->435K(67520K), 0.0002190 secs]
7.276: [GC (Allocation Failure) 24857K->435K(72448K), 0.0002280 secs]
7.293: [GC (Allocation Failure) 29745K->435K(78336K), 0.0001990 secs]
7.309: [GC (Allocation Failure) 35605K->435K(85440K), 0.0002120 secs]
7.340: [GC (Allocation Failure) 42735K->435K(83968K), 0.0002200 secs]
7.359: [GC (Allocation Failure) 41270K->435K(92160K), 0.0002240 secs]
7.384: [GC (Allocation Failure) 49474K->435K(90368K), 0.0001990 secs]
7.405: [GC (Allocation Failure) 47716K->435K(88640K), 0.0002130 secs]
7.429: [GC (Allocation Failure) 45958K->435K(86976K), 0.0002110 secs]
7.452: [GC (Allocation Failure) 44298K->435K(85376K), 0.0002170 secs]
7.474: [GC (Allocation Failure) 42735K->435K(83904K), 0.0002130 secs]
7.496: [GC (Allocation Failure) 41172K->435K(82496K), 0.0001990 secs]
7.517: [GC (Allocation Failure) 39805K->435K(81152K), 0.0002080 secs]
7.538: [GC (Allocation Failure) 38437K->435K(79872K), 0.0002200 secs]
7.668: [GC (Allocation Failure) 37168K->435K(78656K), 0.0002090 secs]
7.683: [GC (Allocation Failure) 35996K->435K(77440K), 0.0002750 secs]
7.737: [GC (Allocation Failure) 34726K->435K(76288K), 0.0002120 secs]
7.755: [GC (Allocation Failure) 33554K->435K(75200K), 0.0002000 secs]
7.782: [GC (Allocation Failure) 32479K->435K(74176K), 0.0002150 secs]
7.831: [GC (Allocation Failure) 31503K->435K(73152K), 0.0002120 secs]
7.848: [GC (Allocation Failure) 30428K->435K(72192K), 0.0002720 secs]
7.861: [GC (Allocation Failure) 29549K->435K(71296K), 0.0002030 secs]
7.880: [GC (Allocation Failure) 28572K->435K(76992K), 0.0002590 secs]
7.973: [GC (Allocation Failure) 34335K->435K(75904K), 0.0002030 secs]
8.036: [GC (Allocation Failure) 33261K->435K(74816K), 0.0002160 secs]
8.051: [GC (Allocation Failure) 32089K->435K(81216K), 0.0004200 secs]
8.084: [GC (Allocation Failure) 38535K->435K(88896K), 0.0002060 secs]
8.138: [GC (Allocation Failure) 46251K->435K(87232K), 0.0002030 secs]
8.173: [GC (Allocation Failure) 44591K->435K(85632K), 0.0002100 secs]
8.196: [GC (Allocation Failure) 42930K->435K(84096K), 0.0002120 secs]
8.217: [GC (Allocation Failure) 41367K->435K(82624K), 0.0002090 secs]
8.289: [GC (Allocation Failure) 39902K->435K(81280K), 0.0002050 secs]
8.310: [GC (Allocation Failure) 38633K->435K(80000K), 0.0002060 secs]
8.327: [GC (Allocation Failure) 37363K->435K(78720K), 0.0002000 secs]
8.366: [GC (Allocation Failure) 35996K->435K(77504K), 0.0002130 secs]
8.385: [GC (Allocation Failure) 34823K->435K(76352K), 0.0002040 secs]
8.419: [GC (Allocation Failure) 33651K->435K(75264K), 0.0002120 secs]
8.433: [GC (Allocation Failure) 32577K->435K(74240K), 0.0002020 secs]
8.536: [GC (Allocation Failure) 31600K->435K(73216K), 0.0002190 secs]
8.549: [GC (Allocation Failure) 30526K->435K(72256K), 0.0002150 secs]
8.566: [GC (Allocation Failure) 29549K->435K(71360K), 0.0002000 secs]
8.583: [GC (Allocation Failure) 28670K->435K(77056K), 0.0002790 secs]
8.602: [GC (Allocation Failure) 34335K->435K(83904K), 0.0002290 secs]
8.624: [GC (Allocation Failure) 41172K->435K(82496K), 0.0002080 secs]
8.690: [GC (Allocation Failure) 39805K->435K(81152K), 0.0002160 secs]
8.710: [GC (Allocation Failure) 38437K->435K(88768K), 0.0003740 secs]
8.731: [GC (Allocation Failure) 46056K->435K(87104K), 0.0002100 secs]
8.838: [GC (Allocation Failure) 44395K->435K(85504K), 0.0002120 secs]
8.870: [GC (Allocation Failure) 42833K->435K(83968K), 0.0002420 secs]
8.892: [GC (Allocation Failure) 41270K->435K(82560K), 0.0002040 secs]
8.909: [GC (Allocation Failure) 39902K->435K(81216K), 0.0002130 secs]
8.930: [GC (Allocation Failure) 38535K->435K(79936K), 0.0002130 secs]
8.950: [GC (Allocation Failure) 37265K->435K(78656K), 0.0002020 secs]
8.965: [GC (Allocation Failure) 35996K->435K(77440K), 0.0002030 secs]
8.988: [GC (Allocation Failure) 34726K->435K(76288K), 0.0002810 secs]
9.007: [GC (Allocation Failure) 33554K->435K(75200K), 0.0002040 secs]
9.021: [GC (Allocation Failure) 32479K->435K(81664K), 0.0002180 secs]
9.038: [GC (Allocation Failure) 39023K->435K(89408K), 0.0002120 secs]
9.144: [GC (Allocation Failure) 46739K->435K(87744K), 0.0002780 secs]
9.167: [GC (Allocation Failure) 45079K->435K(86144K), 0.0002750 secs]
9.186: [GC (Allocation Failure) 43419K->435K(84608K), 0.0002120 secs]
9.242: [GC (Allocation Failure) 41953K->435K(83136K), 0.0002100 secs]
9.260: [GC (Allocation Failure) 40488K->435K(81728K), 0.0002110 secs]
9.287: [GC (Allocation Failure) 39023K->435K(80384K), 0.0002150 secs]
9.369: [GC (Allocation Failure) 37656K->435K(79104K), 0.0002130 secs]
9.388: [GC (Allocation Failure) 36386K->435K(77888K), 0.0002010 secs]
9.435: [GC (Allocation Failure) 35214K->435K(76736K), 0.0002020 secs]
9.485: [GC (Allocation Failure) 34042K->435K(75648K), 0.0002230 secs]
9.503: [GC (Allocation Failure) 32968K->435K(74560K), 0.0002200 secs]
9.534: [GC (Allocation Failure) 31893K->435K(73536K), 0.0002110 secs]
9.547: [GC (Allocation Failure) 30819K->435K(72576K), 0.0002000 secs]
9.560: [GC (Allocation Failure) 29842K->435K(71680K), 0.0002020 secs]
9.587: [GC (Allocation Failure) 28963K->435K(70784K), 0.0002130 secs]
9.603: [GC (Allocation Failure) 28084K->435K(76352K), 0.0002740 secs]
9.618: [GC (Allocation Failure) 33651K->435K(83008K), 0.0002150 secs]
9.688: [GC (Allocation Failure) 40293K->435K(81600K), 0.0002760 secs]
9.737: [GC (Allocation Failure) 38926K->435K(80256K), 0.0002250 secs]
9.757: [GC (Allocation Failure) 37558K->435K(78976K), 0.0001980 secs]
9.777: [GC (Allocation Failure) 36289K->435K(77760K), 0.0002140 secs]
9.796: [GC (Allocation Failure) 35116K->435K(76608K), 0.0002020 secs]
9.835: [GC (Allocation Failure) 33944K->435K(75520K), 0.0002030 secs]
9.977: [GC (Allocation Failure) 32870K->435K(74496K), 0.0002200 secs]
9.995: [GC (Allocation Failure) 31796K->435K(73472K), 0.0002130 secs]
10.013: [GC (Allocation Failure) 30819K->435K(72512K), 0.0002150 secs]
10.030: [GC (Allocation Failure) 29842K->435K(71616K), 0.0002280 secs]
10.042: [GC (Allocation Failure) 28963K->435K(77376K), 0.0002270 secs]
10.069: [GC (Allocation Failure) 34726K->435K(76224K), 0.0002050 secs]
10.089: [GC (Allocation Failure) 33554K->435K(75136K), 0.0002160 secs]
10.103: [GC (Allocation Failure) 32479K->435K(81600K), 0.0002030 secs]
10.142: [GC (Allocation Failure) 38926K->435K(80256K), 0.0002220 secs]
10.158: [GC (Allocation Failure) 37558K->435K(78976K), 0.0002000 secs]
10.174: [GC (Allocation Failure) 36289K->435K(77760K), 0.0002020 secs]
10.286: [GC (Allocation Failure) 35116K->435K(76608K), 0.0002130 secs]
10.340: [GC (Allocation Failure) 33944K->435K(75520K), 0.0002210 secs]
10.355: [GC (Allocation Failure) 32870K->435K(74496K), 0.0001990 secs]
10.369: [GC (Allocation Failure) 31796K->435K(73472K), 0.0002030 secs]
10.382: [GC (Allocation Failure) 30819K->435K(79552K), 0.0002030 secs]
10.420: [GC (Allocation Failure) 36875K->435K(78336K), 0.0002050 secs]
10.469: [GC (Allocation Failure) 35605K->435K(77184K), 0.0002150 secs]
10.484: [GC (Allocation Failure) 34530K->435K(76032K), 0.0002040 secs]
10.572: [GC (Allocation Failure) 33358K->435K(74944K), 0.0002180 secs]
10.586: [GC (Allocation Failure) 32284K->435K(73920K), 0.0002030 secs]
10.599: [GC (Allocation Failure) 31210K->435K(72960K), 0.0002010 secs]
10.612: [GC (Allocation Failure) 30233K->435K(78976K), 0.0002020 secs]
10.628: [GC (Allocation Failure) 36289K->435K(86208K), 0.0002020 secs]
10.646: [GC (Allocation Failure) 43516K->435K(94848K), 0.0002180 secs]
10.694: [GC (Allocation Failure) 52115K->435K(92928K), 0.0002130 secs]
10.719: [GC (Allocation Failure) 50260K->435K(91072K), 0.0002670 secs]
10.745: [GC (Allocation Failure) 48400K->435K(89280K), 0.0002090 secs]
10.769: [GC (Allocation Failure) 46642K->435K(87616K), 0.0002010 secs]
10.793: [GC (Allocation Failure) 44884K->435K(86016K), 0.0002110 secs]
10.815: [GC (Allocation Failure) 43321K->435K(84480K), 0.0002150 secs]
10.838: [GC (Allocation Failure) 41758K->435K(83008K), 0.0001990 secs]
10.855: [GC (Allocation Failure) 40293K->435K(81600K), 0.0002090 secs]
10.876: [GC (Allocation Failure) 38926K->435K(80256K), 0.0002100 secs]
10.892: [GC (Allocation Failure) 37558K->435K(78976K), 0.0002260 secs]
10.908: [GC (Allocation Failure) 36289K->435K(77760K), 0.0002000 secs]
10.923: [GC (Allocation Failure) 35116K->435K(84736K), 0.0001980 secs]
10.990: [GC (Allocation Failure) 42051K->435K(83264K), 0.0002350 secs]
11.008: [GC (Allocation Failure) 40586K->435K(81856K), 0.0002100 secs]
11.139: [GC (Allocation Failure) 39219K->435K(80512K), 0.0002140 secs]
11.155: [GC (Allocation Failure) 37851K->435K(79232K), 0.0001990 secs]
11.173: [GC (Allocation Failure) 36582K->435K(78016K), 0.0002670 secs]
11.192: [GC (Allocation Failure) 35312K->435K(76864K), 0.0002110 secs]
11.211: [GC (Allocation Failure) 34140K->435K(83648K), 0.0002680 secs]
11.233: [GC (Allocation Failure) 40977K->435K(82240K), 0.0002000 secs]
11.250: [GC (Allocation Failure) 39512K->435K(80896K), 0.0002110 secs]
11.267: [GC (Allocation Failure) 38242K->435K(79616K), 0.0002020 secs]
11.289: [GC (Allocation Failure) 36972K->435K(78400K), 0.0002190 secs]
11.346: [GC (Allocation Failure) 35702K->435K(77248K), 0.0002430 secs]
11.366: [GC (Allocation Failure) 34530K->435K(76096K), 0.0002140 secs]
11.381: [GC (Allocation Failure) 33456K->435K(75008K), 0.0002130 secs]
11.398: [GC (Allocation Failure) 32284K->435K(73984K), 0.0002130 secs]
11.412: [GC (Allocation Failure) 31307K->435K(80192K), 0.0002040 secs]
11.439: [GC (Allocation Failure) 37461K->435K(78912K), 0.0002120 secs]
11.459: [GC (Allocation Failure) 36191K->435K(77696K), 0.0002000 secs]
11.542: [GC (Allocation Failure) 35019K->435K(76544K), 0.0002070 secs]
11.557: [GC (Allocation Failure) 33847K->435K(75456K), 0.0002090 secs]
11.573: [GC (Allocation Failure) 32772K->435K(74432K), 0.0002080 secs]
11.587: [GC (Allocation Failure) 31698K->435K(80704K), 0.0002010 secs]
11.672: [GC (Allocation Failure) 38047K->435K(79424K), 0.0002120 secs]
11.688: [GC (Allocation Failure) 36777K->435K(78208K), 0.0002130 secs]
11.703: [GC (Allocation Failure) 35507K->435K(77056K), 0.0002000 secs]
11.788: [GC (Allocation Failure) 34335K->435K(75904K), 0.0002240 secs]
11.806: [GC (Allocation Failure) 33261K->435K(74816K), 0.0002080 secs]
11.837: [GC (Allocation Failure) 32089K->435K(73792K), 0.0002770 secs]
11.887: [GC (Allocation Failure) 31112K->435K(72832K), 0.0002140 secs]
11.964: [GC (Allocation Failure) 30135K->435K(71872K), 0.0002240 secs]
11.977: [GC (Allocation Failure) 29158K->435K(70976K), 0.0002120 secs]
12.040: [GC (Allocation Failure) 28279K->435K(70144K), 0.0002090 secs]
12.056: [GC (Allocation Failure) 27498K->435K(69312K), 0.0002180 secs]
12.068: [GC (Allocation Failure) 26619K->435K(74560K), 0.0002640 secs]
12.141: [GC (Allocation Failure) 31893K->435K(73536K), 0.0002150 secs]
12.158: [GC (Allocation Failure) 30819K->435K(72576K), 0.0002110 secs]
12.187: [GC (Allocation Failure) 29842K->435K(71680K), 0.0002110 secs]
12.203: [GC (Allocation Failure) 28963K->435K(70784K), 0.0002110 secs]
12.340: [GC (Allocation Failure) 28084K->435K(69952K), 0.0002130 secs]
12.356: [GC (Allocation Failure) 27303K->435K(69120K), 0.0002350 secs]
12.370: [GC (Allocation Failure) 26424K->435K(74368K), 0.0002860 secs]
12.419: [GC (Allocation Failure) 31698K->435K(73344K), 0.0002160 secs]
12.436: [GC (Allocation Failure) 30624K->435K(72384K), 0.0002100 secs]
12.449: [GC (Allocation Failure) 29745K->435K(78272K), 0.0002150 secs]
12.474: [GC (Allocation Failure) 35605K->435K(77120K), 0.0002240 secs]
12.490: [GC (Allocation Failure) 34433K->435K(83968K), 0.0003270 secs]
12.574: [GC (Allocation Failure) 41270K->435K(82560K), 0.0002510 secs]
12.595: [GC (Allocation Failure) 39902K->435K(81216K), 0.0002030 secs]
12.612: [GC (Allocation Failure) 38535K->435K(79936K), 0.0002130 secs]
12.628: [GC (Allocation Failure) 37265K->435K(87360K), 0.0002120 secs]
12.669: [GC (Allocation Failure) 44688K->435K(85760K), 0.0002040 secs]
12.697: [GC (Allocation Failure) 43028K->435K(84224K), 0.0002200 secs]
12.718: [GC (Allocation Failure) 41563K->435K(82752K), 0.0002000 secs]
12.736: [GC (Allocation Failure) 40098K->435K(81344K), 0.0002120 secs]
12.752: [GC (Allocation Failure) 38633K->435K(80000K), 0.0002020 secs]
12.772: [GC (Allocation Failure) 37363K->435K(78720K), 0.0002210 secs]
12.790: [GC (Allocation Failure) 35996K->435K(77504K), 0.0002350 secs]
12.875: [GC (Allocation Failure) 34823K->435K(76352K), 0.0002120 secs]
12.889: [GC (Allocation Failure) 33651K->435K(75264K), 0.0002050 secs]
12.903: [GC (Allocation Failure) 32577K->435K(74240K), 0.0002020 secs]
12.975: [GC (Allocation Failure) 31600K->435K(73216K), 0.0002200 secs]
12.989: [GC (Allocation Failure) 30526K->435K(79296K), 0.0003200 secs]
13.041: [GC (Allocation Failure) 36582K->435K(78080K), 0.0002250 secs]
13.056: [GC (Allocation Failure) 35409K->435K(85120K), 0.0002140 secs]
13.098: [GC (Allocation Failure) 42442K->435K(83648K), 0.0002230 secs]
13.120: [GC (Allocation Failure) 40977K->435K(82240K), 0.0002290 secs]
13.138: [GC (Allocation Failure) 39512K->435K(80896K), 0.0002140 secs]
13.154: [GC (Allocation Failure) 38242K->435K(79616K), 0.0002120 secs]
13.195: [GC (Allocation Failure) 36972K->435K(78400K), 0.0002090 secs]
13.215: [GC (Allocation Failure) 35702K->435K(77248K), 0.0002090 secs]
13.234: [GC (Allocation Failure) 34530K->435K(76096K), 0.0002120 secs]
13.249: [GC (Allocation Failure) 33456K->435K(75008K), 0.0002120 secs]
13.267: [GC (Allocation Failure) 32284K->435K(73984K), 0.0002200 secs]
13.293: [GC (Allocation Failure) 31307K->435K(73024K), 0.0002090 secs]
13.306: [GC (Allocation Failure) 30331K->435K(79040K), 0.0002180 secs]
13.326: [GC (Allocation Failure) 36386K->435K(86272K), 0.0002090 secs]
13.345: [GC (Allocation Failure) 43614K->435K(84736K), 0.0002020 secs]
13.497: [GC (Allocation Failure) 42051K->435K(83264K), 0.0002210 secs]
13.519: [GC (Allocation Failure) 40586K->435K(81856K), 0.0002100 secs]
13.540: [GC (Allocation Failure) 39219K->435K(80512K), 0.0002090 secs]
13.579: [GC (Allocation Failure) 37851K->435K(79232K), 0.0003180 secs]
13.641: [GC (Allocation Failure) 36582K->435K(78016K), 0.0002030 secs]
13.676: [GC (Allocation Failure) 35312K->435K(76864K), 0.0002200 secs]
13.695: [GC (Allocation Failure) 34140K->435K(75776K), 0.0002210 secs]
13.790: [GC (Allocation Failure) 33065K->435K(74688K), 0.0002740 secs]
13.815: [GC (Allocation Failure) 31991K->435K(73664K), 0.0002170 secs]
13.832: [GC (Allocation Failure) 31014K->435K(72704K), 0.0002110 secs]
13.893: [GC (Allocation Failure) 30038K->435K(71808K), 0.0002040 secs]
13.906: [GC (Allocation Failure) 29158K->435K(70912K), 0.0002150 secs]
13.922: [GC (Allocation Failure) 28182K->435K(70080K), 0.0002110 secs]
14.042: [GC (Allocation Failure) 27400K->435K(69248K), 0.0002020 secs]
14.057: [GC (Allocation Failure) 26521K->435K(68480K), 0.0002090 secs]
14.089: [GC (Allocation Failure) 25838K->435K(67712K), 0.0002250 secs]
14.100: [GC (Allocation Failure) 25052K->435K(67008K), 0.0002030 secs]
14.141: [GC (Allocation Failure) 24369K->435K(66304K), 0.0002170 secs]
14.155: [GC (Allocation Failure) 23587K->435K(65664K), 0.0002270 secs]
14.170: [GC (Allocation Failure) 23001K->435K(70208K), 0.0002750 secs]
14.189: [GC (Allocation Failure) 27498K->435K(75648K), 0.0002130 secs]
14.203: [GC (Allocation Failure) 32968K->435K(82176K), 0.0002110 secs]
14.224: [GC (Allocation Failure) 39512K->435K(90048K), 0.0002730 secs]
14.244: [GC (Allocation Failure) 47325K->435K(99456K), 0.0002020 secs]
14.352: [GC (Allocation Failure) 56804K->435K(97280K), 0.0002030 secs]
14.377: [GC (Allocation Failure) 54557K->435K(95232K), 0.0002700 secs]
14.404: [GC (Allocation Failure) 52506K->435K(93248K), 0.0002130 secs]
14.430: [GC (Allocation Failure) 50553K->435K(91392K), 0.0002050 secs]
14.452: [GC (Allocation Failure) 48693K->435K(89600K), 0.0002120 secs]
14.476: [GC (Allocation Failure) 46935K->435K(87936K), 0.0001990 secs]
14.500: [GC (Allocation Failure) 45274K->435K(86336K), 0.0002200 secs]
14.577: [GC (Allocation Failure) 43614K->435K(84800K), 0.0002110 secs]
14.645: [GC (Allocation Failure) 42149K->435K(83328K), 0.0002110 secs]
14.667: [GC (Allocation Failure) 40684K->435K(81920K), 0.0002020 secs]
14.688: [GC (Allocation Failure) 39219K->435K(80576K), 0.0002000 secs]
14.708: [GC (Allocation Failure) 37851K->435K(79296K), 0.0002100 secs]
14.725: [GC (Allocation Failure) 36582K->435K(78080K), 0.0002030 secs]
14.744: [GC (Allocation Failure) 35409K->435K(76928K), 0.0002120 secs]
14.759: [GC (Allocation Failure) 34237K->435K(75840K), 0.0001990 secs]
14.792: [GC (Allocation Failure) 33163K->435K(74752K), 0.0002020 secs]
14.874: [GC (Allocation Failure) 32089K->435K(73728K), 0.0002140 secs]
14.941: [GC (Allocation Failure) 31014K->435K(72768K), 0.0002200 secs]
14.971: [GC (Allocation Failure) 30038K->435K(71808K), 0.0002070 secs]
15.044: [GC (Allocation Failure) 29158K->435K(70912K), 0.0002220 secs]
15.057: [GC (Allocation Failure) 28182K->435K(70080K), 0.0002150 secs]
15.072: [GC (Allocation Failure) 27400K->435K(69248K), 0.0002010 secs]
15.088: [GC (Allocation Failure) 26521K->435K(68480K), 0.0002090 secs]
15.099: [GC (Allocation Failure) 25838K->435K(73600K), 0.0002160 secs]
15.117: [GC (Allocation Failure) 30917K->435K(79744K), 0.0002120 secs]
15.137: [GC (Allocation Failure) 37070K->435K(87104K), 0.0002230 secs]
15.251: [GC (Allocation Failure) 44395K->435K(85504K), 0.0002180 secs]
15.270: [GC (Allocation Failure) 42833K->435K(83968K), 0.0002750 secs]
15.350: [GC (Allocation Failure) 41270K->435K(82560K), 0.0002180 secs]
15.367: [GC (Allocation Failure) 39902K->435K(81216K), 0.0002040 secs]
15.399: [GC (Allocation Failure) 38535K->435K(79936K), 0.0002140 secs]
15.419: [GC (Allocation Failure) 37265K->435K(78656K), 0.0002270 secs]
15.435: [GC (Allocation Failure) 35996K->435K(77440K), 0.0002020 secs]
15.450: [GC (Allocation Failure) 34726K->435K(76288K), 0.0002000 secs]
15.464: [GC (Allocation Failure) 33554K->435K(82944K), 0.0002010 secs]
15.496: [GC (Allocation Failure) 40293K->435K(81536K), 0.0002130 secs]
15.551: [GC (Allocation Failure) 38828K->435K(80192K), 0.0002210 secs]
15.571: [GC (Allocation Failure) 37461K->435K(78912K), 0.0002080 secs]
15.598: [GC (Allocation Failure) 36191K->435K(77696K), 0.0002070 secs]
15.613: [GC (Allocation Failure) 35019K->435K(76544K), 0.0002020 secs]
15.647: [GC (Allocation Failure) 33847K->435K(75456K), 0.0002110 secs]
15.665: [GC (Allocation Failure) 32772K->435K(74432K), 0.0002010 secs]
15.679: [GC (Allocation Failure) 31698K->435K(73408K), 0.0002230 secs]
15.696: [GC (Allocation Failure) 30721K->435K(72448K), 0.0002090 secs]
15.845: [GC (Allocation Failure) 29745K->435K(71552K), 0.0002130 secs]
15.862: [GC (Allocation Failure) 28865K->435K(70656K), 0.0002220 secs]
15.891: [GC (Allocation Failure) 27986K->435K(69824K), 0.0002130 secs]
15.903: [GC (Allocation Failure) 27107K->435K(68992K), 0.0002010 secs]
15.940: [GC (Allocation Failure) 26326K->435K(68224K), 0.0002110 secs]
15.951: [GC (Allocation Failure) 25545K->435K(73280K), 0.0002010 secs]
15.965: [GC (Allocation Failure) 30624K->435K(79360K), 0.0002000 secs]
15.980: [GC (Allocation Failure) 36679K->435K(86656K), 0.0002010 secs]
16.085: [GC (Allocation Failure) 44005K->435K(85120K), 0.0002120 secs]
16.103: [GC (Allocation Failure) 42442K->435K(83648K), 0.0002040 secs]
16.121: [GC (Allocation Failure) 40977K->435K(82240K), 0.0002030 secs]
16.167: [GC (Allocation Failure) 39512K->435K(80896K), 0.0002130 secs]
16.184: [GC (Allocation Failure) 38242K->435K(79616K), 0.0002010 secs]
16.245: [GC (Allocation Failure) 36972K->435K(78400K), 0.0002020 secs]
16.350: [GC (Allocation Failure) 35702K->435K(77248K), 0.0002210 secs]
16.367: [GC (Allocation Failure) 34530K->435K(76096K), 0.0002110 secs]
16.388: [GC (Allocation Failure) 33456K->435K(75008K), 0.0002710 secs]
16.404: [GC (Allocation Failure) 32284K->435K(73984K), 0.0002080 secs]
16.476: [GC (Allocation Failure) 31307K->435K(73024K), 0.0002020 secs]
16.493: [GC (Allocation Failure) 30331K->435K(72064K), 0.0002310 secs]
16.510: [GC (Allocation Failure) 29354K->435K(71168K), 0.0002120 secs]
16.526: [GC (Allocation Failure) 28475K->435K(70336K), 0.0002300 secs]
16.542: [GC (Allocation Failure) 27693K->435K(75840K), 0.0002130 secs]
16.561: [GC (Allocation Failure) 33163K->435K(82432K), 0.0002100 secs]
16.697: [GC (Allocation Failure) 39707K->435K(81088K), 0.0002260 secs]
16.713: [GC (Allocation Failure) 38437K->435K(79808K), 0.0002000 secs]
16.733: [GC (Allocation Failure) 37168K->435K(78592K), 0.0002190 secs]
16.780: [GC (Allocation Failure) 35898K->435K(77376K), 0.0002050 secs]
16.799: [GC (Allocation Failure) 34726K->435K(76224K), 0.0002000 secs]
16.818: [GC (Allocation Failure) 33554K->435K(75136K), 0.0002100 secs]
16.832: [GC (Allocation Failure) 32479K->435K(74112K), 0.0002130 secs]
16.846: [GC (Allocation Failure) 31405K->435K(80320K), 0.0002030 secs]
16.950: [GC (Allocation Failure) 37656K->435K(79040K), 0.0002130 secs]
16.967: [GC (Allocation Failure) 36386K->435K(77824K), 0.0002120 secs]
16.982: [GC (Allocation Failure) 35116K->435K(76672K), 0.0002110 secs]
16.996: [GC (Allocation Failure) 33944K->435K(83392K), 0.0002110 secs]
17.018: [GC (Allocation Failure) 40684K->435K(81984K), 0.0002120 secs]
17.047: [GC (Allocation Failure) 39316K->435K(80640K), 0.0002110 secs]
17.068: [GC (Allocation Failure) 37949K->435K(79360K), 0.0002010 secs]
17.088: [GC (Allocation Failure) 36679K->435K(78144K), 0.0002080 secs]
17.170: [GC (Allocation Failure) 35409K->435K(76992K), 0.0002040 secs]
17.189: [GC (Allocation Failure) 34335K->435K(75904K), 0.0002010 secs]
17.203: [GC (Allocation Failure) 33261K->435K(74816K), 0.0002250 secs]
17.221: [GC (Allocation Failure) 32089K->435K(73792K), 0.0002090 secs]
17.235: [GC (Allocation Failure) 31112K->435K(79936K), 0.0002000 secs]
17.251: [GC (Allocation Failure) 37265K->435K(87360K), 0.0002010 secs]
17.287: [GC (Allocation Failure) 44688K->435K(85760K), 0.0002290 secs]
17.307: [GC (Allocation Failure) 43028K->435K(84224K), 0.0002160 secs]
17.349: [GC (Allocation Failure) 41563K->435K(82752K), 0.0002040 secs]
17.381: [GC (Allocation Failure) 40098K->435K(81344K), 0.0002150 secs]
17.551: [GC (Allocation Failure) 38633K->435K(80000K), 0.0002200 secs]
17.568: [GC (Allocation Failure) 37363K->435K(78720K), 0.0002690 secs]
17.601: [GC (Allocation Failure) 35996K->435K(77504K), 0.0002230 secs]
17.616: [GC (Allocation Failure) 34823K->435K(76352K), 0.0002020 secs]
17.650: [GC (Allocation Failure) 33651K->435K(75264K), 0.0002170 secs]
17.669: [GC (Allocation Failure) 32577K->435K(74240K), 0.0001940 secs]
17.686: [GC (Allocation Failure) 31600K->435K(73216K), 0.0002240 secs]
17.700: [GC (Allocation Failure) 30526K->435K(72256K), 0.0002140 secs]
17.717: [GC (Allocation Failure) 29549K->435K(78144K), 0.0002010 secs]
17.732: [GC (Allocation Failure) 35409K->435K(85184K), 0.0002190 secs]
17.750: [GC (Allocation Failure) 42540K->435K(93632K), 0.0002010 secs]
17.787: [GC (Allocation Failure) 50943K->435K(91776K), 0.0002030 secs]
17.857: [GC (Allocation Failure) 49084K->435K(89984K), 0.0002220 secs]
17.877: [GC (Allocation Failure) 47325K->435K(88256K), 0.0002030 secs]
17.901: [GC (Allocation Failure) 45567K->435K(86592K), 0.0002000 secs]
17.951: [GC (Allocation Failure) 43907K->435K(85056K), 0.0002690 secs]
18.004: [GC (Allocation Failure) 42344K->435K(83584K), 0.0002150 secs]
18.022: [GC (Allocation Failure) 40879K->435K(82176K), 0.0002240 secs]
18.043: [GC (Allocation Failure) 39512K->435K(80832K), 0.0002200 secs]
18.148: [GC (Allocation Failure) 38144K->435K(79552K), 0.0002020 secs]
18.164: [GC (Allocation Failure) 36875K->435K(78336K), 0.0002000 secs]
18.182: [GC (Allocation Failure) 35605K->435K(77184K), 0.0002160 secs]
18.201: [GC (Allocation Failure) 34530K->435K(76032K), 0.0002120 secs]
18.247: [GC (Allocation Failure) 33358K->435K(74944K), 0.0002020 secs]
18.300: [GC (Allocation Failure) 32284K->435K(73920K), 0.0002160 secs]
18.317: [GC (Allocation Failure) 31210K->435K(72960K), 0.0002000 secs]
18.333: [GC (Allocation Failure) 30233K->435K(72000K), 0.0002070 secs]
18.346: [GC (Allocation Failure) 29354K->435K(77824K), 0.0002420 secs]
18.362: [GC (Allocation Failure) 35116K->435K(84800K), 0.0002020 secs]
18.380: [GC (Allocation Failure) 42149K->435K(93184K), 0.0002030 secs]
18.404: [GC (Allocation Failure) 50455K->435K(91328K), 0.0002100 secs]
18.440: [GC (Allocation Failure) 48595K->435K(89536K), 0.0002240 secs]
18.460: [GC (Allocation Failure) 46837K->435K(87872K), 0.0002120 secs]
18.483: [GC (Allocation Failure) 45177K->435K(86272K), 0.0002050 secs]
18.555: [GC (Allocation Failure) 43614K->435K(84736K), 0.0002090 secs]
18.574: [GC (Allocation Failure) 42051K->435K(83264K), 0.0003190 secs]
18.668: [GC (Allocation Failure) 40586K->435K(81856K), 0.0002160 secs]
18.704: [GC (Allocation Failure) 39219K->435K(80512K), 0.0002210 secs]
18.724: [GC (Allocation Failure) 37851K->435K(79232K), 0.0002140 secs]
18.774: [GC (Allocation Failure) 36582K->435K(78016K), 0.0002210 secs]
18.789: [GC (Allocation Failure) 35312K->435K(76864K), 0.0002030 secs]
18.852: [GC (Allocation Failure) 34140K->435K(75776K), 0.0003250 secs]
18.867: [GC (Allocation Failure) 33065K->435K(74688K), 0.0001810 secs]
18.884: [GC (Allocation Failure) 31991K->435K(73664K), 0.0002140 secs]
18.972: [GC (Allocation Failure) 31014K->435K(72704K), 0.0002250 secs]
18.985: [GC (Allocation Failure) 30038K->435K(71808K), 0.0002030 secs]
19.046: [GC (Allocation Failure) 29158K->435K(70912K), 0.0002050 secs]
19.099: [GC (Allocation Failure) 28182K->435K(70080K), 0.0002120 secs]
19.112: [GC (Allocation Failure) 27400K->435K(69248K), 0.0002140 secs]
19.149: [GC (Allocation Failure) 26521K->435K(68480K), 0.0002230 secs]
19.161: [GC (Allocation Failure) 25838K->435K(73600K), 0.0002600 secs]
19.300: [GC (Allocation Failure) 30917K->435K(72640K), 0.0002100 secs]
19.313: [GC (Allocation Failure) 29940K->435K(78592K), 0.0003190 secs]
19.398: [GC (Allocation Failure) 35898K->435K(77376K), 0.0002070 secs]
19.413: [GC (Allocation Failure) 34726K->435K(76224K), 0.0002130 secs]
19.452: [GC (Allocation Failure) 33554K->435K(75136K), 0.0002110 secs]
19.466: [GC (Allocation Failure) 32479K->435K(74112K), 0.0002020 secs]
19.498: [GC (Allocation Failure) 31405K->435K(73152K), 0.0002690 secs]
19.511: [GC (Allocation Failure) 30428K->435K(79168K), 0.0002680 secs]
19.578: [GC (Allocation Failure) 36484K->435K(77952K), 0.0002380 secs]
19.598: [GC (Allocation Failure) 35312K->435K(76800K), 0.0002280 secs]
19.618: [GC (Allocation Failure) 34140K->435K(83584K), 0.0002750 secs]
19.637: [GC (Allocation Failure) 40879K->435K(82176K), 0.0002100 secs]
19.687: [GC (Allocation Failure) 39512K->435K(80832K), 0.0002250 secs]
19.708: [GC (Allocation Failure) 38144K->435K(79552K), 0.0002040 secs]
19.728: [GC (Allocation Failure) 36875K->435K(78336K), 0.0002130 secs]
19.743: [GC (Allocation Failure) 35605K->435K(77184K), 0.0002120 secs]
19.758: [GC (Allocation Failure) 34530K->435K(84032K), 0.0003000 secs]
19.785: [GC (Allocation Failure) 41367K->435K(92224K), 0.0002120 secs]
19.806: [GC (Allocation Failure) 49572K->435K(102080K), 0.0002820 secs]
19.864: [GC (Allocation Failure) 59441K->435K(99776K), 0.0002190 secs]
19.889: [GC (Allocation Failure) 57097K->435K(97600K), 0.0002010 secs]
19.917: [GC (Allocation Failure) 54948K->435K(95552K), 0.0002000 secs]
19.944: [GC (Allocation Failure) 52897K->435K(93568K), 0.0002090 secs]
19.966: [GC (Allocation Failure) 50846K->435K(91712K), 0.0002130 secs]
20.010: [GC (Allocation Failure) 48986K->435K(89920K), 0.0002200 secs]
20.034: [GC (Allocation Failure) 47228K->435K(88192K), 0.0002100 secs]
20.087: [GC (Allocation Failure) 45470K->435K(86592K), 0.0002270 secs]
20.106: [GC (Allocation Failure) 43907K->435K(85056K), 0.0002760 secs]
20.157: [GC (Allocation Failure) 42344K->435K(83584K), 0.0002890 secs]
20.175: [GC (Allocation Failure) 40879K->435K(82176K), 0.0002720 secs]
20.252: [GC (Allocation Failure) 39512K->435K(80832K), 0.0002130 secs]
20.272: [GC (Allocation Failure) 38144K->435K(79552K), 0.0001990 secs]
20.301: [GC (Allocation Failure) 36875K->435K(78336K), 0.0002130 secs]
20.320: [GC (Allocation Failure) 35605K->435K(77184K), 0.0002110 secs]
20.339: [GC (Allocation Failure) 34530K->435K(76032K), 0.0001960 secs]
20.369: [GC (Allocation Failure) 33358K->435K(74944K), 0.0002170 secs]
20.385: [GC (Allocation Failure) 32284K->435K(73920K), 0.0002110 secs]
20.420: [GC (Allocation Failure) 31210K->435K(72960K), 0.0002120 secs]
20.436: [GC (Allocation Failure) 30233K->435K(72000K), 0.0002150 secs]
20.449: [GC (Allocation Failure) 29354K->435K(77824K), 0.0002110 secs]
20.464: [GC (Allocation Failure) 35116K->435K(84800K), 0.0002000 secs]
20.553: [GC (Allocation Failure) 42149K->435K(83328K), 0.0002110 secs]
20.575: [GC (Allocation Failure) 40684K->435K(81920K), 0.0002190 secs]
20.602: [GC (Allocation Failure) 39219K->435K(80576K), 0.0002110 secs]
20.619: [GC (Allocation Failure) 37851K->435K(79296K), 0.0002010 secs]
20.636: [GC (Allocation Failure) 36582K->435K(78080K), 0.0002090 secs]
20.755: [GC (Allocation Failure) 35409K->435K(76928K), 0.0002190 secs]
20.770: [GC (Allocation Failure) 34237K->435K(75840K), 0.0002160 secs]
20.804: [GC (Allocation Failure) 33163K->435K(74752K), 0.0002210 secs]
20.819: [GC (Allocation Failure) 32089K->435K(73728K), 0.0002130 secs]
20.849: [GC (Allocation Failure) 31014K->435K(72768K), 0.0002230 secs]
20.863: [GC (Allocation Failure) 30038K->435K(71808K), 0.0002120 secs]
20.885: [GC (Allocation Failure) 29158K->435K(70912K), 0.0002150 secs]
20.897: [GC (Allocation Failure) 28182K->435K(76480K), 0.0002150 secs]
20.912: [GC (Allocation Failure) 33749K->435K(83200K), 0.0002050 secs]
20.933: [GC (Allocation Failure) 40488K->435K(91264K), 0.0002130 secs]
20.961: [GC (Allocation Failure) 48595K->435K(89472K), 0.0002010 secs]
20.981: [GC (Allocation Failure) 46739K->435K(98752K), 0.0002740 secs]
21.014: [GC (Allocation Failure) 56022K->435K(96640K), 0.0002240 secs]
21.037: [GC (Allocation Failure) 53971K->435K(94592K), 0.0002030 secs]
21.113: [GC (Allocation Failure) 51920K->435K(92672K), 0.0002140 secs]
21.136: [GC (Allocation Failure) 49967K->435K(90816K), 0.0002100 secs]
21.157: [GC (Allocation Failure) 48107K->435K(89088K), 0.0002020 secs]
21.289: [GC (Allocation Failure) 46446K->435K(87424K), 0.0002130 secs]
21.356: [GC (Allocation Failure) 44786K->435K(85824K), 0.0002070 secs]
21.374: [GC (Allocation Failure) 43126K->435K(84288K), 0.0002030 secs]
21.392: [GC (Allocation Failure) 41563K->435K(82816K), 0.0002030 secs]
21.413: [GC (Allocation Failure) 40098K->435K(81408K), 0.0002130 secs]
21.431: [GC (Allocation Failure) 38730K->435K(80064K), 0.0002020 secs]
21.453: [GC (Allocation Failure) 37363K->435K(78784K), 0.0002700 secs]
21.469: [GC (Allocation Failure) 36093K->435K(77568K), 0.0002020 secs]
21.484: [GC (Allocation Failure) 34921K->435K(84480K), 0.0002730 secs]
21.508: [GC (Allocation Failure) 41758K->435K(92800K), 0.0002220 secs]
21.534: [GC (Allocation Failure) 50162K->435K(90944K), 0.0002130 secs]
21.558: [GC (Allocation Failure) 48302K->435K(89216K), 0.0002040 secs]
21.582: [GC (Allocation Failure) 46544K->435K(87552K), 0.0002700 secs]
21.605: [GC (Allocation Failure) 44884K->435K(85952K), 0.0002150 secs]
21.624: [GC (Allocation Failure) 43223K->435K(84416K), 0.0002030 secs]
21.672: [GC (Allocation Failure) 41758K->435K(82944K), 0.0002210 secs]
21.690: [GC (Allocation Failure) 40293K->435K(81536K), 0.0002030 secs]
21.706: [GC (Allocation Failure) 38828K->435K(80192K), 0.0002000 secs]
21.722: [GC (Allocation Failure) 37461K->435K(78912K), 0.0002120 secs]
21.742: [GC (Allocation Failure) 36191K->435K(77696K), 0.0002080 secs]
21.774: [GC (Allocation Failure) 35019K->435K(76544K), 0.0002260 secs]
21.792: [GC (Allocation Failure) 33847K->435K(75456K), 0.0002100 secs]
21.810: [GC (Allocation Failure) 32772K->435K(74432K), 0.0002130 secs]
21.905: [GC (Allocation Failure) 31698K->435K(73408K), 0.0002040 secs]
21.918: [GC (Allocation Failure) 30721K->435K(72448K), 0.0002250 secs]
21.935: [GC (Allocation Failure) 29745K->435K(71552K), 0.0002090 secs]
21.950: [GC (Allocation Failure) 28865K->435K(77248K), 0.0002100 secs]
21.969: [GC (Allocation Failure) 34530K->435K(84096K), 0.0002150 secs]
21.991: [GC (Allocation Failure) 41367K->435K(82624K), 0.0002130 secs]
22.009: [GC (Allocation Failure) 39902K->435K(81280K), 0.0002130 secs]
22.058: [GC (Allocation Failure) 38633K->435K(80000K), 0.0002140 secs]
22.075: [GC (Allocation Failure) 37363K->435K(78720K), 0.0002090 secs]
22.106: [GC (Allocation Failure) 35996K->435K(77504K), 0.0002290 secs]
22.169: [GC (Allocation Failure) 34823K->435K(76352K), 0.0002120 secs]
22.184: [GC (Allocation Failure) 33651K->435K(75264K), 0.0002270 secs]
22.198: [GC (Allocation Failure) 32577K->435K(74240K), 0.0002330 secs]
22.251: [GC (Allocation Failure) 31600K->435K(73216K), 0.0002110 secs]
22.268: [GC (Allocation Failure) 30526K->435K(72256K), 0.0002010 secs]
22.281: [GC (Allocation Failure) 29549K->435K(71360K), 0.0002160 secs]
22.300: [GC (Allocation Failure) 28670K->435K(70464K), 0.0002150 secs]
22.341: [GC (Allocation Failure) 27791K->435K(69632K), 0.0004070 secs]
22.370: [GC (Allocation Failure) 26912K->435K(68864K), 0.0002060 secs]
22.388: [GC (Allocation Failure) 26131K->435K(68096K), 0.0002140 secs]
22.399: [GC (Allocation Failure) 25447K->435K(73152K), 0.0002260 secs]
22.413: [GC (Allocation Failure) 30428K->435K(79168K), 0.0002150 secs]
22.429: [GC (Allocation Failure) 36484K->435K(86400K), 0.0002050 secs]
22.462: [GC (Allocation Failure) 43712K->435K(95104K), 0.0003290 secs]
22.486: [GC (Allocation Failure) 52408K->435K(105536K), 0.0002080 secs]
22.569: [GC (Allocation Failure) 62859K->435K(103104K), 0.0002190 secs]
22.596: [GC (Allocation Failure) 60417K->435K(100800K), 0.0002700 secs]
22.763: [GC (Allocation Failure) 58073K->435K(98560K), 0.0002020 secs]
22.817: [GC (Allocation Failure) 55827K->435K(96448K), 0.0002220 secs]
22.840: [GC (Allocation Failure) 53776K->435K(94400K), 0.0002130 secs]
22.911: [GC (Allocation Failure) 51725K->435K(92480K), 0.0002010 secs]
22.980: [GC (Allocation Failure) 49767K->435K(90624K), 0.0002210 secs]
23.004: [GC (Allocation Failure) 47911K->435K(88896K), 0.0002090 secs]
23.059: [GC (Allocation Failure) 46251K->435K(87232K), 0.0002110 secs]
23.082: [GC (Allocation Failure) 44591K->435K(85632K), 0.0002030 secs]
23.161: [GC (Allocation Failure) 42930K->435K(84096K), 0.0002150 secs]
23.183: [GC (Allocation Failure) 41367K->435K(82624K), 0.0002010 secs]
23.200: [GC (Allocation Failure) 39902K->435K(81280K), 0.0002710 secs]
23.289: [GC (Allocation Failure) 38633K->435K(80000K), 0.0002110 secs]
23.319: [GC (Allocation Failure) 37363K->435K(78720K), 0.0002130 secs]
23.358: [GC (Allocation Failure) 35996K->435K(77504K), 0.0002380 secs]
23.374: [GC (Allocation Failure) 34823K->435K(76352K), 0.0002160 secs]
23.390: [GC (Allocation Failure) 33651K->435K(75264K), 0.0002010 secs]
23.457: [GC (Allocation Failure) 32577K->435K(74240K), 0.0002020 secs]
23.475: [GC (Allocation Failure) 31600K->435K(73216K), 0.0002000 secs]
23.507: [GC (Allocation Failure) 30526K->435K(72256K), 0.0002060 secs]
23.519: [GC (Allocation Failure) 29549K->435K(71360K), 0.0002030 secs]
23.532: [GC (Allocation Failure) 28670K->435K(77056K), 0.0002020 secs]
23.654: [GC (Allocation Failure) 34335K->435K(75904K), 0.0002110 secs]
23.687: [GC (Allocation Failure) 33261K->435K(74816K), 0.0002200 secs]
23.753: [GC (Allocation Failure) 32089K->435K(73792K), 0.0002150 secs]
23.771: [GC (Allocation Failure) 31112K->435K(72832K), 0.0002120 secs]
23.784: [GC (Allocation Failure) 30135K->435K(71872K), 0.0002020 secs]
23.800: [GC (Allocation Failure) 29158K->435K(70976K), 0.0002100 secs]
23.952: [GC (Allocation Failure) 28279K->435K(70144K), 0.0002920 secs]
23.974: [GC (Allocation Failure) 27498K->435K(69312K), 0.0002270 secs]
23.990: [GC (Allocation Failure) 26619K->435K(68544K), 0.0002090 secs]
24.055: [GC (Allocation Failure) 25838K->435K(67776K), 0.0002050 secs]
24.066: [GC (Allocation Failure) 25052K->435K(67072K), 0.0002130 secs]
24.101: [GC (Allocation Failure) 24369K->435K(66368K), 0.0001990 secs]
24.254: [GC (Allocation Failure) 23685K->435K(65728K), 0.0002520 secs]
24.268: [GC (Allocation Failure) 23001K->435K(65088K), 0.0002110 secs]
24.282: [GC (Allocation Failure) 22415K->435K(64512K), 0.0002070 secs]
24.296: [GC (Allocation Failure) 21829K->435K(68800K), 0.0002670 secs]
24.312: [GC (Allocation Failure) 26131K->435K(73984K), 0.0002150 secs]
24.326: [GC (Allocation Failure) 31307K->435K(80192K), 0.0002240 secs]
24.343: [GC (Allocation Failure) 37461K->435K(87616K), 0.0001930 secs]
24.382: [GC (Allocation Failure) 44884K->435K(86016K), 0.0002370 secs]
24.404: [GC (Allocation Failure) 43321K->435K(84480K), 0.0002090 secs]
24.437: [GC (Allocation Failure) 41758K->435K(83008K), 0.0002170 secs]
24.459: [GC (Allocation Failure) 40293K->435K(81600K), 0.0002200 secs]
24.480: [GC (Allocation Failure) 38926K->435K(80256K), 0.0002000 secs]
24.498: [GC (Allocation Failure) 37558K->435K(78976K), 0.0002180 secs]
24.514: [GC (Allocation Failure) 36289K->435K(77760K), 0.0002030 secs]
24.556: [GC (Allocation Failure) 35116K->435K(76608K), 0.0002020 secs]
24.590: [GC (Allocation Failure) 33944K->435K(75520K), 0.0002130 secs]
24.604: [GC (Allocation Failure) 32870K->435K(74496K), 0.0002120 secs]
24.652: [GC (Allocation Failure) 31796K->435K(73472K), 0.0002160 secs]
24.670: [GC (Allocation Failure) 30819K->435K(72512K), 0.0002060 secs]
24.686: [GC (Allocation Failure) 29842K->435K(71616K), 0.0002020 secs]
24.699: [GC (Allocation Failure) 28963K->435K(77376K), 0.0002100 secs]
24.714: [GC (Allocation Failure) 34726K->435K(84288K), 0.0002120 secs]
24.732: [GC (Allocation Failure) 41563K->435K(92544K), 0.0002000 secs]
24.757: [GC (Allocation Failure) 49867K->435K(90688K), 0.0002090 secs]
24.782: [GC (Allocation Failure) 48009K->435K(88960K), 0.0002130 secs]
24.806: [GC (Allocation Failure) 46251K->435K(87296K), 0.0002090 secs]
24.825: [GC (Allocation Failure) 44591K->435K(85696K), 0.0002700 secs]
24.860: [GC (Allocation Failure) 43028K->435K(84160K), 0.0002020 secs]
24.894: [GC (Allocation Failure) 41465K->435K(82688K), 0.0002140 secs]
24.959: [GC (Allocation Failure) 40000K->435K(81344K), 0.0002140 secs]
24.975: [GC (Allocation Failure) 38633K->435K(80000K), 0.0002090 secs]
25.111: [GC (Allocation Failure) 37363K->435K(78720K), 0.0002210 secs]
25.127: [GC (Allocation Failure) 35996K->435K(77504K), 0.0002130 secs]
25.159: [GC (Allocation Failure) 34823K->435K(76352K), 0.0002150 secs]
25.173: [GC (Allocation Failure) 33651K->435K(75264K), 0.0002150 secs]
25.210: [GC (Allocation Failure) 32577K->435K(74240K), 0.0002110 secs]
25.228: [GC (Allocation Failure) 31600K->435K(73216K), 0.0002050 secs]
25.241: [GC (Allocation Failure) 30526K->435K(72256K), 0.0002240 secs]
25.258: [GC (Allocation Failure) 29549K->435K(78144K), 0.0002210 secs]
25.357: [GC (Allocation Failure) 35409K->435K(76992K), 0.0002170 secs]
25.407: [GC (Allocation Failure) 34335K->435K(75904K), 0.0002130 secs]
25.456: [GC (Allocation Failure) 33261K->435K(74816K), 0.0002030 secs]
25.506: [GC (Allocation Failure) 32089K->435K(73792K), 0.0002010 secs]
25.547: [GC (Allocation Failure) 31112K->435K(72832K), 0.0002100 secs]
25.560: [GC (Allocation Failure) 30135K->435K(71872K), 0.0002040 secs]
25.576: [GC (Allocation Failure) 29158K->435K(70976K), 0.0002180 secs]
25.655: [GC (Allocation Failure) 28279K->435K(70144K), 0.0002090 secs]
25.666: [GC (Allocation Failure) 27498K->435K(69312K), 0.0002120 secs]
25.691: [GC (Allocation Failure) 26619K->435K(68544K), 0.0002110 secs]
25.702: [GC (Allocation Failure) 25838K->435K(73664K), 0.0002120 secs]
25.760: [GC (Allocation Failure) 31014K->435K(72704K), 0.0002230 secs]
25.776: [GC (Allocation Failure) 30038K->435K(71808K), 0.0002130 secs]
25.789: [GC (Allocation Failure) 29158K->435K(77568K), 0.0002140 secs]
25.804: [GC (Allocation Failure) 34921K->435K(84480K), 0.0002010 secs]
25.960: [GC (Allocation Failure) 41758K->435K(83008K), 0.0002130 secs]
25.982: [GC (Allocation Failure) 40293K->435K(81600K), 0.0002110 secs]
25.998: [GC (Allocation Failure) 38926K->435K(80256K), 0.0002010 secs]
26.059: [GC (Allocation Failure) 37558K->435K(78976K), 0.0002030 secs]
26.097: [GC (Allocation Failure) 36289K->435K(77760K), 0.0002130 secs]
26.117: [GC (Allocation Failure) 35116K->435K(76608K), 0.0002020 secs]
26.169: [GC (Allocation Failure) 33944K->435K(75520K), 0.0002050 secs]
26.184: [GC (Allocation Failure) 32870K->435K(74496K), 0.0002130 secs]
26.197: [GC (Allocation Failure) 31796K->435K(73472K), 0.0002000 secs]
26.211: [GC (Allocation Failure) 30819K->435K(79552K), 0.0002010 secs]
26.226: [GC (Allocation Failure) 36875K->435K(86848K), 0.0002120 secs]
26.262: [GC (Allocation Failure) 44200K->435K(85312K), 0.0002130 secs]
26.285: [GC (Allocation Failure) 42637K->435K(83840K), 0.0002100 secs]
26.358: [GC (Allocation Failure) 41172K->435K(82432K), 0.0001960 secs]
26.376: [GC (Allocation Failure) 39707K->435K(81088K), 0.0002130 secs]
26.410: [GC (Allocation Failure) 38437K->435K(79808K), 0.0002030 secs]
26.563: [GC (Allocation Failure) 37168K->435K(78592K), 0.0002180 secs]
26.583: [GC (Allocation Failure) 35898K->435K(77376K), 0.0002690 secs]
26.602: [GC (Allocation Failure) 34726K->435K(76224K), 0.0002220 secs]
26.662: [GC (Allocation Failure) 33554K->435K(75136K), 0.0002130 secs]
26.676: [GC (Allocation Failure) 32479K->435K(74112K), 0.0002010 secs]
26.690: [GC (Allocation Failure) 31405K->435K(73152K), 0.0002110 secs]
26.857: [GC (Allocation Failure) 30428K->435K(72192K), 0.0002030 secs]
26.894: [GC (Allocation Failure) 29549K->435K(71296K), 0.0002440 secs]
26.907: [GC (Allocation Failure) 28572K->435K(70400K), 0.0002160 secs]
26.919: [GC (Allocation Failure) 27693K->435K(75904K), 0.0002020 secs]
26.937: [GC (Allocation Failure) 33261K->435K(82496K), 0.0002720 secs]
26.958: [GC (Allocation Failure) 39805K->435K(90432K), 0.0002120 secs]
26.980: [GC (Allocation Failure) 47716K->435K(88704K), 0.0001970 secs]
26.999: [GC (Allocation Failure) 46056K->435K(87040K), 0.0002000 secs]
27.113: [GC (Allocation Failure) 44395K->435K(85440K), 0.0002110 secs]
27.132: [GC (Allocation Failure) 42735K->435K(83968K), 0.0002120 secs]
27.166: [GC (Allocation Failure) 41270K->435K(82560K), 0.0002210 secs]
27.184: [GC (Allocation Failure) 39902K->435K(81216K), 0.0002010 secs]
27.215: [GC (Allocation Failure) 38535K->435K(79936K), 0.0002200 secs]
27.235: [GC (Allocation Failure) 37265K->435K(78656K), 0.0002090 secs]
27.264: [GC (Allocation Failure) 35996K->435K(77440K), 0.0002030 secs]
27.283: [GC (Allocation Failure) 34726K->435K(76288K), 0.0001990 secs]
27.301: [GC (Allocation Failure) 33554K->435K(75200K), 0.0002120 secs]
27.315: [GC (Allocation Failure) 32479K->435K(74176K), 0.0002040 secs]
27.332: [GC (Allocation Failure) 31503K->435K(73152K), 0.0002140 secs]
27.392: [GC (Allocation Failure) 30428K->435K(72192K), 0.0002060 secs]
27.405: [GC (Allocation Failure) 29549K->435K(71296K), 0.0002170 secs]
27.457: [GC (Allocation Failure) 28572K->435K(70400K), 0.0002270 secs]
27.474: [GC (Allocation Failure) 27693K->435K(69568K), 0.0002680 secs]
27.489: [GC (Allocation Failure) 26912K->435K(74880K), 0.0002240 secs]
27.508: [GC (Allocation Failure) 32186K->435K(81280K), 0.0002280 secs]
27.565: [GC (Allocation Failure) 38633K->435K(80000K), 0.0002210 secs]
27.581: [GC (Allocation Failure) 37363K->435K(78720K), 0.0002010 secs]
27.601: [GC (Allocation Failure) 35996K->435K(77504K), 0.0002090 secs]
27.665: [GC (Allocation Failure) 34823K->435K(76352K), 0.0002130 secs]
27.710: [GC (Allocation Failure) 33651K->435K(75264K), 0.0002120 secs]
27.724: [GC (Allocation Failure) 32577K->435K(74240K), 0.0002010 secs]
27.737: [GC (Allocation Failure) 31600K->435K(73216K), 0.0002000 secs]
27.755: [GC (Allocation Failure) 30526K->435K(72256K), 0.0002080 secs]
27.767: [GC (Allocation Failure) 29549K->435K(78144K), 0.0002010 secs]
27.786: [GC (Allocation Failure) 35409K->435K(85184K), 0.0002220 secs]
27.814: [GC (Allocation Failure) 42540K->435K(83712K), 0.0002210 secs]
27.835: [GC (Allocation Failure) 41074K->435K(82304K), 0.0002070 secs]
27.862: [GC (Allocation Failure) 39609K->435K(80960K), 0.0002040 secs]
28.012: [GC (Allocation Failure) 38242K->435K(79680K), 0.0002010 secs]
28.062: [GC (Allocation Failure) 36972K->435K(78464K), 0.0002010 secs]
28.100: [GC (Allocation Failure) 35800K->435K(77312K), 0.0002170 secs]
28.115: [GC (Allocation Failure) 34628K->435K(76160K), 0.0002140 secs]
28.134: [GC (Allocation Failure) 33456K->435K(75072K), 0.0002020 secs]
28.151: [GC (Allocation Failure) 32382K->435K(74048K), 0.0002160 secs]
28.196: [GC (Allocation Failure) 31405K->435K(73088K), 0.0002020 secs]
28.213: [GC (Allocation Failure) 30428K->435K(72128K), 0.0002040 secs]
28.230: [GC (Allocation Failure) 29451K->435K(71232K), 0.0002000 secs]
28.242: [GC (Allocation Failure) 28572K->435K(76864K), 0.0002240 secs]
28.257: [GC (Allocation Failure) 34140K->435K(83648K), 0.0002000 secs]
28.318: [GC (Allocation Failure) 40977K->435K(82240K), 0.0002810 secs]
28.335: [GC (Allocation Failure) 39512K->435K(80896K), 0.0002100 secs]
28.352: [GC (Allocation Failure) 38242K->435K(79616K), 0.0001990 secs]
28.372: [GC (Allocation Failure) 36972K->435K(78400K), 0.0002190 secs]
28.412: [GC (Allocation Failure) 35702K->435K(77248K), 0.0002220 secs]
28.427: [GC (Allocation Failure) 34530K->435K(76096K), 0.0002100 secs]
28.445: [GC (Allocation Failure) 33456K->435K(75008K), 0.0002170 secs]
28.460: [GC (Allocation Failure) 32284K->435K(81408K), 0.0002250 secs]
28.481: [GC (Allocation Failure) 38730K->435K(89088K), 0.0002700 secs]
28.506: [GC (Allocation Failure) 46446K->435K(87424K), 0.0002160 secs]
28.526: [GC (Allocation Failure) 44786K->435K(85824K), 0.0002030 secs]
28.577: [GC (Allocation Failure) 43126K->435K(84288K), 0.0002260 secs]
28.595: [GC (Allocation Failure) 41563K->435K(82816K), 0.0002010 secs]
28.617: [GC (Allocation Failure) 40098K->435K(81408K), 0.0002140 secs]
28.634: [GC (Allocation Failure) 38730K->435K(80064K), 0.0002140 secs]
28.666: [GC (Allocation Failure) 37363K->435K(78784K), 0.0002180 secs]
28.686: [GC (Allocation Failure) 36093K->435K(77568K), 0.0002070 secs]
28.705: [GC (Allocation Failure) 34921K->435K(76416K), 0.0002150 secs]
28.724: [GC (Allocation Failure) 33749K->435K(75328K), 0.0002160 secs]
28.738: [GC (Allocation Failure) 32675K->435K(81792K), 0.0002440 secs]
28.867: [GC (Allocation Failure) 39121K->435K(80448K), 0.0002200 secs]
28.884: [GC (Allocation Failure) 37754K->435K(79168K), 0.0002000 secs]
28.900: [GC (Allocation Failure) 36484K->435K(77952K), 0.0001990 secs]
28.962: [GC (Allocation Failure) 35312K->435K(76800K), 0.0002870 secs]
28.985: [GC (Allocation Failure) 34140K->435K(75712K), 0.0002190 secs]
29.000: [GC (Allocation Failure) 33065K->435K(74624K), 0.0002110 secs]
29.165: [GC (Allocation Failure) 31893K->435K(73600K), 0.0002080 secs]
29.178: [GC (Allocation Failure) 30917K->435K(72640K), 0.0002250 secs]
29.195: [GC (Allocation Failure) 29940K->435K(71744K), 0.0002090 secs]
29.213: [GC (Allocation Failure) 29061K->435K(70848K), 0.0002140 secs]
29.226: [GC (Allocation Failure) 28182K->435K(76416K), 0.0011380 secs]
29.253: [GC (Allocation Failure) 33749K->435K(83136K), 0.0002170 secs]
29.304: [GC (Allocation Failure) 40488K->435K(91200K), 0.0002140 secs]
29.325: [GC (Allocation Failure) 48498K->435K(100864K), 0.0002040 secs]
29.448: [GC (Allocation Failure) 58171K->435K(112448K), 0.0002030 secs]
29.528: [GC (Allocation Failure) 69794K->435K(109696K), 0.0002250 secs]
29.557: [GC (Allocation Failure) 66961K->435K(107072K), 0.0002010 secs]
29.584: [GC (Allocation Failure) 64422K->435K(104576K), 0.0002040 secs]
29.611: [GC (Allocation Failure) 61883K->435K(102144K), 0.0002730 secs]
29.676: [GC (Allocation Failure) 59441K->435K(99840K), 0.0002040 secs]
29.709: [GC (Allocation Failure) 57194K->435K(97664K), 0.0002060 secs]
29.737: [GC (Allocation Failure) 54948K->435K(95616K), 0.0002110 secs]
29.810: [GC (Allocation Failure) 52897K->435K(93632K), 0.0002040 secs]
29.837: [GC (Allocation Failure) 50943K->435K(91776K), 0.0002000 secs]
29.873: [GC (Allocation Failure) 49084K->435K(89984K), 0.0002060 secs]
29.894: [GC (Allocation Failure) 47325K->435K(88256K), 0.0002120 secs]
29.917: [GC (Allocation Failure) 45567K->435K(86592K), 0.0002690 secs]
29.940: [GC (Allocation Failure) 43907K->435K(85056K), 0.0002120 secs]
29.962: [GC (Allocation Failure) 42344K->435K(83584K), 0.0002150 secs]
30.020: [GC (Allocation Failure) 40879K->435K(82176K), 0.0002010 secs]
30.038: [GC (Allocation Failure) 39512K->435K(80832K), 0.0002110 secs]
30.058: [GC (Allocation Failure) 38144K->435K(79552K), 0.0002110 secs]
30.078: [GC (Allocation Failure) 36875K->435K(78336K), 0.0002140 secs]
30.118: [GC (Allocation Failure) 35605K->435K(77184K), 0.0002040 secs]
30.137: [GC (Allocation Failure) 34530K->435K(76032K), 0.0002100 secs]
30.156: [GC (Allocation Failure) 33358K->435K(74944K), 0.0002100 secs]
30.170: [GC (Allocation Failure) 32284K->435K(73920K), 0.0002100 secs]
30.183: [GC (Allocation Failure) 31210K->435K(80128K), 0.0002000 secs]
30.315: [GC (Allocation Failure) 37461K->435K(78848K), 0.0002120 secs]
30.357: [GC (Allocation Failure) 36191K->435K(77632K), 0.0002090 secs]
30.376: [GC (Allocation Failure) 34921K->435K(76480K), 0.0002110 secs]
30.395: [GC (Allocation Failure) 33749K->435K(75392K), 0.0002190 secs]
30.423: [GC (Allocation Failure) 32675K->435K(74368K), 0.0002700 secs]
30.445: [GC (Allocation Failure) 31698K->435K(73344K), 0.0002260 secs]
30.458: [GC (Allocation Failure) 30624K->435K(72384K), 0.0002120 secs]
30.475: [GC (Allocation Failure) 29745K->435K(71488K), 0.0001990 secs]
30.488: [GC (Allocation Failure) 28768K->435K(77184K), 0.0002160 secs]
30.614: [GC (Allocation Failure) 34530K->435K(76032K), 0.0003370 secs]
30.668: [GC (Allocation Failure) 33358K->435K(74944K), 0.0002300 secs]
30.683: [GC (Allocation Failure) 32284K->435K(73920K), 0.0002150 secs]
30.697: [GC (Allocation Failure) 31210K->435K(72960K), 0.0002110 secs]
30.716: [GC (Allocation Failure) 30233K->435K(72000K), 0.0002150 secs]
30.729: [GC (Allocation Failure) 29354K->435K(77824K), 0.0002160 secs]
30.769: [GC (Allocation Failure) 35116K->435K(76672K), 0.0002190 secs]
30.787: [GC (Allocation Failure) 33944K->435K(83392K), 0.0002690 secs]
30.805: [GC (Allocation Failure) 40684K->435K(91456K), 0.0002030 secs]
30.911: [GC (Allocation Failure) 48791K->435K(89664K), 0.0002140 secs]
30.935: [GC (Allocation Failure) 46935K->435K(87936K), 0.0002100 secs]
31.009: [GC (Allocation Failure) 45274K->435K(86336K), 0.0002120 secs]
31.027: [GC (Allocation Failure) 43614K->435K(84800K), 0.0002150 secs]
31.072: [GC (Allocation Failure) 42149K->435K(83328K), 0.0002200 secs]
31.090: [GC (Allocation Failure) 40684K->435K(81920K), 0.0002170 secs]
31.171: [GC (Allocation Failure) 39219K->435K(80576K), 0.0002380 secs]
31.193: [GC (Allocation Failure) 37851K->435K(79296K), 0.0002250 secs]
31.209: [GC (Allocation Failure) 36582K->435K(78080K), 0.0002630 secs]
31.265: [GC (Allocation Failure) 35409K->435K(76928K), 0.0002130 secs]
31.284: [GC (Allocation Failure) 34237K->435K(75840K), 0.0001990 secs]
31.301: [GC (Allocation Failure) 33163K->435K(74752K), 0.0002110 secs]
31.315: [GC (Allocation Failure) 32089K->435K(73728K), 0.0002100 secs]
31.467: [GC (Allocation Failure) 31014K->435K(72768K), 0.0002100 secs]
31.484: [GC (Allocation Failure) 30038K->435K(71808K), 0.0002180 secs]
31.497: [GC (Allocation Failure) 29158K->435K(77568K), 0.0002660 secs]
31.565: [GC (Allocation Failure) 34921K->435K(76416K), 0.0002230 secs]
31.580: [GC (Allocation Failure) 33749K->435K(75328K), 0.0002010 secs]
31.615: [GC (Allocation Failure) 32675K->435K(74304K), 0.0002020 secs]
31.704: [GC (Allocation Failure) 31600K->435K(73280K), 0.0002730 secs]
31.768: [GC (Allocation Failure) 30624K->435K(72320K), 0.0002150 secs]
31.785: [GC (Allocation Failure) 29647K->435K(71424K), 0.0002220 secs]
31.798: [GC (Allocation Failure) 28768K->435K(70528K), 0.0002140 secs]
31.863: [GC (Allocation Failure) 27889K->435K(69696K), 0.0002120 secs]
31.878: [GC (Allocation Failure) 27010K->435K(68928K), 0.0002040 secs]
31.890: [GC (Allocation Failure) 26228K->435K(74112K), 0.0002160 secs]
31.915: [GC (Allocation Failure) 31405K->435K(73152K), 0.0002160 secs]
31.972: [GC (Allocation Failure) 30428K->435K(72192K), 0.0002220 secs]
31.984: [GC (Allocation Failure) 29549K->435K(71296K), 0.0002130 secs]
32.068: [GC (Allocation Failure) 28572K->435K(70400K), 0.0002090 secs]
32.084: [GC (Allocation Failure) 27693K->435K(69568K), 0.0002340 secs]
32.113: [GC (Allocation Failure) 26912K->435K(68800K), 0.0002140 secs]
32.128: [GC (Allocation Failure) 26131K->435K(68032K), 0.0002010 secs]
32.161: [GC (Allocation Failure) 25349K->435K(67328K), 0.0002050 secs]
32.197: [GC (Allocation Failure) 24662K->435K(66624K), 0.0002140 secs]
32.207: [GC (Allocation Failure) 23978K->435K(65984K), 0.0002000 secs]
32.221: [GC (Allocation Failure) 23294K->435K(70592K), 0.0002210 secs]
32.351: [GC (Allocation Failure) 27889K->435K(69760K), 0.0002310 secs]
32.367: [GC (Allocation Failure) 27107K->435K(68992K), 0.0002110 secs]
32.382: [GC (Allocation Failure) 26326K->435K(68224K), 0.0002270 secs]
32.418: [GC (Allocation Failure) 25545K->435K(67520K), 0.0002150 secs]
32.429: [GC (Allocation Failure) 24857K->435K(72448K), 0.0002190 secs]
32.469: [GC (Allocation Failure) 29745K->435K(71552K), 0.0002220 secs]
32.486: [GC (Allocation Failure) 28865K->435K(70656K), 0.0002150 secs]
32.499: [GC (Allocation Failure) 27986K->435K(76224K), 0.0002030 secs]
32.520: [GC (Allocation Failure) 33554K->435K(82880K), 0.0002120 secs]
32.541: [GC (Allocation Failure) 40195K->435K(81472K), 0.0002110 secs]
32.563: [GC (Allocation Failure) 38828K->435K(80128K), 0.0002190 secs]
32.623: [GC (Allocation Failure) 37461K->435K(78848K), 0.0002100 secs]
32.639: [GC (Allocation Failure) 36191K->435K(77632K), 0.0002100 secs]
32.654: [GC (Allocation Failure) 34921K->435K(76480K), 0.0002000 secs]
32.721: [GC (Allocation Failure) 33749K->435K(75392K), 0.0002090 secs]
32.735: [GC (Allocation Failure) 32675K->435K(74368K), 0.0002100 secs]
32.753: [GC (Allocation Failure) 31698K->435K(73344K), 0.0002100 secs]
32.770: [GC (Allocation Failure) 30624K->435K(79424K), 0.0002590 secs]
32.904: [GC (Allocation Failure) 36777K->435K(78208K), 0.0002200 secs]
32.920: [GC (Allocation Failure) 35507K->435K(77056K), 0.0002030 secs]
32.972: [GC (Allocation Failure) 34335K->435K(75904K), 0.0002150 secs]
32.987: [GC (Allocation Failure) 33261K->435K(74816K), 0.0002100 secs]
33.003: [GC (Allocation Failure) 32089K->435K(73792K), 0.0002070 secs]
33.017: [GC (Allocation Failure) 31112K->435K(79936K), 0.0002040 secs]
33.073: [GC (Allocation Failure) 37265K->435K(78656K), 0.0002110 secs]
33.088: [GC (Allocation Failure) 35996K->435K(77440K), 0.0002020 secs]
33.103: [GC (Allocation Failure) 34726K->435K(76288K), 0.0002100 secs]
33.118: [GC (Allocation Failure) 33554K->435K(82944K), 0.0002120 secs]
33.172: [GC (Allocation Failure) 40293K->435K(81536K), 0.0002260 secs]
33.189: [GC (Allocation Failure) 38828K->435K(80192K), 0.0002010 secs]
33.224: [GC (Allocation Failure) 37461K->435K(78912K), 0.0002170 secs]
33.239: [GC (Allocation Failure) 36191K->435K(77696K), 0.0002670 secs]
33.273: [GC (Allocation Failure) 35019K->435K(76544K), 0.0002140 secs]
33.288: [GC (Allocation Failure) 33847K->435K(75456K), 0.0002010 secs]
33.313: [GC (Allocation Failure) 32772K->435K(74432K), 0.0002220 secs]
33.371: [GC (Allocation Failure) 31698K->435K(73408K), 0.0002230 secs]
33.384: [GC (Allocation Failure) 30721K->435K(72448K), 0.0002040 secs]
33.401: [GC (Allocation Failure) 29745K->435K(71552K), 0.0002150 secs]
33.418: [GC (Allocation Failure) 28865K->435K(77248K), 0.0002390 secs]
33.522: [GC (Allocation Failure) 34530K->435K(76096K), 0.0002150 secs]
33.537: [GC (Allocation Failure) 33456K->435K(75008K), 0.0002270 secs]
33.554: [GC (Allocation Failure) 32284K->435K(73984K), 0.0002110 secs]
33.617: [GC (Allocation Failure) 31307K->435K(73024K), 0.0002150 secs]
33.634: [GC (Allocation Failure) 30331K->435K(72064K), 0.0002470 secs]
33.647: [GC (Allocation Failure) 29354K->435K(77888K), 0.0001990 secs]
33.670: [GC (Allocation Failure) 35214K->435K(84864K), 0.0002680 secs]
33.825: [GC (Allocation Failure) 42149K->435K(83392K), 0.0002210 secs]
33.843: [GC (Allocation Failure) 40684K->435K(81984K), 0.0002010 secs]
33.921: [GC (Allocation Failure) 39316K->435K(80640K), 0.0002150 secs]
33.974: [GC (Allocation Failure) 37949K->435K(79360K), 0.0013320 secs]
33.995: [GC (Allocation Failure) 36679K->435K(78144K), 0.0002140 secs]
34.010: [GC (Allocation Failure) 35409K->435K(76992K), 0.0002110 secs]
34.025: [GC (Allocation Failure) 34335K->435K(83776K), 0.0002720 secs]
34.072: [GC (Allocation Failure) 41074K->435K(82368K), 0.0002130 secs]
34.090: [GC (Allocation Failure) 39707K->435K(81024K), 0.0001870 secs]
34.114: [GC (Allocation Failure) 38340K->435K(79744K), 0.0002580 secs]
34.134: [GC (Allocation Failure) 37070K->435K(78528K), 0.0002050 secs]
34.150: [GC (Allocation Failure) 35800K->435K(77312K), 0.0002260 secs]
34.169: [GC (Allocation Failure) 34628K->435K(76160K), 0.0002150 secs]
34.188: [GC (Allocation Failure) 33456K->435K(75072K), 0.0002120 secs]
34.205: [GC (Allocation Failure) 32382K->435K(74048K), 0.0002110 secs]
34.332: [GC (Allocation Failure) 31405K->435K(73088K), 0.0002130 secs]
34.375: [GC (Allocation Failure) 30428K->435K(72128K), 0.0002140 secs]
34.392: [GC (Allocation Failure) 29451K->435K(71232K), 0.0002170 secs]
34.442: [GC (Allocation Failure) 28572K->435K(70400K), 0.0002070 secs]
34.455: [GC (Allocation Failure) 27693K->435K(69568K), 0.0002250 secs]
34.491: [GC (Allocation Failure) 26912K->435K(68800K), 0.0002030 secs]
34.516: [GC (Allocation Failure) 26131K->435K(68032K), 0.0002310 secs]
34.531: [GC (Allocation Failure) 25349K->435K(67328K), 0.0002130 secs]
34.542: [GC (Allocation Failure) 24662K->435K(72192K), 0.0002400 secs]
34.559: [GC (Allocation Failure) 29549K->435K(78016K), 0.0002110 secs]
34.578: [GC (Allocation Failure) 35312K->435K(85056K), 0.0002030 secs]
34.601: [GC (Allocation Failure) 42344K->435K(93504K), 0.0002180 secs]
34.623: [GC (Allocation Failure) 50846K->435K(91648K), 0.0002130 secs]
34.644: [GC (Allocation Failure) 48986K->435K(89856K), 0.0002120 secs]
34.668: [GC (Allocation Failure) 47130K->435K(88128K), 0.0002000 secs]
34.691: [GC (Allocation Failure) 45470K->435K(86528K), 0.0002180 secs]
34.710: [GC (Allocation Failure) 43809K->435K(84992K), 0.0002230 secs]
34.729: [GC (Allocation Failure) 42344K->435K(83520K), 0.0002120 secs]
34.773: [GC (Allocation Failure) 40879K->435K(82112K), 0.0002120 secs]
34.790: [GC (Allocation Failure) 39414K->435K(80768K), 0.0002120 secs]
34.822: [GC (Allocation Failure) 38047K->435K(79488K), 0.0002140 secs]
34.971: [GC (Allocation Failure) 36777K->435K(78272K), 0.0002110 secs]
34.991: [GC (Allocation Failure) 35605K->435K(77120K), 0.0002000 secs]
35.005: [GC (Allocation Failure) 34433K->435K(75968K), 0.0002010 secs]
35.070: [GC (Allocation Failure) 33261K->435K(74880K), 0.0002040 secs]
35.123: [GC (Allocation Failure) 32186K->435K(73856K), 0.0002120 secs]
35.141: [GC (Allocation Failure) 31210K->435K(72896K), 0.0002090 secs]
35.156: [GC (Allocation Failure) 30233K->435K(71936K), 0.0002120 secs]
35.173: [GC (Allocation Failure) 29256K->435K(71040K), 0.0002190 secs]
35.272: [GC (Allocation Failure) 28377K->435K(70208K), 0.0002180 secs]
35.288: [GC (Allocation Failure) 27498K->435K(69376K), 0.0002290 secs]
35.306: [GC (Allocation Failure) 26717K->435K(68608K), 0.0002290 secs]
35.317: [GC (Allocation Failure) 25935K->435K(73728K), 0.0002160 secs]
35.344: [GC (Allocation Failure) 31014K->435K(72768K), 0.0002110 secs]
35.358: [GC (Allocation Failure) 30038K->435K(78720K), 0.0002110 secs]
35.374: [GC (Allocation Failure) 35996K->435K(85888K), 0.0002160 secs]
35.409: [GC (Allocation Failure) 43223K->435K(84352K), 0.0002120 secs]
35.431: [GC (Allocation Failure) 41660K->435K(82880K), 0.0002050 secs]
35.524: [GC (Allocation Failure) 40195K->435K(81472K), 0.0002060 secs]
35.550: [GC (Allocation Failure) 38828K->435K(80128K), 0.0002150 secs]
35.571: [GC (Allocation Failure) 37461K->435K(78848K), 0.0002050 secs]
35.586: [GC (Allocation Failure) 36191K->435K(77632K), 0.0002170 secs]
35.626: [GC (Allocation Failure) 34921K->435K(76480K), 0.0002400 secs]
35.645: [GC (Allocation Failure) 33749K->435K(75392K), 0.0002390 secs]
35.675: [GC (Allocation Failure) 32675K->435K(74368K), 0.0002110 secs]
35.688: [GC (Allocation Failure) 31698K->435K(73344K), 0.0002120 secs]
35.703: [GC (Allocation Failure) 30624K->435K(72384K), 0.0002000 secs]
35.719: [GC (Allocation Failure) 29745K->435K(78272K), 0.0002730 secs]
35.735: [GC (Allocation Failure) 35605K->435K(85312K), 0.0002040 secs]
35.825: [GC (Allocation Failure) 42637K->435K(83840K), 0.0002150 secs]
35.843: [GC (Allocation Failure) 41172K->435K(82432K), 0.0002020 secs]
35.878: [GC (Allocation Failure) 39707K->435K(81088K), 0.0002090 secs]
35.899: [GC (Allocation Failure) 38437K->435K(79808K), 0.0002070 secs]
35.915: [GC (Allocation Failure) 37168K->435K(78592K), 0.0002110 secs]
35.931: [GC (Allocation Failure) 35898K->435K(77376K), 0.0002130 secs]
35.972: [GC (Allocation Failure) 34726K->435K(76224K), 0.0002140 secs]
36.125: [GC (Allocation Failure) 33554K->435K(75136K), 0.0002220 secs]
36.140: [GC (Allocation Failure) 32479K->435K(74112K), 0.0002180 secs]
36.153: [GC (Allocation Failure) 31405K->435K(73152K), 0.0002130 secs]
36.166: [GC (Allocation Failure) 30428K->435K(79168K), 0.0002320 secs]
36.223: [GC (Allocation Failure) 36484K->435K(77952K), 0.0002230 secs]
36.238: [GC (Allocation Failure) 35312K->435K(76800K), 0.0002350 secs]
36.253: [GC (Allocation Failure) 34140K->435K(83584K), 0.0002020 secs]
36.275: [GC (Allocation Failure) 40879K->435K(82176K), 0.0002100 secs]
36.296: [GC (Allocation Failure) 39512K->435K(80832K), 0.0002110 secs]
36.313: [GC (Allocation Failure) 38144K->435K(79552K), 0.0002130 secs]
36.358: [GC (Allocation Failure) 36875K->435K(78336K), 0.0002130 secs]
36.373: [GC (Allocation Failure) 35605K->435K(77184K), 0.0002110 secs]
36.419: [GC (Allocation Failure) 34530K->435K(76032K), 0.0002120 secs]
36.445: [GC (Allocation Failure) 33358K->435K(74944K), 0.0002260 secs]
36.463: [GC (Allocation Failure) 32284K->435K(73920K), 0.0002710 secs]
36.481: [GC (Allocation Failure) 31210K->435K(72960K), 0.0002130 secs]
36.498: [GC (Allocation Failure) 30233K->435K(72000K), 0.0002010 secs]
36.524: [GC (Allocation Failure) 29354K->435K(71104K), 0.0002220 secs]
36.537: [GC (Allocation Failure) 28377K->435K(76736K), 0.0002170 secs]
36.555: [GC (Allocation Failure) 34042K->435K(83520K), 0.0002160 secs]
36.576: [GC (Allocation Failure) 40879K->435K(82112K), 0.0002030 secs]
36.610: [GC (Allocation Failure) 39414K->435K(80768K), 0.0002050 secs]
36.645: [GC (Allocation Failure) 38047K->435K(79488K), 0.0002060 secs]
36.665: [GC (Allocation Failure) 36777K->435K(78272K), 0.0002730 secs]
36.681: [GC (Allocation Failure) 35605K->435K(77120K), 0.0002280 secs]
36.700: [GC (Allocation Failure) 34433K->435K(75968K), 0.0002010 secs]
36.714: [GC (Allocation Failure) 33261K->435K(82560K), 0.0002160 secs]
36.776: [GC (Allocation Failure) 39902K->435K(81216K), 0.0002260 secs]
36.796: [GC (Allocation Failure) 38535K->435K(79936K), 0.0002120 secs]
36.824: [GC (Allocation Failure) 37265K->435K(78656K), 0.0002040 secs]
36.878: [GC (Allocation Failure) 35996K->435K(77440K), 0.0002210 secs]
36.897: [GC (Allocation Failure) 34726K->435K(76288K), 0.0001960 secs]
36.929: [GC (Allocation Failure) 33554K->435K(75200K), 0.0002340 secs]
36.944: [GC (Allocation Failure) 32479K->435K(74176K), 0.0002680 secs]
36.972: [GC (Allocation Failure) 31503K->435K(73152K), 0.0002040 secs]
37.007: [GC (Allocation Failure) 30428K->435K(72192K), 0.0002130 secs]
37.071: [GC (Allocation Failure) 29549K->435K(71296K), 0.0002250 secs]
37.087: [GC (Allocation Failure) 28572K->435K(70400K), 0.0002030 secs]
37.104: [GC (Allocation Failure) 27693K->435K(69568K), 0.0002120 secs]
37.119: [GC (Allocation Failure) 26912K->435K(68800K), 0.0002110 secs]
37.166: [GC (Allocation Failure) 26131K->435K(68032K), 0.0002220 secs]
37.181: [GC (Allocation Failure) 25349K->435K(67328K), 0.0002290 secs]
37.192: [GC (Allocation Failure) 24662K->435K(72192K), 0.0002150 secs]
37.275: [GC (Allocation Failure) 29549K->435K(71296K), 0.0002200 secs]
37.287: [GC (Allocation Failure) 28572K->435K(76992K), 0.0002180 secs]
37.302: [GC (Allocation Failure) 34335K->435K(83776K), 0.0002050 secs]
37.430: [GC (Allocation Failure) 41074K->435K(82368K), 0.0002260 secs]
37.447: [GC (Allocation Failure) 39707K->435K(81024K), 0.0002010 secs]
37.468: [GC (Allocation Failure) 38340K->435K(79744K), 0.0002210 secs]
37.575: [GC (Allocation Failure) 37070K->435K(78528K), 0.0002260 secs]
37.594: [GC (Allocation Failure) 35800K->435K(77312K), 0.0002190 secs]
37.673: [GC (Allocation Failure) 34628K->435K(76160K), 0.0002160 secs]
37.689: [GC (Allocation Failure) 33456K->435K(75072K), 0.0002620 secs]
37.710: [GC (Allocation Failure) 32382K->435K(74048K), 0.0002230 secs]
37.723: [GC (Allocation Failure) 31405K->435K(73088K), 0.0002040 secs]
37.780: [GC (Allocation Failure) 30428K->435K(72128K), 0.0002390 secs]
37.795: [GC (Allocation Failure) 29451K->435K(71232K), 0.0002600 secs]
37.808: [GC (Allocation Failure) 28572K->435K(76864K), 0.0002290 secs]
37.823: [GC (Allocation Failure) 34140K->435K(83648K), 0.0002020 secs]
37.840: [GC (Allocation Failure) 40977K->435K(91776K), 0.0002050 secs]
37.935: [GC (Allocation Failure) 49084K->435K(89984K), 0.0002150 secs]
37.955: [GC (Allocation Failure) 47325K->435K(88256K), 0.0002030 secs]
37.979: [GC (Allocation Failure) 45567K->435K(86592K), 0.0002690 secs]
38.002: [GC (Allocation Failure) 43907K->435K(85056K), 0.0002110 secs]
38.024: [GC (Allocation Failure) 42344K->435K(83584K), 0.0002110 secs]
38.042: [GC (Allocation Failure) 40879K->435K(82176K), 0.0002110 secs]
38.116: [GC (Allocation Failure) 39512K->435K(80832K), 0.0002330 secs]
38.136: [GC (Allocation Failure) 38144K->435K(79552K), 0.0002180 secs]
38.156: [GC (Allocation Failure) 36875K->435K(78336K), 0.0002220 secs]
38.212: [GC (Allocation Failure) 35605K->435K(77184K), 0.0002140 secs]
38.226: [GC (Allocation Failure) 34530K->435K(76032K), 0.0002180 secs]
38.241: [GC (Allocation Failure) 33358K->435K(74944K), 0.0002130 secs]
38.274: [GC (Allocation Failure) 32284K->435K(73920K), 0.0002120 secs]
38.355: [GC (Allocation Failure) 31210K->435K(72960K), 0.0002280 secs]
38.372: [GC (Allocation Failure) 30233K->435K(72000K), 0.0003280 secs]
38.386: [GC (Allocation Failure) 29354K->435K(71104K), 0.0002190 secs]
38.416: [GC (Allocation Failure) 28377K->435K(70272K), 0.0002000 secs]
38.446: [GC (Allocation Failure) 27596K->435K(69440K), 0.0002400 secs]
38.472: [GC (Allocation Failure) 26717K->435K(68672K), 0.0002030 secs]
38.526: [GC (Allocation Failure) 26033K->435K(67904K), 0.0002100 secs]
38.537: [GC (Allocation Failure) 25250K->435K(67200K), 0.0002160 secs]
38.573: [GC (Allocation Failure) 24466K->435K(66496K), 0.0002210 secs]
38.587: [GC (Allocation Failure) 23783K->435K(65856K), 0.0002250 secs]
38.661: [GC (Allocation Failure) 23196K->435K(65216K), 0.0002680 secs]
38.671: [GC (Allocation Failure) 22513K->435K(69696K), 0.0002020 secs]
38.687: [GC (Allocation Failure) 27010K->435K(75072K), 0.0002700 secs]
38.704: [GC (Allocation Failure) 32382K->435K(81472K), 0.0002170 secs]
38.725: [GC (Allocation Failure) 38828K->435K(89152K), 0.0002150 secs]
38.781: [GC (Allocation Failure) 46446K->435K(87488K), 0.0002740 secs]
38.834: [GC (Allocation Failure) 44786K->435K(85888K), 0.0002250 secs]
38.853: [GC (Allocation Failure) 43223K->435K(84352K), 0.0002020 secs]
38.875: [GC (Allocation Failure) 41660K->435K(82880K), 0.0002130 secs]
38.896: [GC (Allocation Failure) 40195K->435K(81472K), 0.0003540 secs]
38.914: [GC (Allocation Failure) 38828K->435K(89152K), 0.0002330 secs]
39.031: [GC (Allocation Failure) 46446K->435K(87488K), 0.0002640 secs]
39.062: [GC (Allocation Failure) 44786K->435K(85888K), 0.0002190 secs]
39.080: [GC (Allocation Failure) 43223K->435K(84352K), 0.0002760 secs]
39.133: [GC (Allocation Failure) 41660K->435K(82880K), 0.0002130 secs]
39.155: [GC (Allocation Failure) 40195K->435K(81472K), 0.0002090 secs]
39.175: [GC (Allocation Failure) 38828K->435K(80128K), 0.0002010 secs]
39.196: [GC (Allocation Failure) 37461K->435K(78848K), 0.0002110 secs]
39.212: [GC (Allocation Failure) 36191K->435K(77632K), 0.0002180 secs]
39.227: [GC (Allocation Failure) 34921K->435K(76480K), 0.0002020 secs]
39.317: [GC (Allocation Failure) 33749K->435K(75392K), 0.0002320 secs]
39.332: [GC (Allocation Failure) 32675K->435K(74368K), 0.0002660 secs]
39.376: [GC (Allocation Failure) 31698K->435K(73344K), 0.0002120 secs]
39.393: [GC (Allocation Failure) 30624K->435K(72384K), 0.0002260 secs]
39.425: [GC (Allocation Failure) 29745K->435K(71488K), 0.0002270 secs]
39.441: [GC (Allocation Failure) 28768K->435K(70592K), 0.0002220 secs]
39.478: [GC (Allocation Failure) 27889K->435K(69760K), 0.0002210 secs]
39.494: [GC (Allocation Failure) 27107K->435K(68992K), 0.0002190 secs]
39.627: [GC (Allocation Failure) 26326K->435K(68224K), 0.0002210 secs]
39.642: [GC (Allocation Failure) 25545K->435K(67520K), 0.0002390 secs]
39.662: [GC (Allocation Failure) 24857K->435K(66816K), 0.0002040 secs]
39.677: [GC (Allocation Failure) 24173K->435K(66112K), 0.0002000 secs]
39.691: [GC (Allocation Failure) 23392K->435K(70720K), 0.0002390 secs]
39.724: [GC (Allocation Failure) 27986K->435K(69888K), 0.0002090 secs]
39.874: [GC (Allocation Failure) 27205K->435K(69056K), 0.0003930 secs]
39.886: [GC (Allocation Failure) 26326K->435K(68288K), 0.0002150 secs]
39.901: [GC (Allocation Failure) 25642K->435K(73344K), 0.0002110 secs]
39.976: [GC (Allocation Failure) 30624K->435K(72384K), 0.0002140 secs]
40.025: [GC (Allocation Failure) 29745K->435K(71488K), 0.0002050 secs]
40.113: [GC (Allocation Failure) 28768K->435K(70592K), 0.0002190 secs]
40.129: [GC (Allocation Failure) 27889K->435K(69760K), 0.0002130 secs]
40.170: [GC (Allocation Failure) 27107K->435K(68992K), 0.0002280 secs]
40.186: [GC (Allocation Failure) 26326K->435K(68224K), 0.0002090 secs]
40.213: [GC (Allocation Failure) 25545K->435K(67520K), 0.0002170 secs]
40.224: [GC (Allocation Failure) 24857K->435K(66816K), 0.0002140 secs]
40.273: [GC (Allocation Failure) 24173K->435K(66112K), 0.0002250 secs]
40.288: [GC (Allocation Failure) 23392K->435K(70720K), 0.0002710 secs]
40.300: [GC (Allocation Failure) 27986K->435K(76288K), 0.0002140 secs]
40.328: [GC (Allocation Failure) 33554K->435K(82944K), 0.0002180 secs]
40.359: [GC (Allocation Failure) 40293K->435K(81536K), 0.0002150 secs]
40.380: [GC (Allocation Failure) 38828K->435K(80192K), 0.0002140 secs]
40.425: [GC (Allocation Failure) 37461K->435K(78912K), 0.0002160 secs]
40.441: [GC (Allocation Failure) 36191K->435K(77696K), 0.0002020 secs]
40.460: [GC (Allocation Failure) 35019K->435K(76544K), 0.0002220 secs]
40.493: [GC (Allocation Failure) 33847K->435K(75456K), 0.0002040 secs]
40.514: [GC (Allocation Failure) 32772K->435K(74432K), 0.0002040 secs]
40.572: [GC (Allocation Failure) 31698K->435K(73408K), 0.0002190 secs]
40.613: [GC (Allocation Failure) 30721K->435K(72448K), 0.0002140 secs]
40.775: [GC (Allocation Failure) 29745K->435K(71552K), 0.0002270 secs]
40.788: [GC (Allocation Failure) 28865K->435K(70656K), 0.0002010 secs]
40.804: [GC (Allocation Failure) 27986K->435K(69824K), 0.0002200 secs]
40.879: [GC (Allocation Failure) 27107K->435K(68992K), 0.0002110 secs]
40.895: [GC (Allocation Failure) 26326K->435K(68224K), 0.0002140 secs]
40.929: [GC (Allocation Failure) 25545K->435K(67520K), 0.0002060 secs]
40.940: [GC (Allocation Failure) 24857K->435K(72448K), 0.0003190 secs]
40.981: [GC (Allocation Failure) 29745K->435K(78336K), 0.0002170 secs]
40.997: [GC (Allocation Failure) 35605K->435K(85440K), 0.0002280 secs]
41.016: [GC (Allocation Failure) 42735K->435K(93952K), 0.0002020 secs]
41.086: [GC (Allocation Failure) 51236K->435K(92032K), 0.0002250 secs]
41.139: [GC (Allocation Failure) 49377K->435K(90240K), 0.0002190 secs]
41.160: [GC (Allocation Failure) 47521K->435K(88512K), 0.0002020 secs]
41.184: [GC (Allocation Failure) 45860K->435K(86848K), 0.0002230 secs]
41.325: [GC (Allocation Failure) 44200K->435K(85312K), 0.0002200 secs]
41.353: [GC (Allocation Failure) 42637K->435K(83840K), 0.0002230 secs]
41.374: [GC (Allocation Failure) 41172K->435K(82432K), 0.0002150 secs]
41.391: [GC (Allocation Failure) 39707K->435K(81088K), 0.0002030 secs]
41.408: [GC (Allocation Failure) 38437K->435K(79808K), 0.0002020 secs]
41.428: [GC (Allocation Failure) 37168K->435K(78592K), 0.0002140 secs]
41.447: [GC (Allocation Failure) 35898K->435K(77376K), 0.0002200 secs]
41.484: [GC (Allocation Failure) 34726K->435K(76224K), 0.0002100 secs]
41.502: [GC (Allocation Failure) 33554K->435K(75136K), 0.0002070 secs]
41.516: [GC (Allocation Failure) 32479K->435K(74112K), 0.0002130 secs]
41.579: [GC (Allocation Failure) 31405K->435K(73152K), 0.0002140 secs]
41.628: [GC (Allocation Failure) 30428K->435K(72192K), 0.0002120 secs]
41.641: [GC (Allocation Failure) 29549K->435K(71296K), 0.0002140 secs]
41.657: [GC (Allocation Failure) 28572K->435K(70400K), 0.0002140 secs]
41.673: [GC (Allocation Failure) 27693K->435K(69568K), 0.0002220 secs]
41.714: [GC (Allocation Failure) 26912K->435K(68800K), 0.0002140 secs]
41.780: [GC (Allocation Failure) 26131K->435K(68032K), 0.0002130 secs]
41.795: [GC (Allocation Failure) 25349K->435K(67328K), 0.0002230 secs]
41.806: [GC (Allocation Failure) 24662K->435K(72192K), 0.0002610 secs]
41.832: [GC (Allocation Failure) 29549K->435K(71296K), 0.0002150 secs]
41.845: [GC (Allocation Failure) 28572K->435K(76992K), 0.0002280 secs]
41.860: [GC (Allocation Failure) 34335K->435K(83776K), 0.0002050 secs]
41.882: [GC (Allocation Failure) 41074K->435K(91968K), 0.0002230 secs]
41.941: [GC (Allocation Failure) 49279K->435K(90176K), 0.0002120 secs]
41.961: [GC (Allocation Failure) 47521K->435K(88448K), 0.0002040 secs]
42.039: [GC (Allocation Failure) 45763K->435K(86784K), 0.0002120 secs]
42.062: [GC (Allocation Failure) 44102K->435K(85248K), 0.0002070 secs]
42.085: [GC (Allocation Failure) 42540K->435K(83776K), 0.0002100 secs]
42.102: [GC (Allocation Failure) 41074K->435K(82368K), 0.0002780 secs]
42.180: [GC (Allocation Failure) 39707K->435K(81024K), 0.0003300 secs]
42.197: [GC (Allocation Failure) 38340K->435K(79744K), 0.0002840 secs]
42.282: [GC (Allocation Failure) 37070K->435K(78528K), 0.0002140 secs]
42.301: [GC (Allocation Failure) 35800K->435K(77312K), 0.0002030 secs]
42.331: [GC (Allocation Failure) 34628K->435K(76160K), 0.0002020 secs]
42.346: [GC (Allocation Failure) 33456K->435K(75072K), 0.0002670 secs]
42.364: [GC (Allocation Failure) 32382K->435K(74048K), 0.0002210 secs]
42.384: [GC (Allocation Failure) 31405K->435K(73088K), 0.0002370 secs]
42.401: [GC (Allocation Failure) 30428K->435K(79104K), 0.0002130 secs]
42.418: [GC (Allocation Failure) 36386K->435K(86336K), 0.0002210 secs]
42.440: [GC (Allocation Failure) 43614K->435K(95040K), 0.0002700 secs]
42.466: [GC (Allocation Failure) 52311K->435K(93120K), 0.0002230 secs]
42.488: [GC (Allocation Failure) 50455K->435K(91264K), 0.0002030 secs]
42.529: [GC (Allocation Failure) 48595K->435K(89472K), 0.0002280 secs]
42.549: [GC (Allocation Failure) 46739K->435K(87808K), 0.0002050 secs]
42.590: [GC (Allocation Failure) 45079K->435K(86208K), 0.0002360 secs]
42.613: [GC (Allocation Failure) 43516K->435K(84672K), 0.0002130 secs]
42.635: [GC (Allocation Failure) 41953K->435K(83200K), 0.0002140 secs]
42.652: [GC (Allocation Failure) 40488K->435K(81792K), 0.0002130 secs]
42.775: [GC (Allocation Failure) 39121K->435K(80448K), 0.0002140 secs]
42.795: [GC (Allocation Failure) 37754K->435K(79168K), 0.0002120 secs]
42.815: [GC (Allocation Failure) 36484K->435K(77952K), 0.0002710 secs]
42.834: [GC (Allocation Failure) 35312K->435K(76800K), 0.0002140 secs]
42.853: [GC (Allocation Failure) 34140K->435K(75712K), 0.0002280 secs]
42.881: [GC (Allocation Failure) 33065K->435K(74624K), 0.0002250 secs]
42.899: [GC (Allocation Failure) 31893K->435K(73600K), 0.0002140 secs]
42.917: [GC (Allocation Failure) 30917K->435K(79744K), 0.0003440 secs]
42.937: [GC (Allocation Failure) 37070K->435K(87104K), 0.0002170 secs]
42.956: [GC (Allocation Failure) 44395K->435K(95936K), 0.0002070 secs]
43.094: [GC (Allocation Failure) 53287K->435K(93952K), 0.0002100 secs]
43.116: [GC (Allocation Failure) 51236K->435K(92032K), 0.0002140 secs]
43.137: [GC (Allocation Failure) 49377K->435K(90240K), 0.0002020 secs]
43.161: [GC (Allocation Failure) 47521K->435K(88512K), 0.0002080 secs]
43.187: [GC (Allocation Failure) 45860K->435K(86848K), 0.0002140 secs]
43.236: [GC (Allocation Failure) 44200K->435K(85312K), 0.0002260 secs]
43.258: [GC (Allocation Failure) 42637K->435K(83840K), 0.0002010 secs]
43.280: [GC (Allocation Failure) 41172K->435K(82432K), 0.0002100 secs]
43.364: [GC (Allocation Failure) 39707K->435K(81088K), 0.0002220 secs]
43.380: [GC (Allocation Failure) 38437K->435K(79808K), 0.0002030 secs]
43.400: [GC (Allocation Failure) 37168K->435K(78592K), 0.0002110 secs]
43.437: [GC (Allocation Failure) 35898K->435K(77376K), 0.0002750 secs]
43.456: [GC (Allocation Failure) 34726K->435K(76224K), 0.0002060 secs]
43.475: [GC (Allocation Failure) 33554K->435K(75136K), 0.0002090 secs]
43.489: [GC (Allocation Failure) 32479K->435K(74112K), 0.0002140 secs]
43.535: [GC (Allocation Failure) 31405K->435K(73152K), 0.0002150 secs]
43.552: [GC (Allocation Failure) 30428K->435K(72192K), 0.0002110 secs]
43.684: [GC (Allocation Failure) 29549K->435K(71296K), 0.0002200 secs]
43.697: [GC (Allocation Failure) 28572K->435K(70400K), 0.0002020 secs]
43.710: [GC (Allocation Failure) 27693K->435K(75904K), 0.0002120 secs]
43.782: [GC (Allocation Failure) 33261K->435K(74816K), 0.0002310 secs]
43.800: [GC (Allocation Failure) 32089K->435K(73792K), 0.0002130 secs]
43.814: [GC (Allocation Failure) 31112K->435K(72832K), 0.0002020 secs]
43.831: [GC (Allocation Failure) 30135K->435K(71872K), 0.0002100 secs]
43.975: [GC (Allocation Failure) 29158K->435K(70976K), 0.0002020 secs]
43.991: [GC (Allocation Failure) 28279K->435K(70144K), 0.0002150 secs]
44.007: [GC (Allocation Failure) 27498K->435K(69312K), 0.0002040 secs]
44.034: [GC (Allocation Failure) 26619K->435K(68544K), 0.0003520 secs]
44.045: [GC (Allocation Failure) 25838K->435K(73664K), 0.0002160 secs]
44.059: [GC (Allocation Failure) 31014K->435K(79808K), 0.0002160 secs]
44.088: [GC (Allocation Failure) 37168K->435K(87168K), 0.0002800 secs]
44.110: [GC (Allocation Failure) 44493K->435K(96000K), 0.0002070 secs]
44.137: [GC (Allocation Failure) 53287K->435K(94016K), 0.0002170 secs]
44.163: [GC (Allocation Failure) 51334K->435K(92096K), 0.0002820 secs]
44.189: [GC (Allocation Failure) 49377K->435K(90304K), 0.0002120 secs]
44.243: [GC (Allocation Failure) 47618K->435K(88576K), 0.0002010 secs]
44.267: [GC (Allocation Failure) 45860K->435K(86912K), 0.0002010 secs]
44.287: [GC (Allocation Failure) 44200K->435K(85312K), 0.0002720 secs]
44.341: [GC (Allocation Failure) 42637K->435K(83840K), 0.0002090 secs]
44.363: [GC (Allocation Failure) 41172K->435K(82432K), 0.0002100 secs]
44.394: [GC (Allocation Failure) 39707K->435K(81088K), 0.0002330 secs]
44.416: [GC (Allocation Failure) 38437K->435K(79808K), 0.0002290 secs]
44.436: [GC (Allocation Failure) 37168K->435K(78592K), 0.0002230 secs]
44.451: [GC (Allocation Failure) 35898K->435K(77376K), 0.0002030 secs]
44.534: [GC (Allocation Failure) 34726K->435K(76224K), 0.0002040 secs]
44.633: [GC (Allocation Failure) 33554K->435K(75136K), 0.0002030 secs]
44.683: [GC (Allocation Failure) 32479K->435K(74112K), 0.0002140 secs]
44.837: [GC (Allocation Failure) 31405K->435K(73152K), 0.0002100 secs]
44.854: [GC (Allocation Failure) 30428K->435K(72192K), 0.0002290 secs]
44.882: [GC (Allocation Failure) 29549K->435K(71296K), 0.0002100 secs]
44.923: [GC (Allocation Failure) 28572K->435K(70400K), 0.0002210 secs]
44.939: [GC (Allocation Failure) 27693K->435K(69568K), 0.0002100 secs]
44.985: [GC (Allocation Failure) 26912K->435K(68800K), 0.0002150 secs]
45.001: [GC (Allocation Failure) 26131K->435K(68032K), 0.0002280 secs]
45.018: [GC (Allocation Failure) 25349K->435K(67328K), 0.0002620 secs]
45.134: [GC (Allocation Failure) 24662K->435K(66624K), 0.0002200 secs]
45.148: [GC (Allocation Failure) 23978K->435K(65984K), 0.0002020 secs]
45.158: [GC (Allocation Failure) 23294K->435K(70592K), 0.0002580 secs]
45.236: [GC (Allocation Failure) 27889K->435K(69760K), 0.0002240 secs]
45.252: [GC (Allocation Failure) 27107K->435K(68992K), 0.0002140 secs]
45.268: [GC (Allocation Failure) 26326K->435K(74176K), 0.0002100 secs]
45.282: [GC (Allocation Failure) 31503K->435K(80448K), 0.0002150 secs]
45.302: [GC (Allocation Failure) 37754K->435K(87936K), 0.0002000 secs]
45.326: [GC (Allocation Failure) 45274K->435K(86336K), 0.0002160 secs]
45.345: [GC (Allocation Failure) 43614K->435K(84800K), 0.0002060 secs]
45.363: [GC (Allocation Failure) 42149K->435K(83328K), 0.0002030 secs]
45.388: [GC (Allocation Failure) 40684K->435K(81920K), 0.0002240 secs]
45.405: [GC (Allocation Failure) 39219K->435K(80576K), 0.0002120 secs]
45.422: [GC (Allocation Failure) 37851K->435K(79296K), 0.0002000 secs]
45.441: [GC (Allocation Failure) 36582K->435K(78080K), 0.0002130 secs]
45.457: [GC (Allocation Failure) 35409K->435K(76928K), 0.0002020 secs]
45.539: [GC (Allocation Failure) 34237K->435K(75840K), 0.0002130 secs]
45.557: [GC (Allocation Failure) 33163K->435K(74752K), 0.0002010 secs]
45.638: [GC (Allocation Failure) 32089K->435K(73728K), 0.0002710 secs]
45.656: [GC (Allocation Failure) 31014K->435K(72768K), 0.0002290 secs]
45.674: [GC (Allocation Failure) 30038K->435K(71808K), 0.0001990 secs]
45.687: [GC (Allocation Failure) 29158K->435K(70912K), 0.0002010 secs]
45.733: [GC (Allocation Failure) 28182K->435K(70080K), 0.0002120 secs]
45.745: [GC (Allocation Failure) 27400K->435K(75520K), 0.0002150 secs]
45.785: [GC (Allocation Failure) 32870K->435K(74496K), 0.0002140 secs]
45.838: [GC (Allocation Failure) 31796K->435K(73472K), 0.0002180 secs]
45.856: [GC (Allocation Failure) 30819K->435K(72512K), 0.0002060 secs]
45.871: [GC (Allocation Failure) 29842K->435K(71616K), 0.0002130 secs]
45.883: [GC (Allocation Failure) 28963K->435K(77376K), 0.0002140 secs]
45.898: [GC (Allocation Failure) 34726K->435K(84288K), 0.0002240 secs]
45.916: [GC (Allocation Failure) 41563K->435K(92544K), 0.0002140 secs]
45.942: [GC (Allocation Failure) 49867K->435K(90688K), 0.0002210 secs]
45.984: [GC (Allocation Failure) 48009K->435K(88960K), 0.0002400 secs]
46.008: [GC (Allocation Failure) 46251K->435K(87296K), 0.0002020 secs]
46.027: [GC (Allocation Failure) 44591K->435K(85696K), 0.0002020 secs]
46.089: [GC (Allocation Failure) 43028K->435K(84160K), 0.0002020 secs]
46.126: [GC (Allocation Failure) 41465K->435K(82688K), 0.0002100 secs]
46.168: [GC (Allocation Failure) 40000K->435K(81344K), 0.0002170 secs]
46.192: [GC (Allocation Failure) 38633K->435K(80000K), 0.0002150 secs]
46.208: [GC (Allocation Failure) 37363K->435K(78720K), 0.0002250 secs]
46.228: [GC (Allocation Failure) 35996K->435K(77504K), 0.0002150 secs]
46.243: [GC (Allocation Failure) 34823K->435K(76352K), 0.0002290 secs]
46.261: [GC (Allocation Failure) 33651K->435K(75264K), 0.0002140 secs]
46.279: [GC (Allocation Failure) 32577K->435K(74240K), 0.0002170 secs]
46.297: [GC (Allocation Failure) 31600K->435K(73216K), 0.0002020 secs]
46.311: [GC (Allocation Failure) 30526K->435K(79296K), 0.0002450 secs]
46.330: [GC (Allocation Failure) 36582K->435K(86592K), 0.0002920 secs]
46.350: [GC (Allocation Failure) 43907K->435K(95296K), 0.0002010 secs]
46.373: [GC (Allocation Failure) 52604K->435K(105792K), 0.0002000 secs]
46.431: [GC (Allocation Failure) 63152K->435K(103360K), 0.0002030 secs]
46.504: [GC (Allocation Failure) 60710K->435K(100992K), 0.0002030 secs]
46.534: [GC (Allocation Failure) 58269K->435K(98752K), 0.0002330 secs]
46.587: [GC (Allocation Failure) 56022K->435K(96640K), 0.0002120 secs]
46.611: [GC (Allocation Failure) 53971K->435K(94592K), 0.0002130 secs]
46.633: [GC (Allocation Failure) 51920K->435K(92672K), 0.0002050 secs]
46.654: [GC (Allocation Failure) 49967K->435K(90816K), 0.0002950 secs]
46.693: [GC (Allocation Failure) 48107K->435K(89088K), 0.0002140 secs]
46.746: [GC (Allocation Failure) 46446K->435K(87424K), 0.0002210 secs]
46.766: [GC (Allocation Failure) 44786K->435K(85824K), 0.0002040 secs]
46.784: [GC (Allocation Failure) 43126K->435K(84288K), 0.0002010 secs]
46.802: [GC (Allocation Failure) 41563K->435K(82816K), 0.0002130 secs]
46.893: [GC (Allocation Failure) 40098K->435K(81408K), 0.0002220 secs]
46.911: [GC (Allocation Failure) 38730K->435K(80064K), 0.0001980 secs]
46.931: [GC (Allocation Failure) 37363K->435K(78784K), 0.0002200 secs]
46.978: [GC (Allocation Failure) 36093K->435K(77568K), 0.0002090 secs]
46.997: [GC (Allocation Failure) 34921K->435K(76416K), 0.0002060 secs]
47.016: [GC (Allocation Failure) 33749K->435K(75328K), 0.0002150 secs]
47.030: [GC (Allocation Failure) 32675K->435K(74304K), 0.0002110 secs]
47.044: [GC (Allocation Failure) 31600K->435K(80576K), 0.0002020 secs]
47.143: [GC (Allocation Failure) 37851K->435K(79296K), 0.0002110 secs]
47.159: [GC (Allocation Failure) 36582K->435K(78080K), 0.0002120 secs]
47.178: [GC (Allocation Failure) 35409K->435K(76928K), 0.0002200 secs]
47.193: [GC (Allocation Failure) 34237K->435K(75840K), 0.0002160 secs]
47.207: [GC (Allocation Failure) 33163K->435K(82432K), 0.0002020 secs]
47.228: [GC (Allocation Failure) 39707K->435K(81088K), 0.0002130 secs]
47.293: [GC (Allocation Failure) 38437K->435K(79808K), 0.0002030 secs]
47.309: [GC (Allocation Failure) 37168K->435K(78592K), 0.0002150 secs]
47.325: [GC (Allocation Failure) 35898K->435K(77376K), 0.0002180 secs]
47.340: [GC (Allocation Failure) 34726K->435K(84288K), 0.0002060 secs]
47.376: [GC (Allocation Failure) 41563K->435K(82816K), 0.0002060 secs]
47.433: [GC (Allocation Failure) 40098K->435K(81408K), 0.0002240 secs]
47.450: [GC (Allocation Failure) 38730K->435K(80064K), 0.0002140 secs]
47.470: [GC (Allocation Failure) 37363K->435K(78784K), 0.0002140 secs]
47.489: [GC (Allocation Failure) 36093K->435K(77568K), 0.0002160 secs]
47.509: [GC (Allocation Failure) 34921K->435K(76416K), 0.0002140 secs]
47.542: [GC (Allocation Failure) 33749K->435K(75328K), 0.0002010 secs]
47.556: [GC (Allocation Failure) 32675K->435K(74304K), 0.0002050 secs]
47.570: [GC (Allocation Failure) 31600K->435K(73280K), 0.0002040 secs]
47.583: [GC (Allocation Failure) 30624K->435K(79360K), 0.0002050 secs]
47.599: [GC (Allocation Failure) 36679K->435K(86656K), 0.0002030 secs]
47.622: [GC (Allocation Failure) 44005K->435K(95424K), 0.0002220 secs]
47.650: [GC (Allocation Failure) 52701K->435K(93440K), 0.0002270 secs]
47.674: [GC (Allocation Failure) 50748K->435K(91584K), 0.0001980 secs]
47.734: [GC (Allocation Failure) 48888K->435K(89792K), 0.0002130 secs]
47.794: [GC (Allocation Failure) 47130K->435K(88064K), 0.0002070 secs]
47.832: [GC (Allocation Failure) 45372K->435K(86464K), 0.0002150 secs]
47.855: [GC (Allocation Failure) 43809K->435K(84928K), 0.0002190 secs]
47.873: [GC (Allocation Failure) 42247K->435K(83456K), 0.0002030 secs]
47.891: [GC (Allocation Failure) 40781K->435K(82048K), 0.0002020 secs]
47.911: [GC (Allocation Failure) 39316K->435K(80704K), 0.0002010 secs]
47.932: [GC (Allocation Failure) 38047K->435K(79424K), 0.0002100 secs]
47.948: [GC (Allocation Failure) 36777K->435K(78208K), 0.0002140 secs]
47.964: [GC (Allocation Failure) 35507K->435K(77056K), 0.0002030 secs]
47.978: [GC (Allocation Failure) 34335K->435K(75904K), 0.0002030 secs]
47.997: [GC (Allocation Failure) 33261K->435K(82496K), 0.0002150 secs]
48.018: [GC (Allocation Failure) 39805K->435K(81152K), 0.0002190 secs]
48.039: [GC (Allocation Failure) 38437K->435K(79872K), 0.0002130 secs]
48.090: [GC (Allocation Failure) 37168K->435K(78656K), 0.0002210 secs]
48.110: [GC (Allocation Failure) 35996K->435K(77440K), 0.0002120 secs]
48.143: [GC (Allocation Failure) 34726K->435K(76288K), 0.0002110 secs]
48.158: [GC (Allocation Failure) 33554K->435K(75200K), 0.0002050 secs]
48.172: [GC (Allocation Failure) 32479K->435K(74176K), 0.0002030 secs]
48.190: [GC (Allocation Failure) 31503K->435K(80448K), 0.0002710 secs]
48.207: [GC (Allocation Failure) 37754K->435K(87936K), 0.0002010 secs]
48.294: [GC (Allocation Failure) 45274K->435K(86336K), 0.0002020 secs]
48.344: [GC (Allocation Failure) 43614K->435K(84800K), 0.0002230 secs]
48.362: [GC (Allocation Failure) 42149K->435K(83328K), 0.0002180 secs]
48.395: [GC (Allocation Failure) 40684K->435K(81920K), 0.0002100 secs]
48.416: [GC (Allocation Failure) 39219K->435K(80576K), 0.0002100 secs]
48.439: [GC (Allocation Failure) 37851K->435K(79296K), 0.0002020 secs]
48.455: [GC (Allocation Failure) 36582K->435K(78080K), 0.0002030 secs]
48.494: [GC (Allocation Failure) 35409K->435K(76928K), 0.0002280 secs]
48.528: [GC (Allocation Failure) 34237K->435K(75840K), 0.0002230 secs]
48.577: [GC (Allocation Failure) 33163K->435K(74752K), 0.0002050 secs]
48.631: [GC (Allocation Failure) 32089K->435K(73728K), 0.0002110 secs]
48.649: [GC (Allocation Failure) 31014K->435K(72768K), 0.0002100 secs]
48.666: [GC (Allocation Failure) 30038K->435K(71808K), 0.0002060 secs]
48.692: [GC (Allocation Failure) 29158K->435K(70912K), 0.0002120 secs]
48.704: [GC (Allocation Failure) 28182K->435K(70080K), 0.0002030 secs]
48.737: [GC (Allocation Failure) 27400K->435K(69248K), 0.0002200 secs]
48.748: [GC (Allocation Failure) 26521K->435K(68480K), 0.0002020 secs]
48.774: [GC (Allocation Failure) 25838K->435K(67712K), 0.0002110 secs]
48.785: [GC (Allocation Failure) 25052K->435K(72640K), 0.0002160 secs]
48.892: [GC (Allocation Failure) 29940K->435K(71744K), 0.0002380 secs]
48.909: [GC (Allocation Failure) 29061K->435K(70848K), 0.0002680 secs]
48.931: [GC (Allocation Failure) 28182K->435K(70016K), 0.0002090 secs]
48.947: [GC (Allocation Failure) 27303K->435K(69184K), 0.0002120 secs]
48.991: [GC (Allocation Failure) 26521K->435K(68416K), 0.0002230 secs]
49.006: [GC (Allocation Failure) 25740K->435K(67648K), 0.0002160 secs]
49.021: [GC (Allocation Failure) 24955K->435K(72576K), 0.0002160 secs]
49.038: [GC (Allocation Failure) 29842K->435K(78528K), 0.0003830 secs]
49.169: [GC (Allocation Failure) 35800K->435K(77312K), 0.0002130 secs]
49.185: [GC (Allocation Failure) 34628K->435K(84160K), 0.0002140 secs]
49.206: [GC (Allocation Failure) 41465K->435K(82688K), 0.0002130 secs]
49.226: [GC (Allocation Failure) 40000K->435K(81344K), 0.0002000 secs]
49.247: [GC (Allocation Failure) 38633K->435K(80000K), 0.0002120 secs]
49.263: [GC (Allocation Failure) 37363K->435K(78720K), 0.0002010 secs]
49.282: [GC (Allocation Failure) 35996K->435K(77504K), 0.0002250 secs]
49.298: [GC (Allocation Failure) 34823K->435K(84416K), 0.0002110 secs]
49.315: [GC (Allocation Failure) 41758K->435K(82944K), 0.0001990 secs]
49.375: [GC (Allocation Failure) 40293K->435K(81536K), 0.0002020 secs]
49.412: [GC (Allocation Failure) 38828K->435K(80192K), 0.0002240 secs]
49.433: [GC (Allocation Failure) 37461K->435K(78912K), 0.0002370 secs]
49.496: [GC (Allocation Failure) 36191K->435K(77696K), 0.0002170 secs]
49.511: [GC (Allocation Failure) 35019K->435K(76544K), 0.0002120 secs]
49.530: [GC (Allocation Failure) 33847K->435K(75456K), 0.0002110 secs]
49.548: [GC (Allocation Failure) 32772K->435K(74432K), 0.0002160 secs]
49.562: [GC (Allocation Failure) 31698K->435K(73408K), 0.0002010 secs]
49.594: [GC (Allocation Failure) 30721K->435K(72448K), 0.0002190 secs]
49.607: [GC (Allocation Failure) 29745K->435K(71552K), 0.0002010 secs]
49.619: [GC (Allocation Failure) 28865K->435K(77248K), 0.0002010 secs]
49.634: [GC (Allocation Failure) 34530K->435K(84096K), 0.0002210 secs]
49.652: [GC (Allocation Failure) 41367K->435K(92352K), 0.0002030 secs]
49.677: [GC (Allocation Failure) 49670K->435K(90496K), 0.0002090 secs]
49.740: [GC (Allocation Failure) 47814K->435K(88768K), 0.0002130 secs]
49.771: [GC (Allocation Failure) 46056K->435K(87104K), 0.0002110 secs]
49.791: [GC (Allocation Failure) 44395K->435K(85504K), 0.0002140 secs]
49.813: [GC (Allocation Failure) 42833K->435K(83968K), 0.0002130 secs]
49.831: [GC (Allocation Failure) 41270K->435K(82560K), 0.0002030 secs]
49.894: [GC (Allocation Failure) 39902K->435K(81216K), 0.0002040 secs]
50.043: [GC (Allocation Failure) 38535K->435K(79936K), 0.0002030 secs]
50.097: [GC (Allocation Failure) 37265K->435K(78656K), 0.0002220 secs]
50.113: [GC (Allocation Failure) 35996K->435K(77440K), 0.0002020 secs]
50.134: [GC (Allocation Failure) 34726K->435K(76288K), 0.0002580 secs]
50.153: [GC (Allocation Failure) 33554K->435K(75200K), 0.0002040 secs]
50.195: [GC (Allocation Failure) 32479K->435K(74176K), 0.0002140 secs]
50.209: [GC (Allocation Failure) 31503K->435K(73152K), 0.0002040 secs]
50.233: [GC (Allocation Failure) 30428K->435K(72192K), 0.0002100 secs]
50.246: [GC (Allocation Failure) 29549K->435K(71296K), 0.0002190 secs]
50.262: [GC (Allocation Failure) 28572K->435K(76992K), 0.0002150 secs]
50.282: [GC (Allocation Failure) 34335K->435K(75904K), 0.0002100 secs]
50.342: [GC (Allocation Failure) 33261K->435K(74816K), 0.0003530 secs]
50.387: [GC (Allocation Failure) 32089K->435K(73792K), 0.0002180 secs]
50.421: [GC (Allocation Failure) 31112K->435K(72832K), 0.0002140 secs]
50.435: [GC (Allocation Failure) 30135K->435K(71872K), 0.0002130 secs]
50.451: [GC (Allocation Failure) 29158K->435K(70976K), 0.0002100 secs]
50.490: [GC (Allocation Failure) 28279K->435K(70144K), 0.0002250 secs]
50.506: [GC (Allocation Failure) 27498K->435K(69312K), 0.0002690 secs]
50.517: [GC (Allocation Failure) 26619K->435K(74560K), 0.0002280 secs]
50.535: [GC (Allocation Failure) 31893K->435K(80896K), 0.0002000 secs]
50.556: [GC (Allocation Failure) 38242K->435K(88512K), 0.0002120 secs]
50.578: [GC (Allocation Failure) 45860K->435K(86848K), 0.0002000 secs]
50.597: [GC (Allocation Failure) 44200K->435K(85312K), 0.0002140 secs]
50.646: [GC (Allocation Failure) 42637K->435K(83840K), 0.0001990 secs]
50.696: [GC (Allocation Failure) 41172K->435K(82432K), 0.0002150 secs]
50.749: [GC (Allocation Failure) 39707K->435K(81088K), 0.0002190 secs]
50.769: [GC (Allocation Failure) 38437K->435K(79808K), 0.0002140 secs]
50.786: [GC (Allocation Failure) 37168K->435K(78592K), 0.0002040 secs]
50.801: [GC (Allocation Failure) 35898K->435K(77376K), 0.0002020 secs]
50.816: [GC (Allocation Failure) 34726K->435K(76224K), 0.0002010 secs]
50.831: [GC (Allocation Failure) 33554K->435K(75136K), 0.0002000 secs]
50.935: [GC (Allocation Failure) 32479K->435K(74112K), 0.0002230 secs]
50.953: [GC (Allocation Failure) 31405K->435K(73152K), 0.0002260 secs]
50.995: [GC (Allocation Failure) 30428K->435K(72192K), 0.0002090 secs]
51.008: [GC (Allocation Failure) 29549K->435K(71296K), 0.0002200 secs]
51.034: [GC (Allocation Failure) 28572K->435K(70400K), 0.0002380 secs]
51.051: [GC (Allocation Failure) 27693K->435K(69568K), 0.0002290 secs]
51.067: [GC (Allocation Failure) 26912K->435K(74880K), 0.0002680 secs]
51.246: [GC (Allocation Failure) 32186K->435K(73856K), 0.0002020 secs]
51.263: [GC (Allocation Failure) 31210K->435K(72896K), 0.0002220 secs]
51.279: [GC (Allocation Failure) 30233K->435K(71936K), 0.0002080 secs]
51.296: [GC (Allocation Failure) 29256K->435K(71040K), 0.0002110 secs]
51.330: [GC (Allocation Failure) 28377K->435K(70208K), 0.0002190 secs]
51.342: [GC (Allocation Failure) 27498K->435K(75648K), 0.0002000 secs]
51.356: [GC (Allocation Failure) 32968K->435K(82176K), 0.0002010 secs]
51.377: [GC (Allocation Failure) 39512K->435K(90048K), 0.0002740 secs]
51.398: [GC (Allocation Failure) 47325K->435K(99456K), 0.0002050 secs]
51.443: [GC (Allocation Failure) 56804K->435K(97280K), 0.0002030 secs]
51.507: [GC (Allocation Failure) 54557K->435K(95232K), 0.0002150 secs]
51.534: [GC (Allocation Failure) 52506K->435K(93248K), 0.0001990 secs]
51.559: [GC (Allocation Failure) 50553K->435K(91392K), 0.0002020 secs]
51.580: [GC (Allocation Failure) 48693K->435K(89600K), 0.0002010 secs]
51.653: [GC (Allocation Failure) 46935K->435K(87936K), 0.0002120 secs]
51.677: [GC (Allocation Failure) 45274K->435K(86336K), 0.0002010 secs]
51.696: [GC (Allocation Failure) 43614K->435K(84800K), 0.0002010 secs]
51.848: [GC (Allocation Failure) 42149K->435K(83328K), 0.0002120 secs]
51.869: [GC (Allocation Failure) 40684K->435K(81920K), 0.0002210 secs]
51.897: [GC (Allocation Failure) 39219K->435K(80576K), 0.0002120 secs]
51.913: [GC (Allocation Failure) 37851K->435K(79296K), 0.0002020 secs]
51.930: [GC (Allocation Failure) 36582K->435K(78080K), 0.0001990 secs]
51.974: [GC (Allocation Failure) 35409K->435K(76928K), 0.0002260 secs]
51.993: [GC (Allocation Failure) 34237K->435K(75840K), 0.0002000 secs]
52.098: [GC (Allocation Failure) 33163K->435K(74752K), 0.0001990 secs]
52.112: [GC (Allocation Failure) 32089K->435K(73728K), 0.0002270 secs]
52.127: [GC (Allocation Failure) 31014K->435K(72768K), 0.0002030 secs]
52.168: [GC (Allocation Failure) 30038K->435K(71808K), 0.0002420 secs]
52.181: [GC (Allocation Failure) 29158K->435K(77568K), 0.0002660 secs]
52.197: [GC (Allocation Failure) 34921K->435K(84480K), 0.0002160 secs]
52.248: [GC (Allocation Failure) 41758K->435K(83008K), 0.0002030 secs]
52.354: [GC (Allocation Failure) 40293K->435K(81600K), 0.0002130 secs]
52.373: [GC (Allocation Failure) 38926K->435K(80256K), 0.0002430 secs]
52.420: [GC (Allocation Failure) 37558K->435K(78976K), 0.0002070 secs]
52.436: [GC (Allocation Failure) 36289K->435K(77760K), 0.0002030 secs]
52.451: [GC (Allocation Failure) 35116K->435K(76608K), 0.0002010 secs]
52.497: [GC (Allocation Failure) 33944K->435K(75520K), 0.0002210 secs]
52.512: [GC (Allocation Failure) 32870K->435K(74496K), 0.0002010 secs]
52.526: [GC (Allocation Failure) 31796K->435K(73472K), 0.0002180 secs]
52.548: [GC (Allocation Failure) 30819K->435K(72512K), 0.0002230 secs]
52.565: [GC (Allocation Failure) 29842K->435K(71616K), 0.0002020 secs]
52.578: [GC (Allocation Failure) 28963K->435K(77376K), 0.0002180 secs]
52.634: [GC (Allocation Failure) 34726K->435K(76224K), 0.0002370 secs]
52.649: [GC (Allocation Failure) 33554K->435K(75136K), 0.0002020 secs]
52.695: [GC (Allocation Failure) 32479K->435K(74112K), 0.0002150 secs]
52.748: [GC (Allocation Failure) 31405K->435K(73152K), 0.0002170 secs]
52.766: [GC (Allocation Failure) 30428K->435K(72192K), 0.0002070 secs]
52.778: [GC (Allocation Failure) 29549K->435K(71296K), 0.0002020 secs]
52.795: [GC (Allocation Failure) 28572K->435K(70400K), 0.0001990 secs]
52.811: [GC (Allocation Failure) 27693K->435K(69568K), 0.0002120 secs]
52.827: [GC (Allocation Failure) 26912K->435K(74880K), 0.0002100 secs]
52.845: [GC (Allocation Failure) 32186K->435K(81280K), 0.0002370 secs]
52.952: [GC (Allocation Failure) 38633K->435K(80000K), 0.0002100 secs]
52.968: [GC (Allocation Failure) 37363K->435K(78720K), 0.0002720 secs]
53.051: [GC (Allocation Failure) 35996K->435K(77504K), 0.0002110 secs]
53.065: [GC (Allocation Failure) 34823K->435K(84416K), 0.0002680 secs]
53.099: [GC (Allocation Failure) 41758K->435K(82944K), 0.0002120 secs]
53.167: [GC (Allocation Failure) 40293K->435K(81536K), 0.0002130 secs]
53.184: [GC (Allocation Failure) 38828K->435K(80192K), 0.0002130 secs]
53.200: [GC (Allocation Failure) 37461K->435K(78912K), 0.0002130 secs]
53.220: [GC (Allocation Failure) 36191K->435K(77696K), 0.0002090 secs]
53.301: [GC (Allocation Failure) 35019K->435K(76544K), 0.0002060 secs]
53.315: [GC (Allocation Failure) 33847K->435K(75456K), 0.0002140 secs]
53.330: [GC (Allocation Failure) 32772K->435K(74432K), 0.0002030 secs]
53.376: [GC (Allocation Failure) 31698K->435K(73408K), 0.0002190 secs]
53.395: [GC (Allocation Failure) 30721K->435K(72448K), 0.0002150 secs]
53.412: [GC (Allocation Failure) 29745K->435K(71552K), 0.0002020 secs]
53.432: [GC (Allocation Failure) 28865K->435K(70656K), 0.0002760 secs]
53.449: [GC (Allocation Failure) 27986K->435K(69824K), 0.0002130 secs]
53.465: [GC (Allocation Failure) 27107K->435K(75200K), 0.0002140 secs]
53.479: [GC (Allocation Failure) 32479K->435K(81664K), 0.0002240 secs]
53.496: [GC (Allocation Failure) 39023K->435K(89408K), 0.0002020 secs]
53.520: [GC (Allocation Failure) 46739K->435K(98688K), 0.0002100 secs]
53.583: [GC (Allocation Failure) 56022K->435K(96576K), 0.0002100 secs]
53.606: [GC (Allocation Failure) 53873K->435K(94528K), 0.0002120 secs]
53.654: [GC (Allocation Failure) 51822K->435K(92608K), 0.0002020 secs]
53.704: [GC (Allocation Failure) 49967K->435K(90752K), 0.0002110 secs]
53.726: [GC (Allocation Failure) 48107K->435K(89024K), 0.0002000 secs]
53.752: [GC (Allocation Failure) 46349K->435K(87360K), 0.0002790 secs]
53.805: [GC (Allocation Failure) 44688K->435K(85760K), 0.0002240 secs]
53.824: [GC (Allocation Failure) 43028K->435K(84224K), 0.0002150 secs]
53.842: [GC (Allocation Failure) 41563K->435K(82752K), 0.0002060 secs]
53.863: [GC (Allocation Failure) 40098K->435K(81344K), 0.0002120 secs]
53.903: [GC (Allocation Failure) 38633K->435K(80000K), 0.0002120 secs]
53.919: [GC (Allocation Failure) 37363K->435K(78720K), 0.0002040 secs]
53.939: [GC (Allocation Failure) 35996K->435K(77504K), 0.0002220 secs]
53.982: [GC (Allocation Failure) 34823K->435K(76352K), 0.0003560 secs]
54.002: [GC (Allocation Failure) 33651K->435K(75264K), 0.0002020 secs]
54.020: [GC (Allocation Failure) 32577K->435K(74240K), 0.0002250 secs]
54.039: [GC (Allocation Failure) 31600K->435K(80512K), 0.0003670 secs]
54.060: [GC (Allocation Failure) 37851K->435K(88000K), 0.0002150 secs]
54.157: [GC (Allocation Failure) 45274K->435K(86400K), 0.0002070 secs]
54.180: [GC (Allocation Failure) 43712K->435K(84864K), 0.0002080 secs]
54.202: [GC (Allocation Failure) 42149K->435K(83392K), 0.0002200 secs]
54.255: [GC (Allocation Failure) 40684K->435K(81984K), 0.0002210 secs]
54.272: [GC (Allocation Failure) 39316K->435K(80640K), 0.0002170 secs]
54.293: [GC (Allocation Failure) 37949K->435K(79360K), 0.0002100 secs]
54.351: [GC (Allocation Failure) 36679K->435K(78144K), 0.0003210 secs]
54.374: [GC (Allocation Failure) 35409K->435K(76992K), 0.0002030 secs]
54.422: [GC (Allocation Failure) 34335K->435K(75904K), 0.0002170 secs]
54.502: [GC (Allocation Failure) 33261K->435K(74816K), 0.0002900 secs]
54.517: [GC (Allocation Failure) 32089K->435K(73792K), 0.0002130 secs]
54.534: [GC (Allocation Failure) 31112K->435K(72832K), 0.0002080 secs]
54.547: [GC (Allocation Failure) 30135K->435K(71872K), 0.0002050 secs]
54.564: [GC (Allocation Failure) 29158K->435K(70976K), 0.0002010 secs]
54.580: [GC (Allocation Failure) 28279K->435K(76608K), 0.0002200 secs]
54.599: [GC (Allocation Failure) 33944K->435K(75520K), 0.0002020 secs]
54.613: [GC (Allocation Failure) 32870K->435K(82048K), 0.0002150 secs]
54.634: [GC (Allocation Failure) 39316K->435K(89856K), 0.0002100 secs]
54.708: [GC (Allocation Failure) 47130K->435K(88128K), 0.0002090 secs]
54.732: [GC (Allocation Failure) 45470K->435K(86528K), 0.0002050 secs]
54.751: [GC (Allocation Failure) 43809K->435K(84992K), 0.0002120 secs]
54.769: [GC (Allocation Failure) 42344K->435K(83520K), 0.0002020 secs]
54.806: [GC (Allocation Failure) 40879K->435K(82112K), 0.0002100 secs]
54.827: [GC (Allocation Failure) 39414K->435K(80768K), 0.0002090 secs]
54.847: [GC (Allocation Failure) 38047K->435K(79488K), 0.0002150 secs]
54.863: [GC (Allocation Failure) 36777K->435K(78272K), 0.0001990 secs]
54.942: [GC (Allocation Failure) 35605K->435K(77120K), 0.0002410 secs]
55.003: [GC (Allocation Failure) 34433K->435K(75968K), 0.0002110 secs]
55.018: [GC (Allocation Failure) 33261K->435K(74880K), 0.0002200 secs]
55.052: [GC (Allocation Failure) 32186K->435K(73856K), 0.0002150 secs]
55.070: [GC (Allocation Failure) 31210K->435K(72896K), 0.0002290 secs]
55.102: [GC (Allocation Failure) 30233K->435K(71936K), 0.0002120 secs]
55.119: [GC (Allocation Failure) 29256K->435K(71040K), 0.0002040 secs]
55.131: [GC (Allocation Failure) 28377K->435K(70208K), 0.0002100 secs]
55.151: [GC (Allocation Failure) 27498K->435K(69376K), 0.0002210 secs]
55.167: [GC (Allocation Failure) 26717K->435K(74688K), 0.0002140 secs]
55.185: [GC (Allocation Failure) 31991K->435K(81024K), 0.0002580 secs]
55.255: [GC (Allocation Failure) 38340K->435K(79744K), 0.0002120 secs]
55.275: [GC (Allocation Failure) 37070K->435K(78528K), 0.0002710 secs]
55.291: [GC (Allocation Failure) 35800K->435K(85632K), 0.0002260 secs]
55.309: [GC (Allocation Failure) 42930K->435K(84096K), 0.0002020 secs]
55.357: [GC (Allocation Failure) 41367K->435K(82624K), 0.0002110 secs]
55.374: [GC (Allocation Failure) 39902K->435K(81280K), 0.0002110 secs]
55.390: [GC (Allocation Failure) 38633K->435K(80000K), 0.0002330 secs]
55.549: [GC (Allocation Failure) 37363K->435K(78720K), 0.0002110 secs]
55.565: [GC (Allocation Failure) 35996K->435K(77504K), 0.0002030 secs]
55.654: [GC (Allocation Failure) 34823K->435K(76352K), 0.0002380 secs]
55.669: [GC (Allocation Failure) 33651K->435K(75264K), 0.0002050 secs]
55.700: [GC (Allocation Failure) 32577K->435K(74240K), 0.0002030 secs]
55.740: [GC (Allocation Failure) 31600K->435K(73216K), 0.0002130 secs]
55.753: [GC (Allocation Failure) 30526K->435K(72256K), 0.0002800 secs]
55.835: [GC (Allocation Failure) 29549K->435K(71360K), 0.0002040 secs]
55.902: [GC (Allocation Failure) 28670K->435K(70464K), 0.0002300 secs]
55.915: [GC (Allocation Failure) 27791K->435K(69632K), 0.0002170 secs]
55.952: [GC (Allocation Failure) 26912K->435K(68864K), 0.0002400 secs]
55.968: [GC (Allocation Failure) 26131K->435K(68096K), 0.0002130 secs]
55.979: [GC (Allocation Failure) 25447K->435K(73152K), 0.0002030 secs]
55.992: [GC (Allocation Failure) 30428K->435K(79168K), 0.0002030 secs]
56.008: [GC (Allocation Failure) 36484K->435K(86400K), 0.0002040 secs]
56.142: [GC (Allocation Failure) 43712K->435K(84864K), 0.0002100 secs]
56.160: [GC (Allocation Failure) 42149K->435K(83392K), 0.0002060 secs]
56.181: [GC (Allocation Failure) 40684K->435K(81984K), 0.0002130 secs]
56.199: [GC (Allocation Failure) 39316K->435K(80640K), 0.0002040 secs]
56.219: [GC (Allocation Failure) 37949K->435K(79360K), 0.0002110 secs]
56.256: [GC (Allocation Failure) 36679K->435K(78144K), 0.0002770 secs]
56.271: [GC (Allocation Failure) 35409K->435K(76992K), 0.0002040 secs]
56.357: [GC (Allocation Failure) 34335K->435K(75904K), 0.0002300 secs]
56.376: [GC (Allocation Failure) 33261K->435K(74816K), 0.0002710 secs]
56.390: [GC (Allocation Failure) 32089K->435K(73792K), 0.0002040 secs]
56.421: [GC (Allocation Failure) 31112K->435K(72832K), 0.0002210 secs]
56.434: [GC (Allocation Failure) 30135K->435K(78784K), 0.0002430 secs]
56.506: [GC (Allocation Failure) 36093K->435K(77568K), 0.0002160 secs]
56.525: [GC (Allocation Failure) 34921K->435K(76416K), 0.0002050 secs]
56.544: [GC (Allocation Failure) 33749K->435K(75328K), 0.0002120 secs]
56.558: [GC (Allocation Failure) 32675K->435K(81792K), 0.0002330 secs]
56.579: [GC (Allocation Failure) 39121K->435K(80448K), 0.0002120 secs]
56.595: [GC (Allocation Failure) 37754K->435K(87936K), 0.0002030 secs]
56.674: [GC (Allocation Failure) 45274K->435K(86336K), 0.0002420 secs]
56.693: [GC (Allocation Failure) 43614K->435K(84800K), 0.0002130 secs]
56.755: [GC (Allocation Failure) 42149K->435K(83328K), 0.0002010 secs]
56.809: [GC (Allocation Failure) 40684K->435K(81920K), 0.0002150 secs]
56.829: [GC (Allocation Failure) 39219K->435K(80576K), 0.0002080 secs]
56.850: [GC (Allocation Failure) 37851K->435K(79296K), 0.0002090 secs]
56.866: [GC (Allocation Failure) 36582K->435K(78080K), 0.0003210 secs]
56.946: [GC (Allocation Failure) 35409K->435K(76928K), 0.0002160 secs]
56.960: [GC (Allocation Failure) 34237K->435K(75840K), 0.0002170 secs]
56.975: [GC (Allocation Failure) 33163K->435K(82432K), 0.0002740 secs]
57.009: [GC (Allocation Failure) 39707K->435K(81088K), 0.0002140 secs]
57.030: [GC (Allocation Failure) 38437K->435K(79808K), 0.0002070 secs]
57.046: [GC (Allocation Failure) 37168K->435K(87168K), 0.0002290 secs]
57.065: [GC (Allocation Failure) 44493K->435K(85568K), 0.0002040 secs]
57.106: [GC (Allocation Failure) 42930K->435K(84032K), 0.0002140 secs]
57.124: [GC (Allocation Failure) 41367K->435K(82624K), 0.0002020 secs]
57.159: [GC (Allocation Failure) 39902K->435K(81280K), 0.0002220 secs]
57.180: [GC (Allocation Failure) 38633K->435K(80000K), 0.0002200 secs]
57.208: [GC (Allocation Failure) 37363K->435K(78720K), 0.0002190 secs]
57.224: [GC (Allocation Failure) 35996K->435K(77504K), 0.0002130 secs]
57.303: [GC (Allocation Failure) 34823K->435K(76352K), 0.0002740 secs]
57.345: [GC (Allocation Failure) 33651K->435K(75264K), 0.0002180 secs]
57.363: [GC (Allocation Failure) 32577K->435K(74240K), 0.0002060 secs]
57.381: [GC (Allocation Failure) 31600K->435K(73216K), 0.0002390 secs]
57.405: [GC (Allocation Failure) 30526K->435K(72256K), 0.0002120 secs]
57.418: [GC (Allocation Failure) 29549K->435K(78144K), 0.0002330 secs]
57.438: [GC (Allocation Failure) 35409K->435K(76992K), 0.0002130 secs]
57.457: [GC (Allocation Failure) 34335K->435K(75904K), 0.0002020 secs]
57.471: [GC (Allocation Failure) 33261K->435K(82496K), 0.0002050 secs]
57.580: [GC (Allocation Failure) 39805K->435K(81152K), 0.0002260 secs]
57.596: [GC (Allocation Failure) 38437K->435K(79872K), 0.0002040 secs]
57.616: [GC (Allocation Failure) 37168K->435K(78656K), 0.0002100 secs]
57.658: [GC (Allocation Failure) 35996K->435K(77440K), 0.0002060 secs]
57.677: [GC (Allocation Failure) 34726K->435K(76288K), 0.0002050 secs]
57.696: [GC (Allocation Failure) 33554K->435K(75200K), 0.0002180 secs]
57.710: [GC (Allocation Failure) 32479K->435K(74176K), 0.0002040 secs]
57.856: [GC (Allocation Failure) 31503K->435K(73152K), 0.0002210 secs]
57.873: [GC (Allocation Failure) 30428K->435K(72192K), 0.0002390 secs]
57.902: [GC (Allocation Failure) 29549K->435K(71296K), 0.0002250 secs]
57.918: [GC (Allocation Failure) 28572K->435K(70400K), 0.0002090 secs]
57.951: [GC (Allocation Failure) 27693K->435K(69568K), 0.0002690 secs]
58.004: [GC (Allocation Failure) 26912K->435K(68800K), 0.0002130 secs]
58.020: [GC (Allocation Failure) 26131K->435K(68032K), 0.0002080 secs]
58.035: [GC (Allocation Failure) 25349K->435K(67328K), 0.0002000 secs]
58.045: [GC (Allocation Failure) 24662K->435K(72192K), 0.0002150 secs]
58.142: [GC (Allocation Failure) 29549K->435K(71296K), 0.0002240 secs]
58.154: [GC (Allocation Failure) 28572K->435K(76992K), 0.0002220 secs]
58.177: [GC (Allocation Failure) 34335K->435K(75904K), 0.0002130 secs]
58.191: [GC (Allocation Failure) 33261K->435K(82496K), 0.0002150 secs]
58.208: [GC (Allocation Failure) 39805K->435K(90432K), 0.0002150 secs]
58.245: [GC (Allocation Failure) 47716K->435K(88704K), 0.0002140 secs]
58.265: [GC (Allocation Failure) 46056K->435K(87040K), 0.0002030 secs]
58.312: [GC (Allocation Failure) 44395K->435K(85440K), 0.0002170 secs]
58.335: [GC (Allocation Failure) 42735K->435K(83968K), 0.0002100 secs]
58.354: [GC (Allocation Failure) 41270K->435K(82560K), 0.0002190 secs]
58.373: [GC (Allocation Failure) 39902K->435K(81216K), 0.0002450 secs]
58.421: [GC (Allocation Failure) 38535K->435K(79936K), 0.0002250 secs]
58.447: [GC (Allocation Failure) 37265K->435K(78656K), 0.0002730 secs]
58.498: [GC (Allocation Failure) 35996K->435K(77440K), 0.0002130 secs]
58.517: [GC (Allocation Failure) 34726K->435K(76288K), 0.0002070 secs]
58.537: [GC (Allocation Failure) 33554K->435K(75200K), 0.0002770 secs]
58.551: [GC (Allocation Failure) 32479K->435K(74176K), 0.0002070 secs]
58.603: [GC (Allocation Failure) 31503K->435K(73152K), 0.0002250 secs]
58.620: [GC (Allocation Failure) 30428K->435K(72192K), 0.0002740 secs]
58.633: [GC (Allocation Failure) 29549K->435K(78016K), 0.0002040 secs]
58.660: [GC (Allocation Failure) 35312K->435K(76864K), 0.0002400 secs]
58.679: [GC (Allocation Failure) 34140K->435K(75776K), 0.0002280 secs]
58.709: [GC (Allocation Failure) 33065K->435K(74688K), 0.0002220 secs]
58.727: [GC (Allocation Failure) 31991K->435K(81024K), 0.0002770 secs]
58.744: [GC (Allocation Failure) 38340K->435K(88640K), 0.0002250 secs]
58.768: [GC (Allocation Failure) 45958K->435K(86976K), 0.0002140 secs]
58.859: [GC (Allocation Failure) 44298K->435K(85376K), 0.0002130 secs]
58.877: [GC (Allocation Failure) 42735K->435K(83904K), 0.0002140 secs]
58.895: [GC (Allocation Failure) 41172K->435K(82496K), 0.0002000 secs]
58.976: [GC (Allocation Failure) 39805K->435K(81152K), 0.0002130 secs]
58.992: [GC (Allocation Failure) 38437K->435K(79872K), 0.0002020 secs]
59.057: [GC (Allocation Failure) 37168K->435K(78656K), 0.0002610 secs]
59.078: [GC (Allocation Failure) 35996K->435K(77440K), 0.0002140 secs]
59.109: [GC (Allocation Failure) 34726K->435K(76288K), 0.0002160 secs]
59.128: [GC (Allocation Failure) 33554K->435K(75200K), 0.0002100 secs]
59.159: [GC (Allocation Failure) 32479K->435K(74176K), 0.0002110 secs]
59.172: [GC (Allocation Failure) 31503K->435K(73152K), 0.0002120 secs]
59.308: [GC (Allocation Failure) 30428K->435K(72192K), 0.0002210 secs]
59.320: [GC (Allocation Failure) 29549K->435K(71296K), 0.0002170 secs]
59.338: [GC (Allocation Failure) 28572K->435K(70400K), 0.0002060 secs]
59.354: [GC (Allocation Failure) 27693K->435K(69568K), 0.0002210 secs]
59.402: [GC (Allocation Failure) 26912K->435K(68800K), 0.0002150 secs]
59.438: [GC (Allocation Failure) 26131K->435K(68032K), 0.0002140 secs]
59.606: [GC (Allocation Failure) 25349K->435K(67328K), 0.0002120 secs]
59.616: [GC (Allocation Failure) 24662K->435K(66624K), 0.0002170 secs]
59.627: [GC (Allocation Failure) 23978K->435K(71360K), 0.0002130 secs]
59.654: [GC (Allocation Failure) 28670K->435K(70464K), 0.0002150 secs]
59.707: [GC (Allocation Failure) 27791K->435K(69632K), 0.0002220 secs]
59.723: [GC (Allocation Failure) 26912K->435K(68864K), 0.0002130 secs]
59.739: [GC (Allocation Failure) 26131K->435K(68096K), 0.0002210 secs]
59.754: [GC (Allocation Failure) 25447K->435K(73152K), 0.0002730 secs]
59.779: [GC (Allocation Failure) 30428K->435K(79168K), 0.0002140 secs]
59.799: [GC (Allocation Failure) 36484K->435K(86400K), 0.0002130 secs]
59.822: [GC (Allocation Failure) 43712K->435K(84864K), 0.0002130 secs]
59.842: [GC (Allocation Failure) 42149K->435K(83392K), 0.0002010 secs]
59.859: [GC (Allocation Failure) 40684K->435K(81984K), 0.0002050 secs]
59.909: [GC (Allocation Failure) 39316K->435K(80640K), 0.0002040 secs]
59.958: [GC (Allocation Failure) 37949K->435K(79360K), 0.0002070 secs]
59.982: [GC (Allocation Failure) 36679K->435K(78144K), 0.0002110 secs]
59.997: [GC (Allocation Failure) 35409K->435K(76992K), 0.0003190 secs]
60.061: [GC (Allocation Failure) 34335K->435K(75904K), 0.0002300 secs]
60.075: [GC (Allocation Failure) 33261K->435K(74816K), 0.0002050 secs]
60.092: [GC (Allocation Failure) 32089K->435K(73792K), 0.0002030 secs]
60.172: [GC (Allocation Failure) 31112K->435K(72832K), 0.0002170 secs]
60.259: [GC (Allocation Failure) 30135K->435K(71872K), 0.0002160 secs]
60.272: [GC (Allocation Failure) 29158K->435K(77632K), 0.0003180 secs]
60.311: [GC (Allocation Failure) 34921K->435K(76480K), 0.0002400 secs]
60.330: [GC (Allocation Failure) 33749K->435K(75392K), 0.0002150 secs]
60.345: [GC (Allocation Failure) 32675K->435K(74368K), 0.0002160 secs]
60.363: [GC (Allocation Failure) 31698K->435K(73344K), 0.0002070 secs]
60.387: [GC (Allocation Failure) 30624K->435K(72384K), 0.0002110 secs]
60.403: [GC (Allocation Failure) 29745K->435K(71488K), 0.0002440 secs]
60.434: [GC (Allocation Failure) 28768K->435K(70592K), 0.0002190 secs]
60.450: [GC (Allocation Failure) 27889K->435K(69760K), 0.0002200 secs]
60.467: [GC (Allocation Failure) 27107K->435K(75136K), 0.0002290 secs]
60.546: [GC (Allocation Failure) 32479K->435K(74112K), 0.0002130 secs]
60.564: [GC (Allocation Failure) 31405K->435K(73152K), 0.0002300 secs]
60.581: [GC (Allocation Failure) 30428K->435K(72192K), 0.0002130 secs]
60.594: [GC (Allocation Failure) 29549K->435K(78016K), 0.0002380 secs]
60.610: [GC (Allocation Failure) 35312K->435K(85056K), 0.0002140 secs]
60.628: [GC (Allocation Failure) 42344K->435K(93504K), 0.0002060 secs]
60.768: [GC (Allocation Failure) 50846K->435K(91648K), 0.0002150 secs]
60.793: [GC (Allocation Failure) 48986K->435K(89856K), 0.0002020 secs]
60.863: [GC (Allocation Failure) 47130K->435K(88128K), 0.0002250 secs]
60.882: [GC (Allocation Failure) 45470K->435K(86528K), 0.0002010 secs]
60.905: [GC (Allocation Failure) 43809K->435K(84992K), 0.0002090 secs]
60.947: [GC (Allocation Failure) 42344K->435K(83520K), 0.0002760 secs]
60.980: [GC (Allocation Failure) 40879K->435K(82112K), 0.0002420 secs]
61.002: [GC (Allocation Failure) 39414K->435K(80768K), 0.0002440 secs]
61.064: [GC (Allocation Failure) 38047K->435K(79488K), 0.0002760 secs]
61.080: [GC (Allocation Failure) 36777K->435K(78272K), 0.0002740 secs]
61.113: [GC (Allocation Failure) 35605K->435K(77120K), 0.0002230 secs]
61.128: [GC (Allocation Failure) 34433K->435K(75968K), 0.0002140 secs]
61.162: [GC (Allocation Failure) 33261K->435K(74880K), 0.0002220 secs]
61.180: [GC (Allocation Failure) 32186K->435K(73856K), 0.0002110 secs]
61.207: [GC (Allocation Failure) 31210K->435K(72896K), 0.0002690 secs]
61.367: [GC (Allocation Failure) 30233K->435K(71936K), 0.0002020 secs]
61.410: [GC (Allocation Failure) 29256K->435K(71040K), 0.0002120 secs]
61.423: [GC (Allocation Failure) 28377K->435K(70208K), 0.0002170 secs]
61.459: [GC (Allocation Failure) 27498K->435K(69376K), 0.0002220 secs]
61.475: [GC (Allocation Failure) 26717K->435K(68608K), 0.0002240 secs]
61.509: [GC (Allocation Failure) 25935K->435K(67840K), 0.0002070 secs]
61.524: [GC (Allocation Failure) 25150K->435K(67136K), 0.0002070 secs]
61.535: [GC (Allocation Failure) 24466K->435K(72000K), 0.0002020 secs]
61.571: [GC (Allocation Failure) 29354K->435K(71104K), 0.0002170 secs]
61.656: [GC (Allocation Failure) 28377K->435K(70272K), 0.0002020 secs]
61.710: [GC (Allocation Failure) 27596K->435K(69440K), 0.0002220 secs]
61.726: [GC (Allocation Failure) 26717K->435K(68672K), 0.0002360 secs]
61.744: [GC (Allocation Failure) 26033K->435K(67904K), 0.0002020 secs]
61.755: [GC (Allocation Failure) 25250K->435K(72896K), 0.0002020 secs]
61.768: [GC (Allocation Failure) 30233K->435K(78912K), 0.0002050 secs]
61.787: [GC (Allocation Failure) 36191K->435K(86080K), 0.0002160 secs]
61.806: [GC (Allocation Failure) 43419K->435K(94720K), 0.0002030 secs]
61.831: [GC (Allocation Failure) 52018K->435K(92800K), 0.0002090 secs]
61.970: [GC (Allocation Failure) 50162K->435K(90944K), 0.0002120 secs]
61.990: [GC (Allocation Failure) 48302K->435K(89216K), 0.0002130 secs]
62.014: [GC (Allocation Failure) 46544K->435K(87552K), 0.0002420 secs]
62.038: [GC (Allocation Failure) 44884K->435K(85952K), 0.0002110 secs]
62.057: [GC (Allocation Failure) 43223K->435K(84416K), 0.0002040 secs]
62.156: [GC (Allocation Failure) 41758K->435K(82944K), 0.0002200 secs]
62.173: [GC (Allocation Failure) 40293K->435K(81536K), 0.0002170 secs]
62.248: [GC (Allocation Failure) 38828K->435K(80192K), 0.0002260 secs]
62.264: [GC (Allocation Failure) 37461K->435K(78912K), 0.0002150 secs]
62.283: [GC (Allocation Failure) 36191K->435K(77696K), 0.0002710 secs]
62.299: [GC (Allocation Failure) 35019K->435K(76544K), 0.0002270 secs]
62.318: [GC (Allocation Failure) 33847K->435K(75456K), 0.0002010 secs]
62.336: [GC (Allocation Failure) 32772K->435K(74432K), 0.0002180 secs]
62.350: [GC (Allocation Failure) 31698K->435K(80704K), 0.0002530 secs]
62.383: [GC (Allocation Failure) 38047K->435K(79424K), 0.0002180 secs]
62.419: [GC (Allocation Failure) 36777K->435K(78208K), 0.0002110 secs]
62.446: [GC (Allocation Failure) 35507K->435K(77056K), 0.0002970 secs]
62.461: [GC (Allocation Failure) 34335K->435K(75904K), 0.0002020 secs]
62.495: [GC (Allocation Failure) 33261K->435K(74816K), 0.0002090 secs]
62.509: [GC (Allocation Failure) 32089K->435K(73792K), 0.0002050 secs]
62.527: [GC (Allocation Failure) 31112K->435K(72832K), 0.0002020 secs]
62.540: [GC (Allocation Failure) 30135K->435K(78784K), 0.0002270 secs]
62.556: [GC (Allocation Failure) 36093K->435K(85952K), 0.0002670 secs]
62.577: [GC (Allocation Failure) 43223K->435K(94528K), 0.0002120 secs]
62.618: [GC (Allocation Failure) 51822K->435K(92608K), 0.0002020 secs]
62.671: [GC (Allocation Failure) 49967K->435K(90752K), 0.0002210 secs]
62.692: [GC (Allocation Failure) 48107K->435K(89024K), 0.0002030 secs]
62.716: [GC (Allocation Failure) 46349K->435K(87360K), 0.0002090 secs]
62.778: [GC (Allocation Failure) 44688K->435K(85760K), 0.0002120 secs]
62.800: [GC (Allocation Failure) 43028K->435K(84224K), 0.0002100 secs]
62.822: [GC (Allocation Failure) 41563K->435K(82752K), 0.0002120 secs]
62.840: [GC (Allocation Failure) 40098K->435K(81344K), 0.0002020 secs]
62.912: [GC (Allocation Failure) 38633K->435K(80000K), 0.0002250 secs]
62.932: [GC (Allocation Failure) 37363K->435K(78720K), 0.0003090 secs]
62.965: [GC (Allocation Failure) 35996K->435K(77504K), 0.0002100 secs]
62.980: [GC (Allocation Failure) 34823K->435K(76352K), 0.0002160 secs]
62.996: [GC (Allocation Failure) 33651K->435K(75264K), 0.0002110 secs]
63.110: [GC (Allocation Failure) 32577K->435K(74240K), 0.0002050 secs]
63.160: [GC (Allocation Failure) 31600K->435K(73216K), 0.0002150 secs]
63.173: [GC (Allocation Failure) 30526K->435K(72256K), 0.0002030 secs]
63.213: [GC (Allocation Failure) 29549K->435K(71360K), 0.0002130 secs]
63.229: [GC (Allocation Failure) 28670K->435K(70464K), 0.0002750 secs]
63.242: [GC (Allocation Failure) 27791K->435K(75968K), 0.0002160 secs]
63.260: [GC (Allocation Failure) 33261K->435K(82560K), 0.0002150 secs]
63.356: [GC (Allocation Failure) 39902K->435K(81216K), 0.0002200 secs]
63.373: [GC (Allocation Failure) 38535K->435K(88896K), 0.0003270 secs]
63.453: [GC (Allocation Failure) 46251K->435K(87232K), 0.0002150 secs]
63.476: [GC (Allocation Failure) 44591K->435K(85632K), 0.0002030 secs]
63.497: [GC (Allocation Failure) 42930K->435K(84096K), 0.0002120 secs]
63.668: [GC (Allocation Failure) 41367K->435K(82624K), 0.0002060 secs]
63.686: [GC (Allocation Failure) 39902K->435K(81280K), 0.0002150 secs]
63.702: [GC (Allocation Failure) 38633K->435K(80000K), 0.0002030 secs]
63.763: [GC (Allocation Failure) 37363K->435K(78720K), 0.0002040 secs]
63.816: [GC (Allocation Failure) 35996K->435K(77504K), 0.0002220 secs]
63.831: [GC (Allocation Failure) 34823K->435K(76352K), 0.0002030 secs]
63.965: [GC (Allocation Failure) 33651K->435K(75264K), 0.0002130 secs]
63.984: [GC (Allocation Failure) 32577K->435K(74240K), 0.0002150 secs]
64.061: [GC (Allocation Failure) 31600K->435K(73216K), 0.0002850 secs]
64.078: [GC (Allocation Failure) 30526K->435K(72256K), 0.0002730 secs]
64.091: [GC (Allocation Failure) 29549K->435K(71360K), 0.0002120 secs]
64.103: [GC (Allocation Failure) 28670K->435K(77056K), 0.0002040 secs]
64.152: [GC (Allocation Failure) 34335K->435K(75904K), 0.0002110 secs]
64.166: [GC (Allocation Failure) 33261K->435K(74816K), 0.0002140 secs]
64.184: [GC (Allocation Failure) 32089K->435K(73792K), 0.0002140 secs]
64.198: [GC (Allocation Failure) 31112K->435K(79936K), 0.0002160 secs]
64.214: [GC (Allocation Failure) 37265K->435K(87360K), 0.0002710 secs]
64.253: [GC (Allocation Failure) 44688K->435K(96256K), 0.0002290 secs]
64.281: [GC (Allocation Failure) 53580K->435K(94272K), 0.0002050 secs]
64.320: [GC (Allocation Failure) 51627K->435K(92352K), 0.0002250 secs]
64.346: [GC (Allocation Failure) 49670K->435K(90496K), 0.0002090 secs]
64.371: [GC (Allocation Failure) 47814K->435K(88768K), 0.0002110 secs]
64.395: [GC (Allocation Failure) 46056K->435K(87104K), 0.0002130 secs]
64.415: [GC (Allocation Failure) 44395K->435K(85504K), 0.0002000 secs]
64.437: [GC (Allocation Failure) 42833K->435K(83968K), 0.0002710 secs]
64.456: [GC (Allocation Failure) 41270K->435K(82560K), 0.0002130 secs]
64.498: [GC (Allocation Failure) 39902K->435K(81216K), 0.0002320 secs]
64.515: [GC (Allocation Failure) 38535K->435K(79936K), 0.0002130 secs]
64.555: [GC (Allocation Failure) 37265K->435K(78656K), 0.0002440 secs]
64.574: [GC (Allocation Failure) 35996K->435K(77440K), 0.0002160 secs]
64.593: [GC (Allocation Failure) 34726K->435K(76288K), 0.0002020 secs]
64.612: [GC (Allocation Failure) 33554K->435K(75200K), 0.0002100 secs]
64.626: [GC (Allocation Failure) 32479K->435K(74176K), 0.0002180 secs]
64.644: [GC (Allocation Failure) 31503K->435K(73152K), 0.0002120 secs]
64.664: [GC (Allocation Failure) 30428K->435K(79168K), 0.0003940 secs]
64.777: [GC (Allocation Failure) 36484K->435K(77952K), 0.0002060 secs]
64.868: [GC (Allocation Failure) 35312K->435K(76800K), 0.0002220 secs]
64.887: [GC (Allocation Failure) 34140K->435K(75712K), 0.0002140 secs]
64.901: [GC (Allocation Failure) 33065K->435K(74624K), 0.0002180 secs]
64.919: [GC (Allocation Failure) 31893K->435K(73600K), 0.0002100 secs]
64.962: [GC (Allocation Failure) 30917K->435K(72640K), 0.0002140 secs]
64.979: [GC (Allocation Failure) 29940K->435K(71744K), 0.0002120 secs]
65.115: [GC (Allocation Failure) 29061K->435K(70848K), 0.0002110 secs]
65.128: [GC (Allocation Failure) 28182K->435K(70016K), 0.0002130 secs]
65.162: [GC (Allocation Failure) 27303K->435K(69184K), 0.0002120 secs]
65.214: [GC (Allocation Failure) 26521K->435K(68416K), 0.0002180 secs]
65.230: [GC (Allocation Failure) 25740K->435K(67648K), 0.0002270 secs]
65.264: [GC (Allocation Failure) 24955K->435K(66944K), 0.0002150 secs]
65.275: [GC (Allocation Failure) 24271K->435K(71744K), 0.0002260 secs]
65.287: [GC (Allocation Failure) 29061K->435K(77504K), 0.0002010 secs]
65.357: [GC (Allocation Failure) 34823K->435K(76352K), 0.0002120 secs]
65.372: [GC (Allocation Failure) 33651K->435K(75264K), 0.0002060 secs]
65.386: [GC (Allocation Failure) 32577K->435K(81728K), 0.0002050 secs]
65.403: [GC (Allocation Failure) 39023K->435K(89472K), 0.0002020 secs]
65.427: [GC (Allocation Failure) 46739K->435K(87808K), 0.0002150 secs]
65.450: [GC (Allocation Failure) 45079K->435K(86208K), 0.0002010 secs]
65.472: [GC (Allocation Failure) 43516K->435K(84672K), 0.0002120 secs]
65.494: [GC (Allocation Failure) 41953K->435K(83200K), 0.0002110 secs]
65.550: [GC (Allocation Failure) 40488K->435K(81792K), 0.0002180 secs]
65.566: [GC (Allocation Failure) 39121K->435K(80448K), 0.0002030 secs]
65.587: [GC (Allocation Failure) 37754K->435K(79168K), 0.0002100 secs]
65.670: [GC (Allocation Failure) 36484K->435K(77952K), 0.0002050 secs]
65.689: [GC (Allocation Failure) 35312K->435K(76800K), 0.0002110 secs]
65.708: [GC (Allocation Failure) 34140K->435K(75712K), 0.0002100 secs]
65.723: [GC (Allocation Failure) 33065K->435K(74624K), 0.0002000 secs]
65.754: [GC (Allocation Failure) 31893K->435K(73600K), 0.0002220 secs]
65.767: [GC (Allocation Failure) 30917K->435K(72640K), 0.0002070 secs]
65.817: [GC (Allocation Failure) 29940K->435K(71744K), 0.0002230 secs]
65.833: [GC (Allocation Failure) 29061K->435K(70848K), 0.0002390 secs]
65.862: [GC (Allocation Failure) 28182K->435K(70016K), 0.0002140 secs]
65.874: [GC (Allocation Failure) 27303K->435K(75456K), 0.0002140 secs]
65.888: [GC (Allocation Failure) 32772K->435K(81984K), 0.0002040 secs]
65.909: [GC (Allocation Failure) 39316K->435K(89792K), 0.0002730 secs]
65.929: [GC (Allocation Failure) 47130K->435K(99136K), 0.0002150 secs]
65.953: [GC (Allocation Failure) 56413K->435K(96960K), 0.0002150 secs]
66.028: [GC (Allocation Failure) 54264K->435K(94912K), 0.0002120 secs]
66.050: [GC (Allocation Failure) 52213K->435K(92992K), 0.0002730 secs]
66.126: [GC (Allocation Failure) 50260K->435K(91136K), 0.0002120 secs]
66.147: [GC (Allocation Failure) 48498K->435K(89344K), 0.0001990 secs]
66.167: [GC (Allocation Failure) 46642K->435K(87680K), 0.0002040 secs]
66.274: [GC (Allocation Failure) 44981K->435K(86080K), 0.0002120 secs]
66.293: [GC (Allocation Failure) 43419K->435K(84544K), 0.0002140 secs]
66.315: [GC (Allocation Failure) 41856K->435K(83072K), 0.0002100 secs]
66.355: [GC (Allocation Failure) 40391K->435K(81664K), 0.0002230 secs]
66.372: [GC (Allocation Failure) 39023K->435K(80320K), 0.0002120 secs]
66.417: [GC (Allocation Failure) 37656K->435K(79040K), 0.0002100 secs]
66.447: [GC (Allocation Failure) 36386K->435K(77824K), 0.0002160 secs]
66.471: [GC (Allocation Failure) 35116K->435K(76672K), 0.0002230 secs]
66.490: [GC (Allocation Failure) 33944K->435K(75584K), 0.0002650 secs]
66.505: [GC (Allocation Failure) 32870K->435K(74560K), 0.0002120 secs]
66.522: [GC (Allocation Failure) 31893K->435K(80896K), 0.0002740 secs]
66.544: [GC (Allocation Failure) 38242K->435K(79616K), 0.0002120 secs]
66.560: [GC (Allocation Failure) 36972K->435K(86976K), 0.0002180 secs]
66.580: [GC (Allocation Failure) 44298K->435K(85376K), 0.0002030 secs]
66.659: [GC (Allocation Failure) 42735K->435K(83904K), 0.0002220 secs]
66.681: [GC (Allocation Failure) 41172K->435K(82496K), 0.0002040 secs]
66.702: [GC (Allocation Failure) 39805K->435K(81152K), 0.0002110 secs]
66.807: [GC (Allocation Failure) 38437K->435K(79872K), 0.0002270 secs]
66.827: [GC (Allocation Failure) 37168K->435K(78656K), 0.0002110 secs]
66.917: [GC (Allocation Failure) 35996K->435K(77440K), 0.0002170 secs]
66.966: [GC (Allocation Failure) 34726K->435K(76288K), 0.0002160 secs]
66.984: [GC (Allocation Failure) 33554K->435K(75200K), 0.0002070 secs]
66.998: [GC (Allocation Failure) 32479K->435K(74176K), 0.0002050 secs]
67.015: [GC (Allocation Failure) 31503K->435K(73152K), 0.0002020 secs]
67.033: [GC (Allocation Failure) 30428K->435K(72192K), 0.0002120 secs]
67.163: [GC (Allocation Failure) 29549K->435K(71296K), 0.0002130 secs]
67.179: [GC (Allocation Failure) 28572K->435K(70400K), 0.0002100 secs]
67.264: [GC (Allocation Failure) 27693K->435K(69568K), 0.0002150 secs]
67.318: [GC (Allocation Failure) 26912K->435K(68800K), 0.0002110 secs]
67.333: [GC (Allocation Failure) 26131K->435K(68032K), 0.0002290 secs]
67.373: [GC (Allocation Failure) 25349K->435K(67328K), 0.0002150 secs]
67.384: [GC (Allocation Failure) 24662K->435K(66624K), 0.0002280 secs]
67.395: [GC (Allocation Failure) 23978K->435K(71360K), 0.0002030 secs]
67.407: [GC (Allocation Failure) 28670K->435K(77056K), 0.0002140 secs]
67.467: [GC (Allocation Failure) 34335K->435K(83904K), 0.0002750 secs]
67.524: [GC (Allocation Failure) 41172K->435K(82496K), 0.0002210 secs]
67.545: [GC (Allocation Failure) 39805K->435K(81152K), 0.0002100 secs]
67.569: [GC (Allocation Failure) 38437K->435K(79872K), 0.0002040 secs]
67.719: [GC (Allocation Failure) 37168K->435K(78656K), 0.0002220 secs]
67.738: [GC (Allocation Failure) 35996K->435K(77440K), 0.0001790 secs]
67.757: [GC (Allocation Failure) 34726K->435K(76288K), 0.0002010 secs]
67.775: [GC (Allocation Failure) 33554K->435K(75200K), 0.0002200 secs]
67.790: [GC (Allocation Failure) 32479K->435K(74176K), 0.0002060 secs]
67.820: [GC (Allocation Failure) 31503K->435K(73152K), 0.0002120 secs]
67.838: [GC (Allocation Failure) 30428K->435K(72192K), 0.0002290 secs]
67.870: [GC (Allocation Failure) 29549K->435K(71296K), 0.0002160 secs]
67.971: [GC (Allocation Failure) 28572K->435K(70400K), 0.0002240 secs]
67.983: [GC (Allocation Failure) 27693K->435K(69568K), 0.0002140 secs]
68.065: [GC (Allocation Failure) 26912K->435K(68800K), 0.0002130 secs]
68.076: [GC (Allocation Failure) 26131K->435K(68032K), 0.0002020 secs]
68.118: [GC (Allocation Failure) 25349K->435K(67328K), 0.0002800 secs]
68.129: [GC (Allocation Failure) 24662K->435K(72192K), 0.0002300 secs]
68.147: [GC (Allocation Failure) 29549K->435K(78016K), 0.0002290 secs]
68.166: [GC (Allocation Failure) 35312K->435K(85056K), 0.0002170 secs]
68.189: [GC (Allocation Failure) 42344K->435K(83584K), 0.0002040 secs]
68.207: [GC (Allocation Failure) 40879K->435K(82176K), 0.0002140 secs]
68.320: [GC (Allocation Failure) 39512K->435K(80832K), 0.0002130 secs]
68.341: [GC (Allocation Failure) 38144K->435K(79552K), 0.0002860 secs]
68.375: [GC (Allocation Failure) 36875K->435K(78336K), 0.0002130 secs]
68.394: [GC (Allocation Failure) 35605K->435K(77184K), 0.0002140 secs]
68.419: [GC (Allocation Failure) 34530K->435K(76032K), 0.0002020 secs]
68.468: [GC (Allocation Failure) 33358K->435K(74944K), 0.0002140 secs]
68.482: [GC (Allocation Failure) 32284K->435K(73920K), 0.0002020 secs]
68.495: [GC (Allocation Failure) 31210K->435K(72960K), 0.0002010 secs]
68.571: [GC (Allocation Failure) 30233K->435K(72000K), 0.0002130 secs]
68.588: [GC (Allocation Failure) 29354K->435K(71104K), 0.0002710 secs]
68.601: [GC (Allocation Failure) 28377K->435K(76736K), 0.0002290 secs]
68.620: [GC (Allocation Failure) 34042K->435K(83520K), 0.0002220 secs]
68.669: [GC (Allocation Failure) 40879K->435K(82112K), 0.0002270 secs]
68.686: [GC (Allocation Failure) 39414K->435K(80768K), 0.0002010 secs]
68.702: [GC (Allocation Failure) 38047K->435K(79488K), 0.0002120 secs]
68.722: [GC (Allocation Failure) 36777K->435K(78272K), 0.0002130 secs]
68.738: [GC (Allocation Failure) 35605K->435K(77120K), 0.0002040 secs]
68.773: [GC (Allocation Failure) 34433K->435K(75968K), 0.0002200 secs]
68.787: [GC (Allocation Failure) 33261K->435K(74880K), 0.0002010 secs]
68.801: [GC (Allocation Failure) 32186K->435K(81280K), 0.0002130 secs]
68.825: [GC (Allocation Failure) 38633K->435K(80000K), 0.0002090 secs]
68.841: [GC (Allocation Failure) 37363K->435K(87424K), 0.0002160 secs]
68.924: [GC (Allocation Failure) 44786K->435K(85824K), 0.0002040 secs]
68.962: [GC (Allocation Failure) 43126K->435K(84288K), 0.0002150 secs]
68.984: [GC (Allocation Failure) 41563K->435K(82816K), 0.0002130 secs]
69.022: [GC (Allocation Failure) 40098K->435K(81408K), 0.0002160 secs]
69.040: [GC (Allocation Failure) 38730K->435K(80064K), 0.0002080 secs]
69.056: [GC (Allocation Failure) 37363K->435K(78784K), 0.0002020 secs]
69.071: [GC (Allocation Failure) 36093K->435K(85952K), 0.0004140 secs]
69.094: [GC (Allocation Failure) 43223K->435K(94528K), 0.0002750 secs]
69.116: [GC (Allocation Failure) 51822K->435K(104832K), 0.0002150 secs]
69.147: [GC (Allocation Failure) 62176K->435K(102400K), 0.0002200 secs]
69.184: [GC (Allocation Failure) 59734K->435K(100096K), 0.0002040 secs]
69.251: [GC (Allocation Failure) 57390K->435K(97920K), 0.0002020 secs]
69.283: [GC (Allocation Failure) 55241K->435K(95808K), 0.0002210 secs]
69.310: [GC (Allocation Failure) 53092K->435K(93824K), 0.0002180 secs]
69.362: [GC (Allocation Failure) 51139K->435K(91904K), 0.0002140 secs]
69.480: [GC (Allocation Failure) 49181K->435K(90112K), 0.0002160 secs]
69.504: [GC (Allocation Failure) 47423K->435K(88384K), 0.0002040 secs]
69.528: [GC (Allocation Failure) 45665K->435K(86720K), 0.0002160 secs]
69.547: [GC (Allocation Failure) 44005K->435K(85184K), 0.0002150 secs]
69.565: [GC (Allocation Failure) 42540K->435K(83712K), 0.0002030 secs]
69.627: [GC (Allocation Failure) 41074K->435K(82304K), 0.0002110 secs]
69.648: [GC (Allocation Failure) 39609K->435K(80960K), 0.0002240 secs]
69.669: [GC (Allocation Failure) 38242K->435K(79680K), 0.0002110 secs]
69.771: [GC (Allocation Failure) 36972K->435K(78464K), 0.0002110 secs]
69.821: [GC (Allocation Failure) 35800K->435K(77312K), 0.0002060 secs]
69.870: [GC (Allocation Failure) 34628K->435K(76160K), 0.0002040 secs]
69.924: [GC (Allocation Failure) 33456K->435K(75072K), 0.0002230 secs]
69.942: [GC (Allocation Failure) 32382K->435K(74048K), 0.0002160 secs]
69.960: [GC (Allocation Failure) 31405K->435K(73088K), 0.0002200 secs]
70.073: [GC (Allocation Failure) 30428K->435K(72128K), 0.0002130 secs]
70.090: [GC (Allocation Failure) 29451K->435K(71232K), 0.0002300 secs]
70.103: [GC (Allocation Failure) 28572K->435K(70400K), 0.0002170 secs]
70.154: [GC (Allocation Failure) 27693K->435K(69568K), 0.0002150 secs]
70.171: [GC (Allocation Failure) 26912K->435K(68800K), 0.0002240 secs]
70.187: [GC (Allocation Failure) 26131K->435K(68032K), 0.0002120 secs]
70.221: [GC (Allocation Failure) 25349K->435K(67328K), 0.0002030 secs]
70.232: [GC (Allocation Failure) 24662K->435K(72192K), 0.0003220 secs]
70.256: [GC (Allocation Failure) 29549K->435K(78016K), 0.0002760 secs]
70.275: [GC (Allocation Failure) 35312K->435K(85056K), 0.0002070 secs]
70.298: [GC (Allocation Failure) 42344K->435K(93504K), 0.0002140 secs]
70.333: [GC (Allocation Failure) 50846K->435K(91648K), 0.0002210 secs]
70.356: [GC (Allocation Failure) 48986K->435K(89856K), 0.0002030 secs]
70.377: [GC (Allocation Failure) 47130K->435K(88128K), 0.0002760 secs]
70.424: [GC (Allocation Failure) 45470K->435K(86528K), 0.0002140 secs]
70.447: [GC (Allocation Failure) 43809K->435K(84992K), 0.0002050 secs]
70.469: [GC (Allocation Failure) 42344K->435K(83520K), 0.0002210 secs]
70.563: [GC (Allocation Failure) 40879K->435K(82112K), 0.0002180 secs]
70.584: [GC (Allocation Failure) 39414K->435K(80768K), 0.0002800 secs]
70.605: [GC (Allocation Failure) 38047K->435K(79488K), 0.0002210 secs]
70.674: [GC (Allocation Failure) 36777K->435K(78272K), 0.0002120 secs]
70.690: [GC (Allocation Failure) 35605K->435K(77120K), 0.0002750 secs]
70.722: [GC (Allocation Failure) 34433K->435K(75968K), 0.0002040 secs]
70.771: [GC (Allocation Failure) 33261K->435K(74880K), 0.0002150 secs]
70.925: [GC (Allocation Failure) 32186K->435K(73856K), 0.0002120 secs]
70.942: [GC (Allocation Failure) 31210K->435K(72896K), 0.0002160 secs]
70.957: [GC (Allocation Failure) 30233K->435K(71936K), 0.0002100 secs]
70.974: [GC (Allocation Failure) 29256K->435K(71040K), 0.0002160 secs]
70.986: [GC (Allocation Failure) 28377K->435K(76672K), 0.0002270 secs]
71.001: [GC (Allocation Failure) 33944K->435K(83392K), 0.0002010 secs]
71.023: [GC (Allocation Failure) 40684K->435K(91456K), 0.0002200 secs]
71.078: [GC (Allocation Failure) 48791K->435K(89664K), 0.0002110 secs]
71.174: [GC (Allocation Failure) 46935K->435K(87936K), 0.0002210 secs]
71.198: [GC (Allocation Failure) 45274K->435K(86336K), 0.0002110 secs]
71.217: [GC (Allocation Failure) 43614K->435K(84800K), 0.0002000 secs]
71.235: [GC (Allocation Failure) 42149K->435K(83328K), 0.0002000 secs]
71.256: [GC (Allocation Failure) 40684K->435K(81920K), 0.0002710 secs]
71.277: [GC (Allocation Failure) 39219K->435K(80576K), 0.0002230 secs]
71.324: [GC (Allocation Failure) 37851K->435K(79296K), 0.0002200 secs]
71.343: [GC (Allocation Failure) 36582K->435K(78080K), 0.0001890 secs]
71.370: [GC (Allocation Failure) 35409K->435K(76928K), 0.0002430 secs]
71.386: [GC (Allocation Failure) 34237K->435K(75840K), 0.0002720 secs]
71.522: [GC (Allocation Failure) 33163K->435K(74752K), 0.0002060 secs]
71.576: [GC (Allocation Failure) 32089K->435K(73728K), 0.0002140 secs]
71.594: [GC (Allocation Failure) 31014K->435K(72768K), 0.0002170 secs]
71.625: [GC (Allocation Failure) 30038K->435K(71808K), 0.0002000 secs]
71.638: [GC (Allocation Failure) 29158K->435K(77568K), 0.0003220 secs]
71.677: [GC (Allocation Failure) 34921K->435K(76416K), 0.0002230 secs]
71.696: [GC (Allocation Failure) 33749K->435K(75328K), 0.0002040 secs]
71.710: [GC (Allocation Failure) 32675K->435K(81792K), 0.0002230 secs]
71.731: [GC (Allocation Failure) 39121K->435K(80448K), 0.0002110 secs]
71.763: [GC (Allocation Failure) 37754K->435K(79168K), 0.0002200 secs]
71.824: [GC (Allocation Failure) 36484K->435K(77952K), 0.0002070 secs]
71.878: [GC (Allocation Failure) 35312K->435K(76800K), 0.0002110 secs]
71.897: [GC (Allocation Failure) 34140K->435K(75712K), 0.0002140 secs]
71.911: [GC (Allocation Failure) 33065K->435K(74624K), 0.0002180 secs]
71.929: [GC (Allocation Failure) 31893K->435K(73600K), 0.0002010 secs]
71.942: [GC (Allocation Failure) 30917K->435K(79744K), 0.0002140 secs]
71.975: [GC (Allocation Failure) 37070K->435K(78528K), 0.0002270 secs]
71.995: [GC (Allocation Failure) 35800K->435K(77312K), 0.0002110 secs]
72.010: [GC (Allocation Failure) 34628K->435K(76160K), 0.0002160 secs]
72.028: [GC (Allocation Failure) 33456K->435K(75072K), 0.0002020 secs]
72.047: [GC (Allocation Failure) 32382K->435K(74048K), 0.0002120 secs]
72.064: [GC (Allocation Failure) 31405K->435K(73088K), 0.0002110 secs]
72.122: [GC (Allocation Failure) 30428K->435K(72128K), 0.0002810 secs]
72.175: [GC (Allocation Failure) 29451K->435K(71232K), 0.0003320 secs]
72.189: [GC (Allocation Failure) 28572K->435K(76864K), 0.0002620 secs]
72.227: [GC (Allocation Failure) 34140K->435K(75776K), 0.0002120 secs]
72.242: [GC (Allocation Failure) 33065K->435K(74688K), 0.0002050 secs]
72.273: [GC (Allocation Failure) 31991K->435K(73664K), 0.0002690 secs]
72.287: [GC (Allocation Failure) 31014K->435K(72704K), 0.0002010 secs]
72.352: [GC (Allocation Failure) 30038K->435K(71808K), 0.0002100 secs]
72.365: [GC (Allocation Failure) 29158K->435K(70912K), 0.0002040 secs]
72.381: [GC (Allocation Failure) 28182K->435K(70080K), 0.0002020 secs]
72.394: [GC (Allocation Failure) 27400K->435K(75520K), 0.0002160 secs]
72.419: [GC (Allocation Failure) 32870K->435K(82048K), 0.0002210 secs]
72.452: [GC (Allocation Failure) 39316K->435K(80704K), 0.0002140 secs]
72.472: [GC (Allocation Failure) 38047K->435K(79424K), 0.0002020 secs]
72.488: [GC (Allocation Failure) 36777K->435K(86720K), 0.0003200 secs]
72.528: [GC (Allocation Failure) 44005K->435K(85184K), 0.0002140 secs]
72.548: [GC (Allocation Failure) 42540K->435K(83712K), 0.0002080 secs]
72.608: [GC (Allocation Failure) 41074K->435K(82304K), 0.0002060 secs]
72.631: [GC (Allocation Failure) 39609K->435K(80960K), 0.0002030 secs]
72.671: [GC (Allocation Failure) 38242K->435K(79680K), 0.0002120 secs]
72.687: [GC (Allocation Failure) 36972K->435K(78464K), 0.0002150 secs]
72.706: [GC (Allocation Failure) 35800K->435K(77312K), 0.0002100 secs]
72.777: [GC (Allocation Failure) 34628K->435K(76160K), 0.0002760 secs]
72.792: [GC (Allocation Failure) 33456K->435K(75072K), 0.0002170 secs]
72.806: [GC (Allocation Failure) 32382K->435K(74048K), 0.0002120 secs]
72.820: [GC (Allocation Failure) 31405K->435K(80256K), 0.0002050 secs]
72.840: [GC (Allocation Failure) 37558K->435K(87744K), 0.0002150 secs]
72.966: [GC (Allocation Failure) 45079K->435K(86144K), 0.0002080 secs]
73.033: [GC (Allocation Failure) 43419K->435K(84608K), 0.0002240 secs]
73.055: [GC (Allocation Failure) 41953K->435K(83136K), 0.0002100 secs]
73.168: [GC (Allocation Failure) 40488K->435K(81728K), 0.0002290 secs]
73.185: [GC (Allocation Failure) 39023K->435K(80384K), 0.0002160 secs]
73.227: [GC (Allocation Failure) 37656K->435K(79104K), 0.0002150 secs]
73.246: [GC (Allocation Failure) 36386K->435K(77888K), 0.0002120 secs]
73.329: [GC (Allocation Failure) 35214K->435K(76736K), 0.0002060 secs]
73.344: [GC (Allocation Failure) 34042K->435K(75648K), 0.0002140 secs]
73.359: [GC (Allocation Failure) 32968K->435K(74560K), 0.0002010 secs]
73.524: [GC (Allocation Failure) 31893K->435K(73536K), 0.0002130 secs]
73.537: [GC (Allocation Failure) 30819K->435K(72576K), 0.0002030 secs]
73.550: [GC (Allocation Failure) 29842K->435K(78528K), 0.0002230 secs]
73.570: [GC (Allocation Failure) 35800K->435K(77312K), 0.0002150 secs]
73.585: [GC (Allocation Failure) 34628K->435K(84160K), 0.0002120 secs]
73.607: [GC (Allocation Failure) 41465K->435K(82688K), 0.0002130 secs]
73.628: [GC (Allocation Failure) 40000K->435K(81344K), 0.0002010 secs]
73.649: [GC (Allocation Failure) 38633K->435K(80000K), 0.0002110 secs]
73.681: [GC (Allocation Failure) 37363K->435K(78720K), 0.0002070 secs]
73.697: [GC (Allocation Failure) 35996K->435K(77504K), 0.0002130 secs]
73.765: [GC (Allocation Failure) 34823K->435K(76352K), 0.0002180 secs]
73.779: [GC (Allocation Failure) 33651K->435K(75264K), 0.0002710 secs]
73.829: [GC (Allocation Failure) 32577K->435K(74240K), 0.0002140 secs]
73.846: [GC (Allocation Failure) 31600K->435K(73216K), 0.0002140 secs]
73.924: [GC (Allocation Failure) 30526K->435K(72256K), 0.0002150 secs]
73.941: [GC (Allocation Failure) 29549K->435K(71360K), 0.0002030 secs]
73.958: [GC (Allocation Failure) 28670K->435K(70464K), 0.0002130 secs]
74.127: [GC (Allocation Failure) 27791K->435K(69632K), 0.0003150 secs]
74.143: [GC (Allocation Failure) 26912K->435K(68864K), 0.0002280 secs]
74.159: [GC (Allocation Failure) 26131K->435K(68096K), 0.0002060 secs]
74.169: [GC (Allocation Failure) 25447K->435K(73152K), 0.0002060 secs]
74.183: [GC (Allocation Failure) 30428K->435K(79168K), 0.0002030 secs]
74.231: [GC (Allocation Failure) 36484K->435K(77952K), 0.0002120 secs]
74.247: [GC (Allocation Failure) 35312K->435K(76800K), 0.0002000 secs]
74.276: [GC (Allocation Failure) 34140K->435K(75712K), 0.0002050 secs]
74.352: [GC (Allocation Failure) 33065K->435K(74624K), 0.0002260 secs]
74.381: [GC (Allocation Failure) 31893K->435K(73600K), 0.0002250 secs]
74.394: [GC (Allocation Failure) 30917K->435K(72640K), 0.0002060 secs]
74.410: [GC (Allocation Failure) 29940K->435K(71744K), 0.0002000 secs]
74.428: [GC (Allocation Failure) 29061K->435K(70848K), 0.0002040 secs]
74.441: [GC (Allocation Failure) 28182K->435K(76416K), 0.0002280 secs]
74.455: [GC (Allocation Failure) 33749K->435K(83136K), 0.0002020 secs]
74.533: [GC (Allocation Failure) 40488K->435K(81728K), 0.0002210 secs]
74.554: [GC (Allocation Failure) 39023K->435K(80384K), 0.0002030 secs]
74.575: [GC (Allocation Failure) 37656K->435K(79104K), 0.0002100 secs]
74.591: [GC (Allocation Failure) 36386K->435K(77888K), 0.0002030 secs]
74.610: [GC (Allocation Failure) 35214K->435K(76736K), 0.0002110 secs]
74.625: [GC (Allocation Failure) 34042K->435K(83520K), 0.0002180 secs]
74.646: [GC (Allocation Failure) 40879K->435K(82112K), 0.0002050 secs]
74.668: [GC (Allocation Failure) 39414K->435K(80768K), 0.0002210 secs]
74.729: [GC (Allocation Failure) 38047K->435K(79488K), 0.0002020 secs]
74.778: [GC (Allocation Failure) 36777K->435K(78272K), 0.0002080 secs]
74.794: [GC (Allocation Failure) 35605K->435K(77120K), 0.0002120 secs]
74.812: [GC (Allocation Failure) 34433K->435K(75968K), 0.0002700 secs]
74.831: [GC (Allocation Failure) 33261K->435K(74880K), 0.0002140 secs]
74.849: [GC (Allocation Failure) 32186K->435K(73856K), 0.0002100 secs]
74.867: [GC (Allocation Failure) 31210K->435K(72896K), 0.0002070 secs]
74.960: [GC (Allocation Failure) 30233K->435K(71936K), 0.0002090 secs]
74.972: [GC (Allocation Failure) 29256K->435K(71040K), 0.0002060 secs]
74.989: [GC (Allocation Failure) 28377K->435K(70208K), 0.0002030 secs]
75.004: [GC (Allocation Failure) 27498K->435K(75648K), 0.0002120 secs]
75.023: [GC (Allocation Failure) 32968K->435K(82176K), 0.0002170 secs]
75.040: [GC (Allocation Failure) 39512K->435K(90048K), 0.0002030 secs]
75.063: [GC (Allocation Failure) 47325K->435K(88320K), 0.0002100 secs]
75.132: [GC (Allocation Failure) 45665K->435K(86656K), 0.0002160 secs]
75.155: [GC (Allocation Failure) 44005K->435K(85120K), 0.0002690 secs]
75.173: [GC (Allocation Failure) 42442K->435K(83648K), 0.0002120 secs]
75.191: [GC (Allocation Failure) 40977K->435K(82240K), 0.0002030 secs]
75.280: [GC (Allocation Failure) 39512K->435K(80896K), 0.0002220 secs]
75.296: [GC (Allocation Failure) 38242K->435K(79616K), 0.0002030 secs]
75.329: [GC (Allocation Failure) 36972K->435K(78400K), 0.0002010 secs]
75.363: [GC (Allocation Failure) 35702K->435K(77248K), 0.0002090 secs]
75.428: [GC (Allocation Failure) 34530K->435K(76096K), 0.0002260 secs]
75.446: [GC (Allocation Failure) 33456K->435K(75008K), 0.0002860 secs]
75.460: [GC (Allocation Failure) 32284K->435K(73984K), 0.0002130 secs]
75.478: [GC (Allocation Failure) 31307K->435K(73024K), 0.0002000 secs]
75.491: [GC (Allocation Failure) 30331K->435K(79040K), 0.0002020 secs]
75.549: [GC (Allocation Failure) 36386K->435K(77824K), 0.0002170 secs]
75.569: [GC (Allocation Failure) 35116K->435K(76672K), 0.0002080 secs]
75.588: [GC (Allocation Failure) 33944K->435K(75584K), 0.0002110 secs]
75.668: [GC (Allocation Failure) 32870K->435K(74560K), 0.0002100 secs]
75.683: [GC (Allocation Failure) 31893K->435K(73536K), 0.0002010 secs]
75.696: [GC (Allocation Failure) 30819K->435K(72576K), 0.0002020 secs]
75.727: [GC (Allocation Failure) 29842K->435K(71680K), 0.0002240 secs]
75.743: [GC (Allocation Failure) 28963K->435K(70784K), 0.0002210 secs]
75.780: [GC (Allocation Failure) 28084K->435K(69952K), 0.0002220 secs]
75.797: [GC (Allocation Failure) 27303K->435K(69120K), 0.0002210 secs]
75.879: [GC (Allocation Failure) 26424K->435K(68352K), 0.0002030 secs]
75.891: [GC (Allocation Failure) 25642K->435K(67584K), 0.0002240 secs]
75.905: [GC (Allocation Failure) 24857K->435K(72512K), 0.0002010 secs]
75.923: [GC (Allocation Failure) 29842K->435K(78400K), 0.0002220 secs]
75.979: [GC (Allocation Failure) 35702K->435K(77248K), 0.0002130 secs]
75.994: [GC (Allocation Failure) 34530K->435K(76096K), 0.0002040 secs]
76.029: [GC (Allocation Failure) 33456K->435K(75008K), 0.0002250 secs]
76.046: [GC (Allocation Failure) 32284K->435K(73984K), 0.0002190 secs]
76.132: [GC (Allocation Failure) 31307K->435K(73024K), 0.0002390 secs]
76.146: [GC (Allocation Failure) 30331K->435K(72064K), 0.0002680 secs]
76.162: [GC (Allocation Failure) 29354K->435K(77888K), 0.0002480 secs]
76.229: [GC (Allocation Failure) 35214K->435K(76736K), 0.0002160 secs]
76.279: [GC (Allocation Failure) 34042K->435K(75648K), 0.0002240 secs]
76.297: [GC (Allocation Failure) 32968K->435K(74560K), 0.0002230 secs]
76.351: [GC (Allocation Failure) 31893K->435K(73536K), 0.0002110 secs]
76.371: [GC (Allocation Failure) 30819K->435K(72576K), 0.0002150 secs]
76.421: [GC (Allocation Failure) 29842K->435K(71680K), 0.0002400 secs]
76.434: [GC (Allocation Failure) 28963K->435K(70784K), 0.0002690 secs]
76.447: [GC (Allocation Failure) 28084K->435K(76352K), 0.0002140 secs]
76.479: [GC (Allocation Failure) 33651K->435K(75264K), 0.0002130 secs]
76.493: [GC (Allocation Failure) 32577K->435K(81728K), 0.0002040 secs]
76.531: [GC (Allocation Failure) 39023K->435K(80384K), 0.0002140 secs]
76.548: [GC (Allocation Failure) 37656K->435K(79104K), 0.0002100 secs]
76.565: [GC (Allocation Failure) 36386K->435K(77888K), 0.0002020 secs]
76.730: [GC (Allocation Failure) 35214K->435K(76736K), 0.0002060 secs]
76.784: [GC (Allocation Failure) 34042K->435K(75648K), 0.0002270 secs]
76.803: [GC (Allocation Failure) 32968K->435K(74560K), 0.0002320 secs]
76.818: [GC (Allocation Failure) 31893K->435K(73536K), 0.0002730 secs]
76.831: [GC (Allocation Failure) 30819K->435K(79680K), 0.0002150 secs]
76.885: [GC (Allocation Failure) 36972K->435K(78464K), 0.0002240 secs]
76.900: [GC (Allocation Failure) 35800K->435K(77312K), 0.0002010 secs]
76.919: [GC (Allocation Failure) 34628K->435K(76160K), 0.0002100 secs]
76.977: [GC (Allocation Failure) 33456K->435K(75072K), 0.0002690 secs]
77.033: [GC (Allocation Failure) 32382K->435K(74048K), 0.0002220 secs]
77.051: [GC (Allocation Failure) 31405K->435K(73088K), 0.0002290 secs]
77.066: [GC (Allocation Failure) 30428K->435K(72128K), 0.0001980 secs]
77.082: [GC (Allocation Failure) 29451K->435K(71232K), 0.0002040 secs]
77.095: [GC (Allocation Failure) 28572K->435K(76864K), 0.0002160 secs]
77.135: [GC (Allocation Failure) 34140K->435K(75776K), 0.0002250 secs]
77.149: [GC (Allocation Failure) 33065K->435K(74688K), 0.0002050 secs]
77.163: [GC (Allocation Failure) 31991K->435K(81024K), 0.0002130 secs]
77.332: [GC (Allocation Failure) 38340K->435K(79744K), 0.0002240 secs]
77.367: [GC (Allocation Failure) 37070K->435K(78528K), 0.0002260 secs]
77.387: [GC (Allocation Failure) 35800K->435K(77312K), 0.0002230 secs]
77.431: [GC (Allocation Failure) 34628K->435K(76160K), 0.0002260 secs]
77.449: [GC (Allocation Failure) 33456K->435K(75072K), 0.0002020 secs]
77.466: [GC (Allocation Failure) 32382K->435K(74048K), 0.0002160 secs]
77.484: [GC (Allocation Failure) 31405K->435K(73088K), 0.0002140 secs]
77.501: [GC (Allocation Failure) 30428K->435K(72128K), 0.0002180 secs]
77.516: [GC (Allocation Failure) 29451K->435K(77952K), 0.0002130 secs]
77.582: [GC (Allocation Failure) 35312K->435K(76800K), 0.0002040 secs]
77.631: [GC (Allocation Failure) 34140K->435K(75712K), 0.0002030 secs]
77.680: [GC (Allocation Failure) 33065K->435K(74624K), 0.0002140 secs]
77.694: [GC (Allocation Failure) 31893K->435K(73600K), 0.0002030 secs]
77.711: [GC (Allocation Failure) 30917K->435K(72640K), 0.0002100 secs]
77.767: [GC (Allocation Failure) 29940K->435K(71744K), 0.0002180 secs]
77.783: [GC (Allocation Failure) 29061K->435K(70848K), 0.0002160 secs]
77.795: [GC (Allocation Failure) 28182K->435K(70016K), 0.0002020 secs]
77.882: [GC (Allocation Failure) 27303K->435K(69184K), 0.0002450 secs]
77.898: [GC (Allocation Failure) 26521K->435K(68416K), 0.0002710 secs]
77.913: [GC (Allocation Failure) 25740K->435K(73536K), 0.0002240 secs]
77.931: [GC (Allocation Failure) 30819K->435K(79680K), 0.0002140 secs]
77.948: [GC (Allocation Failure) 36972K->435K(87040K), 0.0002640 secs]
77.985: [GC (Allocation Failure) 44395K->435K(85440K), 0.0002150 secs]
78.004: [GC (Allocation Failure) 42735K->435K(83968K), 0.0002030 secs]
78.026: [GC (Allocation Failure) 41270K->435K(82560K), 0.0002150 secs]
78.043: [GC (Allocation Failure) 39902K->435K(81216K), 0.0002020 secs]
78.171: [GC (Allocation Failure) 38535K->435K(79936K), 0.0002270 secs]
78.188: [GC (Allocation Failure) 37265K->435K(78656K), 0.0002030 secs]
78.207: [GC (Allocation Failure) 35996K->435K(77440K), 0.0002020 secs]
78.226: [GC (Allocation Failure) 34726K->435K(76288K), 0.0002590 secs]
78.281: [GC (Allocation Failure) 33554K->435K(75200K), 0.0002240 secs]
78.299: [GC (Allocation Failure) 32479K->435K(74176K), 0.0002110 secs]
78.331: [GC (Allocation Failure) 31503K->435K(73152K), 0.0002040 secs]
78.352: [GC (Allocation Failure) 30428K->435K(72192K), 0.0002110 secs]
78.365: [GC (Allocation Failure) 29549K->435K(71296K), 0.0002170 secs]
78.380: [GC (Allocation Failure) 28572K->435K(76992K), 0.0002160 secs]
78.395: [GC (Allocation Failure) 34335K->435K(83776K), 0.0002030 secs]
78.417: [GC (Allocation Failure) 41074K->435K(82368K), 0.0002110 secs]
78.448: [GC (Allocation Failure) 39707K->435K(81024K), 0.0002150 secs]
78.495: [GC (Allocation Failure) 38340K->435K(79744K), 0.0002240 secs]
78.511: [GC (Allocation Failure) 37070K->435K(78528K), 0.0002140 secs]
78.530: [GC (Allocation Failure) 35800K->435K(77312K), 0.0002120 secs]
78.545: [GC (Allocation Failure) 34628K->435K(76160K), 0.0002030 secs]
78.562: [GC (Allocation Failure) 33456K->435K(75072K), 0.0002080 secs]
78.585: [GC (Allocation Failure) 32382K->435K(74048K), 0.0002420 secs]
78.603: [GC (Allocation Failure) 31405K->435K(73088K), 0.0002090 secs]
78.631: [GC (Allocation Failure) 30428K->435K(72128K), 0.0002020 secs]
78.667: [GC (Allocation Failure) 29451K->435K(71232K), 0.0002120 secs]
78.771: [GC (Allocation Failure) 28572K->435K(70400K), 0.0002030 secs]
78.830: [GC (Allocation Failure) 27693K->435K(69568K), 0.0002230 secs]
78.842: [GC (Allocation Failure) 26912K->435K(68800K), 0.0002030 secs]
78.883: [GC (Allocation Failure) 26131K->435K(68032K), 0.0002200 secs]
78.898: [GC (Allocation Failure) 25349K->435K(67328K), 0.0002680 secs]
78.933: [GC (Allocation Failure) 24662K->435K(66624K), 0.0002030 secs]
78.947: [GC (Allocation Failure) 23978K->435K(65984K), 0.0002140 secs]
78.967: [GC (Allocation Failure) 23294K->435K(65344K), 0.0002770 secs]
78.981: [GC (Allocation Failure) 22610K->435K(69824K), 0.0002690 secs]
78.998: [GC (Allocation Failure) 27107K->435K(75200K), 0.0002080 secs]
79.013: [GC (Allocation Failure) 32479K->435K(81664K), 0.0002280 secs]
79.030: [GC (Allocation Failure) 39023K->435K(89408K), 0.0002050 secs]
79.054: [GC (Allocation Failure) 46739K->435K(98688K), 0.0002110 secs]
79.082: [GC (Allocation Failure) 56022K->435K(96576K), 0.0002240 secs]
79.109: [GC (Allocation Failure) 53873K->435K(94528K), 0.0002120 secs]
79.132: [GC (Allocation Failure) 51822K->435K(92608K), 0.0003440 secs]
79.154: [GC (Allocation Failure) 49967K->435K(90752K), 0.0002030 secs]
79.178: [GC (Allocation Failure) 48107K->435K(89024K), 0.0002240 secs]
79.342: [GC (Allocation Failure) 46349K->435K(87360K), 0.0002410 secs]
79.366: [GC (Allocation Failure) 44688K->435K(85760K), 0.0002120 secs]
79.385: [GC (Allocation Failure) 43028K->435K(84224K), 0.0002030 secs]
79.440: [GC (Allocation Failure) 41563K->435K(82752K), 0.0002200 secs]
79.458: [GC (Allocation Failure) 40098K->435K(81344K), 0.0002020 secs]
79.485: [GC (Allocation Failure) 38633K->435K(80000K), 0.0002030 secs]
79.579: [GC (Allocation Failure) 37363K->435K(78720K), 0.0002240 secs]
79.595: [GC (Allocation Failure) 35996K->435K(77504K), 0.0003180 secs]
79.634: [GC (Allocation Failure) 34823K->435K(76352K), 0.0002250 secs]
79.653: [GC (Allocation Failure) 33651K->435K(75264K), 0.0002000 secs]
79.669: [GC (Allocation Failure) 32577K->435K(74240K), 0.0002000 secs]
79.687: [GC (Allocation Failure) 31600K->435K(80512K), 0.0002800 secs]
79.707: [GC (Allocation Failure) 37851K->435K(79232K), 0.0002110 secs]
79.724: [GC (Allocation Failure) 36582K->435K(86464K), 0.0002140 secs]
79.746: [GC (Allocation Failure) 43809K->435K(84928K), 0.0002110 secs]
79.777: [GC (Allocation Failure) 42247K->435K(83456K), 0.0002080 secs]
79.807: [GC (Allocation Failure) 40781K->435K(82048K), 0.0002090 secs]
79.824: [GC (Allocation Failure) 39316K->435K(80704K), 0.0002140 secs]
79.840: [GC (Allocation Failure) 38047K->435K(79424K), 0.0002040 secs]
79.860: [GC (Allocation Failure) 36777K->435K(78208K), 0.0002190 secs]
79.885: [GC (Allocation Failure) 35507K->435K(77056K), 0.0002260 secs]
79.900: [GC (Allocation Failure) 34335K->435K(75904K), 0.0002140 secs]
79.973: [GC (Allocation Failure) 33261K->435K(74816K), 0.0002030 secs]
80.037: [GC (Allocation Failure) 32089K->435K(73792K), 0.0002170 secs]
80.051: [GC (Allocation Failure) 31112K->435K(72832K), 0.0002680 secs]
80.087: [GC (Allocation Failure) 30135K->435K(71872K), 0.0002120 secs]
80.099: [GC (Allocation Failure) 29158K->435K(70976K), 0.0002130 secs]
80.168: [GC (Allocation Failure) 28279K->435K(70144K), 0.0002160 secs]
80.184: [GC (Allocation Failure) 27498K->435K(69312K), 0.0002310 secs]
80.236: [GC (Allocation Failure) 26619K->435K(68544K), 0.0002820 secs]
80.247: [GC (Allocation Failure) 25838K->435K(73664K), 0.0003250 secs]
80.334: [GC (Allocation Failure) 31014K->435K(72704K), 0.0002190 secs]
80.350: [GC (Allocation Failure) 30038K->435K(78656K), 0.0002550 secs]
80.370: [GC (Allocation Failure) 35996K->435K(85824K), 0.0002140 secs]
80.393: [GC (Allocation Failure) 43126K->435K(84288K), 0.0002210 secs]
80.422: [GC (Allocation Failure) 41563K->435K(82816K), 0.0002080 secs]
80.452: [GC (Allocation Failure) 40098K->435K(81408K), 0.0002190 secs]
80.541: [GC (Allocation Failure) 38730K->435K(80064K), 0.0002200 secs]
80.557: [GC (Allocation Failure) 37363K->435K(78784K), 0.0002020 secs]
80.590: [GC (Allocation Failure) 36093K->435K(77568K), 0.0002210 secs]
80.609: [GC (Allocation Failure) 34921K->435K(76416K), 0.0002200 secs]
80.635: [GC (Allocation Failure) 33749K->435K(75328K), 0.0002120 secs]
80.653: [GC (Allocation Failure) 32675K->435K(74304K), 0.0002020 secs]
80.671: [GC (Allocation Failure) 31600K->435K(73280K), 0.0002100 secs]
80.776: [GC (Allocation Failure) 30624K->435K(72320K), 0.0002260 secs]
80.793: [GC (Allocation Failure) 29647K->435K(71424K), 0.0002660 secs]
80.837: [GC (Allocation Failure) 28768K->435K(70528K), 0.0002110 secs]
80.853: [GC (Allocation Failure) 27889K->435K(69696K), 0.0003210 secs]
80.865: [GC (Allocation Failure) 27010K->435K(75072K), 0.0002730 secs]
80.880: [GC (Allocation Failure) 32382K->435K(81472K), 0.0002030 secs]
80.937: [GC (Allocation Failure) 38828K->435K(80128K), 0.0002140 secs]
80.977: [GC (Allocation Failure) 37461K->435K(78848K), 0.0002230 secs]
80.992: [GC (Allocation Failure) 36191K->435K(77632K), 0.0002040 secs]
81.007: [GC (Allocation Failure) 34921K->435K(76480K), 0.0002030 secs]
81.090: [GC (Allocation Failure) 33749K->435K(75392K), 0.0002130 secs]
81.104: [GC (Allocation Failure) 32675K->435K(74368K), 0.0002280 secs]
81.121: [GC (Allocation Failure) 31698K->435K(73344K), 0.0002120 secs]
81.138: [GC (Allocation Failure) 30624K->435K(72384K), 0.0002130 secs]
81.151: [GC (Allocation Failure) 29745K->435K(78272K), 0.0002170 secs]
81.191: [GC (Allocation Failure) 35605K->435K(77120K), 0.0002400 secs]
81.206: [GC (Allocation Failure) 34433K->435K(83968K), 0.0002040 secs]
81.228: [GC (Allocation Failure) 41270K->435K(82560K), 0.0002230 secs]
81.378: [GC (Allocation Failure) 39902K->435K(81216K), 0.0002480 secs]
81.396: [GC (Allocation Failure) 38535K->435K(79936K), 0.0002200 secs]
81.442: [GC (Allocation Failure) 37265K->435K(78656K), 0.0002270 secs]
81.458: [GC (Allocation Failure) 35996K->435K(77440K), 0.0002260 secs]
81.474: [GC (Allocation Failure) 34726K->435K(76288K), 0.0002040 secs]
81.536: [GC (Allocation Failure) 33554K->435K(75200K), 0.0002250 secs]
81.554: [GC (Allocation Failure) 32479K->435K(74176K), 0.0002130 secs]
81.567: [GC (Allocation Failure) 31503K->435K(73152K), 0.0002140 secs]
81.589: [GC (Allocation Failure) 30428K->435K(72192K), 0.0002180 secs]
81.602: [GC (Allocation Failure) 29549K->435K(78016K), 0.0002730 secs]
81.638: [GC (Allocation Failure) 35312K->435K(85056K), 0.0002270 secs]
81.656: [GC (Allocation Failure) 42344K->435K(83584K), 0.0002360 secs]
81.678: [GC (Allocation Failure) 40879K->435K(82176K), 0.0002160 secs]
81.695: [GC (Allocation Failure) 39512K->435K(80832K), 0.0002140 secs]
81.715: [GC (Allocation Failure) 38144K->435K(79552K), 0.0002120 secs]
81.792: [GC (Allocation Failure) 36875K->435K(78336K), 0.0002170 secs]
81.807: [GC (Allocation Failure) 35605K->435K(77184K), 0.0002020 secs]
81.837: [GC (Allocation Failure) 34530K->435K(76032K), 0.0002230 secs]
81.851: [GC (Allocation Failure) 33358K->435K(74944K), 0.0002000 secs]
81.976: [GC (Allocation Failure) 32284K->435K(73920K), 0.0002240 secs]
81.994: [GC (Allocation Failure) 31210K->435K(72960K), 0.0002250 secs]
82.039: [GC (Allocation Failure) 30233K->435K(72000K), 0.0002080 secs]
82.052: [GC (Allocation Failure) 29354K->435K(77824K), 0.0003200 secs]
82.092: [GC (Allocation Failure) 35116K->435K(76672K), 0.0003330 secs]
82.111: [GC (Allocation Failure) 33944K->435K(75584K), 0.0002010 secs]
82.125: [GC (Allocation Failure) 32870K->435K(82112K), 0.0002180 secs]
82.142: [GC (Allocation Failure) 39414K->435K(89920K), 0.0002110 secs]
82.198: [GC (Allocation Failure) 47228K->435K(88192K), 0.0002140 secs]
82.222: [GC (Allocation Failure) 45470K->435K(86592K), 0.0002020 secs]
82.292: [GC (Allocation Failure) 43907K->435K(85056K), 0.0002160 secs]
82.355: [GC (Allocation Failure) 42344K->435K(83584K), 0.0002240 secs]
82.377: [GC (Allocation Failure) 40879K->435K(82176K), 0.0002090 secs]
82.423: [GC (Allocation Failure) 39512K->435K(80832K), 0.0002140 secs]
82.440: [GC (Allocation Failure) 38144K->435K(79552K), 0.0002060 secs]
82.539: [GC (Allocation Failure) 36875K->435K(78336K), 0.0002120 secs]
82.558: [GC (Allocation Failure) 35605K->435K(77184K), 0.0002010 secs]
82.585: [GC (Allocation Failure) 34530K->435K(76032K), 0.0002890 secs]
82.637: [GC (Allocation Failure) 33358K->435K(74944K), 0.0002850 secs]
82.677: [GC (Allocation Failure) 32284K->435K(73920K), 0.0002230 secs]
82.695: [GC (Allocation Failure) 31210K->435K(72960K), 0.0002010 secs]
82.712: [GC (Allocation Failure) 30233K->435K(72000K), 0.0002390 secs]
82.779: [GC (Allocation Failure) 29354K->435K(71104K), 0.0002200 secs]
82.792: [GC (Allocation Failure) 28377K->435K(70272K), 0.0002030 secs]
82.807: [GC (Allocation Failure) 27596K->435K(69440K), 0.0002000 secs]
82.823: [GC (Allocation Failure) 26717K->435K(68672K), 0.0002140 secs]
82.835: [GC (Allocation Failure) 26033K->435K(73792K), 0.0002030 secs]
82.852: [GC (Allocation Failure) 31112K->435K(79936K), 0.0002010 secs]
82.872: [GC (Allocation Failure) 37265K->435K(87360K), 0.0002830 secs]
82.896: [GC (Allocation Failure) 44688K->435K(96256K), 0.0002110 secs]
82.919: [GC (Allocation Failure) 53580K->435K(94272K), 0.0002020 secs]
82.945: [GC (Allocation Failure) 51627K->435K(92352K), 0.0002010 secs]
82.966: [GC (Allocation Failure) 49670K->435K(90496K), 0.0002220 secs]
82.987: [GC (Allocation Failure) 47814K->435K(88768K), 0.0002110 secs]
83.147: [GC (Allocation Failure) 46056K->435K(87104K), 0.0002200 secs]
83.166: [GC (Allocation Failure) 44395K->435K(85504K), 0.0002020 secs]
83.246: [GC (Allocation Failure) 42833K->435K(83968K), 0.0002110 secs]
83.264: [GC (Allocation Failure) 41270K->435K(82560K), 0.0002710 secs]
83.295: [GC (Allocation Failure) 39902K->435K(81216K), 0.0002230 secs]
83.312: [GC (Allocation Failure) 38535K->435K(79936K), 0.0002170 secs]
83.347: [GC (Allocation Failure) 37265K->435K(78656K), 0.0002250 secs]
83.364: [GC (Allocation Failure) 35996K->435K(77440K), 0.0002310 secs]
83.380: [GC (Allocation Failure) 34726K->435K(76288K), 0.0002050 secs]
83.439: [GC (Allocation Failure) 33554K->435K(75200K), 0.0002130 secs]
83.457: [GC (Allocation Failure) 32479K->435K(74176K), 0.0002100 secs]
83.471: [GC (Allocation Failure) 31503K->435K(73152K), 0.0002130 secs]
83.484: [GC (Allocation Failure) 30428K->435K(79168K), 0.0002130 secs]
83.500: [GC (Allocation Failure) 36484K->435K(86400K), 0.0002040 secs]
83.543: [GC (Allocation Failure) 43712K->435K(84864K), 0.0002040 secs]
83.577: [GC (Allocation Failure) 42149K->435K(83392K), 0.0002030 secs]
83.672: [GC (Allocation Failure) 40684K->435K(81984K), 0.0002220 secs]
83.689: [GC (Allocation Failure) 39316K->435K(80640K), 0.0002140 secs]
83.709: [GC (Allocation Failure) 37949K->435K(79360K), 0.0002000 secs]
83.729: [GC (Allocation Failure) 36679K->435K(78144K), 0.0002080 secs]
83.745: [GC (Allocation Failure) 35409K->435K(85184K), 0.0003200 secs]
83.782: [GC (Allocation Failure) 42540K->435K(83712K), 0.0003080 secs]
83.801: [GC (Allocation Failure) 41074K->435K(82304K), 0.0002300 secs]
83.818: [GC (Allocation Failure) 39609K->435K(80960K), 0.0002030 secs]
83.841: [GC (Allocation Failure) 38242K->435K(79680K), 0.0002240 secs]
83.861: [GC (Allocation Failure) 36972K->435K(87040K), 0.0003120 secs]
83.998: [GC (Allocation Failure) 44395K->435K(85440K), 0.0002120 secs]
84.020: [GC (Allocation Failure) 42735K->435K(83968K), 0.0002130 secs]
84.097: [GC (Allocation Failure) 41270K->435K(82560K), 0.0002160 secs]
84.114: [GC (Allocation Failure) 39902K->435K(81216K), 0.0002050 secs]
84.134: [GC (Allocation Failure) 38535K->435K(79936K), 0.0003270 secs]
84.163: [GC (Allocation Failure) 37265K->435K(78656K), 0.0002170 secs]
84.290: [GC (Allocation Failure) 35996K->435K(77440K), 0.0002120 secs]
84.345: [GC (Allocation Failure) 34726K->435K(76288K), 0.0002040 secs]
84.364: [GC (Allocation Failure) 33554K->435K(75200K), 0.0002070 secs]
84.378: [GC (Allocation Failure) 32479K->435K(74176K), 0.0002170 secs]
84.396: [GC (Allocation Failure) 31503K->435K(73152K), 0.0002130 secs]
84.413: [GC (Allocation Failure) 30428K->435K(72192K), 0.0002010 secs]
84.426: [GC (Allocation Failure) 29549K->435K(78016K), 0.0002130 secs]
84.580: [GC (Allocation Failure) 35312K->435K(76864K), 0.0002150 secs]
84.599: [GC (Allocation Failure) 34140K->435K(75776K), 0.0002040 secs]
84.613: [GC (Allocation Failure) 33065K->435K(74688K), 0.0002080 secs]
84.635: [GC (Allocation Failure) 31991K->435K(73664K), 0.0002310 secs]
84.652: [GC (Allocation Failure) 31014K->435K(72704K), 0.0002020 secs]
84.669: [GC (Allocation Failure) 30038K->435K(71808K), 0.0002250 secs]
84.693: [GC (Allocation Failure) 29158K->435K(70912K), 0.0002060 secs]
84.705: [GC (Allocation Failure) 28182K->435K(76480K), 0.0003200 secs]
84.745: [GC (Allocation Failure) 33749K->435K(83200K), 0.0003330 secs]
84.763: [GC (Allocation Failure) 40488K->435K(91264K), 0.0002050 secs]
84.901: [GC (Allocation Failure) 48595K->435K(89472K), 0.0002210 secs]
84.921: [GC (Allocation Failure) 46739K->435K(87808K), 0.0002040 secs]
84.945: [GC (Allocation Failure) 45079K->435K(86208K), 0.0002120 secs]
84.965: [GC (Allocation Failure) 43516K->435K(84672K), 0.0002000 secs]
84.994: [GC (Allocation Failure) 41953K->435K(83200K), 0.0002180 secs]
85.148: [GC (Allocation Failure) 40488K->435K(81792K), 0.0002220 secs]
85.165: [GC (Allocation Failure) 39121K->435K(80448K), 0.0002040 secs]
85.247: [GC (Allocation Failure) 37754K->435K(79168K), 0.0002190 secs]
85.266: [GC (Allocation Failure) 36484K->435K(77952K), 0.0002030 secs]
85.286: [GC (Allocation Failure) 35312K->435K(76800K), 0.0002120 secs]
85.346: [GC (Allocation Failure) 34140K->435K(75712K), 0.0002060 secs]
85.361: [GC (Allocation Failure) 33065K->435K(74624K), 0.0002270 secs]
85.377: [GC (Allocation Failure) 31893K->435K(73600K), 0.0002040 secs]
85.390: [GC (Allocation Failure) 30917K->435K(72640K), 0.0002240 secs]
85.444: [GC (Allocation Failure) 29940K->435K(71744K), 0.0002100 secs]
85.461: [GC (Allocation Failure) 29061K->435K(70848K), 0.0002140 secs]
85.474: [GC (Allocation Failure) 28182K->435K(76416K), 0.0002620 secs]
85.489: [GC (Allocation Failure) 33749K->435K(83136K), 0.0002020 secs]
85.510: [GC (Allocation Failure) 40488K->435K(91200K), 0.0002000 secs]
85.532: [GC (Allocation Failure) 48498K->435K(100864K), 0.0002700 secs]
85.576: [GC (Allocation Failure) 58171K->435K(98624K), 0.0002130 secs]
85.600: [GC (Allocation Failure) 55925K->435K(96512K), 0.0002710 secs]
85.682: [GC (Allocation Failure) 53873K->435K(94464K), 0.0002270 secs]
85.705: [GC (Allocation Failure) 51822K->435K(92544K), 0.0002710 secs]
85.789: [GC (Allocation Failure) 49867K->435K(90688K), 0.0002200 secs]
85.814: [GC (Allocation Failure) 48009K->435K(88960K), 0.0002030 secs]
85.837: [GC (Allocation Failure) 46251K->435K(87296K), 0.0002220 secs]
85.883: [GC (Allocation Failure) 44591K->435K(85696K), 0.0002250 secs]
85.905: [GC (Allocation Failure) 43028K->435K(84160K), 0.0002020 secs]
86.050: [GC (Allocation Failure) 41465K->435K(82688K), 0.0002060 secs]
86.071: [GC (Allocation Failure) 40000K->435K(81344K), 0.0002010 secs]
86.092: [GC (Allocation Failure) 38633K->435K(80000K), 0.0002010 secs]
86.108: [GC (Allocation Failure) 37363K->435K(78720K), 0.0002280 secs]
86.128: [GC (Allocation Failure) 35996K->435K(77504K), 0.0002110 secs]
86.170: [GC (Allocation Failure) 34823K->435K(76352K), 0.0002460 secs]
86.185: [GC (Allocation Failure) 33651K->435K(75264K), 0.0002060 secs]
86.296: [GC (Allocation Failure) 32577K->435K(74240K), 0.0002150 secs]
86.314: [GC (Allocation Failure) 31600K->435K(73216K), 0.0003290 secs]
86.328: [GC (Allocation Failure) 30526K->435K(79296K), 0.0002140 secs]
86.348: [GC (Allocation Failure) 36582K->435K(78080K), 0.0002090 secs]
86.366: [GC (Allocation Failure) 35409K->435K(76928K), 0.0002090 secs]
86.388: [GC (Allocation Failure) 34237K->435K(75840K), 0.0002190 secs]
86.418: [GC (Allocation Failure) 33163K->435K(74752K), 0.0002330 secs]
86.436: [GC (Allocation Failure) 32089K->435K(73728K), 0.0002210 secs]
86.450: [GC (Allocation Failure) 31014K->435K(79872K), 0.0002030 secs]
86.470: [GC (Allocation Failure) 37168K->435K(87232K), 0.0002220 secs]
86.577: [GC (Allocation Failure) 44591K->435K(85632K), 0.0002050 secs]
86.647: [GC (Allocation Failure) 42930K->435K(84096K), 0.0002040 secs]
86.665: [GC (Allocation Failure) 41367K->435K(82624K), 0.0002020 secs]
86.686: [GC (Allocation Failure) 39902K->435K(81280K), 0.0002360 secs]
86.745: [GC (Allocation Failure) 38633K->435K(80000K), 0.0002030 secs]
86.775: [GC (Allocation Failure) 37363K->435K(78720K), 0.0002170 secs]
86.795: [GC (Allocation Failure) 35996K->435K(77504K), 0.0002150 secs]
86.898: [GC (Allocation Failure) 34823K->435K(76352K), 0.0002110 secs]
86.913: [GC (Allocation Failure) 33651K->435K(75264K), 0.0002270 secs]
86.927: [GC (Allocation Failure) 32577K->435K(74240K), 0.0002010 secs]
86.941: [GC (Allocation Failure) 31600K->435K(73216K), 0.0002000 secs]
86.958: [GC (Allocation Failure) 30526K->435K(72256K), 0.0002100 secs]
86.990: [GC (Allocation Failure) 29549K->435K(71360K), 0.0002070 secs]
87.007: [GC (Allocation Failure) 28670K->435K(70464K), 0.0002040 secs]
87.041: [GC (Allocation Failure) 27791K->435K(69632K), 0.0002160 secs]
87.057: [GC (Allocation Failure) 26912K->435K(68864K), 0.0002110 secs]
87.072: [GC (Allocation Failure) 26131K->435K(74048K), 0.0002830 secs]
87.090: [GC (Allocation Failure) 31405K->435K(80256K), 0.0002170 secs]
87.107: [GC (Allocation Failure) 37558K->435K(87744K), 0.0002140 secs]
87.126: [GC (Allocation Failure) 45079K->435K(96704K), 0.0002020 secs]
87.153: [GC (Allocation Failure) 53971K->435K(94656K), 0.0002720 secs]
87.176: [GC (Allocation Failure) 52018K->435K(92736K), 0.0002130 secs]
87.201: [GC (Allocation Failure) 50064K->435K(90880K), 0.0002120 secs]
87.226: [GC (Allocation Failure) 48204K->435K(89152K), 0.0002620 secs]
87.251: [GC (Allocation Failure) 46446K->435K(87488K), 0.0002130 secs]
87.299: [GC (Allocation Failure) 44786K->435K(85888K), 0.0002020 secs]
87.348: [GC (Allocation Failure) 43223K->435K(84352K), 0.0002150 secs]
87.388: [GC (Allocation Failure) 41660K->435K(82880K), 0.0002130 secs]
87.409: [GC (Allocation Failure) 40195K->435K(81472K), 0.0002120 secs]
87.430: [GC (Allocation Failure) 38828K->435K(80128K), 0.0002890 secs]
87.451: [GC (Allocation Failure) 37461K->435K(78848K), 0.0002040 secs]
87.467: [GC (Allocation Failure) 36191K->435K(77632K), 0.0002110 secs]
87.482: [GC (Allocation Failure) 34921K->435K(76480K), 0.0002110 secs]
87.549: [GC (Allocation Failure) 33749K->435K(75392K), 0.0002100 secs]
87.563: [GC (Allocation Failure) 32675K->435K(74368K), 0.0002110 secs]
87.580: [GC (Allocation Failure) 31698K->435K(80640K), 0.0002700 secs]
87.597: [GC (Allocation Failure) 37949K->435K(88192K), 0.0002170 secs]
87.670: [GC (Allocation Failure) 45470K->435K(86592K), 0.0002430 secs]
87.749: [GC (Allocation Failure) 43907K->435K(85056K), 0.0002040 secs]
87.852: [GC (Allocation Failure) 42344K->435K(83584K), 0.0002160 secs]
87.870: [GC (Allocation Failure) 40879K->435K(82176K), 0.0002140 secs]
87.891: [GC (Allocation Failure) 39512K->435K(80832K), 0.0002090 secs]
88.051: [GC (Allocation Failure) 38144K->435K(79552K), 0.0002040 secs]
88.071: [GC (Allocation Failure) 36875K->435K(78336K), 0.0002060 secs]
88.087: [GC (Allocation Failure) 35605K->435K(77184K), 0.0002150 secs]
88.101: [GC (Allocation Failure) 34530K->435K(76032K), 0.0002020 secs]
88.116: [GC (Allocation Failure) 33358K->435K(74944K), 0.0002110 secs]
88.149: [GC (Allocation Failure) 32284K->435K(73920K), 0.0002790 secs]
88.167: [GC (Allocation Failure) 31210K->435K(72960K), 0.0001920 secs]
88.181: [GC (Allocation Failure) 30233K->435K(72000K), 0.0001990 secs]
88.194: [GC (Allocation Failure) 29354K->435K(77824K), 0.0002160 secs]
88.209: [GC (Allocation Failure) 35116K->435K(84800K), 0.0002150 secs]
88.227: [GC (Allocation Failure) 42149K->435K(93184K), 0.0002030 secs]
88.253: [GC (Allocation Failure) 50455K->435K(91328K), 0.0002100 secs]
88.354: [GC (Allocation Failure) 48595K->435K(89536K), 0.0002060 secs]
88.379: [GC (Allocation Failure) 46837K->435K(87872K), 0.0002100 secs]
88.398: [GC (Allocation Failure) 45177K->435K(86272K), 0.0002030 secs]
88.426: [GC (Allocation Failure) 43614K->435K(84736K), 0.0002120 secs]
88.445: [GC (Allocation Failure) 42051K->435K(83264K), 0.0002170 secs]
88.462: [GC (Allocation Failure) 40586K->435K(81856K), 0.0002030 secs]
88.479: [GC (Allocation Failure) 39219K->435K(80512K), 0.0002130 secs]
88.495: [GC (Allocation Failure) 37851K->435K(79232K), 0.0002140 secs]
88.515: [GC (Allocation Failure) 36582K->435K(78016K), 0.0002110 secs]
88.589: [GC (Allocation Failure) 35312K->435K(76864K), 0.0002090 secs]
88.608: [GC (Allocation Failure) 34140K->435K(75776K), 0.0002030 secs]
88.682: [GC (Allocation Failure) 33065K->435K(74688K), 0.0002300 secs]
88.700: [GC (Allocation Failure) 31991K->435K(73664K), 0.0002380 secs]
88.745: [GC (Allocation Failure) 31014K->435K(72704K), 0.0002150 secs]
88.762: [GC (Allocation Failure) 30038K->435K(71808K), 0.0002170 secs]
88.795: [GC (Allocation Failure) 29158K->435K(70912K), 0.0002140 secs]
88.944: [GC (Allocation Failure) 28182K->435K(70080K), 0.0002030 secs]
88.974: [GC (Allocation Failure) 27400K->435K(69248K), 0.0002250 secs]
88.990: [GC (Allocation Failure) 26521K->435K(68480K), 0.0002150 secs]
89.001: [GC (Allocation Failure) 25838K->435K(67712K), 0.0002130 secs]
89.047: [GC (Allocation Failure) 25052K->435K(67008K), 0.0002230 secs]
89.061: [GC (Allocation Failure) 24369K->435K(66304K), 0.0002230 secs]
89.164: [GC (Allocation Failure) 23587K->435K(65664K), 0.0003790 secs]
89.178: [GC (Allocation Failure) 23001K->435K(65024K), 0.0002160 secs]
89.200: [GC (Allocation Failure) 22317K->435K(64448K), 0.0002060 secs]
89.209: [GC (Allocation Failure) 21731K->435K(68736K), 0.0002170 secs]
89.242: [GC (Allocation Failure) 26033K->435K(73920K), 0.0002510 secs]
89.260: [GC (Allocation Failure) 31210K->435K(80128K), 0.0002050 secs]
89.299: [GC (Allocation Failure) 37461K->435K(78848K), 0.0002250 secs]
89.318: [GC (Allocation Failure) 36191K->435K(77632K), 0.0002210 secs]
89.348: [GC (Allocation Failure) 34921K->435K(76480K), 0.0002030 secs]
89.382: [GC (Allocation Failure) 33749K->435K(75392K), 0.0002220 secs]
89.396: [GC (Allocation Failure) 32675K->435K(74368K), 0.0002160 secs]
89.414: [GC (Allocation Failure) 31698K->435K(73344K), 0.0002090 secs]
89.500: [GC (Allocation Failure) 30624K->435K(72384K), 0.0002090 secs]
89.513: [GC (Allocation Failure) 29745K->435K(78272K), 0.0003230 secs]
89.602: [GC (Allocation Failure) 35605K->435K(77120K), 0.0002510 secs]
89.618: [GC (Allocation Failure) 34433K->435K(75968K), 0.0002030 secs]
89.651: [GC (Allocation Failure) 33261K->435K(74880K), 0.0002220 secs]
89.669: [GC (Allocation Failure) 32186K->435K(73856K), 0.0002130 secs]
89.773: [GC (Allocation Failure) 31210K->435K(72896K), 0.0002080 secs]
89.786: [GC (Allocation Failure) 30233K->435K(71936K), 0.0002060 secs]
89.799: [GC (Allocation Failure) 29256K->435K(77760K), 0.0002150 secs]
89.853: [GC (Allocation Failure) 35116K->435K(76608K), 0.0002180 secs]
89.869: [GC (Allocation Failure) 33944K->435K(75520K), 0.0002010 secs]
89.901: [GC (Allocation Failure) 32870K->435K(74496K), 0.0002090 secs]
89.919: [GC (Allocation Failure) 31796K->435K(73472K), 0.0002150 secs]
89.934: [GC (Allocation Failure) 30819K->435K(72512K), 0.0002260 secs]
90.100: [GC (Allocation Failure) 29842K->435K(71616K), 0.0002150 secs]
90.112: [GC (Allocation Failure) 28963K->435K(70720K), 0.0002290 secs]
90.128: [GC (Allocation Failure) 27986K->435K(76288K), 0.0002130 secs]
90.147: [GC (Allocation Failure) 33554K->435K(82944K), 0.0002690 secs]
90.165: [GC (Allocation Failure) 40293K->435K(90944K), 0.0002280 secs]
90.190: [GC (Allocation Failure) 48302K->435K(89216K), 0.0002210 secs]
90.254: [GC (Allocation Failure) 46544K->435K(87552K), 0.0002140 secs]
90.273: [GC (Allocation Failure) 44884K->435K(85952K), 0.0002700 secs]
90.354: [GC (Allocation Failure) 43223K->435K(84416K), 0.0002260 secs]
90.380: [GC (Allocation Failure) 41758K->435K(82944K), 0.0002230 secs]
90.398: [GC (Allocation Failure) 40293K->435K(81536K), 0.0002030 secs]
90.424: [GC (Allocation Failure) 38828K->435K(80192K), 0.0002200 secs]
90.445: [GC (Allocation Failure) 37461K->435K(78912K), 0.0002380 secs]
90.504: [GC (Allocation Failure) 36191K->435K(77696K), 0.0002200 secs]
90.519: [GC (Allocation Failure) 35019K->435K(76544K), 0.0002020 secs]
90.535: [GC (Allocation Failure) 33847K->435K(75456K), 0.0002110 secs]
90.553: [GC (Allocation Failure) 32772K->435K(74432K), 0.0002020 secs]
90.566: [GC (Allocation Failure) 31698K->435K(80704K), 0.0002230 secs]
90.583: [GC (Allocation Failure) 38047K->435K(88256K), 0.0002080 secs]
90.658: [GC (Allocation Failure) 45567K->435K(86592K), 0.0002220 secs]
90.681: [GC (Allocation Failure) 43907K->435K(85056K), 0.0002040 secs]
90.704: [GC (Allocation Failure) 42344K->435K(83584K), 0.0002030 secs]
90.722: [GC (Allocation Failure) 40879K->435K(82176K), 0.0002160 secs]
90.756: [GC (Allocation Failure) 39512K->435K(80832K), 0.0002100 secs]
90.772: [GC (Allocation Failure) 38144K->435K(79552K), 0.0002130 secs]
90.788: [GC (Allocation Failure) 36875K->435K(78336K), 0.0002010 secs]
90.807: [GC (Allocation Failure) 35605K->435K(77184K), 0.0002140 secs]
90.826: [GC (Allocation Failure) 34530K->435K(84032K), 0.0002840 secs]
90.953: [GC (Allocation Failure) 41367K->435K(82624K), 0.0002040 secs]
90.987: [GC (Allocation Failure) 39902K->435K(81280K), 0.0002040 secs]
91.051: [GC (Allocation Failure) 38633K->435K(80000K), 0.0002250 secs]
91.070: [GC (Allocation Failure) 37363K->435K(78720K), 0.0002040 secs]
91.104: [GC (Allocation Failure) 35996K->435K(77504K), 0.0002050 secs]
91.119: [GC (Allocation Failure) 34823K->435K(76352K), 0.0002720 secs]
91.165: [GC (Allocation Failure) 33651K->435K(75264K), 0.0002140 secs]
91.200: [GC (Allocation Failure) 32577K->435K(74240K), 0.0002160 secs]
91.249: [GC (Allocation Failure) 31600K->435K(73216K), 0.0002120 secs]
91.262: [GC (Allocation Failure) 30526K->435K(72256K), 0.0002120 secs]
91.279: [GC (Allocation Failure) 29549K->435K(71360K), 0.0002010 secs]
91.295: [GC (Allocation Failure) 28670K->435K(77056K), 0.0002840 secs]
91.314: [GC (Allocation Failure) 34335K->435K(83904K), 0.0002850 secs]
91.336: [GC (Allocation Failure) 41172K->435K(92096K), 0.0002140 secs]
91.406: [GC (Allocation Failure) 49377K->435K(90304K), 0.0002960 secs]
91.427: [GC (Allocation Failure) 47618K->435K(88576K), 0.0001980 secs]
91.446: [GC (Allocation Failure) 45860K->435K(86912K), 0.0002030 secs]
91.469: [GC (Allocation Failure) 44200K->435K(85312K), 0.0002110 secs]
91.558: [GC (Allocation Failure) 42637K->435K(83840K), 0.0002150 secs]
91.580: [GC (Allocation Failure) 41172K->435K(82432K), 0.0002120 secs]
91.597: [GC (Allocation Failure) 39707K->435K(81088K), 0.0002030 secs]
91.614: [GC (Allocation Failure) 38437K->435K(79808K), 0.0002030 secs]
91.656: [GC (Allocation Failure) 37168K->435K(78592K), 0.0002210 secs]
91.675: [GC (Allocation Failure) 35898K->435K(77376K), 0.0002210 secs]
91.701: [GC (Allocation Failure) 34726K->435K(76224K), 0.0002230 secs]
91.715: [GC (Allocation Failure) 33554K->435K(75136K), 0.0002020 secs]
91.733: [GC (Allocation Failure) 32479K->435K(74112K), 0.0002020 secs]
91.751: [GC (Allocation Failure) 31405K->435K(73152K), 0.0002160 secs]
91.768: [GC (Allocation Failure) 30428K->435K(72192K), 0.0002170 secs]
91.784: [GC (Allocation Failure) 29549K->435K(78016K), 0.0002320 secs]
91.799: [GC (Allocation Failure) 35312K->435K(85056K), 0.0002040 secs]
91.855: [GC (Allocation Failure) 42344K->435K(83584K), 0.0002060 secs]
91.889: [GC (Allocation Failure) 40879K->435K(82176K), 0.0002150 secs]
91.957: [GC (Allocation Failure) 39512K->435K(80832K), 0.0002210 secs]
91.974: [GC (Allocation Failure) 38144K->435K(79552K), 0.0002160 secs]
91.989: [GC (Allocation Failure) 36875K->435K(78336K), 0.0002130 secs]
92.009: [GC (Allocation Failure) 35605K->435K(77184K), 0.0002110 secs]
92.105: [GC (Allocation Failure) 34530K->435K(76032K), 0.0002010 secs]
92.124: [GC (Allocation Failure) 33358K->435K(74944K), 0.0002300 secs]
92.138: [GC (Allocation Failure) 32284K->435K(73920K), 0.0002030 secs]
92.164: [GC (Allocation Failure) 31210K->435K(72960K), 0.0002030 secs]
92.187: [GC (Allocation Failure) 30233K->435K(72000K), 0.0002060 secs]
92.253: [GC (Allocation Failure) 29354K->435K(71104K), 0.0002130 secs]
92.266: [GC (Allocation Failure) 28377K->435K(76736K), 0.0003240 secs]
92.290: [GC (Allocation Failure) 34042K->435K(83520K), 0.0002690 secs]
92.308: [GC (Allocation Failure) 40879K->435K(91648K), 0.0002780 secs]
92.371: [GC (Allocation Failure) 48986K->435K(89856K), 0.0002070 secs]
92.408: [GC (Allocation Failure) 47130K->435K(88128K), 0.0002330 secs]
92.428: [GC (Allocation Failure) 45470K->435K(86528K), 0.0002130 secs]
92.450: [GC (Allocation Failure) 43809K->435K(84992K), 0.0002110 secs]
92.510: [GC (Allocation Failure) 42344K->435K(83520K), 0.0002200 secs]
92.528: [GC (Allocation Failure) 40879K->435K(82112K), 0.0002110 secs]
92.554: [GC (Allocation Failure) 39414K->435K(80768K), 0.0002350 secs]
92.579: [GC (Allocation Failure) 38047K->435K(79488K), 0.0002120 secs]
92.595: [GC (Allocation Failure) 36777K->435K(78272K), 0.0002040 secs]
92.666: [GC (Allocation Failure) 35605K->435K(77120K), 0.0002290 secs]
92.685: [GC (Allocation Failure) 34433K->435K(75968K), 0.0002050 secs]
92.700: [GC (Allocation Failure) 33261K->435K(74880K), 0.0002040 secs]
92.752: [GC (Allocation Failure) 32186K->435K(73856K), 0.0002160 secs]
92.805: [GC (Allocation Failure) 31210K->435K(72896K), 0.0002230 secs]
92.822: [GC (Allocation Failure) 30233K->435K(71936K), 0.0002430 secs]
92.850: [GC (Allocation Failure) 29256K->435K(71040K), 0.0002130 secs]
92.987: [GC (Allocation Failure) 28377K->435K(70208K), 0.0002760 secs]
93.003: [GC (Allocation Failure) 27498K->435K(69376K), 0.0002190 secs]
93.019: [GC (Allocation Failure) 26717K->435K(68608K), 0.0002040 secs]
93.034: [GC (Allocation Failure) 25935K->435K(73728K), 0.0003190 secs]
93.052: [GC (Allocation Failure) 31014K->435K(79872K), 0.0002130 secs]
93.068: [GC (Allocation Failure) 37168K->435K(87232K), 0.0002180 secs]
93.107: [GC (Allocation Failure) 44591K->435K(85632K), 0.0002030 secs]
93.159: [GC (Allocation Failure) 42930K->435K(84096K), 0.0002180 secs]
93.180: [GC (Allocation Failure) 41367K->435K(82624K), 0.0002140 secs]
93.197: [GC (Allocation Failure) 39902K->435K(81280K), 0.0002060 secs]
93.214: [GC (Allocation Failure) 38633K->435K(80000K), 0.0002010 secs]
93.234: [GC (Allocation Failure) 37363K->435K(78720K), 0.0002710 secs]
93.250: [GC (Allocation Failure) 35996K->435K(85888K), 0.0002150 secs]
93.307: [GC (Allocation Failure) 43223K->435K(84352K), 0.0002280 secs]
93.329: [GC (Allocation Failure) 41660K->435K(82880K), 0.0002000 secs]
93.351: [GC (Allocation Failure) 40195K->435K(81472K), 0.0002140 secs]
93.372: [GC (Allocation Failure) 38828K->435K(80128K), 0.0002140 secs]
93.409: [GC (Allocation Failure) 37461K->435K(78848K), 0.0002210 secs]
93.424: [GC (Allocation Failure) 36191K->435K(77632K), 0.0002050 secs]
93.488: [GC (Allocation Failure) 34921K->435K(76480K), 0.0002150 secs]
93.553: [GC (Allocation Failure) 33749K->435K(75392K), 0.0002140 secs]
93.571: [GC (Allocation Failure) 32675K->435K(74368K), 0.0002150 secs]
93.585: [GC (Allocation Failure) 31698K->435K(73344K), 0.0002290 secs]
93.599: [GC (Allocation Failure) 30624K->435K(72384K), 0.0002010 secs]
93.655: [GC (Allocation Failure) 29745K->435K(71488K), 0.0002200 secs]
93.668: [GC (Allocation Failure) 28768K->435K(70592K), 0.0002180 secs]
93.680: [GC (Allocation Failure) 27889K->435K(76096K), 0.0002020 secs]
93.699: [GC (Allocation Failure) 33456K->435K(82752K), 0.0002120 secs]
93.776: [GC (Allocation Failure) 40098K->435K(81344K), 0.0002050 secs]
93.860: [GC (Allocation Failure) 38633K->435K(80000K), 0.0002120 secs]
93.876: [GC (Allocation Failure) 37363K->435K(78720K), 0.0002180 secs]
93.958: [GC (Allocation Failure) 35996K->435K(77504K), 0.0002270 secs]
93.974: [GC (Allocation Failure) 34823K->435K(76352K), 0.0002140 secs]
93.989: [GC (Allocation Failure) 33651K->435K(75264K), 0.0002080 secs]
94.007: [GC (Allocation Failure) 32577K->435K(74240K), 0.0002160 secs]
94.153: [GC (Allocation Failure) 31600K->435K(73216K), 0.0002030 secs]
94.172: [GC (Allocation Failure) 30526K->435K(72256K), 0.0003180 secs]
94.187: [GC (Allocation Failure) 29549K->435K(71360K), 0.0002140 secs]
94.200: [GC (Allocation Failure) 28670K->435K(77056K), 0.0002050 secs]
94.254: [GC (Allocation Failure) 34335K->435K(75904K), 0.0002260 secs]
94.269: [GC (Allocation Failure) 33261K->435K(74816K), 0.0002160 secs]
94.303: [GC (Allocation Failure) 32089K->435K(73792K), 0.0002710 secs]
94.319: [GC (Allocation Failure) 31112K->435K(72832K), 0.0001990 secs]
94.335: [GC (Allocation Failure) 30135K->435K(78784K), 0.0002150 secs]
94.351: [GC (Allocation Failure) 36093K->435K(85952K), 0.0002010 secs]
94.381: [GC (Allocation Failure) 43223K->435K(84416K), 0.0002240 secs]
94.403: [GC (Allocation Failure) 41758K->435K(82944K), 0.0002150 secs]
94.448: [GC (Allocation Failure) 40293K->435K(81536K), 0.0002070 secs]
94.469: [GC (Allocation Failure) 38828K->435K(80192K), 0.0002030 secs]
94.489: [GC (Allocation Failure) 37461K->435K(78912K), 0.0002270 secs]
94.505: [GC (Allocation Failure) 36191K->435K(77696K), 0.0002040 secs]
94.524: [GC (Allocation Failure) 35019K->435K(76544K), 0.0002010 secs]
94.539: [GC (Allocation Failure) 33847K->435K(75456K), 0.0002130 secs]
94.553: [GC (Allocation Failure) 32772K->435K(81984K), 0.0002030 secs]
94.595: [GC (Allocation Failure) 39316K->435K(80640K), 0.0002270 secs]
94.612: [GC (Allocation Failure) 37949K->435K(79360K), 0.0002060 secs]
94.628: [GC (Allocation Failure) 36679K->435K(78144K), 0.0002150 secs]
94.755: [GC (Allocation Failure) 35409K->435K(76992K), 0.0002100 secs]
94.777: [GC (Allocation Failure) 34335K->435K(75904K), 0.0002170 secs]
94.791: [GC (Allocation Failure) 33261K->435K(74816K), 0.0002130 secs]
94.809: [GC (Allocation Failure) 32089K->435K(73792K), 0.0002100 secs]
94.858: [GC (Allocation Failure) 31112K->435K(72832K), 0.0002000 secs]
94.871: [GC (Allocation Failure) 30135K->435K(71872K), 0.0002040 secs]
94.888: [GC (Allocation Failure) 29158K->435K(70976K), 0.0002010 secs]
94.904: [GC (Allocation Failure) 28279K->435K(76608K), 0.0002390 secs]
95.009: [GC (Allocation Failure) 33944K->435K(75520K), 0.0002240 secs]
95.023: [GC (Allocation Failure) 32870K->435K(74496K), 0.0002160 secs]
95.037: [GC (Allocation Failure) 31796K->435K(80832K), 0.0002030 secs]
95.058: [GC (Allocation Failure) 38144K->435K(79552K), 0.0002020 secs]
95.078: [GC (Allocation Failure) 36875K->435K(78336K), 0.0002200 secs]
95.093: [GC (Allocation Failure) 35605K->435K(77184K), 0.0002060 secs]
95.156: [GC (Allocation Failure) 34530K->435K(76032K), 0.0002130 secs]
95.309: [GC (Allocation Failure) 33358K->435K(74944K), 0.0002220 secs]
95.323: [GC (Allocation Failure) 32284K->435K(73920K), 0.0002060 secs]
95.337: [GC (Allocation Failure) 31210K->435K(72960K), 0.0002030 secs]
95.350: [GC (Allocation Failure) 30233K->435K(78976K), 0.0002030 secs]
95.365: [GC (Allocation Failure) 36289K->435K(86208K), 0.0002030 secs]
95.385: [GC (Allocation Failure) 43516K->435K(94848K), 0.0002060 secs]
95.407: [GC (Allocation Failure) 52115K->435K(92928K), 0.0002140 secs]
95.467: [GC (Allocation Failure) 50260K->435K(91072K), 0.0002220 secs]
95.491: [GC (Allocation Failure) 48400K->435K(89280K), 0.0002130 secs]
95.555: [GC (Allocation Failure) 46642K->435K(87616K), 0.0002130 secs]
95.578: [GC (Allocation Failure) 44884K->435K(86016K), 0.0002010 secs]
95.614: [GC (Allocation Failure) 43321K->435K(84480K), 0.0002170 secs]
95.636: [GC (Allocation Failure) 41758K->435K(83008K), 0.0002750 secs]
95.654: [GC (Allocation Failure) 40293K->435K(81600K), 0.0002150 secs]
95.674: [GC (Allocation Failure) 38926K->435K(80256K), 0.0002100 secs]
95.708: [GC (Allocation Failure) 37558K->435K(78976K), 0.0002240 secs]
95.723: [GC (Allocation Failure) 36289K->435K(77760K), 0.0002010 secs]
95.757: [GC (Allocation Failure) 35116K->435K(76608K), 0.0002090 secs]
95.792: [GC (Allocation Failure) 33944K->435K(75520K), 0.0002090 secs]
95.806: [GC (Allocation Failure) 32870K->435K(74496K), 0.0002190 secs]
95.820: [GC (Allocation Failure) 31796K->435K(73472K), 0.0002030 secs]
95.833: [GC (Allocation Failure) 30819K->435K(79552K), 0.0002780 secs]
95.862: [GC (Allocation Failure) 36875K->435K(86848K), 0.0002320 secs]
95.882: [GC (Allocation Failure) 44200K->435K(95616K), 0.0002180 secs]
95.969: [GC (Allocation Failure) 52897K->435K(93632K), 0.0002190 secs]
95.992: [GC (Allocation Failure) 50943K->435K(91776K), 0.0002000 secs]
96.013: [GC (Allocation Failure) 49084K->435K(89984K), 0.0002120 secs]
96.037: [GC (Allocation Failure) 47325K->435K(88256K), 0.0002100 secs]
96.215: [GC (Allocation Failure) 45567K->435K(86592K), 0.0002020 secs]
96.238: [GC (Allocation Failure) 43907K->435K(85056K), 0.0002430 secs]
96.264: [GC (Allocation Failure) 42344K->435K(83584K), 0.0002740 secs]
96.282: [GC (Allocation Failure) 40879K->435K(82176K), 0.0002140 secs]
96.303: [GC (Allocation Failure) 39512K->435K(80832K), 0.0002690 secs]
96.320: [GC (Allocation Failure) 38144K->435K(79552K), 0.0002270 secs]
96.336: [GC (Allocation Failure) 36875K->435K(78336K), 0.0002000 secs]
96.374: [GC (Allocation Failure) 35605K->435K(77184K), 0.0002250 secs]
96.389: [GC (Allocation Failure) 34530K->435K(76032K), 0.0002030 secs]
96.411: [GC (Allocation Failure) 33358K->435K(74944K), 0.0002810 secs]
96.426: [GC (Allocation Failure) 32284K->435K(81344K), 0.0002320 secs]
96.443: [GC (Allocation Failure) 38633K->435K(89024K), 0.0002730 secs]
96.503: [GC (Allocation Failure) 46349K->435K(87360K), 0.0002390 secs]
96.526: [GC (Allocation Failure) 44688K->435K(85760K), 0.0002120 secs]
96.545: [GC (Allocation Failure) 43028K->435K(84224K), 0.0002030 secs]
96.563: [GC (Allocation Failure) 41563K->435K(82752K), 0.0002110 secs]
96.585: [GC (Allocation Failure) 40098K->435K(81344K), 0.0002220 secs]
96.606: [GC (Allocation Failure) 38633K->435K(80000K), 0.0002130 secs]
96.622: [GC (Allocation Failure) 37363K->435K(78720K), 0.0002090 secs]
96.670: [GC (Allocation Failure) 35996K->435K(77504K), 0.0002240 secs]
96.685: [GC (Allocation Failure) 34823K->435K(76352K), 0.0002070 secs]
96.704: [GC (Allocation Failure) 33651K->435K(75264K), 0.0002150 secs]
96.761: [GC (Allocation Failure) 32577K->435K(74240K), 0.0002160 secs]
96.779: [GC (Allocation Failure) 31600K->435K(73216K), 0.0002200 secs]
96.860: [GC (Allocation Failure) 30526K->435K(72256K), 0.0002210 secs]
96.873: [GC (Allocation Failure) 29549K->435K(71360K), 0.0002180 secs]
96.886: [GC (Allocation Failure) 28670K->435K(77056K), 0.0002050 secs]
96.900: [GC (Allocation Failure) 34335K->435K(83904K), 0.0002030 secs]
96.977: [GC (Allocation Failure) 41172K->435K(82496K), 0.0002190 secs]
97.027: [GC (Allocation Failure) 39805K->435K(81152K), 0.0002220 secs]
97.048: [GC (Allocation Failure) 38437K->435K(79872K), 0.0002090 secs]
97.064: [GC (Allocation Failure) 37168K->435K(78656K), 0.0002240 secs]
97.084: [GC (Allocation Failure) 35996K->435K(77440K), 0.0002680 secs]
97.103: [GC (Allocation Failure) 34726K->435K(76288K), 0.0002190 secs]
97.121: [GC (Allocation Failure) 33554K->435K(82944K), 0.0002830 secs]
97.139: [GC (Allocation Failure) 40293K->435K(90944K), 0.0002140 secs]
97.165: [GC (Allocation Failure) 48302K->435K(89216K), 0.0002020 secs]
97.214: [GC (Allocation Failure) 46544K->435K(87552K), 0.0002170 secs]
97.413: [GC (Allocation Failure) 44884K->435K(85952K), 0.0002060 secs]
97.466: [GC (Allocation Failure) 43223K->435K(84416K), 0.0002230 secs]
97.488: [GC (Allocation Failure) 41758K->435K(82944K), 0.0002030 secs]
97.506: [GC (Allocation Failure) 40293K->435K(81536K), 0.0002050 secs]
97.661: [GC (Allocation Failure) 38828K->435K(80192K), 0.0002160 secs]
97.714: [GC (Allocation Failure) 37461K->435K(78912K), 0.0002720 secs]
97.730: [GC (Allocation Failure) 36191K->435K(77696K), 0.0002220 secs]
97.749: [GC (Allocation Failure) 35019K->435K(76544K), 0.0002010 secs]
97.764: [GC (Allocation Failure) 33847K->435K(75456K), 0.0002020 secs]
97.794: [GC (Allocation Failure) 32772K->435K(74432K), 0.0002040 secs]
97.908: [GC (Allocation Failure) 31698K->435K(73408K), 0.0002290 secs]
97.926: [GC (Allocation Failure) 30721K->435K(72448K), 0.0002730 secs]
97.939: [GC (Allocation Failure) 29745K->435K(71552K), 0.0002280 secs]
97.952: [GC (Allocation Failure) 28865K->435K(77248K), 0.0002040 secs]
97.966: [GC (Allocation Failure) 34530K->435K(84096K), 0.0002020 secs]
97.984: [GC (Allocation Failure) 41367K->435K(92352K), 0.0002140 secs]
98.010: [GC (Allocation Failure) 49670K->435K(102208K), 0.0002220 secs]
98.074: [GC (Allocation Failure) 59538K->435K(99904K), 0.0002380 secs]
98.103: [GC (Allocation Failure) 57194K->435K(97728K), 0.0002220 secs]
98.174: [GC (Allocation Failure) 55046K->435K(95680K), 0.0002060 secs]
98.203: [GC (Allocation Failure) 52994K->435K(93696K), 0.0002180 secs]
98.228: [GC (Allocation Failure) 51041K->435K(91840K), 0.0002030 secs]
98.270: [GC (Allocation Failure) 49181K->435K(90048K), 0.0002030 secs]
98.291: [GC (Allocation Failure) 47325K->435K(88320K), 0.0002160 secs]
98.319: [GC (Allocation Failure) 45665K->435K(86656K), 0.0002240 secs]
98.339: [GC (Allocation Failure) 44005K->435K(85120K), 0.0002230 secs]
98.360: [GC (Allocation Failure) 42442K->435K(83648K), 0.0002260 secs]
98.378: [GC (Allocation Failure) 40977K->435K(82240K), 0.0002130 secs]
98.399: [GC (Allocation Failure) 39512K->435K(80896K), 0.0002120 secs]
98.423: [GC (Allocation Failure) 38242K->435K(79616K), 0.0002140 secs]
98.446: [GC (Allocation Failure) 36972K->435K(78400K), 0.0002310 secs]
98.462: [GC (Allocation Failure) 35702K->435K(77248K), 0.0002030 secs]
98.510: [GC (Allocation Failure) 34530K->435K(76096K), 0.0002110 secs]
98.525: [GC (Allocation Failure) 33456K->435K(75008K), 0.0002020 secs]
98.543: [GC (Allocation Failure) 32284K->435K(73984K), 0.0002070 secs]
98.559: [GC (Allocation Failure) 31307K->435K(73024K), 0.0002110 secs]
98.576: [GC (Allocation Failure) 30331K->435K(72064K), 0.0002010 secs]
98.589: [GC (Allocation Failure) 29354K->435K(77888K), 0.0002290 secs]
98.608: [GC (Allocation Failure) 35214K->435K(84864K), 0.0002210 secs]
98.668: [GC (Allocation Failure) 42149K->435K(83392K), 0.0002160 secs]
98.685: [GC (Allocation Failure) 40684K->435K(81984K), 0.0002170 secs]
98.780: [GC (Allocation Failure) 39316K->435K(80640K), 0.0002260 secs]
98.797: [GC (Allocation Failure) 37949K->435K(79360K), 0.0002160 secs]
98.813: [GC (Allocation Failure) 36679K->435K(78144K), 0.0002010 secs]
98.832: [GC (Allocation Failure) 35409K->435K(76992K), 0.0001990 secs]
98.851: [GC (Allocation Failure) 34335K->435K(75904K), 0.0002110 secs]
98.865: [GC (Allocation Failure) 33261K->435K(74816K), 0.0002160 secs]
98.883: [GC (Allocation Failure) 32089K->435K(73792K), 0.0002100 secs]
98.897: [GC (Allocation Failure) 31112K->435K(79936K), 0.0002170 secs]
98.962: [GC (Allocation Failure) 37265K->435K(78656K), 0.0002240 secs]
98.981: [GC (Allocation Failure) 35996K->435K(77440K), 0.0001950 secs]
99.000: [GC (Allocation Failure) 34726K->435K(76288K), 0.0002190 secs]
99.018: [GC (Allocation Failure) 33554K->435K(75200K), 0.0002030 secs]
99.032: [GC (Allocation Failure) 32479K->435K(81664K), 0.0002150 secs]
99.067: [GC (Allocation Failure) 39023K->435K(80320K), 0.0002250 secs]
99.089: [GC (Allocation Failure) 37656K->435K(79040K), 0.0002300 secs]
99.105: [GC (Allocation Failure) 36386K->435K(77824K), 0.0002120 secs]
99.163: [GC (Allocation Failure) 35116K->435K(76672K), 0.0002130 secs]
99.181: [GC (Allocation Failure) 33944K->435K(83392K), 0.0003340 secs]
99.199: [GC (Allocation Failure) 40684K->435K(91456K), 0.0002040 secs]
99.220: [GC (Allocation Failure) 48791K->435K(89664K), 0.0002020 secs]
99.244: [GC (Allocation Failure) 46935K->435K(87936K), 0.0002210 secs]
99.270: [GC (Allocation Failure) 45274K->435K(86336K), 0.0002110 secs]
99.289: [GC (Allocation Failure) 43614K->435K(84800K), 0.0002760 secs]
99.319: [GC (Allocation Failure) 42149K->435K(83328K), 0.0002240 secs]
99.338: [GC (Allocation Failure) 40684K->435K(81920K), 0.0002180 secs]
99.402: [GC (Allocation Failure) 39219K->435K(80576K), 0.0002160 secs]
99.423: [GC (Allocation Failure) 37851K->435K(79296K), 0.0002130 secs]
99.466: [GC (Allocation Failure) 36582K->435K(78080K), 0.0002060 secs]
99.482: [GC (Allocation Failure) 35409K->435K(76928K), 0.0002020 secs]
99.516: [GC (Allocation Failure) 34237K->435K(75840K), 0.0002140 secs]
99.534: [GC (Allocation Failure) 33163K->435K(74752K), 0.0002030 secs]
99.548: [GC (Allocation Failure) 32089K->435K(73728K), 0.0002240 secs]
99.561: [GC (Allocation Failure) 31014K->435K(79872K), 0.0002040 secs]
99.663: [GC (Allocation Failure) 37168K->435K(78656K), 0.0002140 secs]
99.683: [GC (Allocation Failure) 35996K->435K(77440K), 0.0002010 secs]
99.701: [GC (Allocation Failure) 34726K->435K(76288K), 0.0002080 secs]
99.720: [GC (Allocation Failure) 33554K->435K(75200K), 0.0002090 secs]
99.761: [GC (Allocation Failure) 32479K->435K(74176K), 0.0002260 secs]
99.779: [GC (Allocation Failure) 31503K->435K(73152K), 0.0002100 secs]
99.814: [GC (Allocation Failure) 30428K->435K(72192K), 0.0002160 secs]
99.835: [GC (Allocation Failure) 29549K->435K(71296K), 0.0002030 secs]
99.851: [GC (Allocation Failure) 28572K->435K(70400K), 0.0002690 secs]
99.867: [GC (Allocation Failure) 27693K->435K(75904K), 0.0002100 secs]
99.881: [GC (Allocation Failure) 33261K->435K(82496K), 0.0002170 secs]
99.899: [GC (Allocation Failure) 39805K->435K(90432K), 0.0002010 secs]
99.968: [GC (Allocation Failure) 47716K->435K(88704K), 0.0002010 secs]
100.018: [GC (Allocation Failure) 46056K->435K(87040K), 0.0002010 secs]
100.071: [GC (Allocation Failure) 44395K->435K(85440K), 0.0002120 secs]
100.093: [GC (Allocation Failure) 42735K->435K(83968K), 0.0001990 secs]
100.111: [GC (Allocation Failure) 41270K->435K(82560K), 0.0002120 secs]
100.133: [GC (Allocation Failure) 39902K->435K(81216K), 0.0002120 secs]
100.150: [GC (Allocation Failure) 38535K->435K(79936K), 0.0002150 secs]
100.166: [GC (Allocation Failure) 37265K->435K(78656K), 0.0002140 secs]
100.202: [GC (Allocation Failure) 35996K->435K(77440K), 0.0002120 secs]
100.221: [GC (Allocation Failure) 34726K->435K(76288K), 0.0002050 secs]
100.239: [GC (Allocation Failure) 33554K->435K(75200K), 0.0002040 secs]
100.254: [GC (Allocation Failure) 32479K->435K(74176K), 0.0002180 secs]
100.296: [GC (Allocation Failure) 31503K->435K(73152K), 0.0002190 secs]
100.355: [GC (Allocation Failure) 30428K->435K(72192K), 0.0002230 secs]
100.368: [GC (Allocation Failure) 29549K->435K(71296K), 0.0002020 secs]
100.386: [GC (Allocation Failure) 28572K->435K(70400K), 0.0002140 secs]
100.411: [GC (Allocation Failure) 27693K->435K(69568K), 0.0002160 secs]
100.430: [GC (Allocation Failure) 26912K->435K(68800K), 0.0002290 secs]
100.510: [GC (Allocation Failure) 26131K->435K(68032K), 0.0002710 secs]
100.521: [GC (Allocation Failure) 25349K->435K(67328K), 0.0002040 secs]
100.563: [GC (Allocation Failure) 24662K->435K(66624K), 0.0002160 secs]
100.578: [GC (Allocation Failure) 23978K->435K(65984K), 0.0002290 secs]
100.590: [GC (Allocation Failure) 23294K->435K(70592K), 0.0002680 secs]
100.611: [GC (Allocation Failure) 27889K->435K(76096K), 0.0002140 secs]
100.629: [GC (Allocation Failure) 33456K->435K(82752K), 0.0002140 secs]
100.646: [GC (Allocation Failure) 40098K->435K(90688K), 0.0002000 secs]
100.667: [GC (Allocation Failure) 48009K->435K(100224K), 0.0002030 secs]
100.707: [GC (Allocation Failure) 57585K->435K(98048K), 0.0002140 secs]
100.735: [GC (Allocation Failure) 55339K->435K(95936K), 0.0002020 secs]
100.825: [GC (Allocation Failure) 53287K->435K(93952K), 0.0002080 secs]
100.847: [GC (Allocation Failure) 51236K->435K(92032K), 0.0002140 secs]
100.868: [GC (Allocation Failure) 49377K->435K(90240K), 0.0002020 secs]
100.893: [GC (Allocation Failure) 47521K->435K(88512K), 0.0002010 secs]
100.917: [GC (Allocation Failure) 45860K->435K(86848K), 0.0002110 secs]
100.936: [GC (Allocation Failure) 44200K->435K(85312K), 0.0002050 secs]
100.958: [GC (Allocation Failure) 42637K->435K(83840K), 0.0002220 secs]
101.117: [GC (Allocation Failure) 41172K->435K(82432K), 0.0002140 secs]
101.166: [GC (Allocation Failure) 39707K->435K(81088K), 0.0002110 secs]
101.183: [GC (Allocation Failure) 38437K->435K(79808K), 0.0002130 secs]
101.203: [GC (Allocation Failure) 37168K->435K(78592K), 0.0002080 secs]
101.222: [GC (Allocation Failure) 35898K->435K(77376K), 0.0002200 secs]
101.264: [GC (Allocation Failure) 34726K->435K(76224K), 0.0002020 secs]
101.381: [GC (Allocation Failure) 33554K->435K(75136K), 0.0002260 secs]
101.398: [GC (Allocation Failure) 32479K->435K(74112K), 0.0002170 secs]
101.440: [GC (Allocation Failure) 31405K->435K(73152K), 0.0002290 secs]
101.458: [GC (Allocation Failure) 30428K->435K(72192K), 0.0002850 secs]
101.516: [GC (Allocation Failure) 29549K->435K(71296K), 0.0002040 secs]
101.529: [GC (Allocation Failure) 28572K->435K(76992K), 0.0003210 secs]
101.568: [GC (Allocation Failure) 34335K->435K(75904K), 0.0002190 secs]
101.583: [GC (Allocation Failure) 33261K->435K(82496K), 0.0002140 secs]
101.668: [GC (Allocation Failure) 39805K->435K(81152K), 0.0002050 secs]
101.721: [GC (Allocation Failure) 38437K->435K(79872K), 0.0002120 secs]
101.737: [GC (Allocation Failure) 37168K->435K(78656K), 0.0002040 secs]
101.756: [GC (Allocation Failure) 35996K->435K(77440K), 0.0002120 secs]
101.776: [GC (Allocation Failure) 34726K->435K(76288K), 0.0002230 secs]
101.799: [GC (Allocation Failure) 33554K->435K(75200K), 0.0002080 secs]
101.868: [GC (Allocation Failure) 32479K->435K(74176K), 0.0002130 secs]
101.882: [GC (Allocation Failure) 31503K->435K(73152K), 0.0002050 secs]
101.900: [GC (Allocation Failure) 30428K->435K(72192K), 0.0002080 secs]
101.913: [GC (Allocation Failure) 29549K->435K(78016K), 0.0002190 secs]
101.970: [GC (Allocation Failure) 35312K->435K(76864K), 0.0002230 secs]
101.989: [GC (Allocation Failure) 34140K->435K(75776K), 0.0002140 secs]
102.003: [GC (Allocation Failure) 33065K->435K(74688K), 0.0002010 secs]
102.064: [GC (Allocation Failure) 31991K->435K(73664K), 0.0002130 secs]
102.077: [GC (Allocation Failure) 31014K->435K(72704K), 0.0002130 secs]
102.113: [GC (Allocation Failure) 30038K->435K(71808K), 0.0002050 secs]
102.175: [GC (Allocation Failure) 29158K->435K(70912K), 0.0002380 secs]
102.188: [GC (Allocation Failure) 28182K->435K(70080K), 0.0002690 secs]
102.204: [GC (Allocation Failure) 27400K->435K(75520K), 0.0002150 secs]
102.219: [GC (Allocation Failure) 32870K->435K(82048K), 0.0002140 secs]
102.268: [GC (Allocation Failure) 39316K->435K(80704K), 0.0002120 secs]
102.321: [GC (Allocation Failure) 38047K->435K(79424K), 0.0002230 secs]
102.338: [GC (Allocation Failure) 36777K->435K(78208K), 0.0002170 secs]
102.367: [GC (Allocation Failure) 35507K->435K(77056K), 0.0002290 secs]
102.382: [GC (Allocation Failure) 34335K->435K(75904K), 0.0002030 secs]
102.416: [GC (Allocation Failure) 33261K->435K(74816K), 0.0002080 secs]
102.445: [GC (Allocation Failure) 32089K->435K(73792K), 0.0002290 secs]
102.462: [GC (Allocation Failure) 31112K->435K(72832K), 0.0002060 secs]
102.476: [GC (Allocation Failure) 30135K->435K(71872K), 0.0002160 secs]
102.568: [GC (Allocation Failure) 29158K->435K(70976K), 0.0002390 secs]
102.585: [GC (Allocation Failure) 28279K->435K(76608K), 0.0004540 secs]
102.604: [GC (Allocation Failure) 33944K->435K(83328K), 0.0002090 secs]
102.672: [GC (Allocation Failure) 40684K->435K(81920K), 0.0002050 secs]
102.692: [GC (Allocation Failure) 39219K->435K(80576K), 0.0002030 secs]
102.713: [GC (Allocation Failure) 37851K->435K(79296K), 0.0002110 secs]
102.778: [GC (Allocation Failure) 36582K->435K(78080K), 0.0002090 secs]
102.794: [GC (Allocation Failure) 35409K->435K(76928K), 0.0002750 secs]
102.817: [GC (Allocation Failure) 34237K->435K(75840K), 0.0002260 secs]
102.831: [GC (Allocation Failure) 33163K->435K(74752K), 0.0002030 secs]
102.849: [GC (Allocation Failure) 32089K->435K(73728K), 0.0002100 secs]
102.867: [GC (Allocation Failure) 31014K->435K(79872K), 0.0002150 secs]
102.918: [GC (Allocation Failure) 37168K->435K(78656K), 0.0002150 secs]
102.937: [GC (Allocation Failure) 35996K->435K(77440K), 0.0001990 secs]
102.971: [GC (Allocation Failure) 34726K->435K(76288K), 0.0002010 secs]
102.986: [GC (Allocation Failure) 33554K->435K(82944K), 0.0003030 secs]
103.003: [GC (Allocation Failure) 40293K->435K(90944K), 0.0002150 secs]
103.028: [GC (Allocation Failure) 48302K->435K(89216K), 0.0002210 secs]
103.110: [GC (Allocation Failure) 46544K->435K(87552K), 0.0002120 secs]
103.133: [GC (Allocation Failure) 44884K->435K(85952K), 0.0002070 secs]
103.152: [GC (Allocation Failure) 43223K->435K(84416K), 0.0002120 secs]
103.170: [GC (Allocation Failure) 41758K->435K(82944K), 0.0002030 secs]
103.191: [GC (Allocation Failure) 40293K->435K(81536K), 0.0002080 secs]
103.273: [GC (Allocation Failure) 38828K->435K(80192K), 0.0002020 secs]
103.293: [GC (Allocation Failure) 37461K->435K(78912K), 0.0002020 secs]
103.309: [GC (Allocation Failure) 36191K->435K(77696K), 0.0002140 secs]
103.327: [GC (Allocation Failure) 35019K->435K(76544K), 0.0002100 secs]
103.357: [GC (Allocation Failure) 33847K->435K(75456K), 0.0002100 secs]
103.376: [GC (Allocation Failure) 32772K->435K(74432K), 0.0002110 secs]
103.390: [GC (Allocation Failure) 31698K->435K(73408K), 0.0002150 secs]
103.416: [GC (Allocation Failure) 30721K->435K(72448K), 0.0002170 secs]
103.469: [GC (Allocation Failure) 29745K->435K(71552K), 0.0002210 secs]
103.486: [GC (Allocation Failure) 28865K->435K(70656K), 0.0002210 secs]
103.515: [GC (Allocation Failure) 27986K->435K(69824K), 0.0002040 secs]
103.568: [GC (Allocation Failure) 27107K->435K(68992K), 0.0002200 secs]
103.584: [GC (Allocation Failure) 26326K->435K(68224K), 0.0002080 secs]
103.717: [GC (Allocation Failure) 25545K->435K(67520K), 0.0002040 secs]
103.728: [GC (Allocation Failure) 24857K->435K(66816K), 0.0002020 secs]
103.767: [GC (Allocation Failure) 24173K->435K(66112K), 0.0002190 secs]
103.782: [GC (Allocation Failure) 23392K->435K(65472K), 0.0002380 secs]
103.799: [GC (Allocation Failure) 22806K->435K(64832K), 0.0002290 secs]
103.808: [GC (Allocation Failure) 22122K->435K(69184K), 0.0002090 secs]
103.868: [GC (Allocation Failure) 26521K->435K(68416K), 0.0002140 secs]
103.884: [GC (Allocation Failure) 25740K->435K(73536K), 0.0002030 secs]
103.975: [GC (Allocation Failure) 30819K->435K(72576K), 0.0002080 secs]
103.993: [GC (Allocation Failure) 29842K->435K(71680K), 0.0002010 secs]
104.070: [GC (Allocation Failure) 28963K->435K(70784K), 0.0002040 secs]
104.086: [GC (Allocation Failure) 28084K->435K(69952K), 0.0002400 secs]
104.119: [GC (Allocation Failure) 27303K->435K(69120K), 0.0002110 secs]
104.131: [GC (Allocation Failure) 26424K->435K(68352K), 0.0002270 secs]
104.146: [GC (Allocation Failure) 25642K->435K(73408K), 0.0002710 secs]
104.159: [GC (Allocation Failure) 30721K->435K(79488K), 0.0002130 secs]
104.179: [GC (Allocation Failure) 36777K->435K(86784K), 0.0003480 secs]
104.206: [GC (Allocation Failure) 44102K->435K(95552K), 0.0002350 secs]
104.326: [GC (Allocation Failure) 52897K->435K(93568K), 0.0002150 secs]
104.353: [GC (Allocation Failure) 50846K->435K(91712K), 0.0002140 secs]
104.378: [GC (Allocation Failure) 48986K->435K(89920K), 0.0002110 secs]
104.428: [GC (Allocation Failure) 47228K->435K(88192K), 0.0002130 secs]
104.452: [GC (Allocation Failure) 45470K->435K(86592K), 0.0002100 secs]
104.477: [GC (Allocation Failure) 43907K->435K(85056K), 0.0002010 secs]
104.499: [GC (Allocation Failure) 42344K->435K(83584K), 0.0002000 secs]
104.522: [GC (Allocation Failure) 40879K->435K(82176K), 0.0002120 secs]
104.542: [GC (Allocation Failure) 39512K->435K(80832K), 0.0002130 secs]
104.559: [GC (Allocation Failure) 38144K->435K(79552K), 0.0002010 secs]
104.575: [GC (Allocation Failure) 36875K->435K(78336K), 0.0002020 secs]
104.624: [GC (Allocation Failure) 35605K->435K(77184K), 0.0002220 secs]
104.643: [GC (Allocation Failure) 34530K->435K(76032K), 0.0002010 secs]
104.661: [GC (Allocation Failure) 33358K->435K(74944K), 0.0002240 secs]
104.675: [GC (Allocation Failure) 32284K->435K(73920K), 0.0002020 secs]
104.722: [GC (Allocation Failure) 31210K->435K(72960K), 0.0002220 secs]
104.739: [GC (Allocation Failure) 30233K->435K(72000K), 0.0002010 secs]
104.752: [GC (Allocation Failure) 29354K->435K(77824K), 0.0002260 secs]
104.767: [GC (Allocation Failure) 35116K->435K(84800K), 0.0002140 secs]
104.785: [GC (Allocation Failure) 42149K->435K(93184K), 0.0002020 secs]
104.811: [GC (Allocation Failure) 50455K->435K(91328K), 0.0001990 secs]
104.836: [GC (Allocation Failure) 48595K->435K(89536K), 0.0002120 secs]
104.860: [GC (Allocation Failure) 46837K->435K(87872K), 0.0001990 secs]
104.928: [GC (Allocation Failure) 45177K->435K(86272K), 0.0002050 secs]
104.947: [GC (Allocation Failure) 43614K->435K(84736K), 0.0002120 secs]
104.977: [GC (Allocation Failure) 42051K->435K(83264K), 0.0002100 secs]
104.999: [GC (Allocation Failure) 40586K->435K(81856K), 0.0002140 secs]
105.020: [GC (Allocation Failure) 39219K->435K(80512K), 0.0002120 secs]
105.040: [GC (Allocation Failure) 37851K->435K(79232K), 0.0002090 secs]
105.109: [GC (Allocation Failure) 36582K->435K(78016K), 0.0002010 secs]
105.128: [GC (Allocation Failure) 35312K->435K(76864K), 0.0002010 secs]
105.170: [GC (Allocation Failure) 34140K->435K(75776K), 0.0002150 secs]
105.188: [GC (Allocation Failure) 33065K->435K(74688K), 0.0002010 secs]
105.205: [GC (Allocation Failure) 31991K->435K(73664K), 0.0002150 secs]
105.223: [GC (Allocation Failure) 31014K->435K(72704K), 0.0002100 secs]
105.268: [GC (Allocation Failure) 30038K->435K(71808K), 0.0002130 secs]
105.284: [GC (Allocation Failure) 29158K->435K(70912K), 0.0002120 secs]
105.297: [GC (Allocation Failure) 28182K->435K(70080K), 0.0002180 secs]
105.313: [GC (Allocation Failure) 27400K->435K(75520K), 0.0002130 secs]
105.327: [GC (Allocation Failure) 32870K->435K(82048K), 0.0002100 secs]
105.348: [GC (Allocation Failure) 39316K->435K(89856K), 0.0002100 secs]
105.380: [GC (Allocation Failure) 47130K->435K(88128K), 0.0002210 secs]
105.405: [GC (Allocation Failure) 45470K->435K(86528K), 0.0003400 secs]
105.425: [GC (Allocation Failure) 43809K->435K(84992K), 0.0002210 secs]
105.444: [GC (Allocation Failure) 42344K->435K(83520K), 0.0002050 secs]
105.477: [GC (Allocation Failure) 40879K->435K(82112K), 0.0002110 secs]
105.498: [GC (Allocation Failure) 39414K->435K(80768K), 0.0002100 secs]
105.519: [GC (Allocation Failure) 38047K->435K(79488K), 0.0002090 secs]
105.536: [GC (Allocation Failure) 36777K->435K(78272K), 0.0002280 secs]
105.555: [GC (Allocation Failure) 35605K->435K(77120K), 0.0002120 secs]
105.573: [GC (Allocation Failure) 34433K->435K(83968K), 0.0003230 secs]
105.627: [GC (Allocation Failure) 41270K->435K(82560K), 0.0002140 secs]
105.645: [GC (Allocation Failure) 39902K->435K(81216K), 0.0002190 secs]
105.671: [GC (Allocation Failure) 38535K->435K(79936K), 0.0002250 secs]
105.692: [GC (Allocation Failure) 37265K->435K(78656K), 0.0002120 secs]
105.708: [GC (Allocation Failure) 35996K->435K(77440K), 0.0002030 secs]
105.775: [GC (Allocation Failure) 34726K->435K(76288K), 0.0002170 secs]
105.794: [GC (Allocation Failure) 33554K->435K(75200K), 0.0002150 secs]
105.874: [GC (Allocation Failure) 32479K->435K(74176K), 0.0002160 secs]
105.888: [GC (Allocation Failure) 31503K->435K(73152K), 0.0002010 secs]
105.901: [GC (Allocation Failure) 30428K->435K(72192K), 0.0002040 secs]
105.919: [GC (Allocation Failure) 29549K->435K(71296K), 0.0002160 secs]
106.068: [GC (Allocation Failure) 28572K->435K(70400K), 0.0002260 secs]
106.081: [GC (Allocation Failure) 27693K->435K(69568K), 0.0002030 secs]
106.092: [GC (Allocation Failure) 26912K->435K(74880K), 0.0002140 secs]
106.164: [GC (Allocation Failure) 32186K->435K(73856K), 0.0002030 secs]
106.207: [GC (Allocation Failure) 31210K->435K(72896K), 0.0002070 secs]
106.224: [GC (Allocation Failure) 30233K->435K(71936K), 0.0002020 secs]
106.301: [GC (Allocation Failure) 29256K->435K(71040K), 0.0002050 secs]
106.331: [GC (Allocation Failure) 28377K->435K(70208K), 0.0002130 secs]
106.343: [GC (Allocation Failure) 27498K->435K(69376K), 0.0002020 secs]
106.368: [GC (Allocation Failure) 26717K->435K(68608K), 0.0002070 secs]
106.380: [GC (Allocation Failure) 25935K->435K(67840K), 0.0002040 secs]
106.391: [GC (Allocation Failure) 25150K->435K(72832K), 0.0002010 secs]
106.408: [GC (Allocation Failure) 30135K->435K(78784K), 0.0002650 secs]
106.428: [GC (Allocation Failure) 36093K->435K(85952K), 0.0002110 secs]
106.475: [GC (Allocation Failure) 43223K->435K(84416K), 0.0002030 secs]
106.577: [GC (Allocation Failure) 41758K->435K(82944K), 0.0002170 secs]
106.620: [GC (Allocation Failure) 40293K->435K(81536K), 0.0002260 secs]
106.641: [GC (Allocation Failure) 38828K->435K(80192K), 0.0002740 secs]
106.661: [GC (Allocation Failure) 37461K->435K(78912K), 0.0002180 secs]
106.677: [GC (Allocation Failure) 36191K->435K(77696K), 0.0002200 secs]
106.696: [GC (Allocation Failure) 35019K->435K(76544K), 0.0001990 secs]
106.711: [GC (Allocation Failure) 33847K->435K(75456K), 0.0002120 secs]
106.775: [GC (Allocation Failure) 32772K->435K(74432K), 0.0002400 secs]
106.789: [GC (Allocation Failure) 31698K->435K(73408K), 0.0002050 secs]
106.807: [GC (Allocation Failure) 30721K->435K(72448K), 0.0002000 secs]
106.820: [GC (Allocation Failure) 29745K->435K(78336K), 0.0002290 secs]
106.839: [GC (Allocation Failure) 35605K->435K(85440K), 0.0002110 secs]
106.926: [GC (Allocation Failure) 42735K->435K(83968K), 0.0002140 secs]
106.947: [GC (Allocation Failure) 41270K->435K(82560K), 0.0002000 secs]
106.965: [GC (Allocation Failure) 39902K->435K(81216K), 0.0002250 secs]
106.986: [GC (Allocation Failure) 38535K->435K(79936K), 0.0002120 secs]
107.006: [GC (Allocation Failure) 37265K->435K(78656K), 0.0002120 secs]
107.022: [GC (Allocation Failure) 35996K->435K(77440K), 0.0002120 secs]
107.037: [GC (Allocation Failure) 34726K->435K(84352K), 0.0002020 secs]
107.075: [GC (Allocation Failure) 41660K->435K(82880K), 0.0002220 secs]
107.093: [GC (Allocation Failure) 40195K->435K(81472K), 0.0002010 secs]
107.171: [GC (Allocation Failure) 38828K->435K(80128K), 0.0002210 secs]
107.191: [GC (Allocation Failure) 37461K->435K(78848K), 0.0002120 secs]
107.207: [GC (Allocation Failure) 36191K->435K(77632K), 0.0002010 secs]
107.222: [GC (Allocation Failure) 34921K->435K(76480K), 0.0002120 secs]
107.236: [GC (Allocation Failure) 33749K->435K(83200K), 0.0002010 secs]
107.258: [GC (Allocation Failure) 40488K->435K(81792K), 0.0001980 secs]
107.275: [GC (Allocation Failure) 39121K->435K(80448K), 0.0002120 secs]
107.295: [GC (Allocation Failure) 37754K->435K(79168K), 0.0002100 secs]
107.324: [GC (Allocation Failure) 36484K->435K(77952K), 0.0002670 secs]
107.373: [GC (Allocation Failure) 35312K->435K(76800K), 0.0002120 secs]
107.388: [GC (Allocation Failure) 34140K->435K(75712K), 0.0002010 secs]
107.406: [GC (Allocation Failure) 33065K->435K(74624K), 0.0002230 secs]
107.526: [GC (Allocation Failure) 31893K->435K(73600K), 0.0002300 secs]
107.540: [GC (Allocation Failure) 30917K->435K(72640K), 0.0002710 secs]
107.557: [GC (Allocation Failure) 29940K->435K(71744K), 0.0002160 secs]
107.574: [GC (Allocation Failure) 29061K->435K(77504K), 0.0002260 secs]
107.623: [GC (Allocation Failure) 34823K->435K(76352K), 0.0002150 secs]
107.669: [GC (Allocation Failure) 33651K->435K(75264K), 0.0002140 secs]
107.687: [GC (Allocation Failure) 32577K->435K(74240K), 0.0002140 secs]
107.705: [GC (Allocation Failure) 31600K->435K(73216K), 0.0002000 secs]
107.718: [GC (Allocation Failure) 30526K->435K(72256K), 0.0002160 secs]
107.735: [GC (Allocation Failure) 29549K->435K(78144K), 0.0002120 secs]
107.750: [GC (Allocation Failure) 35409K->435K(85184K), 0.0002040 secs]
107.769: [GC (Allocation Failure) 42540K->435K(93632K), 0.0002040 secs]
107.821: [GC (Allocation Failure) 50943K->435K(91776K), 0.0002090 secs]
107.884: [GC (Allocation Failure) 49084K->435K(89984K), 0.0002820 secs]
107.905: [GC (Allocation Failure) 47325K->435K(88256K), 0.0002740 secs]
107.928: [GC (Allocation Failure) 45567K->435K(86592K), 0.0002050 secs]
108.078: [GC (Allocation Failure) 43907K->435K(85056K), 0.0002140 secs]
108.096: [GC (Allocation Failure) 42344K->435K(83584K), 0.0002040 secs]
108.131: [GC (Allocation Failure) 40879K->435K(82176K), 0.0002170 secs]
108.148: [GC (Allocation Failure) 39512K->435K(80832K), 0.0002050 secs]
108.168: [GC (Allocation Failure) 38144K->435K(79552K), 0.0002120 secs]
108.188: [GC (Allocation Failure) 36875K->435K(78336K), 0.0002710 secs]
108.204: [GC (Allocation Failure) 35605K->435K(77184K), 0.0002010 secs]
108.228: [GC (Allocation Failure) 34530K->435K(76032K), 0.0002110 secs]
108.246: [GC (Allocation Failure) 33358K->435K(74944K), 0.0002030 secs]
108.261: [GC (Allocation Failure) 32284K->435K(81344K), 0.0002160 secs]
108.277: [GC (Allocation Failure) 38633K->435K(89024K), 0.0002030 secs]
108.359: [GC (Allocation Failure) 46349K->435K(87360K), 0.0002180 secs]
108.382: [GC (Allocation Failure) 44688K->435K(85760K), 0.0003440 secs]
108.401: [GC (Allocation Failure) 43028K->435K(84224K), 0.0002160 secs]
108.425: [GC (Allocation Failure) 41563K->435K(82752K), 0.0002210 secs]
108.443: [GC (Allocation Failure) 40098K->435K(81344K), 0.0002030 secs]
108.460: [GC (Allocation Failure) 38633K->435K(80000K), 0.0002000 secs]
108.478: [GC (Allocation Failure) 37363K->435K(78720K), 0.0002120 secs]
108.525: [GC (Allocation Failure) 35996K->435K(77504K), 0.0002030 secs]
108.609: [GC (Allocation Failure) 34823K->435K(76352K), 0.0002250 secs]
108.627: [GC (Allocation Failure) 33651K->435K(75264K), 0.0002150 secs]
108.678: [GC (Allocation Failure) 32577K->435K(74240K), 0.0002090 secs]
108.694: [GC (Allocation Failure) 31600K->435K(73216K), 0.0002120 secs]
108.707: [GC (Allocation Failure) 30526K->435K(72256K), 0.0002150 secs]
108.771: [GC (Allocation Failure) 29549K->435K(71360K), 0.0002140 secs]
108.826: [GC (Allocation Failure) 28670K->435K(70464K), 0.0002120 secs]
108.838: [GC (Allocation Failure) 27791K->435K(75968K), 0.0002890 secs]
108.973: [GC (Allocation Failure) 33261K->435K(74880K), 0.0002290 secs]
108.987: [GC (Allocation Failure) 32186K->435K(73856K), 0.0002020 secs]
109.001: [GC (Allocation Failure) 31210K->435K(72896K), 0.0002020 secs]
109.014: [GC (Allocation Failure) 30233K->435K(78912K), 0.0002050 secs]
109.033: [GC (Allocation Failure) 36191K->435K(86080K), 0.0002160 secs]
109.079: [GC (Allocation Failure) 43419K->435K(84544K), 0.0002040 secs]
109.116: [GC (Allocation Failure) 41856K->435K(83072K), 0.0002230 secs]
109.138: [GC (Allocation Failure) 40391K->435K(81664K), 0.0002110 secs]
109.227: [GC (Allocation Failure) 39023K->435K(80320K), 0.0002540 secs]
109.277: [GC (Allocation Failure) 37656K->435K(79040K), 0.0002050 secs]
109.326: [GC (Allocation Failure) 36386K->435K(77824K), 0.0002140 secs]
109.343: [GC (Allocation Failure) 35116K->435K(76672K), 0.0002010 secs]
109.529: [GC (Allocation Failure) 33944K->435K(75584K), 0.0002120 secs]
109.543: [GC (Allocation Failure) 32870K->435K(74560K), 0.0002170 secs]
109.561: [GC (Allocation Failure) 31893K->435K(73536K), 0.0002030 secs]
109.628: [GC (Allocation Failure) 30819K->435K(72576K), 0.0002050 secs]
109.645: [GC (Allocation Failure) 29842K->435K(71680K), 0.0002290 secs]
109.673: [GC (Allocation Failure) 28963K->435K(70784K), 0.0002130 secs]
109.686: [GC (Allocation Failure) 28084K->435K(69952K), 0.0002020 secs]
109.697: [GC (Allocation Failure) 27303K->435K(75328K), 0.0002130 secs]
109.715: [GC (Allocation Failure) 32675K->435K(81792K), 0.0002090 secs]
109.819: [GC (Allocation Failure) 39121K->435K(80448K), 0.0002210 secs]
109.835: [GC (Allocation Failure) 37754K->435K(79168K), 0.0002000 secs]
109.859: [GC (Allocation Failure) 36484K->435K(77952K), 0.0002020 secs]
109.874: [GC (Allocation Failure) 35312K->435K(76800K), 0.0002030 secs]
109.888: [GC (Allocation Failure) 34140K->435K(83584K), 0.0002140 secs]
109.910: [GC (Allocation Failure) 40879K->435K(82176K), 0.0002150 secs]
109.927: [GC (Allocation Failure) 39512K->435K(80832K), 0.0002030 secs]
110.128: [GC (Allocation Failure) 38144K->435K(79552K), 0.0002140 secs]
110.143: [GC (Allocation Failure) 36875K->435K(78336K), 0.0002030 secs]
110.162: [GC (Allocation Failure) 35605K->435K(77184K), 0.0001990 secs]
110.181: [GC (Allocation Failure) 34530K->435K(76032K), 0.0002220 secs]
110.212: [GC (Allocation Failure) 33358K->435K(74944K), 0.0002010 secs]
110.226: [GC (Allocation Failure) 32284K->435K(73920K), 0.0002100 secs]
110.279: [GC (Allocation Failure) 31210K->435K(72960K), 0.0002190 secs]
110.296: [GC (Allocation Failure) 30233K->435K(72000K), 0.0002010 secs]
110.308: [GC (Allocation Failure) 29354K->435K(71104K), 0.0002170 secs]
110.325: [GC (Allocation Failure) 28377K->435K(76736K), 0.0002120 secs]
110.340: [GC (Allocation Failure) 34042K->435K(83520K), 0.0002210 secs]
110.380: [GC (Allocation Failure) 40879K->435K(82112K), 0.0002150 secs]
110.397: [GC (Allocation Failure) 39414K->435K(80768K), 0.0002030 secs]
110.414: [GC (Allocation Failure) 38047K->435K(79488K), 0.0001980 secs]
110.447: [GC (Allocation Failure) 36777K->435K(78272K), 0.0002130 secs]
110.462: [GC (Allocation Failure) 35605K->435K(77120K), 0.0002040 secs]
110.497: [GC (Allocation Failure) 34433K->435K(75968K), 0.0002100 secs]
110.511: [GC (Allocation Failure) 33261K->435K(74880K), 0.0002040 secs]
110.525: [GC (Allocation Failure) 32186K->435K(81280K), 0.0002160 secs]
110.542: [GC (Allocation Failure) 38633K->435K(88960K), 0.0002130 secs]
110.561: [GC (Allocation Failure) 46251K->435K(98176K), 0.0002040 secs]
110.589: [GC (Allocation Failure) 55534K->435K(96064K), 0.0002130 secs]
110.613: [GC (Allocation Failure) 53385K->435K(94080K), 0.0002030 secs]
110.639: [GC (Allocation Failure) 51432K->435K(92160K), 0.0002010 secs]
110.660: [GC (Allocation Failure) 49474K->435K(90368K), 0.0002110 secs]
110.684: [GC (Allocation Failure) 47716K->435K(88640K), 0.0002140 secs]
110.704: [GC (Allocation Failure) 45958K->435K(86976K), 0.0002120 secs]
110.723: [GC (Allocation Failure) 44298K->435K(85376K), 0.0002010 secs]
110.777: [GC (Allocation Failure) 42735K->435K(83904K), 0.0002390 secs]
110.795: [GC (Allocation Failure) 41172K->435K(82496K), 0.0002110 secs]
110.812: [GC (Allocation Failure) 39805K->435K(81152K), 0.0002010 secs]
110.983: [GC (Allocation Failure) 38437K->435K(79872K), 0.0002390 secs]
111.001: [GC (Allocation Failure) 37168K->435K(78656K), 0.0002170 secs]
111.021: [GC (Allocation Failure) 35996K->435K(77440K), 0.0002730 secs]
111.040: [GC (Allocation Failure) 34726K->435K(76288K), 0.0002840 secs]
111.059: [GC (Allocation Failure) 33554K->435K(75200K), 0.0002200 secs]
111.073: [GC (Allocation Failure) 32479K->435K(81664K), 0.0002050 secs]
111.089: [GC (Allocation Failure) 39023K->435K(89408K), 0.0002140 secs]
111.137: [GC (Allocation Failure) 46739K->435K(87744K), 0.0002130 secs]
111.161: [GC (Allocation Failure) 45079K->435K(86144K), 0.0002100 secs]
111.180: [GC (Allocation Failure) 43419K->435K(84608K), 0.0002030 secs]
111.281: [GC (Allocation Failure) 41953K->435K(83136K), 0.0002130 secs]
111.303: [GC (Allocation Failure) 40488K->435K(81728K), 0.0002120 secs]
111.379: [GC (Allocation Failure) 39023K->435K(80384K), 0.0002220 secs]
111.397: [GC (Allocation Failure) 37656K->435K(79104K), 0.0003120 secs]
111.413: [GC (Allocation Failure) 36386K->435K(77888K), 0.0002150 secs]
111.512: [GC (Allocation Failure) 35214K->435K(76736K), 0.0002150 secs]
111.531: [GC (Allocation Failure) 34042K->435K(75648K), 0.0002150 secs]
111.549: [GC (Allocation Failure) 32968K->435K(74560K), 0.0002270 secs]
111.578: [GC (Allocation Failure) 31893K->435K(73536K), 0.0002150 secs]
111.591: [GC (Allocation Failure) 30819K->435K(72576K), 0.0002040 secs]
111.604: [GC (Allocation Failure) 29842K->435K(78528K), 0.0002040 secs]
111.623: [GC (Allocation Failure) 35800K->435K(85632K), 0.0002020 secs]
111.645: [GC (Allocation Failure) 42930K->435K(84096K), 0.0002120 secs]
111.667: [GC (Allocation Failure) 41367K->435K(82624K), 0.0001990 secs]
111.685: [GC (Allocation Failure) 39902K->435K(81280K), 0.0002030 secs]
111.734: [GC (Allocation Failure) 38633K->435K(80000K), 0.0002110 secs]
111.750: [GC (Allocation Failure) 37363K->435K(78720K), 0.0002030 secs]
111.780: [GC (Allocation Failure) 35996K->435K(77504K), 0.0002150 secs]
111.883: [GC (Allocation Failure) 34823K->435K(76352K), 0.0002220 secs]
111.898: [GC (Allocation Failure) 33651K->435K(75264K), 0.0002160 secs]
111.912: [GC (Allocation Failure) 32577K->435K(74240K), 0.0002130 secs]
111.925: [GC (Allocation Failure) 31600K->435K(80512K), 0.0002030 secs]
111.942: [GC (Allocation Failure) 37851K->435K(88000K), 0.0002150 secs]
111.961: [GC (Allocation Failure) 45274K->435K(86400K), 0.0002020 secs]
111.987: [GC (Allocation Failure) 43712K->435K(84864K), 0.0002140 secs]
112.009: [GC (Allocation Failure) 42149K->435K(83392K), 0.0002040 secs]
112.027: [GC (Allocation Failure) 40684K->435K(81984K), 0.0002020 secs]
112.131: [GC (Allocation Failure) 39316K->435K(80640K), 0.0002100 secs]
112.150: [GC (Allocation Failure) 37949K->435K(79360K), 0.0002000 secs]
112.170: [GC (Allocation Failure) 36679K->435K(78144K), 0.0002210 secs]
112.186: [GC (Allocation Failure) 35409K->435K(76992K), 0.0002190 secs]
112.218: [GC (Allocation Failure) 34335K->435K(75904K), 0.0002400 secs]
112.233: [GC (Allocation Failure) 33261K->435K(82496K), 0.0002700 secs]
112.282: [GC (Allocation Failure) 39805K->435K(81152K), 0.0002750 secs]
112.319: [GC (Allocation Failure) 38437K->435K(79872K), 0.0002210 secs]
112.335: [GC (Allocation Failure) 37168K->435K(78656K), 0.0002030 secs]
112.370: [GC (Allocation Failure) 35996K->435K(77440K), 0.0002060 secs]
112.419: [GC (Allocation Failure) 34726K->435K(76288K), 0.0002250 secs]
112.434: [GC (Allocation Failure) 33554K->435K(75200K), 0.0002050 secs]
112.479: [GC (Allocation Failure) 32479K->435K(74176K), 0.0002020 secs]
112.529: [GC (Allocation Failure) 31503K->435K(73152K), 0.0002130 secs]
112.576: [GC (Allocation Failure) 30428K->435K(72192K), 0.0002250 secs]
112.589: [GC (Allocation Failure) 29549K->435K(71296K), 0.0002760 secs]
112.607: [GC (Allocation Failure) 28572K->435K(70400K), 0.0002250 secs]
112.628: [GC (Allocation Failure) 27693K->435K(69568K), 0.0002620 secs]
112.730: [GC (Allocation Failure) 26912K->435K(68800K), 0.0002110 secs]
112.746: [GC (Allocation Failure) 26131K->435K(68032K), 0.0002140 secs]
112.759: [GC (Allocation Failure) 25349K->435K(73024K), 0.0002180 secs]
112.772: [GC (Allocation Failure) 30331K->435K(79040K), 0.0002040 secs]
112.831: [GC (Allocation Failure) 36386K->435K(77824K), 0.0002740 secs]
112.881: [GC (Allocation Failure) 35116K->435K(76672K), 0.0002140 secs]
112.973: [GC (Allocation Failure) 33944K->435K(75584K), 0.0002250 secs]
112.991: [GC (Allocation Failure) 32870K->435K(74560K), 0.0002000 secs]
113.005: [GC (Allocation Failure) 31893K->435K(73536K), 0.0002130 secs]
113.018: [GC (Allocation Failure) 30819K->435K(72576K), 0.0002010 secs]
113.031: [GC (Allocation Failure) 29842K->435K(78528K), 0.0002120 secs]
113.050: [GC (Allocation Failure) 35800K->435K(85632K), 0.0002010 secs]
113.073: [GC (Allocation Failure) 42930K->435K(84096K), 0.0002120 secs]
113.095: [GC (Allocation Failure) 41367K->435K(82624K), 0.0002160 secs]
113.113: [GC (Allocation Failure) 39902K->435K(90560K), 0.0002710 secs]
113.137: [GC (Allocation Failure) 47911K->435K(88832K), 0.0002020 secs]
113.174: [GC (Allocation Failure) 46153K->435K(87168K), 0.0002820 secs]
113.198: [GC (Allocation Failure) 44493K->435K(85568K), 0.0002020 secs]
113.339: [GC (Allocation Failure) 42930K->435K(84032K), 0.0002050 secs]
113.360: [GC (Allocation Failure) 41367K->435K(82624K), 0.0002110 secs]
113.387: [GC (Allocation Failure) 39902K->435K(81280K), 0.0002140 secs]
113.406: [GC (Allocation Failure) 38633K->435K(80000K), 0.0002030 secs]
113.423: [GC (Allocation Failure) 37363K->435K(78720K), 0.0002040 secs]
113.516: [GC (Allocation Failure) 35996K->435K(77504K), 0.0002150 secs]
113.573: [GC (Allocation Failure) 34823K->435K(76352K), 0.0002250 secs]
113.592: [GC (Allocation Failure) 33651K->435K(75264K), 0.0002130 secs]
113.665: [GC (Allocation Failure) 32577K->435K(74240K), 0.0003220 secs]
113.684: [GC (Allocation Failure) 31600K->435K(73216K), 0.0002180 secs]
113.698: [GC (Allocation Failure) 30526K->435K(72256K), 0.0002050 secs]
113.730: [GC (Allocation Failure) 29549K->435K(71360K), 0.0002150 secs]
113.742: [GC (Allocation Failure) 28670K->435K(70464K), 0.0002150 secs]
113.779: [GC (Allocation Failure) 27791K->435K(69632K), 0.0002400 secs]
113.794: [GC (Allocation Failure) 26912K->435K(68864K), 0.0002130 secs]
113.811: [GC (Allocation Failure) 26131K->435K(68096K), 0.0002230 secs]
113.822: [GC (Allocation Failure) 25447K->435K(73152K), 0.0002200 secs]
113.885: [GC (Allocation Failure) 30428K->435K(72192K), 0.0002260 secs]
113.898: [GC (Allocation Failure) 29549K->435K(78016K), 0.0003990 secs]
113.936: [GC (Allocation Failure) 35312K->435K(85056K), 0.0002150 secs]
113.959: [GC (Allocation Failure) 42344K->435K(93504K), 0.0002020 secs]
113.993: [GC (Allocation Failure) 50846K->435K(91648K), 0.0002060 secs]
114.017: [GC (Allocation Failure) 48986K->435K(89856K), 0.0002010 secs]
114.068: [GC (Allocation Failure) 47130K->435K(88128K), 0.0002260 secs]
114.087: [GC (Allocation Failure) 45470K->435K(86528K), 0.0002040 secs]
114.178: [GC (Allocation Failure) 43809K->435K(84992K), 0.0002380 secs]
114.201: [GC (Allocation Failure) 42344K->435K(83520K), 0.0002360 secs]
114.235: [GC (Allocation Failure) 40879K->435K(82112K), 0.0002510 secs]
114.253: [GC (Allocation Failure) 39414K->435K(80768K), 0.0002020 secs]
114.269: [GC (Allocation Failure) 38047K->435K(79488K), 0.0001980 secs]
114.335: [GC (Allocation Failure) 36777K->435K(78272K), 0.0002070 secs]
114.350: [GC (Allocation Failure) 35605K->435K(77120K), 0.0002110 secs]
114.437: [GC (Allocation Failure) 34433K->435K(75968K), 0.0002850 secs]
114.451: [GC (Allocation Failure) 33261K->435K(74880K), 0.0002270 secs]
114.465: [GC (Allocation Failure) 32186K->435K(73856K), 0.0002030 secs]
114.532: [GC (Allocation Failure) 31210K->435K(72896K), 0.0002250 secs]
114.545: [GC (Allocation Failure) 30233K->435K(71936K), 0.0002020 secs]
114.557: [GC (Allocation Failure) 29256K->435K(77760K), 0.0002010 secs]
114.587: [GC (Allocation Failure) 35116K->435K(76608K), 0.0002140 secs]
114.607: [GC (Allocation Failure) 33944K->435K(75520K), 0.0002020 secs]
114.621: [GC (Allocation Failure) 32870K->435K(82048K), 0.0002160 secs]
114.642: [GC (Allocation Failure) 39316K->435K(89856K), 0.0002750 secs]
114.663: [GC (Allocation Failure) 47130K->435K(99264K), 0.0002140 secs]
114.687: [GC (Allocation Failure) 56608K->435K(97088K), 0.0002020 secs]
114.729: [GC (Allocation Failure) 54362K->435K(95040K), 0.0002230 secs]
114.756: [GC (Allocation Failure) 52311K->435K(93120K), 0.0002010 secs]
114.777: [GC (Allocation Failure) 50455K->435K(91264K), 0.0002030 secs]
114.843: [GC (Allocation Failure) 48595K->435K(89472K), 0.0002220 secs]
114.864: [GC (Allocation Failure) 46739K->435K(87808K), 0.0002020 secs]
114.883: [GC (Allocation Failure) 45079K->435K(86208K), 0.0002020 secs]
114.902: [GC (Allocation Failure) 43516K->435K(84672K), 0.0002120 secs]
114.920: [GC (Allocation Failure) 41953K->435K(83200K), 0.0002110 secs]
114.976: [GC (Allocation Failure) 40488K->435K(81792K), 0.0002130 secs]
115.023: [GC (Allocation Failure) 39121K->435K(80448K), 0.0002140 secs]
115.039: [GC (Allocation Failure) 37754K->435K(79168K), 0.0002310 secs]
115.055: [GC (Allocation Failure) 36484K->435K(77952K), 0.0002140 secs]
115.071: [GC (Allocation Failure) 35312K->435K(76800K), 0.0002020 secs]
115.085: [GC (Allocation Failure) 34140K->435K(83584K), 0.0002150 secs]
115.136: [GC (Allocation Failure) 40879K->435K(82176K), 0.0002140 secs]
115.157: [GC (Allocation Failure) 39512K->435K(80832K), 0.0002010 secs]
115.186: [GC (Allocation Failure) 38144K->435K(79552K), 0.0002770 secs]
115.339: [GC (Allocation Failure) 36875K->435K(78336K), 0.0002100 secs]
115.355: [GC (Allocation Failure) 35605K->435K(77184K), 0.0002040 secs]
115.434: [GC (Allocation Failure) 34530K->435K(76032K), 0.0002040 secs]
115.488: [GC (Allocation Failure) 33358K->435K(74944K), 0.0002170 secs]
115.501: [GC (Allocation Failure) 32284K->435K(73920K), 0.0002740 secs]
115.534: [GC (Allocation Failure) 31210K->435K(72960K), 0.0002980 secs]
115.576: [GC (Allocation Failure) 30233K->435K(72000K), 0.0002220 secs]
115.588: [GC (Allocation Failure) 29354K->435K(71104K), 0.0002050 secs]
115.604: [GC (Allocation Failure) 28377K->435K(70272K), 0.0002110 secs]
115.617: [GC (Allocation Failure) 27596K->435K(75712K), 0.0002170 secs]
115.687: [GC (Allocation Failure) 33065K->435K(74624K), 0.0002210 secs]
115.701: [GC (Allocation Failure) 31893K->435K(73600K), 0.0002170 secs]
115.733: [GC (Allocation Failure) 30917K->435K(72640K), 0.0002120 secs]
115.750: [GC (Allocation Failure) 29940K->435K(71744K), 0.0002110 secs]
115.786: [GC (Allocation Failure) 29061K->435K(70848K), 0.0002550 secs]
115.799: [GC (Allocation Failure) 28182K->435K(76416K), 0.0002650 secs]
115.820: [GC (Allocation Failure) 33749K->435K(83136K), 0.0002090 secs]
115.837: [GC (Allocation Failure) 40488K->435K(91200K), 0.0002780 secs]
115.945: [GC (Allocation Failure) 48498K->435K(89408K), 0.0002220 secs]
115.965: [GC (Allocation Failure) 46739K->435K(87744K), 0.0002040 secs]
115.984: [GC (Allocation Failure) 45079K->435K(86144K), 0.0002150 secs]
116.039: [GC (Allocation Failure) 43419K->435K(84608K), 0.0002040 secs]
116.092: [GC (Allocation Failure) 41953K->435K(83136K), 0.0002140 secs]
116.110: [GC (Allocation Failure) 40488K->435K(81728K), 0.0002260 secs]
116.127: [GC (Allocation Failure) 39023K->435K(80384K), 0.0002130 secs]
116.143: [GC (Allocation Failure) 37656K->435K(79104K), 0.0002150 secs]
116.163: [GC (Allocation Failure) 36386K->435K(77888K), 0.0002120 secs]
116.178: [GC (Allocation Failure) 35214K->435K(84864K), 0.0002260 secs]
116.197: [GC (Allocation Failure) 42149K->435K(83392K), 0.0002020 secs]
116.223: [GC (Allocation Failure) 40684K->435K(81984K), 0.0002220 secs]
116.291: [GC (Allocation Failure) 39316K->435K(80640K), 0.0002230 secs]
116.308: [GC (Allocation Failure) 37949K->435K(79360K), 0.0002040 secs]
116.324: [GC (Allocation Failure) 36679K->435K(78144K), 0.0002140 secs]
116.342: [GC (Allocation Failure) 35409K->435K(76992K), 0.0002020 secs]
116.361: [GC (Allocation Failure) 34335K->435K(75904K), 0.0002020 secs]
116.376: [GC (Allocation Failure) 33261K->435K(74816K), 0.0002050 secs]
116.417: [GC (Allocation Failure) 32089K->435K(73792K), 0.0002150 secs]
116.435: [GC (Allocation Failure) 31112K->435K(72832K), 0.0002170 secs]
116.488: [GC (Allocation Failure) 30135K->435K(71872K), 0.0002120 secs]
116.501: [GC (Allocation Failure) 29158K->435K(70976K), 0.0002180 secs]
116.574: [GC (Allocation Failure) 28279K->435K(70144K), 0.0002210 secs]
116.591: [GC (Allocation Failure) 27498K->435K(69312K), 0.0002120 secs]
116.602: [GC (Allocation Failure) 26619K->435K(74560K), 0.0002440 secs]
116.620: [GC (Allocation Failure) 31893K->435K(80896K), 0.0002130 secs]
116.671: [GC (Allocation Failure) 38242K->435K(79616K), 0.0002120 secs]
116.687: [GC (Allocation Failure) 36972K->435K(78400K), 0.0002010 secs]
116.787: [GC (Allocation Failure) 35702K->435K(77248K), 0.0002020 secs]
116.840: [GC (Allocation Failure) 34530K->435K(76096K), 0.0002200 secs]
116.855: [GC (Allocation Failure) 33456K->435K(75008K), 0.0001990 secs]
116.872: [GC (Allocation Failure) 32284K->435K(73984K), 0.0002010 secs]
116.939: [GC (Allocation Failure) 31307K->435K(73024K), 0.0002060 secs]
116.952: [GC (Allocation Failure) 30331K->435K(72064K), 0.0002110 secs]
116.968: [GC (Allocation Failure) 29354K->435K(71168K), 0.0002000 secs]
116.985: [GC (Allocation Failure) 28475K->435K(70336K), 0.0002280 secs]
117.001: [GC (Allocation Failure) 27693K->435K(75840K), 0.0002200 secs]
117.021: [GC (Allocation Failure) 33163K->435K(82432K), 0.0002650 secs]
117.092: [GC (Allocation Failure) 39707K->435K(81088K), 0.0002240 secs]
117.113: [GC (Allocation Failure) 38437K->435K(79808K), 0.0002040 secs]
117.172: [GC (Allocation Failure) 37168K->435K(78592K), 0.0002330 secs]
117.192: [GC (Allocation Failure) 35898K->435K(77376K), 0.0002110 secs]
117.241: [GC (Allocation Failure) 34726K->435K(76224K), 0.0002070 secs]
117.259: [GC (Allocation Failure) 33554K->435K(75136K), 0.0002020 secs]
117.273: [GC (Allocation Failure) 32479K->435K(74112K), 0.0002280 secs]
117.287: [GC (Allocation Failure) 31405K->435K(73152K), 0.0002020 secs]
117.300: [GC (Allocation Failure) 30428K->435K(79168K), 0.0002030 secs]
117.392: [GC (Allocation Failure) 36484K->435K(77952K), 0.0002120 secs]
117.412: [GC (Allocation Failure) 35312K->435K(76800K), 0.0001910 secs]
117.431: [GC (Allocation Failure) 34140K->435K(75712K), 0.0002190 secs]
117.490: [GC (Allocation Failure) 33065K->435K(74624K), 0.0002430 secs]
117.504: [GC (Allocation Failure) 31893K->435K(73600K), 0.0002040 secs]
117.520: [GC (Allocation Failure) 30917K->435K(72640K), 0.0002030 secs]
117.580: [GC (Allocation Failure) 29940K->435K(71744K), 0.0002400 secs]
117.597: [GC (Allocation Failure) 29061K->435K(70848K), 0.0002760 secs]
117.639: [GC (Allocation Failure) 28182K->435K(70016K), 0.0002080 secs]
117.655: [GC (Allocation Failure) 27303K->435K(69184K), 0.0002290 secs]
117.688: [GC (Allocation Failure) 26521K->435K(68416K), 0.0002100 secs]
117.703: [GC (Allocation Failure) 25740K->435K(67648K), 0.0002280 secs]
117.719: [GC (Allocation Failure) 24955K->435K(66944K), 0.0002100 secs]
117.730: [GC (Allocation Failure) 24271K->435K(71744K), 0.0002680 secs]
117.742: [GC (Allocation Failure) 29061K->435K(77504K), 0.0002270 secs]
117.758: [GC (Allocation Failure) 34823K->435K(84416K), 0.0002020 secs]
117.780: [GC (Allocation Failure) 41758K->435K(92736K), 0.0002110 secs]
117.802: [GC (Allocation Failure) 50064K->435K(102720K), 0.0002040 secs]
117.831: [GC (Allocation Failure) 60027K->435K(100416K), 0.0002020 secs]
117.857: [GC (Allocation Failure) 57683K->435K(98240K), 0.0002030 secs]
117.951: [GC (Allocation Failure) 55534K->435K(96128K), 0.0002800 secs]
117.978: [GC (Allocation Failure) 53483K->435K(94144K), 0.0002010 secs]
118.000: [GC (Allocation Failure) 51432K->435K(92224K), 0.0002020 secs]
118.044: [GC (Allocation Failure) 49572K->435K(90432K), 0.0002140 secs]
118.093: [GC (Allocation Failure) 47716K->435K(88704K), 0.0002120 secs]
118.170: [GC (Allocation Failure) 46056K->435K(87040K), 0.0002020 secs]
118.231: [GC (Allocation Failure) 44395K->435K(85440K), 0.0002450 secs]
118.254: [GC (Allocation Failure) 42735K->435K(83968K), 0.0002180 secs]
118.273: [GC (Allocation Failure) 41270K->435K(82560K), 0.0002300 secs]
118.292: [GC (Allocation Failure) 39902K->435K(81216K), 0.0002090 secs]
118.324: [GC (Allocation Failure) 38535K->435K(79936K), 0.0002040 secs]
118.340: [GC (Allocation Failure) 37265K->435K(78656K), 0.0002930 secs]
118.360: [GC (Allocation Failure) 35996K->435K(77440K), 0.0002750 secs]
118.380: [GC (Allocation Failure) 34726K->435K(76288K), 0.0002240 secs]
118.429: [GC (Allocation Failure) 33554K->435K(75200K), 0.0002070 secs]
118.447: [GC (Allocation Failure) 32479K->435K(74176K), 0.0002130 secs]
118.496: [GC (Allocation Failure) 31503K->435K(73152K), 0.0002120 secs]
118.513: [GC (Allocation Failure) 30428K->435K(72192K), 0.0002140 secs]
118.527: [GC (Allocation Failure) 29549K->435K(71296K), 0.0002020 secs]
118.543: [GC (Allocation Failure) 28572K->435K(70400K), 0.0002100 secs]
118.586: [GC (Allocation Failure) 27693K->435K(69568K), 0.0002050 secs]
118.624: [GC (Allocation Failure) 26912K->435K(68800K), 0.0002090 secs]
118.640: [GC (Allocation Failure) 26131K->435K(68032K), 0.0002170 secs]
118.685: [GC (Allocation Failure) 25349K->435K(67328K), 0.0002740 secs]
118.723: [GC (Allocation Failure) 24662K->435K(66624K), 0.0002240 secs]
118.738: [GC (Allocation Failure) 23978K->435K(65984K), 0.0002380 secs]
118.774: [GC (Allocation Failure) 23294K->435K(65344K), 0.0002730 secs]
118.788: [GC (Allocation Failure) 22610K->435K(69824K), 0.0002720 secs]
118.804: [GC (Allocation Failure) 27107K->435K(75200K), 0.0002120 secs]
118.819: [GC (Allocation Failure) 32479K->435K(81664K), 0.0002150 secs]
118.891: [GC (Allocation Failure) 39023K->435K(80320K), 0.0002140 secs]
118.907: [GC (Allocation Failure) 37656K->435K(79040K), 0.0002020 secs]
118.924: [GC (Allocation Failure) 36386K->435K(77824K), 0.0002090 secs]
118.944: [GC (Allocation Failure) 35116K->435K(76672K), 0.0002110 secs]
119.089: [GC (Allocation Failure) 33944K->435K(75584K), 0.0002760 secs]
119.143: [GC (Allocation Failure) 32870K->435K(74560K), 0.0002220 secs]
119.157: [GC (Allocation Failure) 31893K->435K(73536K), 0.0002160 secs]
119.170: [GC (Allocation Failure) 30819K->435K(72576K), 0.0002230 secs]
119.191: [GC (Allocation Failure) 29842K->435K(71680K), 0.0002390 secs]
119.205: [GC (Allocation Failure) 28963K->435K(77440K), 0.0002680 secs]
119.220: [GC (Allocation Failure) 34726K->435K(84352K), 0.0002020 secs]
119.243: [GC (Allocation Failure) 41660K->435K(92608K), 0.0002390 secs]
119.265: [GC (Allocation Failure) 49967K->435K(102528K), 0.0002020 secs]
119.357: [GC (Allocation Failure) 59831K->435K(100224K), 0.0002140 secs]
119.386: [GC (Allocation Failure) 57585K->435K(98048K), 0.0002140 secs]
119.411: [GC (Allocation Failure) 55339K->435K(95936K), 0.0002710 secs]
119.457: [GC (Allocation Failure) 53287K->435K(93952K), 0.0002190 secs]
119.497: [GC (Allocation Failure) 51236K->435K(92032K), 0.0002150 secs]
119.518: [GC (Allocation Failure) 49377K->435K(90240K), 0.0002250 secs]
119.543: [GC (Allocation Failure) 47521K->435K(88512K), 0.0002020 secs]
119.566: [GC (Allocation Failure) 45860K->435K(86848K), 0.0002480 secs]
119.586: [GC (Allocation Failure) 44200K->435K(85312K), 0.0002050 secs]
119.673: [GC (Allocation Failure) 42637K->435K(83840K), 0.0002250 secs]
119.695: [GC (Allocation Failure) 41172K->435K(82432K), 0.0002040 secs]
119.712: [GC (Allocation Failure) 39707K->435K(81088K), 0.0002010 secs]
119.729: [GC (Allocation Failure) 38437K->435K(79808K), 0.0002150 secs]
119.749: [GC (Allocation Failure) 37168K->435K(78592K), 0.0002100 secs]
119.795: [GC (Allocation Failure) 35898K->435K(77376K), 0.0002080 secs]
119.811: [GC (Allocation Failure) 34726K->435K(76224K), 0.0003000 secs]
119.829: [GC (Allocation Failure) 33554K->435K(75136K), 0.0002220 secs]
119.844: [GC (Allocation Failure) 32479K->435K(81600K), 0.0002050 secs]
119.873: [GC (Allocation Failure) 38926K->435K(80256K), 0.0002650 secs]
119.889: [GC (Allocation Failure) 37558K->435K(87744K), 0.0002310 secs]
119.909: [GC (Allocation Failure) 45079K->435K(86144K), 0.0002030 secs]
119.931: [GC (Allocation Failure) 43419K->435K(84608K), 0.0002120 secs]
119.954: [GC (Allocation Failure) 41953K->435K(83136K), 0.0002120 secs]
119.980: [GC (Allocation Failure) 40488K->435K(81728K), 0.0002040 secs]
120.001: [GC (Allocation Failure) 39023K->435K(80384K), 0.0002080 secs]
120.021: [GC (Allocation Failure) 37656K->435K(79104K), 0.0002820 secs]
120.038: [GC (Allocation Failure) 36386K->435K(77888K), 0.0002050 secs]
120.095: [GC (Allocation Failure) 35214K->435K(76736K), 0.0002130 secs]
120.110: [GC (Allocation Failure) 34042K->435K(75648K), 0.0002020 secs]
120.124: [GC (Allocation Failure) 32968K->435K(74560K), 0.0002030 secs]
120.142: [GC (Allocation Failure) 31893K->435K(80896K), 0.0002210 secs]
120.176: [GC (Allocation Failure) 38242K->435K(79616K), 0.0002110 secs]
120.192: [GC (Allocation Failure) 36972K->435K(78400K), 0.0002030 secs]
120.292: [GC (Allocation Failure) 35702K->435K(77248K), 0.0002040 secs]
120.346: [GC (Allocation Failure) 34530K->435K(76096K), 0.0002110 secs]
120.361: [GC (Allocation Failure) 33456K->435K(75008K), 0.0002080 secs]
120.394: [GC (Allocation Failure) 32284K->435K(73984K), 0.0002320 secs]
120.408: [GC (Allocation Failure) 31307K->435K(80192K), 0.0002960 secs]
120.443: [GC (Allocation Failure) 37461K->435K(78912K), 0.0002020 secs]
120.546: [GC (Allocation Failure) 36191K->435K(77696K), 0.0002150 secs]
120.561: [GC (Allocation Failure) 35019K->435K(76544K), 0.0002160 secs]
120.591: [GC (Allocation Failure) 33847K->435K(75456K), 0.0002240 secs]
120.606: [GC (Allocation Failure) 32772K->435K(74432K), 0.0002010 secs]
120.627: [GC (Allocation Failure) 31698K->435K(73408K), 0.0002020 secs]
120.640: [GC (Allocation Failure) 30721K->435K(72448K), 0.0002080 secs]
120.657: [GC (Allocation Failure) 29745K->435K(78336K), 0.0002210 secs]
120.692: [GC (Allocation Failure) 35605K->435K(77184K), 0.0002170 secs]
120.707: [GC (Allocation Failure) 34530K->435K(76032K), 0.0002140 secs]
120.721: [GC (Allocation Failure) 33358K->435K(82624K), 0.0002040 secs]
120.742: [GC (Allocation Failure) 39902K->435K(81280K), 0.0002110 secs]
120.844: [GC (Allocation Failure) 38633K->435K(80000K), 0.0002240 secs]
120.864: [GC (Allocation Failure) 37363K->435K(78720K), 0.0002010 secs]
120.879: [GC (Allocation Failure) 35996K->435K(77504K), 0.0002110 secs]
120.898: [GC (Allocation Failure) 34823K->435K(76352K), 0.0002010 secs]
120.913: [GC (Allocation Failure) 33651K->435K(75264K), 0.0002020 secs]
120.941: [GC (Allocation Failure) 32577K->435K(74240K), 0.0002110 secs]
120.955: [GC (Allocation Failure) 31600K->435K(73216K), 0.0002010 secs]
120.972: [GC (Allocation Failure) 30526K->435K(72256K), 0.0002090 secs]
121.027: [GC (Allocation Failure) 29549K->435K(71360K), 0.0002060 secs]
121.044: [GC (Allocation Failure) 28670K->435K(70464K), 0.0002020 secs]
121.143: [GC (Allocation Failure) 27791K->435K(69632K), 0.0002060 secs]
121.158: [GC (Allocation Failure) 26912K->435K(68864K), 0.0002160 secs]
121.193: [GC (Allocation Failure) 26131K->435K(68096K), 0.0002020 secs]
121.204: [GC (Allocation Failure) 25447K->435K(67392K), 0.0002180 secs]
121.242: [GC (Allocation Failure) 24662K->435K(66688K), 0.0002120 secs]
121.256: [GC (Allocation Failure) 23978K->435K(66048K), 0.0002290 secs]
121.291: [GC (Allocation Failure) 23392K->435K(65408K), 0.0002110 secs]
121.302: [GC (Allocation Failure) 22708K->435K(69888K), 0.0002170 secs]
121.317: [GC (Allocation Failure) 27205K->435K(75264K), 0.0002100 secs]
121.336: [GC (Allocation Failure) 32577K->435K(81728K), 0.0002110 secs]
121.357: [GC (Allocation Failure) 39023K->435K(89472K), 0.0002010 secs]
121.377: [GC (Allocation Failure) 46739K->435K(87808K), 0.0002030 secs]
121.447: [GC (Allocation Failure) 45079K->435K(86208K), 0.0002030 secs]
121.497: [GC (Allocation Failure) 43516K->435K(84672K), 0.0002140 secs]
121.515: [GC (Allocation Failure) 41953K->435K(83200K), 0.0002010 secs]
121.536: [GC (Allocation Failure) 40488K->435K(81792K), 0.0002120 secs]
121.553: [GC (Allocation Failure) 39121K->435K(80448K), 0.0002000 secs]
121.598: [GC (Allocation Failure) 37754K->435K(79168K), 0.0002820 secs]
121.618: [GC (Allocation Failure) 36484K->435K(77952K), 0.0002130 secs]
121.747: [GC (Allocation Failure) 35312K->435K(76800K), 0.0002210 secs]
121.766: [GC (Allocation Failure) 34140K->435K(75712K), 0.0002000 secs]
121.780: [GC (Allocation Failure) 33065K->435K(74624K), 0.0002030 secs]
121.798: [GC (Allocation Failure) 31893K->435K(73600K), 0.0002140 secs]
121.827: [GC (Allocation Failure) 30917K->435K(72640K), 0.0002760 secs]
121.895: [GC (Allocation Failure) 29940K->435K(71744K), 0.0002270 secs]
121.911: [GC (Allocation Failure) 29061K->435K(70848K), 0.0002020 secs]
121.923: [GC (Allocation Failure) 28182K->435K(70016K), 0.0002270 secs]
121.935: [GC (Allocation Failure) 27303K->435K(75456K), 0.0002150 secs]
121.973: [GC (Allocation Failure) 32772K->435K(74432K), 0.0002030 secs]
122.042: [GC (Allocation Failure) 31698K->435K(73408K), 0.0002210 secs]
122.059: [GC (Allocation Failure) 30721K->435K(72448K), 0.0002000 secs]
122.072: [GC (Allocation Failure) 29745K->435K(78336K), 0.0002300 secs]
122.092: [GC (Allocation Failure) 35605K->435K(85440K), 0.0002190 secs]
122.151: [GC (Allocation Failure) 42735K->435K(83968K), 0.0002130 secs]
122.169: [GC (Allocation Failure) 41270K->435K(82560K), 0.0002260 secs]
122.190: [GC (Allocation Failure) 39902K->435K(81216K), 0.0002120 secs]
122.207: [GC (Allocation Failure) 38535K->435K(79936K), 0.0002010 secs]
122.235: [GC (Allocation Failure) 37265K->435K(78656K), 0.0002150 secs]
122.250: [GC (Allocation Failure) 35996K->435K(85824K), 0.0002880 secs]
122.298: [GC (Allocation Failure) 43126K->435K(84288K), 0.0002280 secs]
122.316: [GC (Allocation Failure) 41563K->435K(82816K), 0.0002040 secs]
122.337: [GC (Allocation Failure) 40098K->435K(81408K), 0.0002230 secs]
122.372: [GC (Allocation Failure) 38730K->435K(80064K), 0.0002280 secs]
122.389: [GC (Allocation Failure) 37363K->435K(78784K), 0.0002210 secs]
122.420: [GC (Allocation Failure) 36093K->435K(77568K), 0.0002280 secs]
122.435: [GC (Allocation Failure) 34921K->435K(76416K), 0.0002010 secs]
122.450: [GC (Allocation Failure) 33749K->435K(75328K), 0.0002040 secs]
122.647: [GC (Allocation Failure) 32675K->435K(74304K), 0.0002210 secs]
122.665: [GC (Allocation Failure) 31600K->435K(73280K), 0.0002120 secs]
122.697: [GC (Allocation Failure) 30624K->435K(72320K), 0.0002090 secs]
122.714: [GC (Allocation Failure) 29647K->435K(71424K), 0.0002080 secs]
122.726: [GC (Allocation Failure) 28768K->435K(70528K), 0.0002210 secs]
122.738: [GC (Allocation Failure) 27889K->435K(76032K), 0.0002120 secs]
122.894: [GC (Allocation Failure) 33358K->435K(74944K), 0.0002130 secs]
122.912: [GC (Allocation Failure) 32284K->435K(73920K), 0.0002010 secs]
122.947: [GC (Allocation Failure) 31210K->435K(72960K), 0.0002180 secs]
122.965: [GC (Allocation Failure) 30233K->435K(72000K), 0.0002130 secs]
122.978: [GC (Allocation Failure) 29354K->435K(71104K), 0.0002030 secs]
122.994: [GC (Allocation Failure) 28377K->435K(76736K), 0.0002120 secs]
123.009: [GC (Allocation Failure) 34042K->435K(83520K), 0.0002160 secs]
123.030: [GC (Allocation Failure) 40879K->435K(91648K), 0.0002050 secs]
123.255: [GC (Allocation Failure) 48986K->435K(89856K), 0.0002100 secs]
123.276: [GC (Allocation Failure) 47130K->435K(88128K), 0.0002160 secs]
123.304: [GC (Allocation Failure) 45470K->435K(86528K), 0.0002220 secs]
123.323: [GC (Allocation Failure) 43809K->435K(84992K), 0.0002040 secs]
123.353: [GC (Allocation Failure) 42344K->435K(83520K), 0.0002390 secs]
123.372: [GC (Allocation Failure) 40879K->435K(82112K), 0.0002150 secs]
123.440: [GC (Allocation Failure) 39414K->435K(80768K), 0.0002330 secs]
123.461: [GC (Allocation Failure) 38047K->435K(79488K), 0.0002170 secs]
123.532: [GC (Allocation Failure) 36777K->435K(78272K), 0.0002140 secs]
123.551: [GC (Allocation Failure) 35605K->435K(77120K), 0.0002030 secs]
123.566: [GC (Allocation Failure) 34433K->435K(75968K), 0.0002030 secs]
123.599: [GC (Allocation Failure) 33261K->435K(74880K), 0.0002220 secs]
123.617: [GC (Allocation Failure) 32186K->435K(73856K), 0.0002220 secs]
123.668: [GC (Allocation Failure) 31210K->435K(72896K), 0.0002180 secs]
123.685: [GC (Allocation Failure) 30233K->435K(71936K), 0.0002750 secs]
123.702: [GC (Allocation Failure) 29256K->435K(71040K), 0.0002130 secs]
123.714: [GC (Allocation Failure) 28377K->435K(76672K), 0.0002380 secs]
123.729: [GC (Allocation Failure) 33944K->435K(83392K), 0.0002020 secs]
123.780: [GC (Allocation Failure) 40684K->435K(81984K), 0.0002120 secs]
123.797: [GC (Allocation Failure) 39316K->435K(80640K), 0.0002020 secs]
123.847: [GC (Allocation Failure) 37949K->435K(79360K), 0.0002250 secs]
123.863: [GC (Allocation Failure) 36679K->435K(78144K), 0.0002030 secs]
123.881: [GC (Allocation Failure) 35409K->435K(76992K), 0.0002000 secs]
123.900: [GC (Allocation Failure) 34335K->435K(75904K), 0.0002180 secs]
123.914: [GC (Allocation Failure) 33261K->435K(82496K), 0.0002240 secs]
123.931: [GC (Allocation Failure) 39805K->435K(90432K), 0.0002110 secs]
123.956: [GC (Allocation Failure) 47716K->435K(88704K), 0.0002000 secs]
123.980: [GC (Allocation Failure) 46056K->435K(87040K), 0.0002120 secs]
124.000: [GC (Allocation Failure) 44395K->435K(85440K), 0.0002130 secs]
124.054: [GC (Allocation Failure) 42735K->435K(83968K), 0.0002210 secs]
124.072: [GC (Allocation Failure) 41270K->435K(82560K), 0.0002040 secs]
124.148: [GC (Allocation Failure) 39902K->435K(81216K), 0.0002120 secs]
124.169: [GC (Allocation Failure) 38535K->435K(79936K), 0.0002220 secs]
124.197: [GC (Allocation Failure) 37265K->435K(78656K), 0.0002120 secs]
124.216: [GC (Allocation Failure) 35996K->435K(77440K), 0.0001930 secs]
124.234: [GC (Allocation Failure) 34726K->435K(76288K), 0.0002150 secs]
124.253: [GC (Allocation Failure) 33554K->435K(82944K), 0.0003390 secs]
124.271: [GC (Allocation Failure) 40293K->435K(90944K), 0.0002030 secs]
124.297: [GC (Allocation Failure) 48302K->435K(89216K), 0.0002150 secs]
124.341: [GC (Allocation Failure) 46544K->435K(87552K), 0.0002340 secs]
124.366: [GC (Allocation Failure) 44884K->435K(85952K), 0.0002170 secs]
124.395: [GC (Allocation Failure) 43223K->435K(84416K), 0.0002090 secs]
124.415: [GC (Allocation Failure) 41758K->435K(82944K), 0.0002790 secs]
124.432: [GC (Allocation Failure) 40293K->435K(81536K), 0.0001980 secs]
124.495: [GC (Allocation Failure) 38828K->435K(80192K), 0.0002060 secs]
124.634: [GC (Allocation Failure) 37461K->435K(78912K), 0.0002220 secs]
124.670: [GC (Allocation Failure) 36191K->435K(77696K), 0.0002230 secs]
124.685: [GC (Allocation Failure) 35019K->435K(76544K), 0.0002050 secs]
124.703: [GC (Allocation Failure) 33847K->435K(75456K), 0.0002140 secs]
124.721: [GC (Allocation Failure) 32772K->435K(74432K), 0.0002000 secs]
124.735: [GC (Allocation Failure) 31698K->435K(73408K), 0.0002230 secs]
124.752: [GC (Allocation Failure) 30721K->435K(72448K), 0.0002150 secs]
124.899: [GC (Allocation Failure) 29745K->435K(71552K), 0.0002160 secs]
124.916: [GC (Allocation Failure) 28865K->435K(70656K), 0.0002360 secs]
124.945: [GC (Allocation Failure) 27986K->435K(69824K), 0.0002020 secs]
124.970: [GC (Allocation Failure) 27107K->435K(68992K), 0.0002210 secs]
124.982: [GC (Allocation Failure) 26326K->435K(68224K), 0.0002030 secs]
124.993: [GC (Allocation Failure) 25545K->435K(73280K), 0.0002040 secs]
125.046: [GC (Allocation Failure) 30624K->435K(72320K), 0.0002140 secs]
125.063: [GC (Allocation Failure) 29647K->435K(78208K), 0.0002710 secs]
125.082: [GC (Allocation Failure) 35507K->435K(85248K), 0.0002150 secs]
125.104: [GC (Allocation Failure) 42540K->435K(83776K), 0.0002240 secs]
125.172: [GC (Allocation Failure) 41074K->435K(82368K), 0.0002230 secs]
125.189: [GC (Allocation Failure) 39707K->435K(81024K), 0.0002040 secs]
125.254: [GC (Allocation Failure) 38340K->435K(79744K), 0.0002160 secs]
125.274: [GC (Allocation Failure) 37070K->435K(78528K), 0.0002050 secs]
125.290: [GC (Allocation Failure) 35800K->435K(77312K), 0.0002240 secs]
125.308: [GC (Allocation Failure) 34628K->435K(76160K), 0.0002010 secs]
125.323: [GC (Allocation Failure) 33456K->435K(75072K), 0.0002170 secs]
125.347: [GC (Allocation Failure) 32382K->435K(74048K), 0.0002270 secs]
125.361: [GC (Allocation Failure) 31405K->435K(80256K), 0.0002030 secs]
125.381: [GC (Allocation Failure) 37558K->435K(78976K), 0.0002000 secs]
125.401: [GC (Allocation Failure) 36289K->435K(77760K), 0.0002140 secs]
125.419: [GC (Allocation Failure) 35116K->435K(84736K), 0.0003160 secs]
125.437: [GC (Allocation Failure) 42051K->435K(93120K), 0.0002160 secs]
125.505: [GC (Allocation Failure) 50455K->435K(91264K), 0.0002060 secs]
125.543: [GC (Allocation Failure) 48595K->435K(89472K), 0.0002170 secs]
125.563: [GC (Allocation Failure) 46739K->435K(87808K), 0.0002040 secs]
125.582: [GC (Allocation Failure) 45079K->435K(86208K), 0.0002040 secs]
125.601: [GC (Allocation Failure) 43516K->435K(84672K), 0.0002150 secs]
125.652: [GC (Allocation Failure) 41953K->435K(83200K), 0.0002040 secs]
125.780: [GC (Allocation Failure) 40488K->435K(81792K), 0.0002160 secs]
125.797: [GC (Allocation Failure) 39121K->435K(80448K), 0.0002140 secs]
125.817: [GC (Allocation Failure) 37754K->435K(79168K), 0.0002110 secs]
125.836: [GC (Allocation Failure) 36484K->435K(77952K), 0.0002740 secs]
125.899: [GC (Allocation Failure) 35312K->435K(76800K), 0.0002060 secs]
125.938: [GC (Allocation Failure) 34140K->435K(75712K), 0.0002220 secs]
125.953: [GC (Allocation Failure) 33065K->435K(74624K), 0.0002070 secs]
126.102: [GC (Allocation Failure) 31893K->435K(73600K), 0.0002220 secs]
126.115: [GC (Allocation Failure) 30917K->435K(72640K), 0.0002180 secs]
126.132: [GC (Allocation Failure) 29940K->435K(71744K), 0.0002710 secs]
126.149: [GC (Allocation Failure) 29061K->435K(77504K), 0.0002140 secs]
126.164: [GC (Allocation Failure) 34823K->435K(84416K), 0.0002180 secs]
126.182: [GC (Allocation Failure) 41758K->435K(92736K), 0.0002140 secs]
126.357: [GC (Allocation Failure) 50064K->435K(90880K), 0.0002100 secs]
126.383: [GC (Allocation Failure) 48204K->435K(89152K), 0.0002240 secs]
126.404: [GC (Allocation Failure) 46446K->435K(87488K), 0.0002190 secs]
126.424: [GC (Allocation Failure) 44786K->435K(85888K), 0.0002150 secs]
126.447: [GC (Allocation Failure) 43223K->435K(84352K), 0.0002010 secs]
126.465: [GC (Allocation Failure) 41660K->435K(82880K), 0.0002280 secs]
126.482: [GC (Allocation Failure) 40195K->435K(81472K), 0.0002150 secs]
126.583: [GC (Allocation Failure) 38828K->435K(80128K), 0.0003310 secs]
126.604: [GC (Allocation Failure) 37461K->435K(78848K), 0.0002310 secs]
126.622: [GC (Allocation Failure) 36191K->435K(77632K), 0.0002500 secs]
126.665: [GC (Allocation Failure) 34921K->435K(76480K), 0.0002160 secs]
126.679: [GC (Allocation Failure) 33749K->435K(75392K), 0.0002030 secs]
126.697: [GC (Allocation Failure) 32675K->435K(74368K), 0.0002150 secs]
126.711: [GC (Allocation Failure) 31698K->435K(80640K), 0.0002030 secs]
126.755: [GC (Allocation Failure) 37949K->435K(79360K), 0.0002130 secs]
126.775: [GC (Allocation Failure) 36679K->435K(78144K), 0.0002020 secs]
126.791: [GC (Allocation Failure) 35409K->435K(76992K), 0.0002100 secs]
126.805: [GC (Allocation Failure) 34335K->435K(75904K), 0.0002010 secs]
126.823: [GC (Allocation Failure) 33261K->435K(74816K), 0.0002150 secs]
126.838: [GC (Allocation Failure) 32089K->435K(81216K), 0.0002260 secs]
126.858: [GC (Allocation Failure) 38535K->435K(88896K), 0.0002080 secs]
126.959: [GC (Allocation Failure) 46251K->435K(87232K), 0.0002140 secs]
126.978: [GC (Allocation Failure) 44591K->435K(85632K), 0.0002030 secs]
127.040: [GC (Allocation Failure) 42930K->435K(84096K), 0.0002140 secs]
127.107: [GC (Allocation Failure) 41367K->435K(82624K), 0.0002150 secs]
127.125: [GC (Allocation Failure) 39902K->435K(81280K), 0.0003200 secs]
127.167: [GC (Allocation Failure) 38633K->435K(80000K), 0.0002310 secs]
127.186: [GC (Allocation Failure) 37363K->435K(78720K), 0.0002030 secs]
127.255: [GC (Allocation Failure) 35996K->435K(77504K), 0.0002110 secs]
127.270: [GC (Allocation Failure) 34823K->435K(76352K), 0.0002460 secs]
127.286: [GC (Allocation Failure) 33651K->435K(75264K), 0.0002200 secs]
127.304: [GC (Allocation Failure) 32577K->435K(74240K), 0.0002160 secs]
127.353: [GC (Allocation Failure) 31600K->435K(73216K), 0.0002080 secs]
127.367: [GC (Allocation Failure) 30526K->435K(72256K), 0.0002020 secs]
127.403: [GC (Allocation Failure) 29549K->435K(71360K), 0.0002170 secs]
127.419: [GC (Allocation Failure) 28670K->435K(70464K), 0.0002010 secs]
127.431: [GC (Allocation Failure) 27791K->435K(75968K), 0.0002170 secs]
127.450: [GC (Allocation Failure) 33261K->435K(82560K), 0.0002130 secs]
127.504: [GC (Allocation Failure) 39902K->435K(81216K), 0.0002030 secs]
127.553: [GC (Allocation Failure) 38535K->435K(79936K), 0.0002140 secs]
127.569: [GC (Allocation Failure) 37265K->435K(78656K), 0.0002020 secs]
127.587: [GC (Allocation Failure) 35996K->435K(77440K), 0.0002090 secs]
127.651: [GC (Allocation Failure) 34726K->435K(76288K), 0.0002040 secs]
127.781: [GC (Allocation Failure) 33554K->435K(75200K), 0.0002260 secs]
127.796: [GC (Allocation Failure) 32479K->435K(81664K), 0.0003880 secs]
127.839: [GC (Allocation Failure) 39023K->435K(80320K), 0.0002090 secs]
127.903: [GC (Allocation Failure) 37656K->435K(79040K), 0.0002170 secs]
127.938: [GC (Allocation Failure) 36386K->435K(77824K), 0.0002040 secs]
128.102: [GC (Allocation Failure) 35116K->435K(76672K), 0.0002230 secs]
128.116: [GC (Allocation Failure) 33944K->435K(75584K), 0.0002030 secs]
128.165: [GC (Allocation Failure) 32870K->435K(74560K), 0.0002150 secs]
128.182: [GC (Allocation Failure) 31893K->435K(73536K), 0.0002190 secs]
128.241: [GC (Allocation Failure) 30819K->435K(72576K), 0.0002250 secs]
128.258: [GC (Allocation Failure) 29842K->435K(71680K), 0.0002240 secs]
128.359: [GC (Allocation Failure) 28963K->435K(70784K), 0.0002190 secs]
128.373: [GC (Allocation Failure) 28084K->435K(69952K), 0.0002260 secs]
128.403: [GC (Allocation Failure) 27303K->435K(69120K), 0.0002100 secs]
128.415: [GC (Allocation Failure) 26424K->435K(68352K), 0.0002080 secs]
128.431: [GC (Allocation Failure) 25642K->435K(73408K), 0.0002700 secs]
128.444: [GC (Allocation Failure) 30721K->435K(79488K), 0.0002190 secs]
128.504: [GC (Allocation Failure) 36777K->435K(78272K), 0.0002280 secs]
128.523: [GC (Allocation Failure) 35605K->435K(77120K), 0.0002100 secs]
128.556: [GC (Allocation Failure) 34433K->435K(75968K), 0.0002050 secs]
128.571: [GC (Allocation Failure) 33261K->435K(74880K), 0.0002130 secs]
128.668: [GC (Allocation Failure) 32186K->435K(73856K), 0.0002120 secs]
128.686: [GC (Allocation Failure) 31210K->435K(72896K), 0.0002270 secs]
128.801: [GC (Allocation Failure) 30233K->435K(71936K), 0.0002060 secs]
128.855: [GC (Allocation Failure) 29256K->435K(71040K), 0.0002110 secs]
128.867: [GC (Allocation Failure) 28377K->435K(70208K), 0.0002110 secs]
128.879: [GC (Allocation Failure) 27498K->435K(69376K), 0.0002000 secs]
128.999: [GC (Allocation Failure) 26717K->435K(68608K), 0.0002140 secs]
129.038: [GC (Allocation Failure) 25935K->435K(67840K), 0.0002090 secs]
129.053: [GC (Allocation Failure) 25150K->435K(67136K), 0.0002750 secs]
129.064: [GC (Allocation Failure) 24466K->435K(72000K), 0.0002280 secs]
129.081: [GC (Allocation Failure) 29354K->435K(77824K), 0.0002160 secs]
129.101: [GC (Allocation Failure) 35116K->435K(84800K), 0.0002810 secs]
129.123: [GC (Allocation Failure) 42149K->435K(93184K), 0.0002210 secs]
129.148: [GC (Allocation Failure) 50455K->435K(91328K), 0.0002100 secs]
129.180: [GC (Allocation Failure) 48595K->435K(89536K), 0.0002040 secs]
129.259: [GC (Allocation Failure) 46837K->435K(87872K), 0.0002880 secs]
129.289: [GC (Allocation Failure) 45177K->435K(86272K), 0.0002160 secs]
129.308: [GC (Allocation Failure) 43614K->435K(84736K), 0.0002040 secs]
129.361: [GC (Allocation Failure) 42051K->435K(83264K), 0.0002210 secs]
129.382: [GC (Allocation Failure) 40586K->435K(81856K), 0.0002100 secs]
129.406: [GC (Allocation Failure) 39219K->435K(80512K), 0.0002120 secs]
129.422: [GC (Allocation Failure) 37851K->435K(79232K), 0.0002030 secs]
129.442: [GC (Allocation Failure) 36582K->435K(78016K), 0.0002130 secs]
129.541: [GC (Allocation Failure) 35312K->435K(76864K), 0.0002150 secs]
129.556: [GC (Allocation Failure) 34140K->435K(75776K), 0.0002050 secs]
129.603: [GC (Allocation Failure) 33065K->435K(74688K), 0.0002050 secs]
129.657: [GC (Allocation Failure) 31991K->435K(73664K), 0.0002110 secs]
129.674: [GC (Allocation Failure) 31014K->435K(72704K), 0.0002110 secs]
129.689: [GC (Allocation Failure) 30038K->435K(71808K), 0.0002100 secs]
129.702: [GC (Allocation Failure) 29158K->435K(70912K), 0.0002050 secs]
129.771: [GC (Allocation Failure) 28182K->435K(70080K), 0.0002110 secs]
129.786: [GC (Allocation Failure) 27400K->435K(69248K), 0.0002030 secs]
129.802: [GC (Allocation Failure) 26521K->435K(68480K), 0.0002380 secs]
129.851: [GC (Allocation Failure) 25838K->435K(67712K), 0.0002020 secs]
129.954: [GC (Allocation Failure) 25052K->435K(67008K), 0.0002160 secs]
129.969: [GC (Allocation Failure) 24369K->435K(66304K), 0.0002270 secs]
130.004: [GC (Allocation Failure) 23587K->435K(65664K), 0.0002110 secs]
130.018: [GC (Allocation Failure) 23001K->435K(65024K), 0.0002180 secs]
130.028: [GC (Allocation Failure) 22317K->435K(69440K), 0.0002680 secs]
130.155: [GC (Allocation Failure) 26717K->435K(68672K), 0.0002090 secs]
130.166: [GC (Allocation Failure) 26033K->435K(73792K), 0.0002150 secs]
130.183: [GC (Allocation Failure) 31112K->435K(79936K), 0.0002110 secs]
130.204: [GC (Allocation Failure) 37265K->435K(87360K), 0.0002100 secs]
130.227: [GC (Allocation Failure) 44688K->435K(96256K), 0.0003140 secs]
130.267: [GC (Allocation Failure) 53580K->435K(94272K), 0.0002050 secs]
130.290: [GC (Allocation Failure) 51627K->435K(92352K), 0.0002080 secs]
130.315: [GC (Allocation Failure) 49670K->435K(90496K), 0.0002120 secs]
130.340: [GC (Allocation Failure) 47814K->435K(88768K), 0.0002160 secs]
130.365: [GC (Allocation Failure) 46056K->435K(87104K), 0.0002730 secs]
130.384: [GC (Allocation Failure) 44395K->435K(85504K), 0.0002170 secs]
130.407: [GC (Allocation Failure) 42833K->435K(83968K), 0.0002170 secs]
130.425: [GC (Allocation Failure) 41270K->435K(82560K), 0.0002170 secs]
130.446: [GC (Allocation Failure) 39902K->435K(81216K), 0.0002160 secs]
130.507: [GC (Allocation Failure) 38535K->435K(79936K), 0.0002060 secs]
130.556: [GC (Allocation Failure) 37265K->435K(78656K), 0.0002060 secs]
130.576: [GC (Allocation Failure) 35996K->435K(77440K), 0.0002710 secs]
130.595: [GC (Allocation Failure) 34726K->435K(76288K), 0.0002720 secs]
130.614: [GC (Allocation Failure) 33554K->435K(75200K), 0.0002180 secs]
130.629: [GC (Allocation Failure) 32479K->435K(74176K), 0.0002060 secs]
130.647: [GC (Allocation Failure) 31503K->435K(80448K), 0.0002720 secs]
130.663: [GC (Allocation Failure) 37754K->435K(87936K), 0.0002170 secs]
130.711: [GC (Allocation Failure) 45274K->435K(86336K), 0.0002190 secs]
130.747: [GC (Allocation Failure) 43614K->435K(84800K), 0.0002160 secs]
130.765: [GC (Allocation Failure) 42149K->435K(83328K), 0.0002140 secs]
130.786: [GC (Allocation Failure) 40684K->435K(81920K), 0.0002010 secs]
130.807: [GC (Allocation Failure) 39219K->435K(80576K), 0.0002210 secs]
130.857: [GC (Allocation Failure) 37851K->435K(79296K), 0.0002150 secs]
130.877: [GC (Allocation Failure) 36582K->435K(78080K), 0.0002110 secs]
131.010: [GC (Allocation Failure) 35409K->435K(76928K), 0.0002180 secs]
131.025: [GC (Allocation Failure) 34237K->435K(75840K), 0.0002160 secs]
131.060: [GC (Allocation Failure) 33163K->435K(74752K), 0.0002240 secs]
131.075: [GC (Allocation Failure) 32089K->435K(73728K), 0.0002410 secs]
131.088: [GC (Allocation Failure) 31014K->435K(72768K), 0.0002020 secs]
131.101: [GC (Allocation Failure) 30038K->435K(78720K), 0.0002030 secs]
131.121: [GC (Allocation Failure) 35996K->435K(85888K), 0.0002220 secs]
131.160: [GC (Allocation Failure) 43223K->435K(84352K), 0.0002130 secs]
131.182: [GC (Allocation Failure) 41660K->435K(82880K), 0.0002110 secs]
131.203: [GC (Allocation Failure) 40195K->435K(81472K), 0.0002210 secs]
131.312: [GC (Allocation Failure) 38828K->435K(80128K), 0.0002110 secs]
131.333: [GC (Allocation Failure) 37461K->435K(78848K), 0.0002130 secs]
131.349: [GC (Allocation Failure) 36191K->435K(77632K), 0.0002170 secs]
131.381: [GC (Allocation Failure) 34921K->435K(76480K), 0.0002220 secs]
131.400: [GC (Allocation Failure) 33749K->435K(75392K), 0.0002200 secs]
131.443: [GC (Allocation Failure) 32675K->435K(74368K), 0.0002130 secs]
131.489: [GC (Allocation Failure) 31698K->435K(73344K), 0.0002430 secs]
131.507: [GC (Allocation Failure) 30624K->435K(72384K), 0.0002400 secs]
131.609: [GC (Allocation Failure) 29745K->435K(71488K), 0.0002150 secs]
131.621: [GC (Allocation Failure) 28768K->435K(70592K), 0.0002270 secs]
131.634: [GC (Allocation Failure) 27889K->435K(76096K), 0.0002150 secs]
131.706: [GC (Allocation Failure) 33456K->435K(75008K), 0.0002230 secs]
131.724: [GC (Allocation Failure) 32284K->435K(73984K), 0.0002010 secs]
131.756: [GC (Allocation Failure) 31307K->435K(73024K), 0.0002140 secs]
131.848: [GC (Allocation Failure) 30331K->435K(72064K), 0.0002140 secs]
131.860: [GC (Allocation Failure) 29354K->435K(71168K), 0.0002020 secs]
131.873: [GC (Allocation Failure) 28475K->435K(70336K), 0.0002050 secs]
131.946: [GC (Allocation Failure) 27693K->435K(69504K), 0.0002110 secs]
131.958: [GC (Allocation Failure) 26814K->435K(74816K), 0.0002320 secs]
131.976: [GC (Allocation Failure) 32089K->435K(81216K), 0.0002160 secs]
131.993: [GC (Allocation Failure) 38535K->435K(88896K), 0.0002120 secs]
132.013: [GC (Allocation Failure) 46251K->435K(87232K), 0.0002040 secs]
132.036: [GC (Allocation Failure) 44591K->435K(85632K), 0.0002030 secs]
132.058: [GC (Allocation Failure) 42930K->435K(84096K), 0.0002440 secs]
132.080: [GC (Allocation Failure) 41367K->435K(82624K), 0.0002090 secs]
132.160: [GC (Allocation Failure) 39902K->435K(81280K), 0.0002750 secs]
132.214: [GC (Allocation Failure) 38633K->435K(80000K), 0.0002130 secs]
132.230: [GC (Allocation Failure) 37363K->435K(78720K), 0.0002030 secs]
132.262: [GC (Allocation Failure) 35996K->435K(77504K), 0.0002110 secs]
132.277: [GC (Allocation Failure) 34823K->435K(76352K), 0.0002150 secs]
132.293: [GC (Allocation Failure) 33651K->435K(75264K), 0.0002100 secs]
132.350: [GC (Allocation Failure) 32577K->435K(74240K), 0.0002120 secs]
132.372: [GC (Allocation Failure) 31600K->435K(73216K), 0.0002240 secs]
132.385: [GC (Allocation Failure) 30526K->435K(72256K), 0.0002040 secs]
132.407: [GC (Allocation Failure) 29549K->435K(71360K), 0.0002640 secs]
132.420: [GC (Allocation Failure) 28670K->435K(77056K), 0.0001970 secs]
132.435: [GC (Allocation Failure) 34335K->435K(83904K), 0.0002010 secs]
132.515: [GC (Allocation Failure) 41172K->435K(82496K), 0.0002210 secs]
132.536: [GC (Allocation Failure) 39805K->435K(81152K), 0.0002000 secs]
132.557: [GC (Allocation Failure) 38437K->435K(79872K), 0.0002090 secs]
132.573: [GC (Allocation Failure) 37168K->435K(78656K), 0.0002170 secs]
132.591: [GC (Allocation Failure) 35996K->435K(77440K), 0.0001980 secs]
132.610: [GC (Allocation Failure) 34726K->435K(76288K), 0.0002090 secs]
132.629: [GC (Allocation Failure) 33554K->435K(75200K), 0.0002120 secs]
132.652: [GC (Allocation Failure) 32479K->435K(74176K), 0.0002200 secs]
132.666: [GC (Allocation Failure) 31503K->435K(80448K), 0.0002310 secs]
132.686: [GC (Allocation Failure) 37754K->435K(87936K), 0.0002160 secs]
132.718: [GC (Allocation Failure) 45274K->435K(86336K), 0.0002190 secs]
132.738: [GC (Allocation Failure) 43614K->435K(95040K), 0.0003220 secs]
132.820: [GC (Allocation Failure) 52311K->435K(93120K), 0.0002170 secs]
132.842: [GC (Allocation Failure) 50455K->435K(91264K), 0.0002800 secs]
132.915: [GC (Allocation Failure) 48595K->435K(89472K), 0.0002220 secs]
132.939: [GC (Allocation Failure) 46739K->435K(87808K), 0.0002100 secs]
132.967: [GC (Allocation Failure) 45079K->435K(86208K), 0.0002050 secs]
132.990: [GC (Allocation Failure) 43516K->435K(84672K), 0.0002020 secs]
133.013: [GC (Allocation Failure) 41953K->435K(83200K), 0.0002120 secs]
133.056: [GC (Allocation Failure) 40488K->435K(81792K), 0.0002160 secs]
133.072: [GC (Allocation Failure) 39121K->435K(80448K), 0.0002150 secs]
133.093: [GC (Allocation Failure) 37754K->435K(79168K), 0.0002020 secs]
133.112: [GC (Allocation Failure) 36484K->435K(77952K), 0.0002120 secs]
133.132: [GC (Allocation Failure) 35312K->435K(76800K), 0.0002010 secs]
133.159: [GC (Allocation Failure) 34140K->435K(75712K), 0.0002250 secs]
133.177: [GC (Allocation Failure) 33065K->435K(74624K), 0.0002140 secs]
133.191: [GC (Allocation Failure) 31893K->435K(73600K), 0.0002140 secs]
133.308: [GC (Allocation Failure) 30917K->435K(72640K), 0.0002130 secs]
133.325: [GC (Allocation Failure) 29940K->435K(71744K), 0.0002030 secs]
133.407: [GC (Allocation Failure) 29061K->435K(70848K), 0.0002030 secs]
133.457: [GC (Allocation Failure) 28182K->435K(70016K), 0.0002220 secs]
133.469: [GC (Allocation Failure) 27303K->435K(69184K), 0.0002020 secs]
133.480: [GC (Allocation Failure) 26521K->435K(68416K), 0.0002020 secs]
133.606: [GC (Allocation Failure) 25740K->435K(67648K), 0.0002670 secs]
133.659: [GC (Allocation Failure) 24955K->435K(66944K), 0.0002220 secs]
133.670: [GC (Allocation Failure) 24271K->435K(66240K), 0.0002170 secs]
133.709: [GC (Allocation Failure) 23587K->435K(65600K), 0.0002380 secs]
133.720: [GC (Allocation Failure) 22903K->435K(70144K), 0.0002650 secs]
133.757: [GC (Allocation Failure) 27498K->435K(75584K), 0.0002680 secs]
133.772: [GC (Allocation Failure) 32870K->435K(82112K), 0.0002140 secs]
133.855: [GC (Allocation Failure) 39414K->435K(80768K), 0.0002300 secs]
133.916: [GC (Allocation Failure) 38047K->435K(79488K), 0.0002050 secs]
133.932: [GC (Allocation Failure) 36777K->435K(78272K), 0.0002700 secs]
133.965: [GC (Allocation Failure) 35605K->435K(77120K), 0.0002140 secs]
133.980: [GC (Allocation Failure) 34433K->435K(83968K), 0.0002750 secs]
134.017: [GC (Allocation Failure) 41270K->435K(82560K), 0.0002230 secs]
134.034: [GC (Allocation Failure) 39902K->435K(81216K), 0.0002030 secs]
134.066: [GC (Allocation Failure) 38535K->435K(79936K), 0.0002830 secs]
134.086: [GC (Allocation Failure) 37265K->435K(78656K), 0.0002770 secs]
134.102: [GC (Allocation Failure) 35996K->435K(85824K), 0.0002040 secs]
134.173: [GC (Allocation Failure) 43126K->435K(84288K), 0.0002130 secs]
134.195: [GC (Allocation Failure) 41563K->435K(82816K), 0.0002110 secs]
134.255: [GC (Allocation Failure) 40098K->435K(81408K), 0.0002220 secs]
134.272: [GC (Allocation Failure) 38730K->435K(80064K), 0.0002950 secs]
134.295: [GC (Allocation Failure) 37363K->435K(78784K), 0.0002180 secs]
134.354: [GC (Allocation Failure) 36093K->435K(77568K), 0.0002150 secs]
134.372: [GC (Allocation Failure) 34921K->435K(76416K), 0.0002590 secs]
134.418: [GC (Allocation Failure) 33749K->435K(75328K), 0.0002130 secs]
134.436: [GC (Allocation Failure) 32675K->435K(74304K), 0.0002180 secs]
134.460: [GC (Allocation Failure) 31600K->435K(73280K), 0.0002170 secs]
134.492: [GC (Allocation Failure) 30624K->435K(72320K), 0.0002130 secs]
134.504: [GC (Allocation Failure) 29647K->435K(71424K), 0.0002010 secs]
134.521: [GC (Allocation Failure) 28768K->435K(70528K), 0.0002120 secs]
134.570: [GC (Allocation Failure) 27889K->435K(69696K), 0.0002140 secs]
134.586: [GC (Allocation Failure) 27010K->435K(68928K), 0.0002130 secs]
134.611: [GC (Allocation Failure) 26228K->435K(68160K), 0.0002030 secs]
134.622: [GC (Allocation Failure) 25447K->435K(73216K), 0.0002130 secs]
134.640: [GC (Allocation Failure) 30526K->435K(79296K), 0.0002120 secs]
134.655: [GC (Allocation Failure) 36582K->435K(86592K), 0.0002000 secs]
134.674: [GC (Allocation Failure) 43907K->435K(95296K), 0.0002020 secs]
134.701: [GC (Allocation Failure) 52604K->435K(93312K), 0.0002090 secs]
134.768: [GC (Allocation Failure) 50650K->435K(91456K), 0.0002040 secs]
134.818: [GC (Allocation Failure) 48791K->435K(89664K), 0.0002130 secs]
134.842: [GC (Allocation Failure) 46935K->435K(87936K), 0.0002230 secs]
134.866: [GC (Allocation Failure) 45274K->435K(86336K), 0.0002120 secs]
134.889: [GC (Allocation Failure) 43614K->435K(84800K), 0.0002110 secs]
134.915: [GC (Allocation Failure) 42149K->435K(83328K), 0.0002120 secs]
134.980: [GC (Allocation Failure) 40684K->435K(81920K), 0.0002050 secs]
135.056: [GC (Allocation Failure) 39219K->435K(80576K), 0.0002290 secs]
135.077: [GC (Allocation Failure) 37851K->435K(79296K), 0.0002280 secs]
135.094: [GC (Allocation Failure) 36582K->435K(78080K), 0.0002690 secs]
135.149: [GC (Allocation Failure) 35409K->435K(76928K), 0.0002040 secs]
135.177: [GC (Allocation Failure) 34237K->435K(75840K), 0.0002130 secs]
135.196: [GC (Allocation Failure) 33163K->435K(74752K), 0.0002040 secs]
135.210: [GC (Allocation Failure) 32089K->435K(73728K), 0.0002180 secs]
135.224: [GC (Allocation Failure) 31014K->435K(72768K), 0.0002040 secs]
135.237: [GC (Allocation Failure) 30038K->435K(78720K), 0.0002150 secs]
135.342: [GC (Allocation Failure) 35996K->435K(77504K), 0.0002030 secs]
135.412: [GC (Allocation Failure) 34823K->435K(76352K), 0.0002130 secs]
135.431: [GC (Allocation Failure) 33651K->435K(75264K), 0.0002000 secs]
135.447: [GC (Allocation Failure) 32577K->435K(74240K), 0.0002030 secs]
135.465: [GC (Allocation Failure) 31600K->435K(73216K), 0.0002040 secs]
135.514: [GC (Allocation Failure) 30526K->435K(72256K), 0.0002200 secs]
135.528: [GC (Allocation Failure) 29549K->435K(71360K), 0.0002040 secs]
135.546: [GC (Allocation Failure) 28670K->435K(70464K), 0.0002250 secs]
135.559: [GC (Allocation Failure) 27791K->435K(75968K), 0.0002160 secs]
135.662: [GC (Allocation Failure) 33261K->435K(74880K), 0.0002040 secs]
135.712: [GC (Allocation Failure) 32186K->435K(73856K), 0.0002120 secs]
135.765: [GC (Allocation Failure) 31210K->435K(72896K), 0.0002110 secs]
135.782: [GC (Allocation Failure) 30233K->435K(71936K), 0.0002440 secs]
135.798: [GC (Allocation Failure) 29256K->435K(71040K), 0.0001990 secs]
135.810: [GC (Allocation Failure) 28377K->435K(76672K), 0.0002230 secs]
135.825: [GC (Allocation Failure) 33944K->435K(83392K), 0.0002130 secs]
135.846: [GC (Allocation Failure) 40684K->435K(91456K), 0.0002150 secs]
135.973: [GC (Allocation Failure) 48791K->435K(89664K), 0.0002110 secs]
135.993: [GC (Allocation Failure) 46935K->435K(87936K), 0.0002050 secs]
136.012: [GC (Allocation Failure) 45274K->435K(86336K), 0.0002110 secs]
136.035: [GC (Allocation Failure) 43614K->435K(84800K), 0.0002120 secs]
136.057: [GC (Allocation Failure) 42149K->435K(83328K), 0.0002110 secs]
136.119: [GC (Allocation Failure) 40684K->435K(81920K), 0.0002060 secs]
136.140: [GC (Allocation Failure) 39219K->435K(80576K), 0.0002780 secs]
136.159: [GC (Allocation Failure) 37851K->435K(79296K), 0.0002120 secs]
136.174: [GC (Allocation Failure) 36582K->435K(78080K), 0.0002020 secs]
136.193: [GC (Allocation Failure) 35409K->435K(76928K), 0.0002100 secs]
136.213: [GC (Allocation Failure) 34237K->435K(75840K), 0.0002030 secs]
136.256: [GC (Allocation Failure) 33163K->435K(74752K), 0.0002260 secs]
136.271: [GC (Allocation Failure) 32089K->435K(73728K), 0.0002050 secs]
136.316: [GC (Allocation Failure) 31014K->435K(72768K), 0.0002100 secs]
136.333: [GC (Allocation Failure) 30038K->435K(71808K), 0.0002060 secs]
136.346: [GC (Allocation Failure) 29158K->435K(70912K), 0.0002120 secs]
136.363: [GC (Allocation Failure) 28182K->435K(76480K), 0.0002100 secs]
136.387: [GC (Allocation Failure) 33749K->435K(75392K), 0.0002040 secs]
136.418: [GC (Allocation Failure) 32675K->435K(74368K), 0.0002010 secs]
136.516: [GC (Allocation Failure) 31698K->435K(73344K), 0.0002250 secs]
136.533: [GC (Allocation Failure) 30624K->435K(72384K), 0.0002380 secs]
136.562: [GC (Allocation Failure) 29745K->435K(71488K), 0.0002050 secs]
136.615: [GC (Allocation Failure) 28768K->435K(70592K), 0.0002120 secs]
136.631: [GC (Allocation Failure) 27889K->435K(69760K), 0.0002010 secs]
136.648: [GC (Allocation Failure) 27107K->435K(68992K), 0.0002670 secs]
136.664: [GC (Allocation Failure) 26326K->435K(74176K), 0.0002390 secs]
136.784: [GC (Allocation Failure) 31503K->435K(73152K), 0.0002150 secs]
136.799: [GC (Allocation Failure) 30428K->435K(72192K), 0.0002010 secs]
136.812: [GC (Allocation Failure) 29549K->435K(78016K), 0.0002160 secs]
136.865: [GC (Allocation Failure) 35312K->435K(76864K), 0.0002140 secs]
136.879: [GC (Allocation Failure) 34140K->435K(83648K), 0.0002750 secs]
136.921: [GC (Allocation Failure) 40977K->435K(82240K), 0.0002140 secs]
136.938: [GC (Allocation Failure) 39512K->435K(80896K), 0.0002140 secs]
136.966: [GC (Allocation Failure) 38242K->435K(79616K), 0.0002050 secs]
136.986: [GC (Allocation Failure) 36972K->435K(78400K), 0.0002710 secs]
137.006: [GC (Allocation Failure) 35702K->435K(77248K), 0.0002120 secs]
137.025: [GC (Allocation Failure) 34530K->435K(76096K), 0.0002040 secs]
137.118: [GC (Allocation Failure) 33456K->435K(75008K), 0.0002170 secs]
137.132: [GC (Allocation Failure) 32284K->435K(73984K), 0.0002170 secs]
137.150: [GC (Allocation Failure) 31307K->435K(73024K), 0.0001980 secs]
137.163: [GC (Allocation Failure) 30331K->435K(79040K), 0.0002040 secs]
137.215: [GC (Allocation Failure) 36386K->435K(77824K), 0.0002130 secs]
137.234: [GC (Allocation Failure) 35116K->435K(76672K), 0.0002240 secs]
137.250: [GC (Allocation Failure) 33944K->435K(75584K), 0.0002100 secs]
137.341: [GC (Allocation Failure) 32870K->435K(74560K), 0.0002170 secs]
137.364: [GC (Allocation Failure) 31893K->435K(73536K), 0.0002140 secs]
137.377: [GC (Allocation Failure) 30819K->435K(72576K), 0.0002020 secs]
137.450: [GC (Allocation Failure) 29842K->435K(71680K), 0.0002850 secs]
137.463: [GC (Allocation Failure) 28963K->435K(70784K), 0.0002110 secs]
137.516: [GC (Allocation Failure) 28084K->435K(69952K), 0.0002180 secs]
137.532: [GC (Allocation Failure) 27303K->435K(69120K), 0.0002300 secs]
137.544: [GC (Allocation Failure) 26424K->435K(74368K), 0.0002030 secs]
137.561: [GC (Allocation Failure) 31698K->435K(80640K), 0.0002150 secs]
137.578: [GC (Allocation Failure) 37949K->435K(88192K), 0.0002150 secs]
137.670: [GC (Allocation Failure) 45470K->435K(86592K), 0.0002370 secs]
137.689: [GC (Allocation Failure) 43907K->435K(85056K), 0.0002040 secs]
137.768: [GC (Allocation Failure) 42344K->435K(83584K), 0.0002040 secs]
137.822: [GC (Allocation Failure) 40879K->435K(82176K), 0.0002130 secs]
137.840: [GC (Allocation Failure) 39512K->435K(80832K), 0.0002030 secs]
137.860: [GC (Allocation Failure) 38144K->435K(79552K), 0.0002720 secs]
137.881: [GC (Allocation Failure) 36875K->435K(78336K), 0.0002120 secs]
137.896: [GC (Allocation Failure) 35605K->435K(77184K), 0.0002020 secs]
137.920: [GC (Allocation Failure) 34530K->435K(76032K), 0.0002120 secs]
137.938: [GC (Allocation Failure) 33358K->435K(74944K), 0.0002400 secs]
137.952: [GC (Allocation Failure) 32284K->435K(81344K), 0.0002060 secs]
137.969: [GC (Allocation Failure) 38633K->435K(89024K), 0.0002030 secs]
138.021: [GC (Allocation Failure) 46349K->435K(87360K), 0.0002130 secs]
138.040: [GC (Allocation Failure) 44688K->435K(85760K), 0.0002030 secs]
138.073: [GC (Allocation Failure) 43028K->435K(84224K), 0.0002140 secs]
138.095: [GC (Allocation Failure) 41563K->435K(82752K), 0.0002020 secs]
138.112: [GC (Allocation Failure) 40098K->435K(81344K), 0.0002050 secs]
138.267: [GC (Allocation Failure) 38633K->435K(80000K), 0.0002120 secs]
138.287: [GC (Allocation Failure) 37363K->435K(78720K), 0.0002030 secs]
138.351: [GC (Allocation Failure) 35996K->435K(77504K), 0.0002040 secs]
138.370: [GC (Allocation Failure) 34823K->435K(76352K), 0.0002720 secs]
138.385: [GC (Allocation Failure) 33651K->435K(75264K), 0.0002050 secs]
138.416: [GC (Allocation Failure) 32577K->435K(74240K), 0.0002140 secs]
138.448: [GC (Allocation Failure) 31600K->435K(73216K), 0.0002070 secs]
138.462: [GC (Allocation Failure) 30526K->435K(79296K), 0.0002780 secs]
138.571: [GC (Allocation Failure) 36582K->435K(78080K), 0.0002240 secs]
138.587: [GC (Allocation Failure) 35409K->435K(76928K), 0.0002000 secs]
138.620: [GC (Allocation Failure) 34237K->435K(75840K), 0.0002130 secs]
138.639: [GC (Allocation Failure) 33163K->435K(74752K), 0.0003140 secs]
138.653: [GC (Allocation Failure) 32089K->435K(81088K), 0.0002150 secs]
138.669: [GC (Allocation Failure) 38437K->435K(88704K), 0.0002050 secs]
138.689: [GC (Allocation Failure) 46056K->435K(97856K), 0.0002040 secs]
138.729: [GC (Allocation Failure) 55143K->435K(95744K), 0.0002210 secs]
138.757: [GC (Allocation Failure) 53092K->435K(93760K), 0.0002100 secs]
138.778: [GC (Allocation Failure) 51041K->435K(91840K), 0.0002040 secs]
138.877: [GC (Allocation Failure) 49181K->435K(90048K), 0.0002130 secs]
138.897: [GC (Allocation Failure) 47325K->435K(88320K), 0.0002140 secs]
138.917: [GC (Allocation Failure) 45665K->435K(86656K), 0.0002050 secs]
138.971: [GC (Allocation Failure) 44005K->435K(85120K), 0.0002130 secs]
138.993: [GC (Allocation Failure) 42442K->435K(83648K), 0.0002720 secs]
139.015: [GC (Allocation Failure) 40977K->435K(82240K), 0.0002110 secs]
139.032: [GC (Allocation Failure) 39512K->435K(80896K), 0.0002040 secs]
139.050: [GC (Allocation Failure) 38242K->435K(79616K), 0.0002070 secs]
139.158: [GC (Allocation Failure) 36972K->435K(78400K), 0.0002210 secs]
139.178: [GC (Allocation Failure) 35702K->435K(77248K), 0.0002110 secs]
139.221: [GC (Allocation Failure) 34530K->435K(76096K), 0.0002010 secs]
139.236: [GC (Allocation Failure) 33456K->435K(75008K), 0.0002700 secs]
139.270: [GC (Allocation Failure) 32284K->435K(73984K), 0.0002680 secs]
139.316: [GC (Allocation Failure) 31307K->435K(73024K), 0.0002160 secs]
139.333: [GC (Allocation Failure) 30331K->435K(72064K), 0.0002140 secs]
139.345: [GC (Allocation Failure) 29354K->435K(71168K), 0.0002030 secs]
139.369: [GC (Allocation Failure) 28475K->435K(70336K), 0.0002190 secs]
139.386: [GC (Allocation Failure) 27693K->435K(69504K), 0.0002120 secs]
139.398: [GC (Allocation Failure) 26814K->435K(74816K), 0.0002720 secs]
139.416: [GC (Allocation Failure) 32089K->435K(81216K), 0.0002010 secs]
139.433: [GC (Allocation Failure) 38535K->435K(88896K), 0.0002020 secs]
139.522: [GC (Allocation Failure) 46251K->435K(87232K), 0.0002260 secs]
139.545: [GC (Allocation Failure) 44591K->435K(85632K), 0.0002100 secs]
139.568: [GC (Allocation Failure) 42930K->435K(84096K), 0.0002110 secs]
139.590: [GC (Allocation Failure) 41367K->435K(82624K), 0.0002150 secs]
139.723: [GC (Allocation Failure) 39902K->435K(81280K), 0.0002030 secs]
139.744: [GC (Allocation Failure) 38633K->435K(80000K), 0.0002120 secs]
139.819: [GC (Allocation Failure) 37363K->435K(78720K), 0.0002040 secs]
139.856: [GC (Allocation Failure) 35996K->435K(77504K), 0.0002150 secs]
139.874: [GC (Allocation Failure) 34823K->435K(76352K), 0.0002130 secs]
140.017: [GC (Allocation Failure) 33651K->435K(75264K), 0.0002150 secs]
140.031: [GC (Allocation Failure) 32577K->435K(74240K), 0.0002020 secs]
140.117: [GC (Allocation Failure) 31600K->435K(73216K), 0.0002240 secs]
140.134: [GC (Allocation Failure) 30526K->435K(72256K), 0.0002130 secs]
140.147: [GC (Allocation Failure) 29549K->435K(71360K), 0.0001980 secs]
140.170: [GC (Allocation Failure) 28670K->435K(77056K), 0.0003830 secs]
140.189: [GC (Allocation Failure) 34335K->435K(75904K), 0.0002060 secs]
140.204: [GC (Allocation Failure) 33261K->435K(82496K), 0.0002110 secs]
140.267: [GC (Allocation Failure) 39805K->435K(81152K), 0.0002190 secs]
140.288: [GC (Allocation Failure) 38437K->435K(79872K), 0.0002030 secs]
140.320: [GC (Allocation Failure) 37168K->435K(78656K), 0.0002770 secs]
140.357: [GC (Allocation Failure) 35996K->435K(77440K), 0.0002380 secs]
140.377: [GC (Allocation Failure) 34726K->435K(76288K), 0.0002160 secs]
140.396: [GC (Allocation Failure) 33554K->435K(75200K), 0.0002020 secs]
140.411: [GC (Allocation Failure) 32479K->435K(74176K), 0.0001980 secs]
140.440: [GC (Allocation Failure) 31503K->435K(73152K), 0.0003330 secs]
140.458: [GC (Allocation Failure) 30428K->435K(79168K), 0.0002910 secs]
140.479: [GC (Allocation Failure) 36484K->435K(86400K), 0.0002160 secs]
140.502: [GC (Allocation Failure) 43712K->435K(95104K), 0.0002810 secs]
140.525: [GC (Allocation Failure) 52408K->435K(93120K), 0.0002040 secs]
140.576: [GC (Allocation Failure) 50455K->435K(91264K), 0.0002120 secs]
140.597: [GC (Allocation Failure) 48595K->435K(89472K), 0.0002010 secs]
140.621: [GC (Allocation Failure) 46739K->435K(87808K), 0.0002120 secs]
140.645: [GC (Allocation Failure) 45079K->435K(86208K), 0.0002130 secs]
140.668: [GC (Allocation Failure) 43516K->435K(84672K), 0.0002110 secs]
140.690: [GC (Allocation Failure) 41953K->435K(83200K), 0.0002360 secs]
140.708: [GC (Allocation Failure) 40488K->435K(81792K), 0.0002050 secs]
140.729: [GC (Allocation Failure) 39121K->435K(80448K), 0.0002000 secs]
140.745: [GC (Allocation Failure) 37754K->435K(79168K), 0.0002250 secs]
140.761: [GC (Allocation Failure) 36484K->435K(77952K), 0.0002020 secs]
140.874: [GC (Allocation Failure) 35312K->435K(76800K), 0.0002120 secs]
140.893: [GC (Allocation Failure) 34140K->435K(75712K), 0.0002100 secs]
140.908: [GC (Allocation Failure) 33065K->435K(82240K), 0.0002710 secs]
140.976: [GC (Allocation Failure) 39512K->435K(80896K), 0.0002120 secs]
140.996: [GC (Allocation Failure) 38242K->435K(79616K), 0.0002110 secs]
141.025: [GC (Allocation Failure) 36972K->435K(78400K), 0.0002110 secs]
141.044: [GC (Allocation Failure) 35702K->435K(77248K), 0.0001950 secs]
141.063: [GC (Allocation Failure) 34530K->435K(76096K), 0.0002120 secs]
141.077: [GC (Allocation Failure) 33456K->435K(75008K), 0.0002190 secs]
141.169: [GC (Allocation Failure) 32284K->435K(73984K), 0.0002300 secs]
141.187: [GC (Allocation Failure) 31307K->435K(73024K), 0.0002030 secs]
141.200: [GC (Allocation Failure) 30331K->435K(72064K), 0.0002170 secs]
141.272: [GC (Allocation Failure) 29354K->435K(71168K), 0.0002240 secs]
141.289: [GC (Allocation Failure) 28475K->435K(70336K), 0.0002300 secs]
141.321: [GC (Allocation Failure) 27693K->435K(69504K), 0.0002240 secs]
141.333: [GC (Allocation Failure) 26814K->435K(68736K), 0.0002150 secs]
141.374: [GC (Allocation Failure) 26033K->435K(67968K), 0.0002220 secs]
141.385: [GC (Allocation Failure) 25250K->435K(72960K), 0.0002160 secs]
141.399: [GC (Allocation Failure) 30233K->435K(78976K), 0.0002020 secs]
141.414: [GC (Allocation Failure) 36289K->435K(86208K), 0.0002140 secs]
141.433: [GC (Allocation Failure) 43516K->435K(94848K), 0.0002030 secs]
141.456: [GC (Allocation Failure) 52115K->435K(92928K), 0.0002100 secs]
141.527: [GC (Allocation Failure) 50260K->435K(91072K), 0.0002050 secs]
141.563: [GC (Allocation Failure) 48400K->435K(89280K), 0.0002040 secs]
141.626: [GC (Allocation Failure) 46642K->435K(87616K), 0.0002150 secs]
141.645: [GC (Allocation Failure) 44884K->435K(86016K), 0.0002050 secs]
141.664: [GC (Allocation Failure) 43321K->435K(84480K), 0.0002130 secs]
141.774: [GC (Allocation Failure) 41758K->435K(83008K), 0.0002130 secs]
141.828: [GC (Allocation Failure) 40293K->435K(81600K), 0.0002240 secs]
141.844: [GC (Allocation Failure) 38926K->435K(80256K), 0.0002060 secs]
141.865: [GC (Allocation Failure) 37558K->435K(78976K), 0.0002020 secs]
141.884: [GC (Allocation Failure) 36289K->435K(77760K), 0.0002000 secs]
141.904: [GC (Allocation Failure) 35116K->435K(76608K), 0.0002110 secs]
141.923: [GC (Allocation Failure) 33944K->435K(75520K), 0.0002150 secs]
141.977: [GC (Allocation Failure) 32870K->435K(74496K), 0.0002310 secs]
141.995: [GC (Allocation Failure) 31796K->435K(73472K), 0.0002370 secs]
142.070: [GC (Allocation Failure) 30819K->435K(72512K), 0.0002140 secs]
142.083: [GC (Allocation Failure) 29842K->435K(71616K), 0.0002030 secs]
142.099: [GC (Allocation Failure) 28963K->435K(70720K), 0.0002020 secs]
142.112: [GC (Allocation Failure) 27986K->435K(76288K), 0.0002170 secs]
142.169: [GC (Allocation Failure) 33554K->435K(75200K), 0.0002290 secs]
142.184: [GC (Allocation Failure) 32479K->435K(81664K), 0.0002730 secs]
142.201: [GC (Allocation Failure) 39023K->435K(89408K), 0.0002130 secs]
142.225: [GC (Allocation Failure) 46739K->435K(87744K), 0.0002130 secs]
142.250: [GC (Allocation Failure) 45079K->435K(86144K), 0.0002070 secs]
142.268: [GC (Allocation Failure) 43419K->435K(84608K), 0.0002080 secs]
142.287: [GC (Allocation Failure) 41953K->435K(83136K), 0.0002050 secs]
142.354: [GC (Allocation Failure) 40488K->435K(81728K), 0.0002730 secs]
142.379: [GC (Allocation Failure) 39023K->435K(80384K), 0.0002170 secs]
142.400: [GC (Allocation Failure) 37656K->435K(79104K), 0.0002100 secs]
142.416: [GC (Allocation Failure) 36386K->435K(77888K), 0.0002120 secs]
142.476: [GC (Allocation Failure) 35214K->435K(76736K), 0.0002170 secs]
142.491: [GC (Allocation Failure) 34042K->435K(75648K), 0.0002040 secs]
142.573: [GC (Allocation Failure) 32968K->435K(74560K), 0.0002270 secs]
142.591: [GC (Allocation Failure) 31893K->435K(73536K), 0.0002110 secs]
142.625: [GC (Allocation Failure) 30819K->435K(72576K), 0.0002120 secs]
142.642: [GC (Allocation Failure) 29842K->435K(71680K), 0.0002280 secs]
142.657: [GC (Allocation Failure) 28963K->435K(70784K), 0.0002050 secs]
142.669: [GC (Allocation Failure) 28084K->435K(76352K), 0.0002050 secs]
142.726: [GC (Allocation Failure) 33651K->435K(75264K), 0.0002240 secs]
142.743: [GC (Allocation Failure) 32577K->435K(74240K), 0.0002120 secs]
142.758: [GC (Allocation Failure) 31600K->435K(73216K), 0.0001950 secs]
142.771: [GC (Allocation Failure) 30526K->435K(79296K), 0.0002030 secs]
142.923: [GC (Allocation Failure) 36582K->435K(78080K), 0.0002120 secs]
142.943: [GC (Allocation Failure) 35409K->435K(76928K), 0.0002120 secs]
142.957: [GC (Allocation Failure) 34237K->435K(75840K), 0.0002110 secs]
143.026: [GC (Allocation Failure) 33163K->435K(74752K), 0.0002820 secs]
143.040: [GC (Allocation Failure) 32089K->435K(73728K), 0.0002130 secs]
143.054: [GC (Allocation Failure) 31014K->435K(79872K), 0.0002040 secs]
143.074: [GC (Allocation Failure) 37168K->435K(78656K), 0.0002110 secs]
143.170: [GC (Allocation Failure) 35996K->435K(77440K), 0.0002020 secs]
143.189: [GC (Allocation Failure) 34726K->435K(76288K), 0.0001990 secs]
143.207: [GC (Allocation Failure) 33554K->435K(75200K), 0.0002130 secs]
143.222: [GC (Allocation Failure) 32479K->435K(74176K), 0.0002020 secs]
143.276: [GC (Allocation Failure) 31503K->435K(73152K), 0.0002230 secs]
143.293: [GC (Allocation Failure) 30428K->435K(72192K), 0.0002110 secs]
143.321: [GC (Allocation Failure) 29549K->435K(71296K), 0.0002130 secs]
143.361: [GC (Allocation Failure) 28572K->435K(70400K), 0.0002750 secs]
143.377: [GC (Allocation Failure) 27693K->435K(75904K), 0.0003300 secs]
143.392: [GC (Allocation Failure) 33261K->435K(82496K), 0.0002030 secs]
143.468: [GC (Allocation Failure) 39805K->435K(81152K), 0.0002300 secs]
143.489: [GC (Allocation Failure) 38437K->435K(79872K), 0.0002260 secs]
143.506: [GC (Allocation Failure) 37168K->435K(78656K), 0.0002660 secs]
143.560: [GC (Allocation Failure) 35996K->435K(77440K), 0.0002250 secs]
143.575: [GC (Allocation Failure) 34726K->435K(76288K), 0.0002020 secs]
143.623: [GC (Allocation Failure) 33554K->435K(75200K), 0.0002040 secs]
143.669: [GC (Allocation Failure) 32479K->435K(74176K), 0.0002260 secs]
143.683: [GC (Allocation Failure) 31503K->435K(80448K), 0.0003960 secs]
143.779: [GC (Allocation Failure) 37754K->435K(79168K), 0.0002180 secs]
143.799: [GC (Allocation Failure) 36484K->435K(77952K), 0.0002000 secs]
143.818: [GC (Allocation Failure) 35312K->435K(76800K), 0.0002310 secs]
143.837: [GC (Allocation Failure) 34140K->435K(75712K), 0.0002140 secs]
143.853: [GC (Allocation Failure) 33065K->435K(74624K), 0.0002200 secs]
143.877: [GC (Allocation Failure) 31893K->435K(73600K), 0.0002190 secs]
143.890: [GC (Allocation Failure) 30917K->435K(79744K), 0.0002180 secs]
143.925: [GC (Allocation Failure) 37070K->435K(78528K), 0.0002250 secs]
143.944: [GC (Allocation Failure) 35800K->435K(77312K), 0.0002090 secs]
144.078: [GC (Allocation Failure) 34628K->435K(76160K), 0.0002090 secs]
144.092: [GC (Allocation Failure) 33456K->435K(75072K), 0.0002120 secs]
144.106: [GC (Allocation Failure) 32382K->435K(81472K), 0.0002250 secs]
144.123: [GC (Allocation Failure) 38828K->435K(89152K), 0.0002020 secs]
144.233: [GC (Allocation Failure) 46446K->435K(87488K), 0.0002230 secs]
144.253: [GC (Allocation Failure) 44786K->435K(85888K), 0.0002130 secs]
144.275: [GC (Allocation Failure) 43223K->435K(84352K), 0.0002100 secs]
144.357: [GC (Allocation Failure) 41660K->435K(82880K), 0.0002040 secs]
144.379: [GC (Allocation Failure) 40195K->435K(81472K), 0.0002020 secs]
144.400: [GC (Allocation Failure) 38828K->435K(80128K), 0.0002200 secs]
144.425: [GC (Allocation Failure) 37461K->435K(78848K), 0.0002210 secs]
144.440: [GC (Allocation Failure) 36191K->435K(77632K), 0.0002130 secs]
144.456: [GC (Allocation Failure) 34921K->435K(76480K), 0.0002020 secs]
144.470: [GC (Allocation Failure) 33749K->435K(83200K), 0.0002130 secs]
144.492: [GC (Allocation Failure) 40488K->435K(81792K), 0.0002030 secs]
144.508: [GC (Allocation Failure) 39121K->435K(80448K), 0.0002130 secs]
144.529: [GC (Allocation Failure) 37754K->435K(79168K), 0.0002220 secs]
144.665: [GC (Allocation Failure) 36484K->435K(77952K), 0.0002240 secs]
144.702: [GC (Allocation Failure) 35312K->435K(76800K), 0.0002200 secs]
144.721: [GC (Allocation Failure) 34140K->435K(75712K), 0.0002130 secs]
144.735: [GC (Allocation Failure) 33065K->435K(74624K), 0.0002040 secs]
144.776: [GC (Allocation Failure) 31893K->435K(73600K), 0.0002240 secs]
144.790: [GC (Allocation Failure) 30917K->435K(72640K), 0.0002130 secs]
144.928: [GC (Allocation Failure) 29940K->435K(71744K), 0.0002390 secs]
144.945: [GC (Allocation Failure) 29061K->435K(70848K), 0.0002600 secs]
144.957: [GC (Allocation Failure) 28182K->435K(76416K), 0.0002050 secs]
144.972: [GC (Allocation Failure) 33749K->435K(83136K), 0.0002130 secs]
144.993: [GC (Allocation Failure) 40488K->435K(91200K), 0.0002240 secs]
145.032: [GC (Allocation Failure) 48498K->435K(89408K), 0.0002020 secs]
145.071: [GC (Allocation Failure) 46739K->435K(87744K), 0.0002240 secs]
145.094: [GC (Allocation Failure) 45079K->435K(86144K), 0.0002390 secs]
145.169: [GC (Allocation Failure) 43419K->435K(84608K), 0.0002070 secs]
145.229: [GC (Allocation Failure) 41953K->435K(83136K), 0.0002270 secs]
145.251: [GC (Allocation Failure) 40488K->435K(81728K), 0.0002030 secs]
145.272: [GC (Allocation Failure) 39023K->435K(80384K), 0.0002020 secs]
145.292: [GC (Allocation Failure) 37656K->435K(79104K), 0.0002110 secs]
145.308: [GC (Allocation Failure) 36386K->435K(77888K), 0.0002020 secs]
145.326: [GC (Allocation Failure) 35214K->435K(76736K), 0.0002310 secs]
145.343: [GC (Allocation Failure) 34042K->435K(75648K), 0.0002030 secs]
145.361: [GC (Allocation Failure) 32968K->435K(74560K), 0.0002210 secs]
145.525: [GC (Allocation Failure) 31893K->435K(73536K), 0.0002040 secs]
145.547: [GC (Allocation Failure) 30819K->435K(72576K), 0.0002120 secs]
145.562: [GC (Allocation Failure) 29842K->435K(71680K), 0.0002090 secs]
145.574: [GC (Allocation Failure) 28963K->435K(77440K), 0.0002230 secs]
145.589: [GC (Allocation Failure) 34726K->435K(84352K), 0.0002030 secs]
145.634: [GC (Allocation Failure) 41660K->435K(82880K), 0.0002230 secs]
145.655: [GC (Allocation Failure) 40195K->435K(81472K), 0.0002020 secs]
145.676: [GC (Allocation Failure) 38828K->435K(80128K), 0.0002110 secs]
145.696: [GC (Allocation Failure) 37461K->435K(78848K), 0.0002110 secs]
145.712: [GC (Allocation Failure) 36191K->435K(77632K), 0.0002150 secs]
145.727: [GC (Allocation Failure) 34921K->435K(84544K), 0.0002130 secs]
145.749: [GC (Allocation Failure) 41856K->435K(83072K), 0.0002010 secs]
145.771: [GC (Allocation Failure) 40391K->435K(81664K), 0.0002090 secs]
145.833: [GC (Allocation Failure) 39023K->435K(80320K), 0.0002000 secs]
145.854: [GC (Allocation Failure) 37656K->435K(79040K), 0.0001980 secs]
145.870: [GC (Allocation Failure) 36386K->435K(77824K), 0.0002420 secs]
145.927: [GC (Allocation Failure) 35116K->435K(76672K), 0.0002150 secs]
145.967: [GC (Allocation Failure) 33944K->435K(75584K), 0.0002120 secs]
145.981: [GC (Allocation Failure) 32870K->435K(74560K), 0.0002040 secs]
146.080: [GC (Allocation Failure) 31893K->435K(73536K), 0.0002810 secs]
146.098: [GC (Allocation Failure) 30819K->435K(72576K), 0.0002170 secs]
146.113: [GC (Allocation Failure) 29842K->435K(71680K), 0.0002110 secs]
146.167: [GC (Allocation Failure) 28963K->435K(70784K), 0.0002150 secs]
146.183: [GC (Allocation Failure) 28084K->435K(69952K), 0.0002730 secs]
146.199: [GC (Allocation Failure) 27303K->435K(69120K), 0.0002150 secs]
146.211: [GC (Allocation Failure) 26424K->435K(74368K), 0.0002160 secs]
146.262: [GC (Allocation Failure) 31698K->435K(73344K), 0.0002350 secs]
146.352: [GC (Allocation Failure) 30624K->435K(72384K), 0.0002290 secs]
146.380: [GC (Allocation Failure) 29745K->435K(71488K), 0.0002200 secs]
146.392: [GC (Allocation Failure) 28768K->435K(70592K), 0.0002060 secs]
146.416: [GC (Allocation Failure) 27889K->435K(69760K), 0.0002010 secs]
146.450: [GC (Allocation Failure) 27107K->435K(68992K), 0.0002120 secs]
146.463: [GC (Allocation Failure) 26326K->435K(68224K), 0.0002130 secs]
146.478: [GC (Allocation Failure) 25545K->435K(67520K), 0.0002070 secs]
146.489: [GC (Allocation Failure) 24857K->435K(72448K), 0.0002190 secs]
146.506: [GC (Allocation Failure) 29745K->435K(78336K), 0.0002100 secs]
146.533: [GC (Allocation Failure) 35605K->435K(85440K), 0.0002110 secs]
146.563: [GC (Allocation Failure) 42735K->435K(83968K), 0.0002100 secs]
146.597: [GC (Allocation Failure) 41270K->435K(82560K), 0.0002290 secs]
146.618: [GC (Allocation Failure) 39902K->435K(81216K), 0.0002050 secs]
146.680: [GC (Allocation Failure) 38535K->435K(79936K), 0.0002150 secs]
146.696: [GC (Allocation Failure) 37265K->435K(78656K), 0.0002150 secs]
146.714: [GC (Allocation Failure) 35996K->435K(77440K), 0.0002090 secs]
146.732: [GC (Allocation Failure) 34726K->435K(76288K), 0.0002020 secs]
146.751: [GC (Allocation Failure) 33554K->435K(75200K), 0.0002120 secs]
146.765: [GC (Allocation Failure) 32479K->435K(74176K), 0.0002170 secs]
146.831: [GC (Allocation Failure) 31503K->435K(73152K), 0.0002390 secs]
146.849: [GC (Allocation Failure) 30428K->435K(72192K), 0.0002110 secs]
146.979: [GC (Allocation Failure) 29549K->435K(71296K), 0.0002310 secs]
146.992: [GC (Allocation Failure) 28572K->435K(70400K), 0.0002610 secs]
147.005: [GC (Allocation Failure) 27693K->435K(75904K), 0.0002030 secs]
147.068: [GC (Allocation Failure) 33261K->435K(74816K), 0.0002120 secs]
147.082: [GC (Allocation Failure) 32089K->435K(73792K), 0.0002540 secs]
147.100: [GC (Allocation Failure) 31112K->435K(79936K), 0.0002140 secs]
147.120: [GC (Allocation Failure) 37265K->435K(78656K), 0.0002200 secs]
147.136: [GC (Allocation Failure) 35996K->435K(85824K), 0.0002160 secs]
147.154: [GC (Allocation Failure) 43126K->435K(94400K), 0.0002980 secs]
147.186: [GC (Allocation Failure) 51725K->435K(92480K), 0.0002140 secs]
147.208: [GC (Allocation Failure) 49767K->435K(90624K), 0.0002030 secs]
147.232: [GC (Allocation Failure) 47911K->435K(88896K), 0.0002710 secs]
147.257: [GC (Allocation Failure) 46251K->435K(87232K), 0.0002150 secs]
147.276: [GC (Allocation Failure) 44591K->435K(85632K), 0.0002140 secs]
147.333: [GC (Allocation Failure) 42930K->435K(84096K), 0.0002040 secs]
147.377: [GC (Allocation Failure) 41367K->435K(82624K), 0.0002270 secs]
147.398: [GC (Allocation Failure) 39902K->435K(81280K), 0.0002110 secs]
147.419: [GC (Allocation Failure) 38633K->435K(80000K), 0.0002150 secs]
147.435: [GC (Allocation Failure) 37363K->435K(78720K), 0.0002040 secs]
147.455: [GC (Allocation Failure) 35996K->435K(77504K), 0.0002010 secs]
147.470: [GC (Allocation Failure) 34823K->435K(76352K), 0.0002100 secs]
147.489: [GC (Allocation Failure) 33651K->435K(83008K), 0.0002720 secs]
147.506: [GC (Allocation Failure) 40293K->435K(91008K), 0.0002050 secs]
147.578: [GC (Allocation Failure) 48302K->435K(89216K), 0.0002120 secs]
147.598: [GC (Allocation Failure) 46544K->435K(87552K), 0.0002150 secs]
147.617: [GC (Allocation Failure) 44884K->435K(85952K), 0.0002050 secs]
147.687: [GC (Allocation Failure) 43223K->435K(84416K), 0.0002120 secs]
147.709: [GC (Allocation Failure) 41758K->435K(82944K), 0.0002100 secs]
147.727: [GC (Allocation Failure) 40293K->435K(81536K), 0.0002020 secs]
147.765: [GC (Allocation Failure) 38828K->435K(80192K), 0.0002100 secs]
147.831: [GC (Allocation Failure) 37461K->435K(78912K), 0.0002140 secs]
147.851: [GC (Allocation Failure) 36191K->435K(77696K), 0.0002160 secs]
147.866: [GC (Allocation Failure) 35019K->435K(76544K), 0.0002010 secs]
147.884: [GC (Allocation Failure) 33847K->435K(75456K), 0.0002100 secs]
147.929: [GC (Allocation Failure) 32772K->435K(74432K), 0.0002160 secs]
147.972: [GC (Allocation Failure) 31698K->435K(73408K), 0.0002260 secs]
147.986: [GC (Allocation Failure) 30721K->435K(72448K), 0.0002020 secs]
148.003: [GC (Allocation Failure) 29745K->435K(71552K), 0.0002100 secs]
148.132: [GC (Allocation Failure) 28865K->435K(70656K), 0.0002050 secs]
148.144: [GC (Allocation Failure) 27986K->435K(69824K), 0.0002250 secs]
148.156: [GC (Allocation Failure) 27107K->435K(75200K), 0.0002050 secs]
148.229: [GC (Allocation Failure) 32479K->435K(74176K), 0.0002030 secs]
148.266: [GC (Allocation Failure) 31503K->435K(73152K), 0.0002110 secs]
148.283: [GC (Allocation Failure) 30428K->435K(72192K), 0.0002740 secs]
148.296: [GC (Allocation Failure) 29549K->435K(78016K), 0.0002060 secs]
148.385: [GC (Allocation Failure) 35312K->435K(76864K), 0.0002250 secs]
148.404: [GC (Allocation Failure) 34140K->435K(75776K), 0.0003030 secs]
148.480: [GC (Allocation Failure) 33065K->435K(74688K), 0.0002050 secs]
148.534: [GC (Allocation Failure) 31991K->435K(73664K), 0.0002230 secs]
148.551: [GC (Allocation Failure) 31014K->435K(72704K), 0.0002090 secs]
148.579: [GC (Allocation Failure) 30038K->435K(71808K), 0.0002710 secs]
148.666: [GC (Allocation Failure) 29158K->435K(70912K), 0.0002080 secs]
148.679: [GC (Allocation Failure) 28182K->435K(70080K), 0.0002040 secs]
148.732: [GC (Allocation Failure) 27400K->435K(69248K), 0.0002230 secs]
148.748: [GC (Allocation Failure) 26521K->435K(68480K), 0.0002130 secs]
148.760: [GC (Allocation Failure) 25838K->435K(73600K), 0.0002730 secs]
148.778: [GC (Allocation Failure) 30917K->435K(79744K), 0.0002730 secs]
148.798: [GC (Allocation Failure) 37070K->435K(87104K), 0.0002010 secs]
148.817: [GC (Allocation Failure) 44395K->435K(95936K), 0.0002110 secs]
148.840: [GC (Allocation Failure) 53287K->435K(93952K), 0.0002140 secs]
148.866: [GC (Allocation Failure) 51236K->435K(92032K), 0.0002130 secs]
148.892: [GC (Allocation Failure) 49377K->435K(90240K), 0.0002160 secs]
148.913: [GC (Allocation Failure) 47521K->435K(88512K), 0.0002010 secs]
148.940: [GC (Allocation Failure) 45860K->435K(86848K), 0.0002110 secs]
148.960: [GC (Allocation Failure) 44200K->435K(85312K), 0.0002020 secs]
149.035: [GC (Allocation Failure) 42637K->435K(83840K), 0.0002030 secs]
149.084: [GC (Allocation Failure) 41172K->435K(82432K), 0.0002120 secs]
149.105: [GC (Allocation Failure) 39707K->435K(81088K), 0.0002110 secs]
149.126: [GC (Allocation Failure) 38437K->435K(79808K), 0.0002090 secs]
149.142: [GC (Allocation Failure) 37168K->435K(78592K), 0.0002140 secs]
149.250: [GC (Allocation Failure) 35898K->435K(77376K), 0.0002320 secs]
149.267: [GC (Allocation Failure) 34726K->435K(76224K), 0.0002040 secs]
149.335: [GC (Allocation Failure) 33554K->435K(75136K), 0.0002110 secs]
149.350: [GC (Allocation Failure) 32479K->435K(74112K), 0.0002270 secs]
149.363: [GC (Allocation Failure) 31405K->435K(80320K), 0.0003500 secs]
149.380: [GC (Allocation Failure) 37656K->435K(87808K), 0.0002040 secs]
149.400: [GC (Allocation Failure) 45079K->435K(96768K), 0.0002040 secs]
149.423: [GC (Allocation Failure) 54069K->435K(94720K), 0.0002020 secs]
149.450: [GC (Allocation Failure) 52018K->435K(92800K), 0.0001990 secs]
149.476: [GC (Allocation Failure) 50162K->435K(90944K), 0.0002160 secs]
149.497: [GC (Allocation Failure) 48302K->435K(89216K), 0.0002040 secs]
149.521: [GC (Allocation Failure) 46544K->435K(87552K), 0.0002200 secs]
149.641: [GC (Allocation Failure) 44884K->435K(85952K), 0.0002120 secs]
149.659: [GC (Allocation Failure) 43223K->435K(84416K), 0.0002150 secs]
149.685: [GC (Allocation Failure) 41758K->435K(82944K), 0.0002020 secs]
149.739: [GC (Allocation Failure) 40293K->435K(81536K), 0.0002110 secs]
149.759: [GC (Allocation Failure) 38828K->435K(80192K), 0.0002170 secs]
149.779: [GC (Allocation Failure) 37461K->435K(78912K), 0.0002020 secs]
149.795: [GC (Allocation Failure) 36191K->435K(77696K), 0.0002000 secs]
149.814: [GC (Allocation Failure) 35019K->435K(76544K), 0.0002130 secs]
149.829: [GC (Allocation Failure) 33847K->435K(75456K), 0.0002260 secs]
149.843: [GC (Allocation Failure) 32772K->435K(81984K), 0.0002030 secs]
149.864: [GC (Allocation Failure) 39316K->435K(80640K), 0.0002240 secs]
149.894: [GC (Allocation Failure) 37949K->435K(79360K), 0.0002050 secs]
149.930: [GC (Allocation Failure) 36679K->435K(78144K), 0.0002410 secs]
149.945: [GC (Allocation Failure) 35409K->435K(76992K), 0.0002040 secs]
149.960: [GC (Allocation Failure) 34335K->435K(75904K), 0.0002150 secs]
149.986: [GC (Allocation Failure) 33261K->435K(74816K), 0.0002370 secs]
150.000: [GC (Allocation Failure) 32089K->435K(81216K), 0.0002050 secs]
150.039: [GC (Allocation Failure) 38535K->435K(79936K), 0.0002120 secs]
150.059: [GC (Allocation Failure) 37265K->435K(78656K), 0.0002290 secs]
150.087: [GC (Allocation Failure) 35996K->435K(77440K), 0.0002810 secs]
150.107: [GC (Allocation Failure) 34726K->435K(76288K), 0.0002050 secs]
150.125: [GC (Allocation Failure) 33554K->435K(75200K), 0.0002140 secs]
150.140: [GC (Allocation Failure) 32479K->435K(81664K), 0.0002170 secs]
150.157: [GC (Allocation Failure) 39023K->435K(89408K), 0.0002700 secs]
150.178: [GC (Allocation Failure) 46739K->435K(98688K), 0.0002250 secs]
150.242: [GC (Allocation Failure) 56022K->435K(96576K), 0.0002220 secs]
150.291: [GC (Allocation Failure) 53873K->435K(94528K), 0.0002720 secs]
150.361: [GC (Allocation Failure) 51822K->435K(92608K), 0.0002200 secs]
150.387: [GC (Allocation Failure) 49967K->435K(90752K), 0.0002200 secs]
150.439: [GC (Allocation Failure) 48107K->435K(89024K), 0.0002130 secs]
150.463: [GC (Allocation Failure) 46349K->435K(87360K), 0.0002030 secs]
150.486: [GC (Allocation Failure) 44688K->435K(85760K), 0.0002150 secs]
150.541: [GC (Allocation Failure) 43028K->435K(84224K), 0.0002020 secs]
150.563: [GC (Allocation Failure) 41563K->435K(82752K), 0.0002020 secs]
150.580: [GC (Allocation Failure) 40098K->435K(81344K), 0.0002040 secs]
150.597: [GC (Allocation Failure) 38633K->435K(80000K), 0.0002020 secs]
150.617: [GC (Allocation Failure) 37363K->435K(78720K), 0.0002100 secs]
150.635: [GC (Allocation Failure) 35996K->435K(77504K), 0.0002690 secs]
150.669: [GC (Allocation Failure) 34823K->435K(76352K), 0.0002070 secs]
150.684: [GC (Allocation Failure) 33651K->435K(75264K), 0.0002150 secs]
150.698: [GC (Allocation Failure) 32577K->435K(81728K), 0.0002030 secs]
150.714: [GC (Allocation Failure) 39023K->435K(89472K), 0.0002040 secs]
150.738: [GC (Allocation Failure) 46739K->435K(87808K), 0.0002150 secs]
150.762: [GC (Allocation Failure) 45079K->435K(86208K), 0.0002110 secs]
150.785: [GC (Allocation Failure) 43516K->435K(84672K), 0.0002150 secs]
150.841: [GC (Allocation Failure) 41953K->435K(83200K), 0.0002680 secs]
150.859: [GC (Allocation Failure) 40488K->435K(81792K), 0.0002030 secs]
150.890: [GC (Allocation Failure) 39121K->435K(80448K), 0.0002230 secs]
150.906: [GC (Allocation Failure) 37754K->435K(79168K), 0.0002120 secs]
150.922: [GC (Allocation Failure) 36484K->435K(77952K), 0.0002040 secs]
151.035: [GC (Allocation Failure) 35312K->435K(76800K), 0.0002120 secs]
151.049: [GC (Allocation Failure) 34140K->435K(75712K), 0.0002130 secs]
151.066: [GC (Allocation Failure) 33065K->435K(74624K), 0.0002070 secs]
151.083: [GC (Allocation Failure) 31893K->435K(73600K), 0.0002140 secs]
151.100: [GC (Allocation Failure) 30917K->435K(72640K), 0.0002020 secs]
151.113: [GC (Allocation Failure) 29940K->435K(78592K), 0.0002180 secs]
151.135: [GC (Allocation Failure) 35898K->435K(85696K), 0.0002170 secs]
151.169: [GC (Allocation Failure) 43028K->435K(84160K), 0.0002060 secs]
151.191: [GC (Allocation Failure) 41465K->435K(82688K), 0.0002010 secs]
151.212: [GC (Allocation Failure) 40000K->435K(81344K), 0.0002160 secs]
151.233: [GC (Allocation Failure) 38633K->435K(80000K), 0.0002000 secs]
151.249: [GC (Allocation Failure) 37363K->435K(78720K), 0.0002120 secs]
151.269: [GC (Allocation Failure) 35996K->435K(77504K), 0.0002120 secs]
151.284: [GC (Allocation Failure) 34823K->435K(76352K), 0.0002020 secs]
151.339: [GC (Allocation Failure) 33651K->435K(75264K), 0.0002120 secs]
151.357: [GC (Allocation Failure) 32577K->435K(74240K), 0.0002130 secs]
151.433: [GC (Allocation Failure) 31600K->435K(73216K), 0.0002760 secs]
151.483: [GC (Allocation Failure) 30526K->435K(72256K), 0.0002130 secs]
151.496: [GC (Allocation Failure) 29549K->435K(71360K), 0.0002150 secs]
151.551: [GC (Allocation Failure) 28670K->435K(70464K), 0.0002230 secs]
151.564: [GC (Allocation Failure) 27791K->435K(69632K), 0.0002670 secs]
151.576: [GC (Allocation Failure) 26912K->435K(74944K), 0.0002020 secs]
151.593: [GC (Allocation Failure) 32284K->435K(81344K), 0.0002700 secs]
151.614: [GC (Allocation Failure) 38633K->435K(89024K), 0.0002190 secs]
151.635: [GC (Allocation Failure) 46349K->435K(98240K), 0.0002140 secs]
151.662: [GC (Allocation Failure) 55534K->435K(96128K), 0.0002120 secs]
151.690: [GC (Allocation Failure) 53483K->435K(94144K), 0.0002100 secs]
151.747: [GC (Allocation Failure) 51432K->435K(92224K), 0.0002110 secs]
151.771: [GC (Allocation Failure) 49572K->435K(90432K), 0.0002100 secs]
151.791: [GC (Allocation Failure) 47716K->435K(88704K), 0.0002120 secs]
151.878: [GC (Allocation Failure) 46056K->435K(87040K), 0.0002230 secs]
151.940: [GC (Allocation Failure) 44395K->435K(85440K), 0.0002160 secs]
151.958: [GC (Allocation Failure) 42735K->435K(83968K), 0.0002160 secs]
151.993: [GC (Allocation Failure) 41270K->435K(82560K), 0.0002110 secs]
152.010: [GC (Allocation Failure) 39902K->435K(81216K), 0.0002140 secs]
152.041: [GC (Allocation Failure) 38535K->435K(79936K), 0.0002210 secs]
152.061: [GC (Allocation Failure) 37265K->435K(78656K), 0.0002710 secs]
152.077: [GC (Allocation Failure) 35996K->435K(77440K), 0.0002050 secs]
152.169: [GC (Allocation Failure) 34726K->435K(76288K), 0.0002130 secs]
152.188: [GC (Allocation Failure) 33554K->435K(75200K), 0.0002030 secs]
152.202: [GC (Allocation Failure) 32479K->435K(74176K), 0.0002160 secs]
152.270: [GC (Allocation Failure) 31503K->435K(73152K), 0.0002140 secs]
152.337: [GC (Allocation Failure) 30428K->435K(72192K), 0.0002190 secs]
152.351: [GC (Allocation Failure) 29549K->435K(71296K), 0.0002100 secs]
152.369: [GC (Allocation Failure) 28572K->435K(70400K), 0.0002610 secs]
152.388: [GC (Allocation Failure) 27693K->435K(69568K), 0.0002250 secs]
152.403: [GC (Allocation Failure) 26912K->435K(68800K), 0.0002010 secs]
152.419: [GC (Allocation Failure) 26131K->435K(73984K), 0.0002400 secs]
152.436: [GC (Allocation Failure) 31307K->435K(80192K), 0.0002140 secs]
152.452: [GC (Allocation Failure) 37461K->435K(87616K), 0.0002050 secs]
152.471: [GC (Allocation Failure) 44884K->435K(96576K), 0.0002110 secs]
152.549: [GC (Allocation Failure) 53873K->435K(94528K), 0.0002820 secs]
152.572: [GC (Allocation Failure) 51822K->435K(92608K), 0.0002010 secs]
152.643: [GC (Allocation Failure) 49967K->435K(90752K), 0.0002040 secs]
152.671: [GC (Allocation Failure) 48107K->435K(89024K), 0.0002120 secs]
152.695: [GC (Allocation Failure) 46349K->435K(87360K), 0.0002100 secs]
152.791: [GC (Allocation Failure) 44688K->435K(85760K), 0.0002130 secs]
152.814: [GC (Allocation Failure) 43028K->435K(84224K), 0.0002710 secs]
152.836: [GC (Allocation Failure) 41563K->435K(82752K), 0.0002120 secs]
152.854: [GC (Allocation Failure) 40098K->435K(81344K), 0.0002180 secs]
152.893: [GC (Allocation Failure) 38633K->435K(80000K), 0.0002370 secs]
152.909: [GC (Allocation Failure) 37363K->435K(78720K), 0.0002030 secs]
152.929: [GC (Allocation Failure) 35996K->435K(77504K), 0.0002220 secs]
153.037: [GC (Allocation Failure) 34823K->435K(76352K), 0.0002730 secs]
153.076: [GC (Allocation Failure) 33651K->435K(75264K), 0.0002410 secs]
153.095: [GC (Allocation Failure) 32577K->435K(74240K), 0.0002110 secs]
153.113: [GC (Allocation Failure) 31600K->435K(73216K), 0.0002380 secs]
153.140: [GC (Allocation Failure) 30526K->435K(72256K), 0.0002220 secs]
153.153: [GC (Allocation Failure) 29549K->435K(71360K), 0.0002170 secs]
153.171: [GC (Allocation Failure) 28670K->435K(70464K), 0.0002150 secs]
153.334: [GC (Allocation Failure) 27791K->435K(69632K), 0.0002680 secs]
153.373: [GC (Allocation Failure) 26912K->435K(68864K), 0.0002170 secs]
153.388: [GC (Allocation Failure) 26131K->435K(68096K), 0.0002000 secs]
153.399: [GC (Allocation Failure) 25447K->435K(73152K), 0.0002250 secs]
153.413: [GC (Allocation Failure) 30428K->435K(79168K), 0.0002040 secs]
153.439: [GC (Allocation Failure) 36484K->435K(77952K), 0.0002010 secs]
153.478: [GC (Allocation Failure) 35312K->435K(76800K), 0.0002140 secs]
153.497: [GC (Allocation Failure) 34140K->435K(75712K), 0.0002040 secs]
153.637: [GC (Allocation Failure) 33065K->435K(74624K), 0.0002770 secs]
153.668: [GC (Allocation Failure) 31893K->435K(73600K), 0.0002220 secs]
153.682: [GC (Allocation Failure) 30917K->435K(72640K), 0.0002180 secs]
153.736: [GC (Allocation Failure) 29940K->435K(71744K), 0.0002050 secs]
153.786: [GC (Allocation Failure) 29061K->435K(70848K), 0.0002040 secs]
153.939: [GC (Allocation Failure) 28182K->435K(70016K), 0.0002220 secs]
153.955: [GC (Allocation Failure) 27303K->435K(69184K), 0.0002220 secs]
153.989: [GC (Allocation Failure) 26521K->435K(68416K), 0.0002000 secs]
154.004: [GC (Allocation Failure) 25740K->435K(67648K), 0.0002290 secs]
154.038: [GC (Allocation Failure) 24955K->435K(66944K), 0.0002200 secs]
154.049: [GC (Allocation Failure) 24271K->435K(71744K), 0.0002270 secs]
154.062: [GC (Allocation Failure) 29061K->435K(77504K), 0.0002130 secs]
154.093: [GC (Allocation Failure) 34823K->435K(76352K), 0.0002220 secs]
154.107: [GC (Allocation Failure) 33651K->435K(83008K), 0.0002140 secs]
154.128: [GC (Allocation Failure) 40293K->435K(91008K), 0.0002190 secs]
154.244: [GC (Allocation Failure) 48302K->435K(89216K), 0.0002040 secs]
154.279: [GC (Allocation Failure) 46544K->435K(87552K), 0.0002250 secs]
154.299: [GC (Allocation Failure) 44884K->435K(85952K), 0.0002050 secs]
154.360: [GC (Allocation Failure) 43223K->435K(84416K), 0.0002180 secs]
154.382: [GC (Allocation Failure) 41758K->435K(82944K), 0.0003750 secs]
154.422: [GC (Allocation Failure) 40293K->435K(81536K), 0.0002260 secs]
154.438: [GC (Allocation Failure) 38828K->435K(80192K), 0.0002010 secs]
154.455: [GC (Allocation Failure) 37461K->435K(78912K), 0.0002010 secs]
154.544: [GC (Allocation Failure) 36191K->435K(77696K), 0.0002230 secs]
154.559: [GC (Allocation Failure) 35019K->435K(76544K), 0.0002020 secs]
154.578: [GC (Allocation Failure) 33847K->435K(75456K), 0.0002130 secs]
154.596: [GC (Allocation Failure) 32772K->435K(74432K), 0.0002100 secs]
154.610: [GC (Allocation Failure) 31698K->435K(80704K), 0.0002140 secs]
154.626: [GC (Allocation Failure) 38047K->435K(88256K), 0.0002230 secs]
154.650: [GC (Allocation Failure) 45567K->435K(86592K), 0.0002140 secs]
154.674: [GC (Allocation Failure) 43907K->435K(85056K), 0.0002070 secs]
154.696: [GC (Allocation Failure) 42344K->435K(83584K), 0.0002140 secs]
154.714: [GC (Allocation Failure) 40879K->435K(82176K), 0.0002450 secs]
154.735: [GC (Allocation Failure) 39512K->435K(80832K), 0.0002120 secs]
154.752: [GC (Allocation Failure) 38144K->435K(79552K), 0.0002030 secs]
154.768: [GC (Allocation Failure) 36875K->435K(78336K), 0.0002030 secs]
154.787: [GC (Allocation Failure) 35605K->435K(77184K), 0.0002120 secs]
154.806: [GC (Allocation Failure) 34530K->435K(76032K), 0.0002020 secs]
154.824: [GC (Allocation Failure) 33358K->435K(74944K), 0.0002120 secs]
154.888: [GC (Allocation Failure) 32284K->435K(73920K), 0.0002760 secs]
154.942: [GC (Allocation Failure) 31210K->435K(72960K), 0.0002130 secs]
154.958: [GC (Allocation Failure) 30233K->435K(72000K), 0.0002010 secs]
154.971: [GC (Allocation Failure) 29354K->435K(71104K), 0.0002110 secs]
154.987: [GC (Allocation Failure) 28377K->435K(76736K), 0.0002310 secs]
155.090: [GC (Allocation Failure) 34042K->435K(75648K), 0.0002170 secs]
155.139: [GC (Allocation Failure) 32968K->435K(74560K), 0.0002230 secs]
155.157: [GC (Allocation Failure) 31893K->435K(73536K), 0.0002000 secs]
155.175: [GC (Allocation Failure) 30819K->435K(72576K), 0.0002120 secs]
155.192: [GC (Allocation Failure) 29842K->435K(71680K), 0.0002370 secs]
155.242: [GC (Allocation Failure) 28963K->435K(70784K), 0.0002110 secs]
155.258: [GC (Allocation Failure) 28084K->435K(69952K), 0.0002080 secs]
155.274: [GC (Allocation Failure) 27303K->435K(69120K), 0.0002020 secs]
155.286: [GC (Allocation Failure) 26424K->435K(74368K), 0.0002170 secs]
155.303: [GC (Allocation Failure) 31698K->435K(80640K), 0.0002710 secs]
155.320: [GC (Allocation Failure) 37949K->435K(88192K), 0.0002140 secs]
155.339: [GC (Allocation Failure) 45470K->435K(97216K), 0.0002010 secs]
155.366: [GC (Allocation Failure) 54557K->435K(95168K), 0.0002130 secs]
155.393: [GC (Allocation Failure) 52506K->435K(93184K), 0.0002110 secs]
155.447: [GC (Allocation Failure) 50455K->435K(91328K), 0.0002660 secs]
155.483: [GC (Allocation Failure) 48595K->435K(89536K), 0.0002050 secs]
155.503: [GC (Allocation Failure) 46837K->435K(87872K), 0.0002040 secs]
155.546: [GC (Allocation Failure) 45177K->435K(86272K), 0.0002160 secs]
155.569: [GC (Allocation Failure) 43614K->435K(84736K), 0.0002160 secs]
155.587: [GC (Allocation Failure) 42051K->435K(83264K), 0.0002040 secs]
155.672: [GC (Allocation Failure) 40586K->435K(81856K), 0.0002120 secs]
155.693: [GC (Allocation Failure) 39219K->435K(80512K), 0.0002060 secs]
155.713: [GC (Allocation Failure) 37851K->435K(79232K), 0.0002160 secs]
155.729: [GC (Allocation Failure) 36582K->435K(78016K), 0.0002120 secs]
155.744: [GC (Allocation Failure) 35312K->435K(76864K), 0.0002120 secs]
155.759: [GC (Allocation Failure) 34140K->435K(83648K), 0.0002120 secs]
155.777: [GC (Allocation Failure) 40977K->435K(82240K), 0.0001970 secs]
155.797: [GC (Allocation Failure) 39512K->435K(80896K), 0.0002000 secs]
155.818: [GC (Allocation Failure) 38242K->435K(79616K), 0.0002110 secs]
155.834: [GC (Allocation Failure) 36972K->435K(78400K), 0.0002130 secs]
155.849: [GC (Allocation Failure) 35702K->435K(85504K), 0.0002130 secs]
155.893: [GC (Allocation Failure) 42833K->435K(83968K), 0.0002180 secs]
155.911: [GC (Allocation Failure) 41270K->435K(92160K), 0.0002720 secs]
155.948: [GC (Allocation Failure) 49474K->435K(90368K), 0.0002040 secs]
155.983: [GC (Allocation Failure) 47716K->435K(88640K), 0.0002120 secs]
156.007: [GC (Allocation Failure) 45958K->435K(86976K), 0.0002740 secs]
156.030: [GC (Allocation Failure) 44298K->435K(85376K), 0.0002030 secs]
156.053: [GC (Allocation Failure) 42735K->435K(83904K), 0.0002120 secs]
156.075: [GC (Allocation Failure) 41172K->435K(82496K), 0.0002000 secs]
156.096: [GC (Allocation Failure) 39805K->435K(81152K), 0.0002100 secs]
156.117: [GC (Allocation Failure) 38437K->435K(79872K), 0.0002000 secs]
156.174: [GC (Allocation Failure) 37168K->435K(78656K), 0.0002700 secs]
156.246: [GC (Allocation Failure) 35996K->435K(77440K), 0.0002240 secs]
156.266: [GC (Allocation Failure) 34726K->435K(76288K), 0.0002820 secs]
156.284: [GC (Allocation Failure) 33554K->435K(75200K), 0.0002130 secs]
156.299: [GC (Allocation Failure) 32479K->435K(74176K), 0.0002020 secs]
156.316: [GC (Allocation Failure) 31503K->435K(73152K), 0.0002140 secs]
156.341: [GC (Allocation Failure) 30428K->435K(72192K), 0.0002060 secs]
156.358: [GC (Allocation Failure) 29549K->435K(78016K), 0.0002710 secs]
156.377: [GC (Allocation Failure) 35312K->435K(85056K), 0.0002130 secs]
156.400: [GC (Allocation Failure) 42344K->435K(83584K), 0.0002140 secs]
156.418: [GC (Allocation Failure) 40879K->435K(91712K), 0.0002630 secs]
156.439: [GC (Allocation Failure) 48986K->435K(89920K), 0.0002020 secs]
156.503: [GC (Allocation Failure) 47228K->435K(88192K), 0.0002220 secs]
156.526: [GC (Allocation Failure) 45470K->435K(86592K), 0.0002000 secs]
156.549: [GC (Allocation Failure) 43907K->435K(85056K), 0.0002120 secs]
156.572: [GC (Allocation Failure) 42344K->435K(83584K), 0.0002110 secs]
156.590: [GC (Allocation Failure) 40879K->435K(82176K), 0.0002970 secs]
156.631: [GC (Allocation Failure) 39512K->435K(80832K), 0.0002180 secs]
156.648: [GC (Allocation Failure) 38144K->435K(79552K), 0.0002030 secs]
156.680: [GC (Allocation Failure) 36875K->435K(78336K), 0.0002170 secs]
156.780: [GC (Allocation Failure) 35605K->435K(77184K), 0.0002140 secs]
156.795: [GC (Allocation Failure) 34530K->435K(76032K), 0.0002030 secs]
156.846: [GC (Allocation Failure) 33358K->435K(74944K), 0.0002150 secs]
156.860: [GC (Allocation Failure) 32284K->435K(73920K), 0.0002160 secs]
156.874: [GC (Allocation Failure) 31210K->435K(72960K), 0.0002020 secs]
156.887: [GC (Allocation Failure) 30233K->435K(78976K), 0.0002120 secs]
156.943: [GC (Allocation Failure) 36289K->435K(77760K), 0.0002020 secs]
156.978: [GC (Allocation Failure) 35116K->435K(76608K), 0.0002250 secs]
156.997: [GC (Allocation Failure) 33944K->435K(75520K), 0.0002000 secs]
157.012: [GC (Allocation Failure) 32870K->435K(74496K), 0.0002270 secs]
157.026: [GC (Allocation Failure) 31796K->435K(80832K), 0.0002140 secs]
157.046: [GC (Allocation Failure) 38144K->435K(88384K), 0.0002160 secs]
157.085: [GC (Allocation Failure) 45665K->435K(86720K), 0.0002320 secs]
157.151: [GC (Allocation Failure) 44005K->435K(85184K), 0.0002150 secs]
157.173: [GC (Allocation Failure) 42540K->435K(83712K), 0.0002030 secs]
157.200: [GC (Allocation Failure) 41074K->435K(82304K), 0.0002010 secs]
157.221: [GC (Allocation Failure) 39609K->435K(80960K), 0.0002740 secs]
157.242: [GC (Allocation Failure) 38242K->435K(79680K), 0.0002220 secs]
157.349: [GC (Allocation Failure) 36972K->435K(78464K), 0.0002110 secs]
157.364: [GC (Allocation Failure) 35800K->435K(77312K), 0.0002040 secs]
157.383: [GC (Allocation Failure) 34628K->435K(76160K), 0.0002100 secs]
157.398: [GC (Allocation Failure) 33456K->435K(75072K), 0.0002160 secs]
157.447: [GC (Allocation Failure) 32382K->435K(74048K), 0.0002260 secs]
157.465: [GC (Allocation Failure) 31405K->435K(73088K), 0.0002150 secs]
157.482: [GC (Allocation Failure) 30428K->435K(72128K), 0.0002110 secs]
157.499: [GC (Allocation Failure) 29451K->435K(71232K), 0.0002150 secs]
157.541: [GC (Allocation Failure) 28572K->435K(70400K), 0.0002120 secs]
157.553: [GC (Allocation Failure) 27693K->435K(69568K), 0.0002030 secs]
157.670: [GC (Allocation Failure) 26912K->435K(68800K), 0.0002110 secs]
157.686: [GC (Allocation Failure) 26131K->435K(68032K), 0.0002290 secs]
157.701: [GC (Allocation Failure) 25349K->435K(73024K), 0.0002720 secs]
157.746: [GC (Allocation Failure) 30331K->435K(72064K), 0.0002750 secs]
157.759: [GC (Allocation Failure) 29354K->435K(77888K), 0.0003230 secs]
157.795: [GC (Allocation Failure) 35214K->435K(84864K), 0.0002160 secs]
157.847: [GC (Allocation Failure) 42149K->435K(83392K), 0.0002100 secs]
157.869: [GC (Allocation Failure) 40684K->435K(81984K), 0.0001980 secs]
157.885: [GC (Allocation Failure) 39316K->435K(80640K), 0.0002020 secs]
157.986: [GC (Allocation Failure) 37949K->435K(79360K), 0.0003390 secs]
158.007: [GC (Allocation Failure) 36679K->435K(78144K), 0.0002320 secs]
158.023: [GC (Allocation Failure) 35409K->435K(76992K), 0.0002640 secs]
158.039: [GC (Allocation Failure) 34335K->435K(75904K), 0.0002000 secs]
158.057: [GC (Allocation Failure) 33261K->435K(74816K), 0.0002160 secs]
158.071: [GC (Allocation Failure) 32089K->435K(81216K), 0.0002150 secs]
158.101: [GC (Allocation Failure) 38535K->435K(79936K), 0.0002250 secs]
158.121: [GC (Allocation Failure) 37265K->435K(78656K), 0.0002150 secs]
158.137: [GC (Allocation Failure) 35996K->435K(77440K), 0.0002030 secs]
158.152: [GC (Allocation Failure) 34726K->435K(84352K), 0.0002040 secs]
158.174: [GC (Allocation Failure) 41660K->435K(82880K), 0.0002130 secs]
158.198: [GC (Allocation Failure) 40195K->435K(81472K), 0.0002250 secs]
158.215: [GC (Allocation Failure) 38828K->435K(80128K), 0.0002020 secs]
158.231: [GC (Allocation Failure) 37461K->435K(78848K), 0.0002090 secs]
158.286: [GC (Allocation Failure) 36191K->435K(77632K), 0.0002470 secs]
158.306: [GC (Allocation Failure) 34921K->435K(76480K), 0.0002260 secs]
158.354: [GC (Allocation Failure) 33749K->435K(75392K), 0.0002150 secs]
158.372: [GC (Allocation Failure) 32675K->435K(74368K), 0.0002370 secs]
158.397: [GC (Allocation Failure) 31698K->435K(73344K), 0.0002140 secs]
158.415: [GC (Allocation Failure) 30624K->435K(72384K), 0.0002080 secs]
158.428: [GC (Allocation Failure) 29745K->435K(71488K), 0.0002160 secs]
158.445: [GC (Allocation Failure) 28768K->435K(77184K), 0.0002730 secs]
158.464: [GC (Allocation Failure) 34530K->435K(84032K), 0.0002140 secs]
158.486: [GC (Allocation Failure) 41367K->435K(92224K), 0.0002350 secs]
158.512: [GC (Allocation Failure) 49572K->435K(90432K), 0.0002120 secs]
158.533: [GC (Allocation Failure) 47716K->435K(88704K), 0.0002040 secs]
158.552: [GC (Allocation Failure) 46056K->435K(87040K), 0.0002030 secs]
158.575: [GC (Allocation Failure) 44395K->435K(85440K), 0.0002110 secs]
158.649: [GC (Allocation Failure) 42735K->435K(83968K), 0.0002050 secs]
158.670: [GC (Allocation Failure) 41270K->435K(82560K), 0.0002710 secs]
158.688: [GC (Allocation Failure) 39902K->435K(81216K), 0.0002030 secs]
158.775: [GC (Allocation Failure) 38535K->435K(79936K), 0.0002180 secs]
158.801: [GC (Allocation Failure) 37265K->435K(78656K), 0.0002220 secs]
158.816: [GC (Allocation Failure) 35996K->435K(77440K), 0.0002160 secs]
158.831: [GC (Allocation Failure) 34726K->435K(76288K), 0.0001990 secs]
158.846: [GC (Allocation Failure) 33554K->435K(75200K), 0.0002020 secs]
158.899: [GC (Allocation Failure) 32479K->435K(74176K), 0.0002090 secs]
158.913: [GC (Allocation Failure) 31503K->435K(73152K), 0.0002150 secs]
158.948: [GC (Allocation Failure) 30428K->435K(72192K), 0.0002250 secs]
158.962: [GC (Allocation Failure) 29549K->435K(78016K), 0.0002760 secs]
158.977: [GC (Allocation Failure) 35312K->435K(85056K), 0.0002130 secs]
159.003: [GC (Allocation Failure) 42344K->435K(93504K), 0.0002220 secs]
159.026: [GC (Allocation Failure) 50846K->435K(91648K), 0.0002010 secs]
159.056: [GC (Allocation Failure) 48986K->435K(89856K), 0.0002190 secs]
159.078: [GC (Allocation Failure) 47130K->435K(88128K), 0.0002110 secs]
159.155: [GC (Allocation Failure) 45470K->435K(86528K), 0.0002410 secs]
159.174: [GC (Allocation Failure) 43809K->435K(84992K), 0.0002140 secs]
159.249: [GC (Allocation Failure) 42344K->435K(83520K), 0.0002150 secs]
159.303: [GC (Allocation Failure) 40879K->435K(82112K), 0.0002210 secs]
159.324: [GC (Allocation Failure) 39414K->435K(80768K), 0.0002100 secs]
159.345: [GC (Allocation Failure) 38047K->435K(79488K), 0.0002110 secs]
159.375: [GC (Allocation Failure) 36777K->435K(78272K), 0.0002160 secs]
159.397: [GC (Allocation Failure) 35605K->435K(77120K), 0.0002930 secs]
159.417: [GC (Allocation Failure) 34433K->435K(75968K), 0.0002290 secs]
159.436: [GC (Allocation Failure) 33261K->435K(74880K), 0.0002030 secs]
159.454: [GC (Allocation Failure) 32186K->435K(73856K), 0.0002160 secs]
159.473: [GC (Allocation Failure) 31210K->435K(72896K), 0.0002220 secs]
159.491: [GC (Allocation Failure) 30233K->435K(71936K), 0.0002160 secs]
159.508: [GC (Allocation Failure) 29256K->435K(77760K), 0.0002390 secs]
159.547: [GC (Allocation Failure) 35116K->435K(76608K), 0.0002140 secs]
159.587: [GC (Allocation Failure) 33944K->435K(75520K), 0.0002140 secs]
159.601: [GC (Allocation Failure) 32870K->435K(82048K), 0.0002720 secs]
159.667: [GC (Allocation Failure) 39316K->435K(80704K), 0.0002150 secs]
159.683: [GC (Allocation Failure) 38047K->435K(79424K), 0.0002150 secs]
159.703: [GC (Allocation Failure) 36777K->435K(78208K), 0.0002140 secs]
159.747: [GC (Allocation Failure) 35507K->435K(77056K), 0.0002110 secs]
159.762: [GC (Allocation Failure) 34335K->435K(75904K), 0.0002120 secs]
159.780: [GC (Allocation Failure) 33261K->435K(74816K), 0.0002130 secs]
159.796: [GC (Allocation Failure) 32089K->435K(73792K), 0.0002110 secs]
159.813: [GC (Allocation Failure) 31112K->435K(72832K), 0.0002030 secs]
159.845: [GC (Allocation Failure) 30135K->435K(71872K), 0.0002230 secs]
159.862: [GC (Allocation Failure) 29158K->435K(70976K), 0.0002210 secs]
159.898: [GC (Allocation Failure) 28279K->435K(70144K), 0.0002350 secs]
159.914: [GC (Allocation Failure) 27498K->435K(69312K), 0.0002020 secs]
159.948: [GC (Allocation Failure) 26619K->435K(68544K), 0.0002000 secs]
159.960: [GC (Allocation Failure) 25838K->435K(67776K), 0.0002110 secs]
160.043: [GC (Allocation Failure) 25052K->435K(67072K), 0.0002230 secs]
160.054: [GC (Allocation Failure) 24369K->435K(71872K), 0.0002440 secs]
160.095: [GC (Allocation Failure) 29158K->435K(70976K), 0.0002120 secs]
160.107: [GC (Allocation Failure) 28279K->435K(76608K), 0.0002020 secs]
160.147: [GC (Allocation Failure) 33944K->435K(75520K), 0.0002210 secs]
160.165: [GC (Allocation Failure) 32870K->435K(74496K), 0.0002220 secs]
160.283: [GC (Allocation Failure) 31796K->435K(73472K), 0.0002300 secs]
160.296: [GC (Allocation Failure) 30819K->435K(72512K), 0.0002040 secs]
160.309: [GC (Allocation Failure) 29842K->435K(71616K), 0.0002050 secs]
160.354: [GC (Allocation Failure) 28963K->435K(70720K), 0.0002660 secs]
160.367: [GC (Allocation Failure) 27986K->435K(76288K), 0.0002130 secs]
160.382: [GC (Allocation Failure) 33554K->435K(82944K), 0.0002040 secs]
160.400: [GC (Allocation Failure) 40293K->435K(90944K), 0.0002150 secs]
160.429: [GC (Allocation Failure) 48302K->435K(89216K), 0.0002210 secs]
160.449: [GC (Allocation Failure) 46544K->435K(87552K), 0.0002150 secs]
160.468: [GC (Allocation Failure) 44884K->435K(85952K), 0.0002030 secs]
160.605: [GC (Allocation Failure) 43223K->435K(84416K), 0.0002170 secs]
160.628: [GC (Allocation Failure) 41758K->435K(82944K), 0.0002010 secs]
160.645: [GC (Allocation Failure) 40293K->435K(81536K), 0.0002010 secs]
160.670: [GC (Allocation Failure) 38828K->435K(80192K), 0.0003210 secs]
160.694: [GC (Allocation Failure) 37461K->435K(78912K), 0.0002320 secs]
160.710: [GC (Allocation Failure) 36191K->435K(77696K), 0.0002140 secs]
160.729: [GC (Allocation Failure) 35019K->435K(76544K), 0.0002140 secs]
160.744: [GC (Allocation Failure) 33847K->435K(83264K), 0.0002050 secs]
160.762: [GC (Allocation Failure) 40586K->435K(91328K), 0.0002140 secs]
160.783: [GC (Allocation Failure) 48595K->435K(89536K), 0.0001990 secs]
160.803: [GC (Allocation Failure) 46837K->435K(87872K), 0.0002130 secs]
160.826: [GC (Allocation Failure) 45177K->435K(86272K), 0.0002710 secs]
160.845: [GC (Allocation Failure) 43614K->435K(84736K), 0.0002140 secs]
160.867: [GC (Allocation Failure) 42051K->435K(83264K), 0.0002000 secs]
160.889: [GC (Allocation Failure) 40586K->435K(81856K), 0.0002100 secs]
160.910: [GC (Allocation Failure) 39219K->435K(80512K), 0.0002130 secs]
160.930: [GC (Allocation Failure) 37851K->435K(79232K), 0.0002000 secs]
160.978: [GC (Allocation Failure) 36582K->435K(78016K), 0.0002180 secs]
160.998: [GC (Allocation Failure) 35312K->435K(76864K), 0.0002140 secs]
161.052: [GC (Allocation Failure) 34140K->435K(75776K), 0.0002110 secs]
161.067: [GC (Allocation Failure) 33065K->435K(74688K), 0.0002010 secs]
161.080: [GC (Allocation Failure) 31991K->435K(81024K), 0.0002720 secs]
161.100: [GC (Allocation Failure) 38340K->435K(88640K), 0.0002040 secs]
161.170: [GC (Allocation Failure) 45958K->435K(86976K), 0.0002300 secs]
161.189: [GC (Allocation Failure) 44298K->435K(85376K), 0.0002020 secs]
161.208: [GC (Allocation Failure) 42735K->435K(83904K), 0.0002020 secs]
161.225: [GC (Allocation Failure) 41172K->435K(82496K), 0.0002010 secs]
161.242: [GC (Allocation Failure) 39805K->435K(81152K), 0.0002220 secs]
161.259: [GC (Allocation Failure) 38437K->435K(79872K), 0.0002010 secs]
161.304: [GC (Allocation Failure) 37168K->435K(78656K), 0.0002210 secs]
161.319: [GC (Allocation Failure) 35996K->435K(77440K), 0.0002020 secs]
161.334: [GC (Allocation Failure) 34726K->435K(84352K), 0.0002920 secs]
161.456: [GC (Allocation Failure) 41660K->435K(82880K), 0.0002170 secs]
161.478: [GC (Allocation Failure) 40195K->435K(81472K), 0.0002020 secs]
161.499: [GC (Allocation Failure) 38828K->435K(80128K), 0.0002130 secs]
161.519: [GC (Allocation Failure) 37461K->435K(78848K), 0.0002150 secs]
161.535: [GC (Allocation Failure) 36191K->435K(77632K), 0.0002120 secs]
161.549: [GC (Allocation Failure) 34921K->435K(76480K), 0.0002030 secs]
161.573: [GC (Allocation Failure) 33749K->435K(75392K), 0.0002120 secs]
161.591: [GC (Allocation Failure) 32675K->435K(74368K), 0.0002120 secs]
161.605: [GC (Allocation Failure) 31698K->435K(80640K), 0.0002030 secs]
161.625: [GC (Allocation Failure) 37949K->435K(79360K), 0.0002090 secs]
161.667: [GC (Allocation Failure) 36679K->435K(78144K), 0.0002250 secs]
161.685: [GC (Allocation Failure) 35409K->435K(76992K), 0.0001990 secs]
161.704: [GC (Allocation Failure) 34335K->435K(75904K), 0.0002110 secs]
161.718: [GC (Allocation Failure) 33261K->435K(82496K), 0.0002260 secs]
161.735: [GC (Allocation Failure) 39805K->435K(90432K), 0.0002110 secs]
161.806: [GC (Allocation Failure) 47716K->435K(88704K), 0.0002050 secs]
161.855: [GC (Allocation Failure) 46056K->435K(87040K), 0.0002100 secs]
161.878: [GC (Allocation Failure) 44395K->435K(85440K), 0.0002170 secs]
161.901: [GC (Allocation Failure) 42735K->435K(83968K), 0.0002220 secs]
161.980: [GC (Allocation Failure) 41270K->435K(82560K), 0.0002060 secs]
162.003: [GC (Allocation Failure) 39902K->435K(81216K), 0.0002130 secs]
162.023: [GC (Allocation Failure) 38535K->435K(79936K), 0.0002730 secs]
162.043: [GC (Allocation Failure) 37265K->435K(78656K), 0.0002130 secs]
162.059: [GC (Allocation Failure) 35996K->435K(77440K), 0.0002120 secs]
162.105: [GC (Allocation Failure) 34726K->435K(76288K), 0.0002120 secs]
162.123: [GC (Allocation Failure) 33554K->435K(75200K), 0.0002020 secs]
162.138: [GC (Allocation Failure) 32479K->435K(74176K), 0.0002170 secs]
162.176: [GC (Allocation Failure) 31503K->435K(73152K), 0.0002210 secs]
162.193: [GC (Allocation Failure) 30428K->435K(72192K), 0.0002230 secs]
162.347: [GC (Allocation Failure) 29549K->435K(71296K), 0.0002120 secs]
162.373: [GC (Allocation Failure) 28572K->435K(70400K), 0.0002700 secs]
162.386: [GC (Allocation Failure) 27693K->435K(69568K), 0.0002130 secs]
162.416: [GC (Allocation Failure) 26912K->435K(68800K), 0.0002590 secs]
162.428: [GC (Allocation Failure) 26131K->435K(73984K), 0.0002220 secs]
162.454: [GC (Allocation Failure) 31307K->435K(80192K), 0.0004030 secs]
162.475: [GC (Allocation Failure) 37461K->435K(87616K), 0.0002110 secs]
162.498: [GC (Allocation Failure) 44884K->435K(86016K), 0.0002160 secs]
162.521: [GC (Allocation Failure) 43321K->435K(84480K), 0.0002190 secs]
162.654: [GC (Allocation Failure) 41758K->435K(83008K), 0.0002030 secs]
162.694: [GC (Allocation Failure) 40293K->435K(81600K), 0.0002250 secs]
162.711: [GC (Allocation Failure) 38926K->435K(80256K), 0.0002060 secs]
162.756: [GC (Allocation Failure) 37558K->435K(78976K), 0.0002130 secs]
162.773: [GC (Allocation Failure) 36289K->435K(77760K), 0.0002010 secs]
162.792: [GC (Allocation Failure) 35116K->435K(76608K), 0.0002110 secs]
162.905: [GC (Allocation Failure) 33944K->435K(75520K), 0.0002060 secs]
162.919: [GC (Allocation Failure) 32870K->435K(74496K), 0.0002290 secs]
162.933: [GC (Allocation Failure) 31796K->435K(73472K), 0.0002010 secs]
162.947: [GC (Allocation Failure) 30819K->435K(79552K), 0.0002020 secs]
162.962: [GC (Allocation Failure) 36875K->435K(86848K), 0.0002130 secs]
163.010: [GC (Allocation Failure) 44200K->435K(85312K), 0.0002820 secs]
163.028: [GC (Allocation Failure) 42637K->435K(83840K), 0.0002130 secs]
163.046: [GC (Allocation Failure) 41172K->435K(82432K), 0.0002020 secs]
163.091: [GC (Allocation Failure) 39707K->435K(81088K), 0.0002250 secs]
163.108: [GC (Allocation Failure) 38437K->435K(79808K), 0.0002160 secs]
163.128: [GC (Allocation Failure) 37168K->435K(78592K), 0.0002020 secs]
163.147: [GC (Allocation Failure) 35898K->435K(77376K), 0.0002030 secs]
163.167: [GC (Allocation Failure) 34726K->435K(76224K), 0.0002120 secs]
163.193: [GC (Allocation Failure) 33554K->435K(75136K), 0.0002020 secs]
163.207: [GC (Allocation Failure) 32479K->435K(74112K), 0.0002060 secs]
163.221: [GC (Allocation Failure) 31405K->435K(80320K), 0.0002030 secs]
163.258: [GC (Allocation Failure) 37656K->435K(79040K), 0.0002120 secs]
163.274: [GC (Allocation Failure) 36386K->435K(77824K), 0.0002060 secs]
163.289: [GC (Allocation Failure) 35116K->435K(84800K), 0.0002140 secs]
163.307: [GC (Allocation Failure) 42149K->435K(93184K), 0.0002120 secs]
163.333: [GC (Allocation Failure) 50455K->435K(91328K), 0.0002110 secs]
163.358: [GC (Allocation Failure) 48595K->435K(89536K), 0.0002010 secs]
163.382: [GC (Allocation Failure) 46837K->435K(87872K), 0.0002110 secs]
163.411: [GC (Allocation Failure) 45177K->435K(86272K), 0.0002170 secs]
163.430: [GC (Allocation Failure) 43614K->435K(84736K), 0.0002020 secs]
163.456: [GC (Allocation Failure) 42051K->435K(83264K), 0.0002160 secs]
163.509: [GC (Allocation Failure) 40586K->435K(81856K), 0.0002110 secs]
163.530: [GC (Allocation Failure) 39219K->435K(80512K), 0.0002110 secs]
163.551: [GC (Allocation Failure) 37851K->435K(79232K), 0.0001990 secs]
163.603: [GC (Allocation Failure) 36582K->435K(78016K), 0.0002130 secs]
163.619: [GC (Allocation Failure) 35312K->435K(76864K), 0.0002010 secs]
163.652: [GC (Allocation Failure) 34140K->435K(75776K), 0.0002240 secs]
163.671: [GC (Allocation Failure) 33065K->435K(74688K), 0.0002000 secs]
163.688: [GC (Allocation Failure) 31991K->435K(73664K), 0.0002130 secs]
163.706: [GC (Allocation Failure) 31014K->435K(72704K), 0.0002270 secs]
163.801: [GC (Allocation Failure) 30038K->435K(71808K), 0.0002130 secs]
163.817: [GC (Allocation Failure) 29158K->435K(70912K), 0.0002000 secs]
163.829: [GC (Allocation Failure) 28182K->435K(70080K), 0.0002270 secs]
163.845: [GC (Allocation Failure) 27400K->435K(75520K), 0.0002210 secs]
163.893: [GC (Allocation Failure) 32870K->435K(74496K), 0.0002130 secs]
163.911: [GC (Allocation Failure) 31796K->435K(73472K), 0.0002080 secs]
163.929: [GC (Allocation Failure) 30819K->435K(72512K), 0.0002300 secs]
163.946: [GC (Allocation Failure) 29842K->435K(78400K), 0.0002340 secs]
163.975: [GC (Allocation Failure) 35702K->435K(77248K), 0.0002040 secs]
163.994: [GC (Allocation Failure) 34530K->435K(76096K), 0.0002060 secs]
164.008: [GC (Allocation Failure) 33456K->435K(75008K), 0.0002040 secs]
164.052: [GC (Allocation Failure) 32284K->435K(73984K), 0.0002230 secs]
164.070: [GC (Allocation Failure) 31307K->435K(73024K), 0.0002000 secs]
164.083: [GC (Allocation Failure) 30331K->435K(79040K), 0.0002250 secs]
164.103: [GC (Allocation Failure) 36386K->435K(77824K), 0.0002090 secs]
164.122: [GC (Allocation Failure) 35116K->435K(84800K), 0.0002350 secs]
164.160: [GC (Allocation Failure) 42149K->435K(83328K), 0.0002200 secs]
164.178: [GC (Allocation Failure) 40684K->435K(81920K), 0.0002030 secs]
164.195: [GC (Allocation Failure) 39219K->435K(80576K), 0.0002020 secs]
164.295: [GC (Allocation Failure) 37851K->435K(79296K), 0.0002220 secs]
164.362: [GC (Allocation Failure) 36582K->435K(78080K), 0.0003020 secs]
164.379: [GC (Allocation Failure) 35409K->435K(76928K), 0.0002180 secs]
164.423: [GC (Allocation Failure) 34237K->435K(75840K), 0.0003740 secs]
164.439: [GC (Allocation Failure) 33163K->435K(74752K), 0.0002080 secs]
164.453: [GC (Allocation Failure) 32089K->435K(73728K), 0.0002050 secs]
164.507: [GC (Allocation Failure) 31014K->435K(72768K), 0.0002260 secs]
164.524: [GC (Allocation Failure) 30038K->435K(71808K), 0.0002710 secs]
164.537: [GC (Allocation Failure) 29158K->435K(77568K), 0.0002180 secs]
164.558: [GC (Allocation Failure) 34921K->435K(84480K), 0.0002520 secs]
164.580: [GC (Allocation Failure) 41758K->435K(92800K), 0.0002190 secs]
164.611: [GC (Allocation Failure) 50162K->435K(90944K), 0.0002120 secs]
164.636: [GC (Allocation Failure) 48302K->435K(89216K), 0.0002000 secs]
164.656: [GC (Allocation Failure) 46544K->435K(87552K), 0.0002020 secs]
164.713: [GC (Allocation Failure) 44884K->435K(85952K), 0.0002220 secs]
164.731: [GC (Allocation Failure) 43223K->435K(84416K), 0.0002030 secs]
164.749: [GC (Allocation Failure) 41758K->435K(82944K), 0.0002140 secs]
164.770: [GC (Allocation Failure) 40293K->435K(81536K), 0.0002460 secs]
164.806: [GC (Allocation Failure) 38828K->435K(80192K), 0.0002010 secs]
164.959: [GC (Allocation Failure) 37461K->435K(78912K), 0.0002160 secs]
164.975: [GC (Allocation Failure) 36191K->435K(77696K), 0.0002130 secs]
164.994: [GC (Allocation Failure) 35019K->435K(76544K), 0.0002120 secs]
165.009: [GC (Allocation Failure) 33847K->435K(75456K), 0.0002160 secs]
165.054: [GC (Allocation Failure) 32772K->435K(74432K), 0.0002360 secs]
165.072: [GC (Allocation Failure) 31698K->435K(73408K), 0.0002110 secs]
165.086: [GC (Allocation Failure) 30721K->435K(72448K), 0.0002120 secs]
165.167: [GC (Allocation Failure) 29745K->435K(71552K), 0.0002180 secs]
165.179: [GC (Allocation Failure) 28865K->435K(70656K), 0.0002030 secs]
165.256: [GC (Allocation Failure) 27986K->435K(69824K), 0.0002210 secs]
165.272: [GC (Allocation Failure) 27107K->435K(68992K), 0.0002370 secs]
165.305: [GC (Allocation Failure) 26326K->435K(68224K), 0.0002210 secs]
165.321: [GC (Allocation Failure) 25545K->435K(67520K), 0.0002210 secs]
165.351: [GC (Allocation Failure) 24857K->435K(66816K), 0.0002720 secs]
165.404: [GC (Allocation Failure) 24173K->435K(66112K), 0.0002170 secs]
165.418: [GC (Allocation Failure) 23392K->435K(65472K), 0.0002340 secs]
165.488: [GC (Allocation Failure) 22806K->435K(64832K), 0.0004010 secs]
165.504: [GC (Allocation Failure) 22122K->435K(64256K), 0.0002050 secs]
165.538: [GC (Allocation Failure) 21536K->435K(63680K), 0.0002120 secs]
165.572: [GC (Allocation Failure) 20950K->435K(63104K), 0.0002640 secs]
165.603: [GC (Allocation Failure) 20462K->435K(62592K), 0.0002120 secs]
165.615: [GC (Allocation Failure) 19876K->435K(62080K), 0.0002280 secs]
165.653: [GC (Allocation Failure) 19387K->435K(61568K), 0.0002120 secs]
165.665: [GC (Allocation Failure) 18899K->435K(65280K), 0.0002280 secs]
165.679: [GC (Allocation Failure) 22610K->435K(69760K), 0.0002010 secs]
165.694: [GC (Allocation Failure) 27107K->435K(75136K), 0.0002390 secs]
165.709: [GC (Allocation Failure) 32479K->435K(81600K), 0.0002050 secs]
165.775: [GC (Allocation Failure) 38926K->435K(80256K), 0.0002240 secs]
165.795: [GC (Allocation Failure) 37558K->435K(87744K), 0.0002700 secs]
165.819: [GC (Allocation Failure) 45079K->435K(86144K), 0.0002110 secs]
165.838: [GC (Allocation Failure) 43419K->435K(84608K), 0.0002280 secs]
165.856: [GC (Allocation Failure) 41953K->435K(83136K), 0.0002130 secs]
165.908: [GC (Allocation Failure) 40488K->435K(81728K), 0.0002150 secs]
165.925: [GC (Allocation Failure) 39023K->435K(80384K), 0.0002130 secs]
165.957: [GC (Allocation Failure) 37656K->435K(79104K), 0.0002040 secs]
166.106: [GC (Allocation Failure) 36386K->435K(77888K), 0.0002120 secs]
166.126: [GC (Allocation Failure) 35214K->435K(76736K), 0.0002130 secs]
166.141: [GC (Allocation Failure) 34042K->435K(75648K), 0.0002010 secs]
166.209: [GC (Allocation Failure) 32968K->435K(74560K), 0.0002190 secs]
166.223: [GC (Allocation Failure) 31893K->435K(73536K), 0.0002020 secs]
166.254: [GC (Allocation Failure) 30819K->435K(72576K), 0.0002040 secs]
166.277: [GC (Allocation Failure) 29842K->435K(78528K), 0.0012130 secs]
166.295: [GC (Allocation Failure) 35800K->435K(85632K), 0.0002090 secs]
166.358: [GC (Allocation Failure) 42930K->435K(94144K), 0.0002070 secs]
166.381: [GC (Allocation Failure) 51432K->435K(104384K), 0.0002150 secs]
166.408: [GC (Allocation Failure) 61687K->435K(116672K), 0.0002760 secs]
166.454: [GC (Allocation Failure) 73994K->435K(113664K), 0.0002180 secs]
166.485: [GC (Allocation Failure) 70966K->435K(110848K), 0.0002160 secs]
166.515: [GC (Allocation Failure) 68134K->435K(108160K), 0.0002030 secs]
166.574: [GC (Allocation Failure) 65496K->435K(105600K), 0.0002220 secs]
166.601: [GC (Allocation Failure) 62957K->435K(103168K), 0.0002040 secs]
166.709: [GC (Allocation Failure) 60515K->435K(100800K), 0.0002150 secs]
166.734: [GC (Allocation Failure) 58073K->435K(98560K), 0.0002170 secs]
166.806: [GC (Allocation Failure) 55827K->435K(96448K), 0.0002270 secs]
166.830: [GC (Allocation Failure) 53776K->435K(94400K), 0.0002030 secs]
166.852: [GC (Allocation Failure) 51725K->435K(92480K), 0.0002020 secs]
166.964: [GC (Allocation Failure) 49767K->435K(90624K), 0.0002060 secs]
167.017: [GC (Allocation Failure) 47911K->435K(88896K), 0.0002220 secs]
167.041: [GC (Allocation Failure) 46251K->435K(87232K), 0.0002110 secs]
167.060: [GC (Allocation Failure) 44591K->435K(85632K), 0.0002040 secs]
167.111: [GC (Allocation Failure) 42930K->435K(84096K), 0.0002030 secs]
167.168: [GC (Allocation Failure) 41367K->435K(82624K), 0.0002050 secs]
167.264: [GC (Allocation Failure) 39902K->435K(81280K), 0.0002220 secs]
167.285: [GC (Allocation Failure) 38633K->435K(80000K), 0.0002210 secs]
167.359: [GC (Allocation Failure) 37363K->435K(78720K), 0.0002120 secs]
167.378: [GC (Allocation Failure) 35996K->435K(77504K), 0.0002700 secs]
167.393: [GC (Allocation Failure) 34823K->435K(76352K), 0.0002130 secs]
167.411: [GC (Allocation Failure) 33651K->435K(75264K), 0.0002090 secs]
167.500: [GC (Allocation Failure) 32577K->435K(74240K), 0.0002050 secs]
167.518: [GC (Allocation Failure) 31600K->435K(73216K), 0.0002040 secs]
167.531: [GC (Allocation Failure) 30526K->435K(72256K), 0.0002130 secs]
167.547: [GC (Allocation Failure) 29549K->435K(71360K), 0.0002200 secs]
167.606: [GC (Allocation Failure) 28670K->435K(70464K), 0.0002050 secs]
167.659: [GC (Allocation Failure) 27791K->435K(69632K), 0.0002210 secs]
167.675: [GC (Allocation Failure) 26912K->435K(68864K), 0.0002380 secs]
167.708: [GC (Allocation Failure) 26131K->435K(68096K), 0.0002160 secs]
167.720: [GC (Allocation Failure) 25447K->435K(67392K), 0.0002180 secs]
167.769: [GC (Allocation Failure) 24662K->435K(66688K), 0.0002620 secs]
167.853: [GC (Allocation Failure) 23978K->435K(66048K), 0.0002130 secs]
167.863: [GC (Allocation Failure) 23392K->435K(65408K), 0.0002010 secs]
167.877: [GC (Allocation Failure) 22708K->435K(69888K), 0.0002090 secs]
167.898: [GC (Allocation Failure) 27205K->435K(69056K), 0.0002060 secs]
167.913: [GC (Allocation Failure) 26326K->435K(74304K), 0.0002330 secs]
167.932: [GC (Allocation Failure) 31600K->435K(80576K), 0.0002300 secs]
167.953: [GC (Allocation Failure) 37851K->435K(79296K), 0.0002010 secs]
167.969: [GC (Allocation Failure) 36582K->435K(86592K), 0.0002170 secs]
167.998: [GC (Allocation Failure) 43907K->435K(85056K), 0.0002340 secs]
168.016: [GC (Allocation Failure) 42344K->435K(83584K), 0.0002030 secs]
168.161: [GC (Allocation Failure) 40879K->435K(82176K), 0.0002030 secs]
168.211: [GC (Allocation Failure) 39512K->435K(80832K), 0.0002240 secs]
168.232: [GC (Allocation Failure) 38144K->435K(79552K), 0.0002090 secs]
168.260: [GC (Allocation Failure) 36875K->435K(78336K), 0.0002040 secs]
168.313: [GC (Allocation Failure) 35605K->435K(77184K), 0.0002220 secs]
168.332: [GC (Allocation Failure) 34530K->435K(76032K), 0.0002750 secs]
168.352: [GC (Allocation Failure) 33358K->435K(74944K), 0.0002140 secs]
168.366: [GC (Allocation Failure) 32284K->435K(73920K), 0.0002140 secs]
168.380: [GC (Allocation Failure) 31210K->435K(80128K), 0.0002140 secs]
168.396: [GC (Allocation Failure) 37461K->435K(87552K), 0.0002120 secs]
168.416: [GC (Allocation Failure) 44884K->435K(96448K), 0.0002010 secs]
168.454: [GC (Allocation Failure) 53776K->435K(94400K), 0.0002580 secs]
168.477: [GC (Allocation Failure) 51725K->435K(92480K), 0.0001980 secs]
168.498: [GC (Allocation Failure) 49767K->435K(90624K), 0.0002030 secs]
168.522: [GC (Allocation Failure) 47911K->435K(88896K), 0.0002120 secs]
168.568: [GC (Allocation Failure) 46251K->435K(87232K), 0.0002000 secs]
168.588: [GC (Allocation Failure) 44591K->435K(85632K), 0.0002100 secs]
168.618: [GC (Allocation Failure) 42930K->435K(84096K), 0.0002170 secs]
168.672: [GC (Allocation Failure) 41367K->435K(82624K), 0.0002110 secs]
168.690: [GC (Allocation Failure) 39902K->435K(81280K), 0.0002280 secs]
168.707: [GC (Allocation Failure) 38633K->435K(80000K), 0.0002010 secs]
168.727: [GC (Allocation Failure) 37363K->435K(78720K), 0.0002020 secs]
168.743: [GC (Allocation Failure) 35996K->435K(77504K), 0.0002120 secs]
168.762: [GC (Allocation Failure) 34823K->435K(76352K), 0.0002130 secs]
168.809: [GC (Allocation Failure) 33651K->435K(75264K), 0.0002240 secs]
168.823: [GC (Allocation Failure) 32577K->435K(74240K), 0.0002140 secs]
168.863: [GC (Allocation Failure) 31600K->435K(73216K), 0.0002210 secs]
168.876: [GC (Allocation Failure) 30526K->435K(72256K), 0.0002030 secs]
168.892: [GC (Allocation Failure) 29549K->435K(71360K), 0.0002140 secs]
168.912: [GC (Allocation Failure) 28670K->435K(70464K), 0.0002320 secs]
168.924: [GC (Allocation Failure) 27791K->435K(75968K), 0.0002130 secs]
168.942: [GC (Allocation Failure) 33261K->435K(82560K), 0.0002140 secs]
168.963: [GC (Allocation Failure) 39902K->435K(90496K), 0.0002030 secs]
169.020: [GC (Allocation Failure) 47814K->435K(88768K), 0.0002180 secs]
169.044: [GC (Allocation Failure) 46056K->435K(87104K), 0.0002090 secs]
169.064: [GC (Allocation Failure) 44395K->435K(85504K), 0.0002040 secs]
169.099: [GC (Allocation Failure) 42833K->435K(83968K), 0.0002100 secs]
169.163: [GC (Allocation Failure) 41270K->435K(82560K), 0.0002130 secs]
169.184: [GC (Allocation Failure) 39902K->435K(81216K), 0.0002000 secs]
169.201: [GC (Allocation Failure) 38535K->435K(79936K), 0.0002140 secs]
169.217: [GC (Allocation Failure) 37265K->435K(78656K), 0.0002700 secs]
169.311: [GC (Allocation Failure) 35996K->435K(77440K), 0.0002130 secs]
169.326: [GC (Allocation Failure) 34726K->435K(76288K), 0.0002120 secs]
169.361: [GC (Allocation Failure) 33554K->435K(75200K), 0.0002260 secs]
169.379: [GC (Allocation Failure) 32479K->435K(74176K), 0.0002020 secs]
169.409: [GC (Allocation Failure) 31503K->435K(73152K), 0.0002750 secs]
169.463: [GC (Allocation Failure) 30428K->435K(72192K), 0.0003880 secs]
169.476: [GC (Allocation Failure) 29549K->435K(71296K), 0.0002150 secs]
169.492: [GC (Allocation Failure) 28572K->435K(70400K), 0.0002100 secs]
169.512: [GC (Allocation Failure) 27693K->435K(69568K), 0.0002100 secs]
169.528: [GC (Allocation Failure) 26912K->435K(74880K), 0.0002010 secs]
169.546: [GC (Allocation Failure) 32186K->435K(81280K), 0.0002250 secs]
169.613: [GC (Allocation Failure) 38633K->435K(80000K), 0.0002120 secs]
169.633: [GC (Allocation Failure) 37363K->435K(78720K), 0.0002110 secs]
169.648: [GC (Allocation Failure) 35996K->435K(85888K), 0.0002680 secs]
169.718: [GC (Allocation Failure) 43223K->435K(84352K), 0.0002230 secs]
169.736: [GC (Allocation Failure) 41660K->435K(82880K), 0.0002030 secs]
169.763: [GC (Allocation Failure) 40195K->435K(81472K), 0.0002100 secs]
169.780: [GC (Allocation Failure) 38828K->435K(80128K), 0.0002020 secs]
169.796: [GC (Allocation Failure) 37461K->435K(78848K), 0.0002040 secs]
169.816: [GC (Allocation Failure) 36191K->435K(86016K), 0.0002680 secs]
169.839: [GC (Allocation Failure) 43321K->435K(84480K), 0.0002120 secs]
169.861: [GC (Allocation Failure) 41758K->435K(83008K), 0.0002100 secs]
169.878: [GC (Allocation Failure) 40293K->435K(81600K), 0.0002090 secs]
169.900: [GC (Allocation Failure) 38926K->435K(80256K), 0.0002110 secs]
169.967: [GC (Allocation Failure) 37558K->435K(78976K), 0.0002130 secs]
169.986: [GC (Allocation Failure) 36289K->435K(77760K), 0.0002210 secs]
170.012: [GC (Allocation Failure) 35116K->435K(76608K), 0.0002120 secs]
170.026: [GC (Allocation Failure) 33944K->435K(75520K), 0.0002230 secs]
170.161: [GC (Allocation Failure) 32870K->435K(74496K), 0.0002050 secs]
170.211: [GC (Allocation Failure) 31796K->435K(73472K), 0.0002120 secs]
170.228: [GC (Allocation Failure) 30819K->435K(72512K), 0.0002220 secs]
170.264: [GC (Allocation Failure) 29842K->435K(71616K), 0.0002160 secs]
170.276: [GC (Allocation Failure) 28963K->435K(70720K), 0.0002170 secs]
170.303: [GC (Allocation Failure) 27986K->435K(69888K), 0.0002410 secs]
170.319: [GC (Allocation Failure) 27205K->435K(69056K), 0.0002160 secs]
170.353: [GC (Allocation Failure) 26326K->435K(68288K), 0.0002040 secs]
170.365: [GC (Allocation Failure) 25642K->435K(73344K), 0.0002210 secs]
170.379: [GC (Allocation Failure) 30624K->435K(79424K), 0.0002030 secs]
170.424: [GC (Allocation Failure) 36777K->435K(78208K), 0.0002150 secs]
170.443: [GC (Allocation Failure) 35507K->435K(77056K), 0.0002120 secs]
170.462: [GC (Allocation Failure) 34335K->435K(75904K), 0.0002110 secs]
170.477: [GC (Allocation Failure) 33261K->435K(82496K), 0.0002040 secs]
170.494: [GC (Allocation Failure) 39805K->435K(90432K), 0.0002030 secs]
170.572: [GC (Allocation Failure) 47716K->435K(88704K), 0.0002120 secs]
170.596: [GC (Allocation Failure) 46056K->435K(87040K), 0.0002010 secs]
170.617: [GC (Allocation Failure) 44395K->435K(85440K), 0.0002160 secs]
170.669: [GC (Allocation Failure) 42735K->435K(83968K), 0.0002170 secs]
170.765: [GC (Allocation Failure) 41270K->435K(82560K), 0.0002120 secs]
170.786: [GC (Allocation Failure) 39902K->435K(81216K), 0.0002820 secs]
170.803: [GC (Allocation Failure) 38535K->435K(79936K), 0.0002020 secs]
170.868: [GC (Allocation Failure) 37265K->435K(78656K), 0.0002240 secs]
170.883: [GC (Allocation Failure) 35996K->435K(77440K), 0.0002000 secs]
170.913: [GC (Allocation Failure) 34726K->435K(76288K), 0.0002030 secs]
171.066: [GC (Allocation Failure) 33554K->435K(75200K), 0.0002240 secs]
171.080: [GC (Allocation Failure) 32479K->435K(74176K), 0.0002160 secs]
171.097: [GC (Allocation Failure) 31503K->435K(73152K), 0.0002090 secs]
171.110: [GC (Allocation Failure) 30428K->435K(72192K), 0.0002050 secs]
171.165: [GC (Allocation Failure) 29549K->435K(71296K), 0.0002120 secs]
171.177: [GC (Allocation Failure) 28572K->435K(70400K), 0.0002300 secs]
171.189: [GC (Allocation Failure) 27693K->435K(75904K), 0.0002050 secs]
171.208: [GC (Allocation Failure) 33261K->435K(82496K), 0.0002120 secs]
171.365: [GC (Allocation Failure) 39805K->435K(81152K), 0.0002740 secs]
171.419: [GC (Allocation Failure) 38437K->435K(79872K), 0.0002160 secs]
171.435: [GC (Allocation Failure) 37168K->435K(78656K), 0.0002140 secs]
171.454: [GC (Allocation Failure) 35996K->435K(77440K), 0.0002400 secs]
171.474: [GC (Allocation Failure) 34726K->435K(76288K), 0.0002130 secs]
171.498: [GC (Allocation Failure) 33554K->435K(75200K), 0.0002150 secs]
171.516: [GC (Allocation Failure) 32479K->435K(74176K), 0.0002040 secs]
171.530: [GC (Allocation Failure) 31503K->435K(80448K), 0.0002150 secs]
171.549: [GC (Allocation Failure) 37754K->435K(79168K), 0.0002110 secs]
171.614: [GC (Allocation Failure) 36484K->435K(77952K), 0.0002050 secs]
171.668: [GC (Allocation Failure) 35312K->435K(76800K), 0.0002210 secs]
171.687: [GC (Allocation Failure) 34140K->435K(75712K), 0.0002140 secs]
171.702: [GC (Allocation Failure) 33065K->435K(74624K), 0.0002220 secs]
171.719: [GC (Allocation Failure) 31893K->435K(73600K), 0.0002000 secs]
171.733: [GC (Allocation Failure) 30917K->435K(79744K), 0.0002040 secs]
171.765: [GC (Allocation Failure) 37070K->435K(78528K), 0.0002130 secs]
171.784: [GC (Allocation Failure) 35800K->435K(77312K), 0.0002010 secs]
171.799: [GC (Allocation Failure) 34628K->435K(76160K), 0.0002240 secs]
171.818: [GC (Allocation Failure) 33456K->435K(82816K), 0.0002220 secs]
171.920: [GC (Allocation Failure) 40098K->435K(81408K), 0.0002170 secs]
171.937: [GC (Allocation Failure) 38730K->435K(80064K), 0.0002720 secs]
171.979: [GC (Allocation Failure) 37363K->435K(78784K), 0.0002270 secs]
171.994: [GC (Allocation Failure) 36093K->435K(77568K), 0.0002050 secs]
172.010: [GC (Allocation Failure) 34921K->435K(76416K), 0.0002120 secs]
172.064: [GC (Allocation Failure) 33749K->435K(75328K), 0.0002150 secs]
172.165: [GC (Allocation Failure) 32675K->435K(74304K), 0.0002190 secs]
172.213: [GC (Allocation Failure) 31600K->435K(73280K), 0.0002140 secs]
172.230: [GC (Allocation Failure) 30624K->435K(72320K), 0.0002110 secs]
172.247: [GC (Allocation Failure) 29647K->435K(71424K), 0.0002100 secs]
172.260: [GC (Allocation Failure) 28768K->435K(70528K), 0.0002120 secs]
172.300: [GC (Allocation Failure) 27889K->435K(69696K), 0.0002170 secs]
172.311: [GC (Allocation Failure) 27010K->435K(68928K), 0.0002060 secs]
172.327: [GC (Allocation Failure) 26228K->435K(74112K), 0.0002150 secs]
172.351: [GC (Allocation Failure) 31405K->435K(73152K), 0.0002220 secs]
172.366: [GC (Allocation Failure) 30428K->435K(79168K), 0.0003040 secs]
172.393: [GC (Allocation Failure) 36484K->435K(86400K), 0.0002260 secs]
172.415: [GC (Allocation Failure) 43712K->435K(95104K), 0.0002290 secs]
172.437: [GC (Allocation Failure) 52408K->435K(93120K), 0.0002040 secs]
172.471: [GC (Allocation Failure) 50455K->435K(91264K), 0.0002150 secs]
172.496: [GC (Allocation Failure) 48595K->435K(89472K), 0.0002030 secs]
172.561: [GC (Allocation Failure) 46739K->435K(87808K), 0.0002750 secs]
172.619: [GC (Allocation Failure) 45079K->435K(86208K), 0.0002140 secs]
172.655: [GC (Allocation Failure) 43516K->435K(84672K), 0.0002700 secs]
172.688: [GC (Allocation Failure) 41953K->435K(83200K), 0.0001900 secs]
172.705: [GC (Allocation Failure) 40488K->435K(81792K), 0.0002140 secs]
172.725: [GC (Allocation Failure) 39121K->435K(80448K), 0.0002040 secs]
172.742: [GC (Allocation Failure) 37754K->435K(79168K), 0.0002140 secs]
172.770: [GC (Allocation Failure) 36484K->435K(77952K), 0.0002150 secs]
172.786: [GC (Allocation Failure) 35312K->435K(76800K), 0.0002110 secs]
172.800: [GC (Allocation Failure) 34140K->435K(75712K), 0.0002030 secs]
172.819: [GC (Allocation Failure) 33065K->435K(74624K), 0.0002180 secs]
172.968: [GC (Allocation Failure) 31893K->435K(73600K), 0.0002280 secs]
172.986: [GC (Allocation Failure) 30917K->435K(72640K), 0.0002000 secs]
172.999: [GC (Allocation Failure) 29940K->435K(71744K), 0.0002180 secs]
173.067: [GC (Allocation Failure) 29061K->435K(70848K), 0.0002280 secs]
173.084: [GC (Allocation Failure) 28182K->435K(70016K), 0.0002120 secs]
173.100: [GC (Allocation Failure) 27303K->435K(69184K), 0.0002000 secs]
173.116: [GC (Allocation Failure) 26521K->435K(68416K), 0.0002110 secs]
173.131: [GC (Allocation Failure) 25740K->435K(73536K), 0.0002160 secs]
173.148: [GC (Allocation Failure) 30819K->435K(79680K), 0.0002190 secs]
173.164: [GC (Allocation Failure) 36972K->435K(87040K), 0.0002030 secs]
173.278: [GC (Allocation Failure) 44395K->435K(85440K), 0.0002210 secs]
173.324: [GC (Allocation Failure) 42735K->435K(83968K), 0.0002040 secs]
173.377: [GC (Allocation Failure) 41270K->435K(82560K), 0.0002110 secs]
173.394: [GC (Allocation Failure) 39902K->435K(81216K), 0.0002740 secs]
173.426: [GC (Allocation Failure) 38535K->435K(79936K), 0.0002180 secs]
173.446: [GC (Allocation Failure) 37265K->435K(78656K), 0.0002020 secs]
173.462: [GC (Allocation Failure) 35996K->435K(77440K), 0.0002150 secs]
173.477: [GC (Allocation Failure) 34726K->435K(76288K), 0.0002030 secs]
173.500: [GC (Allocation Failure) 33554K->435K(75200K), 0.0002090 secs]
173.518: [GC (Allocation Failure) 32479K->435K(81664K), 0.0002740 secs]
173.539: [GC (Allocation Failure) 39023K->435K(80320K), 0.0002180 secs]
173.560: [GC (Allocation Failure) 37656K->435K(79040K), 0.0002100 secs]
173.605: [GC (Allocation Failure) 36386K->435K(77824K), 0.0002160 secs]
173.624: [GC (Allocation Failure) 35116K->435K(76672K), 0.0002140 secs]
173.665: [GC (Allocation Failure) 33944K->435K(75584K), 0.0002120 secs]
173.683: [GC (Allocation Failure) 32870K->435K(74560K), 0.0002130 secs]
173.697: [GC (Allocation Failure) 31893K->435K(73536K), 0.0002150 secs]
173.719: [GC (Allocation Failure) 30819K->435K(72576K), 0.0002250 secs]
173.732: [GC (Allocation Failure) 29842K->435K(78528K), 0.0002020 secs]
173.778: [GC (Allocation Failure) 35800K->435K(77312K), 0.0002270 secs]
173.794: [GC (Allocation Failure) 34628K->435K(84160K), 0.0003920 secs]
173.878: [GC (Allocation Failure) 41465K->435K(82688K), 0.0002110 secs]
173.900: [GC (Allocation Failure) 40000K->435K(81344K), 0.0002110 secs]
173.921: [GC (Allocation Failure) 38633K->435K(80000K), 0.0002170 secs]
173.938: [GC (Allocation Failure) 37363K->435K(78720K), 0.0002140 secs]
173.956: [GC (Allocation Failure) 35996K->435K(77504K), 0.0002120 secs]
174.002: [GC (Allocation Failure) 34823K->435K(76352K), 0.0002070 secs]
174.115: [GC (Allocation Failure) 33651K->435K(75264K), 0.0002130 secs]
174.129: [GC (Allocation Failure) 32577K->435K(74240K), 0.0002130 secs]
174.170: [GC (Allocation Failure) 31600K->435K(73216K), 0.0002250 secs]
174.184: [GC (Allocation Failure) 30526K->435K(72256K), 0.0002020 secs]
174.223: [GC (Allocation Failure) 29549K->435K(71360K), 0.0002180 secs]
174.240: [GC (Allocation Failure) 28670K->435K(70464K), 0.0002000 secs]
174.269: [GC (Allocation Failure) 27791K->435K(69632K), 0.0002750 secs]
174.347: [GC (Allocation Failure) 26912K->435K(68864K), 0.0002130 secs]
174.370: [GC (Allocation Failure) 26131K->435K(68096K), 0.0002110 secs]
174.381: [GC (Allocation Failure) 25447K->435K(67392K), 0.0002290 secs]
174.396: [GC (Allocation Failure) 24662K->435K(72256K), 0.0002110 secs]
174.419: [GC (Allocation Failure) 29549K->435K(78144K), 0.0002630 secs]
174.435: [GC (Allocation Failure) 35409K->435K(85184K), 0.0002040 secs]
174.525: [GC (Allocation Failure) 42540K->435K(83712K), 0.0003420 secs]
174.547: [GC (Allocation Failure) 41074K->435K(82304K), 0.0002730 secs]
174.568: [GC (Allocation Failure) 39609K->435K(80960K), 0.0002210 secs]
174.608: [GC (Allocation Failure) 38242K->435K(79680K), 0.0002030 secs]
174.666: [GC (Allocation Failure) 36972K->435K(78464K), 0.0002020 secs]
174.685: [GC (Allocation Failure) 35800K->435K(77312K), 0.0002210 secs]
174.706: [GC (Allocation Failure) 34628K->435K(76160K), 0.0002260 secs]
174.721: [GC (Allocation Failure) 33456K->435K(75072K), 0.0002060 secs]
174.771: [GC (Allocation Failure) 32382K->435K(74048K), 0.0002160 secs]
174.825: [GC (Allocation Failure) 31405K->435K(73088K), 0.0002140 secs]
174.842: [GC (Allocation Failure) 30428K->435K(72128K), 0.0002020 secs]
174.874: [GC (Allocation Failure) 29451K->435K(71232K), 0.0002040 secs]
174.887: [GC (Allocation Failure) 28572K->435K(70400K), 0.0002020 secs]
174.899: [GC (Allocation Failure) 27693K->435K(75904K), 0.0002120 secs]
174.977: [GC (Allocation Failure) 33261K->435K(74816K), 0.0002390 secs]
174.991: [GC (Allocation Failure) 32089K->435K(81216K), 0.0002610 secs]
175.012: [GC (Allocation Failure) 38535K->435K(79936K), 0.0002140 secs]
175.033: [GC (Allocation Failure) 37265K->435K(78656K), 0.0002010 secs]
175.048: [GC (Allocation Failure) 35996K->435K(77440K), 0.0002030 secs]
175.105: [GC (Allocation Failure) 34726K->435K(76288K), 0.0002230 secs]
175.126: [GC (Allocation Failure) 33554K->435K(75200K), 0.0002570 secs]
175.140: [GC (Allocation Failure) 32479K->435K(81664K), 0.0002750 secs]
175.171: [GC (Allocation Failure) 39023K->435K(80320K), 0.0002020 secs]
175.192: [GC (Allocation Failure) 37656K->435K(79040K), 0.0002090 secs]
175.208: [GC (Allocation Failure) 36386K->435K(77824K), 0.0002220 secs]
175.323: [GC (Allocation Failure) 35116K->435K(76672K), 0.0002250 secs]
175.338: [GC (Allocation Failure) 33944K->435K(75584K), 0.0002110 secs]
175.356: [GC (Allocation Failure) 32870K->435K(74560K), 0.0002100 secs]
175.372: [GC (Allocation Failure) 31893K->435K(73536K), 0.0002050 secs]
175.425: [GC (Allocation Failure) 30819K->435K(72576K), 0.0002220 secs]
175.443: [GC (Allocation Failure) 29842K->435K(71680K), 0.0002100 secs]
175.455: [GC (Allocation Failure) 28963K->435K(77440K), 0.0002150 secs]
175.470: [GC (Allocation Failure) 34726K->435K(84352K), 0.0002120 secs]
175.551: [GC (Allocation Failure) 41660K->435K(82880K), 0.0002220 secs]
175.573: [GC (Allocation Failure) 40195K->435K(81472K), 0.0002200 secs]
175.625: [GC (Allocation Failure) 38828K->435K(80128K), 0.0002160 secs]
175.642: [GC (Allocation Failure) 37461K->435K(78848K), 0.0002020 secs]
175.659: [GC (Allocation Failure) 36191K->435K(77632K), 0.0002100 secs]
175.724: [GC (Allocation Failure) 34921K->435K(76480K), 0.0002130 secs]
175.738: [GC (Allocation Failure) 33749K->435K(75392K), 0.0002320 secs]
175.756: [GC (Allocation Failure) 32675K->435K(74368K), 0.0002080 secs]
175.872: [GC (Allocation Failure) 31698K->435K(73344K), 0.0002050 secs]
175.902: [GC (Allocation Failure) 30624K->435K(72384K), 0.0002200 secs]
175.919: [GC (Allocation Failure) 29745K->435K(71488K), 0.0002170 secs]
175.932: [GC (Allocation Failure) 28768K->435K(70592K), 0.0002020 secs]
176.025: [GC (Allocation Failure) 27889K->435K(69760K), 0.0002220 secs]
176.041: [GC (Allocation Failure) 27107K->435K(68992K), 0.0002370 secs]
176.161: [GC (Allocation Failure) 26326K->435K(68224K), 0.0002250 secs]
176.172: [GC (Allocation Failure) 25545K->435K(67520K), 0.0002030 secs]
176.187: [GC (Allocation Failure) 24857K->435K(72448K), 0.0002150 secs]
176.200: [GC (Allocation Failure) 29745K->435K(78336K), 0.0002160 secs]
176.275: [GC (Allocation Failure) 35605K->435K(77184K), 0.0002260 secs]
176.291: [GC (Allocation Failure) 34530K->435K(76032K), 0.0001910 secs]
176.328: [GC (Allocation Failure) 33358K->435K(74944K), 0.0002250 secs]
176.342: [GC (Allocation Failure) 32284K->435K(73920K), 0.0001970 secs]
176.356: [GC (Allocation Failure) 31210K->435K(80128K), 0.0002100 secs]
176.372: [GC (Allocation Failure) 37461K->435K(87552K), 0.0002650 secs]
176.392: [GC (Allocation Failure) 44884K->435K(96448K), 0.0002000 secs]
176.419: [GC (Allocation Failure) 53776K->435K(94400K), 0.0002020 secs]
176.446: [GC (Allocation Failure) 51725K->435K(92480K), 0.0002180 secs]
176.472: [GC (Allocation Failure) 49767K->435K(90624K), 0.0002210 secs]
176.535: [GC (Allocation Failure) 47911K->435K(88896K), 0.0002220 secs]
176.559: [GC (Allocation Failure) 46251K->435K(87232K), 0.0002200 secs]
176.633: [GC (Allocation Failure) 44591K->435K(85632K), 0.0002150 secs]
176.656: [GC (Allocation Failure) 42930K->435K(84096K), 0.0002110 secs]
176.682: [GC (Allocation Failure) 41367K->435K(82624K), 0.0002180 secs]
176.700: [GC (Allocation Failure) 39902K->435K(81280K), 0.0002020 secs]
176.777: [GC (Allocation Failure) 38633K->435K(80000K), 0.0002160 secs]
176.826: [GC (Allocation Failure) 37363K->435K(78720K), 0.0002120 secs]
176.846: [GC (Allocation Failure) 35996K->435K(77504K), 0.0002030 secs]
176.861: [GC (Allocation Failure) 34823K->435K(76352K), 0.0002100 secs]
176.879: [GC (Allocation Failure) 33651K->435K(75264K), 0.0002020 secs]
176.897: [GC (Allocation Failure) 32577K->435K(74240K), 0.0002170 secs]
176.915: [GC (Allocation Failure) 31600K->435K(73216K), 0.0002150 secs]
176.929: [GC (Allocation Failure) 30526K->435K(79296K), 0.0002040 secs]
176.948: [GC (Allocation Failure) 36582K->435K(78080K), 0.0002100 secs]
176.964: [GC (Allocation Failure) 35409K->435K(85120K), 0.0002110 secs]
176.986: [GC (Allocation Failure) 42442K->435K(93568K), 0.0002470 secs]
177.033: [GC (Allocation Failure) 50846K->435K(91712K), 0.0002120 secs]
177.054: [GC (Allocation Failure) 48986K->435K(89920K), 0.0002120 secs]
177.074: [GC (Allocation Failure) 47228K->435K(88192K), 0.0002020 secs]
177.094: [GC (Allocation Failure) 45470K->435K(86592K), 0.0002010 secs]
177.113: [GC (Allocation Failure) 43907K->435K(85056K), 0.0002150 secs]
177.132: [GC (Allocation Failure) 42344K->435K(83584K), 0.0002030 secs]
177.153: [GC (Allocation Failure) 40879K->435K(82176K), 0.0002230 secs]
177.209: [GC (Allocation Failure) 39512K->435K(80832K), 0.0002150 secs]
177.229: [GC (Allocation Failure) 38144K->435K(79552K), 0.0002020 secs]
177.249: [GC (Allocation Failure) 36875K->435K(78336K), 0.0002140 secs]
177.264: [GC (Allocation Failure) 35605K->435K(77184K), 0.0002040 secs]
177.330: [GC (Allocation Failure) 34530K->435K(76032K), 0.0002130 secs]
177.348: [GC (Allocation Failure) 33358K->435K(74944K), 0.0002300 secs]
177.363: [GC (Allocation Failure) 32284K->435K(73920K), 0.0002030 secs]
177.376: [GC (Allocation Failure) 31210K->435K(80128K), 0.0002030 secs]
177.392: [GC (Allocation Failure) 37461K->435K(87552K), 0.0002140 secs]
177.434: [GC (Allocation Failure) 44884K->435K(85952K), 0.0002190 secs]
177.453: [GC (Allocation Failure) 43223K->435K(84416K), 0.0002160 secs]
177.471: [GC (Allocation Failure) 41758K->435K(82944K), 0.0002130 secs]
177.511: [GC (Allocation Failure) 40293K->435K(81536K), 0.0002160 secs]
177.532: [GC (Allocation Failure) 38828K->435K(80192K), 0.0002110 secs]
177.583: [GC (Allocation Failure) 37461K->435K(78912K), 0.0002190 secs]
177.599: [GC (Allocation Failure) 36191K->435K(77696K), 0.0002190 secs]
177.619: [GC (Allocation Failure) 35019K->435K(76544K), 0.0002130 secs]
177.669: [GC (Allocation Failure) 33847K->435K(75456K), 0.0002080 secs]
177.687: [GC (Allocation Failure) 32772K->435K(74432K), 0.0002020 secs]
177.729: [GC (Allocation Failure) 31698K->435K(73408K), 0.0002080 secs]
177.743: [GC (Allocation Failure) 30721K->435K(72448K), 0.0002150 secs]
177.759: [GC (Allocation Failure) 29745K->435K(71552K), 0.0002000 secs]
177.776: [GC (Allocation Failure) 28865K->435K(70656K), 0.0002290 secs]
177.788: [GC (Allocation Failure) 27986K->435K(76224K), 0.0002030 secs]
177.926: [GC (Allocation Failure) 33554K->435K(75136K), 0.0002130 secs]
177.977: [GC (Allocation Failure) 32479K->435K(74112K), 0.0002250 secs]
177.995: [GC (Allocation Failure) 31405K->435K(73152K), 0.0002110 secs]
178.012: [GC (Allocation Failure) 30428K->435K(72192K), 0.0002010 secs]
178.025: [GC (Allocation Failure) 29549K->435K(78016K), 0.0002720 secs]
178.081: [GC (Allocation Failure) 35312K->435K(76864K), 0.0002120 secs]
178.100: [GC (Allocation Failure) 34140K->435K(75776K), 0.0002020 secs]
178.169: [GC (Allocation Failure) 33065K->435K(74688K), 0.0002750 secs]
178.187: [GC (Allocation Failure) 31991K->435K(73664K), 0.0002020 secs]
178.276: [GC (Allocation Failure) 31014K->435K(72704K), 0.0002050 secs]
178.294: [GC (Allocation Failure) 30038K->435K(71808K), 0.0003450 secs]
178.307: [GC (Allocation Failure) 29158K->435K(77568K), 0.0002070 secs]
178.332: [GC (Allocation Failure) 34921K->435K(76416K), 0.0002130 secs]
178.352: [GC (Allocation Failure) 33749K->435K(75328K), 0.0002300 secs]
178.377: [GC (Allocation Failure) 32675K->435K(74304K), 0.0002740 secs]
178.392: [GC (Allocation Failure) 31600K->435K(80576K), 0.0002130 secs]
178.408: [GC (Allocation Failure) 37851K->435K(88128K), 0.0002970 secs]
178.436: [GC (Allocation Failure) 45470K->435K(97152K), 0.0002160 secs]
178.463: [GC (Allocation Failure) 54459K->435K(95104K), 0.0002010 secs]
178.501: [GC (Allocation Failure) 52408K->435K(93120K), 0.0002760 secs]
178.585: [GC (Allocation Failure) 50455K->435K(91264K), 0.0002270 secs]
178.610: [GC (Allocation Failure) 48595K->435K(89472K), 0.0002010 secs]
178.675: [GC (Allocation Failure) 46739K->435K(87808K), 0.0002250 secs]
178.696: [GC (Allocation Failure) 45079K->435K(86208K), 0.0002000 secs]
178.721: [GC (Allocation Failure) 43516K->435K(84672K), 0.0002160 secs]
178.743: [GC (Allocation Failure) 41953K->435K(83200K), 0.0002030 secs]
178.761: [GC (Allocation Failure) 40488K->435K(81792K), 0.0002290 secs]
178.781: [GC (Allocation Failure) 39121K->435K(80448K), 0.0002150 secs]
178.830: [GC (Allocation Failure) 37754K->435K(79168K), 0.0002070 secs]
178.883: [GC (Allocation Failure) 36484K->435K(77952K), 0.0002120 secs]
178.902: [GC (Allocation Failure) 35312K->435K(76800K), 0.0002040 secs]
178.921: [GC (Allocation Failure) 34140K->435K(75712K), 0.0002240 secs]
178.935: [GC (Allocation Failure) 33065K->435K(74624K), 0.0002010 secs]
178.953: [GC (Allocation Failure) 31893K->435K(73600K), 0.0002110 secs]
178.976: [GC (Allocation Failure) 30917K->435K(72640K), 0.0002140 secs]
178.989: [GC (Allocation Failure) 29940K->435K(78592K), 0.0002160 secs]
179.079: [GC (Allocation Failure) 35898K->435K(77376K), 0.0002130 secs]
179.133: [GC (Allocation Failure) 34726K->435K(76224K), 0.0002220 secs]
179.151: [GC (Allocation Failure) 33554K->435K(75136K), 0.0002210 secs]
179.182: [GC (Allocation Failure) 32479K->435K(74112K), 0.0002190 secs]
179.199: [GC (Allocation Failure) 31405K->435K(73152K), 0.0002060 secs]
179.214: [GC (Allocation Failure) 30428K->435K(72192K), 0.0002130 secs]
179.227: [GC (Allocation Failure) 29549K->435K(78016K), 0.0002150 secs]
179.242: [GC (Allocation Failure) 35312K->435K(85056K), 0.0002030 secs]
179.349: [GC (Allocation Failure) 42344K->435K(83584K), 0.0002190 secs]
179.366: [GC (Allocation Failure) 40879K->435K(82176K), 0.0002120 secs]
179.387: [GC (Allocation Failure) 39512K->435K(80832K), 0.0002090 secs]
179.480: [GC (Allocation Failure) 38144K->435K(79552K), 0.0002750 secs]
179.514: [GC (Allocation Failure) 36875K->435K(78336K), 0.0002300 secs]
179.530: [GC (Allocation Failure) 35605K->435K(77184K), 0.0003350 secs]
179.545: [GC (Allocation Failure) 34530K->435K(84032K), 0.0002060 secs]
179.572: [GC (Allocation Failure) 41367K->435K(82624K), 0.0002110 secs]
179.590: [GC (Allocation Failure) 39902K->435K(90560K), 0.0003220 secs]
179.620: [GC (Allocation Failure) 47911K->435K(100096K), 0.0002240 secs]
179.648: [GC (Allocation Failure) 57390K->435K(97920K), 0.0002730 secs]
179.677: [GC (Allocation Failure) 55241K->435K(95808K), 0.0002230 secs]
179.737: [GC (Allocation Failure) 53092K->435K(93824K), 0.0002140 secs]
179.759: [GC (Allocation Failure) 51139K->435K(91904K), 0.0002000 secs]
179.790: [GC (Allocation Failure) 49181K->435K(90112K), 0.0002200 secs]
179.814: [GC (Allocation Failure) 47423K->435K(88384K), 0.0002220 secs]
179.914: [GC (Allocation Failure) 45665K->435K(86720K), 0.0002070 secs]
179.981: [GC (Allocation Failure) 44005K->435K(85184K), 0.0002120 secs]
180.004: [GC (Allocation Failure) 42540K->435K(83712K), 0.0002150 secs]
180.022: [GC (Allocation Failure) 41074K->435K(82304K), 0.0002170 secs]
180.039: [GC (Allocation Failure) 39609K->435K(80960K), 0.0002140 secs]
180.055: [GC (Allocation Failure) 38242K->435K(79680K), 0.0002010 secs]
180.075: [GC (Allocation Failure) 36972K->435K(78464K), 0.0002020 secs]
180.091: [GC (Allocation Failure) 35800K->435K(77312K), 0.0002250 secs]
180.110: [GC (Allocation Failure) 34628K->435K(76160K), 0.0002110 secs]
180.124: [GC (Allocation Failure) 33456K->435K(82816K), 0.0002020 secs]
180.176: [GC (Allocation Failure) 40098K->435K(81408K), 0.0002260 secs]
180.197: [GC (Allocation Failure) 38730K->435K(80064K), 0.0002000 secs]
180.285: [GC (Allocation Failure) 37363K->435K(78784K), 0.0002070 secs]
180.305: [GC (Allocation Failure) 36093K->435K(77568K), 0.0002050 secs]
180.324: [GC (Allocation Failure) 34921K->435K(76416K), 0.0002260 secs]
180.356: [GC (Allocation Failure) 33749K->435K(75328K), 0.0002130 secs]
180.371: [GC (Allocation Failure) 32675K->435K(74304K), 0.0002100 secs]
180.385: [GC (Allocation Failure) 31600K->435K(73280K), 0.0002020 secs]
180.398: [GC (Allocation Failure) 30624K->435K(79360K), 0.0002050 secs]
180.414: [GC (Allocation Failure) 36679K->435K(86656K), 0.0002230 secs]
180.434: [GC (Allocation Failure) 44005K->435K(95424K), 0.0001990 secs]
180.461: [GC (Allocation Failure) 52701K->435K(93440K), 0.0002710 secs]
180.487: [GC (Allocation Failure) 50748K->435K(91584K), 0.0002120 secs]
180.509: [GC (Allocation Failure) 48888K->435K(89792K), 0.0002020 secs]
180.587: [GC (Allocation Failure) 47130K->435K(88064K), 0.0002020 secs]
180.635: [GC (Allocation Failure) 45372K->435K(86464K), 0.0002000 secs]
180.673: [GC (Allocation Failure) 43809K->435K(84928K), 0.0002200 secs]
180.716: [GC (Allocation Failure) 42247K->435K(83456K), 0.0002170 secs]
180.780: [GC (Allocation Failure) 40781K->435K(82048K), 0.0002250 secs]
180.797: [GC (Allocation Failure) 39316K->435K(80704K), 0.0002000 secs]
180.882: [GC (Allocation Failure) 38047K->435K(79424K), 0.0002050 secs]
180.936: [GC (Allocation Failure) 36777K->435K(78208K), 0.0002220 secs]
180.955: [GC (Allocation Failure) 35507K->435K(77056K), 0.0002090 secs]
181.085: [GC (Allocation Failure) 34335K->435K(75904K), 0.0002080 secs]
181.101: [GC (Allocation Failure) 33261K->435K(74816K), 0.0002270 secs]
181.117: [GC (Allocation Failure) 32089K->435K(73792K), 0.0002120 secs]
181.180: [GC (Allocation Failure) 31112K->435K(72832K), 0.0002140 secs]
181.230: [GC (Allocation Failure) 30135K->435K(71872K), 0.0002170 secs]
181.242: [GC (Allocation Failure) 29158K->435K(70976K), 0.0002240 secs]
181.254: [GC (Allocation Failure) 28279K->435K(70144K), 0.0002040 secs]
181.266: [GC (Allocation Failure) 27498K->435K(75584K), 0.0002230 secs]
181.284: [GC (Allocation Failure) 32870K->435K(82112K), 0.0002110 secs]
181.379: [GC (Allocation Failure) 39414K->435K(80768K), 0.0002070 secs]
181.399: [GC (Allocation Failure) 38047K->435K(79488K), 0.0002050 secs]
181.415: [GC (Allocation Failure) 36777K->435K(78272K), 0.0002020 secs]
181.482: [GC (Allocation Failure) 35605K->435K(77120K), 0.0002220 secs]
181.501: [GC (Allocation Failure) 34433K->435K(75968K), 0.0002110 secs]
181.531: [GC (Allocation Failure) 33261K->435K(74880K), 0.0002140 secs]
181.573: [GC (Allocation Failure) 32186K->435K(73856K), 0.0002280 secs]
181.586: [GC (Allocation Failure) 31210K->435K(72896K), 0.0002000 secs]
181.668: [GC (Allocation Failure) 30233K->435K(71936K), 0.0002260 secs]
181.681: [GC (Allocation Failure) 29256K->435K(71040K), 0.0002140 secs]
181.697: [GC (Allocation Failure) 28377K->435K(70208K), 0.0001990 secs]
181.713: [GC (Allocation Failure) 27498K->435K(69376K), 0.0002280 secs]
181.729: [GC (Allocation Failure) 26717K->435K(74688K), 0.0002120 secs]
181.747: [GC (Allocation Failure) 31991K->435K(81024K), 0.0002370 secs]
181.784: [GC (Allocation Failure) 38340K->435K(79744K), 0.0002230 secs]
181.800: [GC (Allocation Failure) 37070K->435K(78528K), 0.0002020 secs]
181.837: [GC (Allocation Failure) 35800K->435K(77312K), 0.0002180 secs]
181.852: [GC (Allocation Failure) 34628K->435K(76160K), 0.0002130 secs]
181.916: [GC (Allocation Failure) 33456K->435K(75072K), 0.0002240 secs]
181.934: [GC (Allocation Failure) 32382K->435K(74048K), 0.0002170 secs]
182.015: [GC (Allocation Failure) 31405K->435K(73088K), 0.0002030 secs]
182.032: [GC (Allocation Failure) 30428K->435K(72128K), 0.0002070 secs]
182.049: [GC (Allocation Failure) 29451K->435K(71232K), 0.0002310 secs]
182.062: [GC (Allocation Failure) 28572K->435K(76864K), 0.0002610 secs]
182.077: [GC (Allocation Failure) 34140K->435K(83648K), 0.0002150 secs]
182.136: [GC (Allocation Failure) 40977K->435K(82240K), 0.0002020 secs]
182.168: [GC (Allocation Failure) 39512K->435K(80896K), 0.0002120 secs]
182.189: [GC (Allocation Failure) 38242K->435K(79616K), 0.0002150 secs]
182.284: [GC (Allocation Failure) 36972K->435K(78400K), 0.0002030 secs]
182.314: [GC (Allocation Failure) 35702K->435K(77248K), 0.0002760 secs]
182.353: [GC (Allocation Failure) 34530K->435K(76096K), 0.0002300 secs]
182.368: [GC (Allocation Failure) 33456K->435K(75008K), 0.0002110 secs]
182.383: [GC (Allocation Failure) 32284K->435K(73984K), 0.0002140 secs]
182.417: [GC (Allocation Failure) 31307K->435K(73024K), 0.0002740 secs]
182.431: [GC (Allocation Failure) 30331K->435K(72064K), 0.0001990 secs]
182.499: [GC (Allocation Failure) 29354K->435K(71168K), 0.0002140 secs]
182.515: [GC (Allocation Failure) 28475K->435K(70336K), 0.0002290 secs]
182.630: [GC (Allocation Failure) 27693K->435K(69504K), 0.0002090 secs]
182.680: [GC (Allocation Failure) 26814K->435K(68736K), 0.0002240 secs]
182.691: [GC (Allocation Failure) 26033K->435K(67968K), 0.0002010 secs]
182.706: [GC (Allocation Failure) 25250K->435K(67264K), 0.0002140 secs]
182.719: [GC (Allocation Failure) 24564K->435K(72128K), 0.0002290 secs]
182.736: [GC (Allocation Failure) 29451K->435K(77952K), 0.0002130 secs]
182.833: [GC (Allocation Failure) 35312K->435K(76800K), 0.0002130 secs]
182.884: [GC (Allocation Failure) 34140K->435K(75712K), 0.0002120 secs]
182.898: [GC (Allocation Failure) 33065K->435K(74624K), 0.0002030 secs]
182.937: [GC (Allocation Failure) 31893K->435K(73600K), 0.0002170 secs]
182.950: [GC (Allocation Failure) 30917K->435K(72640K), 0.0002380 secs]
182.967: [GC (Allocation Failure) 29940K->435K(71744K), 0.0002120 secs]
182.984: [GC (Allocation Failure) 29061K->435K(77504K), 0.0002270 secs]
183.000: [GC (Allocation Failure) 34823K->435K(84416K), 0.0002120 secs]
183.119: [GC (Allocation Failure) 41758K->435K(82944K), 0.0002180 secs]
183.137: [GC (Allocation Failure) 40293K->435K(81536K), 0.0002050 secs]
183.240: [GC (Allocation Failure) 38828K->435K(80192K), 0.0002230 secs]
183.260: [GC (Allocation Failure) 37461K->435K(78912K), 0.0002030 secs]
183.276: [GC (Allocation Failure) 36191K->435K(77696K), 0.0002030 secs]
183.294: [GC (Allocation Failure) 35019K->435K(76544K), 0.0001990 secs]
183.309: [GC (Allocation Failure) 33847K->435K(75456K), 0.0002260 secs]
183.323: [GC (Allocation Failure) 32772K->435K(81984K), 0.0001990 secs]
183.344: [GC (Allocation Failure) 39316K->435K(89792K), 0.0002730 secs]
183.365: [GC (Allocation Failure) 47130K->435K(88064K), 0.0002010 secs]
183.389: [GC (Allocation Failure) 45372K->435K(86464K), 0.0002250 secs]
183.412: [GC (Allocation Failure) 43809K->435K(84928K), 0.0002110 secs]
183.488: [GC (Allocation Failure) 42247K->435K(83456K), 0.0002150 secs]
183.506: [GC (Allocation Failure) 40781K->435K(82048K), 0.0002280 secs]
183.527: [GC (Allocation Failure) 39316K->435K(80704K), 0.0002230 secs]
183.586: [GC (Allocation Failure) 38047K->435K(79424K), 0.0002140 secs]
183.606: [GC (Allocation Failure) 36777K->435K(78208K), 0.0002050 secs]
183.625: [GC (Allocation Failure) 35507K->435K(77056K), 0.0002100 secs]
183.644: [GC (Allocation Failure) 34335K->435K(75904K), 0.0002120 secs]
183.659: [GC (Allocation Failure) 33261K->435K(74816K), 0.0002090 secs]
183.677: [GC (Allocation Failure) 32089K->435K(73792K), 0.0001990 secs]
183.691: [GC (Allocation Failure) 31112K->435K(79936K), 0.0002160 secs]
183.707: [GC (Allocation Failure) 37265K->435K(87360K), 0.0002000 secs]
183.740: [GC (Allocation Failure) 44688K->435K(85760K), 0.0002010 secs]
183.777: [GC (Allocation Failure) 43028K->435K(84224K), 0.0002140 secs]
183.842: [GC (Allocation Failure) 41563K->435K(82752K), 0.0002230 secs]
183.859: [GC (Allocation Failure) 40098K->435K(81344K), 0.0002020 secs]
183.876: [GC (Allocation Failure) 38633K->435K(80000K), 0.0002010 secs]
183.979: [GC (Allocation Failure) 37363K->435K(78720K), 0.0002230 secs]
183.995: [GC (Allocation Failure) 35996K->435K(77504K), 0.0002140 secs]
184.036: [GC (Allocation Failure) 34823K->435K(76352K), 0.0002190 secs]
184.085: [GC (Allocation Failure) 33651K->435K(75264K), 0.0002020 secs]
184.139: [GC (Allocation Failure) 32577K->435K(74240K), 0.0002110 secs]
184.156: [GC (Allocation Failure) 31600K->435K(73216K), 0.0001980 secs]
184.251: [GC (Allocation Failure) 30526K->435K(72256K), 0.0002690 secs]
184.264: [GC (Allocation Failure) 29549K->435K(71360K), 0.0001990 secs]
184.316: [GC (Allocation Failure) 28670K->435K(70464K), 0.0002240 secs]
184.329: [GC (Allocation Failure) 27791K->435K(69632K), 0.0002190 secs]
184.370: [GC (Allocation Failure) 26912K->435K(68864K), 0.0002160 secs]
184.385: [GC (Allocation Failure) 26131K->435K(68096K), 0.0002060 secs]
184.396: [GC (Allocation Failure) 25447K->435K(73152K), 0.0002160 secs]
184.419: [GC (Allocation Failure) 30428K->435K(72192K), 0.0002230 secs]
184.432: [GC (Allocation Failure) 29549K->435K(78016K), 0.0002610 secs]
184.494: [GC (Allocation Failure) 35312K->435K(76864K), 0.0002030 secs]
184.573: [GC (Allocation Failure) 34140K->435K(75776K), 0.0003190 secs]
184.610: [GC (Allocation Failure) 33065K->435K(74688K), 0.0002960 secs]
184.629: [GC (Allocation Failure) 31991K->435K(73664K), 0.0002100 secs]
184.646: [GC (Allocation Failure) 31014K->435K(72704K), 0.0002000 secs]
184.663: [GC (Allocation Failure) 30038K->435K(71808K), 0.0002200 secs]
184.688: [GC (Allocation Failure) 29158K->435K(70912K), 0.0002190 secs]
184.701: [GC (Allocation Failure) 28182K->435K(76480K), 0.0002580 secs]
184.720: [GC (Allocation Failure) 33749K->435K(83200K), 0.0002300 secs]
184.742: [GC (Allocation Failure) 40488K->435K(91264K), 0.0002100 secs]
184.784: [GC (Allocation Failure) 48595K->435K(89472K), 0.0002130 secs]
184.808: [GC (Allocation Failure) 46739K->435K(87808K), 0.0002060 secs]
184.831: [GC (Allocation Failure) 45079K->435K(86208K), 0.0002200 secs]
184.894: [GC (Allocation Failure) 43516K->435K(84672K), 0.0002210 secs]
184.916: [GC (Allocation Failure) 41953K->435K(83200K), 0.0002020 secs]
184.934: [GC (Allocation Failure) 40488K->435K(81792K), 0.0002130 secs]
184.993: [GC (Allocation Failure) 39121K->435K(80448K), 0.0002220 secs]
185.009: [GC (Allocation Failure) 37754K->435K(79168K), 0.0002020 secs]
185.024: [GC (Allocation Failure) 36484K->435K(77952K), 0.0002010 secs]
185.165: [GC (Allocation Failure) 35312K->435K(76800K), 0.0002130 secs]
185.180: [GC (Allocation Failure) 34140K->435K(75712K), 0.0002020 secs]
185.198: [GC (Allocation Failure) 33065K->435K(74624K), 0.0002140 secs]
185.212: [GC (Allocation Failure) 31893K->435K(73600K), 0.0002140 secs]
185.229: [GC (Allocation Failure) 30917K->435K(79744K), 0.0002690 secs]
185.249: [GC (Allocation Failure) 37070K->435K(87104K), 0.0002120 secs]
185.269: [GC (Allocation Failure) 44395K->435K(85504K), 0.0002020 secs]
185.291: [GC (Allocation Failure) 42833K->435K(94016K), 0.0002700 secs]
185.317: [GC (Allocation Failure) 51334K->435K(92096K), 0.0002110 secs]
185.342: [GC (Allocation Failure) 49377K->435K(90304K), 0.0002240 secs]
185.447: [GC (Allocation Failure) 47618K->435K(88576K), 0.0002220 secs]
185.471: [GC (Allocation Failure) 45860K->435K(86912K), 0.0002090 secs]
185.491: [GC (Allocation Failure) 44200K->435K(85312K), 0.0002210 secs]
185.514: [GC (Allocation Failure) 42637K->435K(83840K), 0.0002160 secs]
185.537: [GC (Allocation Failure) 41172K->435K(82432K), 0.0002020 secs]
185.554: [GC (Allocation Failure) 39707K->435K(81088K), 0.0002020 secs]
185.571: [GC (Allocation Failure) 38437K->435K(79808K), 0.0001980 secs]
185.591: [GC (Allocation Failure) 37168K->435K(78592K), 0.0001980 secs]
185.610: [GC (Allocation Failure) 35898K->435K(77376K), 0.0001990 secs]
185.630: [GC (Allocation Failure) 34726K->435K(76224K), 0.0002010 secs]
185.648: [GC (Allocation Failure) 33554K->435K(75136K), 0.0002010 secs]
185.662: [GC (Allocation Failure) 32479K->435K(74112K), 0.0002200 secs]
185.676: [GC (Allocation Failure) 31405K->435K(80320K), 0.0002120 secs]
185.743: [GC (Allocation Failure) 37656K->435K(79040K), 0.0002210 secs]
185.759: [GC (Allocation Failure) 36386K->435K(77824K), 0.0002010 secs]
185.789: [GC (Allocation Failure) 35116K->435K(76672K), 0.0002730 secs]
185.842: [GC (Allocation Failure) 33944K->435K(75584K), 0.0002110 secs]
185.856: [GC (Allocation Failure) 32870K->435K(74560K), 0.0002140 secs]
185.874: [GC (Allocation Failure) 31893K->435K(73536K), 0.0002080 secs]
185.920: [GC (Allocation Failure) 30819K->435K(72576K), 0.0002290 secs]
185.937: [GC (Allocation Failure) 29842K->435K(71680K), 0.0002670 secs]
185.950: [GC (Allocation Failure) 28963K->435K(77440K), 0.0002450 secs]
186.020: [GC (Allocation Failure) 34726K->435K(76288K), 0.0002230 secs]
186.039: [GC (Allocation Failure) 33554K->435K(75200K), 0.0002710 secs]
186.053: [GC (Allocation Failure) 32479K->435K(81664K), 0.0002140 secs]
186.141: [GC (Allocation Failure) 39023K->435K(80320K), 0.0002260 secs]
186.157: [GC (Allocation Failure) 37656K->435K(79040K), 0.0002010 secs]
186.189: [GC (Allocation Failure) 36386K->435K(77824K), 0.0002240 secs]
186.205: [GC (Allocation Failure) 35116K->435K(76672K), 0.0002020 secs]
186.239: [GC (Allocation Failure) 33944K->435K(75584K), 0.0002200 secs]
186.257: [GC (Allocation Failure) 32870K->435K(74560K), 0.0002710 secs]
186.271: [GC (Allocation Failure) 31893K->435K(80896K), 0.0002260 secs]
186.288: [GC (Allocation Failure) 38242K->435K(88512K), 0.0002040 secs]
186.308: [GC (Allocation Failure) 45860K->435K(97600K), 0.0002030 secs]
186.334: [GC (Allocation Failure) 54948K->435K(95552K), 0.0002010 secs]
186.364: [GC (Allocation Failure) 52897K->435K(93568K), 0.0002160 secs]
186.387: [GC (Allocation Failure) 50846K->435K(91712K), 0.0002020 secs]
186.430: [GC (Allocation Failure) 48986K->435K(89920K), 0.0003090 secs]
186.456: [GC (Allocation Failure) 47228K->435K(88192K), 0.0002150 secs]
186.581: [GC (Allocation Failure) 45470K->435K(86592K), 0.0002030 secs]
186.643: [GC (Allocation Failure) 43907K->435K(85056K), 0.0002120 secs]
186.661: [GC (Allocation Failure) 42344K->435K(83584K), 0.0002120 secs]
186.696: [GC (Allocation Failure) 40879K->435K(82176K), 0.0002160 secs]
186.714: [GC (Allocation Failure) 39512K->435K(80832K), 0.0002180 secs]
186.746: [GC (Allocation Failure) 38144K->435K(79552K), 0.0002110 secs]
186.766: [GC (Allocation Failure) 36875K->435K(78336K), 0.0002300 secs]
186.819: [GC (Allocation Failure) 35605K->435K(77184K), 0.0002050 secs]
186.844: [GC (Allocation Failure) 34530K->435K(76032K), 0.0002390 secs]
186.863: [GC (Allocation Failure) 33358K->435K(74944K), 0.0002250 secs]
186.943: [GC (Allocation Failure) 32284K->435K(73920K), 0.0002040 secs]
186.959: [GC (Allocation Failure) 31210K->435K(72960K), 0.0002220 secs]
186.975: [GC (Allocation Failure) 30233K->435K(72000K), 0.0002060 secs]
186.988: [GC (Allocation Failure) 29354K->435K(77824K), 0.0002140 secs]
187.003: [GC (Allocation Failure) 35116K->435K(84800K), 0.0002020 secs]
187.021: [GC (Allocation Failure) 42149K->435K(93184K), 0.0002020 secs]
187.047: [GC (Allocation Failure) 50455K->435K(91328K), 0.0002020 secs]
187.129: [GC (Allocation Failure) 48595K->435K(89536K), 0.0002120 secs]
187.150: [GC (Allocation Failure) 46837K->435K(87872K), 0.0002070 secs]
187.170: [GC (Allocation Failure) 45177K->435K(86272K), 0.0002120 secs]
187.192: [GC (Allocation Failure) 43614K->435K(84736K), 0.0002020 secs]
187.211: [GC (Allocation Failure) 42051K->435K(83264K), 0.0002090 secs]
187.228: [GC (Allocation Failure) 40586K->435K(81856K), 0.0002030 secs]
187.245: [GC (Allocation Failure) 39219K->435K(80512K), 0.0001990 secs]
187.292: [GC (Allocation Failure) 37851K->435K(79232K), 0.0002140 secs]
187.366: [GC (Allocation Failure) 36582K->435K(78016K), 0.0002710 secs]
187.385: [GC (Allocation Failure) 35312K->435K(76864K), 0.0002030 secs]
187.404: [GC (Allocation Failure) 34140K->435K(75776K), 0.0002110 secs]
187.419: [GC (Allocation Failure) 33065K->435K(74688K), 0.0002020 secs]
187.444: [GC (Allocation Failure) 31991K->435K(73664K), 0.0002210 secs]
187.462: [GC (Allocation Failure) 31014K->435K(72704K), 0.0002590 secs]
187.479: [GC (Allocation Failure) 30038K->435K(71808K), 0.0002150 secs]
187.492: [GC (Allocation Failure) 29158K->435K(77568K), 0.0002140 secs]
187.545: [GC (Allocation Failure) 34921K->435K(76416K), 0.0002180 secs]
187.564: [GC (Allocation Failure) 33749K->435K(75328K), 0.0002750 secs]
187.579: [GC (Allocation Failure) 32675K->435K(81792K), 0.0002180 secs]
187.643: [GC (Allocation Failure) 39121K->435K(80448K), 0.0002110 secs]
187.663: [GC (Allocation Failure) 37754K->435K(79168K), 0.0002000 secs]
187.795: [GC (Allocation Failure) 36484K->435K(77952K), 0.0002080 secs]
187.815: [GC (Allocation Failure) 35312K->435K(76800K), 0.0002060 secs]
187.834: [GC (Allocation Failure) 34140K->435K(75712K), 0.0002250 secs]
187.849: [GC (Allocation Failure) 33065K->435K(74624K), 0.0002020 secs]
187.866: [GC (Allocation Failure) 31893K->435K(80960K), 0.0002720 secs]
187.887: [GC (Allocation Failure) 38242K->435K(79680K), 0.0002090 secs]
187.903: [GC (Allocation Failure) 36972K->435K(87040K), 0.0002260 secs]
187.926: [GC (Allocation Failure) 44395K->435K(85440K), 0.0002160 secs]
187.977: [GC (Allocation Failure) 42735K->435K(83968K), 0.0002120 secs]
187.998: [GC (Allocation Failure) 41270K->435K(82560K), 0.0002210 secs]
188.048: [GC (Allocation Failure) 39902K->435K(81216K), 0.0002120 secs]
188.064: [GC (Allocation Failure) 38535K->435K(79936K), 0.0002760 secs]
188.142: [GC (Allocation Failure) 37265K->435K(78656K), 0.0002200 secs]
188.170: [GC (Allocation Failure) 35996K->435K(77440K), 0.0004270 secs]
188.190: [GC (Allocation Failure) 34726K->435K(76288K), 0.0002080 secs]
188.208: [GC (Allocation Failure) 33554K->435K(75200K), 0.0002110 secs]
188.319: [GC (Allocation Failure) 32479K->435K(74176K), 0.0002770 secs]
188.336: [GC (Allocation Failure) 31503K->435K(73152K), 0.0002140 secs]
188.349: [GC (Allocation Failure) 30428K->435K(79168K), 0.0002730 secs]
188.370: [GC (Allocation Failure) 36484K->435K(86400K), 0.0002420 secs]
188.389: [GC (Allocation Failure) 43712K->435K(95104K), 0.0002160 secs]
188.416: [GC (Allocation Failure) 52408K->435K(93120K), 0.0002070 secs]
188.439: [GC (Allocation Failure) 50455K->435K(91264K), 0.0002050 secs]
188.460: [GC (Allocation Failure) 48595K->435K(89472K), 0.0002030 secs]
188.484: [GC (Allocation Failure) 46739K->435K(87808K), 0.0002120 secs]
188.507: [GC (Allocation Failure) 45079K->435K(86208K), 0.0002020 secs]
188.527: [GC (Allocation Failure) 43516K->435K(84672K), 0.0002120 secs]
188.549: [GC (Allocation Failure) 41953K->435K(83200K), 0.0002110 secs]
188.645: [GC (Allocation Failure) 40488K->435K(81792K), 0.0002260 secs]
188.665: [GC (Allocation Failure) 39121K->435K(80448K), 0.0002130 secs]
188.682: [GC (Allocation Failure) 37754K->435K(79168K), 0.0002140 secs]
188.697: [GC (Allocation Failure) 36484K->435K(77952K), 0.0002030 secs]
188.743: [GC (Allocation Failure) 35312K->435K(76800K), 0.0002110 secs]
188.757: [GC (Allocation Failure) 34140K->435K(75712K), 0.0001990 secs]
188.775: [GC (Allocation Failure) 33065K->435K(74624K), 0.0002110 secs]
188.789: [GC (Allocation Failure) 31893K->435K(80960K), 0.0002150 secs]
188.806: [GC (Allocation Failure) 38242K->435K(88576K), 0.0002130 secs]
188.947: [GC (Allocation Failure) 45860K->435K(86912K), 0.0002140 secs]
189.001: [GC (Allocation Failure) 44200K->435K(85312K), 0.0002220 secs]
189.019: [GC (Allocation Failure) 42637K->435K(83840K), 0.0002020 secs]
189.045: [GC (Allocation Failure) 41172K->435K(82432K), 0.0002140 secs]
189.066: [GC (Allocation Failure) 39707K->435K(81088K), 0.0002130 secs]
189.087: [GC (Allocation Failure) 38437K->435K(79808K), 0.0002130 secs]
189.103: [GC (Allocation Failure) 37168K->435K(78592K), 0.0002250 secs]
189.120: [GC (Allocation Failure) 35898K->435K(77376K), 0.0002020 secs]
189.135: [GC (Allocation Failure) 34726K->435K(76224K), 0.0002020 secs]
189.149: [GC (Allocation Failure) 33554K->435K(82880K), 0.0002090 secs]
189.176: [GC (Allocation Failure) 40195K->435K(81472K), 0.0002140 secs]
189.193: [GC (Allocation Failure) 38828K->435K(80128K), 0.0002020 secs]
189.223: [GC (Allocation Failure) 37461K->435K(78848K), 0.0002030 secs]
189.298: [GC (Allocation Failure) 36191K->435K(77632K), 0.0002200 secs]
189.317: [GC (Allocation Failure) 34921K->435K(76480K), 0.0002720 secs]
189.336: [GC (Allocation Failure) 33749K->435K(75392K), 0.0002100 secs]
189.350: [GC (Allocation Failure) 32675K->435K(81856K), 0.0002840 secs]
189.499: [GC (Allocation Failure) 39219K->435K(80512K), 0.0002110 secs]
189.521: [GC (Allocation Failure) 37851K->435K(79232K), 0.0002040 secs]
189.537: [GC (Allocation Failure) 36582K->435K(78016K), 0.0002190 secs]
189.598: [GC (Allocation Failure) 35312K->435K(76864K), 0.0003240 secs]
189.617: [GC (Allocation Failure) 34140K->435K(75776K), 0.0002090 secs]
189.631: [GC (Allocation Failure) 33065K->435K(74688K), 0.0002140 secs]
189.645: [GC (Allocation Failure) 31991K->435K(81024K), 0.0002030 secs]
189.665: [GC (Allocation Failure) 38340K->435K(79744K), 0.0002120 secs]
189.774: [GC (Allocation Failure) 37070K->435K(78528K), 0.0002820 secs]
189.848: [GC (Allocation Failure) 35800K->435K(77312K), 0.0002150 secs]
189.864: [GC (Allocation Failure) 34628K->435K(76160K), 0.0002120 secs]
189.897: [GC (Allocation Failure) 33456K->435K(75072K), 0.0002110 secs]
189.916: [GC (Allocation Failure) 32382K->435K(74048K), 0.0002710 secs]
189.933: [GC (Allocation Failure) 31405K->435K(73088K), 0.0002350 secs]
189.991: [GC (Allocation Failure) 30428K->435K(72128K), 0.0002110 secs]
190.008: [GC (Allocation Failure) 29451K->435K(71232K), 0.0002090 secs]
190.092: [GC (Allocation Failure) 28572K->435K(70400K), 0.0002110 secs]
190.104: [GC (Allocation Failure) 27693K->435K(69568K), 0.0002000 secs]
190.115: [GC (Allocation Failure) 26912K->435K(74880K), 0.0002000 secs]
190.129: [GC (Allocation Failure) 32186K->435K(81280K), 0.0002010 secs]
190.146: [GC (Allocation Failure) 38633K->435K(88960K), 0.0002030 secs]
190.174: [GC (Allocation Failure) 46251K->435K(87296K), 0.0002520 secs]
190.194: [GC (Allocation Failure) 44591K->435K(85696K), 0.0002130 secs]
190.216: [GC (Allocation Failure) 43028K->435K(84160K), 0.0002110 secs]
190.235: [GC (Allocation Failure) 41465K->435K(82688K), 0.0002010 secs]
190.283: [GC (Allocation Failure) 40000K->435K(81344K), 0.0002030 secs]
190.303: [GC (Allocation Failure) 38633K->435K(80000K), 0.0002010 secs]
190.321: [GC (Allocation Failure) 37363K->435K(78720K), 0.0002140 secs]
190.338: [GC (Allocation Failure) 35996K->435K(77504K), 0.0002230 secs]
190.357: [GC (Allocation Failure) 34823K->435K(84416K), 0.0002760 secs]
190.380: [GC (Allocation Failure) 41758K->435K(82944K), 0.0002120 secs]
190.397: [GC (Allocation Failure) 40293K->435K(81536K), 0.0002160 secs]
190.436: [GC (Allocation Failure) 38828K->435K(80192K), 0.0002420 secs]
190.457: [GC (Allocation Failure) 37461K->435K(78912K), 0.0002270 secs]
190.473: [GC (Allocation Failure) 36191K->435K(77696K), 0.0002130 secs]
190.497: [GC (Allocation Failure) 35019K->435K(76544K), 0.0002220 secs]
190.512: [GC (Allocation Failure) 33847K->435K(75456K), 0.0002040 secs]
190.526: [GC (Allocation Failure) 32772K->435K(81984K), 0.0002010 secs]
190.547: [GC (Allocation Failure) 39316K->435K(80640K), 0.0002090 secs]
190.650: [GC (Allocation Failure) 37949K->435K(79360K), 0.0002040 secs]
190.671: [GC (Allocation Failure) 36679K->435K(78144K), 0.0002200 secs]
190.723: [GC (Allocation Failure) 35409K->435K(76992K), 0.0002270 secs]
190.745: [GC (Allocation Failure) 34335K->435K(75904K), 0.0002060 secs]
190.795: [GC (Allocation Failure) 33261K->435K(74816K), 0.0002160 secs]
190.944: [GC (Allocation Failure) 32089K->435K(73792K), 0.0002240 secs]
190.962: [GC (Allocation Failure) 31112K->435K(72832K), 0.0002110 secs]
190.975: [GC (Allocation Failure) 30135K->435K(71872K), 0.0002170 secs]
191.047: [GC (Allocation Failure) 29158K->435K(70976K), 0.0002260 secs]
191.064: [GC (Allocation Failure) 28279K->435K(70144K), 0.0002150 secs]
191.080: [GC (Allocation Failure) 27498K->435K(69312K), 0.0002010 secs]
191.092: [GC (Allocation Failure) 26619K->435K(74560K), 0.0002170 secs]
191.110: [GC (Allocation Failure) 31893K->435K(80896K), 0.0002200 secs]
191.171: [GC (Allocation Failure) 38242K->435K(79616K), 0.0002170 secs]
191.187: [GC (Allocation Failure) 36972K->435K(78400K), 0.0002020 secs]
191.247: [GC (Allocation Failure) 35702K->435K(77248K), 0.0002100 secs]
191.261: [GC (Allocation Failure) 34530K->435K(76096K), 0.0002030 secs]
191.349: [GC (Allocation Failure) 33456K->435K(75008K), 0.0002110 secs]
191.364: [GC (Allocation Failure) 32284K->435K(73984K), 0.0002020 secs]
191.399: [GC (Allocation Failure) 31307K->435K(73024K), 0.0002110 secs]
191.412: [GC (Allocation Failure) 30331K->435K(72064K), 0.0002100 secs]
191.428: [GC (Allocation Failure) 29354K->435K(71168K), 0.0002090 secs]
191.448: [GC (Allocation Failure) 28475K->435K(70336K), 0.0002140 secs]
191.464: [GC (Allocation Failure) 27693K->435K(69504K), 0.0002030 secs]
191.476: [GC (Allocation Failure) 26814K->435K(74816K), 0.0002170 secs]
191.494: [GC (Allocation Failure) 32089K->435K(81216K), 0.0002090 secs]
191.526: [GC (Allocation Failure) 38535K->435K(79936K), 0.0002100 secs]
191.579: [GC (Allocation Failure) 37265K->435K(78656K), 0.0002220 secs]
191.594: [GC (Allocation Failure) 35996K->435K(77440K), 0.0002140 secs]
191.609: [GC (Allocation Failure) 34726K->435K(76288K), 0.0002100 secs]
191.623: [GC (Allocation Failure) 33554K->435K(82944K), 0.0002040 secs]
191.653: [GC (Allocation Failure) 40293K->435K(81536K), 0.0002190 secs]
191.673: [GC (Allocation Failure) 38828K->435K(80192K), 0.0002740 secs]
191.694: [GC (Allocation Failure) 37461K->435K(78912K), 0.0002110 secs]
191.710: [GC (Allocation Failure) 36191K->435K(86080K), 0.0002170 secs]
191.855: [GC (Allocation Failure) 43419K->435K(84544K), 0.0002310 secs]
191.873: [GC (Allocation Failure) 41856K->435K(83072K), 0.0002050 secs]
191.931: [GC (Allocation Failure) 40391K->435K(81664K), 0.0002240 secs]
191.952: [GC (Allocation Failure) 39023K->435K(80320K), 0.0002400 secs]
191.974: [GC (Allocation Failure) 37656K->435K(79040K), 0.0002150 secs]
191.994: [GC (Allocation Failure) 36386K->435K(77824K), 0.0002130 secs]
192.013: [GC (Allocation Failure) 35116K->435K(76672K), 0.0002090 secs]
192.150: [GC (Allocation Failure) 33944K->435K(75584K), 0.0002050 secs]
192.165: [GC (Allocation Failure) 32870K->435K(74560K), 0.0002260 secs]
192.183: [GC (Allocation Failure) 31893K->435K(73536K), 0.0001980 secs]
192.246: [GC (Allocation Failure) 30819K->435K(72576K), 0.0002260 secs]
192.258: [GC (Allocation Failure) 29842K->435K(71680K), 0.0002030 secs]
192.275: [GC (Allocation Failure) 28963K->435K(77440K), 0.0002730 secs]
192.294: [GC (Allocation Failure) 34726K->435K(84352K), 0.0002120 secs]
192.312: [GC (Allocation Failure) 41660K->435K(82880K), 0.0002030 secs]
192.357: [GC (Allocation Failure) 40195K->435K(81472K), 0.0002250 secs]
192.379: [GC (Allocation Failure) 38828K->435K(80128K), 0.0002150 secs]
192.400: [GC (Allocation Failure) 37461K->435K(78848K), 0.0002010 secs]
192.416: [GC (Allocation Failure) 36191K->435K(77632K), 0.0002050 secs]
192.431: [GC (Allocation Failure) 34921K->435K(76480K), 0.0002110 secs]
192.445: [GC (Allocation Failure) 33749K->435K(83200K), 0.0002030 secs]
192.467: [GC (Allocation Failure) 40488K->435K(81792K), 0.0001990 secs]
192.484: [GC (Allocation Failure) 39121K->435K(89536K), 0.0002130 secs]
192.553: [GC (Allocation Failure) 46837K->435K(87872K), 0.0002220 secs]
192.576: [GC (Allocation Failure) 45177K->435K(86272K), 0.0001970 secs]
192.595: [GC (Allocation Failure) 43614K->435K(84736K), 0.0001980 secs]
192.617: [GC (Allocation Failure) 42051K->435K(83264K), 0.0002690 secs]
192.639: [GC (Allocation Failure) 40586K->435K(81856K), 0.0002170 secs]
192.660: [GC (Allocation Failure) 39219K->435K(80512K), 0.0002100 secs]
192.731: [GC (Allocation Failure) 37851K->435K(79232K), 0.0002190 secs]
192.747: [GC (Allocation Failure) 36582K->435K(78016K), 0.0002030 secs]
192.774: [GC (Allocation Failure) 35312K->435K(76864K), 0.0002140 secs]
192.798: [GC (Allocation Failure) 34140K->435K(75776K), 0.0002140 secs]
192.816: [GC (Allocation Failure) 33065K->435K(74688K), 0.0002030 secs]
192.834: [GC (Allocation Failure) 31991K->435K(73664K), 0.0002000 secs]
192.976: [GC (Allocation Failure) 31014K->435K(72704K), 0.0002230 secs]
192.993: [GC (Allocation Failure) 30038K->435K(71808K), 0.0002590 secs]
193.006: [GC (Allocation Failure) 29158K->435K(70912K), 0.0002110 secs]
193.022: [GC (Allocation Failure) 28182K->435K(76480K), 0.0002230 secs]
193.098: [GC (Allocation Failure) 33749K->435K(75392K), 0.0002130 secs]
193.114: [GC (Allocation Failure) 32675K->435K(74368K), 0.0002090 secs]
193.147: [GC (Allocation Failure) 31698K->435K(73344K), 0.0002110 secs]
193.229: [GC (Allocation Failure) 30624K->435K(72384K), 0.0002250 secs]
193.242: [GC (Allocation Failure) 29745K->435K(71488K), 0.0002160 secs]
193.258: [GC (Allocation Failure) 28768K->435K(70592K), 0.0002490 secs]
193.275: [GC (Allocation Failure) 27889K->435K(69760K), 0.0002110 secs]
193.291: [GC (Allocation Failure) 27107K->435K(75136K), 0.0002280 secs]
193.305: [GC (Allocation Failure) 32479K->435K(81600K), 0.0002620 secs]
193.327: [GC (Allocation Failure) 38926K->435K(89344K), 0.0002120 secs]
193.351: [GC (Allocation Failure) 46642K->435K(98624K), 0.0002120 secs]
193.376: [GC (Allocation Failure) 55925K->435K(96512K), 0.0002050 secs]
193.407: [GC (Allocation Failure) 53873K->435K(94464K), 0.0002140 secs]
193.433: [GC (Allocation Failure) 51822K->435K(92544K), 0.0002130 secs]
193.455: [GC (Allocation Failure) 49867K->435K(90688K), 0.0002120 secs]
193.559: [GC (Allocation Failure) 48009K->435K(88960K), 0.0002170 secs]
193.582: [GC (Allocation Failure) 46251K->435K(87296K), 0.0002280 secs]
193.602: [GC (Allocation Failure) 44591K->435K(85696K), 0.0002050 secs]
193.653: [GC (Allocation Failure) 43028K->435K(84160K), 0.0002130 secs]
193.675: [GC (Allocation Failure) 41465K->435K(82688K), 0.0002120 secs]
193.702: [GC (Allocation Failure) 40000K->435K(81344K), 0.0002040 secs]
193.783: [GC (Allocation Failure) 38633K->435K(80000K), 0.0002220 secs]
193.800: [GC (Allocation Failure) 37363K->435K(78720K), 0.0002160 secs]
193.855: [GC (Allocation Failure) 35996K->435K(77504K), 0.0002310 secs]
193.871: [GC (Allocation Failure) 34823K->435K(76352K), 0.0002170 secs]
193.904: [GC (Allocation Failure) 33651K->435K(75264K), 0.0002390 secs]
193.924: [GC (Allocation Failure) 32577K->435K(74240K), 0.0002040 secs]
193.941: [GC (Allocation Failure) 31600K->435K(73216K), 0.0002310 secs]
193.955: [GC (Allocation Failure) 30526K->435K(72256K), 0.0002120 secs]
193.971: [GC (Allocation Failure) 29549K->435K(78144K), 0.0002140 secs]
193.987: [GC (Allocation Failure) 35409K->435K(85184K), 0.0002170 secs]
194.005: [GC (Allocation Failure) 42540K->435K(93632K), 0.0002050 secs]
194.039: [GC (Allocation Failure) 50943K->435K(91776K), 0.0002250 secs]
194.061: [GC (Allocation Failure) 49084K->435K(89984K), 0.0002040 secs]
194.085: [GC (Allocation Failure) 47325K->435K(88256K), 0.0002710 secs]
194.105: [GC (Allocation Failure) 45567K->435K(86592K), 0.0002060 secs]
194.158: [GC (Allocation Failure) 43907K->435K(85056K), 0.0002630 secs]
194.181: [GC (Allocation Failure) 42344K->435K(83584K), 0.0002160 secs]
194.199: [GC (Allocation Failure) 40879K->435K(82176K), 0.0002140 secs]
194.220: [GC (Allocation Failure) 39512K->435K(80832K), 0.0002020 secs]
194.236: [GC (Allocation Failure) 38144K->435K(79552K), 0.0002020 secs]
194.301: [GC (Allocation Failure) 36875K->435K(78336K), 0.0002030 secs]
194.334: [GC (Allocation Failure) 35605K->435K(77184K), 0.0002220 secs]
194.365: [GC (Allocation Failure) 34530K->435K(76032K), 0.0002180 secs]
194.379: [GC (Allocation Failure) 33358K->435K(74944K), 0.0002170 secs]
194.397: [GC (Allocation Failure) 32284K->435K(73920K), 0.0002110 secs]
194.416: [GC (Allocation Failure) 31210K->435K(72960K), 0.0002090 secs]
194.498: [GC (Allocation Failure) 30233K->435K(72000K), 0.0002120 secs]
194.548: [GC (Allocation Failure) 29354K->435K(71104K), 0.0002040 secs]
194.598: [GC (Allocation Failure) 28377K->435K(70272K), 0.0002710 secs]
194.623: [GC (Allocation Failure) 27596K->435K(69440K), 0.0002230 secs]
194.636: [GC (Allocation Failure) 26717K->435K(68672K), 0.0002140 secs]
194.751: [GC (Allocation Failure) 26033K->435K(67904K), 0.0002060 secs]
194.762: [GC (Allocation Failure) 25250K->435K(67200K), 0.0002270 secs]
194.851: [GC (Allocation Failure) 24466K->435K(66496K), 0.0002250 secs]
194.866: [GC (Allocation Failure) 23783K->435K(65856K), 0.0002620 secs]
194.996: [GC (Allocation Failure) 23196K->435K(65216K), 0.0002630 secs]
195.046: [GC (Allocation Failure) 22513K->435K(64576K), 0.0002130 secs]
195.059: [GC (Allocation Failure) 21927K->435K(64000K), 0.0002010 secs]
195.068: [GC (Allocation Failure) 21341K->435K(68224K), 0.0002010 secs]
195.079: [GC (Allocation Failure) 25545K->435K(73280K), 0.0002140 secs]
195.092: [GC (Allocation Failure) 30624K->435K(79360K), 0.0002020 secs]
195.108: [GC (Allocation Failure) 36679K->435K(86656K), 0.0002030 secs]
195.133: [GC (Allocation Failure) 44005K->435K(95424K), 0.0002110 secs]
195.155: [GC (Allocation Failure) 52701K->435K(105920K), 0.0002020 secs]
195.183: [GC (Allocation Failure) 63250K->435K(103424K), 0.0002050 secs]
195.209: [GC (Allocation Failure) 60710K->435K(101056K), 0.0002040 secs]
195.234: [GC (Allocation Failure) 58366K->435K(98816K), 0.0002050 secs]
195.311: [GC (Allocation Failure) 56120K->435K(96704K), 0.0002020 secs]
195.360: [GC (Allocation Failure) 53971K->435K(94656K), 0.0002150 secs]
195.409: [GC (Allocation Failure) 52018K->435K(92736K), 0.0002130 secs]
195.435: [GC (Allocation Failure) 50064K->435K(90880K), 0.0002010 secs]
195.462: [GC (Allocation Failure) 48204K->435K(89152K), 0.0002740 secs]
195.486: [GC (Allocation Failure) 46446K->435K(87488K), 0.0002110 secs]
195.506: [GC (Allocation Failure) 44786K->435K(85888K), 0.0002040 secs]
195.542: [GC (Allocation Failure) 43223K->435K(84352K), 0.0002120 secs]
195.560: [GC (Allocation Failure) 41660K->435K(82880K), 0.0002150 secs]
195.577: [GC (Allocation Failure) 40195K->435K(81472K), 0.0002050 secs]
195.593: [GC (Allocation Failure) 38828K->435K(80128K), 0.0002150 secs]
195.610: [GC (Allocation Failure) 37461K->435K(78848K), 0.0002040 secs]
195.629: [GC (Allocation Failure) 36191K->435K(77632K), 0.0002110 secs]
195.666: [GC (Allocation Failure) 34921K->435K(76480K), 0.0002260 secs]
195.680: [GC (Allocation Failure) 33749K->435K(75392K), 0.0002020 secs]
195.705: [GC (Allocation Failure) 32675K->435K(74368K), 0.0002230 secs]
195.720: [GC (Allocation Failure) 31698K->435K(73344K), 0.0002040 secs]
195.733: [GC (Allocation Failure) 30624K->435K(79424K), 0.0002020 secs]
195.754: [GC (Allocation Failure) 36777K->435K(86720K), 0.0002260 secs]
195.776: [GC (Allocation Failure) 44005K->435K(85184K), 0.0002120 secs]
195.799: [GC (Allocation Failure) 42540K->435K(83712K), 0.0002110 secs]
195.905: [GC (Allocation Failure) 41074K->435K(82304K), 0.0002140 secs]
195.923: [GC (Allocation Failure) 39609K->435K(80960K), 0.0002020 secs]
195.939: [GC (Allocation Failure) 38242K->435K(79680K), 0.0001990 secs]
195.983: [GC (Allocation Failure) 36972K->435K(78464K), 0.0002160 secs]
195.998: [GC (Allocation Failure) 35800K->435K(77312K), 0.0002130 secs]
196.017: [GC (Allocation Failure) 34628K->435K(76160K), 0.0002030 secs]
196.032: [GC (Allocation Failure) 33456K->435K(75072K), 0.0002130 secs]
196.046: [GC (Allocation Failure) 32382K->435K(81472K), 0.0002030 secs]
196.062: [GC (Allocation Failure) 38828K->435K(89152K), 0.0002120 secs]
196.082: [GC (Allocation Failure) 46446K->435K(98368K), 0.0002100 secs]
196.113: [GC (Allocation Failure) 55729K->435K(96256K), 0.0002120 secs]
196.138: [GC (Allocation Failure) 53580K->435K(94272K), 0.0002090 secs]
196.211: [GC (Allocation Failure) 51627K->435K(92352K), 0.0002040 secs]
196.260: [GC (Allocation Failure) 49670K->435K(90496K), 0.0002130 secs]
196.313: [GC (Allocation Failure) 47814K->435K(88768K), 0.0002050 secs]
196.337: [GC (Allocation Failure) 46056K->435K(87104K), 0.0002340 secs]
196.357: [GC (Allocation Failure) 44395K->435K(85504K), 0.0002110 secs]
196.392: [GC (Allocation Failure) 42833K->435K(83968K), 0.0002050 secs]
196.426: [GC (Allocation Failure) 41270K->435K(82560K), 0.0002230 secs]
196.444: [GC (Allocation Failure) 39902K->435K(81216K), 0.0002040 secs]
196.495: [GC (Allocation Failure) 38535K->435K(79936K), 0.0002030 secs]
196.559: [GC (Allocation Failure) 37265K->435K(78656K), 0.0002140 secs]
196.574: [GC (Allocation Failure) 35996K->435K(77440K), 0.0002250 secs]
196.589: [GC (Allocation Failure) 34726K->435K(76288K), 0.0002120 secs]
196.734: [GC (Allocation Failure) 33554K->435K(75200K), 0.0002140 secs]
196.748: [GC (Allocation Failure) 32479K->435K(74176K), 0.0002200 secs]
196.765: [GC (Allocation Failure) 31503K->435K(73152K), 0.0002100 secs]
196.833: [GC (Allocation Failure) 30428K->435K(72192K), 0.0002070 secs]
196.846: [GC (Allocation Failure) 29549K->435K(71296K), 0.0002160 secs]
196.902: [GC (Allocation Failure) 28572K->435K(70400K), 0.0002280 secs]
196.914: [GC (Allocation Failure) 27693K->435K(69568K), 0.0002030 secs]
196.926: [GC (Allocation Failure) 26912K->435K(74880K), 0.0002030 secs]
196.976: [GC (Allocation Failure) 32186K->435K(73856K), 0.0002190 secs]
196.994: [GC (Allocation Failure) 31210K->435K(72896K), 0.0002020 secs]
197.057: [GC (Allocation Failure) 30233K->435K(71936K), 0.0002080 secs]
197.073: [GC (Allocation Failure) 29256K->435K(71040K), 0.0002280 secs]
197.102: [GC (Allocation Failure) 28377K->435K(70208K), 0.0002110 secs]
197.114: [GC (Allocation Failure) 27498K->435K(69376K), 0.0002140 secs]
197.155: [GC (Allocation Failure) 26717K->435K(68608K), 0.0002090 secs]
197.171: [GC (Allocation Failure) 25935K->435K(67840K), 0.0002040 secs]
197.186: [GC (Allocation Failure) 25150K->435K(72832K), 0.0002260 secs]
197.357: [GC (Allocation Failure) 30135K->435K(71872K), 0.0002190 secs]
197.369: [GC (Allocation Failure) 29158K->435K(70976K), 0.0002150 secs]
197.382: [GC (Allocation Failure) 28279K->435K(76608K), 0.0002010 secs]
197.397: [GC (Allocation Failure) 33944K->435K(83328K), 0.0002030 secs]
197.457: [GC (Allocation Failure) 40684K->435K(81920K), 0.0002260 secs]
197.474: [GC (Allocation Failure) 39219K->435K(80576K), 0.0002160 secs]
197.506: [GC (Allocation Failure) 37851K->435K(79296K), 0.0002120 secs]
197.527: [GC (Allocation Failure) 36582K->435K(78080K), 0.0002140 secs]
197.632: [GC (Allocation Failure) 35409K->435K(76928K), 0.0002050 secs]
197.705: [GC (Allocation Failure) 34237K->435K(75840K), 0.0002150 secs]
197.759: [GC (Allocation Failure) 33163K->435K(74752K), 0.0002300 secs]
197.773: [GC (Allocation Failure) 32089K->435K(73728K), 0.0002140 secs]
197.786: [GC (Allocation Failure) 31014K->435K(72768K), 0.0002120 secs]
197.807: [GC (Allocation Failure) 30038K->435K(71808K), 0.0002220 secs]
197.820: [GC (Allocation Failure) 29158K->435K(70912K), 0.0002030 secs]
197.836: [GC (Allocation Failure) 28182K->435K(76480K), 0.0002220 secs]
197.859: [GC (Allocation Failure) 33749K->435K(75392K), 0.0002180 secs]
197.874: [GC (Allocation Failure) 32675K->435K(81856K), 0.0002280 secs]
197.891: [GC (Allocation Failure) 39219K->435K(89664K), 0.0002070 secs]
197.915: [GC (Allocation Failure) 46935K->435K(87936K), 0.0002210 secs]
197.938: [GC (Allocation Failure) 45274K->435K(86336K), 0.0002100 secs]
197.957: [GC (Allocation Failure) 43614K->435K(84800K), 0.0002180 secs]
197.975: [GC (Allocation Failure) 42149K->435K(83328K), 0.0002050 secs]
197.997: [GC (Allocation Failure) 40684K->435K(81920K), 0.0002130 secs]
198.017: [GC (Allocation Failure) 39219K->435K(80576K), 0.0002050 secs]
198.057: [GC (Allocation Failure) 37851K->435K(79296K), 0.0002040 secs]
198.206: [GC (Allocation Failure) 36582K->435K(78080K), 0.0002150 secs]
198.226: [GC (Allocation Failure) 35409K->435K(76928K), 0.0002220 secs]
198.256: [GC (Allocation Failure) 34237K->435K(75840K), 0.0002130 secs]
198.270: [GC (Allocation Failure) 33163K->435K(74752K), 0.0002210 secs]
198.288: [GC (Allocation Failure) 32089K->435K(73728K), 0.0002160 secs]
198.352: [GC (Allocation Failure) 31014K->435K(72768K), 0.0002040 secs]
198.369: [GC (Allocation Failure) 30038K->435K(71808K), 0.0002180 secs]
198.390: [GC (Allocation Failure) 29158K->435K(70912K), 0.0002140 secs]
198.402: [GC (Allocation Failure) 28182K->435K(76480K), 0.0002270 secs]
198.417: [GC (Allocation Failure) 33749K->435K(83200K), 0.0002060 secs]
198.513: [GC (Allocation Failure) 40488K->435K(81792K), 0.0002210 secs]
198.530: [GC (Allocation Failure) 39121K->435K(80448K), 0.0002030 secs]
198.611: [GC (Allocation Failure) 37754K->435K(79168K), 0.0002130 secs]
198.631: [GC (Allocation Failure) 36484K->435K(77952K), 0.0002050 secs]
198.651: [GC (Allocation Failure) 35312K->435K(76800K), 0.0002110 secs]
198.733: [GC (Allocation Failure) 34140K->435K(75712K), 0.0002220 secs]
198.756: [GC (Allocation Failure) 33065K->435K(74624K), 0.0002120 secs]
198.772: [GC (Allocation Failure) 31893K->435K(73600K), 0.0002150 secs]
198.835: [GC (Allocation Failure) 30917K->435K(72640K), 0.0002160 secs]
198.849: [GC (Allocation Failure) 29940K->435K(71744K), 0.0002120 secs]
198.908: [GC (Allocation Failure) 29061K->435K(70848K), 0.0002110 secs]
198.921: [GC (Allocation Failure) 28182K->435K(70016K), 0.0002170 secs]
198.958: [GC (Allocation Failure) 27303K->435K(69184K), 0.0002190 secs]
198.973: [GC (Allocation Failure) 26521K->435K(68416K), 0.0002110 secs]
199.107: [GC (Allocation Failure) 25740K->435K(67648K), 0.0002070 secs]
199.120: [GC (Allocation Failure) 24955K->435K(66944K), 0.0002170 secs]
199.133: [GC (Allocation Failure) 24271K->435K(71744K), 0.0003280 secs]
199.167: [GC (Allocation Failure) 29061K->435K(77504K), 0.0002280 secs]
199.186: [GC (Allocation Failure) 34823K->435K(84416K), 0.0002520 secs]
199.215: [GC (Allocation Failure) 41758K->435K(82944K), 0.0002070 secs]
199.232: [GC (Allocation Failure) 40293K->435K(81536K), 0.0002070 secs]
199.259: [GC (Allocation Failure) 38828K->435K(80192K), 0.0002220 secs]
199.275: [GC (Allocation Failure) 37461K->435K(78912K), 0.0002020 secs]
199.293: [GC (Allocation Failure) 36191K->435K(77696K), 0.0001990 secs]
199.308: [GC (Allocation Failure) 35019K->435K(84672K), 0.0002040 secs]
199.380: [GC (Allocation Failure) 41953K->435K(83200K), 0.0002220 secs]
199.398: [GC (Allocation Failure) 40488K->435K(81792K), 0.0002020 secs]
199.463: [GC (Allocation Failure) 39121K->435K(80448K), 0.0002100 secs]
199.479: [GC (Allocation Failure) 37754K->435K(79168K), 0.0002250 secs]
199.495: [GC (Allocation Failure) 36484K->435K(77952K), 0.0002010 secs]
199.658: [GC (Allocation Failure) 35312K->435K(76800K), 0.0002600 secs]
199.681: [GC (Allocation Failure) 34140K->435K(75712K), 0.0002110 secs]
199.696: [GC (Allocation Failure) 33065K->435K(74624K), 0.0002040 secs]
199.713: [GC (Allocation Failure) 31893K->435K(73600K), 0.0002120 secs]
199.727: [GC (Allocation Failure) 30917K->435K(72640K), 0.0002020 secs]
199.743: [GC (Allocation Failure) 29940K->435K(78592K), 0.0002090 secs]
199.808: [GC (Allocation Failure) 35898K->435K(77376K), 0.0002030 secs]
199.939: [GC (Allocation Failure) 34726K->435K(76224K), 0.0002240 secs]
199.958: [GC (Allocation Failure) 33554K->435K(75136K), 0.0002290 secs]
199.972: [GC (Allocation Failure) 32479K->435K(74112K), 0.0002180 secs]
199.993: [GC (Allocation Failure) 31405K->435K(73152K), 0.0002700 secs]
200.038: [GC (Allocation Failure) 30428K->435K(72192K), 0.0002180 secs]
200.051: [GC (Allocation Failure) 29549K->435K(71296K), 0.0002030 secs]
200.110: [GC (Allocation Failure) 28572K->435K(70400K), 0.0002240 secs]
200.126: [GC (Allocation Failure) 27693K->435K(69568K), 0.0002110 secs]
200.142: [GC (Allocation Failure) 26912K->435K(68800K), 0.0002200 secs]
200.159: [GC (Allocation Failure) 26131K->435K(73984K), 0.0002680 secs]
200.173: [GC (Allocation Failure) 31307K->435K(80192K), 0.0002170 secs]
200.210: [GC (Allocation Failure) 37461K->435K(78912K), 0.0002220 secs]
200.230: [GC (Allocation Failure) 36191K->435K(77696K), 0.0002020 secs]
200.245: [GC (Allocation Failure) 35019K->435K(76544K), 0.0002110 secs]
200.264: [GC (Allocation Failure) 33847K->435K(83264K), 0.0002210 secs]
200.311: [GC (Allocation Failure) 40586K->435K(81856K), 0.0002150 secs]
200.329: [GC (Allocation Failure) 39219K->435K(80512K), 0.0002110 secs]
200.355: [GC (Allocation Failure) 37851K->435K(79232K), 0.0002230 secs]
200.372: [GC (Allocation Failure) 36582K->435K(78016K), 0.0002160 secs]
200.413: [GC (Allocation Failure) 35312K->435K(76864K), 0.0002210 secs]
200.432: [GC (Allocation Failure) 34140K->435K(75776K), 0.0002210 secs]
200.558: [GC (Allocation Failure) 33065K->435K(74688K), 0.0002050 secs]
200.571: [GC (Allocation Failure) 31991K->435K(73664K), 0.0002050 secs]
200.657: [GC (Allocation Failure) 31014K->435K(72704K), 0.0002050 secs]
200.711: [GC (Allocation Failure) 30038K->435K(71808K), 0.0002120 secs]
200.724: [GC (Allocation Failure) 29158K->435K(70912K), 0.0002000 secs]
200.807: [GC (Allocation Failure) 28182K->435K(70080K), 0.0002110 secs]
200.822: [GC (Allocation Failure) 27400K->435K(69248K), 0.0002010 secs]
200.838: [GC (Allocation Failure) 26521K->435K(68480K), 0.0002090 secs]
200.849: [GC (Allocation Failure) 25838K->435K(73600K), 0.0003200 secs]
200.912: [GC (Allocation Failure) 30917K->435K(79744K), 0.0002220 secs]
200.932: [GC (Allocation Failure) 37070K->435K(87104K), 0.0002210 secs]
200.968: [GC (Allocation Failure) 44395K->435K(85504K), 0.0002200 secs]
200.987: [GC (Allocation Failure) 42833K->435K(83968K), 0.0002010 secs]
201.008: [GC (Allocation Failure) 41270K->435K(82560K), 0.0002090 secs]
201.026: [GC (Allocation Failure) 39902K->435K(81216K), 0.0002020 secs]
201.066: [GC (Allocation Failure) 38535K->435K(79936K), 0.0002380 secs]
201.087: [GC (Allocation Failure) 37265K->435K(78656K), 0.0002270 secs]
201.103: [GC (Allocation Failure) 35996K->435K(77440K), 0.0002650 secs]
201.119: [GC (Allocation Failure) 34726K->435K(76288K), 0.0001990 secs]
201.134: [GC (Allocation Failure) 33554K->435K(82944K), 0.0002170 secs]
201.179: [GC (Allocation Failure) 40293K->435K(81536K), 0.0002150 secs]
201.200: [GC (Allocation Failure) 38828K->435K(80192K), 0.0002010 secs]
201.221: [GC (Allocation Failure) 37461K->435K(78912K), 0.0002170 secs]
201.237: [GC (Allocation Failure) 36191K->435K(77696K), 0.0002180 secs]
201.264: [GC (Allocation Failure) 35019K->435K(76544K), 0.0002120 secs]
201.279: [GC (Allocation Failure) 33847K->435K(75456K), 0.0002130 secs]
201.293: [GC (Allocation Failure) 32772K->435K(81984K), 0.0002040 secs]
201.312: [GC (Allocation Failure) 39316K->435K(89792K), 0.0002250 secs]
201.336: [GC (Allocation Failure) 47130K->435K(88064K), 0.0002000 secs]
201.356: [GC (Allocation Failure) 45372K->435K(86464K), 0.0002080 secs]
201.414: [GC (Allocation Failure) 43809K->435K(84928K), 0.0002220 secs]
201.433: [GC (Allocation Failure) 42247K->435K(83456K), 0.0002130 secs]
201.513: [GC (Allocation Failure) 40781K->435K(82048K), 0.0002040 secs]
201.544: [GC (Allocation Failure) 39316K->435K(80704K), 0.0002420 secs]
201.560: [GC (Allocation Failure) 38047K->435K(79424K), 0.0002050 secs]
201.580: [GC (Allocation Failure) 36777K->435K(78208K), 0.0002100 secs]
201.638: [GC (Allocation Failure) 35507K->435K(77056K), 0.0002760 secs]
201.665: [GC (Allocation Failure) 34335K->435K(75904K), 0.0002250 secs]
201.680: [GC (Allocation Failure) 33261K->435K(82496K), 0.0003910 secs]
201.717: [GC (Allocation Failure) 39805K->435K(81152K), 0.0002220 secs]
201.738: [GC (Allocation Failure) 38437K->435K(79872K), 0.0002190 secs]
201.778: [GC (Allocation Failure) 37168K->435K(78656K), 0.0002130 secs]
201.794: [GC (Allocation Failure) 35996K->435K(77440K), 0.0002140 secs]
201.865: [GC (Allocation Failure) 34726K->435K(76288K), 0.0002130 secs]
201.883: [GC (Allocation Failure) 33554K->435K(75200K), 0.0002000 secs]
201.977: [GC (Allocation Failure) 32479K->435K(74176K), 0.0002130 secs]
201.990: [GC (Allocation Failure) 31503K->435K(73152K), 0.0002120 secs]
202.059: [GC (Allocation Failure) 30428K->435K(72192K), 0.0002030 secs]
202.109: [GC (Allocation Failure) 29549K->435K(71296K), 0.0002030 secs]
202.158: [GC (Allocation Failure) 28572K->435K(70400K), 0.0002040 secs]
202.260: [GC (Allocation Failure) 27693K->435K(69568K), 0.0002170 secs]
202.276: [GC (Allocation Failure) 26912K->435K(68800K), 0.0002190 secs]
202.292: [GC (Allocation Failure) 26131K->435K(68032K), 0.0002580 secs]
202.334: [GC (Allocation Failure) 25349K->435K(67328K), 0.0002090 secs]
202.351: [GC (Allocation Failure) 24662K->435K(66624K), 0.0002120 secs]
202.366: [GC (Allocation Failure) 23978K->435K(65984K), 0.0002170 secs]
202.377: [GC (Allocation Failure) 23294K->435K(70592K), 0.0002660 secs]
202.413: [GC (Allocation Failure) 27889K->435K(76096K), 0.0002830 secs]
202.428: [GC (Allocation Failure) 33456K->435K(82752K), 0.0002180 secs]
202.447: [GC (Allocation Failure) 40098K->435K(90688K), 0.0002120 secs]
202.499: [GC (Allocation Failure) 48009K->435K(88960K), 0.0002100 secs]
202.519: [GC (Allocation Failure) 46251K->435K(87296K), 0.0002010 secs]
202.570: [GC (Allocation Failure) 44591K->435K(85696K), 0.0002140 secs]
202.589: [GC (Allocation Failure) 43028K->435K(84160K), 0.0002730 secs]
202.664: [GC (Allocation Failure) 41465K->435K(82688K), 0.0002040 secs]
202.714: [GC (Allocation Failure) 40000K->435K(81344K), 0.0002120 secs]
202.731: [GC (Allocation Failure) 38633K->435K(80000K), 0.0002040 secs]
202.751: [GC (Allocation Failure) 37363K->435K(78720K), 0.0002140 secs]
202.840: [GC (Allocation Failure) 35996K->435K(77504K), 0.0002040 secs]
202.912: [GC (Allocation Failure) 34823K->435K(76352K), 0.0002160 secs]
202.931: [GC (Allocation Failure) 33651K->435K(75264K), 0.0002010 secs]
202.947: [GC (Allocation Failure) 32577K->435K(74240K), 0.0002170 secs]
202.965: [GC (Allocation Failure) 31600K->435K(73216K), 0.0002130 secs]
203.014: [GC (Allocation Failure) 30526K->435K(72256K), 0.0002320 secs]
203.027: [GC (Allocation Failure) 29549K->435K(71360K), 0.0002010 secs]
203.039: [GC (Allocation Failure) 28670K->435K(77056K), 0.0002010 secs]
203.054: [GC (Allocation Failure) 34335K->435K(83904K), 0.0002050 secs]
203.169: [GC (Allocation Failure) 41172K->435K(82496K), 0.0002220 secs]
203.191: [GC (Allocation Failure) 39805K->435K(81152K), 0.0002000 secs]
203.211: [GC (Allocation Failure) 38437K->435K(79872K), 0.0002020 secs]
203.228: [GC (Allocation Failure) 37168K->435K(78656K), 0.0002260 secs]
203.247: [GC (Allocation Failure) 35996K->435K(77440K), 0.0002120 secs]
203.267: [GC (Allocation Failure) 34726K->435K(84352K), 0.0002820 secs]
203.285: [GC (Allocation Failure) 41660K->435K(92608K), 0.0002040 secs]
203.319: [GC (Allocation Failure) 49967K->435K(90752K), 0.0002110 secs]
203.344: [GC (Allocation Failure) 48107K->435K(89024K), 0.0002000 secs]
203.364: [GC (Allocation Failure) 46349K->435K(87360K), 0.0002120 secs]
203.383: [GC (Allocation Failure) 44688K->435K(85760K), 0.0002020 secs]
203.467: [GC (Allocation Failure) 43028K->435K(84224K), 0.0002230 secs]
203.485: [GC (Allocation Failure) 41563K->435K(82752K), 0.0002020 secs]
203.547: [GC (Allocation Failure) 40098K->435K(81344K), 0.0002230 secs]
203.568: [GC (Allocation Failure) 38633K->435K(80000K), 0.0002160 secs]
203.584: [GC (Allocation Failure) 37363K->435K(78720K), 0.0002770 secs]
203.618: [GC (Allocation Failure) 35996K->435K(77504K), 0.0002130 secs]
203.633: [GC (Allocation Failure) 34823K->435K(76352K), 0.0002050 secs]
203.716: [GC (Allocation Failure) 33651K->435K(75264K), 0.0002120 secs]
203.735: [GC (Allocation Failure) 32577K->435K(74240K), 0.0002090 secs]
203.752: [GC (Allocation Failure) 31600K->435K(73216K), 0.0002110 secs]
203.766: [GC (Allocation Failure) 30526K->435K(72256K), 0.0002160 secs]
203.783: [GC (Allocation Failure) 29549K->435K(78144K), 0.0002100 secs]
203.814: [GC (Allocation Failure) 35409K->435K(76992K), 0.0002720 secs]
203.867: [GC (Allocation Failure) 34335K->435K(75904K), 0.0002110 secs]
203.881: [GC (Allocation Failure) 33261K->435K(74816K), 0.0002030 secs]
203.917: [GC (Allocation Failure) 32089K->435K(73792K), 0.0002130 secs]
203.932: [GC (Allocation Failure) 31112K->435K(72832K), 0.0002220 secs]
203.949: [GC (Allocation Failure) 30135K->435K(78784K), 0.0002720 secs]
203.969: [GC (Allocation Failure) 36093K->435K(85952K), 0.0002140 secs]
203.988: [GC (Allocation Failure) 43223K->435K(94528K), 0.0002160 secs]
204.025: [GC (Allocation Failure) 51822K->435K(92608K), 0.0002170 secs]
204.049: [GC (Allocation Failure) 49967K->435K(90752K), 0.0002140 secs]
204.119: [GC (Allocation Failure) 48107K->435K(89024K), 0.0002120 secs]
204.143: [GC (Allocation Failure) 46349K->435K(87360K), 0.0002030 secs]
204.166: [GC (Allocation Failure) 44688K->435K(85760K), 0.0002330 secs]
204.185: [GC (Allocation Failure) 43028K->435K(84224K), 0.0002140 secs]
204.203: [GC (Allocation Failure) 41563K->435K(82752K), 0.0002010 secs]
204.316: [GC (Allocation Failure) 40098K->435K(81344K), 0.0002130 secs]
204.333: [GC (Allocation Failure) 38633K->435K(80000K), 0.0002710 secs]
204.358: [GC (Allocation Failure) 37363K->435K(78720K), 0.0002120 secs]
204.374: [GC (Allocation Failure) 35996K->435K(77504K), 0.0002060 secs]
204.415: [GC (Allocation Failure) 34823K->435K(76352K), 0.0002730 secs]
204.445: [GC (Allocation Failure) 33651K->435K(75264K), 0.0002160 secs]
204.468: [GC (Allocation Failure) 32577K->435K(74240K), 0.0002130 secs]
204.486: [GC (Allocation Failure) 31600K->435K(73216K), 0.0002140 secs]
204.577: [GC (Allocation Failure) 30526K->435K(72256K), 0.0002100 secs]
204.662: [GC (Allocation Failure) 29549K->435K(71360K), 0.0002830 secs]
204.674: [GC (Allocation Failure) 28670K->435K(77056K), 0.0003460 secs]
204.689: [GC (Allocation Failure) 34335K->435K(83904K), 0.0002140 secs]
204.707: [GC (Allocation Failure) 41172K->435K(92096K), 0.0002010 secs]
204.753: [GC (Allocation Failure) 49377K->435K(90304K), 0.0002410 secs]
204.779: [GC (Allocation Failure) 47618K->435K(88576K), 0.0002150 secs]
204.850: [GC (Allocation Failure) 45860K->435K(86912K), 0.0002070 secs]
204.869: [GC (Allocation Failure) 44200K->435K(85312K), 0.0002050 secs]
204.891: [GC (Allocation Failure) 42637K->435K(83840K), 0.0002150 secs]
204.913: [GC (Allocation Failure) 41172K->435K(82432K), 0.0002020 secs]
204.931: [GC (Allocation Failure) 39707K->435K(81088K), 0.0002150 secs]
204.971: [GC (Allocation Failure) 38437K->435K(79808K), 0.0002240 secs]
204.987: [GC (Allocation Failure) 37168K->435K(78592K), 0.0002140 secs]
205.002: [GC (Allocation Failure) 35898K->435K(77376K), 0.0002120 secs]
205.069: [GC (Allocation Failure) 34726K->435K(76224K), 0.0002120 secs]
205.087: [GC (Allocation Failure) 33554K->435K(75136K), 0.0002110 secs]
205.143: [GC (Allocation Failure) 32479K->435K(74112K), 0.0002080 secs]
205.168: [GC (Allocation Failure) 31405K->435K(73152K), 0.0002430 secs]
205.186: [GC (Allocation Failure) 30428K->435K(72192K), 0.0002680 secs]
205.199: [GC (Allocation Failure) 29549K->435K(78016K), 0.0002130 secs]
205.214: [GC (Allocation Failure) 35312K->435K(85056K), 0.0002050 secs]
205.232: [GC (Allocation Failure) 42344K->435K(93504K), 0.0002020 secs]
205.272: [GC (Allocation Failure) 50846K->435K(91648K), 0.0002120 secs]
205.293: [GC (Allocation Failure) 48986K->435K(89856K), 0.0002040 secs]
205.317: [GC (Allocation Failure) 47130K->435K(88128K), 0.0002110 secs]
205.366: [GC (Allocation Failure) 45470K->435K(86528K), 0.0002590 secs]
205.389: [GC (Allocation Failure) 43809K->435K(84992K), 0.0002730 secs]
205.412: [GC (Allocation Failure) 42344K->435K(83520K), 0.0002220 secs]
205.468: [GC (Allocation Failure) 40879K->435K(82112K), 0.0002140 secs]
205.522: [GC (Allocation Failure) 39414K->435K(80768K), 0.0002120 secs]
205.543: [GC (Allocation Failure) 38047K->435K(79488K), 0.0002030 secs]
205.559: [GC (Allocation Failure) 36777K->435K(78272K), 0.0002040 secs]
205.620: [GC (Allocation Failure) 35605K->435K(77120K), 0.0002220 secs]
205.635: [GC (Allocation Failure) 34433K->435K(75968K), 0.0002040 secs]
205.651: [GC (Allocation Failure) 33261K->435K(74880K), 0.0002100 secs]
205.669: [GC (Allocation Failure) 32186K->435K(73856K), 0.0002710 secs]
205.686: [GC (Allocation Failure) 31210K->435K(80064K), 0.0002220 secs]
205.767: [GC (Allocation Failure) 37363K->435K(78784K), 0.0002140 secs]
205.821: [GC (Allocation Failure) 36093K->435K(77568K), 0.0002110 secs]
205.840: [GC (Allocation Failure) 34921K->435K(76416K), 0.0002030 secs]
205.859: [GC (Allocation Failure) 33749K->435K(75328K), 0.0002210 secs]
205.919: [GC (Allocation Failure) 32675K->435K(74304K), 0.0002210 secs]
205.935: [GC (Allocation Failure) 31600K->435K(73280K), 0.0002030 secs]
206.043: [GC (Allocation Failure) 30624K->435K(72320K), 0.0002260 secs]
206.059: [GC (Allocation Failure) 29647K->435K(71424K), 0.0002710 secs]
206.072: [GC (Allocation Failure) 28768K->435K(77120K), 0.0002290 secs]
206.091: [GC (Allocation Failure) 34433K->435K(83968K), 0.0002110 secs]
206.168: [GC (Allocation Failure) 41270K->435K(82560K), 0.0002740 secs]
206.223: [GC (Allocation Failure) 39902K->435K(81216K), 0.0002110 secs]
206.240: [GC (Allocation Failure) 38535K->435K(79936K), 0.0003210 secs]
206.350: [GC (Allocation Failure) 37265K->435K(78656K), 0.0003430 secs]
206.366: [GC (Allocation Failure) 35996K->435K(77440K), 0.0002150 secs]
206.382: [GC (Allocation Failure) 34726K->435K(76288K), 0.0002050 secs]
206.396: [GC (Allocation Failure) 33554K->435K(82944K), 0.0002030 secs]
206.418: [GC (Allocation Failure) 40293K->435K(81536K), 0.0002120 secs]
206.447: [GC (Allocation Failure) 38828K->435K(80192K), 0.0002240 secs]
206.463: [GC (Allocation Failure) 37461K->435K(78912K), 0.0002020 secs]
206.482: [GC (Allocation Failure) 36191K->435K(77696K), 0.0002120 secs]
206.498: [GC (Allocation Failure) 35019K->435K(84672K), 0.0002140 secs]
206.516: [GC (Allocation Failure) 41953K->435K(92992K), 0.0002140 secs]
206.541: [GC (Allocation Failure) 50260K->435K(91136K), 0.0002110 secs]
206.579: [GC (Allocation Failure) 48498K->435K(89344K), 0.0002220 secs]
206.599: [GC (Allocation Failure) 46642K->435K(87680K), 0.0002020 secs]
206.623: [GC (Allocation Failure) 44981K->435K(86080K), 0.0002100 secs]
206.642: [GC (Allocation Failure) 43419K->435K(84544K), 0.0002000 secs]
206.724: [GC (Allocation Failure) 41856K->435K(83072K), 0.0002210 secs]
206.745: [GC (Allocation Failure) 40391K->435K(81664K), 0.0002090 secs]
206.769: [GC (Allocation Failure) 39023K->435K(80320K), 0.0002030 secs]
206.923: [GC (Allocation Failure) 37656K->435K(79040K), 0.0002110 secs]
206.939: [GC (Allocation Failure) 36386K->435K(77824K), 0.0002020 secs]
206.954: [GC (Allocation Failure) 35116K->435K(76672K), 0.0001990 secs]
206.977: [GC (Allocation Failure) 33944K->435K(75584K), 0.0002100 secs]
206.992: [GC (Allocation Failure) 32870K->435K(74560K), 0.0002150 secs]
207.009: [GC (Allocation Failure) 31893K->435K(73536K), 0.0002000 secs]
207.027: [GC (Allocation Failure) 30819K->435K(72576K), 0.0002100 secs]
207.044: [GC (Allocation Failure) 29842K->435K(71680K), 0.0002140 secs]
207.057: [GC (Allocation Failure) 28963K->435K(77440K), 0.0002040 secs]
207.146: [GC (Allocation Failure) 34726K->435K(76288K), 0.0002270 secs]
207.160: [GC (Allocation Failure) 33554K->435K(75200K), 0.0002050 secs]
207.178: [GC (Allocation Failure) 32479K->435K(74176K), 0.0002150 secs]
207.192: [GC (Allocation Failure) 31503K->435K(80448K), 0.0002050 secs]
207.224: [GC (Allocation Failure) 37754K->435K(79168K), 0.0002180 secs]
207.244: [GC (Allocation Failure) 36484K->435K(77952K), 0.0002080 secs]
207.263: [GC (Allocation Failure) 35312K->435K(76800K), 0.0002120 secs]
207.282: [GC (Allocation Failure) 34140K->435K(75712K), 0.0002120 secs]
207.322: [GC (Allocation Failure) 33065K->435K(74624K), 0.0002170 secs]
207.336: [GC (Allocation Failure) 31893K->435K(73600K), 0.0002030 secs]
207.371: [GC (Allocation Failure) 30917K->435K(72640K), 0.0002120 secs]
207.384: [GC (Allocation Failure) 29940K->435K(71744K), 0.0002110 secs]
207.396: [GC (Allocation Failure) 29061K->435K(77504K), 0.0002030 secs]
207.419: [GC (Allocation Failure) 34823K->435K(84416K), 0.0002250 secs]
207.437: [GC (Allocation Failure) 41758K->435K(82944K), 0.0002000 secs]
207.525: [GC (Allocation Failure) 40293K->435K(81536K), 0.0002140 secs]
207.547: [GC (Allocation Failure) 38828K->435K(80192K), 0.0002080 secs]
207.568: [GC (Allocation Failure) 37461K->435K(78912K), 0.0002120 secs]
207.619: [GC (Allocation Failure) 36191K->435K(77696K), 0.0002760 secs]
207.669: [GC (Allocation Failure) 35019K->435K(76544K), 0.0002140 secs]
207.684: [GC (Allocation Failure) 33847K->435K(75456K), 0.0002740 secs]
207.719: [GC (Allocation Failure) 32772K->435K(74432K), 0.0002250 secs]
207.737: [GC (Allocation Failure) 31698K->435K(73408K), 0.0002110 secs]
207.776: [GC (Allocation Failure) 30721K->435K(72448K), 0.0002060 secs]
207.789: [GC (Allocation Failure) 29745K->435K(71552K), 0.0002270 secs]
207.801: [GC (Allocation Failure) 28865K->435K(77248K), 0.0002140 secs]
207.869: [GC (Allocation Failure) 34530K->435K(76096K), 0.0002140 secs]
207.887: [GC (Allocation Failure) 33456K->435K(75008K), 0.0002210 secs]
207.918: [GC (Allocation Failure) 32284K->435K(73984K), 0.0002150 secs]
207.972: [GC (Allocation Failure) 31307K->435K(73024K), 0.0002260 secs]
207.986: [GC (Allocation Failure) 30331K->435K(72064K), 0.0002040 secs]
208.021: [GC (Allocation Failure) 29354K->435K(71168K), 0.0002110 secs]
208.038: [GC (Allocation Failure) 28475K->435K(70336K), 0.0002250 secs]
208.055: [GC (Allocation Failure) 27693K->435K(69504K), 0.0002090 secs]
208.116: [GC (Allocation Failure) 26814K->435K(68736K), 0.0002130 secs]
208.166: [GC (Allocation Failure) 26033K->435K(67968K), 0.0002210 secs]
208.177: [GC (Allocation Failure) 25250K->435K(67264K), 0.0002020 secs]
208.188: [GC (Allocation Failure) 24564K->435K(72128K), 0.0002030 secs]
208.201: [GC (Allocation Failure) 29451K->435K(77952K), 0.0002130 secs]
208.224: [GC (Allocation Failure) 35312K->435K(84928K), 0.0002090 secs]
208.242: [GC (Allocation Failure) 42247K->435K(93312K), 0.0002020 secs]
208.268: [GC (Allocation Failure) 50650K->435K(91456K), 0.0002110 secs]
208.293: [GC (Allocation Failure) 48791K->435K(89664K), 0.0001990 secs]
208.314: [GC (Allocation Failure) 46935K->435K(87936K), 0.0002100 secs]
208.353: [GC (Allocation Failure) 45274K->435K(86336K), 0.0002180 secs]
208.376: [GC (Allocation Failure) 43614K->435K(84800K), 0.0002750 secs]
208.398: [GC (Allocation Failure) 42149K->435K(83328K), 0.0002150 secs]
208.417: [GC (Allocation Failure) 40684K->435K(81920K), 0.0002090 secs]
208.447: [GC (Allocation Failure) 39219K->435K(80576K), 0.0002160 secs]
208.464: [GC (Allocation Failure) 37851K->435K(79296K), 0.0002050 secs]
208.498: [GC (Allocation Failure) 36582K->435K(78080K), 0.0002610 secs]
208.514: [GC (Allocation Failure) 35409K->435K(85120K), 0.0002740 secs]
208.673: [GC (Allocation Failure) 42442K->435K(83648K), 0.0002160 secs]
208.727: [GC (Allocation Failure) 40977K->435K(82240K), 0.0002140 secs]
208.745: [GC (Allocation Failure) 39512K->435K(80896K), 0.0002100 secs]
208.762: [GC (Allocation Failure) 38242K->435K(79616K), 0.0002100 secs]
208.821: [GC (Allocation Failure) 36972K->435K(78400K), 0.0002050 secs]
208.975: [GC (Allocation Failure) 35702K->435K(77248K), 0.0002140 secs]
208.994: [GC (Allocation Failure) 34530K->435K(76096K), 0.0002120 secs]
209.009: [GC (Allocation Failure) 33456K->435K(75008K), 0.0002040 secs]
209.074: [GC (Allocation Failure) 32284K->435K(73984K), 0.0002200 secs]
209.088: [GC (Allocation Failure) 31307K->435K(73024K), 0.0002140 secs]
209.105: [GC (Allocation Failure) 30331K->435K(72064K), 0.0002130 secs]
209.119: [GC (Allocation Failure) 29354K->435K(71168K), 0.0002170 secs]
209.163: [GC (Allocation Failure) 28475K->435K(70336K), 0.0002130 secs]
209.179: [GC (Allocation Failure) 27693K->435K(69504K), 0.0002120 secs]
209.191: [GC (Allocation Failure) 26814K->435K(74816K), 0.0002170 secs]
209.206: [GC (Allocation Failure) 32089K->435K(81216K), 0.0002100 secs]
209.251: [GC (Allocation Failure) 38535K->435K(79936K), 0.0002300 secs]
209.272: [GC (Allocation Failure) 37265K->435K(78656K), 0.0002290 secs]
209.322: [GC (Allocation Failure) 35996K->435K(77440K), 0.0002160 secs]
209.341: [GC (Allocation Failure) 34726K->435K(76288K), 0.0002220 secs]
209.375: [GC (Allocation Failure) 33554K->435K(75200K), 0.0002180 secs]
209.389: [GC (Allocation Failure) 32479K->435K(81664K), 0.0002740 secs]
209.424: [GC (Allocation Failure) 39023K->435K(80320K), 0.0002190 secs]
209.523: [GC (Allocation Failure) 37656K->435K(79040K), 0.0002040 secs]
209.555: [GC (Allocation Failure) 36386K->435K(77824K), 0.0002150 secs]
209.574: [GC (Allocation Failure) 35116K->435K(76672K), 0.0002070 secs]
209.625: [GC (Allocation Failure) 33944K->435K(75584K), 0.0002180 secs]
209.640: [GC (Allocation Failure) 32870K->435K(74560K), 0.0002030 secs]
209.675: [GC (Allocation Failure) 31893K->435K(73536K), 0.0003970 secs]
209.692: [GC (Allocation Failure) 30819K->435K(72576K), 0.0002120 secs]
209.707: [GC (Allocation Failure) 29842K->435K(71680K), 0.0002020 secs]
209.720: [GC (Allocation Failure) 28963K->435K(77440K), 0.0002150 secs]
209.735: [GC (Allocation Failure) 34726K->435K(84352K), 0.0002030 secs]
209.756: [GC (Allocation Failure) 41660K->435K(92608K), 0.0002130 secs]
209.782: [GC (Allocation Failure) 49967K->435K(90752K), 0.0002110 secs]
209.878: [GC (Allocation Failure) 48107K->435K(89024K), 0.0002720 secs]
209.931: [GC (Allocation Failure) 46349K->435K(87360K), 0.0002170 secs]
209.956: [GC (Allocation Failure) 44688K->435K(85760K), 0.0002130 secs]
209.976: [GC (Allocation Failure) 43028K->435K(84224K), 0.0002060 secs]
210.054: [GC (Allocation Failure) 41563K->435K(82752K), 0.0002870 secs]
210.125: [GC (Allocation Failure) 40098K->435K(81344K), 0.0002280 secs]
210.141: [GC (Allocation Failure) 38633K->435K(80000K), 0.0002040 secs]
210.174: [GC (Allocation Failure) 37363K->435K(78720K), 0.0002270 secs]
210.193: [GC (Allocation Failure) 35996K->435K(77504K), 0.0002150 secs]
210.208: [GC (Allocation Failure) 34823K->435K(76352K), 0.0002000 secs]
210.276: [GC (Allocation Failure) 33651K->435K(75264K), 0.0002220 secs]
210.294: [GC (Allocation Failure) 32577K->435K(74240K), 0.0002100 secs]
210.349: [GC (Allocation Failure) 31600K->435K(73216K), 0.0002240 secs]
210.366: [GC (Allocation Failure) 30526K->435K(72256K), 0.0002770 secs]
210.380: [GC (Allocation Failure) 29549K->435K(71360K), 0.0002170 secs]
210.417: [GC (Allocation Failure) 28670K->435K(70464K), 0.0002790 secs]
210.431: [GC (Allocation Failure) 27791K->435K(75968K), 0.0002180 secs]
210.445: [GC (Allocation Failure) 33261K->435K(82560K), 0.0002120 secs]
210.466: [GC (Allocation Failure) 39902K->435K(90496K), 0.0002130 secs]
210.491: [GC (Allocation Failure) 47814K->435K(88768K), 0.0002110 secs]
210.515: [GC (Allocation Failure) 46056K->435K(87104K), 0.0002100 secs]
210.581: [GC (Allocation Failure) 44395K->435K(85504K), 0.0002020 secs]
210.600: [GC (Allocation Failure) 42833K->435K(83968K), 0.0002020 secs]
210.621: [GC (Allocation Failure) 41270K->435K(82560K), 0.0002140 secs]
210.672: [GC (Allocation Failure) 39902K->435K(81216K), 0.0002760 secs]
210.689: [GC (Allocation Failure) 38535K->435K(79936K), 0.0002740 secs]
210.752: [GC (Allocation Failure) 37265K->435K(78656K), 0.0002040 secs]
210.778: [GC (Allocation Failure) 35996K->435K(77440K), 0.0002290 secs]
210.797: [GC (Allocation Failure) 34726K->435K(76288K), 0.0002120 secs]
210.816: [GC (Allocation Failure) 33554K->435K(75200K), 0.0002130 secs]
210.830: [GC (Allocation Failure) 32479K->435K(74176K), 0.0002140 secs]
210.847: [GC (Allocation Failure) 31503K->435K(73152K), 0.0002020 secs]
210.864: [GC (Allocation Failure) 30428K->435K(79168K), 0.0002190 secs]
210.978: [GC (Allocation Failure) 36484K->435K(77952K), 0.0002280 secs]
210.998: [GC (Allocation Failure) 35312K->435K(76800K), 0.0002140 secs]
211.077: [GC (Allocation Failure) 34140K->435K(75712K), 0.0002100 secs]
211.092: [GC (Allocation Failure) 33065K->435K(74624K), 0.0002020 secs]
211.109: [GC (Allocation Failure) 31893K->435K(73600K), 0.0002010 secs]
211.123: [GC (Allocation Failure) 30917K->435K(72640K), 0.0002180 secs]
211.155: [GC (Allocation Failure) 29940K->435K(71744K), 0.0002310 secs]
211.172: [GC (Allocation Failure) 29061K->435K(77504K), 0.0002750 secs]
211.188: [GC (Allocation Failure) 34823K->435K(84416K), 0.0002730 secs]
211.259: [GC (Allocation Failure) 41758K->435K(82944K), 0.0002180 secs]
211.276: [GC (Allocation Failure) 40293K->435K(81536K), 0.0002140 secs]
211.330: [GC (Allocation Failure) 38828K->435K(80192K), 0.0002390 secs]
211.351: [GC (Allocation Failure) 37461K->435K(78912K), 0.0002190 secs]
211.367: [GC (Allocation Failure) 36191K->435K(77696K), 0.0002040 secs]
211.428: [GC (Allocation Failure) 35019K->435K(76544K), 0.0002100 secs]
211.443: [GC (Allocation Failure) 33847K->435K(75456K), 0.0002020 secs]
211.574: [GC (Allocation Failure) 32772K->435K(74432K), 0.0002120 secs]
211.591: [GC (Allocation Failure) 31698K->435K(73408K), 0.0002010 secs]
211.605: [GC (Allocation Failure) 30721K->435K(72448K), 0.0002250 secs]
211.622: [GC (Allocation Failure) 29745K->435K(71552K), 0.0002020 secs]
211.638: [GC (Allocation Failure) 28865K->435K(70656K), 0.0002150 secs]
211.651: [GC (Allocation Failure) 27986K->435K(76224K), 0.0002180 secs]
211.665: [GC (Allocation Failure) 33554K->435K(82880K), 0.0002030 secs]
211.683: [GC (Allocation Failure) 40195K->435K(90880K), 0.0002010 secs]
211.730: [GC (Allocation Failure) 48204K->435K(89152K), 0.0002110 secs]
211.750: [GC (Allocation Failure) 46446K->435K(87488K), 0.0002030 secs]
211.883: [GC (Allocation Failure) 44786K->435K(85888K), 0.0002130 secs]
211.902: [GC (Allocation Failure) 43223K->435K(84352K), 0.0002030 secs]
211.956: [GC (Allocation Failure) 41660K->435K(82880K), 0.0002020 secs]
211.979: [GC (Allocation Failure) 40195K->435K(81472K), 0.0002140 secs]
212.000: [GC (Allocation Failure) 38828K->435K(80128K), 0.0002040 secs]
212.020: [GC (Allocation Failure) 37461K->435K(78848K), 0.0002110 secs]
212.036: [GC (Allocation Failure) 36191K->435K(77632K), 0.0002170 secs]
212.051: [GC (Allocation Failure) 34921K->435K(76480K), 0.0002020 secs]
212.125: [GC (Allocation Failure) 33749K->435K(75392K), 0.0002130 secs]
212.143: [GC (Allocation Failure) 32675K->435K(74368K), 0.0002040 secs]
212.157: [GC (Allocation Failure) 31698K->435K(73344K), 0.0002160 secs]
212.170: [GC (Allocation Failure) 30624K->435K(79424K), 0.0002240 secs]
212.190: [GC (Allocation Failure) 36777K->435K(86720K), 0.0002220 secs]
212.233: [GC (Allocation Failure) 44005K->435K(85184K), 0.0002130 secs]
212.256: [GC (Allocation Failure) 42540K->435K(83712K), 0.0002070 secs]
212.273: [GC (Allocation Failure) 41074K->435K(82304K), 0.0002120 secs]
212.355: [GC (Allocation Failure) 39609K->435K(80960K), 0.0002190 secs]
212.372: [GC (Allocation Failure) 38242K->435K(79680K), 0.0002360 secs]
212.423: [GC (Allocation Failure) 36972K->435K(78464K), 0.0002170 secs]
212.439: [GC (Allocation Failure) 35800K->435K(77312K), 0.0002090 secs]
212.458: [GC (Allocation Failure) 34628K->435K(76160K), 0.0002140 secs]
212.472: [GC (Allocation Failure) 33456K->435K(75072K), 0.0002030 secs]
212.525: [GC (Allocation Failure) 32382K->435K(74048K), 0.0002120 secs]
212.542: [GC (Allocation Failure) 31405K->435K(73088K), 0.0002850 secs]
212.559: [GC (Allocation Failure) 30428K->435K(72128K), 0.0002120 secs]
212.576: [GC (Allocation Failure) 29451K->435K(77952K), 0.0002250 secs]
212.596: [GC (Allocation Failure) 35312K->435K(76800K), 0.0002130 secs]
212.611: [GC (Allocation Failure) 34140K->435K(83584K), 0.0002250 secs]
212.629: [GC (Allocation Failure) 40879K->435K(91712K), 0.0002040 secs]
212.732: [GC (Allocation Failure) 48986K->435K(89920K), 0.0002030 secs]
212.782: [GC (Allocation Failure) 47228K->435K(88192K), 0.0002020 secs]
212.831: [GC (Allocation Failure) 45470K->435K(86592K), 0.0002210 secs]
212.850: [GC (Allocation Failure) 43907K->435K(85056K), 0.0002040 secs]
212.868: [GC (Allocation Failure) 42344K->435K(83584K), 0.0002710 secs]
213.029: [GC (Allocation Failure) 40879K->435K(82176K), 0.0002040 secs]
213.079: [GC (Allocation Failure) 39512K->435K(80832K), 0.0002220 secs]
213.099: [GC (Allocation Failure) 38144K->435K(79552K), 0.0002010 secs]
213.120: [GC (Allocation Failure) 36875K->435K(78336K), 0.0002190 secs]
213.135: [GC (Allocation Failure) 35605K->435K(77184K), 0.0002130 secs]
213.151: [GC (Allocation Failure) 34530K->435K(76032K), 0.0002030 secs]
213.165: [GC (Allocation Failure) 33358K->435K(74944K), 0.0002060 secs]
213.257: [GC (Allocation Failure) 32284K->435K(73920K), 0.0002050 secs]
213.275: [GC (Allocation Failure) 31210K->435K(72960K), 0.0002170 secs]
213.292: [GC (Allocation Failure) 30233K->435K(72000K), 0.0002010 secs]
213.375: [GC (Allocation Failure) 29354K->435K(71104K), 0.0002050 secs]
213.387: [GC (Allocation Failure) 28377K->435K(76736K), 0.0002690 secs]
213.431: [GC (Allocation Failure) 34042K->435K(75648K), 0.0002160 secs]
213.449: [GC (Allocation Failure) 32968K->435K(74560K), 0.0002120 secs]
213.463: [GC (Allocation Failure) 31893K->435K(73536K), 0.0002130 secs]
213.553: [GC (Allocation Failure) 30819K->435K(72576K), 0.0002170 secs]
213.576: [GC (Allocation Failure) 29842K->435K(71680K), 0.0002780 secs]
213.629: [GC (Allocation Failure) 28963K->435K(70784K), 0.0002180 secs]
213.646: [GC (Allocation Failure) 28084K->435K(69952K), 0.0002300 secs]
213.678: [GC (Allocation Failure) 27303K->435K(69120K), 0.0002220 secs]
213.690: [GC (Allocation Failure) 26424K->435K(68352K), 0.0002160 secs]
213.705: [GC (Allocation Failure) 25642K->435K(73408K), 0.0002020 secs]
213.719: [GC (Allocation Failure) 30721K->435K(79488K), 0.0002030 secs]
213.739: [GC (Allocation Failure) 36777K->435K(86784K), 0.0002130 secs]
213.762: [GC (Allocation Failure) 44102K->435K(85248K), 0.0002220 secs]
213.885: [GC (Allocation Failure) 42540K->435K(83776K), 0.0002090 secs]
213.903: [GC (Allocation Failure) 41074K->435K(82368K), 0.0002020 secs]
213.976: [GC (Allocation Failure) 39707K->435K(81024K), 0.0002240 secs]
213.997: [GC (Allocation Failure) 38340K->435K(79744K), 0.0002020 secs]
214.017: [GC (Allocation Failure) 37070K->435K(78528K), 0.0002100 secs]
214.032: [GC (Allocation Failure) 35800K->435K(77312K), 0.0002040 secs]
214.051: [GC (Allocation Failure) 34628K->435K(76160K), 0.0002100 secs]
214.169: [GC (Allocation Failure) 33456K->435K(75072K), 0.0002010 secs]
214.187: [GC (Allocation Failure) 32382K->435K(74048K), 0.0002010 secs]
214.204: [GC (Allocation Failure) 31405K->435K(73088K), 0.0002210 secs]
214.260: [GC (Allocation Failure) 30428K->435K(72128K), 0.0002210 secs]
214.277: [GC (Allocation Failure) 29451K->435K(71232K), 0.0002710 secs]
214.290: [GC (Allocation Failure) 28572K->435K(76864K), 0.0002160 secs]
214.329: [GC (Allocation Failure) 34140K->435K(75776K), 0.0002160 secs]
214.355: [GC (Allocation Failure) 33065K->435K(74688K), 0.0002110 secs]
214.372: [GC (Allocation Failure) 31991K->435K(73664K), 0.0002050 secs]
214.390: [GC (Allocation Failure) 31014K->435K(72704K), 0.0002490 secs]
214.439: [GC (Allocation Failure) 30038K->435K(71808K), 0.0002070 secs]
214.477: [GC (Allocation Failure) 29158K->435K(70912K), 0.0002050 secs]
214.530: [GC (Allocation Failure) 28182K->435K(70080K), 0.0002260 secs]
214.542: [GC (Allocation Failure) 27400K->435K(69248K), 0.0002270 secs]
214.554: [GC (Allocation Failure) 26521K->435K(74496K), 0.0002030 secs]
214.578: [GC (Allocation Failure) 31796K->435K(73472K), 0.0002150 secs]
214.631: [GC (Allocation Failure) 30819K->435K(72512K), 0.0002120 secs]
214.648: [GC (Allocation Failure) 29842K->435K(71616K), 0.0002060 secs]
214.661: [GC (Allocation Failure) 28963K->435K(77376K), 0.0002170 secs]
214.683: [GC (Allocation Failure) 34726K->435K(84288K), 0.0003200 secs]
214.706: [GC (Allocation Failure) 41563K->435K(92544K), 0.0002230 secs]
214.727: [GC (Allocation Failure) 49867K->435K(90688K), 0.0002110 secs]
214.749: [GC (Allocation Failure) 48009K->435K(88960K), 0.0002070 secs]
214.788: [GC (Allocation Failure) 46251K->435K(87296K), 0.0002250 secs]
214.808: [GC (Allocation Failure) 44591K->435K(85696K), 0.0002030 secs]
214.864: [GC (Allocation Failure) 43028K->435K(84160K), 0.0002220 secs]
214.882: [GC (Allocation Failure) 41465K->435K(82688K), 0.0002080 secs]
214.982: [GC (Allocation Failure) 40000K->435K(81344K), 0.0002240 secs]
214.999: [GC (Allocation Failure) 38633K->435K(80000K), 0.0002030 secs]
215.019: [GC (Allocation Failure) 37363K->435K(78720K), 0.0002000 secs]
215.035: [GC (Allocation Failure) 35996K->435K(77504K), 0.0002170 secs]
215.084: [GC (Allocation Failure) 34823K->435K(76352K), 0.0002260 secs]
215.099: [GC (Allocation Failure) 33651K->435K(75264K), 0.0002180 secs]
215.114: [GC (Allocation Failure) 32577K->435K(74240K), 0.0002050 secs]
215.182: [GC (Allocation Failure) 31600K->435K(73216K), 0.0002210 secs]
215.196: [GC (Allocation Failure) 30526K->435K(72256K), 0.0002040 secs]
215.212: [GC (Allocation Failure) 29549K->435K(71360K), 0.0002100 secs]
215.231: [GC (Allocation Failure) 28670K->435K(70464K), 0.0002160 secs]
215.244: [GC (Allocation Failure) 27791K->435K(75968K), 0.0002030 secs]
215.262: [GC (Allocation Failure) 33261K->435K(82560K), 0.0002000 secs]
215.280: [GC (Allocation Failure) 39902K->435K(90496K), 0.0002120 secs]
215.300: [GC (Allocation Failure) 47814K->435K(88768K), 0.0002120 secs]
215.320: [GC (Allocation Failure) 46056K->435K(87104K), 0.0002110 secs]
215.388: [GC (Allocation Failure) 44395K->435K(85504K), 0.0002220 secs]
215.407: [GC (Allocation Failure) 42833K->435K(83968K), 0.0002020 secs]
215.437: [GC (Allocation Failure) 41270K->435K(82560K), 0.0002160 secs]
215.454: [GC (Allocation Failure) 39902K->435K(81216K), 0.0002030 secs]
215.486: [GC (Allocation Failure) 38535K->435K(79936K), 0.0002170 secs]
215.506: [GC (Allocation Failure) 37265K->435K(78656K), 0.0002060 secs]
215.521: [GC (Allocation Failure) 35996K->435K(77440K), 0.0002100 secs]
215.537: [GC (Allocation Failure) 34726K->435K(76288K), 0.0002090 secs]
215.561: [GC (Allocation Failure) 33554K->435K(75200K), 0.0002230 secs]
215.580: [GC (Allocation Failure) 32479K->435K(74176K), 0.0002200 secs]
215.633: [GC (Allocation Failure) 31503K->435K(73152K), 0.0002240 secs]
215.650: [GC (Allocation Failure) 30428K->435K(72192K), 0.0002520 secs]
215.732: [GC (Allocation Failure) 29549K->435K(71296K), 0.0002180 secs]
215.744: [GC (Allocation Failure) 28572K->435K(70400K), 0.0002240 secs]
215.756: [GC (Allocation Failure) 27693K->435K(75904K), 0.0001990 secs]
215.775: [GC (Allocation Failure) 33261K->435K(82496K), 0.0002690 secs]
215.796: [GC (Allocation Failure) 39805K->435K(90432K), 0.0002120 secs]
215.817: [GC (Allocation Failure) 47716K->435K(99904K), 0.0002140 secs]
215.940: [GC (Allocation Failure) 57194K->435K(97728K), 0.0002040 secs]
215.970: [GC (Allocation Failure) 55046K->435K(95680K), 0.0002140 secs]
215.993: [GC (Allocation Failure) 52994K->435K(93696K), 0.0002170 secs]
216.019: [GC (Allocation Failure) 51041K->435K(91840K), 0.0002030 secs]
216.043: [GC (Allocation Failure) 49181K->435K(90048K), 0.0002100 secs]
216.086: [GC (Allocation Failure) 47325K->435K(88320K), 0.0002240 secs]
216.106: [GC (Allocation Failure) 45665K->435K(86656K), 0.0002140 secs]
216.178: [GC (Allocation Failure) 44005K->435K(85120K), 0.0002250 secs]
216.197: [GC (Allocation Failure) 42442K->435K(83648K), 0.0002180 secs]
216.215: [GC (Allocation Failure) 40977K->435K(82240K), 0.0002020 secs]
216.236: [GC (Allocation Failure) 39512K->435K(80896K), 0.0002740 secs]
216.257: [GC (Allocation Failure) 38242K->435K(79616K), 0.0002110 secs]
216.273: [GC (Allocation Failure) 36972K->435K(78400K), 0.0002170 secs]
216.288: [GC (Allocation Failure) 35702K->435K(77248K), 0.0002030 secs]
216.335: [GC (Allocation Failure) 34530K->435K(76096K), 0.0002180 secs]
216.350: [GC (Allocation Failure) 33456K->435K(75008K), 0.0002000 secs]
216.385: [GC (Allocation Failure) 32284K->435K(73984K), 0.0002160 secs]
216.398: [GC (Allocation Failure) 31307K->435K(73024K), 0.0002140 secs]
216.417: [GC (Allocation Failure) 30331K->435K(72064K), 0.0002260 secs]
216.434: [GC (Allocation Failure) 29354K->435K(77888K), 0.0002140 secs]
216.486: [GC (Allocation Failure) 35214K->435K(76736K), 0.0002040 secs]
216.501: [GC (Allocation Failure) 34042K->435K(75648K), 0.0002180 secs]
216.515: [GC (Allocation Failure) 32968K->435K(82176K), 0.0002010 secs]
216.579: [GC (Allocation Failure) 39512K->435K(80832K), 0.0002200 secs]
216.595: [GC (Allocation Failure) 38144K->435K(79552K), 0.0002130 secs]
216.637: [GC (Allocation Failure) 36875K->435K(78336K), 0.0002240 secs]
216.653: [GC (Allocation Failure) 35605K->435K(77184K), 0.0002120 secs]
216.668: [GC (Allocation Failure) 34530K->435K(76032K), 0.0002010 secs]
216.757: [GC (Allocation Failure) 33358K->435K(74944K), 0.0002110 secs]
216.835: [GC (Allocation Failure) 32284K->435K(73920K), 0.0002240 secs]
216.853: [GC (Allocation Failure) 31210K->435K(72960K), 0.0002160 secs]
216.867: [GC (Allocation Failure) 30233K->435K(72000K), 0.0002110 secs]
216.934: [GC (Allocation Failure) 29354K->435K(71104K), 0.0002110 secs]
216.946: [GC (Allocation Failure) 28377K->435K(70272K), 0.0002270 secs]
216.963: [GC (Allocation Failure) 27596K->435K(69440K), 0.0002010 secs]
216.978: [GC (Allocation Failure) 26717K->435K(74752K), 0.0002310 secs]
216.993: [GC (Allocation Failure) 32089K->435K(81088K), 0.0002660 secs]
217.084: [GC (Allocation Failure) 38437K->435K(79808K), 0.0002120 secs]
217.104: [GC (Allocation Failure) 37168K->435K(78592K), 0.0002140 secs]
217.123: [GC (Allocation Failure) 35898K->435K(77376K), 0.0002140 secs]
217.142: [GC (Allocation Failure) 34726K->435K(76224K), 0.0002150 secs]
217.162: [GC (Allocation Failure) 33554K->435K(75136K), 0.0002060 secs]
217.176: [GC (Allocation Failure) 32479K->435K(81600K), 0.0002160 secs]
217.197: [GC (Allocation Failure) 38926K->435K(80256K), 0.0002170 secs]
217.214: [GC (Allocation Failure) 37558K->435K(87744K), 0.0002150 secs]
217.233: [GC (Allocation Failure) 45079K->435K(86144K), 0.0002040 secs]
217.256: [GC (Allocation Failure) 43419K->435K(84608K), 0.0002030 secs]
217.440: [GC (Allocation Failure) 41953K->435K(83136K), 0.0002170 secs]
217.457: [GC (Allocation Failure) 40488K->435K(81728K), 0.0002040 secs]
217.474: [GC (Allocation Failure) 39023K->435K(80384K), 0.0002030 secs]
217.490: [GC (Allocation Failure) 37656K->435K(79104K), 0.0002020 secs]
217.510: [GC (Allocation Failure) 36386K->435K(77888K), 0.0002620 secs]
217.525: [GC (Allocation Failure) 35214K->435K(84864K), 0.0002130 secs]
217.577: [GC (Allocation Failure) 42149K->435K(83392K), 0.0002270 secs]
217.599: [GC (Allocation Failure) 40684K->435K(81984K), 0.0001980 secs]
217.672: [GC (Allocation Failure) 39316K->435K(80640K), 0.0002250 secs]
217.692: [GC (Allocation Failure) 37949K->435K(79360K), 0.0002090 secs]
217.738: [GC (Allocation Failure) 36679K->435K(78144K), 0.0002010 secs]
217.754: [GC (Allocation Failure) 35409K->435K(76992K), 0.0002730 secs]
217.777: [GC (Allocation Failure) 34335K->435K(75904K), 0.0002110 secs]
217.792: [GC (Allocation Failure) 33261K->435K(74816K), 0.0002030 secs]
217.932: [GC (Allocation Failure) 32089K->435K(73792K), 0.0002250 secs]
217.950: [GC (Allocation Failure) 31112K->435K(72832K), 0.0002140 secs]
218.031: [GC (Allocation Failure) 30135K->435K(71872K), 0.0002070 secs]
218.062: [GC (Allocation Failure) 29158K->435K(70976K), 0.0002300 secs]
218.078: [GC (Allocation Failure) 28279K->435K(70144K), 0.0002290 secs]
218.094: [GC (Allocation Failure) 27498K->435K(69312K), 0.0002010 secs]
218.106: [GC (Allocation Failure) 26619K->435K(74560K), 0.0002290 secs]
218.164: [GC (Allocation Failure) 31893K->435K(73536K), 0.0002170 secs]
218.187: [GC (Allocation Failure) 30819K->435K(72576K), 0.0002250 secs]
218.204: [GC (Allocation Failure) 29842K->435K(78528K), 0.0002880 secs]
218.234: [GC (Allocation Failure) 35800K->435K(77312K), 0.0002200 secs]
218.253: [GC (Allocation Failure) 34628K->435K(76160K), 0.0002020 secs]
218.284: [GC (Allocation Failure) 33456K->435K(75072K), 0.0002120 secs]
218.298: [GC (Allocation Failure) 32382K->435K(74048K), 0.0002020 secs]
218.333: [GC (Allocation Failure) 31405K->435K(73088K), 0.0002140 secs]
218.350: [GC (Allocation Failure) 30428K->435K(72128K), 0.0002050 secs]
218.376: [GC (Allocation Failure) 29451K->435K(71232K), 0.0002320 secs]
218.392: [GC (Allocation Failure) 28572K->435K(70400K), 0.0002230 secs]
218.416: [GC (Allocation Failure) 27693K->435K(69568K), 0.0002030 secs]
218.428: [GC (Allocation Failure) 26912K->435K(74880K), 0.0002080 secs]
218.533: [GC (Allocation Failure) 32186K->435K(73856K), 0.0002150 secs]
218.547: [GC (Allocation Failure) 31210K->435K(72896K), 0.0002020 secs]
218.632: [GC (Allocation Failure) 30233K->435K(71936K), 0.0002150 secs]
218.645: [GC (Allocation Failure) 29256K->435K(71040K), 0.0002030 secs]
218.686: [GC (Allocation Failure) 28377K->435K(70208K), 0.0002210 secs]
218.702: [GC (Allocation Failure) 27498K->435K(69376K), 0.0002700 secs]
218.718: [GC (Allocation Failure) 26717K->435K(74688K), 0.0002120 secs]
218.736: [GC (Allocation Failure) 31991K->435K(81024K), 0.0002180 secs]
218.753: [GC (Allocation Failure) 38340K->435K(88640K), 0.0002160 secs]
218.776: [GC (Allocation Failure) 45958K->435K(86976K), 0.0002150 secs]
218.839: [GC (Allocation Failure) 44298K->435K(85376K), 0.0002160 secs]
218.889: [GC (Allocation Failure) 42735K->435K(83904K), 0.0002230 secs]
218.906: [GC (Allocation Failure) 41172K->435K(82496K), 0.0002120 secs]
218.937: [GC (Allocation Failure) 39805K->435K(81152K), 0.0002130 secs]
218.954: [GC (Allocation Failure) 38437K->435K(79872K), 0.0002030 secs]
218.975: [GC (Allocation Failure) 37168K->435K(78656K), 0.0002120 secs]
218.994: [GC (Allocation Failure) 35996K->435K(77440K), 0.0002160 secs]
219.139: [GC (Allocation Failure) 34726K->435K(76288K), 0.0002060 secs]
219.159: [GC (Allocation Failure) 33554K->435K(75200K), 0.0002150 secs]
219.173: [GC (Allocation Failure) 32479K->435K(74176K), 0.0002180 secs]
219.238: [GC (Allocation Failure) 31503K->435K(73152K), 0.0002570 secs]
219.256: [GC (Allocation Failure) 30428K->435K(72192K), 0.0002330 secs]
219.269: [GC (Allocation Failure) 29549K->435K(78016K), 0.0002640 secs]
219.345: [GC (Allocation Failure) 35312K->435K(76864K), 0.0002190 secs]
219.364: [GC (Allocation Failure) 34140K->435K(75776K), 0.0002020 secs]
219.435: [GC (Allocation Failure) 33065K->435K(74688K), 0.0002060 secs]
219.488: [GC (Allocation Failure) 31991K->435K(73664K), 0.0002220 secs]
219.506: [GC (Allocation Failure) 31014K->435K(72704K), 0.0002120 secs]
219.538: [GC (Allocation Failure) 30038K->435K(71808K), 0.0002020 secs]
219.552: [GC (Allocation Failure) 29158K->435K(70912K), 0.0002770 secs]
219.660: [GC (Allocation Failure) 28182K->435K(70080K), 0.0002160 secs]
219.672: [GC (Allocation Failure) 27400K->435K(69248K), 0.0002010 secs]
219.737: [GC (Allocation Failure) 26521K->435K(68480K), 0.0003220 secs]
219.748: [GC (Allocation Failure) 25838K->435K(73600K), 0.0002170 secs]
219.770: [GC (Allocation Failure) 30917K->435K(72640K), 0.0002220 secs]
219.787: [GC (Allocation Failure) 29940K->435K(71744K), 0.0002090 secs]
219.804: [GC (Allocation Failure) 29061K->435K(77504K), 0.0002130 secs]
219.819: [GC (Allocation Failure) 34823K->435K(84416K), 0.0002110 secs]
219.837: [GC (Allocation Failure) 41758K->435K(92736K), 0.0002030 secs]
219.993: [GC (Allocation Failure) 50064K->435K(90880K), 0.0002130 secs]
220.042: [GC (Allocation Failure) 48204K->435K(89152K), 0.0002330 secs]
220.062: [GC (Allocation Failure) 46446K->435K(87488K), 0.0002210 secs]
220.085: [GC (Allocation Failure) 44786K->435K(85888K), 0.0002080 secs]
220.141: [GC (Allocation Failure) 43223K->435K(84352K), 0.0002130 secs]
220.162: [GC (Allocation Failure) 41660K->435K(82880K), 0.0002120 secs]
220.184: [GC (Allocation Failure) 40195K->435K(81472K), 0.0002010 secs]
220.205: [GC (Allocation Failure) 38828K->435K(80128K), 0.0002100 secs]
220.223: [GC (Allocation Failure) 37461K->435K(78848K), 0.0002140 secs]
220.288: [GC (Allocation Failure) 36191K->435K(77632K), 0.0002050 secs]
220.357: [GC (Allocation Failure) 34921K->435K(76480K), 0.0002150 secs]
220.372: [GC (Allocation Failure) 33749K->435K(75392K), 0.0002370 secs]
220.418: [GC (Allocation Failure) 32675K->435K(74368K), 0.0002170 secs]
220.437: [GC (Allocation Failure) 31698K->435K(73344K), 0.0002270 secs]
220.450: [GC (Allocation Failure) 30624K->435K(72384K), 0.0002020 secs]
220.467: [GC (Allocation Failure) 29745K->435K(71488K), 0.0002090 secs]
220.485: [GC (Allocation Failure) 28768K->435K(70592K), 0.0002270 secs]
220.498: [GC (Allocation Failure) 27889K->435K(76096K), 0.0002030 secs]
220.516: [GC (Allocation Failure) 33456K->435K(82752K), 0.0002000 secs]
220.533: [GC (Allocation Failure) 40098K->435K(90688K), 0.0002280 secs]
220.554: [GC (Allocation Failure) 48009K->435K(88960K), 0.0002000 secs]
220.574: [GC (Allocation Failure) 46251K->435K(87296K), 0.0002010 secs]
220.642: [GC (Allocation Failure) 44591K->435K(85696K), 0.0002150 secs]
220.664: [GC (Allocation Failure) 43028K->435K(84160K), 0.0002010 secs]
220.683: [GC (Allocation Failure) 41465K->435K(82688K), 0.0002120 secs]
220.700: [GC (Allocation Failure) 40000K->435K(81344K), 0.0002000 secs]
220.771: [GC (Allocation Failure) 38633K->435K(80000K), 0.0002310 secs]
220.791: [GC (Allocation Failure) 37363K->435K(78720K), 0.0002110 secs]
220.839: [GC (Allocation Failure) 35996K->435K(77504K), 0.0002050 secs]
220.889: [GC (Allocation Failure) 34823K->435K(76352K), 0.0002050 secs]
220.938: [GC (Allocation Failure) 33651K->435K(75264K), 0.0002150 secs]
220.973: [GC (Allocation Failure) 32577K->435K(74240K), 0.0002150 secs]
221.141: [GC (Allocation Failure) 31600K->435K(73216K), 0.0002120 secs]
221.154: [GC (Allocation Failure) 30526K->435K(72256K), 0.0002120 secs]
221.171: [GC (Allocation Failure) 29549K->435K(71360K), 0.0002700 secs]
221.188: [GC (Allocation Failure) 28670K->435K(70464K), 0.0002110 secs]
221.200: [GC (Allocation Failure) 27791K->435K(75968K), 0.0002130 secs]
221.242: [GC (Allocation Failure) 33261K->435K(74880K), 0.0002260 secs]
221.261: [GC (Allocation Failure) 32186K->435K(73856K), 0.0002100 secs]
221.287: [GC (Allocation Failure) 31210K->435K(72896K), 0.0002240 secs]
221.300: [GC (Allocation Failure) 30233K->435K(71936K), 0.0002030 secs]
221.436: [GC (Allocation Failure) 29256K->435K(71040K), 0.0002110 secs]
221.452: [GC (Allocation Failure) 28377K->435K(70208K), 0.0002110 secs]
221.468: [GC (Allocation Failure) 27498K->435K(69376K), 0.0002150 secs]
221.484: [GC (Allocation Failure) 26717K->435K(68608K), 0.0002110 secs]
221.499: [GC (Allocation Failure) 25935K->435K(73728K), 0.0002210 secs]
221.537: [GC (Allocation Failure) 31014K->435K(72768K), 0.0002120 secs]
221.551: [GC (Allocation Failure) 30038K->435K(71808K), 0.0001970 secs]
221.574: [GC (Allocation Failure) 29158K->435K(70912K), 0.0002030 secs]
221.587: [GC (Allocation Failure) 28182K->435K(76480K), 0.0003210 secs]
221.669: [GC (Allocation Failure) 33749K->435K(83200K), 0.0002170 secs]
221.687: [GC (Allocation Failure) 40488K->435K(91264K), 0.0002130 secs]
221.707: [GC (Allocation Failure) 48595K->435K(89472K), 0.0002150 secs]
221.745: [GC (Allocation Failure) 46739K->435K(87808K), 0.0002150 secs]
221.764: [GC (Allocation Failure) 45079K->435K(86208K), 0.0002130 secs]
221.783: [GC (Allocation Failure) 43516K->435K(84672K), 0.0002010 secs]
221.801: [GC (Allocation Failure) 41953K->435K(83200K), 0.0002020 secs]
221.822: [GC (Allocation Failure) 40488K->435K(81792K), 0.0002150 secs]
221.975: [GC (Allocation Failure) 39121K->435K(80448K), 0.0002290 secs]
221.991: [GC (Allocation Failure) 37754K->435K(79168K), 0.0002030 secs]
222.045: [GC (Allocation Failure) 36484K->435K(77952K), 0.0002120 secs]
222.064: [GC (Allocation Failure) 35312K->435K(76800K), 0.0002130 secs]
222.090: [GC (Allocation Failure) 34140K->435K(75712K), 0.0002140 secs]
222.108: [GC (Allocation Failure) 33065K->435K(74624K), 0.0002030 secs]
222.121: [GC (Allocation Failure) 31893K->435K(73600K), 0.0002020 secs]
222.139: [GC (Allocation Failure) 30917K->435K(72640K), 0.0002220 secs]
222.279: [GC (Allocation Failure) 29940K->435K(71744K), 0.0002250 secs]
222.296: [GC (Allocation Failure) 29061K->435K(70848K), 0.0002630 secs]
222.342: [GC (Allocation Failure) 28182K->435K(70016K), 0.0002640 secs]
222.354: [GC (Allocation Failure) 27303K->435K(69184K), 0.0002140 secs]
222.366: [GC (Allocation Failure) 26521K->435K(74432K), 0.0002020 secs]
222.383: [GC (Allocation Failure) 31698K->435K(80704K), 0.0002160 secs]
222.421: [GC (Allocation Failure) 38047K->435K(79424K), 0.0002280 secs]
222.441: [GC (Allocation Failure) 36777K->435K(78208K), 0.0002020 secs]
222.461: [GC (Allocation Failure) 35507K->435K(77056K), 0.0001990 secs]
222.480: [GC (Allocation Failure) 34335K->435K(75904K), 0.0002200 secs]
222.581: [GC (Allocation Failure) 33261K->435K(74816K), 0.0002790 secs]
222.595: [GC (Allocation Failure) 32089K->435K(73792K), 0.0002010 secs]
222.643: [GC (Allocation Failure) 31112K->435K(72832K), 0.0002150 secs]
222.657: [GC (Allocation Failure) 30135K->435K(71872K), 0.0002270 secs]
222.673: [GC (Allocation Failure) 29158K->435K(70976K), 0.0002000 secs]
222.689: [GC (Allocation Failure) 28279K->435K(76608K), 0.0002800 secs]
222.708: [GC (Allocation Failure) 33944K->435K(83328K), 0.0002140 secs]
222.726: [GC (Allocation Failure) 40684K->435K(91392K), 0.0002020 secs]
222.776: [GC (Allocation Failure) 48693K->435K(89600K), 0.0002170 secs]
222.796: [GC (Allocation Failure) 46935K->435K(87936K), 0.0002050 secs]
222.816: [GC (Allocation Failure) 45274K->435K(86336K), 0.0002150 secs]
222.839: [GC (Allocation Failure) 43614K->435K(84800K), 0.0002740 secs]
222.861: [GC (Allocation Failure) 42149K->435K(83328K), 0.0002130 secs]
222.879: [GC (Allocation Failure) 40684K->435K(81920K), 0.0002120 secs]
222.896: [GC (Allocation Failure) 39219K->435K(80576K), 0.0002030 secs]
222.943: [GC (Allocation Failure) 37851K->435K(79296K), 0.0002040 secs]
222.996: [GC (Allocation Failure) 36582K->435K(78080K), 0.0002140 secs]
223.011: [GC (Allocation Failure) 35409K->435K(76928K), 0.0002120 secs]
223.030: [GC (Allocation Failure) 34237K->435K(75840K), 0.0002070 secs]
223.141: [GC (Allocation Failure) 33163K->435K(74752K), 0.0002030 secs]
223.170: [GC (Allocation Failure) 32089K->435K(73728K), 0.0002130 secs]
223.187: [GC (Allocation Failure) 31014K->435K(72768K), 0.0002040 secs]
223.204: [GC (Allocation Failure) 30038K->435K(71808K), 0.0002140 secs]
223.243: [GC (Allocation Failure) 29158K->435K(70912K), 0.0002150 secs]
223.256: [GC (Allocation Failure) 28182K->435K(70080K), 0.0002160 secs]
223.289: [GC (Allocation Failure) 27400K->435K(69248K), 0.0002270 secs]
223.304: [GC (Allocation Failure) 26521K->435K(68480K), 0.0002160 secs]
223.343: [GC (Allocation Failure) 25838K->435K(67712K), 0.0002310 secs]
223.354: [GC (Allocation Failure) 25052K->435K(72640K), 0.0002140 secs]
223.371: [GC (Allocation Failure) 29940K->435K(78592K), 0.0002140 secs]
223.390: [GC (Allocation Failure) 35898K->435K(85696K), 0.0002690 secs]
223.450: [GC (Allocation Failure) 43028K->435K(84160K), 0.0002150 secs]
223.468: [GC (Allocation Failure) 41465K->435K(82688K), 0.0002010 secs]
223.485: [GC (Allocation Failure) 40000K->435K(81344K), 0.0002020 secs]
223.548: [GC (Allocation Failure) 38633K->435K(80000K), 0.0002170 secs]
223.564: [GC (Allocation Failure) 37363K->435K(78720K), 0.0002120 secs]
223.583: [GC (Allocation Failure) 35996K->435K(77504K), 0.0002080 secs]
223.742: [GC (Allocation Failure) 34823K->435K(76352K), 0.0002830 secs]
223.792: [GC (Allocation Failure) 33651K->435K(75264K), 0.0002230 secs]
223.810: [GC (Allocation Failure) 32577K->435K(74240K), 0.0002690 secs]
223.828: [GC (Allocation Failure) 31600K->435K(73216K), 0.0002100 secs]
223.841: [GC (Allocation Failure) 30526K->435K(72256K), 0.0002170 secs]
223.858: [GC (Allocation Failure) 29549K->435K(78144K), 0.0002700 secs]
223.874: [GC (Allocation Failure) 35409K->435K(85184K), 0.0002030 secs]
223.900: [GC (Allocation Failure) 42540K->435K(93632K), 0.0002210 secs]
223.926: [GC (Allocation Failure) 50943K->435K(91776K), 0.0002200 secs]
223.948: [GC (Allocation Failure) 49084K->435K(89984K), 0.0002110 secs]
223.973: [GC (Allocation Failure) 47325K->435K(88256K), 0.0002170 secs]
223.993: [GC (Allocation Failure) 45567K->435K(86592K), 0.0002060 secs]
224.047: [GC (Allocation Failure) 43907K->435K(85056K), 0.0002040 secs]
224.096: [GC (Allocation Failure) 42344K->435K(83584K), 0.0002170 secs]
224.149: [GC (Allocation Failure) 40879K->435K(82176K), 0.0002180 secs]
224.166: [GC (Allocation Failure) 39512K->435K(80832K), 0.0002150 secs]
224.187: [GC (Allocation Failure) 38144K->435K(79552K), 0.0002120 secs]
224.207: [GC (Allocation Failure) 36875K->435K(78336K), 0.0002100 secs]
224.344: [GC (Allocation Failure) 35605K->435K(77184K), 0.0002030 secs]
224.368: [GC (Allocation Failure) 34530K->435K(76032K), 0.0002330 secs]
224.383: [GC (Allocation Failure) 33358K->435K(74944K), 0.0002170 secs]
224.418: [GC (Allocation Failure) 32284K->435K(73920K), 0.0002060 secs]
224.431: [GC (Allocation Failure) 31210K->435K(72960K), 0.0002060 secs]
224.470: [GC (Allocation Failure) 30233K->435K(72000K), 0.0002140 secs]
224.483: [GC (Allocation Failure) 29354K->435K(71104K), 0.0002140 secs]
224.641: [GC (Allocation Failure) 28377K->435K(70272K), 0.0002150 secs]
224.694: [GC (Allocation Failure) 27596K->435K(69440K), 0.0002150 secs]
224.710: [GC (Allocation Failure) 26717K->435K(68672K), 0.0002190 secs]
224.722: [GC (Allocation Failure) 26033K->435K(73792K), 0.0002740 secs]
224.740: [GC (Allocation Failure) 31112K->435K(79936K), 0.0002900 secs]
224.759: [GC (Allocation Failure) 37265K->435K(87360K), 0.0002110 secs]
224.779: [GC (Allocation Failure) 44688K->435K(96256K), 0.0002100 secs]
224.802: [GC (Allocation Failure) 53580K->435K(94272K), 0.0002010 secs]
224.828: [GC (Allocation Failure) 51627K->435K(92352K), 0.0002090 secs]
224.904: [GC (Allocation Failure) 49670K->435K(90496K), 0.0002050 secs]
224.929: [GC (Allocation Failure) 47814K->435K(88768K), 0.0002090 secs]
224.953: [GC (Allocation Failure) 46056K->435K(87104K), 0.0002180 secs]
224.972: [GC (Allocation Failure) 44395K->435K(85504K), 0.0002130 secs]
225.001: [GC (Allocation Failure) 42833K->435K(83968K), 0.0002220 secs]
225.019: [GC (Allocation Failure) 41270K->435K(82560K), 0.0002140 secs]
225.050: [GC (Allocation Failure) 39902K->435K(81216K), 0.0002310 secs]
225.067: [GC (Allocation Failure) 38535K->435K(79936K), 0.0002130 secs]
225.175: [GC (Allocation Failure) 37265K->435K(78656K), 0.0002290 secs]
225.191: [GC (Allocation Failure) 35996K->435K(77440K), 0.0003240 secs]
225.245: [GC (Allocation Failure) 34726K->435K(76288K), 0.0002190 secs]
225.269: [GC (Allocation Failure) 33554K->435K(75200K), 0.0002050 secs]
225.297: [GC (Allocation Failure) 32479K->435K(74176K), 0.0002220 secs]
225.311: [GC (Allocation Failure) 31503K->435K(73152K), 0.0002110 secs]
225.324: [GC (Allocation Failure) 30428K->435K(72192K), 0.0002020 secs]
225.342: [GC (Allocation Failure) 29549K->435K(78016K), 0.0002370 secs]
225.358: [GC (Allocation Failure) 35312K->435K(85056K), 0.0001980 secs]
225.376: [GC (Allocation Failure) 42344K->435K(93504K), 0.0002010 secs]
225.402: [GC (Allocation Failure) 50846K->435K(91648K), 0.0002190 secs]
225.505: [GC (Allocation Failure) 48986K->435K(89856K), 0.0002220 secs]
225.525: [GC (Allocation Failure) 47130K->435K(88128K), 0.0002010 secs]
225.545: [GC (Allocation Failure) 45470K->435K(86528K), 0.0002000 secs]
225.569: [GC (Allocation Failure) 43809K->435K(84992K), 0.0002140 secs]
225.592: [GC (Allocation Failure) 42344K->435K(83520K), 0.0002130 secs]
225.647: [GC (Allocation Failure) 40879K->435K(82112K), 0.0002250 secs]
225.665: [GC (Allocation Failure) 39414K->435K(80768K), 0.0002060 secs]
225.681: [GC (Allocation Failure) 38047K->435K(79488K), 0.0002130 secs]
225.701: [GC (Allocation Failure) 36777K->435K(78272K), 0.0002000 secs]
225.716: [GC (Allocation Failure) 35605K->435K(77120K), 0.0002160 secs]
225.845: [GC (Allocation Failure) 34433K->435K(75968K), 0.0002180 secs]
225.861: [GC (Allocation Failure) 33261K->435K(74880K), 0.0002030 secs]
225.874: [GC (Allocation Failure) 32186K->435K(73856K), 0.0002020 secs]
225.888: [GC (Allocation Failure) 31210K->435K(80064K), 0.0002130 secs]
226.046: [GC (Allocation Failure) 37363K->435K(78784K), 0.0002130 secs]
226.100: [GC (Allocation Failure) 36093K->435K(77568K), 0.0002140 secs]
226.120: [GC (Allocation Failure) 34921K->435K(76416K), 0.0002050 secs]
226.139: [GC (Allocation Failure) 33749K->435K(75328K), 0.0002030 secs]
226.153: [GC (Allocation Failure) 32675K->435K(74304K), 0.0002020 secs]
226.198: [GC (Allocation Failure) 31600K->435K(73280K), 0.0002430 secs]
226.216: [GC (Allocation Failure) 30624K->435K(72320K), 0.0002090 secs]
226.253: [GC (Allocation Failure) 29647K->435K(71424K), 0.0002040 secs]
226.353: [GC (Allocation Failure) 28768K->435K(70528K), 0.0002190 secs]
226.371: [GC (Allocation Failure) 27889K->435K(69696K), 0.0002040 secs]
226.384: [GC (Allocation Failure) 27010K->435K(75072K), 0.0003280 secs]
226.418: [GC (Allocation Failure) 32382K->435K(74048K), 0.0002100 secs]
226.445: [GC (Allocation Failure) 31405K->435K(73088K), 0.0002200 secs]
226.470: [GC (Allocation Failure) 30428K->435K(72128K), 0.0002030 secs]
226.494: [GC (Allocation Failure) 29451K->435K(71232K), 0.0002150 secs]
226.647: [GC (Allocation Failure) 28572K->435K(70400K), 0.0002200 secs]
226.663: [GC (Allocation Failure) 27693K->435K(69568K), 0.0002110 secs]
226.680: [GC (Allocation Failure) 26912K->435K(68800K), 0.0002010 secs]
226.696: [GC (Allocation Failure) 26131K->435K(68032K), 0.0002360 secs]
226.746: [GC (Allocation Failure) 25349K->435K(67328K), 0.0002180 secs]
226.758: [GC (Allocation Failure) 24662K->435K(72192K), 0.0003780 secs]
226.775: [GC (Allocation Failure) 29549K->435K(78016K), 0.0002040 secs]
226.794: [GC (Allocation Failure) 35312K->435K(85056K), 0.0002140 secs]
226.817: [GC (Allocation Failure) 42344K->435K(93504K), 0.0002130 secs]
226.957: [GC (Allocation Failure) 50846K->435K(91648K), 0.0002000 secs]
226.982: [GC (Allocation Failure) 48986K->435K(89856K), 0.0002040 secs]
227.002: [GC (Allocation Failure) 47130K->435K(88128K), 0.0002230 secs]
227.022: [GC (Allocation Failure) 45470K->435K(86528K), 0.0002050 secs]
227.055: [GC (Allocation Failure) 43809K->435K(84992K), 0.0002190 secs]
227.077: [GC (Allocation Failure) 42344K->435K(83520K), 0.0002020 secs]
227.095: [GC (Allocation Failure) 40879K->435K(82112K), 0.0002120 secs]
227.112: [GC (Allocation Failure) 39414K->435K(80768K), 0.0002110 secs]
227.129: [GC (Allocation Failure) 38047K->435K(79488K), 0.0002130 secs]
227.148: [GC (Allocation Failure) 36777K->435K(78272K), 0.0002010 secs]
227.164: [GC (Allocation Failure) 35605K->435K(77120K), 0.0002130 secs]
227.182: [GC (Allocation Failure) 34433K->435K(83968K), 0.0002390 secs]
227.200: [GC (Allocation Failure) 41270K->435K(92160K), 0.0002040 secs]
227.254: [GC (Allocation Failure) 49474K->435K(90368K), 0.0002130 secs]
227.307: [GC (Allocation Failure) 47716K->435K(88640K), 0.0002210 secs]
227.327: [GC (Allocation Failure) 45958K->435K(86976K), 0.0002010 secs]
227.355: [GC (Allocation Failure) 44298K->435K(85376K), 0.0002200 secs]
227.378: [GC (Allocation Failure) 42735K->435K(83904K), 0.0002430 secs]
227.400: [GC (Allocation Failure) 41172K->435K(82496K), 0.0002110 secs]
227.500: [GC (Allocation Failure) 39805K->435K(81152K), 0.0002710 secs]
227.553: [GC (Allocation Failure) 38437K->435K(79872K), 0.0002130 secs]
227.570: [GC (Allocation Failure) 37168K->435K(78656K), 0.0002160 secs]
227.590: [GC (Allocation Failure) 35996K->435K(77440K), 0.0002150 secs]
227.609: [GC (Allocation Failure) 34726K->435K(76288K), 0.0002030 secs]
227.628: [GC (Allocation Failure) 33554K->435K(75200K), 0.0002170 secs]
227.642: [GC (Allocation Failure) 32479K->435K(74176K), 0.0002040 secs]
227.676: [GC (Allocation Failure) 31503K->435K(73152K), 0.0002130 secs]
227.693: [GC (Allocation Failure) 30428K->435K(72192K), 0.0002010 secs]
227.706: [GC (Allocation Failure) 29549K->435K(78016K), 0.0002190 secs]
227.778: [GC (Allocation Failure) 35312K->435K(76864K), 0.0002380 secs]
227.797: [GC (Allocation Failure) 34140K->435K(75776K), 0.0002130 secs]
227.812: [GC (Allocation Failure) 33065K->435K(74688K), 0.0002180 secs]
227.826: [GC (Allocation Failure) 31991K->435K(81024K), 0.0002140 secs]
227.847: [GC (Allocation Failure) 38340K->435K(88640K), 0.0002150 secs]
227.867: [GC (Allocation Failure) 45958K->435K(86976K), 0.0002120 secs]
227.886: [GC (Allocation Failure) 44298K->435K(85376K), 0.0002010 secs]
227.904: [GC (Allocation Failure) 42735K->435K(83904K), 0.0002030 secs]
227.955: [GC (Allocation Failure) 41172K->435K(82496K), 0.0002100 secs]
227.977: [GC (Allocation Failure) 39805K->435K(81152K), 0.0002170 secs]
228.001: [GC (Allocation Failure) 38437K->435K(79872K), 0.0002340 secs]
228.021: [GC (Allocation Failure) 37168K->435K(78656K), 0.0002130 secs]
228.037: [GC (Allocation Failure) 35996K->435K(77440K), 0.0002050 secs]
228.052: [GC (Allocation Failure) 34726K->435K(76288K), 0.0002140 secs]
228.102: [GC (Allocation Failure) 33554K->435K(75200K), 0.0002220 secs]
228.116: [GC (Allocation Failure) 32479K->435K(74176K), 0.0002140 secs]
228.147: [GC (Allocation Failure) 31503K->435K(73152K), 0.0002120 secs]
228.172: [GC (Allocation Failure) 30428K->435K(72192K), 0.0002050 secs]
228.200: [GC (Allocation Failure) 29549K->435K(71296K), 0.0002230 secs]
228.213: [GC (Allocation Failure) 28572K->435K(70400K), 0.0002160 secs]
228.250: [GC (Allocation Failure) 27693K->435K(69568K), 0.0002260 secs]
228.266: [GC (Allocation Failure) 26912K->435K(68800K), 0.0002060 secs]
228.282: [GC (Allocation Failure) 26131K->435K(68032K), 0.0002140 secs]
228.297: [GC (Allocation Failure) 25349K->435K(73024K), 0.0002120 secs]
228.310: [GC (Allocation Failure) 30331K->435K(79040K), 0.0002320 secs]
228.330: [GC (Allocation Failure) 36386K->435K(86272K), 0.0002110 secs]
228.350: [GC (Allocation Failure) 43614K->435K(94912K), 0.0002010 secs]
228.376: [GC (Allocation Failure) 52213K->435K(105280K), 0.0002720 secs]
228.403: [GC (Allocation Failure) 62566K->435K(102848K), 0.0002790 secs]
228.449: [GC (Allocation Failure) 60124K->435K(100544K), 0.0002240 secs]
228.474: [GC (Allocation Failure) 57878K->435K(98304K), 0.0002140 secs]
228.509: [GC (Allocation Failure) 55632K->435K(96192K), 0.0002290 secs]
228.532: [GC (Allocation Failure) 53483K->435K(94208K), 0.0002120 secs]
228.577: [GC (Allocation Failure) 51529K->435K(92288K), 0.0002110 secs]
228.598: [GC (Allocation Failure) 49572K->435K(90496K), 0.0002030 secs]
228.659: [GC (Allocation Failure) 47814K->435K(88768K), 0.0002300 secs]
228.684: [GC (Allocation Failure) 46056K->435K(87104K), 0.0002010 secs]
228.703: [GC (Allocation Failure) 44395K->435K(85504K), 0.0002710 secs]
228.757: [GC (Allocation Failure) 42833K->435K(83968K), 0.0002140 secs]
228.775: [GC (Allocation Failure) 41270K->435K(82560K), 0.0002770 secs]
228.806: [GC (Allocation Failure) 39902K->435K(81216K), 0.0002150 secs]
228.823: [GC (Allocation Failure) 38535K->435K(79936K), 0.0002180 secs]
228.840: [GC (Allocation Failure) 37265K->435K(78656K), 0.0002020 secs]
228.950: [GC (Allocation Failure) 35996K->435K(77440K), 0.0002040 secs]
229.003: [GC (Allocation Failure) 34726K->435K(76288K), 0.0002820 secs]
229.022: [GC (Allocation Failure) 33554K->435K(75200K), 0.0002040 secs]
229.036: [GC (Allocation Failure) 32479K->435K(74176K), 0.0002010 secs]
229.102: [GC (Allocation Failure) 31503K->435K(73152K), 0.0002650 secs]
229.120: [GC (Allocation Failure) 30428K->435K(72192K), 0.0002010 secs]
229.165: [GC (Allocation Failure) 29549K->435K(71296K), 0.0002060 secs]
229.247: [GC (Allocation Failure) 28572K->435K(70400K), 0.0002030 secs]
229.273: [GC (Allocation Failure) 27693K->435K(69568K), 0.0002140 secs]
229.284: [GC (Allocation Failure) 26912K->435K(68800K), 0.0002030 secs]
229.296: [GC (Allocation Failure) 26131K->435K(73984K), 0.0002020 secs]
229.313: [GC (Allocation Failure) 31307K->435K(80192K), 0.0002110 secs]
229.355: [GC (Allocation Failure) 37461K->435K(78912K), 0.0002060 secs]
229.371: [GC (Allocation Failure) 36191K->435K(77696K), 0.0002040 secs]
229.404: [GC (Allocation Failure) 35019K->435K(76544K), 0.0002130 secs]
229.419: [GC (Allocation Failure) 33847K->435K(83264K), 0.0002700 secs]
229.553: [GC (Allocation Failure) 40586K->435K(81856K), 0.0002130 secs]
229.570: [GC (Allocation Failure) 39219K->435K(80512K), 0.0002140 secs]
229.606: [GC (Allocation Failure) 37851K->435K(79232K), 0.0002200 secs]
229.622: [GC (Allocation Failure) 36582K->435K(78016K), 0.0002030 secs]
229.637: [GC (Allocation Failure) 35312K->435K(76864K), 0.0002140 secs]
229.652: [GC (Allocation Failure) 34140K->435K(83648K), 0.0002020 secs]
229.669: [GC (Allocation Failure) 40977K->435K(91776K), 0.0002130 secs]
229.711: [GC (Allocation Failure) 49084K->435K(89984K), 0.0002100 secs]
229.731: [GC (Allocation Failure) 47325K->435K(88256K), 0.0002130 secs]
229.755: [GC (Allocation Failure) 45567K->435K(86592K), 0.0002500 secs]
229.774: [GC (Allocation Failure) 43907K->435K(85056K), 0.0002010 secs]
229.854: [GC (Allocation Failure) 42344K->435K(83584K), 0.0002110 secs]
229.876: [GC (Allocation Failure) 40879K->435K(82176K), 0.0002030 secs]
229.953: [GC (Allocation Failure) 39512K->435K(80832K), 0.0002130 secs]
229.979: [GC (Allocation Failure) 38144K->435K(79552K), 0.0002230 secs]
229.999: [GC (Allocation Failure) 36875K->435K(78336K), 0.0002100 secs]
230.055: [GC (Allocation Failure) 35605K->435K(77184K), 0.0003200 secs]
230.081: [GC (Allocation Failure) 34530K->435K(76032K), 0.0002130 secs]
230.099: [GC (Allocation Failure) 33358K->435K(74944K), 0.0002750 secs]
230.113: [GC (Allocation Failure) 32284K->435K(73920K), 0.0002140 secs]
230.127: [GC (Allocation Failure) 31210K->435K(80128K), 0.0002020 secs]
230.143: [GC (Allocation Failure) 37461K->435K(87552K), 0.0002010 secs]
230.162: [GC (Allocation Failure) 44884K->435K(96448K), 0.0002130 secs]
230.186: [GC (Allocation Failure) 53776K->435K(94400K), 0.0002100 secs]
230.258: [GC (Allocation Failure) 51725K->435K(92480K), 0.0002250 secs]
230.280: [GC (Allocation Failure) 49767K->435K(90624K), 0.0002130 secs]
230.304: [GC (Allocation Failure) 47911K->435K(88896K), 0.0002700 secs]
230.328: [GC (Allocation Failure) 46251K->435K(87232K), 0.0002110 secs]
230.348: [GC (Allocation Failure) 44591K->435K(85632K), 0.0002700 secs]
230.383: [GC (Allocation Failure) 42930K->435K(84096K), 0.0002350 secs]
230.403: [GC (Allocation Failure) 41367K->435K(82624K), 0.0002000 secs]
230.421: [GC (Allocation Failure) 39902K->435K(81280K), 0.0002170 secs]
230.437: [GC (Allocation Failure) 38633K->435K(80000K), 0.0001970 secs]
230.457: [GC (Allocation Failure) 37363K->435K(78720K), 0.0002710 secs]
230.473: [GC (Allocation Failure) 35996K->435K(85888K), 0.0002040 secs]
230.510: [GC (Allocation Failure) 43223K->435K(84352K), 0.0002220 secs]
230.527: [GC (Allocation Failure) 41660K->435K(82880K), 0.0002020 secs]
230.554: [GC (Allocation Failure) 40195K->435K(81472K), 0.0002030 secs]
230.571: [GC (Allocation Failure) 38828K->435K(80128K), 0.0002020 secs]
230.670: [GC (Allocation Failure) 37461K->435K(78848K), 0.0002140 secs]
230.686: [GC (Allocation Failure) 36191K->435K(77632K), 0.0002430 secs]
230.756: [GC (Allocation Failure) 34921K->435K(76480K), 0.0002800 secs]
230.775: [GC (Allocation Failure) 33749K->435K(75392K), 0.0002000 secs]
230.790: [GC (Allocation Failure) 32675K->435K(74368K), 0.0002230 secs]
230.807: [GC (Allocation Failure) 31698K->435K(73344K), 0.0002070 secs]
230.854: [GC (Allocation Failure) 30624K->435K(72384K), 0.0002000 secs]
230.867: [GC (Allocation Failure) 29745K->435K(71488K), 0.0002030 secs]
231.000: [GC (Allocation Failure) 28768K->435K(70592K), 0.0002200 secs]
231.012: [GC (Allocation Failure) 27889K->435K(69760K), 0.0002000 secs]
231.053: [GC (Allocation Failure) 27107K->435K(68992K), 0.0002160 secs]
231.069: [GC (Allocation Failure) 26326K->435K(68224K), 0.0002280 secs]
231.085: [GC (Allocation Failure) 25545K->435K(67520K), 0.0002190 secs]
231.148: [GC (Allocation Failure) 24857K->435K(66816K), 0.0002220 secs]
231.159: [GC (Allocation Failure) 24173K->435K(71616K), 0.0002010 secs]
231.176: [GC (Allocation Failure) 28963K->435K(77376K), 0.0002260 secs]
231.283: [GC (Allocation Failure) 34726K->435K(76224K), 0.0002150 secs]
231.302: [GC (Allocation Failure) 33554K->435K(75136K), 0.0002080 secs]
231.316: [GC (Allocation Failure) 32479K->435K(74112K), 0.0002030 secs]
231.372: [GC (Allocation Failure) 31405K->435K(73152K), 0.0002250 secs]
231.388: [GC (Allocation Failure) 30428K->435K(72192K), 0.0002040 secs]
231.401: [GC (Allocation Failure) 29549K->435K(78016K), 0.0002120 secs]
231.416: [GC (Allocation Failure) 35312K->435K(85056K), 0.0002020 secs]
231.460: [GC (Allocation Failure) 42344K->435K(83584K), 0.0002100 secs]
231.478: [GC (Allocation Failure) 40879K->435K(82176K), 0.0002160 secs]
231.581: [GC (Allocation Failure) 39512K->435K(80832K), 0.0002150 secs]
231.601: [GC (Allocation Failure) 38144K->435K(79552K), 0.0002010 secs]
231.654: [GC (Allocation Failure) 36875K->435K(78336K), 0.0002250 secs]
231.673: [GC (Allocation Failure) 35605K->435K(77184K), 0.0002220 secs]
231.707: [GC (Allocation Failure) 34530K->435K(76032K), 0.0002090 secs]
231.725: [GC (Allocation Failure) 33358K->435K(74944K), 0.0002020 secs]
231.740: [GC (Allocation Failure) 32284K->435K(73920K), 0.0002150 secs]
231.852: [GC (Allocation Failure) 31210K->435K(72960K), 0.0002230 secs]
231.865: [GC (Allocation Failure) 30233K->435K(72000K), 0.0002020 secs]
231.951: [GC (Allocation Failure) 29354K->435K(71104K), 0.0002130 secs]
231.967: [GC (Allocation Failure) 28377K->435K(70272K), 0.0002120 secs]
232.001: [GC (Allocation Failure) 27596K->435K(69440K), 0.0002130 secs]
232.012: [GC (Allocation Failure) 26717K->435K(68672K), 0.0002110 secs]
232.027: [GC (Allocation Failure) 26033K->435K(73792K), 0.0002130 secs]
232.152: [GC (Allocation Failure) 31112K->435K(72832K), 0.0002050 secs]
232.206: [GC (Allocation Failure) 30135K->435K(71872K), 0.0002240 secs]
232.219: [GC (Allocation Failure) 29158K->435K(70976K), 0.0002150 secs]
232.231: [GC (Allocation Failure) 28279K->435K(76608K), 0.0002010 secs]
232.254: [GC (Allocation Failure) 33944K->435K(75520K), 0.0002150 secs]
232.303: [GC (Allocation Failure) 32870K->435K(74496K), 0.0002120 secs]
232.321: [GC (Allocation Failure) 31796K->435K(73472K), 0.0002200 secs]
232.355: [GC (Allocation Failure) 30819K->435K(72512K), 0.0002210 secs]
232.372: [GC (Allocation Failure) 29842K->435K(71616K), 0.0002170 secs]
232.416: [GC (Allocation Failure) 28963K->435K(70720K), 0.0002120 secs]
232.478: [GC (Allocation Failure) 27986K->435K(69888K), 0.0002080 secs]
232.555: [GC (Allocation Failure) 27205K->435K(69056K), 0.0002830 secs]
232.571: [GC (Allocation Failure) 26326K->435K(68288K), 0.0002020 secs]
232.582: [GC (Allocation Failure) 25642K->435K(67520K), 0.0002310 secs]
232.604: [GC (Allocation Failure) 24857K->435K(66816K), 0.0002190 secs]
232.619: [GC (Allocation Failure) 24173K->435K(71616K), 0.0002280 secs]
232.632: [GC (Allocation Failure) 28963K->435K(77376K), 0.0002020 secs]
232.755: [GC (Allocation Failure) 34726K->435K(76224K), 0.0002710 secs]
232.777: [GC (Allocation Failure) 33554K->435K(75136K), 0.0002130 secs]
232.791: [GC (Allocation Failure) 32479K->435K(74112K), 0.0002060 secs]
232.805: [GC (Allocation Failure) 31405K->435K(80320K), 0.0002160 secs]
232.821: [GC (Allocation Failure) 37656K->435K(87808K), 0.0002020 secs]
232.863: [GC (Allocation Failure) 45079K->435K(86208K), 0.0002100 secs]
232.886: [GC (Allocation Failure) 43516K->435K(84672K), 0.0002290 secs]
232.909: [GC (Allocation Failure) 41953K->435K(83200K), 0.0002010 secs]
232.926: [GC (Allocation Failure) 40488K->435K(81792K), 0.0002120 secs]
232.947: [GC (Allocation Failure) 39121K->435K(80448K), 0.0002090 secs]
232.979: [GC (Allocation Failure) 37754K->435K(79168K), 0.0002040 secs]
232.998: [GC (Allocation Failure) 36484K->435K(77952K), 0.0002050 secs]
233.018: [GC (Allocation Failure) 35312K->435K(76800K), 0.0002100 secs]
233.109: [GC (Allocation Failure) 34140K->435K(75712K), 0.0002130 secs]
233.123: [GC (Allocation Failure) 33065K->435K(74624K), 0.0002020 secs]
233.141: [GC (Allocation Failure) 31893K->435K(73600K), 0.0002080 secs]
233.154: [GC (Allocation Failure) 30917K->435K(79744K), 0.0002250 secs]
233.170: [GC (Allocation Failure) 37070K->435K(87104K), 0.0002230 secs]
233.191: [GC (Allocation Failure) 44395K->435K(85504K), 0.0001990 secs]
233.313: [GC (Allocation Failure) 42833K->435K(83968K), 0.0002070 secs]
233.331: [GC (Allocation Failure) 41270K->435K(82560K), 0.0002680 secs]
233.408: [GC (Allocation Failure) 39902K->435K(81216K), 0.0002030 secs]
233.461: [GC (Allocation Failure) 38535K->435K(79936K), 0.0002120 secs]
233.481: [GC (Allocation Failure) 37265K->435K(78656K), 0.0002160 secs]
233.497: [GC (Allocation Failure) 35996K->435K(77440K), 0.0002020 secs]
233.582: [GC (Allocation Failure) 34726K->435K(76288K), 0.0002090 secs]
233.601: [GC (Allocation Failure) 33554K->435K(75200K), 0.0002170 secs]
233.655: [GC (Allocation Failure) 32479K->435K(74176K), 0.0002040 secs]
233.685: [GC (Allocation Failure) 31503K->435K(73152K), 0.0002230 secs]
233.702: [GC (Allocation Failure) 30428K->435K(72192K), 0.0002440 secs]
233.715: [GC (Allocation Failure) 29549K->435K(71296K), 0.0002040 secs]
233.757: [GC (Allocation Failure) 28572K->435K(70400K), 0.0002190 secs]
233.774: [GC (Allocation Failure) 27693K->435K(69568K), 0.0002010 secs]
233.789: [GC (Allocation Failure) 26912K->435K(68800K), 0.0002110 secs]
233.805: [GC (Allocation Failure) 26131K->435K(68032K), 0.0002140 secs]
233.821: [GC (Allocation Failure) 25349K->435K(73024K), 0.0002170 secs]
233.834: [GC (Allocation Failure) 30331K->435K(79040K), 0.0002260 secs]
233.858: [GC (Allocation Failure) 36386K->435K(86272K), 0.0002120 secs]
233.914: [GC (Allocation Failure) 43614K->435K(84736K), 0.0002550 secs]
233.933: [GC (Allocation Failure) 42051K->435K(83264K), 0.0002030 secs]
233.950: [GC (Allocation Failure) 40586K->435K(81856K), 0.0002250 secs]
233.967: [GC (Allocation Failure) 39219K->435K(80512K), 0.0002030 secs]
234.008: [GC (Allocation Failure) 37851K->435K(79232K), 0.0002160 secs]
234.027: [GC (Allocation Failure) 36582K->435K(78016K), 0.0002140 secs]
234.047: [GC (Allocation Failure) 35312K->435K(76864K), 0.0002030 secs]
234.066: [GC (Allocation Failure) 34140K->435K(75776K), 0.0002130 secs]
234.080: [GC (Allocation Failure) 33065K->435K(74688K), 0.0002190 secs]
234.175: [GC (Allocation Failure) 31991K->435K(73664K), 0.0002030 secs]
234.209: [GC (Allocation Failure) 31014K->435K(72704K), 0.0002210 secs]
234.227: [GC (Allocation Failure) 30038K->435K(71808K), 0.0002310 secs]
234.240: [GC (Allocation Failure) 29158K->435K(70912K), 0.0002030 secs]
234.304: [GC (Allocation Failure) 28182K->435K(70080K), 0.0002130 secs]
234.347: [GC (Allocation Failure) 27400K->435K(69248K), 0.0002150 secs]
234.374: [GC (Allocation Failure) 26521K->435K(68480K), 0.0002200 secs]
234.389: [GC (Allocation Failure) 25838K->435K(67712K), 0.0002100 secs]
234.403: [GC (Allocation Failure) 25052K->435K(67008K), 0.0002280 secs]
234.414: [GC (Allocation Failure) 24369K->435K(71808K), 0.0002080 secs]
234.431: [GC (Allocation Failure) 29158K->435K(77568K), 0.0002150 secs]
234.498: [GC (Allocation Failure) 34921K->435K(76416K), 0.0002060 secs]
234.516: [GC (Allocation Failure) 33749K->435K(75328K), 0.0002020 secs]
234.530: [GC (Allocation Failure) 32675K->435K(81792K), 0.0002790 secs]
234.563: [GC (Allocation Failure) 39121K->435K(80448K), 0.0002210 secs]
234.579: [GC (Allocation Failure) 37754K->435K(87936K), 0.0002030 secs]
234.612: [GC (Allocation Failure) 45274K->435K(86336K), 0.0002710 secs]
234.673: [GC (Allocation Failure) 43614K->435K(84800K), 0.0002240 secs]
234.693: [GC (Allocation Failure) 42149K->435K(83328K), 0.0002080 secs]
234.764: [GC (Allocation Failure) 40684K->435K(81920K), 0.0003240 secs]
234.786: [GC (Allocation Failure) 39219K->435K(80576K), 0.0002020 secs]
234.807: [GC (Allocation Failure) 37851K->435K(79296K), 0.0002060 secs]
234.823: [GC (Allocation Failure) 36582K->435K(78080K), 0.0002170 secs]
234.858: [GC (Allocation Failure) 35409K->435K(76928K), 0.0002260 secs]
234.889: [GC (Allocation Failure) 34237K->435K(75840K), 0.0002240 secs]
234.907: [GC (Allocation Failure) 33163K->435K(74752K), 0.0002120 secs]
234.921: [GC (Allocation Failure) 32089K->435K(73728K), 0.0002120 secs]
234.934: [GC (Allocation Failure) 31014K->435K(79872K), 0.0002260 secs]
235.063: [GC (Allocation Failure) 37168K->435K(78656K), 0.0002170 secs]
235.079: [GC (Allocation Failure) 35996K->435K(77440K), 0.0002120 secs]
235.108: [GC (Allocation Failure) 34726K->435K(76288K), 0.0002030 secs]
235.159: [GC (Allocation Failure) 33554K->435K(75200K), 0.0002160 secs]
235.173: [GC (Allocation Failure) 32479K->435K(74176K), 0.0002770 secs]
235.200: [GC (Allocation Failure) 31503K->435K(73152K), 0.0002310 secs]
235.214: [GC (Allocation Failure) 30428K->435K(72192K), 0.0002050 secs]
235.287: [GC (Allocation Failure) 29549K->435K(71296K), 0.0002230 secs]
235.300: [GC (Allocation Failure) 28572K->435K(70400K), 0.0002190 secs]
235.405: [GC (Allocation Failure) 27693K->435K(69568K), 0.0002140 secs]
235.420: [GC (Allocation Failure) 26912K->435K(68800K), 0.0002110 secs]
235.436: [GC (Allocation Failure) 26131K->435K(68032K), 0.0002130 secs]
235.451: [GC (Allocation Failure) 25349K->435K(73024K), 0.0002160 secs]
235.465: [GC (Allocation Failure) 30331K->435K(79040K), 0.0002190 secs]
235.485: [GC (Allocation Failure) 36386K->435K(86272K), 0.0002130 secs]
235.516: [GC (Allocation Failure) 43614K->435K(84736K), 0.0002160 secs]
235.535: [GC (Allocation Failure) 42051K->435K(83264K), 0.0002020 secs]
235.553: [GC (Allocation Failure) 40586K->435K(81856K), 0.0002030 secs]
235.661: [GC (Allocation Failure) 39219K->435K(80512K), 0.0002260 secs]
235.678: [GC (Allocation Failure) 37851K->435K(79232K), 0.0002020 secs]
235.710: [GC (Allocation Failure) 36582K->435K(78016K), 0.0002050 secs]
235.763: [GC (Allocation Failure) 35312K->435K(76864K), 0.0002200 secs]
235.782: [GC (Allocation Failure) 34140K->435K(75776K), 0.0002020 secs]
235.796: [GC (Allocation Failure) 33065K->435K(74688K), 0.0002170 secs]
235.958: [GC (Allocation Failure) 31991K->435K(73664K), 0.0002210 secs]
235.985: [GC (Allocation Failure) 31014K->435K(72704K), 0.0002110 secs]
235.998: [GC (Allocation Failure) 30038K->435K(71808K), 0.0002050 secs]
236.014: [GC (Allocation Failure) 29158K->435K(70912K), 0.0002150 secs]
236.027: [GC (Allocation Failure) 28182K->435K(76480K), 0.0002140 secs]
236.041: [GC (Allocation Failure) 33749K->435K(83200K), 0.0002050 secs]
236.063: [GC (Allocation Failure) 40488K->435K(91264K), 0.0002140 secs]
236.088: [GC (Allocation Failure) 48595K->435K(89472K), 0.0002020 secs]
236.108: [GC (Allocation Failure) 46739K->435K(87808K), 0.0002120 secs]
236.174: [GC (Allocation Failure) 45079K->435K(86208K), 0.0002210 secs]
236.195: [GC (Allocation Failure) 43516K->435K(84672K), 0.0002100 secs]
236.217: [GC (Allocation Failure) 41953K->435K(83200K), 0.0002160 secs]
236.266: [GC (Allocation Failure) 40488K->435K(81792K), 0.0002330 secs]
236.283: [GC (Allocation Failure) 39121K->435K(80448K), 0.0002760 secs]
236.315: [GC (Allocation Failure) 37754K->435K(79168K), 0.0002140 secs]
236.335: [GC (Allocation Failure) 36484K->435K(77952K), 0.0002050 secs]
236.355: [GC (Allocation Failure) 35312K->435K(76800K), 0.0002010 secs]
236.387: [GC (Allocation Failure) 34140K->435K(75712K), 0.0002240 secs]
236.403: [GC (Allocation Failure) 33065K->435K(74624K), 0.0002760 secs]
236.418: [GC (Allocation Failure) 31893K->435K(80960K), 0.0002140 secs]
236.491: [GC (Allocation Failure) 38242K->435K(79680K), 0.0002230 secs]
236.508: [GC (Allocation Failure) 36972K->435K(78464K), 0.0002110 secs]
236.527: [GC (Allocation Failure) 35800K->435K(77312K), 0.0002030 secs]
236.542: [GC (Allocation Failure) 34628K->435K(76160K), 0.0002180 secs]
236.559: [GC (Allocation Failure) 33456K->435K(75072K), 0.0002010 secs]
236.576: [GC (Allocation Failure) 32382K->435K(81472K), 0.0002120 secs]
236.616: [GC (Allocation Failure) 38828K->435K(80128K), 0.0002130 secs]
236.636: [GC (Allocation Failure) 37461K->435K(78848K), 0.0002090 secs]
236.665: [GC (Allocation Failure) 36191K->435K(77632K), 0.0002740 secs]
236.684: [GC (Allocation Failure) 34921K->435K(76480K), 0.0002120 secs]
236.703: [GC (Allocation Failure) 33749K->435K(75392K), 0.0002110 secs]
236.717: [GC (Allocation Failure) 32675K->435K(81856K), 0.0002170 secs]
236.817: [GC (Allocation Failure) 39219K->435K(80512K), 0.0002240 secs]
236.838: [GC (Allocation Failure) 37851K->435K(79232K), 0.0002140 secs]
236.911: [GC (Allocation Failure) 36582K->435K(78016K), 0.0002050 secs]
236.961: [GC (Allocation Failure) 35312K->435K(76864K), 0.0002040 secs]
237.114: [GC (Allocation Failure) 34140K->435K(75776K), 0.0002210 secs]
237.129: [GC (Allocation Failure) 33065K->435K(74688K), 0.0002170 secs]
237.164: [GC (Allocation Failure) 31991K->435K(73664K), 0.0002200 secs]
237.182: [GC (Allocation Failure) 31014K->435K(72704K), 0.0002160 secs]
237.199: [GC (Allocation Failure) 30038K->435K(71808K), 0.0002240 secs]
237.213: [GC (Allocation Failure) 29158K->435K(77568K), 0.0002620 secs]
237.261: [GC (Allocation Failure) 34921K->435K(76416K), 0.0002030 secs]
237.415: [GC (Allocation Failure) 33749K->435K(75328K), 0.0002220 secs]
237.429: [GC (Allocation Failure) 32675K->435K(74304K), 0.0002180 secs]
237.442: [GC (Allocation Failure) 31600K->435K(73280K), 0.0002020 secs]
237.456: [GC (Allocation Failure) 30624K->435K(79360K), 0.0002140 secs]
237.512: [GC (Allocation Failure) 36679K->435K(78144K), 0.0002100 secs]
237.531: [GC (Allocation Failure) 35409K->435K(76992K), 0.0002120 secs]
237.586: [GC (Allocation Failure) 34335K->435K(75904K), 0.0002260 secs]
237.600: [GC (Allocation Failure) 33261K->435K(74816K), 0.0002130 secs]
237.618: [GC (Allocation Failure) 32089K->435K(73792K), 0.0002150 secs]
237.632: [GC (Allocation Failure) 31112K->435K(79936K), 0.0002170 secs]
237.667: [GC (Allocation Failure) 37265K->435K(78656K), 0.0002180 secs]
237.682: [GC (Allocation Failure) 35996K->435K(77440K), 0.0002040 secs]
237.712: [GC (Allocation Failure) 34726K->435K(76288K), 0.0002020 secs]
237.765: [GC (Allocation Failure) 33554K->435K(75200K), 0.0002200 secs]
237.779: [GC (Allocation Failure) 32479K->435K(74176K), 0.0002120 secs]
237.814: [GC (Allocation Failure) 31503K->435K(73152K), 0.0002460 secs]
237.832: [GC (Allocation Failure) 30428K->435K(72192K), 0.0002000 secs]
237.845: [GC (Allocation Failure) 29549K->435K(78016K), 0.0002260 secs]
237.860: [GC (Allocation Failure) 35312K->435K(85056K), 0.0002010 secs]
237.878: [GC (Allocation Failure) 42344K->435K(93504K), 0.0002010 secs]
237.924: [GC (Allocation Failure) 50846K->435K(91648K), 0.0002240 secs]
237.947: [GC (Allocation Failure) 48986K->435K(89856K), 0.0002000 secs]
237.967: [GC (Allocation Failure) 47130K->435K(88128K), 0.0002130 secs]
237.987: [GC (Allocation Failure) 45470K->435K(86528K), 0.0002000 secs]
238.010: [GC (Allocation Failure) 43809K->435K(84992K), 0.0002130 secs]
238.065: [GC (Allocation Failure) 42344K->435K(83520K), 0.0002020 secs]
238.119: [GC (Allocation Failure) 40879K->435K(82112K), 0.0002220 secs]
238.140: [GC (Allocation Failure) 39414K->435K(80768K), 0.0002180 secs]
238.164: [GC (Allocation Failure) 38047K->435K(79488K), 0.0002140 secs]
238.184: [GC (Allocation Failure) 36777K->435K(78272K), 0.0002010 secs]
238.200: [GC (Allocation Failure) 35605K->435K(77120K), 0.0002120 secs]
238.255: [GC (Allocation Failure) 34433K->435K(75968K), 0.0002170 secs]
238.270: [GC (Allocation Failure) 33261K->435K(82560K), 0.0003190 secs]
238.319: [GC (Allocation Failure) 39902K->435K(81216K), 0.0002420 secs]
238.336: [GC (Allocation Failure) 38535K->435K(79936K), 0.0002030 secs]
238.353: [GC (Allocation Failure) 37265K->435K(78656K), 0.0002040 secs]
238.378: [GC (Allocation Failure) 35996K->435K(77440K), 0.0001990 secs]
238.397: [GC (Allocation Failure) 34726K->435K(76288K), 0.0002150 secs]
238.445: [GC (Allocation Failure) 33554K->435K(75200K), 0.0002140 secs]
238.459: [GC (Allocation Failure) 32479K->435K(74176K), 0.0002040 secs]
238.475: [GC (Allocation Failure) 31503K->435K(73152K), 0.0002100 secs]
238.565: [GC (Allocation Failure) 30428K->435K(72192K), 0.0002230 secs]
238.578: [GC (Allocation Failure) 29549K->435K(71296K), 0.0002180 secs]
238.594: [GC (Allocation Failure) 28572K->435K(70400K), 0.0002280 secs]
238.614: [GC (Allocation Failure) 27693K->435K(69568K), 0.0002060 secs]
238.629: [GC (Allocation Failure) 26912K->435K(74880K), 0.0002140 secs]
238.648: [GC (Allocation Failure) 32186K->435K(81280K), 0.0002080 secs]
238.669: [GC (Allocation Failure) 38633K->435K(80000K), 0.0002180 secs]
238.685: [GC (Allocation Failure) 37363K->435K(78720K), 0.0002030 secs]
238.705: [GC (Allocation Failure) 35996K->435K(77504K), 0.0002110 secs]
238.791: [GC (Allocation Failure) 34823K->435K(76352K), 0.0002250 secs]
238.809: [GC (Allocation Failure) 33651K->435K(75264K), 0.0002130 secs]
238.866: [GC (Allocation Failure) 32577K->435K(74240K), 0.0002090 secs]
238.884: [GC (Allocation Failure) 31600K->435K(73216K), 0.0002120 secs]
238.898: [GC (Allocation Failure) 30526K->435K(72256K), 0.0002050 secs]
238.961: [GC (Allocation Failure) 29549K->435K(71360K), 0.0002150 secs]
239.111: [GC (Allocation Failure) 28670K->435K(70464K), 0.0002120 secs]
239.165: [GC (Allocation Failure) 27791K->435K(69632K), 0.0002080 secs]
239.181: [GC (Allocation Failure) 26912K->435K(68864K), 0.0002240 secs]
239.196: [GC (Allocation Failure) 26131K->435K(68096K), 0.0002140 secs]
239.208: [GC (Allocation Failure) 25447K->435K(73152K), 0.0002130 secs]
239.221: [GC (Allocation Failure) 30428K->435K(79168K), 0.0002030 secs]
239.237: [GC (Allocation Failure) 36484K->435K(86400K), 0.0002150 secs]
239.268: [GC (Allocation Failure) 43712K->435K(84864K), 0.0002240 secs]
239.286: [GC (Allocation Failure) 42149K->435K(83392K), 0.0002130 secs]
239.420: [GC (Allocation Failure) 40684K->435K(81984K), 0.0002110 secs]
239.437: [GC (Allocation Failure) 39316K->435K(80640K), 0.0002120 secs]
239.457: [GC (Allocation Failure) 37949K->435K(79360K), 0.0002080 secs]
239.519: [GC (Allocation Failure) 36679K->435K(78144K), 0.0002720 secs]
239.534: [GC (Allocation Failure) 35409K->435K(76992K), 0.0002250 secs]
239.549: [GC (Allocation Failure) 34335K->435K(75904K), 0.0002030 secs]
239.567: [GC (Allocation Failure) 33261K->435K(82496K), 0.0002700 secs]
239.590: [GC (Allocation Failure) 39805K->435K(81152K), 0.0002130 secs]
239.610: [GC (Allocation Failure) 38437K->435K(88768K), 0.0002850 secs]
239.635: [GC (Allocation Failure) 46056K->435K(87104K), 0.0002190 secs]
239.654: [GC (Allocation Failure) 44395K->435K(85504K), 0.0002060 secs]
239.722: [GC (Allocation Failure) 42833K->435K(83968K), 0.0002810 secs]
239.740: [GC (Allocation Failure) 41270K->435K(82560K), 0.0002150 secs]
239.817: [GC (Allocation Failure) 39902K->435K(81216K), 0.0002880 secs]
239.837: [GC (Allocation Failure) 38535K->435K(79936K), 0.0002710 secs]
239.857: [GC (Allocation Failure) 37265K->435K(78656K), 0.0002840 secs]
239.873: [GC (Allocation Failure) 35996K->435K(85824K), 0.0002150 secs]
239.892: [GC (Allocation Failure) 43126K->435K(84288K), 0.0002040 secs]
239.909: [GC (Allocation Failure) 41563K->435K(82816K), 0.0002110 secs]
239.998: [GC (Allocation Failure) 40098K->435K(81408K), 0.0002250 secs]
240.015: [GC (Allocation Failure) 38730K->435K(80064K), 0.0002050 secs]
240.093: [GC (Allocation Failure) 37363K->435K(78784K), 0.0003960 secs]
240.120: [GC (Allocation Failure) 36093K->435K(77568K), 0.0002180 secs]
240.139: [GC (Allocation Failure) 34921K->435K(76416K), 0.0002720 secs]
240.157: [GC (Allocation Failure) 33749K->435K(75328K), 0.0002820 secs]
240.172: [GC (Allocation Failure) 32675K->435K(81792K), 0.0002050 secs]
240.267: [GC (Allocation Failure) 39121K->435K(80448K), 0.0002040 secs]
240.317: [GC (Allocation Failure) 37754K->435K(79168K), 0.0002040 secs]
240.354: [GC (Allocation Failure) 36484K->435K(77952K), 0.0002280 secs]
240.369: [GC (Allocation Failure) 35312K->435K(76800K), 0.0002020 secs]
240.388: [GC (Allocation Failure) 34140K->435K(75712K), 0.0002140 secs]
240.404: [GC (Allocation Failure) 33065K->435K(74624K), 0.0002080 secs]
240.437: [GC (Allocation Failure) 31893K->435K(73600K), 0.0002220 secs]
240.451: [GC (Allocation Failure) 30917K->435K(79744K), 0.0002720 secs]
240.467: [GC (Allocation Failure) 37070K->435K(87104K), 0.0002020 secs]
240.501: [GC (Allocation Failure) 44395K->435K(85504K), 0.0002280 secs]
240.520: [GC (Allocation Failure) 42833K->435K(83968K), 0.0002030 secs]
240.542: [GC (Allocation Failure) 41270K->435K(82560K), 0.0002120 secs]
240.559: [GC (Allocation Failure) 39902K->435K(81216K), 0.0001970 secs]
240.618: [GC (Allocation Failure) 38535K->435K(79936K), 0.0002040 secs]
240.670: [GC (Allocation Failure) 37265K->435K(78656K), 0.0002420 secs]
240.686: [GC (Allocation Failure) 35996K->435K(77440K), 0.0002010 secs]
240.716: [GC (Allocation Failure) 34726K->435K(76288K), 0.0002220 secs]
240.731: [GC (Allocation Failure) 33554K->435K(75200K), 0.0002000 secs]
240.748: [GC (Allocation Failure) 32479K->435K(74176K), 0.0002120 secs]
240.762: [GC (Allocation Failure) 31503K->435K(73152K), 0.0002140 secs]
240.800: [GC (Allocation Failure) 30428K->435K(72192K), 0.0002300 secs]
240.812: [GC (Allocation Failure) 29549K->435K(78016K), 0.0002160 secs]
240.828: [GC (Allocation Failure) 35312K->435K(85056K), 0.0002030 secs]
240.846: [GC (Allocation Failure) 42344K->435K(93504K), 0.0002040 secs]
240.900: [GC (Allocation Failure) 50846K->435K(91648K), 0.0002160 secs]
240.976: [GC (Allocation Failure) 48986K->435K(89856K), 0.0002220 secs]
240.997: [GC (Allocation Failure) 47130K->435K(88128K), 0.0002040 secs]
241.025: [GC (Allocation Failure) 45470K->435K(86528K), 0.0002210 secs]
241.044: [GC (Allocation Failure) 43809K->435K(84992K), 0.0002040 secs]
241.074: [GC (Allocation Failure) 42344K->435K(83520K), 0.0002400 secs]
241.093: [GC (Allocation Failure) 40879K->435K(82112K), 0.0002160 secs]
241.110: [GC (Allocation Failure) 39414K->435K(80768K), 0.0002200 secs]
241.127: [GC (Allocation Failure) 38047K->435K(79488K), 0.0002010 secs]
241.146: [GC (Allocation Failure) 36777K->435K(78272K), 0.0002130 secs]
241.162: [GC (Allocation Failure) 35605K->435K(77120K), 0.0002130 secs]
241.181: [GC (Allocation Failure) 34433K->435K(75968K), 0.0001850 secs]
241.220: [GC (Allocation Failure) 33261K->435K(74880K), 0.0002020 secs]
241.238: [GC (Allocation Failure) 32186K->435K(73856K), 0.0003080 secs]
241.256: [GC (Allocation Failure) 31210K->435K(80064K), 0.0002230 secs]
241.318: [GC (Allocation Failure) 37363K->435K(78784K), 0.0002140 secs]
241.333: [GC (Allocation Failure) 36093K->435K(77568K), 0.0002020 secs]
241.471: [GC (Allocation Failure) 34921K->435K(76416K), 0.0002130 secs]
241.490: [GC (Allocation Failure) 33749K->435K(75328K), 0.0002060 secs]
241.504: [GC (Allocation Failure) 32675K->435K(74304K), 0.0002030 secs]
241.518: [GC (Allocation Failure) 31600K->435K(73280K), 0.0002150 secs]
241.531: [GC (Allocation Failure) 30624K->435K(79360K), 0.0002040 secs]
241.572: [GC (Allocation Failure) 36679K->435K(78144K), 0.0002220 secs]
241.587: [GC (Allocation Failure) 35409K->435K(76992K), 0.0002020 secs]
241.602: [GC (Allocation Failure) 34335K->435K(83776K), 0.0002050 secs]
241.720: [GC (Allocation Failure) 41074K->435K(82368K), 0.0002030 secs]
241.770: [GC (Allocation Failure) 39707K->435K(81024K), 0.0002010 secs]
241.819: [GC (Allocation Failure) 38340K->435K(79744K), 0.0002140 secs]
241.835: [GC (Allocation Failure) 37070K->435K(78528K), 0.0002010 secs]
241.872: [GC (Allocation Failure) 35800K->435K(77312K), 0.0002230 secs]
241.887: [GC (Allocation Failure) 34628K->435K(76160K), 0.0002040 secs]
241.977: [GC (Allocation Failure) 33456K->435K(75072K), 0.0002220 secs]
241.996: [GC (Allocation Failure) 32382K->435K(74048K), 0.0002190 secs]
242.014: [GC (Allocation Failure) 31405K->435K(73088K), 0.0002850 secs]
242.031: [GC (Allocation Failure) 30428K->435K(72128K), 0.0002020 secs]
242.048: [GC (Allocation Failure) 29451K->435K(71232K), 0.0002380 secs]
242.097: [GC (Allocation Failure) 28572K->435K(70400K), 0.0002120 secs]
242.113: [GC (Allocation Failure) 27693K->435K(69568K), 0.0002130 secs]
242.129: [GC (Allocation Failure) 26912K->435K(68800K), 0.0001990 secs]
242.162: [GC (Allocation Failure) 26131K->435K(68032K), 0.0002720 secs]
242.318: [GC (Allocation Failure) 25349K->435K(67328K), 0.0002220 secs]
242.329: [GC (Allocation Failure) 24662K->435K(66624K), 0.0002030 secs]
242.340: [GC (Allocation Failure) 23978K->435K(71360K), 0.0002750 secs]
242.363: [GC (Allocation Failure) 28670K->435K(77056K), 0.0002170 secs]
242.395: [GC (Allocation Failure) 34335K->435K(75904K), 0.0002160 secs]
242.414: [GC (Allocation Failure) 33261K->435K(74816K), 0.0002040 secs]
242.428: [GC (Allocation Failure) 32089K->435K(81216K), 0.0002270 secs]
242.449: [GC (Allocation Failure) 38535K->435K(88896K), 0.0002730 secs]
242.473: [GC (Allocation Failure) 46251K->435K(98112K), 0.0002190 secs]
242.501: [GC (Allocation Failure) 55436K->435K(96000K), 0.0002200 secs]
242.531: [GC (Allocation Failure) 53287K->435K(94016K), 0.0002110 secs]
242.554: [GC (Allocation Failure) 51334K->435K(92096K), 0.0002690 secs]
242.579: [GC (Allocation Failure) 49377K->435K(90304K), 0.0002120 secs]
242.604: [GC (Allocation Failure) 47618K->435K(88576K), 0.0002020 secs]
242.627: [GC (Allocation Failure) 45860K->435K(86912K), 0.0002080 secs]
242.723: [GC (Allocation Failure) 44200K->435K(85312K), 0.0002110 secs]
242.745: [GC (Allocation Failure) 42637K->435K(83840K), 0.0002000 secs]
242.767: [GC (Allocation Failure) 41172K->435K(82432K), 0.0002120 secs]
242.784: [GC (Allocation Failure) 39707K->435K(81088K), 0.0002040 secs]
242.801: [GC (Allocation Failure) 38437K->435K(79808K), 0.0002000 secs]
242.820: [GC (Allocation Failure) 37168K->435K(78592K), 0.0002100 secs]
242.835: [GC (Allocation Failure) 35898K->435K(77376K), 0.0002020 secs]
242.919: [GC (Allocation Failure) 34726K->435K(76224K), 0.0002030 secs]
242.973: [GC (Allocation Failure) 33554K->435K(75136K), 0.0002120 secs]
242.987: [GC (Allocation Failure) 32479K->435K(74112K), 0.0002120 secs]
243.000: [GC (Allocation Failure) 31405K->435K(73152K), 0.0002020 secs]
243.021: [GC (Allocation Failure) 30428K->435K(72192K), 0.0002190 secs]
243.035: [GC (Allocation Failure) 29549K->435K(78016K), 0.0002280 secs]
243.069: [GC (Allocation Failure) 35312K->435K(76864K), 0.0002040 secs]
243.173: [GC (Allocation Failure) 34140K->435K(75776K), 0.0002370 secs]
243.189: [GC (Allocation Failure) 33065K->435K(74688K), 0.0002670 secs]
243.204: [GC (Allocation Failure) 31991K->435K(73664K), 0.0002020 secs]
243.217: [GC (Allocation Failure) 31014K->435K(79808K), 0.0002050 secs]
243.237: [GC (Allocation Failure) 37168K->435K(87168K), 0.0002140 secs]
243.260: [GC (Allocation Failure) 44493K->435K(85568K), 0.0002210 secs]
243.327: [GC (Allocation Failure) 42930K->435K(84032K), 0.0002230 secs]
243.349: [GC (Allocation Failure) 41367K->435K(82624K), 0.0002710 secs]
243.366: [GC (Allocation Failure) 39902K->435K(81280K), 0.0002150 secs]
243.383: [GC (Allocation Failure) 38633K->435K(80000K), 0.0002010 secs]
243.403: [GC (Allocation Failure) 37363K->435K(78720K), 0.0002100 secs]
243.420: [GC (Allocation Failure) 35996K->435K(77504K), 0.0002130 secs]
243.439: [GC (Allocation Failure) 34823K->435K(76352K), 0.0002130 secs]
243.469: [GC (Allocation Failure) 33651K->435K(75264K), 0.0002050 secs]
243.519: [GC (Allocation Failure) 32577K->435K(74240K), 0.0002040 secs]
243.572: [GC (Allocation Failure) 31600K->435K(73216K), 0.0002120 secs]
243.587: [GC (Allocation Failure) 30526K->435K(72256K), 0.0002150 secs]
243.603: [GC (Allocation Failure) 29549K->435K(71360K), 0.0002090 secs]
243.615: [GC (Allocation Failure) 28670K->435K(77056K), 0.0002150 secs]
243.669: [GC (Allocation Failure) 34335K->435K(75904K), 0.0002230 secs]
243.684: [GC (Allocation Failure) 33261K->435K(74816K), 0.0002000 secs]
243.769: [GC (Allocation Failure) 32089K->435K(73792K), 0.0002130 secs]
243.786: [GC (Allocation Failure) 31112K->435K(72832K), 0.0002010 secs]
243.818: [GC (Allocation Failure) 30135K->435K(71872K), 0.0002140 secs]
243.835: [GC (Allocation Failure) 29158K->435K(70976K), 0.0002100 secs]
243.871: [GC (Allocation Failure) 28279K->435K(70144K), 0.0002060 secs]
243.888: [GC (Allocation Failure) 27498K->435K(69312K), 0.0002300 secs]
243.899: [GC (Allocation Failure) 26619K->435K(74560K), 0.0002020 secs]
243.917: [GC (Allocation Failure) 31893K->435K(80896K), 0.0002090 secs]
243.975: [GC (Allocation Failure) 38242K->435K(79616K), 0.0002030 secs]
244.072: [GC (Allocation Failure) 36972K->435K(78400K), 0.0002040 secs]
244.125: [GC (Allocation Failure) 35702K->435K(77248K), 0.0002170 secs]
244.144: [GC (Allocation Failure) 34530K->435K(76096K), 0.0002120 secs]
244.159: [GC (Allocation Failure) 33456K->435K(75008K), 0.0002150 secs]
244.220: [GC (Allocation Failure) 32284K->435K(73984K), 0.0002260 secs]
244.237: [GC (Allocation Failure) 31307K->435K(73024K), 0.0002100 secs]
244.356: [GC (Allocation Failure) 30331K->435K(72064K), 0.0002000 secs]
244.379: [GC (Allocation Failure) 29354K->435K(71168K), 0.0002110 secs]
244.397: [GC (Allocation Failure) 28475K->435K(70336K), 0.0002240 secs]
244.414: [GC (Allocation Failure) 27693K->435K(69504K), 0.0002110 secs]
244.426: [GC (Allocation Failure) 26814K->435K(74816K), 0.0002060 secs]
244.444: [GC (Allocation Failure) 32089K->435K(81216K), 0.0002700 secs]
244.461: [GC (Allocation Failure) 38535K->435K(88896K), 0.0002280 secs]
244.481: [GC (Allocation Failure) 46251K->435K(98112K), 0.0002040 secs]
244.511: [GC (Allocation Failure) 55436K->435K(96000K), 0.0002110 secs]
244.538: [GC (Allocation Failure) 53287K->435K(94016K), 0.0002230 secs]
244.564: [GC (Allocation Failure) 51334K->435K(92096K), 0.0002100 secs]
244.628: [GC (Allocation Failure) 49377K->435K(90304K), 0.0002030 secs]
244.677: [GC (Allocation Failure) 47618K->435K(88576K), 0.0002040 secs]
244.726: [GC (Allocation Failure) 45860K->435K(86912K), 0.0002340 secs]
244.776: [GC (Allocation Failure) 44200K->435K(85312K), 0.0002060 secs]
244.813: [GC (Allocation Failure) 42637K->435K(83840K), 0.0002240 secs]
244.835: [GC (Allocation Failure) 41172K->435K(82432K), 0.0003320 secs]
244.878: [GC (Allocation Failure) 39707K->435K(81088K), 0.0002280 secs]
244.900: [GC (Allocation Failure) 38437K->435K(79808K), 0.0002280 secs]
244.917: [GC (Allocation Failure) 37168K->435K(78592K), 0.0002620 secs]
244.977: [GC (Allocation Failure) 35898K->435K(77376K), 0.0002140 secs]
244.996: [GC (Allocation Failure) 34726K->435K(76224K), 0.0002140 secs]
245.014: [GC (Allocation Failure) 33554K->435K(75136K), 0.0002150 secs]
245.075: [GC (Allocation Failure) 32479K->435K(74112K), 0.0002050 secs]
245.092: [GC (Allocation Failure) 31405K->435K(73152K), 0.0002040 secs]
245.107: [GC (Allocation Failure) 30428K->435K(72192K), 0.0002140 secs]
245.224: [GC (Allocation Failure) 29549K->435K(71296K), 0.0002120 secs]
245.236: [GC (Allocation Failure) 28572K->435K(70400K), 0.0002170 secs]
245.249: [GC (Allocation Failure) 27693K->435K(75904K), 0.0002020 secs]
245.267: [GC (Allocation Failure) 33261K->435K(82496K), 0.0002130 secs]
245.324: [GC (Allocation Failure) 39805K->435K(81152K), 0.0002120 secs]
245.341: [GC (Allocation Failure) 38437K->435K(79872K), 0.0002020 secs]
245.361: [GC (Allocation Failure) 37168K->435K(78656K), 0.0002100 secs]
245.377: [GC (Allocation Failure) 35996K->435K(77440K), 0.0002130 secs]
245.392: [GC (Allocation Failure) 34726K->435K(84352K), 0.0002020 secs]
245.425: [GC (Allocation Failure) 41660K->435K(82880K), 0.0002210 secs]
245.447: [GC (Allocation Failure) 40195K->435K(81472K), 0.0002190 secs]
245.475: [GC (Allocation Failure) 38828K->435K(80128K), 0.0002260 secs]
245.491: [GC (Allocation Failure) 37461K->435K(78848K), 0.0002010 secs]
245.508: [GC (Allocation Failure) 36191K->435K(77632K), 0.0002100 secs]
245.527: [GC (Allocation Failure) 34921K->435K(76480K), 0.0002120 secs]
245.546: [GC (Allocation Failure) 33749K->435K(83200K), 0.0002620 secs]
245.580: [GC (Allocation Failure) 40488K->435K(81792K), 0.0002120 secs]
245.598: [GC (Allocation Failure) 39121K->435K(80448K), 0.0002050 secs]
245.618: [GC (Allocation Failure) 37754K->435K(79168K), 0.0002730 secs]
245.637: [GC (Allocation Failure) 36484K->435K(77952K), 0.0002110 secs]
245.670: [GC (Allocation Failure) 35312K->435K(76800K), 0.0002010 secs]
245.686: [GC (Allocation Failure) 34140K->435K(75712K), 0.0002130 secs]
245.701: [GC (Allocation Failure) 33065K->435K(82240K), 0.0002120 secs]
245.726: [GC (Allocation Failure) 39512K->435K(80896K), 0.0002270 secs]
245.743: [GC (Allocation Failure) 38242K->435K(79616K), 0.0002010 secs]
245.762: [GC (Allocation Failure) 36972K->435K(78400K), 0.0002130 secs]
245.782: [GC (Allocation Failure) 35702K->435K(77248K), 0.0002020 secs]
245.801: [GC (Allocation Failure) 34530K->435K(76096K), 0.0002170 secs]
245.816: [GC (Allocation Failure) 33456K->435K(82752K), 0.0002170 secs]
245.876: [GC (Allocation Failure) 40098K->435K(81344K), 0.0002280 secs]
245.893: [GC (Allocation Failure) 38633K->435K(80000K), 0.0002030 secs]
245.913: [GC (Allocation Failure) 37363K->435K(78720K), 0.0002120 secs]
245.928: [GC (Allocation Failure) 35996K->435K(77504K), 0.0002040 secs]
246.005: [GC (Allocation Failure) 34823K->435K(76352K), 0.0002260 secs]
246.020: [GC (Allocation Failure) 33651K->435K(75264K), 0.0002180 secs]
246.077: [GC (Allocation Failure) 32577K->435K(74240K), 0.0002230 secs]
246.095: [GC (Allocation Failure) 31600K->435K(73216K), 0.0002020 secs]
246.108: [GC (Allocation Failure) 30526K->435K(72256K), 0.0002140 secs]
246.125: [GC (Allocation Failure) 29549K->435K(71360K), 0.0002130 secs]
246.141: [GC (Allocation Failure) 28670K->435K(77056K), 0.0002240 secs]
246.177: [GC (Allocation Failure) 34335K->435K(75904K), 0.0002150 secs]
246.191: [GC (Allocation Failure) 33261K->435K(74816K), 0.0002030 secs]
246.227: [GC (Allocation Failure) 32089K->435K(73792K), 0.0002110 secs]
246.240: [GC (Allocation Failure) 31112K->435K(72832K), 0.0002140 secs]
246.348: [GC (Allocation Failure) 30135K->435K(71872K), 0.0002080 secs]
246.375: [GC (Allocation Failure) 29158K->435K(70976K), 0.0002390 secs]
246.392: [GC (Allocation Failure) 28279K->435K(70144K), 0.0002670 secs]
246.420: [GC (Allocation Failure) 27498K->435K(69312K), 0.0002010 secs]
246.432: [GC (Allocation Failure) 26619K->435K(74560K), 0.0002200 secs]
246.473: [GC (Allocation Failure) 31893K->435K(73536K), 0.0002180 secs]
246.526: [GC (Allocation Failure) 30819K->435K(72576K), 0.0002220 secs]
246.543: [GC (Allocation Failure) 29842K->435K(71680K), 0.0002190 secs]
246.663: [GC (Allocation Failure) 28963K->435K(70784K), 0.0002120 secs]
246.675: [GC (Allocation Failure) 28084K->435K(69952K), 0.0002040 secs]
246.687: [GC (Allocation Failure) 27303K->435K(75328K), 0.0002010 secs]
246.776: [GC (Allocation Failure) 32675K->435K(74304K), 0.0002230 secs]
246.794: [GC (Allocation Failure) 31600K->435K(73280K), 0.0002000 secs]
246.823: [GC (Allocation Failure) 30624K->435K(72320K), 0.0002730 secs]
246.904: [GC (Allocation Failure) 29647K->435K(71424K), 0.0002150 secs]
246.917: [GC (Allocation Failure) 28768K->435K(77120K), 0.0003220 secs]
246.978: [GC (Allocation Failure) 34433K->435K(75968K), 0.0003340 secs]
246.993: [GC (Allocation Failure) 33261K->435K(82560K), 0.0002730 secs]
247.014: [GC (Allocation Failure) 39902K->435K(90496K), 0.0002010 secs]
247.039: [GC (Allocation Failure) 47814K->435K(88768K), 0.0002190 secs]
247.084: [GC (Allocation Failure) 46056K->435K(87104K), 0.0002200 secs]
247.103: [GC (Allocation Failure) 44395K->435K(85504K), 0.0002000 secs]
247.126: [GC (Allocation Failure) 42833K->435K(83968K), 0.0002220 secs]
247.172: [GC (Allocation Failure) 41270K->435K(82560K), 0.0002160 secs]
247.190: [GC (Allocation Failure) 39902K->435K(81216K), 0.0002080 secs]
247.281: [GC (Allocation Failure) 38535K->435K(79936K), 0.0002230 secs]
247.301: [GC (Allocation Failure) 37265K->435K(78656K), 0.0002030 secs]
247.317: [GC (Allocation Failure) 35996K->435K(77440K), 0.0002260 secs]
247.332: [GC (Allocation Failure) 34726K->435K(76288K), 0.0002040 secs]
247.347: [GC (Allocation Failure) 33554K->435K(75200K), 0.0002030 secs]
247.364: [GC (Allocation Failure) 32479K->435K(74176K), 0.0002100 secs]
247.378: [GC (Allocation Failure) 31503K->435K(80448K), 0.0002190 secs]
247.399: [GC (Allocation Failure) 37754K->435K(87936K), 0.0002100 secs]
247.534: [GC (Allocation Failure) 45274K->435K(86336K), 0.0002050 secs]
247.553: [GC (Allocation Failure) 43614K->435K(84800K), 0.0002140 secs]
247.571: [GC (Allocation Failure) 42149K->435K(83328K), 0.0002010 secs]
247.632: [GC (Allocation Failure) 40684K->435K(81920K), 0.0002130 secs]
247.653: [GC (Allocation Failure) 39219K->435K(80576K), 0.0002010 secs]
247.674: [GC (Allocation Failure) 37851K->435K(79296K), 0.0002140 secs]
247.690: [GC (Allocation Failure) 36582K->435K(78080K), 0.0002160 secs]
247.709: [GC (Allocation Failure) 35409K->435K(76928K), 0.0002110 secs]
247.724: [GC (Allocation Failure) 34237K->435K(75840K), 0.0002140 secs]
247.738: [GC (Allocation Failure) 33163K->435K(82432K), 0.0002010 secs]
247.758: [GC (Allocation Failure) 39707K->435K(81088K), 0.0002090 secs]
247.781: [GC (Allocation Failure) 38437K->435K(79808K), 0.0002080 secs]
247.798: [GC (Allocation Failure) 37168K->435K(87168K), 0.0002290 secs]
247.817: [GC (Allocation Failure) 44493K->435K(85568K), 0.0002020 secs]
247.835: [GC (Allocation Failure) 42930K->435K(84032K), 0.0002100 secs]
247.883: [GC (Allocation Failure) 41367K->435K(82624K), 0.0002100 secs]
247.900: [GC (Allocation Failure) 39902K->435K(81280K), 0.0002100 secs]
247.917: [GC (Allocation Failure) 38633K->435K(80000K), 0.0002010 secs]
247.937: [GC (Allocation Failure) 37363K->435K(78720K), 0.0002180 secs]
248.010: [GC (Allocation Failure) 35996K->435K(77504K), 0.0002300 secs]
248.025: [GC (Allocation Failure) 34823K->435K(76352K), 0.0002020 secs]
248.043: [GC (Allocation Failure) 33651K->435K(75264K), 0.0002090 secs]
248.103: [GC (Allocation Failure) 32577K->435K(74240K), 0.0002140 secs]
248.121: [GC (Allocation Failure) 31600K->435K(73216K), 0.0002710 secs]
248.134: [GC (Allocation Failure) 30526K->435K(79296K), 0.0002580 secs]
248.154: [GC (Allocation Failure) 36582K->435K(86592K), 0.0002150 secs]
248.181: [GC (Allocation Failure) 43907K->435K(85056K), 0.0002070 secs]
248.204: [GC (Allocation Failure) 42344K->435K(83584K), 0.0002110 secs]
248.233: [GC (Allocation Failure) 40879K->435K(82176K), 0.0002210 secs]
248.250: [GC (Allocation Failure) 39512K->435K(80832K), 0.0002130 secs]
248.282: [GC (Allocation Failure) 38144K->435K(79552K), 0.0002270 secs]
248.302: [GC (Allocation Failure) 36875K->435K(78336K), 0.0002100 secs]
248.354: [GC (Allocation Failure) 35605K->435K(77184K), 0.0003210 secs]
248.378: [GC (Allocation Failure) 34530K->435K(76032K), 0.0002220 secs]
248.398: [GC (Allocation Failure) 33358K->435K(74944K), 0.0002170 secs]
248.414: [GC (Allocation Failure) 32284K->435K(73920K), 0.0002180 secs]
248.427: [GC (Allocation Failure) 31210K->435K(72960K), 0.0002010 secs]
248.440: [GC (Allocation Failure) 30233K->435K(78976K), 0.0002060 secs]
248.498: [GC (Allocation Failure) 36289K->435K(77760K), 0.0002270 secs]
248.514: [GC (Allocation Failure) 35116K->435K(76608K), 0.0002030 secs]
248.581: [GC (Allocation Failure) 33944K->435K(75520K), 0.0002210 secs]
248.595: [GC (Allocation Failure) 32870K->435K(74496K), 0.0002010 secs]
248.668: [GC (Allocation Failure) 31796K->435K(73472K), 0.0002230 secs]
248.686: [GC (Allocation Failure) 30819K->435K(72512K), 0.0002300 secs]
248.779: [GC (Allocation Failure) 29842K->435K(71616K), 0.0002010 secs]
248.792: [GC (Allocation Failure) 28963K->435K(70720K), 0.0002170 secs]
248.825: [GC (Allocation Failure) 27986K->435K(69888K), 0.0002140 secs]
248.978: [GC (Allocation Failure) 27205K->435K(69056K), 0.0002310 secs]
248.994: [GC (Allocation Failure) 26326K->435K(68288K), 0.0002000 secs]
249.005: [GC (Allocation Failure) 25642K->435K(67520K), 0.0002150 secs]
249.074: [GC (Allocation Failure) 24857K->435K(66816K), 0.0002170 secs]
249.123: [GC (Allocation Failure) 24173K->435K(66112K), 0.0002110 secs]
249.137: [GC (Allocation Failure) 23392K->435K(65472K), 0.0002230 secs]
249.177: [GC (Allocation Failure) 22806K->435K(64832K), 0.0002700 secs]
249.187: [GC (Allocation Failure) 22122K->435K(69184K), 0.0002020 secs]
249.203: [GC (Allocation Failure) 26521K->435K(74432K), 0.0002060 secs]
249.216: [GC (Allocation Failure) 31698K->435K(80704K), 0.0002150 secs]
249.233: [GC (Allocation Failure) 38047K->435K(88256K), 0.0002050 secs]
249.256: [GC (Allocation Failure) 45567K->435K(97344K), 0.0002040 secs]
249.284: [GC (Allocation Failure) 54655K->435K(95296K), 0.0002170 secs]
249.307: [GC (Allocation Failure) 52604K->435K(93312K), 0.0002040 secs]
249.389: [GC (Allocation Failure) 50650K->435K(91456K), 0.0002170 secs]
249.414: [GC (Allocation Failure) 48791K->435K(89664K), 0.0002090 secs]
249.584: [GC (Allocation Failure) 46935K->435K(87936K), 0.0002040 secs]
249.611: [GC (Allocation Failure) 45274K->435K(86336K), 0.0002160 secs]
249.634: [GC (Allocation Failure) 43614K->435K(84800K), 0.0002140 secs]
249.656: [GC (Allocation Failure) 42149K->435K(83328K), 0.0002050 secs]
249.674: [GC (Allocation Failure) 40684K->435K(81920K), 0.0002120 secs]
249.735: [GC (Allocation Failure) 39219K->435K(80576K), 0.0002110 secs]
249.755: [GC (Allocation Failure) 37851K->435K(79296K), 0.0002270 secs]
249.771: [GC (Allocation Failure) 36582K->435K(78080K), 0.0002020 secs]
249.883: [GC (Allocation Failure) 35409K->435K(76928K), 0.0003210 secs]
249.898: [GC (Allocation Failure) 34237K->435K(75840K), 0.0002260 secs]
249.913: [GC (Allocation Failure) 33163K->435K(74752K), 0.0002030 secs]
249.973: [GC (Allocation Failure) 32089K->435K(73728K), 0.0002170 secs]
250.028: [GC (Allocation Failure) 31014K->435K(72768K), 0.0002040 secs]
250.127: [GC (Allocation Failure) 30038K->435K(71808K), 0.0002740 secs]
250.163: [GC (Allocation Failure) 29158K->435K(70912K), 0.0002180 secs]
250.227: [GC (Allocation Failure) 28182K->435K(70080K), 0.0002230 secs]
250.241: [GC (Allocation Failure) 27400K->435K(69248K), 0.0002080 secs]
250.257: [GC (Allocation Failure) 26521K->435K(68480K), 0.0001990 secs]
250.268: [GC (Allocation Failure) 25838K->435K(67712K), 0.0002110 secs]
250.357: [GC (Allocation Failure) 25052K->435K(67008K), 0.0002110 secs]
250.375: [GC (Allocation Failure) 24369K->435K(66304K), 0.0002120 secs]
250.385: [GC (Allocation Failure) 23587K->435K(70976K), 0.0002010 secs]
250.405: [GC (Allocation Failure) 28279K->435K(76608K), 0.0003000 secs]
250.425: [GC (Allocation Failure) 33944K->435K(83328K), 0.0002330 secs]
250.447: [GC (Allocation Failure) 40684K->435K(91392K), 0.0002120 secs]
250.486: [GC (Allocation Failure) 48693K->435K(89600K), 0.0002040 secs]
250.515: [GC (Allocation Failure) 46935K->435K(87936K), 0.0002140 secs]
250.538: [GC (Allocation Failure) 45274K->435K(86336K), 0.0002150 secs]
250.588: [GC (Allocation Failure) 43614K->435K(84800K), 0.0002070 secs]
250.610: [GC (Allocation Failure) 42149K->435K(83328K), 0.0002200 secs]
250.636: [GC (Allocation Failure) 40684K->435K(81920K), 0.0002220 secs]
250.657: [GC (Allocation Failure) 39219K->435K(80576K), 0.0002140 secs]
250.682: [GC (Allocation Failure) 37851K->435K(79296K), 0.0002180 secs]
250.735: [GC (Allocation Failure) 36582K->435K(78080K), 0.0002130 secs]
250.751: [GC (Allocation Failure) 35409K->435K(76928K), 0.0002030 secs]
250.784: [GC (Allocation Failure) 34237K->435K(75840K), 0.0002150 secs]
250.804: [GC (Allocation Failure) 33163K->435K(74752K), 0.0002030 secs]
250.833: [GC (Allocation Failure) 32089K->435K(73728K), 0.0002140 secs]
250.851: [GC (Allocation Failure) 31014K->435K(72768K), 0.0002030 secs]
250.866: [GC (Allocation Failure) 30038K->435K(71808K), 0.0002180 secs]
250.978: [GC (Allocation Failure) 29158K->435K(70912K), 0.0002960 secs]
251.032: [GC (Allocation Failure) 28182K->435K(70080K), 0.0002200 secs]
251.044: [GC (Allocation Failure) 27400K->435K(75520K), 0.0003210 secs]
251.134: [GC (Allocation Failure) 32870K->435K(74496K), 0.0002410 secs]
251.152: [GC (Allocation Failure) 31796K->435K(73472K), 0.0002290 secs]
251.170: [GC (Allocation Failure) 30819K->435K(72512K), 0.0002320 secs]
251.332: [GC (Allocation Failure) 29842K->435K(71616K), 0.0002020 secs]
251.345: [GC (Allocation Failure) 28963K->435K(70720K), 0.0002260 secs]
251.359: [GC (Allocation Failure) 27986K->435K(76288K), 0.0002020 secs]
251.377: [GC (Allocation Failure) 33554K->435K(82944K), 0.0002180 secs]
251.394: [GC (Allocation Failure) 40293K->435K(90944K), 0.0002220 secs]
251.416: [GC (Allocation Failure) 48302K->435K(89216K), 0.0001980 secs]
251.490: [GC (Allocation Failure) 46544K->435K(87552K), 0.0002050 secs]
251.514: [GC (Allocation Failure) 44884K->435K(85952K), 0.0002050 secs]
251.533: [GC (Allocation Failure) 43223K->435K(84416K), 0.0002030 secs]
251.551: [GC (Allocation Failure) 41758K->435K(82944K), 0.0002120 secs]
251.572: [GC (Allocation Failure) 40293K->435K(81536K), 0.0002420 secs]
251.593: [GC (Allocation Failure) 38828K->435K(80192K), 0.0002100 secs]
251.634: [GC (Allocation Failure) 37461K->435K(78912K), 0.0002110 secs]
251.650: [GC (Allocation Failure) 36191K->435K(77696K), 0.0002500 secs]
251.667: [GC (Allocation Failure) 35019K->435K(76544K), 0.0002020 secs]
251.735: [GC (Allocation Failure) 33847K->435K(75456K), 0.0002100 secs]
251.753: [GC (Allocation Failure) 32772K->435K(74432K), 0.0002030 secs]
251.884: [GC (Allocation Failure) 31698K->435K(73408K), 0.0002070 secs]
251.898: [GC (Allocation Failure) 30721K->435K(72448K), 0.0002280 secs]
251.915: [GC (Allocation Failure) 29745K->435K(71552K), 0.0002640 secs]
251.931: [GC (Allocation Failure) 28865K->435K(77248K), 0.0002160 secs]
251.950: [GC (Allocation Failure) 34530K->435K(84096K), 0.0002470 secs]
251.977: [GC (Allocation Failure) 41367K->435K(82624K), 0.0002130 secs]
251.996: [GC (Allocation Failure) 39902K->435K(90560K), 0.0003490 secs]
252.022: [GC (Allocation Failure) 47911K->435K(100096K), 0.0002630 secs]
252.051: [GC (Allocation Failure) 57390K->435K(97920K), 0.0002050 secs]
252.079: [GC (Allocation Failure) 55241K->435K(95808K), 0.0002860 secs]
252.106: [GC (Allocation Failure) 53092K->435K(93824K), 0.0002120 secs]
252.132: [GC (Allocation Failure) 51139K->435K(91904K), 0.0002130 secs]
252.157: [GC (Allocation Failure) 49181K->435K(90112K), 0.0002020 secs]
252.182: [GC (Allocation Failure) 47423K->435K(88384K), 0.0002140 secs]
252.205: [GC (Allocation Failure) 45665K->435K(86720K), 0.0002030 secs]
252.290: [GC (Allocation Failure) 44005K->435K(85184K), 0.0002180 secs]
252.312: [GC (Allocation Failure) 42540K->435K(83712K), 0.0002120 secs]
252.330: [GC (Allocation Failure) 41074K->435K(82304K), 0.0002040 secs]
252.347: [GC (Allocation Failure) 39609K->435K(80960K), 0.0002070 secs]
252.364: [GC (Allocation Failure) 38242K->435K(79680K), 0.0002030 secs]
252.383: [GC (Allocation Failure) 36972K->435K(78464K), 0.0002020 secs]
252.438: [GC (Allocation Failure) 35800K->435K(77312K), 0.0002140 secs]
252.453: [GC (Allocation Failure) 34628K->435K(76160K), 0.0002180 secs]
252.482: [GC (Allocation Failure) 33456K->435K(75072K), 0.0002180 secs]
252.536: [GC (Allocation Failure) 32382K->435K(74048K), 0.0002220 secs]
252.551: [GC (Allocation Failure) 31405K->435K(73088K), 0.0002000 secs]
252.568: [GC (Allocation Failure) 30428K->435K(72128K), 0.0001990 secs]
252.584: [GC (Allocation Failure) 29451K->435K(71232K), 0.0002100 secs]
252.634: [GC (Allocation Failure) 28572K->435K(70400K), 0.0002220 secs]
252.650: [GC (Allocation Failure) 27693K->435K(69568K), 0.0002180 secs]
252.808: [GC (Allocation Failure) 26912K->435K(68800K), 0.0002060 secs]
252.819: [GC (Allocation Failure) 26131K->435K(68032K), 0.0002030 secs]
252.879: [GC (Allocation Failure) 25349K->435K(67328K), 0.0002150 secs]
252.893: [GC (Allocation Failure) 24662K->435K(66624K), 0.0002020 secs]
252.911: [GC (Allocation Failure) 23978K->435K(65984K), 0.0002350 secs]
252.921: [GC (Allocation Failure) 23294K->435K(70592K), 0.0002160 secs]
252.975: [GC (Allocation Failure) 27889K->435K(69760K), 0.0003320 secs]
252.991: [GC (Allocation Failure) 27107K->435K(75136K), 0.0002630 secs]
253.005: [GC (Allocation Failure) 32479K->435K(81600K), 0.0002150 secs]
253.035: [GC (Allocation Failure) 38926K->435K(89344K), 0.0002140 secs]
253.055: [GC (Allocation Failure) 46642K->435K(87680K), 0.0002110 secs]
253.092: [GC (Allocation Failure) 44981K->435K(86080K), 0.0002220 secs]
253.111: [GC (Allocation Failure) 43419K->435K(84544K), 0.0002020 secs]
253.140: [GC (Allocation Failure) 41856K->435K(83072K), 0.0002820 secs]
253.162: [GC (Allocation Failure) 40391K->435K(81664K), 0.0002120 secs]
253.185: [GC (Allocation Failure) 39023K->435K(80320K), 0.0002230 secs]
253.202: [GC (Allocation Failure) 37656K->435K(79040K), 0.0002720 secs]
253.238: [GC (Allocation Failure) 36386K->435K(77824K), 0.0002160 secs]
253.253: [GC (Allocation Failure) 35116K->435K(76672K), 0.0002050 secs]
253.267: [GC (Allocation Failure) 33944K->435K(83392K), 0.0002060 secs]
253.289: [GC (Allocation Failure) 40684K->435K(81984K), 0.0002100 secs]
253.336: [GC (Allocation Failure) 39316K->435K(80640K), 0.0002170 secs]
253.379: [GC (Allocation Failure) 37949K->435K(79360K), 0.0002180 secs]
253.398: [GC (Allocation Failure) 36679K->435K(78144K), 0.0002100 secs]
253.414: [GC (Allocation Failure) 35409K->435K(76992K), 0.0002280 secs]
253.429: [GC (Allocation Failure) 34335K->435K(75904K), 0.0002020 secs]
253.447: [GC (Allocation Failure) 33261K->435K(74816K), 0.0002000 secs]
253.461: [GC (Allocation Failure) 32089K->435K(81216K), 0.0002280 secs]
253.482: [GC (Allocation Failure) 38535K->435K(88896K), 0.0002130 secs]
253.506: [GC (Allocation Failure) 46251K->435K(87232K), 0.0002180 secs]
253.525: [GC (Allocation Failure) 44591K->435K(85632K), 0.0002040 secs]
253.577: [GC (Allocation Failure) 42930K->435K(84096K), 0.0002280 secs]
253.595: [GC (Allocation Failure) 41367K->435K(82624K), 0.0002020 secs]
253.616: [GC (Allocation Failure) 39902K->435K(81280K), 0.0002140 secs]
253.686: [GC (Allocation Failure) 38633K->435K(80000K), 0.0002050 secs]
253.735: [GC (Allocation Failure) 37363K->435K(78720K), 0.0002150 secs]
253.789: [GC (Allocation Failure) 35996K->435K(77504K), 0.0002230 secs]
253.804: [GC (Allocation Failure) 34823K->435K(76352K), 0.0002130 secs]
253.938: [GC (Allocation Failure) 33651K->435K(75264K), 0.0002160 secs]
253.956: [GC (Allocation Failure) 32577K->435K(74240K), 0.0002030 secs]
253.974: [GC (Allocation Failure) 31600K->435K(73216K), 0.0002190 secs]
254.015: [GC (Allocation Failure) 30526K->435K(72256K), 0.0002210 secs]
254.027: [GC (Allocation Failure) 29549K->435K(71360K), 0.0002040 secs]
254.040: [GC (Allocation Failure) 28670K->435K(70464K), 0.0002030 secs]
254.082: [GC (Allocation Failure) 27791K->435K(69632K), 0.0002130 secs]
254.097: [GC (Allocation Failure) 26912K->435K(68864K), 0.0002180 secs]
254.162: [GC (Allocation Failure) 26131K->435K(68096K), 0.0002130 secs]
254.173: [GC (Allocation Failure) 25447K->435K(73152K), 0.0002130 secs]
254.237: [GC (Allocation Failure) 30428K->435K(72192K), 0.0002230 secs]
254.250: [GC (Allocation Failure) 29549K->435K(71296K), 0.0002280 secs]
254.267: [GC (Allocation Failure) 28572K->435K(70400K), 0.0002000 secs]
254.282: [GC (Allocation Failure) 27693K->435K(75904K), 0.0002040 secs]
254.297: [GC (Allocation Failure) 33261K->435K(82496K), 0.0002130 secs]
254.314: [GC (Allocation Failure) 39805K->435K(90432K), 0.0002030 secs]
254.337: [GC (Allocation Failure) 47716K->435K(88704K), 0.0002070 secs]
254.371: [GC (Allocation Failure) 46056K->435K(87040K), 0.0002260 secs]
254.394: [GC (Allocation Failure) 44395K->435K(85440K), 0.0002080 secs]
254.421: [GC (Allocation Failure) 42735K->435K(83968K), 0.0002080 secs]
254.492: [GC (Allocation Failure) 41270K->435K(82560K), 0.0002240 secs]
254.510: [GC (Allocation Failure) 39902K->435K(81216K), 0.0002050 secs]
254.575: [GC (Allocation Failure) 38535K->435K(79936K), 0.0002140 secs]
254.591: [GC (Allocation Failure) 37265K->435K(78656K), 0.0002020 secs]
254.610: [GC (Allocation Failure) 35996K->435K(77440K), 0.0002120 secs]
254.630: [GC (Allocation Failure) 34726K->435K(76288K), 0.0002020 secs]
254.648: [GC (Allocation Failure) 33554K->435K(75200K), 0.0002170 secs]
254.772: [GC (Allocation Failure) 32479K->435K(74176K), 0.0003190 secs]
254.835: [GC (Allocation Failure) 31503K->435K(73152K), 0.0002120 secs]
254.848: [GC (Allocation Failure) 30428K->435K(72192K), 0.0002140 secs]
254.864: [GC (Allocation Failure) 29549K->435K(71296K), 0.0002710 secs]
254.877: [GC (Allocation Failure) 28572K->435K(76992K), 0.0002270 secs]
254.892: [GC (Allocation Failure) 34335K->435K(83776K), 0.0003640 secs]
254.914: [GC (Allocation Failure) 41074K->435K(91968K), 0.0002170 secs]
254.935: [GC (Allocation Failure) 49279K->435K(101760K), 0.0002020 secs]
254.992: [GC (Allocation Failure) 59050K->435K(99520K), 0.0002110 secs]
255.021: [GC (Allocation Failure) 56804K->435K(97344K), 0.0002160 secs]
255.049: [GC (Allocation Failure) 54655K->435K(95296K), 0.0002020 secs]
255.071: [GC (Allocation Failure) 52604K->435K(93312K), 0.0002160 secs]
255.097: [GC (Allocation Failure) 50650K->435K(91456K), 0.0002190 secs]
255.180: [GC (Allocation Failure) 48791K->435K(89664K), 0.0002020 secs]
255.221: [GC (Allocation Failure) 46935K->435K(87936K), 0.0002330 secs]
255.241: [GC (Allocation Failure) 45274K->435K(86336K), 0.0002030 secs]
255.322: [GC (Allocation Failure) 43614K->435K(84800K), 0.0002030 secs]
255.344: [GC (Allocation Failure) 42149K->435K(83328K), 0.0002040 secs]
255.393: [GC (Allocation Failure) 40684K->435K(81920K), 0.0002010 secs]
255.415: [GC (Allocation Failure) 39219K->435K(80576K), 0.0002020 secs]
255.438: [GC (Allocation Failure) 37851K->435K(79296K), 0.0002030 secs]
255.454: [GC (Allocation Failure) 36582K->435K(78080K), 0.0002100 secs]
255.472: [GC (Allocation Failure) 35409K->435K(76928K), 0.0002100 secs]
255.541: [GC (Allocation Failure) 34237K->435K(75840K), 0.0002130 secs]
255.559: [GC (Allocation Failure) 33163K->435K(74752K), 0.0002050 secs]
255.574: [GC (Allocation Failure) 32089K->435K(73728K), 0.0002160 secs]
255.587: [GC (Allocation Failure) 31014K->435K(79872K), 0.0002130 secs]
255.622: [GC (Allocation Failure) 37168K->435K(78656K), 0.0002180 secs]
255.638: [GC (Allocation Failure) 35996K->435K(77440K), 0.0002150 secs]
255.653: [GC (Allocation Failure) 34726K->435K(84352K), 0.0002160 secs]
255.723: [GC (Allocation Failure) 41660K->435K(82880K), 0.0002150 secs]
255.744: [GC (Allocation Failure) 40195K->435K(81472K), 0.0002090 secs]
255.789: [GC (Allocation Failure) 38828K->435K(80128K), 0.0002020 secs]
255.942: [GC (Allocation Failure) 37461K->435K(78848K), 0.0002200 secs]
255.958: [GC (Allocation Failure) 36191K->435K(77632K), 0.0002170 secs]
255.973: [GC (Allocation Failure) 34921K->435K(76480K), 0.0002010 secs]
255.988: [GC (Allocation Failure) 33749K->435K(75392K), 0.0002020 secs]
256.037: [GC (Allocation Failure) 32675K->435K(74368K), 0.0002030 secs]
256.086: [GC (Allocation Failure) 31698K->435K(73344K), 0.0002020 secs]
256.168: [GC (Allocation Failure) 30624K->435K(72384K), 0.0002240 secs]
256.181: [GC (Allocation Failure) 29745K->435K(71488K), 0.0002600 secs]
256.198: [GC (Allocation Failure) 28768K->435K(70592K), 0.0002120 secs]
256.214: [GC (Allocation Failure) 27889K->435K(69760K), 0.0002100 secs]
256.230: [GC (Allocation Failure) 27107K->435K(75136K), 0.0002130 secs]
256.244: [GC (Allocation Failure) 32479K->435K(81600K), 0.0002170 secs]
256.294: [GC (Allocation Failure) 38926K->435K(80256K), 0.0002910 secs]
256.311: [GC (Allocation Failure) 37558K->435K(78976K), 0.0002130 secs]
256.339: [GC (Allocation Failure) 36289K->435K(77760K), 0.0002100 secs]
256.373: [GC (Allocation Failure) 35116K->435K(76608K), 0.0003130 secs]
256.392: [GC (Allocation Failure) 33944K->435K(75520K), 0.0002130 secs]
256.407: [GC (Allocation Failure) 32870K->435K(82048K), 0.0002890 secs]
256.428: [GC (Allocation Failure) 39316K->435K(89856K), 0.0002140 secs]
256.523: [GC (Allocation Failure) 47130K->435K(88128K), 0.0002040 secs]
256.597: [GC (Allocation Failure) 45470K->435K(86528K), 0.0002230 secs]
256.616: [GC (Allocation Failure) 43809K->435K(84992K), 0.0002040 secs]
256.634: [GC (Allocation Failure) 42344K->435K(83520K), 0.0002110 secs]
256.656: [GC (Allocation Failure) 40879K->435K(82112K), 0.0002110 secs]
256.695: [GC (Allocation Failure) 39414K->435K(80768K), 0.0002060 secs]
256.715: [GC (Allocation Failure) 38047K->435K(79488K), 0.0002020 secs]
256.731: [GC (Allocation Failure) 36777K->435K(78272K), 0.0002130 secs]
256.751: [GC (Allocation Failure) 35605K->435K(77120K), 0.0002110 secs]
256.766: [GC (Allocation Failure) 34433K->435K(75968K), 0.0002130 secs]
256.784: [GC (Allocation Failure) 33261K->435K(74880K), 0.0002120 secs]
256.821: [GC (Allocation Failure) 32186K->435K(73856K), 0.0002080 secs]
256.839: [GC (Allocation Failure) 31210K->435K(72896K), 0.0002060 secs]
256.856: [GC (Allocation Failure) 30233K->435K(71936K), 0.0002280 secs]
256.891: [GC (Allocation Failure) 29256K->435K(71040K), 0.0002170 secs]
256.903: [GC (Allocation Failure) 28377K->435K(70208K), 0.0002110 secs]
256.940: [GC (Allocation Failure) 27498K->435K(69376K), 0.0002250 secs]
256.956: [GC (Allocation Failure) 26717K->435K(68608K), 0.0002180 secs]
256.974: [GC (Allocation Failure) 25935K->435K(67840K), 0.0002350 secs]
256.989: [GC (Allocation Failure) 25150K->435K(72832K), 0.0002680 secs]
257.003: [GC (Allocation Failure) 30135K->435K(78784K), 0.0002010 secs]
257.094: [GC (Allocation Failure) 36093K->435K(77568K), 0.0002220 secs]
257.113: [GC (Allocation Failure) 34921K->435K(76416K), 0.0002700 secs]
257.132: [GC (Allocation Failure) 33749K->435K(75328K), 0.0002140 secs]
257.146: [GC (Allocation Failure) 32675K->435K(81792K), 0.0002110 secs]
257.191: [GC (Allocation Failure) 39121K->435K(80448K), 0.0002030 secs]
257.245: [GC (Allocation Failure) 37754K->435K(79168K), 0.0002220 secs]
257.264: [GC (Allocation Failure) 36484K->435K(77952K), 0.0002210 secs]
257.346: [GC (Allocation Failure) 35312K->435K(76800K), 0.0002210 secs]
257.364: [GC (Allocation Failure) 34140K->435K(75712K), 0.0002120 secs]
257.379: [GC (Allocation Failure) 33065K->435K(74624K), 0.0002000 secs]
257.396: [GC (Allocation Failure) 31893K->435K(73600K), 0.0002100 secs]
257.410: [GC (Allocation Failure) 30917K->435K(79744K), 0.0002180 secs]
257.445: [GC (Allocation Failure) 37070K->435K(78528K), 0.0002230 secs]
257.462: [GC (Allocation Failure) 35800K->435K(77312K), 0.0002170 secs]
257.481: [GC (Allocation Failure) 34628K->435K(76160K), 0.0001990 secs]
257.495: [GC (Allocation Failure) 33456K->435K(75072K), 0.0002000 secs]
257.543: [GC (Allocation Failure) 32382K->435K(74048K), 0.0002210 secs]
257.558: [GC (Allocation Failure) 31405K->435K(73088K), 0.0002130 secs]
257.575: [GC (Allocation Failure) 30428K->435K(72128K), 0.0002070 secs]
257.617: [GC (Allocation Failure) 29451K->435K(71232K), 0.0002150 secs]
257.638: [GC (Allocation Failure) 28572K->435K(70400K), 0.0002840 secs]
257.687: [GC (Allocation Failure) 27693K->435K(69568K), 0.0002240 secs]
257.703: [GC (Allocation Failure) 26912K->435K(68800K), 0.0002690 secs]
257.718: [GC (Allocation Failure) 26131K->435K(73984K), 0.0002350 secs]
257.732: [GC (Allocation Failure) 31307K->435K(80192K), 0.0002040 secs]
257.774: [GC (Allocation Failure) 37461K->435K(78912K), 0.0002050 secs]
257.794: [GC (Allocation Failure) 36191K->435K(77696K), 0.0002130 secs]
257.844: [GC (Allocation Failure) 35019K->435K(76544K), 0.0002210 secs]
257.859: [GC (Allocation Failure) 33847K->435K(75456K), 0.0002120 secs]
257.981: [GC (Allocation Failure) 32772K->435K(74432K), 0.0002200 secs]
257.995: [GC (Allocation Failure) 31698K->435K(80704K), 0.0003930 secs]
258.021: [GC (Allocation Failure) 38047K->435K(88256K), 0.0002160 secs]
258.045: [GC (Allocation Failure) 45567K->435K(86592K), 0.0002150 secs]
258.068: [GC (Allocation Failure) 43907K->435K(85056K), 0.0002110 secs]
258.094: [GC (Allocation Failure) 42344K->435K(83584K), 0.0002250 secs]
258.115: [GC (Allocation Failure) 40879K->435K(82176K), 0.0002120 secs]
258.133: [GC (Allocation Failure) 39512K->435K(80832K), 0.0002140 secs]
258.171: [GC (Allocation Failure) 38144K->435K(79552K), 0.0002220 secs]
258.191: [GC (Allocation Failure) 36875K->435K(78336K), 0.0002290 secs]
258.206: [GC (Allocation Failure) 35605K->435K(77184K), 0.0002030 secs]
258.291: [GC (Allocation Failure) 34530K->435K(76032K), 0.0002120 secs]
258.305: [GC (Allocation Failure) 33358K->435K(74944K), 0.0002030 secs]
258.349: [GC (Allocation Failure) 32284K->435K(73920K), 0.0002010 secs]
258.393: [GC (Allocation Failure) 31210K->435K(72960K), 0.0002220 secs]
258.411: [GC (Allocation Failure) 30233K->435K(72000K), 0.0001990 secs]
258.424: [GC (Allocation Failure) 29354K->435K(71104K), 0.0002110 secs]
258.538: [GC (Allocation Failure) 28377K->435K(70272K), 0.0002130 secs]
258.554: [GC (Allocation Failure) 27596K->435K(69440K), 0.0002700 secs]
258.569: [GC (Allocation Failure) 26717K->435K(68672K), 0.0002220 secs]
258.638: [GC (Allocation Failure) 26033K->435K(67904K), 0.0002040 secs]
258.665: [GC (Allocation Failure) 25250K->435K(67200K), 0.0002170 secs]
258.676: [GC (Allocation Failure) 24466K->435K(72064K), 0.0002270 secs]
258.693: [GC (Allocation Failure) 29354K->435K(77888K), 0.0002130 secs]
258.709: [GC (Allocation Failure) 35214K->435K(84864K), 0.0002040 secs]
258.745: [GC (Allocation Failure) 42149K->435K(83392K), 0.0002260 secs]
258.767: [GC (Allocation Failure) 40684K->435K(81984K), 0.0002100 secs]
258.798: [GC (Allocation Failure) 39316K->435K(80640K), 0.0002380 secs]
258.817: [GC (Allocation Failure) 37949K->435K(79360K), 0.0002220 secs]
258.893: [GC (Allocation Failure) 36679K->435K(78144K), 0.0002060 secs]
258.925: [GC (Allocation Failure) 35409K->435K(76992K), 0.0002240 secs]
258.943: [GC (Allocation Failure) 34335K->435K(75904K), 0.0002040 secs]
258.958: [GC (Allocation Failure) 33261K->435K(74816K), 0.0002250 secs]
258.976: [GC (Allocation Failure) 32089K->435K(73792K), 0.0002110 secs]
259.140: [GC (Allocation Failure) 31112K->435K(72832K), 0.0002140 secs]
259.164: [GC (Allocation Failure) 30135K->435K(71872K), 0.0002030 secs]
259.194: [GC (Allocation Failure) 29158K->435K(70976K), 0.0002210 secs]
259.210: [GC (Allocation Failure) 28279K->435K(70144K), 0.0001980 secs]
259.239: [GC (Allocation Failure) 27498K->435K(69312K), 0.0002720 secs]
259.289: [GC (Allocation Failure) 26619K->435K(68544K), 0.0002160 secs]
259.300: [GC (Allocation Failure) 25838K->435K(67776K), 0.0002130 secs]
259.338: [GC (Allocation Failure) 25052K->435K(67072K), 0.0002900 secs]
259.349: [GC (Allocation Failure) 24369K->435K(71872K), 0.0002190 secs]
259.440: [GC (Allocation Failure) 29158K->435K(70976K), 0.0002270 secs]
259.453: [GC (Allocation Failure) 28279K->435K(70144K), 0.0002040 secs]
259.543: [GC (Allocation Failure) 27498K->435K(69312K), 0.0002230 secs]
259.555: [GC (Allocation Failure) 26619K->435K(68544K), 0.0002150 secs]
259.589: [GC (Allocation Failure) 25838K->435K(67776K), 0.0002250 secs]
259.600: [GC (Allocation Failure) 25052K->435K(72768K), 0.0002150 secs]
259.672: [GC (Allocation Failure) 30038K->435K(71808K), 0.0002230 secs]
259.685: [GC (Allocation Failure) 29158K->435K(77568K), 0.0002690 secs]
259.743: [GC (Allocation Failure) 34921K->435K(76416K), 0.0002130 secs]
259.757: [GC (Allocation Failure) 33749K->435K(75328K), 0.0001980 secs]
259.846: [GC (Allocation Failure) 32675K->435K(74304K), 0.0002230 secs]
259.864: [GC (Allocation Failure) 31600K->435K(73280K), 0.0001980 secs]
259.891: [GC (Allocation Failure) 30624K->435K(72320K), 0.0002480 secs]
259.904: [GC (Allocation Failure) 29647K->435K(71424K), 0.0002140 secs]
259.921: [GC (Allocation Failure) 28768K->435K(77120K), 0.0002220 secs]
259.947: [GC (Allocation Failure) 34433K->435K(75968K), 0.0002380 secs]
259.963: [GC (Allocation Failure) 33261K->435K(82560K), 0.0002610 secs]
259.984: [GC (Allocation Failure) 39902K->435K(90496K), 0.0002220 secs]
260.028: [GC (Allocation Failure) 47814K->435K(88768K), 0.0002160 secs]
260.048: [GC (Allocation Failure) 46056K->435K(87104K), 0.0002160 secs]
260.105: [GC (Allocation Failure) 44395K->435K(85504K), 0.0002170 secs]
260.126: [GC (Allocation Failure) 42833K->435K(83968K), 0.0002150 secs]
260.168: [GC (Allocation Failure) 41270K->435K(82560K), 0.0002770 secs]
260.296: [GC (Allocation Failure) 39902K->435K(81216K), 0.0002030 secs]
260.346: [GC (Allocation Failure) 38535K->435K(79936K), 0.0002140 secs]
260.371: [GC (Allocation Failure) 37265K->435K(78656K), 0.0002220 secs]
260.387: [GC (Allocation Failure) 35996K->435K(77440K), 0.0002020 secs]
260.420: [GC (Allocation Failure) 34726K->435K(76288K), 0.0002110 secs]
260.444: [GC (Allocation Failure) 33554K->435K(75200K), 0.0002650 secs]
260.523: [GC (Allocation Failure) 32479K->435K(74176K), 0.0002040 secs]
260.543: [GC (Allocation Failure) 31503K->435K(73152K), 0.0002290 secs]
260.557: [GC (Allocation Failure) 30428K->435K(72192K), 0.0001980 secs]
260.571: [GC (Allocation Failure) 29549K->435K(71296K), 0.0002040 secs]
260.642: [GC (Allocation Failure) 28572K->435K(70400K), 0.0002120 secs]
260.654: [GC (Allocation Failure) 27693K->435K(69568K), 0.0002030 secs]
260.665: [GC (Allocation Failure) 26912K->435K(74880K), 0.0002020 secs]
260.693: [GC (Allocation Failure) 32186K->435K(73856K), 0.0002130 secs]
260.707: [GC (Allocation Failure) 31210K->435K(80064K), 0.0002020 secs]
260.727: [GC (Allocation Failure) 37363K->435K(87488K), 0.0002220 secs]
260.749: [GC (Allocation Failure) 44786K->435K(85888K), 0.0002130 secs]
260.771: [GC (Allocation Failure) 43223K->435K(84352K), 0.0002120 secs]
260.789: [GC (Allocation Failure) 41660K->435K(82880K), 0.0002020 secs]
260.897: [GC (Allocation Failure) 40195K->435K(81472K), 0.0002030 secs]
260.950: [GC (Allocation Failure) 38828K->435K(80128K), 0.0002330 secs]
260.971: [GC (Allocation Failure) 37461K->435K(78848K), 0.0002110 secs]
260.987: [GC (Allocation Failure) 36191K->435K(77632K), 0.0002110 secs]
261.045: [GC (Allocation Failure) 34921K->435K(76480K), 0.0002110 secs]
261.059: [GC (Allocation Failure) 33749K->435K(75392K), 0.0002110 secs]
261.077: [GC (Allocation Failure) 32675K->435K(74368K), 0.0002110 secs]
261.091: [GC (Allocation Failure) 31698K->435K(73344K), 0.0002160 secs]
261.104: [GC (Allocation Failure) 30624K->435K(79424K), 0.0002010 secs]
261.178: [GC (Allocation Failure) 36777K->435K(78208K), 0.0002200 secs]
261.198: [GC (Allocation Failure) 35507K->435K(77056K), 0.0002000 secs]
261.218: [GC (Allocation Failure) 34335K->435K(75904K), 0.0002120 secs]
261.269: [GC (Allocation Failure) 33261K->435K(74816K), 0.0002190 secs]
261.283: [GC (Allocation Failure) 32089K->435K(73792K), 0.0002150 secs]
261.343: [GC (Allocation Failure) 31112K->435K(72832K), 0.0002250 secs]
261.359: [GC (Allocation Failure) 30135K->435K(71872K), 0.0002030 secs]
261.371: [GC (Allocation Failure) 29158K->435K(70976K), 0.0002100 secs]
261.383: [GC (Allocation Failure) 28279K->435K(76608K), 0.0002100 secs]
261.499: [GC (Allocation Failure) 33944K->435K(75520K), 0.0002220 secs]
261.513: [GC (Allocation Failure) 32870K->435K(74496K), 0.0002160 secs]
261.527: [GC (Allocation Failure) 31796K->435K(80832K), 0.0002130 secs]
261.547: [GC (Allocation Failure) 38144K->435K(88384K), 0.0002130 secs]
261.566: [GC (Allocation Failure) 45665K->435K(86720K), 0.0002010 secs]
261.603: [GC (Allocation Failure) 44005K->435K(85184K), 0.0002220 secs]
261.627: [GC (Allocation Failure) 42540K->435K(83712K), 0.0002770 secs]
261.645: [GC (Allocation Failure) 41074K->435K(82304K), 0.0002210 secs]
261.731: [GC (Allocation Failure) 39609K->435K(80960K), 0.0002200 secs]
261.752: [GC (Allocation Failure) 38242K->435K(79680K), 0.0002200 secs]
261.778: [GC (Allocation Failure) 36972K->435K(78464K), 0.0002370 secs]
261.794: [GC (Allocation Failure) 35800K->435K(77312K), 0.0002040 secs]
261.850: [GC (Allocation Failure) 34628K->435K(76160K), 0.0002230 secs]
261.864: [GC (Allocation Failure) 33456K->435K(75072K), 0.0002040 secs]
261.895: [GC (Allocation Failure) 32382K->435K(74048K), 0.0002250 secs]
261.908: [GC (Allocation Failure) 31405K->435K(73088K), 0.0002020 secs]
261.922: [GC (Allocation Failure) 30428K->435K(79104K), 0.0002020 secs]
261.941: [GC (Allocation Failure) 36386K->435K(77888K), 0.0002100 secs]
262.050: [GC (Allocation Failure) 35214K->435K(76736K), 0.0002060 secs]
262.065: [GC (Allocation Failure) 34042K->435K(75648K), 0.0002150 secs]
262.100: [GC (Allocation Failure) 32968K->435K(74560K), 0.0002240 secs]
262.114: [GC (Allocation Failure) 31893K->435K(80896K), 0.0002880 secs]
262.148: [GC (Allocation Failure) 38242K->435K(79616K), 0.0002000 secs]
262.201: [GC (Allocation Failure) 36972K->435K(78400K), 0.0002130 secs]
262.220: [GC (Allocation Failure) 35702K->435K(77248K), 0.0002010 secs]
262.240: [GC (Allocation Failure) 34530K->435K(76096K), 0.0002080 secs]
262.351: [GC (Allocation Failure) 33456K->435K(75008K), 0.0001990 secs]
262.376: [GC (Allocation Failure) 32284K->435K(73984K), 0.0003340 secs]
262.391: [GC (Allocation Failure) 31307K->435K(73024K), 0.0002150 secs]
262.422: [GC (Allocation Failure) 30331K->435K(72064K), 0.0002160 secs]
262.435: [GC (Allocation Failure) 29354K->435K(71168K), 0.0002200 secs]
262.498: [GC (Allocation Failure) 28475K->435K(70336K), 0.0002120 secs]
262.511: [GC (Allocation Failure) 27693K->435K(69504K), 0.0002120 secs]
262.523: [GC (Allocation Failure) 26814K->435K(74816K), 0.0002010 secs]
262.541: [GC (Allocation Failure) 32089K->435K(81216K), 0.0002160 secs]
262.558: [GC (Allocation Failure) 38535K->435K(88896K), 0.0002250 secs]
262.652: [GC (Allocation Failure) 46251K->435K(87232K), 0.0002130 secs]
262.675: [GC (Allocation Failure) 44591K->435K(85632K), 0.0002020 secs]
262.698: [GC (Allocation Failure) 42930K->435K(84096K), 0.0002120 secs]
262.720: [GC (Allocation Failure) 41367K->435K(82624K), 0.0002100 secs]
262.753: [GC (Allocation Failure) 39902K->435K(81280K), 0.0002050 secs]
262.774: [GC (Allocation Failure) 38633K->435K(80000K), 0.0002070 secs]
262.790: [GC (Allocation Failure) 37363K->435K(78720K), 0.0002050 secs]
262.832: [GC (Allocation Failure) 35996K->435K(77504K), 0.0002200 secs]
262.847: [GC (Allocation Failure) 34823K->435K(76352K), 0.0002050 secs]
262.866: [GC (Allocation Failure) 33651K->435K(75264K), 0.0002030 secs]
262.883: [GC (Allocation Failure) 32577K->435K(74240K), 0.0002130 secs]
262.930: [GC (Allocation Failure) 31600K->435K(73216K), 0.0002130 secs]
262.943: [GC (Allocation Failure) 30526K->435K(72256K), 0.0002030 secs]
262.999: [GC (Allocation Failure) 29549K->435K(71360K), 0.0002220 secs]
263.016: [GC (Allocation Failure) 28670K->435K(70464K), 0.0002110 secs]
263.045: [GC (Allocation Failure) 27791K->435K(69632K), 0.0002730 secs]
263.166: [GC (Allocation Failure) 26912K->435K(68864K), 0.0002180 secs]
263.181: [GC (Allocation Failure) 26131K->435K(68096K), 0.0002280 secs]
263.248: [GC (Allocation Failure) 25447K->435K(67392K), 0.0002110 secs]
263.259: [GC (Allocation Failure) 24662K->435K(66688K), 0.0002160 secs]
263.269: [GC (Allocation Failure) 23978K->435K(71424K), 0.0002030 secs]
263.283: [GC (Allocation Failure) 28768K->435K(77120K), 0.0002110 secs]
263.345: [GC (Allocation Failure) 34433K->435K(75968K), 0.0002160 secs]
263.360: [GC (Allocation Failure) 33261K->435K(82560K), 0.0002030 secs]
263.456: [GC (Allocation Failure) 39902K->435K(81216K), 0.0002240 secs]
263.473: [GC (Allocation Failure) 38535K->435K(79936K), 0.0001930 secs]
263.489: [GC (Allocation Failure) 37265K->435K(78656K), 0.0002120 secs]
263.553: [GC (Allocation Failure) 35996K->435K(77440K), 0.0002100 secs]
263.572: [GC (Allocation Failure) 34726K->435K(76288K), 0.0002030 secs]
263.591: [GC (Allocation Failure) 33554K->435K(75200K), 0.0002110 secs]
263.605: [GC (Allocation Failure) 32479K->435K(74176K), 0.0002150 secs]
263.623: [GC (Allocation Failure) 31503K->435K(73152K), 0.0002230 secs]
263.647: [GC (Allocation Failure) 30428K->435K(72192K), 0.0002620 secs]
263.664: [GC (Allocation Failure) 29549K->435K(78016K), 0.0002730 secs]
263.684: [GC (Allocation Failure) 35312K->435K(85056K), 0.0002090 secs]
263.706: [GC (Allocation Failure) 42344K->435K(83584K), 0.0002200 secs]
263.724: [GC (Allocation Failure) 40879K->435K(82176K), 0.0002020 secs]
263.751: [GC (Allocation Failure) 39512K->435K(80832K), 0.0002270 secs]
263.772: [GC (Allocation Failure) 38144K->435K(79552K), 0.0002110 secs]
263.850: [GC (Allocation Failure) 36875K->435K(78336K), 0.0002130 secs]
263.869: [GC (Allocation Failure) 35605K->435K(77184K), 0.0002730 secs]
263.888: [GC (Allocation Failure) 34530K->435K(76032K), 0.0002100 secs]
263.906: [GC (Allocation Failure) 33358K->435K(74944K), 0.0002140 secs]
263.952: [GC (Allocation Failure) 32284K->435K(73920K), 0.0002730 secs]
263.969: [GC (Allocation Failure) 31210K->435K(72960K), 0.0002120 secs]
264.027: [GC (Allocation Failure) 30233K->435K(72000K), 0.0002090 secs]
264.043: [GC (Allocation Failure) 29354K->435K(71104K), 0.0002740 secs]
264.056: [GC (Allocation Failure) 28377K->435K(76736K), 0.0002190 secs]
264.103: [GC (Allocation Failure) 34042K->435K(75648K), 0.0002390 secs]
264.122: [GC (Allocation Failure) 32968K->435K(74560K), 0.0002170 secs]
264.137: [GC (Allocation Failure) 31893K->435K(80896K), 0.0002160 secs]
264.200: [GC (Allocation Failure) 38242K->435K(79616K), 0.0002130 secs]
264.220: [GC (Allocation Failure) 36972K->435K(78400K), 0.0002010 secs]
264.240: [GC (Allocation Failure) 35702K->435K(77248K), 0.0002010 secs]
264.259: [GC (Allocation Failure) 34530K->435K(76096K), 0.0002170 secs]
264.274: [GC (Allocation Failure) 33456K->435K(75008K), 0.0002170 secs]
264.349: [GC (Allocation Failure) 32284K->435K(73984K), 0.0002270 secs]
264.367: [GC (Allocation Failure) 31307K->435K(73024K), 0.0002050 secs]
264.381: [GC (Allocation Failure) 30331K->435K(72064K), 0.0002140 secs]
264.414: [GC (Allocation Failure) 29354K->435K(71168K), 0.0002180 secs]
264.446: [GC (Allocation Failure) 28475K->435K(70336K), 0.0002270 secs]
264.462: [GC (Allocation Failure) 27693K->435K(69504K), 0.0002030 secs]
264.474: [GC (Allocation Failure) 26814K->435K(74816K), 0.0002270 secs]
264.492: [GC (Allocation Failure) 32089K->435K(81216K), 0.0002200 secs]
264.557: [GC (Allocation Failure) 38535K->435K(79936K), 0.0002040 secs]
264.573: [GC (Allocation Failure) 37265K->435K(78656K), 0.0002040 secs]
264.650: [GC (Allocation Failure) 35996K->435K(77440K), 0.0002140 secs]
264.665: [GC (Allocation Failure) 34726K->435K(76288K), 0.0002030 secs]
264.749: [GC (Allocation Failure) 33554K->435K(75200K), 0.0002120 secs]
264.767: [GC (Allocation Failure) 32479K->435K(74176K), 0.0002030 secs]
264.799: [GC (Allocation Failure) 31503K->435K(73152K), 0.0002120 secs]
264.832: [GC (Allocation Failure) 30428K->435K(72192K), 0.0002290 secs]
264.845: [GC (Allocation Failure) 29549K->435K(71296K), 0.0002670 secs]
264.930: [GC (Allocation Failure) 28572K->435K(70400K), 0.0002130 secs]
264.947: [GC (Allocation Failure) 27693K->435K(69568K), 0.0002020 secs]
264.963: [GC (Allocation Failure) 26912K->435K(68800K), 0.0002700 secs]
264.978: [GC (Allocation Failure) 26131K->435K(73984K), 0.0002390 secs]
265.049: [GC (Allocation Failure) 31307K->435K(73024K), 0.0002260 secs]
265.066: [GC (Allocation Failure) 30331K->435K(72064K), 0.0002090 secs]
265.098: [GC (Allocation Failure) 29354K->435K(71168K), 0.0002160 secs]
265.163: [GC (Allocation Failure) 28475K->435K(70336K), 0.0002130 secs]
265.231: [GC (Allocation Failure) 27693K->435K(69504K), 0.0002130 secs]
265.243: [GC (Allocation Failure) 26814K->435K(68736K), 0.0002270 secs]
265.258: [GC (Allocation Failure) 26033K->435K(67968K), 0.0002520 secs]
265.297: [GC (Allocation Failure) 25250K->435K(67264K), 0.0002040 secs]
265.326: [GC (Allocation Failure) 24564K->435K(66560K), 0.0002680 secs]
265.350: [GC (Allocation Failure) 23880K->435K(65920K), 0.0002130 secs]
265.364: [GC (Allocation Failure) 23196K->435K(65280K), 0.0002280 secs]
265.399: [GC (Allocation Failure) 22610K->435K(64640K), 0.0002220 secs]
265.409: [GC (Allocation Failure) 21927K->435K(68992K), 0.0002160 secs]
265.421: [GC (Allocation Failure) 26326K->435K(74176K), 0.0002030 secs]
265.436: [GC (Allocation Failure) 31503K->435K(80448K), 0.0001990 secs]
265.452: [GC (Allocation Failure) 37754K->435K(87936K), 0.0002030 secs]
265.553: [GC (Allocation Failure) 45274K->435K(86336K), 0.0002250 secs]
265.572: [GC (Allocation Failure) 43614K->435K(84800K), 0.0002050 secs]
265.590: [GC (Allocation Failure) 42149K->435K(83328K), 0.0002010 secs]
265.658: [GC (Allocation Failure) 40684K->435K(81920K), 0.0002210 secs]
265.678: [GC (Allocation Failure) 39219K->435K(80576K), 0.0001990 secs]
265.699: [GC (Allocation Failure) 37851K->435K(79296K), 0.0002160 secs]
265.715: [GC (Allocation Failure) 36582K->435K(78080K), 0.0002010 secs]
265.801: [GC (Allocation Failure) 35409K->435K(76928K), 0.0002160 secs]
265.855: [GC (Allocation Failure) 34237K->435K(75840K), 0.0002190 secs]
265.874: [GC (Allocation Failure) 33163K->435K(74752K), 0.0002010 secs]
265.888: [GC (Allocation Failure) 32089K->435K(73728K), 0.0002130 secs]
265.901: [GC (Allocation Failure) 31014K->435K(72768K), 0.0002140 secs]
265.954: [GC (Allocation Failure) 30038K->435K(71808K), 0.0002800 secs]
265.967: [GC (Allocation Failure) 29158K->435K(70912K), 0.0002030 secs]
266.028: [GC (Allocation Failure) 28182K->435K(70080K), 0.0002250 secs]
266.040: [GC (Allocation Failure) 27400K->435K(69248K), 0.0002070 secs]
266.103: [GC (Allocation Failure) 26521K->435K(68480K), 0.0002120 secs]
266.114: [GC (Allocation Failure) 25838K->435K(73600K), 0.0002200 secs]
266.168: [GC (Allocation Failure) 30917K->435K(72640K), 0.0002230 secs]
266.181: [GC (Allocation Failure) 29940K->435K(71744K), 0.0002170 secs]
266.194: [GC (Allocation Failure) 29061K->435K(77504K), 0.0002150 secs]
266.252: [GC (Allocation Failure) 34823K->435K(76352K), 0.0002130 secs]
266.271: [GC (Allocation Failure) 33651K->435K(75264K), 0.0002110 secs]
266.353: [GC (Allocation Failure) 32577K->435K(74240K), 0.0002310 secs]
266.367: [GC (Allocation Failure) 31600K->435K(73216K), 0.0002140 secs]
266.386: [GC (Allocation Failure) 30526K->435K(72256K), 0.0002190 secs]
266.422: [GC (Allocation Failure) 29549K->435K(71360K), 0.0002130 secs]
266.438: [GC (Allocation Failure) 28670K->435K(70464K), 0.0002230 secs]
266.495: [GC (Allocation Failure) 27791K->435K(69632K), 0.0002180 secs]
266.549: [GC (Allocation Failure) 26912K->435K(68864K), 0.0002240 secs]
266.560: [GC (Allocation Failure) 26131K->435K(68096K), 0.0002030 secs]
266.665: [GC (Allocation Failure) 25447K->435K(67392K), 0.0002230 secs]
266.677: [GC (Allocation Failure) 24662K->435K(66688K), 0.0002190 secs]
266.687: [GC (Allocation Failure) 23978K->435K(71424K), 0.0002040 secs]
266.704: [GC (Allocation Failure) 28768K->435K(77120K), 0.0002030 secs]
266.719: [GC (Allocation Failure) 34433K->435K(83968K), 0.0002170 secs]
266.756: [GC (Allocation Failure) 41270K->435K(82560K), 0.0002110 secs]
266.809: [GC (Allocation Failure) 39902K->435K(81216K), 0.0002410 secs]
266.826: [GC (Allocation Failure) 38535K->435K(79936K), 0.0002040 secs]
266.842: [GC (Allocation Failure) 37265K->435K(78656K), 0.0002010 secs]
266.978: [GC (Allocation Failure) 35996K->435K(77440K), 0.0002170 secs]
267.057: [GC (Allocation Failure) 34726K->435K(76288K), 0.0002110 secs]
267.076: [GC (Allocation Failure) 33554K->435K(75200K), 0.0002110 secs]
267.106: [GC (Allocation Failure) 32479K->435K(74176K), 0.0002360 secs]
267.120: [GC (Allocation Failure) 31503K->435K(73152K), 0.0002030 secs]
267.133: [GC (Allocation Failure) 30428K->435K(72192K), 0.0002140 secs]
267.150: [GC (Allocation Failure) 29549K->435K(78016K), 0.0002190 secs]
267.174: [GC (Allocation Failure) 35312K->435K(76864K), 0.0002020 secs]
267.232: [GC (Allocation Failure) 34140K->435K(75776K), 0.0002260 secs]
267.250: [GC (Allocation Failure) 33065K->435K(74688K), 0.0002220 secs]
267.306: [GC (Allocation Failure) 31991K->435K(73664K), 0.0002200 secs]
267.324: [GC (Allocation Failure) 31014K->435K(72704K), 0.0002250 secs]
267.355: [GC (Allocation Failure) 30038K->435K(71808K), 0.0002130 secs]
267.368: [GC (Allocation Failure) 29158K->435K(70912K), 0.0002180 secs]
267.401: [GC (Allocation Failure) 28182K->435K(70080K), 0.0002020 secs]
267.554: [GC (Allocation Failure) 27400K->435K(69248K), 0.0002410 secs]
267.570: [GC (Allocation Failure) 26521K->435K(68480K), 0.0002090 secs]
267.632: [GC (Allocation Failure) 25838K->435K(67712K), 0.0002110 secs]
267.643: [GC (Allocation Failure) 25052K->435K(72640K), 0.0003220 secs]
267.668: [GC (Allocation Failure) 29940K->435K(78592K), 0.0002340 secs]
267.688: [GC (Allocation Failure) 35898K->435K(85696K), 0.0002320 secs]
267.707: [GC (Allocation Failure) 43028K->435K(94272K), 0.0002160 secs]
267.734: [GC (Allocation Failure) 51627K->435K(92352K), 0.0002130 secs]
267.755: [GC (Allocation Failure) 49670K->435K(90496K), 0.0002080 secs]
267.782: [GC (Allocation Failure) 47814K->435K(88768K), 0.0002230 secs]
267.807: [GC (Allocation Failure) 46056K->435K(87104K), 0.0002090 secs]
267.826: [GC (Allocation Failure) 44395K->435K(85504K), 0.0002150 secs]
267.858: [GC (Allocation Failure) 42833K->435K(83968K), 0.0002130 secs]
267.879: [GC (Allocation Failure) 41270K->435K(82560K), 0.0002110 secs]
267.897: [GC (Allocation Failure) 39902K->435K(81216K), 0.0002140 secs]
267.956: [GC (Allocation Failure) 38535K->435K(79936K), 0.0002160 secs]
267.972: [GC (Allocation Failure) 37265K->435K(78656K), 0.0002030 secs]
267.990: [GC (Allocation Failure) 35996K->435K(77440K), 0.0002090 secs]
268.158: [GC (Allocation Failure) 34726K->435K(76288K), 0.0002130 secs]
268.177: [GC (Allocation Failure) 33554K->435K(75200K), 0.0002020 secs]
268.191: [GC (Allocation Failure) 32479K->435K(74176K), 0.0002110 secs]
268.209: [GC (Allocation Failure) 31503K->435K(73152K), 0.0002090 secs]
268.253: [GC (Allocation Failure) 30428K->435K(72192K), 0.0002250 secs]
268.270: [GC (Allocation Failure) 29549K->435K(71296K), 0.0001990 secs]
268.282: [GC (Allocation Failure) 28572K->435K(76992K), 0.0002470 secs]
268.309: [GC (Allocation Failure) 34335K->435K(75904K), 0.0002130 secs]
268.324: [GC (Allocation Failure) 33261K->435K(82496K), 0.0002180 secs]
268.355: [GC (Allocation Failure) 39805K->435K(81152K), 0.0002020 secs]
268.371: [GC (Allocation Failure) 38437K->435K(79872K), 0.0002030 secs]
268.390: [GC (Allocation Failure) 37168K->435K(78656K), 0.0002300 secs]
268.423: [GC (Allocation Failure) 35996K->435K(77440K), 0.0002080 secs]
268.440: [GC (Allocation Failure) 34726K->435K(76288K), 0.0002080 secs]
268.459: [GC (Allocation Failure) 33554K->435K(82944K), 0.0003280 secs]
268.488: [GC (Allocation Failure) 40293K->435K(81536K), 0.0002130 secs]
268.508: [GC (Allocation Failure) 38828K->435K(80192K), 0.0002030 secs]
268.556: [GC (Allocation Failure) 37461K->435K(78912K), 0.0002060 secs]
268.576: [GC (Allocation Failure) 36191K->435K(77696K), 0.0002980 secs]
268.591: [GC (Allocation Failure) 35019K->435K(84672K), 0.0002250 secs]
268.609: [GC (Allocation Failure) 41953K->435K(92992K), 0.0002160 secs]
268.716: [GC (Allocation Failure) 50260K->435K(91136K), 0.0002810 secs]
268.737: [GC (Allocation Failure) 48498K->435K(89344K), 0.0002110 secs]
268.757: [GC (Allocation Failure) 46642K->435K(87680K), 0.0002110 secs]
268.780: [GC (Allocation Failure) 44981K->435K(86080K), 0.0002000 secs]
268.799: [GC (Allocation Failure) 43419K->435K(84544K), 0.0002120 secs]
268.841: [GC (Allocation Failure) 41856K->435K(83072K), 0.0002420 secs]
268.858: [GC (Allocation Failure) 40391K->435K(81664K), 0.0002250 secs]
268.875: [GC (Allocation Failure) 39023K->435K(80320K), 0.0002030 secs]
268.891: [GC (Allocation Failure) 37656K->435K(79040K), 0.0002110 secs]
268.911: [GC (Allocation Failure) 36386K->435K(77824K), 0.0002100 secs]
268.938: [GC (Allocation Failure) 35116K->435K(76672K), 0.0002060 secs]
268.956: [GC (Allocation Failure) 33944K->435K(75584K), 0.0002000 secs]
268.970: [GC (Allocation Failure) 32870K->435K(82112K), 0.0002220 secs]
268.987: [GC (Allocation Failure) 39414K->435K(89920K), 0.0002030 secs]
269.061: [GC (Allocation Failure) 47228K->435K(88192K), 0.0002030 secs]
269.111: [GC (Allocation Failure) 45470K->435K(86592K), 0.0002030 secs]
269.164: [GC (Allocation Failure) 43907K->435K(85056K), 0.0002210 secs]
269.186: [GC (Allocation Failure) 42344K->435K(83584K), 0.0002310 secs]
269.204: [GC (Allocation Failure) 40879K->435K(82176K), 0.0002030 secs]
269.225: [GC (Allocation Failure) 39512K->435K(80832K), 0.0002030 secs]
269.243: [GC (Allocation Failure) 38144K->435K(79552K), 0.0002040 secs]
269.259: [GC (Allocation Failure) 36875K->435K(78336K), 0.0002040 secs]
269.307: [GC (Allocation Failure) 35605K->435K(77184K), 0.0002130 secs]
269.322: [GC (Allocation Failure) 34530K->435K(76032K), 0.0002030 secs]
269.336: [GC (Allocation Failure) 33358K->435K(74944K), 0.0002140 secs]
269.354: [GC (Allocation Failure) 32284K->435K(73920K), 0.0002140 secs]
269.371: [GC (Allocation Failure) 31210K->435K(80128K), 0.0002150 secs]
269.392: [GC (Allocation Failure) 37461K->435K(78848K), 0.0002010 secs]
269.408: [GC (Allocation Failure) 36191K->435K(86016K), 0.0002260 secs]
269.426: [GC (Allocation Failure) 43321K->435K(94656K), 0.0002130 secs]
269.453: [GC (Allocation Failure) 52018K->435K(92736K), 0.0002710 secs]
269.475: [GC (Allocation Failure) 50064K->435K(90880K), 0.0002110 secs]
269.583: [GC (Allocation Failure) 48204K->435K(89152K), 0.0002210 secs]
269.607: [GC (Allocation Failure) 46446K->435K(87488K), 0.0001990 secs]
269.628: [GC (Allocation Failure) 44786K->435K(85888K), 0.0002050 secs]
269.651: [GC (Allocation Failure) 43223K->435K(84352K), 0.0002740 secs]
269.668: [GC (Allocation Failure) 41660K->435K(82880K), 0.0002150 secs]
269.686: [GC (Allocation Failure) 40195K->435K(81472K), 0.0002040 secs]
269.709: [GC (Allocation Failure) 38828K->435K(80128K), 0.0002140 secs]
269.725: [GC (Allocation Failure) 37461K->435K(78848K), 0.0002020 secs]
269.762: [GC (Allocation Failure) 36191K->435K(77632K), 0.0002230 secs]
269.780: [GC (Allocation Failure) 34921K->435K(76480K), 0.0002140 secs]
269.911: [GC (Allocation Failure) 33749K->435K(75392K), 0.0002150 secs]
269.925: [GC (Allocation Failure) 32675K->435K(74368K), 0.0002160 secs]
269.942: [GC (Allocation Failure) 31698K->435K(73344K), 0.0002000 secs]
270.005: [GC (Allocation Failure) 30624K->435K(72384K), 0.0002760 secs]
270.033: [GC (Allocation Failure) 29745K->435K(71488K), 0.0002700 secs]
270.050: [GC (Allocation Failure) 28768K->435K(70592K), 0.0002730 secs]
270.066: [GC (Allocation Failure) 27889K->435K(76096K), 0.0002210 secs]
270.080: [GC (Allocation Failure) 33456K->435K(82752K), 0.0002250 secs]
270.105: [GC (Allocation Failure) 40098K->435K(81344K), 0.0002040 secs]
270.122: [GC (Allocation Failure) 38633K->435K(89024K), 0.0002140 secs]
270.146: [GC (Allocation Failure) 46349K->435K(98240K), 0.0002710 secs]
270.170: [GC (Allocation Failure) 55534K->435K(96128K), 0.0002120 secs]
270.319: [GC (Allocation Failure) 53483K->435K(94144K), 0.0002210 secs]
270.342: [GC (Allocation Failure) 51432K->435K(92224K), 0.0002080 secs]
270.385: [GC (Allocation Failure) 49572K->435K(90432K), 0.0003320 secs]
270.406: [GC (Allocation Failure) 47716K->435K(88704K), 0.0002250 secs]
270.426: [GC (Allocation Failure) 46056K->435K(87040K), 0.0002050 secs]
270.449: [GC (Allocation Failure) 44395K->435K(85440K), 0.0002130 secs]
270.472: [GC (Allocation Failure) 42735K->435K(83968K), 0.0002090 secs]
270.565: [GC (Allocation Failure) 41270K->435K(82560K), 0.0002060 secs]
270.582: [GC (Allocation Failure) 39902K->435K(81216K), 0.0002130 secs]
270.614: [GC (Allocation Failure) 38535K->435K(79936K), 0.0002210 secs]
270.634: [GC (Allocation Failure) 37265K->435K(78656K), 0.0002140 secs]
270.666: [GC (Allocation Failure) 35996K->435K(77440K), 0.0002150 secs]
270.762: [GC (Allocation Failure) 34726K->435K(76288K), 0.0002150 secs]
270.781: [GC (Allocation Failure) 33554K->435K(75200K), 0.0002270 secs]
270.839: [GC (Allocation Failure) 32479K->435K(74176K), 0.0002150 secs]
270.852: [GC (Allocation Failure) 31503K->435K(73152K), 0.0002080 secs]
270.865: [GC (Allocation Failure) 30428K->435K(72192K), 0.0002040 secs]
270.906: [GC (Allocation Failure) 29549K->435K(71296K), 0.0002200 secs]
270.919: [GC (Allocation Failure) 28572K->435K(70400K), 0.0002020 secs]
270.975: [GC (Allocation Failure) 27693K->435K(69568K), 0.0002250 secs]
270.991: [GC (Allocation Failure) 26912K->435K(68800K), 0.0002640 secs]
271.007: [GC (Allocation Failure) 26131K->435K(73984K), 0.0002180 secs]
271.020: [GC (Allocation Failure) 31307K->435K(80192K), 0.0002020 secs]
271.064: [GC (Allocation Failure) 37461K->435K(78912K), 0.0002830 secs]
271.080: [GC (Allocation Failure) 36191K->435K(77696K), 0.0002020 secs]
271.163: [GC (Allocation Failure) 35019K->435K(76544K), 0.0002120 secs]
271.177: [GC (Allocation Failure) 33847K->435K(75456K), 0.0002160 secs]
271.208: [GC (Allocation Failure) 32772K->435K(74432K), 0.0002120 secs]
271.226: [GC (Allocation Failure) 31698K->435K(73408K), 0.0001920 secs]
271.338: [GC (Allocation Failure) 30721K->435K(72448K), 0.0002140 secs]
271.352: [GC (Allocation Failure) 29745K->435K(71552K), 0.0002180 secs]
271.364: [GC (Allocation Failure) 28865K->435K(70656K), 0.0002050 secs]
271.411: [GC (Allocation Failure) 27986K->435K(69824K), 0.0002220 secs]
271.426: [GC (Allocation Failure) 27107K->435K(68992K), 0.0002160 secs]
271.442: [GC (Allocation Failure) 26326K->435K(68224K), 0.0002310 secs]
271.457: [GC (Allocation Failure) 25545K->435K(73280K), 0.0002160 secs]
271.608: [GC (Allocation Failure) 30624K->435K(72320K), 0.0002130 secs]
271.620: [GC (Allocation Failure) 29647K->435K(71424K), 0.0002020 secs]
271.707: [GC (Allocation Failure) 28768K->435K(70528K), 0.0002110 secs]
271.719: [GC (Allocation Failure) 27889K->435K(69696K), 0.0002010 secs]
271.734: [GC (Allocation Failure) 27010K->435K(75072K), 0.0002210 secs]
271.759: [GC (Allocation Failure) 32382K->435K(74048K), 0.0002100 secs]
271.772: [GC (Allocation Failure) 31405K->435K(80256K), 0.0002130 secs]
271.792: [GC (Allocation Failure) 37558K->435K(87744K), 0.0002150 secs]
271.818: [GC (Allocation Failure) 45079K->435K(86144K), 0.0002040 secs]
271.837: [GC (Allocation Failure) 43419K->435K(94784K), 0.0002690 secs]
271.872: [GC (Allocation Failure) 52115K->435K(92864K), 0.0002380 secs]
271.895: [GC (Allocation Failure) 50162K->435K(91008K), 0.0002040 secs]
271.916: [GC (Allocation Failure) 48302K->435K(89216K), 0.0002110 secs]
271.940: [GC (Allocation Failure) 46544K->435K(87552K), 0.0002220 secs]
272.014: [GC (Allocation Failure) 44884K->435K(85952K), 0.0002240 secs]
272.037: [GC (Allocation Failure) 43223K->435K(84416K), 0.0002770 secs]
272.059: [GC (Allocation Failure) 41758K->435K(82944K), 0.0002150 secs]
272.077: [GC (Allocation Failure) 40293K->435K(81536K), 0.0002160 secs]
272.094: [GC (Allocation Failure) 38828K->435K(80192K), 0.0002120 secs]
272.170: [GC (Allocation Failure) 37461K->435K(78912K), 0.0002230 secs]
272.186: [GC (Allocation Failure) 36191K->435K(77696K), 0.0002030 secs]
272.264: [GC (Allocation Failure) 35019K->435K(76544K), 0.0002180 secs]
272.279: [GC (Allocation Failure) 33847K->435K(75456K), 0.0002670 secs]
272.310: [GC (Allocation Failure) 32772K->435K(74432K), 0.0002120 secs]
272.327: [GC (Allocation Failure) 31698K->435K(73408K), 0.0002030 secs]
272.341: [GC (Allocation Failure) 30721K->435K(79488K), 0.0002980 secs]
272.363: [GC (Allocation Failure) 36777K->435K(86784K), 0.0002130 secs]
272.386: [GC (Allocation Failure) 44102K->435K(85248K), 0.0002100 secs]
272.409: [GC (Allocation Failure) 42540K->435K(83776K), 0.0001980 secs]
272.429: [GC (Allocation Failure) 41074K->435K(82368K), 0.0002120 secs]
272.517: [GC (Allocation Failure) 39707K->435K(81024K), 0.0002430 secs]
272.535: [GC (Allocation Failure) 38340K->435K(79744K), 0.0002170 secs]
272.551: [GC (Allocation Failure) 37070K->435K(78528K), 0.0002030 secs]
272.578: [GC (Allocation Failure) 35800K->435K(77312K), 0.0002130 secs]
272.593: [GC (Allocation Failure) 34628K->435K(76160K), 0.0002150 secs]
272.611: [GC (Allocation Failure) 33456K->435K(75072K), 0.0002220 secs]
272.660: [GC (Allocation Failure) 32382K->435K(74048K), 0.0002040 secs]
272.772: [GC (Allocation Failure) 31405K->435K(73088K), 0.0002280 secs]
272.786: [GC (Allocation Failure) 30428K->435K(72128K), 0.0002130 secs]
272.798: [GC (Allocation Failure) 29451K->435K(71232K), 0.0002100 secs]
272.863: [GC (Allocation Failure) 28572K->435K(70400K), 0.0002220 secs]
272.879: [GC (Allocation Failure) 27693K->435K(69568K), 0.0002110 secs]
272.912: [GC (Allocation Failure) 26912K->435K(68800K), 0.0002020 secs]
272.927: [GC (Allocation Failure) 26131K->435K(68032K), 0.0002280 secs]
272.943: [GC (Allocation Failure) 25349K->435K(67328K), 0.0002090 secs]
272.957: [GC (Allocation Failure) 24662K->435K(72192K), 0.0002250 secs]
272.971: [GC (Allocation Failure) 29549K->435K(78016K), 0.0002190 secs]
273.062: [GC (Allocation Failure) 35312K->435K(76864K), 0.0002270 secs]
273.077: [GC (Allocation Failure) 34140K->435K(75776K), 0.0002140 secs]
273.164: [GC (Allocation Failure) 33065K->435K(74688K), 0.0002240 secs]
273.183: [GC (Allocation Failure) 31991K->435K(73664K), 0.0002140 secs]
273.200: [GC (Allocation Failure) 31014K->435K(72704K), 0.0002360 secs]
273.239: [GC (Allocation Failure) 30038K->435K(71808K), 0.0002130 secs]
273.267: [GC (Allocation Failure) 29158K->435K(70912K), 0.0002150 secs]
273.279: [GC (Allocation Failure) 28182K->435K(70080K), 0.0002290 secs]
273.295: [GC (Allocation Failure) 27400K->435K(69248K), 0.0002010 secs]
273.311: [GC (Allocation Failure) 26521K->435K(74496K), 0.0002220 secs]
273.361: [GC (Allocation Failure) 31796K->435K(73472K), 0.0002040 secs]
273.410: [GC (Allocation Failure) 30819K->435K(72512K), 0.0002160 secs]
273.464: [GC (Allocation Failure) 29842K->435K(71616K), 0.0003380 secs]
273.476: [GC (Allocation Failure) 28963K->435K(70720K), 0.0002250 secs]
273.493: [GC (Allocation Failure) 27986K->435K(69888K), 0.0002100 secs]
273.640: [GC (Allocation Failure) 27205K->435K(69056K), 0.0002070 secs]
273.655: [GC (Allocation Failure) 26326K->435K(68288K), 0.0002170 secs]
273.666: [GC (Allocation Failure) 25642K->435K(73344K), 0.0002140 secs]
273.710: [GC (Allocation Failure) 30624K->435K(72384K), 0.0002030 secs]
273.741: [GC (Allocation Failure) 29745K->435K(71488K), 0.0002220 secs]
273.754: [GC (Allocation Failure) 28768K->435K(70592K), 0.0002180 secs]
273.770: [GC (Allocation Failure) 27889K->435K(76096K), 0.0002310 secs]
273.789: [GC (Allocation Failure) 33456K->435K(82752K), 0.0002010 secs]
273.806: [GC (Allocation Failure) 40098K->435K(90688K), 0.0002120 secs]
273.968: [GC (Allocation Failure) 48009K->435K(88960K), 0.0002020 secs]
274.018: [GC (Allocation Failure) 46251K->435K(87296K), 0.0002240 secs]
274.041: [GC (Allocation Failure) 44591K->435K(85696K), 0.0002020 secs]
274.060: [GC (Allocation Failure) 43028K->435K(84160K), 0.0002120 secs]
274.116: [GC (Allocation Failure) 41465K->435K(82688K), 0.0002120 secs]
274.133: [GC (Allocation Failure) 40000K->435K(81344K), 0.0002110 secs]
274.149: [GC (Allocation Failure) 38633K->435K(80000K), 0.0002070 secs]
274.268: [GC (Allocation Failure) 37363K->435K(78720K), 0.0002130 secs]
274.284: [GC (Allocation Failure) 35996K->435K(77504K), 0.0002700 secs]
274.317: [GC (Allocation Failure) 34823K->435K(76352K), 0.0002140 secs]
274.332: [GC (Allocation Failure) 33651K->435K(75264K), 0.0002010 secs]
274.356: [GC (Allocation Failure) 32577K->435K(74240K), 0.0002220 secs]
274.373: [GC (Allocation Failure) 31600K->435K(73216K), 0.0002530 secs]
274.414: [GC (Allocation Failure) 30526K->435K(72256K), 0.0002070 secs]
274.428: [GC (Allocation Failure) 29549K->435K(71360K), 0.0002050 secs]
274.441: [GC (Allocation Failure) 28670K->435K(77056K), 0.0002060 secs]
274.456: [GC (Allocation Failure) 34335K->435K(83904K), 0.0002050 secs]
274.516: [GC (Allocation Failure) 41172K->435K(82496K), 0.0002130 secs]
274.533: [GC (Allocation Failure) 39805K->435K(81152K), 0.0002040 secs]
274.569: [GC (Allocation Failure) 38437K->435K(79872K), 0.0002220 secs]
274.586: [GC (Allocation Failure) 37168K->435K(78656K), 0.0002150 secs]
274.605: [GC (Allocation Failure) 35996K->435K(77440K), 0.0002140 secs]
274.667: [GC (Allocation Failure) 34726K->435K(76288K), 0.0002060 secs]
274.686: [GC (Allocation Failure) 33554K->435K(75200K), 0.0002050 secs]
274.700: [GC (Allocation Failure) 32479K->435K(74176K), 0.0002170 secs]
274.718: [GC (Allocation Failure) 31503K->435K(73152K), 0.0002110 secs]
274.812: [GC (Allocation Failure) 30428K->435K(72192K), 0.0002130 secs]
274.828: [GC (Allocation Failure) 29549K->435K(71296K), 0.0001940 secs]
274.865: [GC (Allocation Failure) 28572K->435K(70400K), 0.0002090 secs]
274.881: [GC (Allocation Failure) 27693K->435K(69568K), 0.0002390 secs]
274.914: [GC (Allocation Failure) 26912K->435K(68800K), 0.0002210 secs]
274.930: [GC (Allocation Failure) 26131K->435K(68032K), 0.0002350 secs]
274.964: [GC (Allocation Failure) 25349K->435K(67328K), 0.0002120 secs]
274.975: [GC (Allocation Failure) 24662K->435K(72192K), 0.0002280 secs]
274.991: [GC (Allocation Failure) 29549K->435K(78016K), 0.0002720 secs]
275.011: [GC (Allocation Failure) 35312K->435K(85056K), 0.0002230 secs]
275.121: [GC (Allocation Failure) 42344K->435K(83584K), 0.0002180 secs]
275.139: [GC (Allocation Failure) 40879K->435K(82176K), 0.0002690 secs]
275.171: [GC (Allocation Failure) 39512K->435K(80832K), 0.0002150 secs]
275.188: [GC (Allocation Failure) 38144K->435K(79552K), 0.0002130 secs]
275.203: [GC (Allocation Failure) 36875K->435K(78336K), 0.0002020 secs]
275.223: [GC (Allocation Failure) 35605K->435K(77184K), 0.0002120 secs]
275.264: [GC (Allocation Failure) 34530K->435K(76032K), 0.0002710 secs]
275.377: [GC (Allocation Failure) 33358K->435K(74944K), 0.0002290 secs]
275.391: [GC (Allocation Failure) 32284K->435K(73920K), 0.0002020 secs]
275.467: [GC (Allocation Failure) 31210K->435K(72960K), 0.0002240 secs]
275.484: [GC (Allocation Failure) 30233K->435K(72000K), 0.0002220 secs]
275.512: [GC (Allocation Failure) 29354K->435K(71104K), 0.0002140 secs]
275.529: [GC (Allocation Failure) 28377K->435K(70272K), 0.0002020 secs]
275.541: [GC (Allocation Failure) 27596K->435K(75712K), 0.0002270 secs]
275.560: [GC (Allocation Failure) 33065K->435K(74624K), 0.0002010 secs]
275.574: [GC (Allocation Failure) 31893K->435K(80960K), 0.0002240 secs]
275.590: [GC (Allocation Failure) 38242K->435K(88576K), 0.0002180 secs]
275.620: [GC (Allocation Failure) 45860K->435K(86912K), 0.0002160 secs]
275.646: [GC (Allocation Failure) 44200K->435K(85312K), 0.0002200 secs]
275.668: [GC (Allocation Failure) 42637K->435K(83840K), 0.0002170 secs]
275.722: [GC (Allocation Failure) 41172K->435K(82432K), 0.0002240 secs]
275.739: [GC (Allocation Failure) 39707K->435K(81088K), 0.0002050 secs]
275.756: [GC (Allocation Failure) 38437K->435K(79808K), 0.0002130 secs]
275.776: [GC (Allocation Failure) 37168K->435K(78592K), 0.0002010 secs]
275.795: [GC (Allocation Failure) 35898K->435K(77376K), 0.0002150 secs]
275.815: [GC (Allocation Failure) 34726K->435K(76224K), 0.0002030 secs]
275.833: [GC (Allocation Failure) 33554K->435K(75136K), 0.0002200 secs]
275.964: [GC (Allocation Failure) 32479K->435K(74112K), 0.0002160 secs]
276.014: [GC (Allocation Failure) 31405K->435K(73152K), 0.0002220 secs]
276.040: [GC (Allocation Failure) 30428K->435K(72192K), 0.0002800 secs]
276.068: [GC (Allocation Failure) 29549K->435K(71296K), 0.0002290 secs]
276.080: [GC (Allocation Failure) 28572K->435K(70400K), 0.0002060 secs]
276.116: [GC (Allocation Failure) 27693K->435K(69568K), 0.0002130 secs]
276.132: [GC (Allocation Failure) 26912K->435K(68800K), 0.0002270 secs]
276.266: [GC (Allocation Failure) 26131K->435K(68032K), 0.0002110 secs]
276.281: [GC (Allocation Failure) 25349K->435K(67328K), 0.0002020 secs]
276.346: [GC (Allocation Failure) 24662K->435K(66624K), 0.0003960 secs]
276.359: [GC (Allocation Failure) 23978K->435K(65984K), 0.0002180 secs]
276.369: [GC (Allocation Failure) 23294K->435K(70592K), 0.0002170 secs]
276.413: [GC (Allocation Failure) 27889K->435K(69760K), 0.0002250 secs]
276.558: [GC (Allocation Failure) 27107K->435K(68992K), 0.0002290 secs]
276.574: [GC (Allocation Failure) 26326K->435K(68224K), 0.0002270 secs]
276.589: [GC (Allocation Failure) 25545K->435K(67520K), 0.0002110 secs]
276.665: [GC (Allocation Failure) 24857K->435K(66816K), 0.0002110 secs]
276.680: [GC (Allocation Failure) 24173K->435K(66112K), 0.0002150 secs]
276.694: [GC (Allocation Failure) 23392K->435K(70720K), 0.0003010 secs]
276.707: [GC (Allocation Failure) 27986K->435K(76288K), 0.0002130 secs]
276.722: [GC (Allocation Failure) 33554K->435K(82944K), 0.0002140 secs]
276.780: [GC (Allocation Failure) 40293K->435K(81536K), 0.0002220 secs]
276.800: [GC (Allocation Failure) 38828K->435K(80192K), 0.0002010 secs]
276.821: [GC (Allocation Failure) 37461K->435K(78912K), 0.0002100 secs]
276.838: [GC (Allocation Failure) 36191K->435K(77696K), 0.0002170 secs]
276.857: [GC (Allocation Failure) 35019K->435K(84672K), 0.0002710 secs]
276.879: [GC (Allocation Failure) 41953K->435K(83200K), 0.0002100 secs]
276.897: [GC (Allocation Failure) 40488K->435K(81792K), 0.0002170 secs]
276.949: [GC (Allocation Failure) 39121K->435K(80448K), 0.0002190 secs]
276.966: [GC (Allocation Failure) 37754K->435K(79168K), 0.0002060 secs]
276.981: [GC (Allocation Failure) 36484K->435K(77952K), 0.0002040 secs]
277.021: [GC (Allocation Failure) 35312K->435K(76800K), 0.0002110 secs]
277.040: [GC (Allocation Failure) 34140K->435K(75712K), 0.0002010 secs]
277.165: [GC (Allocation Failure) 33065K->435K(74624K), 0.0002150 secs]
277.220: [GC (Allocation Failure) 31893K->435K(73600K), 0.0002120 secs]
277.235: [GC (Allocation Failure) 30917K->435K(72640K), 0.0002070 secs]
277.251: [GC (Allocation Failure) 29940K->435K(71744K), 0.0002720 secs]
277.268: [GC (Allocation Failure) 29061K->435K(70848K), 0.0002310 secs]
277.281: [GC (Allocation Failure) 28182K->435K(76416K), 0.0002630 secs]
277.321: [GC (Allocation Failure) 33749K->435K(75328K), 0.0002200 secs]
277.335: [GC (Allocation Failure) 32675K->435K(81792K), 0.0002020 secs]
277.356: [GC (Allocation Failure) 39121K->435K(89536K), 0.0002730 secs]
277.380: [GC (Allocation Failure) 46837K->435K(87872K), 0.0002110 secs]
277.472: [GC (Allocation Failure) 45177K->435K(86272K), 0.0002700 secs]
277.525: [GC (Allocation Failure) 43614K->435K(84736K), 0.0002230 secs]
277.543: [GC (Allocation Failure) 42051K->435K(83264K), 0.0002030 secs]
277.570: [GC (Allocation Failure) 40586K->435K(81856K), 0.0002110 secs]
277.587: [GC (Allocation Failure) 39219K->435K(80512K), 0.0002030 secs]
277.603: [GC (Allocation Failure) 37851K->435K(79232K), 0.0002100 secs]
277.673: [GC (Allocation Failure) 36582K->435K(78016K), 0.0002230 secs]
277.693: [GC (Allocation Failure) 35312K->435K(76864K), 0.0003210 secs]
277.712: [GC (Allocation Failure) 34140K->435K(75776K), 0.0002100 secs]
277.727: [GC (Allocation Failure) 33065K->435K(82368K), 0.0002120 secs]
277.770: [GC (Allocation Failure) 39707K->435K(81024K), 0.0002210 secs]
277.791: [GC (Allocation Failure) 38340K->435K(79744K), 0.0002000 secs]
277.819: [GC (Allocation Failure) 37070K->435K(78528K), 0.0002730 secs]
277.872: [GC (Allocation Failure) 35800K->435K(77312K), 0.0002120 secs]
277.887: [GC (Allocation Failure) 34628K->435K(76160K), 0.0002020 secs]
277.903: [GC (Allocation Failure) 33456K->435K(75072K), 0.0001980 secs]
277.972: [GC (Allocation Failure) 32382K->435K(74048K), 0.0002030 secs]
278.021: [GC (Allocation Failure) 31405K->435K(73088K), 0.0002220 secs]
278.039: [GC (Allocation Failure) 30428K->435K(72128K), 0.0002670 secs]
278.066: [GC (Allocation Failure) 29451K->435K(71232K), 0.0002060 secs]
278.082: [GC (Allocation Failure) 28572K->435K(70400K), 0.0002720 secs]
278.099: [GC (Allocation Failure) 27693K->435K(69568K), 0.0002110 secs]
278.145: [GC (Allocation Failure) 26912K->435K(68800K), 0.0002020 secs]
278.161: [GC (Allocation Failure) 26131K->435K(68032K), 0.0002140 secs]
278.176: [GC (Allocation Failure) 25349K->435K(67328K), 0.0002030 secs]
278.187: [GC (Allocation Failure) 24662K->435K(72192K), 0.0002160 secs]
278.320: [GC (Allocation Failure) 29549K->435K(71296K), 0.0002240 secs]
278.333: [GC (Allocation Failure) 28572K->435K(76992K), 0.0002670 secs]
278.352: [GC (Allocation Failure) 34335K->435K(83776K), 0.0002020 secs]
278.385: [GC (Allocation Failure) 41074K->435K(82368K), 0.0002240 secs]
278.403: [GC (Allocation Failure) 39707K->435K(81024K), 0.0002260 secs]
278.422: [GC (Allocation Failure) 38340K->435K(79744K), 0.0002030 secs]
278.451: [GC (Allocation Failure) 37070K->435K(78528K), 0.0002180 secs]
278.466: [GC (Allocation Failure) 35800K->435K(85632K), 0.0003460 secs]
278.485: [GC (Allocation Failure) 42930K->435K(94144K), 0.0002150 secs]
278.531: [GC (Allocation Failure) 51432K->435K(92224K), 0.0002190 secs]
278.554: [GC (Allocation Failure) 49572K->435K(90432K), 0.0002100 secs]
278.628: [GC (Allocation Failure) 47716K->435K(88704K), 0.0002170 secs]
278.651: [GC (Allocation Failure) 46056K->435K(87040K), 0.0002050 secs]
278.670: [GC (Allocation Failure) 44395K->435K(85440K), 0.0002130 secs]
278.688: [GC (Allocation Failure) 42735K->435K(83968K), 0.0002020 secs]
278.710: [GC (Allocation Failure) 41270K->435K(82560K), 0.0002110 secs]
278.771: [GC (Allocation Failure) 39902K->435K(81216K), 0.0002120 secs]
278.792: [GC (Allocation Failure) 38535K->435K(79936K), 0.0002120 secs]
278.812: [GC (Allocation Failure) 37265K->435K(78656K), 0.0002140 secs]
278.828: [GC (Allocation Failure) 35996K->435K(77440K), 0.0002170 secs]
278.843: [GC (Allocation Failure) 34726K->435K(76288K), 0.0002110 secs]
278.857: [GC (Allocation Failure) 33554K->435K(82944K), 0.0002030 secs]
278.878: [GC (Allocation Failure) 40293K->435K(81536K), 0.0002200 secs]
278.975: [GC (Allocation Failure) 38828K->435K(80192K), 0.0002200 secs]
278.995: [GC (Allocation Failure) 37461K->435K(78912K), 0.0002100 secs]
279.024: [GC (Allocation Failure) 36191K->435K(77696K), 0.0002060 secs]
279.039: [GC (Allocation Failure) 35019K->435K(76544K), 0.0002130 secs]
279.055: [GC (Allocation Failure) 33847K->435K(75456K), 0.0001980 secs]
279.169: [GC (Allocation Failure) 32772K->435K(74432K), 0.0002290 secs]
279.187: [GC (Allocation Failure) 31698K->435K(73408K), 0.0002120 secs]
279.200: [GC (Allocation Failure) 30721K->435K(72448K), 0.0002160 secs]
279.249: [GC (Allocation Failure) 29745K->435K(71552K), 0.0002260 secs]
279.263: [GC (Allocation Failure) 28865K->435K(70656K), 0.0002140 secs]
279.275: [GC (Allocation Failure) 27986K->435K(76224K), 0.0002100 secs]
279.289: [GC (Allocation Failure) 33554K->435K(82880K), 0.0002070 secs]
279.306: [GC (Allocation Failure) 40195K->435K(90880K), 0.0002140 secs]
279.383: [GC (Allocation Failure) 48204K->435K(89152K), 0.0002250 secs]
279.405: [GC (Allocation Failure) 46446K->435K(87488K), 0.0002100 secs]
279.478: [GC (Allocation Failure) 44786K->435K(85888K), 0.0002120 secs]
279.497: [GC (Allocation Failure) 43223K->435K(84352K), 0.0002760 secs]
279.573: [GC (Allocation Failure) 41660K->435K(82880K), 0.0002150 secs]
279.623: [GC (Allocation Failure) 40195K->435K(81472K), 0.0002130 secs]
279.655: [GC (Allocation Failure) 38828K->435K(80128K), 0.0002390 secs]
279.672: [GC (Allocation Failure) 37461K->435K(78848K), 0.0002050 secs]
279.691: [GC (Allocation Failure) 36191K->435K(77632K), 0.0002090 secs]
279.753: [GC (Allocation Failure) 34921K->435K(76480K), 0.0002070 secs]
279.772: [GC (Allocation Failure) 33749K->435K(75392K), 0.0002110 secs]
279.786: [GC (Allocation Failure) 32675K->435K(81856K), 0.0003310 secs]
279.827: [GC (Allocation Failure) 39219K->435K(80512K), 0.0002140 secs]
279.847: [GC (Allocation Failure) 37851K->435K(79232K), 0.0002030 secs]
279.863: [GC (Allocation Failure) 36582K->435K(78016K), 0.0002010 secs]
279.878: [GC (Allocation Failure) 35312K->435K(76864K), 0.0002100 secs]
279.920: [GC (Allocation Failure) 34140K->435K(75776K), 0.0002130 secs]
279.935: [GC (Allocation Failure) 33065K->435K(74688K), 0.0001990 secs]
279.948: [GC (Allocation Failure) 31991K->435K(81024K), 0.0002030 secs]
279.973: [GC (Allocation Failure) 38340K->435K(79744K), 0.0002120 secs]
279.989: [GC (Allocation Failure) 37070K->435K(78528K), 0.0002020 secs]
280.075: [GC (Allocation Failure) 35800K->435K(77312K), 0.0002130 secs]
280.091: [GC (Allocation Failure) 34628K->435K(76160K), 0.0002100 secs]
280.106: [GC (Allocation Failure) 33456K->435K(75072K), 0.0002180 secs]
280.132: [GC (Allocation Failure) 32382K->435K(74048K), 0.0002190 secs]
280.170: [GC (Allocation Failure) 31405K->435K(73088K), 0.0002160 secs]
280.223: [GC (Allocation Failure) 30428K->435K(72128K), 0.0002110 secs]
280.239: [GC (Allocation Failure) 29451K->435K(71232K), 0.0002000 secs]
280.252: [GC (Allocation Failure) 28572K->435K(70400K), 0.0002150 secs]
280.264: [GC (Allocation Failure) 27693K->435K(75904K), 0.0002120 secs]
280.282: [GC (Allocation Failure) 33261K->435K(82496K), 0.0002420 secs]
280.304: [GC (Allocation Failure) 39805K->435K(90432K), 0.0002150 secs]
280.324: [GC (Allocation Failure) 47716K->435K(88704K), 0.0002020 secs]
280.345: [GC (Allocation Failure) 46056K->435K(97856K), 0.0002710 secs]
280.396: [GC (Allocation Failure) 55143K->435K(95744K), 0.0002040 secs]
280.426: [GC (Allocation Failure) 53092K->435K(93760K), 0.0002130 secs]
280.457: [GC (Allocation Failure) 51041K->435K(91840K), 0.0002200 secs]
280.557: [GC (Allocation Failure) 49181K->435K(90048K), 0.0002030 secs]
280.577: [GC (Allocation Failure) 47325K->435K(88320K), 0.0002070 secs]
280.631: [GC (Allocation Failure) 45665K->435K(86656K), 0.0002130 secs]
280.650: [GC (Allocation Failure) 44005K->435K(85120K), 0.0002040 secs]
280.725: [GC (Allocation Failure) 42442K->435K(83648K), 0.0002140 secs]
280.743: [GC (Allocation Failure) 40977K->435K(82240K), 0.0002150 secs]
280.778: [GC (Allocation Failure) 39512K->435K(80896K), 0.0002130 secs]
280.798: [GC (Allocation Failure) 38242K->435K(79616K), 0.0002770 secs]
280.814: [GC (Allocation Failure) 36972K->435K(78400K), 0.0002070 secs]
280.851: [GC (Allocation Failure) 35702K->435K(77248K), 0.0002140 secs]
280.877: [GC (Allocation Failure) 34530K->435K(76096K), 0.0002410 secs]
280.892: [GC (Allocation Failure) 33456K->435K(75008K), 0.0002640 secs]
280.921: [GC (Allocation Failure) 32284K->435K(73984K), 0.0002060 secs]
280.953: [GC (Allocation Failure) 31307K->435K(73024K), 0.0002250 secs]
280.967: [GC (Allocation Failure) 30331K->435K(72064K), 0.0002040 secs]
280.983: [GC (Allocation Failure) 29354K->435K(71168K), 0.0002150 secs]
281.000: [GC (Allocation Failure) 28475K->435K(76800K), 0.0002380 secs]
281.022: [GC (Allocation Failure) 34140K->435K(75712K), 0.0002150 secs]
281.041: [GC (Allocation Failure) 33065K->435K(82240K), 0.0002220 secs]
281.075: [GC (Allocation Failure) 39512K->435K(80896K), 0.0002140 secs]
281.091: [GC (Allocation Failure) 38242K->435K(79616K), 0.0002040 secs]
281.111: [GC (Allocation Failure) 36972K->435K(78400K), 0.0001990 secs]
281.130: [GC (Allocation Failure) 35702K->435K(77248K), 0.0002180 secs]
281.150: [GC (Allocation Failure) 34530K->435K(76096K), 0.0002010 secs]
281.164: [GC (Allocation Failure) 33456K->435K(75008K), 0.0002130 secs]
281.226: [GC (Allocation Failure) 32284K->435K(73984K), 0.0002160 secs]
281.240: [GC (Allocation Failure) 31307K->435K(73024K), 0.0002280 secs]
281.257: [GC (Allocation Failure) 30331K->435K(72064K), 0.0002130 secs]
281.269: [GC (Allocation Failure) 29354K->435K(77888K), 0.0002130 secs]
281.289: [GC (Allocation Failure) 35214K->435K(84864K), 0.0002130 secs]
281.311: [GC (Allocation Failure) 42149K->435K(93248K), 0.0002110 secs]
281.337: [GC (Allocation Failure) 50553K->435K(91392K), 0.0002010 secs]
281.359: [GC (Allocation Failure) 48693K->435K(89600K), 0.0002030 secs]
281.532: [GC (Allocation Failure) 46935K->435K(87936K), 0.0002120 secs]
281.556: [GC (Allocation Failure) 45274K->435K(86336K), 0.0002060 secs]
281.574: [GC (Allocation Failure) 43614K->435K(84800K), 0.0002140 secs]
281.626: [GC (Allocation Failure) 42149K->435K(83328K), 0.0002130 secs]
281.649: [GC (Allocation Failure) 40684K->435K(81920K), 0.0002060 secs]
281.670: [GC (Allocation Failure) 39219K->435K(80576K), 0.0002160 secs]
281.691: [GC (Allocation Failure) 37851K->435K(79296K), 0.0002030 secs]
281.707: [GC (Allocation Failure) 36582K->435K(78080K), 0.0002160 secs]
281.726: [GC (Allocation Failure) 35409K->435K(76928K), 0.0002810 secs]
281.741: [GC (Allocation Failure) 34237K->435K(83712K), 0.0002140 secs]
281.763: [GC (Allocation Failure) 41074K->435K(82304K), 0.0002130 secs]
281.784: [GC (Allocation Failure) 39609K->435K(80960K), 0.0002130 secs]
281.879: [GC (Allocation Failure) 38242K->435K(79680K), 0.0002060 secs]
281.895: [GC (Allocation Failure) 36972K->435K(78464K), 0.0002110 secs]
281.914: [GC (Allocation Failure) 35800K->435K(77312K), 0.0002070 secs]
281.981: [GC (Allocation Failure) 34628K->435K(76160K), 0.0002140 secs]
281.996: [GC (Allocation Failure) 33456K->435K(75072K), 0.0002040 secs]
282.056: [GC (Allocation Failure) 32382K->435K(74048K), 0.0002250 secs]
282.074: [GC (Allocation Failure) 31405K->435K(73088K), 0.0002410 secs]
282.122: [GC (Allocation Failure) 30428K->435K(72128K), 0.0002140 secs]
282.151: [GC (Allocation Failure) 29451K->435K(71232K), 0.0002240 secs]
282.167: [GC (Allocation Failure) 28572K->435K(70400K), 0.0002720 secs]
282.183: [GC (Allocation Failure) 27693K->435K(69568K), 0.0002040 secs]
282.199: [GC (Allocation Failure) 26912K->435K(74880K), 0.0002300 secs]
282.217: [GC (Allocation Failure) 32186K->435K(81280K), 0.0002120 secs]
282.237: [GC (Allocation Failure) 38633K->435K(80000K), 0.0002030 secs]
282.254: [GC (Allocation Failure) 37363K->435K(87424K), 0.0002160 secs]
282.277: [GC (Allocation Failure) 44786K->435K(85824K), 0.0002130 secs]
282.300: [GC (Allocation Failure) 43126K->435K(84288K), 0.0002120 secs]
282.322: [GC (Allocation Failure) 41563K->435K(82816K), 0.0002210 secs]
282.352: [GC (Allocation Failure) 40098K->435K(81408K), 0.0002030 secs]
282.394: [GC (Allocation Failure) 38730K->435K(80064K), 0.0002240 secs]
282.411: [GC (Allocation Failure) 37363K->435K(78784K), 0.0001980 secs]
282.426: [GC (Allocation Failure) 36093K->435K(77568K), 0.0001960 secs]
282.441: [GC (Allocation Failure) 34921K->435K(76416K), 0.0002040 secs]
282.456: [GC (Allocation Failure) 33749K->435K(83136K), 0.0002030 secs]
282.477: [GC (Allocation Failure) 40488K->435K(81728K), 0.0002100 secs]
282.527: [GC (Allocation Failure) 39023K->435K(80384K), 0.0002120 secs]
282.543: [GC (Allocation Failure) 37656K->435K(79104K), 0.0002130 secs]
282.666: [GC (Allocation Failure) 36386K->435K(77888K), 0.0002130 secs]
282.685: [GC (Allocation Failure) 35214K->435K(76736K), 0.0002010 secs]
282.773: [GC (Allocation Failure) 34042K->435K(75648K), 0.0002040 secs]
282.828: [GC (Allocation Failure) 32968K->435K(74560K), 0.0002240 secs]
282.843: [GC (Allocation Failure) 31893K->435K(73536K), 0.0002730 secs]
282.860: [GC (Allocation Failure) 30819K->435K(72576K), 0.0002080 secs]
282.877: [GC (Allocation Failure) 29842K->435K(71680K), 0.0002040 secs]
282.890: [GC (Allocation Failure) 28963K->435K(77440K), 0.0002170 secs]
282.926: [GC (Allocation Failure) 34726K->435K(76288K), 0.0002180 secs]
282.953: [GC (Allocation Failure) 33554K->435K(75200K), 0.0002120 secs]
282.971: [GC (Allocation Failure) 32479K->435K(74176K), 0.0002030 secs]
283.028: [GC (Allocation Failure) 31503K->435K(73152K), 0.0002040 secs]
283.045: [GC (Allocation Failure) 30428K->435K(72192K), 0.0002270 secs]
283.058: [GC (Allocation Failure) 29549K->435K(71296K), 0.0002040 secs]
283.074: [GC (Allocation Failure) 28572K->435K(76992K), 0.0002140 secs]
283.165: [GC (Allocation Failure) 34335K->435K(75904K), 0.0002160 secs]
283.225: [GC (Allocation Failure) 33261K->435K(74816K), 0.0002040 secs]
283.257: [GC (Allocation Failure) 32089K->435K(73792K), 0.0002150 secs]
283.271: [GC (Allocation Failure) 31112K->435K(72832K), 0.0002720 secs]
283.328: [GC (Allocation Failure) 30135K->435K(71872K), 0.0002180 secs]
283.341: [GC (Allocation Failure) 29158K->435K(70976K), 0.0002290 secs]
283.353: [GC (Allocation Failure) 28279K->435K(76608K), 0.0002140 secs]
283.368: [GC (Allocation Failure) 33944K->435K(83328K), 0.0002020 secs]
283.528: [GC (Allocation Failure) 40684K->435K(81920K), 0.0002960 secs]
283.556: [GC (Allocation Failure) 39219K->435K(80576K), 0.0002150 secs]
283.576: [GC (Allocation Failure) 37851K->435K(79296K), 0.0002080 secs]
283.592: [GC (Allocation Failure) 36582K->435K(78080K), 0.0002160 secs]
283.611: [GC (Allocation Failure) 35409K->435K(76928K), 0.0002120 secs]
283.680: [GC (Allocation Failure) 34237K->435K(75840K), 0.0002060 secs]
283.698: [GC (Allocation Failure) 33163K->435K(74752K), 0.0002180 secs]
283.712: [GC (Allocation Failure) 32089K->435K(73728K), 0.0002130 secs]
283.776: [GC (Allocation Failure) 31014K->435K(72768K), 0.0002120 secs]
283.788: [GC (Allocation Failure) 30038K->435K(71808K), 0.0002110 secs]
283.874: [GC (Allocation Failure) 29158K->435K(70912K), 0.0002110 secs]
283.924: [GC (Allocation Failure) 28182K->435K(70080K), 0.0002120 secs]
283.935: [GC (Allocation Failure) 27400K->435K(69248K), 0.0002110 secs]
284.056: [GC (Allocation Failure) 26521K->435K(68480K), 0.0002200 secs]
284.068: [GC (Allocation Failure) 25838K->435K(73600K), 0.0003210 secs]
284.129: [GC (Allocation Failure) 30917K->435K(72640K), 0.0002280 secs]
284.143: [GC (Allocation Failure) 29940K->435K(78592K), 0.0003900 secs]
284.166: [GC (Allocation Failure) 35898K->435K(85696K), 0.0002040 secs]
284.234: [GC (Allocation Failure) 43028K->435K(84160K), 0.0002220 secs]
284.252: [GC (Allocation Failure) 41465K->435K(82688K), 0.0002030 secs]
284.279: [GC (Allocation Failure) 40000K->435K(81344K), 0.0002020 secs]
284.359: [GC (Allocation Failure) 38633K->435K(80000K), 0.0002120 secs]
284.380: [GC (Allocation Failure) 37363K->435K(78720K), 0.0002200 secs]
284.424: [GC (Allocation Failure) 35996K->435K(77504K), 0.0002130 secs]
284.439: [GC (Allocation Failure) 34823K->435K(76352K), 0.0002120 secs]
284.458: [GC (Allocation Failure) 33651K->435K(75264K), 0.0002370 secs]
284.477: [GC (Allocation Failure) 32577K->435K(74240K), 0.0002120 secs]
284.494: [GC (Allocation Failure) 31600K->435K(73216K), 0.0002310 secs]
284.508: [GC (Allocation Failure) 30526K->435K(79296K), 0.0002030 secs]
284.528: [GC (Allocation Failure) 36582K->435K(86592K), 0.0002280 secs]
284.547: [GC (Allocation Failure) 43907K->435K(85056K), 0.0002050 secs]
284.577: [GC (Allocation Failure) 42344K->435K(83584K), 0.0002030 secs]
284.672: [GC (Allocation Failure) 40879K->435K(82176K), 0.0002190 secs]
284.689: [GC (Allocation Failure) 39512K->435K(80832K), 0.0002040 secs]
284.829: [GC (Allocation Failure) 38144K->435K(79552K), 0.0002140 secs]
284.845: [GC (Allocation Failure) 36875K->435K(78336K), 0.0002030 secs]
284.863: [GC (Allocation Failure) 35605K->435K(77184K), 0.0002100 secs]
284.978: [GC (Allocation Failure) 34530K->435K(76032K), 0.0002130 secs]
284.992: [GC (Allocation Failure) 33358K->435K(74944K), 0.0002040 secs]
285.010: [GC (Allocation Failure) 32284K->435K(73920K), 0.0002110 secs]
285.028: [GC (Allocation Failure) 31210K->435K(72960K), 0.0002090 secs]
285.080: [GC (Allocation Failure) 30233K->435K(72000K), 0.0002050 secs]
285.093: [GC (Allocation Failure) 29354K->435K(71104K), 0.0002260 secs]
285.109: [GC (Allocation Failure) 28377K->435K(70272K), 0.0001990 secs]
285.121: [GC (Allocation Failure) 27596K->435K(75712K), 0.0002740 secs]
285.173: [GC (Allocation Failure) 33065K->435K(82240K), 0.0002400 secs]
285.191: [GC (Allocation Failure) 39512K->435K(90112K), 0.0002150 secs]
285.212: [GC (Allocation Failure) 47423K->435K(88384K), 0.0002140 secs]
285.262: [GC (Allocation Failure) 45665K->435K(86720K), 0.0002300 secs]
285.333: [GC (Allocation Failure) 44005K->435K(85184K), 0.0002060 secs]
285.377: [GC (Allocation Failure) 42540K->435K(83712K), 0.0002200 secs]
285.431: [GC (Allocation Failure) 41074K->435K(82304K), 0.0002030 secs]
285.481: [GC (Allocation Failure) 39609K->435K(80960K), 0.0002240 secs]
285.501: [GC (Allocation Failure) 38242K->435K(79680K), 0.0002100 secs]
285.549: [GC (Allocation Failure) 36972K->435K(78464K), 0.0002070 secs]
285.565: [GC (Allocation Failure) 35800K->435K(77312K), 0.0002120 secs]
285.584: [GC (Allocation Failure) 34628K->435K(76160K), 0.0002210 secs]
285.633: [GC (Allocation Failure) 33456K->435K(75072K), 0.0002120 secs]
285.650: [GC (Allocation Failure) 32382K->435K(74048K), 0.0002050 secs]
285.668: [GC (Allocation Failure) 31405K->435K(73088K), 0.0002020 secs]
285.685: [GC (Allocation Failure) 30428K->435K(72128K), 0.0002200 secs]
285.702: [GC (Allocation Failure) 29451K->435K(71232K), 0.0002120 secs]
285.715: [GC (Allocation Failure) 28572K->435K(76864K), 0.0002160 secs]
285.759: [GC (Allocation Failure) 34140K->435K(75776K), 0.0002250 secs]
285.778: [GC (Allocation Failure) 33065K->435K(74688K), 0.0002100 secs]
285.832: [GC (Allocation Failure) 31991K->435K(73664K), 0.0002230 secs]
285.850: [GC (Allocation Failure) 31014K->435K(72704K), 0.0002370 secs]
285.882: [GC (Allocation Failure) 30038K->435K(71808K), 0.0002210 secs]
285.894: [GC (Allocation Failure) 29158K->435K(70912K), 0.0002280 secs]
285.911: [GC (Allocation Failure) 28182K->435K(76480K), 0.0002220 secs]
285.977: [GC (Allocation Failure) 33749K->435K(75392K), 0.0002230 secs]
285.992: [GC (Allocation Failure) 32675K->435K(81856K), 0.0002720 secs]
286.009: [GC (Allocation Failure) 39219K->435K(89664K), 0.0002020 secs]
286.033: [GC (Allocation Failure) 46935K->435K(87936K), 0.0002120 secs]
286.057: [GC (Allocation Failure) 45274K->435K(86336K), 0.0002110 secs]
286.075: [GC (Allocation Failure) 43614K->435K(84800K), 0.0002020 secs]
286.093: [GC (Allocation Failure) 42149K->435K(83328K), 0.0002020 secs]
286.115: [GC (Allocation Failure) 40684K->435K(81920K), 0.0002110 secs]
286.136: [GC (Allocation Failure) 39219K->435K(80576K), 0.0002100 secs]
286.181: [GC (Allocation Failure) 37851K->435K(79296K), 0.0002060 secs]
286.231: [GC (Allocation Failure) 36582K->435K(78080K), 0.0002090 secs]
286.246: [GC (Allocation Failure) 35409K->435K(76928K), 0.0002040 secs]
286.264: [GC (Allocation Failure) 34237K->435K(75840K), 0.0002110 secs]
286.355: [GC (Allocation Failure) 33163K->435K(74752K), 0.0002030 secs]
286.369: [GC (Allocation Failure) 32089K->435K(73728K), 0.0002060 secs]
286.383: [GC (Allocation Failure) 31014K->435K(72768K), 0.0002030 secs]
286.417: [GC (Allocation Failure) 30038K->435K(71808K), 0.0002120 secs]
286.458: [GC (Allocation Failure) 29158K->435K(70912K), 0.0002180 secs]
286.474: [GC (Allocation Failure) 28182K->435K(70080K), 0.0002730 secs]
286.486: [GC (Allocation Failure) 27400K->435K(75520K), 0.0002200 secs]
286.534: [GC (Allocation Failure) 32870K->435K(74496K), 0.0002400 secs]
286.553: [GC (Allocation Failure) 31796K->435K(73472K), 0.0002290 secs]
286.571: [GC (Allocation Failure) 30819K->435K(72512K), 0.0002060 secs]
286.588: [GC (Allocation Failure) 29842K->435K(71616K), 0.0002270 secs]
286.601: [GC (Allocation Failure) 28963K->435K(77376K), 0.0002640 secs]
286.730: [GC (Allocation Failure) 34726K->435K(76224K), 0.0002040 secs]
286.781: [GC (Allocation Failure) 33554K->435K(75136K), 0.0002280 secs]
286.795: [GC (Allocation Failure) 32479K->435K(74112K), 0.0002130 secs]
286.833: [GC (Allocation Failure) 31405K->435K(73152K), 0.0002190 secs]
286.852: [GC (Allocation Failure) 30428K->435K(72192K), 0.0002090 secs]
286.883: [GC (Allocation Failure) 29549K->435K(71296K), 0.0002070 secs]
286.896: [GC (Allocation Failure) 28572K->435K(70400K), 0.0002260 secs]
286.908: [GC (Allocation Failure) 27693K->435K(75904K), 0.0002040 secs]
286.927: [GC (Allocation Failure) 33261K->435K(82496K), 0.0002120 secs]
286.966: [GC (Allocation Failure) 39805K->435K(81152K), 0.0002380 secs]
286.987: [GC (Allocation Failure) 38437K->435K(79872K), 0.0002110 secs]
287.003: [GC (Allocation Failure) 37168K->435K(78656K), 0.0002020 secs]
287.022: [GC (Allocation Failure) 35996K->435K(77440K), 0.0002130 secs]
287.085: [GC (Allocation Failure) 34726K->435K(76288K), 0.0002060 secs]
287.104: [GC (Allocation Failure) 33554K->435K(75200K), 0.0002070 secs]
287.118: [GC (Allocation Failure) 32479K->435K(74176K), 0.0002250 secs]
287.167: [GC (Allocation Failure) 31503K->435K(73152K), 0.0002040 secs]
287.184: [GC (Allocation Failure) 30428K->435K(72192K), 0.0002000 secs]
287.196: [GC (Allocation Failure) 29549K->435K(71296K), 0.0002120 secs]
287.233: [GC (Allocation Failure) 28572K->435K(70400K), 0.0002090 secs]
287.250: [GC (Allocation Failure) 27693K->435K(69568K), 0.0002290 secs]
287.266: [GC (Allocation Failure) 26912K->435K(74880K), 0.0002680 secs]
287.330: [GC (Allocation Failure) 32186K->435K(73856K), 0.0002050 secs]
287.380: [GC (Allocation Failure) 31210K->435K(72896K), 0.0002240 secs]
287.397: [GC (Allocation Failure) 30233K->435K(71936K), 0.0002700 secs]
287.414: [GC (Allocation Failure) 29256K->435K(71040K), 0.0002180 secs]
287.426: [GC (Allocation Failure) 28377K->435K(76672K), 0.0002030 secs]
287.631: [GC (Allocation Failure) 33944K->435K(75584K), 0.0002150 secs]
287.661: [GC (Allocation Failure) 32870K->435K(74560K), 0.0002100 secs]
287.679: [GC (Allocation Failure) 31893K->435K(73536K), 0.0002740 secs]
287.696: [GC (Allocation Failure) 30819K->435K(72576K), 0.0002270 secs]
287.714: [GC (Allocation Failure) 29842K->435K(71680K), 0.0002160 secs]
287.764: [GC (Allocation Failure) 28963K->435K(70784K), 0.0002070 secs]
287.780: [GC (Allocation Failure) 28084K->435K(69952K), 0.0002170 secs]
287.796: [GC (Allocation Failure) 27303K->435K(69120K), 0.0002310 secs]
287.808: [GC (Allocation Failure) 26424K->435K(74368K), 0.0002040 secs]
287.826: [GC (Allocation Failure) 31698K->435K(80640K), 0.0002020 secs]
287.843: [GC (Allocation Failure) 37949K->435K(88192K), 0.0002020 secs]
287.891: [GC (Allocation Failure) 45470K->435K(86592K), 0.0002230 secs]
287.914: [GC (Allocation Failure) 43907K->435K(85056K), 0.0002120 secs]
287.986: [GC (Allocation Failure) 42344K->435K(83584K), 0.0002140 secs]
288.007: [GC (Allocation Failure) 40879K->435K(82176K), 0.0002100 secs]
288.025: [GC (Allocation Failure) 39512K->435K(80832K), 0.0002010 secs]
288.067: [GC (Allocation Failure) 38144K->435K(79552K), 0.0002090 secs]
288.163: [GC (Allocation Failure) 36875K->435K(78336K), 0.0002140 secs]
288.183: [GC (Allocation Failure) 35605K->435K(77184K), 0.0002080 secs]
288.202: [GC (Allocation Failure) 34530K->435K(76032K), 0.0002140 secs]
288.218: [GC (Allocation Failure) 33358K->435K(74944K), 0.0002280 secs]
288.282: [GC (Allocation Failure) 32284K->435K(73920K), 0.0002140 secs]
288.295: [GC (Allocation Failure) 31210K->435K(72960K), 0.0002140 secs]
288.308: [GC (Allocation Failure) 30233K->435K(72000K), 0.0002030 secs]
288.334: [GC (Allocation Failure) 29354K->435K(71104K), 0.0002070 secs]
288.347: [GC (Allocation Failure) 28377K->435K(76736K), 0.0002060 secs]
288.378: [GC (Allocation Failure) 34042K->435K(83520K), 0.0003320 secs]
288.397: [GC (Allocation Failure) 40879K->435K(91648K), 0.0002200 secs]
288.430: [GC (Allocation Failure) 48986K->435K(89856K), 0.0002220 secs]
288.450: [GC (Allocation Failure) 47130K->435K(88128K), 0.0002010 secs]
288.502: [GC (Allocation Failure) 45470K->435K(86528K), 0.0002390 secs]
288.521: [GC (Allocation Failure) 43809K->435K(84992K), 0.0002030 secs]
288.549: [GC (Allocation Failure) 42344K->435K(83520K), 0.0002560 secs]
288.568: [GC (Allocation Failure) 40879K->435K(82112K), 0.0002060 secs]
288.592: [GC (Allocation Failure) 39414K->435K(80768K), 0.0002120 secs]
288.612: [GC (Allocation Failure) 38047K->435K(79488K), 0.0002060 secs]
288.629: [GC (Allocation Failure) 36777K->435K(78272K), 0.0002040 secs]
288.669: [GC (Allocation Failure) 35605K->435K(77120K), 0.0002080 secs]
288.683: [GC (Allocation Failure) 34433K->435K(75968K), 0.0002140 secs]
288.702: [GC (Allocation Failure) 33261K->435K(74880K), 0.0002130 secs]
288.719: [GC (Allocation Failure) 32186K->435K(73856K), 0.0002010 secs]
288.836: [GC (Allocation Failure) 31210K->435K(72896K), 0.0002040 secs]
288.854: [GC (Allocation Failure) 30233K->435K(71936K), 0.0001990 secs]
288.869: [GC (Allocation Failure) 29256K->435K(71040K), 0.0002130 secs]
288.961: [GC (Allocation Failure) 28377K->435K(70208K), 0.0002070 secs]
288.985: [GC (Allocation Failure) 27498K->435K(69376K), 0.0002130 secs]
289.001: [GC (Allocation Failure) 26717K->435K(68608K), 0.0002290 secs]
289.017: [GC (Allocation Failure) 25935K->435K(73728K), 0.0002700 secs]
289.082: [GC (Allocation Failure) 31014K->435K(72768K), 0.0002150 secs]
289.095: [GC (Allocation Failure) 30038K->435K(71808K), 0.0002020 secs]
289.111: [GC (Allocation Failure) 29158K->435K(77568K), 0.0002220 secs]
289.134: [GC (Allocation Failure) 34921K->435K(76416K), 0.0002030 secs]
289.157: [GC (Allocation Failure) 33749K->435K(75328K), 0.0002200 secs]
289.171: [GC (Allocation Failure) 32675K->435K(81792K), 0.0002130 secs]
289.270: [GC (Allocation Failure) 39121K->435K(80448K), 0.0002210 secs]
289.286: [GC (Allocation Failure) 37754K->435K(79168K), 0.0002060 secs]
289.335: [GC (Allocation Failure) 36484K->435K(77952K), 0.0002130 secs]
289.351: [GC (Allocation Failure) 35312K->435K(76800K), 0.0002130 secs]
289.365: [GC (Allocation Failure) 34140K->435K(75712K), 0.0002150 secs]
289.437: [GC (Allocation Failure) 33065K->435K(74624K), 0.0002140 secs]
289.452: [GC (Allocation Failure) 31893K->435K(73600K), 0.0002020 secs]
289.487: [GC (Allocation Failure) 30917K->435K(72640K), 0.0002210 secs]
289.500: [GC (Allocation Failure) 29940K->435K(71744K), 0.0002020 secs]
289.636: [GC (Allocation Failure) 29061K->435K(70848K), 0.0002170 secs]
289.648: [GC (Allocation Failure) 28182K->435K(70016K), 0.0002250 secs]
289.660: [GC (Allocation Failure) 27303K->435K(75456K), 0.0002020 secs]
289.738: [GC (Allocation Failure) 32772K->435K(74432K), 0.0002120 secs]
289.752: [GC (Allocation Failure) 31698K->435K(73408K), 0.0002140 secs]
289.769: [GC (Allocation Failure) 30721K->435K(72448K), 0.0002010 secs]
289.782: [GC (Allocation Failure) 29745K->435K(78336K), 0.0002260 secs]
289.801: [GC (Allocation Failure) 35605K->435K(85440K), 0.0002110 secs]
289.942: [GC (Allocation Failure) 42735K->435K(83968K), 0.0002340 secs]
289.960: [GC (Allocation Failure) 41270K->435K(82560K), 0.0002020 secs]
290.037: [GC (Allocation Failure) 39902K->435K(81216K), 0.0002030 secs]
290.067: [GC (Allocation Failure) 38535K->435K(79936K), 0.0002200 secs]
290.084: [GC (Allocation Failure) 37265K->435K(78656K), 0.0002030 secs]
290.103: [GC (Allocation Failure) 35996K->435K(77440K), 0.0002010 secs]
290.121: [GC (Allocation Failure) 34726K->435K(76288K), 0.0002300 secs]
290.165: [GC (Allocation Failure) 33554K->435K(75200K), 0.0002130 secs]
290.179: [GC (Allocation Failure) 32479K->435K(74176K), 0.0002040 secs]
290.196: [GC (Allocation Failure) 31503K->435K(73152K), 0.0002100 secs]
290.287: [GC (Allocation Failure) 30428K->435K(72192K), 0.0002070 secs]
290.300: [GC (Allocation Failure) 29549K->435K(71296K), 0.0002180 secs]
290.317: [GC (Allocation Failure) 28572K->435K(70400K), 0.0002120 secs]
290.333: [GC (Allocation Failure) 27693K->435K(69568K), 0.0002020 secs]
290.349: [GC (Allocation Failure) 26912K->435K(74880K), 0.0002250 secs]
290.381: [GC (Allocation Failure) 32186K->435K(73856K), 0.0002050 secs]
290.398: [GC (Allocation Failure) 31210K->435K(72896K), 0.0002220 secs]
290.416: [GC (Allocation Failure) 30233K->435K(71936K), 0.0002010 secs]
290.433: [GC (Allocation Failure) 29256K->435K(77760K), 0.0002270 secs]
290.452: [GC (Allocation Failure) 35116K->435K(84736K), 0.0003160 secs]
290.472: [GC (Allocation Failure) 42051K->435K(93120K), 0.0002770 secs]
290.543: [GC (Allocation Failure) 50455K->435K(91264K), 0.0002140 secs]
290.564: [GC (Allocation Failure) 48595K->435K(89472K), 0.0002050 secs]
290.588: [GC (Allocation Failure) 46739K->435K(87808K), 0.0002220 secs]
290.641: [GC (Allocation Failure) 45079K->435K(86208K), 0.0002030 secs]
290.789: [GC (Allocation Failure) 43516K->435K(84672K), 0.0002040 secs]
290.844: [GC (Allocation Failure) 41953K->435K(83200K), 0.0002120 secs]
290.861: [GC (Allocation Failure) 40488K->435K(81792K), 0.0002020 secs]
290.882: [GC (Allocation Failure) 39121K->435K(80448K), 0.0002730 secs]
290.898: [GC (Allocation Failure) 37754K->435K(79168K), 0.0002040 secs]
290.937: [GC (Allocation Failure) 36484K->435K(77952K), 0.0002030 secs]
291.091: [GC (Allocation Failure) 35312K->435K(76800K), 0.0002810 secs]
291.110: [GC (Allocation Failure) 34140K->435K(75712K), 0.0002050 secs]
291.124: [GC (Allocation Failure) 33065K->435K(74624K), 0.0002090 secs]
291.142: [GC (Allocation Failure) 31893K->435K(73600K), 0.0002080 secs]
291.172: [GC (Allocation Failure) 30917K->435K(72640K), 0.0002150 secs]
291.189: [GC (Allocation Failure) 29940K->435K(71744K), 0.0002100 secs]
291.234: [GC (Allocation Failure) 29061K->435K(70848K), 0.0002050 secs]
291.265: [GC (Allocation Failure) 28182K->435K(70016K), 0.0002150 secs]
291.277: [GC (Allocation Failure) 27303K->435K(69184K), 0.0002030 secs]
291.368: [GC (Allocation Failure) 26521K->435K(68416K), 0.0002120 secs]
291.383: [GC (Allocation Failure) 25740K->435K(67648K), 0.0002290 secs]
291.398: [GC (Allocation Failure) 24955K->435K(72576K), 0.0003280 secs]
291.415: [GC (Allocation Failure) 29842K->435K(78528K), 0.0002210 secs]
291.442: [GC (Allocation Failure) 35800K->435K(85632K), 0.0002130 secs]
291.464: [GC (Allocation Failure) 42930K->435K(84096K), 0.0002130 secs]
291.490: [GC (Allocation Failure) 41367K->435K(82624K), 0.0002350 secs]
291.511: [GC (Allocation Failure) 39902K->435K(81280K), 0.0002120 secs]
291.532: [GC (Allocation Failure) 38633K->435K(80000K), 0.0002210 secs]
291.643: [GC (Allocation Failure) 37363K->435K(78720K), 0.0002830 secs]
291.659: [GC (Allocation Failure) 35996K->435K(77504K), 0.0002080 secs]
291.692: [GC (Allocation Failure) 34823K->435K(76352K), 0.0002190 secs]
291.707: [GC (Allocation Failure) 33651K->435K(75264K), 0.0002140 secs]
291.721: [GC (Allocation Failure) 32577K->435K(74240K), 0.0002050 secs]
291.740: [GC (Allocation Failure) 31600K->435K(73216K), 0.0002120 secs]
291.754: [GC (Allocation Failure) 30526K->435K(79296K), 0.0003160 secs]
291.942: [GC (Allocation Failure) 36582K->435K(78080K), 0.0002210 secs]
291.958: [GC (Allocation Failure) 35409K->435K(85120K), 0.0002180 secs]
291.991: [GC (Allocation Failure) 42442K->435K(83648K), 0.0002100 secs]
292.009: [GC (Allocation Failure) 40977K->435K(82240K), 0.0002150 secs]
292.044: [GC (Allocation Failure) 39512K->435K(80896K), 0.0002210 secs]
292.064: [GC (Allocation Failure) 38242K->435K(79616K), 0.0002130 secs]
292.093: [GC (Allocation Failure) 36972K->435K(78400K), 0.0002100 secs]
292.112: [GC (Allocation Failure) 35702K->435K(77248K), 0.0002020 secs]
292.131: [GC (Allocation Failure) 34530K->435K(76096K), 0.0002090 secs]
292.146: [GC (Allocation Failure) 33456K->435K(75008K), 0.0002170 secs]
292.164: [GC (Allocation Failure) 32284K->435K(73984K), 0.0002140 secs]
292.177: [GC (Allocation Failure) 31307K->435K(80192K), 0.0002040 secs]
292.244: [GC (Allocation Failure) 37461K->435K(78912K), 0.0002210 secs]
292.260: [GC (Allocation Failure) 36191K->435K(77696K), 0.0002140 secs]
292.293: [GC (Allocation Failure) 35019K->435K(76544K), 0.0002120 secs]
292.308: [GC (Allocation Failure) 33847K->435K(75456K), 0.0002020 secs]
292.322: [GC (Allocation Failure) 32772K->435K(81984K), 0.0002110 secs]
292.343: [GC (Allocation Failure) 39316K->435K(80640K), 0.0001990 secs]
292.393: [GC (Allocation Failure) 37949K->435K(79360K), 0.0002100 secs]
292.413: [GC (Allocation Failure) 36679K->435K(78144K), 0.0002010 secs]
292.429: [GC (Allocation Failure) 35409K->435K(76992K), 0.0001980 secs]
292.473: [GC (Allocation Failure) 34335K->435K(75904K), 0.0002260 secs]
292.488: [GC (Allocation Failure) 33261K->435K(74816K), 0.0002160 secs]
292.506: [GC (Allocation Failure) 32089K->435K(73792K), 0.0002130 secs]
292.519: [GC (Allocation Failure) 31112K->435K(79936K), 0.0002180 secs]
292.536: [GC (Allocation Failure) 37265K->435K(87360K), 0.0002040 secs]
292.555: [GC (Allocation Failure) 44688K->435K(85760K), 0.0001970 secs]
292.577: [GC (Allocation Failure) 43028K->435K(84224K), 0.0002080 secs]
292.600: [GC (Allocation Failure) 41563K->435K(82752K), 0.0002110 secs]
292.645: [GC (Allocation Failure) 40098K->435K(81344K), 0.0002140 secs]
292.666: [GC (Allocation Failure) 38633K->435K(80000K), 0.0002010 secs]
292.682: [GC (Allocation Failure) 37363K->435K(78720K), 0.0002040 secs]
292.778: [GC (Allocation Failure) 35996K->435K(77504K), 0.0002280 secs]
292.797: [GC (Allocation Failure) 34823K->435K(76352K), 0.0002050 secs]
292.812: [GC (Allocation Failure) 33651K->435K(75264K), 0.0002130 secs]
292.826: [GC (Allocation Failure) 32577K->435K(74240K), 0.0002030 secs]
292.871: [GC (Allocation Failure) 31600K->435K(73216K), 0.0002150 secs]
292.884: [GC (Allocation Failure) 30526K->435K(72256K), 0.0002030 secs]
292.900: [GC (Allocation Failure) 29549K->435K(71360K), 0.0002100 secs]
292.937: [GC (Allocation Failure) 28670K->435K(70464K), 0.0002170 secs]
292.974: [GC (Allocation Failure) 27791K->435K(69632K), 0.0002220 secs]
292.990: [GC (Allocation Failure) 26912K->435K(68864K), 0.0002890 secs]
293.086: [GC (Allocation Failure) 26131K->435K(68096K), 0.0002770 secs]
293.140: [GC (Allocation Failure) 25447K->435K(67392K), 0.0002130 secs]
293.151: [GC (Allocation Failure) 24662K->435K(66688K), 0.0002170 secs]
293.161: [GC (Allocation Failure) 23978K->435K(71424K), 0.0002020 secs]
293.175: [GC (Allocation Failure) 28768K->435K(77120K), 0.0002120 secs]
293.190: [GC (Allocation Failure) 34433K->435K(83968K), 0.0002020 secs]
293.243: [GC (Allocation Failure) 41270K->435K(82560K), 0.0002010 secs]
293.379: [GC (Allocation Failure) 39902K->435K(81216K), 0.0002830 secs]
293.396: [GC (Allocation Failure) 38535K->435K(79936K), 0.0002190 secs]
293.442: [GC (Allocation Failure) 37265K->435K(78656K), 0.0002280 secs]
293.461: [GC (Allocation Failure) 35996K->435K(77440K), 0.0002010 secs]
293.494: [GC (Allocation Failure) 34726K->435K(76288K), 0.0002750 secs]
293.513: [GC (Allocation Failure) 33554K->435K(75200K), 0.0002760 secs]
293.527: [GC (Allocation Failure) 32479K->435K(74176K), 0.0002170 secs]
293.669: [GC (Allocation Failure) 31503K->435K(73152K), 0.0003710 secs]
293.687: [GC (Allocation Failure) 30428K->435K(72192K), 0.0002300 secs]
293.700: [GC (Allocation Failure) 29549K->435K(71296K), 0.0002040 secs]
293.716: [GC (Allocation Failure) 28572K->435K(76992K), 0.0002110 secs]
293.773: [GC (Allocation Failure) 34335K->435K(75904K), 0.0002770 secs]
293.790: [GC (Allocation Failure) 33261K->435K(74816K), 0.0002160 secs]
293.807: [GC (Allocation Failure) 32089K->435K(73792K), 0.0002220 secs]
293.839: [GC (Allocation Failure) 31112K->435K(72832K), 0.0002130 secs]
293.989: [GC (Allocation Failure) 30135K->435K(71872K), 0.0002140 secs]
294.043: [GC (Allocation Failure) 29158K->435K(70976K), 0.0002220 secs]
294.058: [GC (Allocation Failure) 28279K->435K(70144K), 0.0002030 secs]
294.076: [GC (Allocation Failure) 27498K->435K(69312K), 0.0002250 secs]
294.088: [GC (Allocation Failure) 26619K->435K(74560K), 0.0002310 secs]
294.106: [GC (Allocation Failure) 31893K->435K(80896K), 0.0002040 secs]
294.126: [GC (Allocation Failure) 38242K->435K(79616K), 0.0002040 secs]
294.143: [GC (Allocation Failure) 36972K->435K(86976K), 0.0002110 secs]
294.162: [GC (Allocation Failure) 44298K->435K(85376K), 0.0002030 secs]
294.243: [GC (Allocation Failure) 42735K->435K(83904K), 0.0002110 secs]
294.265: [GC (Allocation Failure) 41172K->435K(82496K), 0.0002140 secs]
294.344: [GC (Allocation Failure) 39805K->435K(81152K), 0.0002060 secs]
294.360: [GC (Allocation Failure) 38437K->435K(79872K), 0.0002020 secs]
294.381: [GC (Allocation Failure) 37168K->435K(78656K), 0.0002230 secs]
294.424: [GC (Allocation Failure) 35996K->435K(77440K), 0.0002140 secs]
294.443: [GC (Allocation Failure) 34726K->435K(76288K), 0.0002060 secs]
294.461: [GC (Allocation Failure) 33554K->435K(75200K), 0.0002050 secs]
294.544: [GC (Allocation Failure) 32479K->435K(74176K), 0.0002080 secs]
294.558: [GC (Allocation Failure) 31503K->435K(73152K), 0.0002170 secs]
294.590: [GC (Allocation Failure) 30428K->435K(72192K), 0.0002350 secs]
294.607: [GC (Allocation Failure) 29549K->435K(71296K), 0.0002100 secs]
294.639: [GC (Allocation Failure) 28572K->435K(70400K), 0.0002690 secs]
294.662: [GC (Allocation Failure) 27693K->435K(69568K), 0.0002220 secs]
294.674: [GC (Allocation Failure) 26912K->435K(68800K), 0.0002030 secs]
294.838: [GC (Allocation Failure) 26131K->435K(68032K), 0.0002710 secs]
294.849: [GC (Allocation Failure) 25349K->435K(67328K), 0.0002030 secs]
294.865: [GC (Allocation Failure) 24662K->435K(72192K), 0.0002170 secs]
294.943: [GC (Allocation Failure) 29549K->435K(71296K), 0.0002030 secs]
294.956: [GC (Allocation Failure) 28572K->435K(70400K), 0.0002200 secs]
294.993: [GC (Allocation Failure) 27693K->435K(69568K), 0.0002120 secs]
295.009: [GC (Allocation Failure) 26912K->435K(68800K), 0.0002140 secs]
295.024: [GC (Allocation Failure) 26131K->435K(68032K), 0.0002130 secs]
295.039: [GC (Allocation Failure) 25349K->435K(73024K), 0.0002300 secs]
295.053: [GC (Allocation Failure) 30331K->435K(79040K), 0.0002030 secs]
295.146: [GC (Allocation Failure) 36386K->435K(77824K), 0.0002210 secs]
295.166: [GC (Allocation Failure) 35116K->435K(76672K), 0.0002300 secs]
295.185: [GC (Allocation Failure) 33944K->435K(75584K), 0.0002120 secs]
295.199: [GC (Allocation Failure) 32870K->435K(74560K), 0.0002020 secs]
295.241: [GC (Allocation Failure) 31893K->435K(73536K), 0.0002120 secs]
295.254: [GC (Allocation Failure) 30819K->435K(72576K), 0.0002000 secs]
295.268: [GC (Allocation Failure) 29842K->435K(78528K), 0.0002130 secs]
295.297: [GC (Allocation Failure) 35800K->435K(77312K), 0.0002260 secs]
295.313: [GC (Allocation Failure) 34628K->435K(84160K), 0.0002190 secs]
295.335: [GC (Allocation Failure) 41465K->435K(82688K), 0.0002210 secs]
295.375: [GC (Allocation Failure) 40000K->435K(81344K), 0.0002150 secs]
295.392: [GC (Allocation Failure) 38633K->435K(80000K), 0.0002010 secs]
295.448: [GC (Allocation Failure) 37363K->435K(78720K), 0.0002120 secs]
295.464: [GC (Allocation Failure) 35996K->435K(77504K), 0.0002720 secs]
295.497: [GC (Allocation Failure) 34823K->435K(76352K), 0.0002150 secs]
295.512: [GC (Allocation Failure) 33651K->435K(75264K), 0.0002110 secs]
295.526: [GC (Allocation Failure) 32577K->435K(81728K), 0.0002040 secs]
295.598: [GC (Allocation Failure) 39023K->435K(80384K), 0.0002210 secs]
295.618: [GC (Allocation Failure) 37656K->435K(79104K), 0.0002340 secs]
295.634: [GC (Allocation Failure) 36386K->435K(77888K), 0.0002120 secs]
295.747: [GC (Allocation Failure) 35214K->435K(76736K), 0.0002100 secs]
295.762: [GC (Allocation Failure) 34042K->435K(75648K), 0.0002580 secs]
295.776: [GC (Allocation Failure) 32968K->435K(82176K), 0.0002160 secs]
295.797: [GC (Allocation Failure) 39512K->435K(80832K), 0.0002100 secs]
295.849: [GC (Allocation Failure) 38144K->435K(79552K), 0.0002050 secs]
295.868: [GC (Allocation Failure) 36875K->435K(78336K), 0.0002090 secs]
295.884: [GC (Allocation Failure) 35605K->435K(77184K), 0.0002030 secs]
295.899: [GC (Allocation Failure) 34530K->435K(76032K), 0.0002010 secs]
295.977: [GC (Allocation Failure) 33358K->435K(74944K), 0.0002170 secs]
295.991: [GC (Allocation Failure) 32284K->435K(81344K), 0.0002700 secs]
296.045: [GC (Allocation Failure) 38633K->435K(80000K), 0.0002150 secs]
296.066: [GC (Allocation Failure) 37363K->435K(78720K), 0.0002050 secs]
296.082: [GC (Allocation Failure) 35996K->435K(77504K), 0.0002380 secs]
296.101: [GC (Allocation Failure) 34823K->435K(76352K), 0.0002120 secs]
296.143: [GC (Allocation Failure) 33651K->435K(75264K), 0.0002060 secs]
296.164: [GC (Allocation Failure) 32577K->435K(74240K), 0.0002060 secs]
296.293: [GC (Allocation Failure) 31600K->435K(73216K), 0.0002040 secs]
296.347: [GC (Allocation Failure) 30526K->435K(72256K), 0.0002090 secs]
296.360: [GC (Allocation Failure) 29549K->435K(71360K), 0.0002310 secs]
296.373: [GC (Allocation Failure) 28670K->435K(77056K), 0.0002510 secs]
296.394: [GC (Allocation Failure) 34335K->435K(75904K), 0.0002030 secs]
296.422: [GC (Allocation Failure) 33261K->435K(74816K), 0.0002210 secs]
296.436: [GC (Allocation Failure) 32089K->435K(73792K), 0.0002030 secs]
296.487: [GC (Allocation Failure) 31112K->435K(72832K), 0.0002150 secs]
296.501: [GC (Allocation Failure) 30135K->435K(71872K), 0.0002180 secs]
296.517: [GC (Allocation Failure) 29158K->435K(77632K), 0.0002150 secs]
296.577: [GC (Allocation Failure) 34921K->435K(76480K), 0.0002170 secs]
296.596: [GC (Allocation Failure) 33749K->435K(75392K), 0.0002150 secs]
296.611: [GC (Allocation Failure) 32675K->435K(74368K), 0.0002160 secs]
296.628: [GC (Allocation Failure) 31698K->435K(73344K), 0.0002150 secs]
296.646: [GC (Allocation Failure) 30624K->435K(72384K), 0.0002140 secs]
296.660: [GC (Allocation Failure) 29745K->435K(78272K), 0.0002170 secs]
296.679: [GC (Allocation Failure) 35605K->435K(85312K), 0.0002130 secs]
296.752: [GC (Allocation Failure) 42637K->435K(83840K), 0.0002020 secs]
296.774: [GC (Allocation Failure) 41172K->435K(82432K), 0.0002190 secs]
296.791: [GC (Allocation Failure) 39707K->435K(81088K), 0.0002040 secs]
296.808: [GC (Allocation Failure) 38437K->435K(79808K), 0.0002020 secs]
296.828: [GC (Allocation Failure) 37168K->435K(78592K), 0.0002130 secs]
296.847: [GC (Allocation Failure) 35898K->435K(77376K), 0.0002080 secs]
296.867: [GC (Allocation Failure) 34726K->435K(76224K), 0.0002120 secs]
296.885: [GC (Allocation Failure) 33554K->435K(75136K), 0.0002120 secs]
296.948: [GC (Allocation Failure) 32479K->435K(74112K), 0.0002090 secs]
296.966: [GC (Allocation Failure) 31405K->435K(73152K), 0.0002020 secs]
296.980: [GC (Allocation Failure) 30428K->435K(72192K), 0.0002090 secs]
297.047: [GC (Allocation Failure) 29549K->435K(71296K), 0.0002130 secs]
297.059: [GC (Allocation Failure) 28572K->435K(70400K), 0.0002130 secs]
297.170: [GC (Allocation Failure) 27693K->435K(69568K), 0.0002110 secs]
297.186: [GC (Allocation Failure) 26912K->435K(68800K), 0.0002130 secs]
297.202: [GC (Allocation Failure) 26131K->435K(68032K), 0.0002380 secs]
297.241: [GC (Allocation Failure) 25349K->435K(67328K), 0.0002130 secs]
297.252: [GC (Allocation Failure) 24662K->435K(72192K), 0.0002030 secs]
297.279: [GC (Allocation Failure) 29549K->435K(71296K), 0.0002300 secs]
297.292: [GC (Allocation Failure) 28572K->435K(76992K), 0.0002720 secs]
297.373: [GC (Allocation Failure) 34335K->435K(75904K), 0.0002160 secs]
297.391: [GC (Allocation Failure) 33261K->435K(74816K), 0.0002110 secs]
297.405: [GC (Allocation Failure) 32089K->435K(81216K), 0.0002190 secs]
297.426: [GC (Allocation Failure) 38535K->435K(79936K), 0.0002110 secs]
297.501: [GC (Allocation Failure) 37265K->435K(78656K), 0.0002050 secs]
297.517: [GC (Allocation Failure) 35996K->435K(77440K), 0.0002030 secs]
297.546: [GC (Allocation Failure) 34726K->435K(76288K), 0.0002120 secs]
297.560: [GC (Allocation Failure) 33554K->435K(75200K), 0.0002020 secs]
297.578: [GC (Allocation Failure) 32479K->435K(74176K), 0.0002210 secs]
297.665: [GC (Allocation Failure) 31503K->435K(73152K), 0.0002080 secs]
297.678: [GC (Allocation Failure) 30428K->435K(72192K), 0.0002140 secs]
297.694: [GC (Allocation Failure) 29549K->435K(78016K), 0.0002450 secs]
297.746: [GC (Allocation Failure) 35312K->435K(76864K), 0.0002160 secs]
297.761: [GC (Allocation Failure) 34140K->435K(75776K), 0.0002010 secs]
297.849: [GC (Allocation Failure) 33065K->435K(74688K), 0.0002220 secs]
297.867: [GC (Allocation Failure) 31991K->435K(73664K), 0.0002100 secs]
297.885: [GC (Allocation Failure) 31014K->435K(72704K), 0.0002260 secs]
297.902: [GC (Allocation Failure) 30038K->435K(71808K), 0.0002130 secs]
298.048: [GC (Allocation Failure) 29158K->435K(70912K), 0.0002140 secs]
298.060: [GC (Allocation Failure) 28182K->435K(70080K), 0.0002170 secs]
298.076: [GC (Allocation Failure) 27400K->435K(69248K), 0.0002120 secs]
298.092: [GC (Allocation Failure) 26521K->435K(74496K), 0.0002220 secs]
298.145: [GC (Allocation Failure) 31796K->435K(73472K), 0.0002120 secs]
298.162: [GC (Allocation Failure) 30819K->435K(72512K), 0.0002120 secs]
298.179: [GC (Allocation Failure) 29842K->435K(71616K), 0.0002010 secs]
298.192: [GC (Allocation Failure) 28963K->435K(77376K), 0.0002150 secs]
298.356: [GC (Allocation Failure) 34726K->435K(76224K), 0.0002240 secs]
298.372: [GC (Allocation Failure) 33554K->435K(75136K), 0.0002230 secs]
298.418: [GC (Allocation Failure) 32479K->435K(74112K), 0.0002090 secs]
298.431: [GC (Allocation Failure) 31405K->435K(73152K), 0.0002020 secs]
298.444: [GC (Allocation Failure) 30428K->435K(72192K), 0.0002030 secs]
298.482: [GC (Allocation Failure) 29549K->435K(71296K), 0.0002390 secs]
298.495: [GC (Allocation Failure) 28572K->435K(76992K), 0.0002060 secs]
298.510: [GC (Allocation Failure) 34335K->435K(83776K), 0.0002040 secs]
298.580: [GC (Allocation Failure) 41074K->435K(82368K), 0.0002120 secs]
298.597: [GC (Allocation Failure) 39707K->435K(81024K), 0.0002160 secs]
298.618: [GC (Allocation Failure) 38340K->435K(79744K), 0.0002710 secs]
298.638: [GC (Allocation Failure) 37070K->435K(78528K), 0.0002160 secs]
298.654: [GC (Allocation Failure) 35800K->435K(85632K), 0.0002240 secs]
298.672: [GC (Allocation Failure) 42930K->435K(94144K), 0.0003450 secs]
298.696: [GC (Allocation Failure) 51432K->435K(104384K), 0.0002740 secs]
298.726: [GC (Allocation Failure) 61687K->435K(116672K), 0.0002150 secs]
298.762: [GC (Allocation Failure) 73994K->435K(113664K), 0.0002100 secs]
298.896: [GC (Allocation Failure) 70966K->435K(110848K), 0.0002170 secs]
298.930: [GC (Allocation Failure) 68134K->435K(108160K), 0.0002120 secs]
298.991: [GC (Allocation Failure) 65496K->435K(105600K), 0.0002040 secs]
299.018: [GC (Allocation Failure) 62957K->435K(103168K), 0.0002170 secs]
299.044: [GC (Allocation Failure) 60515K->435K(100800K), 0.0002030 secs]
299.072: [GC (Allocation Failure) 58073K->435K(98560K), 0.0002110 secs]
299.174: [GC (Allocation Failure) 55827K->435K(96448K), 0.0002140 secs]
299.256: [GC (Allocation Failure) 53776K->435K(94400K), 0.0002150 secs]
299.293: [GC (Allocation Failure) 51725K->435K(92480K), 0.0002130 secs]
299.314: [GC (Allocation Failure) 49767K->435K(90624K), 0.0002030 secs]
299.348: [GC (Allocation Failure) 47911K->435K(88896K), 0.0002280 secs]
299.368: [GC (Allocation Failure) 46251K->435K(87232K), 0.0002010 secs]
299.391: [GC (Allocation Failure) 44591K->435K(85632K), 0.0002090 secs]
299.502: [GC (Allocation Failure) 42930K->435K(84096K), 0.0002170 secs]
299.555: [GC (Allocation Failure) 41367K->435K(82624K), 0.0002100 secs]
299.572: [GC (Allocation Failure) 39902K->435K(81280K), 0.0002130 secs]
299.589: [GC (Allocation Failure) 38633K->435K(80000K), 0.0002020 secs]
299.619: [GC (Allocation Failure) 37363K->435K(78720K), 0.0002150 secs]
299.653: [GC (Allocation Failure) 35996K->435K(77504K), 0.0002130 secs]
299.669: [GC (Allocation Failure) 34823K->435K(76352K), 0.0002090 secs]
299.687: [GC (Allocation Failure) 33651K->435K(75264K), 0.0002730 secs]
299.705: [GC (Allocation Failure) 32577K->435K(74240K), 0.0002030 secs]
299.723: [GC (Allocation Failure) 31600K->435K(73216K), 0.0002160 secs]
299.736: [GC (Allocation Failure) 30526K->435K(79296K), 0.0002060 secs]
299.756: [GC (Allocation Failure) 36582K->435K(86592K), 0.0002140 secs]
299.779: [GC (Allocation Failure) 43907K->435K(85056K), 0.0002020 secs]
299.802: [GC (Allocation Failure) 42344K->435K(83584K), 0.0002120 secs]
299.852: [GC (Allocation Failure) 40879K->435K(82176K), 0.0002130 secs]
299.873: [GC (Allocation Failure) 39512K->435K(80832K), 0.0001990 secs]
299.889: [GC (Allocation Failure) 38144K->435K(79552K), 0.0002310 secs]
299.954: [GC (Allocation Failure) 36875K->435K(78336K), 0.0002200 secs]
299.970: [GC (Allocation Failure) 35605K->435K(77184K), 0.0002710 secs]
300.049: [GC (Allocation Failure) 34530K->435K(76032K), 0.0002240 secs]
300.064: [GC (Allocation Failure) 33358K->435K(82624K), 0.0003250 secs]
300.085: [GC (Allocation Failure) 39902K->435K(90560K), 0.0002060 secs]
300.163: [GC (Allocation Failure) 47911K->435K(88832K), 0.0002050 secs]
300.204: [GC (Allocation Failure) 46153K->435K(87168K), 0.0002150 secs]
300.354: [GC (Allocation Failure) 44493K->435K(85568K), 0.0002130 secs]
300.373: [GC (Allocation Failure) 42930K->435K(84032K), 0.0002050 secs]
300.427: [GC (Allocation Failure) 41367K->435K(82624K), 0.0002280 secs]
300.445: [GC (Allocation Failure) 39902K->435K(81280K), 0.0002170 secs]
300.496: [GC (Allocation Failure) 38633K->435K(80000K), 0.0002190 secs]
300.550: [GC (Allocation Failure) 37363K->435K(78720K), 0.0002060 secs]
300.651: [GC (Allocation Failure) 35996K->435K(77504K), 0.0002170 secs]
300.700: [GC (Allocation Failure) 34823K->435K(76352K), 0.0002140 secs]
300.719: [GC (Allocation Failure) 33651K->435K(75264K), 0.0002030 secs]
300.736: [GC (Allocation Failure) 32577K->435K(74240K), 0.0002000 secs]
300.753: [GC (Allocation Failure) 31600K->435K(73216K), 0.0002140 secs]
300.775: [GC (Allocation Failure) 30526K->435K(72256K), 0.0002130 secs]
300.788: [GC (Allocation Failure) 29549K->435K(71360K), 0.0002180 secs]
300.801: [GC (Allocation Failure) 28670K->435K(77056K), 0.0002030 secs]
300.816: [GC (Allocation Failure) 34335K->435K(83904K), 0.0002030 secs]
300.833: [GC (Allocation Failure) 41172K->435K(92096K), 0.0002020 secs]
300.861: [GC (Allocation Failure) 49377K->435K(90304K), 0.0002210 secs]
300.886: [GC (Allocation Failure) 47618K->435K(88576K), 0.0002210 secs]
300.910: [GC (Allocation Failure) 45860K->435K(86912K), 0.0002030 secs]
300.929: [GC (Allocation Failure) 44200K->435K(85312K), 0.0002140 secs]
300.951: [GC (Allocation Failure) 42637K->435K(83840K), 0.0002110 secs]
300.973: [GC (Allocation Failure) 41172K->435K(82432K), 0.0002150 secs]
301.056: [GC (Allocation Failure) 39707K->435K(81088K), 0.0002040 secs]
301.077: [GC (Allocation Failure) 38437K->435K(79808K), 0.0002000 secs]
301.093: [GC (Allocation Failure) 37168K->435K(78592K), 0.0002020 secs]
301.166: [GC (Allocation Failure) 35898K->435K(77376K), 0.0002350 secs]
301.185: [GC (Allocation Failure) 34726K->435K(76224K), 0.0002120 secs]
301.204: [GC (Allocation Failure) 33554K->435K(75136K), 0.0002090 secs]
301.250: [GC (Allocation Failure) 32479K->435K(74112K), 0.0002350 secs]
301.264: [GC (Allocation Failure) 31405K->435K(80320K), 0.0008270 secs]
301.303: [GC (Allocation Failure) 37656K->435K(87808K), 0.0002200 secs]
301.386: [GC (Allocation Failure) 45079K->435K(96768K), 0.0002080 secs]
301.414: [GC (Allocation Failure) 54069K->435K(107520K), 0.0002160 secs]
301.514: [GC (Allocation Failure) 64813K->435K(104960K), 0.0002250 secs]
301.541: [GC (Allocation Failure) 62273K->435K(102528K), 0.0002040 secs]
301.571: [GC (Allocation Failure) 59831K->435K(100224K), 0.0002140 secs]
301.599: [GC (Allocation Failure) 57585K->435K(98048K), 0.0002110 secs]
301.623: [GC (Allocation Failure) 55339K->435K(95936K), 0.0002050 secs]
301.646: [GC (Allocation Failure) 53287K->435K(93952K), 0.0002010 secs]
301.672: [GC (Allocation Failure) 51236K->435K(92032K), 0.0002110 secs]
301.784: [GC (Allocation Failure) 49377K->435K(90240K), 0.0002140 secs]
301.808: [GC (Allocation Failure) 47521K->435K(88512K), 0.0002110 secs]
301.832: [GC (Allocation Failure) 45860K->435K(86848K), 0.0002210 secs]
301.910: [GC (Allocation Failure) 44200K->435K(85312K), 0.0002140 secs]
301.928: [GC (Allocation Failure) 42637K->435K(83840K), 0.0002740 secs]
301.955: [GC (Allocation Failure) 41172K->435K(82432K), 0.0002090 secs]
301.975: [GC (Allocation Failure) 39707K->435K(81088K), 0.0002150 secs]
301.992: [GC (Allocation Failure) 38437K->435K(79808K), 0.0002020 secs]
302.012: [GC (Allocation Failure) 37168K->435K(78592K), 0.0002700 secs]
302.032: [GC (Allocation Failure) 35898K->435K(77376K), 0.0002100 secs]
302.051: [GC (Allocation Failure) 34726K->435K(76224K), 0.0002020 secs]
302.070: [GC (Allocation Failure) 33554K->435K(75136K), 0.0001650 secs]
302.083: [GC (Allocation Failure) 32479K->435K(74112K), 0.0002040 secs]
302.151: [GC (Allocation Failure) 31405K->435K(73152K), 0.0002130 secs]
302.164: [GC (Allocation Failure) 30428K->435K(72192K), 0.0002040 secs]
302.179: [GC (Allocation Failure) 29549K->435K(78016K), 0.0002160 secs]
302.203: [GC (Allocation Failure) 35312K->435K(76864K), 0.0002150 secs]
302.252: [GC (Allocation Failure) 34140K->435K(75776K), 0.0002260 secs]
302.270: [GC (Allocation Failure) 33065K->435K(74688K), 0.0002140 secs]
302.368: [GC (Allocation Failure) 31991K->435K(73664K), 0.0002070 secs]
302.386: [GC (Allocation Failure) 31014K->435K(72704K), 0.0002240 secs]
302.403: [GC (Allocation Failure) 30038K->435K(71808K), 0.0002250 secs]
302.435: [GC (Allocation Failure) 29158K->435K(70912K), 0.0002040 secs]
302.450: [GC (Allocation Failure) 28182K->435K(70080K), 0.0002260 secs]
302.466: [GC (Allocation Failure) 27400K->435K(69248K), 0.0002120 secs]
302.486: [GC (Allocation Failure) 26521K->435K(74496K), 0.0002700 secs]
302.555: [GC (Allocation Failure) 31796K->435K(73472K), 0.0002130 secs]
302.572: [GC (Allocation Failure) 30819K->435K(72512K), 0.0002100 secs]
302.588: [GC (Allocation Failure) 29842K->435K(71616K), 0.0002200 secs]
302.601: [GC (Allocation Failure) 28963K->435K(77376K), 0.0002160 secs]
302.616: [GC (Allocation Failure) 34726K->435K(84288K), 0.0002030 secs]
302.634: [GC (Allocation Failure) 41563K->435K(92544K), 0.0002050 secs]
302.659: [GC (Allocation Failure) 49867K->435K(90688K), 0.0002140 secs]
302.684: [GC (Allocation Failure) 48009K->435K(88960K), 0.0002010 secs]
302.708: [GC (Allocation Failure) 46251K->435K(87296K), 0.0002110 secs]
302.728: [GC (Allocation Failure) 44591K->435K(85696K), 0.0002130 secs]
302.750: [GC (Allocation Failure) 43028K->435K(84160K), 0.0002040 secs]
302.768: [GC (Allocation Failure) 41465K->435K(82688K), 0.0002020 secs]
302.809: [GC (Allocation Failure) 40000K->435K(81344K), 0.0002190 secs]
302.830: [GC (Allocation Failure) 38633K->435K(80000K), 0.0002010 secs]
302.846: [GC (Allocation Failure) 37363K->435K(78720K), 0.0002120 secs]
302.866: [GC (Allocation Failure) 35996K->435K(77504K), 0.0001990 secs]
302.881: [GC (Allocation Failure) 34823K->435K(76352K), 0.0002010 secs]
302.904: [GC (Allocation Failure) 33651K->435K(75264K), 0.0002140 secs]
302.953: [GC (Allocation Failure) 32577K->435K(74240K), 0.0002010 secs]
303.002: [GC (Allocation Failure) 31600K->435K(73216K), 0.0002030 secs]
303.052: [GC (Allocation Failure) 30526K->435K(72256K), 0.0002130 secs]
303.064: [GC (Allocation Failure) 29549K->435K(71360K), 0.0002010 secs]
303.077: [GC (Allocation Failure) 28670K->435K(70464K), 0.0002020 secs]
303.093: [GC (Allocation Failure) 27791K->435K(69632K), 0.0002070 secs]
303.108: [GC (Allocation Failure) 26912K->435K(74944K), 0.0002140 secs]
303.123: [GC (Allocation Failure) 32284K->435K(81344K), 0.0002020 secs]
303.139: [GC (Allocation Failure) 38633K->435K(89024K), 0.0002000 secs]
303.179: [GC (Allocation Failure) 46349K->435K(87360K), 0.0002130 secs]
303.198: [GC (Allocation Failure) 44688K->435K(85760K), 0.0002030 secs]
303.220: [GC (Allocation Failure) 43028K->435K(84224K), 0.0002010 secs]
303.242: [GC (Allocation Failure) 41563K->435K(82752K), 0.0002310 secs]
303.260: [GC (Allocation Failure) 40098K->435K(81344K), 0.0002020 secs]
303.277: [GC (Allocation Failure) 38633K->435K(80000K), 0.0002070 secs]
303.342: [GC (Allocation Failure) 37363K->435K(78720K), 0.0002140 secs]
303.362: [GC (Allocation Failure) 35996K->435K(77504K), 0.0002050 secs]
303.377: [GC (Allocation Failure) 34823K->435K(76352K), 0.0002050 secs]
303.408: [GC (Allocation Failure) 33651K->435K(75264K), 0.0002120 secs]
303.425: [GC (Allocation Failure) 32577K->435K(74240K), 0.0002010 secs]
303.553: [GC (Allocation Failure) 31600K->435K(73216K), 0.0002760 secs]
303.572: [GC (Allocation Failure) 30526K->435K(72256K), 0.0002180 secs]
303.603: [GC (Allocation Failure) 29549K->435K(71360K), 0.0002240 secs]
303.619: [GC (Allocation Failure) 28670K->435K(70464K), 0.0002160 secs]
303.651: [GC (Allocation Failure) 27791K->435K(69632K), 0.0002040 secs]
303.686: [GC (Allocation Failure) 26912K->435K(68864K), 0.0003410 secs]
303.701: [GC (Allocation Failure) 26131K->435K(68096K), 0.0002040 secs]
303.713: [GC (Allocation Failure) 25447K->435K(73152K), 0.0002750 secs]
303.772: [GC (Allocation Failure) 30428K->435K(72192K), 0.0002260 secs]
303.784: [GC (Allocation Failure) 29549K->435K(78016K), 0.0002040 secs]
303.809: [GC (Allocation Failure) 35312K->435K(85056K), 0.0002230 secs]
303.831: [GC (Allocation Failure) 42344K->435K(93504K), 0.0002730 secs]
303.854: [GC (Allocation Failure) 50846K->435K(91648K), 0.0002160 secs]
303.911: [GC (Allocation Failure) 48986K->435K(89856K), 0.0002220 secs]
303.935: [GC (Allocation Failure) 47130K->435K(88128K), 0.0002110 secs]
304.013: [GC (Allocation Failure) 45470K->435K(86528K), 0.0002160 secs]
304.032: [GC (Allocation Failure) 43809K->435K(84992K), 0.0002050 secs]
304.063: [GC (Allocation Failure) 42344K->435K(83520K), 0.0002240 secs]
304.081: [GC (Allocation Failure) 40879K->435K(82112K), 0.0002270 secs]
304.099: [GC (Allocation Failure) 39414K->435K(80768K), 0.0002020 secs]
304.115: [GC (Allocation Failure) 38047K->435K(79488K), 0.0002000 secs]
304.135: [GC (Allocation Failure) 36777K->435K(78272K), 0.0002090 secs]
304.166: [GC (Allocation Failure) 35605K->435K(77120K), 0.0002700 secs]
304.259: [GC (Allocation Failure) 34433K->435K(75968K), 0.0002230 secs]
304.273: [GC (Allocation Failure) 33261K->435K(74880K), 0.0002030 secs]
304.287: [GC (Allocation Failure) 32186K->435K(73856K), 0.0002030 secs]
304.300: [GC (Allocation Failure) 31210K->435K(80064K), 0.0002020 secs]
304.320: [GC (Allocation Failure) 37363K->435K(87488K), 0.0002700 secs]
304.340: [GC (Allocation Failure) 44786K->435K(96384K), 0.0002720 secs]
304.382: [GC (Allocation Failure) 53678K->435K(94400K), 0.0002530 secs]
304.409: [GC (Allocation Failure) 51725K->435K(92480K), 0.0002000 secs]
304.440: [GC (Allocation Failure) 49767K->435K(90624K), 0.0002240 secs]
304.465: [GC (Allocation Failure) 47911K->435K(88896K), 0.0002100 secs]
304.514: [GC (Allocation Failure) 46251K->435K(87232K), 0.0002170 secs]
304.533: [GC (Allocation Failure) 44591K->435K(85632K), 0.0002040 secs]
304.551: [GC (Allocation Failure) 42930K->435K(84096K), 0.0002130 secs]
304.569: [GC (Allocation Failure) 41367K->435K(82624K), 0.0002020 secs]
304.590: [GC (Allocation Failure) 39902K->435K(81280K), 0.0002160 secs]
304.611: [GC (Allocation Failure) 38633K->435K(80000K), 0.0002120 secs]
304.627: [GC (Allocation Failure) 37363K->435K(78720K), 0.0002130 secs]
304.706: [GC (Allocation Failure) 35996K->435K(77504K), 0.0002040 secs]
304.759: [GC (Allocation Failure) 34823K->435K(76352K), 0.0002160 secs]
304.773: [GC (Allocation Failure) 33651K->435K(75264K), 0.0002150 secs]
304.809: [GC (Allocation Failure) 32577K->435K(74240K), 0.0002230 secs]
304.827: [GC (Allocation Failure) 31600K->435K(73216K), 0.0002110 secs]
304.858: [GC (Allocation Failure) 30526K->435K(72256K), 0.0002220 secs]
304.872: [GC (Allocation Failure) 29549K->435K(71360K), 0.0002040 secs]
304.890: [GC (Allocation Failure) 28670K->435K(70464K), 0.0002250 secs]
304.903: [GC (Allocation Failure) 27791K->435K(75968K), 0.0002190 secs]
305.006: [GC (Allocation Failure) 33261K->435K(74880K), 0.0002220 secs]
305.020: [GC (Allocation Failure) 32186K->435K(73856K), 0.0002030 secs]
305.105: [GC (Allocation Failure) 31210K->435K(72896K), 0.0002040 secs]
305.158: [GC (Allocation Failure) 30233K->435K(71936K), 0.0002840 secs]
305.175: [GC (Allocation Failure) 29256K->435K(71040K), 0.0002020 secs]
305.308: [GC (Allocation Failure) 28377K->435K(70208K), 0.0002070 secs]
305.324: [GC (Allocation Failure) 27498K->435K(69376K), 0.0002250 secs]
305.339: [GC (Allocation Failure) 26717K->435K(68608K), 0.0002010 secs]
305.354: [GC (Allocation Failure) 25935K->435K(67840K), 0.0002080 secs]
305.369: [GC (Allocation Failure) 25150K->435K(67136K), 0.0002040 secs]
305.380: [GC (Allocation Failure) 24466K->435K(72000K), 0.0002150 secs]
305.409: [GC (Allocation Failure) 29354K->435K(77824K), 0.0002270 secs]
305.429: [GC (Allocation Failure) 35116K->435K(84800K), 0.0002150 secs]
305.452: [GC (Allocation Failure) 42149K->435K(83328K), 0.0002390 secs]
305.505: [GC (Allocation Failure) 40684K->435K(81920K), 0.0002140 secs]
305.522: [GC (Allocation Failure) 39219K->435K(80576K), 0.0002220 secs]
305.550: [GC (Allocation Failure) 37851K->435K(79296K), 0.0002280 secs]
305.566: [GC (Allocation Failure) 36582K->435K(78080K), 0.0002050 secs]
305.611: [GC (Allocation Failure) 35409K->435K(76928K), 0.0002220 secs]
305.627: [GC (Allocation Failure) 34237K->435K(75840K), 0.0002020 secs]
305.657: [GC (Allocation Failure) 33163K->435K(74752K), 0.0002140 secs]
305.675: [GC (Allocation Failure) 32089K->435K(73728K), 0.0001940 secs]
305.692: [GC (Allocation Failure) 31014K->435K(72768K), 0.0002030 secs]
305.710: [GC (Allocation Failure) 30038K->435K(71808K), 0.0002300 secs]
305.783: [GC (Allocation Failure) 29158K->435K(70912K), 0.0002250 secs]
305.795: [GC (Allocation Failure) 28182K->435K(70080K), 0.0002140 secs]
305.854: [GC (Allocation Failure) 27400K->435K(69248K), 0.0002780 secs]
305.866: [GC (Allocation Failure) 26521K->435K(74496K), 0.0002230 secs]
305.880: [GC (Allocation Failure) 31796K->435K(80832K), 0.0002030 secs]
305.913: [GC (Allocation Failure) 38144K->435K(79552K), 0.0002120 secs]
305.933: [GC (Allocation Failure) 36875K->435K(78336K), 0.0002010 secs]
305.949: [GC (Allocation Failure) 35605K->435K(77184K), 0.0002170 secs]
305.964: [GC (Allocation Failure) 34530K->435K(84032K), 0.0002040 secs]
306.014: [GC (Allocation Failure) 41367K->435K(82624K), 0.0002120 secs]
306.032: [GC (Allocation Failure) 39902K->435K(81280K), 0.0002030 secs]
306.092: [GC (Allocation Failure) 38633K->435K(80000K), 0.0002300 secs]
306.109: [GC (Allocation Failure) 37363K->435K(78720K), 0.0002190 secs]
306.129: [GC (Allocation Failure) 35996K->435K(77504K), 0.0002130 secs]
306.144: [GC (Allocation Failure) 34823K->435K(76352K), 0.0002020 secs]
306.163: [GC (Allocation Failure) 33651K->435K(75264K), 0.0002120 secs]
306.181: [GC (Allocation Failure) 32577K->435K(74240K), 0.0002130 secs]
306.199: [GC (Allocation Failure) 31600K->435K(73216K), 0.0002010 secs]
306.212: [GC (Allocation Failure) 30526K->435K(79296K), 0.0002220 secs]
306.232: [GC (Allocation Failure) 36582K->435K(86592K), 0.0002210 secs]
306.262: [GC (Allocation Failure) 43907K->435K(85056K), 0.0002140 secs]
306.311: [GC (Allocation Failure) 42344K->435K(83584K), 0.0002010 secs]
306.353: [GC (Allocation Failure) 40879K->435K(82176K), 0.0002180 secs]
306.384: [GC (Allocation Failure) 39512K->435K(80832K), 0.0002120 secs]
306.400: [GC (Allocation Failure) 38144K->435K(79552K), 0.0002140 secs]
306.416: [GC (Allocation Failure) 36875K->435K(78336K), 0.0002130 secs]
306.436: [GC (Allocation Failure) 35605K->435K(77184K), 0.0002080 secs]
306.512: [GC (Allocation Failure) 34530K->435K(76032K), 0.0002130 secs]
306.531: [GC (Allocation Failure) 33358K->435K(74944K), 0.0002000 secs]
306.545: [GC (Allocation Failure) 32284K->435K(73920K), 0.0002230 secs]
306.559: [GC (Allocation Failure) 31210K->435K(80128K), 0.0002010 secs]
306.575: [GC (Allocation Failure) 37461K->435K(87552K), 0.0002010 secs]
306.594: [GC (Allocation Failure) 44884K->435K(85952K), 0.0002010 secs]
306.669: [GC (Allocation Failure) 43223K->435K(84416K), 0.0002040 secs]
306.762: [GC (Allocation Failure) 41758K->435K(82944K), 0.0002030 secs]
306.791: [GC (Allocation Failure) 40293K->435K(81536K), 0.0002210 secs]
306.812: [GC (Allocation Failure) 38828K->435K(80192K), 0.0002090 secs]
306.860: [GC (Allocation Failure) 37461K->435K(78912K), 0.0002760 secs]
306.887: [GC (Allocation Failure) 36191K->435K(77696K), 0.0002070 secs]
306.909: [GC (Allocation Failure) 35019K->435K(76544K), 0.0002680 secs]
306.976: [GC (Allocation Failure) 33847K->435K(75456K), 0.0002230 secs]
306.994: [GC (Allocation Failure) 32772K->435K(74432K), 0.0002490 secs]
307.058: [GC (Allocation Failure) 31698K->435K(73408K), 0.0002150 secs]
307.075: [GC (Allocation Failure) 30721K->435K(72448K), 0.0002040 secs]
307.107: [GC (Allocation Failure) 29745K->435K(71552K), 0.0002250 secs]
307.120: [GC (Allocation Failure) 28865K->435K(70656K), 0.0002020 secs]
307.135: [GC (Allocation Failure) 27986K->435K(76224K), 0.0002620 secs]
307.154: [GC (Allocation Failure) 33554K->435K(82880K), 0.0002380 secs]
307.176: [GC (Allocation Failure) 40195K->435K(81472K), 0.0002160 secs]
307.195: [GC (Allocation Failure) 38828K->435K(80128K), 0.0002110 secs]
307.289: [GC (Allocation Failure) 37461K->435K(78848K), 0.0002040 secs]
307.362: [GC (Allocation Failure) 36191K->435K(77632K), 0.0002310 secs]
307.377: [GC (Allocation Failure) 34921K->435K(76480K), 0.0002130 secs]
307.413: [GC (Allocation Failure) 33749K->435K(75392K), 0.0002180 secs]
307.427: [GC (Allocation Failure) 32675K->435K(74368K), 0.0002030 secs]
307.445: [GC (Allocation Failure) 31698K->435K(73344K), 0.0002110 secs]
307.462: [GC (Allocation Failure) 30624K->435K(72384K), 0.0002610 secs]
307.571: [GC (Allocation Failure) 29745K->435K(71488K), 0.0002270 secs]
307.588: [GC (Allocation Failure) 28768K->435K(70592K), 0.0002000 secs]
307.661: [GC (Allocation Failure) 27889K->435K(69760K), 0.0002000 secs]
307.677: [GC (Allocation Failure) 27107K->435K(68992K), 0.0002260 secs]
307.693: [GC (Allocation Failure) 26326K->435K(68224K), 0.0002210 secs]
307.760: [GC (Allocation Failure) 25545K->435K(67520K), 0.0002200 secs]
307.771: [GC (Allocation Failure) 24857K->435K(66816K), 0.0002170 secs]
307.781: [GC (Allocation Failure) 24173K->435K(71616K), 0.0002050 secs]
307.795: [GC (Allocation Failure) 28963K->435K(77376K), 0.0002090 secs]
307.910: [GC (Allocation Failure) 34726K->435K(76224K), 0.0002150 secs]
307.924: [GC (Allocation Failure) 33554K->435K(75136K), 0.0002030 secs]
308.013: [GC (Allocation Failure) 32479K->435K(74112K), 0.0002120 secs]
308.031: [GC (Allocation Failure) 31405K->435K(73152K), 0.0002070 secs]
308.046: [GC (Allocation Failure) 30428K->435K(72192K), 0.0002150 secs]
308.091: [GC (Allocation Failure) 29549K->435K(71296K), 0.0002240 secs]
308.108: [GC (Allocation Failure) 28572K->435K(70400K), 0.0002060 secs]
308.166: [GC (Allocation Failure) 27693K->435K(69568K), 0.0002140 secs]
308.182: [GC (Allocation Failure) 26912K->435K(68800K), 0.0002310 secs]
308.211: [GC (Allocation Failure) 26131K->435K(68032K), 0.0002180 secs]
308.226: [GC (Allocation Failure) 25349K->435K(67328K), 0.0002150 secs]
308.237: [GC (Allocation Failure) 24662K->435K(72192K), 0.0002600 secs]
308.254: [GC (Allocation Failure) 29549K->435K(78016K), 0.0002170 secs]
308.273: [GC (Allocation Failure) 35312K->435K(85056K), 0.0002110 secs]
308.296: [GC (Allocation Failure) 42344K->435K(93504K), 0.0002090 secs]
308.364: [GC (Allocation Failure) 50846K->435K(91648K), 0.0002260 secs]
308.390: [GC (Allocation Failure) 48986K->435K(89856K), 0.0002110 secs]
308.421: [GC (Allocation Failure) 47130K->435K(88128K), 0.0002200 secs]
308.445: [GC (Allocation Failure) 45470K->435K(86528K), 0.0002190 secs]
308.496: [GC (Allocation Failure) 43809K->435K(84992K), 0.0002240 secs]
308.518: [GC (Allocation Failure) 42344K->435K(83520K), 0.0002320 secs]
308.536: [GC (Allocation Failure) 40879K->435K(82112K), 0.0002060 secs]
308.590: [GC (Allocation Failure) 39414K->435K(80768K), 0.0002350 secs]
308.611: [GC (Allocation Failure) 38047K->435K(79488K), 0.0002720 secs]
308.627: [GC (Allocation Failure) 36777K->435K(78272K), 0.0002020 secs]
308.665: [GC (Allocation Failure) 35605K->435K(77120K), 0.0002820 secs]
308.680: [GC (Allocation Failure) 34433K->435K(75968K), 0.0002140 secs]
308.696: [GC (Allocation Failure) 33261K->435K(82560K), 0.0002570 secs]
308.714: [GC (Allocation Failure) 39902K->435K(90496K), 0.0002040 secs]
308.734: [GC (Allocation Failure) 47814K->435K(88768K), 0.0002230 secs]
308.754: [GC (Allocation Failure) 46056K->435K(87104K), 0.0002020 secs]
308.777: [GC (Allocation Failure) 44395K->435K(85504K), 0.0002100 secs]
308.869: [GC (Allocation Failure) 42833K->435K(83968K), 0.0002050 secs]
308.886: [GC (Allocation Failure) 41270K->435K(82560K), 0.0002230 secs]
308.907: [GC (Allocation Failure) 39902K->435K(81216K), 0.0002200 secs]
308.979: [GC (Allocation Failure) 38535K->435K(79936K), 0.0002260 secs]
308.995: [GC (Allocation Failure) 37265K->435K(78656K), 0.0002030 secs]
309.015: [GC (Allocation Failure) 35996K->435K(77440K), 0.0002000 secs]
309.034: [GC (Allocation Failure) 34726K->435K(76288K), 0.0002250 secs]
309.065: [GC (Allocation Failure) 33554K->435K(75200K), 0.0002120 secs]
309.080: [GC (Allocation Failure) 32479K->435K(74176K), 0.0002170 secs]
309.097: [GC (Allocation Failure) 31503K->435K(73152K), 0.0002110 secs]
309.164: [GC (Allocation Failure) 30428K->435K(72192K), 0.0002810 secs]
309.177: [GC (Allocation Failure) 29549K->435K(71296K), 0.0002300 secs]
309.193: [GC (Allocation Failure) 28572K->435K(76992K), 0.0002690 secs]
309.212: [GC (Allocation Failure) 34335K->435K(83776K), 0.0002110 secs]
309.230: [GC (Allocation Failure) 41074K->435K(91968K), 0.0002700 secs]
309.273: [GC (Allocation Failure) 49279K->435K(90176K), 0.0002200 secs]
309.294: [GC (Allocation Failure) 47521K->435K(88448K), 0.0002070 secs]
309.367: [GC (Allocation Failure) 45763K->435K(86784K), 0.0002160 secs]
309.386: [GC (Allocation Failure) 44102K->435K(85248K), 0.0002030 secs]
309.404: [GC (Allocation Failure) 42540K->435K(83776K), 0.0002020 secs]
309.465: [GC (Allocation Failure) 41074K->435K(82368K), 0.0002030 secs]
309.518: [GC (Allocation Failure) 39707K->435K(81024K), 0.0002250 secs]
309.535: [GC (Allocation Failure) 38340K->435K(79744K), 0.0002110 secs]
309.667: [GC (Allocation Failure) 37070K->435K(78528K), 0.0002210 secs]
309.684: [GC (Allocation Failure) 35800K->435K(77312K), 0.0002120 secs]
309.717: [GC (Allocation Failure) 34628K->435K(76160K), 0.0002240 secs]
309.732: [GC (Allocation Failure) 33456K->435K(75072K), 0.0002030 secs]
309.762: [GC (Allocation Failure) 32382K->435K(74048K), 0.0002060 secs]
309.815: [GC (Allocation Failure) 31405K->435K(73088K), 0.0002110 secs]
309.832: [GC (Allocation Failure) 30428K->435K(72128K), 0.0002110 secs]
309.848: [GC (Allocation Failure) 29451K->435K(71232K), 0.0002150 secs]
309.964: [GC (Allocation Failure) 28572K->435K(70400K), 0.0002010 secs]
309.980: [GC (Allocation Failure) 27693K->435K(69568K), 0.0002150 secs]
310.014: [GC (Allocation Failure) 26912K->435K(68800K), 0.0002130 secs]
310.029: [GC (Allocation Failure) 26131K->435K(68032K), 0.0002280 secs]
310.045: [GC (Allocation Failure) 25349K->435K(67328K), 0.0002100 secs]
310.109: [GC (Allocation Failure) 24662K->435K(66624K), 0.0002250 secs]
310.119: [GC (Allocation Failure) 23978K->435K(71360K), 0.0002140 secs]
310.131: [GC (Allocation Failure) 28670K->435K(77056K), 0.0002030 secs]
310.146: [GC (Allocation Failure) 34335K->435K(83904K), 0.0002100 secs]
310.172: [GC (Allocation Failure) 41172K->435K(92096K), 0.0002020 secs]
310.193: [GC (Allocation Failure) 49377K->435K(90304K), 0.0002010 secs]
310.214: [GC (Allocation Failure) 47618K->435K(88576K), 0.0001960 secs]
310.233: [GC (Allocation Failure) 45860K->435K(86912K), 0.0002020 secs]
310.256: [GC (Allocation Failure) 44200K->435K(85312K), 0.0002000 secs]
310.275: [GC (Allocation Failure) 42637K->435K(83840K), 0.0002010 secs]
310.316: [GC (Allocation Failure) 41172K->435K(82432K), 0.0002020 secs]
310.358: [GC (Allocation Failure) 39707K->435K(81088K), 0.0002090 secs]
310.379: [GC (Allocation Failure) 38437K->435K(79808K), 0.0002080 secs]
310.396: [GC (Allocation Failure) 37168K->435K(78592K), 0.0002020 secs]
310.411: [GC (Allocation Failure) 35898K->435K(77376K), 0.0001980 secs]
310.426: [GC (Allocation Failure) 34726K->435K(76224K), 0.0001980 secs]
310.449: [GC (Allocation Failure) 33554K->435K(75136K), 0.0002340 secs]
310.464: [GC (Allocation Failure) 32479K->435K(81600K), 0.0003240 secs]
310.495: [GC (Allocation Failure) 38926K->435K(89344K), 0.0002810 secs]
310.519: [GC (Allocation Failure) 46642K->435K(87680K), 0.0002020 secs]
310.539: [GC (Allocation Failure) 44981K->435K(86080K), 0.0002050 secs]
310.596: [GC (Allocation Failure) 43419K->435K(84544K), 0.0002150 secs]
310.617: [GC (Allocation Failure) 41856K->435K(83072K), 0.0002100 secs]
310.666: [GC (Allocation Failure) 40391K->435K(81664K), 0.0002150 secs]
310.683: [GC (Allocation Failure) 39023K->435K(80320K), 0.0002030 secs]
310.699: [GC (Allocation Failure) 37656K->435K(79040K), 0.0002000 secs]
310.778: [GC (Allocation Failure) 36386K->435K(77824K), 0.0002180 secs]
310.864: [GC (Allocation Failure) 35116K->435K(76672K), 0.0002120 secs]
310.880: [GC (Allocation Failure) 33944K->435K(75584K), 0.0002040 secs]
310.914: [GC (Allocation Failure) 32870K->435K(74560K), 0.0002070 secs]
310.931: [GC (Allocation Failure) 31893K->435K(73536K), 0.0002710 secs]
310.949: [GC (Allocation Failure) 30819K->435K(72576K), 0.0002820 secs]
310.966: [GC (Allocation Failure) 29842K->435K(78528K), 0.0002240 secs]
310.982: [GC (Allocation Failure) 35800K->435K(85632K), 0.0002030 secs]
311.019: [GC (Allocation Failure) 42930K->435K(84096K), 0.0002170 secs]
311.121: [GC (Allocation Failure) 41367K->435K(82624K), 0.0002220 secs]
311.139: [GC (Allocation Failure) 39902K->435K(81280K), 0.0002020 secs]
311.156: [GC (Allocation Failure) 38633K->435K(80000K), 0.0001990 secs]
311.176: [GC (Allocation Failure) 37363K->435K(78720K), 0.0002700 secs]
311.192: [GC (Allocation Failure) 35996K->435K(77504K), 0.0002170 secs]
311.219: [GC (Allocation Failure) 34823K->435K(76352K), 0.0002370 secs]
311.234: [GC (Allocation Failure) 33651K->435K(75264K), 0.0002030 secs]
311.248: [GC (Allocation Failure) 32577K->435K(81728K), 0.0002030 secs]
311.265: [GC (Allocation Failure) 39023K->435K(89472K), 0.0002020 secs]
311.391: [GC (Allocation Failure) 46739K->435K(87808K), 0.0002120 secs]
311.414: [GC (Allocation Failure) 45079K->435K(86208K), 0.0002260 secs]
311.437: [GC (Allocation Failure) 43516K->435K(84672K), 0.0002100 secs]
311.459: [GC (Allocation Failure) 41953K->435K(83200K), 0.0002090 secs]
311.521: [GC (Allocation Failure) 40488K->435K(81792K), 0.0002050 secs]
311.538: [GC (Allocation Failure) 39121K->435K(80448K), 0.0002030 secs]
311.575: [GC (Allocation Failure) 37754K->435K(79168K), 0.0002030 secs]
311.666: [GC (Allocation Failure) 36484K->435K(77952K), 0.0002030 secs]
311.694: [GC (Allocation Failure) 35312K->435K(76800K), 0.0002750 secs]
311.769: [GC (Allocation Failure) 34140K->435K(75712K), 0.0003370 secs]
311.785: [GC (Allocation Failure) 33065K->435K(74624K), 0.0002160 secs]
311.818: [GC (Allocation Failure) 31893K->435K(73600K), 0.0002440 secs]
311.832: [GC (Allocation Failure) 30917K->435K(72640K), 0.0002120 secs]
311.849: [GC (Allocation Failure) 29940K->435K(71744K), 0.0002090 secs]
311.867: [GC (Allocation Failure) 29061K->435K(70848K), 0.0002290 secs]
311.880: [GC (Allocation Failure) 28182K->435K(76416K), 0.0002030 secs]
311.894: [GC (Allocation Failure) 33749K->435K(83136K), 0.0002040 secs]
311.916: [GC (Allocation Failure) 40488K->435K(91200K), 0.0002690 secs]
311.936: [GC (Allocation Failure) 48498K->435K(100864K), 0.0002720 secs]
311.980: [GC (Allocation Failure) 58171K->435K(98624K), 0.0002220 secs]
312.005: [GC (Allocation Failure) 55925K->435K(96512K), 0.0002020 secs]
312.074: [GC (Allocation Failure) 53873K->435K(94464K), 0.0002100 secs]
312.101: [GC (Allocation Failure) 51822K->435K(92544K), 0.0002020 secs]
312.123: [GC (Allocation Failure) 49867K->435K(90688K), 0.0002130 secs]
312.143: [GC (Allocation Failure) 48009K->435K(88960K), 0.0002030 secs]
312.174: [GC (Allocation Failure) 46251K->435K(87296K), 0.0002050 secs]
312.274: [GC (Allocation Failure) 44591K->435K(85696K), 0.0002610 secs]
312.293: [GC (Allocation Failure) 43028K->435K(84160K), 0.0002040 secs]
312.357: [GC (Allocation Failure) 41465K->435K(82688K), 0.0002080 secs]
312.378: [GC (Allocation Failure) 40000K->435K(81344K), 0.0002160 secs]
312.399: [GC (Allocation Failure) 38633K->435K(80000K), 0.0002100 secs]
312.416: [GC (Allocation Failure) 37363K->435K(78720K), 0.0002190 secs]
312.436: [GC (Allocation Failure) 35996K->435K(77504K), 0.0002140 secs]
312.451: [GC (Allocation Failure) 34823K->435K(76352K), 0.0002170 secs]
312.470: [GC (Allocation Failure) 33651K->435K(75264K), 0.0002210 secs]
312.538: [GC (Allocation Failure) 32577K->435K(74240K), 0.0002460 secs]
312.556: [GC (Allocation Failure) 31600K->435K(73216K), 0.0002110 secs]
312.570: [GC (Allocation Failure) 30526K->435K(79296K), 0.0002290 secs]
312.589: [GC (Allocation Failure) 36582K->435K(78080K), 0.0002100 secs]
312.669: [GC (Allocation Failure) 35409K->435K(76928K), 0.0002110 secs]
312.684: [GC (Allocation Failure) 34237K->435K(75840K), 0.0002120 secs]
312.699: [GC (Allocation Failure) 33163K->435K(74752K), 0.0002010 secs]
312.716: [GC (Allocation Failure) 32089K->435K(73728K), 0.0002140 secs]
312.734: [GC (Allocation Failure) 31014K->435K(79872K), 0.0002180 secs]
312.750: [GC (Allocation Failure) 37168K->435K(87232K), 0.0002120 secs]
312.782: [GC (Allocation Failure) 44591K->435K(85632K), 0.0002100 secs]
312.802: [GC (Allocation Failure) 42930K->435K(84096K), 0.0002310 secs]
312.874: [GC (Allocation Failure) 41367K->435K(82624K), 0.0002090 secs]
312.893: [GC (Allocation Failure) 39902K->435K(81280K), 0.0002150 secs]
312.909: [GC (Allocation Failure) 38633K->435K(80000K), 0.0002050 secs]
312.930: [GC (Allocation Failure) 37363K->435K(78720K), 0.0002210 secs]
312.972: [GC (Allocation Failure) 35996K->435K(77504K), 0.0002120 secs]
312.987: [GC (Allocation Failure) 34823K->435K(76352K), 0.0002140 secs]
313.003: [GC (Allocation Failure) 33651K->435K(75264K), 0.0002010 secs]
313.021: [GC (Allocation Failure) 32577K->435K(74240K), 0.0002180 secs]
313.038: [GC (Allocation Failure) 31600K->435K(73216K), 0.0002150 secs]
313.052: [GC (Allocation Failure) 30526K->435K(79296K), 0.0002160 secs]
313.072: [GC (Allocation Failure) 36582K->435K(86592K), 0.0002220 secs]
313.125: [GC (Allocation Failure) 43907K->435K(85056K), 0.0002150 secs]
313.148: [GC (Allocation Failure) 42344K->435K(83584K), 0.0001980 secs]
313.166: [GC (Allocation Failure) 40879K->435K(82176K), 0.0002120 secs]
313.220: [GC (Allocation Failure) 39512K->435K(80832K), 0.0002130 secs]
313.240: [GC (Allocation Failure) 38144K->435K(79552K), 0.0002110 secs]
313.260: [GC (Allocation Failure) 36875K->435K(78336K), 0.0002130 secs]
313.302: [GC (Allocation Failure) 35605K->435K(77184K), 0.0002220 secs]
313.321: [GC (Allocation Failure) 34530K->435K(76032K), 0.0002150 secs]
313.339: [GC (Allocation Failure) 33358K->435K(74944K), 0.0002130 secs]
313.356: [GC (Allocation Failure) 32284K->435K(73920K), 0.0002220 secs]
313.370: [GC (Allocation Failure) 31210K->435K(72960K), 0.0002020 secs]
313.383: [GC (Allocation Failure) 30233K->435K(78976K), 0.0002050 secs]
313.398: [GC (Allocation Failure) 36289K->435K(86208K), 0.0002150 secs]
313.472: [GC (Allocation Failure) 43516K->435K(84672K), 0.0002140 secs]
313.490: [GC (Allocation Failure) 41953K->435K(83200K), 0.0002020 secs]
313.511: [GC (Allocation Failure) 40488K->435K(81792K), 0.0002110 secs]
313.574: [GC (Allocation Failure) 39121K->435K(80448K), 0.0002010 secs]
313.590: [GC (Allocation Failure) 37754K->435K(79168K), 0.0002030 secs]
313.673: [GC (Allocation Failure) 36484K->435K(77952K), 0.0002360 secs]
313.693: [GC (Allocation Failure) 35312K->435K(76800K), 0.0002120 secs]
313.713: [GC (Allocation Failure) 34140K->435K(83584K), 0.0004070 secs]
313.731: [GC (Allocation Failure) 40879K->435K(91712K), 0.0002180 secs]
313.825: [GC (Allocation Failure) 48986K->435K(89920K), 0.0002120 secs]
313.845: [GC (Allocation Failure) 47228K->435K(88192K), 0.0002030 secs]
313.865: [GC (Allocation Failure) 45470K->435K(86592K), 0.0002030 secs]
314.022: [GC (Allocation Failure) 43907K->435K(85056K), 0.0002050 secs]
314.072: [GC (Allocation Failure) 42344K->435K(83584K), 0.0002740 secs]
314.102: [GC (Allocation Failure) 40879K->435K(82176K), 0.0002270 secs]
314.120: [GC (Allocation Failure) 39512K->435K(80832K), 0.0002180 secs]
314.171: [GC (Allocation Failure) 38144K->435K(79552K), 0.0002130 secs]
314.191: [GC (Allocation Failure) 36875K->435K(78336K), 0.0002030 secs]
314.206: [GC (Allocation Failure) 35605K->435K(77184K), 0.0002180 secs]
314.323: [GC (Allocation Failure) 34530K->435K(76032K), 0.0002230 secs]
314.343: [GC (Allocation Failure) 33358K->435K(74944K), 0.0002140 secs]
314.357: [GC (Allocation Failure) 32284K->435K(73920K), 0.0002550 secs]
314.372: [GC (Allocation Failure) 31210K->435K(80128K), 0.0002200 secs]
314.420: [GC (Allocation Failure) 37461K->435K(78848K), 0.0002110 secs]
314.498: [GC (Allocation Failure) 36191K->435K(77632K), 0.0002220 secs]
314.524: [GC (Allocation Failure) 34921K->435K(76480K), 0.0002280 secs]
314.543: [GC (Allocation Failure) 33749K->435K(75392K), 0.0002110 secs]
314.558: [GC (Allocation Failure) 32675K->435K(74368K), 0.0002110 secs]
314.619: [GC (Allocation Failure) 31698K->435K(73344K), 0.0002300 secs]
314.632: [GC (Allocation Failure) 30624K->435K(72384K), 0.0002040 secs]
314.672: [GC (Allocation Failure) 29745K->435K(71488K), 0.0002250 secs]
314.684: [GC (Allocation Failure) 28768K->435K(70592K), 0.0002130 secs]
314.721: [GC (Allocation Failure) 27889K->435K(69760K), 0.0002220 secs]
314.737: [GC (Allocation Failure) 27107K->435K(68992K), 0.0002270 secs]
314.870: [GC (Allocation Failure) 26326K->435K(68224K), 0.0002070 secs]
314.884: [GC (Allocation Failure) 25545K->435K(67520K), 0.0002010 secs]
314.895: [GC (Allocation Failure) 24857K->435K(72448K), 0.0002270 secs]
314.912: [GC (Allocation Failure) 29745K->435K(78336K), 0.0002110 secs]
314.970: [GC (Allocation Failure) 35605K->435K(77184K), 0.0002240 secs]
315.020: [GC (Allocation Failure) 34530K->435K(76032K), 0.0002240 secs]
315.034: [GC (Allocation Failure) 33358K->435K(74944K), 0.0002020 secs]
315.052: [GC (Allocation Failure) 32284K->435K(73920K), 0.0002010 secs]
315.070: [GC (Allocation Failure) 31210K->435K(72960K), 0.0002380 secs]
315.171: [GC (Allocation Failure) 30233K->435K(72000K), 0.0002110 secs]
315.184: [GC (Allocation Failure) 29354K->435K(71104K), 0.0002140 secs]
315.200: [GC (Allocation Failure) 28377K->435K(70272K), 0.0002100 secs]
315.271: [GC (Allocation Failure) 27596K->435K(69440K), 0.0002020 secs]
315.288: [GC (Allocation Failure) 26717K->435K(68672K), 0.0002120 secs]
315.317: [GC (Allocation Failure) 26033K->435K(67904K), 0.0003230 secs]
315.341: [GC (Allocation Failure) 25250K->435K(67200K), 0.0002190 secs]
315.352: [GC (Allocation Failure) 24466K->435K(72064K), 0.0002270 secs]
315.368: [GC (Allocation Failure) 29354K->435K(77888K), 0.0002150 secs]
315.398: [GC (Allocation Failure) 35214K->435K(76736K), 0.0002140 secs]
315.416: [GC (Allocation Failure) 34042K->435K(75648K), 0.0002010 secs]
315.435: [GC (Allocation Failure) 32968K->435K(74560K), 0.0002200 secs]
315.524: [GC (Allocation Failure) 31893K->435K(73536K), 0.0002210 secs]
315.542: [GC (Allocation Failure) 30819K->435K(72576K), 0.0002130 secs]
315.573: [GC (Allocation Failure) 29842K->435K(71680K), 0.0001990 secs]
315.586: [GC (Allocation Failure) 28963K->435K(70784K), 0.0002280 secs]
315.598: [GC (Allocation Failure) 28084K->435K(76352K), 0.0002030 secs]
315.616: [GC (Allocation Failure) 33651K->435K(83008K), 0.0002110 secs]
315.668: [GC (Allocation Failure) 40293K->435K(81600K), 0.0002020 secs]
315.700: [GC (Allocation Failure) 38926K->435K(80256K), 0.0002050 secs]
315.772: [GC (Allocation Failure) 37558K->435K(78976K), 0.0002070 secs]
315.799: [GC (Allocation Failure) 36289K->435K(77760K), 0.0002150 secs]
315.821: [GC (Allocation Failure) 35116K->435K(76608K), 0.0002150 secs]
315.875: [GC (Allocation Failure) 33944K->435K(75520K), 0.0002250 secs]
315.889: [GC (Allocation Failure) 32870K->435K(74496K), 0.0002130 secs]
315.921: [GC (Allocation Failure) 31796K->435K(73472K), 0.0002730 secs]
315.935: [GC (Allocation Failure) 30819K->435K(72512K), 0.0002030 secs]
316.024: [GC (Allocation Failure) 29842K->435K(71616K), 0.0002190 secs]
316.036: [GC (Allocation Failure) 28963K->435K(70720K), 0.0002150 secs]
316.123: [GC (Allocation Failure) 27986K->435K(69888K), 0.0002380 secs]
316.135: [GC (Allocation Failure) 27205K->435K(75264K), 0.0002660 secs]
316.175: [GC (Allocation Failure) 32577K->435K(74240K), 0.0002220 secs]
316.192: [GC (Allocation Failure) 31600K->435K(73216K), 0.0002090 secs]
316.324: [GC (Allocation Failure) 30526K->435K(72256K), 0.0002020 secs]
316.337: [GC (Allocation Failure) 29549K->435K(78144K), 0.0003380 secs]
316.388: [GC (Allocation Failure) 35409K->435K(76992K), 0.0002050 secs]
316.423: [GC (Allocation Failure) 34335K->435K(75904K), 0.0002150 secs]
316.438: [GC (Allocation Failure) 33261K->435K(74816K), 0.0002420 secs]
316.475: [GC (Allocation Failure) 32089K->435K(73792K), 0.0002120 secs]
316.489: [GC (Allocation Failure) 31112K->435K(72832K), 0.0002080 secs]
316.571: [GC (Allocation Failure) 30135K->435K(71872K), 0.0002290 secs]
316.588: [GC (Allocation Failure) 29158K->435K(70976K), 0.0002000 secs]
316.605: [GC (Allocation Failure) 28279K->435K(70144K), 0.0002330 secs]
316.621: [GC (Allocation Failure) 27498K->435K(69312K), 0.0002010 secs]
316.673: [GC (Allocation Failure) 26619K->435K(68544K), 0.0002050 secs]
316.684: [GC (Allocation Failure) 25838K->435K(73664K), 0.0002190 secs]
316.721: [GC (Allocation Failure) 31014K->435K(72704K), 0.0002270 secs]
316.738: [GC (Allocation Failure) 30038K->435K(71808K), 0.0002490 secs]
316.751: [GC (Allocation Failure) 29158K->435K(77568K), 0.0002010 secs]
316.777: [GC (Allocation Failure) 34921K->435K(76416K), 0.0002200 secs]
316.796: [GC (Allocation Failure) 33749K->435K(75328K), 0.0002240 secs]
316.811: [GC (Allocation Failure) 32675K->435K(81792K), 0.0002120 secs]
316.901: [GC (Allocation Failure) 39121K->435K(80448K), 0.0002180 secs]
316.921: [GC (Allocation Failure) 37754K->435K(79168K), 0.0002020 secs]
316.974: [GC (Allocation Failure) 36484K->435K(77952K), 0.0002150 secs]
316.989: [GC (Allocation Failure) 35312K->435K(76800K), 0.0002030 secs]
317.004: [GC (Allocation Failure) 34140K->435K(75712K), 0.0002030 secs]
317.022: [GC (Allocation Failure) 33065K->435K(74624K), 0.0002170 secs]
317.036: [GC (Allocation Failure) 31893K->435K(80960K), 0.0002170 secs]
317.079: [GC (Allocation Failure) 38242K->435K(79680K), 0.0002110 secs]
317.095: [GC (Allocation Failure) 36972K->435K(78464K), 0.0002180 secs]
317.170: [GC (Allocation Failure) 35800K->435K(77312K), 0.0002230 secs]
317.185: [GC (Allocation Failure) 34628K->435K(76160K), 0.0002020 secs]
317.204: [GC (Allocation Failure) 33456K->435K(75072K), 0.0002130 secs]
317.222: [GC (Allocation Failure) 32382K->435K(81472K), 0.0002800 secs]
317.243: [GC (Allocation Failure) 38828K->435K(80128K), 0.0002210 secs]
317.278: [GC (Allocation Failure) 37461K->435K(78848K), 0.0002220 secs]
317.294: [GC (Allocation Failure) 36191K->435K(77632K), 0.0002040 secs]
317.309: [GC (Allocation Failure) 34921K->435K(76480K), 0.0002000 secs]
317.324: [GC (Allocation Failure) 33749K->435K(83200K), 0.0002120 secs]
317.476: [GC (Allocation Failure) 40488K->435K(81792K), 0.0002120 secs]
317.497: [GC (Allocation Failure) 39121K->435K(80448K), 0.0002030 secs]
317.513: [GC (Allocation Failure) 37754K->435K(79168K), 0.0002030 secs]
317.624: [GC (Allocation Failure) 36484K->435K(77952K), 0.0002030 secs]
317.666: [GC (Allocation Failure) 35312K->435K(76800K), 0.0002030 secs]
317.700: [GC (Allocation Failure) 34140K->435K(75712K), 0.0002320 secs]
317.719: [GC (Allocation Failure) 33065K->435K(74624K), 0.0002160 secs]
317.772: [GC (Allocation Failure) 31893K->435K(73600K), 0.0002150 secs]
317.827: [GC (Allocation Failure) 30917K->435K(72640K), 0.0002240 secs]
317.840: [GC (Allocation Failure) 29940K->435K(71744K), 0.0002160 secs]
317.852: [GC (Allocation Failure) 29061K->435K(70848K), 0.0002030 secs]
317.875: [GC (Allocation Failure) 28182K->435K(70016K), 0.0002230 secs]
317.891: [GC (Allocation Failure) 27303K->435K(69184K), 0.0002110 secs]
317.925: [GC (Allocation Failure) 26521K->435K(68416K), 0.0002000 secs]
317.940: [GC (Allocation Failure) 25740K->435K(67648K), 0.0002110 secs]
317.955: [GC (Allocation Failure) 24955K->435K(66944K), 0.0002110 secs]
317.966: [GC (Allocation Failure) 24271K->435K(71744K), 0.0002290 secs]
317.978: [GC (Allocation Failure) 29061K->435K(77504K), 0.0002120 secs]
318.074: [GC (Allocation Failure) 34823K->435K(76352K), 0.0002050 secs]
318.102: [GC (Allocation Failure) 33651K->435K(75264K), 0.0002020 secs]
318.120: [GC (Allocation Failure) 32577K->435K(74240K), 0.0002140 secs]
318.199: [GC (Allocation Failure) 31600K->435K(73216K), 0.0002130 secs]
318.216: [GC (Allocation Failure) 30526K->435K(72256K), 0.0002120 secs]
318.229: [GC (Allocation Failure) 29549K->435K(71360K), 0.0002030 secs]
318.348: [GC (Allocation Failure) 28670K->435K(70464K), 0.0002140 secs]
318.373: [GC (Allocation Failure) 27791K->435K(69632K), 0.0004050 secs]
318.389: [GC (Allocation Failure) 26912K->435K(74944K), 0.0002270 secs]
318.403: [GC (Allocation Failure) 32284K->435K(81344K), 0.0002150 secs]
318.420: [GC (Allocation Failure) 38633K->435K(89024K), 0.0001990 secs]
318.460: [GC (Allocation Failure) 46349K->435K(87360K), 0.0002040 secs]
318.483: [GC (Allocation Failure) 44688K->435K(85760K), 0.0002110 secs]
318.502: [GC (Allocation Failure) 43028K->435K(84224K), 0.0002530 secs]
318.533: [GC (Allocation Failure) 41563K->435K(82752K), 0.0002250 secs]
318.551: [GC (Allocation Failure) 40098K->435K(81344K), 0.0002250 secs]
318.568: [GC (Allocation Failure) 38633K->435K(80000K), 0.0002040 secs]
318.666: [GC (Allocation Failure) 37363K->435K(78720K), 0.0002020 secs]
318.726: [GC (Allocation Failure) 35996K->435K(77504K), 0.0002560 secs]
318.746: [GC (Allocation Failure) 34823K->435K(76352K), 0.0002110 secs]
318.764: [GC (Allocation Failure) 33651K->435K(75264K), 0.0001980 secs]
318.782: [GC (Allocation Failure) 32577K->435K(74240K), 0.0002410 secs]
318.905: [GC (Allocation Failure) 31600K->435K(73216K), 0.0002260 secs]
318.919: [GC (Allocation Failure) 30526K->435K(72256K), 0.0002170 secs]
318.935: [GC (Allocation Failure) 29549K->435K(71360K), 0.0002010 secs]
318.952: [GC (Allocation Failure) 28670K->435K(70464K), 0.0002140 secs]
318.964: [GC (Allocation Failure) 27791K->435K(75968K), 0.0002190 secs]
319.006: [GC (Allocation Failure) 33261K->435K(74880K), 0.0002340 secs]
319.024: [GC (Allocation Failure) 32186K->435K(73856K), 0.0002130 secs]
319.042: [GC (Allocation Failure) 31210K->435K(72896K), 0.0002260 secs]
319.059: [GC (Allocation Failure) 30233K->435K(71936K), 0.0002130 secs]
319.077: [GC (Allocation Failure) 29256K->435K(77760K), 0.0002670 secs]
319.096: [GC (Allocation Failure) 35116K->435K(84736K), 0.0002090 secs]
319.169: [GC (Allocation Failure) 42051K->435K(83264K), 0.0002110 secs]
319.186: [GC (Allocation Failure) 40586K->435K(81856K), 0.0002020 secs]
319.203: [GC (Allocation Failure) 39219K->435K(80512K), 0.0002120 secs]
319.281: [GC (Allocation Failure) 37851K->435K(79232K), 0.0002110 secs]
319.299: [GC (Allocation Failure) 36582K->435K(78016K), 0.0002110 secs]
319.327: [GC (Allocation Failure) 35312K->435K(76864K), 0.0002290 secs]
319.342: [GC (Allocation Failure) 34140K->435K(75776K), 0.0002070 secs]
319.358: [GC (Allocation Failure) 33065K->435K(74688K), 0.0002040 secs]
319.379: [GC (Allocation Failure) 31991K->435K(73664K), 0.0002080 secs]
319.396: [GC (Allocation Failure) 31014K->435K(72704K), 0.0002020 secs]
319.412: [GC (Allocation Failure) 30038K->435K(71808K), 0.0002170 secs]
319.425: [GC (Allocation Failure) 29158K->435K(77568K), 0.0002190 secs]
319.440: [GC (Allocation Failure) 34921K->435K(84480K), 0.0002030 secs]
319.533: [GC (Allocation Failure) 41758K->435K(83008K), 0.0002230 secs]
319.551: [GC (Allocation Failure) 40293K->435K(81600K), 0.0002020 secs]
319.628: [GC (Allocation Failure) 38926K->435K(80256K), 0.0002030 secs]
319.682: [GC (Allocation Failure) 37558K->435K(78976K), 0.0002430 secs]
319.702: [GC (Allocation Failure) 36289K->435K(77760K), 0.0002090 secs]
319.831: [GC (Allocation Failure) 35116K->435K(76608K), 0.0002140 secs]
319.850: [GC (Allocation Failure) 33944K->435K(75520K), 0.0002120 secs]
319.864: [GC (Allocation Failure) 32870K->435K(74496K), 0.0002130 secs]
319.878: [GC (Allocation Failure) 31796K->435K(73472K), 0.0002020 secs]
319.891: [GC (Allocation Failure) 30819K->435K(79552K), 0.0002030 secs]
319.907: [GC (Allocation Failure) 36875K->435K(86848K), 0.0002010 secs]
319.930: [GC (Allocation Failure) 44200K->435K(85312K), 0.0002010 secs]
319.949: [GC (Allocation Failure) 42637K->435K(83840K), 0.0002000 secs]
319.976: [GC (Allocation Failure) 41172K->435K(82432K), 0.0002010 secs]
320.079: [GC (Allocation Failure) 39707K->435K(81088K), 0.0002020 secs]
320.106: [GC (Allocation Failure) 38437K->435K(79808K), 0.0002080 secs]
320.126: [GC (Allocation Failure) 37168K->435K(78592K), 0.0002730 secs]
320.145: [GC (Allocation Failure) 35898K->435K(77376K), 0.0002200 secs]
320.163: [GC (Allocation Failure) 34726K->435K(76224K), 0.0002110 secs]
320.204: [GC (Allocation Failure) 33554K->435K(75136K), 0.0002270 secs]
320.218: [GC (Allocation Failure) 32479K->435K(74112K), 0.0002040 secs]
320.356: [GC (Allocation Failure) 31405K->435K(73152K), 0.0002150 secs]
320.369: [GC (Allocation Failure) 30428K->435K(72192K), 0.0002150 secs]
320.386: [GC (Allocation Failure) 29549K->435K(71296K), 0.0002470 secs]
320.399: [GC (Allocation Failure) 28572K->435K(76992K), 0.0002010 secs]
320.423: [GC (Allocation Failure) 34335K->435K(75904K), 0.0002130 secs]
320.437: [GC (Allocation Failure) 33261K->435K(82496K), 0.0002160 secs]
320.484: [GC (Allocation Failure) 39805K->435K(81152K), 0.0002110 secs]
320.505: [GC (Allocation Failure) 38437K->435K(79872K), 0.0002150 secs]
320.534: [GC (Allocation Failure) 37168K->435K(78656K), 0.0002190 secs]
320.550: [GC (Allocation Failure) 35996K->435K(77440K), 0.0002190 secs]
320.573: [GC (Allocation Failure) 34726K->435K(76288K), 0.0002030 secs]
320.669: [GC (Allocation Failure) 33554K->435K(75200K), 0.0002240 secs]
320.683: [GC (Allocation Failure) 32479K->435K(74176K), 0.0002170 secs]
320.701: [GC (Allocation Failure) 31503K->435K(73152K), 0.0002100 secs]
320.772: [GC (Allocation Failure) 30428K->435K(72192K), 0.0002280 secs]
320.789: [GC (Allocation Failure) 29549K->435K(71296K), 0.0002100 secs]
320.830: [GC (Allocation Failure) 28572K->435K(70400K), 0.0002010 secs]
320.846: [GC (Allocation Failure) 27693K->435K(69568K), 0.0002290 secs]
320.862: [GC (Allocation Failure) 26912K->435K(68800K), 0.0002100 secs]
320.879: [GC (Allocation Failure) 26131K->435K(68032K), 0.0002310 secs]
320.894: [GC (Allocation Failure) 25349K->435K(73024K), 0.0002270 secs]
320.908: [GC (Allocation Failure) 30331K->435K(79040K), 0.0002170 secs]
320.928: [GC (Allocation Failure) 36386K->435K(86272K), 0.0002130 secs]
320.946: [GC (Allocation Failure) 43614K->435K(94912K), 0.0002120 secs]
320.973: [GC (Allocation Failure) 52213K->435K(92992K), 0.0002120 secs]
321.035: [GC (Allocation Failure) 50260K->435K(91136K), 0.0002020 secs]
321.085: [GC (Allocation Failure) 48498K->435K(89344K), 0.0002040 secs]
321.138: [GC (Allocation Failure) 46642K->435K(87680K), 0.0002110 secs]
321.157: [GC (Allocation Failure) 44981K->435K(86080K), 0.0002130 secs]
321.180: [GC (Allocation Failure) 43419K->435K(84544K), 0.0002090 secs]
321.286: [GC (Allocation Failure) 41856K->435K(83072K), 0.0002040 secs]
321.309: [GC (Allocation Failure) 40391K->435K(81664K), 0.0002110 secs]
321.330: [GC (Allocation Failure) 39023K->435K(80320K), 0.0002160 secs]
321.350: [GC (Allocation Failure) 37656K->435K(79040K), 0.0002440 secs]
321.366: [GC (Allocation Failure) 36386K->435K(77824K), 0.0002120 secs]
321.381: [GC (Allocation Failure) 35116K->435K(76672K), 0.0002140 secs]
321.396: [GC (Allocation Failure) 33944K->435K(83392K), 0.0002030 secs]
321.532: [GC (Allocation Failure) 40684K->435K(81984K), 0.0002130 secs]
321.553: [GC (Allocation Failure) 39316K->435K(80640K), 0.0002130 secs]
321.569: [GC (Allocation Failure) 37949K->435K(79360K), 0.0002140 secs]
321.630: [GC (Allocation Failure) 36679K->435K(78144K), 0.0002220 secs]
321.684: [GC (Allocation Failure) 35409K->435K(76992K), 0.0002100 secs]
321.703: [GC (Allocation Failure) 34335K->435K(75904K), 0.0002040 secs]
321.718: [GC (Allocation Failure) 33261K->435K(74816K), 0.0002210 secs]
321.736: [GC (Allocation Failure) 32089K->435K(73792K), 0.0002150 secs]
321.750: [GC (Allocation Failure) 31112K->435K(79936K), 0.0002200 secs]
321.782: [GC (Allocation Failure) 37265K->435K(78656K), 0.0002270 secs]
321.801: [GC (Allocation Failure) 35996K->435K(77440K), 0.0002150 secs]
321.821: [GC (Allocation Failure) 34726K->435K(76288K), 0.0002160 secs]
321.839: [GC (Allocation Failure) 33554K->435K(75200K), 0.0002270 secs]
321.929: [GC (Allocation Failure) 32479K->435K(74176K), 0.0002130 secs]
321.946: [GC (Allocation Failure) 31503K->435K(73152K), 0.0002290 secs]
321.964: [GC (Allocation Failure) 30428K->435K(72192K), 0.0002090 secs]
321.976: [GC (Allocation Failure) 29549K->435K(78016K), 0.0002150 secs]
322.130: [GC (Allocation Failure) 35312K->435K(76864K), 0.0002190 secs]
322.145: [GC (Allocation Failure) 34140K->435K(75776K), 0.0002010 secs]
322.163: [GC (Allocation Failure) 33065K->435K(74688K), 0.0002120 secs]
322.181: [GC (Allocation Failure) 31991K->435K(73664K), 0.0002150 secs]
322.198: [GC (Allocation Failure) 31014K->435K(79808K), 0.0003190 secs]
322.215: [GC (Allocation Failure) 37168K->435K(87168K), 0.0002070 secs]
322.257: [GC (Allocation Failure) 44493K->435K(85568K), 0.0002140 secs]
322.280: [GC (Allocation Failure) 42930K->435K(84032K), 0.0001990 secs]
322.302: [GC (Allocation Failure) 41367K->435K(82624K), 0.0002050 secs]
322.320: [GC (Allocation Failure) 39902K->435K(81280K), 0.0002110 secs]
322.336: [GC (Allocation Failure) 38633K->435K(80000K), 0.0002010 secs]
322.382: [GC (Allocation Failure) 37363K->435K(78720K), 0.0002150 secs]
322.401: [GC (Allocation Failure) 35996K->435K(77504K), 0.0002020 secs]
322.417: [GC (Allocation Failure) 34823K->435K(76352K), 0.0002710 secs]
322.480: [GC (Allocation Failure) 33651K->435K(75264K), 0.0002050 secs]
322.507: [GC (Allocation Failure) 32577K->435K(74240K), 0.0002140 secs]
322.520: [GC (Allocation Failure) 31600K->435K(73216K), 0.0002050 secs]
322.572: [GC (Allocation Failure) 30526K->435K(72256K), 0.0002180 secs]
322.729: [GC (Allocation Failure) 29549K->435K(71360K), 0.0002050 secs]
322.779: [GC (Allocation Failure) 28670K->435K(70464K), 0.0002260 secs]
322.791: [GC (Allocation Failure) 27791K->435K(69632K), 0.0002140 secs]
322.828: [GC (Allocation Failure) 26912K->435K(68864K), 0.0002240 secs]
322.839: [GC (Allocation Failure) 26131K->435K(68096K), 0.0002020 secs]
322.909: [GC (Allocation Failure) 25447K->435K(67392K), 0.0002330 secs]
322.920: [GC (Allocation Failure) 24662K->435K(66688K), 0.0002180 secs]
323.008: [GC (Allocation Failure) 23978K->435K(66048K), 0.0002150 secs]
323.022: [GC (Allocation Failure) 23392K->435K(65408K), 0.0002270 secs]
323.032: [GC (Allocation Failure) 22708K->435K(69888K), 0.0002690 secs]
323.048: [GC (Allocation Failure) 27205K->435K(75264K), 0.0002280 secs]
323.067: [GC (Allocation Failure) 32577K->435K(81728K), 0.0002160 secs]
323.088: [GC (Allocation Failure) 39023K->435K(89472K), 0.0002140 secs]
323.109: [GC (Allocation Failure) 46739K->435K(98752K), 0.0002260 secs]
323.133: [GC (Allocation Failure) 56022K->435K(96640K), 0.0002030 secs]
323.159: [GC (Allocation Failure) 53971K->435K(94592K), 0.0002050 secs]
323.289: [GC (Allocation Failure) 51920K->435K(92672K), 0.0002130 secs]
323.311: [GC (Allocation Failure) 49967K->435K(90816K), 0.0002020 secs]
323.392: [GC (Allocation Failure) 48107K->435K(89088K), 0.0002150 secs]
323.416: [GC (Allocation Failure) 46446K->435K(87424K), 0.0002760 secs]
323.436: [GC (Allocation Failure) 44786K->435K(85824K), 0.0002120 secs]
323.454: [GC (Allocation Failure) 43126K->435K(84288K), 0.0002110 secs]
323.472: [GC (Allocation Failure) 41563K->435K(82816K), 0.0002020 secs]
323.634: [GC (Allocation Failure) 40098K->435K(81408K), 0.0002040 secs]
323.668: [GC (Allocation Failure) 38730K->435K(80064K), 0.0002350 secs]
323.688: [GC (Allocation Failure) 37363K->435K(78784K), 0.0002720 secs]
323.708: [GC (Allocation Failure) 36093K->435K(77568K), 0.0002150 secs]
323.728: [GC (Allocation Failure) 34921K->435K(84480K), 0.0003380 secs]
323.750: [GC (Allocation Failure) 41758K->435K(83008K), 0.0002300 secs]
323.884: [GC (Allocation Failure) 40293K->435K(81600K), 0.0002150 secs]
323.905: [GC (Allocation Failure) 38926K->435K(80256K), 0.0002730 secs]
323.921: [GC (Allocation Failure) 37558K->435K(78976K), 0.0002050 secs]
323.978: [GC (Allocation Failure) 36289K->435K(77760K), 0.0002170 secs]
324.037: [GC (Allocation Failure) 35116K->435K(76608K), 0.0002240 secs]
324.055: [GC (Allocation Failure) 33944K->435K(75520K), 0.0002110 secs]
324.109: [GC (Allocation Failure) 32870K->435K(74496K), 0.0002300 secs]
324.123: [GC (Allocation Failure) 31796K->435K(73472K), 0.0002050 secs]
324.176: [GC (Allocation Failure) 30819K->435K(72512K), 0.0002400 secs]
324.193: [GC (Allocation Failure) 29842K->435K(71616K), 0.0002150 secs]
324.206: [GC (Allocation Failure) 28963K->435K(70720K), 0.0002130 secs]
324.234: [GC (Allocation Failure) 27986K->435K(69888K), 0.0002260 secs]
324.246: [GC (Allocation Failure) 27205K->435K(75264K), 0.0002170 secs]
324.286: [GC (Allocation Failure) 32577K->435K(74240K), 0.0002530 secs]
324.304: [GC (Allocation Failure) 31600K->435K(73216K), 0.0002010 secs]
324.318: [GC (Allocation Failure) 30526K->435K(79296K), 0.0002180 secs]
324.335: [GC (Allocation Failure) 36582K->435K(86592K), 0.0002110 secs]
324.360: [GC (Allocation Failure) 43907K->435K(85056K), 0.0002090 secs]
324.382: [GC (Allocation Failure) 42344K->435K(83584K), 0.0002780 secs]
324.400: [GC (Allocation Failure) 40879K->435K(91712K), 0.0002150 secs]
324.422: [GC (Allocation Failure) 48986K->435K(89920K), 0.0001990 secs]
324.442: [GC (Allocation Failure) 47228K->435K(88192K), 0.0002030 secs]
324.461: [GC (Allocation Failure) 45470K->435K(86592K), 0.0002040 secs]
324.540: [GC (Allocation Failure) 43907K->435K(85056K), 0.0002240 secs]
324.562: [GC (Allocation Failure) 42344K->435K(83584K), 0.0002430 secs]
324.580: [GC (Allocation Failure) 40879K->435K(82176K), 0.0002140 secs]
324.601: [GC (Allocation Failure) 39512K->435K(80832K), 0.0002110 secs]
324.617: [GC (Allocation Failure) 38144K->435K(79552K), 0.0002030 secs]
324.638: [GC (Allocation Failure) 36875K->435K(78336K), 0.0002220 secs]
324.654: [GC (Allocation Failure) 35605K->435K(77184K), 0.0002040 secs]
324.734: [GC (Allocation Failure) 34530K->435K(76032K), 0.0002150 secs]
324.833: [GC (Allocation Failure) 33358K->435K(74944K), 0.0002040 secs]
324.883: [GC (Allocation Failure) 32284K->435K(73920K), 0.0002120 secs]
324.901: [GC (Allocation Failure) 31210K->435K(72960K), 0.0002650 secs]
324.918: [GC (Allocation Failure) 30233K->435K(72000K), 0.0002890 secs]
324.931: [GC (Allocation Failure) 29354K->435K(77824K), 0.0002270 secs]
324.946: [GC (Allocation Failure) 35116K->435K(84800K), 0.0002250 secs]
324.964: [GC (Allocation Failure) 42149K->435K(93184K), 0.0002040 secs]
324.990: [GC (Allocation Failure) 50455K->435K(91328K), 0.0002100 secs]
325.044: [GC (Allocation Failure) 48595K->435K(89536K), 0.0002050 secs]
325.068: [GC (Allocation Failure) 46837K->435K(87872K), 0.0002110 secs]
325.088: [GC (Allocation Failure) 45177K->435K(86272K), 0.0002040 secs]
325.142: [GC (Allocation Failure) 43614K->435K(84736K), 0.0002230 secs]
325.160: [GC (Allocation Failure) 42051K->435K(83264K), 0.0002030 secs]
325.187: [GC (Allocation Failure) 40586K->435K(81856K), 0.0002010 secs]
325.312: [GC (Allocation Failure) 39219K->435K(80512K), 0.0002090 secs]
325.374: [GC (Allocation Failure) 37851K->435K(79232K), 0.0002250 secs]
325.394: [GC (Allocation Failure) 36582K->435K(78016K), 0.0002010 secs]
325.413: [GC (Allocation Failure) 35312K->435K(76864K), 0.0002020 secs]
325.432: [GC (Allocation Failure) 34140K->435K(75776K), 0.0002000 secs]
325.446: [GC (Allocation Failure) 33065K->435K(74688K), 0.0002190 secs]
325.488: [GC (Allocation Failure) 31991K->435K(73664K), 0.0002240 secs]
325.506: [GC (Allocation Failure) 31014K->435K(72704K), 0.0002070 secs]
325.520: [GC (Allocation Failure) 30038K->435K(71808K), 0.0002150 secs]
325.546: [GC (Allocation Failure) 29158K->435K(70912K), 0.0002050 secs]
325.558: [GC (Allocation Failure) 28182K->435K(76480K), 0.0002400 secs]
325.573: [GC (Allocation Failure) 33749K->435K(83200K), 0.0002030 secs]
325.594: [GC (Allocation Failure) 40488K->435K(91264K), 0.0002100 secs]
325.641: [GC (Allocation Failure) 48595K->435K(89472K), 0.0002740 secs]
325.695: [GC (Allocation Failure) 46739K->435K(87808K), 0.0002170 secs]
325.719: [GC (Allocation Failure) 45079K->435K(86208K), 0.0002030 secs]
325.741: [GC (Allocation Failure) 43516K->435K(84672K), 0.0002130 secs]
325.764: [GC (Allocation Failure) 41953K->435K(83200K), 0.0002810 secs]
325.781: [GC (Allocation Failure) 40488K->435K(81792K), 0.0002020 secs]
325.891: [GC (Allocation Failure) 39121K->435K(80448K), 0.0002110 secs]
325.908: [GC (Allocation Failure) 37754K->435K(79168K), 0.0002130 secs]
325.924: [GC (Allocation Failure) 36484K->435K(77952K), 0.0002110 secs]
325.939: [GC (Allocation Failure) 35312K->435K(76800K), 0.0002020 secs]
325.953: [GC (Allocation Failure) 34140K->435K(83584K), 0.0002040 secs]
325.975: [GC (Allocation Failure) 40879K->435K(82176K), 0.0002090 secs]
326.038: [GC (Allocation Failure) 39512K->435K(80832K), 0.0002040 secs]
326.119: [GC (Allocation Failure) 38144K->435K(79552K), 0.0002180 secs]
326.142: [GC (Allocation Failure) 36875K->435K(78336K), 0.0002230 secs]
326.157: [GC (Allocation Failure) 35605K->435K(77184K), 0.0002130 secs]
326.190: [GC (Allocation Failure) 34530K->435K(76032K), 0.0002230 secs]
326.209: [GC (Allocation Failure) 33358K->435K(74944K), 0.0002120 secs]
326.289: [GC (Allocation Failure) 32284K->435K(73920K), 0.0002100 secs]
326.307: [GC (Allocation Failure) 31210K->435K(72960K), 0.0002030 secs]
326.322: [GC (Allocation Failure) 30233K->435K(72000K), 0.0002140 secs]
326.358: [GC (Allocation Failure) 29354K->435K(71104K), 0.0002170 secs]
326.416: [GC (Allocation Failure) 28377K->435K(70272K), 0.0002120 secs]
326.434: [GC (Allocation Failure) 27596K->435K(69440K), 0.0002270 secs]
326.487: [GC (Allocation Failure) 26717K->435K(68672K), 0.0003300 secs]
326.501: [GC (Allocation Failure) 26033K->435K(67904K), 0.0002680 secs]
326.514: [GC (Allocation Failure) 25250K->435K(72896K), 0.0002040 secs]
326.531: [GC (Allocation Failure) 30233K->435K(78912K), 0.0002160 secs]
326.547: [GC (Allocation Failure) 36191K->435K(86080K), 0.0002140 secs]
326.590: [GC (Allocation Failure) 43419K->435K(84544K), 0.0002480 secs]
326.612: [GC (Allocation Failure) 41856K->435K(83072K), 0.0002110 secs]
326.639: [GC (Allocation Failure) 40391K->435K(81664K), 0.0002040 secs]
326.667: [GC (Allocation Failure) 39023K->435K(80320K), 0.0002020 secs]
326.683: [GC (Allocation Failure) 37656K->435K(79040K), 0.0002030 secs]
326.788: [GC (Allocation Failure) 36386K->435K(77824K), 0.0002120 secs]
326.803: [GC (Allocation Failure) 35116K->435K(76672K), 0.0002010 secs]
326.817: [GC (Allocation Failure) 33944K->435K(75584K), 0.0002030 secs]
326.890: [GC (Allocation Failure) 32870K->435K(74560K), 0.0002220 secs]
326.904: [GC (Allocation Failure) 31893K->435K(73536K), 0.0002030 secs]
326.917: [GC (Allocation Failure) 30819K->435K(72576K), 0.0002010 secs]
326.939: [GC (Allocation Failure) 29842K->435K(71680K), 0.0002220 secs]
326.952: [GC (Allocation Failure) 28963K->435K(77440K), 0.0002020 secs]
326.967: [GC (Allocation Failure) 34726K->435K(84352K), 0.0002010 secs]
326.990: [GC (Allocation Failure) 41660K->435K(82880K), 0.0002120 secs]
327.093: [GC (Allocation Failure) 40195K->435K(81472K), 0.0002220 secs]
327.114: [GC (Allocation Failure) 38828K->435K(80128K), 0.0002200 secs]
327.138: [GC (Allocation Failure) 37461K->435K(78848K), 0.0002130 secs]
327.158: [GC (Allocation Failure) 36191K->435K(77632K), 0.0002110 secs]
327.177: [GC (Allocation Failure) 34921K->435K(76480K), 0.0002180 secs]
327.313: [GC (Allocation Failure) 33749K->435K(75392K), 0.0002080 secs]
327.328: [GC (Allocation Failure) 32675K->435K(74368K), 0.0002160 secs]
327.345: [GC (Allocation Failure) 31698K->435K(73344K), 0.0002030 secs]
327.363: [GC (Allocation Failure) 30624K->435K(72384K), 0.0002180 secs]
327.376: [GC (Allocation Failure) 29745K->435K(78272K), 0.0002180 secs]
327.395: [GC (Allocation Failure) 35605K->435K(85312K), 0.0002030 secs]
327.414: [GC (Allocation Failure) 42637K->435K(93760K), 0.0002160 secs]
327.440: [GC (Allocation Failure) 51041K->435K(91840K), 0.0002090 secs]
327.494: [GC (Allocation Failure) 49181K->435K(90048K), 0.0002710 secs]
327.647: [GC (Allocation Failure) 47325K->435K(88320K), 0.0002170 secs]
327.671: [GC (Allocation Failure) 45665K->435K(86656K), 0.0002010 secs]
327.690: [GC (Allocation Failure) 44005K->435K(85120K), 0.0002120 secs]
327.713: [GC (Allocation Failure) 42442K->435K(83648K), 0.0002240 secs]
327.741: [GC (Allocation Failure) 40977K->435K(82240K), 0.0002160 secs]
327.762: [GC (Allocation Failure) 39512K->435K(80896K), 0.0002150 secs]
327.790: [GC (Allocation Failure) 38242K->435K(79616K), 0.0002150 secs]
327.810: [GC (Allocation Failure) 36972K->435K(78400K), 0.0002040 secs]
327.939: [GC (Allocation Failure) 35702K->435K(77248K), 0.0002720 secs]
327.992: [GC (Allocation Failure) 34530K->435K(76096K), 0.0002140 secs]
328.007: [GC (Allocation Failure) 33456K->435K(75008K), 0.0002700 secs]
328.041: [GC (Allocation Failure) 32284K->435K(73984K), 0.0002150 secs]
328.055: [GC (Allocation Failure) 31307K->435K(73024K), 0.0002130 secs]
328.072: [GC (Allocation Failure) 30331K->435K(72064K), 0.0002120 secs]
328.085: [GC (Allocation Failure) 29354K->435K(77888K), 0.0002160 secs]
328.104: [GC (Allocation Failure) 35214K->435K(84864K), 0.0002010 secs]
328.172: [GC (Allocation Failure) 42149K->435K(83392K), 0.0002070 secs]
328.190: [GC (Allocation Failure) 40684K->435K(81984K), 0.0002130 secs]
328.241: [GC (Allocation Failure) 39316K->435K(80640K), 0.0002140 secs]
328.290: [GC (Allocation Failure) 37949K->435K(79360K), 0.0002320 secs]
328.306: [GC (Allocation Failure) 36679K->435K(78144K), 0.0002020 secs]
328.324: [GC (Allocation Failure) 35409K->435K(76992K), 0.0002030 secs]
328.356: [GC (Allocation Failure) 34335K->435K(75904K), 0.0002120 secs]
328.371: [GC (Allocation Failure) 33261K->435K(74816K), 0.0002020 secs]
328.389: [GC (Allocation Failure) 32089K->435K(73792K), 0.0002140 secs]
328.402: [GC (Allocation Failure) 31112K->435K(79936K), 0.0002190 secs]
328.419: [GC (Allocation Failure) 37265K->435K(87360K), 0.0002010 secs]
328.438: [GC (Allocation Failure) 44688K->435K(96256K), 0.0002130 secs]
328.466: [GC (Allocation Failure) 53580K->435K(94272K), 0.0002240 secs]
328.501: [GC (Allocation Failure) 51627K->435K(92352K), 0.0003890 secs]
328.524: [GC (Allocation Failure) 49670K->435K(90496K), 0.0002030 secs]
328.549: [GC (Allocation Failure) 47814K->435K(88768K), 0.0002160 secs]
328.573: [GC (Allocation Failure) 46056K->435K(87104K), 0.0002140 secs]
328.592: [GC (Allocation Failure) 44395K->435K(85504K), 0.0002050 secs]
328.623: [GC (Allocation Failure) 42833K->435K(83968K), 0.0002190 secs]
328.641: [GC (Allocation Failure) 41270K->435K(82560K), 0.0002270 secs]
328.663: [GC (Allocation Failure) 39902K->435K(81216K), 0.0002110 secs]
328.680: [GC (Allocation Failure) 38535K->435K(79936K), 0.0002010 secs]
328.696: [GC (Allocation Failure) 37265K->435K(78656K), 0.0002150 secs]
328.790: [GC (Allocation Failure) 35996K->435K(77440K), 0.0002470 secs]
328.805: [GC (Allocation Failure) 34726K->435K(76288K), 0.0002030 secs]
328.827: [GC (Allocation Failure) 33554K->435K(75200K), 0.0002030 secs]
328.893: [GC (Allocation Failure) 32479K->435K(74176K), 0.0002220 secs]
328.908: [GC (Allocation Failure) 31503K->435K(73152K), 0.0002030 secs]
328.921: [GC (Allocation Failure) 30428K->435K(72192K), 0.0002020 secs]
328.938: [GC (Allocation Failure) 29549K->435K(71296K), 0.0002280 secs]
328.954: [GC (Allocation Failure) 28572K->435K(76992K), 0.0002040 secs]
328.973: [GC (Allocation Failure) 34335K->435K(83776K), 0.0002830 secs]
328.991: [GC (Allocation Failure) 41074K->435K(91968K), 0.0002040 secs]
329.025: [GC (Allocation Failure) 49279K->435K(90176K), 0.0002050 secs]
329.046: [GC (Allocation Failure) 47521K->435K(88448K), 0.0002140 secs]
329.069: [GC (Allocation Failure) 45763K->435K(86784K), 0.0002140 secs]
329.092: [GC (Allocation Failure) 44102K->435K(85248K), 0.0002210 secs]
329.147: [GC (Allocation Failure) 42540K->435K(83776K), 0.0002180 secs]
329.165: [GC (Allocation Failure) 41074K->435K(82368K), 0.0002020 secs]
329.196: [GC (Allocation Failure) 39707K->435K(81024K), 0.0002140 secs]
329.213: [GC (Allocation Failure) 38340K->435K(79744K), 0.0002120 secs]
329.229: [GC (Allocation Failure) 37070K->435K(78528K), 0.0002090 secs]
329.249: [GC (Allocation Failure) 35800K->435K(77312K), 0.0002760 secs]
329.264: [GC (Allocation Failure) 34628K->435K(84160K), 0.0002300 secs]
329.286: [GC (Allocation Failure) 41465K->435K(92416K), 0.0002240 secs]
329.348: [GC (Allocation Failure) 49767K->435K(90560K), 0.0002280 secs]
329.373: [GC (Allocation Failure) 47911K->435K(88832K), 0.0002020 secs]
329.393: [GC (Allocation Failure) 46153K->435K(87168K), 0.0002130 secs]
329.412: [GC (Allocation Failure) 44493K->435K(85568K), 0.0002050 secs]
329.495: [GC (Allocation Failure) 42930K->435K(84032K), 0.0002150 secs]
329.512: [GC (Allocation Failure) 41367K->435K(82624K), 0.0002030 secs]
329.533: [GC (Allocation Failure) 39902K->435K(81280K), 0.0002120 secs]
329.554: [GC (Allocation Failure) 38633K->435K(80000K), 0.0002000 secs]
329.570: [GC (Allocation Failure) 37363K->435K(78720K), 0.0002230 secs]
329.590: [GC (Allocation Failure) 35996K->435K(77504K), 0.0002190 secs]
329.641: [GC (Allocation Failure) 34823K->435K(76352K), 0.0002040 secs]
329.695: [GC (Allocation Failure) 33651K->435K(75264K), 0.0002180 secs]
329.714: [GC (Allocation Failure) 32577K->435K(74240K), 0.0002080 secs]
329.731: [GC (Allocation Failure) 31600K->435K(73216K), 0.0002700 secs]
329.745: [GC (Allocation Failure) 30526K->435K(79296K), 0.0002180 secs]
329.797: [GC (Allocation Failure) 36582K->435K(78080K), 0.0002240 secs]
329.812: [GC (Allocation Failure) 35409K->435K(76928K), 0.0002050 secs]
329.831: [GC (Allocation Failure) 34237K->435K(75840K), 0.0001990 secs]
329.849: [GC (Allocation Failure) 33163K->435K(74752K), 0.0002110 secs]
329.863: [GC (Allocation Failure) 32089K->435K(81088K), 0.0002270 secs]
329.880: [GC (Allocation Failure) 38437K->435K(88704K), 0.0002030 secs]
329.900: [GC (Allocation Failure) 46056K->435K(87040K), 0.0002020 secs]
329.950: [GC (Allocation Failure) 44395K->435K(85440K), 0.0002230 secs]
329.973: [GC (Allocation Failure) 42735K->435K(83968K), 0.0002150 secs]
330.049: [GC (Allocation Failure) 41270K->435K(82560K), 0.0002070 secs]
330.066: [GC (Allocation Failure) 39902K->435K(81216K), 0.0002120 secs]
330.086: [GC (Allocation Failure) 38535K->435K(79936K), 0.0002130 secs]
330.122: [GC (Allocation Failure) 37265K->435K(78656K), 0.0002430 secs]
330.139: [GC (Allocation Failure) 35996K->435K(77440K), 0.0002170 secs]
330.177: [GC (Allocation Failure) 34726K->435K(76288K), 0.0002140 secs]
330.200: [GC (Allocation Failure) 33554K->435K(75200K), 0.0002080 secs]
330.214: [GC (Allocation Failure) 32479K->435K(74176K), 0.0002030 secs]
330.241: [GC (Allocation Failure) 31503K->435K(73152K), 0.0002230 secs]
330.254: [GC (Allocation Failure) 30428K->435K(72192K), 0.0002220 secs]
330.344: [GC (Allocation Failure) 29549K->435K(71296K), 0.0002100 secs]
330.357: [GC (Allocation Failure) 28572K->435K(70400K), 0.0002280 secs]
330.369: [GC (Allocation Failure) 27693K->435K(75904K), 0.0002020 secs]
330.391: [GC (Allocation Failure) 33261K->435K(82496K), 0.0002110 secs]
330.413: [GC (Allocation Failure) 39805K->435K(81152K), 0.0002010 secs]
330.544: [GC (Allocation Failure) 38437K->435K(79872K), 0.0002090 secs]
330.578: [GC (Allocation Failure) 37168K->435K(78656K), 0.0002300 secs]
330.598: [GC (Allocation Failure) 35996K->435K(77440K), 0.0002110 secs]
330.643: [GC (Allocation Failure) 34726K->435K(76288K), 0.0002700 secs]
330.665: [GC (Allocation Failure) 33554K->435K(75200K), 0.0002130 secs]
330.696: [GC (Allocation Failure) 32479K->435K(74176K), 0.0002210 secs]
330.709: [GC (Allocation Failure) 31503K->435K(73152K), 0.0002020 secs]
330.723: [GC (Allocation Failure) 30428K->435K(72192K), 0.0002130 secs]
330.739: [GC (Allocation Failure) 29549K->435K(78016K), 0.0002120 secs]
330.758: [GC (Allocation Failure) 35312K->435K(76864K), 0.0002000 secs]
330.843: [GC (Allocation Failure) 34140K->435K(75776K), 0.0002230 secs]
330.861: [GC (Allocation Failure) 33065K->435K(74688K), 0.0002110 secs]
330.878: [GC (Allocation Failure) 31991K->435K(73664K), 0.0002000 secs]
330.896: [GC (Allocation Failure) 31014K->435K(72704K), 0.0002020 secs]
330.914: [GC (Allocation Failure) 30038K->435K(71808K), 0.0002110 secs]
330.927: [GC (Allocation Failure) 29158K->435K(77568K), 0.0002180 secs]
330.942: [GC (Allocation Failure) 34921K->435K(84480K), 0.0002040 secs]
331.096: [GC (Allocation Failure) 41758K->435K(83008K), 0.0002040 secs]
331.146: [GC (Allocation Failure) 40293K->435K(81600K), 0.0002140 secs]
331.167: [GC (Allocation Failure) 38926K->435K(80256K), 0.0002120 secs]
331.183: [GC (Allocation Failure) 37558K->435K(78976K), 0.0002180 secs]
331.249: [GC (Allocation Failure) 36289K->435K(77760K), 0.0002400 secs]
331.268: [GC (Allocation Failure) 35116K->435K(76608K), 0.0002220 secs]
331.329: [GC (Allocation Failure) 33944K->435K(75520K), 0.0002190 secs]
331.343: [GC (Allocation Failure) 32870K->435K(74496K), 0.0002030 secs]
331.420: [GC (Allocation Failure) 31796K->435K(73472K), 0.0002170 secs]
331.433: [GC (Allocation Failure) 30819K->435K(72512K), 0.0002160 secs]
331.492: [GC (Allocation Failure) 29842K->435K(71616K), 0.0002130 secs]
331.508: [GC (Allocation Failure) 28963K->435K(70720K), 0.0002060 secs]
331.521: [GC (Allocation Failure) 27986K->435K(69888K), 0.0002190 secs]
331.545: [GC (Allocation Failure) 27205K->435K(69056K), 0.0002250 secs]
331.559: [GC (Allocation Failure) 26326K->435K(74304K), 0.0002710 secs]
331.696: [GC (Allocation Failure) 31600K->435K(73280K), 0.0002170 secs]
331.714: [GC (Allocation Failure) 30624K->435K(72320K), 0.0002250 secs]
331.746: [GC (Allocation Failure) 29647K->435K(71424K), 0.0002100 secs]
331.759: [GC (Allocation Failure) 28768K->435K(77120K), 0.0002280 secs]
331.778: [GC (Allocation Failure) 34433K->435K(75968K), 0.0002110 secs]
331.792: [GC (Allocation Failure) 33261K->435K(82560K), 0.0002040 secs]
331.813: [GC (Allocation Failure) 39902K->435K(81216K), 0.0002100 secs]
331.846: [GC (Allocation Failure) 38535K->435K(79936K), 0.0002750 secs]
331.980: [GC (Allocation Failure) 37265K->435K(78656K), 0.0002190 secs]
331.996: [GC (Allocation Failure) 35996K->435K(85824K), 0.0003220 secs]
332.053: [GC (Allocation Failure) 43126K->435K(84288K), 0.0002390 secs]
332.075: [GC (Allocation Failure) 41563K->435K(82816K), 0.0002040 secs]
332.092: [GC (Allocation Failure) 40098K->435K(81408K), 0.0002030 secs]
332.139: [GC (Allocation Failure) 38730K->435K(80064K), 0.0002160 secs]
332.159: [GC (Allocation Failure) 37363K->435K(78784K), 0.0002740 secs]
332.178: [GC (Allocation Failure) 36093K->435K(77568K), 0.0002250 secs]
332.199: [GC (Allocation Failure) 34921K->435K(76416K), 0.0002180 secs]
332.218: [GC (Allocation Failure) 33749K->435K(75328K), 0.0002300 secs]
332.294: [GC (Allocation Failure) 32675K->435K(74304K), 0.0002230 secs]
332.308: [GC (Allocation Failure) 31600K->435K(73280K), 0.0002030 secs]
332.356: [GC (Allocation Failure) 30624K->435K(72320K), 0.0002270 secs]
332.387: [GC (Allocation Failure) 29647K->435K(71424K), 0.0002130 secs]
332.403: [GC (Allocation Failure) 28768K->435K(70528K), 0.0002800 secs]
332.423: [GC (Allocation Failure) 27889K->435K(69696K), 0.0002090 secs]
332.450: [GC (Allocation Failure) 27010K->435K(68928K), 0.0002130 secs]
332.462: [GC (Allocation Failure) 26228K->435K(74112K), 0.0002120 secs]
332.475: [GC (Allocation Failure) 31405K->435K(80320K), 0.0001990 secs]
332.491: [GC (Allocation Failure) 37656K->435K(87808K), 0.0002020 secs]
332.512: [GC (Allocation Failure) 45079K->435K(96768K), 0.0002020 secs]
332.535: [GC (Allocation Failure) 54069K->435K(94720K), 0.0002040 secs]
332.561: [GC (Allocation Failure) 52018K->435K(92800K), 0.0002030 secs]
332.587: [GC (Allocation Failure) 50162K->435K(90944K), 0.0002190 secs]
332.608: [GC (Allocation Failure) 48302K->435K(89216K), 0.0002100 secs]
332.631: [GC (Allocation Failure) 46544K->435K(87552K), 0.0002050 secs]
332.700: [GC (Allocation Failure) 44884K->435K(85952K), 0.0002030 secs]
332.853: [GC (Allocation Failure) 43223K->435K(84416K), 0.0002100 secs]
332.876: [GC (Allocation Failure) 41758K->435K(82944K), 0.0002120 secs]
332.893: [GC (Allocation Failure) 40293K->435K(81536K), 0.0002030 secs]
332.910: [GC (Allocation Failure) 38828K->435K(80192K), 0.0002040 secs]
332.947: [GC (Allocation Failure) 37461K->435K(78912K), 0.0002020 secs]
333.000: [GC (Allocation Failure) 36191K->435K(77696K), 0.0002140 secs]
333.015: [GC (Allocation Failure) 35019K->435K(76544K), 0.0002110 secs]
333.031: [GC (Allocation Failure) 33847K->435K(75456K), 0.0002090 secs]
333.049: [GC (Allocation Failure) 32772K->435K(74432K), 0.0002130 secs]
333.063: [GC (Allocation Failure) 31698K->435K(73408K), 0.0002030 secs]
333.080: [GC (Allocation Failure) 30721K->435K(79488K), 0.0002190 secs]
333.097: [GC (Allocation Failure) 36777K->435K(86784K), 0.0002040 secs]
333.150: [GC (Allocation Failure) 44102K->435K(85248K), 0.0002830 secs]
333.249: [GC (Allocation Failure) 42540K->435K(83776K), 0.0002110 secs]
333.271: [GC (Allocation Failure) 41074K->435K(82368K), 0.0002000 secs]
333.302: [GC (Allocation Failure) 39707K->435K(81024K), 0.0002050 secs]
333.320: [GC (Allocation Failure) 38340K->435K(79744K), 0.0002140 secs]
333.428: [GC (Allocation Failure) 37070K->435K(78528K), 0.0002260 secs]
333.444: [GC (Allocation Failure) 35800K->435K(77312K), 0.0002120 secs]
333.463: [GC (Allocation Failure) 34628K->435K(76160K), 0.0002020 secs]
333.477: [GC (Allocation Failure) 33456K->435K(75072K), 0.0002170 secs]
333.546: [GC (Allocation Failure) 32382K->435K(74048K), 0.0002260 secs]
333.560: [GC (Allocation Failure) 31405K->435K(73088K), 0.0002020 secs]
333.573: [GC (Allocation Failure) 30428K->435K(72128K), 0.0002020 secs]
333.594: [GC (Allocation Failure) 29451K->435K(71232K), 0.0002240 secs]
333.611: [GC (Allocation Failure) 28572K->435K(76864K), 0.0002140 secs]
333.665: [GC (Allocation Failure) 34140K->435K(75776K), 0.0002120 secs]
333.682: [GC (Allocation Failure) 33065K->435K(74688K), 0.0002310 secs]
333.700: [GC (Allocation Failure) 31991K->435K(73664K), 0.0002140 secs]
333.736: [GC (Allocation Failure) 31014K->435K(72704K), 0.0002060 secs]
333.753: [GC (Allocation Failure) 30038K->435K(71808K), 0.0002040 secs]
333.765: [GC (Allocation Failure) 29158K->435K(77568K), 0.0002040 secs]
333.801: [GC (Allocation Failure) 34921K->435K(76416K), 0.0003260 secs]
333.820: [GC (Allocation Failure) 33749K->435K(75328K), 0.0002040 secs]
333.834: [GC (Allocation Failure) 32675K->435K(81792K), 0.0002020 secs]
333.899: [GC (Allocation Failure) 39121K->435K(80448K), 0.0002120 secs]
333.919: [GC (Allocation Failure) 37754K->435K(79168K), 0.0002000 secs]
333.978: [GC (Allocation Failure) 36484K->435K(77952K), 0.0002050 secs]
333.997: [GC (Allocation Failure) 35312K->435K(76800K), 0.0002010 secs]
334.016: [GC (Allocation Failure) 34140K->435K(75712K), 0.0002690 secs]
334.031: [GC (Allocation Failure) 33065K->435K(74624K), 0.0002060 secs]
334.096: [GC (Allocation Failure) 31893K->435K(73600K), 0.0002120 secs]
334.113: [GC (Allocation Failure) 30917K->435K(72640K), 0.0002010 secs]
334.126: [GC (Allocation Failure) 29940K->435K(71744K), 0.0002260 secs]
334.139: [GC (Allocation Failure) 29061K->435K(77504K), 0.0002120 secs]
334.170: [GC (Allocation Failure) 34823K->435K(76352K), 0.0002320 secs]
334.185: [GC (Allocation Failure) 33651K->435K(83008K), 0.0002730 secs]
334.207: [GC (Allocation Failure) 40293K->435K(91008K), 0.0002720 secs]
334.228: [GC (Allocation Failure) 48302K->435K(100608K), 0.0002040 secs]
334.258: [GC (Allocation Failure) 57878K->435K(98368K), 0.0002020 secs]
334.311: [GC (Allocation Failure) 55729K->435K(96256K), 0.0002190 secs]
334.334: [GC (Allocation Failure) 53580K->435K(94272K), 0.0002190 secs]
334.377: [GC (Allocation Failure) 51627K->435K(92352K), 0.0002050 secs]
334.408: [GC (Allocation Failure) 49670K->435K(90496K), 0.0002000 secs]
334.433: [GC (Allocation Failure) 47814K->435K(88768K), 0.0001990 secs]
334.457: [GC (Allocation Failure) 46056K->435K(87104K), 0.0002040 secs]
334.477: [GC (Allocation Failure) 44395K->435K(85504K), 0.0002040 secs]
334.502: [GC (Allocation Failure) 42833K->435K(83968K), 0.0002170 secs]
334.528: [GC (Allocation Failure) 41270K->435K(82560K), 0.0002250 secs]
334.549: [GC (Allocation Failure) 39902K->435K(81216K), 0.0002170 secs]
334.603: [GC (Allocation Failure) 38535K->435K(79936K), 0.0002070 secs]
334.624: [GC (Allocation Failure) 37265K->435K(78656K), 0.0002130 secs]
334.639: [GC (Allocation Failure) 35996K->435K(77440K), 0.0002170 secs]
334.702: [GC (Allocation Failure) 34726K->435K(76288K), 0.0002210 secs]
334.721: [GC (Allocation Failure) 33554K->435K(75200K), 0.0002730 secs]
334.735: [GC (Allocation Failure) 32479K->435K(74176K), 0.0002170 secs]
334.900: [GC (Allocation Failure) 31503K->435K(73152K), 0.0002230 secs]
334.919: [GC (Allocation Failure) 30428K->435K(72192K), 0.0002160 secs]
335.000: [GC (Allocation Failure) 29549K->435K(71296K), 0.0002130 secs]
335.013: [GC (Allocation Failure) 28572K->435K(70400K), 0.0002180 secs]
335.050: [GC (Allocation Failure) 27693K->435K(69568K), 0.0002140 secs]
335.066: [GC (Allocation Failure) 26912K->435K(68800K), 0.0002010 secs]
335.162: [GC (Allocation Failure) 26131K->435K(68032K), 0.0002280 secs]
335.176: [GC (Allocation Failure) 25349K->435K(67328K), 0.0002220 secs]
335.245: [GC (Allocation Failure) 24662K->435K(66624K), 0.0002140 secs]
335.255: [GC (Allocation Failure) 23978K->435K(65984K), 0.0002030 secs]
335.294: [GC (Allocation Failure) 23294K->435K(65344K), 0.0002140 secs]
335.308: [GC (Allocation Failure) 22610K->435K(64704K), 0.0002110 secs]
335.321: [GC (Allocation Failure) 22024K->435K(69056K), 0.0002370 secs]
335.349: [GC (Allocation Failure) 26326K->435K(68288K), 0.0002090 secs]
335.361: [GC (Allocation Failure) 25642K->435K(73344K), 0.0002250 secs]
335.374: [GC (Allocation Failure) 30624K->435K(79424K), 0.0002010 secs]
335.500: [GC (Allocation Failure) 36777K->435K(78208K), 0.0002060 secs]
335.550: [GC (Allocation Failure) 35507K->435K(77056K), 0.0002200 secs]
335.569: [GC (Allocation Failure) 34335K->435K(75904K), 0.0002030 secs]
335.599: [GC (Allocation Failure) 33261K->435K(74816K), 0.0002260 secs]
335.617: [GC (Allocation Failure) 32089K->435K(73792K), 0.0002010 secs]
335.630: [GC (Allocation Failure) 31112K->435K(72832K), 0.0002130 secs]
335.648: [GC (Allocation Failure) 30135K->435K(71872K), 0.0002130 secs]
335.664: [GC (Allocation Failure) 29158K->435K(77632K), 0.0002670 secs]
335.684: [GC (Allocation Failure) 34921K->435K(84544K), 0.0002190 secs]
335.702: [GC (Allocation Failure) 41856K->435K(92864K), 0.0002040 secs]
335.725: [GC (Allocation Failure) 50162K->435K(91008K), 0.0002020 secs]
335.749: [GC (Allocation Failure) 48302K->435K(89216K), 0.0002720 secs]
335.770: [GC (Allocation Failure) 46544K->435K(87552K), 0.0002050 secs]
335.808: [GC (Allocation Failure) 44884K->435K(85952K), 0.0002150 secs]
335.827: [GC (Allocation Failure) 43223K->435K(84416K), 0.0002140 secs]
335.845: [GC (Allocation Failure) 41758K->435K(82944K), 0.0002050 secs]
335.866: [GC (Allocation Failure) 40293K->435K(81536K), 0.0002150 secs]
335.885: [GC (Allocation Failure) 38828K->435K(80192K), 0.0002130 secs]
335.905: [GC (Allocation Failure) 37461K->435K(78912K), 0.0002130 secs]
336.054: [GC (Allocation Failure) 36191K->435K(77696K), 0.0002120 secs]
336.069: [GC (Allocation Failure) 35019K->435K(76544K), 0.0002170 secs]
336.085: [GC (Allocation Failure) 33847K->435K(75456K), 0.0001970 secs]
336.104: [GC (Allocation Failure) 32772K->435K(74432K), 0.0002200 secs]
336.129: [GC (Allocation Failure) 31698K->435K(73408K), 0.0002150 secs]
336.143: [GC (Allocation Failure) 30721K->435K(72448K), 0.0002020 secs]
336.202: [GC (Allocation Failure) 29745K->435K(71552K), 0.0002250 secs]
336.219: [GC (Allocation Failure) 28865K->435K(70656K), 0.0002120 secs]
336.231: [GC (Allocation Failure) 27986K->435K(76224K), 0.0002180 secs]
336.246: [GC (Allocation Failure) 33554K->435K(82880K), 0.0002050 secs]
336.352: [GC (Allocation Failure) 40195K->435K(81472K), 0.0002070 secs]
336.369: [GC (Allocation Failure) 38828K->435K(80128K), 0.0002030 secs]
336.404: [GC (Allocation Failure) 37461K->435K(78848K), 0.0002160 secs]
336.420: [GC (Allocation Failure) 36191K->435K(77632K), 0.0002140 secs]
336.435: [GC (Allocation Failure) 34921K->435K(76480K), 0.0001990 secs]
336.450: [GC (Allocation Failure) 33749K->435K(83200K), 0.0002140 secs]
336.496: [GC (Allocation Failure) 40488K->435K(81792K), 0.0002270 secs]
336.517: [GC (Allocation Failure) 39121K->435K(80448K), 0.0002120 secs]
336.652: [GC (Allocation Failure) 37754K->435K(79168K), 0.0002150 secs]
336.667: [GC (Allocation Failure) 36484K->435K(77952K), 0.0002030 secs]
336.683: [GC (Allocation Failure) 35312K->435K(76800K), 0.0002130 secs]
336.755: [GC (Allocation Failure) 34140K->435K(75712K), 0.0002170 secs]
336.769: [GC (Allocation Failure) 33065K->435K(74624K), 0.0002140 secs]
336.786: [GC (Allocation Failure) 31893K->435K(73600K), 0.0002000 secs]
336.800: [GC (Allocation Failure) 30917K->435K(79744K), 0.0002280 secs]
336.816: [GC (Allocation Failure) 37070K->435K(87104K), 0.0002140 secs]
336.837: [GC (Allocation Failure) 44395K->435K(95936K), 0.0002120 secs]
336.909: [GC (Allocation Failure) 53287K->435K(93952K), 0.0002130 secs]
336.936: [GC (Allocation Failure) 51236K->435K(92032K), 0.0002050 secs]
337.011: [GC (Allocation Failure) 49377K->435K(90240K), 0.0002090 secs]
337.032: [GC (Allocation Failure) 47521K->435K(88512K), 0.0002150 secs]
337.052: [GC (Allocation Failure) 45860K->435K(86848K), 0.0002020 secs]
337.075: [GC (Allocation Failure) 44200K->435K(85312K), 0.0002230 secs]
337.173: [GC (Allocation Failure) 42637K->435K(83840K), 0.0002390 secs]
337.196: [GC (Allocation Failure) 41172K->435K(82432K), 0.0002240 secs]
337.254: [GC (Allocation Failure) 39707K->435K(81088K), 0.0002360 secs]
337.271: [GC (Allocation Failure) 38437K->435K(79808K), 0.0002120 secs]
337.291: [GC (Allocation Failure) 37168K->435K(78592K), 0.0002090 secs]
337.333: [GC (Allocation Failure) 35898K->435K(77376K), 0.0002170 secs]
337.352: [GC (Allocation Failure) 34726K->435K(76224K), 0.0002230 secs]
337.505: [GC (Allocation Failure) 33554K->435K(75136K), 0.0002240 secs]
337.520: [GC (Allocation Failure) 32479K->435K(74112K), 0.0002150 secs]
337.533: [GC (Allocation Failure) 31405K->435K(73152K), 0.0002040 secs]
337.547: [GC (Allocation Failure) 30428K->435K(79168K), 0.0002020 secs]
337.575: [GC (Allocation Failure) 36484K->435K(77952K), 0.0002160 secs]
337.603: [GC (Allocation Failure) 35312K->435K(76800K), 0.0002230 secs]
337.617: [GC (Allocation Failure) 34140K->435K(75712K), 0.0002040 secs]
337.635: [GC (Allocation Failure) 33065K->435K(74624K), 0.0002190 secs]
337.651: [GC (Allocation Failure) 31893K->435K(80960K), 0.0002260 secs]
337.668: [GC (Allocation Failure) 38242K->435K(88576K), 0.0002140 secs]
337.688: [GC (Allocation Failure) 45860K->435K(97728K), 0.0002690 secs]
337.787: [GC (Allocation Failure) 55046K->435K(95680K), 0.0002120 secs]
337.813: [GC (Allocation Failure) 52994K->435K(93696K), 0.0002000 secs]
337.835: [GC (Allocation Failure) 51041K->435K(91840K), 0.0002110 secs]
337.856: [GC (Allocation Failure) 49181K->435K(90048K), 0.0002140 secs]
337.912: [GC (Allocation Failure) 47325K->435K(88320K), 0.0002210 secs]
337.936: [GC (Allocation Failure) 45665K->435K(86656K), 0.0002010 secs]
337.955: [GC (Allocation Failure) 44005K->435K(85120K), 0.0002010 secs]
337.978: [GC (Allocation Failure) 42442K->435K(83648K), 0.0002710 secs]
338.000: [GC (Allocation Failure) 40977K->435K(82240K), 0.0002120 secs]
338.017: [GC (Allocation Failure) 39512K->435K(80896K), 0.0002040 secs]
338.033: [GC (Allocation Failure) 38242K->435K(79616K), 0.0002010 secs]
338.054: [GC (Allocation Failure) 36972K->435K(78400K), 0.0002110 secs]
338.108: [GC (Allocation Failure) 35702K->435K(77248K), 0.0002170 secs]
338.128: [GC (Allocation Failure) 34530K->435K(76096K), 0.0002040 secs]
338.169: [GC (Allocation Failure) 33456K->435K(75008K), 0.0002060 secs]
338.183: [GC (Allocation Failure) 32284K->435K(73984K), 0.0002130 secs]
338.201: [GC (Allocation Failure) 31307K->435K(73024K), 0.0002640 secs]
338.214: [GC (Allocation Failure) 30331K->435K(79040K), 0.0002280 secs]
338.234: [GC (Allocation Failure) 36386K->435K(86272K), 0.0002120 secs]
338.261: [GC (Allocation Failure) 43614K->435K(84736K), 0.0002060 secs]
338.280: [GC (Allocation Failure) 42051K->435K(83264K), 0.0002040 secs]
338.355: [GC (Allocation Failure) 40586K->435K(81856K), 0.0002120 secs]
338.379: [GC (Allocation Failure) 39219K->435K(80512K), 0.0002220 secs]
338.400: [GC (Allocation Failure) 37851K->435K(79232K), 0.0002150 secs]
338.427: [GC (Allocation Failure) 36582K->435K(78016K), 0.0002260 secs]
338.454: [GC (Allocation Failure) 35312K->435K(76864K), 0.0002190 secs]
338.469: [GC (Allocation Failure) 34140K->435K(75776K), 0.0002030 secs]
338.487: [GC (Allocation Failure) 33065K->435K(74688K), 0.0002090 secs]
338.505: [GC (Allocation Failure) 31991K->435K(73664K), 0.0002360 secs]
338.535: [GC (Allocation Failure) 31014K->435K(72704K), 0.0002140 secs]
338.552: [GC (Allocation Failure) 30038K->435K(71808K), 0.0002320 secs]
338.565: [GC (Allocation Failure) 29158K->435K(77568K), 0.0002680 secs]
338.581: [GC (Allocation Failure) 34921K->435K(84480K), 0.0002140 secs]
338.612: [GC (Allocation Failure) 41758K->435K(92800K), 0.0002260 secs]
338.638: [GC (Allocation Failure) 50162K->435K(90944K), 0.0002290 secs]
338.660: [GC (Allocation Failure) 48302K->435K(89216K), 0.0002020 secs]
338.684: [GC (Allocation Failure) 46544K->435K(87552K), 0.0002130 secs]
338.758: [GC (Allocation Failure) 44884K->435K(85952K), 0.0002470 secs]
338.781: [GC (Allocation Failure) 43223K->435K(84416K), 0.0002020 secs]
338.803: [GC (Allocation Failure) 41758K->435K(82944K), 0.0003270 secs]
338.821: [GC (Allocation Failure) 40293K->435K(81536K), 0.0002020 secs]
338.956: [GC (Allocation Failure) 38828K->435K(80192K), 0.0002060 secs]
339.010: [GC (Allocation Failure) 37461K->435K(78912K), 0.0002220 secs]
339.026: [GC (Allocation Failure) 36191K->435K(77696K), 0.0002140 secs]
339.045: [GC (Allocation Failure) 35019K->435K(76544K), 0.0002130 secs]
339.104: [GC (Allocation Failure) 33847K->435K(75456K), 0.0002040 secs]
339.257: [GC (Allocation Failure) 32772K->435K(74432K), 0.0002110 secs]
339.271: [GC (Allocation Failure) 31698K->435K(73408K), 0.0003200 secs]
339.303: [GC (Allocation Failure) 30721K->435K(72448K), 0.0002120 secs]
339.321: [GC (Allocation Failure) 29745K->435K(71552K), 0.0002590 secs]
339.338: [GC (Allocation Failure) 28865K->435K(77248K), 0.0002250 secs]
339.408: [GC (Allocation Failure) 34530K->435K(76096K), 0.0002230 secs]
339.423: [GC (Allocation Failure) 33456K->435K(75008K), 0.0002040 secs]
339.440: [GC (Allocation Failure) 32284K->435K(73984K), 0.0002110 secs]
339.557: [GC (Allocation Failure) 31307K->435K(73024K), 0.0002120 secs]
339.571: [GC (Allocation Failure) 30331K->435K(72064K), 0.0002270 secs]
339.587: [GC (Allocation Failure) 29354K->435K(71168K), 0.0002120 secs]
339.604: [GC (Allocation Failure) 28475K->435K(76800K), 0.0002200 secs]
339.659: [GC (Allocation Failure) 34140K->435K(75712K), 0.0002210 secs]
339.673: [GC (Allocation Failure) 33065K->435K(74624K), 0.0002040 secs]
339.690: [GC (Allocation Failure) 31893K->435K(73600K), 0.0002100 secs]
339.735: [GC (Allocation Failure) 30917K->435K(72640K), 0.0002420 secs]
339.748: [GC (Allocation Failure) 29940K->435K(78592K), 0.0002720 secs]
339.764: [GC (Allocation Failure) 35898K->435K(85696K), 0.0002140 secs]
339.786: [GC (Allocation Failure) 43028K->435K(94272K), 0.0002050 secs]
339.841: [GC (Allocation Failure) 51627K->435K(92352K), 0.0002090 secs]
339.862: [GC (Allocation Failure) 49670K->435K(90496K), 0.0002030 secs]
339.911: [GC (Allocation Failure) 47814K->435K(88768K), 0.0002000 secs]
339.964: [GC (Allocation Failure) 46056K->435K(87104K), 0.0002190 secs]
339.984: [GC (Allocation Failure) 44395K->435K(85504K), 0.0002690 secs]
340.113: [GC (Allocation Failure) 42833K->435K(83968K), 0.0002130 secs]
340.131: [GC (Allocation Failure) 41270K->435K(82560K), 0.0002680 secs]
340.168: [GC (Allocation Failure) 39902K->435K(81216K), 0.0002030 secs]
340.212: [GC (Allocation Failure) 38535K->435K(79936K), 0.0002690 secs]
340.231: [GC (Allocation Failure) 37265K->435K(78656K), 0.0002170 secs]
340.250: [GC (Allocation Failure) 35996K->435K(77440K), 0.0002130 secs]
340.269: [GC (Allocation Failure) 34726K->435K(76288K), 0.0002010 secs]
340.288: [GC (Allocation Failure) 33554K->435K(75200K), 0.0002170 secs]
340.302: [GC (Allocation Failure) 32479K->435K(74176K), 0.0002260 secs]
340.320: [GC (Allocation Failure) 31503K->435K(80448K), 0.0002120 secs]
340.336: [GC (Allocation Failure) 37754K->435K(87936K), 0.0002020 secs]
340.378: [GC (Allocation Failure) 45274K->435K(86336K), 0.0002120 secs]
340.397: [GC (Allocation Failure) 43614K->435K(84800K), 0.0002130 secs]
340.416: [GC (Allocation Failure) 42149K->435K(83328K), 0.0002130 secs]
340.437: [GC (Allocation Failure) 40684K->435K(81920K), 0.0002080 secs]
340.508: [GC (Allocation Failure) 39219K->435K(80576K), 0.0002060 secs]
340.534: [GC (Allocation Failure) 37851K->435K(79296K), 0.0002320 secs]
340.557: [GC (Allocation Failure) 36582K->435K(78080K), 0.0002070 secs]
340.634: [GC (Allocation Failure) 35409K->435K(76928K), 0.0002170 secs]
340.657: [GC (Allocation Failure) 34237K->435K(75840K), 0.0002210 secs]
340.706: [GC (Allocation Failure) 33163K->435K(74752K), 0.0002050 secs]
340.756: [GC (Allocation Failure) 32089K->435K(73728K), 0.0002050 secs]
340.773: [GC (Allocation Failure) 31014K->435K(72768K), 0.0002130 secs]
340.790: [GC (Allocation Failure) 30038K->435K(71808K), 0.0002120 secs]
340.804: [GC (Allocation Failure) 29158K->435K(70912K), 0.0002120 secs]
340.820: [GC (Allocation Failure) 28182K->435K(70080K), 0.0002010 secs]
340.854: [GC (Allocation Failure) 27400K->435K(69248K), 0.0002710 secs]
340.931: [GC (Allocation Failure) 26521K->435K(68480K), 0.0002230 secs]
340.946: [GC (Allocation Failure) 25838K->435K(67712K), 0.0001970 secs]
340.973: [GC (Allocation Failure) 25052K->435K(67008K), 0.0002070 secs]
340.988: [GC (Allocation Failure) 24369K->435K(66304K), 0.0002290 secs]
341.030: [GC (Allocation Failure) 23587K->435K(65664K), 0.0002180 secs]
341.102: [GC (Allocation Failure) 23001K->435K(65024K), 0.0002050 secs]
341.156: [GC (Allocation Failure) 22317K->435K(64448K), 0.0002100 secs]
341.165: [GC (Allocation Failure) 21731K->435K(63872K), 0.0002180 secs]
341.179: [GC (Allocation Failure) 21145K->435K(68032K), 0.0002030 secs]
341.193: [GC (Allocation Failure) 25349K->435K(73024K), 0.0002190 secs]
341.206: [GC (Allocation Failure) 30331K->435K(79040K), 0.0002050 secs]
341.225: [GC (Allocation Failure) 36386K->435K(86272K), 0.0002150 secs]
341.244: [GC (Allocation Failure) 43614K->435K(94912K), 0.0002130 secs]
341.315: [GC (Allocation Failure) 52213K->435K(92992K), 0.0002020 secs]
341.364: [GC (Allocation Failure) 50260K->435K(91136K), 0.0002140 secs]
341.413: [GC (Allocation Failure) 48498K->435K(89344K), 0.0002110 secs]
341.433: [GC (Allocation Failure) 46642K->435K(87680K), 0.0002020 secs]
341.457: [GC (Allocation Failure) 44981K->435K(86080K), 0.0002120 secs]
341.476: [GC (Allocation Failure) 43419K->435K(84544K), 0.0002020 secs]
341.497: [GC (Allocation Failure) 41856K->435K(83072K), 0.0002100 secs]
341.564: [GC (Allocation Failure) 40391K->435K(81664K), 0.0002060 secs]
341.585: [GC (Allocation Failure) 39023K->435K(80320K), 0.0002010 secs]
341.606: [GC (Allocation Failure) 37656K->435K(79040K), 0.0002150 secs]
341.622: [GC (Allocation Failure) 36386K->435K(77824K), 0.0002120 secs]
341.637: [GC (Allocation Failure) 35116K->435K(76672K), 0.0002020 secs]
341.651: [GC (Allocation Failure) 33944K->435K(75584K), 0.0002010 secs]
341.670: [GC (Allocation Failure) 32870K->435K(74560K), 0.0002090 secs]
341.684: [GC (Allocation Failure) 31893K->435K(80896K), 0.0002170 secs]
341.710: [GC (Allocation Failure) 38242K->435K(79616K), 0.0002130 secs]
341.741: [GC (Allocation Failure) 36972K->435K(78400K), 0.0002300 secs]
341.761: [GC (Allocation Failure) 35702K->435K(77248K), 0.0002320 secs]
341.780: [GC (Allocation Failure) 34530K->435K(76096K), 0.0002140 secs]
341.825: [GC (Allocation Failure) 33456K->435K(75008K), 0.0002100 secs]
341.839: [GC (Allocation Failure) 32284K->435K(73984K), 0.0002040 secs]
341.857: [GC (Allocation Failure) 31307K->435K(80192K), 0.0002720 secs]
341.877: [GC (Allocation Failure) 37461K->435K(87616K), 0.0002170 secs]
341.900: [GC (Allocation Failure) 44884K->435K(86016K), 0.0002120 secs]
341.966: [GC (Allocation Failure) 43321K->435K(84480K), 0.0002130 secs]
341.988: [GC (Allocation Failure) 41758K->435K(83008K), 0.0002070 secs]
342.005: [GC (Allocation Failure) 40293K->435K(81600K), 0.0002020 secs]
342.142: [GC (Allocation Failure) 38926K->435K(80256K), 0.0002220 secs]
342.159: [GC (Allocation Failure) 37558K->435K(78976K), 0.0002020 secs]
342.174: [GC (Allocation Failure) 36289K->435K(77760K), 0.0002230 secs]
342.189: [GC (Allocation Failure) 35116K->435K(76608K), 0.0002030 secs]
342.204: [GC (Allocation Failure) 33944K->435K(83328K), 0.0002030 secs]
342.225: [GC (Allocation Failure) 40684K->435K(81920K), 0.0002120 secs]
342.265: [GC (Allocation Failure) 39219K->435K(80576K), 0.0002030 secs]
342.285: [GC (Allocation Failure) 37851K->435K(79296K), 0.0002020 secs]
342.314: [GC (Allocation Failure) 36582K->435K(78080K), 0.0002010 secs]
342.329: [GC (Allocation Failure) 35409K->435K(76928K), 0.0002770 secs]
342.356: [GC (Allocation Failure) 34237K->435K(75840K), 0.0002370 secs]
342.372: [GC (Allocation Failure) 33163K->435K(74752K), 0.0002430 secs]
342.390: [GC (Allocation Failure) 32089K->435K(81088K), 0.0002200 secs]
342.412: [GC (Allocation Failure) 38437K->435K(79808K), 0.0002110 secs]
342.446: [GC (Allocation Failure) 37168K->435K(78592K), 0.0002030 secs]
342.514: [GC (Allocation Failure) 35898K->435K(77376K), 0.0002140 secs]
342.533: [GC (Allocation Failure) 34726K->435K(76224K), 0.0002070 secs]
342.552: [GC (Allocation Failure) 33554K->435K(75136K), 0.0002100 secs]
342.566: [GC (Allocation Failure) 32479K->435K(74112K), 0.0002030 secs]
342.579: [GC (Allocation Failure) 31405K->435K(80320K), 0.0002010 secs]
342.666: [GC (Allocation Failure) 37656K->435K(79040K), 0.0002160 secs]
342.686: [GC (Allocation Failure) 36386K->435K(77824K), 0.0002020 secs]
342.705: [GC (Allocation Failure) 35116K->435K(76672K), 0.0002020 secs]
342.724: [GC (Allocation Failure) 33944K->435K(75584K), 0.0002100 secs]
342.738: [GC (Allocation Failure) 32870K->435K(74560K), 0.0002280 secs]
342.756: [GC (Allocation Failure) 31893K->435K(73536K), 0.0002090 secs]
342.808: [GC (Allocation Failure) 30819K->435K(72576K), 0.0002730 secs]
342.862: [GC (Allocation Failure) 29842K->435K(71680K), 0.0002180 secs]
342.875: [GC (Allocation Failure) 28963K->435K(70784K), 0.0002120 secs]
342.887: [GC (Allocation Failure) 28084K->435K(76352K), 0.0002010 secs]
342.905: [GC (Allocation Failure) 33651K->435K(83008K), 0.0002110 secs]
342.940: [GC (Allocation Failure) 40293K->435K(81600K), 0.0002090 secs]
342.959: [GC (Allocation Failure) 38926K->435K(80256K), 0.0002170 secs]
342.975: [GC (Allocation Failure) 37558K->435K(78976K), 0.0002040 secs]
342.990: [GC (Allocation Failure) 36289K->435K(86208K), 0.0002120 secs]
343.009: [GC (Allocation Failure) 43516K->435K(84672K), 0.0002040 secs]
343.041: [GC (Allocation Failure) 41953K->435K(83200K), 0.0002040 secs]
343.116: [GC (Allocation Failure) 40488K->435K(81792K), 0.0002220 secs]
343.133: [GC (Allocation Failure) 39121K->435K(80448K), 0.0002030 secs]
343.166: [GC (Allocation Failure) 37754K->435K(79168K), 0.0002220 secs]
343.185: [GC (Allocation Failure) 36484K->435K(77952K), 0.0002140 secs]
343.315: [GC (Allocation Failure) 35312K->435K(76800K), 0.0002110 secs]
343.334: [GC (Allocation Failure) 34140K->435K(75712K), 0.0002150 secs]
343.377: [GC (Allocation Failure) 33065K->435K(74624K), 0.0002060 secs]
343.390: [GC (Allocation Failure) 31893K->435K(73600K), 0.0002290 secs]
343.409: [GC (Allocation Failure) 30917K->435K(72640K), 0.0002160 secs]
343.459: [GC (Allocation Failure) 29940K->435K(71744K), 0.0002190 secs]
343.612: [GC (Allocation Failure) 29061K->435K(70848K), 0.0002230 secs]
343.625: [GC (Allocation Failure) 28182K->435K(70016K), 0.0002120 secs]
343.708: [GC (Allocation Failure) 27303K->435K(69184K), 0.0002250 secs]
343.720: [GC (Allocation Failure) 26521K->435K(68416K), 0.0002000 secs]
343.757: [GC (Allocation Failure) 25740K->435K(67648K), 0.0002030 secs]
343.772: [GC (Allocation Failure) 24955K->435K(66944K), 0.0002100 secs]
343.783: [GC (Allocation Failure) 24271K->435K(71744K), 0.0002150 secs]
343.913: [GC (Allocation Failure) 29061K->435K(70848K), 0.0003500 secs]
343.926: [GC (Allocation Failure) 28182K->435K(76416K), 0.0002740 secs]
343.941: [GC (Allocation Failure) 33749K->435K(83136K), 0.0002170 secs]
343.963: [GC (Allocation Failure) 40488K->435K(91200K), 0.0002210 secs]
344.021: [GC (Allocation Failure) 48498K->435K(89408K), 0.0002190 secs]
344.042: [GC (Allocation Failure) 46739K->435K(87744K), 0.0002020 secs]
344.061: [GC (Allocation Failure) 45079K->435K(86144K), 0.0002020 secs]
344.143: [GC (Allocation Failure) 43419K->435K(84608K), 0.0002100 secs]
344.168: [GC (Allocation Failure) 41953K->435K(83136K), 0.0002120 secs]
344.189: [GC (Allocation Failure) 40488K->435K(81728K), 0.0002030 secs]
344.245: [GC (Allocation Failure) 39023K->435K(80384K), 0.0002040 secs]
344.265: [GC (Allocation Failure) 37656K->435K(79104K), 0.0002010 secs]
344.281: [GC (Allocation Failure) 36386K->435K(77888K), 0.0002160 secs]
344.316: [GC (Allocation Failure) 35214K->435K(76736K), 0.0002140 secs]
344.331: [GC (Allocation Failure) 34042K->435K(75648K), 0.0002110 secs]
344.345: [GC (Allocation Failure) 32968K->435K(74560K), 0.0002040 secs]
344.361: [GC (Allocation Failure) 31893K->435K(80896K), 0.0002080 secs]
344.377: [GC (Allocation Failure) 38242K->435K(88512K), 0.0002050 secs]
344.418: [GC (Allocation Failure) 45860K->435K(86848K), 0.0002150 secs]
344.466: [GC (Allocation Failure) 44200K->435K(85312K), 0.0002140 secs]
344.488: [GC (Allocation Failure) 42637K->435K(83840K), 0.0002020 secs]
344.510: [GC (Allocation Failure) 41172K->435K(82432K), 0.0002100 secs]
344.528: [GC (Allocation Failure) 39707K->435K(81088K), 0.0002040 secs]
344.545: [GC (Allocation Failure) 38437K->435K(79808K), 0.0002030 secs]
344.564: [GC (Allocation Failure) 37168K->435K(78592K), 0.0002160 secs]
344.613: [GC (Allocation Failure) 35898K->435K(77376K), 0.0002170 secs]
344.669: [GC (Allocation Failure) 34726K->435K(76224K), 0.0002220 secs]
344.688: [GC (Allocation Failure) 33554K->435K(75136K), 0.0002130 secs]
344.702: [GC (Allocation Failure) 32479K->435K(74112K), 0.0002120 secs]
344.716: [GC (Allocation Failure) 31405K->435K(73152K), 0.0002020 secs]
344.729: [GC (Allocation Failure) 30428K->435K(79168K), 0.0002140 secs]
344.744: [GC (Allocation Failure) 36484K->435K(86400K), 0.0002140 secs]
344.816: [GC (Allocation Failure) 43712K->435K(84864K), 0.0002130 secs]
344.835: [GC (Allocation Failure) 42149K->435K(83392K), 0.0002120 secs]
344.869: [GC (Allocation Failure) 40684K->435K(81984K), 0.0002200 secs]
344.886: [GC (Allocation Failure) 39316K->435K(80640K), 0.0002140 secs]
344.906: [GC (Allocation Failure) 37949K->435K(79360K), 0.0002110 secs]
345.064: [GC (Allocation Failure) 36679K->435K(78144K), 0.0002110 secs]
345.083: [GC (Allocation Failure) 35409K->435K(76992K), 0.0001990 secs]
345.163: [GC (Allocation Failure) 34335K->435K(75904K), 0.0002230 secs]
345.181: [GC (Allocation Failure) 33261K->435K(74816K), 0.0002690 secs]
345.195: [GC (Allocation Failure) 32089K->435K(73792K), 0.0002130 secs]
345.212: [GC (Allocation Failure) 31112K->435K(72832K), 0.0002010 secs]
345.225: [GC (Allocation Failure) 30135K->435K(78784K), 0.0002120 secs]
345.341: [GC (Allocation Failure) 36093K->435K(77568K), 0.0002070 secs]
345.417: [GC (Allocation Failure) 34921K->435K(76416K), 0.0002180 secs]
345.436: [GC (Allocation Failure) 33749K->435K(75328K), 0.0002030 secs]
345.466: [GC (Allocation Failure) 32675K->435K(74304K), 0.0002070 secs]
345.484: [GC (Allocation Failure) 31600K->435K(73280K), 0.0002030 secs]
345.499: [GC (Allocation Failure) 30624K->435K(72320K), 0.0002310 secs]
345.542: [GC (Allocation Failure) 29647K->435K(71424K), 0.0002060 secs]
345.561: [GC (Allocation Failure) 28768K->435K(70528K), 0.0002800 secs]
345.574: [GC (Allocation Failure) 27889K->435K(76032K), 0.0002170 secs]
345.588: [GC (Allocation Failure) 33358K->435K(82624K), 0.0002050 secs]
345.670: [GC (Allocation Failure) 39902K->435K(81280K), 0.0002140 secs]
345.691: [GC (Allocation Failure) 38633K->435K(80000K), 0.0002090 secs]
345.707: [GC (Allocation Failure) 37363K->435K(78720K), 0.0002050 secs]
345.745: [GC (Allocation Failure) 35996K->435K(77504K), 0.0002160 secs]
345.760: [GC (Allocation Failure) 34823K->435K(76352K), 0.0002140 secs]
345.779: [GC (Allocation Failure) 33651K->435K(75264K), 0.0002020 secs]
345.797: [GC (Allocation Failure) 32577K->435K(74240K), 0.0002160 secs]
345.815: [GC (Allocation Failure) 31600K->435K(73216K), 0.0002140 secs]
345.828: [GC (Allocation Failure) 30526K->435K(79296K), 0.0002150 secs]
345.848: [GC (Allocation Failure) 36582K->435K(86592K), 0.0002730 secs]
345.871: [GC (Allocation Failure) 43907K->435K(95296K), 0.0002230 secs]
345.926: [GC (Allocation Failure) 52604K->435K(93312K), 0.0002230 secs]
345.947: [GC (Allocation Failure) 50650K->435K(91456K), 0.0002020 secs]
345.968: [GC (Allocation Failure) 48791K->435K(89664K), 0.0002020 secs]
346.023: [GC (Allocation Failure) 46935K->435K(87936K), 0.0002200 secs]
346.047: [GC (Allocation Failure) 45274K->435K(86336K), 0.0002210 secs]
346.068: [GC (Allocation Failure) 43614K->435K(84800K), 0.0002030 secs]
346.168: [GC (Allocation Failure) 42149K->435K(83328K), 0.0002110 secs]
346.190: [GC (Allocation Failure) 40684K->435K(81920K), 0.0002700 secs]
346.211: [GC (Allocation Failure) 39219K->435K(80576K), 0.0002070 secs]
346.231: [GC (Allocation Failure) 37851K->435K(79296K), 0.0002140 secs]
346.247: [GC (Allocation Failure) 36582K->435K(78080K), 0.0002010 secs]
346.266: [GC (Allocation Failure) 35409K->435K(76928K), 0.0002210 secs]
346.314: [GC (Allocation Failure) 34237K->435K(75840K), 0.0002130 secs]
346.352: [GC (Allocation Failure) 33163K->435K(74752K), 0.0002220 secs]
346.369: [GC (Allocation Failure) 32089K->435K(73728K), 0.0002130 secs]
346.387: [GC (Allocation Failure) 31014K->435K(72768K), 0.0002110 secs]
346.421: [GC (Allocation Failure) 30038K->435K(71808K), 0.0002160 secs]
346.434: [GC (Allocation Failure) 29158K->435K(70912K), 0.0002190 secs]
346.450: [GC (Allocation Failure) 28182K->435K(70080K), 0.0002100 secs]
346.494: [GC (Allocation Failure) 27400K->435K(69248K), 0.0002160 secs]
346.510: [GC (Allocation Failure) 26521K->435K(68480K), 0.0002140 secs]
346.538: [GC (Allocation Failure) 25838K->435K(67712K), 0.0002060 secs]
346.550: [GC (Allocation Failure) 25052K->435K(72640K), 0.0002230 secs]
346.617: [GC (Allocation Failure) 29940K->435K(71744K), 0.0002140 secs]
346.634: [GC (Allocation Failure) 29061K->435K(70848K), 0.0002170 secs]
346.646: [GC (Allocation Failure) 28182K->435K(76416K), 0.0002130 secs]
346.661: [GC (Allocation Failure) 33749K->435K(83136K), 0.0002130 secs]
346.682: [GC (Allocation Failure) 40488K->435K(91200K), 0.0002130 secs]
346.703: [GC (Allocation Failure) 48498K->435K(100864K), 0.0002120 secs]
346.780: [GC (Allocation Failure) 58171K->435K(98624K), 0.0002120 secs]
346.804: [GC (Allocation Failure) 55925K->435K(96512K), 0.0002060 secs]
346.873: [GC (Allocation Failure) 53873K->435K(94464K), 0.0002130 secs]
346.900: [GC (Allocation Failure) 51822K->435K(92544K), 0.0002030 secs]
346.921: [GC (Allocation Failure) 49867K->435K(90688K), 0.0002020 secs]
346.951: [GC (Allocation Failure) 48009K->435K(88960K), 0.0002080 secs]
346.975: [GC (Allocation Failure) 46251K->435K(87296K), 0.0002110 secs]
346.995: [GC (Allocation Failure) 44591K->435K(85696K), 0.0002040 secs]
347.017: [GC (Allocation Failure) 43028K->435K(84160K), 0.0002750 secs]
347.035: [GC (Allocation Failure) 41465K->435K(82688K), 0.0002040 secs]
347.072: [GC (Allocation Failure) 40000K->435K(81344K), 0.0002210 secs]
347.093: [GC (Allocation Failure) 38633K->435K(80000K), 0.0002110 secs]
347.110: [GC (Allocation Failure) 37363K->435K(78720K), 0.0002160 secs]
347.129: [GC (Allocation Failure) 35996K->435K(77504K), 0.0002150 secs]
347.169: [GC (Allocation Failure) 34823K->435K(76352K), 0.0002020 secs]
347.184: [GC (Allocation Failure) 33651K->435K(75264K), 0.0002150 secs]
347.198: [GC (Allocation Failure) 32577K->435K(74240K), 0.0002040 secs]
347.212: [GC (Allocation Failure) 31600K->435K(80512K), 0.0002130 secs]
347.229: [GC (Allocation Failure) 37851K->435K(88000K), 0.0002040 secs]
347.346: [GC (Allocation Failure) 45274K->435K(86400K), 0.0002250 secs]
347.420: [GC (Allocation Failure) 43712K->435K(84864K), 0.0002140 secs]
347.438: [GC (Allocation Failure) 42149K->435K(83392K), 0.0002040 secs]
347.460: [GC (Allocation Failure) 40684K->435K(81984K), 0.0002740 secs]
347.477: [GC (Allocation Failure) 39316K->435K(80640K), 0.0002050 secs]
347.522: [GC (Allocation Failure) 37949K->435K(79360K), 0.0002160 secs]
347.541: [GC (Allocation Failure) 36679K->435K(78144K), 0.0002110 secs]
347.557: [GC (Allocation Failure) 35409K->435K(76992K), 0.0002000 secs]
347.572: [GC (Allocation Failure) 34335K->435K(75904K), 0.0002020 secs]
347.590: [GC (Allocation Failure) 33261K->435K(82496K), 0.0002530 secs]
347.668: [GC (Allocation Failure) 39805K->435K(81152K), 0.0002180 secs]
347.722: [GC (Allocation Failure) 38437K->435K(79872K), 0.0002220 secs]
347.739: [GC (Allocation Failure) 37168K->435K(78656K), 0.0002080 secs]
347.771: [GC (Allocation Failure) 35996K->435K(77440K), 0.0002230 secs]
347.790: [GC (Allocation Failure) 34726K->435K(76288K), 0.0002770 secs]
347.809: [GC (Allocation Failure) 33554K->435K(75200K), 0.0002170 secs]
347.966: [GC (Allocation Failure) 32479K->435K(74176K), 0.0002150 secs]
347.983: [GC (Allocation Failure) 31503K->435K(73152K), 0.0002020 secs]
348.001: [GC (Allocation Failure) 30428K->435K(72192K), 0.0002230 secs]
348.015: [GC (Allocation Failure) 29549K->435K(71296K), 0.0002150 secs]
348.031: [GC (Allocation Failure) 28572K->435K(76992K), 0.0002100 secs]
348.071: [GC (Allocation Failure) 34335K->435K(75904K), 0.0002160 secs]
348.085: [GC (Allocation Failure) 33261K->435K(74816K), 0.0002120 secs]
348.102: [GC (Allocation Failure) 32089K->435K(73792K), 0.0001980 secs]
348.148: [GC (Allocation Failure) 31112K->435K(72832K), 0.0002190 secs]
348.162: [GC (Allocation Failure) 30135K->435K(78784K), 0.0002700 secs]
348.218: [GC (Allocation Failure) 36093K->435K(77568K), 0.0002040 secs]
348.268: [GC (Allocation Failure) 34921K->435K(76416K), 0.0002150 secs]
348.321: [GC (Allocation Failure) 33749K->435K(75328K), 0.0002160 secs]
348.335: [GC (Allocation Failure) 32675K->435K(74304K), 0.0002130 secs]
348.361: [GC (Allocation Failure) 31600K->435K(73280K), 0.0002080 secs]
348.374: [GC (Allocation Failure) 30624K->435K(72320K), 0.0002040 secs]
348.387: [GC (Allocation Failure) 29647K->435K(78208K), 0.0002030 secs]
348.438: [GC (Allocation Failure) 35507K->435K(77056K), 0.0002140 secs]
348.457: [GC (Allocation Failure) 34335K->435K(75904K), 0.0002010 secs]
348.471: [GC (Allocation Failure) 33261K->435K(74816K), 0.0002130 secs]
348.489: [GC (Allocation Failure) 32089K->435K(73792K), 0.0002130 secs]
348.503: [GC (Allocation Failure) 31112K->435K(79936K), 0.0002110 secs]
348.519: [GC (Allocation Failure) 37265K->435K(87360K), 0.0002710 secs]
348.545: [GC (Allocation Failure) 44688K->435K(96256K), 0.0002140 secs]
348.569: [GC (Allocation Failure) 53580K->435K(94272K), 0.0002120 secs]
348.595: [GC (Allocation Failure) 51627K->435K(92352K), 0.0002100 secs]
348.628: [GC (Allocation Failure) 49670K->435K(90496K), 0.0002020 secs]
348.650: [GC (Allocation Failure) 47814K->435K(88768K), 0.0002070 secs]
348.674: [GC (Allocation Failure) 46056K->435K(87104K), 0.0002200 secs]
348.777: [GC (Allocation Failure) 44395K->435K(85504K), 0.0002050 secs]
348.826: [GC (Allocation Failure) 42833K->435K(83968K), 0.0002220 secs]
348.844: [GC (Allocation Failure) 41270K->435K(82560K), 0.0002020 secs]
348.917: [GC (Allocation Failure) 39902K->435K(81216K), 0.0003490 secs]
348.945: [GC (Allocation Failure) 38535K->435K(79936K), 0.0002180 secs]
348.966: [GC (Allocation Failure) 37265K->435K(78656K), 0.0002150 secs]
348.981: [GC (Allocation Failure) 35996K->435K(77440K), 0.0002190 secs]
348.997: [GC (Allocation Failure) 34726K->435K(76288K), 0.0002020 secs]
349.017: [GC (Allocation Failure) 33554K->435K(75200K), 0.0002110 secs]
349.031: [GC (Allocation Failure) 32479K->435K(74176K), 0.0002090 secs]
349.047: [GC (Allocation Failure) 31503K->435K(80448K), 0.0002040 secs]
349.063: [GC (Allocation Failure) 37754K->435K(87936K), 0.0002120 secs]
349.083: [GC (Allocation Failure) 45274K->435K(96960K), 0.0002050 secs]
349.174: [GC (Allocation Failure) 54264K->435K(94912K), 0.0002240 secs]
349.215: [GC (Allocation Failure) 52213K->435K(92992K), 0.0002120 secs]
349.236: [GC (Allocation Failure) 50260K->435K(91136K), 0.0001990 secs]
349.261: [GC (Allocation Failure) 48498K->435K(89344K), 0.0002190 secs]
349.288: [GC (Allocation Failure) 46642K->435K(87680K), 0.0002260 secs]
349.312: [GC (Allocation Failure) 44981K->435K(86080K), 0.0002000 secs]
349.354: [GC (Allocation Failure) 43419K->435K(84544K), 0.0002320 secs]
349.373: [GC (Allocation Failure) 41856K->435K(83072K), 0.0002180 secs]
349.391: [GC (Allocation Failure) 40391K->435K(81664K), 0.0002150 secs]
349.407: [GC (Allocation Failure) 39023K->435K(80320K), 0.0002040 secs]
349.471: [GC (Allocation Failure) 37656K->435K(79040K), 0.0002120 secs]
349.490: [GC (Allocation Failure) 36386K->435K(77824K), 0.0002230 secs]
349.509: [GC (Allocation Failure) 35116K->435K(76672K), 0.0002100 secs]
349.528: [GC (Allocation Failure) 33944K->435K(75584K), 0.0002140 secs]
349.669: [GC (Allocation Failure) 32870K->435K(74560K), 0.0002280 secs]
349.687: [GC (Allocation Failure) 31893K->435K(73536K), 0.0002110 secs]
349.704: [GC (Allocation Failure) 30819K->435K(72576K), 0.0002130 secs]
349.721: [GC (Allocation Failure) 29842K->435K(71680K), 0.0002120 secs]
349.734: [GC (Allocation Failure) 28963K->435K(77440K), 0.0002170 secs]
349.749: [GC (Allocation Failure) 34726K->435K(84352K), 0.0002010 secs]
349.777: [GC (Allocation Failure) 41660K->435K(82880K), 0.0002230 secs]
349.798: [GC (Allocation Failure) 40195K->435K(81472K), 0.0002120 secs]
349.819: [GC (Allocation Failure) 38828K->435K(80128K), 0.0002700 secs]
349.839: [GC (Allocation Failure) 37461K->435K(78848K), 0.0002210 secs]
349.975: [GC (Allocation Failure) 36191K->435K(77632K), 0.0002230 secs]
349.994: [GC (Allocation Failure) 34921K->435K(76480K), 0.0002020 secs]
350.013: [GC (Allocation Failure) 33749K->435K(75392K), 0.0002140 secs]
350.027: [GC (Allocation Failure) 32675K->435K(74368K), 0.0002030 secs]
350.045: [GC (Allocation Failure) 31698K->435K(73344K), 0.0002130 secs]
350.062: [GC (Allocation Failure) 30624K->435K(79424K), 0.0002380 secs]
350.121: [GC (Allocation Failure) 36777K->435K(78208K), 0.0002120 secs]
350.137: [GC (Allocation Failure) 35507K->435K(77056K), 0.0002090 secs]
350.169: [GC (Allocation Failure) 34335K->435K(75904K), 0.0002210 secs]
350.184: [GC (Allocation Failure) 33261K->435K(74816K), 0.0002130 secs]
350.202: [GC (Allocation Failure) 32089K->435K(73792K), 0.0002100 secs]
350.219: [GC (Allocation Failure) 31112K->435K(72832K), 0.0002030 secs]
350.322: [GC (Allocation Failure) 30135K->435K(71872K), 0.0002030 secs]
350.335: [GC (Allocation Failure) 29158K->435K(70976K), 0.0002250 secs]
350.348: [GC (Allocation Failure) 28279K->435K(76608K), 0.0002100 secs]
350.363: [GC (Allocation Failure) 33944K->435K(83328K), 0.0002090 secs]
350.425: [GC (Allocation Failure) 40684K->435K(81920K), 0.0002170 secs]
350.446: [GC (Allocation Failure) 39219K->435K(80576K), 0.0002120 secs]
350.466: [GC (Allocation Failure) 37851K->435K(79296K), 0.0002220 secs]
350.498: [GC (Allocation Failure) 36582K->435K(78080K), 0.0002120 secs]
350.518: [GC (Allocation Failure) 35409K->435K(76928K), 0.0002010 secs]
350.534: [GC (Allocation Failure) 34237K->435K(75840K), 0.0001970 secs]
350.548: [GC (Allocation Failure) 33163K->435K(74752K), 0.0002050 secs]
350.566: [GC (Allocation Failure) 32089K->435K(81088K), 0.0002450 secs]
350.623: [GC (Allocation Failure) 38437K->435K(79808K), 0.0002140 secs]
350.643: [GC (Allocation Failure) 37168K->435K(78592K), 0.0002730 secs]
350.663: [GC (Allocation Failure) 35898K->435K(77376K), 0.0002130 secs]
350.682: [GC (Allocation Failure) 34726K->435K(76224K), 0.0002000 secs]
350.825: [GC (Allocation Failure) 33554K->435K(75136K), 0.0002030 secs]
350.839: [GC (Allocation Failure) 32479K->435K(74112K), 0.0002180 secs]
350.853: [GC (Allocation Failure) 31405K->435K(73152K), 0.0002010 secs]
350.866: [GC (Allocation Failure) 30428K->435K(79168K), 0.0002020 secs]
350.882: [GC (Allocation Failure) 36484K->435K(86400K), 0.0002030 secs]
350.929: [GC (Allocation Failure) 43712K->435K(84864K), 0.0002220 secs]
350.951: [GC (Allocation Failure) 42149K->435K(83392K), 0.0002110 secs]
350.969: [GC (Allocation Failure) 40684K->435K(81984K), 0.0002040 secs]
350.990: [GC (Allocation Failure) 39316K->435K(80640K), 0.0002720 secs]
351.006: [GC (Allocation Failure) 37949K->435K(88192K), 0.0002170 secs]
351.026: [GC (Allocation Failure) 45470K->435K(86592K), 0.0002040 secs]
351.126: [GC (Allocation Failure) 43907K->435K(85056K), 0.0002140 secs]
351.144: [GC (Allocation Failure) 42344K->435K(83584K), 0.0002020 secs]
351.166: [GC (Allocation Failure) 40879K->435K(82176K), 0.0002000 secs]
351.183: [GC (Allocation Failure) 39512K->435K(80832K), 0.0002100 secs]
351.203: [GC (Allocation Failure) 38144K->435K(79552K), 0.0002110 secs]
351.277: [GC (Allocation Failure) 36875K->435K(78336K), 0.0002060 secs]
351.292: [GC (Allocation Failure) 35605K->435K(77184K), 0.0002020 secs]
351.349: [GC (Allocation Failure) 34530K->435K(76032K), 0.0002320 secs]
351.368: [GC (Allocation Failure) 33358K->435K(74944K), 0.0002740 secs]
351.382: [GC (Allocation Failure) 32284K->435K(73920K), 0.0002320 secs]
351.396: [GC (Allocation Failure) 31210K->435K(80128K), 0.0002040 secs]
351.424: [GC (Allocation Failure) 37461K->435K(78848K), 0.0002140 secs]
351.443: [GC (Allocation Failure) 36191K->435K(77632K), 0.0002010 secs]
351.522: [GC (Allocation Failure) 34921K->435K(76480K), 0.0002820 secs]
351.572: [GC (Allocation Failure) 33749K->435K(75392K), 0.0002140 secs]
351.668: [GC (Allocation Failure) 32675K->435K(74368K), 0.0002230 secs]
351.682: [GC (Allocation Failure) 31698K->435K(73344K), 0.0002120 secs]
351.725: [GC (Allocation Failure) 30624K->435K(72384K), 0.0002200 secs]
351.739: [GC (Allocation Failure) 29745K->435K(78272K), 0.0003260 secs]
351.774: [GC (Allocation Failure) 35605K->435K(77120K), 0.0002310 secs]
351.793: [GC (Allocation Failure) 34433K->435K(75968K), 0.0002130 secs]
351.822: [GC (Allocation Failure) 33261K->435K(82560K), 0.0004180 secs]
351.855: [GC (Allocation Failure) 39902K->435K(81216K), 0.0002240 secs]
351.871: [GC (Allocation Failure) 38535K->435K(79936K), 0.0002170 secs]
351.979: [GC (Allocation Failure) 37265K->435K(78656K), 0.0002330 secs]
351.995: [GC (Allocation Failure) 35996K->435K(77440K), 0.0002260 secs]
352.010: [GC (Allocation Failure) 34726K->435K(76288K), 0.0002020 secs]
352.073: [GC (Allocation Failure) 33554K->435K(75200K), 0.0002120 secs]
352.091: [GC (Allocation Failure) 32479K->435K(74176K), 0.0002020 secs]
352.104: [GC (Allocation Failure) 31503K->435K(73152K), 0.0002030 secs]
352.125: [GC (Allocation Failure) 30428K->435K(72192K), 0.0002380 secs]
352.139: [GC (Allocation Failure) 29549K->435K(78016K), 0.0002150 secs]
352.155: [GC (Allocation Failure) 35312K->435K(85056K), 0.0001980 secs]
352.173: [GC (Allocation Failure) 42344K->435K(93504K), 0.0002020 secs]
352.198: [GC (Allocation Failure) 50846K->435K(91648K), 0.0002090 secs]
352.230: [GC (Allocation Failure) 48986K->435K(89856K), 0.0002240 secs]
352.283: [GC (Allocation Failure) 47130K->435K(88128K), 0.0002210 secs]
352.306: [GC (Allocation Failure) 45470K->435K(86528K), 0.0002450 secs]
352.328: [GC (Allocation Failure) 43809K->435K(84992K), 0.0002040 secs]
352.365: [GC (Allocation Failure) 42344K->435K(83520K), 0.0002040 secs]
352.383: [GC (Allocation Failure) 40879K->435K(82112K), 0.0002150 secs]
352.400: [GC (Allocation Failure) 39414K->435K(80768K), 0.0002030 secs]
352.417: [GC (Allocation Failure) 38047K->435K(79488K), 0.0001990 secs]
352.437: [GC (Allocation Failure) 36777K->435K(78272K), 0.0002730 secs]
352.452: [GC (Allocation Failure) 35605K->435K(85312K), 0.0002030 secs]
352.478: [GC (Allocation Failure) 42637K->435K(83840K), 0.0002160 secs]
352.496: [GC (Allocation Failure) 41172K->435K(82432K), 0.0002010 secs]
352.517: [GC (Allocation Failure) 39707K->435K(81088K), 0.0002100 secs]
352.555: [GC (Allocation Failure) 38437K->435K(79808K), 0.0002360 secs]
352.575: [GC (Allocation Failure) 37168K->435K(78592K), 0.0002120 secs]
352.629: [GC (Allocation Failure) 35898K->435K(77376K), 0.0002080 secs]
352.648: [GC (Allocation Failure) 34726K->435K(76224K), 0.0002010 secs]
352.667: [GC (Allocation Failure) 33554K->435K(75136K), 0.0002030 secs]
352.681: [GC (Allocation Failure) 32479K->435K(74112K), 0.0002130 secs]
352.694: [GC (Allocation Failure) 31405K->435K(80320K), 0.0002110 secs]
352.711: [GC (Allocation Failure) 37656K->435K(87808K), 0.0002110 secs]
352.730: [GC (Allocation Failure) 45079K->435K(96768K), 0.0002020 secs]
352.753: [GC (Allocation Failure) 54069K->435K(94720K), 0.0002020 secs]
352.781: [GC (Allocation Failure) 52018K->435K(92800K), 0.0002130 secs]
352.885: [GC (Allocation Failure) 50162K->435K(90944K), 0.0002220 secs]
352.905: [GC (Allocation Failure) 48302K->435K(89216K), 0.0002110 secs]
352.929: [GC (Allocation Failure) 46544K->435K(87552K), 0.0002110 secs]
352.954: [GC (Allocation Failure) 44884K->435K(85952K), 0.0002480 secs]
352.977: [GC (Allocation Failure) 43223K->435K(84416K), 0.0002140 secs]
353.028: [GC (Allocation Failure) 41758K->435K(82944K), 0.0002040 secs]
353.167: [GC (Allocation Failure) 40293K->435K(81536K), 0.0002120 secs]
353.184: [GC (Allocation Failure) 38828K->435K(80192K), 0.0002010 secs]
353.200: [GC (Allocation Failure) 37461K->435K(78912K), 0.0002040 secs]
353.275: [GC (Allocation Failure) 36191K->435K(77696K), 0.0002130 secs]
353.294: [GC (Allocation Failure) 35019K->435K(76544K), 0.0002000 secs]
353.309: [GC (Allocation Failure) 33847K->435K(75456K), 0.0002020 secs]
353.345: [GC (Allocation Failure) 32772K->435K(74432K), 0.0002270 secs]
353.359: [GC (Allocation Failure) 31698K->435K(73408K), 0.0002020 secs]
353.477: [GC (Allocation Failure) 30721K->435K(72448K), 0.0002220 secs]
353.490: [GC (Allocation Failure) 29745K->435K(71552K), 0.0002170 secs]
353.527: [GC (Allocation Failure) 28865K->435K(70656K), 0.0002240 secs]
353.539: [GC (Allocation Failure) 27986K->435K(69824K), 0.0002140 secs]
353.551: [GC (Allocation Failure) 27107K->435K(75200K), 0.0002030 secs]
353.569: [GC (Allocation Failure) 32479K->435K(81664K), 0.0002020 secs]
353.590: [GC (Allocation Failure) 39023K->435K(89408K), 0.0002100 secs]
353.611: [GC (Allocation Failure) 46739K->435K(98688K), 0.0002700 secs]
353.735: [GC (Allocation Failure) 56022K->435K(96576K), 0.0003010 secs]
353.758: [GC (Allocation Failure) 53873K->435K(94528K), 0.0002170 secs]
353.785: [GC (Allocation Failure) 51822K->435K(92608K), 0.0002110 secs]
353.836: [GC (Allocation Failure) 49967K->435K(90752K), 0.0002130 secs]
353.857: [GC (Allocation Failure) 48107K->435K(89024K), 0.0002060 secs]
353.881: [GC (Allocation Failure) 46349K->435K(87360K), 0.0002020 secs]
353.904: [GC (Allocation Failure) 44688K->435K(85760K), 0.0002130 secs]
353.922: [GC (Allocation Failure) 43028K->435K(84224K), 0.0003010 secs]
353.948: [GC (Allocation Failure) 41563K->435K(82752K), 0.0002160 secs]
353.970: [GC (Allocation Failure) 40098K->435K(81344K), 0.0002110 secs]
353.991: [GC (Allocation Failure) 38633K->435K(80000K), 0.0002150 secs]
354.007: [GC (Allocation Failure) 37363K->435K(78720K), 0.0002250 secs]
354.027: [GC (Allocation Failure) 35996K->435K(77504K), 0.0002130 secs]
354.042: [GC (Allocation Failure) 34823K->435K(84416K), 0.0002260 secs]
354.060: [GC (Allocation Failure) 41758K->435K(92736K), 0.0002120 secs]
354.085: [GC (Allocation Failure) 50064K->435K(90880K), 0.0002200 secs]
354.136: [GC (Allocation Failure) 48204K->435K(89152K), 0.0002910 secs]
354.156: [GC (Allocation Failure) 46446K->435K(87488K), 0.0002070 secs]
354.287: [GC (Allocation Failure) 44786K->435K(85888K), 0.0002120 secs]
354.306: [GC (Allocation Failure) 43223K->435K(84352K), 0.0002760 secs]
354.353: [GC (Allocation Failure) 41660K->435K(82880K), 0.0002270 secs]
354.371: [GC (Allocation Failure) 40195K->435K(81472K), 0.0002000 secs]
354.394: [GC (Allocation Failure) 38828K->435K(80128K), 0.0002130 secs]
354.414: [GC (Allocation Failure) 37461K->435K(78848K), 0.0002010 secs]
354.578: [GC (Allocation Failure) 36191K->435K(77632K), 0.0002200 secs]
354.593: [GC (Allocation Failure) 34921K->435K(76480K), 0.0002040 secs]
354.607: [GC (Allocation Failure) 33749K->435K(75392K), 0.0002140 secs]
354.625: [GC (Allocation Failure) 32675K->435K(74368K), 0.0002130 secs]
354.664: [GC (Allocation Failure) 31698K->435K(73344K), 0.0002170 secs]
354.677: [GC (Allocation Failure) 30624K->435K(72384K), 0.0002110 secs]
354.727: [GC (Allocation Failure) 29745K->435K(71488K), 0.0002030 secs]
354.775: [GC (Allocation Failure) 28768K->435K(70592K), 0.0002210 secs]
354.791: [GC (Allocation Failure) 27889K->435K(69760K), 0.0002150 secs]
354.807: [GC (Allocation Failure) 27107K->435K(68992K), 0.0002100 secs]
354.822: [GC (Allocation Failure) 26326K->435K(68224K), 0.0002370 secs]
354.880: [GC (Allocation Failure) 25545K->435K(67520K), 0.0002090 secs]
354.890: [GC (Allocation Failure) 24857K->435K(72448K), 0.0002200 secs]
354.931: [GC (Allocation Failure) 29745K->435K(71552K), 0.0002120 secs]
354.949: [GC (Allocation Failure) 28865K->435K(70656K), 0.0002320 secs]
354.961: [GC (Allocation Failure) 27986K->435K(76224K), 0.0002050 secs]
354.976: [GC (Allocation Failure) 33554K->435K(82880K), 0.0002030 secs]
354.993: [GC (Allocation Failure) 40195K->435K(90880K), 0.0002150 secs]
355.062: [GC (Allocation Failure) 48204K->435K(89152K), 0.0002180 secs]
355.086: [GC (Allocation Failure) 46446K->435K(87488K), 0.0002020 secs]
355.134: [GC (Allocation Failure) 44786K->435K(85888K), 0.0002250 secs]
355.157: [GC (Allocation Failure) 43223K->435K(84352K), 0.0001990 secs]
355.233: [GC (Allocation Failure) 41660K->435K(82880K), 0.0002150 secs]
355.250: [GC (Allocation Failure) 40195K->435K(81472K), 0.0002150 secs]
355.282: [GC (Allocation Failure) 38828K->435K(80128K), 0.0002140 secs]
355.357: [GC (Allocation Failure) 37461K->435K(78848K), 0.0002230 secs]
355.373: [GC (Allocation Failure) 36191K->435K(77632K), 0.0002170 secs]
355.388: [GC (Allocation Failure) 34921K->435K(76480K), 0.0002130 secs]
355.430: [GC (Allocation Failure) 33749K->435K(75392K), 0.0002130 secs]
355.444: [GC (Allocation Failure) 32675K->435K(74368K), 0.0002060 secs]
355.533: [GC (Allocation Failure) 31698K->435K(73344K), 0.0002110 secs]
355.550: [GC (Allocation Failure) 30624K->435K(72384K), 0.0002110 secs]
355.563: [GC (Allocation Failure) 29745K->435K(71488K), 0.0002010 secs]
355.728: [GC (Allocation Failure) 28768K->435K(70592K), 0.0002040 secs]
355.778: [GC (Allocation Failure) 27889K->435K(69760K), 0.0002170 secs]
355.831: [GC (Allocation Failure) 27107K->435K(68992K), 0.0002150 secs]
355.847: [GC (Allocation Failure) 26326K->435K(68224K), 0.0002160 secs]
355.881: [GC (Allocation Failure) 25545K->435K(67520K), 0.0002010 secs]
355.892: [GC (Allocation Failure) 24857K->435K(66816K), 0.0002190 secs]
355.973: [GC (Allocation Failure) 24173K->435K(66112K), 0.0002120 secs]
355.987: [GC (Allocation Failure) 23392K->435K(65472K), 0.0002290 secs]
356.001: [GC (Allocation Failure) 22806K->435K(64832K), 0.0002010 secs]
356.010: [GC (Allocation Failure) 22122K->435K(69184K), 0.0002130 secs]
356.022: [GC (Allocation Failure) 26521K->435K(74432K), 0.0002120 secs]
356.084: [GC (Allocation Failure) 31698K->435K(80704K), 0.0002110 secs]
356.104: [GC (Allocation Failure) 38047K->435K(88256K), 0.0002080 secs]
356.124: [GC (Allocation Failure) 45567K->435K(86592K), 0.0002030 secs]
356.144: [GC (Allocation Failure) 43907K->435K(85056K), 0.0002030 secs]
356.162: [GC (Allocation Failure) 42344K->435K(83584K), 0.0002140 secs]
356.284: [GC (Allocation Failure) 40879K->435K(82176K), 0.0002050 secs]
356.334: [GC (Allocation Failure) 39512K->435K(80832K), 0.0002140 secs]
356.355: [GC (Allocation Failure) 38144K->435K(79552K), 0.0002160 secs]
356.373: [GC (Allocation Failure) 36875K->435K(78336K), 0.0002710 secs]
356.423: [GC (Allocation Failure) 35605K->435K(77184K), 0.0002070 secs]
356.442: [GC (Allocation Failure) 34530K->435K(76032K), 0.0002080 secs]
356.460: [GC (Allocation Failure) 33358K->435K(74944K), 0.0002830 secs]
356.475: [GC (Allocation Failure) 32284K->435K(81344K), 0.0002110 secs]
356.491: [GC (Allocation Failure) 38633K->435K(89024K), 0.0002020 secs]
356.567: [GC (Allocation Failure) 46349K->435K(87360K), 0.0002420 secs]
356.590: [GC (Allocation Failure) 44688K->435K(85760K), 0.0002040 secs]
356.609: [GC (Allocation Failure) 43028K->435K(84224K), 0.0002040 secs]
356.662: [GC (Allocation Failure) 41563K->435K(82752K), 0.0002130 secs]
356.679: [GC (Allocation Failure) 40098K->435K(81344K), 0.0002740 secs]
356.737: [GC (Allocation Failure) 38633K->435K(80000K), 0.0002170 secs]
356.753: [GC (Allocation Failure) 37363K->435K(78720K), 0.0002170 secs]
356.887: [GC (Allocation Failure) 35996K->435K(77504K), 0.0002130 secs]
356.902: [GC (Allocation Failure) 34823K->435K(76352K), 0.0003200 secs]
356.932: [GC (Allocation Failure) 33651K->435K(75264K), 0.0002040 secs]
356.973: [GC (Allocation Failure) 32577K->435K(74240K), 0.0002770 secs]
356.987: [GC (Allocation Failure) 31600K->435K(73216K), 0.0002030 secs]
357.031: [GC (Allocation Failure) 30526K->435K(72256K), 0.0002230 secs]
357.043: [GC (Allocation Failure) 29549K->435K(71360K), 0.0002020 secs]
357.168: [GC (Allocation Failure) 28670K->435K(70464K), 0.0002130 secs]
357.180: [GC (Allocation Failure) 27791K->435K(69632K), 0.0002160 secs]
357.192: [GC (Allocation Failure) 26912K->435K(74944K), 0.0002010 secs]
357.281: [GC (Allocation Failure) 32284K->435K(73920K), 0.0002040 secs]
357.335: [GC (Allocation Failure) 31210K->435K(72960K), 0.0002110 secs]
357.353: [GC (Allocation Failure) 30233K->435K(72000K), 0.0002060 secs]
357.366: [GC (Allocation Failure) 29354K->435K(71104K), 0.0002300 secs]
357.382: [GC (Allocation Failure) 28377K->435K(70272K), 0.0002020 secs]
357.394: [GC (Allocation Failure) 27596K->435K(75712K), 0.0002450 secs]
357.412: [GC (Allocation Failure) 33065K->435K(82240K), 0.0002700 secs]
357.430: [GC (Allocation Failure) 39512K->435K(90112K), 0.0002160 secs]
357.493: [GC (Allocation Failure) 47423K->435K(88384K), 0.0002250 secs]
357.517: [GC (Allocation Failure) 45665K->435K(86720K), 0.0002020 secs]
357.537: [GC (Allocation Failure) 44005K->435K(85184K), 0.0002030 secs]
357.586: [GC (Allocation Failure) 42540K->435K(83712K), 0.0002060 secs]
357.636: [GC (Allocation Failure) 41074K->435K(82304K), 0.0002030 secs]
357.668: [GC (Allocation Failure) 39609K->435K(80960K), 0.0002220 secs]
357.684: [GC (Allocation Failure) 38242K->435K(79680K), 0.0002030 secs]
357.738: [GC (Allocation Failure) 36972K->435K(78464K), 0.0002210 secs]
357.755: [GC (Allocation Failure) 35800K->435K(77312K), 0.0002090 secs]
357.837: [GC (Allocation Failure) 34628K->435K(76160K), 0.0002260 secs]
357.852: [GC (Allocation Failure) 33456K->435K(75072K), 0.0002050 secs]
357.866: [GC (Allocation Failure) 32382K->435K(74048K), 0.0002140 secs]
358.032: [GC (Allocation Failure) 31405K->435K(73088K), 0.0002240 secs]
358.045: [GC (Allocation Failure) 30428K->435K(72128K), 0.0002140 secs]
358.058: [GC (Allocation Failure) 29451K->435K(77952K), 0.0002030 secs]
358.134: [GC (Allocation Failure) 35312K->435K(76800K), 0.0002020 secs]
358.169: [GC (Allocation Failure) 34140K->435K(75712K), 0.0002020 secs]
358.184: [GC (Allocation Failure) 33065K->435K(74624K), 0.0002270 secs]
358.200: [GC (Allocation Failure) 31893K->435K(73600K), 0.0002010 secs]
358.213: [GC (Allocation Failure) 30917K->435K(79744K), 0.0002040 secs]
358.239: [GC (Allocation Failure) 37070K->435K(78528K), 0.0002200 secs]
358.255: [GC (Allocation Failure) 35800K->435K(85632K), 0.0002160 secs]
358.273: [GC (Allocation Failure) 42930K->435K(84096K), 0.0002030 secs]
358.341: [GC (Allocation Failure) 41367K->435K(82624K), 0.0002250 secs]
358.372: [GC (Allocation Failure) 39902K->435K(81280K), 0.0003060 secs]
358.389: [GC (Allocation Failure) 38633K->435K(80000K), 0.0002130 secs]
358.409: [GC (Allocation Failure) 37363K->435K(78720K), 0.0002000 secs]
358.425: [GC (Allocation Failure) 35996K->435K(77504K), 0.0002060 secs]
358.485: [GC (Allocation Failure) 34823K->435K(76352K), 0.0002280 secs]
358.503: [GC (Allocation Failure) 33651K->435K(75264K), 0.0002700 secs]
358.520: [GC (Allocation Failure) 32577K->435K(74240K), 0.0002310 secs]
358.559: [GC (Allocation Failure) 31600K->435K(73216K), 0.0002220 secs]
358.572: [GC (Allocation Failure) 30526K->435K(72256K), 0.0002050 secs]
358.632: [GC (Allocation Failure) 29549K->435K(71360K), 0.0002150 secs]
358.659: [GC (Allocation Failure) 28670K->435K(70464K), 0.0002420 secs]
358.671: [GC (Allocation Failure) 27791K->435K(75968K), 0.0002640 secs]
358.738: [GC (Allocation Failure) 33261K->435K(74880K), 0.0002220 secs]
358.756: [GC (Allocation Failure) 32186K->435K(73856K), 0.0002020 secs]
358.773: [GC (Allocation Failure) 31210K->435K(72896K), 0.0002240 secs]
358.790: [GC (Allocation Failure) 30233K->435K(78912K), 0.0002840 secs]
358.806: [GC (Allocation Failure) 36191K->435K(86080K), 0.0002150 secs]
358.829: [GC (Allocation Failure) 43419K->435K(94720K), 0.0002710 secs]
358.851: [GC (Allocation Failure) 52018K->435K(105088K), 0.0002120 secs]
358.882: [GC (Allocation Failure) 62371K->435K(102656K), 0.0002100 secs]
358.951: [GC (Allocation Failure) 59929K->435K(100352K), 0.0003170 secs]
358.976: [GC (Allocation Failure) 57683K->435K(98176K), 0.0002170 secs]
359.004: [GC (Allocation Failure) 55534K->435K(96064K), 0.0002040 secs]
359.027: [GC (Allocation Failure) 53385K->435K(94080K), 0.0002120 secs]
359.068: [GC (Allocation Failure) 51432K->435K(92160K), 0.0002210 secs]
359.090: [GC (Allocation Failure) 49474K->435K(90368K), 0.0002040 secs]
359.114: [GC (Allocation Failure) 47716K->435K(88640K), 0.0002120 secs]
359.134: [GC (Allocation Failure) 45958K->435K(86976K), 0.0002030 secs]
359.194: [GC (Allocation Failure) 44298K->435K(85376K), 0.0002220 secs]
359.216: [GC (Allocation Failure) 42735K->435K(83904K), 0.0002110 secs]
359.288: [GC (Allocation Failure) 41172K->435K(82496K), 0.0002140 secs]
359.305: [GC (Allocation Failure) 39805K->435K(81152K), 0.0002030 secs]
359.337: [GC (Allocation Failure) 38437K->435K(79872K), 0.0002140 secs]
359.486: [GC (Allocation Failure) 37168K->435K(78656K), 0.0002140 secs]
359.505: [GC (Allocation Failure) 35996K->435K(77440K), 0.0002230 secs]
359.540: [GC (Allocation Failure) 34726K->435K(76288K), 0.0002110 secs]
359.558: [GC (Allocation Failure) 33554K->435K(75200K), 0.0002120 secs]
359.573: [GC (Allocation Failure) 32479K->435K(74176K), 0.0002160 secs]
359.590: [GC (Allocation Failure) 31503K->435K(73152K), 0.0002380 secs]
359.608: [GC (Allocation Failure) 30428K->435K(72192K), 0.0002130 secs]
359.621: [GC (Allocation Failure) 29549K->435K(78016K), 0.0002180 secs]
359.636: [GC (Allocation Failure) 35312K->435K(85056K), 0.0002040 secs]
359.654: [GC (Allocation Failure) 42344K->435K(93504K), 0.0002240 secs]
359.771: [GC (Allocation Failure) 50846K->435K(91648K), 0.0002190 secs]
359.797: [GC (Allocation Failure) 48986K->435K(89856K), 0.0002710 secs]
359.817: [GC (Allocation Failure) 47130K->435K(88128K), 0.0002160 secs]
359.862: [GC (Allocation Failure) 45470K->435K(86528K), 0.0002200 secs]
359.885: [GC (Allocation Failure) 43809K->435K(84992K), 0.0002010 secs]
359.943: [GC (Allocation Failure) 42344K->435K(83520K), 0.0002030 secs]
359.961: [GC (Allocation Failure) 40879K->435K(82112K), 0.0002300 secs]
359.979: [GC (Allocation Failure) 39414K->435K(80768K), 0.0002000 secs]
359.995: [GC (Allocation Failure) 38047K->435K(79488K), 0.0002040 secs]
360.015: [GC (Allocation Failure) 36777K->435K(78272K), 0.0002000 secs]
360.030: [GC (Allocation Failure) 35605K->435K(77120K), 0.0002350 secs]
360.049: [GC (Allocation Failure) 34433K->435K(75968K), 0.0002100 secs]
360.136: [GC (Allocation Failure) 33261K->435K(74880K), 0.0002130 secs]
360.151: [GC (Allocation Failure) 32186K->435K(73856K), 0.0002150 secs]
360.164: [GC (Allocation Failure) 31210K->435K(80064K), 0.0002050 secs]
360.184: [GC (Allocation Failure) 37363K->435K(78784K), 0.0002100 secs]
360.246: [GC (Allocation Failure) 36093K->435K(77568K), 0.0002050 secs]
360.265: [GC (Allocation Failure) 34921K->435K(76416K), 0.0002120 secs]
360.283: [GC (Allocation Failure) 33749K->435K(75328K), 0.0002110 secs]
360.350: [GC (Allocation Failure) 32675K->435K(74304K), 0.0002010 secs]
360.368: [GC (Allocation Failure) 31600K->435K(73280K), 0.0002710 secs]
360.386: [GC (Allocation Failure) 30624K->435K(79360K), 0.0002730 secs]
360.404: [GC (Allocation Failure) 36679K->435K(78144K), 0.0002130 secs]
360.420: [GC (Allocation Failure) 35409K->435K(85184K), 0.0002100 secs]
360.449: [GC (Allocation Failure) 42540K->435K(83712K), 0.0002170 secs]
360.494: [GC (Allocation Failure) 41074K->435K(82304K), 0.0002240 secs]
360.515: [GC (Allocation Failure) 39609K->435K(80960K), 0.0002160 secs]
360.535: [GC (Allocation Failure) 38242K->435K(79680K), 0.0002100 secs]
360.552: [GC (Allocation Failure) 36972K->435K(78464K), 0.0002130 secs]
360.586: [GC (Allocation Failure) 35800K->435K(77312K), 0.0002110 secs]
360.601: [GC (Allocation Failure) 34628K->435K(76160K), 0.0002140 secs]
360.665: [GC (Allocation Failure) 33456K->435K(75072K), 0.0002020 secs]
360.740: [GC (Allocation Failure) 32382K->435K(74048K), 0.0002130 secs]
360.758: [GC (Allocation Failure) 31405K->435K(73088K), 0.0002290 secs]
360.773: [GC (Allocation Failure) 30428K->435K(72128K), 0.0002020 secs]
360.789: [GC (Allocation Failure) 29451K->435K(71232K), 0.0002690 secs]
360.802: [GC (Allocation Failure) 28572K->435K(76864K), 0.0002650 secs]
360.817: [GC (Allocation Failure) 34140K->435K(83648K), 0.0002020 secs]
360.834: [GC (Allocation Failure) 40977K->435K(91776K), 0.0002120 secs]
360.859: [GC (Allocation Failure) 49084K->435K(101568K), 0.0002190 secs]
360.949: [GC (Allocation Failure) 58855K->435K(99328K), 0.0002150 secs]
360.978: [GC (Allocation Failure) 56608K->435K(97152K), 0.0002150 secs]
361.006: [GC (Allocation Failure) 54459K->435K(95104K), 0.0002370 secs]
361.029: [GC (Allocation Failure) 52408K->435K(93120K), 0.0002140 secs]
361.055: [GC (Allocation Failure) 50455K->435K(91264K), 0.0002130 secs]
361.080: [GC (Allocation Failure) 48595K->435K(89472K), 0.0002180 secs]
361.100: [GC (Allocation Failure) 46739K->435K(87808K), 0.0002130 secs]
361.170: [GC (Allocation Failure) 45079K->435K(86208K), 0.0002250 secs]
361.242: [GC (Allocation Failure) 43516K->435K(84672K), 0.0002230 secs]
361.260: [GC (Allocation Failure) 41953K->435K(83200K), 0.0002020 secs]
361.282: [GC (Allocation Failure) 40488K->435K(81792K), 0.0002130 secs]
361.299: [GC (Allocation Failure) 39121K->435K(80448K), 0.0002020 secs]
361.319: [GC (Allocation Failure) 37754K->435K(79168K), 0.0002130 secs]
361.365: [GC (Allocation Failure) 36484K->435K(77952K), 0.0002240 secs]
361.384: [GC (Allocation Failure) 35312K->435K(76800K), 0.0002040 secs]
361.463: [GC (Allocation Failure) 34140K->435K(75712K), 0.0002020 secs]
361.477: [GC (Allocation Failure) 33065K->435K(74624K), 0.0002040 secs]
361.495: [GC (Allocation Failure) 31893K->435K(73600K), 0.0002130 secs]
361.508: [GC (Allocation Failure) 30917K->435K(72640K), 0.0002140 secs]
361.537: [GC (Allocation Failure) 29940K->435K(71744K), 0.0002260 secs]
361.550: [GC (Allocation Failure) 29061K->435K(77504K), 0.0002040 secs]
361.638: [GC (Allocation Failure) 34823K->435K(76352K), 0.0002120 secs]
361.657: [GC (Allocation Failure) 33651K->435K(75264K), 0.0002090 secs]
361.692: [GC (Allocation Failure) 32577K->435K(74240K), 0.0002010 secs]
361.709: [GC (Allocation Failure) 31600K->435K(73216K), 0.0002030 secs]
361.841: [GC (Allocation Failure) 30526K->435K(72256K), 0.0002070 secs]
361.854: [GC (Allocation Failure) 29549K->435K(71360K), 0.0002260 secs]
361.867: [GC (Allocation Failure) 28670K->435K(70464K), 0.0002010 secs]
361.882: [GC (Allocation Failure) 27791K->435K(75968K), 0.0002220 secs]
361.942: [GC (Allocation Failure) 33261K->435K(74880K), 0.0002110 secs]
361.958: [GC (Allocation Failure) 32186K->435K(73856K), 0.0002020 secs]
362.088: [GC (Allocation Failure) 31210K->435K(72896K), 0.0002040 secs]
362.138: [GC (Allocation Failure) 30233K->435K(71936K), 0.0002240 secs]
362.151: [GC (Allocation Failure) 29256K->435K(71040K), 0.0002070 secs]
362.191: [GC (Allocation Failure) 28377K->435K(70208K), 0.0002130 secs]
362.207: [GC (Allocation Failure) 27498K->435K(69376K), 0.0002010 secs]
362.223: [GC (Allocation Failure) 26717K->435K(68608K), 0.0002200 secs]
362.240: [GC (Allocation Failure) 25935K->435K(67840K), 0.0002250 secs]
362.255: [GC (Allocation Failure) 25150K->435K(72832K), 0.0002050 secs]
362.269: [GC (Allocation Failure) 30135K->435K(78784K), 0.0002300 secs]
362.285: [GC (Allocation Failure) 36093K->435K(85952K), 0.0002040 secs]
362.307: [GC (Allocation Failure) 43223K->435K(94528K), 0.0002140 secs]
362.330: [GC (Allocation Failure) 51822K->435K(92608K), 0.0002140 secs]
362.352: [GC (Allocation Failure) 49967K->435K(90752K), 0.0002040 secs]
362.395: [GC (Allocation Failure) 48107K->435K(89024K), 0.0002270 secs]
362.419: [GC (Allocation Failure) 46349K->435K(87360K), 0.0002150 secs]
362.443: [GC (Allocation Failure) 44688K->435K(85760K), 0.0002020 secs]
362.462: [GC (Allocation Failure) 43028K->435K(84224K), 0.0002130 secs]
362.479: [GC (Allocation Failure) 41563K->435K(82752K), 0.0002030 secs]
362.542: [GC (Allocation Failure) 40098K->435K(81344K), 0.0002030 secs]
362.567: [GC (Allocation Failure) 38633K->435K(80000K), 0.0002240 secs]
362.583: [GC (Allocation Failure) 37363K->435K(78720K), 0.0002750 secs]
362.670: [GC (Allocation Failure) 35996K->435K(77504K), 0.0003410 secs]
362.686: [GC (Allocation Failure) 34823K->435K(76352K), 0.0002790 secs]
362.705: [GC (Allocation Failure) 33651K->435K(75264K), 0.0002100 secs]
362.789: [GC (Allocation Failure) 32577K->435K(74240K), 0.0002170 secs]
362.843: [GC (Allocation Failure) 31600K->435K(73216K), 0.0002200 secs]
362.856: [GC (Allocation Failure) 30526K->435K(72256K), 0.0002140 secs]
362.873: [GC (Allocation Failure) 29549K->435K(71360K), 0.0002010 secs]
362.889: [GC (Allocation Failure) 28670K->435K(70464K), 0.0002250 secs]
362.902: [GC (Allocation Failure) 27791K->435K(75968K), 0.0002770 secs]
362.981: [GC (Allocation Failure) 33261K->435K(74880K), 0.0002260 secs]
363.000: [GC (Allocation Failure) 32186K->435K(73856K), 0.0002070 secs]
363.018: [GC (Allocation Failure) 31210K->435K(72896K), 0.0002230 secs]
363.093: [GC (Allocation Failure) 30233K->435K(71936K), 0.0002080 secs]
363.110: [GC (Allocation Failure) 29256K->435K(71040K), 0.0002030 secs]
363.122: [GC (Allocation Failure) 28377K->435K(76672K), 0.0002130 secs]
363.173: [GC (Allocation Failure) 33944K->435K(75584K), 0.0002240 secs]
363.188: [GC (Allocation Failure) 32870K->435K(82112K), 0.0002630 secs]
363.297: [GC (Allocation Failure) 39414K->435K(80768K), 0.0002210 secs]
363.317: [GC (Allocation Failure) 38047K->435K(79488K), 0.0002730 secs]
363.334: [GC (Allocation Failure) 36777K->435K(78272K), 0.0002180 secs]
363.364: [GC (Allocation Failure) 35605K->435K(77120K), 0.0002270 secs]
363.383: [GC (Allocation Failure) 34433K->435K(75968K), 0.0002040 secs]
363.397: [GC (Allocation Failure) 33261K->435K(74880K), 0.0002150 secs]
363.411: [GC (Allocation Failure) 32186K->435K(81280K), 0.0002150 secs]
363.428: [GC (Allocation Failure) 38633K->435K(88960K), 0.0002030 secs]
363.473: [GC (Allocation Failure) 46251K->435K(87296K), 0.0002140 secs]
363.492: [GC (Allocation Failure) 44591K->435K(85696K), 0.0002030 secs]
363.549: [GC (Allocation Failure) 43028K->435K(84160K), 0.0002230 secs]
363.568: [GC (Allocation Failure) 41465K->435K(82688K), 0.0002150 secs]
363.585: [GC (Allocation Failure) 40000K->435K(81344K), 0.0002130 secs]
363.647: [GC (Allocation Failure) 38633K->435K(80000K), 0.0002210 secs]
363.664: [GC (Allocation Failure) 37363K->435K(78720K), 0.0002030 secs]
363.697: [GC (Allocation Failure) 35996K->435K(77504K), 0.0002130 secs]
363.712: [GC (Allocation Failure) 34823K->435K(76352K), 0.0002050 secs]
363.763: [GC (Allocation Failure) 33651K->435K(75264K), 0.0002180 secs]
363.777: [GC (Allocation Failure) 32577K->435K(74240K), 0.0002030 secs]
363.791: [GC (Allocation Failure) 31600K->435K(73216K), 0.0002130 secs]
363.808: [GC (Allocation Failure) 30526K->435K(79296K), 0.0002140 secs]
363.897: [GC (Allocation Failure) 36582K->435K(78080K), 0.0002040 secs]
363.913: [GC (Allocation Failure) 35409K->435K(76928K), 0.0002040 secs]
363.946: [GC (Allocation Failure) 34237K->435K(75840K), 0.0002190 secs]
363.965: [GC (Allocation Failure) 33163K->435K(74752K), 0.0003190 secs]
363.979: [GC (Allocation Failure) 32089K->435K(81088K), 0.0002130 secs]
364.144: [GC (Allocation Failure) 38437K->435K(79808K), 0.0002150 secs]
364.194: [GC (Allocation Failure) 37168K->435K(78592K), 0.0002020 secs]
364.247: [GC (Allocation Failure) 35898K->435K(77376K), 0.0002230 secs]
364.266: [GC (Allocation Failure) 34726K->435K(76224K), 0.0002010 secs]
364.284: [GC (Allocation Failure) 33554K->435K(75136K), 0.0002010 secs]
364.299: [GC (Allocation Failure) 32479K->435K(74112K), 0.0002020 secs]
364.346: [GC (Allocation Failure) 31405K->435K(73152K), 0.0002160 secs]
364.364: [GC (Allocation Failure) 30428K->435K(72192K), 0.0002000 secs]
364.389: [GC (Allocation Failure) 29549K->435K(71296K), 0.0002120 secs]
364.402: [GC (Allocation Failure) 28572K->435K(70400K), 0.0002270 secs]
364.414: [GC (Allocation Failure) 27693K->435K(75904K), 0.0001980 secs]
364.433: [GC (Allocation Failure) 33261K->435K(82496K), 0.0002200 secs]
364.495: [GC (Allocation Failure) 39805K->435K(81152K), 0.0002110 secs]
364.512: [GC (Allocation Failure) 38437K->435K(79872K), 0.0002140 secs]
364.532: [GC (Allocation Failure) 37168K->435K(78656K), 0.0002200 secs]
364.566: [GC (Allocation Failure) 35996K->435K(77440K), 0.0002150 secs]
364.594: [GC (Allocation Failure) 34726K->435K(76288K), 0.0002630 secs]
364.663: [GC (Allocation Failure) 33554K->435K(75200K), 0.0002160 secs]
364.677: [GC (Allocation Failure) 32479K->435K(74176K), 0.0002150 secs]
364.695: [GC (Allocation Failure) 31503K->435K(73152K), 0.0002100 secs]
364.746: [GC (Allocation Failure) 30428K->435K(72192K), 0.0002070 secs]
364.759: [GC (Allocation Failure) 29549K->435K(71296K), 0.0002170 secs]
364.791: [GC (Allocation Failure) 28572K->435K(70400K), 0.0002160 secs]
364.844: [GC (Allocation Failure) 27693K->435K(69568K), 0.0002220 secs]
364.860: [GC (Allocation Failure) 26912K->435K(68800K), 0.0002140 secs]
364.876: [GC (Allocation Failure) 26131K->435K(68032K), 0.0002010 secs]
364.891: [GC (Allocation Failure) 25349K->435K(73024K), 0.0002390 secs]
364.967: [GC (Allocation Failure) 30331K->435K(72064K), 0.0002150 secs]
364.980: [GC (Allocation Failure) 29354K->435K(71168K), 0.0002150 secs]
365.045: [GC (Allocation Failure) 28475K->435K(70336K), 0.0002230 secs]
365.061: [GC (Allocation Failure) 27693K->435K(69504K), 0.0002140 secs]
365.074: [GC (Allocation Failure) 26814K->435K(74816K), 0.0002690 secs]
365.097: [GC (Allocation Failure) 32089K->435K(81216K), 0.0002230 secs]
365.114: [GC (Allocation Failure) 38535K->435K(88896K), 0.0002040 secs]
365.133: [GC (Allocation Failure) 46251K->435K(98112K), 0.0002030 secs]
365.178: [GC (Allocation Failure) 55436K->435K(96000K), 0.0002210 secs]
365.205: [GC (Allocation Failure) 53287K->435K(94016K), 0.0002080 secs]
365.229: [GC (Allocation Failure) 51334K->435K(92096K), 0.0002000 secs]
365.300: [GC (Allocation Failure) 49377K->435K(90304K), 0.0002230 secs]
365.321: [GC (Allocation Failure) 47618K->435K(88576K), 0.0002030 secs]
365.380: [GC (Allocation Failure) 45860K->435K(86912K), 0.0002140 secs]
365.399: [GC (Allocation Failure) 44200K->435K(85312K), 0.0002010 secs]
365.421: [GC (Allocation Failure) 42637K->435K(83840K), 0.0002200 secs]
365.447: [GC (Allocation Failure) 41172K->435K(82432K), 0.0002010 secs]
365.551: [GC (Allocation Failure) 39707K->435K(81088K), 0.0002230 secs]
365.572: [GC (Allocation Failure) 38437K->435K(79808K), 0.0002100 secs]
365.590: [GC (Allocation Failure) 37168K->435K(78592K), 0.0002160 secs]
365.649: [GC (Allocation Failure) 35898K->435K(77376K), 0.0002120 secs]
365.668: [GC (Allocation Failure) 34726K->435K(76224K), 0.0002730 secs]
365.687: [GC (Allocation Failure) 33554K->435K(75136K), 0.0002110 secs]
365.748: [GC (Allocation Failure) 32479K->435K(74112K), 0.0002030 secs]
365.766: [GC (Allocation Failure) 31405K->435K(73152K), 0.0002090 secs]
365.783: [GC (Allocation Failure) 30428K->435K(72192K), 0.0002120 secs]
365.893: [GC (Allocation Failure) 29549K->435K(71296K), 0.0002140 secs]
365.909: [GC (Allocation Failure) 28572K->435K(70400K), 0.0002040 secs]
365.925: [GC (Allocation Failure) 27693K->435K(69568K), 0.0002380 secs]
365.992: [GC (Allocation Failure) 26912K->435K(68800K), 0.0002030 secs]
366.045: [GC (Allocation Failure) 26131K->435K(68032K), 0.0002210 secs]
366.061: [GC (Allocation Failure) 25349K->435K(67328K), 0.0002370 secs]
366.131: [GC (Allocation Failure) 24662K->435K(66624K), 0.0002060 secs]
366.145: [GC (Allocation Failure) 23978K->435K(65984K), 0.0002020 secs]
366.166: [GC (Allocation Failure) 23294K->435K(65344K), 0.0003230 secs]
366.180: [GC (Allocation Failure) 22610K->435K(69824K), 0.0002130 secs]
366.198: [GC (Allocation Failure) 27107K->435K(75200K), 0.0003960 secs]
366.248: [GC (Allocation Failure) 32479K->435K(81664K), 0.0002140 secs]
366.269: [GC (Allocation Failure) 39023K->435K(80320K), 0.0002020 secs]
366.290: [GC (Allocation Failure) 37656K->435K(79040K), 0.0002120 secs]
366.305: [GC (Allocation Failure) 36386K->435K(77824K), 0.0002040 secs]
366.355: [GC (Allocation Failure) 35116K->435K(76672K), 0.0002380 secs]
366.373: [GC (Allocation Failure) 33944K->435K(75584K), 0.0002660 secs]
366.387: [GC (Allocation Failure) 32870K->435K(82112K), 0.0002130 secs]
366.404: [GC (Allocation Failure) 39414K->435K(89920K), 0.0002700 secs]
366.429: [GC (Allocation Failure) 47228K->435K(99328K), 0.0002740 secs]
366.457: [GC (Allocation Failure) 56608K->435K(97152K), 0.0002180 secs]
366.485: [GC (Allocation Failure) 54459K->435K(95104K), 0.0002810 secs]
366.508: [GC (Allocation Failure) 52408K->435K(93120K), 0.0002030 secs]
366.556: [GC (Allocation Failure) 50455K->435K(91264K), 0.0002200 secs]
366.581: [GC (Allocation Failure) 48595K->435K(89472K), 0.0002070 secs]
366.674: [GC (Allocation Failure) 46739K->435K(87808K), 0.0002150 secs]
366.697: [GC (Allocation Failure) 45079K->435K(86208K), 0.0002010 secs]
366.750: [GC (Allocation Failure) 43516K->435K(84672K), 0.0002120 secs]
366.768: [GC (Allocation Failure) 41953K->435K(83200K), 0.0002010 secs]
366.803: [GC (Allocation Failure) 40488K->435K(81792K), 0.0002150 secs]
366.820: [GC (Allocation Failure) 39121K->435K(80448K), 0.0002010 secs]
366.851: [GC (Allocation Failure) 37754K->435K(79168K), 0.0002110 secs]
366.871: [GC (Allocation Failure) 36484K->435K(77952K), 0.0002100 secs]
366.891: [GC (Allocation Failure) 35312K->435K(76800K), 0.0002130 secs]
366.972: [GC (Allocation Failure) 34140K->435K(75712K), 0.0002130 secs]
366.986: [GC (Allocation Failure) 33065K->435K(74624K), 0.0002740 secs]
367.046: [GC (Allocation Failure) 31893K->435K(73600K), 0.0002160 secs]
367.063: [GC (Allocation Failure) 30917K->435K(72640K), 0.0002010 secs]
367.076: [GC (Allocation Failure) 29940K->435K(71744K), 0.0002160 secs]
367.144: [GC (Allocation Failure) 29061K->435K(70848K), 0.0002290 secs]
367.158: [GC (Allocation Failure) 28182K->435K(70016K), 0.0002100 secs]
367.174: [GC (Allocation Failure) 27303K->435K(75456K), 0.0002440 secs]
367.193: [GC (Allocation Failure) 32772K->435K(81984K), 0.0002210 secs]
367.210: [GC (Allocation Failure) 39316K->435K(89792K), 0.0002280 secs]
367.232: [GC (Allocation Failure) 47130K->435K(88064K), 0.0002080 secs]
367.353: [GC (Allocation Failure) 45372K->435K(86464K), 0.0003530 secs]
367.373: [GC (Allocation Failure) 43809K->435K(84928K), 0.0002140 secs]
367.451: [GC (Allocation Failure) 42247K->435K(83456K), 0.0002050 secs]
367.504: [GC (Allocation Failure) 40781K->435K(82048K), 0.0002130 secs]
367.521: [GC (Allocation Failure) 39316K->435K(80704K), 0.0002280 secs]
367.537: [GC (Allocation Failure) 38047K->435K(79424K), 0.0002050 secs]
367.557: [GC (Allocation Failure) 36777K->435K(78208K), 0.0002110 secs]
367.598: [GC (Allocation Failure) 35507K->435K(77056K), 0.0002150 secs]
367.613: [GC (Allocation Failure) 34335K->435K(75904K), 0.0002740 secs]
367.701: [GC (Allocation Failure) 33261K->435K(74816K), 0.0002140 secs]
367.715: [GC (Allocation Failure) 32089K->435K(81216K), 0.0002700 secs]
367.753: [GC (Allocation Failure) 38535K->435K(79936K), 0.0002240 secs]
367.773: [GC (Allocation Failure) 37265K->435K(78656K), 0.0002180 secs]
367.789: [GC (Allocation Failure) 35996K->435K(77440K), 0.0002060 secs]
367.902: [GC (Allocation Failure) 34726K->435K(76288K), 0.0002170 secs]
367.920: [GC (Allocation Failure) 33554K->435K(75200K), 0.0002010 secs]
367.935: [GC (Allocation Failure) 32479K->435K(74176K), 0.0002120 secs]
367.952: [GC (Allocation Failure) 31503K->435K(73152K), 0.0002200 secs]
367.996: [GC (Allocation Failure) 30428K->435K(72192K), 0.0002230 secs]
368.009: [GC (Allocation Failure) 29549K->435K(71296K), 0.0002020 secs]
368.025: [GC (Allocation Failure) 28572K->435K(70400K), 0.0002110 secs]
368.041: [GC (Allocation Failure) 27693K->435K(75904K), 0.0002130 secs]
368.056: [GC (Allocation Failure) 33261K->435K(82496K), 0.0002140 secs]
368.073: [GC (Allocation Failure) 39805K->435K(90432K), 0.0002030 secs]
368.176: [GC (Allocation Failure) 47716K->435K(88704K), 0.0002140 secs]
368.200: [GC (Allocation Failure) 46056K->435K(87040K), 0.0002090 secs]
368.219: [GC (Allocation Failure) 44395K->435K(85440K), 0.0002060 secs]
368.238: [GC (Allocation Failure) 42735K->435K(83968K), 0.0002030 secs]
368.305: [GC (Allocation Failure) 41270K->435K(82560K), 0.0002230 secs]
368.322: [GC (Allocation Failure) 39902K->435K(81216K), 0.0002250 secs]
368.343: [GC (Allocation Failure) 38535K->435K(79936K), 0.0002710 secs]
368.363: [GC (Allocation Failure) 37265K->435K(78656K), 0.0002230 secs]
368.379: [GC (Allocation Failure) 35996K->435K(77440K), 0.0002030 secs]
368.394: [GC (Allocation Failure) 34726K->435K(84352K), 0.0002140 secs]
368.425: [GC (Allocation Failure) 41660K->435K(82880K), 0.0002140 secs]
368.447: [GC (Allocation Failure) 40195K->435K(81472K), 0.0002130 secs]
368.467: [GC (Allocation Failure) 38828K->435K(80128K), 0.0002200 secs]
368.503: [GC (Allocation Failure) 37461K->435K(78848K), 0.0002100 secs]
368.518: [GC (Allocation Failure) 36191K->435K(77632K), 0.0002730 secs]
368.549: [GC (Allocation Failure) 34921K->435K(76480K), 0.0002120 secs]
368.564: [GC (Allocation Failure) 33749K->435K(83200K), 0.0002770 secs]
368.601: [GC (Allocation Failure) 40488K->435K(81792K), 0.0002060 secs]
368.655: [GC (Allocation Failure) 39121K->435K(80448K), 0.0002240 secs]
368.671: [GC (Allocation Failure) 37754K->435K(79168K), 0.0002160 secs]
368.687: [GC (Allocation Failure) 36484K->435K(77952K), 0.0002010 secs]
368.803: [GC (Allocation Failure) 35312K->435K(76800K), 0.0002130 secs]
368.822: [GC (Allocation Failure) 34140K->435K(75712K), 0.0002330 secs]
368.837: [GC (Allocation Failure) 33065K->435K(74624K), 0.0002050 secs]
368.902: [GC (Allocation Failure) 31893K->435K(73600K), 0.0002220 secs]
368.915: [GC (Allocation Failure) 30917K->435K(72640K), 0.0002030 secs]
368.976: [GC (Allocation Failure) 29940K->435K(71744K), 0.0003190 secs]
369.007: [GC (Allocation Failure) 29061K->435K(70848K), 0.0002130 secs]
369.019: [GC (Allocation Failure) 28182K->435K(70016K), 0.0002000 secs]
369.031: [GC (Allocation Failure) 27303K->435K(75456K), 0.0002010 secs]
369.045: [GC (Allocation Failure) 32772K->435K(81984K), 0.0002000 secs]
369.102: [GC (Allocation Failure) 39316K->435K(80640K), 0.0002140 secs]
369.151: [GC (Allocation Failure) 37949K->435K(79360K), 0.0002010 secs]
369.174: [GC (Allocation Failure) 36679K->435K(78144K), 0.0002190 secs]
369.194: [GC (Allocation Failure) 35409K->435K(76992K), 0.0002210 secs]
369.353: [GC (Allocation Failure) 34335K->435K(75904K), 0.0002170 secs]
369.369: [GC (Allocation Failure) 33261K->435K(74816K), 0.0002260 secs]
369.399: [GC (Allocation Failure) 32089K->435K(73792K), 0.0002320 secs]
369.417: [GC (Allocation Failure) 31112K->435K(72832K), 0.0002040 secs]
369.430: [GC (Allocation Failure) 30135K->435K(71872K), 0.0002170 secs]
369.447: [GC (Allocation Failure) 29158K->435K(70976K), 0.0002110 secs]
369.501: [GC (Allocation Failure) 28279K->435K(70144K), 0.0002070 secs]
369.517: [GC (Allocation Failure) 27498K->435K(69312K), 0.0002060 secs]
369.529: [GC (Allocation Failure) 26619K->435K(74560K), 0.0002030 secs]
369.549: [GC (Allocation Failure) 31893K->435K(80896K), 0.0002740 secs]
369.566: [GC (Allocation Failure) 38242K->435K(88512K), 0.0002120 secs]
369.655: [GC (Allocation Failure) 45860K->435K(86848K), 0.0002130 secs]
369.678: [GC (Allocation Failure) 44200K->435K(85312K), 0.0002010 secs]
369.696: [GC (Allocation Failure) 42637K->435K(83840K), 0.0002110 secs]
369.714: [GC (Allocation Failure) 41172K->435K(82432K), 0.0002140 secs]
369.756: [GC (Allocation Failure) 39707K->435K(81088K), 0.0003050 secs]
369.773: [GC (Allocation Failure) 38437K->435K(79808K), 0.0002080 secs]
369.793: [GC (Allocation Failure) 37168K->435K(78592K), 0.0002730 secs]
369.812: [GC (Allocation Failure) 35898K->435K(85696K), 0.0002850 secs]
369.831: [GC (Allocation Failure) 43028K->435K(94272K), 0.0002140 secs]
369.857: [GC (Allocation Failure) 51627K->435K(92352K), 0.0002010 secs]
369.879: [GC (Allocation Failure) 49670K->435K(90496K), 0.0002010 secs]
369.899: [GC (Allocation Failure) 47814K->435K(88768K), 0.0002000 secs]
369.956: [GC (Allocation Failure) 46056K->435K(87104K), 0.0002210 secs]
369.979: [GC (Allocation Failure) 44395K->435K(85504K), 0.0002020 secs]
369.998: [GC (Allocation Failure) 42833K->435K(83968K), 0.0002030 secs]
370.058: [GC (Allocation Failure) 41270K->435K(82560K), 0.0002150 secs]
370.075: [GC (Allocation Failure) 39902K->435K(81216K), 0.0002120 secs]
370.095: [GC (Allocation Failure) 38535K->435K(79936K), 0.0002010 secs]
370.116: [GC (Allocation Failure) 37265K->435K(78656K), 0.0002840 secs]
370.132: [GC (Allocation Failure) 35996K->435K(77440K), 0.0002130 secs]
370.147: [GC (Allocation Failure) 34726K->435K(84352K), 0.0002010 secs]
370.168: [GC (Allocation Failure) 41660K->435K(82880K), 0.0002120 secs]
370.190: [GC (Allocation Failure) 40195K->435K(81472K), 0.0002060 secs]
370.215: [GC (Allocation Failure) 38828K->435K(80128K), 0.0002040 secs]
370.235: [GC (Allocation Failure) 37461K->435K(78848K), 0.0002050 secs]
370.251: [GC (Allocation Failure) 36191K->435K(77632K), 0.0002070 secs]
370.305: [GC (Allocation Failure) 34921K->435K(76480K), 0.0002810 secs]
370.324: [GC (Allocation Failure) 33749K->435K(75392K), 0.0002050 secs]
370.339: [GC (Allocation Failure) 32675K->435K(74368K), 0.0002190 secs]
370.372: [GC (Allocation Failure) 31698K->435K(73344K), 0.0002170 secs]
370.417: [GC (Allocation Failure) 30624K->435K(72384K), 0.0002120 secs]
370.454: [GC (Allocation Failure) 29745K->435K(71488K), 0.0002240 secs]
370.466: [GC (Allocation Failure) 28768K->435K(70592K), 0.0002040 secs]
370.553: [GC (Allocation Failure) 27889K->435K(69760K), 0.0002220 secs]
370.570: [GC (Allocation Failure) 27107K->435K(68992K), 0.0002300 secs]
370.602: [GC (Allocation Failure) 26326K->435K(68224K), 0.0002010 secs]
370.617: [GC (Allocation Failure) 25545K->435K(67520K), 0.0002300 secs]
370.629: [GC (Allocation Failure) 24857K->435K(72448K), 0.0002660 secs]
370.654: [GC (Allocation Failure) 29745K->435K(78336K), 0.0002240 secs]
370.669: [GC (Allocation Failure) 35605K->435K(85440K), 0.0002760 secs]
370.706: [GC (Allocation Failure) 42735K->435K(93952K), 0.0002300 secs]
370.732: [GC (Allocation Failure) 51236K->435K(92032K), 0.0002040 secs]
370.758: [GC (Allocation Failure) 49377K->435K(90240K), 0.0002100 secs]
370.808: [GC (Allocation Failure) 47521K->435K(88512K), 0.0002120 secs]
370.827: [GC (Allocation Failure) 45860K->435K(86848K), 0.0002010 secs]
370.906: [GC (Allocation Failure) 44200K->435K(85312K), 0.0002120 secs]
370.928: [GC (Allocation Failure) 42637K->435K(83840K), 0.0002000 secs]
370.955: [GC (Allocation Failure) 41172K->435K(82432K), 0.0002080 secs]
370.975: [GC (Allocation Failure) 39707K->435K(81088K), 0.0002100 secs]
370.991: [GC (Allocation Failure) 38437K->435K(79808K), 0.0002020 secs]
371.078: [GC (Allocation Failure) 37168K->435K(78592K), 0.0002130 secs]
371.097: [GC (Allocation Failure) 35898K->435K(77376K), 0.0002030 secs]
371.116: [GC (Allocation Failure) 34726K->435K(76224K), 0.0002030 secs]
371.135: [GC (Allocation Failure) 33554K->435K(75136K), 0.0002180 secs]
371.149: [GC (Allocation Failure) 32479K->435K(81600K), 0.0002720 secs]
371.208: [GC (Allocation Failure) 38926K->435K(80256K), 0.0002810 secs]
371.224: [GC (Allocation Failure) 37558K->435K(87744K), 0.0002730 secs]
371.257: [GC (Allocation Failure) 45079K->435K(86144K), 0.0002250 secs]
371.280: [GC (Allocation Failure) 43419K->435K(84608K), 0.0002710 secs]
371.302: [GC (Allocation Failure) 41953K->435K(83136K), 0.0002120 secs]
371.319: [GC (Allocation Failure) 40488K->435K(81728K), 0.0002010 secs]
371.404: [GC (Allocation Failure) 39023K->435K(80384K), 0.0002130 secs]
371.420: [GC (Allocation Failure) 37656K->435K(79104K), 0.0002140 secs]
371.454: [GC (Allocation Failure) 36386K->435K(77888K), 0.0002140 secs]
371.503: [GC (Allocation Failure) 35214K->435K(76736K), 0.0002040 secs]
371.557: [GC (Allocation Failure) 34042K->435K(75648K), 0.0002100 secs]
371.575: [GC (Allocation Failure) 32968K->435K(74560K), 0.0002750 secs]
371.589: [GC (Allocation Failure) 31893K->435K(73536K), 0.0002230 secs]
371.602: [GC (Allocation Failure) 30819K->435K(79680K), 0.0002030 secs]
371.671: [GC (Allocation Failure) 36972K->435K(78464K), 0.0002240 secs]
371.687: [GC (Allocation Failure) 35800K->435K(77312K), 0.0002240 secs]
371.706: [GC (Allocation Failure) 34628K->435K(76160K), 0.0002000 secs]
371.721: [GC (Allocation Failure) 33456K->435K(75072K), 0.0002160 secs]
371.735: [GC (Allocation Failure) 32382K->435K(81472K), 0.0002010 secs]
371.759: [GC (Allocation Failure) 38828K->435K(89152K), 0.0003670 secs]
371.782: [GC (Allocation Failure) 46446K->435K(98368K), 0.0002050 secs]
371.806: [GC (Allocation Failure) 55729K->435K(96256K), 0.0002050 secs]
371.878: [GC (Allocation Failure) 53580K->435K(94272K), 0.0002500 secs]
371.904: [GC (Allocation Failure) 51627K->435K(92352K), 0.0002020 secs]
371.964: [GC (Allocation Failure) 49670K->435K(90496K), 0.0002170 secs]
371.989: [GC (Allocation Failure) 47814K->435K(88768K), 0.0002410 secs]
372.062: [GC (Allocation Failure) 46056K->435K(87104K), 0.0002040 secs]
372.081: [GC (Allocation Failure) 44395K->435K(85504K), 0.0002020 secs]
372.111: [GC (Allocation Failure) 42833K->435K(83968K), 0.0002810 secs]
372.129: [GC (Allocation Failure) 41270K->435K(82560K), 0.0003240 secs]
372.179: [GC (Allocation Failure) 39902K->435K(81216K), 0.0002160 secs]
372.200: [GC (Allocation Failure) 38535K->435K(79936K), 0.0002040 secs]
372.220: [GC (Allocation Failure) 37265K->435K(78656K), 0.0002230 secs]
372.309: [GC (Allocation Failure) 35996K->435K(77440K), 0.0002840 secs]
372.328: [GC (Allocation Failure) 34726K->435K(76288K), 0.0002070 secs]
372.347: [GC (Allocation Failure) 33554K->435K(75200K), 0.0002090 secs]
372.372: [GC (Allocation Failure) 32479K->435K(74176K), 0.0002080 secs]
372.386: [GC (Allocation Failure) 31503K->435K(80448K), 0.0002750 secs]
372.425: [GC (Allocation Failure) 37754K->435K(79168K), 0.0002280 secs]
372.445: [GC (Allocation Failure) 36484K->435K(77952K), 0.0002140 secs]
372.465: [GC (Allocation Failure) 35312K->435K(76800K), 0.0002370 secs]
372.497: [GC (Allocation Failure) 34140K->435K(75712K), 0.0002050 secs]
372.512: [GC (Allocation Failure) 33065K->435K(74624K), 0.0002230 secs]
372.527: [GC (Allocation Failure) 31893K->435K(80960K), 0.0002000 secs]
372.556: [GC (Allocation Failure) 38242K->435K(79680K), 0.0002240 secs]
372.576: [GC (Allocation Failure) 36972K->435K(78464K), 0.0002100 secs]
372.659: [GC (Allocation Failure) 35800K->435K(77312K), 0.0002010 secs]
372.674: [GC (Allocation Failure) 34628K->435K(76160K), 0.0002690 secs]
372.708: [GC (Allocation Failure) 33456K->435K(75072K), 0.0002220 secs]
372.726: [GC (Allocation Failure) 32382K->435K(74048K), 0.0002010 secs]
372.744: [GC (Allocation Failure) 31405K->435K(73088K), 0.0002090 secs]
372.758: [GC (Allocation Failure) 30428K->435K(72128K), 0.0002120 secs]
372.775: [GC (Allocation Failure) 29451K->435K(77952K), 0.0002130 secs]
372.795: [GC (Allocation Failure) 35312K->435K(76800K), 0.0001980 secs]
372.814: [GC (Allocation Failure) 34140K->435K(75712K), 0.0002320 secs]
372.828: [GC (Allocation Failure) 33065K->435K(82240K), 0.0002110 secs]
372.849: [GC (Allocation Failure) 39512K->435K(90112K), 0.0002100 secs]
372.915: [GC (Allocation Failure) 47423K->435K(88384K), 0.0001980 secs]
372.939: [GC (Allocation Failure) 45665K->435K(86720K), 0.0002680 secs]
372.958: [GC (Allocation Failure) 44005K->435K(85184K), 0.0002150 secs]
372.977: [GC (Allocation Failure) 42540K->435K(83712K), 0.0002060 secs]
373.012: [GC (Allocation Failure) 41074K->435K(82304K), 0.0002160 secs]
373.033: [GC (Allocation Failure) 39609K->435K(80960K), 0.0002290 secs]
373.054: [GC (Allocation Failure) 38242K->435K(79680K), 0.0002160 secs]
373.081: [GC (Allocation Failure) 36972K->435K(78464K), 0.0002130 secs]
373.096: [GC (Allocation Failure) 35800K->435K(77312K), 0.0002020 secs]
373.115: [GC (Allocation Failure) 34628K->435K(76160K), 0.0002090 secs]
373.169: [GC (Allocation Failure) 33456K->435K(75072K), 0.0002270 secs]
373.188: [GC (Allocation Failure) 32382K->435K(74048K), 0.0002280 secs]
373.205: [GC (Allocation Failure) 31405K->435K(73088K), 0.0002110 secs]
373.257: [GC (Allocation Failure) 30428K->435K(72128K), 0.0002030 secs]
373.274: [GC (Allocation Failure) 29451K->435K(71232K), 0.0002020 secs]
373.287: [GC (Allocation Failure) 28572K->435K(70400K), 0.0002160 secs]
373.299: [GC (Allocation Failure) 27693K->435K(75904K), 0.0002030 secs]
373.358: [GC (Allocation Failure) 33261K->435K(74816K), 0.0002130 secs]
373.373: [GC (Allocation Failure) 32089K->435K(73792K), 0.0002130 secs]
373.458: [GC (Allocation Failure) 31112K->435K(72832K), 0.0002170 secs]
373.472: [GC (Allocation Failure) 30135K->435K(78784K), 0.0003240 secs]
373.511: [GC (Allocation Failure) 36093K->435K(77568K), 0.0002410 secs]
373.530: [GC (Allocation Failure) 34921K->435K(76416K), 0.0002110 secs]
373.556: [GC (Allocation Failure) 33749K->435K(75328K), 0.0002700 secs]
373.572: [GC (Allocation Failure) 32675K->435K(81792K), 0.0002150 secs]
373.591: [GC (Allocation Failure) 39121K->435K(80448K), 0.0002040 secs]
373.671: [GC (Allocation Failure) 37754K->435K(79168K), 0.0002170 secs]
373.757: [GC (Allocation Failure) 36484K->435K(77952K), 0.0002070 secs]
373.772: [GC (Allocation Failure) 35312K->435K(76800K), 0.0002010 secs]
373.787: [GC (Allocation Failure) 34140K->435K(75712K), 0.0002100 secs]
373.806: [GC (Allocation Failure) 33065K->435K(74624K), 0.0002240 secs]
373.823: [GC (Allocation Failure) 31893K->435K(73600K), 0.0001990 secs]
373.837: [GC (Allocation Failure) 30917K->435K(79744K), 0.0002120 secs]
373.853: [GC (Allocation Failure) 37070K->435K(87104K), 0.0002020 secs]
373.977: [GC (Allocation Failure) 44395K->435K(85504K), 0.0002440 secs]
374.000: [GC (Allocation Failure) 42833K->435K(83968K), 0.0002710 secs]
374.018: [GC (Allocation Failure) 41270K->435K(82560K), 0.0002130 secs]
374.039: [GC (Allocation Failure) 39902K->435K(81216K), 0.0002100 secs]
374.058: [GC (Allocation Failure) 38535K->435K(79936K), 0.0002020 secs]
374.112: [GC (Allocation Failure) 37265K->435K(78656K), 0.0002210 secs]
374.127: [GC (Allocation Failure) 35996K->435K(77440K), 0.0002010 secs]
374.157: [GC (Allocation Failure) 34726K->435K(76288K), 0.0002200 secs]
374.172: [GC (Allocation Failure) 33554K->435K(75200K), 0.0002120 secs]
374.201: [GC (Allocation Failure) 32479K->435K(74176K), 0.0002460 secs]
374.215: [GC (Allocation Failure) 31503K->435K(80448K), 0.0002720 secs]
374.236: [GC (Allocation Failure) 37754K->435K(79168K), 0.0002010 secs]
374.255: [GC (Allocation Failure) 36484K->435K(77952K), 0.0002010 secs]
374.275: [GC (Allocation Failure) 35312K->435K(76800K), 0.0002030 secs]
374.292: [GC (Allocation Failure) 34140K->435K(75712K), 0.0002080 secs]
374.352: [GC (Allocation Failure) 33065K->435K(74624K), 0.0002270 secs]
374.370: [GC (Allocation Failure) 31893K->435K(73600K), 0.0002120 secs]
374.384: [GC (Allocation Failure) 30917K->435K(72640K), 0.0002160 secs]
374.410: [GC (Allocation Failure) 29940K->435K(71744K), 0.0002130 secs]
374.427: [GC (Allocation Failure) 29061K->435K(70848K), 0.0002270 secs]
374.439: [GC (Allocation Failure) 28182K->435K(76416K), 0.0002030 secs]
374.454: [GC (Allocation Failure) 33749K->435K(83136K), 0.0002150 secs]
374.563: [GC (Allocation Failure) 40488K->435K(81728K), 0.0003140 secs]
374.584: [GC (Allocation Failure) 39023K->435K(80384K), 0.0002100 secs]
374.604: [GC (Allocation Failure) 37656K->435K(79104K), 0.0002190 secs]
374.620: [GC (Allocation Failure) 36386K->435K(77888K), 0.0002050 secs]
374.661: [GC (Allocation Failure) 35214K->435K(76736K), 0.0002120 secs]
374.677: [GC (Allocation Failure) 34042K->435K(75648K), 0.0002140 secs]
374.691: [GC (Allocation Failure) 32968K->435K(74560K), 0.0002020 secs]
374.776: [GC (Allocation Failure) 31893K->435K(73536K), 0.0002390 secs]
374.793: [GC (Allocation Failure) 30819K->435K(72576K), 0.0002570 secs]
374.856: [GC (Allocation Failure) 29842K->435K(71680K), 0.0002150 secs]
374.872: [GC (Allocation Failure) 28963K->435K(70784K), 0.0002130 secs]
374.955: [GC (Allocation Failure) 28084K->435K(69952K), 0.0002020 secs]
374.966: [GC (Allocation Failure) 27303K->435K(69120K), 0.0002010 secs]
375.008: [GC (Allocation Failure) 26424K->435K(68352K), 0.0002180 secs]
375.020: [GC (Allocation Failure) 25642K->435K(67584K), 0.0002160 secs]
375.158: [GC (Allocation Failure) 24857K->435K(66880K), 0.0002170 secs]
375.173: [GC (Allocation Failure) 24173K->435K(66176K), 0.0002190 secs]
375.183: [GC (Allocation Failure) 23490K->435K(70848K), 0.0002680 secs]
375.255: [GC (Allocation Failure) 28182K->435K(70016K), 0.0002110 secs]
375.267: [GC (Allocation Failure) 27303K->435K(75456K), 0.0002020 secs]
375.307: [GC (Allocation Failure) 32772K->435K(74432K), 0.0002120 secs]
375.321: [GC (Allocation Failure) 31698K->435K(80704K), 0.0002120 secs]
375.343: [GC (Allocation Failure) 38047K->435K(79424K), 0.0002100 secs]
375.362: [GC (Allocation Failure) 36777K->435K(86720K), 0.0008000 secs]
375.393: [GC (Allocation Failure) 44005K->435K(95488K), 0.0002520 secs]
375.420: [GC (Allocation Failure) 52799K->435K(105984K), 0.0002040 secs]
375.451: [GC (Allocation Failure) 63250K->435K(118592K), 0.0002130 secs]
375.530: [GC (Allocation Failure) 75951K->435K(115520K), 0.0002030 secs]
375.565: [GC (Allocation Failure) 72822K->435K(112576K), 0.0002790 secs]
375.599: [GC (Allocation Failure) 69892K->435K(109760K), 0.0002220 secs]
375.679: [GC (Allocation Failure) 67059K->435K(107136K), 0.0002120 secs]
375.707: [GC (Allocation Failure) 64422K->435K(104640K), 0.0002000 secs]
375.737: [GC (Allocation Failure) 61980K->435K(102208K), 0.0002730 secs]
375.767: [GC (Allocation Failure) 59538K->435K(99904K), 0.0001890 secs]
375.794: [GC (Allocation Failure) 57194K->435K(97728K), 0.0002200 secs]
375.868: [GC (Allocation Failure) 55046K->435K(95680K), 0.0002060 secs]
375.921: [GC (Allocation Failure) 52994K->435K(93696K), 0.0002190 secs]
375.943: [GC (Allocation Failure) 51041K->435K(91840K), 0.0002750 secs]
375.984: [GC (Allocation Failure) 49181K->435K(90048K), 0.0002280 secs]
376.005: [GC (Allocation Failure) 47325K->435K(88320K), 0.0002100 secs]
376.025: [GC (Allocation Failure) 45665K->435K(86656K), 0.0002040 secs]
376.117: [GC (Allocation Failure) 44005K->435K(85120K), 0.0002130 secs]
376.135: [GC (Allocation Failure) 42442K->435K(83648K), 0.0002040 secs]
376.162: [GC (Allocation Failure) 40977K->435K(82240K), 0.0002340 secs]
376.183: [GC (Allocation Failure) 39512K->435K(80896K), 0.0002010 secs]
376.204: [GC (Allocation Failure) 38242K->435K(79616K), 0.0002210 secs]
376.315: [GC (Allocation Failure) 36972K->435K(78400K), 0.0002230 secs]
376.334: [GC (Allocation Failure) 35702K->435K(77248K), 0.0002210 secs]
376.354: [GC (Allocation Failure) 34530K->435K(76096K), 0.0002170 secs]
376.369: [GC (Allocation Failure) 33456K->435K(75008K), 0.0002110 secs]
376.387: [GC (Allocation Failure) 32284K->435K(73984K), 0.0002110 secs]
376.413: [GC (Allocation Failure) 31307K->435K(73024K), 0.0002000 secs]
376.426: [GC (Allocation Failure) 30331K->435K(79040K), 0.0002460 secs]
376.465: [GC (Allocation Failure) 36386K->435K(77824K), 0.0002230 secs]
376.484: [GC (Allocation Failure) 35116K->435K(76672K), 0.0002120 secs]
376.503: [GC (Allocation Failure) 33944K->435K(75584K), 0.0002220 secs]
376.574: [GC (Allocation Failure) 32870K->435K(74560K), 0.0002260 secs]
376.592: [GC (Allocation Failure) 31893K->435K(73536K), 0.0002110 secs]
376.659: [GC (Allocation Failure) 30819K->435K(72576K), 0.0002140 secs]
376.671: [GC (Allocation Failure) 29842K->435K(71680K), 0.0002030 secs]
376.712: [GC (Allocation Failure) 28963K->435K(70784K), 0.0002180 secs]
376.728: [GC (Allocation Failure) 28084K->435K(69952K), 0.0002030 secs]
376.744: [GC (Allocation Failure) 27303K->435K(69120K), 0.0002010 secs]
376.756: [GC (Allocation Failure) 26424K->435K(74368K), 0.0002160 secs]
376.913: [GC (Allocation Failure) 31698K->435K(73344K), 0.0002250 secs]
376.931: [GC (Allocation Failure) 30624K->435K(72384K), 0.0002250 secs]
376.944: [GC (Allocation Failure) 29745K->435K(71488K), 0.0002020 secs]
376.976: [GC (Allocation Failure) 28768K->435K(70592K), 0.0002200 secs]
376.992: [GC (Allocation Failure) 27889K->435K(69760K), 0.0002300 secs]
377.061: [GC (Allocation Failure) 27107K->435K(68992K), 0.0002110 secs]
377.077: [GC (Allocation Failure) 26326K->435K(68224K), 0.0002280 secs]
377.092: [GC (Allocation Failure) 25545K->435K(67520K), 0.0002150 secs]
377.107: [GC (Allocation Failure) 24857K->435K(72448K), 0.0002210 secs]
377.123: [GC (Allocation Failure) 29745K->435K(78336K), 0.0002000 secs]
377.139: [GC (Allocation Failure) 35605K->435K(85440K), 0.0002130 secs]
377.157: [GC (Allocation Failure) 42735K->435K(93952K), 0.0002710 secs]
377.218: [GC (Allocation Failure) 51236K->435K(92032K), 0.0002150 secs]
377.239: [GC (Allocation Failure) 49377K->435K(90240K), 0.0002130 secs]
377.320: [GC (Allocation Failure) 47521K->435K(88512K), 0.0002210 secs]
377.344: [GC (Allocation Failure) 45860K->435K(86848K), 0.0002100 secs]
377.364: [GC (Allocation Failure) 44200K->435K(85312K), 0.0002120 secs]
377.468: [GC (Allocation Failure) 42637K->435K(83840K), 0.0002220 secs]
377.491: [GC (Allocation Failure) 41172K->435K(82432K), 0.0002130 secs]
377.508: [GC (Allocation Failure) 39707K->435K(81088K), 0.0002030 secs]
377.524: [GC (Allocation Failure) 38437K->435K(79808K), 0.0002020 secs]
377.566: [GC (Allocation Failure) 37168K->435K(78592K), 0.0002420 secs]
377.586: [GC (Allocation Failure) 35898K->435K(77376K), 0.0002020 secs]
377.605: [GC (Allocation Failure) 34726K->435K(76224K), 0.0002280 secs]
377.624: [GC (Allocation Failure) 33554K->435K(75136K), 0.0002020 secs]
377.638: [GC (Allocation Failure) 32479K->435K(81600K), 0.0002420 secs]
377.668: [GC (Allocation Failure) 38926K->435K(80256K), 0.0002280 secs]
377.685: [GC (Allocation Failure) 37558K->435K(87744K), 0.0002620 secs]
377.770: [GC (Allocation Failure) 45079K->435K(86144K), 0.0002090 secs]
377.789: [GC (Allocation Failure) 43419K->435K(84608K), 0.0002120 secs]
377.868: [GC (Allocation Failure) 41953K->435K(83136K), 0.0003270 secs]
377.885: [GC (Allocation Failure) 40488K->435K(81728K), 0.0002180 secs]
377.914: [GC (Allocation Failure) 39023K->435K(80384K), 0.0002250 secs]
377.930: [GC (Allocation Failure) 37656K->435K(79104K), 0.0002030 secs]
377.947: [GC (Allocation Failure) 36386K->435K(77888K), 0.0002010 secs]
378.066: [GC (Allocation Failure) 35214K->435K(76736K), 0.0002080 secs]
378.081: [GC (Allocation Failure) 34042K->435K(75648K), 0.0002190 secs]
378.095: [GC (Allocation Failure) 32968K->435K(74560K), 0.0002110 secs]
378.161: [GC (Allocation Failure) 31893K->435K(73536K), 0.0002130 secs]
378.175: [GC (Allocation Failure) 30819K->435K(72576K), 0.0002000 secs]
378.188: [GC (Allocation Failure) 29842K->435K(78528K), 0.0002060 secs]
378.217: [GC (Allocation Failure) 35800K->435K(77312K), 0.0002130 secs]
378.232: [GC (Allocation Failure) 34628K->435K(76160K), 0.0002150 secs]
378.283: [GC (Allocation Failure) 33456K->435K(75072K), 0.0002130 secs]
378.297: [GC (Allocation Failure) 32382K->435K(74048K), 0.0002020 secs]
378.310: [GC (Allocation Failure) 31405K->435K(80256K), 0.0002140 secs]
378.331: [GC (Allocation Failure) 37558K->435K(87744K), 0.0002100 secs]
378.359: [GC (Allocation Failure) 45079K->435K(86144K), 0.0002070 secs]
378.377: [GC (Allocation Failure) 43419K->435K(84608K), 0.0002040 secs]
378.429: [GC (Allocation Failure) 41953K->435K(83136K), 0.0002040 secs]
378.446: [GC (Allocation Failure) 40488K->435K(81728K), 0.0002150 secs]
378.463: [GC (Allocation Failure) 39023K->435K(80384K), 0.0002040 secs]
378.479: [GC (Allocation Failure) 37656K->435K(79104K), 0.0002010 secs]
378.498: [GC (Allocation Failure) 36386K->435K(77888K), 0.0002120 secs]
378.630: [GC (Allocation Failure) 35214K->435K(76736K), 0.0002250 secs]
378.645: [GC (Allocation Failure) 34042K->435K(75648K), 0.0002720 secs]
378.660: [GC (Allocation Failure) 32968K->435K(74560K), 0.0002000 secs]
378.677: [GC (Allocation Failure) 31893K->435K(73536K), 0.0002010 secs]
378.695: [GC (Allocation Failure) 30819K->435K(79680K), 0.0002130 secs]
378.711: [GC (Allocation Failure) 36972K->435K(87040K), 0.0002150 secs]
378.734: [GC (Allocation Failure) 44395K->435K(85440K), 0.0002110 secs]
378.770: [GC (Allocation Failure) 42735K->435K(83968K), 0.0001830 secs]
378.788: [GC (Allocation Failure) 41270K->435K(82560K), 0.0002130 secs]
378.819: [GC (Allocation Failure) 39902K->435K(81216K), 0.0002110 secs]
378.836: [GC (Allocation Failure) 38535K->435K(79936K), 0.0002170 secs]
378.852: [GC (Allocation Failure) 37265K->435K(78656K), 0.0002000 secs]
378.964: [GC (Allocation Failure) 35996K->435K(77440K), 0.0002010 secs]
378.989: [GC (Allocation Failure) 34726K->435K(76288K), 0.0003290 secs]
379.007: [GC (Allocation Failure) 33554K->435K(75200K), 0.0002350 secs]
379.022: [GC (Allocation Failure) 32479K->435K(74176K), 0.0002060 secs]
379.039: [GC (Allocation Failure) 31503K->435K(73152K), 0.0002120 secs]
379.062: [GC (Allocation Failure) 30428K->435K(79168K), 0.0002780 secs]
379.166: [GC (Allocation Failure) 36484K->435K(77952K), 0.0002140 secs]
379.181: [GC (Allocation Failure) 35312K->435K(76800K), 0.0002050 secs]
379.196: [GC (Allocation Failure) 34140K->435K(75712K), 0.0002020 secs]
379.267: [GC (Allocation Failure) 33065K->435K(74624K), 0.0002210 secs]
379.281: [GC (Allocation Failure) 31893K->435K(73600K), 0.0002160 secs]
379.312: [GC (Allocation Failure) 30917K->435K(72640K), 0.0002750 secs]
379.344: [GC (Allocation Failure) 29940K->435K(71744K), 0.0002170 secs]
379.366: [GC (Allocation Failure) 29061K->435K(70848K), 0.0002690 secs]
379.379: [GC (Allocation Failure) 28182K->435K(76416K), 0.0002150 secs]
379.393: [GC (Allocation Failure) 33749K->435K(83136K), 0.0002050 secs]
379.416: [GC (Allocation Failure) 40488K->435K(91200K), 0.0002750 secs]
379.491: [GC (Allocation Failure) 48498K->435K(89408K), 0.0002140 secs]
379.515: [GC (Allocation Failure) 46739K->435K(87744K), 0.0002000 secs]
379.572: [GC (Allocation Failure) 45079K->435K(86144K), 0.0002160 secs]
379.591: [GC (Allocation Failure) 43419K->435K(84608K), 0.0002140 secs]
379.617: [GC (Allocation Failure) 41953K->435K(83136K), 0.0002240 secs]
379.638: [GC (Allocation Failure) 40488K->435K(81728K), 0.0002120 secs]
379.666: [GC (Allocation Failure) 39023K->435K(80384K), 0.0002050 secs]
379.819: [GC (Allocation Failure) 37656K->435K(79104K), 0.0002110 secs]
379.835: [GC (Allocation Failure) 36386K->435K(77888K), 0.0002040 secs]
379.854: [GC (Allocation Failure) 35214K->435K(76736K), 0.0002260 secs]
379.869: [GC (Allocation Failure) 34042K->435K(75648K), 0.0002160 secs]
379.914: [GC (Allocation Failure) 32968K->435K(74560K), 0.0002270 secs]
379.932: [GC (Allocation Failure) 31893K->435K(73536K), 0.0002710 secs]
379.949: [GC (Allocation Failure) 30819K->435K(79680K), 0.0002820 secs]
379.965: [GC (Allocation Failure) 36972K->435K(87040K), 0.0002290 secs]
379.988: [GC (Allocation Failure) 44395K->435K(95872K), 0.0002120 secs]
380.122: [GC (Allocation Failure) 53190K->435K(93888K), 0.0002030 secs]
380.173: [GC (Allocation Failure) 51236K->435K(91968K), 0.0002050 secs]
380.198: [GC (Allocation Failure) 49279K->435K(90176K), 0.0002730 secs]
380.218: [GC (Allocation Failure) 47521K->435K(88448K), 0.0002110 secs]
380.242: [GC (Allocation Failure) 45763K->435K(86784K), 0.0002710 secs]
380.265: [GC (Allocation Failure) 44102K->435K(85248K), 0.0002130 secs]
380.295: [GC (Allocation Failure) 42540K->435K(83776K), 0.0002020 secs]
380.313: [GC (Allocation Failure) 41074K->435K(82368K), 0.0002150 secs]
380.367: [GC (Allocation Failure) 39707K->435K(81024K), 0.0002040 secs]
380.389: [GC (Allocation Failure) 38340K->435K(79744K), 0.0002140 secs]
380.406: [GC (Allocation Failure) 37070K->435K(78528K), 0.0002110 secs]
380.423: [GC (Allocation Failure) 35800K->435K(77312K), 0.0001990 secs]
380.437: [GC (Allocation Failure) 34628K->435K(84160K), 0.0002720 secs]
380.522: [GC (Allocation Failure) 41465K->435K(82688K), 0.0002240 secs]
380.543: [GC (Allocation Failure) 40000K->435K(81344K), 0.0002120 secs]
380.568: [GC (Allocation Failure) 38633K->435K(80000K), 0.0002180 secs]
380.588: [GC (Allocation Failure) 37363K->435K(78720K), 0.0002250 secs]
380.607: [GC (Allocation Failure) 35996K->435K(77504K), 0.0002160 secs]
380.622: [GC (Allocation Failure) 34823K->435K(76352K), 0.0002370 secs]
380.641: [GC (Allocation Failure) 33651K->435K(75264K), 0.0002110 secs]
380.659: [GC (Allocation Failure) 32577K->435K(74240K), 0.0002110 secs]
380.718: [GC (Allocation Failure) 31600K->435K(73216K), 0.0002200 secs]
380.732: [GC (Allocation Failure) 30526K->435K(72256K), 0.0002190 secs]
380.749: [GC (Allocation Failure) 29549K->435K(71360K), 0.0002100 secs]
380.817: [GC (Allocation Failure) 28670K->435K(70464K), 0.0002050 secs]
380.829: [GC (Allocation Failure) 27791K->435K(69632K), 0.0002190 secs]
380.841: [GC (Allocation Failure) 26912K->435K(74944K), 0.0002010 secs]
380.965: [GC (Allocation Failure) 32284K->435K(73920K), 0.0002130 secs]
380.978: [GC (Allocation Failure) 31210K->435K(80128K), 0.0002220 secs]
381.067: [GC (Allocation Failure) 37461K->435K(78848K), 0.0002040 secs]
381.121: [GC (Allocation Failure) 36191K->435K(77632K), 0.0002220 secs]
381.140: [GC (Allocation Failure) 34921K->435K(76480K), 0.0002080 secs]
381.177: [GC (Allocation Failure) 33749K->435K(75392K), 0.0002040 secs]
381.191: [GC (Allocation Failure) 32675K->435K(74368K), 0.0002130 secs]
381.269: [GC (Allocation Failure) 31698K->435K(73344K), 0.0002110 secs]
381.286: [GC (Allocation Failure) 30624K->435K(72384K), 0.0002220 secs]
381.300: [GC (Allocation Failure) 29745K->435K(71488K), 0.0002120 secs]
381.364: [GC (Allocation Failure) 28768K->435K(70592K), 0.0002130 secs]
381.377: [GC (Allocation Failure) 27889K->435K(69760K), 0.0002060 secs]
381.413: [GC (Allocation Failure) 27107K->435K(68992K), 0.0002260 secs]
381.425: [GC (Allocation Failure) 26326K->435K(68224K), 0.0002030 secs]
381.436: [GC (Allocation Failure) 25545K->435K(73280K), 0.0002040 secs]
381.449: [GC (Allocation Failure) 30624K->435K(79360K), 0.0002040 secs]
381.471: [GC (Allocation Failure) 36679K->435K(86656K), 0.0002160 secs]
381.491: [GC (Allocation Failure) 44005K->435K(95424K), 0.0002150 secs]
381.575: [GC (Allocation Failure) 52701K->435K(93440K), 0.0002110 secs]
381.596: [GC (Allocation Failure) 50748K->435K(91584K), 0.0002020 secs]
381.675: [GC (Allocation Failure) 48888K->435K(89792K), 0.0002150 secs]
381.696: [GC (Allocation Failure) 47130K->435K(88064K), 0.0002030 secs]
381.722: [GC (Allocation Failure) 45372K->435K(86464K), 0.0002270 secs]
381.778: [GC (Allocation Failure) 43809K->435K(84928K), 0.0002440 secs]
381.801: [GC (Allocation Failure) 42247K->435K(83456K), 0.0002720 secs]
381.823: [GC (Allocation Failure) 40781K->435K(82048K), 0.0002120 secs]
381.840: [GC (Allocation Failure) 39316K->435K(80704K), 0.0002150 secs]
381.869: [GC (Allocation Failure) 38047K->435K(79424K), 0.0002040 secs]
381.889: [GC (Allocation Failure) 36777K->435K(78208K), 0.0002730 secs]
381.968: [GC (Allocation Failure) 35507K->435K(77056K), 0.0002140 secs]
381.982: [GC (Allocation Failure) 34335K->435K(75904K), 0.0002020 secs]
382.001: [GC (Allocation Failure) 33261K->435K(74816K), 0.0002140 secs]
382.016: [GC (Allocation Failure) 32089K->435K(73792K), 0.0002170 secs]
382.116: [GC (Allocation Failure) 31112K->435K(72832K), 0.0002240 secs]
382.133: [GC (Allocation Failure) 30135K->435K(71872K), 0.0002200 secs]
382.197: [GC (Allocation Failure) 29158K->435K(70976K), 0.0002130 secs]
382.213: [GC (Allocation Failure) 28279K->435K(70144K), 0.0002260 secs]
382.229: [GC (Allocation Failure) 27498K->435K(69312K), 0.0002110 secs]
382.268: [GC (Allocation Failure) 26619K->435K(68544K), 0.0002110 secs]
382.279: [GC (Allocation Failure) 25838K->435K(67776K), 0.0002170 secs]
382.294: [GC (Allocation Failure) 25052K->435K(72768K), 0.0002410 secs]
382.358: [GC (Allocation Failure) 30038K->435K(71808K), 0.0002030 secs]
382.371: [GC (Allocation Failure) 29158K->435K(77568K), 0.0002120 secs]
382.386: [GC (Allocation Failure) 34921K->435K(84480K), 0.0002120 secs]
382.404: [GC (Allocation Failure) 41758K->435K(92800K), 0.0002740 secs]
382.474: [GC (Allocation Failure) 50162K->435K(90944K), 0.0002360 secs]
382.499: [GC (Allocation Failure) 48302K->435K(89216K), 0.0002010 secs]
382.519: [GC (Allocation Failure) 46544K->435K(87552K), 0.0002120 secs]
382.538: [GC (Allocation Failure) 44884K->435K(85952K), 0.0002130 secs]
382.561: [GC (Allocation Failure) 43223K->435K(84416K), 0.0002110 secs]
382.594: [GC (Allocation Failure) 41758K->435K(82944K), 0.0002100 secs]
382.612: [GC (Allocation Failure) 40293K->435K(81536K), 0.0002130 secs]
382.629: [GC (Allocation Failure) 38828K->435K(80192K), 0.0002030 secs]
382.645: [GC (Allocation Failure) 37461K->435K(78912K), 0.0002040 secs]
382.669: [GC (Allocation Failure) 36191K->435K(77696K), 0.0002270 secs]
382.689: [GC (Allocation Failure) 35019K->435K(76544K), 0.0002090 secs]
382.718: [GC (Allocation Failure) 33847K->435K(75456K), 0.0002130 secs]
382.732: [GC (Allocation Failure) 32772K->435K(74432K), 0.0002030 secs]
382.821: [GC (Allocation Failure) 31698K->435K(73408K), 0.0002230 secs]
382.834: [GC (Allocation Failure) 30721K->435K(72448K), 0.0002160 secs]
382.871: [GC (Allocation Failure) 29745K->435K(71552K), 0.0002390 secs]
382.887: [GC (Allocation Failure) 28865K->435K(70656K), 0.0001990 secs]
382.900: [GC (Allocation Failure) 27986K->435K(76224K), 0.0002170 secs]
382.923: [GC (Allocation Failure) 33554K->435K(75136K), 0.0002230 secs]
382.937: [GC (Allocation Failure) 32479K->435K(81600K), 0.0002670 secs]
382.978: [GC (Allocation Failure) 38926K->435K(80256K), 0.0002050 secs]
382.995: [GC (Allocation Failure) 37558K->435K(78976K), 0.0001990 secs]
383.010: [GC (Allocation Failure) 36289K->435K(86208K), 0.0002050 secs]
383.029: [GC (Allocation Failure) 43516K->435K(84672K), 0.0002040 secs]
383.097: [GC (Allocation Failure) 41953K->435K(83200K), 0.0002210 secs]
383.115: [GC (Allocation Failure) 40488K->435K(81792K), 0.0002140 secs]
383.135: [GC (Allocation Failure) 39121K->435K(80448K), 0.0002140 secs]
383.167: [GC (Allocation Failure) 37754K->435K(79168K), 0.0002120 secs]
383.182: [GC (Allocation Failure) 36484K->435K(77952K), 0.0002030 secs]
383.198: [GC (Allocation Failure) 35312K->435K(76800K), 0.0002030 secs]
383.223: [GC (Allocation Failure) 34140K->435K(75712K), 0.0002250 secs]
383.238: [GC (Allocation Failure) 33065K->435K(82240K), 0.0002720 secs]
383.321: [GC (Allocation Failure) 39512K->435K(80896K), 0.0002110 secs]
383.337: [GC (Allocation Failure) 38242K->435K(79616K), 0.0002140 secs]
383.354: [GC (Allocation Failure) 36972K->435K(78400K), 0.0002010 secs]
383.374: [GC (Allocation Failure) 35702K->435K(77248K), 0.0002120 secs]
383.393: [GC (Allocation Failure) 34530K->435K(76096K), 0.0002100 secs]
383.423: [GC (Allocation Failure) 33456K->435K(75008K), 0.0002060 secs]
383.436: [GC (Allocation Failure) 32284K->435K(73984K), 0.0002130 secs]
383.454: [GC (Allocation Failure) 31307K->435K(73024K), 0.0002100 secs]
383.567: [GC (Allocation Failure) 30331K->435K(72064K), 0.0002120 secs]
383.584: [GC (Allocation Failure) 29354K->435K(71168K), 0.0002190 secs]
383.663: [GC (Allocation Failure) 28475K->435K(70336K), 0.0002000 secs]
383.716: [GC (Allocation Failure) 27693K->435K(69504K), 0.0002100 secs]
383.732: [GC (Allocation Failure) 26814K->435K(68736K), 0.0001990 secs]
383.743: [GC (Allocation Failure) 26033K->435K(67968K), 0.0002240 secs]
383.758: [GC (Allocation Failure) 25250K->435K(72960K), 0.0002680 secs]
383.775: [GC (Allocation Failure) 30233K->435K(78976K), 0.0003130 secs]
383.795: [GC (Allocation Failure) 36289K->435K(86208K), 0.0002130 secs]
383.817: [GC (Allocation Failure) 43516K->435K(94848K), 0.0002110 secs]
383.844: [GC (Allocation Failure) 52115K->435K(92928K), 0.0002170 secs]
383.866: [GC (Allocation Failure) 50260K->435K(91072K), 0.0002140 secs]
383.930: [GC (Allocation Failure) 48400K->435K(89280K), 0.0002150 secs]
383.954: [GC (Allocation Failure) 46642K->435K(87616K), 0.0002030 secs]
383.977: [GC (Allocation Failure) 44884K->435K(86016K), 0.0002060 secs]
383.999: [GC (Allocation Failure) 43321K->435K(84480K), 0.0003450 secs]
384.055: [GC (Allocation Failure) 41758K->435K(83008K), 0.0002130 secs]
384.073: [GC (Allocation Failure) 40293K->435K(81600K), 0.0002140 secs]
384.093: [GC (Allocation Failure) 38926K->435K(80256K), 0.0002210 secs]
384.171: [GC (Allocation Failure) 37558K->435K(78976K), 0.0002130 secs]
384.187: [GC (Allocation Failure) 36289K->435K(77760K), 0.0002770 secs]
384.225: [GC (Allocation Failure) 35116K->435K(76608K), 0.0002130 secs]
384.243: [GC (Allocation Failure) 33944K->435K(75520K), 0.0002040 secs]
384.258: [GC (Allocation Failure) 32870K->435K(74496K), 0.0002170 secs]
384.306: [GC (Allocation Failure) 31796K->435K(73472K), 0.0002200 secs]
384.323: [GC (Allocation Failure) 30819K->435K(72512K), 0.0002140 secs]
384.340: [GC (Allocation Failure) 29842K->435K(71616K), 0.0002050 secs]
384.353: [GC (Allocation Failure) 28963K->435K(77376K), 0.0002170 secs]
384.369: [GC (Allocation Failure) 34726K->435K(84288K), 0.0002020 secs]
384.387: [GC (Allocation Failure) 41563K->435K(92544K), 0.0002050 secs]
384.413: [GC (Allocation Failure) 49867K->435K(90688K), 0.0002000 secs]
384.438: [GC (Allocation Failure) 48009K->435K(88960K), 0.0002120 secs]
384.462: [GC (Allocation Failure) 46251K->435K(87296K), 0.0001990 secs]
384.513: [GC (Allocation Failure) 44591K->435K(85696K), 0.0002250 secs]
384.536: [GC (Allocation Failure) 43028K->435K(84160K), 0.0002140 secs]
384.554: [GC (Allocation Failure) 41465K->435K(82688K), 0.0002130 secs]
384.623: [GC (Allocation Failure) 40000K->435K(81344K), 0.0002140 secs]
384.640: [GC (Allocation Failure) 38633K->435K(80000K), 0.0002020 secs]
384.660: [GC (Allocation Failure) 37363K->435K(78720K), 0.0002080 secs]
384.772: [GC (Allocation Failure) 35996K->435K(77504K), 0.0002060 secs]
384.821: [GC (Allocation Failure) 34823K->435K(76352K), 0.0002130 secs]
384.836: [GC (Allocation Failure) 33651K->435K(75264K), 0.0002020 secs]
384.850: [GC (Allocation Failure) 32577K->435K(74240K), 0.0002040 secs]
384.870: [GC (Allocation Failure) 31600K->435K(73216K), 0.0002040 secs]
384.975: [GC (Allocation Failure) 30526K->435K(72256K), 0.0002220 secs]
384.989: [GC (Allocation Failure) 29549K->435K(71360K), 0.0002200 secs]
385.001: [GC (Allocation Failure) 28670K->435K(70464K), 0.0002040 secs]
385.069: [GC (Allocation Failure) 27791K->435K(69632K), 0.0002050 secs]
385.093: [GC (Allocation Failure) 26912K->435K(68864K), 0.0002130 secs]
385.107: [GC (Allocation Failure) 26131K->435K(68096K), 0.0002160 secs]
385.166: [GC (Allocation Failure) 25447K->435K(67392K), 0.0002040 secs]
385.177: [GC (Allocation Failure) 24662K->435K(66688K), 0.0002160 secs]
385.317: [GC (Allocation Failure) 23978K->435K(66048K), 0.0002620 secs]
385.396: [GC (Allocation Failure) 23392K->435K(65408K), 0.0002140 secs]
385.405: [GC (Allocation Failure) 22708K->435K(64768K), 0.0002180 secs]
385.417: [GC (Allocation Failure) 22122K->435K(69120K), 0.0002180 secs]
385.472: [GC (Allocation Failure) 26424K->435K(68352K), 0.0002410 secs]
385.484: [GC (Allocation Failure) 25642K->435K(73408K), 0.0002620 secs]
385.542: [GC (Allocation Failure) 30721K->435K(72448K), 0.0002190 secs]
385.555: [GC (Allocation Failure) 29745K->435K(78336K), 0.0002040 secs]
385.616: [GC (Allocation Failure) 35605K->435K(77184K), 0.0002130 secs]
385.631: [GC (Allocation Failure) 34530K->435K(76032K), 0.0002020 secs]
385.676: [GC (Allocation Failure) 33358K->435K(74944K), 0.0002830 secs]
385.690: [GC (Allocation Failure) 32284K->435K(81344K), 0.0003550 secs]
385.728: [GC (Allocation Failure) 38633K->435K(89024K), 0.0002200 secs]
385.748: [GC (Allocation Failure) 46349K->435K(98240K), 0.0002730 secs]
385.785: [GC (Allocation Failure) 55534K->435K(96128K), 0.0002200 secs]
385.812: [GC (Allocation Failure) 53483K->435K(94144K), 0.0002010 secs]
385.834: [GC (Allocation Failure) 51432K->435K(92224K), 0.0002020 secs]
385.933: [GC (Allocation Failure) 49572K->435K(90432K), 0.0002120 secs]
385.953: [GC (Allocation Failure) 47716K->435K(88704K), 0.0002160 secs]
385.973: [GC (Allocation Failure) 46056K->435K(87040K), 0.0002140 secs]
386.027: [GC (Allocation Failure) 44395K->435K(85440K), 0.0002110 secs]
386.045: [GC (Allocation Failure) 42735K->435K(83968K), 0.0002020 secs]
386.067: [GC (Allocation Failure) 41270K->435K(82560K), 0.0002090 secs]
386.167: [GC (Allocation Failure) 39902K->435K(81216K), 0.0002750 secs]
386.199: [GC (Allocation Failure) 38535K->435K(79936K), 0.0002190 secs]
386.220: [GC (Allocation Failure) 37265K->435K(78656K), 0.0002310 secs]
386.278: [GC (Allocation Failure) 35996K->435K(77440K), 0.0002130 secs]
386.297: [GC (Allocation Failure) 34726K->435K(76288K), 0.0002070 secs]
386.316: [GC (Allocation Failure) 33554K->435K(75200K), 0.0002110 secs]
386.330: [GC (Allocation Failure) 32479K->435K(74176K), 0.0002030 secs]
386.348: [GC (Allocation Failure) 31503K->435K(73152K), 0.0002070 secs]
386.368: [GC (Allocation Failure) 30428K->435K(72192K), 0.0002050 secs]
386.381: [GC (Allocation Failure) 29549K->435K(78016K), 0.0002300 secs]
386.396: [GC (Allocation Failure) 35312K->435K(85056K), 0.0002130 secs]
386.423: [GC (Allocation Failure) 42344K->435K(93504K), 0.0002720 secs]
386.459: [GC (Allocation Failure) 50846K->435K(91648K), 0.0003270 secs]
386.484: [GC (Allocation Failure) 48986K->435K(89856K), 0.0002100 secs]
386.505: [GC (Allocation Failure) 47130K->435K(88128K), 0.0002040 secs]
386.524: [GC (Allocation Failure) 45470K->435K(86528K), 0.0002040 secs]
386.547: [GC (Allocation Failure) 43809K->435K(84992K), 0.0002210 secs]
386.577: [GC (Allocation Failure) 42344K->435K(83520K), 0.0002030 secs]
386.601: [GC (Allocation Failure) 40879K->435K(82112K), 0.0002250 secs]
386.622: [GC (Allocation Failure) 39414K->435K(80768K), 0.0002130 secs]
386.643: [GC (Allocation Failure) 38047K->435K(79488K), 0.0002110 secs]
386.695: [GC (Allocation Failure) 36777K->435K(78272K), 0.0002040 secs]
386.774: [GC (Allocation Failure) 35605K->435K(77120K), 0.0002280 secs]
386.793: [GC (Allocation Failure) 34433K->435K(75968K), 0.0002000 secs]
386.824: [GC (Allocation Failure) 33261K->435K(74880K), 0.0002250 secs]
386.837: [GC (Allocation Failure) 32186K->435K(73856K), 0.0002140 secs]
386.851: [GC (Allocation Failure) 31210K->435K(72896K), 0.0002140 secs]
386.864: [GC (Allocation Failure) 30233K->435K(78912K), 0.0002150 secs]
386.883: [GC (Allocation Failure) 36191K->435K(86080K), 0.0002150 secs]
386.902: [GC (Allocation Failure) 43419K->435K(94720K), 0.0002170 secs]
386.932: [GC (Allocation Failure) 52018K->435K(92800K), 0.0002250 secs]
386.954: [GC (Allocation Failure) 50162K->435K(90944K), 0.0002020 secs]
386.978: [GC (Allocation Failure) 48302K->435K(89216K), 0.0002110 secs]
386.998: [GC (Allocation Failure) 46544K->435K(87552K), 0.0002340 secs]
387.018: [GC (Allocation Failure) 44884K->435K(85952K), 0.0002020 secs]
387.040: [GC (Allocation Failure) 43223K->435K(84416K), 0.0002210 secs]
387.127: [GC (Allocation Failure) 41758K->435K(82944K), 0.0002020 secs]
387.231: [GC (Allocation Failure) 40293K->435K(81536K), 0.0002110 secs]
387.251: [GC (Allocation Failure) 38828K->435K(80192K), 0.0002110 secs]
387.272: [GC (Allocation Failure) 37461K->435K(78912K), 0.0002210 secs]
387.346: [GC (Allocation Failure) 36191K->435K(77696K), 0.0002160 secs]
387.361: [GC (Allocation Failure) 35019K->435K(76544K), 0.0002720 secs]
387.400: [GC (Allocation Failure) 33847K->435K(75456K), 0.0002240 secs]
387.418: [GC (Allocation Failure) 32772K->435K(74432K), 0.0002320 secs]
387.477: [GC (Allocation Failure) 31698K->435K(73408K), 0.0002170 secs]
387.491: [GC (Allocation Failure) 30721K->435K(72448K), 0.0002040 secs]
387.508: [GC (Allocation Failure) 29745K->435K(71552K), 0.0002050 secs]
387.525: [GC (Allocation Failure) 28865K->435K(70656K), 0.0002270 secs]
387.666: [GC (Allocation Failure) 27986K->435K(69824K), 0.0002110 secs]
387.682: [GC (Allocation Failure) 27107K->435K(68992K), 0.0002290 secs]
387.698: [GC (Allocation Failure) 26326K->435K(68224K), 0.0002010 secs]
387.711: [GC (Allocation Failure) 25545K->435K(73280K), 0.0002270 secs]
387.761: [GC (Allocation Failure) 30624K->435K(72320K), 0.0002010 secs]
387.777: [GC (Allocation Failure) 29647K->435K(71424K), 0.0002060 secs]
387.791: [GC (Allocation Failure) 28768K->435K(77120K), 0.0002050 secs]
387.925: [GC (Allocation Failure) 34433K->435K(75968K), 0.0002260 secs]
387.943: [GC (Allocation Failure) 33261K->435K(74880K), 0.0002020 secs]
387.959: [GC (Allocation Failure) 32186K->435K(73856K), 0.0002160 secs]
387.978: [GC (Allocation Failure) 31210K->435K(72896K), 0.0002340 secs]
387.996: [GC (Allocation Failure) 30233K->435K(71936K), 0.0002130 secs]
388.011: [GC (Allocation Failure) 29256K->435K(77760K), 0.0002260 secs]
388.076: [GC (Allocation Failure) 35116K->435K(76608K), 0.0002050 secs]
388.165: [GC (Allocation Failure) 33944K->435K(75520K), 0.0002140 secs]
388.183: [GC (Allocation Failure) 32870K->435K(74496K), 0.0002010 secs]
388.201: [GC (Allocation Failure) 31796K->435K(73472K), 0.0002150 secs]
388.219: [GC (Allocation Failure) 30819K->435K(72512K), 0.0002020 secs]
388.236: [GC (Allocation Failure) 29842K->435K(71616K), 0.0002030 secs]
388.248: [GC (Allocation Failure) 28963K->435K(77376K), 0.0002140 secs]
388.263: [GC (Allocation Failure) 34726K->435K(84288K), 0.0002010 secs]
388.329: [GC (Allocation Failure) 41563K->435K(82816K), 0.0002140 secs]
388.359: [GC (Allocation Failure) 40098K->435K(81408K), 0.0002210 secs]
388.376: [GC (Allocation Failure) 38730K->435K(80064K), 0.0002190 secs]
388.425: [GC (Allocation Failure) 37363K->435K(78784K), 0.0002270 secs]
388.445: [GC (Allocation Failure) 36093K->435K(77568K), 0.0002290 secs]
388.465: [GC (Allocation Failure) 34921K->435K(76416K), 0.0002000 secs]
388.484: [GC (Allocation Failure) 33749K->435K(75328K), 0.0002380 secs]
388.530: [GC (Allocation Failure) 32675K->435K(74304K), 0.0002210 secs]
388.548: [GC (Allocation Failure) 31600K->435K(73280K), 0.0002260 secs]
388.565: [GC (Allocation Failure) 30624K->435K(72320K), 0.0002120 secs]
388.596: [GC (Allocation Failure) 29647K->435K(71424K), 0.0002230 secs]
388.628: [GC (Allocation Failure) 28768K->435K(70528K), 0.0002260 secs]
388.644: [GC (Allocation Failure) 27889K->435K(69696K), 0.0002010 secs]
388.656: [GC (Allocation Failure) 27010K->435K(68928K), 0.0002020 secs]
388.673: [GC (Allocation Failure) 26228K->435K(74112K), 0.0002260 secs]
388.687: [GC (Allocation Failure) 31405K->435K(80320K), 0.0002130 secs]
388.703: [GC (Allocation Failure) 37656K->435K(87808K), 0.0002030 secs]
388.722: [GC (Allocation Failure) 45079K->435K(96768K), 0.0002040 secs]
388.839: [GC (Allocation Failure) 54069K->435K(94720K), 0.0002180 secs]
388.861: [GC (Allocation Failure) 52018K->435K(92800K), 0.0002730 secs]
388.937: [GC (Allocation Failure) 50162K->435K(90944K), 0.0002210 secs]
388.959: [GC (Allocation Failure) 48302K->435K(89216K), 0.0002010 secs]
389.008: [GC (Allocation Failure) 46544K->435K(87552K), 0.0003300 secs]
389.031: [GC (Allocation Failure) 44884K->435K(85952K), 0.0002080 secs]
389.050: [GC (Allocation Failure) 43223K->435K(84416K), 0.0002180 secs]
389.131: [GC (Allocation Failure) 41758K->435K(82944K), 0.0002260 secs]
389.152: [GC (Allocation Failure) 40293K->435K(81536K), 0.0002120 secs]
389.173: [GC (Allocation Failure) 38828K->435K(80192K), 0.0002130 secs]
389.193: [GC (Allocation Failure) 37461K->435K(78912K), 0.0002160 secs]
389.209: [GC (Allocation Failure) 36191K->435K(77696K), 0.0002140 secs]
389.228: [GC (Allocation Failure) 35019K->435K(76544K), 0.0002100 secs]
389.257: [GC (Allocation Failure) 33847K->435K(75456K), 0.0002180 secs]
389.281: [GC (Allocation Failure) 32772K->435K(74432K), 0.0002120 secs]
389.295: [GC (Allocation Failure) 31698K->435K(73408K), 0.0002150 secs]
389.312: [GC (Allocation Failure) 30721K->435K(72448K), 0.0002000 secs]
389.380: [GC (Allocation Failure) 29745K->435K(71552K), 0.0002080 secs]
389.396: [GC (Allocation Failure) 28865K->435K(70656K), 0.0002020 secs]
389.425: [GC (Allocation Failure) 27986K->435K(69824K), 0.0002240 secs]
389.437: [GC (Allocation Failure) 27107K->435K(68992K), 0.0002030 secs]
389.478: [GC (Allocation Failure) 26326K->435K(68224K), 0.0002140 secs]
389.493: [GC (Allocation Failure) 25545K->435K(67520K), 0.0002290 secs]
389.505: [GC (Allocation Failure) 24857K->435K(72448K), 0.0002660 secs]
389.529: [GC (Allocation Failure) 29745K->435K(78336K), 0.0002220 secs]
389.545: [GC (Allocation Failure) 35605K->435K(85440K), 0.0002030 secs]
389.563: [GC (Allocation Failure) 42735K->435K(93952K), 0.0002120 secs]
389.589: [GC (Allocation Failure) 51236K->435K(92032K), 0.0002090 secs]
389.676: [GC (Allocation Failure) 49377K->435K(90240K), 0.0002320 secs]
389.697: [GC (Allocation Failure) 47521K->435K(88512K), 0.0002100 secs]
389.737: [GC (Allocation Failure) 45860K->435K(86848K), 0.0002210 secs]
389.756: [GC (Allocation Failure) 44200K->435K(85312K), 0.0001990 secs]
389.778: [GC (Allocation Failure) 42637K->435K(83840K), 0.0002210 secs]
389.802: [GC (Allocation Failure) 41172K->435K(82432K), 0.0002090 secs]
389.834: [GC (Allocation Failure) 39707K->435K(81088K), 0.0002240 secs]
389.855: [GC (Allocation Failure) 38437K->435K(79808K), 0.0002160 secs]
389.884: [GC (Allocation Failure) 37168K->435K(78592K), 0.0002290 secs]
389.904: [GC (Allocation Failure) 35898K->435K(77376K), 0.0002310 secs]
389.923: [GC (Allocation Failure) 34726K->435K(76224K), 0.0002010 secs]
389.942: [GC (Allocation Failure) 33554K->435K(75136K), 0.0002200 secs]
389.956: [GC (Allocation Failure) 32479K->435K(74112K), 0.0002040 secs]
389.970: [GC (Allocation Failure) 31405K->435K(80320K), 0.0002040 secs]
390.030: [GC (Allocation Failure) 37656K->435K(79040K), 0.0002030 secs]
390.079: [GC (Allocation Failure) 36386K->435K(77824K), 0.0002120 secs]
390.098: [GC (Allocation Failure) 35116K->435K(76672K), 0.0002210 secs]
390.132: [GC (Allocation Failure) 33944K->435K(75584K), 0.0001990 secs]
390.146: [GC (Allocation Failure) 32870K->435K(74560K), 0.0002010 secs]
390.164: [GC (Allocation Failure) 31893K->435K(73536K), 0.0002110 secs]
390.182: [GC (Allocation Failure) 30819K->435K(72576K), 0.0002120 secs]
390.200: [GC (Allocation Failure) 29842K->435K(71680K), 0.0002230 secs]
390.277: [GC (Allocation Failure) 28963K->435K(70784K), 0.0002040 secs]
390.309: [GC (Allocation Failure) 28084K->435K(69952K), 0.0002130 secs]
390.325: [GC (Allocation Failure) 27303K->435K(69120K), 0.0002020 secs]
390.337: [GC (Allocation Failure) 26424K->435K(74368K), 0.0002870 secs]
390.376: [GC (Allocation Failure) 31698K->435K(73344K), 0.0002140 secs]
390.393: [GC (Allocation Failure) 30624K->435K(79424K), 0.0002280 secs]
390.410: [GC (Allocation Failure) 36777K->435K(86720K), 0.0002020 secs]
390.453: [GC (Allocation Failure) 44005K->435K(85184K), 0.0002220 secs]
390.476: [GC (Allocation Failure) 42540K->435K(83712K), 0.0002040 secs]
390.494: [GC (Allocation Failure) 41074K->435K(82304K), 0.0002110 secs]
390.511: [GC (Allocation Failure) 39609K->435K(80960K), 0.0002020 secs]
390.527: [GC (Allocation Failure) 38242K->435K(79680K), 0.0002010 secs]
390.585: [GC (Allocation Failure) 36972K->435K(78464K), 0.0002220 secs]
390.600: [GC (Allocation Failure) 35800K->435K(77312K), 0.0002110 secs]
390.624: [GC (Allocation Failure) 34628K->435K(76160K), 0.0002260 secs]
390.643: [GC (Allocation Failure) 33456K->435K(75072K), 0.0002210 secs]
390.664: [GC (Allocation Failure) 32382K->435K(74048K), 0.0002130 secs]
390.678: [GC (Allocation Failure) 31405K->435K(73088K), 0.0002010 secs]
390.775: [GC (Allocation Failure) 30428K->435K(72128K), 0.0002100 secs]
390.792: [GC (Allocation Failure) 29451K->435K(71232K), 0.0002100 secs]
390.805: [GC (Allocation Failure) 28572K->435K(70400K), 0.0002020 secs]
390.817: [GC (Allocation Failure) 27693K->435K(75904K), 0.0002020 secs]
390.879: [GC (Allocation Failure) 33261K->435K(74816K), 0.0002040 secs]
390.929: [GC (Allocation Failure) 32089K->435K(73792K), 0.0002130 secs]
390.978: [GC (Allocation Failure) 31112K->435K(72832K), 0.0002050 secs]
391.003: [GC (Allocation Failure) 30135K->435K(71872K), 0.0002250 secs]
391.016: [GC (Allocation Failure) 29158K->435K(70976K), 0.0002190 secs]
391.127: [GC (Allocation Failure) 28279K->435K(70144K), 0.0002150 secs]
391.177: [GC (Allocation Failure) 27498K->435K(69312K), 0.0002160 secs]
391.189: [GC (Allocation Failure) 26619K->435K(68544K), 0.0002020 secs]
391.204: [GC (Allocation Failure) 25838K->435K(67776K), 0.0002140 secs]
391.230: [GC (Allocation Failure) 25052K->435K(67072K), 0.0002110 secs]
391.245: [GC (Allocation Failure) 24369K->435K(66368K), 0.0002030 secs]
391.276: [GC (Allocation Failure) 23685K->435K(65728K), 0.0002250 secs]
391.290: [GC (Allocation Failure) 23001K->435K(70272K), 0.0002710 secs]
391.302: [GC (Allocation Failure) 27596K->435K(75712K), 0.0002280 secs]
391.320: [GC (Allocation Failure) 33065K->435K(82240K), 0.0001990 secs]
391.337: [GC (Allocation Failure) 39512K->435K(90112K), 0.0002040 secs]
391.379: [GC (Allocation Failure) 47423K->435K(88384K), 0.0002010 secs]
391.411: [GC (Allocation Failure) 45665K->435K(86720K), 0.0002360 secs]
391.431: [GC (Allocation Failure) 44005K->435K(85184K), 0.0002180 secs]
391.487: [GC (Allocation Failure) 42540K->435K(83712K), 0.0002190 secs]
391.505: [GC (Allocation Failure) 41074K->435K(82304K), 0.0002040 secs]
391.533: [GC (Allocation Failure) 39609K->435K(80960K), 0.0002150 secs]
391.550: [GC (Allocation Failure) 38242K->435K(79680K), 0.0002130 secs]
391.569: [GC (Allocation Failure) 36972K->435K(78464K), 0.0002220 secs]
391.670: [GC (Allocation Failure) 35800K->435K(77312K), 0.0002140 secs]
391.689: [GC (Allocation Failure) 34628K->435K(76160K), 0.0002010 secs]
391.735: [GC (Allocation Failure) 33456K->435K(75072K), 0.0002050 secs]
391.753: [GC (Allocation Failure) 32382K->435K(74048K), 0.0002290 secs]
391.772: [GC (Allocation Failure) 31405K->435K(73088K), 0.0002700 secs]
391.786: [GC (Allocation Failure) 30428K->435K(72128K), 0.0002400 secs]
391.799: [GC (Allocation Failure) 29451K->435K(77952K), 0.0002020 secs]
391.832: [GC (Allocation Failure) 35312K->435K(76800K), 0.0002240 secs]
391.846: [GC (Allocation Failure) 34140K->435K(83584K), 0.0002030 secs]
391.867: [GC (Allocation Failure) 40879K->435K(82176K), 0.0002110 secs]
391.884: [GC (Allocation Failure) 39512K->435K(80832K), 0.0002000 secs]
391.904: [GC (Allocation Failure) 38144K->435K(79552K), 0.0002220 secs]
391.974: [GC (Allocation Failure) 36875K->435K(78336K), 0.0002030 secs]
392.032: [GC (Allocation Failure) 35605K->435K(77184K), 0.0002240 secs]
392.047: [GC (Allocation Failure) 34530K->435K(76032K), 0.0002040 secs]
392.085: [GC (Allocation Failure) 33358K->435K(74944K), 0.0002220 secs]
392.099: [GC (Allocation Failure) 32284K->435K(73920K), 0.0002040 secs]
392.130: [GC (Allocation Failure) 31210K->435K(72960K), 0.0002800 secs]
392.167: [GC (Allocation Failure) 30233K->435K(72000K), 0.0002050 secs]
392.180: [GC (Allocation Failure) 29354K->435K(71104K), 0.0002270 secs]
392.195: [GC (Allocation Failure) 28377K->435K(76736K), 0.0002090 secs]
392.209: [GC (Allocation Failure) 34042K->435K(83520K), 0.0002050 secs]
392.235: [GC (Allocation Failure) 40879K->435K(82112K), 0.0002260 secs]
392.252: [GC (Allocation Failure) 39414K->435K(80768K), 0.0002030 secs]
392.269: [GC (Allocation Failure) 38047K->435K(88320K), 0.0002020 secs]
392.309: [GC (Allocation Failure) 45665K->435K(86656K), 0.0002190 secs]
392.373: [GC (Allocation Failure) 44005K->435K(85120K), 0.0002510 secs]
392.422: [GC (Allocation Failure) 42442K->435K(83648K), 0.0002000 secs]
392.444: [GC (Allocation Failure) 40977K->435K(82240K), 0.0002070 secs]
392.615: [GC (Allocation Failure) 39512K->435K(80896K), 0.0002200 secs]
392.635: [GC (Allocation Failure) 38242K->435K(79616K), 0.0002140 secs]
392.652: [GC (Allocation Failure) 36972K->435K(78400K), 0.0002050 secs]
392.683: [GC (Allocation Failure) 35702K->435K(77248K), 0.0002140 secs]
392.698: [GC (Allocation Failure) 34530K->435K(76096K), 0.0002020 secs]
392.732: [GC (Allocation Failure) 33456K->435K(75008K), 0.0002260 secs]
392.750: [GC (Allocation Failure) 32284K->435K(73984K), 0.0002110 secs]
392.881: [GC (Allocation Failure) 31307K->435K(73024K), 0.0002760 secs]
392.935: [GC (Allocation Failure) 30331K->435K(72064K), 0.0002170 secs]
392.948: [GC (Allocation Failure) 29354K->435K(71168K), 0.0003200 secs]
392.984: [GC (Allocation Failure) 28475K->435K(70336K), 0.0002240 secs]
393.000: [GC (Allocation Failure) 27693K->435K(69504K), 0.0002010 secs]
393.012: [GC (Allocation Failure) 26814K->435K(74816K), 0.0002030 secs]
393.032: [GC (Allocation Failure) 32089K->435K(81216K), 0.0002270 secs]
393.053: [GC (Allocation Failure) 38535K->435K(79936K), 0.0001990 secs]
393.073: [GC (Allocation Failure) 37265K->435K(78656K), 0.0002090 secs]
393.089: [GC (Allocation Failure) 35996K->435K(77440K), 0.0002030 secs]
393.170: [GC (Allocation Failure) 34726K->435K(76288K), 0.0002170 secs]
393.237: [GC (Allocation Failure) 33554K->435K(75200K), 0.0002240 secs]
393.251: [GC (Allocation Failure) 32479K->435K(74176K), 0.0002110 secs]
393.268: [GC (Allocation Failure) 31503K->435K(73152K), 0.0002020 secs]
393.372: [GC (Allocation Failure) 30428K->435K(72192K), 0.0002280 secs]
393.389: [GC (Allocation Failure) 29549K->435K(71296K), 0.0002110 secs]
393.415: [GC (Allocation Failure) 28572K->435K(70400K), 0.0002710 secs]
393.431: [GC (Allocation Failure) 27693K->435K(69568K), 0.0002140 secs]
393.448: [GC (Allocation Failure) 26912K->435K(68800K), 0.0002310 secs]
393.530: [GC (Allocation Failure) 26131K->435K(68032K), 0.0002140 secs]
393.541: [GC (Allocation Failure) 25349K->435K(67328K), 0.0002040 secs]
393.555: [GC (Allocation Failure) 24662K->435K(72192K), 0.0002110 secs]
393.568: [GC (Allocation Failure) 29549K->435K(78016K), 0.0002170 secs]
393.669: [GC (Allocation Failure) 35312K->435K(76864K), 0.0002220 secs]
393.688: [GC (Allocation Failure) 34140K->435K(75776K), 0.0002070 secs]
393.703: [GC (Allocation Failure) 33065K->435K(74688K), 0.0002150 secs]
393.717: [GC (Allocation Failure) 31991K->435K(81024K), 0.0002050 secs]
393.812: [GC (Allocation Failure) 38340K->435K(79744K), 0.0002270 secs]
393.832: [GC (Allocation Failure) 37070K->435K(78528K), 0.0002210 secs]
393.884: [GC (Allocation Failure) 35800K->435K(77312K), 0.0002140 secs]
393.899: [GC (Allocation Failure) 34628K->435K(76160K), 0.0002170 secs]
393.977: [GC (Allocation Failure) 33456K->435K(75072K), 0.0002270 secs]
393.996: [GC (Allocation Failure) 32382K->435K(74048K), 0.0002130 secs]
394.014: [GC (Allocation Failure) 31405K->435K(80256K), 0.0003520 secs]
394.031: [GC (Allocation Failure) 37558K->435K(87744K), 0.0002180 secs]
394.051: [GC (Allocation Failure) 45079K->435K(86144K), 0.0002030 secs]
394.074: [GC (Allocation Failure) 43419K->435K(84608K), 0.0002100 secs]
394.137: [GC (Allocation Failure) 41953K->435K(83136K), 0.0002770 secs]
394.168: [GC (Allocation Failure) 40488K->435K(81728K), 0.0002270 secs]
394.186: [GC (Allocation Failure) 39023K->435K(80384K), 0.0002660 secs]
394.207: [GC (Allocation Failure) 37656K->435K(79104K), 0.0002140 secs]
394.336: [GC (Allocation Failure) 36386K->435K(77888K), 0.0002260 secs]
394.354: [GC (Allocation Failure) 35214K->435K(76736K), 0.0002170 secs]
394.370: [GC (Allocation Failure) 34042K->435K(75648K), 0.0002160 secs]
394.384: [GC (Allocation Failure) 32968K->435K(74560K), 0.0002030 secs]
394.420: [GC (Allocation Failure) 31893K->435K(73536K), 0.0002170 secs]
394.437: [GC (Allocation Failure) 30819K->435K(72576K), 0.0002130 secs]
394.483: [GC (Allocation Failure) 29842K->435K(71680K), 0.0002150 secs]
394.607: [GC (Allocation Failure) 28963K->435K(70784K), 0.0002300 secs]
394.620: [GC (Allocation Failure) 28084K->435K(69952K), 0.0002690 secs]
394.636: [GC (Allocation Failure) 27303K->435K(69120K), 0.0002130 secs]
394.648: [GC (Allocation Failure) 26424K->435K(74368K), 0.0002110 secs]
394.665: [GC (Allocation Failure) 31698K->435K(80640K), 0.0002710 secs]
394.682: [GC (Allocation Failure) 37949K->435K(88192K), 0.0002150 secs]
394.740: [GC (Allocation Failure) 45470K->435K(86592K), 0.0002030 secs]
394.889: [GC (Allocation Failure) 43907K->435K(85056K), 0.0002150 secs]
394.907: [GC (Allocation Failure) 42344K->435K(83584K), 0.0002020 secs]
394.942: [GC (Allocation Failure) 40879K->435K(82176K), 0.0002420 secs]
394.960: [GC (Allocation Failure) 39512K->435K(80832K), 0.0002030 secs]
394.991: [GC (Allocation Failure) 38144K->435K(79552K), 0.0002170 secs]
395.011: [GC (Allocation Failure) 36875K->435K(78336K), 0.0002160 secs]
395.040: [GC (Allocation Failure) 35605K->435K(77184K), 0.0002200 secs]
395.059: [GC (Allocation Failure) 34530K->435K(76032K), 0.0002140 secs]
395.077: [GC (Allocation Failure) 33358K->435K(74944K), 0.0002130 secs]
395.091: [GC (Allocation Failure) 32284K->435K(73920K), 0.0002050 secs]
395.138: [GC (Allocation Failure) 31210K->435K(72960K), 0.0002170 secs]
395.155: [GC (Allocation Failure) 30233K->435K(72000K), 0.0002010 secs]
395.168: [GC (Allocation Failure) 29354K->435K(77824K), 0.0002150 secs]
395.183: [GC (Allocation Failure) 35116K->435K(84800K), 0.0002140 secs]
395.201: [GC (Allocation Failure) 42149K->435K(93184K), 0.0002030 secs]
395.227: [GC (Allocation Failure) 50455K->435K(91328K), 0.0002190 secs]
395.296: [GC (Allocation Failure) 48595K->435K(89536K), 0.0002830 secs]
395.320: [GC (Allocation Failure) 46837K->435K(87872K), 0.0002030 secs]
395.340: [GC (Allocation Failure) 45177K->435K(86272K), 0.0002700 secs]
395.494: [GC (Allocation Failure) 43614K->435K(84736K), 0.0002230 secs]
395.512: [GC (Allocation Failure) 42051K->435K(83264K), 0.0002040 secs]
395.556: [GC (Allocation Failure) 40586K->435K(81856K), 0.0002050 secs]
395.573: [GC (Allocation Failure) 39219K->435K(80512K), 0.0002040 secs]
395.589: [GC (Allocation Failure) 37851K->435K(79232K), 0.0002040 secs]
395.609: [GC (Allocation Failure) 36582K->435K(78016K), 0.0002140 secs]
395.637: [GC (Allocation Failure) 35312K->435K(76864K), 0.0002230 secs]
395.651: [GC (Allocation Failure) 34140K->435K(75776K), 0.0002010 secs]
395.669: [GC (Allocation Failure) 33065K->435K(74688K), 0.0001990 secs]
395.687: [GC (Allocation Failure) 31991K->435K(73664K), 0.0002190 secs]
395.785: [GC (Allocation Failure) 31014K->435K(72704K), 0.0002140 secs]
395.799: [GC (Allocation Failure) 30038K->435K(71808K), 0.0002040 secs]
395.888: [GC (Allocation Failure) 29158K->435K(70912K), 0.0002130 secs]
395.901: [GC (Allocation Failure) 28182K->435K(76480K), 0.0003230 secs]
395.940: [GC (Allocation Failure) 33749K->435K(75392K), 0.0002170 secs]
395.954: [GC (Allocation Failure) 32675K->435K(81856K), 0.0002830 secs]
396.089: [GC (Allocation Failure) 39219K->435K(80512K), 0.0002150 secs]
396.105: [GC (Allocation Failure) 37851K->435K(79232K), 0.0002020 secs]
396.138: [GC (Allocation Failure) 36582K->435K(78016K), 0.0002140 secs]
396.174: [GC (Allocation Failure) 35312K->435K(76864K), 0.0002270 secs]
396.189: [GC (Allocation Failure) 34140K->435K(75776K), 0.0002140 secs]
396.208: [GC (Allocation Failure) 33065K->435K(74688K), 0.0002040 secs]
396.226: [GC (Allocation Failure) 31991K->435K(73664K), 0.0002260 secs]
396.244: [GC (Allocation Failure) 31014K->435K(72704K), 0.0002300 secs]
396.261: [GC (Allocation Failure) 30038K->435K(78656K), 0.0002770 secs]
396.338: [GC (Allocation Failure) 35996K->435K(77440K), 0.0002260 secs]
396.373: [GC (Allocation Failure) 34726K->435K(76288K), 0.0002340 secs]
396.425: [GC (Allocation Failure) 33554K->435K(75200K), 0.0002400 secs]
396.443: [GC (Allocation Failure) 32479K->435K(74176K), 0.0002100 secs]
396.486: [GC (Allocation Failure) 31503K->435K(73152K), 0.0002840 secs]
396.511: [GC (Allocation Failure) 30428K->435K(72192K), 0.0002040 secs]
396.579: [GC (Allocation Failure) 29549K->435K(71296K), 0.0002290 secs]
396.592: [GC (Allocation Failure) 28572K->435K(70400K), 0.0002710 secs]
396.605: [GC (Allocation Failure) 27693K->435K(75904K), 0.0002140 secs]
396.669: [GC (Allocation Failure) 33261K->435K(74816K), 0.0002260 secs]
396.683: [GC (Allocation Failure) 32089K->435K(73792K), 0.0002150 secs]
396.701: [GC (Allocation Failure) 31112K->435K(79936K), 0.0002710 secs]
396.721: [GC (Allocation Failure) 37265K->435K(87360K), 0.0002120 secs]
396.745: [GC (Allocation Failure) 44688K->435K(85760K), 0.0002020 secs]
396.763: [GC (Allocation Failure) 43028K->435K(84224K), 0.0002130 secs]
396.781: [GC (Allocation Failure) 41563K->435K(82752K), 0.0002010 secs]
396.940: [GC (Allocation Failure) 40098K->435K(81344K), 0.0002140 secs]
396.994: [GC (Allocation Failure) 38633K->435K(80000K), 0.0002120 secs]
397.011: [GC (Allocation Failure) 37363K->435K(78720K), 0.0002140 secs]
397.043: [GC (Allocation Failure) 35996K->435K(77504K), 0.0002180 secs]
397.058: [GC (Allocation Failure) 34823K->435K(76352K), 0.0002170 secs]
397.092: [GC (Allocation Failure) 33651K->435K(75264K), 0.0002130 secs]
397.110: [GC (Allocation Failure) 32577K->435K(74240K), 0.0002070 secs]
397.128: [GC (Allocation Failure) 31600K->435K(73216K), 0.0002180 secs]
397.141: [GC (Allocation Failure) 30526K->435K(72256K), 0.0002160 secs]
397.158: [GC (Allocation Failure) 29549K->435K(78144K), 0.0002110 secs]
397.243: [GC (Allocation Failure) 35409K->435K(76992K), 0.0002040 secs]
397.262: [GC (Allocation Failure) 34335K->435K(75904K), 0.0002070 secs]
397.276: [GC (Allocation Failure) 33261K->435K(74816K), 0.0002130 secs]
397.294: [GC (Allocation Failure) 32089K->435K(81216K), 0.0002700 secs]
397.311: [GC (Allocation Failure) 38535K->435K(88896K), 0.0002130 secs]
397.331: [GC (Allocation Failure) 46251K->435K(98112K), 0.0002020 secs]
397.354: [GC (Allocation Failure) 55436K->435K(96000K), 0.0001980 secs]
397.385: [GC (Allocation Failure) 53287K->435K(94016K), 0.0002220 secs]
397.413: [GC (Allocation Failure) 51334K->435K(92096K), 0.0002040 secs]
397.549: [GC (Allocation Failure) 49377K->435K(90304K), 0.0002050 secs]
397.574: [GC (Allocation Failure) 47618K->435K(88576K), 0.0002770 secs]
397.597: [GC (Allocation Failure) 45860K->435K(86912K), 0.0002110 secs]
397.616: [GC (Allocation Failure) 44200K->435K(85312K), 0.0002020 secs]
397.638: [GC (Allocation Failure) 42637K->435K(83840K), 0.0002130 secs]
397.750: [GC (Allocation Failure) 41172K->435K(82432K), 0.0002080 secs]
397.767: [GC (Allocation Failure) 39707K->435K(81088K), 0.0002140 secs]
397.784: [GC (Allocation Failure) 38437K->435K(79808K), 0.0002010 secs]
397.804: [GC (Allocation Failure) 37168K->435K(78592K), 0.0002120 secs]
397.824: [GC (Allocation Failure) 35898K->435K(77376K), 0.0002130 secs]
397.843: [GC (Allocation Failure) 34726K->435K(76224K), 0.0002090 secs]
397.861: [GC (Allocation Failure) 33554K->435K(75136K), 0.0002710 secs]
397.876: [GC (Allocation Failure) 32479K->435K(81600K), 0.0002140 secs]
397.896: [GC (Allocation Failure) 38926K->435K(89344K), 0.0002010 secs]
397.920: [GC (Allocation Failure) 46642K->435K(87680K), 0.0002130 secs]
397.940: [GC (Allocation Failure) 44981K->435K(86080K), 0.0002050 secs]
397.962: [GC (Allocation Failure) 43419K->435K(84544K), 0.0002090 secs]
398.093: [GC (Allocation Failure) 41856K->435K(83072K), 0.0002740 secs]
398.146: [GC (Allocation Failure) 40391K->435K(81664K), 0.0002110 secs]
398.167: [GC (Allocation Failure) 39023K->435K(80320K), 0.0002020 secs]
398.188: [GC (Allocation Failure) 37656K->435K(79040K), 0.0002210 secs]
398.222: [GC (Allocation Failure) 36386K->435K(77824K), 0.0002160 secs]
398.312: [GC (Allocation Failure) 35116K->435K(76672K), 0.0002070 secs]
398.369: [GC (Allocation Failure) 33944K->435K(75584K), 0.0002180 secs]
398.384: [GC (Allocation Failure) 32870K->435K(74560K), 0.0002180 secs]
398.418: [GC (Allocation Failure) 31893K->435K(73536K), 0.0002070 secs]
398.435: [GC (Allocation Failure) 30819K->435K(72576K), 0.0002130 secs]
398.452: [GC (Allocation Failure) 29842K->435K(71680K), 0.0002140 secs]
398.465: [GC (Allocation Failure) 28963K->435K(77440K), 0.0002290 secs]
398.480: [GC (Allocation Failure) 34726K->435K(84352K), 0.0002120 secs]
398.502: [GC (Allocation Failure) 41660K->435K(92608K), 0.0002130 secs]
398.526: [GC (Allocation Failure) 49967K->435K(90752K), 0.0002110 secs]
398.579: [GC (Allocation Failure) 48107K->435K(89024K), 0.0002000 secs]
398.621: [GC (Allocation Failure) 46349K->435K(87360K), 0.0002150 secs]
398.645: [GC (Allocation Failure) 44688K->435K(85760K), 0.0002150 secs]
398.664: [GC (Allocation Failure) 43028K->435K(84224K), 0.0002040 secs]
398.694: [GC (Allocation Failure) 41563K->435K(82752K), 0.0002030 secs]
398.743: [GC (Allocation Failure) 40098K->435K(81344K), 0.0002140 secs]
398.760: [GC (Allocation Failure) 38633K->435K(80000K), 0.0002040 secs]
398.796: [GC (Allocation Failure) 37363K->435K(78720K), 0.0002230 secs]
398.812: [GC (Allocation Failure) 35996K->435K(77504K), 0.0002040 secs]
398.845: [GC (Allocation Failure) 34823K->435K(76352K), 0.0002230 secs]
398.859: [GC (Allocation Failure) 33651K->435K(75264K), 0.0002040 secs]
398.873: [GC (Allocation Failure) 32577K->435K(74240K), 0.0002040 secs]
398.887: [GC (Allocation Failure) 31600K->435K(80512K), 0.0002030 secs]
398.996: [GC (Allocation Failure) 37851K->435K(79232K), 0.0002190 secs]
399.012: [GC (Allocation Failure) 36582K->435K(78016K), 0.0002810 secs]
399.028: [GC (Allocation Failure) 35312K->435K(76864K), 0.0002020 secs]
399.091: [GC (Allocation Failure) 34140K->435K(75776K), 0.0002050 secs]
399.169: [GC (Allocation Failure) 33065K->435K(74688K), 0.0002270 secs]
399.187: [GC (Allocation Failure) 31991K->435K(73664K), 0.0002140 secs]
399.205: [GC (Allocation Failure) 31014K->435K(72704K), 0.0002120 secs]
399.222: [GC (Allocation Failure) 30038K->435K(71808K), 0.0002690 secs]
399.235: [GC (Allocation Failure) 29158K->435K(77568K), 0.0002130 secs]
399.296: [GC (Allocation Failure) 34921K->435K(76416K), 0.0002250 secs]
399.315: [GC (Allocation Failure) 33749K->435K(75328K), 0.0002260 secs]
399.345: [GC (Allocation Failure) 32675K->435K(74304K), 0.0002110 secs]
399.363: [GC (Allocation Failure) 31600K->435K(73280K), 0.0002120 secs]
399.377: [GC (Allocation Failure) 30624K->435K(72320K), 0.0002150 secs]
399.394: [GC (Allocation Failure) 29647K->435K(78208K), 0.0002190 secs]
399.415: [GC (Allocation Failure) 35507K->435K(77056K), 0.0002150 secs]
399.546: [GC (Allocation Failure) 34335K->435K(75904K), 0.0002150 secs]
399.560: [GC (Allocation Failure) 33261K->435K(74816K), 0.0002170 secs]
399.591: [GC (Allocation Failure) 32089K->435K(73792K), 0.0002040 secs]
399.640: [GC (Allocation Failure) 31112K->435K(72832K), 0.0002040 secs]
399.667: [GC (Allocation Failure) 30135K->435K(71872K), 0.0002220 secs]
399.694: [GC (Allocation Failure) 29158K->435K(70976K), 0.0002090 secs]
399.710: [GC (Allocation Failure) 28279K->435K(70144K), 0.0002050 secs]
399.726: [GC (Allocation Failure) 27498K->435K(69312K), 0.0002100 secs]
399.739: [GC (Allocation Failure) 26619K->435K(74560K), 0.0003180 secs]
399.816: [GC (Allocation Failure) 31893K->435K(73536K), 0.0002130 secs]
399.833: [GC (Allocation Failure) 30819K->435K(72576K), 0.0002130 secs]
399.850: [GC (Allocation Failure) 29842K->435K(78528K), 0.0002590 secs]
399.916: [GC (Allocation Failure) 35800K->435K(77312K), 0.0002050 secs]
399.946: [GC (Allocation Failure) 34628K->435K(76160K), 0.0002580 secs]
399.961: [GC (Allocation Failure) 33456K->435K(75072K), 0.0002040 secs]
399.975: [GC (Allocation Failure) 32382K->435K(81472K), 0.0002120 secs]
399.992: [GC (Allocation Failure) 38828K->435K(89152K), 0.0002010 secs]
400.150: [GC (Allocation Failure) 46446K->435K(87488K), 0.0002060 secs]
400.170: [GC (Allocation Failure) 44786K->435K(85888K), 0.0002040 secs]
400.246: [GC (Allocation Failure) 43223K->435K(84352K), 0.0002360 secs]
400.268: [GC (Allocation Failure) 41660K->435K(82880K), 0.0002090 secs]
400.295: [GC (Allocation Failure) 40195K->435K(81472K), 0.0002120 secs]
400.319: [GC (Allocation Failure) 38828K->435K(80128K), 0.0002000 secs]
400.336: [GC (Allocation Failure) 37461K->435K(78848K), 0.0002120 secs]
400.354: [GC (Allocation Failure) 36191K->435K(77632K), 0.0002050 secs]
400.373: [GC (Allocation Failure) 34921K->435K(76480K), 0.0002490 secs]
400.397: [GC (Allocation Failure) 33749K->435K(75392K), 0.0002030 secs]
400.441: [GC (Allocation Failure) 32675K->435K(74368K), 0.0002050 secs]
400.496: [GC (Allocation Failure) 31698K->435K(73344K), 0.0002230 secs]
400.514: [GC (Allocation Failure) 30624K->435K(72384K), 0.0002220 secs]
400.541: [GC (Allocation Failure) 29745K->435K(71488K), 0.0002020 secs]
400.613: [GC (Allocation Failure) 28768K->435K(70592K), 0.0002150 secs]
400.634: [GC (Allocation Failure) 27889K->435K(69760K), 0.0002050 secs]
400.690: [GC (Allocation Failure) 27107K->435K(68992K), 0.0002040 secs]
400.744: [GC (Allocation Failure) 26326K->435K(68224K), 0.0002190 secs]
400.759: [GC (Allocation Failure) 25545K->435K(67520K), 0.0002300 secs]
400.770: [GC (Allocation Failure) 24857K->435K(66816K), 0.0002040 secs]
400.780: [GC (Allocation Failure) 24173K->435K(71616K), 0.0002010 secs]
400.797: [GC (Allocation Failure) 28963K->435K(77376K), 0.0002120 secs]
400.816: [GC (Allocation Failure) 34726K->435K(84288K), 0.0002130 secs]
400.847: [GC (Allocation Failure) 41563K->435K(82816K), 0.0002110 secs]
400.868: [GC (Allocation Failure) 40098K->435K(81408K), 0.0002130 secs]
400.885: [GC (Allocation Failure) 38730K->435K(80064K), 0.0002140 secs]
400.905: [GC (Allocation Failure) 37363K->435K(78784K), 0.0002120 secs]
400.925: [GC (Allocation Failure) 36093K->435K(77568K), 0.0002200 secs]
400.948: [GC (Allocation Failure) 34921K->435K(76416K), 0.0002120 secs]
400.967: [GC (Allocation Failure) 33749K->435K(75328K), 0.0002130 secs]
401.020: [GC (Allocation Failure) 32675K->435K(74304K), 0.0002310 secs]
401.096: [GC (Allocation Failure) 31600K->435K(73280K), 0.0002190 secs]
401.114: [GC (Allocation Failure) 30624K->435K(72320K), 0.0002770 secs]
401.129: [GC (Allocation Failure) 29647K->435K(71424K), 0.0002030 secs]
401.142: [GC (Allocation Failure) 28768K->435K(77120K), 0.0002040 secs]
401.159: [GC (Allocation Failure) 34433K->435K(83968K), 0.0002010 secs]
401.176: [GC (Allocation Failure) 41270K->435K(92160K), 0.0002020 secs]
401.200: [GC (Allocation Failure) 49474K->435K(90368K), 0.0002240 secs]
401.225: [GC (Allocation Failure) 47716K->435K(88640K), 0.0002200 secs]
401.249: [GC (Allocation Failure) 45958K->435K(86976K), 0.0002120 secs]
401.268: [GC (Allocation Failure) 44298K->435K(85376K), 0.0002140 secs]
401.287: [GC (Allocation Failure) 42735K->435K(83904K), 0.0002020 secs]
401.349: [GC (Allocation Failure) 41172K->435K(82496K), 0.0002270 secs]
401.371: [GC (Allocation Failure) 39805K->435K(81152K), 0.0002140 secs]
401.396: [GC (Allocation Failure) 38437K->435K(79872K), 0.0002150 secs]
401.449: [GC (Allocation Failure) 37168K->435K(78656K), 0.0002110 secs]
401.465: [GC (Allocation Failure) 35996K->435K(77440K), 0.0002130 secs]
401.480: [GC (Allocation Failure) 34726K->435K(76288K), 0.0002700 secs]
401.573: [GC (Allocation Failure) 33554K->435K(75200K), 0.0002130 secs]
401.591: [GC (Allocation Failure) 32479K->435K(74176K), 0.0002120 secs]
401.604: [GC (Allocation Failure) 31503K->435K(73152K), 0.0002030 secs]
401.667: [GC (Allocation Failure) 30428K->435K(72192K), 0.0002200 secs]
401.680: [GC (Allocation Failure) 29549K->435K(71296K), 0.0002140 secs]
401.697: [GC (Allocation Failure) 28572K->435K(70400K), 0.0002100 secs]
401.713: [GC (Allocation Failure) 27693K->435K(75904K), 0.0002120 secs]
401.728: [GC (Allocation Failure) 33261K->435K(82496K), 0.0002040 secs]
401.745: [GC (Allocation Failure) 39805K->435K(90432K), 0.0002020 secs]
401.780: [GC (Allocation Failure) 47716K->435K(88704K), 0.0002270 secs]
401.799: [GC (Allocation Failure) 46056K->435K(87040K), 0.0002020 secs]
401.821: [GC (Allocation Failure) 44395K->435K(85440K), 0.0002110 secs]
401.839: [GC (Allocation Failure) 42735K->435K(83968K), 0.0002060 secs]
401.898: [GC (Allocation Failure) 41270K->435K(82560K), 0.0002260 secs]
401.920: [GC (Allocation Failure) 39902K->435K(81216K), 0.0002730 secs]
401.937: [GC (Allocation Failure) 38535K->435K(79936K), 0.0002270 secs]
401.953: [GC (Allocation Failure) 37265K->435K(78656K), 0.0002040 secs]
401.996: [GC (Allocation Failure) 35996K->435K(77440K), 0.0002140 secs]
402.011: [GC (Allocation Failure) 34726K->435K(76288K), 0.0002130 secs]
402.149: [GC (Allocation Failure) 33554K->435K(75200K), 0.0002210 secs]
402.163: [GC (Allocation Failure) 32479K->435K(74176K), 0.0002170 secs]
402.195: [GC (Allocation Failure) 31503K->435K(73152K), 0.0002150 secs]
402.217: [GC (Allocation Failure) 30428K->435K(72192K), 0.0002100 secs]
402.247: [GC (Allocation Failure) 29549K->435K(71296K), 0.0002180 secs]
402.260: [GC (Allocation Failure) 28572K->435K(70400K), 0.0002200 secs]
402.297: [GC (Allocation Failure) 27693K->435K(69568K), 0.0002180 secs]
402.313: [GC (Allocation Failure) 26912K->435K(68800K), 0.0002010 secs]
402.358: [GC (Allocation Failure) 26131K->435K(68032K), 0.0003960 secs]
402.369: [GC (Allocation Failure) 25349K->435K(73024K), 0.0002130 secs]
402.424: [GC (Allocation Failure) 30331K->435K(72064K), 0.0002160 secs]
402.443: [GC (Allocation Failure) 29354K->435K(71168K), 0.0002030 secs]
402.491: [GC (Allocation Failure) 28475K->435K(70336K), 0.0002260 secs]
402.503: [GC (Allocation Failure) 27693K->435K(69504K), 0.0002010 secs]
402.543: [GC (Allocation Failure) 26814K->435K(68736K), 0.0002140 secs]
402.661: [GC (Allocation Failure) 26033K->435K(67968K), 0.0002130 secs]
402.676: [GC (Allocation Failure) 25250K->435K(67264K), 0.0002010 secs]
402.691: [GC (Allocation Failure) 24564K->435K(66560K), 0.0002300 secs]
402.702: [GC (Allocation Failure) 23880K->435K(71296K), 0.0002030 secs]
402.743: [GC (Allocation Failure) 28572K->435K(70400K), 0.0002140 secs]
402.759: [GC (Allocation Failure) 27693K->435K(69568K), 0.0002220 secs]
402.843: [GC (Allocation Failure) 26912K->435K(68800K), 0.0002020 secs]
402.897: [GC (Allocation Failure) 26131K->435K(68032K), 0.0002180 secs]
402.912: [GC (Allocation Failure) 25349K->435K(67328K), 0.0002080 secs]
402.923: [GC (Allocation Failure) 24662K->435K(66624K), 0.0002010 secs]
402.969: [GC (Allocation Failure) 23978K->435K(65984K), 0.0002730 secs]
402.980: [GC (Allocation Failure) 23294K->435K(70592K), 0.0002160 secs]
402.992: [GC (Allocation Failure) 27889K->435K(76096K), 0.0002020 secs]
403.020: [GC (Allocation Failure) 33456K->435K(82752K), 0.0002240 secs]
403.103: [GC (Allocation Failure) 40098K->435K(81344K), 0.0002220 secs]
403.124: [GC (Allocation Failure) 38633K->435K(80000K), 0.0002170 secs]
403.150: [GC (Allocation Failure) 37363K->435K(78720K), 0.0002020 secs]
403.166: [GC (Allocation Failure) 35996K->435K(77504K), 0.0002130 secs]
403.182: [GC (Allocation Failure) 34823K->435K(76352K), 0.0002080 secs]
403.349: [GC (Allocation Failure) 33651K->435K(75264K), 0.0002480 secs]
403.368: [GC (Allocation Failure) 32577K->435K(74240K), 0.0002130 secs]
403.386: [GC (Allocation Failure) 31600K->435K(73216K), 0.0002260 secs]
403.399: [GC (Allocation Failure) 30526K->435K(79296K), 0.0002620 secs]
403.426: [GC (Allocation Failure) 36582K->435K(78080K), 0.0002250 secs]
403.442: [GC (Allocation Failure) 35409K->435K(85120K), 0.0002050 secs]
403.464: [GC (Allocation Failure) 42442K->435K(83648K), 0.0002130 secs]
403.483: [GC (Allocation Failure) 40977K->435K(82240K), 0.0002100 secs]
403.580: [GC (Allocation Failure) 39512K->435K(80896K), 0.0002260 secs]
403.601: [GC (Allocation Failure) 38242K->435K(79616K), 0.0002300 secs]
403.618: [GC (Allocation Failure) 36972K->435K(78400K), 0.0002660 secs]
403.652: [GC (Allocation Failure) 35702K->435K(77248K), 0.0002210 secs]
403.671: [GC (Allocation Failure) 34530K->435K(76096K), 0.0002120 secs]
403.685: [GC (Allocation Failure) 33456K->435K(75008K), 0.0002250 secs]
403.703: [GC (Allocation Failure) 32284K->435K(81408K), 0.0002720 secs]
403.720: [GC (Allocation Failure) 38730K->435K(89088K), 0.0002110 secs]
403.740: [GC (Allocation Failure) 46446K->435K(98304K), 0.0002110 secs]
403.911: [GC (Allocation Failure) 55632K->435K(96192K), 0.0002100 secs]
403.938: [GC (Allocation Failure) 53483K->435K(94208K), 0.0002090 secs]
403.981: [GC (Allocation Failure) 51529K->435K(92288K), 0.0002020 secs]
404.008: [GC (Allocation Failure) 49572K->435K(90496K), 0.0002200 secs]
404.033: [GC (Allocation Failure) 47814K->435K(88768K), 0.0003520 secs]
404.170: [GC (Allocation Failure) 46056K->435K(87104K), 0.0002140 secs]
404.193: [GC (Allocation Failure) 44395K->435K(85504K), 0.0002700 secs]
404.213: [GC (Allocation Failure) 42833K->435K(83968K), 0.0002140 secs]
404.234: [GC (Allocation Failure) 41270K->435K(82560K), 0.0002130 secs]
404.251: [GC (Allocation Failure) 39902K->435K(81216K), 0.0002040 secs]
404.271: [GC (Allocation Failure) 38535K->435K(79936K), 0.0002000 secs]
404.291: [GC (Allocation Failure) 37265K->435K(78656K), 0.0002180 secs]
404.307: [GC (Allocation Failure) 35996K->435K(77440K), 0.0002130 secs]
404.322: [GC (Allocation Failure) 34726K->435K(84352K), 0.0002040 secs]
404.352: [GC (Allocation Failure) 41660K->435K(82880K), 0.0002010 secs]
404.381: [GC (Allocation Failure) 40195K->435K(81472K), 0.0002200 secs]
404.404: [GC (Allocation Failure) 38828K->435K(80128K), 0.0002130 secs]
404.424: [GC (Allocation Failure) 37461K->435K(78848K), 0.0002120 secs]
404.440: [GC (Allocation Failure) 36191K->435K(77632K), 0.0002050 secs]
404.499: [GC (Allocation Failure) 34921K->435K(76480K), 0.0002020 secs]
404.552: [GC (Allocation Failure) 33749K->435K(75392K), 0.0002110 secs]
404.567: [GC (Allocation Failure) 32675K->435K(74368K), 0.0002120 secs]
404.584: [GC (Allocation Failure) 31698K->435K(73344K), 0.0002100 secs]
404.601: [GC (Allocation Failure) 30624K->435K(72384K), 0.0002370 secs]
404.625: [GC (Allocation Failure) 29745K->435K(71488K), 0.0002150 secs]
404.638: [GC (Allocation Failure) 28768K->435K(77184K), 0.0002210 secs]
404.653: [GC (Allocation Failure) 34530K->435K(84032K), 0.0002170 secs]
404.671: [GC (Allocation Failure) 41367K->435K(92224K), 0.0002050 secs]
404.784: [GC (Allocation Failure) 49572K->435K(90432K), 0.0002400 secs]
404.805: [GC (Allocation Failure) 47716K->435K(88704K), 0.0002040 secs]
404.854: [GC (Allocation Failure) 46056K->435K(87040K), 0.0002350 secs]
404.903: [GC (Allocation Failure) 44395K->435K(85440K), 0.0002140 secs]
405.053: [GC (Allocation Failure) 42735K->435K(83968K), 0.0002240 secs]
405.075: [GC (Allocation Failure) 41270K->435K(82560K), 0.0002010 secs]
405.092: [GC (Allocation Failure) 39902K->435K(81216K), 0.0002260 secs]
405.113: [GC (Allocation Failure) 38535K->435K(79936K), 0.0002710 secs]
405.133: [GC (Allocation Failure) 37265K->435K(78656K), 0.0002230 secs]
405.200: [GC (Allocation Failure) 35996K->435K(77440K), 0.0002140 secs]
405.215: [GC (Allocation Failure) 34726K->435K(76288K), 0.0002010 secs]
405.229: [GC (Allocation Failure) 33554K->435K(75200K), 0.0002030 secs]
405.249: [GC (Allocation Failure) 32479K->435K(74176K), 0.0002150 secs]
405.349: [GC (Allocation Failure) 31503K->435K(73152K), 0.0002220 secs]
405.362: [GC (Allocation Failure) 30428K->435K(72192K), 0.0002040 secs]
405.379: [GC (Allocation Failure) 29549K->435K(71296K), 0.0002200 secs]
405.425: [GC (Allocation Failure) 28572K->435K(70400K), 0.0002140 secs]
405.442: [GC (Allocation Failure) 27693K->435K(69568K), 0.0002210 secs]
405.458: [GC (Allocation Failure) 26912K->435K(68800K), 0.0002120 secs]
405.500: [GC (Allocation Failure) 26131K->435K(68032K), 0.0002070 secs]
405.516: [GC (Allocation Failure) 25349K->435K(67328K), 0.0002150 secs]
405.526: [GC (Allocation Failure) 24662K->435K(72192K), 0.0002030 secs]
405.555: [GC (Allocation Failure) 29549K->435K(71296K), 0.0002140 secs]
405.568: [GC (Allocation Failure) 28572K->435K(76992K), 0.0002030 secs]
405.648: [GC (Allocation Failure) 34335K->435K(75904K), 0.0002120 secs]
405.662: [GC (Allocation Failure) 33261K->435K(74816K), 0.0002250 secs]
405.680: [GC (Allocation Failure) 32089K->435K(73792K), 0.0002140 secs]
405.753: [GC (Allocation Failure) 31112K->435K(72832K), 0.0002060 secs]
405.766: [GC (Allocation Failure) 30135K->435K(71872K), 0.0002270 secs]
405.783: [GC (Allocation Failure) 29158K->435K(70976K), 0.0002000 secs]
405.799: [GC (Allocation Failure) 28279K->435K(76608K), 0.0002240 secs]
405.819: [GC (Allocation Failure) 33944K->435K(75520K), 0.0002040 secs]
405.834: [GC (Allocation Failure) 32870K->435K(82048K), 0.0002200 secs]
405.855: [GC (Allocation Failure) 39316K->435K(89856K), 0.0002140 secs]
405.931: [GC (Allocation Failure) 47130K->435K(88128K), 0.0002150 secs]
405.951: [GC (Allocation Failure) 45470K->435K(86528K), 0.0002020 secs]
405.973: [GC (Allocation Failure) 43809K->435K(84992K), 0.0002210 secs]
406.054: [GC (Allocation Failure) 42344K->435K(83520K), 0.0002240 secs]
406.075: [GC (Allocation Failure) 40879K->435K(82112K), 0.0002100 secs]
406.103: [GC (Allocation Failure) 39414K->435K(80768K), 0.0002140 secs]
406.171: [GC (Allocation Failure) 38047K->435K(79488K), 0.0002180 secs]
406.188: [GC (Allocation Failure) 36777K->435K(78272K), 0.0002100 secs]
406.218: [GC (Allocation Failure) 35605K->435K(77120K), 0.0002430 secs]
406.234: [GC (Allocation Failure) 34433K->435K(75968K), 0.0002660 secs]
406.253: [GC (Allocation Failure) 33261K->435K(74880K), 0.0002140 secs]
406.304: [GC (Allocation Failure) 32186K->435K(73856K), 0.0002070 secs]
406.322: [GC (Allocation Failure) 31210K->435K(72896K), 0.0002020 secs]
406.354: [GC (Allocation Failure) 30233K->435K(71936K), 0.0002090 secs]
406.371: [GC (Allocation Failure) 29256K->435K(71040K), 0.0002180 secs]
406.384: [GC (Allocation Failure) 28377K->435K(70208K), 0.0002180 secs]
406.396: [GC (Allocation Failure) 27498K->435K(75648K), 0.0002030 secs]
406.433: [GC (Allocation Failure) 32968K->435K(74560K), 0.0002250 secs]
406.448: [GC (Allocation Failure) 31893K->435K(80896K), 0.0002660 secs]
406.507: [GC (Allocation Failure) 38242K->435K(79616K), 0.0002200 secs]
406.523: [GC (Allocation Failure) 36972K->435K(78400K), 0.0002010 secs]
406.538: [GC (Allocation Failure) 35702K->435K(77248K), 0.0002090 secs]
406.553: [GC (Allocation Failure) 34530K->435K(84096K), 0.0002030 secs]
406.608: [GC (Allocation Failure) 41367K->435K(82624K), 0.0002090 secs]
406.626: [GC (Allocation Failure) 39902K->435K(81280K), 0.0002100 secs]
406.654: [GC (Allocation Failure) 38633K->435K(80000K), 0.0002060 secs]
406.803: [GC (Allocation Failure) 37363K->435K(78720K), 0.0002040 secs]
406.853: [GC (Allocation Failure) 35996K->435K(77504K), 0.0002180 secs]
406.902: [GC (Allocation Failure) 34823K->435K(76352K), 0.0002150 secs]
406.952: [GC (Allocation Failure) 33651K->435K(75264K), 0.0002030 secs]
406.981: [GC (Allocation Failure) 32577K->435K(74240K), 0.0002210 secs]
406.999: [GC (Allocation Failure) 31600K->435K(73216K), 0.0002230 secs]
407.028: [GC (Allocation Failure) 30526K->435K(72256K), 0.0002200 secs]
407.045: [GC (Allocation Failure) 29549K->435K(71360K), 0.0002110 secs]
407.100: [GC (Allocation Failure) 28670K->435K(70464K), 0.0002750 secs]
407.128: [GC (Allocation Failure) 27791K->435K(69632K), 0.0002820 secs]
407.144: [GC (Allocation Failure) 26912K->435K(68864K), 0.0002300 secs]
407.162: [GC (Allocation Failure) 26131K->435K(68096K), 0.0002040 secs]
407.199: [GC (Allocation Failure) 25447K->435K(67392K), 0.0002150 secs]
407.248: [GC (Allocation Failure) 24662K->435K(66688K), 0.0002130 secs]
407.263: [GC (Allocation Failure) 23978K->435K(66048K), 0.0002230 secs]
407.372: [GC (Allocation Failure) 23392K->435K(65408K), 0.0002650 secs]
407.397: [GC (Allocation Failure) 22708K->435K(64768K), 0.0002140 secs]
407.407: [GC (Allocation Failure) 22122K->435K(64192K), 0.0002020 secs]
407.420: [GC (Allocation Failure) 21536K->435K(68416K), 0.0002210 secs]
407.453: [GC (Allocation Failure) 25740K->435K(67648K), 0.0002180 secs]
407.468: [GC (Allocation Failure) 24955K->435K(72576K), 0.0002360 secs]
407.505: [GC (Allocation Failure) 29842K->435K(71680K), 0.0002150 secs]
407.518: [GC (Allocation Failure) 28963K->435K(77440K), 0.0002270 secs]
407.533: [GC (Allocation Failure) 34726K->435K(84352K), 0.0002030 secs]
407.556: [GC (Allocation Failure) 41660K->435K(92608K), 0.0002120 secs]
407.578: [GC (Allocation Failure) 49967K->435K(90752K), 0.0002030 secs]
407.602: [GC (Allocation Failure) 48107K->435K(89024K), 0.0002330 secs]
407.623: [GC (Allocation Failure) 46349K->435K(87360K), 0.0002100 secs]
407.642: [GC (Allocation Failure) 44688K->435K(85760K), 0.0002020 secs]
407.707: [GC (Allocation Failure) 43028K->435K(84224K), 0.0002140 secs]
407.725: [GC (Allocation Failure) 41563K->435K(82752K), 0.0002000 secs]
407.746: [GC (Allocation Failure) 40098K->435K(81344K), 0.0002140 secs]
407.779: [GC (Allocation Failure) 38633K->435K(80000K), 0.0002150 secs]
407.795: [GC (Allocation Failure) 37363K->435K(78720K), 0.0002020 secs]
407.814: [GC (Allocation Failure) 35996K->435K(85888K), 0.0003130 secs]
407.845: [GC (Allocation Failure) 43223K->435K(84352K), 0.0002040 secs]
407.864: [GC (Allocation Failure) 41660K->435K(92608K), 0.0003260 secs]
407.961: [GC (Allocation Failure) 49967K->435K(90752K), 0.0002180 secs]
408.013: [GC (Allocation Failure) 48107K->435K(89024K), 0.0002130 secs]
408.033: [GC (Allocation Failure) 46349K->435K(87360K), 0.0002740 secs]
408.058: [GC (Allocation Failure) 44688K->435K(85760K), 0.0002730 secs]
408.111: [GC (Allocation Failure) 43028K->435K(84224K), 0.0002130 secs]
408.133: [GC (Allocation Failure) 41563K->435K(82752K), 0.0002030 secs]
408.151: [GC (Allocation Failure) 40098K->435K(81344K), 0.0002040 secs]
408.167: [GC (Allocation Failure) 38633K->435K(80000K), 0.0002120 secs]
408.187: [GC (Allocation Failure) 37363K->435K(78720K), 0.0002100 secs]
408.205: [GC (Allocation Failure) 35996K->435K(77504K), 0.0002240 secs]
408.224: [GC (Allocation Failure) 34823K->435K(76352K), 0.0002040 secs]
408.239: [GC (Allocation Failure) 33651K->435K(75264K), 0.0002030 secs]
408.253: [GC (Allocation Failure) 32577K->435K(81728K), 0.0002040 secs]
408.306: [GC (Allocation Failure) 39023K->435K(80384K), 0.0002140 secs]
408.331: [GC (Allocation Failure) 37656K->435K(79104K), 0.0002120 secs]
408.357: [GC (Allocation Failure) 36386K->435K(77888K), 0.0002410 secs]
408.373: [GC (Allocation Failure) 35214K->435K(76736K), 0.0002170 secs]
408.408: [GC (Allocation Failure) 34042K->435K(75648K), 0.0002440 secs]
408.427: [GC (Allocation Failure) 32968K->435K(74560K), 0.0002290 secs]
408.442: [GC (Allocation Failure) 31893K->435K(80896K), 0.0002690 secs]
408.459: [GC (Allocation Failure) 38242K->435K(88512K), 0.0002020 secs]
408.479: [GC (Allocation Failure) 45860K->435K(86848K), 0.0002000 secs]
408.502: [GC (Allocation Failure) 44200K->435K(85312K), 0.0002090 secs]
408.520: [GC (Allocation Failure) 42637K->435K(83840K), 0.0002030 secs]
408.607: [GC (Allocation Failure) 41172K->435K(82432K), 0.0002140 secs]
408.628: [GC (Allocation Failure) 39707K->435K(81088K), 0.0002040 secs]
408.656: [GC (Allocation Failure) 38437K->435K(79808K), 0.0002240 secs]
408.676: [GC (Allocation Failure) 37168K->435K(78592K), 0.0002110 secs]
408.696: [GC (Allocation Failure) 35898K->435K(77376K), 0.0002010 secs]
408.715: [GC (Allocation Failure) 34726K->435K(76224K), 0.0002080 secs]
408.733: [GC (Allocation Failure) 33554K->435K(75136K), 0.0002280 secs]
408.748: [GC (Allocation Failure) 32479K->435K(74112K), 0.0002020 secs]
408.828: [GC (Allocation Failure) 31405K->435K(73152K), 0.0002260 secs]
408.845: [GC (Allocation Failure) 30428K->435K(72192K), 0.0002110 secs]
408.858: [GC (Allocation Failure) 29549K->435K(71296K), 0.0002150 secs]
408.875: [GC (Allocation Failure) 28572K->435K(76992K), 0.0002110 secs]
408.894: [GC (Allocation Failure) 34335K->435K(83776K), 0.0002200 secs]
408.962: [GC (Allocation Failure) 41074K->435K(82368K), 0.0002130 secs]
408.979: [GC (Allocation Failure) 39707K->435K(81024K), 0.0002130 secs]
408.999: [GC (Allocation Failure) 38340K->435K(79744K), 0.0002200 secs]
409.035: [GC (Allocation Failure) 37070K->435K(78528K), 0.0003230 secs]
409.051: [GC (Allocation Failure) 35800K->435K(77312K), 0.0002190 secs]
409.105: [GC (Allocation Failure) 34628K->435K(76160K), 0.0002150 secs]
409.158: [GC (Allocation Failure) 33456K->435K(75072K), 0.0002180 secs]
409.177: [GC (Allocation Failure) 32382K->435K(74048K), 0.0002100 secs]
409.208: [GC (Allocation Failure) 31405K->435K(73088K), 0.0002060 secs]
409.225: [GC (Allocation Failure) 30428K->435K(72128K), 0.0002090 secs]
409.241: [GC (Allocation Failure) 29451K->435K(71232K), 0.0002110 secs]
409.353: [GC (Allocation Failure) 28572K->435K(70400K), 0.0002680 secs]
409.406: [GC (Allocation Failure) 27693K->435K(69568K), 0.0002230 secs]
409.422: [GC (Allocation Failure) 26912K->435K(68800K), 0.0002030 secs]
409.438: [GC (Allocation Failure) 26131K->435K(68032K), 0.0002380 secs]
409.502: [GC (Allocation Failure) 25349K->435K(67328K), 0.0002160 secs]
409.516: [GC (Allocation Failure) 24662K->435K(66624K), 0.0002110 secs]
409.551: [GC (Allocation Failure) 23978K->435K(65984K), 0.0002060 secs]
409.664: [GC (Allocation Failure) 23294K->435K(65344K), 0.0002780 secs]
409.679: [GC (Allocation Failure) 22610K->435K(64704K), 0.0002160 secs]
409.691: [GC (Allocation Failure) 22024K->435K(69056K), 0.0002750 secs]
409.707: [GC (Allocation Failure) 26326K->435K(74304K), 0.0002110 secs]
409.724: [GC (Allocation Failure) 31600K->435K(80576K), 0.0002160 secs]
409.746: [GC (Allocation Failure) 37851K->435K(88128K), 0.0002110 secs]
409.770: [GC (Allocation Failure) 45470K->435K(86528K), 0.0002300 secs]
409.790: [GC (Allocation Failure) 43809K->435K(84992K), 0.0002160 secs]
409.863: [GC (Allocation Failure) 42344K->435K(83520K), 0.0002120 secs]
409.881: [GC (Allocation Failure) 40879K->435K(82112K), 0.0002160 secs]
410.012: [GC (Allocation Failure) 39414K->435K(80768K), 0.0002390 secs]
410.034: [GC (Allocation Failure) 38047K->435K(79488K), 0.0002290 secs]
410.050: [GC (Allocation Failure) 36777K->435K(78272K), 0.0002750 secs]
410.111: [GC (Allocation Failure) 35605K->435K(77120K), 0.0002230 secs]
410.125: [GC (Allocation Failure) 34433K->435K(75968K), 0.0002000 secs]
410.142: [GC (Allocation Failure) 33261K->435K(74880K), 0.0002100 secs]
410.234: [GC (Allocation Failure) 32186K->435K(73856K), 0.0002420 secs]
410.252: [GC (Allocation Failure) 31210K->435K(72896K), 0.0002690 secs]
410.270: [GC (Allocation Failure) 30233K->435K(78912K), 0.0002830 secs]
410.285: [GC (Allocation Failure) 36191K->435K(86080K), 0.0002140 secs]
410.308: [GC (Allocation Failure) 43419K->435K(84544K), 0.0002100 secs]
410.355: [GC (Allocation Failure) 41856K->435K(83072K), 0.0002110 secs]
410.380: [GC (Allocation Failure) 40391K->435K(81664K), 0.0002130 secs]
410.401: [GC (Allocation Failure) 39023K->435K(80320K), 0.0002120 secs]
410.419: [GC (Allocation Failure) 37656K->435K(79040K), 0.0002010 secs]
410.434: [GC (Allocation Failure) 36386K->435K(77824K), 0.0001990 secs]
410.449: [GC (Allocation Failure) 35116K->435K(76672K), 0.0002030 secs]
410.464: [GC (Allocation Failure) 33944K->435K(83392K), 0.0002030 secs]
410.485: [GC (Allocation Failure) 40684K->435K(81984K), 0.0002010 secs]
410.502: [GC (Allocation Failure) 39316K->435K(89792K), 0.0002140 secs]
410.567: [GC (Allocation Failure) 47130K->435K(88064K), 0.0002220 secs]
410.586: [GC (Allocation Failure) 45372K->435K(86464K), 0.0002110 secs]
410.641: [GC (Allocation Failure) 43809K->435K(84928K), 0.0002160 secs]
410.659: [GC (Allocation Failure) 42247K->435K(83456K), 0.0002160 secs]
410.710: [GC (Allocation Failure) 40781K->435K(82048K), 0.0002760 secs]
410.776: [GC (Allocation Failure) 39316K->435K(80704K), 0.0002180 secs]
410.859: [GC (Allocation Failure) 38047K->435K(79424K), 0.0002130 secs]
410.879: [GC (Allocation Failure) 36777K->435K(78208K), 0.0002020 secs]
410.898: [GC (Allocation Failure) 35507K->435K(77056K), 0.0002220 secs]
410.917: [GC (Allocation Failure) 34335K->435K(75904K), 0.0002810 secs]
410.932: [GC (Allocation Failure) 33261K->435K(74816K), 0.0002060 secs]
410.961: [GC (Allocation Failure) 32089K->435K(73792K), 0.0002140 secs]
410.975: [GC (Allocation Failure) 31112K->435K(72832K), 0.0002110 secs]
410.991: [GC (Allocation Failure) 30135K->435K(71872K), 0.0002020 secs]
411.004: [GC (Allocation Failure) 29158K->435K(77632K), 0.0002190 secs]
411.158: [GC (Allocation Failure) 34921K->435K(76480K), 0.0002530 secs]
411.173: [GC (Allocation Failure) 33749K->435K(75392K), 0.0002010 secs]
411.191: [GC (Allocation Failure) 32675K->435K(74368K), 0.0002110 secs]
411.207: [GC (Allocation Failure) 31698K->435K(80640K), 0.0002120 secs]
411.227: [GC (Allocation Failure) 37949K->435K(79360K), 0.0002030 secs]
411.247: [GC (Allocation Failure) 36679K->435K(78144K), 0.0002000 secs]
411.262: [GC (Allocation Failure) 35409K->435K(76992K), 0.0002160 secs]
411.277: [GC (Allocation Failure) 34335K->435K(83776K), 0.0002020 secs]
411.299: [GC (Allocation Failure) 41074K->435K(82368K), 0.0002120 secs]
411.380: [GC (Allocation Failure) 39707K->435K(81024K), 0.0002140 secs]
411.397: [GC (Allocation Failure) 38340K->435K(79744K), 0.0002260 secs]
411.414: [GC (Allocation Failure) 37070K->435K(78528K), 0.0002040 secs]
411.434: [GC (Allocation Failure) 35800K->435K(77312K), 0.0002210 secs]
411.453: [GC (Allocation Failure) 34628K->435K(84160K), 0.0002730 secs]
411.471: [GC (Allocation Failure) 41465K->435K(92416K), 0.0002150 secs]
411.493: [GC (Allocation Failure) 49767K->435K(90560K), 0.0002030 secs]
411.564: [GC (Allocation Failure) 47911K->435K(88832K), 0.0002250 secs]
411.588: [GC (Allocation Failure) 46153K->435K(87168K), 0.0002730 secs]
411.611: [GC (Allocation Failure) 44493K->435K(85568K), 0.0002140 secs]
411.633: [GC (Allocation Failure) 42930K->435K(84032K), 0.0002020 secs]
411.656: [GC (Allocation Failure) 41367K->435K(82624K), 0.0002100 secs]
411.673: [GC (Allocation Failure) 39902K->435K(81280K), 0.0002020 secs]
411.690: [GC (Allocation Failure) 38633K->435K(80000K), 0.0002020 secs]
411.760: [GC (Allocation Failure) 37363K->435K(78720K), 0.0002130 secs]
411.780: [GC (Allocation Failure) 35996K->435K(77504K), 0.0002000 secs]
411.795: [GC (Allocation Failure) 34823K->435K(76352K), 0.0002100 secs]
411.838: [GC (Allocation Failure) 33651K->435K(75264K), 0.0002220 secs]
411.856: [GC (Allocation Failure) 32577K->435K(74240K), 0.0002090 secs]
411.874: [GC (Allocation Failure) 31600K->435K(73216K), 0.0002290 secs]
411.887: [GC (Allocation Failure) 30526K->435K(79296K), 0.0002020 secs]
411.906: [GC (Allocation Failure) 36582K->435K(86592K), 0.0002710 secs]
411.930: [GC (Allocation Failure) 43907K->435K(85056K), 0.0002100 secs]
411.981: [GC (Allocation Failure) 42344K->435K(83584K), 0.0002110 secs]
411.998: [GC (Allocation Failure) 40879K->435K(82176K), 0.0002030 secs]
412.019: [GC (Allocation Failure) 39512K->435K(80832K), 0.0002130 secs]
412.036: [GC (Allocation Failure) 38144K->435K(79552K), 0.0002040 secs]
412.114: [GC (Allocation Failure) 36875K->435K(78336K), 0.0002440 secs]
412.130: [GC (Allocation Failure) 35605K->435K(77184K), 0.0002140 secs]
412.145: [GC (Allocation Failure) 34530K->435K(84032K), 0.0002730 secs]
412.316: [GC (Allocation Failure) 41367K->435K(82624K), 0.0002210 secs]
412.334: [GC (Allocation Failure) 39902K->435K(81280K), 0.0002020 secs]
412.351: [GC (Allocation Failure) 38633K->435K(80000K), 0.0002710 secs]
412.379: [GC (Allocation Failure) 37363K->435K(78720K), 0.0002160 secs]
412.394: [GC (Allocation Failure) 35996K->435K(77504K), 0.0002120 secs]
412.414: [GC (Allocation Failure) 34823K->435K(76352K), 0.0002080 secs]
412.437: [GC (Allocation Failure) 33651K->435K(75264K), 0.0002020 secs]
412.455: [GC (Allocation Failure) 32577K->435K(74240K), 0.0002010 secs]
412.473: [GC (Allocation Failure) 31600K->435K(73216K), 0.0002280 secs]
412.486: [GC (Allocation Failure) 30526K->435K(79296K), 0.0002290 secs]
412.506: [GC (Allocation Failure) 36582K->435K(86592K), 0.0002020 secs]
412.529: [GC (Allocation Failure) 43907K->435K(85056K), 0.0002110 secs]
412.552: [GC (Allocation Failure) 42344K->435K(83584K), 0.0002110 secs]
412.570: [GC (Allocation Failure) 40879K->435K(82176K), 0.0002130 secs]
412.617: [GC (Allocation Failure) 39512K->435K(80832K), 0.0002240 secs]
412.635: [GC (Allocation Failure) 38144K->435K(79552K), 0.0002060 secs]
412.715: [GC (Allocation Failure) 36875K->435K(78336K), 0.0002260 secs]
412.730: [GC (Allocation Failure) 35605K->435K(77184K), 0.0002050 secs]
412.745: [GC (Allocation Failure) 34530K->435K(76032K), 0.0002040 secs]
412.913: [GC (Allocation Failure) 33358K->435K(74944K), 0.0002140 secs]
412.927: [GC (Allocation Failure) 32284K->435K(73920K), 0.0002170 secs]
412.964: [GC (Allocation Failure) 31210K->435K(72960K), 0.0002250 secs]
412.981: [GC (Allocation Failure) 30233K->435K(72000K), 0.0002130 secs]
412.995: [GC (Allocation Failure) 29354K->435K(71104K), 0.0002260 secs]
413.011: [GC (Allocation Failure) 28377K->435K(76736K), 0.0002120 secs]
413.027: [GC (Allocation Failure) 34042K->435K(83520K), 0.0002130 secs]
413.046: [GC (Allocation Failure) 40879K->435K(91648K), 0.0002140 secs]
413.175: [GC (Allocation Failure) 48986K->435K(89856K), 0.0002180 secs]
413.196: [GC (Allocation Failure) 47130K->435K(88128K), 0.0002140 secs]
413.270: [GC (Allocation Failure) 45470K->435K(86528K), 0.0002130 secs]
413.289: [GC (Allocation Failure) 43809K->435K(84992K), 0.0002740 secs]
413.314: [GC (Allocation Failure) 42344K->435K(83520K), 0.0002130 secs]
413.336: [GC (Allocation Failure) 40879K->435K(82112K), 0.0002030 secs]
413.357: [GC (Allocation Failure) 39414K->435K(80768K), 0.0002810 secs]
413.378: [GC (Allocation Failure) 38047K->435K(79488K), 0.0002170 secs]
413.394: [GC (Allocation Failure) 36777K->435K(78272K), 0.0002030 secs]
413.462: [GC (Allocation Failure) 35605K->435K(77120K), 0.0002040 secs]
413.515: [GC (Allocation Failure) 34433K->435K(75968K), 0.0002210 secs]
413.530: [GC (Allocation Failure) 33261K->435K(74880K), 0.0002420 secs]
413.560: [GC (Allocation Failure) 32186K->435K(73856K), 0.0002120 secs]
413.614: [GC (Allocation Failure) 31210K->435K(72896K), 0.0002120 secs]
413.631: [GC (Allocation Failure) 30233K->435K(71936K), 0.0002740 secs]
413.647: [GC (Allocation Failure) 29256K->435K(71040K), 0.0002270 secs]
413.659: [GC (Allocation Failure) 28377K->435K(76672K), 0.0002020 secs]
413.674: [GC (Allocation Failure) 33944K->435K(83392K), 0.0002120 secs]
413.768: [GC (Allocation Failure) 40684K->435K(81984K), 0.0002200 secs]
413.786: [GC (Allocation Failure) 39316K->435K(80640K), 0.0002060 secs]
413.806: [GC (Allocation Failure) 37949K->435K(79360K), 0.0002010 secs]
413.826: [GC (Allocation Failure) 36679K->435K(78144K), 0.0001920 secs]
413.862: [GC (Allocation Failure) 35409K->435K(76992K), 0.0002070 secs]
413.916: [GC (Allocation Failure) 34335K->435K(75904K), 0.0002130 secs]
413.930: [GC (Allocation Failure) 33261K->435K(74816K), 0.0002760 secs]
414.064: [GC (Allocation Failure) 32089K->435K(73792K), 0.0003400 secs]
414.078: [GC (Allocation Failure) 31112K->435K(72832K), 0.0002170 secs]
414.164: [GC (Allocation Failure) 30135K->435K(71872K), 0.0002240 secs]
414.177: [GC (Allocation Failure) 29158K->435K(70976K), 0.0002200 secs]
414.214: [GC (Allocation Failure) 28279K->435K(70144K), 0.0002400 secs]
414.230: [GC (Allocation Failure) 27498K->435K(69312K), 0.0002150 secs]
414.242: [GC (Allocation Failure) 26619K->435K(74560K), 0.0002280 secs]
414.262: [GC (Allocation Failure) 31893K->435K(80896K), 0.0002760 secs]
414.279: [GC (Allocation Failure) 38242K->435K(88512K), 0.0002050 secs]
414.343: [GC (Allocation Failure) 45860K->435K(86848K), 0.0002010 secs]
414.366: [GC (Allocation Failure) 44200K->435K(85312K), 0.0002750 secs]
414.385: [GC (Allocation Failure) 42637K->435K(83840K), 0.0002060 secs]
414.422: [GC (Allocation Failure) 41172K->435K(82432K), 0.0002720 secs]
414.469: [GC (Allocation Failure) 39707K->435K(81088K), 0.0002150 secs]
414.489: [GC (Allocation Failure) 38437K->435K(79808K), 0.0002080 secs]
414.505: [GC (Allocation Failure) 37168K->435K(78592K), 0.0002120 secs]
414.521: [GC (Allocation Failure) 35898K->435K(77376K), 0.0002020 secs]
414.581: [GC (Allocation Failure) 34726K->435K(76224K), 0.0002270 secs]
414.598: [GC (Allocation Failure) 33554K->435K(75136K), 0.0002200 secs]
414.612: [GC (Allocation Failure) 32479K->435K(74112K), 0.0002090 secs]
414.626: [GC (Allocation Failure) 31405K->435K(80320K), 0.0002180 secs]
414.671: [GC (Allocation Failure) 37656K->435K(79040K), 0.0002240 secs]
414.686: [GC (Allocation Failure) 36386K->435K(77824K), 0.0002120 secs]
414.701: [GC (Allocation Failure) 35116K->435K(84800K), 0.0002040 secs]
414.719: [GC (Allocation Failure) 42149K->435K(83328K), 0.0002010 secs]
414.741: [GC (Allocation Failure) 40684K->435K(81920K), 0.0002110 secs]
414.762: [GC (Allocation Failure) 39219K->435K(80576K), 0.0002160 secs]
414.818: [GC (Allocation Failure) 37851K->435K(79296K), 0.0002180 secs]
414.834: [GC (Allocation Failure) 36582K->435K(78080K), 0.0002030 secs]
414.918: [GC (Allocation Failure) 35409K->435K(76928K), 0.0002190 secs]
414.933: [GC (Allocation Failure) 34237K->435K(75840K), 0.0002180 secs]
414.967: [GC (Allocation Failure) 33163K->435K(74752K), 0.0002240 secs]
414.982: [GC (Allocation Failure) 32089K->435K(73728K), 0.0002630 secs]
415.016: [GC (Allocation Failure) 31014K->435K(72768K), 0.0002100 secs]
415.034: [GC (Allocation Failure) 30038K->435K(71808K), 0.0002230 secs]
415.047: [GC (Allocation Failure) 29158K->435K(77568K), 0.0002150 secs]
415.062: [GC (Allocation Failure) 34921K->435K(84480K), 0.0002060 secs]
415.080: [GC (Allocation Failure) 41758K->435K(92800K), 0.0002030 secs]
415.176: [GC (Allocation Failure) 50162K->435K(90944K), 0.0002360 secs]
415.197: [GC (Allocation Failure) 48302K->435K(89216K), 0.0002030 secs]
415.273: [GC (Allocation Failure) 46544K->435K(87552K), 0.0002220 secs]
415.296: [GC (Allocation Failure) 44884K->435K(85952K), 0.0002140 secs]
415.315: [GC (Allocation Failure) 43223K->435K(84416K), 0.0002000 secs]
415.332: [GC (Allocation Failure) 41758K->435K(82944K), 0.0002010 secs]
415.354: [GC (Allocation Failure) 40293K->435K(81536K), 0.0002100 secs]
415.443: [GC (Allocation Failure) 38828K->435K(80192K), 0.0002060 secs]
415.459: [GC (Allocation Failure) 37461K->435K(78912K), 0.0002050 secs]
415.478: [GC (Allocation Failure) 36191K->435K(77696K), 0.0002140 secs]
415.493: [GC (Allocation Failure) 35019K->435K(76544K), 0.0002040 secs]
415.512: [GC (Allocation Failure) 33847K->435K(75456K), 0.0002000 secs]
415.530: [GC (Allocation Failure) 32772K->435K(74432K), 0.0001990 secs]
415.543: [GC (Allocation Failure) 31698K->435K(80704K), 0.0002160 secs]
415.560: [GC (Allocation Failure) 38047K->435K(88256K), 0.0002050 secs]
415.583: [GC (Allocation Failure) 45567K->435K(97344K), 0.0002710 secs]
415.611: [GC (Allocation Failure) 54655K->435K(95296K), 0.0002210 secs]
415.666: [GC (Allocation Failure) 52604K->435K(93312K), 0.0002260 secs]
415.825: [GC (Allocation Failure) 50650K->435K(91456K), 0.0002160 secs]
415.850: [GC (Allocation Failure) 48791K->435K(89664K), 0.0002060 secs]
415.870: [GC (Allocation Failure) 46935K->435K(87936K), 0.0002160 secs]
415.890: [GC (Allocation Failure) 45274K->435K(86336K), 0.0002030 secs]
415.923: [GC (Allocation Failure) 43614K->435K(84800K), 0.0002820 secs]
415.945: [GC (Allocation Failure) 42149K->435K(83328K), 0.0002010 secs]
415.963: [GC (Allocation Failure) 40684K->435K(81920K), 0.0002700 secs]
416.121: [GC (Allocation Failure) 39219K->435K(80576K), 0.0002140 secs]
416.141: [GC (Allocation Failure) 37851K->435K(79296K), 0.0002010 secs]
416.170: [GC (Allocation Failure) 36582K->435K(78080K), 0.0002240 secs]
416.186: [GC (Allocation Failure) 35409K->435K(76928K), 0.0002120 secs]
416.204: [GC (Allocation Failure) 34237K->435K(75840K), 0.0002090 secs]
416.223: [GC (Allocation Failure) 33163K->435K(74752K), 0.0002080 secs]
416.238: [GC (Allocation Failure) 32089K->435K(73728K), 0.0002230 secs]
416.264: [GC (Allocation Failure) 31014K->435K(72768K), 0.0002290 secs]
416.277: [GC (Allocation Failure) 30038K->435K(78720K), 0.0002040 secs]
416.296: [GC (Allocation Failure) 35996K->435K(85888K), 0.0002150 secs]
416.315: [GC (Allocation Failure) 43223K->435K(84352K), 0.0002030 secs]
416.336: [GC (Allocation Failure) 41660K->435K(82880K), 0.0001930 secs]
416.358: [GC (Allocation Failure) 40195K->435K(81472K), 0.0002190 secs]
416.380: [GC (Allocation Failure) 38828K->435K(80128K), 0.0002080 secs]
416.420: [GC (Allocation Failure) 37461K->435K(78848K), 0.0002210 secs]
416.440: [GC (Allocation Failure) 36191K->435K(77632K), 0.0002110 secs]
416.459: [GC (Allocation Failure) 34921K->435K(76480K), 0.0002220 secs]
416.515: [GC (Allocation Failure) 33749K->435K(75392K), 0.0002120 secs]
416.533: [GC (Allocation Failure) 32675K->435K(74368K), 0.0002100 secs]
416.572: [GC (Allocation Failure) 31698K->435K(73344K), 0.0002130 secs]
416.589: [GC (Allocation Failure) 30624K->435K(72384K), 0.0002720 secs]
416.603: [GC (Allocation Failure) 29745K->435K(71488K), 0.0002030 secs]
416.640: [GC (Allocation Failure) 28768K->435K(70592K), 0.0002290 secs]
416.652: [GC (Allocation Failure) 27889K->435K(76096K), 0.0002040 secs]
416.716: [GC (Allocation Failure) 33456K->435K(75008K), 0.0002040 secs]
416.745: [GC (Allocation Failure) 32284K->435K(73984K), 0.0002140 secs]
416.759: [GC (Allocation Failure) 31307K->435K(73024K), 0.0002120 secs]
416.776: [GC (Allocation Failure) 30331K->435K(79040K), 0.0002750 secs]
416.792: [GC (Allocation Failure) 36386K->435K(86272K), 0.0002270 secs]
416.815: [GC (Allocation Failure) 43614K->435K(94912K), 0.0002120 secs]
416.838: [GC (Allocation Failure) 52213K->435K(92992K), 0.0002050 secs]
416.977: [GC (Allocation Failure) 50260K->435K(91136K), 0.0002120 secs]
416.998: [GC (Allocation Failure) 48498K->435K(89344K), 0.0002140 secs]
417.018: [GC (Allocation Failure) 46642K->435K(87680K), 0.0002020 secs]
417.121: [GC (Allocation Failure) 44981K->435K(86080K), 0.0002130 secs]
417.143: [GC (Allocation Failure) 43419K->435K(84544K), 0.0002110 secs]
417.161: [GC (Allocation Failure) 41856K->435K(83072K), 0.0002110 secs]
417.179: [GC (Allocation Failure) 40391K->435K(81664K), 0.0002000 secs]
417.195: [GC (Allocation Failure) 39023K->435K(80320K), 0.0002010 secs]
417.223: [GC (Allocation Failure) 37656K->435K(79040K), 0.0002230 secs]
417.239: [GC (Allocation Failure) 36386K->435K(77824K), 0.0002150 secs]
417.267: [GC (Allocation Failure) 35116K->435K(76672K), 0.0002110 secs]
417.282: [GC (Allocation Failure) 33944K->435K(75584K), 0.0002020 secs]
417.300: [GC (Allocation Failure) 32870K->435K(74560K), 0.0002100 secs]
417.315: [GC (Allocation Failure) 31893K->435K(80896K), 0.0002710 secs]
417.372: [GC (Allocation Failure) 38242K->435K(79616K), 0.0002140 secs]
417.388: [GC (Allocation Failure) 36972K->435K(78400K), 0.0002140 secs]
417.403: [GC (Allocation Failure) 35702K->435K(85504K), 0.0002120 secs]
417.426: [GC (Allocation Failure) 42833K->435K(83968K), 0.0002090 secs]
417.456: [GC (Allocation Failure) 41270K->435K(82560K), 0.0002100 secs]
417.474: [GC (Allocation Failure) 39902K->435K(81216K), 0.0002400 secs]
417.548: [GC (Allocation Failure) 38535K->435K(79936K), 0.0002230 secs]
417.568: [GC (Allocation Failure) 37265K->435K(78656K), 0.0002130 secs]
417.618: [GC (Allocation Failure) 35996K->435K(77440K), 0.0002220 secs]
417.633: [GC (Allocation Failure) 34726K->435K(76288K), 0.0002130 secs]
417.647: [GC (Allocation Failure) 33554K->435K(75200K), 0.0002000 secs]
417.665: [GC (Allocation Failure) 32479K->435K(81664K), 0.0002700 secs]
417.687: [GC (Allocation Failure) 39023K->435K(80320K), 0.0002210 secs]
417.775: [GC (Allocation Failure) 37656K->435K(79040K), 0.0002230 secs]
417.794: [GC (Allocation Failure) 36386K->435K(77824K), 0.0002170 secs]
417.847: [GC (Allocation Failure) 35116K->435K(76672K), 0.0002090 secs]
417.866: [GC (Allocation Failure) 33944K->435K(75584K), 0.0002140 secs]
417.880: [GC (Allocation Failure) 32870K->435K(74560K), 0.0002070 secs]
417.898: [GC (Allocation Failure) 31893K->435K(73536K), 0.0002720 secs]
417.916: [GC (Allocation Failure) 30819K->435K(72576K), 0.0002030 secs]
417.933: [GC (Allocation Failure) 29842K->435K(78528K), 0.0002230 secs]
417.949: [GC (Allocation Failure) 35800K->435K(85632K), 0.0002170 secs]
417.968: [GC (Allocation Failure) 42930K->435K(94144K), 0.0002140 secs]
418.125: [GC (Allocation Failure) 51432K->435K(92224K), 0.0002740 secs]
418.172: [GC (Allocation Failure) 49572K->435K(90432K), 0.0002140 secs]
418.196: [GC (Allocation Failure) 47716K->435K(88704K), 0.0002140 secs]
418.223: [GC (Allocation Failure) 46056K->435K(87040K), 0.0002110 secs]
418.246: [GC (Allocation Failure) 44395K->435K(85440K), 0.0002130 secs]
418.271: [GC (Allocation Failure) 42735K->435K(83968K), 0.0002020 secs]
418.355: [GC (Allocation Failure) 41270K->435K(82560K), 0.0002100 secs]
418.376: [GC (Allocation Failure) 39902K->435K(81216K), 0.0002130 secs]
418.393: [GC (Allocation Failure) 38535K->435K(79936K), 0.0002060 secs]
418.420: [GC (Allocation Failure) 37265K->435K(78656K), 0.0002100 secs]
418.469: [GC (Allocation Failure) 35996K->435K(77440K), 0.0002160 secs]
418.522: [GC (Allocation Failure) 34726K->435K(76288K), 0.0002280 secs]
418.541: [GC (Allocation Failure) 33554K->435K(75200K), 0.0002010 secs]
418.572: [GC (Allocation Failure) 32479K->435K(74176K), 0.0002750 secs]
418.585: [GC (Allocation Failure) 31503K->435K(73152K), 0.0002030 secs]
418.617: [GC (Allocation Failure) 30428K->435K(72192K), 0.0002720 secs]
418.634: [GC (Allocation Failure) 29549K->435K(71296K), 0.0002120 secs]
418.647: [GC (Allocation Failure) 28572K->435K(76992K), 0.0002140 secs]
418.662: [GC (Allocation Failure) 34335K->435K(83776K), 0.0002040 secs]
418.683: [GC (Allocation Failure) 41074K->435K(91968K), 0.0002240 secs]
418.754: [GC (Allocation Failure) 49279K->435K(90176K), 0.0002060 secs]
418.774: [GC (Allocation Failure) 47521K->435K(88448K), 0.0002140 secs]
418.798: [GC (Allocation Failure) 45763K->435K(86784K), 0.0002030 secs]
418.821: [GC (Allocation Failure) 44102K->435K(85248K), 0.0002130 secs]
418.844: [GC (Allocation Failure) 42540K->435K(83776K), 0.0002150 secs]
418.862: [GC (Allocation Failure) 41074K->435K(82368K), 0.0002140 secs]
418.883: [GC (Allocation Failure) 39707K->435K(81024K), 0.0002020 secs]
418.900: [GC (Allocation Failure) 38340K->435K(79744K), 0.0002140 secs]
418.916: [GC (Allocation Failure) 37070K->435K(78528K), 0.0002040 secs]
419.020: [GC (Allocation Failure) 35800K->435K(77312K), 0.0002020 secs]
419.054: [GC (Allocation Failure) 34628K->435K(76160K), 0.0002300 secs]
419.072: [GC (Allocation Failure) 33456K->435K(82816K), 0.0004650 secs]
419.091: [GC (Allocation Failure) 40098K->435K(90816K), 0.0002050 secs]
419.115: [GC (Allocation Failure) 48107K->435K(89088K), 0.0002030 secs]
419.140: [GC (Allocation Failure) 46446K->435K(87424K), 0.0002150 secs]
419.160: [GC (Allocation Failure) 44786K->435K(85824K), 0.0002120 secs]
419.178: [GC (Allocation Failure) 43126K->435K(84288K), 0.0002130 secs]
419.196: [GC (Allocation Failure) 41563K->435K(82816K), 0.0002020 secs]
419.217: [GC (Allocation Failure) 40098K->435K(81408K), 0.0002110 secs]
419.234: [GC (Allocation Failure) 38730K->435K(89088K), 0.0002820 secs]
419.325: [GC (Allocation Failure) 46446K->435K(87424K), 0.0002030 secs]
419.378: [GC (Allocation Failure) 44786K->435K(85824K), 0.0002150 secs]
419.400: [GC (Allocation Failure) 43126K->435K(84288K), 0.0002030 secs]
419.422: [GC (Allocation Failure) 41563K->435K(82816K), 0.0002150 secs]
419.440: [GC (Allocation Failure) 40098K->435K(81408K), 0.0002000 secs]
419.575: [GC (Allocation Failure) 38730K->435K(80064K), 0.0002130 secs]
419.592: [GC (Allocation Failure) 37363K->435K(78784K), 0.0002130 secs]
419.607: [GC (Allocation Failure) 36093K->435K(77568K), 0.0002020 secs]
419.622: [GC (Allocation Failure) 34921K->435K(76416K), 0.0002090 secs]
419.637: [GC (Allocation Failure) 33749K->435K(83136K), 0.0002130 secs]
419.655: [GC (Allocation Failure) 40488K->435K(81728K), 0.0001970 secs]
419.722: [GC (Allocation Failure) 39023K->435K(80384K), 0.0002730 secs]
419.779: [GC (Allocation Failure) 37656K->435K(79104K), 0.0002260 secs]
419.795: [GC (Allocation Failure) 36386K->435K(77888K), 0.0002270 secs]
419.815: [GC (Allocation Failure) 35214K->435K(76736K), 0.0002140 secs]
419.845: [GC (Allocation Failure) 34042K->435K(75648K), 0.0002440 secs]
419.860: [GC (Allocation Failure) 32968K->435K(74560K), 0.0002060 secs]
419.878: [GC (Allocation Failure) 31893K->435K(73536K), 0.0002100 secs]
419.919: [GC (Allocation Failure) 30819K->435K(72576K), 0.0002710 secs]
419.943: [GC (Allocation Failure) 29842K->435K(71680K), 0.0002030 secs]
419.972: [GC (Allocation Failure) 28963K->435K(70784K), 0.0002200 secs]
419.988: [GC (Allocation Failure) 28084K->435K(69952K), 0.0002690 secs]
420.004: [GC (Allocation Failure) 27303K->435K(69120K), 0.0002100 secs]
420.016: [GC (Allocation Failure) 26424K->435K(74368K), 0.0002160 secs]
420.172: [GC (Allocation Failure) 31698K->435K(73344K), 0.0002210 secs]
420.189: [GC (Allocation Failure) 30624K->435K(72384K), 0.0002130 secs]
420.219: [GC (Allocation Failure) 29745K->435K(71488K), 0.0002120 secs]
420.236: [GC (Allocation Failure) 28768K->435K(70592K), 0.0002030 secs]
420.266: [GC (Allocation Failure) 27889K->435K(69760K), 0.0002040 secs]
420.281: [GC (Allocation Failure) 27107K->435K(68992K), 0.0002010 secs]
420.317: [GC (Allocation Failure) 26326K->435K(68224K), 0.0002760 secs]
420.356: [GC (Allocation Failure) 25545K->435K(67520K), 0.0002050 secs]
420.367: [GC (Allocation Failure) 24857K->435K(66816K), 0.0002270 secs]
420.378: [GC (Allocation Failure) 24173K->435K(71616K), 0.0002040 secs]
420.401: [GC (Allocation Failure) 28963K->435K(77376K), 0.0002220 secs]
420.426: [GC (Allocation Failure) 34726K->435K(84288K), 0.0002850 secs]
420.448: [GC (Allocation Failure) 41563K->435K(82816K), 0.0002070 secs]
420.466: [GC (Allocation Failure) 40098K->435K(90816K), 0.0002170 secs]
420.501: [GC (Allocation Failure) 48107K->435K(89088K), 0.0002030 secs]
420.526: [GC (Allocation Failure) 46446K->435K(87424K), 0.0002270 secs]
420.550: [GC (Allocation Failure) 44786K->435K(85824K), 0.0002120 secs]
420.573: [GC (Allocation Failure) 43126K->435K(84288K), 0.0002020 secs]
420.595: [GC (Allocation Failure) 41563K->435K(82816K), 0.0002020 secs]
420.612: [GC (Allocation Failure) 40098K->435K(81408K), 0.0002120 secs]
420.633: [GC (Allocation Failure) 38730K->435K(80064K), 0.0002720 secs]
420.649: [GC (Allocation Failure) 37363K->435K(78784K), 0.0002110 secs]
420.670: [GC (Allocation Failure) 36093K->435K(77568K), 0.0002220 secs]
420.689: [GC (Allocation Failure) 34921K->435K(76416K), 0.0002120 secs]
420.707: [GC (Allocation Failure) 33749K->435K(83136K), 0.0002720 secs]
420.725: [GC (Allocation Failure) 40488K->435K(91200K), 0.0002150 secs]
420.749: [GC (Allocation Failure) 48498K->435K(89408K), 0.0002120 secs]
420.770: [GC (Allocation Failure) 46739K->435K(87744K), 0.0002040 secs]
420.826: [GC (Allocation Failure) 45079K->435K(86144K), 0.0002350 secs]
420.876: [GC (Allocation Failure) 43419K->435K(84608K), 0.0002010 secs]
421.025: [GC (Allocation Failure) 41953K->435K(83136K), 0.0002060 secs]
421.053: [GC (Allocation Failure) 40488K->435K(81728K), 0.0002160 secs]
421.074: [GC (Allocation Failure) 39023K->435K(80384K), 0.0002130 secs]
421.127: [GC (Allocation Failure) 37656K->435K(79104K), 0.0002010 secs]
421.143: [GC (Allocation Failure) 36386K->435K(77888K), 0.0002040 secs]
421.177: [GC (Allocation Failure) 35214K->435K(76736K), 0.0002190 secs]
421.191: [GC (Allocation Failure) 34042K->435K(75648K), 0.0002170 secs]
421.322: [GC (Allocation Failure) 32968K->435K(74560K), 0.0002130 secs]
421.339: [GC (Allocation Failure) 31893K->435K(73536K), 0.0002720 secs]
421.357: [GC (Allocation Failure) 30819K->435K(72576K), 0.0002130 secs]
421.374: [GC (Allocation Failure) 29842K->435K(71680K), 0.0002010 secs]
421.387: [GC (Allocation Failure) 28963K->435K(77440K), 0.0002260 secs]
421.402: [GC (Allocation Failure) 34726K->435K(84352K), 0.0002740 secs]
421.429: [GC (Allocation Failure) 41660K->435K(92608K), 0.0002120 secs]
421.456: [GC (Allocation Failure) 49967K->435K(90752K), 0.0002170 secs]
421.477: [GC (Allocation Failure) 48107K->435K(89024K), 0.0002030 secs]
421.501: [GC (Allocation Failure) 46349K->435K(87360K), 0.0002170 secs]
421.528: [GC (Allocation Failure) 44688K->435K(85760K), 0.0002170 secs]
421.552: [GC (Allocation Failure) 43028K->435K(84224K), 0.0002040 secs]
421.580: [GC (Allocation Failure) 41563K->435K(82752K), 0.0002110 secs]
421.597: [GC (Allocation Failure) 40098K->435K(81344K), 0.0002040 secs]
421.614: [GC (Allocation Failure) 38633K->435K(80000K), 0.0002020 secs]
421.678: [GC (Allocation Failure) 37363K->435K(78720K), 0.0002210 secs]
421.694: [GC (Allocation Failure) 35996K->435K(77504K), 0.0002800 secs]
421.727: [GC (Allocation Failure) 34823K->435K(76352K), 0.0002230 secs]
421.741: [GC (Allocation Failure) 33651K->435K(75264K), 0.0002160 secs]
421.772: [GC (Allocation Failure) 32577K->435K(74240K), 0.0002050 secs]
421.876: [GC (Allocation Failure) 31600K->435K(73216K), 0.0002300 secs]
421.890: [GC (Allocation Failure) 30526K->435K(72256K), 0.0002720 secs]
421.907: [GC (Allocation Failure) 29549K->435K(71360K), 0.0002220 secs]
421.951: [GC (Allocation Failure) 28670K->435K(70464K), 0.0002050 secs]
421.963: [GC (Allocation Failure) 27791K->435K(69632K), 0.0002170 secs]
422.024: [GC (Allocation Failure) 26912K->435K(68864K), 0.0002250 secs]
422.040: [GC (Allocation Failure) 26131K->435K(68096K), 0.0002030 secs]
422.052: [GC (Allocation Failure) 25447K->435K(73152K), 0.0002020 secs]
422.065: [GC (Allocation Failure) 30428K->435K(79168K), 0.0002030 secs]
422.080: [GC (Allocation Failure) 36484K->435K(86400K), 0.0002020 secs]
422.099: [GC (Allocation Failure) 43712K->435K(95104K), 0.0002030 secs]
422.125: [GC (Allocation Failure) 52408K->435K(93120K), 0.0002140 secs]
422.147: [GC (Allocation Failure) 50455K->435K(91264K), 0.0001990 secs]
422.168: [GC (Allocation Failure) 48595K->435K(89472K), 0.0002010 secs]
422.192: [GC (Allocation Failure) 46739K->435K(87808K), 0.0002220 secs]
422.232: [GC (Allocation Failure) 45079K->435K(86208K), 0.0002340 secs]
422.256: [GC (Allocation Failure) 43516K->435K(84672K), 0.0002040 secs]
422.278: [GC (Allocation Failure) 41953K->435K(83200K), 0.0002720 secs]
422.295: [GC (Allocation Failure) 40488K->435K(81792K), 0.0002730 secs]
422.330: [GC (Allocation Failure) 39121K->435K(80448K), 0.0002230 secs]
422.346: [GC (Allocation Failure) 37754K->435K(79168K), 0.0002120 secs]
422.389: [GC (Allocation Failure) 36484K->435K(77952K), 0.0002140 secs]
422.404: [GC (Allocation Failure) 35312K->435K(76800K), 0.0002410 secs]
422.477: [GC (Allocation Failure) 34140K->435K(75712K), 0.0002110 secs]
422.524: [GC (Allocation Failure) 33065K->435K(74624K), 0.0002120 secs]
422.541: [GC (Allocation Failure) 31893K->435K(73600K), 0.0002040 secs]
422.622: [GC (Allocation Failure) 30917K->435K(72640K), 0.0002130 secs]
422.640: [GC (Allocation Failure) 29940K->435K(71744K), 0.0001980 secs]
422.774: [GC (Allocation Failure) 29061K->435K(70848K), 0.0002190 secs]
422.786: [GC (Allocation Failure) 28182K->435K(70016K), 0.0002140 secs]
422.871: [GC (Allocation Failure) 27303K->435K(69184K), 0.0002040 secs]
422.925: [GC (Allocation Failure) 26521K->435K(68416K), 0.0002220 secs]
422.940: [GC (Allocation Failure) 25740K->435K(67648K), 0.0002110 secs]
422.973: [GC (Allocation Failure) 24955K->435K(66944K), 0.0002720 secs]
422.988: [GC (Allocation Failure) 24271K->435K(66240K), 0.0002020 secs]
423.002: [GC (Allocation Failure) 23587K->435K(65600K), 0.0002180 secs]
423.012: [GC (Allocation Failure) 22903K->435K(70144K), 0.0002140 secs]
423.024: [GC (Allocation Failure) 27498K->435K(75584K), 0.0002120 secs]
423.042: [GC (Allocation Failure) 32870K->435K(82112K), 0.0002110 secs]
423.127: [GC (Allocation Failure) 39414K->435K(80768K), 0.0002120 secs]
423.143: [GC (Allocation Failure) 38047K->435K(88320K), 0.0002130 secs]
423.178: [GC (Allocation Failure) 45665K->435K(86656K), 0.0002450 secs]
423.201: [GC (Allocation Failure) 44005K->435K(85120K), 0.0002100 secs]
423.232: [GC (Allocation Failure) 42442K->435K(83648K), 0.0002010 secs]
423.254: [GC (Allocation Failure) 40977K->435K(82240K), 0.0002170 secs]
423.347: [GC (Allocation Failure) 39512K->435K(80896K), 0.0002050 secs]
423.368: [GC (Allocation Failure) 38242K->435K(79616K), 0.0002000 secs]
423.426: [GC (Allocation Failure) 36972K->435K(78400K), 0.0002330 secs]
423.443: [GC (Allocation Failure) 35702K->435K(77248K), 0.0002040 secs]
423.475: [GC (Allocation Failure) 34530K->435K(76096K), 0.0002050 secs]
423.625: [GC (Allocation Failure) 33456K->435K(75008K), 0.0002140 secs]
423.643: [GC (Allocation Failure) 32284K->435K(73984K), 0.0002120 secs]
423.674: [GC (Allocation Failure) 31307K->435K(73024K), 0.0002720 secs]
423.724: [GC (Allocation Failure) 30331K->435K(72064K), 0.0002250 secs]
423.736: [GC (Allocation Failure) 29354K->435K(71168K), 0.0002140 secs]
423.771: [GC (Allocation Failure) 28475K->435K(70336K), 0.0002130 secs]
423.783: [GC (Allocation Failure) 27693K->435K(69504K), 0.0002140 secs]
423.798: [GC (Allocation Failure) 26814K->435K(74816K), 0.0002220 secs]
423.852: [GC (Allocation Failure) 32089K->435K(73792K), 0.0002170 secs]
423.866: [GC (Allocation Failure) 31112K->435K(72832K), 0.0002170 secs]
423.924: [GC (Allocation Failure) 30135K->435K(71872K), 0.0002140 secs]
423.941: [GC (Allocation Failure) 29158K->435K(70976K), 0.0002130 secs]
423.957: [GC (Allocation Failure) 28279K->435K(70144K), 0.0002240 secs]
423.973: [GC (Allocation Failure) 27498K->435K(69312K), 0.0002110 secs]
424.027: [GC (Allocation Failure) 26619K->435K(68544K), 0.0002010 secs]
424.038: [GC (Allocation Failure) 25838K->435K(73664K), 0.0002170 secs]
424.075: [GC (Allocation Failure) 31014K->435K(72704K), 0.0002820 secs]
424.092: [GC (Allocation Failure) 30038K->435K(71808K), 0.0002140 secs]
424.104: [GC (Allocation Failure) 29158K->435K(77568K), 0.0002120 secs]
424.131: [GC (Allocation Failure) 34921K->435K(76416K), 0.0002380 secs]
424.150: [GC (Allocation Failure) 33749K->435K(83136K), 0.0002970 secs]
424.233: [GC (Allocation Failure) 40488K->435K(81728K), 0.0002060 secs]
424.254: [GC (Allocation Failure) 39023K->435K(80384K), 0.0002010 secs]
424.275: [GC (Allocation Failure) 37656K->435K(79104K), 0.0002190 secs]
424.327: [GC (Allocation Failure) 36386K->435K(77888K), 0.0002130 secs]
424.347: [GC (Allocation Failure) 35214K->435K(76736K), 0.0001990 secs]
424.362: [GC (Allocation Failure) 34042K->435K(75648K), 0.0002110 secs]
424.377: [GC (Allocation Failure) 32968K->435K(74560K), 0.0002040 secs]
424.394: [GC (Allocation Failure) 31893K->435K(73536K), 0.0002140 secs]
424.444: [GC (Allocation Failure) 30819K->435K(72576K), 0.0002060 secs]
424.461: [GC (Allocation Failure) 29842K->435K(71680K), 0.0002370 secs]
424.475: [GC (Allocation Failure) 28963K->435K(70784K), 0.0002020 secs]
424.524: [GC (Allocation Failure) 28084K->435K(69952K), 0.0002120 secs]
424.540: [GC (Allocation Failure) 27303K->435K(69120K), 0.0002220 secs]
424.627: [GC (Allocation Failure) 26424K->435K(68352K), 0.0002120 secs]
424.640: [GC (Allocation Failure) 25642K->435K(67584K), 0.0002200 secs]
424.673: [GC (Allocation Failure) 24857K->435K(66880K), 0.0002180 secs]
424.823: [GC (Allocation Failure) 24173K->435K(66176K), 0.0002260 secs]
424.837: [GC (Allocation Failure) 23490K->435K(65536K), 0.0002020 secs]
424.851: [GC (Allocation Failure) 22806K->435K(64896K), 0.0002130 secs]
424.862: [GC (Allocation Failure) 22220K->435K(69312K), 0.0002140 secs]
424.874: [GC (Allocation Failure) 26619K->435K(74560K), 0.0002250 secs]
424.892: [GC (Allocation Failure) 31893K->435K(80896K), 0.0002030 secs]
424.913: [GC (Allocation Failure) 38242K->435K(88512K), 0.0002000 secs]
424.986: [GC (Allocation Failure) 45860K->435K(86848K), 0.0002080 secs]
425.006: [GC (Allocation Failure) 44200K->435K(85312K), 0.0002160 secs]
425.028: [GC (Allocation Failure) 42637K->435K(83840K), 0.0002140 secs]
425.050: [GC (Allocation Failure) 41172K->435K(82432K), 0.0002180 secs]
425.068: [GC (Allocation Failure) 39707K->435K(81088K), 0.0002040 secs]
425.084: [GC (Allocation Failure) 38437K->435K(79808K), 0.0002040 secs]
425.104: [GC (Allocation Failure) 37168K->435K(78592K), 0.0002120 secs]
425.124: [GC (Allocation Failure) 35898K->435K(77376K), 0.0002130 secs]
425.143: [GC (Allocation Failure) 34726K->435K(76224K), 0.0002110 secs]
425.162: [GC (Allocation Failure) 33554K->435K(75136K), 0.0002010 secs]
425.176: [GC (Allocation Failure) 32479K->435K(81600K), 0.0002150 secs]
425.197: [GC (Allocation Failure) 38926K->435K(80256K), 0.0002140 secs]
425.213: [GC (Allocation Failure) 37558K->435K(87744K), 0.0002030 secs]
425.233: [GC (Allocation Failure) 45079K->435K(86144K), 0.0002020 secs]
425.385: [GC (Allocation Failure) 43419K->435K(84608K), 0.0002260 secs]
425.408: [GC (Allocation Failure) 41953K->435K(83136K), 0.0002160 secs]
425.427: [GC (Allocation Failure) 40488K->435K(81728K), 0.0002160 secs]
425.484: [GC (Allocation Failure) 39023K->435K(80384K), 0.0002180 secs]
425.504: [GC (Allocation Failure) 37656K->435K(79104K), 0.0002110 secs]
425.520: [GC (Allocation Failure) 36386K->435K(77888K), 0.0002040 secs]
425.540: [GC (Allocation Failure) 35214K->435K(76736K), 0.0002210 secs]
425.582: [GC (Allocation Failure) 34042K->435K(75648K), 0.0002890 secs]
425.601: [GC (Allocation Failure) 32968K->435K(74560K), 0.0002140 secs]
425.615: [GC (Allocation Failure) 31893K->435K(73536K), 0.0002110 secs]
425.628: [GC (Allocation Failure) 30819K->435K(79680K), 0.0002030 secs]
425.671: [GC (Allocation Failure) 36972K->435K(78464K), 0.0002260 secs]
425.690: [GC (Allocation Failure) 35800K->435K(77312K), 0.0002240 secs]
425.705: [GC (Allocation Failure) 34628K->435K(76160K), 0.0002140 secs]
425.724: [GC (Allocation Failure) 33456K->435K(75072K), 0.0002130 secs]
425.773: [GC (Allocation Failure) 32382K->435K(74048K), 0.0002270 secs]
425.787: [GC (Allocation Failure) 31405K->435K(73088K), 0.0002030 secs]
425.827: [GC (Allocation Failure) 30428K->435K(72128K), 0.0002130 secs]
425.843: [GC (Allocation Failure) 29451K->435K(71232K), 0.0002080 secs]
425.976: [GC (Allocation Failure) 28572K->435K(70400K), 0.0002150 secs]
425.988: [GC (Allocation Failure) 27693K->435K(69568K), 0.0002050 secs]
426.080: [GC (Allocation Failure) 26912K->435K(68800K), 0.0002730 secs]
426.095: [GC (Allocation Failure) 26131K->435K(68032K), 0.0002080 secs]
426.110: [GC (Allocation Failure) 25349K->435K(67328K), 0.0002390 secs]
426.121: [GC (Allocation Failure) 24662K->435K(72192K), 0.0002030 secs]
426.177: [GC (Allocation Failure) 29549K->435K(71296K), 0.0002720 secs]
426.194: [GC (Allocation Failure) 28572K->435K(70400K), 0.0002170 secs]
426.227: [GC (Allocation Failure) 27693K->435K(69568K), 0.0002130 secs]
426.254: [GC (Allocation Failure) 26912K->435K(68800K), 0.0002430 secs]
426.266: [GC (Allocation Failure) 26131K->435K(73984K), 0.0002050 secs]
426.328: [GC (Allocation Failure) 31307K->435K(73024K), 0.0002030 secs]
426.355: [GC (Allocation Failure) 30331K->435K(72064K), 0.0002360 secs]
426.368: [GC (Allocation Failure) 29354K->435K(77888K), 0.0002690 secs]
426.422: [GC (Allocation Failure) 35214K->435K(76736K), 0.0002110 secs]
426.457: [GC (Allocation Failure) 34042K->435K(75648K), 0.0002160 secs]
426.484: [GC (Allocation Failure) 32968K->435K(74560K), 0.0002240 secs]
426.498: [GC (Allocation Failure) 31893K->435K(73536K), 0.0002630 secs]
426.512: [GC (Allocation Failure) 30819K->435K(79680K), 0.0002160 secs]
426.532: [GC (Allocation Failure) 36972K->435K(87040K), 0.0002150 secs]
426.551: [GC (Allocation Failure) 44395K->435K(85440K), 0.0002120 secs]
426.570: [GC (Allocation Failure) 42735K->435K(83968K), 0.0002020 secs]
426.637: [GC (Allocation Failure) 41270K->435K(82560K), 0.0002120 secs]
426.654: [GC (Allocation Failure) 39902K->435K(81216K), 0.0002050 secs]
426.685: [GC (Allocation Failure) 38535K->435K(79936K), 0.0002100 secs]
426.705: [GC (Allocation Failure) 37265K->435K(78656K), 0.0002020 secs]
426.781: [GC (Allocation Failure) 35996K->435K(77440K), 0.0002150 secs]
426.796: [GC (Allocation Failure) 34726K->435K(76288K), 0.0002120 secs]
426.810: [GC (Allocation Failure) 33554K->435K(75200K), 0.0002120 secs]
426.828: [GC (Allocation Failure) 32479K->435K(74176K), 0.0002230 secs]
426.883: [GC (Allocation Failure) 31503K->435K(73152K), 0.0002230 secs]
426.900: [GC (Allocation Failure) 30428K->435K(72192K), 0.0002130 secs]
426.913: [GC (Allocation Failure) 29549K->435K(71296K), 0.0002030 secs]
426.927: [GC (Allocation Failure) 28572K->435K(76992K), 0.0002250 secs]
426.942: [GC (Allocation Failure) 34335K->435K(83776K), 0.0002240 secs]
426.964: [GC (Allocation Failure) 41074K->435K(91968K), 0.0002130 secs]
426.987: [GC (Allocation Failure) 49279K->435K(90176K), 0.0002020 secs]
427.063: [GC (Allocation Failure) 47521K->435K(88448K), 0.0002080 secs]
427.139: [GC (Allocation Failure) 45763K->435K(86784K), 0.0002170 secs]
427.162: [GC (Allocation Failure) 44102K->435K(85248K), 0.0002130 secs]
427.184: [GC (Allocation Failure) 42540K->435K(83776K), 0.0002000 secs]
427.202: [GC (Allocation Failure) 41074K->435K(82368K), 0.0002020 secs]
427.237: [GC (Allocation Failure) 39707K->435K(81024K), 0.0002110 secs]
427.253: [GC (Allocation Failure) 38340K->435K(79744K), 0.0002150 secs]
427.275: [GC (Allocation Failure) 37070K->435K(78528K), 0.0002120 secs]
427.291: [GC (Allocation Failure) 35800K->435K(77312K), 0.0002260 secs]
427.310: [GC (Allocation Failure) 34628K->435K(76160K), 0.0002110 secs]
427.324: [GC (Allocation Failure) 33456K->435K(82816K), 0.0002710 secs]
427.375: [GC (Allocation Failure) 40098K->435K(81408K), 0.0002120 secs]
427.396: [GC (Allocation Failure) 38730K->435K(80064K), 0.0002110 secs]
427.460: [GC (Allocation Failure) 37363K->435K(78784K), 0.0002190 secs]
427.480: [GC (Allocation Failure) 36093K->435K(77568K), 0.0002120 secs]
427.499: [GC (Allocation Failure) 34921K->435K(76416K), 0.0002030 secs]
427.516: [GC (Allocation Failure) 33749K->435K(75328K), 0.0002010 secs]
427.531: [GC (Allocation Failure) 32675K->435K(74304K), 0.0002030 secs]
427.544: [GC (Allocation Failure) 31600K->435K(80576K), 0.0002040 secs]
427.560: [GC (Allocation Failure) 37851K->435K(88128K), 0.0002040 secs]
427.590: [GC (Allocation Failure) 45470K->435K(86528K), 0.0002260 secs]
427.610: [GC (Allocation Failure) 43809K->435K(84992K), 0.0002330 secs]
427.629: [GC (Allocation Failure) 42344K->435K(83520K), 0.0002140 secs]
427.684: [GC (Allocation Failure) 40879K->435K(82112K), 0.0002130 secs]
427.738: [GC (Allocation Failure) 39414K->435K(80768K), 0.0002120 secs]
427.758: [GC (Allocation Failure) 38047K->435K(79488K), 0.0002010 secs]
427.774: [GC (Allocation Failure) 36777K->435K(78272K), 0.0002360 secs]
427.836: [GC (Allocation Failure) 35605K->435K(77120K), 0.0002110 secs]
427.851: [GC (Allocation Failure) 34433K->435K(75968K), 0.0002130 secs]
428.035: [GC (Allocation Failure) 33261K->435K(74880K), 0.0002120 secs]
428.053: [GC (Allocation Failure) 32186K->435K(73856K), 0.0002140 secs]
428.084: [GC (Allocation Failure) 31210K->435K(72896K), 0.0002040 secs]
428.101: [GC (Allocation Failure) 30233K->435K(71936K), 0.0002810 secs]
428.117: [GC (Allocation Failure) 29256K->435K(71040K), 0.0002110 secs]
428.129: [GC (Allocation Failure) 28377K->435K(76672K), 0.0002020 secs]
428.144: [GC (Allocation Failure) 33944K->435K(83392K), 0.0002020 secs]
428.267: [GC (Allocation Failure) 40684K->435K(81984K), 0.0002190 secs]
428.284: [GC (Allocation Failure) 39316K->435K(80640K), 0.0002050 secs]
428.304: [GC (Allocation Failure) 37949K->435K(79360K), 0.0002140 secs]
428.355: [GC (Allocation Failure) 36679K->435K(78144K), 0.0002710 secs]
428.382: [GC (Allocation Failure) 35409K->435K(76992K), 0.0002240 secs]
428.401: [GC (Allocation Failure) 34335K->435K(75904K), 0.0002200 secs]
428.423: [GC (Allocation Failure) 33261K->435K(74816K), 0.0002210 secs]
428.437: [GC (Allocation Failure) 32089K->435K(73792K), 0.0002040 secs]
428.635: [GC (Allocation Failure) 31112K->435K(72832K), 0.0002130 secs]
428.649: [GC (Allocation Failure) 30135K->435K(71872K), 0.0002170 secs]
428.666: [GC (Allocation Failure) 29158K->435K(77632K), 0.0002720 secs]
428.685: [GC (Allocation Failure) 34921K->435K(76480K), 0.0002130 secs]
428.704: [GC (Allocation Failure) 33749K->435K(75392K), 0.0002150 secs]
428.718: [GC (Allocation Failure) 32675K->435K(81856K), 0.0002130 secs]
428.759: [GC (Allocation Failure) 39219K->435K(80512K), 0.0002120 secs]
428.775: [GC (Allocation Failure) 37851K->435K(79232K), 0.0002020 secs]
428.888: [GC (Allocation Failure) 36582K->435K(78016K), 0.0002140 secs]
428.907: [GC (Allocation Failure) 35312K->435K(76864K), 0.0002020 secs]
428.926: [GC (Allocation Failure) 34140K->435K(75776K), 0.0002230 secs]
428.941: [GC (Allocation Failure) 33065K->435K(74688K), 0.0002040 secs]
428.954: [GC (Allocation Failure) 31991K->435K(81024K), 0.0001990 secs]
428.975: [GC (Allocation Failure) 38340K->435K(79744K), 0.0002130 secs]
429.034: [GC (Allocation Failure) 37070K->435K(78528K), 0.0002440 secs]
429.053: [GC (Allocation Failure) 35800K->435K(77312K), 0.0002210 secs]
429.137: [GC (Allocation Failure) 34628K->435K(76160K), 0.0003250 secs]
429.152: [GC (Allocation Failure) 33456K->435K(75072K), 0.0002260 secs]
429.166: [GC (Allocation Failure) 32382K->435K(74048K), 0.0002010 secs]
429.232: [GC (Allocation Failure) 31405K->435K(73088K), 0.0002130 secs]
429.245: [GC (Allocation Failure) 30428K->435K(72128K), 0.0002020 secs]
429.257: [GC (Allocation Failure) 29451K->435K(77952K), 0.0002020 secs]
429.284: [GC (Allocation Failure) 35312K->435K(76800K), 0.0002030 secs]
429.373: [GC (Allocation Failure) 34140K->435K(75712K), 0.0002280 secs]
429.392: [GC (Allocation Failure) 33065K->435K(74624K), 0.0002120 secs]
429.406: [GC (Allocation Failure) 31893K->435K(73600K), 0.0002170 secs]
429.432: [GC (Allocation Failure) 30917K->435K(72640K), 0.0002260 secs]
429.450: [GC (Allocation Failure) 29940K->435K(71744K), 0.0002030 secs]
429.482: [GC (Allocation Failure) 29061K->435K(70848K), 0.0002090 secs]
429.495: [GC (Allocation Failure) 28182K->435K(76416K), 0.0002250 secs]
429.509: [GC (Allocation Failure) 33749K->435K(83136K), 0.0002030 secs]
429.540: [GC (Allocation Failure) 40488K->435K(81728K), 0.0002110 secs]
429.561: [GC (Allocation Failure) 39023K->435K(80384K), 0.0002050 secs]
429.581: [GC (Allocation Failure) 37656K->435K(79104K), 0.0002110 secs]
429.597: [GC (Allocation Failure) 36386K->435K(77888K), 0.0002240 secs]
429.616: [GC (Allocation Failure) 35214K->435K(76736K), 0.0002110 secs]
429.631: [GC (Allocation Failure) 34042K->435K(83520K), 0.0002180 secs]
429.653: [GC (Allocation Failure) 40879K->435K(82112K), 0.0001980 secs]
429.674: [GC (Allocation Failure) 39414K->435K(80768K), 0.0002100 secs]
429.695: [GC (Allocation Failure) 38047K->435K(79488K), 0.0002010 secs]
429.710: [GC (Allocation Failure) 36777K->435K(78272K), 0.0002220 secs]
429.778: [GC (Allocation Failure) 35605K->435K(77120K), 0.0002200 secs]
429.793: [GC (Allocation Failure) 34433K->435K(75968K), 0.0002130 secs]
429.834: [GC (Allocation Failure) 33261K->435K(74880K), 0.0002150 secs]
429.850: [GC (Allocation Failure) 32186K->435K(73856K), 0.0002130 secs]
429.868: [GC (Allocation Failure) 31210K->435K(72896K), 0.0002120 secs]
429.885: [GC (Allocation Failure) 30233K->435K(71936K), 0.0002200 secs]
429.902: [GC (Allocation Failure) 29256K->435K(77760K), 0.0002720 secs]
429.978: [GC (Allocation Failure) 35116K->435K(76608K), 0.0002000 secs]
429.996: [GC (Allocation Failure) 33944K->435K(75520K), 0.0001990 secs]
430.084: [GC (Allocation Failure) 32870K->435K(74496K), 0.0002060 secs]
430.137: [GC (Allocation Failure) 31796K->435K(73472K), 0.0002180 secs]
430.155: [GC (Allocation Failure) 30819K->435K(72512K), 0.0002000 secs]
430.187: [GC (Allocation Failure) 29842K->435K(71616K), 0.0002030 secs]
430.200: [GC (Allocation Failure) 28963K->435K(70720K), 0.0002160 secs]
430.236: [GC (Allocation Failure) 27986K->435K(69888K), 0.0002170 secs]
430.249: [GC (Allocation Failure) 27205K->435K(75264K), 0.0003190 secs]
430.285: [GC (Allocation Failure) 32577K->435K(74240K), 0.0002270 secs]
430.298: [GC (Allocation Failure) 31600K->435K(80512K), 0.0002020 secs]
430.370: [GC (Allocation Failure) 37851K->435K(79232K), 0.0002090 secs]
430.394: [GC (Allocation Failure) 36582K->435K(78016K), 0.0002040 secs]
430.440: [GC (Allocation Failure) 35312K->435K(76864K), 0.0002210 secs]
430.458: [GC (Allocation Failure) 34140K->435K(75776K), 0.0002060 secs]
430.473: [GC (Allocation Failure) 33065K->435K(74688K), 0.0002150 secs]
430.487: [GC (Allocation Failure) 31991K->435K(81024K), 0.0002130 secs]
430.575: [GC (Allocation Failure) 38340K->435K(79744K), 0.0002260 secs]
430.591: [GC (Allocation Failure) 37070K->435K(78528K), 0.0002020 secs]
430.640: [GC (Allocation Failure) 35800K->435K(77312K), 0.0002210 secs]
430.656: [GC (Allocation Failure) 34628K->435K(76160K), 0.0002090 secs]
430.680: [GC (Allocation Failure) 33456K->435K(75072K), 0.0002200 secs]
430.735: [GC (Allocation Failure) 32382K->435K(74048K), 0.0002060 secs]
430.757: [GC (Allocation Failure) 31405K->435K(73088K), 0.0002740 secs]
430.775: [GC (Allocation Failure) 30428K->435K(72128K), 0.0002230 secs]
430.792: [GC (Allocation Failure) 29451K->435K(71232K), 0.0002200 secs]
430.804: [GC (Allocation Failure) 28572K->435K(76864K), 0.0002180 secs]
430.886: [GC (Allocation Failure) 34140K->435K(75776K), 0.0002280 secs]
430.904: [GC (Allocation Failure) 33065K->435K(74688K), 0.0002020 secs]
430.921: [GC (Allocation Failure) 31991K->435K(73664K), 0.0002000 secs]
430.939: [GC (Allocation Failure) 31014K->435K(72704K), 0.0002040 secs]
430.975: [GC (Allocation Failure) 30038K->435K(71808K), 0.0002010 secs]
430.988: [GC (Allocation Failure) 29158K->435K(70912K), 0.0002270 secs]
431.004: [GC (Allocation Failure) 28182K->435K(76480K), 0.0002120 secs]
431.040: [GC (Allocation Failure) 33749K->435K(75392K), 0.0002050 secs]
431.054: [GC (Allocation Failure) 32675K->435K(74368K), 0.0002050 secs]
431.071: [GC (Allocation Failure) 31698K->435K(80640K), 0.0002730 secs]
431.088: [GC (Allocation Failure) 37949K->435K(88192K), 0.0002150 secs]
431.108: [GC (Allocation Failure) 45470K->435K(97216K), 0.0002170 secs]
431.174: [GC (Allocation Failure) 54557K->435K(95168K), 0.0002020 secs]
431.248: [GC (Allocation Failure) 52506K->435K(93184K), 0.0002210 secs]
431.270: [GC (Allocation Failure) 50455K->435K(91328K), 0.0002230 secs]
431.342: [GC (Allocation Failure) 48595K->435K(89536K), 0.0002130 secs]
431.363: [GC (Allocation Failure) 46837K->435K(87872K), 0.0002030 secs]
431.386: [GC (Allocation Failure) 45177K->435K(86272K), 0.0002140 secs]
431.405: [GC (Allocation Failure) 43614K->435K(84736K), 0.0002130 secs]
431.427: [GC (Allocation Failure) 42051K->435K(83264K), 0.0002110 secs]
431.449: [GC (Allocation Failure) 40586K->435K(81856K), 0.0002170 secs]
431.470: [GC (Allocation Failure) 39219K->435K(80512K), 0.0002010 secs]
431.491: [GC (Allocation Failure) 37851K->435K(79232K), 0.0002110 secs]
431.507: [GC (Allocation Failure) 36582K->435K(78016K), 0.0002010 secs]
431.522: [GC (Allocation Failure) 35312K->435K(76864K), 0.0001990 secs]
431.537: [GC (Allocation Failure) 34140K->435K(75776K), 0.0002020 secs]
431.577: [GC (Allocation Failure) 33065K->435K(74688K), 0.0002100 secs]
431.595: [GC (Allocation Failure) 31991K->435K(73664K), 0.0002010 secs]
431.635: [GC (Allocation Failure) 31014K->435K(72704K), 0.0002690 secs]
431.668: [GC (Allocation Failure) 30038K->435K(71808K), 0.0003320 secs]
431.681: [GC (Allocation Failure) 29158K->435K(77568K), 0.0002720 secs]
431.697: [GC (Allocation Failure) 34921K->435K(84480K), 0.0002160 secs]
431.715: [GC (Allocation Failure) 41758K->435K(92800K), 0.0002010 secs]
431.737: [GC (Allocation Failure) 50162K->435K(90944K), 0.0002010 secs]
431.797: [GC (Allocation Failure) 48302K->435K(89216K), 0.0002200 secs]
431.817: [GC (Allocation Failure) 46544K->435K(87552K), 0.0002040 secs]
431.841: [GC (Allocation Failure) 44884K->435K(85952K), 0.0002010 secs]
431.867: [GC (Allocation Failure) 43223K->435K(84416K), 0.0002180 secs]
431.889: [GC (Allocation Failure) 41758K->435K(82944K), 0.0002780 secs]
431.906: [GC (Allocation Failure) 40293K->435K(81536K), 0.0002120 secs]
431.966: [GC (Allocation Failure) 38828K->435K(80192K), 0.0002210 secs]
431.986: [GC (Allocation Failure) 37461K->435K(78912K), 0.0002120 secs]
432.032: [GC (Allocation Failure) 36191K->435K(77696K), 0.0002050 secs]
432.047: [GC (Allocation Failure) 35019K->435K(76544K), 0.0002010 secs]
432.088: [GC (Allocation Failure) 33847K->435K(75456K), 0.0002040 secs]
432.141: [GC (Allocation Failure) 32772K->435K(74432K), 0.0002120 secs]
432.155: [GC (Allocation Failure) 31698K->435K(73408K), 0.0002030 secs]
432.172: [GC (Allocation Failure) 30721K->435K(72448K), 0.0002700 secs]
432.185: [GC (Allocation Failure) 29745K->435K(78336K), 0.0002180 secs]
432.261: [GC (Allocation Failure) 35605K->435K(77184K), 0.0002060 secs]
432.294: [GC (Allocation Failure) 34530K->435K(76032K), 0.0002270 secs]
432.313: [GC (Allocation Failure) 33358K->435K(74944K), 0.0002010 secs]
432.352: [GC (Allocation Failure) 32284K->435K(73920K), 0.0002200 secs]
432.365: [GC (Allocation Failure) 31210K->435K(72960K), 0.0002040 secs]
432.378: [GC (Allocation Failure) 30233K->435K(72000K), 0.0002040 secs]
432.421: [GC (Allocation Failure) 29354K->435K(71104K), 0.0002110 secs]
432.434: [GC (Allocation Failure) 28377K->435K(76736K), 0.0003200 secs]
432.491: [GC (Allocation Failure) 34042K->435K(83520K), 0.0003290 secs]
432.509: [GC (Allocation Failure) 40879K->435K(91648K), 0.0002060 secs]
432.615: [GC (Allocation Failure) 48986K->435K(89856K), 0.0002150 secs]
432.636: [GC (Allocation Failure) 47130K->435K(88128K), 0.0002030 secs]
432.670: [GC (Allocation Failure) 45470K->435K(86528K), 0.0002030 secs]
432.742: [GC (Allocation Failure) 43809K->435K(84992K), 0.0002240 secs]
432.792: [GC (Allocation Failure) 42344K->435K(83520K), 0.0002140 secs]
432.813: [GC (Allocation Failure) 40879K->435K(82112K), 0.0002110 secs]
432.945: [GC (Allocation Failure) 39414K->435K(80768K), 0.0002010 secs]
432.965: [GC (Allocation Failure) 38047K->435K(79488K), 0.0002000 secs]
432.981: [GC (Allocation Failure) 36777K->435K(78272K), 0.0002160 secs]
433.001: [GC (Allocation Failure) 35605K->435K(77120K), 0.0002220 secs]
433.043: [GC (Allocation Failure) 34433K->435K(75968K), 0.0002210 secs]
433.058: [GC (Allocation Failure) 33261K->435K(74880K), 0.0002090 secs]
433.088: [GC (Allocation Failure) 32186K->435K(73856K), 0.0002150 secs]
433.168: [GC (Allocation Failure) 31210K->435K(72896K), 0.0002260 secs]
433.186: [GC (Allocation Failure) 30233K->435K(71936K), 0.0002690 secs]
433.203: [GC (Allocation Failure) 29256K->435K(71040K), 0.0002180 secs]
433.215: [GC (Allocation Failure) 28377K->435K(76672K), 0.0002280 secs]
433.230: [GC (Allocation Failure) 33944K->435K(83392K), 0.0002140 secs]
433.296: [GC (Allocation Failure) 40684K->435K(81984K), 0.0002220 secs]
433.313: [GC (Allocation Failure) 39316K->435K(80640K), 0.0002140 secs]
433.345: [GC (Allocation Failure) 37949K->435K(79360K), 0.0002140 secs]
433.365: [GC (Allocation Failure) 36679K->435K(78144K), 0.0002120 secs]
433.380: [GC (Allocation Failure) 35409K->435K(76992K), 0.0002040 secs]
433.395: [GC (Allocation Failure) 34335K->435K(75904K), 0.0002020 secs]
433.413: [GC (Allocation Failure) 33261K->435K(74816K), 0.0002120 secs]
433.427: [GC (Allocation Failure) 32089K->435K(81216K), 0.0002030 secs]
433.447: [GC (Allocation Failure) 38535K->435K(88896K), 0.0003130 secs]
433.487: [GC (Allocation Failure) 46251K->435K(87232K), 0.0002370 secs]
433.506: [GC (Allocation Failure) 44591K->435K(85632K), 0.0002140 secs]
433.547: [GC (Allocation Failure) 42930K->435K(84096K), 0.0002060 secs]
433.569: [GC (Allocation Failure) 41367K->435K(82624K), 0.0002120 secs]
433.587: [GC (Allocation Failure) 39902K->435K(81280K), 0.0002010 secs]
433.646: [GC (Allocation Failure) 38633K->435K(80000K), 0.0002230 secs]
433.662: [GC (Allocation Failure) 37363K->435K(78720K), 0.0002030 secs]
433.681: [GC (Allocation Failure) 35996K->435K(77504K), 0.0002140 secs]
433.696: [GC (Allocation Failure) 34823K->435K(76352K), 0.0002130 secs]
433.714: [GC (Allocation Failure) 33651K->435K(75264K), 0.0002130 secs]
433.732: [GC (Allocation Failure) 32577K->435K(74240K), 0.0002200 secs]
433.780: [GC (Allocation Failure) 31600K->435K(73216K), 0.0002210 secs]
433.793: [GC (Allocation Failure) 30526K->435K(72256K), 0.0002120 secs]
433.838: [GC (Allocation Failure) 29549K->435K(71360K), 0.0002110 secs]
433.892: [GC (Allocation Failure) 28670K->435K(70464K), 0.0002210 secs]
433.904: [GC (Allocation Failure) 27791K->435K(69632K), 0.0002170 secs]
433.916: [GC (Allocation Failure) 26912K->435K(74944K), 0.0002140 secs]
433.934: [GC (Allocation Failure) 32284K->435K(81344K), 0.0002100 secs]
434.096: [GC (Allocation Failure) 38633K->435K(80000K), 0.0002740 secs]
434.112: [GC (Allocation Failure) 37363K->435K(78720K), 0.0002040 secs]
434.170: [GC (Allocation Failure) 35996K->435K(77504K), 0.0003370 secs]
434.186: [GC (Allocation Failure) 34823K->435K(76352K), 0.0002040 secs]
434.207: [GC (Allocation Failure) 33651K->435K(75264K), 0.0002400 secs]
434.221: [GC (Allocation Failure) 32577K->435K(74240K), 0.0002010 secs]
434.243: [GC (Allocation Failure) 31600K->435K(73216K), 0.0002140 secs]
434.258: [GC (Allocation Failure) 30526K->435K(79296K), 0.0002760 secs]
434.296: [GC (Allocation Failure) 36582K->435K(78080K), 0.0002170 secs]
434.311: [GC (Allocation Failure) 35409K->435K(85120K), 0.0002280 secs]
434.334: [GC (Allocation Failure) 42442K->435K(83648K), 0.0002090 secs]
434.359: [GC (Allocation Failure) 40977K->435K(82240K), 0.0002070 secs]
434.377: [GC (Allocation Failure) 39512K->435K(80896K), 0.0002140 secs]
434.424: [GC (Allocation Failure) 38242K->435K(79616K), 0.0002220 secs]
434.440: [GC (Allocation Failure) 36972K->435K(78400K), 0.0002040 secs]
434.456: [GC (Allocation Failure) 35702K->435K(77248K), 0.0002130 secs]
434.471: [GC (Allocation Failure) 34530K->435K(84096K), 0.0002030 secs]
434.498: [GC (Allocation Failure) 41367K->435K(82624K), 0.0002220 secs]
434.516: [GC (Allocation Failure) 39902K->435K(81280K), 0.0002040 secs]
434.532: [GC (Allocation Failure) 38633K->435K(80000K), 0.0002030 secs]
434.575: [GC (Allocation Failure) 37363K->435K(78720K), 0.0002130 secs]
434.646: [GC (Allocation Failure) 35996K->435K(77504K), 0.0002220 secs]
434.662: [GC (Allocation Failure) 34823K->435K(76352K), 0.0002460 secs]
434.681: [GC (Allocation Failure) 33651K->435K(75264K), 0.0002700 secs]
434.699: [GC (Allocation Failure) 32577K->435K(74240K), 0.0002030 secs]
434.717: [GC (Allocation Failure) 31600K->435K(73216K), 0.0002010 secs]
434.730: [GC (Allocation Failure) 30526K->435K(79296K), 0.0002160 secs]
434.774: [GC (Allocation Failure) 36582K->435K(78080K), 0.0002270 secs]
434.794: [GC (Allocation Failure) 35409K->435K(76928K), 0.0002140 secs]
434.809: [GC (Allocation Failure) 34237K->435K(75840K), 0.0002120 secs]
434.823: [GC (Allocation Failure) 33163K->435K(82432K), 0.0002030 secs]
434.844: [GC (Allocation Failure) 39707K->435K(81088K), 0.0002040 secs]
434.944: [GC (Allocation Failure) 38437K->435K(79808K), 0.0002100 secs]
434.978: [GC (Allocation Failure) 37168K->435K(78592K), 0.0002120 secs]
435.042: [GC (Allocation Failure) 35898K->435K(77376K), 0.0002110 secs]
435.092: [GC (Allocation Failure) 34726K->435K(76224K), 0.0002120 secs]
435.106: [GC (Allocation Failure) 33554K->435K(75136K), 0.0002040 secs]
435.124: [GC (Allocation Failure) 32479K->435K(74112K), 0.0002100 secs]
435.142: [GC (Allocation Failure) 31405K->435K(73152K), 0.0002150 secs]
435.158: [GC (Allocation Failure) 30428K->435K(72192K), 0.0002050 secs]
435.171: [GC (Allocation Failure) 29549K->435K(78016K), 0.0002180 secs]
435.197: [GC (Allocation Failure) 35312K->435K(76864K), 0.0002140 secs]
435.216: [GC (Allocation Failure) 34140K->435K(75776K), 0.0002040 secs]
435.230: [GC (Allocation Failure) 33065K->435K(82368K), 0.0002020 secs]
435.251: [GC (Allocation Failure) 39707K->435K(81024K), 0.0002130 secs]
435.267: [GC (Allocation Failure) 38340K->435K(79744K), 0.0002030 secs]
435.346: [GC (Allocation Failure) 37070K->435K(78528K), 0.0002200 secs]
435.362: [GC (Allocation Failure) 35800K->435K(77312K), 0.0002030 secs]
435.396: [GC (Allocation Failure) 34628K->435K(76160K), 0.0002100 secs]
435.411: [GC (Allocation Failure) 33456K->435K(75072K), 0.0002150 secs]
435.467: [GC (Allocation Failure) 32382K->435K(74048K), 0.0002220 secs]
435.484: [GC (Allocation Failure) 31405K->435K(73088K), 0.0002030 secs]
435.542: [GC (Allocation Failure) 30428K->435K(72128K), 0.0002270 secs]
435.554: [GC (Allocation Failure) 29451K->435K(71232K), 0.0002110 secs]
435.571: [GC (Allocation Failure) 28572K->435K(70400K), 0.0002150 secs]
435.640: [GC (Allocation Failure) 27693K->435K(69568K), 0.0002140 secs]
435.651: [GC (Allocation Failure) 26912K->435K(68800K), 0.0002120 secs]
435.689: [GC (Allocation Failure) 26131K->435K(68032K), 0.0002040 secs]
435.769: [GC (Allocation Failure) 25349K->435K(67328K), 0.0002720 secs]
435.789: [GC (Allocation Failure) 24662K->435K(66624K), 0.0002600 secs]
435.842: [GC (Allocation Failure) 23978K->435K(65984K), 0.0002210 secs]
435.853: [GC (Allocation Failure) 23294K->435K(65344K), 0.0002130 secs]
435.942: [GC (Allocation Failure) 22610K->435K(64704K), 0.0002260 secs]
435.955: [GC (Allocation Failure) 22024K->435K(64128K), 0.0002270 secs]
435.969: [GC (Allocation Failure) 21438K->435K(68352K), 0.0002690 secs]
436.089: [GC (Allocation Failure) 25642K->435K(67584K), 0.0002170 secs]
436.139: [GC (Allocation Failure) 24857K->435K(66880K), 0.0002010 secs]
436.161: [GC (Allocation Failure) 24173K->435K(66176K), 0.0002590 secs]
436.188: [GC (Allocation Failure) 23490K->435K(65536K), 0.0002720 secs]
436.238: [GC (Allocation Failure) 22806K->435K(64896K), 0.0002030 secs]
436.339: [GC (Allocation Failure) 22220K->435K(64320K), 0.0004080 secs]
436.367: [GC (Allocation Failure) 21634K->435K(63744K), 0.0002840 secs]
436.379: [GC (Allocation Failure) 21048K->435K(63168K), 0.0002160 secs]
436.416: [GC (Allocation Failure) 20462K->435K(62656K), 0.0002110 secs]
436.425: [GC (Allocation Failure) 19973K->435K(66624K), 0.0002150 secs]
436.436: [GC (Allocation Failure) 23978K->435K(71360K), 0.0002040 secs]
436.448: [GC (Allocation Failure) 28670K->435K(77056K), 0.0002020 secs]
436.493: [GC (Allocation Failure) 34335K->435K(83904K), 0.0002140 secs]
436.551: [GC (Allocation Failure) 41172K->435K(82496K), 0.0002200 secs]
436.572: [GC (Allocation Failure) 39805K->435K(81152K), 0.0002280 secs]
436.593: [GC (Allocation Failure) 38437K->435K(79872K), 0.0002120 secs]
436.670: [GC (Allocation Failure) 37168K->435K(78656K), 0.0002020 secs]
436.744: [GC (Allocation Failure) 35996K->435K(77440K), 0.0002140 secs]
436.798: [GC (Allocation Failure) 34726K->435K(76288K), 0.0002220 secs]
436.817: [GC (Allocation Failure) 33554K->435K(75200K), 0.0002030 secs]
436.831: [GC (Allocation Failure) 32479K->435K(74176K), 0.0002240 secs]
436.849: [GC (Allocation Failure) 31503K->435K(73152K), 0.0002090 secs]
436.971: [GC (Allocation Failure) 30428K->435K(72192K), 0.0002150 secs]
436.988: [GC (Allocation Failure) 29549K->435K(71296K), 0.0002110 secs]
437.001: [GC (Allocation Failure) 28572K->435K(70400K), 0.0002160 secs]
437.013: [GC (Allocation Failure) 27693K->435K(75904K), 0.0002010 secs]
437.030: [GC (Allocation Failure) 33261K->435K(82496K), 0.0002680 secs]
437.051: [GC (Allocation Failure) 39805K->435K(90432K), 0.0003130 secs]
437.071: [GC (Allocation Failure) 47716K->435K(99904K), 0.0002190 secs]
437.096: [GC (Allocation Failure) 57194K->435K(111296K), 0.0002040 secs]
437.130: [GC (Allocation Failure) 68622K->435K(108544K), 0.0002010 secs]
437.158: [GC (Allocation Failure) 65887K->435K(105920K), 0.0002130 secs]
437.311: [GC (Allocation Failure) 63250K->435K(103424K), 0.0002230 secs]
437.342: [GC (Allocation Failure) 60710K->435K(101056K), 0.0002160 secs]
437.405: [GC (Allocation Failure) 58366K->435K(98816K), 0.0002040 secs]
437.554: [GC (Allocation Failure) 56120K->435K(96704K), 0.0002020 secs]
437.653: [GC (Allocation Failure) 53971K->435K(94656K), 0.0002020 secs]
437.703: [GC (Allocation Failure) 52018K->435K(92736K), 0.0002130 secs]
437.728: [GC (Allocation Failure) 50064K->435K(90880K), 0.0002020 secs]
437.755: [GC (Allocation Failure) 48204K->435K(89152K), 0.0002040 secs]
437.780: [GC (Allocation Failure) 46446K->435K(87488K), 0.0002020 secs]
437.852: [GC (Allocation Failure) 44786K->435K(85888K), 0.0003060 secs]
437.870: [GC (Allocation Failure) 43223K->435K(84352K), 0.0002090 secs]
437.949: [GC (Allocation Failure) 41660K->435K(82880K), 0.0002150 secs]
437.966: [GC (Allocation Failure) 40195K->435K(81472K), 0.0002770 secs]
437.998: [GC (Allocation Failure) 38828K->435K(80128K), 0.0002140 secs]
438.151: [GC (Allocation Failure) 37461K->435K(78848K), 0.0002220 secs]
438.167: [GC (Allocation Failure) 36191K->435K(77632K), 0.0002120 secs]
438.182: [GC (Allocation Failure) 34921K->435K(76480K), 0.0002010 secs]
438.197: [GC (Allocation Failure) 33749K->435K(75392K), 0.0002140 secs]
438.215: [GC (Allocation Failure) 32675K->435K(74368K), 0.0002000 secs]
438.228: [GC (Allocation Failure) 31698K->435K(80640K), 0.0002020 secs]
438.249: [GC (Allocation Failure) 37949K->435K(79360K), 0.0002000 secs]
438.270: [GC (Allocation Failure) 36679K->435K(78144K), 0.0002150 secs]
438.285: [GC (Allocation Failure) 35409K->435K(85184K), 0.0003250 secs]
438.353: [GC (Allocation Failure) 42540K->435K(83712K), 0.0002050 secs]
438.373: [GC (Allocation Failure) 41074K->435K(82304K), 0.0002430 secs]
438.403: [GC (Allocation Failure) 39609K->435K(80960K), 0.0002310 secs]
438.435: [GC (Allocation Failure) 38242K->435K(79680K), 0.0002040 secs]
438.499: [GC (Allocation Failure) 36972K->435K(78464K), 0.0002390 secs]
438.515: [GC (Allocation Failure) 35800K->435K(77312K), 0.0002150 secs]
438.551: [GC (Allocation Failure) 34628K->435K(76160K), 0.0002130 secs]
438.565: [GC (Allocation Failure) 33456K->435K(75072K), 0.0002030 secs]
438.596: [GC (Allocation Failure) 32382K->435K(74048K), 0.0002130 secs]
438.609: [GC (Allocation Failure) 31405K->435K(73088K), 0.0002040 secs]
438.622: [GC (Allocation Failure) 30428K->435K(79104K), 0.0002010 secs]
438.666: [GC (Allocation Failure) 36386K->435K(77888K), 0.0002110 secs]
438.682: [GC (Allocation Failure) 35214K->435K(76736K), 0.0002180 secs]
438.697: [GC (Allocation Failure) 34042K->435K(83520K), 0.0002140 secs]
438.718: [GC (Allocation Failure) 40879K->435K(91648K), 0.0003330 secs]
438.744: [GC (Allocation Failure) 48986K->435K(101376K), 0.0002120 secs]
438.769: [GC (Allocation Failure) 58659K->435K(99136K), 0.0002050 secs]
438.793: [GC (Allocation Failure) 56413K->435K(96960K), 0.0002130 secs]
438.855: [GC (Allocation Failure) 54264K->435K(94912K), 0.0002230 secs]
438.882: [GC (Allocation Failure) 52213K->435K(92992K), 0.0002100 secs]
438.980: [GC (Allocation Failure) 50260K->435K(91136K), 0.0002170 secs]
439.058: [GC (Allocation Failure) 48498K->435K(89344K), 0.0002030 secs]
439.082: [GC (Allocation Failure) 46642K->435K(87680K), 0.0002030 secs]
439.102: [GC (Allocation Failure) 44981K->435K(86080K), 0.0002050 secs]
439.154: [GC (Allocation Failure) 43419K->435K(84544K), 0.0002000 secs]
439.171: [GC (Allocation Failure) 41856K->435K(83072K), 0.0002450 secs]
439.189: [GC (Allocation Failure) 40391K->435K(81664K), 0.0002040 secs]
439.206: [GC (Allocation Failure) 39023K->435K(80320K), 0.0002030 secs]
439.222: [GC (Allocation Failure) 37656K->435K(79040K), 0.0002130 secs]
439.298: [GC (Allocation Failure) 36386K->435K(77824K), 0.0002030 secs]
439.352: [GC (Allocation Failure) 35116K->435K(76672K), 0.0002270 secs]
439.372: [GC (Allocation Failure) 33944K->435K(75584K), 0.0002220 secs]
439.387: [GC (Allocation Failure) 32870K->435K(74560K), 0.0002610 secs]
439.446: [GC (Allocation Failure) 31893K->435K(73536K), 0.0002830 secs]
439.480: [GC (Allocation Failure) 30819K->435K(72576K), 0.0002300 secs]
439.497: [GC (Allocation Failure) 29842K->435K(71680K), 0.0002700 secs]
439.510: [GC (Allocation Failure) 28963K->435K(77440K), 0.0002430 secs]
439.569: [GC (Allocation Failure) 34726K->435K(76288K), 0.0002030 secs]
439.602: [GC (Allocation Failure) 33554K->435K(75200K), 0.0002140 secs]
439.616: [GC (Allocation Failure) 32479K->435K(74176K), 0.0002170 secs]
439.647: [GC (Allocation Failure) 31503K->435K(73152K), 0.0002250 secs]
439.661: [GC (Allocation Failure) 30428K->435K(72192K), 0.0002040 secs]
439.677: [GC (Allocation Failure) 29549K->435K(71296K), 0.0002120 secs]
439.700: [GC (Allocation Failure) 28572K->435K(70400K), 0.0002060 secs]
439.716: [GC (Allocation Failure) 27693K->435K(75904K), 0.0002750 secs]
439.730: [GC (Allocation Failure) 33261K->435K(82496K), 0.0002220 secs]
439.747: [GC (Allocation Failure) 39805K->435K(90432K), 0.0002040 secs]
439.787: [GC (Allocation Failure) 47716K->435K(88704K), 0.0002110 secs]
439.807: [GC (Allocation Failure) 46056K->435K(87040K), 0.0002030 secs]
439.907: [GC (Allocation Failure) 44395K->435K(85440K), 0.0002130 secs]
439.929: [GC (Allocation Failure) 42735K->435K(83968K), 0.0002100 secs]
439.947: [GC (Allocation Failure) 41270K->435K(82560K), 0.0002030 secs]
440.001: [GC (Allocation Failure) 39902K->435K(81216K), 0.0002110 secs]
440.021: [GC (Allocation Failure) 38535K->435K(79936K), 0.0002730 secs]
440.042: [GC (Allocation Failure) 37265K->435K(78656K), 0.0002120 secs]
440.057: [GC (Allocation Failure) 35996K->435K(77440K), 0.0002040 secs]
440.165: [GC (Allocation Failure) 34726K->435K(76288K), 0.0002130 secs]
440.179: [GC (Allocation Failure) 33554K->435K(75200K), 0.0002000 secs]
440.197: [GC (Allocation Failure) 32479K->435K(74176K), 0.0002120 secs]
440.211: [GC (Allocation Failure) 31503K->435K(73152K), 0.0002100 secs]
440.224: [GC (Allocation Failure) 30428K->435K(79168K), 0.0002010 secs]
440.240: [GC (Allocation Failure) 36484K->435K(86400K), 0.0002020 secs]
440.259: [GC (Allocation Failure) 43712K->435K(95104K), 0.0002010 secs]
440.284: [GC (Allocation Failure) 52408K->435K(105536K), 0.0002740 secs]
440.315: [GC (Allocation Failure) 62859K->435K(103104K), 0.0002210 secs]
440.380: [GC (Allocation Failure) 60417K->435K(100800K), 0.0002150 secs]
440.414: [GC (Allocation Failure) 58073K->435K(98560K), 0.0002130 secs]
440.438: [GC (Allocation Failure) 55827K->435K(96448K), 0.0002130 secs]
440.465: [GC (Allocation Failure) 53776K->435K(94400K), 0.0002160 secs]
440.557: [GC (Allocation Failure) 51725K->435K(92480K), 0.0002130 secs]
440.578: [GC (Allocation Failure) 49767K->435K(90624K), 0.0002240 secs]
440.603: [GC (Allocation Failure) 47911K->435K(88896K), 0.0002120 secs]
440.627: [GC (Allocation Failure) 46251K->435K(87232K), 0.0002210 secs]
440.660: [GC (Allocation Failure) 44591K->435K(85632K), 0.0002200 secs]
440.683: [GC (Allocation Failure) 42930K->435K(84096K), 0.0002360 secs]
440.707: [GC (Allocation Failure) 41367K->435K(82624K), 0.0002190 secs]
440.725: [GC (Allocation Failure) 39902K->435K(81280K), 0.0002030 secs]
440.802: [GC (Allocation Failure) 38633K->435K(80000K), 0.0002140 secs]
440.822: [GC (Allocation Failure) 37363K->435K(78720K), 0.0002030 secs]
440.837: [GC (Allocation Failure) 35996K->435K(77504K), 0.0002130 secs]
440.856: [GC (Allocation Failure) 34823K->435K(76352K), 0.0002110 secs]
440.900: [GC (Allocation Failure) 33651K->435K(75264K), 0.0002250 secs]
440.914: [GC (Allocation Failure) 32577K->435K(74240K), 0.0002020 secs]
440.927: [GC (Allocation Failure) 31600K->435K(73216K), 0.0002020 secs]
440.980: [GC (Allocation Failure) 30526K->435K(72256K), 0.0002390 secs]
440.993: [GC (Allocation Failure) 29549K->435K(78144K), 0.0002610 secs]
441.054: [GC (Allocation Failure) 35409K->435K(76992K), 0.0002180 secs]
441.073: [GC (Allocation Failure) 34335K->435K(75904K), 0.0002290 secs]
441.153: [GC (Allocation Failure) 33261K->435K(74816K), 0.0002210 secs]
441.168: [GC (Allocation Failure) 32089K->435K(73792K), 0.0002030 secs]
441.185: [GC (Allocation Failure) 31112K->435K(72832K), 0.0002120 secs]
441.198: [GC (Allocation Failure) 30135K->435K(78784K), 0.0002260 secs]
441.355: [GC (Allocation Failure) 36093K->435K(77568K), 0.0002380 secs]
441.375: [GC (Allocation Failure) 34921K->435K(76416K), 0.0002280 secs]
441.394: [GC (Allocation Failure) 33749K->435K(75328K), 0.0002170 secs]
441.409: [GC (Allocation Failure) 32675K->435K(74304K), 0.0002150 secs]
441.453: [GC (Allocation Failure) 31600K->435K(73280K), 0.0002190 secs]
441.472: [GC (Allocation Failure) 30624K->435K(72320K), 0.0002790 secs]
441.486: [GC (Allocation Failure) 29647K->435K(78208K), 0.0002410 secs]
441.574: [GC (Allocation Failure) 35507K->435K(77056K), 0.0002150 secs]
441.593: [GC (Allocation Failure) 34335K->435K(75904K), 0.0002120 secs]
441.608: [GC (Allocation Failure) 33261K->435K(74816K), 0.0002180 secs]
441.654: [GC (Allocation Failure) 32089K->435K(73792K), 0.0002290 secs]
441.668: [GC (Allocation Failure) 31112K->435K(79936K), 0.0002620 secs]
441.706: [GC (Allocation Failure) 37265K->435K(78656K), 0.0002210 secs]
441.722: [GC (Allocation Failure) 35996K->435K(77440K), 0.0002020 secs]
441.737: [GC (Allocation Failure) 34726K->435K(84352K), 0.0002010 secs]
441.780: [GC (Allocation Failure) 41660K->435K(82880K), 0.0002200 secs]
441.801: [GC (Allocation Failure) 40195K->435K(81472K), 0.0002120 secs]
441.822: [GC (Allocation Failure) 38828K->435K(80128K), 0.0002100 secs]
441.872: [GC (Allocation Failure) 37461K->435K(78848K), 0.0002270 secs]
441.891: [GC (Allocation Failure) 36191K->435K(77632K), 0.0002150 secs]
441.910: [GC (Allocation Failure) 34921K->435K(76480K), 0.0002640 secs]
441.929: [GC (Allocation Failure) 33749K->435K(75392K), 0.0002120 secs]
441.944: [GC (Allocation Failure) 32675K->435K(74368K), 0.0002020 secs]
441.959: [GC (Allocation Failure) 31698K->435K(80640K), 0.0002010 secs]
441.975: [GC (Allocation Failure) 37949K->435K(88192K), 0.0002040 secs]
442.006: [GC (Allocation Failure) 45470K->435K(86592K), 0.0002250 secs]
442.060: [GC (Allocation Failure) 43907K->435K(85056K), 0.0002120 secs]
442.082: [GC (Allocation Failure) 42344K->435K(83584K), 0.0002120 secs]
442.100: [GC (Allocation Failure) 40879K->435K(82176K), 0.0002140 secs]
442.121: [GC (Allocation Failure) 39512K->435K(80832K), 0.0002100 secs]
442.167: [GC (Allocation Failure) 38144K->435K(79552K), 0.0002100 secs]
442.206: [GC (Allocation Failure) 36875K->435K(78336K), 0.0002230 secs]
442.222: [GC (Allocation Failure) 35605K->435K(77184K), 0.0002160 secs]
442.237: [GC (Allocation Failure) 34530K->435K(76032K), 0.0002020 secs]
442.251: [GC (Allocation Failure) 33358K->435K(74944K), 0.0002020 secs]
442.269: [GC (Allocation Failure) 32284K->435K(73920K), 0.0002100 secs]
442.304: [GC (Allocation Failure) 31210K->435K(72960K), 0.0002010 secs]
442.322: [GC (Allocation Failure) 30233K->435K(72000K), 0.0002290 secs]
442.350: [GC (Allocation Failure) 29354K->435K(71104K), 0.0002110 secs]
442.367: [GC (Allocation Failure) 28377K->435K(70272K), 0.0002120 secs]
442.383: [GC (Allocation Failure) 27596K->435K(69440K), 0.0001990 secs]
442.398: [GC (Allocation Failure) 26717K->435K(74752K), 0.0002370 secs]
442.428: [GC (Allocation Failure) 32089K->435K(73728K), 0.0002690 secs]
442.501: [GC (Allocation Failure) 31014K->435K(72768K), 0.0002130 secs]
442.514: [GC (Allocation Failure) 30038K->435K(71808K), 0.0002150 secs]
442.530: [GC (Allocation Failure) 29158K->435K(70912K), 0.0002110 secs]
442.543: [GC (Allocation Failure) 28182K->435K(76480K), 0.0002160 secs]
442.557: [GC (Allocation Failure) 33749K->435K(83200K), 0.0002120 secs]
442.579: [GC (Allocation Failure) 40488K->435K(91264K), 0.0002150 secs]
442.608: [GC (Allocation Failure) 48595K->435K(89472K), 0.0002030 secs]
442.659: [GC (Allocation Failure) 46739K->435K(87808K), 0.0002020 secs]
442.776: [GC (Allocation Failure) 45079K->435K(86208K), 0.0002250 secs]
442.795: [GC (Allocation Failure) 43516K->435K(84672K), 0.0002030 secs]
442.813: [GC (Allocation Failure) 41953K->435K(83200K), 0.0002130 secs]
442.905: [GC (Allocation Failure) 40488K->435K(81792K), 0.0002130 secs]
442.926: [GC (Allocation Failure) 39121K->435K(80448K), 0.0002020 secs]
442.942: [GC (Allocation Failure) 37754K->435K(79168K), 0.0002080 secs]
443.072: [GC (Allocation Failure) 36484K->435K(77952K), 0.0002170 secs]
443.087: [GC (Allocation Failure) 35312K->435K(76800K), 0.0002130 secs]
443.157: [GC (Allocation Failure) 34140K->435K(75712K), 0.0002950 secs]
443.172: [GC (Allocation Failure) 33065K->435K(74624K), 0.0002050 secs]
443.206: [GC (Allocation Failure) 31893K->435K(73600K), 0.0002220 secs]
443.220: [GC (Allocation Failure) 30917K->435K(72640K), 0.0002130 secs]
443.236: [GC (Allocation Failure) 29940K->435K(71744K), 0.0002130 secs]
443.253: [GC (Allocation Failure) 29061K->435K(70848K), 0.0002140 secs]
443.265: [GC (Allocation Failure) 28182K->435K(76416K), 0.0002150 secs]
443.353: [GC (Allocation Failure) 33749K->435K(75328K), 0.0002030 secs]
443.372: [GC (Allocation Failure) 32675K->435K(74304K), 0.0002180 secs]
443.407: [GC (Allocation Failure) 31600K->435K(73280K), 0.0002380 secs]
443.424: [GC (Allocation Failure) 30624K->435K(72320K), 0.0002130 secs]
443.439: [GC (Allocation Failure) 29647K->435K(71424K), 0.0002010 secs]
443.451: [GC (Allocation Failure) 28768K->435K(77120K), 0.0002030 secs]
443.503: [GC (Allocation Failure) 34433K->435K(75968K), 0.0002120 secs]
443.522: [GC (Allocation Failure) 33261K->435K(74880K), 0.0002020 secs]
443.539: [GC (Allocation Failure) 32186K->435K(73856K), 0.0002020 secs]
443.557: [GC (Allocation Failure) 31210K->435K(72896K), 0.0002130 secs]
443.652: [GC (Allocation Failure) 30233K->435K(71936K), 0.0002040 secs]
443.702: [GC (Allocation Failure) 29256K->435K(71040K), 0.0002110 secs]
443.714: [GC (Allocation Failure) 28377K->435K(70208K), 0.0002120 secs]
443.726: [GC (Allocation Failure) 27498K->435K(75648K), 0.0002030 secs]
443.753: [GC (Allocation Failure) 32968K->435K(74560K), 0.0002120 secs]
443.803: [GC (Allocation Failure) 31893K->435K(73536K), 0.0002260 secs]
443.820: [GC (Allocation Failure) 30819K->435K(72576K), 0.0002110 secs]
443.837: [GC (Allocation Failure) 29842K->435K(71680K), 0.0002110 secs]
443.852: [GC (Allocation Failure) 28963K->435K(77440K), 0.0002240 secs]
443.868: [GC (Allocation Failure) 34726K->435K(84352K), 0.0002770 secs]
443.901: [GC (Allocation Failure) 41660K->435K(92608K), 0.0002410 secs]
443.927: [GC (Allocation Failure) 49967K->435K(90752K), 0.0002030 secs]
443.948: [GC (Allocation Failure) 48107K->435K(89024K), 0.0002020 secs]
444.009: [GC (Allocation Failure) 46349K->435K(87360K), 0.0002130 secs]
444.029: [GC (Allocation Failure) 44688K->435K(85760K), 0.0002140 secs]
444.062: [GC (Allocation Failure) 43028K->435K(84224K), 0.0002220 secs]
444.084: [GC (Allocation Failure) 41563K->435K(82752K), 0.0002130 secs]
444.101: [GC (Allocation Failure) 40098K->435K(81344K), 0.0002120 secs]
444.118: [GC (Allocation Failure) 38633K->435K(80000K), 0.0002130 secs]
444.138: [GC (Allocation Failure) 37363K->435K(78720K), 0.0002000 secs]
444.153: [GC (Allocation Failure) 35996K->435K(77504K), 0.0002160 secs]
444.177: [GC (Allocation Failure) 34823K->435K(84416K), 0.0003390 secs]
444.200: [GC (Allocation Failure) 41758K->435K(82944K), 0.0002040 secs]
444.217: [GC (Allocation Failure) 40293K->435K(81536K), 0.0002030 secs]
444.283: [GC (Allocation Failure) 38828K->435K(80192K), 0.0002310 secs]
444.304: [GC (Allocation Failure) 37461K->435K(78912K), 0.0002390 secs]
444.351: [GC (Allocation Failure) 36191K->435K(77696K), 0.0002170 secs]
444.371: [GC (Allocation Failure) 35019K->435K(76544K), 0.0002730 secs]
444.385: [GC (Allocation Failure) 33847K->435K(75456K), 0.0002170 secs]
444.408: [GC (Allocation Failure) 32772K->435K(74432K), 0.0002380 secs]
444.423: [GC (Allocation Failure) 31698K->435K(80704K), 0.0002260 secs]
444.487: [GC (Allocation Failure) 38047K->435K(79424K), 0.0002180 secs]
444.560: [GC (Allocation Failure) 36777K->435K(78208K), 0.0002230 secs]
444.580: [GC (Allocation Failure) 35507K->435K(77056K), 0.0002130 secs]
444.599: [GC (Allocation Failure) 34335K->435K(75904K), 0.0002100 secs]
444.613: [GC (Allocation Failure) 33261K->435K(74816K), 0.0002030 secs]
444.631: [GC (Allocation Failure) 32089K->435K(73792K), 0.0002010 secs]
444.645: [GC (Allocation Failure) 31112K->435K(79936K), 0.0002170 secs]
444.667: [GC (Allocation Failure) 37265K->435K(78656K), 0.0002260 secs]
444.686: [GC (Allocation Failure) 35996K->435K(77440K), 0.0002090 secs]
444.773: [GC (Allocation Failure) 34726K->435K(76288K), 0.0002260 secs]
444.788: [GC (Allocation Failure) 33554K->435K(75200K), 0.0002130 secs]
444.859: [GC (Allocation Failure) 32479K->435K(74176K), 0.0002200 secs]
444.873: [GC (Allocation Failure) 31503K->435K(73152K), 0.0002160 secs]
444.886: [GC (Allocation Failure) 30428K->435K(72192K), 0.0002010 secs]
444.902: [GC (Allocation Failure) 29549K->435K(78016K), 0.0002110 secs]
444.958: [GC (Allocation Failure) 35312K->435K(76864K), 0.0002160 secs]
444.977: [GC (Allocation Failure) 34140K->435K(75776K), 0.0002130 secs]
445.074: [GC (Allocation Failure) 33065K->435K(74688K), 0.0002190 secs]
445.088: [GC (Allocation Failure) 31991K->435K(73664K), 0.0002060 secs]
445.154: [GC (Allocation Failure) 31014K->435K(72704K), 0.0002050 secs]
445.167: [GC (Allocation Failure) 30038K->435K(71808K), 0.0002050 secs]
445.184: [GC (Allocation Failure) 29158K->435K(70912K), 0.0002020 secs]
445.196: [GC (Allocation Failure) 28182K->435K(76480K), 0.0002160 secs]
445.260: [GC (Allocation Failure) 33749K->435K(75392K), 0.0002250 secs]
445.274: [GC (Allocation Failure) 32675K->435K(74368K), 0.0002120 secs]
445.359: [GC (Allocation Failure) 31698K->435K(73344K), 0.0002190 secs]
445.376: [GC (Allocation Failure) 30624K->435K(72384K), 0.0002290 secs]
445.390: [GC (Allocation Failure) 29745K->435K(78272K), 0.0002640 secs]
445.461: [GC (Allocation Failure) 35605K->435K(77120K), 0.0003120 secs]
445.476: [GC (Allocation Failure) 34433K->435K(75968K), 0.0002190 secs]
445.492: [GC (Allocation Failure) 33261K->435K(82560K), 0.0002130 secs]
445.547: [GC (Allocation Failure) 39902K->435K(81216K), 0.0002130 secs]
445.582: [GC (Allocation Failure) 38535K->435K(79936K), 0.0002160 secs]
445.602: [GC (Allocation Failure) 37265K->435K(78656K), 0.0002020 secs]
445.701: [GC (Allocation Failure) 35996K->435K(77440K), 0.0002750 secs]
445.761: [GC (Allocation Failure) 34726K->435K(76288K), 0.0002130 secs]
445.780: [GC (Allocation Failure) 33554K->435K(75200K), 0.0002030 secs]
445.810: [GC (Allocation Failure) 32479K->435K(74176K), 0.0002070 secs]
445.824: [GC (Allocation Failure) 31503K->435K(73152K), 0.0002140 secs]
445.837: [GC (Allocation Failure) 30428K->435K(79168K), 0.0002730 secs]
445.862: [GC (Allocation Failure) 36484K->435K(77952K), 0.0002210 secs]
445.881: [GC (Allocation Failure) 35312K->435K(76800K), 0.0002100 secs]
445.973: [GC (Allocation Failure) 34140K->435K(75712K), 0.0002140 secs]
445.991: [GC (Allocation Failure) 33065K->435K(74624K), 0.0002000 secs]
446.005: [GC (Allocation Failure) 31893K->435K(73600K), 0.0002030 secs]
446.060: [GC (Allocation Failure) 30917K->435K(72640K), 0.0002130 secs]
446.073: [GC (Allocation Failure) 29940K->435K(71744K), 0.0002270 secs]
446.085: [GC (Allocation Failure) 29061K->435K(77504K), 0.0002030 secs]
446.111: [GC (Allocation Failure) 34823K->435K(76352K), 0.0002210 secs]
446.126: [GC (Allocation Failure) 33651K->435K(83008K), 0.0002040 secs]
446.164: [GC (Allocation Failure) 40293K->435K(81600K), 0.0002230 secs]
446.181: [GC (Allocation Failure) 38926K->435K(80256K), 0.0002020 secs]
446.201: [GC (Allocation Failure) 37558K->435K(78976K), 0.0002700 secs]
446.221: [GC (Allocation Failure) 36289K->435K(77760K), 0.0002110 secs]
446.276: [GC (Allocation Failure) 35116K->435K(76608K), 0.0002170 secs]
446.311: [GC (Allocation Failure) 33944K->435K(75520K), 0.0002150 secs]
446.326: [GC (Allocation Failure) 32870K->435K(82048K), 0.0003220 secs]
446.355: [GC (Allocation Failure) 39316K->435K(80704K), 0.0002100 secs]
446.413: [GC (Allocation Failure) 38047K->435K(79424K), 0.0002160 secs]
446.429: [GC (Allocation Failure) 36777K->435K(78208K), 0.0002090 secs]
446.558: [GC (Allocation Failure) 35507K->435K(77056K), 0.0002280 secs]
446.573: [GC (Allocation Failure) 34335K->435K(75904K), 0.0002030 secs]
446.661: [GC (Allocation Failure) 33261K->435K(74816K), 0.0007480 secs]
446.688: [GC (Allocation Failure) 32089K->435K(73792K), 0.0003330 secs]
446.707: [GC (Allocation Failure) 31112K->435K(72832K), 0.0002700 secs]
446.775: [GC (Allocation Failure) 30135K->435K(71872K), 0.0002120 secs]
446.788: [GC (Allocation Failure) 29158K->435K(70976K), 0.0002290 secs]
446.800: [GC (Allocation Failure) 28279K->435K(76608K), 0.0002030 secs]
446.858: [GC (Allocation Failure) 33944K->435K(75520K), 0.0002140 secs]
446.876: [GC (Allocation Failure) 32870K->435K(74496K), 0.0002060 secs]
446.894: [GC (Allocation Failure) 31796K->435K(73472K), 0.0002000 secs]
446.959: [GC (Allocation Failure) 30819K->435K(72512K), 0.0002060 secs]
446.975: [GC (Allocation Failure) 29842K->435K(71616K), 0.0002020 secs]
446.988: [GC (Allocation Failure) 28963K->435K(70720K), 0.0002130 secs]
447.006: [GC (Allocation Failure) 27986K->435K(69888K), 0.0002160 secs]
447.159: [GC (Allocation Failure) 27205K->435K(69056K), 0.0002160 secs]
447.174: [GC (Allocation Failure) 26326K->435K(68288K), 0.0002320 secs]
447.186: [GC (Allocation Failure) 25642K->435K(73344K), 0.0002600 secs]
447.260: [GC (Allocation Failure) 30624K->435K(72384K), 0.0002230 secs]
447.274: [GC (Allocation Failure) 29745K->435K(78272K), 0.0002160 secs]
447.293: [GC (Allocation Failure) 35605K->435K(85312K), 0.0002180 secs]
447.381: [GC (Allocation Failure) 42637K->435K(83840K), 0.0002370 secs]
447.404: [GC (Allocation Failure) 41172K->435K(82432K), 0.0002240 secs]
447.461: [GC (Allocation Failure) 39707K->435K(81088K), 0.0002120 secs]
447.479: [GC (Allocation Failure) 38437K->435K(79808K), 0.0002050 secs]
447.499: [GC (Allocation Failure) 37168K->435K(78592K), 0.0002020 secs]
447.518: [GC (Allocation Failure) 35898K->435K(77376K), 0.0002130 secs]
447.537: [GC (Allocation Failure) 34726K->435K(76224K), 0.0002030 secs]
447.556: [GC (Allocation Failure) 33554K->435K(75136K), 0.0002000 secs]
447.570: [GC (Allocation Failure) 32479K->435K(74112K), 0.0002280 secs]
447.584: [GC (Allocation Failure) 31405K->435K(80320K), 0.0002030 secs]
447.670: [GC (Allocation Failure) 37656K->435K(79040K), 0.0002120 secs]
447.686: [GC (Allocation Failure) 36386K->435K(86272K), 0.0002720 secs]
447.767: [GC (Allocation Failure) 43614K->435K(84736K), 0.0002100 secs]
447.785: [GC (Allocation Failure) 42051K->435K(83264K), 0.0002230 secs]
447.803: [GC (Allocation Failure) 40586K->435K(91328K), 0.0002690 secs]
447.866: [GC (Allocation Failure) 48595K->435K(89536K), 0.0002050 secs]
447.979: [GC (Allocation Failure) 46837K->435K(87872K), 0.0002310 secs]
448.002: [GC (Allocation Failure) 45177K->435K(86272K), 0.0002190 secs]
448.021: [GC (Allocation Failure) 43614K->435K(84736K), 0.0002020 secs]
448.113: [GC (Allocation Failure) 42051K->435K(83264K), 0.0002120 secs]
448.130: [GC (Allocation Failure) 40586K->435K(81856K), 0.0002110 secs]
448.147: [GC (Allocation Failure) 39219K->435K(80512K), 0.0002030 secs]
448.163: [GC (Allocation Failure) 37851K->435K(79232K), 0.0002030 secs]
448.315: [GC (Allocation Failure) 36582K->435K(78016K), 0.0002180 secs]
448.334: [GC (Allocation Failure) 35312K->435K(76864K), 0.0002480 secs]
448.357: [GC (Allocation Failure) 34140K->435K(75776K), 0.0002020 secs]
448.371: [GC (Allocation Failure) 33065K->435K(74688K), 0.0002050 secs]
448.385: [GC (Allocation Failure) 31991K->435K(73664K), 0.0002030 secs]
448.409: [GC (Allocation Failure) 31014K->435K(72704K), 0.0002010 secs]
448.462: [GC (Allocation Failure) 30038K->435K(71808K), 0.0002500 secs]
448.475: [GC (Allocation Failure) 29158K->435K(70912K), 0.0002000 secs]
448.491: [GC (Allocation Failure) 28182K->435K(70080K), 0.0002130 secs]
448.503: [GC (Allocation Failure) 27400K->435K(75520K), 0.0002150 secs]
448.522: [GC (Allocation Failure) 32870K->435K(82048K), 0.0002730 secs]
448.539: [GC (Allocation Failure) 39316K->435K(89856K), 0.0002030 secs]
448.567: [GC (Allocation Failure) 47130K->435K(99264K), 0.0002170 secs]
448.620: [GC (Allocation Failure) 56608K->435K(97088K), 0.0002030 secs]
448.670: [GC (Allocation Failure) 54362K->435K(95040K), 0.0002140 secs]
448.701: [GC (Allocation Failure) 52311K->435K(93120K), 0.0002300 secs]
448.723: [GC (Allocation Failure) 50455K->435K(91264K), 0.0002040 secs]
448.744: [GC (Allocation Failure) 48595K->435K(89472K), 0.0002020 secs]
448.768: [GC (Allocation Failure) 46739K->435K(87808K), 0.0002100 secs]
448.791: [GC (Allocation Failure) 45079K->435K(86208K), 0.0002100 secs]
448.819: [GC (Allocation Failure) 43516K->435K(84672K), 0.0002020 secs]
448.841: [GC (Allocation Failure) 41953K->435K(83200K), 0.0002020 secs]
448.859: [GC (Allocation Failure) 40488K->435K(81792K), 0.0002710 secs]
448.917: [GC (Allocation Failure) 39121K->435K(80448K), 0.0002230 secs]
448.934: [GC (Allocation Failure) 37754K->435K(79168K), 0.0002050 secs]
448.949: [GC (Allocation Failure) 36484K->435K(77952K), 0.0002040 secs]
449.011: [GC (Allocation Failure) 35312K->435K(76800K), 0.0002020 secs]
449.080: [GC (Allocation Failure) 34140K->435K(75712K), 0.0002180 secs]
449.097: [GC (Allocation Failure) 33065K->435K(74624K), 0.0002040 secs]
449.110: [GC (Allocation Failure) 31893K->435K(73600K), 0.0002270 secs]
449.164: [GC (Allocation Failure) 30917K->435K(72640K), 0.0002140 secs]
449.177: [GC (Allocation Failure) 29940K->435K(78592K), 0.0002730 secs]
449.193: [GC (Allocation Failure) 35898K->435K(85696K), 0.0002060 secs]
449.215: [GC (Allocation Failure) 43028K->435K(84160K), 0.0002220 secs]
449.247: [GC (Allocation Failure) 41465K->435K(82688K), 0.0002140 secs]
449.268: [GC (Allocation Failure) 40000K->435K(81344K), 0.0002030 secs]
449.289: [GC (Allocation Failure) 38633K->435K(80000K), 0.0002030 secs]
449.305: [GC (Allocation Failure) 37363K->435K(78720K), 0.0002140 secs]
449.324: [GC (Allocation Failure) 35996K->435K(77504K), 0.0002010 secs]
449.340: [GC (Allocation Failure) 34823K->435K(76352K), 0.0002120 secs]
449.358: [GC (Allocation Failure) 33651K->435K(83008K), 0.0002780 secs]
449.376: [GC (Allocation Failure) 40293K->435K(91008K), 0.0002140 secs]
449.401: [GC (Allocation Failure) 48302K->435K(89216K), 0.0001980 secs]
449.421: [GC (Allocation Failure) 46544K->435K(87552K), 0.0002010 secs]
449.466: [GC (Allocation Failure) 44884K->435K(85952K), 0.0002120 secs]
449.489: [GC (Allocation Failure) 43223K->435K(84416K), 0.0002120 secs]
449.569: [GC (Allocation Failure) 41758K->435K(82944K), 0.0002210 secs]
449.586: [GC (Allocation Failure) 40293K->435K(81536K), 0.0002060 secs]
449.614: [GC (Allocation Failure) 38828K->435K(80192K), 0.0002120 secs]
449.630: [GC (Allocation Failure) 37461K->435K(78912K), 0.0002000 secs]
449.647: [GC (Allocation Failure) 36191K->435K(77696K), 0.0001950 secs]
449.662: [GC (Allocation Failure) 35019K->435K(76544K), 0.0002240 secs]
449.766: [GC (Allocation Failure) 33847K->435K(75456K), 0.0002220 secs]
449.784: [GC (Allocation Failure) 32772K->435K(74432K), 0.0002240 secs]
449.865: [GC (Allocation Failure) 31698K->435K(73408K), 0.0003580 secs]
449.887: [GC (Allocation Failure) 30721K->435K(72448K), 0.0002940 secs]
449.901: [GC (Allocation Failure) 29745K->435K(71552K), 0.0002180 secs]
449.982: [GC (Allocation Failure) 28865K->435K(70656K), 0.0002240 secs]
449.994: [GC (Allocation Failure) 27986K->435K(69824K), 0.0002270 secs]
450.006: [GC (Allocation Failure) 27107K->435K(75200K), 0.0002160 secs]
450.066: [GC (Allocation Failure) 32479K->435K(74176K), 0.0002220 secs]
450.080: [GC (Allocation Failure) 31503K->435K(80448K), 0.0002180 secs]
450.098: [GC (Allocation Failure) 37754K->435K(87936K), 0.0002110 secs]
450.171: [GC (Allocation Failure) 45274K->435K(86336K), 0.0002170 secs]
450.190: [GC (Allocation Failure) 43614K->435K(84800K), 0.0002880 secs]
450.288: [GC (Allocation Failure) 42149K->435K(83328K), 0.0002200 secs]
450.306: [GC (Allocation Failure) 40684K->435K(81920K), 0.0002160 secs]
450.356: [GC (Allocation Failure) 39219K->435K(80576K), 0.0002140 secs]
450.373: [GC (Allocation Failure) 37851K->435K(79296K), 0.0002280 secs]
450.430: [GC (Allocation Failure) 36582K->435K(78080K), 0.0002060 secs]
450.448: [GC (Allocation Failure) 35409K->435K(76928K), 0.0002010 secs]
450.517: [GC (Allocation Failure) 34237K->435K(75840K), 0.0002180 secs]
450.535: [GC (Allocation Failure) 33163K->435K(74752K), 0.0002730 secs]
450.549: [GC (Allocation Failure) 32089K->435K(73728K), 0.0002180 secs]
450.612: [GC (Allocation Failure) 31014K->435K(72768K), 0.0002170 secs]
450.662: [GC (Allocation Failure) 30038K->435K(71808K), 0.0002040 secs]
450.715: [GC (Allocation Failure) 29158K->435K(70912K), 0.0002160 secs]
450.728: [GC (Allocation Failure) 28182K->435K(70080K), 0.0002190 secs]
450.761: [GC (Allocation Failure) 27400K->435K(69248K), 0.0002010 secs]
450.910: [GC (Allocation Failure) 26521K->435K(68480K), 0.0002660 secs]
450.964: [GC (Allocation Failure) 25838K->435K(67712K), 0.0002120 secs]
450.975: [GC (Allocation Failure) 25052K->435K(67008K), 0.0002280 secs]
450.986: [GC (Allocation Failure) 24369K->435K(71808K), 0.0002040 secs]
451.016: [GC (Allocation Failure) 29158K->435K(70912K), 0.0002180 secs]
451.028: [GC (Allocation Failure) 28182K->435K(76480K), 0.0002190 secs]
451.067: [GC (Allocation Failure) 33749K->435K(75392K), 0.0002090 secs]
451.084: [GC (Allocation Failure) 32675K->435K(81856K), 0.0003300 secs]
451.168: [GC (Allocation Failure) 39219K->435K(80512K), 0.0002180 secs]
451.220: [GC (Allocation Failure) 37851K->435K(79232K), 0.0002140 secs]
451.236: [GC (Allocation Failure) 36582K->435K(78016K), 0.0002100 secs]
451.251: [GC (Allocation Failure) 35312K->435K(76864K), 0.0002000 secs]
451.314: [GC (Allocation Failure) 34140K->435K(75776K), 0.0002120 secs]
451.332: [GC (Allocation Failure) 33065K->435K(74688K), 0.0002130 secs]
451.350: [GC (Allocation Failure) 31991K->435K(73664K), 0.0002010 secs]
451.367: [GC (Allocation Failure) 31014K->435K(72704K), 0.0002010 secs]
451.384: [GC (Allocation Failure) 30038K->435K(71808K), 0.0002160 secs]
451.397: [GC (Allocation Failure) 29158K->435K(77568K), 0.0002150 secs]
451.419: [GC (Allocation Failure) 34921K->435K(84480K), 0.0002220 secs]
451.441: [GC (Allocation Failure) 41758K->435K(83008K), 0.0002140 secs]
451.459: [GC (Allocation Failure) 40293K->435K(81600K), 0.0002110 secs]
451.480: [GC (Allocation Failure) 38926K->435K(80256K), 0.0002130 secs]
451.568: [GC (Allocation Failure) 37558K->435K(78976K), 0.0002030 secs]
451.588: [GC (Allocation Failure) 36289K->435K(77760K), 0.0002140 secs]
451.607: [GC (Allocation Failure) 35116K->435K(76608K), 0.0002110 secs]
451.664: [GC (Allocation Failure) 33944K->435K(75520K), 0.0002040 secs]
451.814: [GC (Allocation Failure) 32870K->435K(74496K), 0.0002040 secs]
451.864: [GC (Allocation Failure) 31796K->435K(73472K), 0.0002050 secs]
451.917: [GC (Allocation Failure) 30819K->435K(72512K), 0.0002160 secs]
451.934: [GC (Allocation Failure) 29842K->435K(71616K), 0.0002250 secs]
451.947: [GC (Allocation Failure) 28963K->435K(70720K), 0.0002670 secs]
451.975: [GC (Allocation Failure) 27986K->435K(69888K), 0.0002140 secs]
451.987: [GC (Allocation Failure) 27205K->435K(75264K), 0.0002190 secs]
452.001: [GC (Allocation Failure) 32577K->435K(81728K), 0.0002080 secs]
452.067: [GC (Allocation Failure) 39023K->435K(80384K), 0.0002120 secs]
452.083: [GC (Allocation Failure) 37656K->435K(79104K), 0.0002010 secs]
452.101: [GC (Allocation Failure) 36386K->435K(77888K), 0.0001980 secs]
452.116: [GC (Allocation Failure) 35214K->435K(76736K), 0.0002030 secs]
452.165: [GC (Allocation Failure) 34042K->435K(75648K), 0.0002220 secs]
452.183: [GC (Allocation Failure) 32968K->435K(74560K), 0.0002680 secs]
452.197: [GC (Allocation Failure) 31893K->435K(80896K), 0.0002110 secs]
452.213: [GC (Allocation Failure) 38242K->435K(88512K), 0.0002020 secs]
452.233: [GC (Allocation Failure) 45860K->435K(97600K), 0.0002020 secs]
452.260: [GC (Allocation Failure) 54948K->435K(95552K), 0.0002110 secs]
452.305: [GC (Allocation Failure) 52897K->435K(93568K), 0.0002180 secs]
452.327: [GC (Allocation Failure) 50846K->435K(91712K), 0.0002140 secs]
452.349: [GC (Allocation Failure) 48986K->435K(89920K), 0.0002050 secs]
452.393: [GC (Allocation Failure) 47228K->435K(88192K), 0.0002160 secs]
452.418: [GC (Allocation Failure) 45470K->435K(86592K), 0.0002020 secs]
452.441: [GC (Allocation Failure) 43907K->435K(85056K), 0.0002220 secs]
452.469: [GC (Allocation Failure) 42344K->435K(83584K), 0.0002140 secs]
452.491: [GC (Allocation Failure) 40879K->435K(82176K), 0.0002110 secs]
452.508: [GC (Allocation Failure) 39512K->435K(80832K), 0.0002010 secs]
452.529: [GC (Allocation Failure) 38144K->435K(79552K), 0.0002120 secs]
452.549: [GC (Allocation Failure) 36875K->435K(78336K), 0.0002110 secs]
452.567: [GC (Allocation Failure) 35605K->435K(77184K), 0.0002110 secs]
452.582: [GC (Allocation Failure) 34530K->435K(76032K), 0.0002030 secs]
452.596: [GC (Allocation Failure) 33358K->435K(82624K), 0.0002020 secs]
452.619: [GC (Allocation Failure) 39902K->435K(81280K), 0.0002100 secs]
452.635: [GC (Allocation Failure) 38633K->435K(80000K), 0.0002020 secs]
452.667: [GC (Allocation Failure) 37363K->435K(78720K), 0.0002260 secs]
452.687: [GC (Allocation Failure) 35996K->435K(77504K), 0.0002060 secs]
452.701: [GC (Allocation Failure) 34823K->435K(76352K), 0.0002130 secs]
452.720: [GC (Allocation Failure) 33651K->435K(75264K), 0.0002140 secs]
452.765: [GC (Allocation Failure) 32577K->435K(74240K), 0.0002160 secs]
452.787: [GC (Allocation Failure) 31600K->435K(73216K), 0.0002120 secs]
452.801: [GC (Allocation Failure) 30526K->435K(72256K), 0.0002180 secs]
452.818: [GC (Allocation Failure) 29549K->435K(78144K), 0.0002140 secs]
452.967: [GC (Allocation Failure) 35409K->435K(76992K), 0.0002110 secs]
452.981: [GC (Allocation Failure) 34335K->435K(75904K), 0.0002040 secs]
453.000: [GC (Allocation Failure) 33261K->435K(74816K), 0.0002100 secs]
453.015: [GC (Allocation Failure) 32089K->435K(81216K), 0.0002720 secs]
453.068: [GC (Allocation Failure) 38535K->435K(79936K), 0.0002050 secs]
453.118: [GC (Allocation Failure) 37265K->435K(78656K), 0.0002120 secs]
453.137: [GC (Allocation Failure) 35996K->435K(77440K), 0.0002020 secs]
453.156: [GC (Allocation Failure) 34726K->435K(76288K), 0.0002080 secs]
453.270: [GC (Allocation Failure) 33554K->435K(75200K), 0.0002040 secs]
453.285: [GC (Allocation Failure) 32479K->435K(74176K), 0.0002180 secs]
453.302: [GC (Allocation Failure) 31503K->435K(73152K), 0.0002210 secs]
453.319: [GC (Allocation Failure) 30428K->435K(79168K), 0.0002730 secs]
453.339: [GC (Allocation Failure) 36484K->435K(77952K), 0.0002150 secs]
453.359: [GC (Allocation Failure) 35312K->435K(76800K), 0.0002260 secs]
453.417: [GC (Allocation Failure) 34140K->435K(75712K), 0.0002130 secs]
453.489: [GC (Allocation Failure) 33065K->435K(74624K), 0.0002230 secs]
453.503: [GC (Allocation Failure) 31893K->435K(73600K), 0.0002030 secs]
453.566: [GC (Allocation Failure) 30917K->435K(72640K), 0.0002150 secs]
453.583: [GC (Allocation Failure) 29940K->435K(71744K), 0.0002030 secs]
453.619: [GC (Allocation Failure) 29061K->435K(70848K), 0.0002120 secs]
453.631: [GC (Allocation Failure) 28182K->435K(70016K), 0.0002180 secs]
453.643: [GC (Allocation Failure) 27303K->435K(75456K), 0.0002700 secs]
453.667: [GC (Allocation Failure) 32772K->435K(81984K), 0.0002030 secs]
453.775: [GC (Allocation Failure) 39316K->435K(80640K), 0.0002260 secs]
453.796: [GC (Allocation Failure) 37949K->435K(79360K), 0.0002140 secs]
453.871: [GC (Allocation Failure) 36679K->435K(78144K), 0.0001970 secs]
453.886: [GC (Allocation Failure) 35409K->435K(76992K), 0.0002740 secs]
453.918: [GC (Allocation Failure) 34335K->435K(75904K), 0.0002160 secs]
453.936: [GC (Allocation Failure) 33261K->435K(74816K), 0.0002140 secs]
453.950: [GC (Allocation Failure) 32089K->435K(73792K), 0.0002140 secs]
453.967: [GC (Allocation Failure) 31112K->435K(79936K), 0.0002140 secs]
453.987: [GC (Allocation Failure) 37265K->435K(78656K), 0.0002110 secs]
454.122: [GC (Allocation Failure) 35996K->435K(77440K), 0.0002050 secs]
454.142: [GC (Allocation Failure) 34726K->435K(76288K), 0.0002030 secs]
454.188: [GC (Allocation Failure) 33554K->435K(75200K), 0.0003510 secs]
454.206: [GC (Allocation Failure) 32479K->435K(74176K), 0.0002710 secs]
454.220: [GC (Allocation Failure) 31503K->435K(80448K), 0.0002170 secs]
454.240: [GC (Allocation Failure) 37754K->435K(87936K), 0.0002220 secs]
454.273: [GC (Allocation Failure) 45274K->435K(86336K), 0.0002140 secs]
454.295: [GC (Allocation Failure) 43614K->435K(84800K), 0.0002130 secs]
454.322: [GC (Allocation Failure) 42149K->435K(83328K), 0.0002460 secs]
454.344: [GC (Allocation Failure) 40684K->435K(81920K), 0.0002020 secs]
454.372: [GC (Allocation Failure) 39219K->435K(80576K), 0.0002680 secs]
454.393: [GC (Allocation Failure) 37851K->435K(79296K), 0.0002060 secs]
454.410: [GC (Allocation Failure) 36582K->435K(78080K), 0.0001980 secs]
454.429: [GC (Allocation Failure) 35409K->435K(76928K), 0.0002710 secs]
454.444: [GC (Allocation Failure) 34237K->435K(83712K), 0.0002150 secs]
454.465: [GC (Allocation Failure) 41074K->435K(82304K), 0.0002120 secs]
454.487: [GC (Allocation Failure) 39609K->435K(90176K), 0.0002820 secs]
454.507: [GC (Allocation Failure) 47521K->435K(99648K), 0.0002140 secs]
454.532: [GC (Allocation Failure) 56999K->435K(97472K), 0.0002020 secs]
454.558: [GC (Allocation Failure) 54753K->435K(95424K), 0.0002010 secs]
454.585: [GC (Allocation Failure) 52701K->435K(93440K), 0.0002110 secs]
454.693: [GC (Allocation Failure) 50748K->435K(91584K), 0.0002810 secs]
454.779: [GC (Allocation Failure) 48888K->435K(89792K), 0.0002230 secs]
454.800: [GC (Allocation Failure) 47130K->435K(88064K), 0.0002130 secs]
454.823: [GC (Allocation Failure) 45372K->435K(86464K), 0.0002020 secs]
454.842: [GC (Allocation Failure) 43809K->435K(84928K), 0.0002040 secs]
454.864: [GC (Allocation Failure) 42247K->435K(83456K), 0.0002100 secs]
454.972: [GC (Allocation Failure) 40781K->435K(82048K), 0.0002270 secs]
454.993: [GC (Allocation Failure) 39316K->435K(80704K), 0.0002020 secs]
455.013: [GC (Allocation Failure) 38047K->435K(79424K), 0.0002180 secs]
455.029: [GC (Allocation Failure) 36777K->435K(78208K), 0.0002150 secs]
455.044: [GC (Allocation Failure) 35507K->435K(77056K), 0.0002140 secs]
455.059: [GC (Allocation Failure) 34335K->435K(83904K), 0.0002130 secs]
455.095: [GC (Allocation Failure) 41172K->435K(82496K), 0.0002160 secs]
455.117: [GC (Allocation Failure) 39805K->435K(81152K), 0.0002070 secs]
455.137: [GC (Allocation Failure) 38437K->435K(79872K), 0.0002270 secs]
455.166: [GC (Allocation Failure) 37168K->435K(78656K), 0.0002030 secs]
455.270: [GC (Allocation Failure) 35996K->435K(77440K), 0.0002130 secs]
455.324: [GC (Allocation Failure) 34726K->435K(76288K), 0.0002120 secs]
455.343: [GC (Allocation Failure) 33554K->435K(75200K), 0.0002060 secs]
455.357: [GC (Allocation Failure) 32479K->435K(74176K), 0.0002070 secs]
455.372: [GC (Allocation Failure) 31503K->435K(73152K), 0.0002020 secs]
455.418: [GC (Allocation Failure) 30428K->435K(72192K), 0.0002110 secs]
455.435: [GC (Allocation Failure) 29549K->435K(71296K), 0.0002010 secs]
455.543: [GC (Allocation Failure) 28572K->435K(70400K), 0.0002740 secs]
455.567: [GC (Allocation Failure) 27693K->435K(69568K), 0.0002050 secs]
455.617: [GC (Allocation Failure) 26912K->435K(68800K), 0.0002020 secs]
455.662: [GC (Allocation Failure) 26131K->435K(68032K), 0.0002590 secs]
455.714: [GC (Allocation Failure) 25349K->435K(67328K), 0.0002220 secs]
455.725: [GC (Allocation Failure) 24662K->435K(66624K), 0.0002040 secs]
455.866: [GC (Allocation Failure) 23978K->435K(65984K), 0.0002770 secs]
455.881: [GC (Allocation Failure) 23294K->435K(65344K), 0.0002100 secs]
455.912: [GC (Allocation Failure) 22610K->435K(64704K), 0.0003230 secs]
455.969: [GC (Allocation Failure) 22024K->435K(64128K), 0.0002140 secs]
455.982: [GC (Allocation Failure) 21438K->435K(63552K), 0.0002330 secs]
455.996: [GC (Allocation Failure) 20852K->435K(67648K), 0.0002660 secs]
456.011: [GC (Allocation Failure) 24955K->435K(72576K), 0.0002110 secs]
456.029: [GC (Allocation Failure) 29842K->435K(78528K), 0.0002140 secs]
456.045: [GC (Allocation Failure) 35800K->435K(85632K), 0.0002760 secs]
456.064: [GC (Allocation Failure) 42930K->435K(94144K), 0.0002020 secs]
456.090: [GC (Allocation Failure) 51432K->435K(104384K), 0.0002100 secs]
456.183: [GC (Allocation Failure) 61687K->435K(102016K), 0.0002690 secs]
456.282: [GC (Allocation Failure) 59343K->435K(99712K), 0.0002060 secs]
456.360: [GC (Allocation Failure) 56999K->435K(97536K), 0.0002260 secs]
456.384: [GC (Allocation Failure) 54850K->435K(95488K), 0.0002050 secs]
456.428: [GC (Allocation Failure) 52799K->435K(93504K), 0.0002280 secs]
456.454: [GC (Allocation Failure) 50846K->435K(91648K), 0.0002140 secs]
456.478: [GC (Allocation Failure) 48986K->435K(89856K), 0.0002140 secs]
456.527: [GC (Allocation Failure) 47130K->435K(88128K), 0.0002040 secs]
456.580: [GC (Allocation Failure) 45470K->435K(86528K), 0.0002110 secs]
456.599: [GC (Allocation Failure) 43809K->435K(84992K), 0.0002690 secs]
456.672: [GC (Allocation Failure) 42344K->435K(83520K), 0.0002220 secs]
456.690: [GC (Allocation Failure) 40879K->435K(82112K), 0.0002010 secs]
456.707: [GC (Allocation Failure) 39414K->435K(80768K), 0.0002020 secs]
456.778: [GC (Allocation Failure) 38047K->435K(79488K), 0.0002100 secs]
456.794: [GC (Allocation Failure) 36777K->435K(78272K), 0.0002010 secs]
456.813: [GC (Allocation Failure) 35605K->435K(77120K), 0.0002130 secs]
456.828: [GC (Allocation Failure) 34433K->435K(75968K), 0.0002010 secs]
456.846: [GC (Allocation Failure) 33261K->435K(74880K), 0.0002120 secs]
456.864: [GC (Allocation Failure) 32186K->435K(73856K), 0.0002010 secs]
456.882: [GC (Allocation Failure) 31210K->435K(72896K), 0.0002140 secs]
456.899: [GC (Allocation Failure) 30233K->435K(71936K), 0.0002270 secs]
456.920: [GC (Allocation Failure) 29256K->435K(77760K), 0.0002730 secs]
456.936: [GC (Allocation Failure) 35116K->435K(84736K), 0.0002010 secs]
456.958: [GC (Allocation Failure) 42051K->435K(83264K), 0.0001990 secs]
456.979: [GC (Allocation Failure) 40586K->435K(81856K), 0.0002100 secs]
457.001: [GC (Allocation Failure) 39219K->435K(80512K), 0.0002200 secs]
457.076: [GC (Allocation Failure) 37851K->435K(79232K), 0.0001880 secs]
457.092: [GC (Allocation Failure) 36582K->435K(78016K), 0.0002080 secs]
457.118: [GC (Allocation Failure) 35312K->435K(76864K), 0.0002330 secs]
457.169: [GC (Allocation Failure) 34140K->435K(75776K), 0.0002400 secs]
457.185: [GC (Allocation Failure) 33065K->435K(74688K), 0.0002630 secs]
457.199: [GC (Allocation Failure) 31991K->435K(73664K), 0.0002010 secs]
457.212: [GC (Allocation Failure) 31014K->435K(79808K), 0.0002030 secs]
457.232: [GC (Allocation Failure) 37168K->435K(87168K), 0.0002100 secs]
457.327: [GC (Allocation Failure) 44493K->435K(85568K), 0.0002120 secs]
457.345: [GC (Allocation Failure) 42930K->435K(84032K), 0.0002030 secs]
457.426: [GC (Allocation Failure) 41367K->435K(82624K), 0.0002130 secs]
457.447: [GC (Allocation Failure) 39902K->435K(81280K), 0.0001990 secs]
457.475: [GC (Allocation Failure) 38633K->435K(80000K), 0.0002020 secs]
457.507: [GC (Allocation Failure) 37363K->435K(78720K), 0.0002320 secs]
457.523: [GC (Allocation Failure) 35996K->435K(77504K), 0.0002290 secs]
457.542: [GC (Allocation Failure) 34823K->435K(76352K), 0.0002020 secs]
457.557: [GC (Allocation Failure) 33651K->435K(75264K), 0.0002190 secs]
457.571: [GC (Allocation Failure) 32577K->435K(81728K), 0.0002130 secs]
457.598: [GC (Allocation Failure) 39023K->435K(80384K), 0.0002110 secs]
457.618: [GC (Allocation Failure) 37656K->435K(87872K), 0.0002770 secs]
457.638: [GC (Allocation Failure) 45177K->435K(86272K), 0.0002130 secs]
457.659: [GC (Allocation Failure) 43614K->435K(84736K), 0.0002100 secs]
457.730: [GC (Allocation Failure) 42051K->435K(83264K), 0.0002150 secs]
457.752: [GC (Allocation Failure) 40586K->435K(81856K), 0.0002110 secs]
457.772: [GC (Allocation Failure) 39219K->435K(80512K), 0.0001990 secs]
457.879: [GC (Allocation Failure) 37851K->435K(79232K), 0.0002110 secs]
457.895: [GC (Allocation Failure) 36582K->435K(78016K), 0.0002090 secs]
457.924: [GC (Allocation Failure) 35312K->435K(76864K), 0.0002020 secs]
458.027: [GC (Allocation Failure) 34140K->435K(75776K), 0.0002210 secs]
458.041: [GC (Allocation Failure) 33065K->435K(74688K), 0.0002130 secs]
458.055: [GC (Allocation Failure) 31991K->435K(73664K), 0.0002010 secs]
458.076: [GC (Allocation Failure) 31014K->435K(72704K), 0.0002220 secs]
458.093: [GC (Allocation Failure) 30038K->435K(71808K), 0.0002140 secs]
458.163: [GC (Allocation Failure) 29158K->435K(70912K), 0.0002150 secs]
458.225: [GC (Allocation Failure) 28182K->435K(70080K), 0.0002200 secs]
458.237: [GC (Allocation Failure) 27400K->435K(69248K), 0.0002160 secs]
458.249: [GC (Allocation Failure) 26521K->435K(74496K), 0.0002020 secs]
458.263: [GC (Allocation Failure) 31796K->435K(80832K), 0.0002110 secs]
458.283: [GC (Allocation Failure) 38144K->435K(88384K), 0.0002130 secs]
458.329: [GC (Allocation Failure) 45665K->435K(86720K), 0.0002170 secs]
458.369: [GC (Allocation Failure) 44005K->435K(85184K), 0.0002080 secs]
458.395: [GC (Allocation Failure) 42540K->435K(83712K), 0.0002750 secs]
458.413: [GC (Allocation Failure) 41074K->435K(82304K), 0.0002060 secs]
458.481: [GC (Allocation Failure) 39609K->435K(80960K), 0.0002230 secs]
458.501: [GC (Allocation Failure) 38242K->435K(79680K), 0.0002130 secs]
458.517: [GC (Allocation Failure) 36972K->435K(78464K), 0.0002160 secs]
458.537: [GC (Allocation Failure) 35800K->435K(77312K), 0.0002230 secs]
458.628: [GC (Allocation Failure) 34628K->435K(76160K), 0.0002100 secs]
458.642: [GC (Allocation Failure) 33456K->435K(75072K), 0.0002100 secs]
458.656: [GC (Allocation Failure) 32382K->435K(74048K), 0.0002030 secs]
458.677: [GC (Allocation Failure) 31405K->435K(80256K), 0.0012430 secs]
458.694: [GC (Allocation Failure) 37558K->435K(87744K), 0.0002090 secs]
458.713: [GC (Allocation Failure) 45079K->435K(96704K), 0.0002080 secs]
458.741: [GC (Allocation Failure) 53971K->435K(107456K), 0.0002160 secs]
458.810: [GC (Allocation Failure) 64813K->435K(120384K), 0.0002040 secs]
458.847: [GC (Allocation Failure) 77709K->435K(117248K), 0.0002030 secs]
458.883: [GC (Allocation Failure) 74584K->435K(114240K), 0.0001980 secs]
458.945: [GC (Allocation Failure) 71552K->435K(111360K), 0.0002020 secs]
458.978: [GC (Allocation Failure) 68720K->435K(108608K), 0.0002010 secs]
459.007: [GC (Allocation Failure) 65887K->435K(105984K), 0.0002030 secs]
459.087: [GC (Allocation Failure) 63250K->435K(103488K), 0.0002030 secs]
459.140: [GC (Allocation Failure) 60808K->435K(101120K), 0.0002150 secs]
459.166: [GC (Allocation Failure) 58464K->435K(98880K), 0.0002130 secs]
459.190: [GC (Allocation Failure) 56218K->435K(96768K), 0.0003910 secs]
459.214: [GC (Allocation Failure) 54069K->435K(94720K), 0.0002030 secs]
459.333: [GC (Allocation Failure) 52018K->435K(92800K), 0.0002110 secs]
459.354: [GC (Allocation Failure) 50162K->435K(90944K), 0.0001980 secs]
459.400: [GC (Allocation Failure) 48302K->435K(89216K), 0.0002120 secs]
459.435: [GC (Allocation Failure) 46544K->435K(87552K), 0.0002100 secs]
459.458: [GC (Allocation Failure) 44884K->435K(85952K), 0.0002010 secs]
459.480: [GC (Allocation Failure) 43223K->435K(84416K), 0.0002030 secs]
459.509: [GC (Allocation Failure) 41758K->435K(82944K), 0.0002490 secs]
459.527: [GC (Allocation Failure) 40293K->435K(81536K), 0.0002160 secs]
459.600: [GC (Allocation Failure) 38828K->435K(80192K), 0.0002260 secs]
459.620: [GC (Allocation Failure) 37461K->435K(78912K), 0.0002020 secs]
459.670: [GC (Allocation Failure) 36191K->435K(77696K), 0.0002070 secs]
459.685: [GC (Allocation Failure) 35019K->435K(76544K), 0.0002150 secs]
459.704: [GC (Allocation Failure) 33847K->435K(75456K), 0.0002130 secs]
459.722: [GC (Allocation Failure) 32772K->435K(74432K), 0.0002140 secs]
459.736: [GC (Allocation Failure) 31698K->435K(73408K), 0.0002000 secs]
459.776: [GC (Allocation Failure) 30721K->435K(72448K), 0.0002170 secs]
459.789: [GC (Allocation Failure) 29745K->435K(71552K), 0.0002150 secs]
459.896: [GC (Allocation Failure) 28865K->435K(70656K), 0.0002150 secs]
459.908: [GC (Allocation Failure) 27986K->435K(69824K), 0.0002070 secs]
459.920: [GC (Allocation Failure) 27107K->435K(75200K), 0.0002070 secs]
459.976: [GC (Allocation Failure) 32479K->435K(74176K), 0.0002020 secs]
459.993: [GC (Allocation Failure) 31503K->435K(73152K), 0.0002250 secs]
460.007: [GC (Allocation Failure) 30428K->435K(79168K), 0.0002130 secs]
460.022: [GC (Allocation Failure) 36484K->435K(86400K), 0.0002220 secs]
460.041: [GC (Allocation Failure) 43712K->435K(95104K), 0.0002730 secs]
460.084: [GC (Allocation Failure) 52408K->435K(93120K), 0.0002060 secs]
460.177: [GC (Allocation Failure) 50455K->435K(91264K), 0.0002260 secs]
460.202: [GC (Allocation Failure) 48595K->435K(89472K), 0.0002100 secs]
460.222: [GC (Allocation Failure) 46739K->435K(87808K), 0.0002010 secs]
460.241: [GC (Allocation Failure) 45079K->435K(86208K), 0.0002040 secs]
460.260: [GC (Allocation Failure) 43516K->435K(84672K), 0.0002020 secs]
460.278: [GC (Allocation Failure) 41953K->435K(83200K), 0.0002150 secs]
460.329: [GC (Allocation Failure) 40488K->435K(81792K), 0.0002110 secs]
460.351: [GC (Allocation Failure) 39121K->435K(80448K), 0.0002020 secs]
460.367: [GC (Allocation Failure) 37754K->435K(79168K), 0.0002020 secs]
460.383: [GC (Allocation Failure) 36484K->435K(77952K), 0.0002020 secs]
460.398: [GC (Allocation Failure) 35312K->435K(76800K), 0.0002120 secs]
460.414: [GC (Allocation Failure) 34140K->435K(83584K), 0.0002030 secs]
460.440: [GC (Allocation Failure) 40879K->435K(82176K), 0.0002150 secs]
460.480: [GC (Allocation Failure) 39512K->435K(80832K), 0.0002240 secs]
460.500: [GC (Allocation Failure) 38144K->435K(79552K), 0.0002140 secs]
460.520: [GC (Allocation Failure) 36875K->435K(78336K), 0.0002120 secs]
460.574: [GC (Allocation Failure) 35605K->435K(77184K), 0.0002250 secs]
460.589: [GC (Allocation Failure) 34530K->435K(76032K), 0.0002150 secs]
460.627: [GC (Allocation Failure) 33358K->435K(74944K), 0.0002140 secs]
460.698: [GC (Allocation Failure) 32284K->435K(73920K), 0.0002140 secs]
460.713: [GC (Allocation Failure) 31210K->435K(72960K), 0.0002300 secs]
460.776: [GC (Allocation Failure) 30233K->435K(72000K), 0.0002260 secs]
460.793: [GC (Allocation Failure) 29354K->435K(71104K), 0.0002020 secs]
460.805: [GC (Allocation Failure) 28377K->435K(70272K), 0.0002160 secs]
460.875: [GC (Allocation Failure) 27596K->435K(69440K), 0.0002250 secs]
460.887: [GC (Allocation Failure) 26717K->435K(68672K), 0.0002020 secs]
460.902: [GC (Allocation Failure) 26033K->435K(73792K), 0.0002150 secs]
460.916: [GC (Allocation Failure) 31112K->435K(79936K), 0.0003190 secs]
460.980: [GC (Allocation Failure) 37265K->435K(87360K), 0.0002180 secs]
461.083: [GC (Allocation Failure) 44688K->435K(85760K), 0.0002110 secs]
461.136: [GC (Allocation Failure) 43028K->435K(84224K), 0.0002140 secs]
461.158: [GC (Allocation Failure) 41563K->435K(82752K), 0.0002130 secs]
461.185: [GC (Allocation Failure) 40098K->435K(81344K), 0.0002100 secs]
461.206: [GC (Allocation Failure) 38633K->435K(80000K), 0.0002150 secs]
461.223: [GC (Allocation Failure) 37363K->435K(78720K), 0.0002010 secs]
461.383: [GC (Allocation Failure) 35996K->435K(77504K), 0.0002210 secs]
461.398: [GC (Allocation Failure) 34823K->435K(76352K), 0.0002160 secs]
461.414: [GC (Allocation Failure) 33651K->435K(75264K), 0.0002000 secs]
461.432: [GC (Allocation Failure) 32577K->435K(74240K), 0.0002180 secs]
461.450: [GC (Allocation Failure) 31600K->435K(73216K), 0.0002210 secs]
461.477: [GC (Allocation Failure) 30526K->435K(72256K), 0.0002120 secs]
461.493: [GC (Allocation Failure) 29549K->435K(71360K), 0.0001990 secs]
461.510: [GC (Allocation Failure) 28670K->435K(70464K), 0.0002110 secs]
461.522: [GC (Allocation Failure) 27791K->435K(75968K), 0.0002030 secs]
461.573: [GC (Allocation Failure) 33261K->435K(74880K), 0.0002110 secs]
461.587: [GC (Allocation Failure) 32186K->435K(73856K), 0.0002020 secs]
461.600: [GC (Allocation Failure) 31210K->435K(80064K), 0.0002010 secs]
461.670: [GC (Allocation Failure) 37363K->435K(78784K), 0.0002230 secs]
461.690: [GC (Allocation Failure) 36093K->435K(77568K), 0.0002310 secs]
461.709: [GC (Allocation Failure) 34921K->435K(76416K), 0.0002130 secs]
461.728: [GC (Allocation Failure) 33749K->435K(75328K), 0.0002000 secs]
461.742: [GC (Allocation Failure) 32675K->435K(81792K), 0.0002250 secs]
461.763: [GC (Allocation Failure) 39121K->435K(89536K), 0.0002700 secs]
461.788: [GC (Allocation Failure) 46837K->435K(87872K), 0.0002120 secs]
461.808: [GC (Allocation Failure) 45177K->435K(86272K), 0.0002010 secs]
461.901: [GC (Allocation Failure) 43614K->435K(84736K), 0.0002800 secs]
461.933: [GC (Allocation Failure) 42051K->435K(83264K), 0.0002250 secs]
461.950: [GC (Allocation Failure) 40586K->435K(81856K), 0.0002130 secs]
461.967: [GC (Allocation Failure) 39219K->435K(80512K), 0.0002030 secs]
461.998: [GC (Allocation Failure) 37851K->435K(79232K), 0.0003640 secs]
462.018: [GC (Allocation Failure) 36582K->435K(78016K), 0.0002110 secs]
462.080: [GC (Allocation Failure) 35312K->435K(76864K), 0.0002070 secs]
462.169: [GC (Allocation Failure) 34140K->435K(75776K), 0.0002280 secs]
462.188: [GC (Allocation Failure) 33065K->435K(74688K), 0.0002030 secs]
462.206: [GC (Allocation Failure) 31991K->435K(73664K), 0.0002110 secs]
462.278: [GC (Allocation Failure) 31014K->435K(72704K), 0.0002120 secs]
462.299: [GC (Allocation Failure) 30038K->435K(71808K), 0.0002330 secs]
462.311: [GC (Allocation Failure) 29158K->435K(70912K), 0.0002070 secs]
462.328: [GC (Allocation Failure) 28182K->435K(70080K), 0.0002030 secs]
462.340: [GC (Allocation Failure) 27400K->435K(75520K), 0.0002280 secs]
462.359: [GC (Allocation Failure) 32870K->435K(82048K), 0.0003240 secs]
462.376: [GC (Allocation Failure) 39316K->435K(89856K), 0.0002160 secs]
462.404: [GC (Allocation Failure) 47130K->435K(99264K), 0.0002490 secs]
462.435: [GC (Allocation Failure) 56608K->435K(97088K), 0.0002710 secs]
462.459: [GC (Allocation Failure) 54362K->435K(95040K), 0.0002040 secs]
462.492: [GC (Allocation Failure) 52311K->435K(93120K), 0.0002230 secs]
462.514: [GC (Allocation Failure) 50455K->435K(91264K), 0.0002040 secs]
462.535: [GC (Allocation Failure) 48595K->435K(89472K), 0.0002000 secs]
462.558: [GC (Allocation Failure) 46739K->435K(87808K), 0.0002050 secs]
462.635: [GC (Allocation Failure) 45079K->435K(86208K), 0.0002030 secs]
462.669: [GC (Allocation Failure) 43516K->435K(84672K), 0.0002130 secs]
462.687: [GC (Allocation Failure) 41953K->435K(83200K), 0.0002030 secs]
462.709: [GC (Allocation Failure) 40488K->435K(81792K), 0.0002700 secs]
462.725: [GC (Allocation Failure) 39121K->435K(80448K), 0.0002130 secs]
462.746: [GC (Allocation Failure) 37754K->435K(79168K), 0.0002210 secs]
462.786: [GC (Allocation Failure) 36484K->435K(77952K), 0.0002250 secs]
462.806: [GC (Allocation Failure) 35312K->435K(76800K), 0.0002180 secs]
462.825: [GC (Allocation Failure) 34140K->435K(75712K), 0.0002110 secs]
462.839: [GC (Allocation Failure) 33065K->435K(74624K), 0.0002020 secs]
462.857: [GC (Allocation Failure) 31893K->435K(73600K), 0.0002000 secs]
462.870: [GC (Allocation Failure) 30917K->435K(79744K), 0.0002160 secs]
462.886: [GC (Allocation Failure) 37070K->435K(87104K), 0.0002030 secs]
462.935: [GC (Allocation Failure) 44395K->435K(85504K), 0.0002130 secs]
462.984: [GC (Allocation Failure) 42833K->435K(83968K), 0.0002020 secs]
463.101: [GC (Allocation Failure) 41270K->435K(82560K), 0.0002030 secs]
463.134: [GC (Allocation Failure) 39902K->435K(81216K), 0.0002160 secs]
463.154: [GC (Allocation Failure) 38535K->435K(79936K), 0.0002010 secs]
463.174: [GC (Allocation Failure) 37265K->435K(78656K), 0.0002120 secs]
463.190: [GC (Allocation Failure) 35996K->435K(77440K), 0.0002150 secs]
463.205: [GC (Allocation Failure) 34726K->435K(76288K), 0.0002130 secs]
463.231: [GC (Allocation Failure) 33554K->435K(75200K), 0.0002010 secs]
463.348: [GC (Allocation Failure) 32479K->435K(74176K), 0.0002390 secs]
463.363: [GC (Allocation Failure) 31503K->435K(73152K), 0.0002590 secs]
463.376: [GC (Allocation Failure) 30428K->435K(79168K), 0.0002150 secs]
463.392: [GC (Allocation Failure) 36484K->435K(86400K), 0.0002010 secs]
463.411: [GC (Allocation Failure) 43712K->435K(95104K), 0.0002040 secs]
463.437: [GC (Allocation Failure) 52408K->435K(93120K), 0.0002130 secs]
463.490: [GC (Allocation Failure) 50455K->435K(91264K), 0.0002060 secs]
463.515: [GC (Allocation Failure) 48595K->435K(89472K), 0.0002090 secs]
463.536: [GC (Allocation Failure) 46739K->435K(87808K), 0.0002030 secs]
463.555: [GC (Allocation Failure) 45079K->435K(86208K), 0.0002140 secs]
463.574: [GC (Allocation Failure) 43516K->435K(84672K), 0.0002040 secs]
463.673: [GC (Allocation Failure) 41953K->435K(83200K), 0.0002280 secs]
463.694: [GC (Allocation Failure) 40488K->435K(81792K), 0.0002120 secs]
463.711: [GC (Allocation Failure) 39121K->435K(80448K), 0.0002030 secs]
463.731: [GC (Allocation Failure) 37754K->435K(79168K), 0.0002110 secs]
463.782: [GC (Allocation Failure) 36484K->435K(77952K), 0.0002150 secs]
463.801: [GC (Allocation Failure) 35312K->435K(76800K), 0.0002100 secs]
463.836: [GC (Allocation Failure) 34140K->435K(75712K), 0.0002000 secs]
463.850: [GC (Allocation Failure) 33065K->435K(74624K), 0.0002120 secs]
463.972: [GC (Allocation Failure) 31893K->435K(73600K), 0.0002020 secs]
464.035: [GC (Allocation Failure) 30917K->435K(72640K), 0.0002170 secs]
464.048: [GC (Allocation Failure) 29940K->435K(71744K), 0.0002180 secs]
464.061: [GC (Allocation Failure) 29061K->435K(70848K), 0.0002020 secs]
464.084: [GC (Allocation Failure) 28182K->435K(70016K), 0.0002130 secs]
464.100: [GC (Allocation Failure) 27303K->435K(69184K), 0.0002010 secs]
464.115: [GC (Allocation Failure) 26521K->435K(68416K), 0.0002100 secs]
464.133: [GC (Allocation Failure) 25740K->435K(73536K), 0.0002220 secs]
464.150: [GC (Allocation Failure) 30819K->435K(79680K), 0.0002160 secs]
464.167: [GC (Allocation Failure) 36972K->435K(87040K), 0.0002620 secs]
464.291: [GC (Allocation Failure) 44395K->435K(85440K), 0.0002880 secs]
464.313: [GC (Allocation Failure) 42735K->435K(83968K), 0.0002160 secs]
464.372: [GC (Allocation Failure) 41270K->435K(82560K), 0.0002120 secs]
464.390: [GC (Allocation Failure) 39902K->435K(81216K), 0.0002050 secs]
464.410: [GC (Allocation Failure) 38535K->435K(79936K), 0.0002280 secs]
464.431: [GC (Allocation Failure) 37265K->435K(78656K), 0.0002120 secs]
464.447: [GC (Allocation Failure) 35996K->435K(77440K), 0.0002030 secs]
464.462: [GC (Allocation Failure) 34726K->435K(76288K), 0.0002010 secs]
464.487: [GC (Allocation Failure) 33554K->435K(75200K), 0.0002230 secs]
464.502: [GC (Allocation Failure) 32479K->435K(81664K), 0.0002660 secs]
464.579: [GC (Allocation Failure) 39023K->435K(80320K), 0.0002200 secs]
464.599: [GC (Allocation Failure) 37656K->435K(79040K), 0.0002190 secs]
464.634: [GC (Allocation Failure) 36386K->435K(77824K), 0.0002120 secs]
464.649: [GC (Allocation Failure) 35116K->435K(76672K), 0.0002010 secs]
464.664: [GC (Allocation Failure) 33944K->435K(75584K), 0.0002030 secs]
464.682: [GC (Allocation Failure) 32870K->435K(74560K), 0.0002090 secs]
464.697: [GC (Allocation Failure) 31893K->435K(80896K), 0.0002210 secs]
464.779: [GC (Allocation Failure) 38242K->435K(79616K), 0.0002420 secs]
464.796: [GC (Allocation Failure) 36972K->435K(78400K), 0.0002190 secs]
464.812: [GC (Allocation Failure) 35702K->435K(77248K), 0.0002040 secs]
464.827: [GC (Allocation Failure) 34530K->435K(84096K), 0.0002020 secs]
464.844: [GC (Allocation Failure) 41367K->435K(82624K), 0.0002040 secs]
464.936: [GC (Allocation Failure) 39902K->435K(81280K), 0.0002120 secs]
464.952: [GC (Allocation Failure) 38633K->435K(80000K), 0.0002110 secs]
464.975: [GC (Allocation Failure) 37363K->435K(78720K), 0.0002100 secs]
465.134: [GC (Allocation Failure) 35996K->435K(77504K), 0.0002020 secs]
465.178: [GC (Allocation Failure) 34823K->435K(76352K), 0.0002390 secs]
465.193: [GC (Allocation Failure) 33651K->435K(75264K), 0.0002150 secs]
465.207: [GC (Allocation Failure) 32577K->435K(74240K), 0.0002010 secs]
465.233: [GC (Allocation Failure) 31600K->435K(73216K), 0.0002020 secs]
465.282: [GC (Allocation Failure) 30526K->435K(72256K), 0.0002220 secs]
465.299: [GC (Allocation Failure) 29549K->435K(71360K), 0.0002120 secs]
465.315: [GC (Allocation Failure) 28670K->435K(70464K), 0.0002140 secs]
465.327: [GC (Allocation Failure) 27791K->435K(75968K), 0.0002110 secs]
465.373: [GC (Allocation Failure) 33261K->435K(74880K), 0.0002280 secs]
465.387: [GC (Allocation Failure) 32186K->435K(73856K), 0.0002010 secs]
465.437: [GC (Allocation Failure) 31210K->435K(72896K), 0.0002200 secs]
465.454: [GC (Allocation Failure) 30233K->435K(71936K), 0.0002290 secs]
465.500: [GC (Allocation Failure) 29256K->435K(71040K), 0.0002100 secs]
465.532: [GC (Allocation Failure) 28377K->435K(70208K), 0.0002060 secs]
465.579: [GC (Allocation Failure) 27498K->435K(69376K), 0.0002280 secs]
465.595: [GC (Allocation Failure) 26717K->435K(68608K), 0.0002670 secs]
465.611: [GC (Allocation Failure) 25935K->435K(67840K), 0.0002110 secs]
465.631: [GC (Allocation Failure) 25150K->435K(67136K), 0.0002260 secs]
465.645: [GC (Allocation Failure) 24466K->435K(72000K), 0.0002120 secs]
465.658: [GC (Allocation Failure) 29354K->435K(77824K), 0.0002500 secs]
465.673: [GC (Allocation Failure) 35116K->435K(84800K), 0.0002030 secs]
465.732: [GC (Allocation Failure) 42149K->435K(83328K), 0.0002230 secs]
465.753: [GC (Allocation Failure) 40684K->435K(81920K), 0.0002110 secs]
465.775: [GC (Allocation Failure) 39219K->435K(80576K), 0.0002690 secs]
465.795: [GC (Allocation Failure) 37851K->435K(79296K), 0.0002220 secs]
465.840: [GC (Allocation Failure) 36582K->435K(78080K), 0.0002090 secs]
465.855: [GC (Allocation Failure) 35409K->435K(76928K), 0.0002120 secs]
465.874: [GC (Allocation Failure) 34237K->435K(75840K), 0.0002180 secs]
465.905: [GC (Allocation Failure) 33163K->435K(74752K), 0.0002250 secs]
465.920: [GC (Allocation Failure) 32089K->435K(73728K), 0.0002200 secs]
465.984: [GC (Allocation Failure) 31014K->435K(72768K), 0.0002040 secs]
466.004: [GC (Allocation Failure) 30038K->435K(71808K), 0.0002170 secs]
466.017: [GC (Allocation Failure) 29158K->435K(70912K), 0.0002170 secs]
466.086: [GC (Allocation Failure) 28182K->435K(70080K), 0.0002110 secs]
466.099: [GC (Allocation Failure) 27400K->435K(69248K), 0.0002260 secs]
466.110: [GC (Allocation Failure) 26521K->435K(74496K), 0.0002040 secs]
466.134: [GC (Allocation Failure) 31796K->435K(80832K), 0.0002210 secs]
466.155: [GC (Allocation Failure) 38144K->435K(88384K), 0.0002710 secs]
466.179: [GC (Allocation Failure) 45665K->435K(97472K), 0.0002230 secs]
466.298: [GC (Allocation Failure) 54753K->435K(95424K), 0.0002330 secs]
466.325: [GC (Allocation Failure) 52701K->435K(93440K), 0.0002170 secs]
466.359: [GC (Allocation Failure) 50748K->435K(91584K), 0.0002010 secs]
466.397: [GC (Allocation Failure) 48888K->435K(89792K), 0.0002210 secs]
466.418: [GC (Allocation Failure) 47130K->435K(88064K), 0.0002010 secs]
466.441: [GC (Allocation Failure) 45372K->435K(86464K), 0.0002120 secs]
466.460: [GC (Allocation Failure) 43809K->435K(84928K), 0.0002040 secs]
466.482: [GC (Allocation Failure) 42247K->435K(83456K), 0.0002170 secs]
466.504: [GC (Allocation Failure) 40781K->435K(82048K), 0.0002170 secs]
466.521: [GC (Allocation Failure) 39316K->435K(89856K), 0.0003180 secs]
466.596: [GC (Allocation Failure) 47130K->435K(88128K), 0.0003330 secs]
466.620: [GC (Allocation Failure) 45470K->435K(86528K), 0.0002070 secs]
466.639: [GC (Allocation Failure) 43809K->435K(84992K), 0.0002120 secs]
466.690: [GC (Allocation Failure) 42344K->435K(83520K), 0.0002090 secs]
466.739: [GC (Allocation Failure) 40879K->435K(82112K), 0.0002130 secs]
466.756: [GC (Allocation Failure) 39414K->435K(80768K), 0.0002080 secs]
466.778: [GC (Allocation Failure) 38047K->435K(79488K), 0.0002140 secs]
466.794: [GC (Allocation Failure) 36777K->435K(78272K), 0.0002050 secs]
466.891: [GC (Allocation Failure) 35605K->435K(77120K), 0.0002110 secs]
466.906: [GC (Allocation Failure) 34433K->435K(75968K), 0.0002430 secs]
466.972: [GC (Allocation Failure) 33261K->435K(74880K), 0.0002210 secs]
466.986: [GC (Allocation Failure) 32186K->435K(73856K), 0.0002240 secs]
467.035: [GC (Allocation Failure) 31210K->435K(72896K), 0.0002120 secs]
467.048: [GC (Allocation Failure) 30233K->435K(71936K), 0.0002040 secs]
467.061: [GC (Allocation Failure) 29256K->435K(77760K), 0.0002120 secs]
467.104: [GC (Allocation Failure) 35116K->435K(76608K), 0.0002260 secs]
467.119: [GC (Allocation Failure) 33944K->435K(83328K), 0.0002750 secs]
467.172: [GC (Allocation Failure) 40684K->435K(81920K), 0.0002210 secs]
467.189: [GC (Allocation Failure) 39219K->435K(80576K), 0.0002010 secs]
467.242: [GC (Allocation Failure) 37851K->435K(79296K), 0.0002110 secs]
467.258: [GC (Allocation Failure) 36582K->435K(78080K), 0.0002810 secs]
467.291: [GC (Allocation Failure) 35409K->435K(76928K), 0.0002150 secs]
467.306: [GC (Allocation Failure) 34237K->435K(83712K), 0.0002790 secs]
467.344: [GC (Allocation Failure) 41074K->435K(82304K), 0.0002130 secs]
467.365: [GC (Allocation Failure) 39609K->435K(80960K), 0.0002740 secs]
467.386: [GC (Allocation Failure) 38242K->435K(79680K), 0.0002190 secs]
467.402: [GC (Allocation Failure) 36972K->435K(87040K), 0.0002230 secs]
467.423: [GC (Allocation Failure) 44395K->435K(85440K), 0.0001980 secs]
467.445: [GC (Allocation Failure) 42735K->435K(93952K), 0.0002820 secs]
467.467: [GC (Allocation Failure) 51236K->435K(92032K), 0.0002120 secs]
467.488: [GC (Allocation Failure) 49377K->435K(90240K), 0.0002120 secs]
467.513: [GC (Allocation Failure) 47521K->435K(88512K), 0.0002140 secs]
467.542: [GC (Allocation Failure) 45860K->435K(86848K), 0.0003060 secs]
467.595: [GC (Allocation Failure) 44200K->435K(85312K), 0.0002100 secs]
467.614: [GC (Allocation Failure) 42637K->435K(83840K), 0.0002160 secs]
467.632: [GC (Allocation Failure) 41172K->435K(82432K), 0.0002130 secs]
467.653: [GC (Allocation Failure) 39707K->435K(81088K), 0.0002090 secs]
467.743: [GC (Allocation Failure) 38437K->435K(79808K), 0.0002050 secs]
467.760: [GC (Allocation Failure) 37168K->435K(78592K), 0.0002660 secs]
467.789: [GC (Allocation Failure) 35898K->435K(77376K), 0.0002010 secs]
467.842: [GC (Allocation Failure) 34726K->435K(76224K), 0.0002210 secs]
467.860: [GC (Allocation Failure) 33554K->435K(75136K), 0.0002020 secs]
467.875: [GC (Allocation Failure) 32479K->435K(74112K), 0.0002250 secs]
467.888: [GC (Allocation Failure) 31405K->435K(73152K), 0.0002020 secs]
467.902: [GC (Allocation Failure) 30428K->435K(79168K), 0.0002300 secs]
467.918: [GC (Allocation Failure) 36484K->435K(86400K), 0.0002050 secs]
467.946: [GC (Allocation Failure) 43712K->435K(84864K), 0.0002180 secs]
467.968: [GC (Allocation Failure) 42149K->435K(83392K), 0.0002060 secs]
467.986: [GC (Allocation Failure) 40684K->435K(81984K), 0.0002510 secs]
468.007: [GC (Allocation Failure) 39316K->435K(80640K), 0.0002010 secs]
468.024: [GC (Allocation Failure) 37949K->435K(79360K), 0.0002000 secs]
468.093: [GC (Allocation Failure) 36679K->435K(78144K), 0.0002100 secs]
468.109: [GC (Allocation Failure) 35409K->435K(76992K), 0.0002150 secs]
468.138: [GC (Allocation Failure) 34335K->435K(75904K), 0.0002210 secs]
468.156: [GC (Allocation Failure) 33261K->435K(74816K), 0.0002000 secs]
468.170: [GC (Allocation Failure) 32089K->435K(73792K), 0.0002100 secs]
468.188: [GC (Allocation Failure) 31112K->435K(72832K), 0.0001980 secs]
468.201: [GC (Allocation Failure) 30135K->435K(78784K), 0.0002170 secs]
468.311: [GC (Allocation Failure) 36093K->435K(77568K), 0.0002300 secs]
468.330: [GC (Allocation Failure) 34921K->435K(76416K), 0.0002170 secs]
468.350: [GC (Allocation Failure) 33749K->435K(75328K), 0.0002320 secs]
468.387: [GC (Allocation Failure) 32675K->435K(74304K), 0.0002080 secs]
468.409: [GC (Allocation Failure) 31600K->435K(73280K), 0.0002090 secs]
468.424: [GC (Allocation Failure) 30624K->435K(72320K), 0.0002100 secs]
468.477: [GC (Allocation Failure) 29647K->435K(71424K), 0.0002090 secs]
468.490: [GC (Allocation Failure) 28768K->435K(70528K), 0.0002470 secs]
468.502: [GC (Allocation Failure) 27889K->435K(76032K), 0.0002310 secs]
468.517: [GC (Allocation Failure) 33358K->435K(82624K), 0.0002040 secs]
468.538: [GC (Allocation Failure) 39902K->435K(90560K), 0.0002010 secs]
468.559: [GC (Allocation Failure) 47911K->435K(88832K), 0.0002030 secs]
468.644: [GC (Allocation Failure) 46153K->435K(87168K), 0.0002130 secs]
468.669: [GC (Allocation Failure) 44493K->435K(85568K), 0.0002020 secs]
468.688: [GC (Allocation Failure) 42930K->435K(84032K), 0.0002040 secs]
468.746: [GC (Allocation Failure) 41367K->435K(82624K), 0.0002120 secs]
468.763: [GC (Allocation Failure) 39902K->435K(81280K), 0.0002030 secs]
468.895: [GC (Allocation Failure) 38633K->435K(80000K), 0.0002210 secs]
468.911: [GC (Allocation Failure) 37363K->435K(78720K), 0.0002020 secs]
468.931: [GC (Allocation Failure) 35996K->435K(77504K), 0.0002190 secs]
468.989: [GC (Allocation Failure) 34823K->435K(76352K), 0.0002220 secs]
469.008: [GC (Allocation Failure) 33651K->435K(75264K), 0.0002120 secs]
469.025: [GC (Allocation Failure) 32577K->435K(74240K), 0.0002010 secs]
469.042: [GC (Allocation Failure) 31600K->435K(73216K), 0.0002310 secs]
469.055: [GC (Allocation Failure) 30526K->435K(79296K), 0.0002030 secs]
469.075: [GC (Allocation Failure) 36582K->435K(78080K), 0.0002100 secs]
469.107: [GC (Allocation Failure) 35409K->435K(76928K), 0.0002130 secs]
469.169: [GC (Allocation Failure) 34237K->435K(75840K), 0.0002260 secs]
469.187: [GC (Allocation Failure) 33163K->435K(74752K), 0.0002380 secs]
469.243: [GC (Allocation Failure) 32089K->435K(73728K), 0.0002110 secs]
469.260: [GC (Allocation Failure) 31014K->435K(72768K), 0.0002060 secs]
469.275: [GC (Allocation Failure) 30038K->435K(71808K), 0.0002140 secs]
469.288: [GC (Allocation Failure) 29158K->435K(77568K), 0.0002050 secs]
469.365: [GC (Allocation Failure) 34921K->435K(76416K), 0.0002180 secs]
469.385: [GC (Allocation Failure) 33749K->435K(75328K), 0.0002180 secs]
469.492: [GC (Allocation Failure) 32675K->435K(74304K), 0.0003140 secs]
469.510: [GC (Allocation Failure) 31600K->435K(73280K), 0.0002170 secs]
469.543: [GC (Allocation Failure) 30624K->435K(72320K), 0.0002160 secs]
469.559: [GC (Allocation Failure) 29647K->435K(71424K), 0.0002220 secs]
469.571: [GC (Allocation Failure) 28768K->435K(70528K), 0.0002020 secs]
469.591: [GC (Allocation Failure) 27889K->435K(69696K), 0.0002390 secs]
469.604: [GC (Allocation Failure) 27010K->435K(75072K), 0.0002620 secs]
469.618: [GC (Allocation Failure) 32382K->435K(81472K), 0.0002040 secs]
469.635: [GC (Allocation Failure) 38828K->435K(89152K), 0.0002740 secs]
469.787: [GC (Allocation Failure) 46446K->435K(87488K), 0.0002250 secs]
469.806: [GC (Allocation Failure) 44786K->435K(85888K), 0.0002230 secs]
469.826: [GC (Allocation Failure) 43223K->435K(84352K), 0.0002110 secs]
469.844: [GC (Allocation Failure) 41660K->435K(82880K), 0.0002030 secs]
469.893: [GC (Allocation Failure) 40195K->435K(81472K), 0.0002250 secs]
469.910: [GC (Allocation Failure) 38828K->435K(80128K), 0.0002050 secs]
469.942: [GC (Allocation Failure) 37461K->435K(78848K), 0.0002130 secs]
469.961: [GC (Allocation Failure) 36191K->435K(77632K), 0.0002040 secs]
470.091: [GC (Allocation Failure) 34921K->435K(76480K), 0.0002140 secs]
470.145: [GC (Allocation Failure) 33749K->435K(75392K), 0.0002220 secs]
470.159: [GC (Allocation Failure) 32675K->435K(74368K), 0.0002010 secs]
470.194: [GC (Allocation Failure) 31698K->435K(73344K), 0.0002230 secs]
470.211: [GC (Allocation Failure) 30624K->435K(72384K), 0.0002130 secs]
470.224: [GC (Allocation Failure) 29745K->435K(71488K), 0.0002170 secs]
470.310: [GC (Allocation Failure) 28768K->435K(70592K), 0.0002350 secs]
470.327: [GC (Allocation Failure) 27889K->435K(69760K), 0.0002160 secs]
470.349: [GC (Allocation Failure) 27107K->435K(75136K), 0.0003980 secs]
470.380: [GC (Allocation Failure) 32479K->435K(74112K), 0.0002140 secs]
470.398: [GC (Allocation Failure) 31405K->435K(73152K), 0.0002240 secs]
470.436: [GC (Allocation Failure) 30428K->435K(72192K), 0.0002160 secs]
470.457: [GC (Allocation Failure) 29549K->435K(71296K), 0.0002020 secs]
470.470: [GC (Allocation Failure) 28572K->435K(76992K), 0.0003060 secs]
470.485: [GC (Allocation Failure) 34335K->435K(83776K), 0.0002030 secs]
470.576: [GC (Allocation Failure) 41074K->435K(82368K), 0.0002130 secs]
470.597: [GC (Allocation Failure) 39707K->435K(81024K), 0.0002020 secs]
470.614: [GC (Allocation Failure) 38340K->435K(79744K), 0.0002270 secs]
470.630: [GC (Allocation Failure) 37070K->435K(78528K), 0.0002110 secs]
470.649: [GC (Allocation Failure) 35800K->435K(77312K), 0.0002000 secs]
470.665: [GC (Allocation Failure) 34628K->435K(84160K), 0.0002050 secs]
470.712: [GC (Allocation Failure) 41465K->435K(82688K), 0.0002160 secs]
470.729: [GC (Allocation Failure) 40000K->435K(81344K), 0.0002170 secs]
470.746: [GC (Allocation Failure) 38633K->435K(80000K), 0.0002150 secs]
470.794: [GC (Allocation Failure) 37363K->435K(78720K), 0.0002060 secs]
470.810: [GC (Allocation Failure) 35996K->435K(77504K), 0.0002040 secs]
470.827: [GC (Allocation Failure) 34823K->435K(76352K), 0.0002110 secs]
470.946: [GC (Allocation Failure) 33651K->435K(75264K), 0.0002120 secs]
470.964: [GC (Allocation Failure) 32577K->435K(74240K), 0.0002150 secs]
470.982: [GC (Allocation Failure) 31600K->435K(73216K), 0.0002090 secs]
471.044: [GC (Allocation Failure) 30526K->435K(72256K), 0.0002140 secs]
471.058: [GC (Allocation Failure) 29549K->435K(71360K), 0.0002160 secs]
471.070: [GC (Allocation Failure) 28670K->435K(77056K), 0.0002130 secs]
471.092: [GC (Allocation Failure) 34335K->435K(75904K), 0.0002130 secs]
471.169: [GC (Allocation Failure) 33261K->435K(74816K), 0.0002270 secs]
471.183: [GC (Allocation Failure) 32089K->435K(73792K), 0.0002110 secs]
471.201: [GC (Allocation Failure) 31112K->435K(72832K), 0.0002000 secs]
471.214: [GC (Allocation Failure) 30135K->435K(78784K), 0.0002260 secs]
471.229: [GC (Allocation Failure) 36093K->435K(85952K), 0.0002120 secs]
471.252: [GC (Allocation Failure) 43223K->435K(94528K), 0.0001990 secs]
471.274: [GC (Allocation Failure) 51822K->435K(92608K), 0.0002200 secs]
471.352: [GC (Allocation Failure) 49967K->435K(90752K), 0.0002090 secs]
471.373: [GC (Allocation Failure) 48107K->435K(89024K), 0.0002240 secs]
471.397: [GC (Allocation Failure) 46349K->435K(87360K), 0.0002000 secs]
471.420: [GC (Allocation Failure) 44688K->435K(85760K), 0.0002190 secs]
471.439: [GC (Allocation Failure) 43028K->435K(84224K), 0.0002120 secs]
471.457: [GC (Allocation Failure) 41563K->435K(82752K), 0.0002030 secs]
471.501: [GC (Allocation Failure) 40098K->435K(81344K), 0.0002210 secs]
471.523: [GC (Allocation Failure) 38633K->435K(80000K), 0.0002310 secs]
471.579: [GC (Allocation Failure) 37363K->435K(78720K), 0.0002120 secs]
471.595: [GC (Allocation Failure) 35996K->435K(77504K), 0.0002010 secs]
471.610: [GC (Allocation Failure) 34823K->435K(76352K), 0.0002340 secs]
471.647: [GC (Allocation Failure) 33651K->435K(75264K), 0.0002120 secs]
471.665: [GC (Allocation Failure) 32577K->435K(74240K), 0.0002010 secs]
471.683: [GC (Allocation Failure) 31600K->435K(73216K), 0.0002090 secs]
471.696: [GC (Allocation Failure) 30526K->435K(79296K), 0.0002130 secs]
471.716: [GC (Allocation Failure) 36582K->435K(78080K), 0.0002210 secs]
471.774: [GC (Allocation Failure) 35409K->435K(76928K), 0.0002250 secs]
471.792: [GC (Allocation Failure) 34237K->435K(75840K), 0.0002130 secs]
471.811: [GC (Allocation Failure) 33163K->435K(74752K), 0.0002190 secs]
471.843: [GC (Allocation Failure) 32089K->435K(73728K), 0.0002220 secs]
471.856: [GC (Allocation Failure) 31014K->435K(72768K), 0.0002120 secs]
471.869: [GC (Allocation Failure) 30038K->435K(78720K), 0.0002140 secs]
471.889: [GC (Allocation Failure) 35996K->435K(85888K), 0.0002120 secs]
471.908: [GC (Allocation Failure) 43223K->435K(94464K), 0.0002100 secs]
471.934: [GC (Allocation Failure) 51822K->435K(92544K), 0.0003020 secs]
471.956: [GC (Allocation Failure) 49867K->435K(90688K), 0.0002070 secs]
471.983: [GC (Allocation Failure) 48009K->435K(88960K), 0.0002150 secs]
472.003: [GC (Allocation Failure) 46251K->435K(87296K), 0.0002030 secs]
472.026: [GC (Allocation Failure) 44591K->435K(85696K), 0.0002720 secs]
472.045: [GC (Allocation Failure) 43028K->435K(84160K), 0.0002140 secs]
472.101: [GC (Allocation Failure) 41465K->435K(82688K), 0.0002820 secs]
472.123: [GC (Allocation Failure) 40000K->435K(81344K), 0.0002020 secs]
472.167: [GC (Allocation Failure) 38633K->435K(80000K), 0.0002710 secs]
472.199: [GC (Allocation Failure) 37363K->435K(78720K), 0.0002130 secs]
472.215: [GC (Allocation Failure) 35996K->435K(77504K), 0.0002690 secs]
472.248: [GC (Allocation Failure) 34823K->435K(76352K), 0.0002230 secs]
472.263: [GC (Allocation Failure) 33651K->435K(75264K), 0.0002130 secs]
472.277: [GC (Allocation Failure) 32577K->435K(81728K), 0.0002040 secs]
472.294: [GC (Allocation Failure) 39023K->435K(89472K), 0.0002030 secs]
472.351: [GC (Allocation Failure) 46739K->435K(87808K), 0.0002200 secs]
472.371: [GC (Allocation Failure) 45079K->435K(86208K), 0.0002130 secs]
472.427: [GC (Allocation Failure) 43516K->435K(84672K), 0.0002180 secs]
472.449: [GC (Allocation Failure) 41953K->435K(83200K), 0.0002760 secs]
472.467: [GC (Allocation Failure) 40488K->435K(81792K), 0.0002050 secs]
472.501: [GC (Allocation Failure) 39121K->435K(80448K), 0.0002100 secs]
472.517: [GC (Allocation Failure) 37754K->435K(79168K), 0.0002040 secs]
472.533: [GC (Allocation Failure) 36484K->435K(77952K), 0.0002020 secs]
472.548: [GC (Allocation Failure) 35312K->435K(76800K), 0.0002020 secs]
472.694: [GC (Allocation Failure) 34140K->435K(75712K), 0.0002140 secs]
472.713: [GC (Allocation Failure) 33065K->435K(74624K), 0.0002160 secs]
472.727: [GC (Allocation Failure) 31893K->435K(73600K), 0.0002040 secs]
472.793: [GC (Allocation Failure) 30917K->435K(72640K), 0.0002030 secs]
472.809: [GC (Allocation Failure) 29940K->435K(71744K), 0.0002140 secs]
472.821: [GC (Allocation Failure) 29061K->435K(77504K), 0.0002150 secs]
472.849: [GC (Allocation Failure) 34823K->435K(76352K), 0.0002150 secs]
472.864: [GC (Allocation Failure) 33651K->435K(83008K), 0.0002120 secs]
472.885: [GC (Allocation Failure) 40293K->435K(81600K), 0.0002070 secs]
472.947: [GC (Allocation Failure) 38926K->435K(80256K), 0.0002150 secs]
472.967: [GC (Allocation Failure) 37558K->435K(78976K), 0.0002130 secs]
472.987: [GC (Allocation Failure) 36289K->435K(77760K), 0.0002010 secs]
473.006: [GC (Allocation Failure) 35116K->435K(76608K), 0.0002430 secs]
473.045: [GC (Allocation Failure) 33944K->435K(75520K), 0.0002130 secs]
473.063: [GC (Allocation Failure) 32870K->435K(74496K), 0.0002010 secs]
473.081: [GC (Allocation Failure) 31796K->435K(73472K), 0.0002020 secs]
473.097: [GC (Allocation Failure) 30819K->435K(79552K), 0.0003620 secs]
473.118: [GC (Allocation Failure) 36875K->435K(86848K), 0.0002050 secs]
473.169: [GC (Allocation Failure) 44200K->435K(85312K), 0.0002760 secs]
473.220: [GC (Allocation Failure) 42637K->435K(83840K), 0.0002210 secs]
473.242: [GC (Allocation Failure) 41172K->435K(82432K), 0.0002140 secs]
473.298: [GC (Allocation Failure) 39707K->435K(81088K), 0.0002150 secs]
473.315: [GC (Allocation Failure) 38437K->435K(79808K), 0.0002160 secs]
473.351: [GC (Allocation Failure) 37168K->435K(78592K), 0.0002210 secs]
473.370: [GC (Allocation Failure) 35898K->435K(77376K), 0.0002140 secs]
473.396: [GC (Allocation Failure) 34726K->435K(76224K), 0.0002140 secs]
473.410: [GC (Allocation Failure) 33554K->435K(75136K), 0.0002030 secs]
473.545: [GC (Allocation Failure) 32479K->435K(74112K), 0.0002040 secs]
473.595: [GC (Allocation Failure) 31405K->435K(73152K), 0.0002030 secs]
473.648: [GC (Allocation Failure) 30428K->435K(72192K), 0.0002120 secs]
473.661: [GC (Allocation Failure) 29549K->435K(71296K), 0.0002180 secs]
473.678: [GC (Allocation Failure) 28572K->435K(70400K), 0.0002120 secs]
473.693: [GC (Allocation Failure) 27693K->435K(69568K), 0.0002180 secs]
473.709: [GC (Allocation Failure) 26912K->435K(68800K), 0.0002240 secs]
473.725: [GC (Allocation Failure) 26131K->435K(73984K), 0.0002130 secs]
473.739: [GC (Allocation Failure) 31307K->435K(80192K), 0.0002130 secs]
473.847: [GC (Allocation Failure) 37461K->435K(78912K), 0.0002140 secs]
473.867: [GC (Allocation Failure) 36191K->435K(77696K), 0.0002000 secs]
473.921: [GC (Allocation Failure) 35019K->435K(76544K), 0.0002370 secs]
473.937: [GC (Allocation Failure) 33847K->435K(75456K), 0.0002660 secs]
473.951: [GC (Allocation Failure) 32772K->435K(74432K), 0.0002020 secs]
473.969: [GC (Allocation Failure) 31698K->435K(80704K), 0.0002120 secs]
473.989: [GC (Allocation Failure) 38047K->435K(79424K), 0.0002160 secs]
474.147: [GC (Allocation Failure) 36777K->435K(78208K), 0.0002110 secs]
474.174: [GC (Allocation Failure) 35507K->435K(77056K), 0.0002240 secs]
474.189: [GC (Allocation Failure) 34335K->435K(75904K), 0.0002140 secs]
474.207: [GC (Allocation Failure) 33261K->435K(74816K), 0.0002120 secs]
474.250: [GC (Allocation Failure) 32089K->435K(73792K), 0.0002020 secs]
474.263: [GC (Allocation Failure) 31112K->435K(72832K), 0.0002140 secs]
474.280: [GC (Allocation Failure) 30135K->435K(71872K), 0.0002130 secs]
474.295: [GC (Allocation Failure) 29158K->435K(77632K), 0.0002260 secs]
474.311: [GC (Allocation Failure) 34921K->435K(84544K), 0.0002750 secs]
474.353: [GC (Allocation Failure) 41856K->435K(83072K), 0.0002080 secs]
474.391: [GC (Allocation Failure) 40391K->435K(81664K), 0.0003260 secs]
474.416: [GC (Allocation Failure) 39023K->435K(80320K), 0.0002090 secs]
474.451: [GC (Allocation Failure) 37656K->435K(79040K), 0.0002410 secs]
474.468: [GC (Allocation Failure) 36386K->435K(77824K), 0.0002170 secs]
474.483: [GC (Allocation Failure) 35116K->435K(76672K), 0.0002020 secs]
474.498: [GC (Allocation Failure) 33944K->435K(83392K), 0.0002040 secs]
474.550: [GC (Allocation Failure) 40684K->435K(81984K), 0.0002050 secs]
474.671: [GC (Allocation Failure) 39316K->435K(80640K), 0.0002260 secs]
474.688: [GC (Allocation Failure) 37949K->435K(79360K), 0.0002060 secs]
474.749: [GC (Allocation Failure) 36679K->435K(78144K), 0.0002130 secs]
474.768: [GC (Allocation Failure) 35409K->435K(76992K), 0.0002030 secs]
474.801: [GC (Allocation Failure) 34335K->435K(75904K), 0.0002070 secs]
474.816: [GC (Allocation Failure) 33261K->435K(74816K), 0.0002030 secs]
474.833: [GC (Allocation Failure) 32089K->435K(73792K), 0.0002000 secs]
474.846: [GC (Allocation Failure) 31112K->435K(72832K), 0.0002140 secs]
474.863: [GC (Allocation Failure) 30135K->435K(78784K), 0.0002130 secs]
474.883: [GC (Allocation Failure) 36093K->435K(77568K), 0.0002100 secs]
474.902: [GC (Allocation Failure) 34921K->435K(76416K), 0.0002130 secs]
474.998: [GC (Allocation Failure) 33749K->435K(75328K), 0.0002040 secs]
475.051: [GC (Allocation Failure) 32675K->435K(74304K), 0.0002210 secs]
475.069: [GC (Allocation Failure) 31600K->435K(73280K), 0.0002030 secs]
475.087: [GC (Allocation Failure) 30624K->435K(72320K), 0.0002000 secs]
475.102: [GC (Allocation Failure) 29647K->435K(71424K), 0.0001940 secs]
475.115: [GC (Allocation Failure) 28768K->435K(70528K), 0.0002030 secs]
475.127: [GC (Allocation Failure) 27889K->435K(76032K), 0.0002130 secs]
475.141: [GC (Allocation Failure) 33358K->435K(82624K), 0.0002030 secs]
475.162: [GC (Allocation Failure) 39902K->435K(90560K), 0.0002460 secs]
475.225: [GC (Allocation Failure) 47911K->435K(88832K), 0.0002070 secs]
475.245: [GC (Allocation Failure) 46153K->435K(87168K), 0.0002150 secs]
475.264: [GC (Allocation Failure) 44493K->435K(85568K), 0.0002140 secs]
475.369: [GC (Allocation Failure) 42930K->435K(84032K), 0.0002810 secs]
475.391: [GC (Allocation Failure) 41367K->435K(82624K), 0.0002030 secs]
475.408: [GC (Allocation Failure) 39902K->435K(81280K), 0.0002060 secs]
475.424: [GC (Allocation Failure) 38633K->435K(80000K), 0.0002040 secs]
475.454: [GC (Allocation Failure) 37363K->435K(78720K), 0.0002180 secs]
475.469: [GC (Allocation Failure) 35996K->435K(77504K), 0.0002050 secs]
475.488: [GC (Allocation Failure) 34823K->435K(76352K), 0.0002210 secs]
475.515: [GC (Allocation Failure) 33651K->435K(75264K), 0.0002050 secs]
475.530: [GC (Allocation Failure) 32577K->435K(74240K), 0.0002060 secs]
475.601: [GC (Allocation Failure) 31600K->435K(73216K), 0.0002170 secs]
475.614: [GC (Allocation Failure) 30526K->435K(79296K), 0.0003350 secs]
475.650: [GC (Allocation Failure) 36582K->435K(78080K), 0.0002250 secs]
475.669: [GC (Allocation Failure) 35409K->435K(76928K), 0.0002110 secs]
475.699: [GC (Allocation Failure) 34237K->435K(75840K), 0.0002150 secs]
475.743: [GC (Allocation Failure) 33163K->435K(74752K), 0.0002130 secs]
475.777: [GC (Allocation Failure) 32089K->435K(73728K), 0.0002190 secs]
475.802: [GC (Allocation Failure) 31014K->435K(72768K), 0.0002720 secs]
475.820: [GC (Allocation Failure) 30038K->435K(71808K), 0.0002290 secs]
475.833: [GC (Allocation Failure) 29158K->435K(77568K), 0.0002610 secs]
475.899: [GC (Allocation Failure) 34921K->435K(76416K), 0.0002140 secs]
475.914: [GC (Allocation Failure) 33749K->435K(75328K), 0.0002030 secs]
475.931: [GC (Allocation Failure) 32675K->435K(74304K), 0.0002130 secs]
475.976: [GC (Allocation Failure) 31600K->435K(73280K), 0.0002060 secs]
475.993: [GC (Allocation Failure) 30624K->435K(72320K), 0.0002010 secs]
476.010: [GC (Allocation Failure) 29647K->435K(71424K), 0.0002130 secs]
476.023: [GC (Allocation Failure) 28768K->435K(77120K), 0.0002170 secs]
476.042: [GC (Allocation Failure) 34433K->435K(83968K), 0.0002150 secs]
476.060: [GC (Allocation Failure) 41270K->435K(92160K), 0.0002040 secs]
476.085: [GC (Allocation Failure) 49474K->435K(90368K), 0.0002100 secs]
476.159: [GC (Allocation Failure) 47716K->435K(88640K), 0.0002180 secs]
476.179: [GC (Allocation Failure) 45958K->435K(86976K), 0.0002140 secs]
476.254: [GC (Allocation Failure) 44298K->435K(85376K), 0.0002110 secs]
476.272: [GC (Allocation Failure) 42735K->435K(83904K), 0.0002030 secs]
476.304: [GC (Allocation Failure) 41172K->435K(82496K), 0.0001950 secs]
476.321: [GC (Allocation Failure) 39805K->435K(81152K), 0.0002000 secs]
476.343: [GC (Allocation Failure) 38437K->435K(79872K), 0.0002120 secs]
476.359: [GC (Allocation Failure) 37168K->435K(87232K), 0.0003190 secs]
476.391: [GC (Allocation Failure) 44591K->435K(85632K), 0.0002290 secs]
476.410: [GC (Allocation Failure) 42930K->435K(84096K), 0.0002260 secs]
476.440: [GC (Allocation Failure) 41367K->435K(82624K), 0.0002150 secs]
476.462: [GC (Allocation Failure) 39902K->435K(81280K), 0.0002060 secs]
476.556: [GC (Allocation Failure) 38633K->435K(80000K), 0.0002020 secs]
476.572: [GC (Allocation Failure) 37363K->435K(78720K), 0.0002050 secs]
476.605: [GC (Allocation Failure) 35996K->435K(77504K), 0.0002210 secs]
476.620: [GC (Allocation Failure) 34823K->435K(76352K), 0.0002030 secs]
476.636: [GC (Allocation Failure) 33651K->435K(75264K), 0.0002000 secs]
476.654: [GC (Allocation Failure) 32577K->435K(74240K), 0.0002100 secs]
476.671: [GC (Allocation Failure) 31600K->435K(73216K), 0.0002150 secs]
476.685: [GC (Allocation Failure) 30526K->435K(79296K), 0.0002170 secs]
476.702: [GC (Allocation Failure) 36582K->435K(86592K), 0.0003010 secs]
476.729: [GC (Allocation Failure) 43907K->435K(95296K), 0.0002090 secs]
476.752: [GC (Allocation Failure) 52604K->435K(93312K), 0.0002150 secs]
476.777: [GC (Allocation Failure) 50650K->435K(91456K), 0.0002140 secs]
476.861: [GC (Allocation Failure) 48791K->435K(89664K), 0.0002070 secs]
476.881: [GC (Allocation Failure) 46935K->435K(87936K), 0.0002740 secs]
476.910: [GC (Allocation Failure) 45274K->435K(86336K), 0.0002220 secs]
476.929: [GC (Allocation Failure) 43614K->435K(84800K), 0.0002020 secs]
476.959: [GC (Allocation Failure) 42149K->435K(83328K), 0.0002140 secs]
476.976: [GC (Allocation Failure) 40684K->435K(81920K), 0.0002030 secs]
477.053: [GC (Allocation Failure) 39219K->435K(80576K), 0.0002050 secs]
477.107: [GC (Allocation Failure) 37851K->435K(79296K), 0.0002230 secs]
477.122: [GC (Allocation Failure) 36582K->435K(78080K), 0.0002120 secs]
477.142: [GC (Allocation Failure) 35409K->435K(76928K), 0.0002110 secs]
477.157: [GC (Allocation Failure) 34237K->435K(75840K), 0.0002100 secs]
477.176: [GC (Allocation Failure) 33163K->435K(74752K), 0.0002220 secs]
477.191: [GC (Allocation Failure) 32089K->435K(73728K), 0.0002010 secs]
477.204: [GC (Allocation Failure) 31014K->435K(79872K), 0.0002030 secs]
477.224: [GC (Allocation Failure) 37168K->435K(87232K), 0.0002100 secs]
477.306: [GC (Allocation Failure) 44591K->435K(85632K), 0.0002710 secs]
477.359: [GC (Allocation Failure) 42930K->435K(84096K), 0.0002130 secs]
477.381: [GC (Allocation Failure) 41367K->435K(82624K), 0.0002110 secs]
477.398: [GC (Allocation Failure) 39902K->435K(81280K), 0.0002120 secs]
477.415: [GC (Allocation Failure) 38633K->435K(80000K), 0.0002020 secs]
477.453: [GC (Allocation Failure) 37363K->435K(78720K), 0.0002020 secs]
477.523: [GC (Allocation Failure) 35996K->435K(77504K), 0.0002260 secs]
477.538: [GC (Allocation Failure) 34823K->435K(76352K), 0.0002160 secs]
477.557: [GC (Allocation Failure) 33651K->435K(75264K), 0.0002120 secs]
477.576: [GC (Allocation Failure) 32577K->435K(74240K), 0.0002310 secs]
477.594: [GC (Allocation Failure) 31600K->435K(73216K), 0.0002180 secs]
477.608: [GC (Allocation Failure) 30526K->435K(79296K), 0.0002150 secs]
477.627: [GC (Allocation Failure) 36582K->435K(78080K), 0.0002020 secs]
477.643: [GC (Allocation Failure) 35409K->435K(85120K), 0.0002150 secs]
477.673: [GC (Allocation Failure) 42442K->435K(83648K), 0.0002150 secs]
477.694: [GC (Allocation Failure) 40977K->435K(82240K), 0.0002350 secs]
477.712: [GC (Allocation Failure) 39512K->435K(80896K), 0.0002030 secs]
477.728: [GC (Allocation Failure) 38242K->435K(79616K), 0.0002020 secs]
477.757: [GC (Allocation Failure) 36972K->435K(78400K), 0.0002100 secs]
477.776: [GC (Allocation Failure) 35702K->435K(77248K), 0.0002000 secs]
477.795: [GC (Allocation Failure) 34530K->435K(76096K), 0.0002130 secs]
477.810: [GC (Allocation Failure) 33456K->435K(75008K), 0.0002160 secs]
477.828: [GC (Allocation Failure) 32284K->435K(81408K), 0.0002190 secs]
477.859: [GC (Allocation Failure) 38730K->435K(80064K), 0.0002380 secs]
477.876: [GC (Allocation Failure) 37363K->435K(78784K), 0.0002150 secs]
477.892: [GC (Allocation Failure) 36093K->435K(85952K), 0.0002130 secs]
477.926: [GC (Allocation Failure) 43223K->435K(84416K), 0.0002160 secs]
477.948: [GC (Allocation Failure) 41758K->435K(82944K), 0.0002030 secs]
477.966: [GC (Allocation Failure) 40293K->435K(90944K), 0.0002760 secs]
478.012: [GC (Allocation Failure) 48302K->435K(89216K), 0.0002110 secs]
478.033: [GC (Allocation Failure) 46544K->435K(87552K), 0.0002740 secs]
478.061: [GC (Allocation Failure) 44884K->435K(85952K), 0.0002160 secs]
478.080: [GC (Allocation Failure) 43223K->435K(84416K), 0.0002030 secs]
478.161: [GC (Allocation Failure) 41758K->435K(82944K), 0.0002250 secs]
478.182: [GC (Allocation Failure) 40293K->435K(81536K), 0.0002140 secs]
478.255: [GC (Allocation Failure) 38828K->435K(80192K), 0.0002060 secs]
478.304: [GC (Allocation Failure) 37461K->435K(78912K), 0.0002130 secs]
478.353: [GC (Allocation Failure) 36191K->435K(77696K), 0.0002250 secs]
478.372: [GC (Allocation Failure) 35019K->435K(76544K), 0.0002010 secs]
478.387: [GC (Allocation Failure) 33847K->435K(75456K), 0.0002280 secs]
478.401: [GC (Allocation Failure) 32772K->435K(74432K), 0.0002030 secs]
478.429: [GC (Allocation Failure) 31698K->435K(73408K), 0.0002280 secs]
478.446: [GC (Allocation Failure) 30721K->435K(72448K), 0.0002740 secs]
478.459: [GC (Allocation Failure) 29745K->435K(78336K), 0.0002190 secs]
478.508: [GC (Allocation Failure) 35605K->435K(77184K), 0.0002380 secs]
478.528: [GC (Allocation Failure) 34530K->435K(76032K), 0.0002220 secs]
478.553: [GC (Allocation Failure) 33358K->435K(74944K), 0.0002760 secs]
478.602: [GC (Allocation Failure) 32284K->435K(73920K), 0.0002200 secs]
478.616: [GC (Allocation Failure) 31210K->435K(72960K), 0.0002150 secs]
478.718: [GC (Allocation Failure) 30233K->435K(72000K), 0.0002070 secs]
478.731: [GC (Allocation Failure) 29354K->435K(71104K), 0.0002160 secs]
478.747: [GC (Allocation Failure) 28377K->435K(70272K), 0.0002150 secs]
478.801: [GC (Allocation Failure) 27596K->435K(69440K), 0.0002730 secs]
478.820: [GC (Allocation Failure) 26717K->435K(68672K), 0.0002420 secs]
478.832: [GC (Allocation Failure) 26033K->435K(73792K), 0.0002670 secs]
478.850: [GC (Allocation Failure) 31112K->435K(79936K), 0.0002140 secs]
478.869: [GC (Allocation Failure) 37265K->435K(87360K), 0.0002010 secs]
478.893: [GC (Allocation Failure) 44688K->435K(85760K), 0.0002170 secs]
478.912: [GC (Allocation Failure) 43028K->435K(84224K), 0.0002000 secs]
479.060: [GC (Allocation Failure) 41563K->435K(82752K), 0.0002100 secs]
479.078: [GC (Allocation Failure) 40098K->435K(81344K), 0.0002030 secs]
479.095: [GC (Allocation Failure) 38633K->435K(80000K), 0.0002010 secs]
479.126: [GC (Allocation Failure) 37363K->435K(78720K), 0.0002150 secs]
479.141: [GC (Allocation Failure) 35996K->435K(77504K), 0.0002060 secs]
479.169: [GC (Allocation Failure) 34823K->435K(76352K), 0.0002180 secs]
479.184: [GC (Allocation Failure) 33651K->435K(83008K), 0.0002750 secs]
479.207: [GC (Allocation Failure) 40293K->435K(81600K), 0.0002100 secs]
479.227: [GC (Allocation Failure) 38926K->435K(80256K), 0.0002010 secs]
479.244: [GC (Allocation Failure) 37558K->435K(78976K), 0.0002120 secs]
479.259: [GC (Allocation Failure) 36289K->435K(86208K), 0.0002020 secs]
479.278: [GC (Allocation Failure) 43516K->435K(94848K), 0.0002130 secs]
479.349: [GC (Allocation Failure) 52115K->435K(92928K), 0.0002260 secs]
479.375: [GC (Allocation Failure) 50260K->435K(91072K), 0.0002100 secs]
479.460: [GC (Allocation Failure) 48400K->435K(89280K), 0.0002460 secs]
479.480: [GC (Allocation Failure) 46642K->435K(87616K), 0.0002010 secs]
479.499: [GC (Allocation Failure) 44884K->435K(86016K), 0.0002130 secs]
479.518: [GC (Allocation Failure) 43321K->435K(84480K), 0.0002020 secs]
479.536: [GC (Allocation Failure) 41758K->435K(83008K), 0.0002000 secs]
479.557: [GC (Allocation Failure) 40293K->435K(81600K), 0.0002700 secs]
479.575: [GC (Allocation Failure) 38926K->435K(80256K), 0.0002130 secs]
479.595: [GC (Allocation Failure) 37558K->435K(78976K), 0.0002080 secs]
479.656: [GC (Allocation Failure) 36289K->435K(77760K), 0.0002740 secs]
479.709: [GC (Allocation Failure) 35116K->435K(76608K), 0.0002200 secs]
479.728: [GC (Allocation Failure) 33944K->435K(75520K), 0.0002110 secs]
479.742: [GC (Allocation Failure) 32870K->435K(74496K), 0.0002280 secs]
479.776: [GC (Allocation Failure) 31796K->435K(73472K), 0.0002230 secs]
479.794: [GC (Allocation Failure) 30819K->435K(72512K), 0.0002650 secs]
479.920: [GC (Allocation Failure) 29842K->435K(71616K), 0.0002260 secs]
479.936: [GC (Allocation Failure) 28963K->435K(70720K), 0.0002130 secs]
480.006: [GC (Allocation Failure) 27986K->435K(69888K), 0.0002070 secs]
480.018: [GC (Allocation Failure) 27205K->435K(69056K), 0.0002380 secs]
480.030: [GC (Allocation Failure) 26326K->435K(74304K), 0.0002040 secs]
480.054: [GC (Allocation Failure) 31600K->435K(73280K), 0.0002120 secs]
480.067: [GC (Allocation Failure) 30624K->435K(79360K), 0.0002130 secs]
480.083: [GC (Allocation Failure) 36679K->435K(86656K), 0.0002130 secs]
480.106: [GC (Allocation Failure) 44005K->435K(95424K), 0.0002110 secs]
480.217: [GC (Allocation Failure) 52701K->435K(93440K), 0.0002060 secs]
480.241: [GC (Allocation Failure) 50748K->435K(91584K), 0.0002110 secs]
480.262: [GC (Allocation Failure) 48888K->435K(89792K), 0.0002010 secs]
480.316: [GC (Allocation Failure) 47130K->435K(88064K), 0.0002230 secs]
480.336: [GC (Allocation Failure) 45372K->435K(86464K), 0.0002050 secs]
480.391: [GC (Allocation Failure) 43809K->435K(84928K), 0.0002080 secs]
480.440: [GC (Allocation Failure) 42247K->435K(83456K), 0.0002150 secs]
480.464: [GC (Allocation Failure) 40781K->435K(82048K), 0.0002940 secs]
480.495: [GC (Allocation Failure) 39316K->435K(80704K), 0.0002160 secs]
480.558: [GC (Allocation Failure) 38047K->435K(79424K), 0.0002230 secs]
480.577: [GC (Allocation Failure) 36777K->435K(78208K), 0.0002130 secs]
480.610: [GC (Allocation Failure) 35507K->435K(77056K), 0.0002020 secs]
480.629: [GC (Allocation Failure) 34335K->435K(75904K), 0.0002100 secs]
480.660: [GC (Allocation Failure) 33261K->435K(74816K), 0.0002220 secs]
480.673: [GC (Allocation Failure) 32089K->435K(73792K), 0.0002010 secs]
480.691: [GC (Allocation Failure) 31112K->435K(72832K), 0.0002010 secs]
480.704: [GC (Allocation Failure) 30135K->435K(71872K), 0.0002180 secs]
480.752: [GC (Allocation Failure) 29158K->435K(70976K), 0.0002250 secs]
480.769: [GC (Allocation Failure) 28279K->435K(70144K), 0.0002180 secs]
480.785: [GC (Allocation Failure) 27498K->435K(69312K), 0.0002110 secs]
480.853: [GC (Allocation Failure) 26619K->435K(68544K), 0.0002730 secs]
480.907: [GC (Allocation Failure) 25838K->435K(67776K), 0.0002110 secs]
480.918: [GC (Allocation Failure) 25052K->435K(67072K), 0.0002160 secs]
480.952: [GC (Allocation Failure) 24369K->435K(66368K), 0.0002250 secs]
480.963: [GC (Allocation Failure) 23685K->435K(71040K), 0.0002040 secs]
480.979: [GC (Allocation Failure) 28377K->435K(76672K), 0.0002190 secs]
481.109: [GC (Allocation Failure) 33944K->435K(75584K), 0.0003050 secs]
481.123: [GC (Allocation Failure) 32870K->435K(82112K), 0.0002760 secs]
481.163: [GC (Allocation Failure) 39414K->435K(80768K), 0.0002170 secs]
481.183: [GC (Allocation Failure) 38047K->435K(79488K), 0.0002080 secs]
481.200: [GC (Allocation Failure) 36777K->435K(78272K), 0.0002050 secs]
481.261: [GC (Allocation Failure) 35605K->435K(77120K), 0.0002210 secs]
481.276: [GC (Allocation Failure) 34433K->435K(75968K), 0.0002150 secs]
481.365: [GC (Allocation Failure) 33261K->435K(74880K), 0.0002430 secs]
481.383: [GC (Allocation Failure) 32186K->435K(73856K), 0.0002150 secs]
481.400: [GC (Allocation Failure) 31210K->435K(72896K), 0.0002260 secs]
481.459: [GC (Allocation Failure) 30233K->435K(71936K), 0.0002060 secs]
481.476: [GC (Allocation Failure) 29256K->435K(71040K), 0.0002150 secs]
481.505: [GC (Allocation Failure) 28377K->435K(70208K), 0.0002720 secs]
481.525: [GC (Allocation Failure) 27498K->435K(69376K), 0.0002160 secs]
481.540: [GC (Allocation Failure) 26717K->435K(68608K), 0.0002100 secs]
481.558: [GC (Allocation Failure) 25935K->435K(67840K), 0.0002300 secs]
481.573: [GC (Allocation Failure) 25150K->435K(72832K), 0.0002330 secs]
481.587: [GC (Allocation Failure) 30135K->435K(78784K), 0.0002030 secs]
481.602: [GC (Allocation Failure) 36093K->435K(85952K), 0.0002120 secs]
481.625: [GC (Allocation Failure) 43223K->435K(94528K), 0.0002220 secs]
481.677: [GC (Allocation Failure) 51822K->435K(92608K), 0.0002040 secs]
481.718: [GC (Allocation Failure) 49967K->435K(90752K), 0.0002230 secs]
481.739: [GC (Allocation Failure) 48107K->435K(89024K), 0.0002020 secs]
481.763: [GC (Allocation Failure) 46349K->435K(87360K), 0.0002140 secs]
481.816: [GC (Allocation Failure) 44688K->435K(85760K), 0.0002060 secs]
481.835: [GC (Allocation Failure) 43028K->435K(84224K), 0.0002010 secs]
481.961: [GC (Allocation Failure) 41563K->435K(82752K), 0.0002120 secs]
481.982: [GC (Allocation Failure) 40098K->435K(81344K), 0.0002000 secs]
482.060: [GC (Allocation Failure) 38633K->435K(80000K), 0.0002710 secs]
482.113: [GC (Allocation Failure) 37363K->435K(78720K), 0.0002140 secs]
482.129: [GC (Allocation Failure) 35996K->435K(77504K), 0.0002720 secs]
482.169: [GC (Allocation Failure) 34823K->435K(76352K), 0.0002120 secs]
482.184: [GC (Allocation Failure) 33651K->435K(75264K), 0.0002020 secs]
482.257: [GC (Allocation Failure) 32577K->435K(74240K), 0.0002030 secs]
482.307: [GC (Allocation Failure) 31600K->435K(73216K), 0.0002130 secs]
482.328: [GC (Allocation Failure) 30526K->435K(72256K), 0.0002310 secs]
482.345: [GC (Allocation Failure) 29549K->435K(71360K), 0.0002040 secs]
482.362: [GC (Allocation Failure) 28670K->435K(70464K), 0.0002270 secs]
482.375: [GC (Allocation Failure) 27791K->435K(69632K), 0.0002160 secs]
482.387: [GC (Allocation Failure) 26912K->435K(74944K), 0.0002040 secs]
482.404: [GC (Allocation Failure) 32284K->435K(81344K), 0.0001930 secs]
482.425: [GC (Allocation Failure) 38633K->435K(89024K), 0.0002230 secs]
482.563: [GC (Allocation Failure) 46349K->435K(87360K), 0.0002150 secs]
482.582: [GC (Allocation Failure) 44688K->435K(85760K), 0.0002110 secs]
482.662: [GC (Allocation Failure) 43028K->435K(84224K), 0.0002120 secs]
482.680: [GC (Allocation Failure) 41563K->435K(82752K), 0.0002020 secs]
482.701: [GC (Allocation Failure) 40098K->435K(81344K), 0.0002200 secs]
482.728: [GC (Allocation Failure) 38633K->435K(80000K), 0.0002230 secs]
482.748: [GC (Allocation Failure) 37363K->435K(78720K), 0.0002720 secs]
482.763: [GC (Allocation Failure) 35996K->435K(77504K), 0.0002040 secs]
482.829: [GC (Allocation Failure) 34823K->435K(76352K), 0.0002140 secs]
482.844: [GC (Allocation Failure) 33651K->435K(75264K), 0.0002130 secs]
482.858: [GC (Allocation Failure) 32577K->435K(74240K), 0.0002020 secs]
482.908: [GC (Allocation Failure) 31600K->435K(73216K), 0.0002020 secs]
482.957: [GC (Allocation Failure) 30526K->435K(72256K), 0.0002020 secs]
483.111: [GC (Allocation Failure) 29549K->435K(71360K), 0.0002200 secs]
483.127: [GC (Allocation Failure) 28670K->435K(70464K), 0.0002340 secs]
483.157: [GC (Allocation Failure) 27791K->435K(69632K), 0.0002240 secs]
483.168: [GC (Allocation Failure) 26912K->435K(68864K), 0.0002030 secs]
483.180: [GC (Allocation Failure) 26131K->435K(74048K), 0.0002110 secs]
483.208: [GC (Allocation Failure) 31405K->435K(73088K), 0.0002250 secs]
483.221: [GC (Allocation Failure) 30428K->435K(79104K), 0.0002010 secs]
483.241: [GC (Allocation Failure) 36386K->435K(86336K), 0.0002140 secs]
483.377: [GC (Allocation Failure) 43614K->435K(84800K), 0.0002270 secs]
483.396: [GC (Allocation Failure) 42149K->435K(83328K), 0.0001990 secs]
483.462: [GC (Allocation Failure) 40684K->435K(81920K), 0.0002040 secs]
483.513: [GC (Allocation Failure) 39219K->435K(80576K), 0.0001960 secs]
483.529: [GC (Allocation Failure) 37851K->435K(79296K), 0.0002050 secs]
483.565: [GC (Allocation Failure) 36582K->435K(78080K), 0.0002740 secs]
483.580: [GC (Allocation Failure) 35409K->435K(76928K), 0.0002160 secs]
483.599: [GC (Allocation Failure) 34237K->435K(75840K), 0.0002010 secs]
483.617: [GC (Allocation Failure) 33163K->435K(74752K), 0.0002120 secs]
483.631: [GC (Allocation Failure) 32089K->435K(73728K), 0.0002170 secs]
483.645: [GC (Allocation Failure) 31014K->435K(79872K), 0.0002040 secs]
483.665: [GC (Allocation Failure) 37168K->435K(87232K), 0.0002160 secs]
483.684: [GC (Allocation Failure) 44591K->435K(85632K), 0.0002020 secs]
483.703: [GC (Allocation Failure) 42930K->435K(84096K), 0.0002120 secs]
483.720: [GC (Allocation Failure) 41367K->435K(82624K), 0.0002020 secs]
483.756: [GC (Allocation Failure) 39902K->435K(81280K), 0.0002120 secs]
483.777: [GC (Allocation Failure) 38633K->435K(80000K), 0.0002080 secs]
483.793: [GC (Allocation Failure) 37363K->435K(78720K), 0.0002050 secs]
483.811: [GC (Allocation Failure) 35996K->435K(77504K), 0.0002130 secs]
483.864: [GC (Allocation Failure) 34823K->435K(76352K), 0.0002180 secs]
483.879: [GC (Allocation Failure) 33651K->435K(75264K), 0.0002150 secs]
483.893: [GC (Allocation Failure) 32577K->435K(74240K), 0.0002020 secs]
483.906: [GC (Allocation Failure) 31600K->435K(80512K), 0.0002010 secs]
483.924: [GC (Allocation Failure) 37851K->435K(88000K), 0.0002080 secs]
484.019: [GC (Allocation Failure) 45274K->435K(86400K), 0.0002130 secs]
484.042: [GC (Allocation Failure) 43712K->435K(84864K), 0.0002020 secs]
484.114: [GC (Allocation Failure) 42149K->435K(83392K), 0.0002260 secs]
484.135: [GC (Allocation Failure) 40684K->435K(81984K), 0.0002730 secs]
484.153: [GC (Allocation Failure) 39316K->435K(80640K), 0.0002040 secs]
484.312: [GC (Allocation Failure) 37949K->435K(79360K), 0.0002040 secs]
484.373: [GC (Allocation Failure) 36679K->435K(78144K), 0.0002500 secs]
484.414: [GC (Allocation Failure) 35409K->435K(76992K), 0.0002020 secs]
484.433: [GC (Allocation Failure) 34335K->435K(75904K), 0.0002220 secs]
484.464: [GC (Allocation Failure) 33261K->435K(74816K), 0.0003790 secs]
484.479: [GC (Allocation Failure) 32089K->435K(73792K), 0.0002110 secs]
484.496: [GC (Allocation Failure) 31112K->435K(72832K), 0.0002120 secs]
484.509: [GC (Allocation Failure) 30135K->435K(78784K), 0.0002180 secs]
484.566: [GC (Allocation Failure) 36093K->435K(77568K), 0.0002310 secs]
484.586: [GC (Allocation Failure) 34921K->435K(76416K), 0.0002020 secs]
484.605: [GC (Allocation Failure) 33749K->435K(75328K), 0.0002280 secs]
484.620: [GC (Allocation Failure) 32675K->435K(74304K), 0.0002170 secs]
484.664: [GC (Allocation Failure) 31600K->435K(73280K), 0.0002200 secs]
484.681: [GC (Allocation Failure) 30624K->435K(72320K), 0.0002130 secs]
484.713: [GC (Allocation Failure) 29647K->435K(71424K), 0.0001950 secs]
484.725: [GC (Allocation Failure) 28768K->435K(77120K), 0.0002730 secs]
484.827: [GC (Allocation Failure) 34433K->435K(75968K), 0.0002140 secs]
484.915: [GC (Allocation Failure) 33261K->435K(74880K), 0.0002160 secs]
484.933: [GC (Allocation Failure) 32186K->435K(73856K), 0.0002080 secs]
484.951: [GC (Allocation Failure) 31210K->435K(72896K), 0.0002140 secs]
484.968: [GC (Allocation Failure) 30233K->435K(71936K), 0.0002290 secs]
485.013: [GC (Allocation Failure) 29256K->435K(71040K), 0.0002210 secs]
485.026: [GC (Allocation Failure) 28377K->435K(70208K), 0.0002150 secs]
485.129: [GC (Allocation Failure) 27498K->435K(69376K), 0.0002230 secs]
485.145: [GC (Allocation Failure) 26717K->435K(68608K), 0.0002170 secs]
485.161: [GC (Allocation Failure) 25935K->435K(67840K), 0.0002150 secs]
485.208: [GC (Allocation Failure) 25150K->435K(67136K), 0.0002100 secs]
485.224: [GC (Allocation Failure) 24466K->435K(66432K), 0.0002210 secs]
485.258: [GC (Allocation Failure) 23783K->435K(65792K), 0.0002270 secs]
485.272: [GC (Allocation Failure) 23099K->435K(65152K), 0.0002130 secs]
485.282: [GC (Allocation Failure) 22513K->435K(69568K), 0.0002180 secs]
485.294: [GC (Allocation Failure) 26912K->435K(74880K), 0.0002130 secs]
485.307: [GC (Allocation Failure) 32186K->435K(81280K), 0.0002030 secs]
485.324: [GC (Allocation Failure) 38633K->435K(88960K), 0.0002020 secs]
485.387: [GC (Allocation Failure) 46251K->435K(87296K), 0.0002390 secs]
485.406: [GC (Allocation Failure) 44591K->435K(85696K), 0.0002030 secs]
485.429: [GC (Allocation Failure) 43028K->435K(84160K), 0.0002100 secs]
485.519: [GC (Allocation Failure) 41465K->435K(82688K), 0.0002050 secs]
485.541: [GC (Allocation Failure) 40000K->435K(81344K), 0.0002060 secs]
485.562: [GC (Allocation Failure) 38633K->435K(80000K), 0.0002130 secs]
485.578: [GC (Allocation Failure) 37363K->435K(78720K), 0.0002380 secs]
485.598: [GC (Allocation Failure) 35996K->435K(77504K), 0.0002070 secs]
485.613: [GC (Allocation Failure) 34823K->435K(76352K), 0.0002170 secs]
485.631: [GC (Allocation Failure) 33651K->435K(75264K), 0.0002090 secs]
485.668: [GC (Allocation Failure) 32577K->435K(74240K), 0.0002090 secs]
485.686: [GC (Allocation Failure) 31600K->435K(73216K), 0.0002650 secs]
485.700: [GC (Allocation Failure) 30526K->435K(79296K), 0.0002030 secs]
485.762: [GC (Allocation Failure) 36582K->435K(78080K), 0.0002100 secs]
485.777: [GC (Allocation Failure) 35409K->435K(76928K), 0.0002040 secs]
485.795: [GC (Allocation Failure) 34237K->435K(75840K), 0.0002120 secs]
485.814: [GC (Allocation Failure) 33163K->435K(74752K), 0.0002190 secs]
485.862: [GC (Allocation Failure) 32089K->435K(73728K), 0.0002000 secs]
485.932: [GC (Allocation Failure) 31014K->435K(72768K), 0.0002310 secs]
485.949: [GC (Allocation Failure) 30038K->435K(71808K), 0.0002170 secs]
485.961: [GC (Allocation Failure) 29158K->435K(70912K), 0.0002160 secs]
486.010: [GC (Allocation Failure) 28182K->435K(70080K), 0.0002400 secs]
486.064: [GC (Allocation Failure) 27400K->435K(69248K), 0.0002190 secs]
486.080: [GC (Allocation Failure) 26521K->435K(68480K), 0.0002150 secs]
486.110: [GC (Allocation Failure) 25838K->435K(67712K), 0.0002230 secs]
486.124: [GC (Allocation Failure) 25052K->435K(67008K), 0.0002130 secs]
486.159: [GC (Allocation Failure) 24369K->435K(66304K), 0.0002110 secs]
486.173: [GC (Allocation Failure) 23587K->435K(65664K), 0.0002110 secs]
486.187: [GC (Allocation Failure) 23001K->435K(70208K), 0.0002290 secs]
486.204: [GC (Allocation Failure) 27498K->435K(75648K), 0.0002100 secs]
486.315: [GC (Allocation Failure) 32968K->435K(74560K), 0.0003120 secs]
486.328: [GC (Allocation Failure) 31893K->435K(73536K), 0.0002270 secs]
486.342: [GC (Allocation Failure) 30819K->435K(79680K), 0.0002120 secs]
486.362: [GC (Allocation Failure) 36972K->435K(87040K), 0.0002030 secs]
486.382: [GC (Allocation Failure) 44395K->435K(95872K), 0.0002190 secs]
486.409: [GC (Allocation Failure) 53190K->435K(93888K), 0.0001990 secs]
486.431: [GC (Allocation Failure) 51236K->435K(91968K), 0.0001980 secs]
486.456: [GC (Allocation Failure) 49279K->435K(90176K), 0.0002120 secs]
486.476: [GC (Allocation Failure) 47521K->435K(88448K), 0.0002050 secs]
486.623: [GC (Allocation Failure) 45763K->435K(86784K), 0.0002120 secs]
486.646: [GC (Allocation Failure) 44102K->435K(85248K), 0.0002130 secs]
486.668: [GC (Allocation Failure) 42540K->435K(83776K), 0.0002110 secs]
486.686: [GC (Allocation Failure) 41074K->435K(82368K), 0.0002120 secs]
486.720: [GC (Allocation Failure) 39707K->435K(81024K), 0.0002200 secs]
486.737: [GC (Allocation Failure) 38340K->435K(79744K), 0.0002030 secs]
486.753: [GC (Allocation Failure) 37070K->435K(78528K), 0.0002010 secs]
486.778: [GC (Allocation Failure) 35800K->435K(77312K), 0.0002110 secs]
486.793: [GC (Allocation Failure) 34628K->435K(76160K), 0.0002120 secs]
486.811: [GC (Allocation Failure) 33456K->435K(75072K), 0.0002110 secs]
486.829: [GC (Allocation Failure) 32382K->435K(74048K), 0.0002020 secs]
486.847: [GC (Allocation Failure) 31405K->435K(73088K), 0.0001990 secs]
486.864: [GC (Allocation Failure) 30428K->435K(72128K), 0.0002100 secs]
486.881: [GC (Allocation Failure) 29451K->435K(71232K), 0.0002080 secs]
486.966: [GC (Allocation Failure) 28572K->435K(70400K), 0.0002030 secs]
486.983: [GC (Allocation Failure) 27693K->435K(69568K), 0.0002150 secs]
486.998: [GC (Allocation Failure) 26912K->435K(68800K), 0.0002140 secs]
487.014: [GC (Allocation Failure) 26131K->435K(73984K), 0.0002190 secs]
487.063: [GC (Allocation Failure) 31307K->435K(73024K), 0.0002030 secs]
487.133: [GC (Allocation Failure) 30331K->435K(72064K), 0.0002240 secs]
487.146: [GC (Allocation Failure) 29354K->435K(71168K), 0.0002140 secs]
487.158: [GC (Allocation Failure) 28475K->435K(76800K), 0.0002100 secs]
487.234: [GC (Allocation Failure) 34140K->435K(75712K), 0.0002660 secs]
487.249: [GC (Allocation Failure) 33065K->435K(74624K), 0.0002150 secs]
487.314: [GC (Allocation Failure) 31893K->435K(73600K), 0.0002040 secs]
487.375: [GC (Allocation Failure) 30917K->435K(72640K), 0.0002240 secs]
487.389: [GC (Allocation Failure) 29940K->435K(71744K), 0.0002150 secs]
487.401: [GC (Allocation Failure) 29061K->435K(70848K), 0.0002000 secs]
487.417: [GC (Allocation Failure) 28182K->435K(76416K), 0.0002130 secs]
487.436: [GC (Allocation Failure) 33749K->435K(83136K), 0.0002140 secs]
487.453: [GC (Allocation Failure) 40488K->435K(81728K), 0.0002030 secs]
487.522: [GC (Allocation Failure) 39023K->435K(80384K), 0.0002470 secs]
487.543: [GC (Allocation Failure) 37656K->435K(79104K), 0.0002040 secs]
487.559: [GC (Allocation Failure) 36386K->435K(77888K), 0.0002030 secs]
487.620: [GC (Allocation Failure) 35214K->435K(76736K), 0.0002110 secs]
487.634: [GC (Allocation Failure) 34042K->435K(75648K), 0.0002040 secs]
487.649: [GC (Allocation Failure) 32968K->435K(74560K), 0.0002090 secs]
487.664: [GC (Allocation Failure) 31893K->435K(73536K), 0.0002040 secs]
487.768: [GC (Allocation Failure) 30819K->435K(72576K), 0.0002220 secs]
487.785: [GC (Allocation Failure) 29842K->435K(71680K), 0.0002230 secs]
487.814: [GC (Allocation Failure) 28963K->435K(70784K), 0.0002250 secs]
487.826: [GC (Allocation Failure) 28084K->435K(69952K), 0.0002030 secs]
487.838: [GC (Allocation Failure) 27303K->435K(75328K), 0.0002020 secs]
487.869: [GC (Allocation Failure) 32675K->435K(74304K), 0.0002100 secs]
487.887: [GC (Allocation Failure) 31600K->435K(80576K), 0.0002750 secs]
487.908: [GC (Allocation Failure) 37851K->435K(88128K), 0.0002840 secs]
487.931: [GC (Allocation Failure) 45470K->435K(97152K), 0.0002120 secs]
487.958: [GC (Allocation Failure) 54459K->435K(95104K), 0.0002120 secs]
488.078: [GC (Allocation Failure) 52408K->435K(93120K), 0.0002210 secs]
488.099: [GC (Allocation Failure) 50455K->435K(91264K), 0.0002010 secs]
488.175: [GC (Allocation Failure) 48595K->435K(89472K), 0.0002160 secs]
488.196: [GC (Allocation Failure) 46739K->435K(87808K), 0.0002130 secs]
488.215: [GC (Allocation Failure) 45079K->435K(86208K), 0.0002120 secs]
488.335: [GC (Allocation Failure) 43516K->435K(84672K), 0.0002070 secs]
488.359: [GC (Allocation Failure) 41953K->435K(83200K), 0.0002140 secs]
488.377: [GC (Allocation Failure) 40488K->435K(81792K), 0.0002060 secs]
488.421: [GC (Allocation Failure) 39121K->435K(80448K), 0.0002120 secs]
488.451: [GC (Allocation Failure) 37754K->435K(79168K), 0.0002180 secs]
488.518: [GC (Allocation Failure) 36484K->435K(77952K), 0.0002040 secs]
488.670: [GC (Allocation Failure) 35312K->435K(76800K), 0.0002250 secs]
488.689: [GC (Allocation Failure) 34140K->435K(75712K), 0.0002120 secs]
488.704: [GC (Allocation Failure) 33065K->435K(74624K), 0.0002280 secs]
488.722: [GC (Allocation Failure) 31893K->435K(73600K), 0.0001990 secs]
488.765: [GC (Allocation Failure) 30917K->435K(72640K), 0.0002070 secs]
488.782: [GC (Allocation Failure) 29940K->435K(71744K), 0.0003350 secs]
488.799: [GC (Allocation Failure) 29061K->435K(77504K), 0.0002170 secs]
488.815: [GC (Allocation Failure) 34823K->435K(84416K), 0.0002180 secs]
488.833: [GC (Allocation Failure) 41758K->435K(92736K), 0.0002150 secs]
488.858: [GC (Allocation Failure) 50064K->435K(90880K), 0.0002130 secs]
488.927: [GC (Allocation Failure) 48204K->435K(89152K), 0.0002050 secs]
488.950: [GC (Allocation Failure) 46446K->435K(87488K), 0.0001980 secs]
488.972: [GC (Allocation Failure) 44786K->435K(85888K), 0.0002030 secs]
489.025: [GC (Allocation Failure) 43223K->435K(84352K), 0.0002220 secs]
489.043: [GC (Allocation Failure) 41660K->435K(82880K), 0.0002130 secs]
489.061: [GC (Allocation Failure) 40195K->435K(81472K), 0.0002020 secs]
489.077: [GC (Allocation Failure) 38828K->435K(80128K), 0.0002030 secs]
489.223: [GC (Allocation Failure) 37461K->435K(78848K), 0.0002110 secs]
489.239: [GC (Allocation Failure) 36191K->435K(77632K), 0.0002010 secs]
489.268: [GC (Allocation Failure) 34921K->435K(76480K), 0.0002030 secs]
489.321: [GC (Allocation Failure) 33749K->435K(75392K), 0.0002110 secs]
489.336: [GC (Allocation Failure) 32675K->435K(74368K), 0.0002110 secs]
489.353: [GC (Allocation Failure) 31698K->435K(73344K), 0.0002100 secs]
489.519: [GC (Allocation Failure) 30624K->435K(72384K), 0.0003980 secs]
489.535: [GC (Allocation Failure) 29745K->435K(71488K), 0.0002100 secs]
489.551: [GC (Allocation Failure) 28768K->435K(70592K), 0.0002130 secs]
489.567: [GC (Allocation Failure) 27889K->435K(76096K), 0.0002810 secs]
489.582: [GC (Allocation Failure) 33456K->435K(82752K), 0.0002290 secs]
489.603: [GC (Allocation Failure) 40098K->435K(90688K), 0.0002120 secs]
489.628: [GC (Allocation Failure) 48009K->435K(88960K), 0.0002120 secs]
489.650: [GC (Allocation Failure) 46251K->435K(87296K), 0.0002000 secs]
489.672: [GC (Allocation Failure) 44591K->435K(85696K), 0.0002140 secs]
489.695: [GC (Allocation Failure) 43028K->435K(84160K), 0.0002040 secs]
489.726: [GC (Allocation Failure) 41465K->435K(82688K), 0.0002340 secs]
489.748: [GC (Allocation Failure) 40000K->435K(81344K), 0.0002150 secs]
489.770: [GC (Allocation Failure) 38633K->435K(80000K), 0.0002110 secs]
489.786: [GC (Allocation Failure) 37363K->435K(78720K), 0.0002160 secs]
489.819: [GC (Allocation Failure) 35996K->435K(77504K), 0.0002120 secs]
489.838: [GC (Allocation Failure) 34823K->435K(76352K), 0.0002130 secs]
489.922: [GC (Allocation Failure) 33651K->435K(75264K), 0.0001880 secs]
489.940: [GC (Allocation Failure) 32577K->435K(74240K), 0.0002070 secs]
489.968: [GC (Allocation Failure) 31600K->435K(73216K), 0.0002800 secs]
490.037: [GC (Allocation Failure) 30526K->435K(72256K), 0.0002180 secs]
490.050: [GC (Allocation Failure) 29549K->435K(78144K), 0.0003230 secs]
490.124: [GC (Allocation Failure) 35409K->435K(76992K), 0.0002400 secs]
490.143: [GC (Allocation Failure) 34335K->435K(75904K), 0.0002060 secs]
490.162: [GC (Allocation Failure) 33261K->435K(74816K), 0.0002210 secs]
490.218: [GC (Allocation Failure) 32089K->435K(73792K), 0.0002040 secs]
490.350: [GC (Allocation Failure) 31112K->435K(72832K), 0.0002230 secs]
490.373: [GC (Allocation Failure) 30135K->435K(71872K), 0.0003850 secs]
490.386: [GC (Allocation Failure) 29158K->435K(70976K), 0.0002130 secs]
490.399: [GC (Allocation Failure) 28279K->435K(76608K), 0.0002010 secs]
490.414: [GC (Allocation Failure) 33944K->435K(83328K), 0.0002100 secs]
490.444: [GC (Allocation Failure) 40684K->435K(81920K), 0.0002190 secs]
490.471: [GC (Allocation Failure) 39219K->435K(80576K), 0.0002140 secs]
490.495: [GC (Allocation Failure) 37851K->435K(79296K), 0.0002030 secs]
490.515: [GC (Allocation Failure) 36582K->435K(78080K), 0.0002120 secs]
490.530: [GC (Allocation Failure) 35409K->435K(76928K), 0.0002160 secs]
490.549: [GC (Allocation Failure) 34237K->435K(75840K), 0.0002100 secs]
490.567: [GC (Allocation Failure) 33163K->435K(74752K), 0.0002120 secs]
490.581: [GC (Allocation Failure) 32089K->435K(81088K), 0.0002120 secs]
490.672: [GC (Allocation Failure) 38437K->435K(79808K), 0.0002160 secs]
490.722: [GC (Allocation Failure) 37168K->435K(78592K), 0.0002550 secs]
490.746: [GC (Allocation Failure) 35898K->435K(77376K), 0.0002180 secs]
490.765: [GC (Allocation Failure) 34726K->435K(76224K), 0.0002300 secs]
490.819: [GC (Allocation Failure) 33554K->435K(75136K), 0.0002060 secs]
490.969: [GC (Allocation Failure) 32479K->435K(74112K), 0.0002140 secs]
490.983: [GC (Allocation Failure) 31405K->435K(73152K), 0.0002020 secs]
490.996: [GC (Allocation Failure) 30428K->435K(72192K), 0.0002050 secs]
491.012: [GC (Allocation Failure) 29549K->435K(71296K), 0.0002210 secs]
491.068: [GC (Allocation Failure) 28572K->435K(70400K), 0.0002140 secs]
491.080: [GC (Allocation Failure) 27693K->435K(69568K), 0.0002130 secs]
491.117: [GC (Allocation Failure) 26912K->435K(68800K), 0.0002030 secs]
491.137: [GC (Allocation Failure) 26131K->435K(68032K), 0.0002190 secs]
491.150: [GC (Allocation Failure) 25349K->435K(73024K), 0.0002170 secs]
491.164: [GC (Allocation Failure) 30331K->435K(79040K), 0.0002050 secs]
491.238: [GC (Allocation Failure) 36386K->435K(77824K), 0.0002770 secs]
491.321: [GC (Allocation Failure) 35116K->435K(76672K), 0.0002070 secs]
491.375: [GC (Allocation Failure) 33944K->435K(75584K), 0.0002280 secs]
491.389: [GC (Allocation Failure) 32870K->435K(74560K), 0.0002140 secs]
491.406: [GC (Allocation Failure) 31893K->435K(73536K), 0.0001980 secs]
491.423: [GC (Allocation Failure) 30819K->435K(72576K), 0.0002180 secs]
491.440: [GC (Allocation Failure) 29842K->435K(71680K), 0.0002160 secs]
491.453: [GC (Allocation Failure) 28963K->435K(77440K), 0.0002170 secs]
491.475: [GC (Allocation Failure) 34726K->435K(84352K), 0.0002160 secs]
491.493: [GC (Allocation Failure) 41660K->435K(92608K), 0.0002180 secs]
491.582: [GC (Allocation Failure) 49967K->435K(90752K), 0.0002240 secs]
491.603: [GC (Allocation Failure) 48107K->435K(89024K), 0.0002000 secs]
491.627: [GC (Allocation Failure) 46349K->435K(87360K), 0.0002010 secs]
491.650: [GC (Allocation Failure) 44688K->435K(85760K), 0.0002010 secs]
491.669: [GC (Allocation Failure) 43028K->435K(84224K), 0.0002030 secs]
491.687: [GC (Allocation Failure) 41563K->435K(82752K), 0.0002010 secs]
491.707: [GC (Allocation Failure) 40098K->435K(81344K), 0.0002110 secs]
491.727: [GC (Allocation Failure) 38633K->435K(80000K), 0.0002140 secs]
491.744: [GC (Allocation Failure) 37363K->435K(78720K), 0.0002270 secs]
491.763: [GC (Allocation Failure) 35996K->435K(77504K), 0.0002010 secs]
491.778: [GC (Allocation Failure) 34823K->435K(76352K), 0.0002150 secs]
491.797: [GC (Allocation Failure) 33651K->435K(75264K), 0.0001990 secs]
491.815: [GC (Allocation Failure) 32577K->435K(74240K), 0.0002110 secs]
491.833: [GC (Allocation Failure) 31600K->435K(80512K), 0.0002300 secs]
491.854: [GC (Allocation Failure) 37851K->435K(79232K), 0.0002140 secs]
491.870: [GC (Allocation Failure) 36582K->435K(86464K), 0.0002050 secs]
491.930: [GC (Allocation Failure) 43809K->435K(84928K), 0.0002460 secs]
491.979: [GC (Allocation Failure) 42247K->435K(83456K), 0.0002070 secs]
492.001: [GC (Allocation Failure) 40781K->435K(82048K), 0.0002210 secs]
492.018: [GC (Allocation Failure) 39316K->435K(80704K), 0.0002150 secs]
492.035: [GC (Allocation Failure) 38047K->435K(79424K), 0.0002020 secs]
492.054: [GC (Allocation Failure) 36777K->435K(78208K), 0.0002210 secs]
492.076: [GC (Allocation Failure) 35507K->435K(77056K), 0.0002120 secs]
492.095: [GC (Allocation Failure) 34335K->435K(75904K), 0.0002010 secs]
492.110: [GC (Allocation Failure) 33261K->435K(74816K), 0.0002040 secs]
492.171: [GC (Allocation Failure) 32089K->435K(73792K), 0.0002020 secs]
492.220: [GC (Allocation Failure) 31112K->435K(72832K), 0.0002030 secs]
492.270: [GC (Allocation Failure) 30135K->435K(71872K), 0.0002130 secs]
492.337: [GC (Allocation Failure) 29158K->435K(70976K), 0.0002210 secs]
492.354: [GC (Allocation Failure) 28279K->435K(70144K), 0.0002150 secs]
492.370: [GC (Allocation Failure) 27498K->435K(69312K), 0.0002180 secs]
492.383: [GC (Allocation Failure) 26619K->435K(68544K), 0.0002280 secs]
492.398: [GC (Allocation Failure) 25838K->435K(73664K), 0.0002150 secs]
492.416: [GC (Allocation Failure) 31014K->435K(79808K), 0.0002110 secs]
492.435: [GC (Allocation Failure) 37168K->435K(87168K), 0.0002050 secs]
492.479: [GC (Allocation Failure) 44493K->435K(85568K), 0.0002050 secs]
492.497: [GC (Allocation Failure) 42930K->435K(84032K), 0.0002030 secs]
492.515: [GC (Allocation Failure) 41367K->435K(82624K), 0.0002020 secs]
492.579: [GC (Allocation Failure) 39902K->435K(81280K), 0.0002180 secs]
492.600: [GC (Allocation Failure) 38633K->435K(80000K), 0.0002030 secs]
492.628: [GC (Allocation Failure) 37363K->435K(78720K), 0.0002150 secs]
492.645: [GC (Allocation Failure) 35996K->435K(77504K), 0.0002720 secs]
492.664: [GC (Allocation Failure) 34823K->435K(76352K), 0.0002010 secs]
492.679: [GC (Allocation Failure) 33651K->435K(75264K), 0.0002150 secs]
492.722: [GC (Allocation Failure) 32577K->435K(74240K), 0.0002160 secs]
492.776: [GC (Allocation Failure) 31600K->435K(73216K), 0.0002180 secs]
492.789: [GC (Allocation Failure) 30526K->435K(72256K), 0.0002280 secs]
492.806: [GC (Allocation Failure) 29549K->435K(71360K), 0.0002200 secs]
492.874: [GC (Allocation Failure) 28670K->435K(70464K), 0.0002570 secs]
492.887: [GC (Allocation Failure) 27791K->435K(69632K), 0.0002000 secs]
493.024: [GC (Allocation Failure) 26912K->435K(68864K), 0.0002110 secs]
493.039: [GC (Allocation Failure) 26131K->435K(68096K), 0.0002370 secs]
493.070: [GC (Allocation Failure) 25447K->435K(67392K), 0.0002030 secs]
493.123: [GC (Allocation Failure) 24662K->435K(66688K), 0.0002120 secs]
493.139: [GC (Allocation Failure) 23978K->435K(66048K), 0.0002100 secs]
493.153: [GC (Allocation Failure) 23392K->435K(65408K), 0.0002050 secs]
493.163: [GC (Allocation Failure) 22708K->435K(69888K), 0.0002100 secs]
493.240: [GC (Allocation Failure) 27205K->435K(69056K), 0.0002230 secs]
493.256: [GC (Allocation Failure) 26326K->435K(68288K), 0.0002280 secs]
493.324: [GC (Allocation Failure) 25642K->435K(67520K), 0.0002030 secs]
493.335: [GC (Allocation Failure) 24857K->435K(72448K), 0.0002160 secs]
493.375: [GC (Allocation Failure) 29745K->435K(71552K), 0.0002230 secs]
493.392: [GC (Allocation Failure) 28865K->435K(77248K), 0.0002710 secs]
493.409: [GC (Allocation Failure) 34530K->435K(84096K), 0.0002050 secs]
493.431: [GC (Allocation Failure) 41367K->435K(82624K), 0.0002000 secs]
493.448: [GC (Allocation Failure) 39902K->435K(81280K), 0.0002170 secs]
493.542: [GC (Allocation Failure) 38633K->435K(80000K), 0.0002130 secs]
493.629: [GC (Allocation Failure) 37363K->435K(78720K), 0.0002120 secs]
493.645: [GC (Allocation Failure) 35996K->435K(77504K), 0.0002160 secs]
493.664: [GC (Allocation Failure) 34823K->435K(76352K), 0.0002710 secs]
493.679: [GC (Allocation Failure) 33651K->435K(75264K), 0.0002140 secs]
493.693: [GC (Allocation Failure) 32577K->435K(81728K), 0.0002040 secs]
493.710: [GC (Allocation Failure) 39023K->435K(89472K), 0.0002010 secs]
493.879: [GC (Allocation Failure) 46739K->435K(87808K), 0.0002040 secs]
493.929: [GC (Allocation Failure) 45079K->435K(86208K), 0.0002040 secs]
493.977: [GC (Allocation Failure) 43516K->435K(84672K), 0.0002150 secs]
493.995: [GC (Allocation Failure) 41953K->435K(83200K), 0.0002030 secs]
494.017: [GC (Allocation Failure) 40488K->435K(81792K), 0.0002130 secs]
494.034: [GC (Allocation Failure) 39121K->435K(80448K), 0.0002010 secs]
494.170: [GC (Allocation Failure) 37754K->435K(79168K), 0.0002190 secs]
494.190: [GC (Allocation Failure) 36484K->435K(77952K), 0.0002780 secs]
494.210: [GC (Allocation Failure) 35312K->435K(76800K), 0.0002160 secs]
494.278: [GC (Allocation Failure) 34140K->435K(75712K), 0.0002400 secs]
494.293: [GC (Allocation Failure) 33065K->435K(74624K), 0.0002120 secs]
494.310: [GC (Allocation Failure) 31893K->435K(73600K), 0.0002040 secs]
494.324: [GC (Allocation Failure) 30917K->435K(72640K), 0.0002140 secs]
494.348: [GC (Allocation Failure) 29940K->435K(71744K), 0.0002330 secs]
494.361: [GC (Allocation Failure) 29061K->435K(77504K), 0.0002020 secs]
494.388: [GC (Allocation Failure) 34823K->435K(76352K), 0.0002210 secs]
494.423: [GC (Allocation Failure) 33651K->435K(75264K), 0.0002130 secs]
494.441: [GC (Allocation Failure) 32577K->435K(74240K), 0.0002130 secs]
494.459: [GC (Allocation Failure) 31600K->435K(73216K), 0.0002020 secs]
494.472: [GC (Allocation Failure) 30526K->435K(79296K), 0.0002040 secs]
494.503: [GC (Allocation Failure) 36582K->435K(78080K), 0.0002390 secs]
494.519: [GC (Allocation Failure) 35409K->435K(85120K), 0.0003570 secs]
494.539: [GC (Allocation Failure) 42442K->435K(93568K), 0.0002120 secs]
494.580: [GC (Allocation Failure) 50846K->435K(91712K), 0.0002050 secs]
494.675: [GC (Allocation Failure) 48986K->435K(89920K), 0.0002110 secs]
494.700: [GC (Allocation Failure) 47228K->435K(88192K), 0.0002080 secs]
494.723: [GC (Allocation Failure) 45470K->435K(86592K), 0.0002210 secs]
494.749: [GC (Allocation Failure) 43907K->435K(85056K), 0.0002150 secs]
494.771: [GC (Allocation Failure) 42344K->435K(83584K), 0.0002030 secs]
494.788: [GC (Allocation Failure) 40879K->435K(82176K), 0.0002140 secs]
494.809: [GC (Allocation Failure) 39512K->435K(80832K), 0.0002010 secs]
494.826: [GC (Allocation Failure) 38144K->435K(79552K), 0.0002030 secs]
494.881: [GC (Allocation Failure) 36875K->435K(78336K), 0.0002230 secs]
494.896: [GC (Allocation Failure) 35605K->435K(77184K), 0.0002140 secs]
494.977: [GC (Allocation Failure) 34530K->435K(76032K), 0.0002290 secs]
494.992: [GC (Allocation Failure) 33358K->435K(74944K), 0.0002150 secs]
495.079: [GC (Allocation Failure) 32284K->435K(73920K), 0.0002120 secs]
495.097: [GC (Allocation Failure) 31210K->435K(72960K), 0.0002160 secs]
495.111: [GC (Allocation Failure) 30233K->435K(72000K), 0.0002100 secs]
495.175: [GC (Allocation Failure) 29354K->435K(71104K), 0.0002240 secs]
495.188: [GC (Allocation Failure) 28377K->435K(70272K), 0.0002660 secs]
495.326: [GC (Allocation Failure) 27596K->435K(69440K), 0.0002150 secs]
495.342: [GC (Allocation Failure) 26717K->435K(68672K), 0.0002020 secs]
495.353: [GC (Allocation Failure) 26033K->435K(73792K), 0.0002280 secs]
495.371: [GC (Allocation Failure) 31112K->435K(79936K), 0.0002100 secs]
495.428: [GC (Allocation Failure) 37265K->435K(78656K), 0.0002270 secs]
495.447: [GC (Allocation Failure) 35996K->435K(77440K), 0.0002090 secs]
495.477: [GC (Allocation Failure) 34726K->435K(76288K), 0.0002700 secs]
495.543: [GC (Allocation Failure) 33554K->435K(75200K), 0.0002320 secs]
495.559: [GC (Allocation Failure) 32479K->435K(74176K), 0.0002140 secs]
495.575: [GC (Allocation Failure) 31503K->435K(73152K), 0.0002040 secs]
495.625: [GC (Allocation Failure) 30428K->435K(72192K), 0.0002070 secs]
495.639: [GC (Allocation Failure) 29549K->435K(71296K), 0.0002040 secs]
495.667: [GC (Allocation Failure) 28572K->435K(70400K), 0.0002220 secs]
495.683: [GC (Allocation Failure) 27693K->435K(69568K), 0.0002710 secs]
495.699: [GC (Allocation Failure) 26912K->435K(74880K), 0.0002140 secs]
495.717: [GC (Allocation Failure) 32186K->435K(81280K), 0.0002280 secs]
495.777: [GC (Allocation Failure) 38633K->435K(80000K), 0.0002810 secs]
495.793: [GC (Allocation Failure) 37363K->435K(87424K), 0.0002760 secs]
495.836: [GC (Allocation Failure) 44786K->435K(85824K), 0.0002380 secs]
495.860: [GC (Allocation Failure) 43126K->435K(84288K), 0.0002240 secs]
495.931: [GC (Allocation Failure) 41563K->435K(82816K), 0.0002150 secs]
495.980: [GC (Allocation Failure) 40098K->435K(81408K), 0.0002310 secs]
495.998: [GC (Allocation Failure) 38730K->435K(80064K), 0.0003230 secs]
496.033: [GC (Allocation Failure) 37363K->435K(78784K), 0.0002350 secs]
496.053: [GC (Allocation Failure) 36093K->435K(77568K), 0.0002110 secs]
496.072: [GC (Allocation Failure) 34921K->435K(76416K), 0.0002010 secs]
496.169: [GC (Allocation Failure) 33749K->435K(75328K), 0.0002050 secs]
496.183: [GC (Allocation Failure) 32675K->435K(74304K), 0.0002160 secs]
496.227: [GC (Allocation Failure) 31600K->435K(73280K), 0.0002160 secs]
496.280: [GC (Allocation Failure) 30624K->435K(72320K), 0.0002130 secs]
496.297: [GC (Allocation Failure) 29647K->435K(71424K), 0.0002100 secs]
496.309: [GC (Allocation Failure) 28768K->435K(70528K), 0.0002120 secs]
496.329: [GC (Allocation Failure) 27889K->435K(69696K), 0.0002200 secs]
496.341: [GC (Allocation Failure) 27010K->435K(75072K), 0.0002340 secs]
496.369: [GC (Allocation Failure) 32382K->435K(81472K), 0.0002870 secs]
496.393: [GC (Allocation Failure) 38828K->435K(89152K), 0.0002780 secs]
496.417: [GC (Allocation Failure) 46446K->435K(87488K), 0.0002090 secs]
496.436: [GC (Allocation Failure) 44786K->435K(85888K), 0.0002150 secs]
496.459: [GC (Allocation Failure) 43223K->435K(84352K), 0.0002010 secs]
496.477: [GC (Allocation Failure) 41660K->435K(92608K), 0.0002710 secs]
496.535: [GC (Allocation Failure) 49967K->435K(90752K), 0.0002000 secs]
496.580: [GC (Allocation Failure) 48107K->435K(89024K), 0.0002160 secs]
496.637: [GC (Allocation Failure) 46349K->435K(87360K), 0.0002100 secs]
496.661: [GC (Allocation Failure) 44688K->435K(85760K), 0.0002020 secs]
496.680: [GC (Allocation Failure) 43028K->435K(84224K), 0.0002020 secs]
496.750: [GC (Allocation Failure) 41563K->435K(82752K), 0.0002270 secs]
496.768: [GC (Allocation Failure) 40098K->435K(81344K), 0.0002070 secs]
496.784: [GC (Allocation Failure) 38633K->435K(80000K), 0.0002060 secs]
496.834: [GC (Allocation Failure) 37363K->435K(78720K), 0.0002090 secs]
496.850: [GC (Allocation Failure) 35996K->435K(77504K), 0.0002160 secs]
496.869: [GC (Allocation Failure) 34823K->435K(76352K), 0.0002140 secs]
496.928: [GC (Allocation Failure) 33651K->435K(75264K), 0.0002150 secs]
496.973: [GC (Allocation Failure) 32577K->435K(74240K), 0.0002230 secs]
496.986: [GC (Allocation Failure) 31600K->435K(73216K), 0.0002110 secs]
497.003: [GC (Allocation Failure) 30526K->435K(72256K), 0.0002110 secs]
497.016: [GC (Allocation Failure) 29549K->435K(78144K), 0.0002130 secs]
497.035: [GC (Allocation Failure) 35409K->435K(76992K), 0.0002120 secs]
497.054: [GC (Allocation Failure) 34335K->435K(75904K), 0.0002230 secs]
497.130: [GC (Allocation Failure) 33261K->435K(74816K), 0.0002080 secs]
497.160: [GC (Allocation Failure) 32089K->435K(73792K), 0.0002190 secs]
497.177: [GC (Allocation Failure) 31112K->435K(72832K), 0.0002160 secs]
497.229: [GC (Allocation Failure) 30135K->435K(71872K), 0.0002040 secs]
497.242: [GC (Allocation Failure) 29158K->435K(70976K), 0.0002160 secs]
497.254: [GC (Allocation Failure) 28279K->435K(76608K), 0.0002250 secs]
497.280: [GC (Allocation Failure) 33944K->435K(75520K), 0.0002270 secs]
497.298: [GC (Allocation Failure) 32870K->435K(74496K), 0.0002110 secs]
497.344: [GC (Allocation Failure) 31796K->435K(73472K), 0.0002180 secs]
497.362: [GC (Allocation Failure) 30819K->435K(72512K), 0.0002720 secs]
497.381: [GC (Allocation Failure) 29842K->435K(71616K), 0.0002060 secs]
497.394: [GC (Allocation Failure) 28963K->435K(77376K), 0.0002160 secs]
497.430: [GC (Allocation Failure) 34726K->435K(76224K), 0.0002260 secs]
497.444: [GC (Allocation Failure) 33554K->435K(82880K), 0.0002040 secs]
497.462: [GC (Allocation Failure) 40195K->435K(90880K), 0.0002150 secs]
497.586: [GC (Allocation Failure) 48204K->435K(89152K), 0.0002230 secs]
497.606: [GC (Allocation Failure) 46446K->435K(87488K), 0.0002130 secs]
497.670: [GC (Allocation Failure) 44786K->435K(85888K), 0.0002040 secs]
497.737: [GC (Allocation Failure) 43223K->435K(84352K), 0.0002200 secs]
497.755: [GC (Allocation Failure) 41660K->435K(82880K), 0.0002030 secs]
497.782: [GC (Allocation Failure) 40195K->435K(81472K), 0.0002250 secs]
497.933: [GC (Allocation Failure) 38828K->435K(80128K), 0.0002040 secs]
497.949: [GC (Allocation Failure) 37461K->435K(78848K), 0.0002020 secs]
497.965: [GC (Allocation Failure) 36191K->435K(77632K), 0.0002010 secs]
497.984: [GC (Allocation Failure) 34921K->435K(76480K), 0.0002170 secs]
498.003: [GC (Allocation Failure) 33749K->435K(75392K), 0.0002020 secs]
498.017: [GC (Allocation Failure) 32675K->435K(74368K), 0.0002180 secs]
498.035: [GC (Allocation Failure) 31698K->435K(73344K), 0.0001990 secs]
498.052: [GC (Allocation Failure) 30624K->435K(72384K), 0.0002120 secs]
498.065: [GC (Allocation Failure) 29745K->435K(78272K), 0.0002300 secs]
498.085: [GC (Allocation Failure) 35605K->435K(85312K), 0.0002000 secs]
498.103: [GC (Allocation Failure) 42637K->435K(93760K), 0.0002130 secs]
498.129: [GC (Allocation Failure) 51041K->435K(103936K), 0.0002700 secs]
498.159: [GC (Allocation Failure) 61297K->435K(101568K), 0.0002110 secs]
498.184: [GC (Allocation Failure) 58855K->435K(99328K), 0.0002110 secs]
498.208: [GC (Allocation Failure) 56608K->435K(97152K), 0.0002030 secs]
498.232: [GC (Allocation Failure) 54459K->435K(95104K), 0.0002020 secs]
498.258: [GC (Allocation Failure) 52408K->435K(93120K), 0.0002100 secs]
498.342: [GC (Allocation Failure) 50455K->435K(91264K), 0.0003140 secs]
498.383: [GC (Allocation Failure) 48595K->435K(89472K), 0.0002050 secs]
498.404: [GC (Allocation Failure) 46739K->435K(87808K), 0.0002770 secs]
498.443: [GC (Allocation Failure) 45079K->435K(86208K), 0.0002340 secs]
498.466: [GC (Allocation Failure) 43516K->435K(84672K), 0.0002130 secs]
498.488: [GC (Allocation Failure) 41953K->435K(83200K), 0.0002000 secs]
498.506: [GC (Allocation Failure) 40488K->435K(81792K), 0.0002140 secs]
498.587: [GC (Allocation Failure) 39121K->435K(80448K), 0.0002800 secs]
498.603: [GC (Allocation Failure) 37754K->435K(79168K), 0.0002040 secs]
498.632: [GC (Allocation Failure) 36484K->435K(77952K), 0.0002040 secs]
498.669: [GC (Allocation Failure) 35312K->435K(76800K), 0.0002170 secs]
498.688: [GC (Allocation Failure) 34140K->435K(75712K), 0.0002110 secs]
498.731: [GC (Allocation Failure) 33065K->435K(74624K), 0.0002270 secs]
498.749: [GC (Allocation Failure) 31893K->435K(73600K), 0.0002090 secs]
498.776: [GC (Allocation Failure) 30917K->435K(72640K), 0.0002160 secs]
498.789: [GC (Allocation Failure) 29940K->435K(71744K), 0.0002020 secs]
498.829: [GC (Allocation Failure) 29061K->435K(70848K), 0.0002020 secs]
498.883: [GC (Allocation Failure) 28182K->435K(70016K), 0.0002170 secs]
498.899: [GC (Allocation Failure) 27303K->435K(69184K), 0.0002000 secs]
498.914: [GC (Allocation Failure) 26521K->435K(74432K), 0.0003170 secs]
498.928: [GC (Allocation Failure) 31698K->435K(80704K), 0.0002120 secs]
498.945: [GC (Allocation Failure) 38047K->435K(88256K), 0.0002020 secs]
498.967: [GC (Allocation Failure) 45567K->435K(97344K), 0.0002080 secs]
498.994: [GC (Allocation Failure) 54655K->435K(95296K), 0.0002880 secs]
499.017: [GC (Allocation Failure) 52604K->435K(93312K), 0.0001990 secs]
499.093: [GC (Allocation Failure) 50650K->435K(91456K), 0.0002120 secs]
499.117: [GC (Allocation Failure) 48791K->435K(89664K), 0.0002110 secs]
499.152: [GC (Allocation Failure) 46935K->435K(87936K), 0.0002100 secs]
499.186: [GC (Allocation Failure) 45274K->435K(86336K), 0.0002140 secs]
499.209: [GC (Allocation Failure) 43614K->435K(84800K), 0.0002160 secs]
499.231: [GC (Allocation Failure) 42149K->435K(83328K), 0.0002080 secs]
499.249: [GC (Allocation Failure) 40684K->435K(81920K), 0.0002040 secs]
499.266: [GC (Allocation Failure) 39219K->435K(80576K), 0.0002110 secs]
499.283: [GC (Allocation Failure) 37851K->435K(79296K), 0.0002130 secs]
499.302: [GC (Allocation Failure) 36582K->435K(78080K), 0.0002060 secs]
499.318: [GC (Allocation Failure) 35409K->435K(76928K), 0.0002230 secs]
499.337: [GC (Allocation Failure) 34237K->435K(83712K), 0.0002700 secs]
499.355: [GC (Allocation Failure) 41074K->435K(91840K), 0.0002100 secs]
499.383: [GC (Allocation Failure) 49181K->435K(90048K), 0.0002200 secs]
499.404: [GC (Allocation Failure) 47325K->435K(88320K), 0.0002040 secs]
499.437: [GC (Allocation Failure) 45665K->435K(86656K), 0.0002080 secs]
499.490: [GC (Allocation Failure) 44005K->435K(85120K), 0.0002260 secs]
499.508: [GC (Allocation Failure) 42442K->435K(83648K), 0.0002020 secs]
499.526: [GC (Allocation Failure) 40977K->435K(91776K), 0.0003780 secs]
499.552: [GC (Allocation Failure) 49084K->435K(101568K), 0.0002750 secs]
499.578: [GC (Allocation Failure) 58855K->435K(99328K), 0.0002060 secs]
499.661: [GC (Allocation Failure) 56608K->435K(97152K), 0.0002130 secs]
499.689: [GC (Allocation Failure) 54459K->435K(95104K), 0.0002770 secs]
499.712: [GC (Allocation Failure) 52408K->435K(93120K), 0.0002150 secs]
499.737: [GC (Allocation Failure) 50455K->435K(91264K), 0.0002090 secs]
499.789: [GC (Allocation Failure) 48595K->435K(89472K), 0.0002040 secs]
499.838: [GC (Allocation Failure) 46739K->435K(87808K), 0.0002030 secs]
500.037: [GC (Allocation Failure) 45079K->435K(86208K), 0.0002150 secs]
500.087: [GC (Allocation Failure) 43516K->435K(84672K), 0.0002020 secs]
500.168: [GC (Allocation Failure) 41953K->435K(83200K), 0.0002240 secs]
500.190: [GC (Allocation Failure) 40488K->435K(81792K), 0.0002000 secs]
500.207: [GC (Allocation Failure) 39121K->435K(80448K), 0.0002100 secs]
500.227: [GC (Allocation Failure) 37754K->435K(79168K), 0.0002130 secs]
500.247: [GC (Allocation Failure) 36484K->435K(77952K), 0.0002110 secs]
500.267: [GC (Allocation Failure) 35312K->435K(76800K), 0.0002220 secs]
500.287: [GC (Allocation Failure) 34140K->435K(75712K), 0.0002090 secs]
500.301: [GC (Allocation Failure) 33065K->435K(82240K), 0.0002750 secs]
500.337: [GC (Allocation Failure) 39512K->435K(80896K), 0.0002080 secs]
500.354: [GC (Allocation Failure) 38242K->435K(79616K), 0.0002100 secs]
500.373: [GC (Allocation Failure) 36972K->435K(78400K), 0.0002450 secs]
500.419: [GC (Allocation Failure) 35702K->435K(77248K), 0.0002000 secs]
500.434: [GC (Allocation Failure) 34530K->435K(76096K), 0.0002060 secs]
500.453: [GC (Allocation Failure) 33456K->435K(75008K), 0.0002140 secs]
500.467: [GC (Allocation Failure) 32284K->435K(81408K), 0.0002160 secs]
500.488: [GC (Allocation Failure) 38730K->435K(80064K), 0.0002200 secs]
500.535: [GC (Allocation Failure) 37363K->435K(78784K), 0.0002120 secs]
500.551: [GC (Allocation Failure) 36093K->435K(77568K), 0.0002130 secs]
500.638: [GC (Allocation Failure) 34921K->435K(76416K), 0.0002140 secs]
500.657: [GC (Allocation Failure) 33749K->435K(75328K), 0.0002010 secs]
500.687: [GC (Allocation Failure) 32675K->435K(74304K), 0.0002050 secs]
500.705: [GC (Allocation Failure) 31600K->435K(73280K), 0.0002830 secs]
500.719: [GC (Allocation Failure) 30624K->435K(72320K), 0.0002140 secs]
500.734: [GC (Allocation Failure) 29647K->435K(78208K), 0.0003050 secs]
500.757: [GC (Allocation Failure) 35507K->435K(85248K), 0.0002350 secs]
500.779: [GC (Allocation Failure) 42540K->435K(93696K), 0.0002130 secs]
500.842: [GC (Allocation Failure) 51041K->435K(91840K), 0.0002140 secs]
500.863: [GC (Allocation Failure) 49181K->435K(90048K), 0.0002140 secs]
500.944: [GC (Allocation Failure) 47325K->435K(88320K), 0.0002120 secs]
500.968: [GC (Allocation Failure) 45665K->435K(86656K), 0.0002010 secs]
500.987: [GC (Allocation Failure) 44005K->435K(85120K), 0.0002020 secs]
501.142: [GC (Allocation Failure) 42442K->435K(83648K), 0.0002190 secs]
501.164: [GC (Allocation Failure) 40977K->435K(82240K), 0.0002050 secs]
501.181: [GC (Allocation Failure) 39512K->435K(80896K), 0.0002140 secs]
501.236: [GC (Allocation Failure) 38242K->435K(79616K), 0.0002010 secs]
501.290: [GC (Allocation Failure) 36972K->435K(78400K), 0.0002210 secs]
501.309: [GC (Allocation Failure) 35702K->435K(77248K), 0.0002090 secs]
501.439: [GC (Allocation Failure) 34530K->435K(76096K), 0.0002020 secs]
501.454: [GC (Allocation Failure) 33456K->435K(75008K), 0.0002280 secs]
501.470: [GC (Allocation Failure) 32284K->435K(73984K), 0.0002000 secs]
501.484: [GC (Allocation Failure) 31307K->435K(73024K), 0.0002120 secs]
501.501: [GC (Allocation Failure) 30331K->435K(72064K), 0.0002120 secs]
501.533: [GC (Allocation Failure) 29354K->435K(71168K), 0.0002130 secs]
501.546: [GC (Allocation Failure) 28475K->435K(70336K), 0.0002050 secs]
501.558: [GC (Allocation Failure) 27693K->435K(75840K), 0.0002160 secs]
501.572: [GC (Allocation Failure) 33163K->435K(82432K), 0.0002030 secs]
501.652: [GC (Allocation Failure) 39707K->435K(81088K), 0.0002050 secs]
501.737: [GC (Allocation Failure) 38437K->435K(79808K), 0.0002130 secs]
501.757: [GC (Allocation Failure) 37168K->435K(78592K), 0.0002080 secs]
501.776: [GC (Allocation Failure) 35898K->435K(77376K), 0.0002140 secs]
501.796: [GC (Allocation Failure) 34726K->435K(76224K), 0.0002080 secs]
501.835: [GC (Allocation Failure) 33554K->435K(75136K), 0.0002730 secs]
501.954: [GC (Allocation Failure) 32479K->435K(74112K), 0.0002260 secs]
501.971: [GC (Allocation Failure) 31405K->435K(73152K), 0.0002190 secs]
502.037: [GC (Allocation Failure) 30428K->435K(72192K), 0.0002060 secs]
502.049: [GC (Allocation Failure) 29549K->435K(71296K), 0.0002040 secs]
502.087: [GC (Allocation Failure) 28572K->435K(70400K), 0.0002110 secs]
502.103: [GC (Allocation Failure) 27693K->435K(69568K), 0.0002290 secs]
502.119: [GC (Allocation Failure) 26912K->435K(68800K), 0.0002130 secs]
502.135: [GC (Allocation Failure) 26131K->435K(68032K), 0.0002210 secs]
502.150: [GC (Allocation Failure) 25349K->435K(73024K), 0.0002090 secs]
502.175: [GC (Allocation Failure) 30331K->435K(72064K), 0.0002110 secs]
502.192: [GC (Allocation Failure) 29354K->435K(71168K), 0.0002120 secs]
502.288: [GC (Allocation Failure) 28475K->435K(70336K), 0.0002110 secs]
502.304: [GC (Allocation Failure) 27693K->435K(69504K), 0.0002270 secs]
502.316: [GC (Allocation Failure) 26814K->435K(74816K), 0.0002610 secs]
502.335: [GC (Allocation Failure) 32089K->435K(81216K), 0.0002200 secs]
502.354: [GC (Allocation Failure) 38535K->435K(88896K), 0.0002140 secs]
502.392: [GC (Allocation Failure) 46251K->435K(87232K), 0.0002130 secs]
502.414: [GC (Allocation Failure) 44591K->435K(85632K), 0.0002060 secs]
502.437: [GC (Allocation Failure) 42930K->435K(84096K), 0.0002220 secs]
502.593: [GC (Allocation Failure) 41367K->435K(82624K), 0.0002110 secs]
502.611: [GC (Allocation Failure) 39902K->435K(81280K), 0.0002040 secs]
502.627: [GC (Allocation Failure) 38633K->435K(80000K), 0.0001990 secs]
502.672: [GC (Allocation Failure) 37363K->435K(78720K), 0.0002170 secs]
502.688: [GC (Allocation Failure) 35996K->435K(77504K), 0.0002250 secs]
502.707: [GC (Allocation Failure) 34823K->435K(76352K), 0.0002010 secs]
502.722: [GC (Allocation Failure) 33651K->435K(75264K), 0.0002260 secs]
502.736: [GC (Allocation Failure) 32577K->435K(81728K), 0.0002030 secs]
502.779: [GC (Allocation Failure) 39023K->435K(80384K), 0.0002160 secs]
502.799: [GC (Allocation Failure) 37656K->435K(79104K), 0.0002160 secs]
502.857: [GC (Allocation Failure) 36386K->435K(77888K), 0.0002170 secs]
502.873: [GC (Allocation Failure) 35214K->435K(76736K), 0.0001990 secs]
502.891: [GC (Allocation Failure) 34042K->435K(75648K), 0.0002140 secs]
502.910: [GC (Allocation Failure) 32968K->435K(74560K), 0.0002010 secs]
502.924: [GC (Allocation Failure) 31893K->435K(73536K), 0.0002030 secs]
502.989: [GC (Allocation Failure) 30819K->435K(72576K), 0.0002220 secs]
503.007: [GC (Allocation Failure) 29842K->435K(71680K), 0.0002100 secs]
503.139: [GC (Allocation Failure) 28963K->435K(70784K), 0.0001900 secs]
503.155: [GC (Allocation Failure) 28084K->435K(69952K), 0.0002110 secs]
503.171: [GC (Allocation Failure) 27303K->435K(69120K), 0.0002160 secs]
503.183: [GC (Allocation Failure) 26424K->435K(74368K), 0.0002050 secs]
503.239: [GC (Allocation Failure) 31698K->435K(73344K), 0.0002080 secs]
503.256: [GC (Allocation Failure) 30624K->435K(72384K), 0.0002010 secs]
503.269: [GC (Allocation Failure) 29745K->435K(78272K), 0.0002040 secs]
503.288: [GC (Allocation Failure) 35605K->435K(85312K), 0.0002280 secs]
503.311: [GC (Allocation Failure) 42637K->435K(83840K), 0.0002120 secs]
503.444: [GC (Allocation Failure) 41172K->435K(82432K), 0.0002220 secs]
503.461: [GC (Allocation Failure) 39707K->435K(81088K), 0.0002030 secs]
503.478: [GC (Allocation Failure) 38437K->435K(79808K), 0.0002020 secs]
503.498: [GC (Allocation Failure) 37168K->435K(78592K), 0.0002230 secs]
503.542: [GC (Allocation Failure) 35898K->435K(77376K), 0.0002120 secs]
503.558: [GC (Allocation Failure) 34726K->435K(76224K), 0.0002120 secs]
503.577: [GC (Allocation Failure) 33554K->435K(75136K), 0.0002100 secs]
503.591: [GC (Allocation Failure) 32479K->435K(74112K), 0.0002020 secs]
503.605: [GC (Allocation Failure) 31405K->435K(80320K), 0.0002140 secs]
503.640: [GC (Allocation Failure) 37656K->435K(79040K), 0.0002120 secs]
503.670: [GC (Allocation Failure) 36386K->435K(77824K), 0.0002010 secs]
503.689: [GC (Allocation Failure) 35116K->435K(76672K), 0.0002800 secs]
503.708: [GC (Allocation Failure) 33944K->435K(75584K), 0.0002110 secs]
503.723: [GC (Allocation Failure) 32870K->435K(82112K), 0.0002130 secs]
503.740: [GC (Allocation Failure) 39414K->435K(89920K), 0.0002030 secs]
503.760: [GC (Allocation Failure) 47228K->435K(88192K), 0.0002110 secs]
503.779: [GC (Allocation Failure) 45470K->435K(86592K), 0.0002110 secs]
503.846: [GC (Allocation Failure) 43907K->435K(85056K), 0.0002170 secs]
503.868: [GC (Allocation Failure) 42344K->435K(83584K), 0.0002000 secs]
503.886: [GC (Allocation Failure) 40879K->435K(82176K), 0.0002020 secs]
503.957: [GC (Allocation Failure) 39512K->435K(80832K), 0.0002260 secs]
503.977: [GC (Allocation Failure) 38144K->435K(79552K), 0.0002750 secs]
503.997: [GC (Allocation Failure) 36875K->435K(78336K), 0.0002230 secs]
504.043: [GC (Allocation Failure) 35605K->435K(77184K), 0.0002210 secs]
504.062: [GC (Allocation Failure) 34530K->435K(76032K), 0.0002360 secs]
504.142: [GC (Allocation Failure) 33358K->435K(74944K), 0.0002160 secs]
504.156: [GC (Allocation Failure) 32284K->435K(73920K), 0.0002690 secs]
504.174: [GC (Allocation Failure) 31210K->435K(72960K), 0.0002130 secs]
504.191: [GC (Allocation Failure) 30233K->435K(72000K), 0.0002010 secs]
504.341: [GC (Allocation Failure) 29354K->435K(71104K), 0.0004480 secs]
504.353: [GC (Allocation Failure) 28377K->435K(70272K), 0.0002100 secs]
504.366: [GC (Allocation Failure) 27596K->435K(75712K), 0.0002140 secs]
504.384: [GC (Allocation Failure) 33065K->435K(82240K), 0.0002250 secs]
504.428: [GC (Allocation Failure) 39512K->435K(80896K), 0.0002160 secs]
504.445: [GC (Allocation Failure) 38242K->435K(79616K), 0.0002140 secs]
504.465: [GC (Allocation Failure) 36972K->435K(78400K), 0.0002110 secs]
504.498: [GC (Allocation Failure) 35702K->435K(77248K), 0.0002390 secs]
504.518: [GC (Allocation Failure) 34530K->435K(76096K), 0.0002020 secs]
504.533: [GC (Allocation Failure) 33456K->435K(82752K), 0.0002900 secs]
504.556: [GC (Allocation Failure) 40098K->435K(81344K), 0.0002060 secs]
504.573: [GC (Allocation Failure) 38633K->435K(89024K), 0.0002060 secs]
504.597: [GC (Allocation Failure) 46349K->435K(87360K), 0.0002130 secs]
504.620: [GC (Allocation Failure) 44688K->435K(85760K), 0.0002000 secs]
504.639: [GC (Allocation Failure) 43028K->435K(84224K), 0.0002130 secs]
504.657: [GC (Allocation Failure) 41563K->435K(82752K), 0.0002020 secs]
504.692: [GC (Allocation Failure) 40098K->435K(81344K), 0.0002030 secs]
504.741: [GC (Allocation Failure) 38633K->435K(80000K), 0.0002140 secs]
504.759: [GC (Allocation Failure) 37363K->435K(78720K), 0.0002120 secs]
504.894: [GC (Allocation Failure) 35996K->435K(77504K), 0.0002240 secs]
504.910: [GC (Allocation Failure) 34823K->435K(76352K), 0.0002160 secs]
504.940: [GC (Allocation Failure) 33651K->435K(75264K), 0.0002270 secs]
504.954: [GC (Allocation Failure) 32577K->435K(74240K), 0.0002210 secs]
504.993: [GC (Allocation Failure) 31600K->435K(73216K), 0.0002210 secs]
505.006: [GC (Allocation Failure) 30526K->435K(72256K), 0.0002170 secs]
505.023: [GC (Allocation Failure) 29549K->435K(71360K), 0.0002100 secs]
505.041: [GC (Allocation Failure) 28670K->435K(70464K), 0.0002340 secs]
505.054: [GC (Allocation Failure) 27791K->435K(75968K), 0.0002900 secs]
505.158: [GC (Allocation Failure) 33261K->435K(74880K), 0.0002220 secs]
505.176: [GC (Allocation Failure) 32186K->435K(73856K), 0.0002030 secs]
505.241: [GC (Allocation Failure) 31210K->435K(72896K), 0.0002120 secs]
505.258: [GC (Allocation Failure) 30233K->435K(71936K), 0.0002040 secs]
505.275: [GC (Allocation Failure) 29256K->435K(71040K), 0.0002110 secs]
505.342: [GC (Allocation Failure) 28377K->435K(70208K), 0.0002010 secs]
505.358: [GC (Allocation Failure) 27498K->435K(69376K), 0.0002190 secs]
505.373: [GC (Allocation Failure) 26717K->435K(68608K), 0.0002020 secs]
505.389: [GC (Allocation Failure) 25935K->435K(73728K), 0.0002380 secs]
505.493: [GC (Allocation Failure) 31014K->435K(72768K), 0.0002200 secs]
505.510: [GC (Allocation Failure) 30038K->435K(71808K), 0.0002250 secs]
505.539: [GC (Allocation Failure) 29158K->435K(70912K), 0.0002120 secs]
505.554: [GC (Allocation Failure) 28182K->435K(70080K), 0.0002130 secs]
505.570: [GC (Allocation Failure) 27400K->435K(75520K), 0.0002750 secs]
505.584: [GC (Allocation Failure) 32870K->435K(82048K), 0.0002080 secs]
505.647: [GC (Allocation Failure) 39316K->435K(80704K), 0.0002060 secs]
505.667: [GC (Allocation Failure) 38047K->435K(79424K), 0.0002300 secs]
505.789: [GC (Allocation Failure) 36777K->435K(78208K), 0.0002130 secs]
505.809: [GC (Allocation Failure) 35507K->435K(77056K), 0.0002010 secs]
505.826: [GC (Allocation Failure) 34335K->435K(75904K), 0.0002040 secs]
505.841: [GC (Allocation Failure) 33261K->435K(74816K), 0.0002040 secs]
505.890: [GC (Allocation Failure) 32089K->435K(73792K), 0.0002130 secs]
505.907: [GC (Allocation Failure) 31112K->435K(72832K), 0.0002120 secs]
505.971: [GC (Allocation Failure) 30135K->435K(71872K), 0.0002130 secs]
505.984: [GC (Allocation Failure) 29158K->435K(70976K), 0.0002020 secs]
505.996: [GC (Allocation Failure) 28279K->435K(76608K), 0.0002030 secs]
506.011: [GC (Allocation Failure) 33944K->435K(83328K), 0.0002030 secs]
506.044: [GC (Allocation Failure) 40684K->435K(81920K), 0.0002040 secs]
506.098: [GC (Allocation Failure) 39219K->435K(80576K), 0.0002220 secs]
506.118: [GC (Allocation Failure) 37851K->435K(79296K), 0.0002160 secs]
506.134: [GC (Allocation Failure) 36582K->435K(78080K), 0.0002370 secs]
506.196: [GC (Allocation Failure) 35409K->435K(76928K), 0.0002110 secs]
506.211: [GC (Allocation Failure) 34237K->435K(75840K), 0.0002690 secs]
506.342: [GC (Allocation Failure) 33163K->435K(74752K), 0.0002330 secs]
506.376: [GC (Allocation Failure) 32089K->435K(73728K), 0.0002050 secs]
506.393: [GC (Allocation Failure) 31014K->435K(72768K), 0.0002080 secs]
506.410: [GC (Allocation Failure) 30038K->435K(71808K), 0.0002180 secs]
506.424: [GC (Allocation Failure) 29158K->435K(70912K), 0.0002050 secs]
506.439: [GC (Allocation Failure) 28182K->435K(76480K), 0.0002040 secs]
506.462: [GC (Allocation Failure) 33749K->435K(75392K), 0.0002230 secs]
506.476: [GC (Allocation Failure) 32675K->435K(81856K), 0.0002010 secs]
506.493: [GC (Allocation Failure) 39219K->435K(89664K), 0.0002040 secs]
506.579: [GC (Allocation Failure) 46935K->435K(87936K), 0.0002020 secs]
506.651: [GC (Allocation Failure) 45274K->435K(86336K), 0.0002160 secs]
506.670: [GC (Allocation Failure) 43614K->435K(84800K), 0.0002050 secs]
506.688: [GC (Allocation Failure) 42149K->435K(83328K), 0.0002010 secs]
506.750: [GC (Allocation Failure) 40684K->435K(81920K), 0.0002100 secs]
506.771: [GC (Allocation Failure) 39219K->435K(80576K), 0.0002170 secs]
506.791: [GC (Allocation Failure) 37851K->435K(79296K), 0.0002030 secs]
506.863: [GC (Allocation Failure) 36582K->435K(78080K), 0.0002100 secs]
506.879: [GC (Allocation Failure) 35409K->435K(76928K), 0.0002010 secs]
506.943: [GC (Allocation Failure) 34237K->435K(75840K), 0.0002040 secs]
506.996: [GC (Allocation Failure) 33163K->435K(74752K), 0.0002220 secs]
507.010: [GC (Allocation Failure) 32089K->435K(73728K), 0.0002180 secs]
507.023: [GC (Allocation Failure) 31014K->435K(72768K), 0.0002020 secs]
507.036: [GC (Allocation Failure) 30038K->435K(71808K), 0.0002020 secs]
507.053: [GC (Allocation Failure) 29158K->435K(77568K), 0.0002130 secs]
507.072: [GC (Allocation Failure) 34921K->435K(84480K), 0.0002150 secs]
507.094: [GC (Allocation Failure) 41758K->435K(83008K), 0.0002190 secs]
507.245: [GC (Allocation Failure) 40293K->435K(81600K), 0.0002130 secs]
507.266: [GC (Allocation Failure) 38926K->435K(80256K), 0.0002120 secs]
507.295: [GC (Allocation Failure) 37558K->435K(78976K), 0.0002030 secs]
507.344: [GC (Allocation Failure) 36289K->435K(77760K), 0.0002150 secs]
507.359: [GC (Allocation Failure) 35116K->435K(76608K), 0.0002140 secs]
507.497: [GC (Allocation Failure) 33944K->435K(75520K), 0.0002220 secs]
507.511: [GC (Allocation Failure) 32870K->435K(74496K), 0.0002170 secs]
507.546: [GC (Allocation Failure) 31796K->435K(73472K), 0.0002000 secs]
507.563: [GC (Allocation Failure) 30819K->435K(72512K), 0.0002180 secs]
507.579: [GC (Allocation Failure) 29842K->435K(71616K), 0.0002120 secs]
507.591: [GC (Allocation Failure) 28963K->435K(77376K), 0.0002050 secs]
507.647: [GC (Allocation Failure) 34726K->435K(76224K), 0.0002100 secs]
507.666: [GC (Allocation Failure) 33554K->435K(75136K), 0.0002150 secs]
507.680: [GC (Allocation Failure) 32479K->435K(74112K), 0.0002170 secs]
507.694: [GC (Allocation Failure) 31405K->435K(80320K), 0.0002050 secs]
507.710: [GC (Allocation Failure) 37656K->435K(87808K), 0.0002030 secs]
507.729: [GC (Allocation Failure) 45079K->435K(96768K), 0.0002140 secs]
507.752: [GC (Allocation Failure) 54069K->435K(94720K), 0.0002050 secs]
507.778: [GC (Allocation Failure) 52018K->435K(92800K), 0.0002030 secs]
507.804: [GC (Allocation Failure) 50162K->435K(90944K), 0.0002150 secs]
507.900: [GC (Allocation Failure) 48302K->435K(89216K), 0.0002120 secs]
507.924: [GC (Allocation Failure) 46544K->435K(87552K), 0.0002150 secs]
507.947: [GC (Allocation Failure) 44884K->435K(85952K), 0.0001810 secs]
507.965: [GC (Allocation Failure) 43223K->435K(84416K), 0.0002170 secs]
507.983: [GC (Allocation Failure) 41758K->435K(82944K), 0.0002040 secs]
508.004: [GC (Allocation Failure) 40293K->435K(81536K), 0.0002140 secs]
508.065: [GC (Allocation Failure) 38828K->435K(80192K), 0.0002040 secs]
508.086: [GC (Allocation Failure) 37461K->435K(78912K), 0.0002030 secs]
508.149: [GC (Allocation Failure) 36191K->435K(77696K), 0.0002020 secs]
508.165: [GC (Allocation Failure) 35019K->435K(76544K), 0.0002060 secs]
508.198: [GC (Allocation Failure) 33847K->435K(75456K), 0.0002220 secs]
508.216: [GC (Allocation Failure) 32772K->435K(74432K), 0.0002030 secs]
508.230: [GC (Allocation Failure) 31698K->435K(73408K), 0.0002160 secs]
508.351: [GC (Allocation Failure) 30721K->435K(72448K), 0.0002140 secs]
508.390: [GC (Allocation Failure) 29745K->435K(71552K), 0.0002410 secs]
508.404: [GC (Allocation Failure) 28865K->435K(70656K), 0.0002050 secs]
508.416: [GC (Allocation Failure) 27986K->435K(69824K), 0.0002090 secs]
508.428: [GC (Allocation Failure) 27107K->435K(75200K), 0.0001990 secs]
508.494: [GC (Allocation Failure) 32479K->435K(74176K), 0.0002140 secs]
508.511: [GC (Allocation Failure) 31503K->435K(73152K), 0.0002050 secs]
508.528: [GC (Allocation Failure) 30428K->435K(72192K), 0.0002020 secs]
508.541: [GC (Allocation Failure) 29549K->435K(78016K), 0.0002180 secs]
508.557: [GC (Allocation Failure) 35312K->435K(85056K), 0.0002130 secs]
508.575: [GC (Allocation Failure) 42344K->435K(93504K), 0.0002030 secs]
508.601: [GC (Allocation Failure) 50846K->435K(91648K), 0.0002220 secs]
508.705: [GC (Allocation Failure) 48986K->435K(89856K), 0.0002780 secs]
508.725: [GC (Allocation Failure) 47130K->435K(88128K), 0.0002720 secs]
508.770: [GC (Allocation Failure) 45470K->435K(86528K), 0.0002200 secs]
508.789: [GC (Allocation Failure) 43809K->435K(84992K), 0.0002070 secs]
508.865: [GC (Allocation Failure) 42344K->435K(83520K), 0.0002150 secs]
508.886: [GC (Allocation Failure) 40879K->435K(82112K), 0.0001970 secs]
508.907: [GC (Allocation Failure) 39414K->435K(80768K), 0.0002140 secs]
508.927: [GC (Allocation Failure) 38047K->435K(79488K), 0.0002030 secs]
508.944: [GC (Allocation Failure) 36777K->435K(78272K), 0.0002020 secs]
509.050: [GC (Allocation Failure) 35605K->435K(77120K), 0.0002230 secs]
509.065: [GC (Allocation Failure) 34433K->435K(75968K), 0.0002050 secs]
509.081: [GC (Allocation Failure) 33261K->435K(74880K), 0.0002110 secs]
509.161: [GC (Allocation Failure) 32186K->435K(73856K), 0.0002320 secs]
509.179: [GC (Allocation Failure) 31210K->435K(72896K), 0.0002740 secs]
509.196: [GC (Allocation Failure) 30233K->435K(71936K), 0.0002130 secs]
509.213: [GC (Allocation Failure) 29256K->435K(71040K), 0.0002130 secs]
509.227: [GC (Allocation Failure) 28377K->435K(76672K), 0.0001970 secs]
509.261: [GC (Allocation Failure) 33944K->435K(75584K), 0.0002490 secs]
509.276: [GC (Allocation Failure) 32870K->435K(82112K), 0.0002680 secs]
509.348: [GC (Allocation Failure) 39414K->435K(80768K), 0.0002030 secs]
509.397: [GC (Allocation Failure) 38047K->435K(79488K), 0.0002130 secs]
509.417: [GC (Allocation Failure) 36777K->435K(78272K), 0.0002230 secs]
509.550: [GC (Allocation Failure) 35605K->435K(77120K), 0.0003410 secs]
509.566: [GC (Allocation Failure) 34433K->435K(75968K), 0.0002310 secs]
509.582: [GC (Allocation Failure) 33261K->435K(74880K), 0.0002000 secs]
509.649: [GC (Allocation Failure) 32186K->435K(73856K), 0.0002750 secs]
509.667: [GC (Allocation Failure) 31210K->435K(72896K), 0.0002020 secs]
509.682: [GC (Allocation Failure) 30233K->435K(71936K), 0.0002140 secs]
509.699: [GC (Allocation Failure) 29256K->435K(71040K), 0.0002120 secs]
509.711: [GC (Allocation Failure) 28377K->435K(76672K), 0.0002130 secs]
509.726: [GC (Allocation Failure) 33944K->435K(83392K), 0.0002030 secs]
509.750: [GC (Allocation Failure) 40684K->435K(91456K), 0.0002050 secs]
509.853: [GC (Allocation Failure) 48791K->435K(89664K), 0.0002020 secs]
509.906: [GC (Allocation Failure) 46935K->435K(87936K), 0.0002320 secs]
509.930: [GC (Allocation Failure) 45274K->435K(86336K), 0.0002030 secs]
509.971: [GC (Allocation Failure) 43614K->435K(84800K), 0.0002370 secs]
509.994: [GC (Allocation Failure) 42149K->435K(83328K), 0.0002190 secs]
510.011: [GC (Allocation Failure) 40684K->435K(81920K), 0.0002040 secs]
510.028: [GC (Allocation Failure) 39219K->435K(80576K), 0.0002030 secs]
510.045: [GC (Allocation Failure) 37851K->435K(79296K), 0.0002030 secs]
510.064: [GC (Allocation Failure) 36582K->435K(78080K), 0.0002140 secs]
510.150: [GC (Allocation Failure) 35409K->435K(76928K), 0.0002110 secs]
510.165: [GC (Allocation Failure) 34237K->435K(75840K), 0.0002150 secs]
510.201: [GC (Allocation Failure) 33163K->435K(74752K), 0.0002210 secs]
510.215: [GC (Allocation Failure) 32089K->435K(73728K), 0.0002010 secs]
510.228: [GC (Allocation Failure) 31014K->435K(72768K), 0.0002040 secs]
510.249: [GC (Allocation Failure) 30038K->435K(71808K), 0.0002250 secs]
510.262: [GC (Allocation Failure) 29158K->435K(77568K), 0.0002420 secs]
510.278: [GC (Allocation Failure) 34921K->435K(84480K), 0.0002010 secs]
510.296: [GC (Allocation Failure) 41758K->435K(92800K), 0.0002020 secs]
510.317: [GC (Allocation Failure) 50162K->435K(102784K), 0.0002150 secs]
510.343: [GC (Allocation Failure) 60124K->435K(100480K), 0.0002090 secs]
510.369: [GC (Allocation Failure) 57780K->435K(98240K), 0.0002060 secs]
510.397: [GC (Allocation Failure) 55534K->435K(96128K), 0.0002160 secs]
510.424: [GC (Allocation Failure) 53483K->435K(94144K), 0.0002120 secs]
510.475: [GC (Allocation Failure) 51432K->435K(92224K), 0.0002060 secs]
510.500: [GC (Allocation Failure) 49572K->435K(90432K), 0.0002050 secs]
510.529: [GC (Allocation Failure) 47716K->435K(88704K), 0.0002030 secs]
510.548: [GC (Allocation Failure) 46056K->435K(87040K), 0.0002030 secs]
510.571: [GC (Allocation Failure) 44395K->435K(85440K), 0.0002110 secs]
510.594: [GC (Allocation Failure) 42735K->435K(83968K), 0.0002100 secs]
510.668: [GC (Allocation Failure) 41270K->435K(82560K), 0.0002120 secs]
510.689: [GC (Allocation Failure) 39902K->435K(81216K), 0.0002710 secs]
510.706: [GC (Allocation Failure) 38535K->435K(79936K), 0.0002170 secs]
510.750: [GC (Allocation Failure) 37265K->435K(78656K), 0.0002180 secs]
510.799: [GC (Allocation Failure) 35996K->435K(77440K), 0.0002130 secs]
510.848: [GC (Allocation Failure) 34726K->435K(76288K), 0.0002240 secs]
510.863: [GC (Allocation Failure) 33554K->435K(75200K), 0.0002020 secs]
510.973: [GC (Allocation Failure) 32479K->435K(74176K), 0.0002260 secs]
510.990: [GC (Allocation Failure) 31503K->435K(73152K), 0.0002050 secs]
511.051: [GC (Allocation Failure) 30428K->435K(72192K), 0.0002130 secs]
511.064: [GC (Allocation Failure) 29549K->435K(71296K), 0.0002160 secs]
511.096: [GC (Allocation Failure) 28572K->435K(70400K), 0.0002260 secs]
511.108: [GC (Allocation Failure) 27693K->435K(69568K), 0.0002020 secs]
511.120: [GC (Allocation Failure) 26912K->435K(74880K), 0.0002030 secs]
511.147: [GC (Allocation Failure) 32186K->435K(81280K), 0.0002680 secs]
511.170: [GC (Allocation Failure) 38633K->435K(80000K), 0.0002190 secs]
511.186: [GC (Allocation Failure) 37363K->435K(87424K), 0.0002190 secs]
511.209: [GC (Allocation Failure) 44786K->435K(85824K), 0.0002050 secs]
511.232: [GC (Allocation Failure) 43126K->435K(84288K), 0.0002130 secs]
511.254: [GC (Allocation Failure) 41563K->435K(82816K), 0.0002240 secs]
511.305: [GC (Allocation Failure) 40098K->435K(81408K), 0.0002840 secs]
511.322: [GC (Allocation Failure) 38730K->435K(80064K), 0.0002210 secs]
511.342: [GC (Allocation Failure) 37363K->435K(87488K), 0.0003450 secs]
511.362: [GC (Allocation Failure) 44786K->435K(96384K), 0.0002170 secs]
511.407: [GC (Allocation Failure) 53678K->435K(94400K), 0.0002140 secs]
511.429: [GC (Allocation Failure) 51725K->435K(92480K), 0.0002140 secs]
511.460: [GC (Allocation Failure) 49767K->435K(90624K), 0.0002150 secs]
511.481: [GC (Allocation Failure) 47911K->435K(88896K), 0.0002130 secs]
511.500: [GC (Allocation Failure) 46251K->435K(87232K), 0.0002160 secs]
511.559: [GC (Allocation Failure) 44591K->435K(85632K), 0.0002160 secs]
511.581: [GC (Allocation Failure) 42930K->435K(84096K), 0.0002140 secs]
511.652: [GC (Allocation Failure) 41367K->435K(82624K), 0.0002120 secs]
511.673: [GC (Allocation Failure) 39902K->435K(81280K), 0.0002140 secs]
511.694: [GC (Allocation Failure) 38633K->435K(80000K), 0.0002730 secs]
511.710: [GC (Allocation Failure) 37363K->435K(78720K), 0.0002260 secs]
511.730: [GC (Allocation Failure) 35996K->435K(77504K), 0.0002100 secs]
511.754: [GC (Allocation Failure) 34823K->435K(76352K), 0.0002020 secs]
511.768: [GC (Allocation Failure) 33651K->435K(75264K), 0.0002150 secs]
511.782: [GC (Allocation Failure) 32577K->435K(81728K), 0.0002230 secs]
511.799: [GC (Allocation Failure) 39023K->435K(89472K), 0.0002030 secs]
511.859: [GC (Allocation Failure) 46739K->435K(87808K), 0.0002150 secs]
511.882: [GC (Allocation Failure) 45079K->435K(86208K), 0.0002070 secs]
511.905: [GC (Allocation Failure) 43516K->435K(84672K), 0.0002190 secs]
511.953: [GC (Allocation Failure) 41953K->435K(83200K), 0.0002230 secs]
511.974: [GC (Allocation Failure) 40488K->435K(81792K), 0.0002110 secs]
511.991: [GC (Allocation Failure) 39121K->435K(80448K), 0.0002120 secs]
512.011: [GC (Allocation Failure) 37754K->435K(79168K), 0.0002130 secs]
512.151: [GC (Allocation Failure) 36484K->435K(77952K), 0.0002130 secs]
512.204: [GC (Allocation Failure) 35312K->435K(76800K), 0.0002210 secs]
512.223: [GC (Allocation Failure) 34140K->435K(75712K), 0.0002190 secs]
512.254: [GC (Allocation Failure) 33065K->435K(74624K), 0.0002090 secs]
512.267: [GC (Allocation Failure) 31893K->435K(73600K), 0.0002220 secs]
512.284: [GC (Allocation Failure) 30917K->435K(72640K), 0.0002010 secs]
512.298: [GC (Allocation Failure) 29940K->435K(78592K), 0.0002280 secs]
512.313: [GC (Allocation Failure) 35898K->435K(85696K), 0.0002030 secs]
512.335: [GC (Allocation Failure) 43028K->435K(84160K), 0.0002130 secs]
512.356: [GC (Allocation Failure) 41465K->435K(82688K), 0.0002030 secs]
512.379: [GC (Allocation Failure) 40000K->435K(81344K), 0.0002150 secs]
512.400: [GC (Allocation Failure) 38633K->435K(80000K), 0.0002090 secs]
512.417: [GC (Allocation Failure) 37363K->435K(78720K), 0.0002140 secs]
512.435: [GC (Allocation Failure) 35996K->435K(77504K), 0.0001990 secs]
512.449: [GC (Allocation Failure) 34823K->435K(84416K), 0.0002050 secs]
512.467: [GC (Allocation Failure) 41758K->435K(92736K), 0.0002040 secs]
512.507: [GC (Allocation Failure) 50064K->435K(90880K), 0.0002130 secs]
512.528: [GC (Allocation Failure) 48204K->435K(89152K), 0.0002040 secs]
512.548: [GC (Allocation Failure) 46446K->435K(87488K), 0.0002030 secs]
512.571: [GC (Allocation Failure) 44786K->435K(85888K), 0.0002120 secs]
512.590: [GC (Allocation Failure) 43223K->435K(84352K), 0.0002150 secs]
512.612: [GC (Allocation Failure) 41660K->435K(82880K), 0.0002200 secs]
512.672: [GC (Allocation Failure) 40195K->435K(81472K), 0.0002220 secs]
512.693: [GC (Allocation Failure) 38828K->435K(80128K), 0.0002200 secs]
512.753: [GC (Allocation Failure) 37461K->435K(78848K), 0.0002030 secs]
512.771: [GC (Allocation Failure) 36191K->435K(77632K), 0.0002140 secs]
512.801: [GC (Allocation Failure) 34921K->435K(76480K), 0.0002170 secs]
512.816: [GC (Allocation Failure) 33749K->435K(75392K), 0.0002040 secs]
512.834: [GC (Allocation Failure) 32675K->435K(74368K), 0.0002150 secs]
512.848: [GC (Allocation Failure) 31698K->435K(73344K), 0.0002150 secs]
512.861: [GC (Allocation Failure) 30624K->435K(79424K), 0.0002750 secs]
512.978: [GC (Allocation Failure) 36777K->435K(78208K), 0.0002200 secs]
513.056: [GC (Allocation Failure) 35507K->435K(77056K), 0.0002230 secs]
513.075: [GC (Allocation Failure) 34335K->435K(75904K), 0.0002140 secs]
513.089: [GC (Allocation Failure) 33261K->435K(74816K), 0.0002270 secs]
513.107: [GC (Allocation Failure) 32089K->435K(73792K), 0.0002090 secs]
513.150: [GC (Allocation Failure) 31112K->435K(72832K), 0.0002240 secs]
513.167: [GC (Allocation Failure) 30135K->435K(71872K), 0.0002010 secs]
513.180: [GC (Allocation Failure) 29158K->435K(70976K), 0.0002000 secs]
513.299: [GC (Allocation Failure) 28279K->435K(70144K), 0.0002100 secs]
513.311: [GC (Allocation Failure) 27498K->435K(69312K), 0.0002000 secs]
513.326: [GC (Allocation Failure) 26619K->435K(74560K), 0.0002150 secs]
513.340: [GC (Allocation Failure) 31893K->435K(80896K), 0.0002030 secs]
513.403: [GC (Allocation Failure) 38242K->435K(79616K), 0.0002140 secs]
513.457: [GC (Allocation Failure) 36972K->435K(78400K), 0.0002210 secs]
513.476: [GC (Allocation Failure) 35702K->435K(77248K), 0.0002200 secs]
513.568: [GC (Allocation Failure) 34530K->435K(76096K), 0.0002080 secs]
513.653: [GC (Allocation Failure) 33456K->435K(75008K), 0.0002110 secs]
513.667: [GC (Allocation Failure) 32284K->435K(73984K), 0.0002060 secs]
513.684: [GC (Allocation Failure) 31307K->435K(73024K), 0.0002010 secs]
513.697: [GC (Allocation Failure) 30331K->435K(72064K), 0.0002120 secs]
513.714: [GC (Allocation Failure) 29354K->435K(77888K), 0.0002240 secs]
513.756: [GC (Allocation Failure) 35214K->435K(76736K), 0.0002090 secs]
513.771: [GC (Allocation Failure) 34042K->435K(75648K), 0.0002010 secs]
513.902: [GC (Allocation Failure) 32968K->435K(74560K), 0.0002030 secs]
513.955: [GC (Allocation Failure) 31893K->435K(73536K), 0.0001970 secs]
513.972: [GC (Allocation Failure) 30819K->435K(72576K), 0.0002090 secs]
513.988: [GC (Allocation Failure) 29842K->435K(71680K), 0.0002140 secs]
514.000: [GC (Allocation Failure) 28963K->435K(70784K), 0.0002040 secs]
514.013: [GC (Allocation Failure) 28084K->435K(76352K), 0.0002160 secs]
514.054: [GC (Allocation Failure) 33651K->435K(75264K), 0.0002040 secs]
514.072: [GC (Allocation Failure) 32577K->435K(74240K), 0.0002120 secs]
514.088: [GC (Allocation Failure) 31600K->435K(73216K), 0.0002160 secs]
514.143: [GC (Allocation Failure) 30526K->435K(72256K), 0.0002050 secs]
514.158: [GC (Allocation Failure) 29549K->435K(71360K), 0.0002110 secs]
514.201: [GC (Allocation Failure) 28670K->435K(70464K), 0.0002040 secs]
514.254: [GC (Allocation Failure) 27791K->435K(69632K), 0.0002160 secs]
514.270: [GC (Allocation Failure) 26912K->435K(68864K), 0.0002190 secs]
514.286: [GC (Allocation Failure) 26131K->435K(68096K), 0.0002270 secs]
514.352: [GC (Allocation Failure) 25447K->435K(67392K), 0.0002210 secs]
514.363: [GC (Allocation Failure) 24662K->435K(66688K), 0.0002250 secs]
514.383: [GC (Allocation Failure) 23978K->435K(71424K), 0.0002610 secs]
514.401: [GC (Allocation Failure) 28768K->435K(77120K), 0.0002270 secs]
514.420: [GC (Allocation Failure) 34433K->435K(83968K), 0.0002030 secs]
514.439: [GC (Allocation Failure) 41270K->435K(82560K), 0.0002110 secs]
514.460: [GC (Allocation Failure) 39902K->435K(81216K), 0.0002150 secs]
514.509: [GC (Allocation Failure) 38535K->435K(79936K), 0.0002070 secs]
514.529: [GC (Allocation Failure) 37265K->435K(78656K), 0.0002080 secs]
514.545: [GC (Allocation Failure) 35996K->435K(77440K), 0.0002270 secs]
514.560: [GC (Allocation Failure) 34726K->435K(84352K), 0.0003840 secs]
514.580: [GC (Allocation Failure) 41660K->435K(92608K), 0.0002130 secs]
514.610: [GC (Allocation Failure) 49967K->435K(102528K), 0.0002120 secs]
514.639: [GC (Allocation Failure) 59831K->435K(100224K), 0.0002100 secs]
514.668: [GC (Allocation Failure) 57585K->435K(98048K), 0.0002120 secs]
514.764: [GC (Allocation Failure) 55339K->435K(95936K), 0.0002180 secs]
514.786: [GC (Allocation Failure) 53287K->435K(93952K), 0.0002040 secs]
514.861: [GC (Allocation Failure) 51236K->435K(92032K), 0.0002050 secs]
514.914: [GC (Allocation Failure) 49377K->435K(90240K), 0.0002170 secs]
514.935: [GC (Allocation Failure) 47521K->435K(88512K), 0.0002020 secs]
514.963: [GC (Allocation Failure) 45860K->435K(86848K), 0.0002200 secs]
514.982: [GC (Allocation Failure) 44200K->435K(85312K), 0.0002030 secs]
515.008: [GC (Allocation Failure) 42637K->435K(83840K), 0.0002140 secs]
515.061: [GC (Allocation Failure) 41172K->435K(82432K), 0.0002220 secs]
515.078: [GC (Allocation Failure) 39707K->435K(81088K), 0.0002220 secs]
515.159: [GC (Allocation Failure) 38437K->435K(79808K), 0.0002070 secs]
515.174: [GC (Allocation Failure) 37168K->435K(78592K), 0.0002090 secs]
515.190: [GC (Allocation Failure) 35898K->435K(77376K), 0.0002000 secs]
515.205: [GC (Allocation Failure) 34726K->435K(76224K), 0.0002150 secs]
515.269: [GC (Allocation Failure) 33554K->435K(75136K), 0.0002150 secs]
515.287: [GC (Allocation Failure) 32479K->435K(74112K), 0.0002700 secs]
515.305: [GC (Allocation Failure) 31405K->435K(73152K), 0.0002110 secs]
515.322: [GC (Allocation Failure) 30428K->435K(72192K), 0.0002090 secs]
515.335: [GC (Allocation Failure) 29549K->435K(78016K), 0.0002170 secs]
515.351: [GC (Allocation Failure) 35312K->435K(85056K), 0.0002030 secs]
515.408: [GC (Allocation Failure) 42344K->435K(83584K), 0.0002140 secs]
515.461: [GC (Allocation Failure) 40879K->435K(82176K), 0.0002240 secs]
515.478: [GC (Allocation Failure) 39512K->435K(80832K), 0.0002110 secs]
515.510: [GC (Allocation Failure) 38144K->435K(79552K), 0.0002310 secs]
515.530: [GC (Allocation Failure) 36875K->435K(78336K), 0.0002100 secs]
515.545: [GC (Allocation Failure) 35605K->435K(77184K), 0.0001990 secs]
515.659: [GC (Allocation Failure) 34530K->435K(76032K), 0.0002210 secs]
515.677: [GC (Allocation Failure) 33358K->435K(74944K), 0.0002280 secs]
515.692: [GC (Allocation Failure) 32284K->435K(73920K), 0.0002030 secs]
515.753: [GC (Allocation Failure) 31210K->435K(72960K), 0.0002130 secs]
515.767: [GC (Allocation Failure) 30233K->435K(72000K), 0.0002020 secs]
515.783: [GC (Allocation Failure) 29354K->435K(71104K), 0.0002110 secs]
515.796: [GC (Allocation Failure) 28377K->435K(76736K), 0.0002020 secs]
515.814: [GC (Allocation Failure) 34042K->435K(83520K), 0.0002140 secs]
515.832: [GC (Allocation Failure) 40879K->435K(91648K), 0.0002040 secs]
515.866: [GC (Allocation Failure) 48986K->435K(89856K), 0.0002860 secs]
515.888: [GC (Allocation Failure) 47130K->435K(88128K), 0.0002170 secs]
515.961: [GC (Allocation Failure) 45470K->435K(86528K), 0.0002160 secs]
515.994: [GC (Allocation Failure) 43809K->435K(84992K), 0.0002190 secs]
516.059: [GC (Allocation Failure) 42344K->435K(83520K), 0.0002050 secs]
516.212: [GC (Allocation Failure) 40879K->435K(82112K), 0.0002110 secs]
516.233: [GC (Allocation Failure) 39414K->435K(80768K), 0.0002030 secs]
516.254: [GC (Allocation Failure) 38047K->435K(79488K), 0.0002450 secs]
516.270: [GC (Allocation Failure) 36777K->435K(78272K), 0.0002040 secs]
516.290: [GC (Allocation Failure) 35605K->435K(77120K), 0.0002110 secs]
516.350: [GC (Allocation Failure) 34433K->435K(75968K), 0.0002140 secs]
516.369: [GC (Allocation Failure) 33261K->435K(74880K), 0.0002230 secs]
516.388: [GC (Allocation Failure) 32186K->435K(73856K), 0.0002320 secs]
516.401: [GC (Allocation Failure) 31210K->435K(72896K), 0.0002140 secs]
516.415: [GC (Allocation Failure) 30233K->435K(78912K), 0.0002020 secs]
516.435: [GC (Allocation Failure) 36191K->435K(86080K), 0.0002140 secs]
516.454: [GC (Allocation Failure) 43419K->435K(84544K), 0.0002160 secs]
516.476: [GC (Allocation Failure) 41856K->435K(83072K), 0.0002070 secs]
516.498: [GC (Allocation Failure) 40391K->435K(81664K), 0.0002210 secs]
516.558: [GC (Allocation Failure) 39023K->435K(80320K), 0.0002240 secs]
516.608: [GC (Allocation Failure) 37656K->435K(79040K), 0.0002040 secs]
516.661: [GC (Allocation Failure) 36386K->435K(77824K), 0.0002120 secs]
516.680: [GC (Allocation Failure) 35116K->435K(76672K), 0.0002040 secs]
516.699: [GC (Allocation Failure) 33944K->435K(75584K), 0.0002050 secs]
516.772: [GC (Allocation Failure) 32870K->435K(74560K), 0.0002130 secs]
516.790: [GC (Allocation Failure) 31893K->435K(73536K), 0.0002130 secs]
516.808: [GC (Allocation Failure) 30819K->435K(72576K), 0.0002000 secs]
516.825: [GC (Allocation Failure) 29842K->435K(71680K), 0.0002380 secs]
516.854: [GC (Allocation Failure) 28963K->435K(70784K), 0.0002120 secs]
516.867: [GC (Allocation Failure) 28084K->435K(69952K), 0.0002120 secs]
516.904: [GC (Allocation Failure) 27303K->435K(69120K), 0.0002030 secs]
516.953: [GC (Allocation Failure) 26424K->435K(68352K), 0.0002020 secs]
516.977: [GC (Allocation Failure) 25642K->435K(67584K), 0.0002680 secs]
516.989: [GC (Allocation Failure) 24857K->435K(72512K), 0.0002600 secs]
517.009: [GC (Allocation Failure) 29842K->435K(78400K), 0.0002230 secs]
517.029: [GC (Allocation Failure) 35702K->435K(85504K), 0.0002250 secs]
517.110: [GC (Allocation Failure) 42833K->435K(83968K), 0.0002720 secs]
517.165: [GC (Allocation Failure) 41270K->435K(82560K), 0.0002230 secs]
517.182: [GC (Allocation Failure) 39902K->435K(81216K), 0.0002050 secs]
517.213: [GC (Allocation Failure) 38535K->435K(79936K), 0.0002160 secs]
517.233: [GC (Allocation Failure) 37265K->435K(78656K), 0.0002020 secs]
517.249: [GC (Allocation Failure) 35996K->435K(77440K), 0.0002020 secs]
517.275: [GC (Allocation Failure) 34726K->435K(76288K), 0.0002250 secs]
517.293: [GC (Allocation Failure) 33554K->435K(75200K), 0.0002650 secs]
517.307: [GC (Allocation Failure) 32479K->435K(81664K), 0.0002100 secs]
517.324: [GC (Allocation Failure) 39023K->435K(89408K), 0.0002020 secs]
517.416: [GC (Allocation Failure) 46739K->435K(87744K), 0.0002110 secs]
517.440: [GC (Allocation Failure) 45079K->435K(86144K), 0.0002010 secs]
517.511: [GC (Allocation Failure) 43419K->435K(84608K), 0.0002000 secs]
517.581: [GC (Allocation Failure) 41953K->435K(83136K), 0.0002320 secs]
517.599: [GC (Allocation Failure) 40488K->435K(81728K), 0.0002180 secs]
517.616: [GC (Allocation Failure) 39023K->435K(80384K), 0.0002160 secs]
517.659: [GC (Allocation Failure) 37656K->435K(79104K), 0.0002030 secs]
517.709: [GC (Allocation Failure) 36386K->435K(77888K), 0.0002260 secs]
517.728: [GC (Allocation Failure) 35214K->435K(76736K), 0.0002000 secs]
517.743: [GC (Allocation Failure) 34042K->435K(75648K), 0.0002020 secs]
517.807: [GC (Allocation Failure) 32968K->435K(74560K), 0.0002240 secs]
517.825: [GC (Allocation Failure) 31893K->435K(73536K), 0.0002020 secs]
517.842: [GC (Allocation Failure) 30819K->435K(72576K), 0.0002140 secs]
517.956: [GC (Allocation Failure) 29842K->435K(71680K), 0.0002030 secs]
518.010: [GC (Allocation Failure) 28963K->435K(70784K), 0.0002200 secs]
518.026: [GC (Allocation Failure) 28084K->435K(69952K), 0.0002560 secs]
518.043: [GC (Allocation Failure) 27303K->435K(69120K), 0.0002020 secs]
518.054: [GC (Allocation Failure) 26424K->435K(74368K), 0.0002370 secs]
518.072: [GC (Allocation Failure) 31698K->435K(80640K), 0.0002130 secs]
518.089: [GC (Allocation Failure) 37949K->435K(88192K), 0.0002130 secs]
518.109: [GC (Allocation Failure) 45470K->435K(97216K), 0.0002030 secs]
518.136: [GC (Allocation Failure) 54557K->435K(95168K), 0.0002210 secs]
518.167: [GC (Allocation Failure) 52506K->435K(93184K), 0.0002170 secs]
518.269: [GC (Allocation Failure) 50455K->435K(91328K), 0.0002790 secs]
518.294: [GC (Allocation Failure) 48595K->435K(89536K), 0.0002100 secs]
518.318: [GC (Allocation Failure) 46837K->435K(87872K), 0.0002140 secs]
518.365: [GC (Allocation Failure) 45177K->435K(86272K), 0.0002060 secs]
518.392: [GC (Allocation Failure) 43614K->435K(84736K), 0.0002300 secs]
518.415: [GC (Allocation Failure) 42051K->435K(83264K), 0.0002040 secs]
518.476: [GC (Allocation Failure) 40586K->435K(81856K), 0.0002080 secs]
518.561: [GC (Allocation Failure) 39219K->435K(80512K), 0.0002050 secs]
518.614: [GC (Allocation Failure) 37851K->435K(79232K), 0.0002220 secs]
518.630: [GC (Allocation Failure) 36582K->435K(78016K), 0.0002040 secs]
518.645: [GC (Allocation Failure) 35312K->435K(76864K), 0.0002020 secs]
518.660: [GC (Allocation Failure) 34140K->435K(75776K), 0.0002140 secs]
518.712: [GC (Allocation Failure) 33065K->435K(74688K), 0.0002250 secs]
518.730: [GC (Allocation Failure) 31991K->435K(73664K), 0.0002210 secs]
518.777: [GC (Allocation Failure) 31014K->435K(72704K), 0.0002150 secs]
518.794: [GC (Allocation Failure) 30038K->435K(71808K), 0.0002070 secs]
518.807: [GC (Allocation Failure) 29158K->435K(70912K), 0.0002060 secs]
518.823: [GC (Allocation Failure) 28182K->435K(70080K), 0.0002130 secs]
518.835: [GC (Allocation Failure) 27400K->435K(75520K), 0.0002260 secs]
518.853: [GC (Allocation Failure) 32870K->435K(82048K), 0.0002130 secs]
518.870: [GC (Allocation Failure) 39316K->435K(89856K), 0.0002030 secs]
518.919: [GC (Allocation Failure) 47130K->435K(88128K), 0.0002180 secs]
518.942: [GC (Allocation Failure) 45470K->435K(86528K), 0.0001990 secs]
518.964: [GC (Allocation Failure) 43809K->435K(84992K), 0.0002020 secs]
519.113: [GC (Allocation Failure) 42344K->435K(83520K), 0.0002150 secs]
519.163: [GC (Allocation Failure) 40879K->435K(82112K), 0.0002040 secs]
519.212: [GC (Allocation Failure) 39414K->435K(80768K), 0.0002140 secs]
519.261: [GC (Allocation Failure) 38047K->435K(79488K), 0.0002050 secs]
519.378: [GC (Allocation Failure) 36777K->435K(78272K), 0.0002200 secs]
519.395: [GC (Allocation Failure) 35605K->435K(77120K), 0.0002260 secs]
519.414: [GC (Allocation Failure) 34433K->435K(75968K), 0.0002120 secs]
519.428: [GC (Allocation Failure) 33261K->435K(74880K), 0.0002170 secs]
519.442: [GC (Allocation Failure) 32186K->435K(73856K), 0.0002010 secs]
519.456: [GC (Allocation Failure) 31210K->435K(80064K), 0.0002030 secs]
519.476: [GC (Allocation Failure) 37363K->435K(87488K), 0.0002210 secs]
519.515: [GC (Allocation Failure) 44786K->435K(85888K), 0.0002010 secs]
519.565: [GC (Allocation Failure) 43223K->435K(84352K), 0.0002890 secs]
519.584: [GC (Allocation Failure) 41660K->435K(82880K), 0.0002070 secs]
519.671: [GC (Allocation Failure) 40195K->435K(81472K), 0.0002180 secs]
519.692: [GC (Allocation Failure) 38828K->435K(80128K), 0.0002130 secs]
519.762: [GC (Allocation Failure) 37461K->435K(78848K), 0.0002050 secs]
519.811: [GC (Allocation Failure) 36191K->435K(77632K), 0.0002150 secs]
519.861: [GC (Allocation Failure) 34921K->435K(76480K), 0.0002140 secs]
519.974: [GC (Allocation Failure) 33749K->435K(75392K), 0.0002160 secs]
520.064: [GC (Allocation Failure) 32675K->435K(74368K), 0.0002230 secs]
520.078: [GC (Allocation Failure) 31698K->435K(73344K), 0.0002170 secs]
520.113: [GC (Allocation Failure) 30624K->435K(72384K), 0.0002210 secs]
520.126: [GC (Allocation Failure) 29745K->435K(71488K), 0.0002410 secs]
520.143: [GC (Allocation Failure) 28768K->435K(70592K), 0.0002100 secs]
520.159: [GC (Allocation Failure) 27889K->435K(69760K), 0.0002210 secs]
520.175: [GC (Allocation Failure) 27107K->435K(68992K), 0.0002010 secs]
520.190: [GC (Allocation Failure) 26326K->435K(74176K), 0.0002370 secs]
520.204: [GC (Allocation Failure) 31503K->435K(80448K), 0.0002050 secs]
520.316: [GC (Allocation Failure) 37754K->435K(79168K), 0.0002210 secs]
520.336: [GC (Allocation Failure) 36484K->435K(77952K), 0.0002120 secs]
520.355: [GC (Allocation Failure) 35312K->435K(76800K), 0.0002260 secs]
520.374: [GC (Allocation Failure) 34140K->435K(75712K), 0.0002130 secs]
520.415: [GC (Allocation Failure) 33065K->435K(74624K), 0.0002320 secs]
520.429: [GC (Allocation Failure) 31893K->435K(73600K), 0.0002080 secs]
520.464: [GC (Allocation Failure) 30917K->435K(72640K), 0.0002230 secs]
520.478: [GC (Allocation Failure) 29940K->435K(71744K), 0.0002100 secs]
520.509: [GC (Allocation Failure) 29061K->435K(70848K), 0.0002620 secs]
520.608: [GC (Allocation Failure) 28182K->435K(70016K), 0.0002130 secs]
520.620: [GC (Allocation Failure) 27303K->435K(69184K), 0.0002010 secs]
520.631: [GC (Allocation Failure) 26521K->435K(74432K), 0.0002010 secs]
520.664: [GC (Allocation Failure) 31698K->435K(73408K), 0.0002220 secs]
520.678: [GC (Allocation Failure) 30721K->435K(79488K), 0.0002160 secs]
520.697: [GC (Allocation Failure) 36777K->435K(86784K), 0.0002120 secs]
520.785: [GC (Allocation Failure) 44102K->435K(85248K), 0.0002290 secs]
520.809: [GC (Allocation Failure) 42540K->435K(83776K), 0.0002210 secs]
520.865: [GC (Allocation Failure) 41074K->435K(82368K), 0.0002200 secs]
520.914: [GC (Allocation Failure) 39707K->435K(81024K), 0.0002320 secs]
520.935: [GC (Allocation Failure) 38340K->435K(79744K), 0.0002000 secs]
520.955: [GC (Allocation Failure) 37070K->435K(78528K), 0.0002170 secs]
520.971: [GC (Allocation Failure) 35800K->435K(77312K), 0.0002130 secs]
520.989: [GC (Allocation Failure) 34628K->435K(76160K), 0.0002100 secs]
521.015: [GC (Allocation Failure) 33456K->435K(75072K), 0.0002050 secs]
521.033: [GC (Allocation Failure) 32382K->435K(74048K), 0.0002750 secs]
521.051: [GC (Allocation Failure) 31405K->435K(73088K), 0.0002110 secs]
521.068: [GC (Allocation Failure) 30428K->435K(72128K), 0.0002130 secs]
521.085: [GC (Allocation Failure) 29451K->435K(77952K), 0.0002150 secs]
521.105: [GC (Allocation Failure) 35312K->435K(84928K), 0.0002210 secs]
521.171: [GC (Allocation Failure) 42247K->435K(83456K), 0.0002260 secs]
521.192: [GC (Allocation Failure) 40781K->435K(82048K), 0.0002070 secs]
521.210: [GC (Allocation Failure) 39316K->435K(80704K), 0.0002060 secs]
521.226: [GC (Allocation Failure) 38047K->435K(79424K), 0.0002040 secs]
521.267: [GC (Allocation Failure) 36777K->435K(78208K), 0.0002190 secs]
521.287: [GC (Allocation Failure) 35507K->435K(77056K), 0.0002230 secs]
521.312: [GC (Allocation Failure) 34335K->435K(75904K), 0.0002030 secs]
521.341: [GC (Allocation Failure) 33261K->435K(74816K), 0.0002250 secs]
521.359: [GC (Allocation Failure) 32089K->435K(73792K), 0.0002210 secs]
521.461: [GC (Allocation Failure) 31112K->435K(72832K), 0.0002140 secs]
521.478: [GC (Allocation Failure) 30135K->435K(71872K), 0.0002190 secs]
521.564: [GC (Allocation Failure) 29158K->435K(70976K), 0.0002120 secs]
521.581: [GC (Allocation Failure) 28279K->435K(70144K), 0.0002100 secs]
521.597: [GC (Allocation Failure) 27498K->435K(69312K), 0.0002120 secs]
521.609: [GC (Allocation Failure) 26619K->435K(74560K), 0.0002250 secs]
521.627: [GC (Allocation Failure) 31893K->435K(80896K), 0.0002120 secs]
521.647: [GC (Allocation Failure) 38242K->435K(79616K), 0.0002120 secs]
521.666: [GC (Allocation Failure) 36972K->435K(78400K), 0.0002010 secs]
521.768: [GC (Allocation Failure) 35702K->435K(77248K), 0.0002090 secs]
521.787: [GC (Allocation Failure) 34530K->435K(76096K), 0.0002100 secs]
521.817: [GC (Allocation Failure) 33456K->435K(75008K), 0.0002090 secs]
521.831: [GC (Allocation Failure) 32284K->435K(73984K), 0.0002120 secs]
521.848: [GC (Allocation Failure) 31307K->435K(73024K), 0.0002140 secs]
521.980: [GC (Allocation Failure) 30331K->435K(72064K), 0.0002210 secs]
521.993: [GC (Allocation Failure) 29354K->435K(71168K), 0.0002280 secs]
522.006: [GC (Allocation Failure) 28475K->435K(76800K), 0.0002040 secs]
522.063: [GC (Allocation Failure) 34140K->435K(75712K), 0.0002160 secs]
522.109: [GC (Allocation Failure) 33065K->435K(74624K), 0.0002280 secs]
522.127: [GC (Allocation Failure) 31893K->435K(73600K), 0.0002110 secs]
522.162: [GC (Allocation Failure) 30917K->435K(72640K), 0.0002160 secs]
522.179: [GC (Allocation Failure) 29940K->435K(71744K), 0.0002700 secs]
522.195: [GC (Allocation Failure) 29061K->435K(70848K), 0.0002120 secs]
522.208: [GC (Allocation Failure) 28182K->435K(76416K), 0.0002200 secs]
522.314: [GC (Allocation Failure) 33749K->435K(75328K), 0.0002290 secs]
522.332: [GC (Allocation Failure) 32675K->435K(74304K), 0.0002010 secs]
522.349: [GC (Allocation Failure) 31600K->435K(73280K), 0.0002130 secs]
522.366: [GC (Allocation Failure) 30624K->435K(72320K), 0.0001880 secs]
522.385: [GC (Allocation Failure) 29647K->435K(71424K), 0.0002070 secs]
522.416: [GC (Allocation Failure) 28768K->435K(70528K), 0.0002130 secs]
522.431: [GC (Allocation Failure) 27889K->435K(76032K), 0.0003390 secs]
522.464: [GC (Allocation Failure) 33358K->435K(82624K), 0.0002150 secs]
522.485: [GC (Allocation Failure) 39902K->435K(81280K), 0.0002020 secs]
522.616: [GC (Allocation Failure) 38633K->435K(80000K), 0.0002160 secs]
522.636: [GC (Allocation Failure) 37363K->435K(78720K), 0.0002010 secs]
522.651: [GC (Allocation Failure) 35996K->435K(77504K), 0.0002130 secs]
522.670: [GC (Allocation Failure) 34823K->435K(76352K), 0.0002240 secs]
522.714: [GC (Allocation Failure) 33651K->435K(75264K), 0.0002760 secs]
522.767: [GC (Allocation Failure) 32577K->435K(74240K), 0.0002130 secs]
522.785: [GC (Allocation Failure) 31600K->435K(73216K), 0.0002020 secs]
522.917: [GC (Allocation Failure) 30526K->435K(72256K), 0.0002040 secs]
522.930: [GC (Allocation Failure) 29549K->435K(71360K), 0.0002190 secs]
522.975: [GC (Allocation Failure) 28670K->435K(70464K), 0.0002230 secs]
522.987: [GC (Allocation Failure) 27791K->435K(69632K), 0.0002020 secs]
522.999: [GC (Allocation Failure) 26912K->435K(74944K), 0.0002120 secs]
523.017: [GC (Allocation Failure) 32284K->435K(81344K), 0.0002110 secs]
523.067: [GC (Allocation Failure) 38633K->435K(80000K), 0.0002760 secs]
523.171: [GC (Allocation Failure) 37363K->435K(78720K), 0.0002240 secs]
523.187: [GC (Allocation Failure) 35996K->435K(77504K), 0.0002040 secs]
523.206: [GC (Allocation Failure) 34823K->435K(76352K), 0.0002130 secs]
523.221: [GC (Allocation Failure) 33651K->435K(75264K), 0.0002170 secs]
523.235: [GC (Allocation Failure) 32577K->435K(81728K), 0.0002030 secs]
523.267: [GC (Allocation Failure) 39023K->435K(80384K), 0.0002040 secs]
523.316: [GC (Allocation Failure) 37656K->435K(79104K), 0.0002140 secs]
523.332: [GC (Allocation Failure) 36386K->435K(77888K), 0.0002750 secs]
523.370: [GC (Allocation Failure) 35214K->435K(76736K), 0.0002240 secs]
523.384: [GC (Allocation Failure) 34042K->435K(75648K), 0.0002130 secs]
523.398: [GC (Allocation Failure) 32968K->435K(82176K), 0.0002010 secs]
523.471: [GC (Allocation Failure) 39512K->435K(80832K), 0.0002220 secs]
523.488: [GC (Allocation Failure) 38144K->435K(79552K), 0.0002130 secs]
523.504: [GC (Allocation Failure) 36875K->435K(78336K), 0.0002020 secs]
523.571: [GC (Allocation Failure) 35605K->435K(77184K), 0.0002110 secs]
523.589: [GC (Allocation Failure) 34530K->435K(76032K), 0.0002150 secs]
523.608: [GC (Allocation Failure) 33358K->435K(74944K), 0.0002210 secs]
523.669: [GC (Allocation Failure) 32284K->435K(73920K), 0.0002140 secs]
523.682: [GC (Allocation Failure) 31210K->435K(72960K), 0.0002130 secs]
523.695: [GC (Allocation Failure) 30233K->435K(78976K), 0.0002020 secs]
523.711: [GC (Allocation Failure) 36289K->435K(86208K), 0.0002030 secs]
523.729: [GC (Allocation Failure) 43516K->435K(94848K), 0.0002050 secs]
523.752: [GC (Allocation Failure) 52115K->435K(92928K), 0.0001990 secs]
523.777: [GC (Allocation Failure) 50260K->435K(91072K), 0.0002090 secs]
523.876: [GC (Allocation Failure) 48400K->435K(89280K), 0.0002050 secs]
523.900: [GC (Allocation Failure) 46642K->435K(87616K), 0.0002730 secs]
523.923: [GC (Allocation Failure) 44884K->435K(86016K), 0.0002000 secs]
523.946: [GC (Allocation Failure) 43321K->435K(84480K), 0.0002300 secs]
523.968: [GC (Allocation Failure) 41758K->435K(83008K), 0.0002120 secs]
523.986: [GC (Allocation Failure) 40293K->435K(81600K), 0.0002130 secs]
524.006: [GC (Allocation Failure) 38926K->435K(80256K), 0.0002090 secs]
524.072: [GC (Allocation Failure) 37558K->435K(78976K), 0.0002030 secs]
524.091: [GC (Allocation Failure) 36289K->435K(77760K), 0.0002000 secs]
524.111: [GC (Allocation Failure) 35116K->435K(76608K), 0.0002120 secs]
524.166: [GC (Allocation Failure) 33944K->435K(75520K), 0.0002710 secs]
524.216: [GC (Allocation Failure) 32870K->435K(74496K), 0.0002260 secs]
524.229: [GC (Allocation Failure) 31796K->435K(73472K), 0.0002020 secs]
524.243: [GC (Allocation Failure) 30819K->435K(72512K), 0.0001980 secs]
524.255: [GC (Allocation Failure) 29842K->435K(78400K), 0.0002000 secs]
524.354: [GC (Allocation Failure) 35702K->435K(77248K), 0.0002250 secs]
524.370: [GC (Allocation Failure) 34530K->435K(76096K), 0.0001970 secs]
524.387: [GC (Allocation Failure) 33456K->435K(82752K), 0.0002760 secs]
524.404: [GC (Allocation Failure) 40098K->435K(90688K), 0.0002530 secs]
524.425: [GC (Allocation Failure) 48009K->435K(100224K), 0.0002020 secs]
524.450: [GC (Allocation Failure) 57585K->435K(98048K), 0.0002040 secs]
524.477: [GC (Allocation Failure) 55339K->435K(95936K), 0.0002120 secs]
524.502: [GC (Allocation Failure) 53287K->435K(93952K), 0.0002070 secs]
524.524: [GC (Allocation Failure) 51236K->435K(92032K), 0.0002140 secs]
524.545: [GC (Allocation Failure) 49377K->435K(90240K), 0.0002010 secs]
524.570: [GC (Allocation Failure) 47521K->435K(99712K), 0.0004300 secs]
524.626: [GC (Allocation Failure) 56999K->435K(97536K), 0.0002240 secs]
524.653: [GC (Allocation Failure) 54850K->435K(95488K), 0.0002000 secs]
524.725: [GC (Allocation Failure) 52799K->435K(93504K), 0.0002030 secs]
524.775: [GC (Allocation Failure) 50846K->435K(91648K), 0.0002050 secs]
524.888: [GC (Allocation Failure) 48986K->435K(89856K), 0.0002170 secs]
524.912: [GC (Allocation Failure) 47130K->435K(88128K), 0.0002220 secs]
524.976: [GC (Allocation Failure) 45470K->435K(86528K), 0.0002230 secs]
524.995: [GC (Allocation Failure) 43809K->435K(84992K), 0.0002030 secs]
525.021: [GC (Allocation Failure) 42344K->435K(83520K), 0.0002140 secs]
525.042: [GC (Allocation Failure) 40879K->435K(82112K), 0.0002140 secs]
525.070: [GC (Allocation Failure) 39414K->435K(80768K), 0.0002120 secs]
525.086: [GC (Allocation Failure) 38047K->435K(79488K), 0.0002100 secs]
525.103: [GC (Allocation Failure) 36777K->435K(78272K), 0.0001990 secs]
525.118: [GC (Allocation Failure) 35605K->435K(77120K), 0.0002030 secs]
525.137: [GC (Allocation Failure) 34433K->435K(75968K), 0.0002220 secs]
525.169: [GC (Allocation Failure) 33261K->435K(74880K), 0.0002050 secs]
525.217: [GC (Allocation Failure) 32186K->435K(73856K), 0.0002160 secs]
525.230: [GC (Allocation Failure) 31210K->435K(72896K), 0.0002010 secs]
525.316: [GC (Allocation Failure) 30233K->435K(71936K), 0.0002240 secs]
525.329: [GC (Allocation Failure) 29256K->435K(71040K), 0.0002020 secs]
525.345: [GC (Allocation Failure) 28377K->435K(70208K), 0.0002120 secs]
525.361: [GC (Allocation Failure) 27498K->435K(69376K), 0.0002150 secs]
525.377: [GC (Allocation Failure) 26717K->435K(74688K), 0.0002110 secs]
525.436: [GC (Allocation Failure) 31991K->435K(73664K), 0.0002020 secs]
525.517: [GC (Allocation Failure) 31014K->435K(72704K), 0.0002030 secs]
525.543: [GC (Allocation Failure) 30038K->435K(71808K), 0.0002020 secs]
525.584: [GC (Allocation Failure) 29158K->435K(70912K), 0.0002240 secs]
525.597: [GC (Allocation Failure) 28182K->435K(70080K), 0.0002150 secs]
525.620: [GC (Allocation Failure) 27400K->435K(69248K), 0.0002370 secs]
525.636: [GC (Allocation Failure) 26521K->435K(68480K), 0.0002150 secs]
525.648: [GC (Allocation Failure) 25838K->435K(73600K), 0.0002150 secs]
525.667: [GC (Allocation Failure) 30917K->435K(79744K), 0.0002600 secs]
525.778: [GC (Allocation Failure) 37070K->435K(78528K), 0.0002130 secs]
525.793: [GC (Allocation Failure) 35800K->435K(85632K), 0.0002740 secs]
525.820: [GC (Allocation Failure) 42930K->435K(84096K), 0.0002110 secs]
525.843: [GC (Allocation Failure) 41367K->435K(82624K), 0.0002110 secs]
525.860: [GC (Allocation Failure) 39902K->435K(81280K), 0.0002160 secs]
525.877: [GC (Allocation Failure) 38633K->435K(80000K), 0.0002020 secs]
525.920: [GC (Allocation Failure) 37363K->435K(78720K), 0.0002020 secs]
525.974: [GC (Allocation Failure) 35996K->435K(77504K), 0.0002190 secs]
525.989: [GC (Allocation Failure) 34823K->435K(76352K), 0.0002060 secs]
526.083: [GC (Allocation Failure) 33651K->435K(75264K), 0.0002050 secs]
526.147: [GC (Allocation Failure) 32577K->435K(74240K), 0.0002050 secs]
526.161: [GC (Allocation Failure) 31600K->435K(73216K), 0.0002050 secs]
526.178: [GC (Allocation Failure) 30526K->435K(72256K), 0.0002130 secs]
526.191: [GC (Allocation Failure) 29549K->435K(71360K), 0.0002020 secs]
526.217: [GC (Allocation Failure) 28670K->435K(70464K), 0.0002130 secs]
526.233: [GC (Allocation Failure) 27791K->435K(69632K), 0.0002130 secs]
526.249: [GC (Allocation Failure) 26912K->435K(74944K), 0.0002190 secs]
526.273: [GC (Allocation Failure) 32284K->435K(73920K), 0.0002130 secs]
526.291: [GC (Allocation Failure) 31210K->435K(72960K), 0.0002140 secs]
526.309: [GC (Allocation Failure) 30233K->435K(72000K), 0.0002100 secs]
526.322: [GC (Allocation Failure) 29354K->435K(77824K), 0.0002160 secs]
526.337: [GC (Allocation Failure) 35116K->435K(84800K), 0.0002130 secs]
526.381: [GC (Allocation Failure) 42149K->435K(83328K), 0.0002220 secs]
526.399: [GC (Allocation Failure) 40684K->435K(81920K), 0.0002020 secs]
526.421: [GC (Allocation Failure) 39219K->435K(80576K), 0.0002240 secs]
526.437: [GC (Allocation Failure) 37851K->435K(79296K), 0.0002030 secs]
526.470: [GC (Allocation Failure) 36582K->435K(78080K), 0.0002010 secs]
526.498: [GC (Allocation Failure) 35409K->435K(76928K), 0.0002250 secs]
526.513: [GC (Allocation Failure) 34237K->435K(75840K), 0.0002020 secs]
526.673: [GC (Allocation Failure) 33163K->435K(74752K), 0.0002250 secs]
526.687: [GC (Allocation Failure) 32089K->435K(73728K), 0.0002610 secs]
526.722: [GC (Allocation Failure) 31014K->435K(72768K), 0.0002120 secs]
526.739: [GC (Allocation Failure) 30038K->435K(71808K), 0.0002100 secs]
526.752: [GC (Allocation Failure) 29158K->435K(70912K), 0.0002000 secs]
526.768: [GC (Allocation Failure) 28182K->435K(76480K), 0.0002200 secs]
526.805: [GC (Allocation Failure) 33749K->435K(75392K), 0.0002160 secs]
526.819: [GC (Allocation Failure) 32675K->435K(74368K), 0.0002190 secs]
526.969: [GC (Allocation Failure) 31698K->435K(73344K), 0.0002260 secs]
526.982: [GC (Allocation Failure) 30624K->435K(72384K), 0.0002040 secs]
527.068: [GC (Allocation Failure) 29745K->435K(71488K), 0.0002150 secs]
527.084: [GC (Allocation Failure) 28768K->435K(70592K), 0.0002130 secs]
527.122: [GC (Allocation Failure) 27889K->435K(69760K), 0.0002120 secs]
527.137: [GC (Allocation Failure) 27107K->435K(68992K), 0.0002290 secs]
527.186: [GC (Allocation Failure) 26326K->435K(68224K), 0.0002300 secs]
527.201: [GC (Allocation Failure) 25545K->435K(67520K), 0.0002720 secs]
527.212: [GC (Allocation Failure) 24857K->435K(72448K), 0.0002190 secs]
527.270: [GC (Allocation Failure) 29745K->435K(71552K), 0.0002150 secs]
527.287: [GC (Allocation Failure) 28865K->435K(70656K), 0.0002300 secs]
527.318: [GC (Allocation Failure) 27986K->435K(69824K), 0.0002160 secs]
527.330: [GC (Allocation Failure) 27107K->435K(75200K), 0.0002040 secs]
527.348: [GC (Allocation Failure) 32479K->435K(81664K), 0.0002110 secs]
527.369: [GC (Allocation Failure) 39023K->435K(80320K), 0.0002120 secs]
527.389: [GC (Allocation Failure) 37656K->435K(79040K), 0.0002110 secs]
527.405: [GC (Allocation Failure) 36386K->435K(77824K), 0.0002030 secs]
527.575: [GC (Allocation Failure) 35116K->435K(76672K), 0.0002120 secs]
527.594: [GC (Allocation Failure) 33944K->435K(75584K), 0.0002150 secs]
527.608: [GC (Allocation Failure) 32870K->435K(74560K), 0.0002140 secs]
527.674: [GC (Allocation Failure) 31893K->435K(73536K), 0.0002110 secs]
527.691: [GC (Allocation Failure) 30819K->435K(72576K), 0.0002010 secs]
527.707: [GC (Allocation Failure) 29842K->435K(71680K), 0.0002170 secs]
527.823: [GC (Allocation Failure) 28963K->435K(70784K), 0.0002050 secs]
527.839: [GC (Allocation Failure) 28084K->435K(69952K), 0.0002280 secs]
527.872: [GC (Allocation Failure) 27303K->435K(69120K), 0.0002210 secs]
527.884: [GC (Allocation Failure) 26424K->435K(68352K), 0.0002170 secs]
527.899: [GC (Allocation Failure) 25642K->435K(73408K), 0.0002140 secs]
527.924: [GC (Allocation Failure) 30721K->435K(72448K), 0.0002050 secs]
527.937: [GC (Allocation Failure) 29745K->435K(78336K), 0.0002170 secs]
527.973: [GC (Allocation Failure) 35605K->435K(77184K), 0.0002180 secs]
528.086: [GC (Allocation Failure) 34530K->435K(76032K), 0.0002150 secs]
528.100: [GC (Allocation Failure) 33358K->435K(74944K), 0.0002030 secs]
528.118: [GC (Allocation Failure) 32284K->435K(73920K), 0.0002030 secs]
528.135: [GC (Allocation Failure) 31210K->435K(72960K), 0.0002120 secs]
528.153: [GC (Allocation Failure) 30233K->435K(72000K), 0.0002200 secs]
528.223: [GC (Allocation Failure) 29354K->435K(71104K), 0.0002060 secs]
528.236: [GC (Allocation Failure) 28377K->435K(70272K), 0.0002260 secs]
528.252: [GC (Allocation Failure) 27596K->435K(75712K), 0.0002110 secs]
528.353: [GC (Allocation Failure) 33065K->435K(74624K), 0.0002330 secs]
528.368: [GC (Allocation Failure) 31893K->435K(73600K), 0.0002540 secs]
528.387: [GC (Allocation Failure) 30917K->435K(79744K), 0.0002800 secs]
528.407: [GC (Allocation Failure) 37070K->435K(87104K), 0.0002090 secs]
528.426: [GC (Allocation Failure) 44395K->435K(85504K), 0.0002010 secs]
528.447: [GC (Allocation Failure) 42833K->435K(94016K), 0.0002700 secs]
528.472: [GC (Allocation Failure) 51334K->435K(92096K), 0.0002010 secs]
528.532: [GC (Allocation Failure) 49377K->435K(90304K), 0.0002110 secs]
528.557: [GC (Allocation Failure) 47618K->435K(88576K), 0.0002130 secs]
528.670: [GC (Allocation Failure) 45860K->435K(86912K), 0.0002060 secs]
528.727: [GC (Allocation Failure) 44200K->435K(85312K), 0.0002140 secs]
528.749: [GC (Allocation Failure) 42637K->435K(83840K), 0.0002130 secs]
528.771: [GC (Allocation Failure) 41172K->435K(82432K), 0.0002120 secs]
528.825: [GC (Allocation Failure) 39707K->435K(81088K), 0.0002020 secs]
528.874: [GC (Allocation Failure) 38437K->435K(79808K), 0.0002120 secs]
528.894: [GC (Allocation Failure) 37168K->435K(78592K), 0.0002070 secs]
528.914: [GC (Allocation Failure) 35898K->435K(77376K), 0.0002170 secs]
528.933: [GC (Allocation Failure) 34726K->435K(76224K), 0.0002110 secs]
529.023: [GC (Allocation Failure) 33554K->435K(75136K), 0.0002230 secs]
529.040: [GC (Allocation Failure) 32479K->435K(74112K), 0.0002100 secs]
529.058: [GC (Allocation Failure) 31405K->435K(73152K), 0.0002260 secs]
529.121: [GC (Allocation Failure) 30428K->435K(72192K), 0.0002030 secs]
529.163: [GC (Allocation Failure) 29549K->435K(71296K), 0.0002020 secs]
529.191: [GC (Allocation Failure) 28572K->435K(70400K), 0.0002420 secs]
529.207: [GC (Allocation Failure) 27693K->435K(69568K), 0.0002610 secs]
529.224: [GC (Allocation Failure) 26912K->435K(68800K), 0.0002190 secs]
529.239: [GC (Allocation Failure) 26131K->435K(68032K), 0.0002170 secs]
529.255: [GC (Allocation Failure) 25349K->435K(73024K), 0.0002590 secs]
529.269: [GC (Allocation Failure) 30331K->435K(79040K), 0.0002790 secs]
529.289: [GC (Allocation Failure) 36386K->435K(86272K), 0.0002040 secs]
529.308: [GC (Allocation Failure) 43614K->435K(94912K), 0.0002040 secs]
529.380: [GC (Allocation Failure) 52213K->435K(92992K), 0.0002040 secs]
529.430: [GC (Allocation Failure) 50260K->435K(91136K), 0.0002220 secs]
529.581: [GC (Allocation Failure) 48498K->435K(89344K), 0.0003290 secs]
529.607: [GC (Allocation Failure) 46642K->435K(87680K), 0.0002160 secs]
529.630: [GC (Allocation Failure) 44981K->435K(86080K), 0.0002090 secs]
529.682: [GC (Allocation Failure) 43419K->435K(84544K), 0.0002490 secs]
529.701: [GC (Allocation Failure) 41856K->435K(83072K), 0.0002150 secs]
529.718: [GC (Allocation Failure) 40391K->435K(81664K), 0.0002030 secs]
529.833: [GC (Allocation Failure) 39023K->435K(80320K), 0.0002130 secs]
529.854: [GC (Allocation Failure) 37656K->435K(79040K), 0.0002020 secs]
529.870: [GC (Allocation Failure) 36386K->435K(77824K), 0.0003180 secs]
529.929: [GC (Allocation Failure) 35116K->435K(76672K), 0.0002220 secs]
529.948: [GC (Allocation Failure) 33944K->435K(75584K), 0.0002120 secs]
529.962: [GC (Allocation Failure) 32870K->435K(74560K), 0.0002150 secs]
529.980: [GC (Allocation Failure) 31893K->435K(73536K), 0.0002130 secs]
529.997: [GC (Allocation Failure) 30819K->435K(72576K), 0.0002130 secs]
530.014: [GC (Allocation Failure) 29842K->435K(78528K), 0.0002410 secs]
530.030: [GC (Allocation Failure) 35800K->435K(85632K), 0.0002220 secs]
530.049: [GC (Allocation Failure) 42930K->435K(94144K), 0.0002030 secs]
530.075: [GC (Allocation Failure) 51432K->435K(92224K), 0.0002190 secs]
530.176: [GC (Allocation Failure) 49572K->435K(90432K), 0.0002190 secs]
530.197: [GC (Allocation Failure) 47716K->435K(88704K), 0.0002020 secs]
530.216: [GC (Allocation Failure) 46056K->435K(87040K), 0.0002130 secs]
530.279: [GC (Allocation Failure) 44395K->435K(85440K), 0.0002120 secs]
530.332: [GC (Allocation Failure) 42735K->435K(83968K), 0.0002220 secs]
530.351: [GC (Allocation Failure) 41270K->435K(82560K), 0.0001990 secs]
530.372: [GC (Allocation Failure) 39902K->435K(81216K), 0.0003010 secs]
530.395: [GC (Allocation Failure) 38535K->435K(79936K), 0.0002780 secs]
530.412: [GC (Allocation Failure) 37265K->435K(78656K), 0.0002010 secs]
530.431: [GC (Allocation Failure) 35996K->435K(77440K), 0.0002240 secs]
530.475: [GC (Allocation Failure) 34726K->435K(76288K), 0.0002110 secs]
530.490: [GC (Allocation Failure) 33554K->435K(75200K), 0.0002140 secs]
530.528: [GC (Allocation Failure) 32479K->435K(74176K), 0.0002230 secs]
530.542: [GC (Allocation Failure) 31503K->435K(73152K), 0.0002120 secs]
530.564: [GC (Allocation Failure) 30428K->435K(72192K), 0.0002680 secs]
530.581: [GC (Allocation Failure) 29549K->435K(71296K), 0.0002110 secs]
530.663: [GC (Allocation Failure) 28572K->435K(70400K), 0.0002250 secs]
530.675: [GC (Allocation Failure) 27693K->435K(69568K), 0.0002120 secs]
530.722: [GC (Allocation Failure) 26912K->435K(68800K), 0.0002610 secs]
530.772: [GC (Allocation Failure) 26131K->435K(68032K), 0.0002120 secs]
530.788: [GC (Allocation Failure) 25349K->435K(67328K), 0.0002710 secs]
530.798: [GC (Allocation Failure) 24662K->435K(72192K), 0.0002220 secs]
530.818: [GC (Allocation Failure) 29549K->435K(78016K), 0.0003100 secs]
530.876: [GC (Allocation Failure) 35312K->435K(76864K), 0.0002110 secs]
530.891: [GC (Allocation Failure) 34140K->435K(83648K), 0.0002030 secs]
530.908: [GC (Allocation Failure) 40977K->435K(82240K), 0.0002000 secs]
530.929: [GC (Allocation Failure) 39512K->435K(80896K), 0.0002150 secs]
530.949: [GC (Allocation Failure) 38242K->435K(79616K), 0.0002110 secs]
531.027: [GC (Allocation Failure) 36972K->435K(78400K), 0.0002140 secs]
531.042: [GC (Allocation Failure) 35702K->435K(77248K), 0.0002120 secs]
531.080: [GC (Allocation Failure) 34530K->435K(76096K), 0.0002210 secs]
531.095: [GC (Allocation Failure) 33456K->435K(75008K), 0.0002140 secs]
531.129: [GC (Allocation Failure) 32284K->435K(73984K), 0.0002210 secs]
531.143: [GC (Allocation Failure) 31307K->435K(73024K), 0.0002020 secs]
531.160: [GC (Allocation Failure) 30331K->435K(79040K), 0.0002720 secs]
531.176: [GC (Allocation Failure) 36386K->435K(86272K), 0.0002280 secs]
531.199: [GC (Allocation Failure) 43614K->435K(94912K), 0.0002090 secs]
531.334: [GC (Allocation Failure) 52213K->435K(92992K), 0.0002730 secs]
531.384: [GC (Allocation Failure) 50260K->435K(91136K), 0.0002160 secs]
531.405: [GC (Allocation Failure) 48498K->435K(89344K), 0.0002020 secs]
531.432: [GC (Allocation Failure) 46642K->435K(87680K), 0.0002040 secs]
531.481: [GC (Allocation Failure) 44981K->435K(86080K), 0.0002040 secs]
531.587: [GC (Allocation Failure) 43419K->435K(84544K), 0.0002680 secs]
531.605: [GC (Allocation Failure) 41856K->435K(83072K), 0.0002780 secs]
531.668: [GC (Allocation Failure) 40391K->435K(81664K), 0.0002160 secs]
531.692: [GC (Allocation Failure) 39023K->435K(80320K), 0.0002260 secs]
531.709: [GC (Allocation Failure) 37656K->435K(79040K), 0.0002050 secs]
531.728: [GC (Allocation Failure) 36386K->435K(77824K), 0.0002160 secs]
531.931: [GC (Allocation Failure) 35116K->435K(76672K), 0.0002230 secs]
531.950: [GC (Allocation Failure) 33944K->435K(75584K), 0.0002130 secs]
531.990: [GC (Allocation Failure) 32870K->435K(74560K), 0.0002230 secs]
532.021: [GC (Allocation Failure) 31893K->435K(73536K), 0.0002190 secs]
532.164: [GC (Allocation Failure) 30819K->435K(72576K), 0.0002270 secs]
532.177: [GC (Allocation Failure) 29842K->435K(71680K), 0.0002040 secs]
532.194: [GC (Allocation Failure) 28963K->435K(70784K), 0.0002210 secs]
532.275: [GC (Allocation Failure) 28084K->435K(69952K), 0.0002150 secs]
532.286: [GC (Allocation Failure) 27303K->435K(69120K), 0.0002020 secs]
532.328: [GC (Allocation Failure) 26424K->435K(68352K), 0.0002220 secs]
532.340: [GC (Allocation Failure) 25642K->435K(67584K), 0.0002150 secs]
532.369: [GC (Allocation Failure) 24857K->435K(66880K), 0.0002180 secs]
532.385: [GC (Allocation Failure) 24173K->435K(66176K), 0.0002260 secs]
532.395: [GC (Allocation Failure) 23490K->435K(70848K), 0.0002620 secs]
532.420: [GC (Allocation Failure) 28182K->435K(76416K), 0.0002220 secs]
532.439: [GC (Allocation Failure) 33749K->435K(83136K), 0.0002130 secs]
532.456: [GC (Allocation Failure) 40488K->435K(91200K), 0.0002040 secs]
532.503: [GC (Allocation Failure) 48498K->435K(89408K), 0.0002210 secs]
532.524: [GC (Allocation Failure) 46739K->435K(87744K), 0.0002020 secs]
532.578: [GC (Allocation Failure) 45079K->435K(86144K), 0.0002230 secs]
532.601: [GC (Allocation Failure) 43419K->435K(84608K), 0.0002100 secs]
532.631: [GC (Allocation Failure) 41953K->435K(83136K), 0.0002010 secs]
532.672: [GC (Allocation Failure) 40488K->435K(81728K), 0.0002270 secs]
532.690: [GC (Allocation Failure) 39023K->435K(80384K), 0.0002030 secs]
532.706: [GC (Allocation Failure) 37656K->435K(79104K), 0.0002010 secs]
532.725: [GC (Allocation Failure) 36386K->435K(77888K), 0.0002000 secs]
532.741: [GC (Allocation Failure) 35214K->435K(76736K), 0.0002020 secs]
532.796: [GC (Allocation Failure) 34042K->435K(75648K), 0.0002200 secs]
532.814: [GC (Allocation Failure) 32968K->435K(74560K), 0.0002180 secs]
532.828: [GC (Allocation Failure) 31893K->435K(73536K), 0.0002150 secs]
532.881: [GC (Allocation Failure) 30819K->435K(72576K), 0.0002190 secs]
532.898: [GC (Allocation Failure) 29842K->435K(71680K), 0.0002010 secs]
532.911: [GC (Allocation Failure) 28963K->435K(70784K), 0.0002130 secs]
532.980: [GC (Allocation Failure) 28084K->435K(69952K), 0.0002210 secs]
532.996: [GC (Allocation Failure) 27303K->435K(69120K), 0.0002210 secs]
533.079: [GC (Allocation Failure) 26424K->435K(68352K), 0.0002110 secs]
533.091: [GC (Allocation Failure) 25642K->435K(67584K), 0.0002170 secs]
533.161: [GC (Allocation Failure) 24857K->435K(66880K), 0.0002120 secs]
533.172: [GC (Allocation Failure) 24173K->435K(66176K), 0.0002010 secs]
533.187: [GC (Allocation Failure) 23490K->435K(70848K), 0.0002100 secs]
533.230: [GC (Allocation Failure) 28182K->435K(70016K), 0.0003120 secs]
533.246: [GC (Allocation Failure) 27303K->435K(69184K), 0.0002150 secs]
533.262: [GC (Allocation Failure) 26521K->435K(74432K), 0.0002220 secs]
533.278: [GC (Allocation Failure) 31698K->435K(80704K), 0.0002210 secs]
533.295: [GC (Allocation Failure) 38047K->435K(88256K), 0.0002150 secs]
533.318: [GC (Allocation Failure) 45567K->435K(97344K), 0.0002210 secs]
533.391: [GC (Allocation Failure) 54655K->435K(95296K), 0.0002230 secs]
533.414: [GC (Allocation Failure) 52604K->435K(93312K), 0.0002120 secs]
533.486: [GC (Allocation Failure) 50650K->435K(91456K), 0.0002110 secs]
533.507: [GC (Allocation Failure) 48791K->435K(89664K), 0.0002030 secs]
533.531: [GC (Allocation Failure) 46935K->435K(87936K), 0.0002210 secs]
533.585: [GC (Allocation Failure) 45274K->435K(86336K), 0.0002170 secs]
533.633: [GC (Allocation Failure) 43614K->435K(84800K), 0.0002110 secs]
533.651: [GC (Allocation Failure) 42149K->435K(83328K), 0.0002020 secs]
533.686: [GC (Allocation Failure) 40684K->435K(81920K), 0.0002630 secs]
533.708: [GC (Allocation Failure) 39219K->435K(80576K), 0.0002110 secs]
533.728: [GC (Allocation Failure) 37851K->435K(79296K), 0.0002140 secs]
533.774: [GC (Allocation Failure) 36582K->435K(78080K), 0.0002040 secs]
533.934: [GC (Allocation Failure) 35409K->435K(76928K), 0.0002210 secs]
533.949: [GC (Allocation Failure) 34237K->435K(75840K), 0.0002190 secs]
533.963: [GC (Allocation Failure) 33163K->435K(74752K), 0.0002000 secs]
533.996: [GC (Allocation Failure) 32089K->435K(73728K), 0.0002130 secs]
534.014: [GC (Allocation Failure) 31014K->435K(72768K), 0.0002150 secs]
534.079: [GC (Allocation Failure) 30038K->435K(71808K), 0.0002040 secs]
534.091: [GC (Allocation Failure) 29158K->435K(70912K), 0.0002030 secs]
534.107: [GC (Allocation Failure) 28182K->435K(70080K), 0.0002130 secs]
534.131: [GC (Allocation Failure) 27400K->435K(69248K), 0.0002050 secs]
534.147: [GC (Allocation Failure) 26521K->435K(68480K), 0.0002100 secs]
534.159: [GC (Allocation Failure) 25838K->435K(73600K), 0.0002590 secs]
534.177: [GC (Allocation Failure) 30917K->435K(79744K), 0.0002170 secs]
534.198: [GC (Allocation Failure) 37070K->435K(87104K), 0.0002180 secs]
534.218: [GC (Allocation Failure) 44395K->435K(95936K), 0.0002260 secs]
534.241: [GC (Allocation Failure) 53287K->435K(93952K), 0.0002030 secs]
534.266: [GC (Allocation Failure) 51236K->435K(92032K), 0.0002090 secs]
534.291: [GC (Allocation Failure) 49377K->435K(90240K), 0.0002190 secs]
534.337: [GC (Allocation Failure) 47521K->435K(88512K), 0.0002020 secs]
534.359: [GC (Allocation Failure) 45860K->435K(86848K), 0.0002130 secs]
534.378: [GC (Allocation Failure) 44200K->435K(85312K), 0.0002030 secs]
534.401: [GC (Allocation Failure) 42637K->435K(83840K), 0.0002150 secs]
534.426: [GC (Allocation Failure) 41172K->435K(82432K), 0.0002110 secs]
534.444: [GC (Allocation Failure) 39707K->435K(81088K), 0.0002040 secs]
534.460: [GC (Allocation Failure) 38437K->435K(79808K), 0.0002020 secs]
534.480: [GC (Allocation Failure) 37168K->435K(78592K), 0.0001980 secs]
534.499: [GC (Allocation Failure) 35898K->435K(77376K), 0.0002220 secs]
534.535: [GC (Allocation Failure) 34726K->435K(76224K), 0.0002220 secs]
534.554: [GC (Allocation Failure) 33554K->435K(75136K), 0.0002140 secs]
534.568: [GC (Allocation Failure) 32479K->435K(74112K), 0.0002120 secs]
534.582: [GC (Allocation Failure) 31405K->435K(80320K), 0.0003430 secs]
534.598: [GC (Allocation Failure) 37656K->435K(87808K), 0.0002020 secs]
534.617: [GC (Allocation Failure) 45079K->435K(96768K), 0.0002130 secs]
534.641: [GC (Allocation Failure) 54069K->435K(107520K), 0.0002010 secs]
534.669: [GC (Allocation Failure) 64813K->435K(104960K), 0.0002020 secs]
534.695: [GC (Allocation Failure) 62273K->435K(102528K), 0.0001990 secs]
534.788: [GC (Allocation Failure) 59831K->435K(100224K), 0.0002230 secs]
534.817: [GC (Allocation Failure) 57585K->435K(98048K), 0.0002080 secs]
534.890: [GC (Allocation Failure) 55339K->435K(95936K), 0.0002030 secs]
534.943: [GC (Allocation Failure) 53287K->435K(93952K), 0.0002090 secs]
534.966: [GC (Allocation Failure) 51236K->435K(92032K), 0.0002740 secs]
535.092: [GC (Allocation Failure) 49377K->435K(90240K), 0.0002140 secs]
535.112: [GC (Allocation Failure) 47521K->435K(88512K), 0.0002120 secs]
535.132: [GC (Allocation Failure) 45860K->435K(86848K), 0.0002020 secs]
535.187: [GC (Allocation Failure) 44200K->435K(85312K), 0.0002210 secs]
535.209: [GC (Allocation Failure) 42637K->435K(83840K), 0.0002650 secs]
535.231: [GC (Allocation Failure) 41172K->435K(82432K), 0.0002160 secs]
535.249: [GC (Allocation Failure) 39707K->435K(81088K), 0.0002040 secs]
535.284: [GC (Allocation Failure) 38437K->435K(79808K), 0.0002250 secs]
535.304: [GC (Allocation Failure) 37168K->435K(78592K), 0.0002130 secs]
535.324: [GC (Allocation Failure) 35898K->435K(77376K), 0.0002100 secs]
535.432: [GC (Allocation Failure) 34726K->435K(76224K), 0.0002150 secs]
535.485: [GC (Allocation Failure) 33554K->435K(75136K), 0.0002210 secs]
535.500: [GC (Allocation Failure) 32479K->435K(74112K), 0.0002030 secs]
535.513: [GC (Allocation Failure) 31405K->435K(73152K), 0.0002130 secs]
535.535: [GC (Allocation Failure) 30428K->435K(72192K), 0.0002140 secs]
535.548: [GC (Allocation Failure) 29549K->435K(71296K), 0.0002060 secs]
535.584: [GC (Allocation Failure) 28572K->435K(70400K), 0.0002580 secs]
535.601: [GC (Allocation Failure) 27693K->435K(69568K), 0.0002180 secs]
535.674: [GC (Allocation Failure) 26912K->435K(68800K), 0.0002030 secs]
535.689: [GC (Allocation Failure) 26131K->435K(68032K), 0.0002780 secs]
535.704: [GC (Allocation Failure) 25349K->435K(73024K), 0.0002140 secs]
535.717: [GC (Allocation Failure) 30331K->435K(79040K), 0.0002770 secs]
535.778: [GC (Allocation Failure) 36386K->435K(86272K), 0.0002150 secs]
535.831: [GC (Allocation Failure) 43614K->435K(84736K), 0.0002030 secs]
535.980: [GC (Allocation Failure) 42051K->435K(83264K), 0.0002190 secs]
536.002: [GC (Allocation Failure) 40586K->435K(81856K), 0.0002020 secs]
536.039: [GC (Allocation Failure) 39219K->435K(80512K), 0.0002120 secs]
536.059: [GC (Allocation Failure) 37851K->435K(79232K), 0.0002010 secs]
536.075: [GC (Allocation Failure) 36582K->435K(78016K), 0.0002130 secs]
536.091: [GC (Allocation Failure) 35312K->435K(76864K), 0.0002120 secs]
536.105: [GC (Allocation Failure) 34140K->435K(83648K), 0.0002750 secs]
536.136: [GC (Allocation Failure) 40977K->435K(82240K), 0.0002220 secs]
536.157: [GC (Allocation Failure) 39512K->435K(80896K), 0.0002090 secs]
536.239: [GC (Allocation Failure) 38242K->435K(79616K), 0.0002020 secs]
536.255: [GC (Allocation Failure) 36972K->435K(78400K), 0.0002700 secs]
536.284: [GC (Allocation Failure) 35702K->435K(77248K), 0.0002140 secs]
536.337: [GC (Allocation Failure) 34530K->435K(76096K), 0.0002190 secs]
536.352: [GC (Allocation Failure) 33456K->435K(75008K), 0.0002010 secs]
536.369: [GC (Allocation Failure) 32284K->435K(73984K), 0.0002100 secs]
536.388: [GC (Allocation Failure) 31307K->435K(73024K), 0.0002120 secs]
536.416: [GC (Allocation Failure) 30331K->435K(72064K), 0.0002320 secs]
536.430: [GC (Allocation Failure) 29354K->435K(77888K), 0.0004080 secs]
536.501: [GC (Allocation Failure) 35214K->435K(84864K), 0.0002240 secs]
536.524: [GC (Allocation Failure) 42149K->435K(93248K), 0.0002730 secs]
536.550: [GC (Allocation Failure) 50553K->435K(91392K), 0.0002210 secs]
536.644: [GC (Allocation Failure) 48693K->435K(89600K), 0.0002130 secs]
536.664: [GC (Allocation Failure) 46935K->435K(87936K), 0.0002140 secs]
536.684: [GC (Allocation Failure) 45274K->435K(86336K), 0.0002020 secs]
536.806: [GC (Allocation Failure) 43614K->435K(84800K), 0.0002510 secs]
536.829: [GC (Allocation Failure) 42149K->435K(83328K), 0.0002130 secs]
536.887: [GC (Allocation Failure) 40684K->435K(81920K), 0.0002060 secs]
536.936: [GC (Allocation Failure) 39219K->435K(80576K), 0.0002230 secs]
536.952: [GC (Allocation Failure) 37851K->435K(79296K), 0.0002140 secs]
536.975: [GC (Allocation Failure) 36582K->435K(78080K), 0.0002170 secs]
537.135: [GC (Allocation Failure) 35409K->435K(76928K), 0.0002030 secs]
537.177: [GC (Allocation Failure) 34237K->435K(75840K), 0.0002260 secs]
537.197: [GC (Allocation Failure) 33163K->435K(74752K), 0.0002160 secs]
537.211: [GC (Allocation Failure) 32089K->435K(73728K), 0.0002700 secs]
537.225: [GC (Allocation Failure) 31014K->435K(72768K), 0.0002160 secs]
537.238: [GC (Allocation Failure) 30038K->435K(78720K), 0.0002370 secs]
537.258: [GC (Allocation Failure) 35996K->435K(85888K), 0.0002140 secs]
537.277: [GC (Allocation Failure) 43223K->435K(94464K), 0.0002040 secs]
537.303: [GC (Allocation Failure) 51822K->435K(92544K), 0.0002110 secs]
537.325: [GC (Allocation Failure) 49867K->435K(90688K), 0.0002120 secs]
537.346: [GC (Allocation Failure) 48009K->435K(88960K), 0.0002010 secs]
537.365: [GC (Allocation Failure) 46251K->435K(87296K), 0.0002000 secs]
537.389: [GC (Allocation Failure) 44591K->435K(85696K), 0.0002130 secs]
537.439: [GC (Allocation Failure) 43028K->435K(84160K), 0.0002030 secs]
537.492: [GC (Allocation Failure) 41465K->435K(82688K), 0.0002150 secs]
537.513: [GC (Allocation Failure) 40000K->435K(81344K), 0.0002050 secs]
537.534: [GC (Allocation Failure) 38633K->435K(80000K), 0.0002110 secs]
537.551: [GC (Allocation Failure) 37363K->435K(78720K), 0.0002140 secs]
537.570: [GC (Allocation Failure) 35996K->435K(77504K), 0.0002020 secs]
537.587: [GC (Allocation Failure) 34823K->435K(76352K), 0.0002000 secs]
537.605: [GC (Allocation Failure) 33651K->435K(75264K), 0.0002730 secs]
537.624: [GC (Allocation Failure) 32577K->435K(81728K), 0.0002210 secs]
537.671: [GC (Allocation Failure) 39023K->435K(80384K), 0.0002150 secs]
537.691: [GC (Allocation Failure) 37656K->435K(79104K), 0.0002130 secs]
537.707: [GC (Allocation Failure) 36386K->435K(77888K), 0.0002010 secs]
537.726: [GC (Allocation Failure) 35214K->435K(76736K), 0.0002010 secs]
537.741: [GC (Allocation Failure) 34042K->435K(75648K), 0.0002170 secs]
537.789: [GC (Allocation Failure) 32968K->435K(74560K), 0.0002250 secs]
537.804: [GC (Allocation Failure) 31893K->435K(73536K), 0.0002170 secs]
537.817: [GC (Allocation Failure) 30819K->435K(79680K), 0.0002140 secs]
537.836: [GC (Allocation Failure) 36972K->435K(87040K), 0.0002040 secs]
537.982: [GC (Allocation Failure) 44395K->435K(85440K), 0.0002240 secs]
538.006: [GC (Allocation Failure) 42735K->435K(83968K), 0.0002130 secs]
538.039: [GC (Allocation Failure) 41270K->435K(82560K), 0.0002130 secs]
538.060: [GC (Allocation Failure) 39902K->435K(81216K), 0.0002030 secs]
538.092: [GC (Allocation Failure) 38535K->435K(79936K), 0.0002060 secs]
538.112: [GC (Allocation Failure) 37265K->435K(78656K), 0.0002080 secs]
538.128: [GC (Allocation Failure) 35996K->435K(77440K), 0.0002040 secs]
538.170: [GC (Allocation Failure) 34726K->435K(76288K), 0.0002250 secs]
538.189: [GC (Allocation Failure) 33554K->435K(75200K), 0.0002110 secs]
538.204: [GC (Allocation Failure) 32479K->435K(74176K), 0.0002160 secs]
538.289: [GC (Allocation Failure) 31503K->435K(73152K), 0.0002220 secs]
538.306: [GC (Allocation Failure) 30428K->435K(72192K), 0.0002270 secs]
538.320: [GC (Allocation Failure) 29549K->435K(71296K), 0.0002010 secs]
538.350: [GC (Allocation Failure) 28572K->435K(70400K), 0.0002100 secs]
538.371: [GC (Allocation Failure) 27693K->435K(69568K), 0.0002730 secs]
538.383: [GC (Allocation Failure) 26912K->435K(74880K), 0.0002130 secs]
538.397: [GC (Allocation Failure) 32186K->435K(81280K), 0.0002040 secs]
538.415: [GC (Allocation Failure) 38633K->435K(88960K), 0.0002010 secs]
538.446: [GC (Allocation Failure) 46251K->435K(87296K), 0.0002250 secs]
538.466: [GC (Allocation Failure) 44591K->435K(85696K), 0.0002150 secs]
538.490: [GC (Allocation Failure) 43028K->435K(84160K), 0.0002130 secs]
538.512: [GC (Allocation Failure) 41465K->435K(82688K), 0.0002720 secs]
538.533: [GC (Allocation Failure) 40000K->435K(81344K), 0.0002210 secs]
538.575: [GC (Allocation Failure) 38633K->435K(80000K), 0.0002110 secs]
538.595: [GC (Allocation Failure) 37363K->435K(78720K), 0.0002030 secs]
538.611: [GC (Allocation Failure) 35996K->435K(77504K), 0.0002000 secs]
538.687: [GC (Allocation Failure) 34823K->435K(76352K), 0.0002020 secs]
538.740: [GC (Allocation Failure) 33651K->435K(75264K), 0.0002220 secs]
538.758: [GC (Allocation Failure) 32577K->435K(74240K), 0.0002190 secs]
538.804: [GC (Allocation Failure) 31600K->435K(73216K), 0.0002210 secs]
538.889: [GC (Allocation Failure) 30526K->435K(72256K), 0.0002200 secs]
538.901: [GC (Allocation Failure) 29549K->435K(71360K), 0.0002180 secs]
538.988: [GC (Allocation Failure) 28670K->435K(70464K), 0.0002140 secs]
539.000: [GC (Allocation Failure) 27791K->435K(69632K), 0.0002280 secs]
539.012: [GC (Allocation Failure) 26912K->435K(74944K), 0.0002150 secs]
539.030: [GC (Allocation Failure) 32284K->435K(81344K), 0.0002140 secs]
539.051: [GC (Allocation Failure) 38633K->435K(89024K), 0.0002150 secs]
539.142: [GC (Allocation Failure) 46349K->435K(87360K), 0.0002110 secs]
539.170: [GC (Allocation Failure) 44688K->435K(85760K), 0.0002130 secs]
539.193: [GC (Allocation Failure) 43028K->435K(84224K), 0.0002120 secs]
539.216: [GC (Allocation Failure) 41563K->435K(82752K), 0.0002120 secs]
539.234: [GC (Allocation Failure) 40098K->435K(81344K), 0.0002160 secs]
539.289: [GC (Allocation Failure) 38633K->435K(80000K), 0.0002160 secs]
539.343: [GC (Allocation Failure) 37363K->435K(78720K), 0.0002030 secs]
539.438: [GC (Allocation Failure) 35996K->435K(77504K), 0.0002220 secs]
539.457: [GC (Allocation Failure) 34823K->435K(76352K), 0.0002110 secs]
539.488: [GC (Allocation Failure) 33651K->435K(75264K), 0.0002150 secs]
539.541: [GC (Allocation Failure) 32577K->435K(74240K), 0.0002220 secs]
539.559: [GC (Allocation Failure) 31600K->435K(73216K), 0.0002120 secs]
539.572: [GC (Allocation Failure) 30526K->435K(72256K), 0.0002160 secs]
539.663: [GC (Allocation Failure) 29549K->435K(71360K), 0.0002900 secs]
539.687: [GC (Allocation Failure) 28670K->435K(70464K), 0.0002110 secs]
539.700: [GC (Allocation Failure) 27791K->435K(69632K), 0.0002110 secs]
539.712: [GC (Allocation Failure) 26912K->435K(74944K), 0.0002000 secs]
539.741: [GC (Allocation Failure) 32284K->435K(73920K), 0.0002210 secs]
539.759: [GC (Allocation Failure) 31210K->435K(72960K), 0.0002110 secs]
539.773: [GC (Allocation Failure) 30233K->435K(78976K), 0.0002010 secs]
539.793: [GC (Allocation Failure) 36289K->435K(77760K), 0.0002000 secs]
539.838: [GC (Allocation Failure) 35116K->435K(76608K), 0.0002220 secs]
539.853: [GC (Allocation Failure) 33944K->435K(75520K), 0.0002150 secs]
539.871: [GC (Allocation Failure) 32870K->435K(74496K), 0.0002110 secs]
539.889: [GC (Allocation Failure) 31796K->435K(80832K), 0.0002370 secs]
540.011: [GC (Allocation Failure) 38144K->435K(79552K), 0.0002260 secs]
540.030: [GC (Allocation Failure) 36875K->435K(78336K), 0.0002130 secs]
540.046: [GC (Allocation Failure) 35605K->435K(77184K), 0.0002410 secs]
540.061: [GC (Allocation Failure) 34530K->435K(76032K), 0.0002040 secs]
540.105: [GC (Allocation Failure) 33358K->435K(74944K), 0.0002120 secs]
540.119: [GC (Allocation Failure) 32284K->435K(73920K), 0.0002040 secs]
540.133: [GC (Allocation Failure) 31210K->435K(80128K), 0.0002030 secs]
540.167: [GC (Allocation Failure) 37461K->435K(78848K), 0.0002110 secs]
540.186: [GC (Allocation Failure) 36191K->435K(77632K), 0.0002020 secs]
540.205: [GC (Allocation Failure) 34921K->435K(76480K), 0.0002110 secs]
540.224: [GC (Allocation Failure) 33749K->435K(75392K), 0.0001980 secs]
540.342: [GC (Allocation Failure) 32675K->435K(74368K), 0.0002040 secs]
540.356: [GC (Allocation Failure) 31698K->435K(73344K), 0.0002120 secs]
540.390: [GC (Allocation Failure) 30624K->435K(72384K), 0.0003140 secs]
540.404: [GC (Allocation Failure) 29745K->435K(78272K), 0.0003440 secs]
540.438: [GC (Allocation Failure) 35605K->435K(85312K), 0.0002460 secs]
540.458: [GC (Allocation Failure) 42637K->435K(93760K), 0.0002160 secs]
540.484: [GC (Allocation Failure) 51041K->435K(91840K), 0.0002150 secs]
540.510: [GC (Allocation Failure) 49181K->435K(90048K), 0.0002160 secs]
540.530: [GC (Allocation Failure) 47325K->435K(88320K), 0.0002100 secs]
540.550: [GC (Allocation Failure) 45665K->435K(86656K), 0.0002040 secs]
540.585: [GC (Allocation Failure) 44005K->435K(85120K), 0.0002120 secs]
540.607: [GC (Allocation Failure) 42442K->435K(83648K), 0.0002040 secs]
540.629: [GC (Allocation Failure) 40977K->435K(82240K), 0.0002160 secs]
540.646: [GC (Allocation Failure) 39512K->435K(80896K), 0.0002220 secs]
540.663: [GC (Allocation Failure) 38242K->435K(79616K), 0.0002010 secs]
540.682: [GC (Allocation Failure) 36972K->435K(78400K), 0.0002110 secs]
540.740: [GC (Allocation Failure) 35702K->435K(77248K), 0.0002150 secs]
540.755: [GC (Allocation Failure) 34530K->435K(76096K), 0.0001970 secs]
540.773: [GC (Allocation Failure) 33456K->435K(75008K), 0.0002700 secs]
540.787: [GC (Allocation Failure) 32284K->435K(81408K), 0.0002280 secs]
540.808: [GC (Allocation Failure) 38730K->435K(89088K), 0.0002200 secs]
540.839: [GC (Allocation Failure) 46446K->435K(87424K), 0.0002110 secs]
540.862: [GC (Allocation Failure) 44786K->435K(85824K), 0.0002010 secs]
540.885: [GC (Allocation Failure) 43126K->435K(84288K), 0.0002150 secs]
540.907: [GC (Allocation Failure) 41563K->435K(82816K), 0.0002700 secs]
540.925: [GC (Allocation Failure) 40098K->435K(81408K), 0.0002040 secs]
540.992: [GC (Allocation Failure) 38730K->435K(80064K), 0.0002110 secs]
541.012: [GC (Allocation Failure) 37363K->435K(78784K), 0.0002700 secs]
541.031: [GC (Allocation Failure) 36093K->435K(77568K), 0.0002110 secs]
541.051: [GC (Allocation Failure) 34921K->435K(76416K), 0.0002210 secs]
541.165: [GC (Allocation Failure) 33749K->435K(75328K), 0.0002050 secs]
541.204: [GC (Allocation Failure) 32675K->435K(74304K), 0.0002770 secs]
541.289: [GC (Allocation Failure) 31600K->435K(73280K), 0.0002140 secs]
541.302: [GC (Allocation Failure) 30624K->435K(72320K), 0.0002050 secs]
541.315: [GC (Allocation Failure) 29647K->435K(71424K), 0.0002150 secs]
541.331: [GC (Allocation Failure) 28768K->435K(77120K), 0.0002740 secs]
541.346: [GC (Allocation Failure) 34433K->435K(83968K), 0.0002130 secs]
541.367: [GC (Allocation Failure) 41270K->435K(92160K), 0.0002150 secs]
541.402: [GC (Allocation Failure) 49474K->435K(90368K), 0.0002190 secs]
541.423: [GC (Allocation Failure) 47716K->435K(88640K), 0.0002170 secs]
541.500: [GC (Allocation Failure) 45958K->435K(86976K), 0.0002210 secs]
541.522: [GC (Allocation Failure) 44298K->435K(85376K), 0.0002100 secs]
541.548: [GC (Allocation Failure) 42735K->435K(83904K), 0.0002010 secs]
541.569: [GC (Allocation Failure) 41172K->435K(82496K), 0.0002010 secs]
541.591: [GC (Allocation Failure) 39805K->435K(81152K), 0.0001910 secs]
541.611: [GC (Allocation Failure) 38437K->435K(79872K), 0.0002040 secs]
541.627: [GC (Allocation Failure) 37168K->435K(78656K), 0.0002300 secs]
541.647: [GC (Allocation Failure) 35996K->435K(77440K), 0.0002110 secs]
541.781: [GC (Allocation Failure) 34726K->435K(76288K), 0.0002200 secs]
541.841: [GC (Allocation Failure) 33554K->435K(75200K), 0.0002060 secs]
541.890: [GC (Allocation Failure) 32479K->435K(74176K), 0.0002140 secs]
541.972: [GC (Allocation Failure) 31503K->435K(73152K), 0.0002070 secs]
541.994: [GC (Allocation Failure) 30428K->435K(72192K), 0.0002220 secs]
542.007: [GC (Allocation Failure) 29549K->435K(71296K), 0.0002040 secs]
542.023: [GC (Allocation Failure) 28572K->435K(70400K), 0.0002110 secs]
542.089: [GC (Allocation Failure) 27693K->435K(69568K), 0.0002140 secs]
542.100: [GC (Allocation Failure) 26912K->435K(68800K), 0.0002020 secs]
542.142: [GC (Allocation Failure) 26131K->435K(68032K), 0.0002230 secs]
542.157: [GC (Allocation Failure) 25349K->435K(67328K), 0.0002140 secs]
542.168: [GC (Allocation Failure) 24662K->435K(72192K), 0.0002700 secs]
542.185: [GC (Allocation Failure) 29549K->435K(78016K), 0.0002210 secs]
542.346: [GC (Allocation Failure) 35312K->435K(76864K), 0.0002170 secs]
542.363: [GC (Allocation Failure) 34140K->435K(75776K), 0.0002150 secs]
542.377: [GC (Allocation Failure) 33065K->435K(82368K), 0.0002130 secs]
542.399: [GC (Allocation Failure) 39707K->435K(81024K), 0.0002180 secs]
542.416: [GC (Allocation Failure) 38340K->435K(79744K), 0.0002070 secs]
542.443: [GC (Allocation Failure) 37070K->435K(78528K), 0.0002160 secs]
542.463: [GC (Allocation Failure) 35800K->435K(77312K), 0.0002020 secs]
542.496: [GC (Allocation Failure) 34628K->435K(76160K), 0.0002070 secs]
542.510: [GC (Allocation Failure) 33456K->435K(75072K), 0.0002130 secs]
542.524: [GC (Allocation Failure) 32382K->435K(81472K), 0.0002040 secs]
542.548: [GC (Allocation Failure) 38828K->435K(80128K), 0.0002210 secs]
542.568: [GC (Allocation Failure) 37461K->435K(78848K), 0.0002120 secs]
542.597: [GC (Allocation Failure) 36191K->435K(77632K), 0.0002140 secs]
542.617: [GC (Allocation Failure) 34921K->435K(76480K), 0.0002290 secs]
542.636: [GC (Allocation Failure) 33749K->435K(75392K), 0.0002110 secs]
542.650: [GC (Allocation Failure) 32675K->435K(81856K), 0.0002450 secs]
542.667: [GC (Allocation Failure) 39219K->435K(89664K), 0.0002020 secs]
542.802: [GC (Allocation Failure) 46935K->435K(87936K), 0.0002240 secs]
542.826: [GC (Allocation Failure) 45274K->435K(86336K), 0.0002060 secs]
542.845: [GC (Allocation Failure) 43614K->435K(84800K), 0.0002150 secs]
542.946: [GC (Allocation Failure) 42149K->435K(83328K), 0.0002060 secs]
542.995: [GC (Allocation Failure) 40684K->435K(81920K), 0.0002040 secs]
543.045: [GC (Allocation Failure) 39219K->435K(80576K), 0.0002060 secs]
543.094: [GC (Allocation Failure) 37851K->435K(79296K), 0.0002350 secs]
543.174: [GC (Allocation Failure) 36582K->435K(78080K), 0.0002410 secs]
543.190: [GC (Allocation Failure) 35409K->435K(76928K), 0.0002220 secs]
543.247: [GC (Allocation Failure) 34237K->435K(75840K), 0.0002180 secs]
543.265: [GC (Allocation Failure) 33163K->435K(74752K), 0.0002130 secs]
543.280: [GC (Allocation Failure) 32089K->435K(73728K), 0.0002020 secs]
543.340: [GC (Allocation Failure) 31014K->435K(72768K), 0.0002140 secs]
543.353: [GC (Allocation Failure) 30038K->435K(71808K), 0.0002020 secs]
543.491: [GC (Allocation Failure) 29158K->435K(70912K), 0.0002250 secs]
543.507: [GC (Allocation Failure) 28182K->435K(70080K), 0.0002030 secs]
543.591: [GC (Allocation Failure) 27400K->435K(69248K), 0.0002580 secs]
543.643: [GC (Allocation Failure) 26521K->435K(68480K), 0.0002870 secs]
543.655: [GC (Allocation Failure) 25838K->435K(67712K), 0.0002200 secs]
543.773: [GC (Allocation Failure) 25052K->435K(67008K), 0.0002400 secs]
543.788: [GC (Allocation Failure) 24369K->435K(66304K), 0.0002660 secs]
543.803: [GC (Allocation Failure) 23587K->435K(65664K), 0.0002110 secs]
543.893: [GC (Allocation Failure) 23001K->435K(65024K), 0.0002010 secs]
543.903: [GC (Allocation Failure) 22317K->435K(69440K), 0.0003250 secs]
543.941: [GC (Allocation Failure) 26717K->435K(74752K), 0.0002120 secs]
543.954: [GC (Allocation Failure) 32089K->435K(81088K), 0.0002020 secs]
544.015: [GC (Allocation Failure) 38437K->435K(79808K), 0.0002330 secs]
544.032: [GC (Allocation Failure) 37168K->435K(78592K), 0.0002180 secs]
544.099: [GC (Allocation Failure) 35898K->435K(77376K), 0.0002220 secs]
544.118: [GC (Allocation Failure) 34726K->435K(76224K), 0.0002340 secs]
544.137: [GC (Allocation Failure) 33554K->435K(75136K), 0.0002020 secs]
544.151: [GC (Allocation Failure) 32479K->435K(74112K), 0.0002030 secs]
544.197: [GC (Allocation Failure) 31405K->435K(73152K), 0.0002120 secs]
544.214: [GC (Allocation Failure) 30428K->435K(72192K), 0.0002300 secs]
544.242: [GC (Allocation Failure) 29549K->435K(71296K), 0.0002330 secs]
544.259: [GC (Allocation Failure) 28572K->435K(70400K), 0.0002100 secs]
544.274: [GC (Allocation Failure) 27693K->435K(69568K), 0.0002020 secs]
544.290: [GC (Allocation Failure) 26912K->435K(74880K), 0.0002150 secs]
544.308: [GC (Allocation Failure) 32186K->435K(81280K), 0.0002290 secs]
544.351: [GC (Allocation Failure) 38633K->435K(80000K), 0.0002860 secs]
544.368: [GC (Allocation Failure) 37363K->435K(78720K), 0.0002040 secs]
544.389: [GC (Allocation Failure) 35996K->435K(77504K), 0.0002200 secs]
544.420: [GC (Allocation Failure) 34823K->435K(76352K), 0.0002120 secs]
544.494: [GC (Allocation Failure) 33651K->435K(75264K), 0.0002040 secs]
544.548: [GC (Allocation Failure) 32577K->435K(74240K), 0.0002200 secs]
544.565: [GC (Allocation Failure) 31600K->435K(73216K), 0.0002020 secs]
544.579: [GC (Allocation Failure) 30526K->435K(72256K), 0.0002240 secs]
544.595: [GC (Allocation Failure) 29549K->435K(71360K), 0.0002120 secs]
544.612: [GC (Allocation Failure) 28670K->435K(70464K), 0.0002120 secs]
544.624: [GC (Allocation Failure) 27791K->435K(75968K), 0.0002130 secs]
544.645: [GC (Allocation Failure) 33261K->435K(82560K), 0.0002240 secs]
544.666: [GC (Allocation Failure) 39902K->435K(90496K), 0.0003780 secs]
544.699: [GC (Allocation Failure) 47814K->435K(100032K), 0.0002140 secs]
544.724: [GC (Allocation Failure) 57390K->435K(97856K), 0.0002030 secs]
544.787: [GC (Allocation Failure) 55143K->435K(95744K), 0.0002220 secs]
544.810: [GC (Allocation Failure) 53092K->435K(93760K), 0.0003030 secs]
544.952: [GC (Allocation Failure) 51041K->435K(91840K), 0.0002070 secs]
545.051: [GC (Allocation Failure) 49181K->435K(90048K), 0.0002030 secs]
545.101: [GC (Allocation Failure) 47325K->435K(88320K), 0.0002150 secs]
545.121: [GC (Allocation Failure) 45665K->435K(86656K), 0.0002040 secs]
545.173: [GC (Allocation Failure) 44005K->435K(85120K), 0.0002150 secs]
545.192: [GC (Allocation Failure) 42442K->435K(83648K), 0.0002130 secs]
545.210: [GC (Allocation Failure) 40977K->435K(82240K), 0.0002030 secs]
545.231: [GC (Allocation Failure) 39512K->435K(80896K), 0.0002750 secs]
545.251: [GC (Allocation Failure) 38242K->435K(79616K), 0.0002030 secs]
545.268: [GC (Allocation Failure) 36972K->435K(78400K), 0.0002110 secs]
545.283: [GC (Allocation Failure) 35702K->435K(77248K), 0.0002120 secs]
545.342: [GC (Allocation Failure) 34530K->435K(76096K), 0.0002280 secs]
545.360: [GC (Allocation Failure) 33456K->435K(75008K), 0.0002150 secs]
545.395: [GC (Allocation Failure) 32284K->435K(73984K), 0.0002040 secs]
545.544: [GC (Allocation Failure) 31307K->435K(73024K), 0.0002150 secs]
545.558: [GC (Allocation Failure) 30331K->435K(72064K), 0.0002020 secs]
545.648: [GC (Allocation Failure) 29354K->435K(71168K), 0.0002010 secs]
545.664: [GC (Allocation Failure) 28475K->435K(70336K), 0.0002130 secs]
545.697: [GC (Allocation Failure) 27693K->435K(69504K), 0.0002050 secs]
545.709: [GC (Allocation Failure) 26814K->435K(68736K), 0.0002260 secs]
545.724: [GC (Allocation Failure) 26033K->435K(67968K), 0.0002140 secs]
545.747: [GC (Allocation Failure) 25250K->435K(67264K), 0.0002000 secs]
545.759: [GC (Allocation Failure) 24564K->435K(72128K), 0.0002180 secs]
545.775: [GC (Allocation Failure) 29451K->435K(77952K), 0.0002100 secs]
545.795: [GC (Allocation Failure) 35312K->435K(84928K), 0.0002210 secs]
545.844: [GC (Allocation Failure) 42247K->435K(83456K), 0.0002160 secs]
545.899: [GC (Allocation Failure) 40781K->435K(82048K), 0.0002130 secs]
545.920: [GC (Allocation Failure) 39316K->435K(80704K), 0.0002690 secs]
545.941: [GC (Allocation Failure) 38047K->435K(79424K), 0.0002110 secs]
545.957: [GC (Allocation Failure) 36777K->435K(78208K), 0.0002110 secs]
545.972: [GC (Allocation Failure) 35507K->435K(77056K), 0.0002010 secs]
545.998: [GC (Allocation Failure) 34335K->435K(75904K), 0.0002090 secs]
546.146: [GC (Allocation Failure) 33261K->435K(74816K), 0.0002240 secs]
546.164: [GC (Allocation Failure) 32089K->435K(73792K), 0.0002720 secs]
546.178: [GC (Allocation Failure) 31112K->435K(79936K), 0.0002300 secs]
546.194: [GC (Allocation Failure) 37265K->435K(87360K), 0.0002040 secs]
546.251: [GC (Allocation Failure) 44688K->435K(85760K), 0.0002110 secs]
546.274: [GC (Allocation Failure) 43028K->435K(84224K), 0.0002200 secs]
546.357: [GC (Allocation Failure) 41563K->435K(82752K), 0.0002180 secs]
546.375: [GC (Allocation Failure) 40098K->435K(81344K), 0.0002700 secs]
546.415: [GC (Allocation Failure) 38633K->435K(80000K), 0.0002120 secs]
546.449: [GC (Allocation Failure) 37363K->435K(78720K), 0.0002090 secs]
546.498: [GC (Allocation Failure) 35996K->435K(77504K), 0.0002260 secs]
546.513: [GC (Allocation Failure) 34823K->435K(76352K), 0.0002170 secs]
546.547: [GC (Allocation Failure) 33651K->435K(75264K), 0.0002130 secs]
546.581: [GC (Allocation Failure) 32577K->435K(74240K), 0.0002270 secs]
546.599: [GC (Allocation Failure) 31600K->435K(73216K), 0.0002010 secs]
546.663: [GC (Allocation Failure) 30526K->435K(72256K), 0.0002130 secs]
546.680: [GC (Allocation Failure) 29549K->435K(71360K), 0.0002110 secs]
546.697: [GC (Allocation Failure) 28670K->435K(70464K), 0.0002110 secs]
546.749: [GC (Allocation Failure) 27791K->435K(69632K), 0.0002010 secs]
546.765: [GC (Allocation Failure) 26912K->435K(68864K), 0.0002260 secs]
546.781: [GC (Allocation Failure) 26131K->435K(68096K), 0.0002020 secs]
546.792: [GC (Allocation Failure) 25447K->435K(73152K), 0.0002160 secs]
546.846: [GC (Allocation Failure) 30428K->435K(72192K), 0.0002030 secs]
546.971: [GC (Allocation Failure) 29549K->435K(71296K), 0.0002090 secs]
546.987: [GC (Allocation Failure) 28572K->435K(70400K), 0.0002080 secs]
547.045: [GC (Allocation Failure) 27693K->435K(69568K), 0.0002030 secs]
547.095: [GC (Allocation Failure) 26912K->435K(68800K), 0.0002040 secs]
547.149: [GC (Allocation Failure) 26131K->435K(68032K), 0.0002100 secs]
547.164: [GC (Allocation Failure) 25349K->435K(67328K), 0.0002280 secs]
547.175: [GC (Allocation Failure) 24662K->435K(66624K), 0.0002010 secs]
547.185: [GC (Allocation Failure) 23978K->435K(71360K), 0.0002120 secs]
547.198: [GC (Allocation Failure) 28670K->435K(77056K), 0.0002010 secs]
547.298: [GC (Allocation Failure) 34335K->435K(75904K), 0.0002040 secs]
547.348: [GC (Allocation Failure) 33261K->435K(74816K), 0.0002290 secs]
547.362: [GC (Allocation Failure) 32089K->435K(73792K), 0.0002140 secs]
547.380: [GC (Allocation Failure) 31112K->435K(79936K), 0.0002730 secs]
547.400: [GC (Allocation Failure) 37265K->435K(87360K), 0.0002140 secs]
547.423: [GC (Allocation Failure) 44688K->435K(85760K), 0.0002100 secs]
547.442: [GC (Allocation Failure) 43028K->435K(84224K), 0.0002020 secs]
547.576: [GC (Allocation Failure) 41563K->435K(82752K), 0.0002030 secs]
547.624: [GC (Allocation Failure) 40098K->435K(81344K), 0.0002230 secs]
547.705: [GC (Allocation Failure) 38633K->435K(80000K), 0.0002120 secs]
547.721: [GC (Allocation Failure) 37363K->435K(78720K), 0.0002180 secs]
547.754: [GC (Allocation Failure) 35996K->435K(77504K), 0.0002120 secs]
547.769: [GC (Allocation Failure) 34823K->435K(76352K), 0.0002030 secs]
547.853: [GC (Allocation Failure) 33651K->435K(75264K), 0.0002120 secs]
547.871: [GC (Allocation Failure) 32577K->435K(74240K), 0.0002150 secs]
547.889: [GC (Allocation Failure) 31600K->435K(73216K), 0.0002100 secs]
547.902: [GC (Allocation Failure) 30526K->435K(72256K), 0.0002260 secs]
547.951: [GC (Allocation Failure) 29549K->435K(71360K), 0.0002230 secs]
547.968: [GC (Allocation Failure) 28670K->435K(70464K), 0.0002160 secs]
547.997: [GC (Allocation Failure) 27791K->435K(69632K), 0.0002050 secs]
548.146: [GC (Allocation Failure) 26912K->435K(68864K), 0.0002970 secs]
548.158: [GC (Allocation Failure) 26131K->435K(68096K), 0.0002080 secs]
548.200: [GC (Allocation Failure) 25447K->435K(67392K), 0.0002230 secs]
548.211: [GC (Allocation Failure) 24662K->435K(72256K), 0.0002170 secs]
548.228: [GC (Allocation Failure) 29549K->435K(78144K), 0.0002200 secs]
548.254: [GC (Allocation Failure) 35409K->435K(76992K), 0.0002210 secs]
548.273: [GC (Allocation Failure) 34335K->435K(75904K), 0.0002120 secs]
548.303: [GC (Allocation Failure) 33261K->435K(74816K), 0.0002150 secs]
548.317: [GC (Allocation Failure) 32089K->435K(73792K), 0.0002020 secs]
548.368: [GC (Allocation Failure) 31112K->435K(72832K), 0.0002240 secs]
548.381: [GC (Allocation Failure) 30135K->435K(71872K), 0.0002160 secs]
548.398: [GC (Allocation Failure) 29158K->435K(77632K), 0.0003300 secs]
548.417: [GC (Allocation Failure) 34921K->435K(84544K), 0.0002210 secs]
548.440: [GC (Allocation Failure) 41856K->435K(92864K), 0.0002140 secs]
548.465: [GC (Allocation Failure) 50162K->435K(91008K), 0.0002130 secs]
548.519: [GC (Allocation Failure) 48302K->435K(89216K), 0.0002130 secs]
548.543: [GC (Allocation Failure) 46544K->435K(87552K), 0.0002000 secs]
548.605: [GC (Allocation Failure) 44884K->435K(85952K), 0.0002750 secs]
548.669: [GC (Allocation Failure) 43223K->435K(84416K), 0.0002270 secs]
548.687: [GC (Allocation Failure) 41758K->435K(82944K), 0.0002010 secs]
548.753: [GC (Allocation Failure) 40293K->435K(81536K), 0.0002120 secs]
548.770: [GC (Allocation Failure) 38828K->435K(80192K), 0.0002040 secs]
548.786: [GC (Allocation Failure) 37461K->435K(78912K), 0.0002720 secs]
548.822: [GC (Allocation Failure) 36191K->435K(77696K), 0.0002810 secs]
548.838: [GC (Allocation Failure) 35019K->435K(84672K), 0.0002750 secs]
548.904: [GC (Allocation Failure) 41953K->435K(83200K), 0.0002140 secs]
548.925: [GC (Allocation Failure) 40488K->435K(81792K), 0.0002010 secs]
549.052: [GC (Allocation Failure) 39121K->435K(80448K), 0.0002050 secs]
549.103: [GC (Allocation Failure) 37754K->435K(79168K), 0.0002150 secs]
549.118: [GC (Allocation Failure) 36484K->435K(77952K), 0.0002250 secs]
549.151: [GC (Allocation Failure) 35312K->435K(76800K), 0.0002130 secs]
549.166: [GC (Allocation Failure) 34140K->435K(75712K), 0.0002330 secs]
549.300: [GC (Allocation Failure) 33065K->435K(74624K), 0.0002140 secs]
549.318: [GC (Allocation Failure) 31893K->435K(73600K), 0.0002000 secs]
549.404: [GC (Allocation Failure) 30917K->435K(72640K), 0.0002760 secs]
549.417: [GC (Allocation Failure) 29940K->435K(71744K), 0.0002270 secs]
549.429: [GC (Allocation Failure) 29061K->435K(70848K), 0.0002030 secs]
549.453: [GC (Allocation Failure) 28182K->435K(70016K), 0.0002220 secs]
549.469: [GC (Allocation Failure) 27303K->435K(75456K), 0.0002280 secs]
549.487: [GC (Allocation Failure) 32772K->435K(74432K), 0.0001990 secs]
549.605: [GC (Allocation Failure) 31698K->435K(73408K), 0.0002000 secs]
549.618: [GC (Allocation Failure) 30721K->435K(72448K), 0.0002420 secs]
549.635: [GC (Allocation Failure) 29745K->435K(71552K), 0.0002150 secs]
549.651: [GC (Allocation Failure) 28865K->435K(77248K), 0.0002130 secs]
549.706: [GC (Allocation Failure) 34530K->435K(76096K), 0.0003300 secs]
549.720: [GC (Allocation Failure) 33456K->435K(75008K), 0.0002060 secs]
549.744: [GC (Allocation Failure) 32284K->435K(73984K), 0.0002190 secs]
549.776: [GC (Allocation Failure) 31307K->435K(73024K), 0.0002230 secs]
549.789: [GC (Allocation Failure) 30331K->435K(72064K), 0.0002190 secs]
549.806: [GC (Allocation Failure) 29354K->435K(77888K), 0.0002160 secs]
549.906: [GC (Allocation Failure) 35214K->435K(76736K), 0.0002110 secs]
549.921: [GC (Allocation Failure) 34042K->435K(83520K), 0.0003200 secs]
549.955: [GC (Allocation Failure) 40879K->435K(82112K), 0.0002170 secs]
550.016: [GC (Allocation Failure) 39414K->435K(80768K), 0.0002180 secs]
550.037: [GC (Allocation Failure) 38047K->435K(79488K), 0.0002150 secs]
550.053: [GC (Allocation Failure) 36777K->435K(78272K), 0.0002190 secs]
550.131: [GC (Allocation Failure) 35605K->435K(77120K), 0.0002190 secs]
550.153: [GC (Allocation Failure) 34433K->435K(75968K), 0.0002260 secs]
550.172: [GC (Allocation Failure) 33261K->435K(74880K), 0.0002020 secs]
550.206: [GC (Allocation Failure) 32186K->435K(73856K), 0.0002040 secs]
550.223: [GC (Allocation Failure) 31210K->435K(72896K), 0.0002280 secs]
550.238: [GC (Allocation Failure) 30233K->435K(71936K), 0.0002110 secs]
550.254: [GC (Allocation Failure) 29256K->435K(71040K), 0.0002220 secs]
550.304: [GC (Allocation Failure) 28377K->435K(70208K), 0.0002110 secs]
550.320: [GC (Allocation Failure) 27498K->435K(69376K), 0.0002200 secs]
550.336: [GC (Allocation Failure) 26717K->435K(68608K), 0.0002000 secs]
550.353: [GC (Allocation Failure) 25935K->435K(73728K), 0.0002330 secs]
550.371: [GC (Allocation Failure) 31014K->435K(79872K), 0.0002310 secs]
550.388: [GC (Allocation Failure) 37168K->435K(87232K), 0.0002030 secs]
550.423: [GC (Allocation Failure) 44591K->435K(85632K), 0.0002240 secs]
550.442: [GC (Allocation Failure) 42930K->435K(84096K), 0.0002040 secs]
550.460: [GC (Allocation Failure) 41367K->435K(82624K), 0.0002030 secs]
550.481: [GC (Allocation Failure) 39902K->435K(81280K), 0.0002140 secs]
550.501: [GC (Allocation Failure) 38633K->435K(80000K), 0.0002110 secs]
550.518: [GC (Allocation Failure) 37363K->435K(78720K), 0.0002030 secs]
550.537: [GC (Allocation Failure) 35996K->435K(77504K), 0.0002110 secs]
550.552: [GC (Allocation Failure) 34823K->435K(76352K), 0.0002020 secs]
550.570: [GC (Allocation Failure) 33651K->435K(75264K), 0.0002010 secs]
550.596: [GC (Allocation Failure) 32577K->435K(74240K), 0.0002180 secs]
550.614: [GC (Allocation Failure) 31600K->435K(73216K), 0.0002170 secs]
550.627: [GC (Allocation Failure) 30526K->435K(79296K), 0.0002290 secs]
550.647: [GC (Allocation Failure) 36582K->435K(86592K), 0.0002000 secs]
550.670: [GC (Allocation Failure) 43907K->435K(85056K), 0.0002140 secs]
550.692: [GC (Allocation Failure) 42344K->435K(83584K), 0.0002080 secs]
550.756: [GC (Allocation Failure) 40879K->435K(82176K), 0.0002040 secs]
550.777: [GC (Allocation Failure) 39512K->435K(80832K), 0.0002700 secs]
550.793: [GC (Allocation Failure) 38144K->435K(79552K), 0.0002100 secs]
550.810: [GC (Allocation Failure) 36875K->435K(78336K), 0.0002090 secs]
550.854: [GC (Allocation Failure) 35605K->435K(77184K), 0.0002170 secs]
550.907: [GC (Allocation Failure) 34530K->435K(76032K), 0.0002210 secs]
550.926: [GC (Allocation Failure) 33358K->435K(74944K), 0.0002110 secs]
550.940: [GC (Allocation Failure) 32284K->435K(73920K), 0.0002170 secs]
550.954: [GC (Allocation Failure) 31210K->435K(80128K), 0.0002030 secs]
550.970: [GC (Allocation Failure) 37461K->435K(87552K), 0.0002130 secs]
550.989: [GC (Allocation Failure) 44884K->435K(96448K), 0.0002710 secs]
551.066: [GC (Allocation Failure) 53776K->435K(94400K), 0.0002220 secs]
551.092: [GC (Allocation Failure) 51725K->435K(92480K), 0.0002190 secs]
551.160: [GC (Allocation Failure) 49767K->435K(90624K), 0.0002140 secs]
551.185: [GC (Allocation Failure) 47911K->435K(88896K), 0.0002110 secs]
551.207: [GC (Allocation Failure) 46251K->435K(87232K), 0.0002020 secs]
551.362: [GC (Allocation Failure) 44591K->435K(85632K), 0.0002550 secs]
551.385: [GC (Allocation Failure) 42930K->435K(84096K), 0.0002120 secs]
551.457: [GC (Allocation Failure) 41367K->435K(82624K), 0.0002780 secs]
551.511: [GC (Allocation Failure) 39902K->435K(81280K), 0.0002220 secs]
551.531: [GC (Allocation Failure) 38633K->435K(80000K), 0.0002250 secs]
551.560: [GC (Allocation Failure) 37363K->435K(78720K), 0.0002760 secs]
551.576: [GC (Allocation Failure) 35996K->435K(77504K), 0.0002140 secs]
551.595: [GC (Allocation Failure) 34823K->435K(76352K), 0.0002110 secs]
551.658: [GC (Allocation Failure) 33651K->435K(75264K), 0.0002050 secs]
551.677: [GC (Allocation Failure) 32577K->435K(74240K), 0.0002140 secs]
551.753: [GC (Allocation Failure) 31600K->435K(73216K), 0.0002750 secs]
551.803: [GC (Allocation Failure) 30526K->435K(72256K), 0.0002280 secs]
551.816: [GC (Allocation Failure) 29549K->435K(71360K), 0.0002140 secs]
551.828: [GC (Allocation Failure) 28670K->435K(70464K), 0.0002130 secs]
551.952: [GC (Allocation Failure) 27791K->435K(69632K), 0.0002110 secs]
551.964: [GC (Allocation Failure) 26912K->435K(68864K), 0.0002010 secs]
551.975: [GC (Allocation Failure) 26131K->435K(74048K), 0.0002110 secs]
551.988: [GC (Allocation Failure) 31405K->435K(80256K), 0.0002020 secs]
552.009: [GC (Allocation Failure) 37558K->435K(87744K), 0.0002020 secs]
552.033: [GC (Allocation Failure) 45079K->435K(86144K), 0.0002010 secs]
552.052: [GC (Allocation Failure) 43419K->435K(84608K), 0.0002130 secs]
552.070: [GC (Allocation Failure) 41953K->435K(83136K), 0.0002020 secs]
552.108: [GC (Allocation Failure) 40488K->435K(81728K), 0.0002020 secs]
552.179: [GC (Allocation Failure) 39023K->435K(80384K), 0.0002260 secs]
552.200: [GC (Allocation Failure) 37656K->435K(79104K), 0.0002030 secs]
552.216: [GC (Allocation Failure) 36386K->435K(77888K), 0.0002140 secs]
552.235: [GC (Allocation Failure) 35214K->435K(76736K), 0.0002130 secs]
552.309: [GC (Allocation Failure) 34042K->435K(75648K), 0.0002770 secs]
552.327: [GC (Allocation Failure) 32968K->435K(74560K), 0.0002100 secs]
552.356: [GC (Allocation Failure) 31893K->435K(73536K), 0.0002860 secs]
552.373: [GC (Allocation Failure) 30819K->435K(72576K), 0.0002550 secs]
552.405: [GC (Allocation Failure) 29842K->435K(71680K), 0.0002900 secs]
552.431: [GC (Allocation Failure) 28963K->435K(70784K), 0.0002170 secs]
552.444: [GC (Allocation Failure) 28084K->435K(69952K), 0.0002000 secs]
552.467: [GC (Allocation Failure) 27303K->435K(69120K), 0.0002190 secs]
552.502: [GC (Allocation Failure) 26424K->435K(68352K), 0.0003170 secs]
552.556: [GC (Allocation Failure) 25642K->435K(67584K), 0.0002070 secs]
552.567: [GC (Allocation Failure) 24857K->435K(66880K), 0.0002160 secs]
552.577: [GC (Allocation Failure) 24173K->435K(71680K), 0.0002140 secs]
552.607: [GC (Allocation Failure) 28963K->435K(77440K), 0.0002110 secs]
552.626: [GC (Allocation Failure) 34726K->435K(76288K), 0.0002010 secs]
552.659: [GC (Allocation Failure) 33554K->435K(75200K), 0.0002040 secs]
552.673: [GC (Allocation Failure) 32479K->435K(81664K), 0.0002730 secs]
552.708: [GC (Allocation Failure) 39023K->435K(80320K), 0.0002160 secs]
552.779: [GC (Allocation Failure) 37656K->435K(79040K), 0.0002210 secs]
552.794: [GC (Allocation Failure) 36386K->435K(77824K), 0.0002220 secs]
552.856: [GC (Allocation Failure) 35116K->435K(76672K), 0.0002020 secs]
552.910: [GC (Allocation Failure) 33944K->435K(75584K), 0.0002200 secs]
552.924: [GC (Allocation Failure) 32870K->435K(74560K), 0.0002020 secs]
552.942: [GC (Allocation Failure) 31893K->435K(73536K), 0.0002100 secs]
553.109: [GC (Allocation Failure) 30819K->435K(72576K), 0.0002210 secs]
553.126: [GC (Allocation Failure) 29842K->435K(71680K), 0.0002370 secs]
553.154: [GC (Allocation Failure) 28963K->435K(70784K), 0.0002110 secs]
553.174: [GC (Allocation Failure) 28084K->435K(69952K), 0.0002180 secs]
553.190: [GC (Allocation Failure) 27303K->435K(69120K), 0.0002640 secs]
553.203: [GC (Allocation Failure) 26424K->435K(74368K), 0.0003030 secs]
553.221: [GC (Allocation Failure) 31698K->435K(80640K), 0.0002230 secs]
553.239: [GC (Allocation Failure) 37949K->435K(88192K), 0.0002150 secs]
553.258: [GC (Allocation Failure) 45470K->435K(97216K), 0.0002030 secs]
553.374: [GC (Allocation Failure) 54557K->435K(95168K), 0.0002820 secs]
553.401: [GC (Allocation Failure) 52506K->435K(93184K), 0.0002120 secs]
553.423: [GC (Allocation Failure) 50455K->435K(91328K), 0.0002130 secs]
553.467: [GC (Allocation Failure) 48595K->435K(89536K), 0.0002110 secs]
553.492: [GC (Allocation Failure) 46837K->435K(87872K), 0.0002100 secs]
553.565: [GC (Allocation Failure) 45177K->435K(86272K), 0.0002230 secs]
553.584: [GC (Allocation Failure) 43614K->435K(84736K), 0.0002050 secs]
553.606: [GC (Allocation Failure) 42051K->435K(83264K), 0.0001960 secs]
553.660: [GC (Allocation Failure) 40586K->435K(81856K), 0.0002080 secs]
553.713: [GC (Allocation Failure) 39219K->435K(80512K), 0.0002120 secs]
553.734: [GC (Allocation Failure) 37851K->435K(79232K), 0.0002040 secs]
553.750: [GC (Allocation Failure) 36582K->435K(78016K), 0.0002290 secs]
553.765: [GC (Allocation Failure) 35312K->435K(76864K), 0.0002040 secs]
553.811: [GC (Allocation Failure) 34140K->435K(75776K), 0.0002240 secs]
553.825: [GC (Allocation Failure) 33065K->435K(74688K), 0.0002060 secs]
553.857: [GC (Allocation Failure) 31991K->435K(73664K), 0.0002680 secs]
553.959: [GC (Allocation Failure) 31014K->435K(72704K), 0.0002240 secs]
553.976: [GC (Allocation Failure) 30038K->435K(71808K), 0.0002120 secs]
553.990: [GC (Allocation Failure) 29158K->435K(77568K), 0.0002660 secs]
554.057: [GC (Allocation Failure) 34921K->435K(76416K), 0.0002040 secs]
554.111: [GC (Allocation Failure) 33749K->435K(75328K), 0.0002200 secs]
554.125: [GC (Allocation Failure) 32675K->435K(74304K), 0.0002010 secs]
554.157: [GC (Allocation Failure) 31600K->435K(73280K), 0.0002590 secs]
554.260: [GC (Allocation Failure) 30624K->435K(72320K), 0.0002220 secs]
554.276: [GC (Allocation Failure) 29647K->435K(71424K), 0.0002290 secs]
554.290: [GC (Allocation Failure) 28768K->435K(77120K), 0.0002600 secs]
554.309: [GC (Allocation Failure) 34433K->435K(75968K), 0.0002100 secs]
554.353: [GC (Allocation Failure) 33261K->435K(74880K), 0.0002110 secs]
554.376: [GC (Allocation Failure) 32186K->435K(73856K), 0.0002120 secs]
554.393: [GC (Allocation Failure) 31210K->435K(72896K), 0.0002020 secs]
554.411: [GC (Allocation Failure) 30233K->435K(71936K), 0.0002260 secs]
554.428: [GC (Allocation Failure) 29256K->435K(71040K), 0.0002010 secs]
554.440: [GC (Allocation Failure) 28377K->435K(76672K), 0.0002200 secs]
554.455: [GC (Allocation Failure) 33944K->435K(83392K), 0.0002030 secs]
554.476: [GC (Allocation Failure) 40684K->435K(91456K), 0.0002030 secs]
554.502: [GC (Allocation Failure) 48791K->435K(89664K), 0.0002120 secs]
554.522: [GC (Allocation Failure) 46935K->435K(87936K), 0.0002040 secs]
554.542: [GC (Allocation Failure) 45274K->435K(86336K), 0.0002020 secs]
554.616: [GC (Allocation Failure) 43614K->435K(84800K), 0.0002170 secs]
554.638: [GC (Allocation Failure) 42149K->435K(83328K), 0.0002120 secs]
554.672: [GC (Allocation Failure) 40684K->435K(81920K), 0.0002180 secs]
554.693: [GC (Allocation Failure) 39219K->435K(80576K), 0.0002110 secs]
554.823: [GC (Allocation Failure) 37851K->435K(79296K), 0.0003660 secs]
554.843: [GC (Allocation Failure) 36582K->435K(78080K), 0.0002160 secs]
554.861: [GC (Allocation Failure) 35409K->435K(76928K), 0.0002280 secs]
554.880: [GC (Allocation Failure) 34237K->435K(75840K), 0.0002030 secs]
554.898: [GC (Allocation Failure) 33163K->435K(74752K), 0.0002100 secs]
554.912: [GC (Allocation Failure) 32089K->435K(73728K), 0.0002170 secs]
554.958: [GC (Allocation Failure) 31014K->435K(72768K), 0.0002180 secs]
555.011: [GC (Allocation Failure) 30038K->435K(71808K), 0.0002230 secs]
555.023: [GC (Allocation Failure) 29158K->435K(70912K), 0.0002020 secs]
555.156: [GC (Allocation Failure) 28182K->435K(70080K), 0.0002700 secs]
555.170: [GC (Allocation Failure) 27400K->435K(69248K), 0.0002150 secs]
555.181: [GC (Allocation Failure) 26521K->435K(74496K), 0.0002020 secs]
555.195: [GC (Allocation Failure) 31796K->435K(80832K), 0.0002110 secs]
555.215: [GC (Allocation Failure) 38144K->435K(88384K), 0.0002120 secs]
555.268: [GC (Allocation Failure) 45665K->435K(86720K), 0.0002170 secs]
555.287: [GC (Allocation Failure) 44005K->435K(85184K), 0.0002020 secs]
555.305: [GC (Allocation Failure) 42540K->435K(83712K), 0.0002040 secs]
555.327: [GC (Allocation Failure) 41074K->435K(82304K), 0.0002030 secs]
555.348: [GC (Allocation Failure) 39609K->435K(80960K), 0.0002160 secs]
555.369: [GC (Allocation Failure) 38242K->435K(79680K), 0.0002090 secs]
555.415: [GC (Allocation Failure) 36972K->435K(78464K), 0.0002060 secs]
555.430: [GC (Allocation Failure) 35800K->435K(77312K), 0.0002130 secs]
555.513: [GC (Allocation Failure) 34628K->435K(76160K), 0.0002230 secs]
555.528: [GC (Allocation Failure) 33456K->435K(75072K), 0.0002040 secs]
555.543: [GC (Allocation Failure) 32382K->435K(74048K), 0.0002140 secs]
555.624: [GC (Allocation Failure) 31405K->435K(73088K), 0.0002260 secs]
555.641: [GC (Allocation Failure) 30428K->435K(72128K), 0.0002030 secs]
555.658: [GC (Allocation Failure) 29451K->435K(71232K), 0.0002320 secs]
555.670: [GC (Allocation Failure) 28572K->435K(76864K), 0.0002160 secs]
555.710: [GC (Allocation Failure) 34140K->435K(75776K), 0.0002140 secs]
555.728: [GC (Allocation Failure) 33065K->435K(74688K), 0.0002130 secs]
555.763: [GC (Allocation Failure) 31991K->435K(73664K), 0.0002120 secs]
555.781: [GC (Allocation Failure) 31014K->435K(72704K), 0.0002060 secs]
555.795: [GC (Allocation Failure) 30038K->435K(71808K), 0.0002010 secs]
555.808: [GC (Allocation Failure) 29158K->435K(77568K), 0.0002050 secs]
555.858: [GC (Allocation Failure) 34921K->435K(76416K), 0.0002220 secs]
555.877: [GC (Allocation Failure) 33749K->435K(75328K), 0.0002280 secs]
555.892: [GC (Allocation Failure) 32675K->435K(74304K), 0.0002050 secs]
555.913: [GC (Allocation Failure) 31600K->435K(73280K), 0.0002190 secs]
555.930: [GC (Allocation Failure) 30624K->435K(79360K), 0.0002720 secs]
555.951: [GC (Allocation Failure) 36679K->435K(86656K), 0.0002100 secs]
555.970: [GC (Allocation Failure) 44005K->435K(95424K), 0.0002140 secs]
555.993: [GC (Allocation Failure) 52701K->435K(93440K), 0.0002040 secs]
556.033: [GC (Allocation Failure) 50748K->435K(91584K), 0.0002260 secs]
556.054: [GC (Allocation Failure) 48888K->435K(89792K), 0.0002250 secs]
556.120: [GC (Allocation Failure) 47130K->435K(88064K), 0.0002130 secs]
556.140: [GC (Allocation Failure) 45372K->435K(86464K), 0.0002140 secs]
556.165: [GC (Allocation Failure) 43809K->435K(84928K), 0.0002250 secs]
556.188: [GC (Allocation Failure) 42247K->435K(83456K), 0.0002030 secs]
556.209: [GC (Allocation Failure) 40781K->435K(82048K), 0.0002130 secs]
556.226: [GC (Allocation Failure) 39316K->435K(80704K), 0.0002130 secs]
556.243: [GC (Allocation Failure) 38047K->435K(79424K), 0.0002030 secs]
556.316: [GC (Allocation Failure) 36777K->435K(78208K), 0.0002220 secs]
556.335: [GC (Allocation Failure) 35507K->435K(77056K), 0.0002020 secs]
556.355: [GC (Allocation Failure) 34335K->435K(75904K), 0.0002650 secs]
556.370: [GC (Allocation Failure) 33261K->435K(74816K), 0.0002060 secs]
556.410: [GC (Allocation Failure) 32089K->435K(73792K), 0.0002110 secs]
556.440: [GC (Allocation Failure) 31112K->435K(72832K), 0.0002290 secs]
556.457: [GC (Allocation Failure) 30135K->435K(71872K), 0.0002000 secs]
556.495: [GC (Allocation Failure) 29158K->435K(70976K), 0.0002020 secs]
556.511: [GC (Allocation Failure) 28279K->435K(70144K), 0.0002150 secs]
556.528: [GC (Allocation Failure) 27498K->435K(69312K), 0.0002010 secs]
556.539: [GC (Allocation Failure) 26619K->435K(74560K), 0.0002270 secs]
556.557: [GC (Allocation Failure) 31893K->435K(80896K), 0.0002010 secs]
556.578: [GC (Allocation Failure) 38242K->435K(88512K), 0.0002130 secs]
556.602: [GC (Allocation Failure) 45860K->435K(86848K), 0.0002010 secs]
556.621: [GC (Allocation Failure) 44200K->435K(85312K), 0.0002160 secs]
556.665: [GC (Allocation Failure) 42637K->435K(83840K), 0.0002730 secs]
556.714: [GC (Allocation Failure) 41172K->435K(82432K), 0.0002430 secs]
556.735: [GC (Allocation Failure) 39707K->435K(81088K), 0.0002120 secs]
556.756: [GC (Allocation Failure) 38437K->435K(79808K), 0.0002090 secs]
556.773: [GC (Allocation Failure) 37168K->435K(78592K), 0.0002150 secs]
556.830: [GC (Allocation Failure) 35898K->435K(77376K), 0.0002300 secs]
556.847: [GC (Allocation Failure) 34726K->435K(76224K), 0.0002040 secs]
556.866: [GC (Allocation Failure) 33554K->435K(75136K), 0.0002210 secs]
556.911: [GC (Allocation Failure) 32479K->435K(74112K), 0.0002130 secs]
556.925: [GC (Allocation Failure) 31405K->435K(73152K), 0.0002050 secs]
556.960: [GC (Allocation Failure) 30428K->435K(72192K), 0.0002210 secs]
556.977: [GC (Allocation Failure) 29549K->435K(71296K), 0.0002110 secs]
556.990: [GC (Allocation Failure) 28572K->435K(76992K), 0.0002180 secs]
557.004: [GC (Allocation Failure) 34335K->435K(83776K), 0.0002040 secs]
557.165: [GC (Allocation Failure) 41074K->435K(82368K), 0.0002140 secs]
557.186: [GC (Allocation Failure) 39707K->435K(81024K), 0.0002110 secs]
557.202: [GC (Allocation Failure) 38340K->435K(79744K), 0.0002130 secs]
557.219: [GC (Allocation Failure) 37070K->435K(78528K), 0.0002020 secs]
557.239: [GC (Allocation Failure) 35800K->435K(85632K), 0.0002740 secs]
557.261: [GC (Allocation Failure) 42930K->435K(84096K), 0.0002190 secs]
557.284: [GC (Allocation Failure) 41367K->435K(82624K), 0.0002100 secs]
557.301: [GC (Allocation Failure) 39902K->435K(81280K), 0.0002150 secs]
557.326: [GC (Allocation Failure) 38633K->435K(80000K), 0.0002290 secs]
557.346: [GC (Allocation Failure) 37363K->435K(78720K), 0.0002130 secs]
557.363: [GC (Allocation Failure) 35996K->435K(77504K), 0.0002110 secs]
557.382: [GC (Allocation Failure) 34823K->435K(76352K), 0.0002150 secs]
557.462: [GC (Allocation Failure) 33651K->435K(75264K), 0.0002230 secs]
557.476: [GC (Allocation Failure) 32577K->435K(74240K), 0.0002140 secs]
557.501: [GC (Allocation Failure) 31600K->435K(73216K), 0.0002140 secs]
557.518: [GC (Allocation Failure) 30526K->435K(72256K), 0.0002120 secs]
557.531: [GC (Allocation Failure) 29549K->435K(78144K), 0.0002020 secs]
557.567: [GC (Allocation Failure) 35409K->435K(76992K), 0.0002170 secs]
557.586: [GC (Allocation Failure) 34335K->435K(75904K), 0.0002130 secs]
557.600: [GC (Allocation Failure) 33261K->435K(74816K), 0.0002160 secs]
557.668: [GC (Allocation Failure) 32089K->435K(73792K), 0.0002240 secs]
557.682: [GC (Allocation Failure) 31112K->435K(79936K), 0.0002620 secs]
557.768: [GC (Allocation Failure) 37265K->435K(78656K), 0.0002120 secs]
557.783: [GC (Allocation Failure) 35996K->435K(77440K), 0.0002020 secs]
557.798: [GC (Allocation Failure) 34726K->435K(76288K), 0.0002000 secs]
557.863: [GC (Allocation Failure) 33554K->435K(75200K), 0.0002030 secs]
557.916: [GC (Allocation Failure) 32479K->435K(74176K), 0.0002210 secs]
557.930: [GC (Allocation Failure) 31503K->435K(73152K), 0.0002030 secs]
557.943: [GC (Allocation Failure) 30428K->435K(72192K), 0.0002020 secs]
557.961: [GC (Allocation Failure) 29549K->435K(71296K), 0.0002280 secs]
557.978: [GC (Allocation Failure) 28572K->435K(76992K), 0.0002210 secs]
558.029: [GC (Allocation Failure) 34335K->435K(75904K), 0.0002320 secs]
558.048: [GC (Allocation Failure) 33261K->435K(74816K), 0.0002740 secs]
558.062: [GC (Allocation Failure) 32089K->435K(81216K), 0.0002050 secs]
558.119: [GC (Allocation Failure) 38535K->435K(79936K), 0.0002160 secs]
558.139: [GC (Allocation Failure) 37265K->435K(78656K), 0.0002070 secs]
558.155: [GC (Allocation Failure) 35996K->435K(77440K), 0.0002030 secs]
558.170: [GC (Allocation Failure) 34726K->435K(76288K), 0.0002030 secs]
558.184: [GC (Allocation Failure) 33554K->435K(82944K), 0.0002020 secs]
558.206: [GC (Allocation Failure) 40293K->435K(90944K), 0.0002250 secs]
558.320: [GC (Allocation Failure) 48302K->435K(89216K), 0.0002120 secs]
558.344: [GC (Allocation Failure) 46544K->435K(87552K), 0.0002010 secs]
558.368: [GC (Allocation Failure) 44884K->435K(85952K), 0.0002210 secs]
558.423: [GC (Allocation Failure) 43223K->435K(84416K), 0.0002160 secs]
558.445: [GC (Allocation Failure) 41758K->435K(82944K), 0.0002790 secs]
558.463: [GC (Allocation Failure) 40293K->435K(81536K), 0.0002120 secs]
558.480: [GC (Allocation Failure) 38828K->435K(80192K), 0.0002140 secs]
558.496: [GC (Allocation Failure) 37461K->435K(78912K), 0.0002150 secs]
558.515: [GC (Allocation Failure) 36191K->435K(77696K), 0.0002020 secs]
558.530: [GC (Allocation Failure) 35019K->435K(84672K), 0.0002150 secs]
558.548: [GC (Allocation Failure) 41953K->435K(92992K), 0.0002040 secs]
558.625: [GC (Allocation Failure) 50260K->435K(91136K), 0.0002110 secs]
558.646: [GC (Allocation Failure) 48498K->435K(89344K), 0.0002110 secs]
558.666: [GC (Allocation Failure) 46642K->435K(87680K), 0.0002020 secs]
558.719: [GC (Allocation Failure) 44981K->435K(86080K), 0.0002100 secs]
558.741: [GC (Allocation Failure) 43419K->435K(84544K), 0.0002020 secs]
558.771: [GC (Allocation Failure) 41856K->435K(83072K), 0.0002050 secs]
558.793: [GC (Allocation Failure) 40391K->435K(81664K), 0.0002120 secs]
558.814: [GC (Allocation Failure) 39023K->435K(80320K), 0.0002000 secs]
558.835: [GC (Allocation Failure) 37656K->435K(79040K), 0.0002040 secs]
558.851: [GC (Allocation Failure) 36386K->435K(77824K), 0.0002100 secs]
558.866: [GC (Allocation Failure) 35116K->435K(76672K), 0.0002020 secs]
558.880: [GC (Allocation Failure) 33944K->435K(83392K), 0.0002130 secs]
558.900: [GC (Allocation Failure) 40684K->435K(81984K), 0.0002000 secs]
558.967: [GC (Allocation Failure) 39316K->435K(80640K), 0.0002700 secs]
559.020: [GC (Allocation Failure) 37949K->435K(79360K), 0.0002160 secs]
559.040: [GC (Allocation Failure) 36679K->435K(78144K), 0.0002010 secs]
559.055: [GC (Allocation Failure) 35409K->435K(76992K), 0.0002010 secs]
559.169: [GC (Allocation Failure) 34335K->435K(75904K), 0.0002250 secs]
559.184: [GC (Allocation Failure) 33261K->435K(74816K), 0.0002610 secs]
559.200: [GC (Allocation Failure) 32089K->435K(73792K), 0.0001970 secs]
559.215: [GC (Allocation Failure) 31112K->435K(79936K), 0.0002140 secs]
559.231: [GC (Allocation Failure) 37265K->435K(87360K), 0.0002040 secs]
559.250: [GC (Allocation Failure) 44688K->435K(85760K), 0.0002040 secs]
559.319: [GC (Allocation Failure) 43028K->435K(84224K), 0.0002130 secs]
559.337: [GC (Allocation Failure) 41563K->435K(82752K), 0.0002030 secs]
559.471: [GC (Allocation Failure) 40098K->435K(81344K), 0.0002160 secs]
559.492: [GC (Allocation Failure) 38633K->435K(80000K), 0.0002070 secs]
559.509: [GC (Allocation Failure) 37363K->435K(78720K), 0.0002260 secs]
559.528: [GC (Allocation Failure) 35996K->435K(77504K), 0.0002010 secs]
559.543: [GC (Allocation Failure) 34823K->435K(76352K), 0.0002180 secs]
559.569: [GC (Allocation Failure) 33651K->435K(75264K), 0.0002140 secs]
559.587: [GC (Allocation Failure) 32577K->435K(74240K), 0.0001990 secs]
559.605: [GC (Allocation Failure) 31600K->435K(73216K), 0.0002240 secs]
559.629: [GC (Allocation Failure) 30526K->435K(72256K), 0.0002140 secs]
559.642: [GC (Allocation Failure) 29549K->435K(78144K), 0.0002520 secs]
559.661: [GC (Allocation Failure) 35409K->435K(85184K), 0.0002120 secs]
559.769: [GC (Allocation Failure) 42540K->435K(83712K), 0.0002140 secs]
559.791: [GC (Allocation Failure) 41074K->435K(82304K), 0.0002010 secs]
559.872: [GC (Allocation Failure) 39609K->435K(80960K), 0.0004260 secs]
559.892: [GC (Allocation Failure) 38242K->435K(79680K), 0.0002090 secs]
559.921: [GC (Allocation Failure) 36972K->435K(78464K), 0.0002010 secs]
559.936: [GC (Allocation Failure) 35800K->435K(77312K), 0.0002140 secs]
559.955: [GC (Allocation Failure) 34628K->435K(76160K), 0.0002120 secs]
560.066: [GC (Allocation Failure) 33456K->435K(75072K), 0.0002130 secs]
560.080: [GC (Allocation Failure) 32382K->435K(74048K), 0.0002020 secs]
560.164: [GC (Allocation Failure) 31405K->435K(73088K), 0.0002750 secs]
560.218: [GC (Allocation Failure) 30428K->435K(72128K), 0.0002140 secs]
560.235: [GC (Allocation Failure) 29451K->435K(71232K), 0.0002210 secs]
560.350: [GC (Allocation Failure) 28572K->435K(70400K), 0.0003000 secs]
560.362: [GC (Allocation Failure) 27693K->435K(69568K), 0.0002730 secs]
560.385: [GC (Allocation Failure) 26912K->435K(68800K), 0.0002800 secs]
560.397: [GC (Allocation Failure) 26131K->435K(73984K), 0.0002170 secs]
560.416: [GC (Allocation Failure) 31307K->435K(80192K), 0.0002060 secs]
560.438: [GC (Allocation Failure) 37461K->435K(87616K), 0.0002190 secs]
560.462: [GC (Allocation Failure) 44884K->435K(86016K), 0.0002370 secs]
560.485: [GC (Allocation Failure) 43321K->435K(84480K), 0.0002050 secs]
560.507: [GC (Allocation Failure) 41758K->435K(83008K), 0.0002810 secs]
560.524: [GC (Allocation Failure) 40293K->435K(81600K), 0.0002130 secs]
560.545: [GC (Allocation Failure) 38926K->435K(80256K), 0.0002100 secs]
560.573: [GC (Allocation Failure) 37558K->435K(78976K), 0.0002160 secs]
560.593: [GC (Allocation Failure) 36289K->435K(86208K), 0.0003510 secs]
560.616: [GC (Allocation Failure) 43516K->435K(84672K), 0.0002150 secs]
560.670: [GC (Allocation Failure) 41953K->435K(83200K), 0.0002040 secs]
560.724: [GC (Allocation Failure) 40488K->435K(81792K), 0.0002110 secs]
560.741: [GC (Allocation Failure) 39121K->435K(80448K), 0.0002140 secs]
560.761: [GC (Allocation Failure) 37754K->435K(79168K), 0.0002700 secs]
560.780: [GC (Allocation Failure) 36484K->435K(77952K), 0.0002110 secs]
560.800: [GC (Allocation Failure) 35312K->435K(76800K), 0.0002810 secs]
560.820: [GC (Allocation Failure) 34140K->435K(75712K), 0.0002130 secs]
560.835: [GC (Allocation Failure) 33065K->435K(82240K), 0.0002170 secs]
560.867: [GC (Allocation Failure) 39512K->435K(80896K), 0.0002810 secs]
560.888: [GC (Allocation Failure) 38242K->435K(79616K), 0.0002070 secs]
560.904: [GC (Allocation Failure) 36972K->435K(78400K), 0.0002120 secs]
560.920: [GC (Allocation Failure) 35702K->435K(85504K), 0.0002150 secs]
560.942: [GC (Allocation Failure) 42833K->435K(83968K), 0.0002010 secs]
560.960: [GC (Allocation Failure) 41270K->435K(82560K), 0.0002050 secs]
561.020: [GC (Allocation Failure) 39902K->435K(81216K), 0.0002140 secs]
561.073: [GC (Allocation Failure) 38535K->435K(79936K), 0.0002120 secs]
561.093: [GC (Allocation Failure) 37265K->435K(78656K), 0.0001990 secs]
561.170: [GC (Allocation Failure) 35996K->435K(77440K), 0.0003310 secs]
561.222: [GC (Allocation Failure) 34726K->435K(76288K), 0.0002120 secs]
561.241: [GC (Allocation Failure) 33554K->435K(75200K), 0.0002120 secs]
561.255: [GC (Allocation Failure) 32479K->435K(74176K), 0.0002000 secs]
561.273: [GC (Allocation Failure) 31503K->435K(73152K), 0.0002020 secs]
561.290: [GC (Allocation Failure) 30428K->435K(72192K), 0.0002120 secs]
561.303: [GC (Allocation Failure) 29549K->435K(78016K), 0.0002040 secs]
561.318: [GC (Allocation Failure) 35312K->435K(85056K), 0.0002040 secs]
561.336: [GC (Allocation Failure) 42344K->435K(93504K), 0.0002030 secs]
561.379: [GC (Allocation Failure) 50846K->435K(91648K), 0.0002100 secs]
561.403: [GC (Allocation Failure) 48986K->435K(89856K), 0.0002090 secs]
561.528: [GC (Allocation Failure) 47130K->435K(88128K), 0.0002120 secs]
561.551: [GC (Allocation Failure) 45470K->435K(86528K), 0.0002120 secs]
561.570: [GC (Allocation Failure) 43809K->435K(84992K), 0.0002140 secs]
561.627: [GC (Allocation Failure) 42344K->435K(83520K), 0.0002260 secs]
561.645: [GC (Allocation Failure) 40879K->435K(82112K), 0.0002180 secs]
561.662: [GC (Allocation Failure) 39414K->435K(80768K), 0.0002050 secs]
561.779: [GC (Allocation Failure) 38047K->435K(79488K), 0.0002240 secs]
561.795: [GC (Allocation Failure) 36777K->435K(78272K), 0.0002020 secs]
561.869: [GC (Allocation Failure) 35605K->435K(77120K), 0.0002030 secs]
561.919: [GC (Allocation Failure) 34433K->435K(75968K), 0.0002030 secs]
561.972: [GC (Allocation Failure) 33261K->435K(74880K), 0.0002220 secs]
561.990: [GC (Allocation Failure) 32186K->435K(73856K), 0.0002160 secs]
562.032: [GC (Allocation Failure) 31210K->435K(72896K), 0.0002270 secs]
562.045: [GC (Allocation Failure) 30233K->435K(71936K), 0.0002050 secs]
562.071: [GC (Allocation Failure) 29256K->435K(71040K), 0.0002390 secs]
562.084: [GC (Allocation Failure) 28377K->435K(76672K), 0.0002680 secs]
562.100: [GC (Allocation Failure) 33944K->435K(83392K), 0.0002180 secs]
562.120: [GC (Allocation Failure) 40684K->435K(91456K), 0.0002030 secs]
562.176: [GC (Allocation Failure) 48791K->435K(89664K), 0.0002340 secs]
562.197: [GC (Allocation Failure) 46935K->435K(87936K), 0.0002030 secs]
562.216: [GC (Allocation Failure) 45274K->435K(86336K), 0.0002010 secs]
562.239: [GC (Allocation Failure) 43614K->435K(84800K), 0.0002010 secs]
562.261: [GC (Allocation Failure) 42149K->435K(83328K), 0.0002120 secs]
562.279: [GC (Allocation Failure) 40684K->435K(81920K), 0.0002150 secs]
562.296: [GC (Allocation Failure) 39219K->435K(80576K), 0.0002130 secs]
562.312: [GC (Allocation Failure) 37851K->435K(79296K), 0.0002120 secs]
562.353: [GC (Allocation Failure) 36582K->435K(78080K), 0.0002090 secs]
562.378: [GC (Allocation Failure) 35409K->435K(76928K), 0.0003300 secs]
562.393: [GC (Allocation Failure) 34237K->435K(83712K), 0.0003250 secs]
562.426: [GC (Allocation Failure) 41074K->435K(91840K), 0.0002160 secs]
562.451: [GC (Allocation Failure) 49181K->435K(101632K), 0.0002740 secs]
562.481: [GC (Allocation Failure) 58952K->435K(99392K), 0.0002120 secs]
562.505: [GC (Allocation Failure) 56706K->435K(97216K), 0.0002120 secs]
562.533: [GC (Allocation Failure) 54557K->435K(95168K), 0.0002110 secs]
562.677: [GC (Allocation Failure) 52506K->435K(93184K), 0.0002740 secs]
562.731: [GC (Allocation Failure) 50455K->435K(91328K), 0.0002220 secs]
562.755: [GC (Allocation Failure) 48595K->435K(89536K), 0.0002110 secs]
562.782: [GC (Allocation Failure) 46837K->435K(87872K), 0.0002810 secs]
562.802: [GC (Allocation Failure) 45177K->435K(86272K), 0.0002250 secs]
562.826: [GC (Allocation Failure) 43614K->435K(84736K), 0.0002760 secs]
562.844: [GC (Allocation Failure) 42051K->435K(83264K), 0.0002310 secs]
562.862: [GC (Allocation Failure) 40586K->435K(81856K), 0.0002050 secs]
562.976: [GC (Allocation Failure) 39219K->435K(80512K), 0.0002130 secs]
562.997: [GC (Allocation Failure) 37851K->435K(79232K), 0.0002030 secs]
563.013: [GC (Allocation Failure) 36582K->435K(78016K), 0.0002170 secs]
563.028: [GC (Allocation Failure) 35312K->435K(76864K), 0.0002050 secs]
563.074: [GC (Allocation Failure) 34140K->435K(75776K), 0.0002230 secs]
563.089: [GC (Allocation Failure) 33065K->435K(74688K), 0.0002130 secs]
563.120: [GC (Allocation Failure) 31991K->435K(73664K), 0.0002020 secs]
563.164: [GC (Allocation Failure) 31014K->435K(72704K), 0.0002130 secs]
563.235: [GC (Allocation Failure) 30038K->435K(71808K), 0.0002440 secs]
563.249: [GC (Allocation Failure) 29158K->435K(70912K), 0.0002620 secs]
563.318: [GC (Allocation Failure) 28182K->435K(70080K), 0.0002040 secs]
563.372: [GC (Allocation Failure) 27400K->435K(69248K), 0.0002140 secs]
563.388: [GC (Allocation Failure) 26521K->435K(68480K), 0.0002160 secs]
563.399: [GC (Allocation Failure) 25838K->435K(67712K), 0.0002110 secs]
563.414: [GC (Allocation Failure) 25052K->435K(72640K), 0.0002110 secs]
563.451: [GC (Allocation Failure) 29940K->435K(71744K), 0.0002040 secs]
563.471: [GC (Allocation Failure) 29061K->435K(70848K), 0.0002150 secs]
563.483: [GC (Allocation Failure) 28182K->435K(76416K), 0.0002130 secs]
563.498: [GC (Allocation Failure) 33749K->435K(83136K), 0.0002750 secs]
563.578: [GC (Allocation Failure) 40488K->435K(81728K), 0.0002110 secs]
563.599: [GC (Allocation Failure) 39023K->435K(80384K), 0.0002140 secs]
563.620: [GC (Allocation Failure) 37656K->435K(79104K), 0.0002710 secs]
563.636: [GC (Allocation Failure) 36386K->435K(86336K), 0.0002280 secs]
563.657: [GC (Allocation Failure) 43614K->435K(84800K), 0.0002040 secs]
563.781: [GC (Allocation Failure) 42149K->435K(83328K), 0.0002220 secs]
563.799: [GC (Allocation Failure) 40684K->435K(81920K), 0.0002160 secs]
563.878: [GC (Allocation Failure) 39219K->435K(80576K), 0.0002160 secs]
563.898: [GC (Allocation Failure) 37851K->435K(79296K), 0.0002080 secs]
563.914: [GC (Allocation Failure) 36582K->435K(78080K), 0.0002520 secs]
563.933: [GC (Allocation Failure) 35409K->435K(76928K), 0.0002090 secs]
563.976: [GC (Allocation Failure) 34237K->435K(75840K), 0.0002050 secs]
563.994: [GC (Allocation Failure) 33163K->435K(74752K), 0.0002010 secs]
564.034: [GC (Allocation Failure) 32089K->435K(73728K), 0.0002180 secs]
564.051: [GC (Allocation Failure) 31014K->435K(72768K), 0.0002150 secs]
564.069: [GC (Allocation Failure) 30038K->435K(71808K), 0.0002240 secs]
564.120: [GC (Allocation Failure) 29158K->435K(70912K), 0.0002720 secs]
564.174: [GC (Allocation Failure) 28182K->435K(70080K), 0.0002180 secs]
564.186: [GC (Allocation Failure) 27400K->435K(69248K), 0.0002170 secs]
564.219: [GC (Allocation Failure) 26521K->435K(68480K), 0.0002240 secs]
564.234: [GC (Allocation Failure) 25838K->435K(67712K), 0.0002030 secs]
564.245: [GC (Allocation Failure) 25052K->435K(72640K), 0.0002290 secs]
564.262: [GC (Allocation Failure) 29940K->435K(78592K), 0.0002120 secs]
564.350: [GC (Allocation Failure) 35898K->435K(77376K), 0.0002040 secs]
564.366: [GC (Allocation Failure) 34726K->435K(76224K), 0.0002050 secs]
564.420: [GC (Allocation Failure) 33554K->435K(75136K), 0.0003090 secs]
564.436: [GC (Allocation Failure) 32479K->435K(74112K), 0.0002140 secs]
564.488: [GC (Allocation Failure) 31405K->435K(73152K), 0.0002090 secs]
564.505: [GC (Allocation Failure) 30428K->435K(72192K), 0.0002120 secs]
564.518: [GC (Allocation Failure) 29549K->435K(71296K), 0.0002320 secs]
564.534: [GC (Allocation Failure) 28572K->435K(76992K), 0.0002710 secs]
564.554: [GC (Allocation Failure) 34335K->435K(83776K), 0.0002120 secs]
564.571: [GC (Allocation Failure) 41074K->435K(91968K), 0.0002030 secs]
564.675: [GC (Allocation Failure) 49279K->435K(90176K), 0.0002220 secs]
564.696: [GC (Allocation Failure) 47521K->435K(88448K), 0.0002030 secs]
564.732: [GC (Allocation Failure) 45763K->435K(86784K), 0.0002210 secs]
564.755: [GC (Allocation Failure) 44102K->435K(85248K), 0.0002020 secs]
564.777: [GC (Allocation Failure) 42540K->435K(83776K), 0.0002120 secs]
564.795: [GC (Allocation Failure) 41074K->435K(82368K), 0.0002130 secs]
564.829: [GC (Allocation Failure) 39707K->435K(81024K), 0.0002200 secs]
564.846: [GC (Allocation Failure) 38340K->435K(79744K), 0.0002020 secs]
564.975: [GC (Allocation Failure) 37070K->435K(78528K), 0.0002150 secs]
565.006: [GC (Allocation Failure) 35800K->435K(77312K), 0.0002210 secs]
565.021: [GC (Allocation Failure) 34628K->435K(76160K), 0.0002030 secs]
565.039: [GC (Allocation Failure) 33456K->435K(75072K), 0.0002110 secs]
565.076: [GC (Allocation Failure) 32382K->435K(74048K), 0.0002040 secs]
565.094: [GC (Allocation Failure) 31405K->435K(73088K), 0.0002350 secs]
565.109: [GC (Allocation Failure) 30428K->435K(72128K), 0.0001980 secs]
565.235: [GC (Allocation Failure) 29451K->435K(71232K), 0.0002310 secs]
565.248: [GC (Allocation Failure) 28572K->435K(70400K), 0.0002150 secs]
565.260: [GC (Allocation Failure) 27693K->435K(75904K), 0.0002010 secs]
565.324: [GC (Allocation Failure) 33261K->435K(74816K), 0.0002020 secs]
565.372: [GC (Allocation Failure) 32089K->435K(73792K), 0.0002040 secs]
565.422: [GC (Allocation Failure) 31112K->435K(72832K), 0.0002110 secs]
565.546: [GC (Allocation Failure) 30135K->435K(71872K), 0.0002200 secs]
565.559: [GC (Allocation Failure) 29158K->435K(70976K), 0.0002030 secs]
565.627: [GC (Allocation Failure) 28279K->435K(70144K), 0.0002140 secs]
565.643: [GC (Allocation Failure) 27498K->435K(69312K), 0.0002310 secs]
565.671: [GC (Allocation Failure) 26619K->435K(68544K), 0.0002030 secs]
565.721: [GC (Allocation Failure) 25838K->435K(67776K), 0.0002000 secs]
565.864: [GC (Allocation Failure) 25052K->435K(67072K), 0.0002120 secs]
565.874: [GC (Allocation Failure) 24369K->435K(66368K), 0.0002030 secs]
565.920: [GC (Allocation Failure) 23685K->435K(65728K), 0.0002730 secs]
565.968: [GC (Allocation Failure) 23001K->435K(65088K), 0.0002010 secs]
566.019: [GC (Allocation Failure) 22415K->435K(64512K), 0.0002000 secs]
566.163: [GC (Allocation Failure) 21829K->435K(63936K), 0.0002190 secs]
566.177: [GC (Allocation Failure) 21243K->435K(63360K), 0.0002140 secs]
566.190: [GC (Allocation Failure) 20657K->435K(62848K), 0.0002740 secs]
566.272: [GC (Allocation Failure) 20169K->435K(62336K), 0.0002060 secs]
566.285: [GC (Allocation Failure) 19680K->435K(61824K), 0.0002280 secs]
566.297: [GC (Allocation Failure) 19094K->435K(65600K), 0.0002690 secs]
566.307: [GC (Allocation Failure) 22903K->435K(70144K), 0.0002150 secs]
566.319: [GC (Allocation Failure) 27498K->435K(75584K), 0.0002020 secs]
566.337: [GC (Allocation Failure) 32870K->435K(82112K), 0.0002130 secs]
566.358: [GC (Allocation Failure) 39414K->435K(89920K), 0.0002110 secs]
566.385: [GC (Allocation Failure) 47228K->435K(99328K), 0.0002080 secs]
566.410: [GC (Allocation Failure) 56608K->435K(97152K), 0.0001950 secs]
566.439: [GC (Allocation Failure) 54459K->435K(95104K), 0.0002270 secs]
566.536: [GC (Allocation Failure) 52408K->435K(93120K), 0.0002140 secs]
566.558: [GC (Allocation Failure) 50455K->435K(91264K), 0.0002130 secs]
566.579: [GC (Allocation Failure) 48595K->435K(89472K), 0.0002010 secs]
566.670: [GC (Allocation Failure) 46739K->435K(87808K), 0.0002040 secs]
566.734: [GC (Allocation Failure) 45079K->435K(86208K), 0.0002580 secs]
566.757: [GC (Allocation Failure) 43516K->435K(84672K), 0.0002020 secs]
566.779: [GC (Allocation Failure) 41953K->435K(83200K), 0.0002830 secs]
566.797: [GC (Allocation Failure) 40488K->435K(81792K), 0.0002030 secs]
566.833: [GC (Allocation Failure) 39121K->435K(80448K), 0.0002250 secs]
566.849: [GC (Allocation Failure) 37754K->435K(79168K), 0.0002070 secs]
566.877: [GC (Allocation Failure) 36484K->435K(77952K), 0.0002130 secs]
566.892: [GC (Allocation Failure) 35312K->435K(76800K), 0.0002030 secs]
566.940: [GC (Allocation Failure) 34140K->435K(75712K), 0.0002130 secs]
566.954: [GC (Allocation Failure) 33065K->435K(74624K), 0.0002120 secs]
566.972: [GC (Allocation Failure) 31893K->435K(73600K), 0.0002700 secs]
566.986: [GC (Allocation Failure) 30917K->435K(79744K), 0.0002180 secs]
567.028: [GC (Allocation Failure) 37070K->435K(78528K), 0.0002260 secs]
567.047: [GC (Allocation Failure) 35800K->435K(77312K), 0.0002000 secs]
567.062: [GC (Allocation Failure) 34628K->435K(76160K), 0.0002110 secs]
567.080: [GC (Allocation Failure) 33456K->435K(75072K), 0.0002120 secs]
567.099: [GC (Allocation Failure) 32382K->435K(74048K), 0.0002110 secs]
567.116: [GC (Allocation Failure) 31405K->435K(80256K), 0.0002270 secs]
567.133: [GC (Allocation Failure) 37558K->435K(87744K), 0.0002170 secs]
567.170: [GC (Allocation Failure) 45079K->435K(86144K), 0.0002030 secs]
567.330: [GC (Allocation Failure) 43419K->435K(84608K), 0.0002110 secs]
567.377: [GC (Allocation Failure) 41953K->435K(83136K), 0.0002260 secs]
567.398: [GC (Allocation Failure) 40488K->435K(81728K), 0.0002040 secs]
567.429: [GC (Allocation Failure) 39023K->435K(80384K), 0.0002130 secs]
567.445: [GC (Allocation Failure) 37656K->435K(79104K), 0.0002000 secs]
567.481: [GC (Allocation Failure) 36386K->435K(77888K), 0.0002130 secs]
567.497: [GC (Allocation Failure) 35214K->435K(76736K), 0.0002110 secs]
567.581: [GC (Allocation Failure) 34042K->435K(75648K), 0.0002230 secs]
567.600: [GC (Allocation Failure) 32968K->435K(74560K), 0.0002120 secs]
567.640: [GC (Allocation Failure) 31893K->435K(73536K), 0.0002070 secs]
567.657: [GC (Allocation Failure) 30819K->435K(72576K), 0.0002050 secs]
567.675: [GC (Allocation Failure) 29842K->435K(71680K), 0.0002150 secs]
567.687: [GC (Allocation Failure) 28963K->435K(70784K), 0.0002130 secs]
567.700: [GC (Allocation Failure) 28084K->435K(76352K), 0.0002150 secs]
567.718: [GC (Allocation Failure) 33651K->435K(83008K), 0.0002120 secs]
567.736: [GC (Allocation Failure) 40293K->435K(91008K), 0.0002000 secs]
567.784: [GC (Allocation Failure) 48302K->435K(89216K), 0.0002370 secs]
567.808: [GC (Allocation Failure) 46544K->435K(87552K), 0.0002010 secs]
567.831: [GC (Allocation Failure) 44884K->435K(85952K), 0.0002070 secs]
567.850: [GC (Allocation Failure) 43223K->435K(84416K), 0.0002270 secs]
567.868: [GC (Allocation Failure) 41758K->435K(82944K), 0.0002110 secs]
567.889: [GC (Allocation Failure) 40293K->435K(81536K), 0.0002120 secs]
567.910: [GC (Allocation Failure) 38828K->435K(80192K), 0.0002000 secs]
567.930: [GC (Allocation Failure) 37461K->435K(78912K), 0.0002190 secs]
567.946: [GC (Allocation Failure) 36191K->435K(86080K), 0.0002460 secs]
567.969: [GC (Allocation Failure) 43419K->435K(84544K), 0.0002090 secs]
567.987: [GC (Allocation Failure) 41856K->435K(83072K), 0.0002000 secs]
568.031: [GC (Allocation Failure) 40391K->435K(81664K), 0.0002240 secs]
568.048: [GC (Allocation Failure) 39023K->435K(80320K), 0.0002060 secs]
568.064: [GC (Allocation Failure) 37656K->435K(79040K), 0.0002130 secs]
568.166: [GC (Allocation Failure) 36386K->435K(77824K), 0.0002160 secs]
568.181: [GC (Allocation Failure) 35116K->435K(76672K), 0.0002050 secs]
568.232: [GC (Allocation Failure) 33944K->435K(75584K), 0.0002240 secs]
568.246: [GC (Allocation Failure) 32870K->435K(74560K), 0.0002480 secs]
568.281: [GC (Allocation Failure) 31893K->435K(73536K), 0.0002130 secs]
568.298: [GC (Allocation Failure) 30819K->435K(72576K), 0.0002240 secs]
568.313: [GC (Allocation Failure) 29842K->435K(71680K), 0.0002000 secs]
568.326: [GC (Allocation Failure) 28963K->435K(77440K), 0.0002150 secs]
568.341: [GC (Allocation Failure) 34726K->435K(84352K), 0.0002730 secs]
568.377: [GC (Allocation Failure) 41660K->435K(92608K), 0.0003330 secs]
568.404: [GC (Allocation Failure) 49967K->435K(102528K), 0.0002310 secs]
568.430: [GC (Allocation Failure) 59831K->435K(100224K), 0.0002240 secs]
568.455: [GC (Allocation Failure) 57585K->435K(98048K), 0.0003120 secs]
568.483: [GC (Allocation Failure) 55339K->435K(95936K), 0.0002010 secs]
568.510: [GC (Allocation Failure) 53287K->435K(93952K), 0.0002010 secs]
568.532: [GC (Allocation Failure) 51236K->435K(92032K), 0.0002130 secs]
568.554: [GC (Allocation Failure) 49377K->435K(90240K), 0.0002020 secs]
568.589: [GC (Allocation Failure) 47521K->435K(88512K), 0.0002240 secs]
568.613: [GC (Allocation Failure) 45860K->435K(86848K), 0.0002240 secs]
568.634: [GC (Allocation Failure) 44200K->435K(85312K), 0.0002180 secs]
568.785: [GC (Allocation Failure) 42637K->435K(83840K), 0.0002210 secs]
568.806: [GC (Allocation Failure) 41172K->435K(82432K), 0.0002160 secs]
568.842: [GC (Allocation Failure) 39707K->435K(81088K), 0.0002180 secs]
568.858: [GC (Allocation Failure) 38437K->435K(79808K), 0.0002060 secs]
568.880: [GC (Allocation Failure) 37168K->435K(78592K), 0.0002150 secs]
568.930: [GC (Allocation Failure) 35898K->435K(77376K), 0.0002140 secs]
568.973: [GC (Allocation Failure) 34726K->435K(76224K), 0.0002060 secs]
569.079: [GC (Allocation Failure) 33554K->435K(75136K), 0.0002130 secs]
569.097: [GC (Allocation Failure) 32479K->435K(74112K), 0.0002000 secs]
569.132: [GC (Allocation Failure) 31405K->435K(73152K), 0.0002060 secs]
569.149: [GC (Allocation Failure) 30428K->435K(72192K), 0.0002120 secs]
569.177: [GC (Allocation Failure) 29549K->435K(71296K), 0.0002270 secs]
569.194: [GC (Allocation Failure) 28572K->435K(70400K), 0.0002000 secs]
569.210: [GC (Allocation Failure) 27693K->435K(69568K), 0.0002090 secs]
569.225: [GC (Allocation Failure) 26912K->435K(74880K), 0.0003270 secs]
569.242: [GC (Allocation Failure) 32186K->435K(81280K), 0.0002200 secs]
569.263: [GC (Allocation Failure) 38633K->435K(88960K), 0.0002170 secs]
569.289: [GC (Allocation Failure) 46251K->435K(87296K), 0.0002090 secs]
569.308: [GC (Allocation Failure) 44591K->435K(96192K), 0.0002760 secs]
569.391: [GC (Allocation Failure) 53483K->435K(94208K), 0.0002220 secs]
569.415: [GC (Allocation Failure) 51529K->435K(92288K), 0.0002010 secs]
569.440: [GC (Allocation Failure) 49572K->435K(90496K), 0.0002020 secs]
569.465: [GC (Allocation Failure) 47814K->435K(88768K), 0.0002100 secs]
569.578: [GC (Allocation Failure) 46056K->435K(87104K), 0.0002050 secs]
569.602: [GC (Allocation Failure) 44395K->435K(85504K), 0.0002280 secs]
569.624: [GC (Allocation Failure) 42833K->435K(83968K), 0.0002060 secs]
569.642: [GC (Allocation Failure) 41270K->435K(82560K), 0.0002030 secs]
569.732: [GC (Allocation Failure) 39902K->435K(81216K), 0.0002050 secs]
569.779: [GC (Allocation Failure) 38535K->435K(79936K), 0.0002250 secs]
569.800: [GC (Allocation Failure) 37265K->435K(78656K), 0.0002150 secs]
569.935: [GC (Allocation Failure) 35996K->435K(77440K), 0.0002040 secs]
569.954: [GC (Allocation Failure) 34726K->435K(76288K), 0.0002160 secs]
569.973: [GC (Allocation Failure) 33554K->435K(75200K), 0.0002110 secs]
569.987: [GC (Allocation Failure) 32479K->435K(74176K), 0.0002110 secs]
570.030: [GC (Allocation Failure) 31503K->435K(73152K), 0.0002090 secs]
570.043: [GC (Allocation Failure) 30428K->435K(72192K), 0.0002110 secs]
570.078: [GC (Allocation Failure) 29549K->435K(71296K), 0.0002320 secs]
570.091: [GC (Allocation Failure) 28572K->435K(70400K), 0.0002040 secs]
570.103: [GC (Allocation Failure) 27693K->435K(75904K), 0.0002030 secs]
570.121: [GC (Allocation Failure) 33261K->435K(82496K), 0.0002220 secs]
570.144: [GC (Allocation Failure) 39805K->435K(81152K), 0.0002030 secs]
570.187: [GC (Allocation Failure) 38437K->435K(79872K), 0.0002250 secs]
570.204: [GC (Allocation Failure) 37168K->435K(78656K), 0.0002130 secs]
570.236: [GC (Allocation Failure) 35996K->435K(77440K), 0.0002390 secs]
570.256: [GC (Allocation Failure) 34726K->435K(76288K), 0.0002360 secs]
570.334: [GC (Allocation Failure) 33554K->435K(75200K), 0.0002120 secs]
570.360: [GC (Allocation Failure) 32479K->435K(74176K), 0.0002070 secs]
570.380: [GC (Allocation Failure) 31503K->435K(73152K), 0.0002640 secs]
570.419: [GC (Allocation Failure) 30428K->435K(72192K), 0.0002080 secs]
570.440: [GC (Allocation Failure) 29549K->435K(71296K), 0.0002730 secs]
570.457: [GC (Allocation Failure) 28572K->435K(70400K), 0.0002760 secs]
570.473: [GC (Allocation Failure) 27693K->435K(75904K), 0.0002180 secs]
570.487: [GC (Allocation Failure) 33261K->435K(82496K), 0.0002200 secs]
570.534: [GC (Allocation Failure) 39805K->435K(81152K), 0.0002050 secs]
570.583: [GC (Allocation Failure) 38437K->435K(79872K), 0.0002400 secs]
570.600: [GC (Allocation Failure) 37168K->435K(78656K), 0.0002190 secs]
570.636: [GC (Allocation Failure) 35996K->435K(77440K), 0.0002220 secs]
570.655: [GC (Allocation Failure) 34726K->435K(76288K), 0.0002120 secs]
570.674: [GC (Allocation Failure) 33554K->435K(75200K), 0.0002120 secs]
570.830: [GC (Allocation Failure) 32479K->435K(74176K), 0.0002140 secs]
570.880: [GC (Allocation Failure) 31503K->435K(73152K), 0.0002100 secs]
570.893: [GC (Allocation Failure) 30428K->435K(72192K), 0.0002130 secs]
570.910: [GC (Allocation Failure) 29549K->435K(71296K), 0.0002020 secs]
570.923: [GC (Allocation Failure) 28572K->435K(70400K), 0.0002000 secs]
570.971: [GC (Allocation Failure) 27693K->435K(69568K), 0.0002270 secs]
570.987: [GC (Allocation Failure) 26912K->435K(68800K), 0.0002700 secs]
571.002: [GC (Allocation Failure) 26131K->435K(73984K), 0.0002420 secs]
571.081: [GC (Allocation Failure) 31307K->435K(73024K), 0.0002130 secs]
571.098: [GC (Allocation Failure) 30331K->435K(72064K), 0.0002100 secs]
571.163: [GC (Allocation Failure) 29354K->435K(71168K), 0.0002100 secs]
571.180: [GC (Allocation Failure) 28475K->435K(70336K), 0.0002710 secs]
571.196: [GC (Allocation Failure) 27693K->435K(75840K), 0.0002260 secs]
571.236: [GC (Allocation Failure) 33163K->435K(74752K), 0.0002140 secs]
571.250: [GC (Allocation Failure) 32089K->435K(81088K), 0.0002850 secs]
571.349: [GC (Allocation Failure) 38437K->435K(79808K), 0.0002280 secs]
571.366: [GC (Allocation Failure) 37168K->435K(78592K), 0.0002720 secs]
571.433: [GC (Allocation Failure) 35898K->435K(77376K), 0.0002140 secs]
571.448: [GC (Allocation Failure) 34726K->435K(76224K), 0.0002040 secs]
571.463: [GC (Allocation Failure) 33554K->435K(75136K), 0.0002020 secs]
571.482: [GC (Allocation Failure) 32479K->435K(74112K), 0.0002260 secs]
571.495: [GC (Allocation Failure) 31405K->435K(80320K), 0.0002040 secs]
571.538: [GC (Allocation Failure) 37656K->435K(79040K), 0.0002190 secs]
571.553: [GC (Allocation Failure) 36386K->435K(77824K), 0.0002130 secs]
571.569: [GC (Allocation Failure) 35116K->435K(84800K), 0.0002020 secs]
571.587: [GC (Allocation Failure) 42149K->435K(83328K), 0.0002010 secs]
571.652: [GC (Allocation Failure) 40684K->435K(81920K), 0.0002260 secs]
571.673: [GC (Allocation Failure) 39219K->435K(80576K), 0.0002100 secs]
571.734: [GC (Allocation Failure) 37851K->435K(79296K), 0.0002850 secs]
571.788: [GC (Allocation Failure) 36582K->435K(78080K), 0.0002140 secs]
571.803: [GC (Allocation Failure) 35409K->435K(76928K), 0.0002130 secs]
571.821: [GC (Allocation Failure) 34237K->435K(75840K), 0.0002090 secs]
571.840: [GC (Allocation Failure) 33163K->435K(74752K), 0.0002150 secs]
571.976: [GC (Allocation Failure) 32089K->435K(73728K), 0.0002130 secs]
571.994: [GC (Allocation Failure) 31014K->435K(72768K), 0.0002260 secs]
572.035: [GC (Allocation Failure) 30038K->435K(71808K), 0.0002750 secs]
572.048: [GC (Allocation Failure) 29158K->435K(77568K), 0.0003240 secs]
572.088: [GC (Allocation Failure) 34921K->435K(84480K), 0.0003350 secs]
572.110: [GC (Allocation Failure) 41758K->435K(83008K), 0.0002020 secs]
572.128: [GC (Allocation Failure) 40293K->435K(81600K), 0.0002030 secs]
572.169: [GC (Allocation Failure) 38926K->435K(80256K), 0.0002130 secs]
572.185: [GC (Allocation Failure) 37558K->435K(78976K), 0.0002010 secs]
572.201: [GC (Allocation Failure) 36289K->435K(77760K), 0.0002010 secs]
572.216: [GC (Allocation Failure) 35116K->435K(76608K), 0.0002010 secs]
572.283: [GC (Allocation Failure) 33944K->435K(75520K), 0.0002050 secs]
572.333: [GC (Allocation Failure) 32870K->435K(74496K), 0.0002120 secs]
572.351: [GC (Allocation Failure) 31796K->435K(73472K), 0.0002080 secs]
572.376: [GC (Allocation Failure) 30819K->435K(72512K), 0.0002280 secs]
572.390: [GC (Allocation Failure) 29842K->435K(71616K), 0.0002040 secs]
572.404: [GC (Allocation Failure) 28963K->435K(77376K), 0.0002150 secs]
572.423: [GC (Allocation Failure) 34726K->435K(84288K), 0.0002690 secs]
572.446: [GC (Allocation Failure) 41563K->435K(92544K), 0.0002150 secs]
572.468: [GC (Allocation Failure) 49867K->435K(102464K), 0.0002730 secs]
572.516: [GC (Allocation Failure) 59734K->435K(100160K), 0.0002230 secs]
572.541: [GC (Allocation Failure) 57487K->435K(97984K), 0.0002030 secs]
572.647: [GC (Allocation Failure) 55339K->435K(95872K), 0.0002850 secs]
572.670: [GC (Allocation Failure) 53190K->435K(93888K), 0.0002040 secs]
572.785: [GC (Allocation Failure) 51236K->435K(91968K), 0.0002270 secs]
572.806: [GC (Allocation Failure) 49279K->435K(90176K), 0.0002350 secs]
572.830: [GC (Allocation Failure) 47521K->435K(88448K), 0.0001950 secs]
572.858: [GC (Allocation Failure) 45763K->435K(86784K), 0.0002210 secs]
572.881: [GC (Allocation Failure) 44102K->435K(85248K), 0.0002040 secs]
572.903: [GC (Allocation Failure) 42540K->435K(83776K), 0.0002830 secs]
572.921: [GC (Allocation Failure) 41074K->435K(82368K), 0.0002120 secs]
572.942: [GC (Allocation Failure) 39707K->435K(81024K), 0.0002120 secs]
572.958: [GC (Allocation Failure) 38340K->435K(79744K), 0.0002300 secs]
572.974: [GC (Allocation Failure) 37070K->435K(78528K), 0.0002230 secs]
572.993: [GC (Allocation Failure) 35800K->435K(77312K), 0.0002110 secs]
573.009: [GC (Allocation Failure) 34628K->435K(84160K), 0.0002180 secs]
573.031: [GC (Allocation Failure) 41465K->435K(82688K), 0.0002210 secs]
573.141: [GC (Allocation Failure) 40000K->435K(81344K), 0.0002150 secs]
573.158: [GC (Allocation Failure) 38633K->435K(80000K), 0.0002010 secs]
573.175: [GC (Allocation Failure) 37363K->435K(78720K), 0.0002020 secs]
573.236: [GC (Allocation Failure) 35996K->435K(77504K), 0.0002230 secs]
573.254: [GC (Allocation Failure) 34823K->435K(76352K), 0.0002110 secs]
573.269: [GC (Allocation Failure) 33651K->435K(75264K), 0.0002020 secs]
573.283: [GC (Allocation Failure) 32577K->435K(74240K), 0.0002040 secs]
573.372: [GC (Allocation Failure) 31600K->435K(73216K), 0.0002180 secs]
573.434: [GC (Allocation Failure) 30526K->435K(72256K), 0.0002130 secs]
573.450: [GC (Allocation Failure) 29549K->435K(71360K), 0.0002010 secs]
573.467: [GC (Allocation Failure) 28670K->435K(77056K), 0.0003320 secs]
573.486: [GC (Allocation Failure) 34335K->435K(83904K), 0.0002840 secs]
573.508: [GC (Allocation Failure) 41172K->435K(92096K), 0.0002220 secs]
573.542: [GC (Allocation Failure) 49377K->435K(90304K), 0.0002150 secs]
573.562: [GC (Allocation Failure) 47618K->435K(88576K), 0.0002020 secs]
573.658: [GC (Allocation Failure) 45860K->435K(86912K), 0.0002430 secs]
573.678: [GC (Allocation Failure) 44200K->435K(85312K), 0.0002050 secs]
573.700: [GC (Allocation Failure) 42637K->435K(83840K), 0.0002210 secs]
573.753: [GC (Allocation Failure) 41172K->435K(82432K), 0.0002120 secs]
573.770: [GC (Allocation Failure) 39707K->435K(81088K), 0.0002120 secs]
573.837: [GC (Allocation Failure) 38437K->435K(79808K), 0.0002750 secs]
573.987: [GC (Allocation Failure) 37168K->435K(78592K), 0.0002000 secs]
574.042: [GC (Allocation Failure) 35898K->435K(77376K), 0.0002150 secs]
574.061: [GC (Allocation Failure) 34726K->435K(76224K), 0.0002150 secs]
574.079: [GC (Allocation Failure) 33554K->435K(75136K), 0.0002110 secs]
574.121: [GC (Allocation Failure) 32479K->435K(74112K), 0.0002210 secs]
574.134: [GC (Allocation Failure) 31405K->435K(73152K), 0.0001990 secs]
574.147: [GC (Allocation Failure) 30428K->435K(72192K), 0.0002030 secs]
574.288: [GC (Allocation Failure) 29549K->435K(71296K), 0.0002130 secs]
574.301: [GC (Allocation Failure) 28572K->435K(70400K), 0.0002150 secs]
574.313: [GC (Allocation Failure) 27693K->435K(75904K), 0.0002040 secs]
574.351: [GC (Allocation Failure) 33261K->435K(74816K), 0.0002100 secs]
574.368: [GC (Allocation Failure) 32089K->435K(73792K), 0.0002150 secs]
574.385: [GC (Allocation Failure) 31112K->435K(72832K), 0.0002280 secs]
574.402: [GC (Allocation Failure) 30135K->435K(78784K), 0.0003390 secs]
574.422: [GC (Allocation Failure) 36093K->435K(85952K), 0.0002170 secs]
574.440: [GC (Allocation Failure) 43223K->435K(94528K), 0.0002040 secs]
574.467: [GC (Allocation Failure) 51822K->435K(92608K), 0.0002220 secs]
574.497: [GC (Allocation Failure) 49967K->435K(90752K), 0.0002190 secs]
574.518: [GC (Allocation Failure) 48107K->435K(89024K), 0.0002040 secs]
574.579: [GC (Allocation Failure) 46349K->435K(87360K), 0.0002190 secs]
574.645: [GC (Allocation Failure) 44688K->435K(85760K), 0.0002160 secs]
574.664: [GC (Allocation Failure) 43028K->435K(84224K), 0.0002120 secs]
574.682: [GC (Allocation Failure) 41563K->435K(82752K), 0.0002030 secs]
574.703: [GC (Allocation Failure) 40098K->435K(81344K), 0.0002010 secs]
574.722: [GC (Allocation Failure) 38633K->435K(80000K), 0.0002100 secs]
574.738: [GC (Allocation Failure) 37363K->435K(78720K), 0.0002330 secs]
574.758: [GC (Allocation Failure) 35996K->435K(77504K), 0.0002100 secs]
574.847: [GC (Allocation Failure) 34823K->435K(76352K), 0.0003260 secs]
574.887: [GC (Allocation Failure) 33651K->435K(75264K), 0.0002040 secs]
574.940: [GC (Allocation Failure) 32577K->435K(74240K), 0.0002130 secs]
574.958: [GC (Allocation Failure) 31600K->435K(73216K), 0.0002030 secs]
574.971: [GC (Allocation Failure) 30526K->435K(72256K), 0.0002110 secs]
574.988: [GC (Allocation Failure) 29549K->435K(71360K), 0.0002110 secs]
575.139: [GC (Allocation Failure) 28670K->435K(70464K), 0.0002040 secs]
575.151: [GC (Allocation Failure) 27791K->435K(69632K), 0.0002250 secs]
575.163: [GC (Allocation Failure) 26912K->435K(74944K), 0.0002130 secs]
575.237: [GC (Allocation Failure) 32284K->435K(73920K), 0.0002030 secs]
575.255: [GC (Allocation Failure) 31210K->435K(72960K), 0.0002150 secs]
575.272: [GC (Allocation Failure) 30233K->435K(72000K), 0.0002120 secs]
575.285: [GC (Allocation Failure) 29354K->435K(77824K), 0.0002290 secs]
575.301: [GC (Allocation Failure) 35116K->435K(84800K), 0.0002130 secs]
575.319: [GC (Allocation Failure) 42149K->435K(93184K), 0.0002010 secs]
575.344: [GC (Allocation Failure) 50455K->435K(91328K), 0.0002090 secs]
575.448: [GC (Allocation Failure) 48595K->435K(89536K), 0.0002130 secs]
575.472: [GC (Allocation Failure) 46837K->435K(87872K), 0.0002700 secs]
575.491: [GC (Allocation Failure) 45177K->435K(86272K), 0.0002020 secs]
575.546: [GC (Allocation Failure) 43614K->435K(84736K), 0.0002120 secs]
575.565: [GC (Allocation Failure) 42051K->435K(83264K), 0.0002260 secs]
575.582: [GC (Allocation Failure) 40586K->435K(81856K), 0.0002120 secs]
575.599: [GC (Allocation Failure) 39219K->435K(80512K), 0.0002140 secs]
575.667: [GC (Allocation Failure) 37851K->435K(79232K), 0.0002170 secs]
575.690: [GC (Allocation Failure) 36582K->435K(78016K), 0.0002120 secs]
575.705: [GC (Allocation Failure) 35312K->435K(76864K), 0.0002010 secs]
575.777: [GC (Allocation Failure) 34140K->435K(75776K), 0.0002360 secs]
575.792: [GC (Allocation Failure) 33065K->435K(74688K), 0.0002580 secs]
575.837: [GC (Allocation Failure) 31991K->435K(73664K), 0.0002020 secs]
575.885: [GC (Allocation Failure) 31014K->435K(72704K), 0.0002100 secs]
575.902: [GC (Allocation Failure) 30038K->435K(71808K), 0.0002280 secs]
576.038: [GC (Allocation Failure) 29158K->435K(70912K), 0.0002030 secs]
576.051: [GC (Allocation Failure) 28182K->435K(70080K), 0.0002050 secs]
576.140: [GC (Allocation Failure) 27400K->435K(69248K), 0.0002190 secs]
576.155: [GC (Allocation Failure) 26521K->435K(68480K), 0.0002160 secs]
576.167: [GC (Allocation Failure) 25838K->435K(67712K), 0.0002110 secs]
576.181: [GC (Allocation Failure) 25052K->435K(72640K), 0.0002020 secs]
576.194: [GC (Allocation Failure) 29940K->435K(78592K), 0.0002130 secs]
576.344: [GC (Allocation Failure) 35898K->435K(77376K), 0.0002100 secs]
576.363: [GC (Allocation Failure) 34726K->435K(76224K), 0.0002170 secs]
576.382: [GC (Allocation Failure) 33554K->435K(75136K), 0.0002140 secs]
576.397: [GC (Allocation Failure) 32479K->435K(81600K), 0.0002270 secs]
576.418: [GC (Allocation Failure) 38926K->435K(80256K), 0.0002090 secs]
576.442: [GC (Allocation Failure) 37558K->435K(78976K), 0.0002430 secs]
576.458: [GC (Allocation Failure) 36289K->435K(77760K), 0.0002060 secs]
576.490: [GC (Allocation Failure) 35116K->435K(76608K), 0.0002620 secs]
576.589: [GC (Allocation Failure) 33944K->435K(75520K), 0.0002140 secs]
576.607: [GC (Allocation Failure) 32870K->435K(74496K), 0.0002090 secs]
576.642: [GC (Allocation Failure) 31796K->435K(73472K), 0.0002090 secs]
576.660: [GC (Allocation Failure) 30819K->435K(72512K), 0.0002010 secs]
576.691: [GC (Allocation Failure) 29842K->435K(71616K), 0.0002010 secs]
576.704: [GC (Allocation Failure) 28963K->435K(70720K), 0.0002180 secs]
576.737: [GC (Allocation Failure) 27986K->435K(69888K), 0.0002210 secs]
576.749: [GC (Allocation Failure) 27205K->435K(75264K), 0.0002150 secs]
576.893: [GC (Allocation Failure) 32577K->435K(74240K), 0.0002220 secs]
576.910: [GC (Allocation Failure) 31600K->435K(73216K), 0.0002150 secs]
576.924: [GC (Allocation Failure) 30526K->435K(72256K), 0.0002140 secs]
576.941: [GC (Allocation Failure) 29549K->435K(78144K), 0.0002140 secs]
576.990: [GC (Allocation Failure) 35409K->435K(76992K), 0.0002130 secs]
577.005: [GC (Allocation Failure) 34335K->435K(75904K), 0.0002010 secs]
577.039: [GC (Allocation Failure) 33261K->435K(74816K), 0.0002150 secs]
577.057: [GC (Allocation Failure) 32089K->435K(73792K), 0.0002110 secs]
577.070: [GC (Allocation Failure) 31112K->435K(72832K), 0.0002010 secs]
577.087: [GC (Allocation Failure) 30135K->435K(78784K), 0.0002100 secs]
577.170: [GC (Allocation Failure) 36093K->435K(77568K), 0.0002100 secs]
577.189: [GC (Allocation Failure) 34921K->435K(76416K), 0.0002360 secs]
577.241: [GC (Allocation Failure) 33749K->435K(75328K), 0.0002070 secs]
577.259: [GC (Allocation Failure) 32675K->435K(74304K), 0.0002700 secs]
577.276: [GC (Allocation Failure) 31600K->435K(73280K), 0.0002130 secs]
577.339: [GC (Allocation Failure) 30624K->435K(72320K), 0.0002020 secs]
577.492: [GC (Allocation Failure) 29647K->435K(71424K), 0.0002220 secs]
577.505: [GC (Allocation Failure) 28768K->435K(70528K), 0.0002170 secs]
577.517: [GC (Allocation Failure) 27889K->435K(69696K), 0.0002140 secs]
577.533: [GC (Allocation Failure) 27010K->435K(75072K), 0.0002010 secs]
577.551: [GC (Allocation Failure) 32382K->435K(81472K), 0.0002210 secs]
577.592: [GC (Allocation Failure) 38828K->435K(80128K), 0.0002020 secs]
577.643: [GC (Allocation Failure) 37461K->435K(78848K), 0.0002060 secs]
577.795: [GC (Allocation Failure) 36191K->435K(77632K), 0.0002240 secs]
577.815: [GC (Allocation Failure) 34921K->435K(76480K), 0.0002120 secs]
577.894: [GC (Allocation Failure) 33749K->435K(75392K), 0.0002050 secs]
577.909: [GC (Allocation Failure) 32675K->435K(74368K), 0.0002060 secs]
577.926: [GC (Allocation Failure) 31698K->435K(73344K), 0.0002250 secs]
577.944: [GC (Allocation Failure) 30624K->435K(72384K), 0.0002120 secs]
577.957: [GC (Allocation Failure) 29745K->435K(78272K), 0.0002090 secs]
577.973: [GC (Allocation Failure) 35605K->435K(85312K), 0.0002040 secs]
577.994: [GC (Allocation Failure) 42637K->435K(83840K), 0.0002120 secs]
578.012: [GC (Allocation Failure) 41172K->435K(82432K), 0.0002020 secs]
578.033: [GC (Allocation Failure) 39707K->435K(81088K), 0.0002120 secs]
578.054: [GC (Allocation Failure) 38437K->435K(79808K), 0.0002220 secs]
578.142: [GC (Allocation Failure) 37168K->435K(78592K), 0.0002330 secs]
578.158: [GC (Allocation Failure) 35898K->435K(77376K), 0.0002080 secs]
578.195: [GC (Allocation Failure) 34726K->435K(76224K), 0.0002200 secs]
578.214: [GC (Allocation Failure) 33554K->435K(75136K), 0.0002110 secs]
578.228: [GC (Allocation Failure) 32479K->435K(74112K), 0.0002160 secs]
578.341: [GC (Allocation Failure) 31405K->435K(73152K), 0.0002850 secs]
578.386: [GC (Allocation Failure) 30428K->435K(72192K), 0.0002030 secs]
578.417: [GC (Allocation Failure) 29549K->435K(71296K), 0.0002100 secs]
578.429: [GC (Allocation Failure) 28572K->435K(70400K), 0.0002030 secs]
578.442: [GC (Allocation Failure) 27693K->435K(69568K), 0.0002160 secs]
578.453: [GC (Allocation Failure) 26912K->435K(74880K), 0.0002070 secs]
578.491: [GC (Allocation Failure) 32186K->435K(73856K), 0.0002850 secs]
578.508: [GC (Allocation Failure) 31210K->435K(80064K), 0.0002170 secs]
578.557: [GC (Allocation Failure) 37363K->435K(78784K), 0.0002080 secs]
578.577: [GC (Allocation Failure) 36093K->435K(77568K), 0.0002010 secs]
578.596: [GC (Allocation Failure) 34921K->435K(76416K), 0.0002030 secs]
578.646: [GC (Allocation Failure) 33749K->435K(75328K), 0.0002170 secs]
578.660: [GC (Allocation Failure) 32675K->435K(74304K), 0.0002160 secs]
578.695: [GC (Allocation Failure) 31600K->435K(73280K), 0.0002250 secs]
578.713: [GC (Allocation Failure) 30624K->435K(72320K), 0.0002100 secs]
578.744: [GC (Allocation Failure) 29647K->435K(71424K), 0.0002050 secs]
578.757: [GC (Allocation Failure) 28768K->435K(70528K), 0.0002150 secs]
578.769: [GC (Allocation Failure) 27889K->435K(76032K), 0.0002140 secs]
578.792: [GC (Allocation Failure) 33358K->435K(82624K), 0.0002130 secs]
578.813: [GC (Allocation Failure) 39902K->435K(81280K), 0.0002120 secs]
578.834: [GC (Allocation Failure) 38633K->435K(80000K), 0.0002090 secs]
578.874: [GC (Allocation Failure) 37363K->435K(78720K), 0.0002190 secs]
578.893: [GC (Allocation Failure) 35996K->435K(77504K), 0.0002160 secs]
578.908: [GC (Allocation Failure) 34823K->435K(76352K), 0.0002150 secs]
578.927: [GC (Allocation Failure) 33651K->435K(75264K), 0.0002110 secs]
578.953: [GC (Allocation Failure) 32577K->435K(74240K), 0.0002180 secs]
578.995: [GC (Allocation Failure) 31600K->435K(73216K), 0.0002150 secs]
579.009: [GC (Allocation Failure) 30526K->435K(72256K), 0.0002180 secs]
579.040: [GC (Allocation Failure) 29549K->435K(71360K), 0.0002020 secs]
579.094: [GC (Allocation Failure) 28670K->435K(70464K), 0.0002120 secs]
579.106: [GC (Allocation Failure) 27791K->435K(69632K), 0.0002180 secs]
579.174: [GC (Allocation Failure) 26912K->435K(68864K), 0.0002230 secs]
579.189: [GC (Allocation Failure) 26131K->435K(68096K), 0.0002370 secs]
579.239: [GC (Allocation Failure) 25447K->435K(67392K), 0.0002250 secs]
579.254: [GC (Allocation Failure) 24662K->435K(66688K), 0.0002700 secs]
579.268: [GC (Allocation Failure) 23978K->435K(71424K), 0.0002830 secs]
579.281: [GC (Allocation Failure) 28768K->435K(77120K), 0.0002280 secs]
579.300: [GC (Allocation Failure) 34433K->435K(83968K), 0.0002140 secs]
579.344: [GC (Allocation Failure) 41270K->435K(82560K), 0.0002020 secs]
579.399: [GC (Allocation Failure) 39902K->435K(81216K), 0.0002100 secs]
579.416: [GC (Allocation Failure) 38535K->435K(79936K), 0.0002190 secs]
579.498: [GC (Allocation Failure) 37265K->435K(78656K), 0.0002170 secs]
579.514: [GC (Allocation Failure) 35996K->435K(77440K), 0.0002290 secs]
579.530: [GC (Allocation Failure) 34726K->435K(76288K), 0.0002110 secs]
579.597: [GC (Allocation Failure) 33554K->435K(75200K), 0.0002100 secs]
579.611: [GC (Allocation Failure) 32479K->435K(74176K), 0.0002120 secs]
579.629: [GC (Allocation Failure) 31503K->435K(73152K), 0.0001980 secs]
579.652: [GC (Allocation Failure) 30428K->435K(72192K), 0.0002080 secs]
579.669: [GC (Allocation Failure) 29549K->435K(78016K), 0.0002720 secs]
579.689: [GC (Allocation Failure) 35312K->435K(76864K), 0.0002120 secs]
579.793: [GC (Allocation Failure) 34140K->435K(75776K), 0.0002160 secs]
579.847: [GC (Allocation Failure) 33065K->435K(74688K), 0.0002220 secs]
579.865: [GC (Allocation Failure) 31991K->435K(73664K), 0.0002150 secs]
579.883: [GC (Allocation Failure) 31014K->435K(72704K), 0.0002130 secs]
579.900: [GC (Allocation Failure) 30038K->435K(71808K), 0.0002120 secs]
579.913: [GC (Allocation Failure) 29158K->435K(77568K), 0.0002030 secs]
579.944: [GC (Allocation Failure) 34921K->435K(76416K), 0.0002230 secs]
579.959: [GC (Allocation Failure) 33749K->435K(75328K), 0.0002000 secs]
580.060: [GC (Allocation Failure) 32675K->435K(74304K), 0.0002290 secs]
580.079: [GC (Allocation Failure) 31600K->435K(73280K), 0.0002300 secs]
580.096: [GC (Allocation Failure) 30624K->435K(72320K), 0.0002140 secs]
580.146: [GC (Allocation Failure) 29647K->435K(71424K), 0.0002010 secs]
580.159: [GC (Allocation Failure) 28768K->435K(77120K), 0.0003200 secs]
580.194: [GC (Allocation Failure) 34433K->435K(75968K), 0.0002240 secs]
580.212: [GC (Allocation Failure) 33261K->435K(82560K), 0.0002710 secs]
580.229: [GC (Allocation Failure) 39902K->435K(90496K), 0.0002750 secs]
580.363: [GC (Allocation Failure) 47814K->435K(88768K), 0.0002160 secs]
580.393: [GC (Allocation Failure) 46056K->435K(87104K), 0.0002170 secs]
580.434: [GC (Allocation Failure) 44395K->435K(85504K), 0.0002300 secs]
580.454: [GC (Allocation Failure) 42833K->435K(83968K), 0.0002310 secs]
580.476: [GC (Allocation Failure) 41270K->435K(82560K), 0.0002090 secs]
580.504: [GC (Allocation Failure) 39902K->435K(81216K), 0.0002300 secs]
580.521: [GC (Allocation Failure) 38535K->435K(79936K), 0.0002610 secs]
580.546: [GC (Allocation Failure) 37265K->435K(78656K), 0.0002140 secs]
580.695: [GC (Allocation Failure) 35996K->435K(77440K), 0.0002040 secs]
580.749: [GC (Allocation Failure) 34726K->435K(76288K), 0.0002100 secs]
580.768: [GC (Allocation Failure) 33554K->435K(75200K), 0.0002010 secs]
580.782: [GC (Allocation Failure) 32479K->435K(74176K), 0.0002170 secs]
580.849: [GC (Allocation Failure) 31503K->435K(73152K), 0.0002300 secs]
580.866: [GC (Allocation Failure) 30428K->435K(72192K), 0.0002140 secs]
580.891: [GC (Allocation Failure) 29549K->435K(71296K), 0.0002220 secs]
580.904: [GC (Allocation Failure) 28572K->435K(70400K), 0.0002160 secs]
580.916: [GC (Allocation Failure) 27693K->435K(75904K), 0.0002130 secs]
580.945: [GC (Allocation Failure) 33261K->435K(74816K), 0.0002030 secs]
580.998: [GC (Allocation Failure) 32089K->435K(73792K), 0.0002220 secs]
581.012: [GC (Allocation Failure) 31112K->435K(72832K), 0.0002160 secs]
581.029: [GC (Allocation Failure) 30135K->435K(71872K), 0.0002020 secs]
581.042: [GC (Allocation Failure) 29158K->435K(77632K), 0.0002160 secs]
581.056: [GC (Allocation Failure) 34921K->435K(84544K), 0.0002030 secs]
581.078: [GC (Allocation Failure) 41856K->435K(92864K), 0.0002130 secs]
581.106: [GC (Allocation Failure) 50162K->435K(91008K), 0.0002160 secs]
581.127: [GC (Allocation Failure) 48302K->435K(89216K), 0.0002030 secs]
581.151: [GC (Allocation Failure) 46544K->435K(87552K), 0.0002130 secs]
581.181: [GC (Allocation Failure) 44884K->435K(85952K), 0.0002030 secs]
581.200: [GC (Allocation Failure) 43223K->435K(84416K), 0.0002120 secs]
581.217: [GC (Allocation Failure) 41758K->435K(82944K), 0.0002010 secs]
581.239: [GC (Allocation Failure) 40293K->435K(81536K), 0.0002220 secs]
581.263: [GC (Allocation Failure) 38828K->435K(80192K), 0.0002820 secs]
581.280: [GC (Allocation Failure) 37461K->435K(78912K), 0.0002150 secs]
581.299: [GC (Allocation Failure) 36191K->435K(77696K), 0.0002160 secs]
581.315: [GC (Allocation Failure) 35019K->435K(84672K), 0.0002030 secs]
581.333: [GC (Allocation Failure) 41953K->435K(92992K), 0.0002150 secs]
581.358: [GC (Allocation Failure) 50260K->435K(91136K), 0.0002010 secs]
581.402: [GC (Allocation Failure) 48498K->435K(89344K), 0.0002160 secs]
581.422: [GC (Allocation Failure) 46642K->435K(87680K), 0.0002140 secs]
581.445: [GC (Allocation Failure) 44981K->435K(86080K), 0.0002140 secs]
581.550: [GC (Allocation Failure) 43419K->435K(84544K), 0.0002070 secs]
581.649: [GC (Allocation Failure) 41856K->435K(83072K), 0.0002090 secs]
581.699: [GC (Allocation Failure) 40391K->435K(81664K), 0.0002130 secs]
581.715: [GC (Allocation Failure) 39023K->435K(80320K), 0.0002140 secs]
581.732: [GC (Allocation Failure) 37656K->435K(79040K), 0.0001990 secs]
581.751: [GC (Allocation Failure) 36386K->435K(77824K), 0.0002150 secs]
581.851: [GC (Allocation Failure) 35116K->435K(76672K), 0.0002110 secs]
581.869: [GC (Allocation Failure) 33944K->435K(75584K), 0.0002120 secs]
581.950: [GC (Allocation Failure) 32870K->435K(74560K), 0.0002070 secs]
581.964: [GC (Allocation Failure) 31893K->435K(73536K), 0.0002020 secs]
581.995: [GC (Allocation Failure) 30819K->435K(72576K), 0.0002040 secs]
582.059: [GC (Allocation Failure) 29842K->435K(71680K), 0.0002230 secs]
582.071: [GC (Allocation Failure) 28963K->435K(70784K), 0.0002020 secs]
582.144: [GC (Allocation Failure) 28084K->435K(69952K), 0.0002140 secs]
582.156: [GC (Allocation Failure) 27303K->435K(69120K), 0.0002030 secs]
582.206: [GC (Allocation Failure) 26424K->435K(68352K), 0.0002150 secs]
582.218: [GC (Allocation Failure) 25642K->435K(67584K), 0.0002270 secs]
582.232: [GC (Allocation Failure) 24857K->435K(72512K), 0.0002000 secs]
582.295: [GC (Allocation Failure) 29842K->435K(71616K), 0.0002250 secs]
582.311: [GC (Allocation Failure) 28963K->435K(70720K), 0.0002110 secs]
582.323: [GC (Allocation Failure) 27986K->435K(76288K), 0.0002140 secs]
582.350: [GC (Allocation Failure) 33554K->435K(75200K), 0.0002140 secs]
582.368: [GC (Allocation Failure) 32479K->435K(81664K), 0.0002730 secs]
582.389: [GC (Allocation Failure) 39023K->435K(89408K), 0.0002100 secs]
582.410: [GC (Allocation Failure) 46739K->435K(87744K), 0.0002040 secs]
582.443: [GC (Allocation Failure) 45079K->435K(86144K), 0.0003510 secs]
582.467: [GC (Allocation Failure) 43419K->435K(84608K), 0.0002290 secs]
582.489: [GC (Allocation Failure) 41953K->435K(83136K), 0.0002770 secs]
582.507: [GC (Allocation Failure) 40488K->435K(81728K), 0.0002120 secs]
582.524: [GC (Allocation Failure) 39023K->435K(89472K), 0.0002160 secs]
582.557: [GC (Allocation Failure) 46739K->435K(87808K), 0.0002220 secs]
582.580: [GC (Allocation Failure) 45079K->435K(86208K), 0.0002720 secs]
582.603: [GC (Allocation Failure) 43516K->435K(84672K), 0.0002110 secs]
582.668: [GC (Allocation Failure) 41953K->435K(83200K), 0.0002150 secs]
582.689: [GC (Allocation Failure) 40488K->435K(81792K), 0.0002130 secs]
582.707: [GC (Allocation Failure) 39121K->435K(80448K), 0.0002110 secs]
582.727: [GC (Allocation Failure) 37754K->435K(79168K), 0.0002730 secs]
582.747: [GC (Allocation Failure) 36484K->435K(77952K), 0.0002210 secs]
582.774: [GC (Allocation Failure) 35312K->435K(76800K), 0.0002150 secs]
582.798: [GC (Allocation Failure) 34140K->435K(75712K), 0.0002260 secs]
582.816: [GC (Allocation Failure) 33065K->435K(74624K), 0.0002140 secs]
582.829: [GC (Allocation Failure) 31893K->435K(80960K), 0.0002150 secs]
582.846: [GC (Allocation Failure) 38242K->435K(88576K), 0.0002040 secs]
583.003: [GC (Allocation Failure) 45860K->435K(86912K), 0.0002150 secs]
583.056: [GC (Allocation Failure) 44200K->435K(85312K), 0.0002220 secs]
583.075: [GC (Allocation Failure) 42637K->435K(83840K), 0.0002030 secs]
583.092: [GC (Allocation Failure) 41172K->435K(82432K), 0.0002110 secs]
583.113: [GC (Allocation Failure) 39707K->435K(81088K), 0.0002020 secs]
583.134: [GC (Allocation Failure) 38437K->435K(79808K), 0.0002100 secs]
583.150: [GC (Allocation Failure) 37168K->435K(78592K), 0.0002100 secs]
583.166: [GC (Allocation Failure) 35898K->435K(77376K), 0.0002020 secs]
583.180: [GC (Allocation Failure) 34726K->435K(84288K), 0.0002010 secs]
583.198: [GC (Allocation Failure) 41563K->435K(92544K), 0.0002340 secs]
583.224: [GC (Allocation Failure) 49867K->435K(90688K), 0.0002110 secs]
583.246: [GC (Allocation Failure) 48009K->435K(88960K), 0.0002050 secs]
583.304: [GC (Allocation Failure) 46251K->435K(87296K), 0.0002070 secs]
583.381: [GC (Allocation Failure) 44591K->435K(85696K), 0.0002250 secs]
583.400: [GC (Allocation Failure) 43028K->435K(84160K), 0.0002030 secs]
583.421: [GC (Allocation Failure) 41465K->435K(82688K), 0.0002110 secs]
583.451: [GC (Allocation Failure) 40000K->435K(81344K), 0.0002700 secs]
583.575: [GC (Allocation Failure) 38633K->435K(80000K), 0.0003220 secs]
583.607: [GC (Allocation Failure) 37363K->435K(78720K), 0.0002180 secs]
583.623: [GC (Allocation Failure) 35996K->435K(77504K), 0.0002030 secs]
583.665: [GC (Allocation Failure) 34823K->435K(76352K), 0.0002250 secs]
583.680: [GC (Allocation Failure) 33651K->435K(75264K), 0.0002050 secs]
583.694: [GC (Allocation Failure) 32577K->435K(74240K), 0.0002040 secs]
583.707: [GC (Allocation Failure) 31600K->435K(80512K), 0.0002020 secs]
583.764: [GC (Allocation Failure) 37851K->435K(79232K), 0.0002120 secs]
583.780: [GC (Allocation Failure) 36582K->435K(78016K), 0.0002040 secs]
583.804: [GC (Allocation Failure) 35312K->435K(76864K), 0.0002110 secs]
583.823: [GC (Allocation Failure) 34140K->435K(75776K), 0.0002080 secs]
583.837: [GC (Allocation Failure) 33065K->435K(74688K), 0.0002120 secs]
583.851: [GC (Allocation Failure) 31991K->435K(81024K), 0.0002120 secs]
583.871: [GC (Allocation Failure) 38340K->435K(88640K), 0.0002130 secs]
583.891: [GC (Allocation Failure) 45958K->435K(86976K), 0.0002050 secs]
583.910: [GC (Allocation Failure) 44298K->435K(85376K), 0.0002030 secs]
583.928: [GC (Allocation Failure) 42735K->435K(83904K), 0.0002020 secs]
583.946: [GC (Allocation Failure) 41172K->435K(82496K), 0.0002150 secs]
584.002: [GC (Allocation Failure) 39805K->435K(81152K), 0.0002150 secs]
584.155: [GC (Allocation Failure) 38437K->435K(79872K), 0.0002100 secs]
584.172: [GC (Allocation Failure) 37168K->435K(78656K), 0.0002130 secs]
584.191: [GC (Allocation Failure) 35996K->435K(77440K), 0.0002100 secs]
584.254: [GC (Allocation Failure) 34726K->435K(76288K), 0.0002030 secs]
584.273: [GC (Allocation Failure) 33554K->435K(75200K), 0.0002010 secs]
584.287: [GC (Allocation Failure) 32479K->435K(74176K), 0.0002160 secs]
584.304: [GC (Allocation Failure) 31503K->435K(73152K), 0.0002010 secs]
584.321: [GC (Allocation Failure) 30428K->435K(72192K), 0.0002120 secs]
584.334: [GC (Allocation Failure) 29549K->435K(78016K), 0.0002520 secs]
584.350: [GC (Allocation Failure) 35312K->435K(85056K), 0.0002390 secs]
584.369: [GC (Allocation Failure) 42344K->435K(93504K), 0.0002050 secs]
584.394: [GC (Allocation Failure) 50846K->435K(103616K), 0.0002060 secs]
584.430: [GC (Allocation Failure) 60906K->435K(101248K), 0.0002250 secs]
584.456: [GC (Allocation Failure) 58562K->435K(99008K), 0.0002030 secs]
584.484: [GC (Allocation Failure) 56315K->435K(96896K), 0.0002740 secs]
584.507: [GC (Allocation Failure) 54166K->435K(94848K), 0.0002040 secs]
584.562: [GC (Allocation Failure) 52115K->435K(92928K), 0.0002240 secs]
584.584: [GC (Allocation Failure) 50260K->435K(91072K), 0.0002040 secs]
584.672: [GC (Allocation Failure) 48400K->435K(89280K), 0.0002180 secs]
584.759: [GC (Allocation Failure) 46642K->435K(87616K), 0.0002170 secs]
584.782: [GC (Allocation Failure) 44884K->435K(86016K), 0.0002100 secs]
584.855: [GC (Allocation Failure) 43321K->435K(84480K), 0.0002040 secs]
584.873: [GC (Allocation Failure) 41758K->435K(83008K), 0.0002030 secs]
584.907: [GC (Allocation Failure) 40293K->435K(81600K), 0.0002110 secs]
584.924: [GC (Allocation Failure) 38926K->435K(80256K), 0.0002190 secs]
584.962: [GC (Allocation Failure) 37558K->435K(78976K), 0.0002340 secs]
584.978: [GC (Allocation Failure) 36289K->435K(77760K), 0.0002030 secs]
584.993: [GC (Allocation Failure) 35116K->435K(76608K), 0.0002140 secs]
585.007: [GC (Allocation Failure) 33944K->435K(75520K), 0.0002140 secs]
585.055: [GC (Allocation Failure) 32870K->435K(74496K), 0.0002830 secs]
585.073: [GC (Allocation Failure) 31796K->435K(73472K), 0.0002760 secs]
585.090: [GC (Allocation Failure) 30819K->435K(79552K), 0.0002110 secs]
585.110: [GC (Allocation Failure) 36875K->435K(78336K), 0.0002300 secs]
585.126: [GC (Allocation Failure) 35605K->435K(85440K), 0.0002130 secs]
585.144: [GC (Allocation Failure) 42735K->435K(93952K), 0.0002130 secs]
585.170: [GC (Allocation Failure) 51236K->435K(104128K), 0.0002840 secs]
585.197: [GC (Allocation Failure) 61394K->435K(101760K), 0.0002040 secs]
585.316: [GC (Allocation Failure) 59050K->435K(99520K), 0.0002220 secs]
585.345: [GC (Allocation Failure) 56804K->435K(97344K), 0.0002210 secs]
585.414: [GC (Allocation Failure) 54655K->435K(95296K), 0.0002130 secs]
585.437: [GC (Allocation Failure) 52604K->435K(93312K), 0.0002130 secs]
585.463: [GC (Allocation Failure) 50650K->435K(91456K), 0.0002110 secs]
585.555: [GC (Allocation Failure) 48791K->435K(89664K), 0.0002070 secs]
585.575: [GC (Allocation Failure) 46935K->435K(87936K), 0.0002130 secs]
585.595: [GC (Allocation Failure) 45274K->435K(86336K), 0.0002000 secs]
585.617: [GC (Allocation Failure) 43614K->435K(84800K), 0.0002000 secs]
585.637: [GC (Allocation Failure) 42149K->435K(83328K), 0.0002100 secs]
585.676: [GC (Allocation Failure) 40684K->435K(81920K), 0.0002260 secs]
585.697: [GC (Allocation Failure) 39219K->435K(80576K), 0.0002150 secs]
585.718: [GC (Allocation Failure) 37851K->435K(79296K), 0.0002120 secs]
585.753: [GC (Allocation Failure) 36582K->435K(78080K), 0.0002060 secs]
585.900: [GC (Allocation Failure) 35409K->435K(76928K), 0.0002210 secs]
585.915: [GC (Allocation Failure) 34237K->435K(75840K), 0.0002130 secs]
585.973: [GC (Allocation Failure) 33163K->435K(74752K), 0.0002180 secs]
586.005: [GC (Allocation Failure) 32089K->435K(73728K), 0.0002230 secs]
586.023: [GC (Allocation Failure) 31014K->435K(72768K), 0.0002140 secs]
586.052: [GC (Allocation Failure) 30038K->435K(71808K), 0.0002140 secs]
586.066: [GC (Allocation Failure) 29158K->435K(70912K), 0.0002140 secs]
586.079: [GC (Allocation Failure) 28182K->435K(76480K), 0.0002150 secs]
586.121: [GC (Allocation Failure) 33749K->435K(75392K), 0.0002250 secs]
586.136: [GC (Allocation Failure) 32675K->435K(81856K), 0.0002650 secs]
586.171: [GC (Allocation Failure) 39219K->435K(80512K), 0.0002120 secs]
586.192: [GC (Allocation Failure) 37851K->435K(79232K), 0.0002050 secs]
586.208: [GC (Allocation Failure) 36582K->435K(78016K), 0.0002170 secs]
586.254: [GC (Allocation Failure) 35312K->435K(76864K), 0.0002270 secs]
586.269: [GC (Allocation Failure) 34140K->435K(75776K), 0.0002030 secs]
586.302: [GC (Allocation Failure) 33065K->435K(74688K), 0.0002130 secs]
586.355: [GC (Allocation Failure) 31991K->435K(73664K), 0.0002240 secs]
586.373: [GC (Allocation Failure) 31014K->435K(72704K), 0.0002140 secs]
586.418: [GC (Allocation Failure) 30038K->435K(71808K), 0.0002140 secs]
586.447: [GC (Allocation Failure) 29158K->435K(70912K), 0.0002240 secs]
586.460: [GC (Allocation Failure) 28182K->435K(70080K), 0.0002160 secs]
586.505: [GC (Allocation Failure) 27400K->435K(69248K), 0.0002240 secs]
586.521: [GC (Allocation Failure) 26521K->435K(68480K), 0.0002650 secs]
586.532: [GC (Allocation Failure) 25838K->435K(73600K), 0.0002270 secs]
586.549: [GC (Allocation Failure) 30917K->435K(79744K), 0.0002140 secs]
586.569: [GC (Allocation Failure) 37070K->435K(87104K), 0.0002110 secs]
586.589: [GC (Allocation Failure) 44395K->435K(95936K), 0.0002120 secs]
586.612: [GC (Allocation Failure) 53287K->435K(106560K), 0.0002730 secs]
586.770: [GC (Allocation Failure) 63836K->435K(104064K), 0.0002220 secs]
586.797: [GC (Allocation Failure) 61394K->435K(101696K), 0.0002000 secs]
586.826: [GC (Allocation Failure) 59050K->435K(99456K), 0.0002120 secs]
586.855: [GC (Allocation Failure) 56804K->435K(97280K), 0.0002080 secs]
586.878: [GC (Allocation Failure) 54557K->435K(95232K), 0.0002060 secs]
586.912: [GC (Allocation Failure) 52506K->435K(93248K), 0.0002120 secs]
586.933: [GC (Allocation Failure) 50553K->435K(91392K), 0.0002140 secs]
586.961: [GC (Allocation Failure) 48693K->435K(89600K), 0.0002290 secs]
586.985: [GC (Allocation Failure) 46935K->435K(87936K), 0.0002010 secs]
587.009: [GC (Allocation Failure) 45274K->435K(86336K), 0.0002810 secs]
587.028: [GC (Allocation Failure) 43614K->435K(84800K), 0.0002140 secs]
587.046: [GC (Allocation Failure) 42149K->435K(83328K), 0.0002230 secs]
587.068: [GC (Allocation Failure) 40684K->435K(81920K), 0.0002020 secs]
587.089: [GC (Allocation Failure) 39219K->435K(80576K), 0.0002160 secs]
587.109: [GC (Allocation Failure) 37851K->435K(79296K), 0.0002010 secs]
587.159: [GC (Allocation Failure) 36582K->435K(78080K), 0.0002090 secs]
587.174: [GC (Allocation Failure) 35409K->435K(76928K), 0.0002780 secs]
587.208: [GC (Allocation Failure) 34237K->435K(75840K), 0.0002220 secs]
587.226: [GC (Allocation Failure) 33163K->435K(74752K), 0.0002150 secs]
587.339: [GC (Allocation Failure) 32089K->435K(73728K), 0.0002070 secs]
587.407: [GC (Allocation Failure) 31014K->435K(72768K), 0.0002110 secs]
587.424: [GC (Allocation Failure) 30038K->435K(71808K), 0.0002280 secs]
587.437: [GC (Allocation Failure) 29158K->435K(70912K), 0.0002030 secs]
587.502: [GC (Allocation Failure) 28182K->435K(70080K), 0.0002240 secs]
587.517: [GC (Allocation Failure) 27400K->435K(69248K), 0.0002710 secs]
587.533: [GC (Allocation Failure) 26521K->435K(68480K), 0.0002120 secs]
587.545: [GC (Allocation Failure) 25838K->435K(73600K), 0.0002140 secs]
587.562: [GC (Allocation Failure) 30917K->435K(79744K), 0.0002110 secs]
587.660: [GC (Allocation Failure) 37070K->435K(78528K), 0.0002040 secs]
587.675: [GC (Allocation Failure) 35800K->435K(77312K), 0.0002020 secs]
587.709: [GC (Allocation Failure) 34628K->435K(76160K), 0.0002100 secs]
587.724: [GC (Allocation Failure) 33456K->435K(75072K), 0.0002020 secs]
587.754: [GC (Allocation Failure) 32382K->435K(74048K), 0.0002120 secs]
587.767: [GC (Allocation Failure) 31405K->435K(73088K), 0.0002010 secs]
587.807: [GC (Allocation Failure) 30428K->435K(72128K), 0.0002160 secs]
587.824: [GC (Allocation Failure) 29451K->435K(71232K), 0.0002030 secs]
587.836: [GC (Allocation Failure) 28572K->435K(76864K), 0.0002180 secs]
587.859: [GC (Allocation Failure) 34140K->435K(75776K), 0.0002380 secs]
587.874: [GC (Allocation Failure) 33065K->435K(82368K), 0.0002660 secs]
587.957: [GC (Allocation Failure) 39707K->435K(81024K), 0.0002030 secs]
588.007: [GC (Allocation Failure) 38340K->435K(79744K), 0.0002020 secs]
588.057: [GC (Allocation Failure) 37070K->435K(78528K), 0.0002250 secs]
588.076: [GC (Allocation Failure) 35800K->435K(77312K), 0.0002100 secs]
588.169: [GC (Allocation Failure) 34628K->435K(76160K), 0.0002030 secs]
588.183: [GC (Allocation Failure) 33456K->435K(75072K), 0.0002150 secs]
588.259: [GC (Allocation Failure) 32382K->435K(74048K), 0.0002110 secs]
588.276: [GC (Allocation Failure) 31405K->435K(73088K), 0.0002070 secs]
588.291: [GC (Allocation Failure) 30428K->435K(72128K), 0.0002040 secs]
588.307: [GC (Allocation Failure) 29451K->435K(71232K), 0.0002110 secs]
588.320: [GC (Allocation Failure) 28572K->435K(76864K), 0.0003210 secs]
588.354: [GC (Allocation Failure) 34140K->435K(83648K), 0.0002170 secs]
588.373: [GC (Allocation Failure) 40977K->435K(91776K), 0.0002400 secs]
588.416: [GC (Allocation Failure) 49084K->435K(89984K), 0.0002150 secs]
588.436: [GC (Allocation Failure) 47325K->435K(88256K), 0.0002050 secs]
588.461: [GC (Allocation Failure) 45567K->435K(86592K), 0.0002230 secs]
588.501: [GC (Allocation Failure) 43907K->435K(85056K), 0.0002120 secs]
588.523: [GC (Allocation Failure) 42344K->435K(83584K), 0.0002760 secs]
588.541: [GC (Allocation Failure) 40879K->435K(82176K), 0.0002010 secs]
588.608: [GC (Allocation Failure) 39512K->435K(80832K), 0.0003500 secs]
588.628: [GC (Allocation Failure) 38144K->435K(79552K), 0.0002750 secs]
588.648: [GC (Allocation Failure) 36875K->435K(78336K), 0.0002080 secs]
588.664: [GC (Allocation Failure) 35605K->435K(77184K), 0.0002040 secs]
588.773: [GC (Allocation Failure) 34530K->435K(76032K), 0.0002030 secs]
588.856: [GC (Allocation Failure) 33358K->435K(74944K), 0.0002050 secs]
588.905: [GC (Allocation Failure) 32284K->435K(73920K), 0.0002130 secs]
588.959: [GC (Allocation Failure) 31210K->435K(72960K), 0.0002180 secs]
588.976: [GC (Allocation Failure) 30233K->435K(72000K), 0.0002070 secs]
588.988: [GC (Allocation Failure) 29354K->435K(71104K), 0.0002160 secs]
589.005: [GC (Allocation Failure) 28377K->435K(70272K), 0.0002090 secs]
589.104: [GC (Allocation Failure) 27596K->435K(69440K), 0.0002020 secs]
589.154: [GC (Allocation Failure) 26717K->435K(68672K), 0.0002110 secs]
589.165: [GC (Allocation Failure) 26033K->435K(67904K), 0.0002120 secs]
589.203: [GC (Allocation Failure) 25250K->435K(67200K), 0.0002100 secs]
589.213: [GC (Allocation Failure) 24466K->435K(72064K), 0.0002140 secs]
589.256: [GC (Allocation Failure) 29354K->435K(71168K), 0.0002110 secs]
589.287: [GC (Allocation Failure) 28475K->435K(70336K), 0.0002260 secs]
589.303: [GC (Allocation Failure) 27693K->435K(69504K), 0.0002650 secs]
589.315: [GC (Allocation Failure) 26814K->435K(74816K), 0.0002030 secs]
589.333: [GC (Allocation Failure) 32089K->435K(81216K), 0.0002110 secs]
589.363: [GC (Allocation Failure) 38535K->435K(79936K), 0.0002340 secs]
589.384: [GC (Allocation Failure) 37265K->435K(78656K), 0.0002280 secs]
589.401: [GC (Allocation Failure) 35996K->435K(85824K), 0.0002660 secs]
589.420: [GC (Allocation Failure) 43126K->435K(94400K), 0.0002130 secs]
589.514: [GC (Allocation Failure) 51725K->435K(92480K), 0.0002140 secs]
589.669: [GC (Allocation Failure) 49767K->435K(90624K), 0.0002260 secs]
589.689: [GC (Allocation Failure) 47911K->435K(88896K), 0.0002150 secs]
589.709: [GC (Allocation Failure) 46251K->435K(87232K), 0.0002040 secs]
589.762: [GC (Allocation Failure) 44591K->435K(85632K), 0.0002050 secs]
589.811: [GC (Allocation Failure) 42930K->435K(84096K), 0.0002020 secs]
589.960: [GC (Allocation Failure) 41367K->435K(82624K), 0.0002030 secs]
590.010: [GC (Allocation Failure) 39902K->435K(81280K), 0.0002150 secs]
590.059: [GC (Allocation Failure) 38633K->435K(80000K), 0.0002120 secs]
590.079: [GC (Allocation Failure) 37363K->435K(78720K), 0.0002000 secs]
590.112: [GC (Allocation Failure) 35996K->435K(77504K), 0.0002020 secs]
590.127: [GC (Allocation Failure) 34823K->435K(76352K), 0.0002020 secs]
590.169: [GC (Allocation Failure) 33651K->435K(75264K), 0.0002150 secs]
590.187: [GC (Allocation Failure) 32577K->435K(74240K), 0.0002020 secs]
590.211: [GC (Allocation Failure) 31600K->435K(73216K), 0.0002160 secs]
590.224: [GC (Allocation Failure) 30526K->435K(72256K), 0.0002150 secs]
590.241: [GC (Allocation Failure) 29549K->435K(71360K), 0.0002120 secs]
590.258: [GC (Allocation Failure) 28670K->435K(77056K), 0.0002810 secs]
590.277: [GC (Allocation Failure) 34335K->435K(83904K), 0.0002180 secs]
590.299: [GC (Allocation Failure) 41172K->435K(92096K), 0.0002200 secs]
590.363: [GC (Allocation Failure) 49377K->435K(90304K), 0.0002190 secs]
590.387: [GC (Allocation Failure) 47618K->435K(88576K), 0.0002010 secs]
590.411: [GC (Allocation Failure) 45860K->435K(86912K), 0.0001990 secs]
590.430: [GC (Allocation Failure) 44200K->435K(85312K), 0.0002110 secs]
590.453: [GC (Allocation Failure) 42637K->435K(83840K), 0.0003410 secs]
590.471: [GC (Allocation Failure) 41172K->435K(82432K), 0.0002130 secs]
590.561: [GC (Allocation Failure) 39707K->435K(81088K), 0.0002050 secs]
590.614: [GC (Allocation Failure) 38437K->435K(79808K), 0.0002560 secs]
590.631: [GC (Allocation Failure) 37168K->435K(78592K), 0.0002020 secs]
590.661: [GC (Allocation Failure) 35898K->435K(77376K), 0.0002150 secs]
590.709: [GC (Allocation Failure) 34726K->435K(76224K), 0.0002120 secs]
590.723: [GC (Allocation Failure) 33554K->435K(75136K), 0.0002020 secs]
590.777: [GC (Allocation Failure) 32479K->435K(74112K), 0.0002390 secs]
590.794: [GC (Allocation Failure) 31405K->435K(73152K), 0.0002890 secs]
590.862: [GC (Allocation Failure) 30428K->435K(72192K), 0.0002030 secs]
590.875: [GC (Allocation Failure) 29549K->435K(78016K), 0.0003240 secs]
590.913: [GC (Allocation Failure) 35312K->435K(76864K), 0.0002260 secs]
590.932: [GC (Allocation Failure) 34140K->435K(75776K), 0.0002030 secs]
590.947: [GC (Allocation Failure) 33065K->435K(82368K), 0.0002280 secs]
590.968: [GC (Allocation Failure) 39707K->435K(81024K), 0.0002090 secs]
591.111: [GC (Allocation Failure) 38340K->435K(79744K), 0.0002710 secs]
591.164: [GC (Allocation Failure) 37070K->435K(78528K), 0.0002160 secs]
591.180: [GC (Allocation Failure) 35800K->435K(77312K), 0.0002130 secs]
591.213: [GC (Allocation Failure) 34628K->435K(76160K), 0.0002220 secs]
591.228: [GC (Allocation Failure) 33456K->435K(75072K), 0.0002030 secs]
591.259: [GC (Allocation Failure) 32382K->435K(74048K), 0.0002010 secs]
591.344: [GC (Allocation Failure) 31405K->435K(73088K), 0.0002160 secs]
591.361: [GC (Allocation Failure) 30428K->435K(72128K), 0.0002040 secs]
591.378: [GC (Allocation Failure) 29451K->435K(71232K), 0.0002000 secs]
591.390: [GC (Allocation Failure) 28572K->435K(70400K), 0.0002230 secs]
591.403: [GC (Allocation Failure) 27693K->435K(75904K), 0.0002000 secs]
591.459: [GC (Allocation Failure) 33261K->435K(74816K), 0.0002110 secs]
591.477: [GC (Allocation Failure) 32089K->435K(73792K), 0.0002000 secs]
591.491: [GC (Allocation Failure) 31112K->435K(72832K), 0.0002010 secs]
591.508: [GC (Allocation Failure) 30135K->435K(78784K), 0.0002160 secs]
591.565: [GC (Allocation Failure) 36093K->435K(77568K), 0.0002190 secs]
591.584: [GC (Allocation Failure) 34921K->435K(76416K), 0.0002060 secs]
591.603: [GC (Allocation Failure) 33749K->435K(75328K), 0.0002140 secs]
591.617: [GC (Allocation Failure) 32675K->435K(74304K), 0.0002160 secs]
591.631: [GC (Allocation Failure) 31600K->435K(80576K), 0.0002030 secs]
591.671: [GC (Allocation Failure) 37851K->435K(79296K), 0.0002170 secs]
591.686: [GC (Allocation Failure) 36582K->435K(78080K), 0.0002140 secs]
591.761: [GC (Allocation Failure) 35409K->435K(76928K), 0.0002170 secs]
591.810: [GC (Allocation Failure) 34237K->435K(75840K), 0.0002160 secs]
591.863: [GC (Allocation Failure) 33163K->435K(74752K), 0.0002150 secs]
591.877: [GC (Allocation Failure) 32089K->435K(73728K), 0.0002130 secs]
591.909: [GC (Allocation Failure) 31014K->435K(72768K), 0.0002630 secs]
591.971: [GC (Allocation Failure) 30038K->435K(71808K), 0.0002160 secs]
591.988: [GC (Allocation Failure) 29158K->435K(70912K), 0.0002020 secs]
592.000: [GC (Allocation Failure) 28182K->435K(70080K), 0.0002270 secs]
592.016: [GC (Allocation Failure) 27400K->435K(69248K), 0.0001990 secs]
592.032: [GC (Allocation Failure) 26521K->435K(74496K), 0.0002820 secs]
592.050: [GC (Allocation Failure) 31796K->435K(80832K), 0.0002100 secs]
592.078: [GC (Allocation Failure) 38144K->435K(88384K), 0.0002450 secs]
592.102: [GC (Allocation Failure) 45665K->435K(86720K), 0.0002260 secs]
592.169: [GC (Allocation Failure) 44005K->435K(85184K), 0.0002040 secs]
592.191: [GC (Allocation Failure) 42540K->435K(83712K), 0.0002050 secs]
592.209: [GC (Allocation Failure) 41074K->435K(82304K), 0.0002180 secs]
592.226: [GC (Allocation Failure) 39609K->435K(80960K), 0.0002210 secs]
592.312: [GC (Allocation Failure) 38242K->435K(79680K), 0.0002030 secs]
592.370: [GC (Allocation Failure) 36972K->435K(78464K), 0.0002140 secs]
592.390: [GC (Allocation Failure) 35800K->435K(77312K), 0.0002020 secs]
592.414: [GC (Allocation Failure) 34628K->435K(76160K), 0.0002060 secs]
592.429: [GC (Allocation Failure) 33456K->435K(75072K), 0.0002060 secs]
592.443: [GC (Allocation Failure) 32382K->435K(74048K), 0.0002110 secs]
592.496: [GC (Allocation Failure) 31405K->435K(73088K), 0.0002100 secs]
592.513: [GC (Allocation Failure) 30428K->435K(72128K), 0.0002010 secs]
592.559: [GC (Allocation Failure) 29451K->435K(71232K), 0.0002020 secs]
592.613: [GC (Allocation Failure) 28572K->435K(70400K), 0.0002210 secs]
592.629: [GC (Allocation Failure) 27693K->435K(69568K), 0.0002130 secs]
592.645: [GC (Allocation Failure) 26912K->435K(68800K), 0.0002800 secs]
592.661: [GC (Allocation Failure) 26131K->435K(73984K), 0.0002280 secs]
592.675: [GC (Allocation Failure) 31307K->435K(80192K), 0.0002590 secs]
592.692: [GC (Allocation Failure) 37461K->435K(87616K), 0.0002020 secs]
592.711: [GC (Allocation Failure) 44884K->435K(96576K), 0.0002000 secs]
592.734: [GC (Allocation Failure) 53873K->435K(94528K), 0.0002090 secs]
592.760: [GC (Allocation Failure) 51822K->435K(92608K), 0.0002090 secs]
592.870: [GC (Allocation Failure) 49967K->435K(90752K), 0.0002030 secs]
592.891: [GC (Allocation Failure) 48107K->435K(89024K), 0.0002160 secs]
592.971: [GC (Allocation Failure) 46349K->435K(87360K), 0.0002220 secs]
592.994: [GC (Allocation Failure) 44688K->435K(85760K), 0.0002930 secs]
593.013: [GC (Allocation Failure) 43028K->435K(84224K), 0.0002140 secs]
593.031: [GC (Allocation Failure) 41563K->435K(82752K), 0.0002010 secs]
593.052: [GC (Allocation Failure) 40098K->435K(81344K), 0.0002090 secs]
593.168: [GC (Allocation Failure) 38633K->435K(80000K), 0.0002040 secs]
593.184: [GC (Allocation Failure) 37363K->435K(78720K), 0.0002030 secs]
593.217: [GC (Allocation Failure) 35996K->435K(77504K), 0.0002200 secs]
593.232: [GC (Allocation Failure) 34823K->435K(76352K), 0.0002000 secs]
593.251: [GC (Allocation Failure) 33651K->435K(75264K), 0.0002080 secs]
593.270: [GC (Allocation Failure) 32577K->435K(74240K), 0.0002120 secs]
593.315: [GC (Allocation Failure) 31600K->435K(73216K), 0.0002020 secs]
593.328: [GC (Allocation Failure) 30526K->435K(72256K), 0.0002140 secs]
593.344: [GC (Allocation Failure) 29549K->435K(71360K), 0.0002110 secs]
593.358: [GC (Allocation Failure) 28670K->435K(77056K), 0.0002140 secs]
593.377: [GC (Allocation Failure) 34335K->435K(83904K), 0.0002150 secs]
593.398: [GC (Allocation Failure) 41172K->435K(82496K), 0.0002100 secs]
593.465: [GC (Allocation Failure) 39805K->435K(81152K), 0.0002020 secs]
593.518: [GC (Allocation Failure) 38437K->435K(79872K), 0.0002350 secs]
593.534: [GC (Allocation Failure) 37168K->435K(78656K), 0.0002010 secs]
593.554: [GC (Allocation Failure) 35996K->435K(77440K), 0.0001990 secs]
593.573: [GC (Allocation Failure) 34726K->435K(76288K), 0.0002190 secs]
593.612: [GC (Allocation Failure) 33554K->435K(75200K), 0.0002450 secs]
593.629: [GC (Allocation Failure) 32479K->435K(74176K), 0.0002040 secs]
593.642: [GC (Allocation Failure) 31503K->435K(73152K), 0.0002040 secs]
593.665: [GC (Allocation Failure) 30428K->435K(72192K), 0.0002220 secs]
593.678: [GC (Allocation Failure) 29549K->435K(78016K), 0.0002040 secs]
593.714: [GC (Allocation Failure) 35312K->435K(76864K), 0.0002250 secs]
593.729: [GC (Allocation Failure) 34140K->435K(75776K), 0.0002030 secs]
593.747: [GC (Allocation Failure) 33065K->435K(74688K), 0.0002120 secs]
593.816: [GC (Allocation Failure) 31991K->435K(73664K), 0.0002150 secs]
593.833: [GC (Allocation Failure) 31014K->435K(72704K), 0.0002010 secs]
593.848: [GC (Allocation Failure) 30038K->435K(71808K), 0.0002020 secs]
593.861: [GC (Allocation Failure) 29158K->435K(77568K), 0.0002040 secs]
593.917: [GC (Allocation Failure) 34921K->435K(76416K), 0.0002210 secs]
593.936: [GC (Allocation Failure) 33749K->435K(75328K), 0.0001990 secs]
593.950: [GC (Allocation Failure) 32675K->435K(74304K), 0.0002270 secs]
593.964: [GC (Allocation Failure) 31600K->435K(80576K), 0.0002010 secs]
594.066: [GC (Allocation Failure) 37851K->435K(79296K), 0.0002070 secs]
594.085: [GC (Allocation Failure) 36582K->435K(78080K), 0.0002740 secs]
594.101: [GC (Allocation Failure) 35409K->435K(85120K), 0.0002150 secs]
594.123: [GC (Allocation Failure) 42442K->435K(83648K), 0.0002110 secs]
594.166: [GC (Allocation Failure) 40977K->435K(82240K), 0.0002160 secs]
594.187: [GC (Allocation Failure) 39512K->435K(80896K), 0.0002210 secs]
594.319: [GC (Allocation Failure) 38242K->435K(79616K), 0.0002230 secs]
594.335: [GC (Allocation Failure) 36972K->435K(78400K), 0.0002120 secs]
594.351: [GC (Allocation Failure) 35702K->435K(77248K), 0.0002020 secs]
594.388: [GC (Allocation Failure) 34530K->435K(76096K), 0.0002150 secs]
594.404: [GC (Allocation Failure) 33456K->435K(75008K), 0.0002760 secs]
594.418: [GC (Allocation Failure) 32284K->435K(81408K), 0.0002110 secs]
594.439: [GC (Allocation Failure) 38730K->435K(80064K), 0.0002090 secs]
594.470: [GC (Allocation Failure) 37363K->435K(78784K), 0.0002150 secs]
594.489: [GC (Allocation Failure) 36093K->435K(77568K), 0.0002020 secs]
594.509: [GC (Allocation Failure) 34921K->435K(76416K), 0.0002030 secs]
594.528: [GC (Allocation Failure) 33749K->435K(75328K), 0.0002130 secs]
594.542: [GC (Allocation Failure) 32675K->435K(74304K), 0.0002030 secs]
594.567: [GC (Allocation Failure) 31600K->435K(73280K), 0.0002100 secs]
594.584: [GC (Allocation Failure) 30624K->435K(72320K), 0.0002070 secs]
594.599: [GC (Allocation Failure) 29647K->435K(78208K), 0.0002080 secs]
594.618: [GC (Allocation Failure) 35507K->435K(77056K), 0.0002170 secs]
594.638: [GC (Allocation Failure) 34335K->435K(75904K), 0.0002130 secs]
594.652: [GC (Allocation Failure) 33261K->435K(82496K), 0.0002050 secs]
594.716: [GC (Allocation Failure) 39805K->435K(81152K), 0.0002040 secs]
594.765: [GC (Allocation Failure) 38437K->435K(79872K), 0.0002150 secs]
594.915: [GC (Allocation Failure) 37168K->435K(78656K), 0.0002060 secs]
594.965: [GC (Allocation Failure) 35996K->435K(77440K), 0.0002140 secs]
595.018: [GC (Allocation Failure) 34726K->435K(76288K), 0.0002220 secs]
595.037: [GC (Allocation Failure) 33554K->435K(75200K), 0.0002000 secs]
595.051: [GC (Allocation Failure) 32479K->435K(74176K), 0.0002140 secs]
595.168: [GC (Allocation Failure) 31503K->435K(73152K), 0.0002270 secs]
595.186: [GC (Allocation Failure) 30428K->435K(72192K), 0.0002650 secs]
595.199: [GC (Allocation Failure) 29549K->435K(71296K), 0.0002020 secs]
595.263: [GC (Allocation Failure) 28572K->435K(70400K), 0.0002070 secs]
595.316: [GC (Allocation Failure) 27693K->435K(69568K), 0.0002850 secs]
595.332: [GC (Allocation Failure) 26912K->435K(68800K), 0.0002010 secs]
595.347: [GC (Allocation Failure) 26131K->435K(68032K), 0.0002030 secs]
595.365: [GC (Allocation Failure) 25349K->435K(67328K), 0.0002140 secs]
595.376: [GC (Allocation Failure) 24662K->435K(72192K), 0.0002630 secs]
595.517: [GC (Allocation Failure) 29549K->435K(71296K), 0.0002230 secs]
595.530: [GC (Allocation Failure) 28572K->435K(76992K), 0.0002140 secs]
595.565: [GC (Allocation Failure) 34335K->435K(75904K), 0.0002080 secs]
595.583: [GC (Allocation Failure) 33261K->435K(82496K), 0.0002720 secs]
595.604: [GC (Allocation Failure) 39805K->435K(90432K), 0.0002730 secs]
595.625: [GC (Allocation Failure) 47716K->435K(88704K), 0.0002030 secs]
595.679: [GC (Allocation Failure) 46056K->435K(87040K), 0.0002260 secs]
595.698: [GC (Allocation Failure) 44395K->435K(85440K), 0.0002050 secs]
595.769: [GC (Allocation Failure) 42735K->435K(83968K), 0.0002150 secs]
595.791: [GC (Allocation Failure) 41270K->435K(82560K), 0.0002110 secs]
595.868: [GC (Allocation Failure) 39902K->435K(81216K), 0.0002140 secs]
595.888: [GC (Allocation Failure) 38535K->435K(79936K), 0.0002150 secs]
595.917: [GC (Allocation Failure) 37265K->435K(78656K), 0.0002150 secs]
595.974: [GC (Allocation Failure) 35996K->435K(77440K), 0.0002040 secs]
596.070: [GC (Allocation Failure) 34726K->435K(76288K), 0.0002190 secs]
596.088: [GC (Allocation Failure) 33554K->435K(75200K), 0.0002090 secs]
596.103: [GC (Allocation Failure) 32479K->435K(74176K), 0.0002030 secs]
596.168: [GC (Allocation Failure) 31503K->435K(73152K), 0.0002110 secs]
596.185: [GC (Allocation Failure) 30428K->435K(72192K), 0.0002070 secs]
596.198: [GC (Allocation Failure) 29549K->435K(71296K), 0.0002210 secs]
596.215: [GC (Allocation Failure) 28572K->435K(70400K), 0.0002150 secs]
596.354: [GC (Allocation Failure) 27693K->435K(69568K), 0.0002260 secs]
596.374: [GC (Allocation Failure) 26912K->435K(68800K), 0.0002000 secs]
596.413: [GC (Allocation Failure) 26131K->435K(68032K), 0.0002030 secs]
596.438: [GC (Allocation Failure) 25349K->435K(67328K), 0.0002180 secs]
596.467: [GC (Allocation Failure) 24662K->435K(66624K), 0.0002000 secs]
596.481: [GC (Allocation Failure) 23978K->435K(65984K), 0.0002170 secs]
596.512: [GC (Allocation Failure) 23294K->435K(65344K), 0.0002750 secs]
596.568: [GC (Allocation Failure) 22610K->435K(64704K), 0.0002170 secs]
596.660: [GC (Allocation Failure) 22024K->435K(64128K), 0.0002690 secs]
596.715: [GC (Allocation Failure) 21438K->435K(63552K), 0.0002220 secs]
596.728: [GC (Allocation Failure) 20852K->435K(63040K), 0.0002230 secs]
596.765: [GC (Allocation Failure) 20364K->435K(62528K), 0.0002070 secs]
596.777: [GC (Allocation Failure) 19876K->435K(62016K), 0.0002150 secs]
596.790: [GC (Allocation Failure) 19290K->435K(65856K), 0.0002600 secs]
596.802: [GC (Allocation Failure) 23196K->435K(70464K), 0.0002210 secs]
596.878: [GC (Allocation Failure) 27791K->435K(69632K), 0.0002260 secs]
596.889: [GC (Allocation Failure) 26912K->435K(74944K), 0.0002170 secs]
596.907: [GC (Allocation Failure) 32284K->435K(81344K), 0.0002100 secs]
596.969: [GC (Allocation Failure) 38633K->435K(80000K), 0.0002150 secs]
597.018: [GC (Allocation Failure) 37363K->435K(78720K), 0.0002050 secs]
597.072: [GC (Allocation Failure) 35996K->435K(77504K), 0.0002230 secs]
597.087: [GC (Allocation Failure) 34823K->435K(76352K), 0.0002030 secs]
597.103: [GC (Allocation Failure) 33651K->435K(75264K), 0.0001970 secs]
597.120: [GC (Allocation Failure) 32577K->435K(74240K), 0.0002150 secs]
597.138: [GC (Allocation Failure) 31600K->435K(73216K), 0.0002110 secs]
597.219: [GC (Allocation Failure) 30526K->435K(72256K), 0.0002110 secs]
597.232: [GC (Allocation Failure) 29549K->435K(71360K), 0.0002240 secs]
597.245: [GC (Allocation Failure) 28670K->435K(77056K), 0.0002150 secs]
597.260: [GC (Allocation Failure) 34335K->435K(83904K), 0.0002020 secs]
597.277: [GC (Allocation Failure) 41172K->435K(92096K), 0.0002140 secs]
597.298: [GC (Allocation Failure) 49377K->435K(101952K), 0.0002010 secs]
597.328: [GC (Allocation Failure) 59245K->435K(99648K), 0.0002130 secs]
597.357: [GC (Allocation Failure) 56999K->435K(97472K), 0.0002020 secs]
597.381: [GC (Allocation Failure) 54753K->435K(95424K), 0.0002130 secs]
597.403: [GC (Allocation Failure) 52701K->435K(93440K), 0.0001990 secs]
597.425: [GC (Allocation Failure) 50748K->435K(91584K), 0.0002130 secs]
597.524: [GC (Allocation Failure) 48888K->435K(89792K), 0.0002010 secs]
597.577: [GC (Allocation Failure) 47130K->435K(88064K), 0.0002140 secs]
597.597: [GC (Allocation Failure) 45372K->435K(86464K), 0.0002140 secs]
597.620: [GC (Allocation Failure) 43809K->435K(84928K), 0.0002000 secs]
597.638: [GC (Allocation Failure) 42247K->435K(83456K), 0.0002140 secs]
597.656: [GC (Allocation Failure) 40781K->435K(82048K), 0.0002040 secs]
597.677: [GC (Allocation Failure) 39316K->435K(80704K), 0.0002250 secs]
597.779: [GC (Allocation Failure) 38047K->435K(79424K), 0.0002150 secs]
597.794: [GC (Allocation Failure) 36777K->435K(78208K), 0.0002840 secs]
597.873: [GC (Allocation Failure) 35507K->435K(77056K), 0.0002170 secs]
597.892: [GC (Allocation Failure) 34335K->435K(75904K), 0.0002030 secs]
597.906: [GC (Allocation Failure) 33261K->435K(74816K), 0.0002360 secs]
597.924: [GC (Allocation Failure) 32089K->435K(73792K), 0.0002130 secs]
597.937: [GC (Allocation Failure) 31112K->435K(79936K), 0.0002030 secs]
597.953: [GC (Allocation Failure) 37265K->435K(87360K), 0.0002040 secs]
598.083: [GC (Allocation Failure) 44688K->435K(85760K), 0.0002320 secs]
598.102: [GC (Allocation Failure) 43028K->435K(84224K), 0.0002010 secs]
598.125: [GC (Allocation Failure) 41563K->435K(82752K), 0.0002240 secs]
598.143: [GC (Allocation Failure) 40098K->435K(81344K), 0.0002020 secs]
598.224: [GC (Allocation Failure) 38633K->435K(80000K), 0.0002150 secs]
598.240: [GC (Allocation Failure) 37363K->435K(78720K), 0.0002750 secs]
598.273: [GC (Allocation Failure) 35996K->435K(77504K), 0.0002130 secs]
598.288: [GC (Allocation Failure) 34823K->435K(76352K), 0.0002050 secs]
598.352: [GC (Allocation Failure) 33651K->435K(75264K), 0.0002140 secs]
598.366: [GC (Allocation Failure) 32577K->435K(74240K), 0.0002160 secs]
598.386: [GC (Allocation Failure) 31600K->435K(73216K), 0.0002140 secs]
598.403: [GC (Allocation Failure) 30526K->435K(72256K), 0.0002020 secs]
598.439: [GC (Allocation Failure) 29549K->435K(71360K), 0.0002140 secs]
598.451: [GC (Allocation Failure) 28670K->435K(70464K), 0.0002040 secs]
598.516: [GC (Allocation Failure) 27791K->435K(69632K), 0.0002040 secs]
598.666: [GC (Allocation Failure) 26912K->435K(68864K), 0.0003200 secs]
598.682: [GC (Allocation Failure) 26131K->435K(68096K), 0.0002140 secs]
598.698: [GC (Allocation Failure) 25447K->435K(67392K), 0.0002270 secs]
598.712: [GC (Allocation Failure) 24662K->435K(66688K), 0.0002000 secs]
598.769: [GC (Allocation Failure) 23978K->435K(66048K), 0.0002020 secs]
598.783: [GC (Allocation Failure) 23392K->435K(65408K), 0.0002140 secs]
598.814: [GC (Allocation Failure) 22708K->435K(64768K), 0.0002730 secs]
598.879: [GC (Allocation Failure) 22122K->435K(64192K), 0.0002240 secs]
598.889: [GC (Allocation Failure) 21536K->435K(68416K), 0.0002160 secs]
598.900: [GC (Allocation Failure) 25740K->435K(73536K), 0.0002050 secs]
598.922: [GC (Allocation Failure) 30819K->435K(79680K), 0.0002200 secs]
598.938: [GC (Allocation Failure) 36972K->435K(87040K), 0.0002050 secs]
598.974: [GC (Allocation Failure) 44395K->435K(85440K), 0.0002140 secs]
598.992: [GC (Allocation Failure) 42735K->435K(83968K), 0.0002030 secs]
599.076: [GC (Allocation Failure) 41270K->435K(82560K), 0.0002210 secs]
599.094: [GC (Allocation Failure) 39902K->435K(81216K), 0.0002030 secs]
599.114: [GC (Allocation Failure) 38535K->435K(79936K), 0.0002090 secs]
599.166: [GC (Allocation Failure) 37265K->435K(78656K), 0.0002030 secs]
599.272: [GC (Allocation Failure) 35996K->435K(77440K), 0.0002150 secs]
599.287: [GC (Allocation Failure) 34726K->435K(76288K), 0.0002130 secs]
599.324: [GC (Allocation Failure) 33554K->435K(75200K), 0.0002220 secs]
599.338: [GC (Allocation Failure) 32479K->435K(74176K), 0.0002360 secs]
599.356: [GC (Allocation Failure) 31503K->435K(73152K), 0.0002000 secs]
599.373: [GC (Allocation Failure) 30428K->435K(72192K), 0.0002400 secs]
599.422: [GC (Allocation Failure) 29549K->435K(71296K), 0.0002120 secs]
599.435: [GC (Allocation Failure) 28572K->435K(70400K), 0.0002030 secs]
599.571: [GC (Allocation Failure) 27693K->435K(69568K), 0.0002240 secs]
599.587: [GC (Allocation Failure) 26912K->435K(68800K), 0.0002370 secs]
599.621: [GC (Allocation Failure) 26131K->435K(68032K), 0.0002130 secs]
599.636: [GC (Allocation Failure) 25349K->435K(67328K), 0.0002290 secs]
599.661: [GC (Allocation Failure) 24662K->435K(66624K), 0.0002610 secs]
599.720: [GC (Allocation Failure) 23978K->435K(65984K), 0.0002130 secs]
599.730: [GC (Allocation Failure) 23294K->435K(70592K), 0.0002300 secs]
599.771: [GC (Allocation Failure) 27889K->435K(69760K), 0.0002160 secs]
599.868: [GC (Allocation Failure) 27107K->435K(68992K), 0.0002020 secs]
599.918: [GC (Allocation Failure) 26326K->435K(68224K), 0.0002030 secs]
599.967: [GC (Allocation Failure) 25545K->435K(67520K), 0.0002230 secs]
599.978: [GC (Allocation Failure) 24857K->435K(66816K), 0.0002150 secs]
600.021: [GC (Allocation Failure) 24173K->435K(66112K), 0.0002230 secs]
600.035: [GC (Allocation Failure) 23392K->435K(65472K), 0.0002250 secs]
600.080: [GC (Allocation Failure) 22806K->435K(64832K), 0.0003990 secs]
600.119: [GC (Allocation Failure) 22122K->435K(64256K), 0.0002180 secs]
600.129: [GC (Allocation Failure) 21536K->435K(68544K), 0.0002140 secs]
600.144: [GC (Allocation Failure) 25838K->435K(73664K), 0.0002020 secs]
600.161: [GC (Allocation Failure) 31014K->435K(79808K), 0.0002100 secs]
600.178: [GC (Allocation Failure) 37168K->435K(87168K), 0.0002170 secs]
600.197: [GC (Allocation Failure) 44493K->435K(96000K), 0.0002040 secs]
600.229: [GC (Allocation Failure) 53287K->435K(94016K), 0.0002040 secs]
600.283: [GC (Allocation Failure) 51334K->435K(92096K), 0.0002220 secs]
600.307: [GC (Allocation Failure) 49377K->435K(90304K), 0.0002110 secs]
600.331: [GC (Allocation Failure) 47618K->435K(88576K), 0.0002190 secs]
600.357: [GC (Allocation Failure) 45860K->435K(86912K), 0.0002000 secs]
600.377: [GC (Allocation Failure) 44200K->435K(85312K), 0.0002050 secs]
600.423: [GC (Allocation Failure) 42637K->435K(83840K), 0.0002100 secs]
600.478: [GC (Allocation Failure) 41172K->435K(82432K), 0.0002120 secs]
600.495: [GC (Allocation Failure) 39707K->435K(81088K), 0.0002770 secs]
600.523: [GC (Allocation Failure) 38437K->435K(79808K), 0.0002150 secs]
600.577: [GC (Allocation Failure) 37168K->435K(78592K), 0.0002740 secs]
600.596: [GC (Allocation Failure) 35898K->435K(77376K), 0.0002020 secs]
600.616: [GC (Allocation Failure) 34726K->435K(76224K), 0.0002180 secs]
600.634: [GC (Allocation Failure) 33554K->435K(75136K), 0.0002450 secs]
600.725: [GC (Allocation Failure) 32479K->435K(74112K), 0.0002090 secs]
600.743: [GC (Allocation Failure) 31405K->435K(73152K), 0.0002030 secs]
600.757: [GC (Allocation Failure) 30428K->435K(72192K), 0.0002080 secs]
600.770: [GC (Allocation Failure) 29549K->435K(78016K), 0.0002030 secs]
600.785: [GC (Allocation Failure) 35312K->435K(85056K), 0.0002040 secs]
600.803: [GC (Allocation Failure) 42344K->435K(93504K), 0.0002130 secs]
600.829: [GC (Allocation Failure) 50846K->435K(91648K), 0.0002150 secs]
600.882: [GC (Allocation Failure) 48986K->435K(89856K), 0.0002040 secs]
600.903: [GC (Allocation Failure) 47130K->435K(88128K), 0.0002680 secs]
600.931: [GC (Allocation Failure) 45470K->435K(86528K), 0.0002220 secs]
600.950: [GC (Allocation Failure) 43809K->435K(84992K), 0.0002010 secs]
600.969: [GC (Allocation Failure) 42344K->435K(83520K), 0.0002020 secs]
601.025: [GC (Allocation Failure) 40879K->435K(82112K), 0.0002020 secs]
601.079: [GC (Allocation Failure) 39414K->435K(80768K), 0.0002110 secs]
601.099: [GC (Allocation Failure) 38047K->435K(79488K), 0.0002070 secs]
601.115: [GC (Allocation Failure) 36777K->435K(78272K), 0.0002110 secs]
601.177: [GC (Allocation Failure) 35605K->435K(77120K), 0.0002210 secs]
601.192: [GC (Allocation Failure) 34433K->435K(75968K), 0.0002040 secs]
601.208: [GC (Allocation Failure) 33261K->435K(74880K), 0.0002110 secs]
601.288: [GC (Allocation Failure) 32186K->435K(73856K), 0.0002420 secs]
601.364: [GC (Allocation Failure) 31210K->435K(72896K), 0.0002270 secs]
601.381: [GC (Allocation Failure) 30233K->435K(71936K), 0.0002110 secs]
601.425: [GC (Allocation Failure) 29256K->435K(71040K), 0.0002110 secs]
601.437: [GC (Allocation Failure) 28377K->435K(70208K), 0.0002280 secs]
601.449: [GC (Allocation Failure) 27498K->435K(75648K), 0.0002040 secs]
601.463: [GC (Allocation Failure) 32968K->435K(82176K), 0.0002010 secs]
601.576: [GC (Allocation Failure) 39512K->435K(80832K), 0.0002260 secs]
601.596: [GC (Allocation Failure) 38144K->435K(79552K), 0.0002110 secs]
601.676: [GC (Allocation Failure) 36875K->435K(78336K), 0.0002200 secs]
601.695: [GC (Allocation Failure) 35605K->435K(77184K), 0.0002730 secs]
601.714: [GC (Allocation Failure) 34530K->435K(76032K), 0.0003070 secs]
601.788: [GC (Allocation Failure) 33358K->435K(74944K), 0.0002240 secs]
601.802: [GC (Allocation Failure) 32284K->435K(73920K), 0.0002020 secs]
601.815: [GC (Allocation Failure) 31210K->435K(80128K), 0.0002030 secs]
601.831: [GC (Allocation Failure) 37461K->435K(87552K), 0.0002050 secs]
601.850: [GC (Allocation Failure) 44884K->435K(96448K), 0.0002120 secs]
601.877: [GC (Allocation Failure) 53776K->435K(94400K), 0.0002720 secs]
601.904: [GC (Allocation Failure) 51725K->435K(92480K), 0.0002130 secs]
601.929: [GC (Allocation Failure) 49767K->435K(90624K), 0.0002130 secs]
601.950: [GC (Allocation Failure) 47911K->435K(88896K), 0.0002030 secs]
601.978: [GC (Allocation Failure) 46251K->435K(87232K), 0.0002130 secs]
602.001: [GC (Allocation Failure) 44591K->435K(85632K), 0.0001990 secs]
602.027: [GC (Allocation Failure) 42930K->435K(84096K), 0.0002120 secs]
602.045: [GC (Allocation Failure) 41367K->435K(82624K), 0.0002130 secs]
602.167: [GC (Allocation Failure) 39902K->435K(81280K), 0.0002120 secs]
602.184: [GC (Allocation Failure) 38633K->435K(80000K), 0.0002030 secs]
602.204: [GC (Allocation Failure) 37363K->435K(78720K), 0.0002200 secs]
602.262: [GC (Allocation Failure) 35996K->435K(77504K), 0.0002230 secs]
602.281: [GC (Allocation Failure) 34823K->435K(76352K), 0.0002110 secs]
602.324: [GC (Allocation Failure) 33651K->435K(75264K), 0.0002020 secs]
602.356: [GC (Allocation Failure) 32577K->435K(74240K), 0.0002380 secs]
602.373: [GC (Allocation Failure) 31600K->435K(80512K), 0.0004060 secs]
602.421: [GC (Allocation Failure) 37851K->435K(79232K), 0.0002760 secs]
602.455: [GC (Allocation Failure) 36582K->435K(78016K), 0.0002410 secs]
602.476: [GC (Allocation Failure) 35312K->435K(76864K), 0.0002210 secs]
602.495: [GC (Allocation Failure) 34140K->435K(75776K), 0.0002040 secs]
602.509: [GC (Allocation Failure) 33065K->435K(74688K), 0.0002280 secs]
602.523: [GC (Allocation Failure) 31991K->435K(81024K), 0.0002030 secs]
602.587: [GC (Allocation Failure) 38340K->435K(79744K), 0.0002130 secs]
602.603: [GC (Allocation Failure) 37070K->435K(78528K), 0.0002120 secs]
602.622: [GC (Allocation Failure) 35800K->435K(77312K), 0.0002170 secs]
602.637: [GC (Allocation Failure) 34628K->435K(84160K), 0.0002170 secs]
602.780: [GC (Allocation Failure) 41465K->435K(82688K), 0.0002250 secs]
602.802: [GC (Allocation Failure) 40000K->435K(81344K), 0.0002380 secs]
602.827: [GC (Allocation Failure) 38633K->435K(80000K), 0.0002020 secs]
602.881: [GC (Allocation Failure) 37363K->435K(78720K), 0.0002250 secs]
602.897: [GC (Allocation Failure) 35996K->435K(77504K), 0.0002060 secs]
603.029: [GC (Allocation Failure) 34823K->435K(76352K), 0.0002110 secs]
603.043: [GC (Allocation Failure) 33651K->435K(75264K), 0.0002290 secs]
603.058: [GC (Allocation Failure) 32577K->435K(74240K), 0.0002030 secs]
603.071: [GC (Allocation Failure) 31600K->435K(80512K), 0.0002130 secs]
603.087: [GC (Allocation Failure) 37851K->435K(88000K), 0.0002020 secs]
603.107: [GC (Allocation Failure) 45274K->435K(97024K), 0.0002140 secs]
603.134: [GC (Allocation Failure) 54362K->435K(94976K), 0.0002220 secs]
603.157: [GC (Allocation Failure) 52311K->435K(93056K), 0.0001990 secs]
603.178: [GC (Allocation Failure) 50357K->435K(91200K), 0.0002010 secs]
603.203: [GC (Allocation Failure) 48498K->435K(89408K), 0.0002100 secs]
603.235: [GC (Allocation Failure) 46739K->435K(87744K), 0.0002320 secs]
603.260: [GC (Allocation Failure) 45079K->435K(86144K), 0.0002380 secs]
603.334: [GC (Allocation Failure) 43419K->435K(84608K), 0.0002140 secs]
603.356: [GC (Allocation Failure) 41953K->435K(83136K), 0.0002010 secs]
603.374: [GC (Allocation Failure) 40488K->435K(81728K), 0.0002040 secs]
603.428: [GC (Allocation Failure) 39023K->435K(80384K), 0.0002250 secs]
603.444: [GC (Allocation Failure) 37656K->435K(79104K), 0.0002010 secs]
603.481: [GC (Allocation Failure) 36386K->435K(77888K), 0.0002170 secs]
603.496: [GC (Allocation Failure) 35214K->435K(76736K), 0.0002130 secs]
603.515: [GC (Allocation Failure) 34042K->435K(75648K), 0.0002090 secs]
603.629: [GC (Allocation Failure) 32968K->435K(74560K), 0.0002040 secs]
603.643: [GC (Allocation Failure) 31893K->435K(73536K), 0.0002150 secs]
603.664: [GC (Allocation Failure) 30819K->435K(79680K), 0.0004160 secs]
603.685: [GC (Allocation Failure) 36972K->435K(87040K), 0.0002260 secs]
603.730: [GC (Allocation Failure) 44395K->435K(85440K), 0.0002170 secs]
603.749: [GC (Allocation Failure) 42735K->435K(83968K), 0.0002170 secs]
603.780: [GC (Allocation Failure) 41270K->435K(82560K), 0.0002220 secs]
603.797: [GC (Allocation Failure) 39902K->435K(81216K), 0.0002040 secs]
603.818: [GC (Allocation Failure) 38535K->435K(79936K), 0.0002010 secs]
603.838: [GC (Allocation Failure) 37265K->435K(78656K), 0.0002130 secs]
603.931: [GC (Allocation Failure) 35996K->435K(77440K), 0.0002090 secs]
603.951: [GC (Allocation Failure) 34726K->435K(76288K), 0.0002020 secs]
603.969: [GC (Allocation Failure) 33554K->435K(75200K), 0.0002150 secs]
603.983: [GC (Allocation Failure) 32479K->435K(74176K), 0.0002140 secs]
604.026: [GC (Allocation Failure) 31503K->435K(73152K), 0.0002710 secs]
604.080: [GC (Allocation Failure) 30428K->435K(72192K), 0.0002220 secs]
604.093: [GC (Allocation Failure) 29549K->435K(71296K), 0.0002170 secs]
604.109: [GC (Allocation Failure) 28572K->435K(70400K), 0.0002150 secs]
604.128: [GC (Allocation Failure) 27693K->435K(69568K), 0.0002340 secs]
604.144: [GC (Allocation Failure) 26912K->435K(74880K), 0.0002710 secs]
604.162: [GC (Allocation Failure) 32186K->435K(81280K), 0.0002430 secs]
604.190: [GC (Allocation Failure) 38633K->435K(88960K), 0.0002190 secs]
604.286: [GC (Allocation Failure) 46251K->435K(87296K), 0.0002120 secs]
604.305: [GC (Allocation Failure) 44591K->435K(85696K), 0.0002130 secs]
604.327: [GC (Allocation Failure) 43028K->435K(84160K), 0.0002140 secs]
604.346: [GC (Allocation Failure) 41465K->435K(82688K), 0.0002240 secs]
604.364: [GC (Allocation Failure) 40000K->435K(81344K), 0.0001970 secs]
604.380: [GC (Allocation Failure) 38633K->435K(80000K), 0.0002050 secs]
604.421: [GC (Allocation Failure) 37363K->435K(78720K), 0.0002220 secs]
604.440: [GC (Allocation Failure) 35996K->435K(77504K), 0.0002000 secs]
604.455: [GC (Allocation Failure) 34823K->435K(76352K), 0.0002120 secs]
604.474: [GC (Allocation Failure) 33651K->435K(83008K), 0.0002720 secs]
604.491: [GC (Allocation Failure) 40293K->435K(91008K), 0.0002130 secs]
604.516: [GC (Allocation Failure) 48302K->435K(89216K), 0.0002100 secs]
604.536: [GC (Allocation Failure) 46544K->435K(87552K), 0.0002120 secs]
604.556: [GC (Allocation Failure) 44884K->435K(85952K), 0.0002150 secs]
604.578: [GC (Allocation Failure) 43223K->435K(84416K), 0.0002250 secs]
604.631: [GC (Allocation Failure) 41758K->435K(82944K), 0.0002110 secs]
604.652: [GC (Allocation Failure) 40293K->435K(81536K), 0.0002010 secs]
604.673: [GC (Allocation Failure) 38828K->435K(80192K), 0.0002110 secs]
604.693: [GC (Allocation Failure) 37461K->435K(78912K), 0.0002800 secs]
604.709: [GC (Allocation Failure) 36191K->435K(77696K), 0.0002040 secs]
604.728: [GC (Allocation Failure) 35019K->435K(76544K), 0.0002120 secs]
604.747: [GC (Allocation Failure) 33847K->435K(83264K), 0.0002710 secs]
604.769: [GC (Allocation Failure) 40586K->435K(91328K), 0.0002820 secs]
604.794: [GC (Allocation Failure) 48595K->435K(89536K), 0.0002210 secs]
604.884: [GC (Allocation Failure) 46837K->435K(87872K), 0.0002100 secs]
604.907: [GC (Allocation Failure) 45177K->435K(86272K), 0.0002740 secs]
604.926: [GC (Allocation Failure) 43614K->435K(84736K), 0.0002160 secs]
604.981: [GC (Allocation Failure) 42051K->435K(83264K), 0.0002130 secs]
605.002: [GC (Allocation Failure) 40586K->435K(81856K), 0.0002010 secs]
605.084: [GC (Allocation Failure) 39219K->435K(80512K), 0.0002090 secs]
605.105: [GC (Allocation Failure) 37851K->435K(79232K), 0.0002020 secs]
605.170: [GC (Allocation Failure) 36582K->435K(78016K), 0.0002170 secs]
605.189: [GC (Allocation Failure) 35312K->435K(76864K), 0.0002110 secs]
605.208: [GC (Allocation Failure) 34140K->435K(75776K), 0.0002140 secs]
605.223: [GC (Allocation Failure) 33065K->435K(74688K), 0.0002030 secs]
605.288: [GC (Allocation Failure) 31991K->435K(73664K), 0.0002040 secs]
605.374: [GC (Allocation Failure) 31014K->435K(72704K), 0.0002350 secs]
605.391: [GC (Allocation Failure) 30038K->435K(71808K), 0.0002140 secs]
605.404: [GC (Allocation Failure) 29158K->435K(70912K), 0.0002170 secs]
605.420: [GC (Allocation Failure) 28182K->435K(70080K), 0.0002220 secs]
605.476: [GC (Allocation Failure) 27400K->435K(69248K), 0.0002150 secs]
605.487: [GC (Allocation Failure) 26521K->435K(74496K), 0.0002140 secs]
605.501: [GC (Allocation Failure) 31796K->435K(80832K), 0.0002030 secs]
605.535: [GC (Allocation Failure) 38144K->435K(79552K), 0.0002100 secs]
605.555: [GC (Allocation Failure) 36875K->435K(78336K), 0.0002070 secs]
605.571: [GC (Allocation Failure) 35605K->435K(77184K), 0.0002120 secs]
605.586: [GC (Allocation Failure) 34530K->435K(84032K), 0.0002150 secs]
605.604: [GC (Allocation Failure) 41367K->435K(92224K), 0.0002130 secs]
605.625: [GC (Allocation Failure) 49572K->435K(90432K), 0.0002120 secs]
605.685: [GC (Allocation Failure) 47716K->435K(88704K), 0.0002140 secs]
605.705: [GC (Allocation Failure) 46056K->435K(87040K), 0.0002030 secs]
605.738: [GC (Allocation Failure) 44395K->435K(85440K), 0.0002190 secs]
605.760: [GC (Allocation Failure) 42735K->435K(83968K), 0.0002040 secs]
605.778: [GC (Allocation Failure) 41270K->435K(82560K), 0.0002120 secs]
605.926: [GC (Allocation Failure) 39902K->435K(81216K), 0.0002240 secs]
605.946: [GC (Allocation Failure) 38535K->435K(79936K), 0.0002010 secs]
605.965: [GC (Allocation Failure) 37265K->435K(78656K), 0.0001990 secs]
606.030: [GC (Allocation Failure) 35996K->435K(77440K), 0.0002340 secs]
606.045: [GC (Allocation Failure) 34726K->435K(76288K), 0.0002020 secs]
606.060: [GC (Allocation Failure) 33554K->435K(75200K), 0.0002010 secs]
606.080: [GC (Allocation Failure) 32479K->435K(74176K), 0.0002220 secs]
606.172: [GC (Allocation Failure) 31503K->435K(73152K), 0.0002230 secs]
606.189: [GC (Allocation Failure) 30428K->435K(72192K), 0.0002260 secs]
606.232: [GC (Allocation Failure) 29549K->435K(71296K), 0.0002070 secs]
606.245: [GC (Allocation Failure) 28572K->435K(70400K), 0.0002180 secs]
606.327: [GC (Allocation Failure) 27693K->435K(69568K), 0.0002250 secs]
606.340: [GC (Allocation Failure) 26912K->435K(74880K), 0.0002730 secs]
606.376: [GC (Allocation Failure) 32186K->435K(73856K), 0.0002150 secs]
606.394: [GC (Allocation Failure) 31210K->435K(72896K), 0.0002220 secs]
606.412: [GC (Allocation Failure) 30233K->435K(71936K), 0.0002260 secs]
606.431: [GC (Allocation Failure) 29256K->435K(77760K), 0.0002690 secs]
606.450: [GC (Allocation Failure) 35116K->435K(84736K), 0.0002750 secs]
606.469: [GC (Allocation Failure) 42051K->435K(93120K), 0.0002020 secs]
606.497: [GC (Allocation Failure) 50455K->435K(91264K), 0.0002140 secs]
606.587: [GC (Allocation Failure) 48595K->435K(89472K), 0.0002140 secs]
606.611: [GC (Allocation Failure) 46739K->435K(87808K), 0.0002110 secs]
606.670: [GC (Allocation Failure) 45079K->435K(86208K), 0.0002270 secs]
606.688: [GC (Allocation Failure) 43516K->435K(84672K), 0.0002030 secs]
606.788: [GC (Allocation Failure) 41953K->435K(83200K), 0.0002230 secs]
606.807: [GC (Allocation Failure) 40488K->435K(81792K), 0.0002150 secs]
606.883: [GC (Allocation Failure) 39121K->435K(80448K), 0.0002140 secs]
606.903: [GC (Allocation Failure) 37754K->435K(79168K), 0.0002100 secs]
606.932: [GC (Allocation Failure) 36484K->435K(77952K), 0.0002740 secs]
606.974: [GC (Allocation Failure) 35312K->435K(76800K), 0.0002140 secs]
606.988: [GC (Allocation Failure) 34140K->435K(75712K), 0.0002030 secs]
607.007: [GC (Allocation Failure) 33065K->435K(74624K), 0.0002120 secs]
607.021: [GC (Allocation Failure) 31893K->435K(73600K), 0.0002040 secs]
607.080: [GC (Allocation Failure) 30917K->435K(72640K), 0.0002130 secs]
607.097: [GC (Allocation Failure) 29940K->435K(71744K), 0.0001990 secs]
607.167: [GC (Allocation Failure) 29061K->435K(70848K), 0.0002730 secs]
607.179: [GC (Allocation Failure) 28182K->435K(70016K), 0.0002250 secs]
607.191: [GC (Allocation Failure) 27303K->435K(75456K), 0.0002040 secs]
607.231: [GC (Allocation Failure) 32772K->435K(74432K), 0.0002120 secs]
607.248: [GC (Allocation Failure) 31698K->435K(73408K), 0.0002110 secs]
607.272: [GC (Allocation Failure) 30721K->435K(72448K), 0.0002100 secs]
607.286: [GC (Allocation Failure) 29745K->435K(71552K), 0.0002140 secs]
607.299: [GC (Allocation Failure) 28865K->435K(77248K), 0.0002040 secs]
607.314: [GC (Allocation Failure) 34530K->435K(84096K), 0.0002040 secs]
607.331: [GC (Allocation Failure) 41367K->435K(92352K), 0.0002140 secs]
607.357: [GC (Allocation Failure) 49670K->435K(90496K), 0.0002010 secs]
607.381: [GC (Allocation Failure) 47814K->435K(88768K), 0.0002120 secs]
607.405: [GC (Allocation Failure) 46056K->435K(87104K), 0.0002110 secs]
607.424: [GC (Allocation Failure) 44395K->435K(85504K), 0.0002030 secs]
607.447: [GC (Allocation Failure) 42833K->435K(83968K), 0.0002020 secs]
607.465: [GC (Allocation Failure) 41270K->435K(82560K), 0.0002140 secs]
607.484: [GC (Allocation Failure) 39902K->435K(81216K), 0.0002230 secs]
607.505: [GC (Allocation Failure) 38535K->435K(79936K), 0.0002000 secs]
607.525: [GC (Allocation Failure) 37265K->435K(78656K), 0.0002020 secs]
607.541: [GC (Allocation Failure) 35996K->435K(77440K), 0.0002000 secs]
607.669: [GC (Allocation Failure) 34726K->435K(76288K), 0.0002270 secs]
607.685: [GC (Allocation Failure) 33554K->435K(75200K), 0.0002030 secs]
607.703: [GC (Allocation Failure) 32479K->435K(74176K), 0.0002740 secs]
607.717: [GC (Allocation Failure) 31503K->435K(80448K), 0.0002150 secs]
607.737: [GC (Allocation Failure) 37754K->435K(87936K), 0.0002160 secs]
607.760: [GC (Allocation Failure) 45274K->435K(86336K), 0.0002190 secs]
607.780: [GC (Allocation Failure) 43614K->435K(84800K), 0.0002040 secs]
607.840: [GC (Allocation Failure) 42149K->435K(83328K), 0.0002120 secs]
607.857: [GC (Allocation Failure) 40684K->435K(81920K), 0.0002260 secs]
607.874: [GC (Allocation Failure) 39219K->435K(80576K), 0.0002020 secs]
607.891: [GC (Allocation Failure) 37851K->435K(79296K), 0.0002020 secs]
607.910: [GC (Allocation Failure) 36582K->435K(78080K), 0.0002090 secs]
608.033: [GC (Allocation Failure) 35409K->435K(76928K), 0.0002130 secs]
608.052: [GC (Allocation Failure) 34237K->435K(75840K), 0.0002000 secs]
608.068: [GC (Allocation Failure) 33163K->435K(74752K), 0.0002110 secs]
608.082: [GC (Allocation Failure) 32089K->435K(73728K), 0.0002040 secs]
608.095: [GC (Allocation Failure) 31014K->435K(79872K), 0.0002040 secs]
608.115: [GC (Allocation Failure) 37168K->435K(87232K), 0.0002130 secs]
608.135: [GC (Allocation Failure) 44591K->435K(85632K), 0.0002020 secs]
608.165: [GC (Allocation Failure) 42930K->435K(84096K), 0.0002180 secs]
608.190: [GC (Allocation Failure) 41367K->435K(82624K), 0.0002150 secs]
608.208: [GC (Allocation Failure) 39902K->435K(81280K), 0.0002690 secs]
608.285: [GC (Allocation Failure) 38633K->435K(80000K), 0.0002120 secs]
608.305: [GC (Allocation Failure) 37363K->435K(78720K), 0.0002010 secs]
608.321: [GC (Allocation Failure) 35996K->435K(77504K), 0.0002130 secs]
608.362: [GC (Allocation Failure) 34823K->435K(76352K), 0.0002240 secs]
608.377: [GC (Allocation Failure) 33651K->435K(75264K), 0.0002040 secs]
608.419: [GC (Allocation Failure) 32577K->435K(74240K), 0.0002090 secs]
608.436: [GC (Allocation Failure) 31600K->435K(73216K), 0.0002120 secs]
608.449: [GC (Allocation Failure) 30526K->435K(72256K), 0.0002040 secs]
608.487: [GC (Allocation Failure) 29549K->435K(71360K), 0.0002400 secs]
608.504: [GC (Allocation Failure) 28670K->435K(70464K), 0.0002750 secs]
608.531: [GC (Allocation Failure) 27791K->435K(69632K), 0.0002110 secs]
608.542: [GC (Allocation Failure) 26912K->435K(74944K), 0.0002130 secs]
608.560: [GC (Allocation Failure) 32284K->435K(81344K), 0.0002130 secs]
608.581: [GC (Allocation Failure) 38633K->435K(89024K), 0.0002140 secs]
608.642: [GC (Allocation Failure) 46349K->435K(87360K), 0.0002150 secs]
608.666: [GC (Allocation Failure) 44688K->435K(85760K), 0.0003280 secs]
608.777: [GC (Allocation Failure) 43028K->435K(84224K), 0.0002160 secs]
608.837: [GC (Allocation Failure) 41563K->435K(82752K), 0.0002140 secs]
608.858: [GC (Allocation Failure) 40098K->435K(81344K), 0.0002000 secs]
608.907: [GC (Allocation Failure) 38633K->435K(80000K), 0.0002810 secs]
608.939: [GC (Allocation Failure) 37363K->435K(78720K), 0.0002120 secs]
608.955: [GC (Allocation Failure) 35996K->435K(77504K), 0.0002690 secs]
608.973: [GC (Allocation Failure) 34823K->435K(76352K), 0.0002250 secs]
608.992: [GC (Allocation Failure) 33651K->435K(75264K), 0.0002130 secs]
609.010: [GC (Allocation Failure) 32577K->435K(74240K), 0.0002250 secs]
609.137: [GC (Allocation Failure) 31600K->435K(73216K), 0.0002050 secs]
609.150: [GC (Allocation Failure) 30526K->435K(72256K), 0.0002170 secs]
609.175: [GC (Allocation Failure) 29549K->435K(71360K), 0.0002220 secs]
609.192: [GC (Allocation Failure) 28670K->435K(70464K), 0.0002120 secs]
609.204: [GC (Allocation Failure) 27791K->435K(75968K), 0.0002130 secs]
609.220: [GC (Allocation Failure) 33261K->435K(82560K), 0.0002080 secs]
609.237: [GC (Allocation Failure) 39902K->435K(90496K), 0.0002010 secs]
609.290: [GC (Allocation Failure) 47814K->435K(88768K), 0.0002190 secs]
609.310: [GC (Allocation Failure) 46056K->435K(87104K), 0.0002230 secs]
609.333: [GC (Allocation Failure) 44395K->435K(85504K), 0.0002130 secs]
609.381: [GC (Allocation Failure) 42833K->435K(83968K), 0.0002110 secs]
609.399: [GC (Allocation Failure) 41270K->435K(82560K), 0.0002120 secs]
609.491: [GC (Allocation Failure) 39902K->435K(81216K), 0.0002100 secs]
609.508: [GC (Allocation Failure) 38535K->435K(79936K), 0.0002000 secs]
609.536: [GC (Allocation Failure) 37265K->435K(78656K), 0.0002010 secs]
609.590: [GC (Allocation Failure) 35996K->435K(77440K), 0.0002100 secs]
609.608: [GC (Allocation Failure) 34726K->435K(76288K), 0.0002020 secs]
609.627: [GC (Allocation Failure) 33554K->435K(75200K), 0.0002090 secs]
609.642: [GC (Allocation Failure) 32479K->435K(74176K), 0.0002160 secs]
609.659: [GC (Allocation Failure) 31503K->435K(73152K), 0.0002120 secs]
609.676: [GC (Allocation Failure) 30428K->435K(79168K), 0.0002800 secs]
609.697: [GC (Allocation Failure) 36484K->435K(86400K), 0.0002260 secs]
609.769: [GC (Allocation Failure) 43712K->435K(84864K), 0.0002200 secs]
609.791: [GC (Allocation Failure) 42149K->435K(83392K), 0.0002030 secs]
609.809: [GC (Allocation Failure) 40684K->435K(81984K), 0.0002040 secs]
609.842: [GC (Allocation Failure) 39316K->435K(80640K), 0.0002140 secs]
609.858: [GC (Allocation Failure) 37949K->435K(79360K), 0.0002050 secs]
609.874: [GC (Allocation Failure) 36679K->435K(78144K), 0.0002020 secs]
609.990: [GC (Allocation Failure) 35409K->435K(76992K), 0.0002820 secs]
610.009: [GC (Allocation Failure) 34335K->435K(75904K), 0.0002770 secs]
610.024: [GC (Allocation Failure) 33261K->435K(74816K), 0.0002120 secs]
610.041: [GC (Allocation Failure) 32089K->435K(73792K), 0.0002110 secs]
610.055: [GC (Allocation Failure) 31112K->435K(79936K), 0.0002120 secs]
610.088: [GC (Allocation Failure) 37265K->435K(78656K), 0.0002750 secs]
610.118: [GC (Allocation Failure) 35996K->435K(77440K), 0.0002290 secs]
610.134: [GC (Allocation Failure) 34726K->435K(76288K), 0.0002030 secs]
610.148: [GC (Allocation Failure) 33554K->435K(82944K), 0.0002040 secs]
610.202: [GC (Allocation Failure) 40293K->435K(81536K), 0.0002190 secs]
610.221: [GC (Allocation Failure) 38828K->435K(80192K), 0.0002740 secs]
610.241: [GC (Allocation Failure) 37461K->435K(78912K), 0.0002130 secs]
610.287: [GC (Allocation Failure) 36191K->435K(77696K), 0.0002690 secs]
610.337: [GC (Allocation Failure) 35019K->435K(76544K), 0.0002100 secs]
610.353: [GC (Allocation Failure) 33847K->435K(75456K), 0.0002750 secs]
610.381: [GC (Allocation Failure) 32772K->435K(74432K), 0.0002190 secs]
610.395: [GC (Allocation Failure) 31698K->435K(80704K), 0.0003210 secs]
610.420: [GC (Allocation Failure) 38047K->435K(88256K), 0.0002130 secs]
610.444: [GC (Allocation Failure) 45567K->435K(86592K), 0.0002050 secs]
610.467: [GC (Allocation Failure) 43907K->435K(85056K), 0.0002100 secs]
610.494: [GC (Allocation Failure) 42344K->435K(83584K), 0.0002130 secs]
610.512: [GC (Allocation Failure) 40879K->435K(82176K), 0.0002030 secs]
610.533: [GC (Allocation Failure) 39512K->435K(80832K), 0.0002130 secs]
610.550: [GC (Allocation Failure) 38144K->435K(79552K), 0.0002120 secs]
610.566: [GC (Allocation Failure) 36875K->435K(78336K), 0.0002030 secs]
610.637: [GC (Allocation Failure) 35605K->435K(77184K), 0.0002120 secs]
610.652: [GC (Allocation Failure) 34530K->435K(76032K), 0.0002010 secs]
610.736: [GC (Allocation Failure) 33358K->435K(74944K), 0.0003910 secs]
610.777: [GC (Allocation Failure) 32284K->435K(73920K), 0.0002170 secs]
610.891: [GC (Allocation Failure) 31210K->435K(72960K), 0.0002200 secs]
610.908: [GC (Allocation Failure) 30233K->435K(72000K), 0.0002090 secs]
610.921: [GC (Allocation Failure) 29354K->435K(71104K), 0.0002160 secs]
610.972: [GC (Allocation Failure) 28377K->435K(70272K), 0.0002010 secs]
610.984: [GC (Allocation Failure) 27596K->435K(69440K), 0.0002050 secs]
611.134: [GC (Allocation Failure) 26717K->435K(68672K), 0.0002610 secs]
611.162: [GC (Allocation Failure) 26033K->435K(67904K), 0.0002730 secs]
611.237: [GC (Allocation Failure) 25250K->435K(67200K), 0.0002200 secs]
611.248: [GC (Allocation Failure) 24466K->435K(66496K), 0.0002180 secs]
611.284: [GC (Allocation Failure) 23783K->435K(65856K), 0.0001920 secs]
611.298: [GC (Allocation Failure) 23196K->435K(65216K), 0.0002030 secs]
611.308: [GC (Allocation Failure) 22513K->435K(69696K), 0.0002290 secs]
611.323: [GC (Allocation Failure) 27010K->435K(75072K), 0.0002700 secs]
611.341: [GC (Allocation Failure) 32382K->435K(81472K), 0.0002130 secs]
611.361: [GC (Allocation Failure) 38828K->435K(89152K), 0.0002030 secs]
611.383: [GC (Allocation Failure) 46446K->435K(98368K), 0.0002110 secs]
611.447: [GC (Allocation Failure) 55729K->435K(96256K), 0.0002030 secs]
611.496: [GC (Allocation Failure) 53580K->435K(94272K), 0.0002120 secs]
611.545: [GC (Allocation Failure) 51627K->435K(92352K), 0.0002030 secs]
611.594: [GC (Allocation Failure) 49670K->435K(90496K), 0.0002220 secs]
611.615: [GC (Allocation Failure) 47814K->435K(88768K), 0.0002000 secs]
611.635: [GC (Allocation Failure) 46056K->435K(87104K), 0.0002000 secs]
611.670: [GC (Allocation Failure) 44395K->435K(85504K), 0.0002260 secs]
611.692: [GC (Allocation Failure) 42833K->435K(83968K), 0.0002120 secs]
611.741: [GC (Allocation Failure) 41270K->435K(82560K), 0.0002220 secs]
611.762: [GC (Allocation Failure) 39902K->435K(81216K), 0.0002160 secs]
611.779: [GC (Allocation Failure) 38535K->435K(79936K), 0.0002160 secs]
611.795: [GC (Allocation Failure) 37265K->435K(78656K), 0.0002110 secs]
611.839: [GC (Allocation Failure) 35996K->435K(77440K), 0.0002110 secs]
611.854: [GC (Allocation Failure) 34726K->435K(76288K), 0.0002120 secs]
611.892: [GC (Allocation Failure) 33554K->435K(75200K), 0.0002110 secs]
611.906: [GC (Allocation Failure) 32479K->435K(74176K), 0.0002150 secs]
611.923: [GC (Allocation Failure) 31503K->435K(73152K), 0.0002090 secs]
611.980: [GC (Allocation Failure) 30428K->435K(72192K), 0.0002160 secs]
611.992: [GC (Allocation Failure) 29549K->435K(71296K), 0.0002010 secs]
612.036: [GC (Allocation Failure) 28572K->435K(70400K), 0.0002120 secs]
612.048: [GC (Allocation Failure) 27693K->435K(69568K), 0.0002010 secs]
612.060: [GC (Allocation Failure) 26912K->435K(74880K), 0.0002010 secs]
612.089: [GC (Allocation Failure) 32186K->435K(73856K), 0.0002090 secs]
612.141: [GC (Allocation Failure) 31210K->435K(72896K), 0.0002150 secs]
612.158: [GC (Allocation Failure) 30233K->435K(71936K), 0.0002180 secs]
612.174: [GC (Allocation Failure) 29256K->435K(71040K), 0.0002100 secs]
612.186: [GC (Allocation Failure) 28377K->435K(76672K), 0.0002030 secs]
612.201: [GC (Allocation Failure) 33944K->435K(83392K), 0.0002040 secs]
612.222: [GC (Allocation Failure) 40684K->435K(91456K), 0.0002010 secs]
612.248: [GC (Allocation Failure) 48791K->435K(89664K), 0.0002010 secs]
612.268: [GC (Allocation Failure) 46935K->435K(87936K), 0.0002110 secs]
612.288: [GC (Allocation Failure) 45274K->435K(86336K), 0.0002000 secs]
612.310: [GC (Allocation Failure) 43614K->435K(84800K), 0.0002450 secs]
612.343: [GC (Allocation Failure) 42149K->435K(83328K), 0.0002670 secs]
612.377: [GC (Allocation Failure) 40684K->435K(81920K), 0.0002240 secs]
612.394: [GC (Allocation Failure) 39219K->435K(80576K), 0.0002030 secs]
612.410: [GC (Allocation Failure) 37851K->435K(79296K), 0.0002050 secs]
612.430: [GC (Allocation Failure) 36582K->435K(86592K), 0.0003460 secs]
612.454: [GC (Allocation Failure) 43907K->435K(95296K), 0.0002700 secs]
612.477: [GC (Allocation Failure) 52604K->435K(93312K), 0.0002020 secs]
612.502: [GC (Allocation Failure) 50650K->435K(91456K), 0.0002170 secs]
612.525: [GC (Allocation Failure) 48791K->435K(89664K), 0.0002020 secs]
612.545: [GC (Allocation Failure) 46935K->435K(87936K), 0.0002050 secs]
612.598: [GC (Allocation Failure) 45274K->435K(86336K), 0.0002240 secs]
612.617: [GC (Allocation Failure) 43614K->435K(84800K), 0.0002050 secs]
612.635: [GC (Allocation Failure) 42149K->435K(83328K), 0.0002000 secs]
612.657: [GC (Allocation Failure) 40684K->435K(81920K), 0.0002110 secs]
612.675: [GC (Allocation Failure) 39219K->435K(80576K), 0.0002100 secs]
612.741: [GC (Allocation Failure) 37851K->435K(79296K), 0.0002050 secs]
612.774: [GC (Allocation Failure) 36582K->435K(78080K), 0.0002210 secs]
612.793: [GC (Allocation Failure) 35409K->435K(76928K), 0.0002020 secs]
612.808: [GC (Allocation Failure) 34237K->435K(75840K), 0.0002130 secs]
612.822: [GC (Allocation Failure) 33163K->435K(74752K), 0.0002120 secs]
612.889: [GC (Allocation Failure) 32089K->435K(73728K), 0.0002130 secs]
612.902: [GC (Allocation Failure) 31014K->435K(72768K), 0.0002030 secs]
612.975: [GC (Allocation Failure) 30038K->435K(71808K), 0.0002040 secs]
612.988: [GC (Allocation Failure) 29158K->435K(70912K), 0.0002120 secs]
613.004: [GC (Allocation Failure) 28182K->435K(70080K), 0.0002200 secs]
613.037: [GC (Allocation Failure) 27400K->435K(69248K), 0.0002120 secs]
613.052: [GC (Allocation Failure) 26521K->435K(68480K), 0.0002100 secs]
613.064: [GC (Allocation Failure) 25838K->435K(73600K), 0.0002140 secs]
613.164: [GC (Allocation Failure) 30917K->435K(72640K), 0.0002180 secs]
613.192: [GC (Allocation Failure) 29940K->435K(71744K), 0.0002210 secs]
613.209: [GC (Allocation Failure) 29061K->435K(70848K), 0.0002360 secs]
613.238: [GC (Allocation Failure) 28182K->435K(70016K), 0.0002120 secs]
613.250: [GC (Allocation Failure) 27303K->435K(75456K), 0.0002010 secs]
613.264: [GC (Allocation Failure) 32772K->435K(81984K), 0.0002010 secs]
613.295: [GC (Allocation Failure) 39316K->435K(80640K), 0.0002030 secs]
613.311: [GC (Allocation Failure) 37949K->435K(79360K), 0.0002160 secs]
613.341: [GC (Allocation Failure) 36679K->435K(78144K), 0.0002250 secs]
613.358: [GC (Allocation Failure) 35409K->435K(76992K), 0.0002110 secs]
613.399: [GC (Allocation Failure) 34335K->435K(75904K), 0.0002120 secs]
613.414: [GC (Allocation Failure) 33261K->435K(74816K), 0.0002010 secs]
613.431: [GC (Allocation Failure) 32089K->435K(73792K), 0.0002010 secs]
613.445: [GC (Allocation Failure) 31112K->435K(79936K), 0.0002190 secs]
613.496: [GC (Allocation Failure) 37265K->435K(78656K), 0.0002380 secs]
613.512: [GC (Allocation Failure) 35996K->435K(77440K), 0.0002180 secs]
613.576: [GC (Allocation Failure) 34726K->435K(76288K), 0.0002170 secs]
613.594: [GC (Allocation Failure) 33554K->435K(75200K), 0.0002110 secs]
613.608: [GC (Allocation Failure) 32479K->435K(74176K), 0.0002030 secs]
613.626: [GC (Allocation Failure) 31503K->435K(80448K), 0.0002870 secs]
613.642: [GC (Allocation Failure) 37754K->435K(87936K), 0.0002170 secs]
613.705: [GC (Allocation Failure) 45274K->435K(86336K), 0.0002480 secs]
613.726: [GC (Allocation Failure) 43614K->435K(84800K), 0.0002900 secs]
613.748: [GC (Allocation Failure) 42149K->435K(83328K), 0.0002180 secs]
613.766: [GC (Allocation Failure) 40684K->435K(81920K), 0.0002220 secs]
613.847: [GC (Allocation Failure) 39219K->435K(80576K), 0.0002230 secs]
613.867: [GC (Allocation Failure) 37851K->435K(79296K), 0.0002110 secs]
613.896: [GC (Allocation Failure) 36582K->435K(78080K), 0.0002160 secs]
613.911: [GC (Allocation Failure) 35409K->435K(76928K), 0.0002010 secs]
613.930: [GC (Allocation Failure) 34237K->435K(75840K), 0.0002120 secs]
614.041: [GC (Allocation Failure) 33163K->435K(74752K), 0.0002040 secs]
614.094: [GC (Allocation Failure) 32089K->435K(73728K), 0.0002790 secs]
614.112: [GC (Allocation Failure) 31014K->435K(72768K), 0.0002050 secs]
614.127: [GC (Allocation Failure) 30038K->435K(71808K), 0.0002120 secs]
614.167: [GC (Allocation Failure) 29158K->435K(70912K), 0.0002120 secs]
614.179: [GC (Allocation Failure) 28182K->435K(70080K), 0.0002110 secs]
614.343: [GC (Allocation Failure) 27400K->435K(69248K), 0.0002250 secs]
614.359: [GC (Allocation Failure) 26521K->435K(68480K), 0.0002680 secs]
614.370: [GC (Allocation Failure) 25838K->435K(73600K), 0.0002340 secs]
614.388: [GC (Allocation Failure) 30917K->435K(79744K), 0.0002030 secs]
614.408: [GC (Allocation Failure) 37070K->435K(87104K), 0.0002100 secs]
614.434: [GC (Allocation Failure) 44395K->435K(85504K), 0.0002210 secs]
614.452: [GC (Allocation Failure) 42833K->435K(83968K), 0.0002140 secs]
614.474: [GC (Allocation Failure) 41270K->435K(82560K), 0.0002110 secs]
614.495: [GC (Allocation Failure) 39902K->435K(81216K), 0.0002270 secs]
614.516: [GC (Allocation Failure) 38535K->435K(79936K), 0.0002160 secs]
614.536: [GC (Allocation Failure) 37265K->435K(78656K), 0.0002020 secs]
614.552: [GC (Allocation Failure) 35996K->435K(77440K), 0.0002180 secs]
614.642: [GC (Allocation Failure) 34726K->435K(76288K), 0.0002370 secs]
614.657: [GC (Allocation Failure) 33554K->435K(75200K), 0.0002020 secs]
614.675: [GC (Allocation Failure) 32479K->435K(74176K), 0.0002220 secs]
614.691: [GC (Allocation Failure) 31503K->435K(73152K), 0.0002120 secs]
614.744: [GC (Allocation Failure) 30428K->435K(72192K), 0.0002230 secs]
614.757: [GC (Allocation Failure) 29549K->435K(71296K), 0.0002120 secs]
614.790: [GC (Allocation Failure) 28572K->435K(70400K), 0.0002280 secs]
614.802: [GC (Allocation Failure) 27693K->435K(75904K), 0.0002040 secs]
614.903: [GC (Allocation Failure) 33261K->435K(74816K), 0.0002080 secs]
614.916: [GC (Allocation Failure) 32089K->435K(73792K), 0.0002070 secs]
614.934: [GC (Allocation Failure) 31112K->435K(72832K), 0.0002150 secs]
614.947: [GC (Allocation Failure) 30135K->435K(78784K), 0.0002250 secs]
614.963: [GC (Allocation Failure) 36093K->435K(85952K), 0.0002030 secs]
614.985: [GC (Allocation Failure) 43223K->435K(94528K), 0.0002240 secs]
615.050: [GC (Allocation Failure) 51822K->435K(92608K), 0.0002040 secs]
615.103: [GC (Allocation Failure) 49967K->435K(90752K), 0.0002210 secs]
615.124: [GC (Allocation Failure) 48107K->435K(89024K), 0.0002140 secs]
615.148: [GC (Allocation Failure) 46349K->435K(87360K), 0.0002040 secs]
615.173: [GC (Allocation Failure) 44688K->435K(85760K), 0.0002010 secs]
615.192: [GC (Allocation Failure) 43028K->435K(84224K), 0.0002030 secs]
615.246: [GC (Allocation Failure) 41563K->435K(82752K), 0.0002140 secs]
615.300: [GC (Allocation Failure) 40098K->435K(81344K), 0.0002110 secs]
615.320: [GC (Allocation Failure) 38633K->435K(80000K), 0.0002010 secs]
615.337: [GC (Allocation Failure) 37363K->435K(78720K), 0.0002010 secs]
615.356: [GC (Allocation Failure) 35996K->435K(77504K), 0.0002120 secs]
615.371: [GC (Allocation Failure) 34823K->435K(76352K), 0.0002000 secs]
615.497: [GC (Allocation Failure) 33651K->435K(75264K), 0.0002210 secs]
615.515: [GC (Allocation Failure) 32577K->435K(74240K), 0.0002280 secs]
615.533: [GC (Allocation Failure) 31600K->435K(73216K), 0.0002060 secs]
615.595: [GC (Allocation Failure) 30526K->435K(72256K), 0.0002170 secs]
615.608: [GC (Allocation Failure) 29549K->435K(71360K), 0.0002150 secs]
615.645: [GC (Allocation Failure) 28670K->435K(70464K), 0.0002380 secs]
615.658: [GC (Allocation Failure) 27791K->435K(75968K), 0.0002710 secs]
615.702: [GC (Allocation Failure) 33261K->435K(74880K), 0.0002240 secs]
615.716: [GC (Allocation Failure) 32186K->435K(73856K), 0.0002050 secs]
615.776: [GC (Allocation Failure) 31210K->435K(72896K), 0.0002140 secs]
615.793: [GC (Allocation Failure) 30233K->435K(71936K), 0.0002160 secs]
615.810: [GC (Allocation Failure) 29256K->435K(71040K), 0.0002170 secs]
615.822: [GC (Allocation Failure) 28377K->435K(76672K), 0.0002160 secs]
615.837: [GC (Allocation Failure) 33944K->435K(83392K), 0.0002130 secs]
615.896: [GC (Allocation Failure) 40684K->435K(81984K), 0.0002140 secs]
615.944: [GC (Allocation Failure) 39316K->435K(80640K), 0.0002120 secs]
615.961: [GC (Allocation Failure) 37949K->435K(79360K), 0.0002050 secs]
615.977: [GC (Allocation Failure) 36679K->435K(78144K), 0.0002020 secs]
615.994: [GC (Allocation Failure) 35409K->435K(76992K), 0.0002450 secs]
616.009: [GC (Allocation Failure) 34335K->435K(83776K), 0.0002030 secs]
616.029: [GC (Allocation Failure) 41074K->435K(82368K), 0.0001980 secs]
616.047: [GC (Allocation Failure) 39707K->435K(81024K), 0.0002030 secs]
616.097: [GC (Allocation Failure) 38340K->435K(79744K), 0.0002060 secs]
616.149: [GC (Allocation Failure) 37070K->435K(78528K), 0.0002230 secs]
616.165: [GC (Allocation Failure) 35800K->435K(77312K), 0.0002060 secs]
616.184: [GC (Allocation Failure) 34628K->435K(76160K), 0.0002100 secs]
616.244: [GC (Allocation Failure) 33456K->435K(75072K), 0.0002770 secs]
616.351: [GC (Allocation Failure) 32382K->435K(74048K), 0.0002130 secs]
616.364: [GC (Allocation Failure) 31405K->435K(73088K), 0.0002010 secs]
616.378: [GC (Allocation Failure) 30428K->435K(72128K), 0.0002050 secs]
616.417: [GC (Allocation Failure) 29451K->435K(71232K), 0.0002100 secs]
616.496: [GC (Allocation Failure) 28572K->435K(70400K), 0.0002220 secs]
616.512: [GC (Allocation Failure) 27693K->435K(69568K), 0.0002380 secs]
616.545: [GC (Allocation Failure) 26912K->435K(68800K), 0.0002150 secs]
616.561: [GC (Allocation Failure) 26131K->435K(68032K), 0.0001990 secs]
616.576: [GC (Allocation Failure) 25349K->435K(67328K), 0.0002030 secs]
616.591: [GC (Allocation Failure) 24662K->435K(66624K), 0.0002180 secs]
616.694: [GC (Allocation Failure) 23978K->435K(65984K), 0.0002410 secs]
616.705: [GC (Allocation Failure) 23294K->435K(70592K), 0.0002150 secs]
616.717: [GC (Allocation Failure) 27889K->435K(76096K), 0.0002020 secs]
616.735: [GC (Allocation Failure) 33456K->435K(82752K), 0.0002000 secs]
616.753: [GC (Allocation Failure) 40098K->435K(90688K), 0.0002120 secs]
616.773: [GC (Allocation Failure) 48009K->435K(100224K), 0.0002040 secs]
616.798: [GC (Allocation Failure) 57585K->435K(98048K), 0.0002020 secs]
616.826: [GC (Allocation Failure) 55339K->435K(95936K), 0.0002110 secs]
616.852: [GC (Allocation Failure) 53287K->435K(93952K), 0.0002150 secs]
616.911: [GC (Allocation Failure) 51236K->435K(92032K), 0.0002160 secs]
616.933: [GC (Allocation Failure) 49377K->435K(90240K), 0.0002140 secs]
616.979: [GC (Allocation Failure) 47521K->435K(88512K), 0.0002030 secs]
617.054: [GC (Allocation Failure) 45860K->435K(86848K), 0.0002140 secs]
617.073: [GC (Allocation Failure) 44200K->435K(85312K), 0.0002040 secs]
617.103: [GC (Allocation Failure) 42637K->435K(83840K), 0.0002820 secs]
617.125: [GC (Allocation Failure) 41172K->435K(82432K), 0.0002060 secs]
617.142: [GC (Allocation Failure) 39707K->435K(81088K), 0.0002130 secs]
617.159: [GC (Allocation Failure) 38437K->435K(79808K), 0.0002020 secs]
617.179: [GC (Allocation Failure) 37168K->435K(78592K), 0.0002100 secs]
617.246: [GC (Allocation Failure) 35898K->435K(77376K), 0.0002040 secs]
617.301: [GC (Allocation Failure) 34726K->435K(76224K), 0.0002240 secs]
617.320: [GC (Allocation Failure) 33554K->435K(75136K), 0.0002100 secs]
617.334: [GC (Allocation Failure) 32479K->435K(74112K), 0.0002170 secs]
617.399: [GC (Allocation Failure) 31405K->435K(73152K), 0.0002270 secs]
617.416: [GC (Allocation Failure) 30428K->435K(72192K), 0.0002130 secs]
617.429: [GC (Allocation Failure) 29549K->435K(71296K), 0.0002180 secs]
617.444: [GC (Allocation Failure) 28572K->435K(76992K), 0.0002300 secs]
617.459: [GC (Allocation Failure) 34335K->435K(83776K), 0.0002150 secs]
617.549: [GC (Allocation Failure) 41074K->435K(82368K), 0.0002760 secs]
617.648: [GC (Allocation Failure) 39707K->435K(81024K), 0.0002080 secs]
617.702: [GC (Allocation Failure) 38340K->435K(79744K), 0.0002220 secs]
617.722: [GC (Allocation Failure) 37070K->435K(78528K), 0.0002120 secs]
617.774: [GC (Allocation Failure) 35800K->435K(77312K), 0.0002380 secs]
617.793: [GC (Allocation Failure) 34628K->435K(76160K), 0.0001990 secs]
617.846: [GC (Allocation Failure) 33456K->435K(75072K), 0.0002360 secs]
617.860: [GC (Allocation Failure) 32382K->435K(74048K), 0.0002140 secs]
617.945: [GC (Allocation Failure) 31405K->435K(73088K), 0.0002030 secs]
617.999: [GC (Allocation Failure) 30428K->435K(72128K), 0.0002100 secs]
618.015: [GC (Allocation Failure) 29451K->435K(71232K), 0.0002700 secs]
618.028: [GC (Allocation Failure) 28572K->435K(70400K), 0.0002180 secs]
618.048: [GC (Allocation Failure) 27693K->435K(69568K), 0.0002170 secs]
618.064: [GC (Allocation Failure) 26912K->435K(74880K), 0.0002290 secs]
618.105: [GC (Allocation Failure) 32186K->435K(73856K), 0.0002100 secs]
618.118: [GC (Allocation Failure) 31210K->435K(72896K), 0.0002040 secs]
618.131: [GC (Allocation Failure) 30233K->435K(78912K), 0.0002130 secs]
618.174: [GC (Allocation Failure) 36191K->435K(77696K), 0.0002230 secs]
618.206: [GC (Allocation Failure) 35019K->435K(76544K), 0.0002150 secs]
618.225: [GC (Allocation Failure) 33847K->435K(75456K), 0.0002710 secs]
618.243: [GC (Allocation Failure) 32772K->435K(74432K), 0.0002130 secs]
618.257: [GC (Allocation Failure) 31698K->435K(80704K), 0.0002150 secs]
618.274: [GC (Allocation Failure) 38047K->435K(88256K), 0.0002130 secs]
618.306: [GC (Allocation Failure) 45567K->435K(86592K), 0.0002160 secs]
618.329: [GC (Allocation Failure) 43907K->435K(85056K), 0.0002000 secs]
618.355: [GC (Allocation Failure) 42344K->435K(83584K), 0.0002010 secs]
618.374: [GC (Allocation Failure) 40879K->435K(82176K), 0.0002010 secs]
618.395: [GC (Allocation Failure) 39512K->435K(80832K), 0.0002100 secs]
618.425: [GC (Allocation Failure) 38144K->435K(79552K), 0.0002030 secs]
618.444: [GC (Allocation Failure) 36875K->435K(78336K), 0.0002690 secs]
618.460: [GC (Allocation Failure) 35605K->435K(77184K), 0.0002030 secs]
618.498: [GC (Allocation Failure) 34530K->435K(76032K), 0.0002260 secs]
618.512: [GC (Allocation Failure) 33358K->435K(74944K), 0.0002050 secs]
618.530: [GC (Allocation Failure) 32284K->435K(73920K), 0.0002160 secs]
618.550: [GC (Allocation Failure) 31210K->435K(72960K), 0.0002080 secs]
618.567: [GC (Allocation Failure) 30233K->435K(72000K), 0.0002000 secs]
618.580: [GC (Allocation Failure) 29354K->435K(77824K), 0.0002260 secs]
618.595: [GC (Allocation Failure) 35116K->435K(84800K), 0.0002020 secs]
618.613: [GC (Allocation Failure) 42149K->435K(93184K), 0.0002140 secs]
618.639: [GC (Allocation Failure) 50455K->435K(91328K), 0.0002010 secs]
618.664: [GC (Allocation Failure) 48595K->435K(89536K), 0.0002170 secs]
618.689: [GC (Allocation Failure) 46837K->435K(87872K), 0.0002000 secs]
618.709: [GC (Allocation Failure) 45177K->435K(96832K), 0.0003520 secs]
618.736: [GC (Allocation Failure) 54166K->435K(94784K), 0.0002100 secs]
618.805: [GC (Allocation Failure) 52115K->435K(92864K), 0.0002130 secs]
618.827: [GC (Allocation Failure) 50162K->435K(91008K), 0.0002120 secs]
618.852: [GC (Allocation Failure) 48302K->435K(89216K), 0.0002120 secs]
619.007: [GC (Allocation Failure) 46544K->435K(87552K), 0.0002040 secs]
619.030: [GC (Allocation Failure) 44884K->435K(85952K), 0.0002420 secs]
619.049: [GC (Allocation Failure) 43223K->435K(84416K), 0.0002020 secs]
619.105: [GC (Allocation Failure) 41758K->435K(82944K), 0.0002180 secs]
619.123: [GC (Allocation Failure) 40293K->435K(81536K), 0.0002010 secs]
619.139: [GC (Allocation Failure) 38828K->435K(80192K), 0.0002010 secs]
619.167: [GC (Allocation Failure) 37461K->435K(78912K), 0.0002160 secs]
619.304: [GC (Allocation Failure) 36191K->435K(77696K), 0.0002200 secs]
619.319: [GC (Allocation Failure) 35019K->435K(76544K), 0.0002050 secs]
619.377: [GC (Allocation Failure) 33847K->435K(75456K), 0.0002140 secs]
619.393: [GC (Allocation Failure) 32772K->435K(74432K), 0.0002100 secs]
619.406: [GC (Allocation Failure) 31698K->435K(80704K), 0.0002810 secs]
619.450: [GC (Allocation Failure) 38047K->435K(79424K), 0.0002440 secs]
619.466: [GC (Allocation Failure) 36777K->435K(78208K), 0.0002130 secs]
619.481: [GC (Allocation Failure) 35507K->435K(85248K), 0.0002020 secs]
619.499: [GC (Allocation Failure) 42540K->435K(93696K), 0.0002120 secs]
619.584: [GC (Allocation Failure) 51041K->435K(91840K), 0.0002170 secs]
619.610: [GC (Allocation Failure) 49181K->435K(90048K), 0.0002000 secs]
619.705: [GC (Allocation Failure) 47325K->435K(88320K), 0.0002090 secs]
619.725: [GC (Allocation Failure) 45665K->435K(86656K), 0.0002050 secs]
619.811: [GC (Allocation Failure) 44005K->435K(85120K), 0.0002150 secs]
619.834: [GC (Allocation Failure) 42442K->435K(83648K), 0.0002020 secs]
619.856: [GC (Allocation Failure) 40977K->435K(82240K), 0.0002020 secs]
619.873: [GC (Allocation Failure) 39512K->435K(80896K), 0.0002030 secs]
619.951: [GC (Allocation Failure) 38242K->435K(79616K), 0.0002030 secs]
619.978: [GC (Allocation Failure) 36972K->435K(78400K), 0.0002110 secs]
619.998: [GC (Allocation Failure) 35702K->435K(77248K), 0.0002010 secs]
620.017: [GC (Allocation Failure) 34530K->435K(76096K), 0.0002110 secs]
620.031: [GC (Allocation Failure) 33456K->435K(75008K), 0.0002040 secs]
620.048: [GC (Allocation Failure) 32284K->435K(81408K), 0.0002730 secs]
620.151: [GC (Allocation Failure) 38730K->435K(80064K), 0.0002230 secs]
620.171: [GC (Allocation Failure) 37363K->435K(78784K), 0.0002090 secs]
620.250: [GC (Allocation Failure) 36093K->435K(77568K), 0.0002810 secs]
620.300: [GC (Allocation Failure) 34921K->435K(76416K), 0.0002240 secs]
620.314: [GC (Allocation Failure) 33749K->435K(75328K), 0.0002030 secs]
620.332: [GC (Allocation Failure) 32675K->435K(74304K), 0.0002220 secs]
620.351: [GC (Allocation Failure) 31600K->435K(73280K), 0.0001980 secs]
620.376: [GC (Allocation Failure) 30624K->435K(72320K), 0.0002190 secs]
620.402: [GC (Allocation Failure) 29647K->435K(71424K), 0.0002210 secs]
620.415: [GC (Allocation Failure) 28768K->435K(70528K), 0.0002070 secs]
620.428: [GC (Allocation Failure) 27889K->435K(76032K), 0.0002050 secs]
620.448: [GC (Allocation Failure) 33358K->435K(82624K), 0.0002160 secs]
620.466: [GC (Allocation Failure) 39902K->435K(90560K), 0.0002170 secs]
620.519: [GC (Allocation Failure) 47911K->435K(88832K), 0.0002740 secs]
620.558: [GC (Allocation Failure) 46153K->435K(87168K), 0.0002080 secs]
620.581: [GC (Allocation Failure) 44493K->435K(85568K), 0.0002040 secs]
620.673: [GC (Allocation Failure) 42930K->435K(84032K), 0.0002020 secs]
620.702: [GC (Allocation Failure) 41367K->435K(82624K), 0.0002610 secs]
620.720: [GC (Allocation Failure) 39902K->435K(81280K), 0.0002140 secs]
620.737: [GC (Allocation Failure) 38633K->435K(80000K), 0.0002130 secs]
620.799: [GC (Allocation Failure) 37363K->435K(78720K), 0.0002260 secs]
620.819: [GC (Allocation Failure) 35996K->435K(77504K), 0.0002150 secs]
620.834: [GC (Allocation Failure) 34823K->435K(76352K), 0.0002140 secs]
620.852: [GC (Allocation Failure) 33651K->435K(75264K), 0.0002010 secs]
620.870: [GC (Allocation Failure) 32577K->435K(74240K), 0.0002020 secs]
620.886: [GC (Allocation Failure) 31600K->435K(73216K), 0.0002240 secs]
620.901: [GC (Allocation Failure) 30526K->435K(79296K), 0.0002160 secs]
620.921: [GC (Allocation Failure) 36582K->435K(86592K), 0.0002780 secs]
620.944: [GC (Allocation Failure) 43907K->435K(95296K), 0.0002120 secs]
621.063: [GC (Allocation Failure) 52604K->435K(93312K), 0.0002040 secs]
621.085: [GC (Allocation Failure) 50650K->435K(91456K), 0.0002140 secs]
621.106: [GC (Allocation Failure) 48791K->435K(89664K), 0.0002130 secs]
621.130: [GC (Allocation Failure) 46935K->435K(87936K), 0.0002120 secs]
621.178: [GC (Allocation Failure) 45274K->435K(86336K), 0.0002540 secs]
621.201: [GC (Allocation Failure) 43614K->435K(84800K), 0.0002120 secs]
621.223: [GC (Allocation Failure) 42149K->435K(83328K), 0.0002140 secs]
621.304: [GC (Allocation Failure) 40684K->435K(81920K), 0.0002230 secs]
621.321: [GC (Allocation Failure) 39219K->435K(80576K), 0.0002130 secs]
621.357: [GC (Allocation Failure) 37851K->435K(79296K), 0.0002100 secs]
621.373: [GC (Allocation Failure) 36582K->435K(78080K), 0.0002140 secs]
621.392: [GC (Allocation Failure) 35409K->435K(76928K), 0.0002110 secs]
621.451: [GC (Allocation Failure) 34237K->435K(75840K), 0.0002250 secs]
621.466: [GC (Allocation Failure) 33163K->435K(74752K), 0.0002130 secs]
621.483: [GC (Allocation Failure) 32089K->435K(73728K), 0.0002140 secs]
621.504: [GC (Allocation Failure) 31014K->435K(72768K), 0.0002270 secs]
621.521: [GC (Allocation Failure) 30038K->435K(71808K), 0.0002190 secs]
621.603: [GC (Allocation Failure) 29158K->435K(70912K), 0.0002110 secs]
621.616: [GC (Allocation Failure) 28182K->435K(70080K), 0.0002150 secs]
621.662: [GC (Allocation Failure) 27400K->435K(69248K), 0.0002370 secs]
621.674: [GC (Allocation Failure) 26521K->435K(68480K), 0.0002000 secs]
621.687: [GC (Allocation Failure) 25838K->435K(73600K), 0.0002110 secs]
621.701: [GC (Allocation Failure) 30917K->435K(79744K), 0.0002140 secs]
621.757: [GC (Allocation Failure) 37070K->435K(78528K), 0.0002340 secs]
621.773: [GC (Allocation Failure) 35800K->435K(77312K), 0.0002040 secs]
621.814: [GC (Allocation Failure) 34628K->435K(76160K), 0.0002220 secs]
621.829: [GC (Allocation Failure) 33456K->435K(75072K), 0.0002030 secs]
621.843: [GC (Allocation Failure) 32382K->435K(81472K), 0.0002010 secs]
621.859: [GC (Allocation Failure) 38828K->435K(89152K), 0.0002130 secs]
621.908: [GC (Allocation Failure) 46446K->435K(87488K), 0.0002030 secs]
621.959: [GC (Allocation Failure) 44786K->435K(85888K), 0.0002020 secs]
621.977: [GC (Allocation Failure) 43223K->435K(84352K), 0.0002030 secs]
622.009: [GC (Allocation Failure) 41660K->435K(82880K), 0.0002120 secs]
622.031: [GC (Allocation Failure) 40195K->435K(81472K), 0.0002040 secs]
622.051: [GC (Allocation Failure) 38828K->435K(80128K), 0.0002010 secs]
622.112: [GC (Allocation Failure) 37461K->435K(78848K), 0.0002190 secs]
622.128: [GC (Allocation Failure) 36191K->435K(77632K), 0.0002040 secs]
622.170: [GC (Allocation Failure) 34921K->435K(76480K), 0.0002240 secs]
622.188: [GC (Allocation Failure) 33749K->435K(75392K), 0.0002160 secs]
622.213: [GC (Allocation Failure) 32675K->435K(74368K), 0.0002100 secs]
622.227: [GC (Allocation Failure) 31698K->435K(80640K), 0.0002740 secs]
622.304: [GC (Allocation Failure) 37949K->435K(79360K), 0.0002150 secs]
622.319: [GC (Allocation Failure) 36679K->435K(78144K), 0.0002010 secs]
622.337: [GC (Allocation Failure) 35409K->435K(76992K), 0.0002100 secs]
622.356: [GC (Allocation Failure) 34335K->435K(75904K), 0.0002200 secs]
622.387: [GC (Allocation Failure) 33261K->435K(74816K), 0.0002130 secs]
622.404: [GC (Allocation Failure) 32089K->435K(73792K), 0.0002120 secs]
622.418: [GC (Allocation Failure) 31112K->435K(72832K), 0.0001990 secs]
622.455: [GC (Allocation Failure) 30135K->435K(71872K), 0.0002220 secs]
622.468: [GC (Allocation Failure) 29158K->435K(77632K), 0.0002170 secs]
622.483: [GC (Allocation Failure) 34921K->435K(84544K), 0.0002030 secs]
622.560: [GC (Allocation Failure) 41856K->435K(83072K), 0.0002110 secs]
622.581: [GC (Allocation Failure) 40391K->435K(81664K), 0.0002000 secs]
622.605: [GC (Allocation Failure) 39023K->435K(80320K), 0.0002040 secs]
622.671: [GC (Allocation Failure) 37656K->435K(79040K), 0.0002210 secs]
622.689: [GC (Allocation Failure) 36386K->435K(77824K), 0.0001990 secs]
622.754: [GC (Allocation Failure) 35116K->435K(76672K), 0.0002140 secs]
622.768: [GC (Allocation Failure) 33944K->435K(75584K), 0.0002010 secs]
622.786: [GC (Allocation Failure) 32870K->435K(74560K), 0.0002420 secs]
622.800: [GC (Allocation Failure) 31893K->435K(73536K), 0.0002110 secs]
622.814: [GC (Allocation Failure) 30819K->435K(79680K), 0.0002030 secs]
622.854: [GC (Allocation Failure) 36972K->435K(78464K), 0.0002010 secs]
622.907: [GC (Allocation Failure) 35800K->435K(77312K), 0.0002130 secs]
622.921: [GC (Allocation Failure) 34628K->435K(76160K), 0.0002050 secs]
622.939: [GC (Allocation Failure) 33456K->435K(75072K), 0.0002120 secs]
622.957: [GC (Allocation Failure) 32382K->435K(74048K), 0.0002100 secs]
623.010: [GC (Allocation Failure) 31405K->435K(73088K), 0.0002150 secs]
623.056: [GC (Allocation Failure) 30428K->435K(72128K), 0.0002100 secs]
623.073: [GC (Allocation Failure) 29451K->435K(71232K), 0.0002140 secs]
623.086: [GC (Allocation Failure) 28572K->435K(76864K), 0.0002620 secs]
623.153: [GC (Allocation Failure) 34140K->435K(75776K), 0.0002020 secs]
623.204: [GC (Allocation Failure) 33065K->435K(74688K), 0.0002250 secs]
623.217: [GC (Allocation Failure) 31991K->435K(73664K), 0.0002040 secs]
623.310: [GC (Allocation Failure) 31014K->435K(72704K), 0.0002160 secs]
623.356: [GC (Allocation Failure) 30038K->435K(71808K), 0.0002820 secs]
623.369: [GC (Allocation Failure) 29158K->435K(77568K), 0.0003270 secs]
623.454: [GC (Allocation Failure) 34921K->435K(76416K), 0.0002180 secs]
623.504: [GC (Allocation Failure) 33749K->435K(75328K), 0.0002160 secs]
623.576: [GC (Allocation Failure) 32675K->435K(74304K), 0.0002230 secs]
623.594: [GC (Allocation Failure) 31600K->435K(73280K), 0.0002370 secs]
623.653: [GC (Allocation Failure) 30624K->435K(72320K), 0.0002040 secs]
623.703: [GC (Allocation Failure) 29647K->435K(71424K), 0.0002230 secs]
623.719: [GC (Allocation Failure) 28768K->435K(70528K), 0.0003250 secs]
623.738: [GC (Allocation Failure) 27889K->435K(69696K), 0.0002040 secs]
623.805: [GC (Allocation Failure) 27010K->435K(68928K), 0.0002220 secs]
623.817: [GC (Allocation Failure) 26228K->435K(68160K), 0.0002180 secs]
623.832: [GC (Allocation Failure) 25447K->435K(67456K), 0.0002030 secs]
623.846: [GC (Allocation Failure) 24759K->435K(72384K), 0.0002120 secs]
623.957: [GC (Allocation Failure) 29745K->435K(71488K), 0.0002110 secs]
623.969: [GC (Allocation Failure) 28768K->435K(70592K), 0.0002170 secs]
624.052: [GC (Allocation Failure) 27889K->435K(69760K), 0.0002140 secs]
624.064: [GC (Allocation Failure) 27107K->435K(68992K), 0.0002130 secs]
624.102: [GC (Allocation Failure) 26326K->435K(68224K), 0.0002270 secs]
624.113: [GC (Allocation Failure) 25545K->435K(73280K), 0.0002030 secs]
624.126: [GC (Allocation Failure) 30624K->435K(79360K), 0.0002130 secs]
624.210: [GC (Allocation Failure) 36679K->435K(78144K), 0.0002890 secs]
624.225: [GC (Allocation Failure) 35409K->435K(85184K), 0.0002740 secs]
624.263: [GC (Allocation Failure) 42540K->435K(83712K), 0.0002150 secs]
624.280: [GC (Allocation Failure) 41074K->435K(82304K), 0.0002140 secs]
624.297: [GC (Allocation Failure) 39609K->435K(80960K), 0.0002030 secs]
624.356: [GC (Allocation Failure) 38242K->435K(79680K), 0.0002220 secs]
624.373: [GC (Allocation Failure) 36972K->435K(78464K), 0.0002190 secs]
624.411: [GC (Allocation Failure) 35800K->435K(77312K), 0.0002180 secs]
624.427: [GC (Allocation Failure) 34628K->435K(76160K), 0.0002740 secs]
624.446: [GC (Allocation Failure) 33456K->435K(75072K), 0.0002230 secs]
624.510: [GC (Allocation Failure) 32382K->435K(74048K), 0.0002090 secs]
624.527: [GC (Allocation Failure) 31405K->435K(73088K), 0.0002990 secs]
624.542: [GC (Allocation Failure) 30428K->435K(79104K), 0.0002040 secs]
624.561: [GC (Allocation Failure) 36386K->435K(86336K), 0.0002130 secs]
624.580: [GC (Allocation Failure) 43614K->435K(84800K), 0.0002140 secs]
624.599: [GC (Allocation Failure) 42149K->435K(93184K), 0.0002980 secs]
624.624: [GC (Allocation Failure) 50455K->435K(103232K), 0.0002160 secs]
624.654: [GC (Allocation Failure) 60515K->435K(100864K), 0.0002150 secs]
624.683: [GC (Allocation Failure) 58171K->435K(98624K), 0.0002110 secs]
624.720: [GC (Allocation Failure) 55925K->435K(96512K), 0.0002140 secs]
624.747: [GC (Allocation Failure) 53873K->435K(94464K), 0.0002000 secs]
624.817: [GC (Allocation Failure) 51822K->435K(92544K), 0.0002060 secs]
624.839: [GC (Allocation Failure) 49867K->435K(90688K), 0.0002240 secs]
624.859: [GC (Allocation Failure) 48009K->435K(88960K), 0.0002030 secs]
624.879: [GC (Allocation Failure) 46251K->435K(87296K), 0.0002120 secs]
624.902: [GC (Allocation Failure) 44591K->435K(85696K), 0.0002150 secs]
624.964: [GC (Allocation Failure) 43028K->435K(84160K), 0.0002010 secs]
624.982: [GC (Allocation Failure) 41465K->435K(82688K), 0.0002460 secs]
624.999: [GC (Allocation Failure) 40000K->435K(81344K), 0.0002000 secs]
625.108: [GC (Allocation Failure) 38633K->435K(80000K), 0.0002140 secs]
625.158: [GC (Allocation Failure) 37363K->435K(78720K), 0.0002230 secs]
625.177: [GC (Allocation Failure) 35996K->435K(77504K), 0.0002710 secs]
625.193: [GC (Allocation Failure) 34823K->435K(76352K), 0.0002130 secs]
625.211: [GC (Allocation Failure) 33651K->435K(75264K), 0.0002710 secs]
625.229: [GC (Allocation Failure) 32577K->435K(74240K), 0.0002130 secs]
625.247: [GC (Allocation Failure) 31600K->435K(73216K), 0.0002170 secs]
625.261: [GC (Allocation Failure) 30526K->435K(79296K), 0.0002120 secs]
625.319: [GC (Allocation Failure) 36582K->435K(78080K), 0.0002180 secs]
625.334: [GC (Allocation Failure) 35409K->435K(76928K), 0.0002150 secs]
625.358: [GC (Allocation Failure) 34237K->435K(75840K), 0.0002120 secs]
625.377: [GC (Allocation Failure) 33163K->435K(74752K), 0.0002160 secs]
625.406: [GC (Allocation Failure) 32089K->435K(73728K), 0.0002140 secs]
625.460: [GC (Allocation Failure) 31014K->435K(72768K), 0.0002120 secs]
625.477: [GC (Allocation Failure) 30038K->435K(71808K), 0.0002060 secs]
625.490: [GC (Allocation Failure) 29158K->435K(70912K), 0.0002130 secs]
625.506: [GC (Allocation Failure) 28182K->435K(76480K), 0.0002100 secs]
625.525: [GC (Allocation Failure) 33749K->435K(75392K), 0.0002010 secs]
625.540: [GC (Allocation Failure) 32675K->435K(81856K), 0.0002160 secs]
625.557: [GC (Allocation Failure) 39219K->435K(89664K), 0.0002710 secs]
625.663: [GC (Allocation Failure) 46935K->435K(87936K), 0.0002240 secs]
625.682: [GC (Allocation Failure) 45274K->435K(86336K), 0.0002110 secs]
625.729: [GC (Allocation Failure) 43614K->435K(84800K), 0.0002160 secs]
625.751: [GC (Allocation Failure) 42149K->435K(83328K), 0.0002070 secs]
625.769: [GC (Allocation Failure) 40684K->435K(81920K), 0.0002050 secs]
625.810: [GC (Allocation Failure) 39219K->435K(80576K), 0.0002060 secs]
625.953: [GC (Allocation Failure) 37851K->435K(79296K), 0.0002150 secs]
625.973: [GC (Allocation Failure) 36582K->435K(78080K), 0.0002110 secs]
626.062: [GC (Allocation Failure) 35409K->435K(76928K), 0.0002760 secs]
626.077: [GC (Allocation Failure) 34237K->435K(75840K), 0.0002840 secs]
626.107: [GC (Allocation Failure) 33163K->435K(74752K), 0.0002150 secs]
626.164: [GC (Allocation Failure) 32089K->435K(73728K), 0.0002050 secs]
626.261: [GC (Allocation Failure) 31014K->435K(72768K), 0.0002240 secs]
626.278: [GC (Allocation Failure) 30038K->435K(71808K), 0.0002150 secs]
626.291: [GC (Allocation Failure) 29158K->435K(70912K), 0.0002130 secs]
626.307: [GC (Allocation Failure) 28182K->435K(70080K), 0.0002010 secs]
626.319: [GC (Allocation Failure) 27400K->435K(75520K), 0.0002260 secs]
626.337: [GC (Allocation Failure) 32870K->435K(82048K), 0.0001940 secs]
626.354: [GC (Allocation Failure) 39316K->435K(89856K), 0.0002220 secs]
626.414: [GC (Allocation Failure) 47130K->435K(88128K), 0.0002260 secs]
626.434: [GC (Allocation Failure) 45470K->435K(86528K), 0.0002050 secs]
626.507: [GC (Allocation Failure) 43809K->435K(84992K), 0.0002640 secs]
626.530: [GC (Allocation Failure) 42344K->435K(83520K), 0.0002330 secs]
626.548: [GC (Allocation Failure) 40879K->435K(82112K), 0.0002150 secs]
626.565: [GC (Allocation Failure) 39414K->435K(80768K), 0.0002040 secs]
626.582: [GC (Allocation Failure) 38047K->435K(79488K), 0.0002020 secs]
626.601: [GC (Allocation Failure) 36777K->435K(78272K), 0.0002120 secs]
626.617: [GC (Allocation Failure) 35605K->435K(77120K), 0.0002030 secs]
626.659: [GC (Allocation Failure) 34433K->435K(75968K), 0.0002050 secs]
626.712: [GC (Allocation Failure) 33261K->435K(74880K), 0.0002180 secs]
626.730: [GC (Allocation Failure) 32186K->435K(73856K), 0.0002020 secs]
626.748: [GC (Allocation Failure) 31210K->435K(72896K), 0.0002000 secs]
626.765: [GC (Allocation Failure) 30233K->435K(71936K), 0.0002110 secs]
626.782: [GC (Allocation Failure) 29256K->435K(71040K), 0.0002150 secs]
626.795: [GC (Allocation Failure) 28377K->435K(76672K), 0.0002240 secs]
626.810: [GC (Allocation Failure) 33944K->435K(83392K), 0.0002050 secs]
626.866: [GC (Allocation Failure) 40684K->435K(81984K), 0.0002180 secs]
626.883: [GC (Allocation Failure) 39316K->435K(89792K), 0.0002700 secs]
626.920: [GC (Allocation Failure) 47130K->435K(88064K), 0.0002180 secs]
626.939: [GC (Allocation Failure) 45372K->435K(86464K), 0.0002710 secs]
626.963: [GC (Allocation Failure) 43809K->435K(84928K), 0.0002030 secs]
627.024: [GC (Allocation Failure) 42247K->435K(83456K), 0.0002160 secs]
627.045: [GC (Allocation Failure) 40781K->435K(82048K), 0.0002110 secs]
627.115: [GC (Allocation Failure) 39316K->435K(80704K), 0.0002200 secs]
627.136: [GC (Allocation Failure) 38047K->435K(79424K), 0.0002140 secs]
627.210: [GC (Allocation Failure) 36777K->435K(78208K), 0.0002130 secs]
627.260: [GC (Allocation Failure) 35507K->435K(77056K), 0.0002130 secs]
627.275: [GC (Allocation Failure) 34335K->435K(75904K), 0.0002020 secs]
627.293: [GC (Allocation Failure) 33261K->435K(74816K), 0.0002130 secs]
627.307: [GC (Allocation Failure) 32089K->435K(73792K), 0.0002120 secs]
627.324: [GC (Allocation Failure) 31112K->435K(72832K), 0.0002190 secs]
627.339: [GC (Allocation Failure) 30135K->435K(78784K), 0.0002030 secs]
627.365: [GC (Allocation Failure) 36093K->435K(77568K), 0.0002240 secs]
627.385: [GC (Allocation Failure) 34921K->435K(76416K), 0.0002110 secs]
627.404: [GC (Allocation Failure) 33749K->435K(75328K), 0.0002240 secs]
627.459: [GC (Allocation Failure) 32675K->435K(74304K), 0.0002700 secs]
627.512: [GC (Allocation Failure) 31600K->435K(73280K), 0.0002230 secs]
627.530: [GC (Allocation Failure) 30624K->435K(72320K), 0.0002090 secs]
627.562: [GC (Allocation Failure) 29647K->435K(71424K), 0.0002110 secs]
627.575: [GC (Allocation Failure) 28768K->435K(70528K), 0.0002010 secs]
627.587: [GC (Allocation Failure) 27889K->435K(76032K), 0.0002030 secs]
627.601: [GC (Allocation Failure) 33358K->435K(82624K), 0.0002030 secs]
627.622: [GC (Allocation Failure) 39902K->435K(90560K), 0.0002090 secs]
627.675: [GC (Allocation Failure) 47911K->435K(88832K), 0.0002050 secs]
627.695: [GC (Allocation Failure) 46153K->435K(87168K), 0.0002120 secs]
627.715: [GC (Allocation Failure) 44493K->435K(85568K), 0.0002030 secs]
627.734: [GC (Allocation Failure) 42930K->435K(84032K), 0.0002040 secs]
627.751: [GC (Allocation Failure) 41367K->435K(82624K), 0.0002110 secs]
627.779: [GC (Allocation Failure) 39902K->435K(81280K), 0.0002820 secs]
627.800: [GC (Allocation Failure) 38633K->435K(80000K), 0.0001990 secs]
627.861: [GC (Allocation Failure) 37363K->435K(78720K), 0.0002740 secs]
628.011: [GC (Allocation Failure) 35996K->435K(77504K), 0.0002130 secs]
628.030: [GC (Allocation Failure) 34823K->435K(76352K), 0.0002010 secs]
628.060: [GC (Allocation Failure) 33651K->435K(75264K), 0.0002140 secs]
628.075: [GC (Allocation Failure) 32577K->435K(74240K), 0.0002020 secs]
628.088: [GC (Allocation Failure) 31600K->435K(73216K), 0.0002030 secs]
628.106: [GC (Allocation Failure) 30526K->435K(72256K), 0.0001970 secs]
628.123: [GC (Allocation Failure) 29549K->435K(71360K), 0.0002220 secs]
628.162: [GC (Allocation Failure) 28670K->435K(70464K), 0.0002700 secs]
628.175: [GC (Allocation Failure) 27791K->435K(75968K), 0.0002200 secs]
628.194: [GC (Allocation Failure) 33261K->435K(82560K), 0.0002110 secs]
628.211: [GC (Allocation Failure) 39902K->435K(90496K), 0.0002030 secs]
628.232: [GC (Allocation Failure) 47814K->435K(88768K), 0.0002020 secs]
628.252: [GC (Allocation Failure) 46056K->435K(87104K), 0.0002040 secs]
628.319: [GC (Allocation Failure) 44395K->435K(85504K), 0.0002220 secs]
628.338: [GC (Allocation Failure) 42833K->435K(83968K), 0.0002110 secs]
628.394: [GC (Allocation Failure) 41270K->435K(82560K), 0.0002160 secs]
628.411: [GC (Allocation Failure) 39902K->435K(81216K), 0.0002740 secs]
628.563: [GC (Allocation Failure) 38535K->435K(79936K), 0.0002140 secs]
628.579: [GC (Allocation Failure) 37265K->435K(78656K), 0.0002130 secs]
628.597: [GC (Allocation Failure) 35996K->435K(77440K), 0.0002100 secs]
628.616: [GC (Allocation Failure) 34726K->435K(76288K), 0.0002730 secs]
628.634: [GC (Allocation Failure) 33554K->435K(75200K), 0.0002120 secs]
628.649: [GC (Allocation Failure) 32479K->435K(81664K), 0.0001990 secs]
628.665: [GC (Allocation Failure) 39023K->435K(89408K), 0.0002150 secs]
628.689: [GC (Allocation Failure) 46739K->435K(87744K), 0.0002210 secs]
628.716: [GC (Allocation Failure) 45079K->435K(86144K), 0.0002130 secs]
628.739: [GC (Allocation Failure) 43419K->435K(84608K), 0.0003210 secs]
628.765: [GC (Allocation Failure) 41953K->435K(83136K), 0.0002170 secs]
628.868: [GC (Allocation Failure) 40488K->435K(81728K), 0.0002230 secs]
628.889: [GC (Allocation Failure) 39023K->435K(80384K), 0.0002120 secs]
628.910: [GC (Allocation Failure) 37656K->435K(79104K), 0.0002130 secs]
628.926: [GC (Allocation Failure) 36386K->435K(77888K), 0.0002050 secs]
628.962: [GC (Allocation Failure) 35214K->435K(76736K), 0.0002230 secs]
628.977: [GC (Allocation Failure) 34042K->435K(75648K), 0.0002030 secs]
628.991: [GC (Allocation Failure) 32968K->435K(74560K), 0.0002020 secs]
629.009: [GC (Allocation Failure) 31893K->435K(73536K), 0.0001990 secs]
629.026: [GC (Allocation Failure) 30819K->435K(72576K), 0.0002450 secs]
629.044: [GC (Allocation Failure) 29842K->435K(71680K), 0.0002110 secs]
629.056: [GC (Allocation Failure) 28963K->435K(77440K), 0.0002140 secs]
629.162: [GC (Allocation Failure) 34726K->435K(76288K), 0.0002110 secs]
629.216: [GC (Allocation Failure) 33554K->435K(75200K), 0.0002100 secs]
629.231: [GC (Allocation Failure) 32479K->435K(74176K), 0.0002010 secs]
629.265: [GC (Allocation Failure) 31503K->435K(73152K), 0.0002170 secs]
629.282: [GC (Allocation Failure) 30428K->435K(72192K), 0.0002170 secs]
629.295: [GC (Allocation Failure) 29549K->435K(71296K), 0.0002130 secs]
629.312: [GC (Allocation Failure) 28572K->435K(76992K), 0.0002170 secs]
629.377: [GC (Allocation Failure) 34335K->435K(75904K), 0.0002310 secs]
629.396: [GC (Allocation Failure) 33261K->435K(74816K), 0.0002120 secs]
629.412: [GC (Allocation Failure) 32089K->435K(73792K), 0.0002160 secs]
629.465: [GC (Allocation Failure) 31112K->435K(72832K), 0.0002120 secs]
629.478: [GC (Allocation Failure) 30135K->435K(71872K), 0.0002170 secs]
629.511: [GC (Allocation Failure) 29158K->435K(70976K), 0.0002270 secs]
629.523: [GC (Allocation Failure) 28279K->435K(76608K), 0.0002160 secs]
629.562: [GC (Allocation Failure) 33944K->435K(75520K), 0.0002150 secs]
629.580: [GC (Allocation Failure) 32870K->435K(74496K), 0.0002140 secs]
629.615: [GC (Allocation Failure) 31796K->435K(73472K), 0.0002060 secs]
629.633: [GC (Allocation Failure) 30819K->435K(72512K), 0.0002130 secs]
629.648: [GC (Allocation Failure) 29842K->435K(71616K), 0.0002180 secs]
629.661: [GC (Allocation Failure) 28963K->435K(77376K), 0.0002280 secs]
629.676: [GC (Allocation Failure) 34726K->435K(84288K), 0.0002030 secs]
629.694: [GC (Allocation Failure) 41563K->435K(92544K), 0.0002050 secs]
629.719: [GC (Allocation Failure) 49867K->435K(90688K), 0.0002130 secs]
629.744: [GC (Allocation Failure) 48009K->435K(88960K), 0.0002010 secs]
629.768: [GC (Allocation Failure) 46251K->435K(87296K), 0.0002000 secs]
629.788: [GC (Allocation Failure) 44591K->435K(85696K), 0.0002130 secs]
629.810: [GC (Allocation Failure) 43028K->435K(84160K), 0.0002000 secs]
629.828: [GC (Allocation Failure) 41465K->435K(82688K), 0.0002130 secs]
629.845: [GC (Allocation Failure) 40000K->435K(81344K), 0.0002020 secs]
629.869: [GC (Allocation Failure) 38633K->435K(80000K), 0.0002100 secs]
629.885: [GC (Allocation Failure) 37363K->435K(78720K), 0.0002030 secs]
629.905: [GC (Allocation Failure) 35996K->435K(77504K), 0.0002210 secs]
630.013: [GC (Allocation Failure) 34823K->435K(76352K), 0.0002120 secs]
630.032: [GC (Allocation Failure) 33651K->435K(75264K), 0.0002030 secs]
630.049: [GC (Allocation Failure) 32577K->435K(74240K), 0.0002110 secs]
630.117: [GC (Allocation Failure) 31600K->435K(73216K), 0.0002870 secs]
630.131: [GC (Allocation Failure) 30526K->435K(72256K), 0.0002040 secs]
630.165: [GC (Allocation Failure) 29549K->435K(71360K), 0.0002240 secs]
630.182: [GC (Allocation Failure) 28670K->435K(70464K), 0.0002140 secs]
630.194: [GC (Allocation Failure) 27791K->435K(75968K), 0.0002220 secs]
630.213: [GC (Allocation Failure) 33261K->435K(82560K), 0.0002130 secs]
630.316: [GC (Allocation Failure) 39902K->435K(81216K), 0.0002260 secs]
630.334: [GC (Allocation Failure) 38535K->435K(79936K), 0.0001990 secs]
630.357: [GC (Allocation Failure) 37265K->435K(78656K), 0.0002020 secs]
630.373: [GC (Allocation Failure) 35996K->435K(77440K), 0.0002240 secs]
630.388: [GC (Allocation Failure) 34726K->435K(76288K), 0.0002140 secs]
630.403: [GC (Allocation Failure) 33554K->435K(82944K), 0.0002000 secs]
630.436: [GC (Allocation Failure) 40293K->435K(81536K), 0.0002180 secs]
630.466: [GC (Allocation Failure) 38828K->435K(80192K), 0.0002030 secs]
630.526: [GC (Allocation Failure) 37461K->435K(78912K), 0.0002200 secs]
630.542: [GC (Allocation Failure) 36191K->435K(77696K), 0.0002160 secs]
630.559: [GC (Allocation Failure) 35019K->435K(76544K), 0.0002040 secs]
630.573: [GC (Allocation Failure) 33847K->435K(75456K), 0.0002040 secs]
630.614: [GC (Allocation Failure) 32772K->435K(74432K), 0.0002030 secs]
630.667: [GC (Allocation Failure) 31698K->435K(73408K), 0.0002120 secs]
630.681: [GC (Allocation Failure) 30721K->435K(72448K), 0.0002270 secs]
630.697: [GC (Allocation Failure) 29745K->435K(71552K), 0.0002100 secs]
630.766: [GC (Allocation Failure) 28865K->435K(70656K), 0.0002000 secs]
630.778: [GC (Allocation Failure) 27986K->435K(76224K), 0.0003470 secs]
630.918: [GC (Allocation Failure) 33554K->435K(75136K), 0.0002140 secs]
630.932: [GC (Allocation Failure) 32479K->435K(81600K), 0.0002160 secs]
630.967: [GC (Allocation Failure) 38926K->435K(80256K), 0.0002180 secs]
631.020: [GC (Allocation Failure) 37558K->435K(78976K), 0.0002220 secs]
631.040: [GC (Allocation Failure) 36289K->435K(77760K), 0.0002010 secs]
631.059: [GC (Allocation Failure) 35116K->435K(76608K), 0.0002190 secs]
631.165: [GC (Allocation Failure) 33944K->435K(75520K), 0.0002160 secs]
631.218: [GC (Allocation Failure) 32870K->435K(74496K), 0.0002120 secs]
631.236: [GC (Allocation Failure) 31796K->435K(73472K), 0.0002260 secs]
631.314: [GC (Allocation Failure) 30819K->435K(72512K), 0.0002070 secs]
631.327: [GC (Allocation Failure) 29842K->435K(71616K), 0.0002060 secs]
631.423: [GC (Allocation Failure) 28963K->435K(70720K), 0.0002230 secs]
631.436: [GC (Allocation Failure) 27986K->435K(69888K), 0.0002180 secs]
631.451: [GC (Allocation Failure) 27205K->435K(69056K), 0.0002120 secs]
631.516: [GC (Allocation Failure) 26326K->435K(68288K), 0.0002200 secs]
631.527: [GC (Allocation Failure) 25642K->435K(67520K), 0.0002170 secs]
631.542: [GC (Allocation Failure) 24857K->435K(72448K), 0.0002100 secs]
631.567: [GC (Allocation Failure) 29745K->435K(71552K), 0.0002020 secs]
631.584: [GC (Allocation Failure) 28865K->435K(77248K), 0.0002280 secs]
631.619: [GC (Allocation Failure) 34530K->435K(76096K), 0.0002130 secs]
631.634: [GC (Allocation Failure) 33456K->435K(75008K), 0.0002040 secs]
631.668: [GC (Allocation Failure) 32284K->435K(73984K), 0.0002170 secs]
631.682: [GC (Allocation Failure) 31307K->435K(73024K), 0.0002150 secs]
631.720: [GC (Allocation Failure) 30331K->435K(72064K), 0.0002280 secs]
631.733: [GC (Allocation Failure) 29354K->435K(77888K), 0.0003970 secs]
631.819: [GC (Allocation Failure) 35214K->435K(84864K), 0.0002160 secs]
631.842: [GC (Allocation Failure) 42149K->435K(83392K), 0.0002070 secs]
631.860: [GC (Allocation Failure) 40684K->435K(81984K), 0.0002040 secs]
631.881: [GC (Allocation Failure) 39316K->435K(80640K), 0.0002020 secs]
631.897: [GC (Allocation Failure) 37949K->435K(79360K), 0.0002040 secs]
631.913: [GC (Allocation Failure) 36679K->435K(78144K), 0.0002020 secs]
631.932: [GC (Allocation Failure) 35409K->435K(76992K), 0.0002120 secs]
631.977: [GC (Allocation Failure) 34335K->435K(75904K), 0.0002010 secs]
631.992: [GC (Allocation Failure) 33261K->435K(74816K), 0.0002040 secs]
632.069: [GC (Allocation Failure) 32089K->435K(73792K), 0.0002230 secs]
632.083: [GC (Allocation Failure) 31112K->435K(72832K), 0.0002140 secs]
632.100: [GC (Allocation Failure) 30135K->435K(71872K), 0.0002120 secs]
632.114: [GC (Allocation Failure) 29158K->435K(77632K), 0.0002110 secs]
632.128: [GC (Allocation Failure) 34921K->435K(84544K), 0.0002030 secs]
632.173: [GC (Allocation Failure) 41856K->435K(83072K), 0.0002200 secs]
632.195: [GC (Allocation Failure) 40391K->435K(81664K), 0.0002100 secs]
632.215: [GC (Allocation Failure) 39023K->435K(80320K), 0.0002110 secs]
632.354: [GC (Allocation Failure) 37656K->435K(79040K), 0.0002270 secs]
632.373: [GC (Allocation Failure) 36386K->435K(77824K), 0.0002460 secs]
632.418: [GC (Allocation Failure) 35116K->435K(76672K), 0.0002770 secs]
632.470: [GC (Allocation Failure) 33944K->435K(75584K), 0.0002560 secs]
632.485: [GC (Allocation Failure) 32870K->435K(74560K), 0.0002730 secs]
632.519: [GC (Allocation Failure) 31893K->435K(73536K), 0.0002040 secs]
632.536: [GC (Allocation Failure) 30819K->435K(72576K), 0.0002030 secs]
632.621: [GC (Allocation Failure) 29842K->435K(71680K), 0.0002760 secs]
632.663: [GC (Allocation Failure) 28963K->435K(70784K), 0.0002150 secs]
632.679: [GC (Allocation Failure) 28084K->435K(69952K), 0.0002210 secs]
632.764: [GC (Allocation Failure) 27303K->435K(69120K), 0.0002250 secs]
632.779: [GC (Allocation Failure) 26424K->435K(68352K), 0.0002000 secs]
632.790: [GC (Allocation Failure) 25642K->435K(67584K), 0.0002270 secs]
632.802: [GC (Allocation Failure) 24857K->435K(72512K), 0.0002000 secs]
632.819: [GC (Allocation Failure) 29842K->435K(78400K), 0.0002150 secs]
632.839: [GC (Allocation Failure) 35702K->435K(85504K), 0.0002000 secs]
632.922: [GC (Allocation Failure) 42833K->435K(83968K), 0.0002100 secs]
632.970: [GC (Allocation Failure) 41270K->435K(82560K), 0.0002210 secs]
632.991: [GC (Allocation Failure) 39902K->435K(81216K), 0.0002060 secs]
633.023: [GC (Allocation Failure) 38535K->435K(79936K), 0.0002110 secs]
633.043: [GC (Allocation Failure) 37265K->435K(78656K), 0.0002040 secs]
633.059: [GC (Allocation Failure) 35996K->435K(77440K), 0.0002020 secs]
633.173: [GC (Allocation Failure) 34726K->435K(76288K), 0.0002260 secs]
633.193: [GC (Allocation Failure) 33554K->435K(75200K), 0.0002020 secs]
633.207: [GC (Allocation Failure) 32479K->435K(74176K), 0.0002270 secs]
633.225: [GC (Allocation Failure) 31503K->435K(73152K), 0.0002710 secs]
633.243: [GC (Allocation Failure) 30428K->435K(79168K), 0.0002810 secs]
633.263: [GC (Allocation Failure) 36484K->435K(86400K), 0.0002110 secs]
633.286: [GC (Allocation Failure) 43712K->435K(95104K), 0.0002700 secs]
633.309: [GC (Allocation Failure) 52408K->435K(93120K), 0.0002140 secs]
633.334: [GC (Allocation Failure) 50455K->435K(91264K), 0.0002240 secs]
633.378: [GC (Allocation Failure) 48595K->435K(89472K), 0.0002050 secs]
633.398: [GC (Allocation Failure) 46739K->435K(87808K), 0.0002100 secs]
633.427: [GC (Allocation Failure) 45079K->435K(86208K), 0.0002170 secs]
633.450: [GC (Allocation Failure) 43516K->435K(84672K), 0.0002120 secs]
633.472: [GC (Allocation Failure) 41953K->435K(83200K), 0.0002100 secs]
633.521: [GC (Allocation Failure) 40488K->435K(81792K), 0.0002150 secs]
633.570: [GC (Allocation Failure) 39121K->435K(80448K), 0.0002200 secs]
633.591: [GC (Allocation Failure) 37754K->435K(79168K), 0.0002100 secs]
633.619: [GC (Allocation Failure) 36484K->435K(77952K), 0.0002150 secs]
633.666: [GC (Allocation Failure) 35312K->435K(76800K), 0.0002230 secs]
633.680: [GC (Allocation Failure) 34140K->435K(75712K), 0.0002120 secs]
633.698: [GC (Allocation Failure) 33065K->435K(74624K), 0.0002220 secs]
633.736: [GC (Allocation Failure) 31893K->435K(73600K), 0.0002160 secs]
633.749: [GC (Allocation Failure) 30917K->435K(72640K), 0.0002700 secs]
633.766: [GC (Allocation Failure) 29940K->435K(78592K), 0.0002050 secs]
633.819: [GC (Allocation Failure) 35898K->435K(77376K), 0.0002190 secs]
633.873: [GC (Allocation Failure) 34726K->435K(76224K), 0.0002180 secs]
633.891: [GC (Allocation Failure) 33554K->435K(75136K), 0.0002030 secs]
633.922: [GC (Allocation Failure) 32479K->435K(74112K), 0.0002030 secs]
633.939: [GC (Allocation Failure) 31405K->435K(73152K), 0.0001990 secs]
633.967: [GC (Allocation Failure) 30428K->435K(72192K), 0.0002050 secs]
634.095: [GC (Allocation Failure) 29549K->435K(71296K), 0.0002040 secs]
634.138: [GC (Allocation Failure) 28572K->435K(70400K), 0.0002260 secs]
634.154: [GC (Allocation Failure) 27693K->435K(69568K), 0.0002860 secs]
634.170: [GC (Allocation Failure) 26912K->435K(68800K), 0.0002120 secs]
634.185: [GC (Allocation Failure) 26131K->435K(68032K), 0.0002190 secs]
634.201: [GC (Allocation Failure) 25349K->435K(73024K), 0.0002120 secs]
634.228: [GC (Allocation Failure) 30331K->435K(72064K), 0.0002310 secs]
634.241: [GC (Allocation Failure) 29354K->435K(77888K), 0.0002630 secs]
634.273: [GC (Allocation Failure) 35214K->435K(76736K), 0.0002170 secs]
634.288: [GC (Allocation Failure) 34042K->435K(83520K), 0.0002180 secs]
634.310: [GC (Allocation Failure) 40879K->435K(91648K), 0.0002130 secs]
634.358: [GC (Allocation Failure) 48986K->435K(89856K), 0.0002330 secs]
634.397: [GC (Allocation Failure) 47130K->435K(88128K), 0.0002230 secs]
634.421: [GC (Allocation Failure) 45470K->435K(86528K), 0.0002030 secs]
634.441: [GC (Allocation Failure) 43809K->435K(84992K), 0.0002060 secs]
634.473: [GC (Allocation Failure) 42344K->435K(83520K), 0.0002120 secs]
634.494: [GC (Allocation Failure) 40879K->435K(82112K), 0.0002060 secs]
634.522: [GC (Allocation Failure) 39414K->435K(80768K), 0.0002040 secs]
634.675: [GC (Allocation Failure) 38047K->435K(79488K), 0.0002380 secs]
634.692: [GC (Allocation Failure) 36777K->435K(78272K), 0.0002170 secs]
634.725: [GC (Allocation Failure) 35605K->435K(77120K), 0.0002250 secs]
634.740: [GC (Allocation Failure) 34433K->435K(75968K), 0.0002170 secs]
634.774: [GC (Allocation Failure) 33261K->435K(74880K), 0.0002230 secs]
634.792: [GC (Allocation Failure) 32186K->435K(73856K), 0.0002150 secs]
634.819: [GC (Allocation Failure) 31210K->435K(72896K), 0.0002010 secs]
634.928: [GC (Allocation Failure) 30233K->435K(71936K), 0.0002150 secs]
634.945: [GC (Allocation Failure) 29256K->435K(71040K), 0.0002010 secs]
634.971: [GC (Allocation Failure) 28377K->435K(70208K), 0.0002060 secs]
635.021: [GC (Allocation Failure) 27498K->435K(69376K), 0.0002810 secs]
635.037: [GC (Allocation Failure) 26717K->435K(68608K), 0.0002290 secs]
635.070: [GC (Allocation Failure) 25935K->435K(67840K), 0.0002110 secs]
635.085: [GC (Allocation Failure) 25150K->435K(67136K), 0.0002130 secs]
635.116: [GC (Allocation Failure) 24466K->435K(66432K), 0.0002130 secs]
635.126: [GC (Allocation Failure) 23783K->435K(71104K), 0.0002100 secs]
635.142: [GC (Allocation Failure) 28377K->435K(76736K), 0.0002170 secs]
635.169: [GC (Allocation Failure) 34042K->435K(75648K), 0.0002150 secs]
635.187: [GC (Allocation Failure) 32968K->435K(74560K), 0.0002110 secs]
635.201: [GC (Allocation Failure) 31893K->435K(80896K), 0.0002120 secs]
635.218: [GC (Allocation Failure) 38242K->435K(88512K), 0.0002020 secs]
635.279: [GC (Allocation Failure) 45860K->435K(86848K), 0.0002210 secs]
635.298: [GC (Allocation Failure) 44200K->435K(85312K), 0.0002010 secs]
635.337: [GC (Allocation Failure) 42637K->435K(83840K), 0.0002320 secs]
635.355: [GC (Allocation Failure) 41172K->435K(82432K), 0.0002140 secs]
635.376: [GC (Allocation Failure) 39707K->435K(81088K), 0.0002750 secs]
635.396: [GC (Allocation Failure) 38437K->435K(79808K), 0.0002150 secs]
635.413: [GC (Allocation Failure) 37168K->435K(78592K), 0.0002120 secs]
635.546: [GC (Allocation Failure) 35898K->435K(77376K), 0.0002150 secs]
635.565: [GC (Allocation Failure) 34726K->435K(76224K), 0.0002240 secs]
635.624: [GC (Allocation Failure) 33554K->435K(75136K), 0.0002080 secs]
635.639: [GC (Allocation Failure) 32479K->435K(74112K), 0.0002150 secs]
635.652: [GC (Allocation Failure) 31405K->435K(80320K), 0.0002730 secs]
635.676: [GC (Allocation Failure) 37656K->435K(87808K), 0.0002160 secs]
635.700: [GC (Allocation Failure) 45079K->435K(96768K), 0.0002740 secs]
635.727: [GC (Allocation Failure) 54069K->435K(94720K), 0.0002120 secs]
635.750: [GC (Allocation Failure) 52018K->435K(92800K), 0.0002130 secs]
635.783: [GC (Allocation Failure) 50162K->435K(90944K), 0.0002400 secs]
635.804: [GC (Allocation Failure) 48302K->435K(89216K), 0.0002120 secs]
635.828: [GC (Allocation Failure) 46544K->435K(87552K), 0.0002010 secs]
635.851: [GC (Allocation Failure) 44884K->435K(85952K), 0.0002100 secs]
635.870: [GC (Allocation Failure) 43223K->435K(84416K), 0.0002710 secs]
635.928: [GC (Allocation Failure) 41758K->435K(82944K), 0.0002100 secs]
635.945: [GC (Allocation Failure) 40293K->435K(81536K), 0.0002120 secs]
635.962: [GC (Allocation Failure) 38828K->435K(80192K), 0.0002330 secs]
635.978: [GC (Allocation Failure) 37461K->435K(78912K), 0.0002200 secs]
636.123: [GC (Allocation Failure) 36191K->435K(77696K), 0.0002050 secs]
636.157: [GC (Allocation Failure) 35019K->435K(76544K), 0.0002030 secs]
636.176: [GC (Allocation Failure) 33847K->435K(75456K), 0.0002140 secs]
636.221: [GC (Allocation Failure) 32772K->435K(74432K), 0.0002750 secs]
636.271: [GC (Allocation Failure) 31698K->435K(73408K), 0.0002230 secs]
636.284: [GC (Allocation Failure) 30721K->435K(72448K), 0.0002140 secs]
636.352: [GC (Allocation Failure) 29745K->435K(71552K), 0.0002210 secs]
636.368: [GC (Allocation Failure) 28865K->435K(70656K), 0.0002280 secs]
636.382: [GC (Allocation Failure) 27986K->435K(76224K), 0.0002690 secs]
636.397: [GC (Allocation Failure) 33554K->435K(82880K), 0.0001970 secs]
636.427: [GC (Allocation Failure) 40195K->435K(81472K), 0.0002240 secs]
636.448: [GC (Allocation Failure) 38828K->435K(80128K), 0.0002110 secs]
636.502: [GC (Allocation Failure) 37461K->435K(78848K), 0.0002060 secs]
636.519: [GC (Allocation Failure) 36191K->435K(77632K), 0.0002030 secs]
636.534: [GC (Allocation Failure) 34921K->435K(76480K), 0.0002030 secs]
636.548: [GC (Allocation Failure) 33749K->435K(75392K), 0.0002040 secs]
636.575: [GC (Allocation Failure) 32675K->435K(74368K), 0.0002140 secs]
636.589: [GC (Allocation Failure) 31698K->435K(80640K), 0.0002050 secs]
636.628: [GC (Allocation Failure) 37949K->435K(79360K), 0.0002280 secs]
636.649: [GC (Allocation Failure) 36679K->435K(78144K), 0.0002030 secs]
636.677: [GC (Allocation Failure) 35409K->435K(76992K), 0.0002070 secs]
636.696: [GC (Allocation Failure) 34335K->435K(75904K), 0.0002030 secs]
636.710: [GC (Allocation Failure) 33261K->435K(74816K), 0.0002120 secs]
636.776: [GC (Allocation Failure) 32089K->435K(73792K), 0.0002820 secs]
636.789: [GC (Allocation Failure) 31112K->435K(79936K), 0.0003260 secs]
636.828: [GC (Allocation Failure) 37265K->435K(78656K), 0.0002410 secs]
636.844: [GC (Allocation Failure) 35996K->435K(85824K), 0.0002130 secs]
636.863: [GC (Allocation Failure) 43126K->435K(84288K), 0.0002020 secs]
636.980: [GC (Allocation Failure) 41563K->435K(82816K), 0.0002110 secs]
636.998: [GC (Allocation Failure) 40098K->435K(81408K), 0.0002160 secs]
637.018: [GC (Allocation Failure) 38730K->435K(80064K), 0.0002350 secs]
637.078: [GC (Allocation Failure) 37363K->435K(78784K), 0.0002620 secs]
637.098: [GC (Allocation Failure) 36093K->435K(77568K), 0.0002140 secs]
637.123: [GC (Allocation Failure) 34921K->435K(76416K), 0.0002160 secs]
637.277: [GC (Allocation Failure) 33749K->435K(75328K), 0.0002240 secs]
637.291: [GC (Allocation Failure) 32675K->435K(74304K), 0.0002180 secs]
637.305: [GC (Allocation Failure) 31600K->435K(73280K), 0.0002030 secs]
637.336: [GC (Allocation Failure) 30624K->435K(72320K), 0.0002410 secs]
637.353: [GC (Allocation Failure) 29647K->435K(71424K), 0.0002670 secs]
637.366: [GC (Allocation Failure) 28768K->435K(77120K), 0.0002280 secs]
637.385: [GC (Allocation Failure) 34433K->435K(83968K), 0.0002050 secs]
637.403: [GC (Allocation Failure) 41270K->435K(92160K), 0.0002050 secs]
637.430: [GC (Allocation Failure) 49474K->435K(90368K), 0.0002200 secs]
637.455: [GC (Allocation Failure) 47716K->435K(88640K), 0.0001990 secs]
637.475: [GC (Allocation Failure) 45958K->435K(86976K), 0.0002130 secs]
637.494: [GC (Allocation Failure) 44298K->435K(85376K), 0.0002030 secs]
637.512: [GC (Allocation Failure) 42735K->435K(83904K), 0.0002010 secs]
637.530: [GC (Allocation Failure) 41172K->435K(82496K), 0.0002030 secs]
637.580: [GC (Allocation Failure) 39805K->435K(81152K), 0.0002220 secs]
637.601: [GC (Allocation Failure) 38437K->435K(79872K), 0.0002190 secs]
637.675: [GC (Allocation Failure) 37168K->435K(78656K), 0.0002140 secs]
637.727: [GC (Allocation Failure) 35996K->435K(77440K), 0.0002150 secs]
637.745: [GC (Allocation Failure) 34726K->435K(76288K), 0.0002150 secs]
637.764: [GC (Allocation Failure) 33554K->435K(75200K), 0.0002230 secs]
637.830: [GC (Allocation Failure) 32479K->435K(74176K), 0.0002160 secs]
637.844: [GC (Allocation Failure) 31503K->435K(73152K), 0.0002020 secs]
637.857: [GC (Allocation Failure) 30428K->435K(72192K), 0.0002130 secs]
637.926: [GC (Allocation Failure) 29549K->435K(71296K), 0.0002240 secs]
637.939: [GC (Allocation Failure) 28572K->435K(70400K), 0.0002170 secs]
637.974: [GC (Allocation Failure) 27693K->435K(69568K), 0.0002120 secs]
637.990: [GC (Allocation Failure) 26912K->435K(68800K), 0.0002620 secs]
638.006: [GC (Allocation Failure) 26131K->435K(73984K), 0.0002830 secs]
638.023: [GC (Allocation Failure) 31307K->435K(80192K), 0.0002140 secs]
638.166: [GC (Allocation Failure) 37461K->435K(78912K), 0.0002110 secs]
638.225: [GC (Allocation Failure) 36191K->435K(77696K), 0.0002030 secs]
638.275: [GC (Allocation Failure) 35019K->435K(76544K), 0.0002130 secs]
638.328: [GC (Allocation Failure) 33847K->435K(75456K), 0.0002120 secs]
638.347: [GC (Allocation Failure) 32772K->435K(74432K), 0.0002010 secs]
638.361: [GC (Allocation Failure) 31698K->435K(73408K), 0.0002370 secs]
638.378: [GC (Allocation Failure) 30721K->435K(72448K), 0.0001990 secs]
638.421: [GC (Allocation Failure) 29745K->435K(71552K), 0.0002130 secs]
638.438: [GC (Allocation Failure) 28865K->435K(70656K), 0.0002360 secs]
638.524: [GC (Allocation Failure) 27986K->435K(69824K), 0.0002040 secs]
638.627: [GC (Allocation Failure) 27107K->435K(68992K), 0.0002040 secs]
638.666: [GC (Allocation Failure) 26326K->435K(68224K), 0.0002180 secs]
638.682: [GC (Allocation Failure) 25545K->435K(67520K), 0.0002280 secs]
638.693: [GC (Allocation Failure) 24857K->435K(72448K), 0.0002680 secs]
638.710: [GC (Allocation Failure) 29745K->435K(78336K), 0.0002810 secs]
638.774: [GC (Allocation Failure) 35605K->435K(77184K), 0.0002470 secs]
638.789: [GC (Allocation Failure) 34530K->435K(76032K), 0.0002030 secs]
638.811: [GC (Allocation Failure) 33358K->435K(74944K), 0.0002020 secs]
638.825: [GC (Allocation Failure) 32284K->435K(81344K), 0.0002750 secs]
638.881: [GC (Allocation Failure) 38633K->435K(80000K), 0.0002230 secs]
638.897: [GC (Allocation Failure) 37363K->435K(78720K), 0.0002030 secs]
638.917: [GC (Allocation Failure) 35996K->435K(77504K), 0.0002320 secs]
638.939: [GC (Allocation Failure) 34823K->435K(76352K), 0.0002190 secs]
638.953: [GC (Allocation Failure) 33651K->435K(83008K), 0.0002160 secs]
638.976: [GC (Allocation Failure) 40293K->435K(81600K), 0.0002160 secs]
638.997: [GC (Allocation Failure) 38926K->435K(80256K), 0.0002120 secs]
639.027: [GC (Allocation Failure) 37558K->435K(78976K), 0.0002060 secs]
639.081: [GC (Allocation Failure) 36289K->435K(77760K), 0.0002140 secs]
639.100: [GC (Allocation Failure) 35116K->435K(76608K), 0.0002040 secs]
639.126: [GC (Allocation Failure) 33944K->435K(75520K), 0.0002130 secs]
639.144: [GC (Allocation Failure) 32870K->435K(74496K), 0.0002020 secs]
639.161: [GC (Allocation Failure) 31796K->435K(73472K), 0.0002110 secs]
639.179: [GC (Allocation Failure) 30819K->435K(72512K), 0.0002300 secs]
639.324: [GC (Allocation Failure) 29842K->435K(71616K), 0.0002000 secs]
639.378: [GC (Allocation Failure) 28963K->435K(70720K), 0.0002160 secs]
639.390: [GC (Allocation Failure) 27986K->435K(69888K), 0.0002370 secs]
639.406: [GC (Allocation Failure) 27205K->435K(69056K), 0.0002000 secs]
639.422: [GC (Allocation Failure) 26326K->435K(74304K), 0.0002190 secs]
639.439: [GC (Allocation Failure) 31600K->435K(80576K), 0.0002110 secs]
639.460: [GC (Allocation Failure) 37851K->435K(79296K), 0.0002000 secs]
639.476: [GC (Allocation Failure) 36582K->435K(86592K), 0.0002160 secs]
639.585: [GC (Allocation Failure) 43907K->435K(85056K), 0.0002140 secs]
639.607: [GC (Allocation Failure) 42344K->435K(83584K), 0.0002020 secs]
639.625: [GC (Allocation Failure) 40879K->435K(82176K), 0.0002120 secs]
639.646: [GC (Allocation Failure) 39512K->435K(80832K), 0.0002300 secs]
639.663: [GC (Allocation Failure) 38144K->435K(79552K), 0.0002100 secs]
639.679: [GC (Allocation Failure) 36875K->435K(78336K), 0.0002100 secs]
639.732: [GC (Allocation Failure) 35605K->435K(77184K), 0.0002160 secs]
639.751: [GC (Allocation Failure) 34530K->435K(76032K), 0.0002050 secs]
639.770: [GC (Allocation Failure) 33358K->435K(74944K), 0.0002290 secs]
639.832: [GC (Allocation Failure) 32284K->435K(73920K), 0.0002260 secs]
639.846: [GC (Allocation Failure) 31210K->435K(72960K), 0.0002040 secs]
639.859: [GC (Allocation Failure) 30233K->435K(72000K), 0.0002020 secs]
639.929: [GC (Allocation Failure) 29354K->435K(71104K), 0.0002120 secs]
639.941: [GC (Allocation Failure) 28377K->435K(70272K), 0.0002170 secs]
639.978: [GC (Allocation Failure) 27596K->435K(69440K), 0.0002240 secs]
639.995: [GC (Allocation Failure) 26717K->435K(68672K), 0.0002300 secs]
640.006: [GC (Allocation Failure) 26033K->435K(73792K), 0.0002430 secs]
640.024: [GC (Allocation Failure) 31112K->435K(79936K), 0.0002010 secs]
640.044: [GC (Allocation Failure) 37265K->435K(87360K), 0.0002810 secs]
640.067: [GC (Allocation Failure) 44688K->435K(96256K), 0.0002100 secs]
640.090: [GC (Allocation Failure) 53580K->435K(106944K), 0.0002740 secs]
640.151: [GC (Allocation Failure) 64227K->435K(104448K), 0.0002270 secs]
640.177: [GC (Allocation Failure) 61785K->435K(102080K), 0.0002060 secs]
640.207: [GC (Allocation Failure) 59441K->435K(99776K), 0.0002160 secs]
640.291: [GC (Allocation Failure) 57097K->435K(97600K), 0.0002070 secs]
640.315: [GC (Allocation Failure) 54948K->435K(95552K), 0.0002060 secs]
640.360: [GC (Allocation Failure) 52897K->435K(93568K), 0.0002720 secs]
640.385: [GC (Allocation Failure) 50846K->435K(91712K), 0.0002160 secs]
640.406: [GC (Allocation Failure) 48986K->435K(89920K), 0.0002730 secs]
640.438: [GC (Allocation Failure) 47228K->435K(88192K), 0.0003340 secs]
640.463: [GC (Allocation Failure) 45470K->435K(86592K), 0.0002210 secs]
640.486: [GC (Allocation Failure) 43907K->435K(85056K), 0.0002180 secs]
640.508: [GC (Allocation Failure) 42344K->435K(83584K), 0.0002120 secs]
640.526: [GC (Allocation Failure) 40879K->435K(82176K), 0.0002120 secs]
640.547: [GC (Allocation Failure) 39512K->435K(80832K), 0.0002010 secs]
640.563: [GC (Allocation Failure) 38144K->435K(79552K), 0.0002000 secs]
640.579: [GC (Allocation Failure) 36875K->435K(78336K), 0.0002010 secs]
640.632: [GC (Allocation Failure) 35605K->435K(77184K), 0.0002170 secs]
640.650: [GC (Allocation Failure) 34530K->435K(76032K), 0.0002100 secs]
640.781: [GC (Allocation Failure) 33358K->435K(74944K), 0.0002220 secs]
640.795: [GC (Allocation Failure) 32284K->435K(73920K), 0.0002160 secs]
640.809: [GC (Allocation Failure) 31210K->435K(72960K), 0.0002130 secs]
640.876: [GC (Allocation Failure) 30233K->435K(72000K), 0.0002130 secs]
640.893: [GC (Allocation Failure) 29354K->435K(71104K), 0.0002000 secs]
640.905: [GC (Allocation Failure) 28377K->435K(76736K), 0.0002270 secs]
640.924: [GC (Allocation Failure) 34042K->435K(75648K), 0.0002010 secs]
640.942: [GC (Allocation Failure) 32968K->435K(82176K), 0.0002300 secs]
640.975: [GC (Allocation Failure) 39512K->435K(80832K), 0.0002050 secs]
641.037: [GC (Allocation Failure) 38144K->435K(79552K), 0.0002270 secs]
641.053: [GC (Allocation Failure) 36875K->435K(78336K), 0.0002140 secs]
641.133: [GC (Allocation Failure) 35605K->435K(77184K), 0.0002130 secs]
641.150: [GC (Allocation Failure) 34530K->435K(76032K), 0.0002120 secs]
641.169: [GC (Allocation Failure) 33358K->435K(74944K), 0.0002210 secs]
641.228: [GC (Allocation Failure) 32284K->435K(73920K), 0.0002130 secs]
641.241: [GC (Allocation Failure) 31210K->435K(72960K), 0.0002030 secs]
641.254: [GC (Allocation Failure) 30233K->435K(72000K), 0.0002230 secs]
641.271: [GC (Allocation Failure) 29354K->435K(77824K), 0.0002100 secs]
641.345: [GC (Allocation Failure) 35116K->435K(76672K), 0.0002040 secs]
641.364: [GC (Allocation Failure) 33944K->435K(75584K), 0.0002020 secs]
641.428: [GC (Allocation Failure) 32870K->435K(74560K), 0.0002130 secs]
641.446: [GC (Allocation Failure) 31893K->435K(73536K), 0.0002020 secs]
641.482: [GC (Allocation Failure) 30819K->435K(72576K), 0.0002080 secs]
641.499: [GC (Allocation Failure) 29842K->435K(71680K), 0.0002820 secs]
641.512: [GC (Allocation Failure) 28963K->435K(77440K), 0.0002180 secs]
641.534: [GC (Allocation Failure) 34726K->435K(84352K), 0.0002790 secs]
641.552: [GC (Allocation Failure) 41660K->435K(92608K), 0.0002050 secs]
641.580: [GC (Allocation Failure) 49967K->435K(90752K), 0.0002130 secs]
641.639: [GC (Allocation Failure) 48107K->435K(89024K), 0.0002790 secs]
641.659: [GC (Allocation Failure) 46349K->435K(87360K), 0.0002720 secs]
641.734: [GC (Allocation Failure) 44688K->435K(85760K), 0.0002120 secs]
641.756: [GC (Allocation Failure) 43028K->435K(84224K), 0.0002080 secs]
641.783: [GC (Allocation Failure) 41563K->435K(82752K), 0.0003190 secs]
641.936: [GC (Allocation Failure) 40098K->435K(81344K), 0.0002220 secs]
641.957: [GC (Allocation Failure) 38633K->435K(80000K), 0.0002080 secs]
641.975: [GC (Allocation Failure) 37363K->435K(78720K), 0.0002110 secs]
641.994: [GC (Allocation Failure) 35996K->435K(77504K), 0.0002110 secs]
642.009: [GC (Allocation Failure) 34823K->435K(76352K), 0.0002150 secs]
642.028: [GC (Allocation Failure) 33651K->435K(75264K), 0.0002140 secs]
642.046: [GC (Allocation Failure) 32577K->435K(74240K), 0.0002230 secs]
642.083: [GC (Allocation Failure) 31600K->435K(73216K), 0.0002040 secs]
642.096: [GC (Allocation Failure) 30526K->435K(72256K), 0.0002210 secs]
642.113: [GC (Allocation Failure) 29549K->435K(71360K), 0.0001990 secs]
642.130: [GC (Allocation Failure) 28670K->435K(77056K), 0.0003150 secs]
642.177: [GC (Allocation Failure) 34335K->435K(75904K), 0.0002400 secs]
642.193: [GC (Allocation Failure) 33261K->435K(82496K), 0.0002190 secs]
642.210: [GC (Allocation Failure) 39805K->435K(90432K), 0.0002050 secs]
642.290: [GC (Allocation Failure) 47716K->435K(88704K), 0.0002220 secs]
642.314: [GC (Allocation Failure) 46056K->435K(87040K), 0.0002020 secs]
642.333: [GC (Allocation Failure) 44395K->435K(85440K), 0.0002040 secs]
642.357: [GC (Allocation Failure) 42735K->435K(83968K), 0.0002120 secs]
642.375: [GC (Allocation Failure) 41270K->435K(82560K), 0.0002050 secs]
642.421: [GC (Allocation Failure) 39902K->435K(81216K), 0.0002250 secs]
642.442: [GC (Allocation Failure) 38535K->435K(79936K), 0.0002150 secs]
642.533: [GC (Allocation Failure) 37265K->435K(78656K), 0.0002130 secs]
642.582: [GC (Allocation Failure) 35996K->435K(77440K), 0.0002070 secs]
642.635: [GC (Allocation Failure) 34726K->435K(76288K), 0.0002120 secs]
642.653: [GC (Allocation Failure) 33554K->435K(75200K), 0.0002020 secs]
642.668: [GC (Allocation Failure) 32479K->435K(74176K), 0.0002170 secs]
642.685: [GC (Allocation Failure) 31503K->435K(73152K), 0.0002210 secs]
642.780: [GC (Allocation Failure) 30428K->435K(72192K), 0.0002160 secs]
642.833: [GC (Allocation Failure) 29549K->435K(71296K), 0.0002110 secs]
642.846: [GC (Allocation Failure) 28572K->435K(70400K), 0.0002180 secs]
642.858: [GC (Allocation Failure) 27693K->435K(69568K), 0.0002020 secs]
642.869: [GC (Allocation Failure) 26912K->435K(74880K), 0.0002020 secs]
642.883: [GC (Allocation Failure) 32186K->435K(81280K), 0.0002030 secs]
642.933: [GC (Allocation Failure) 38633K->435K(80000K), 0.0002140 secs]
643.082: [GC (Allocation Failure) 37363K->435K(78720K), 0.0002030 secs]
643.132: [GC (Allocation Failure) 35996K->435K(77504K), 0.0002140 secs]
643.165: [GC (Allocation Failure) 34823K->435K(76352K), 0.0002010 secs]
643.181: [GC (Allocation Failure) 33651K->435K(75264K), 0.0002110 secs]
643.195: [GC (Allocation Failure) 32577K->435K(74240K), 0.0002000 secs]
643.208: [GC (Allocation Failure) 31600K->435K(73216K), 0.0002040 secs]
643.225: [GC (Allocation Failure) 30526K->435K(72256K), 0.0002010 secs]
643.238: [GC (Allocation Failure) 29549K->435K(78144K), 0.0002030 secs]
643.343: [GC (Allocation Failure) 35409K->435K(76992K), 0.0002070 secs]
643.358: [GC (Allocation Failure) 34335K->435K(75904K), 0.0002120 secs]
643.373: [GC (Allocation Failure) 33261K->435K(74816K), 0.0002040 secs]
643.435: [GC (Allocation Failure) 32089K->435K(73792K), 0.0002240 secs]
643.449: [GC (Allocation Failure) 31112K->435K(72832K), 0.0002180 secs]
643.466: [GC (Allocation Failure) 30135K->435K(71872K), 0.0002120 secs]
643.529: [GC (Allocation Failure) 29158K->435K(70976K), 0.0002040 secs]
643.668: [GC (Allocation Failure) 28279K->435K(70144K), 0.0002000 secs]
643.684: [GC (Allocation Failure) 27498K->435K(69312K), 0.0002020 secs]
643.695: [GC (Allocation Failure) 26619K->435K(68544K), 0.0002250 secs]
643.710: [GC (Allocation Failure) 25838K->435K(73664K), 0.0002010 secs]
643.726: [GC (Allocation Failure) 31014K->435K(79808K), 0.0003890 secs]
643.743: [GC (Allocation Failure) 37168K->435K(87168K), 0.0002070 secs]
643.762: [GC (Allocation Failure) 44493K->435K(96000K), 0.0002060 secs]
643.785: [GC (Allocation Failure) 53287K->435K(106624K), 0.0003780 secs]
643.816: [GC (Allocation Failure) 63934K->435K(119360K), 0.0002740 secs]
643.850: [GC (Allocation Failure) 76635K->435K(116224K), 0.0002020 secs]
643.904: [GC (Allocation Failure) 73506K->435K(113280K), 0.0002110 secs]
643.935: [GC (Allocation Failure) 70575K->435K(110464K), 0.0002030 secs]
644.051: [GC (Allocation Failure) 67743K->435K(107776K), 0.0002230 secs]
644.079: [GC (Allocation Failure) 65106K->435K(105216K), 0.0002040 secs]
644.145: [GC (Allocation Failure) 62566K->435K(102784K), 0.0002130 secs]
644.176: [GC (Allocation Failure) 60124K->435K(100480K), 0.0002120 secs]
644.201: [GC (Allocation Failure) 57780K->435K(98240K), 0.0002010 secs]
644.296: [GC (Allocation Failure) 55534K->435K(96128K), 0.0002210 secs]
644.323: [GC (Allocation Failure) 53483K->435K(94144K), 0.0002110 secs]
644.346: [GC (Allocation Failure) 51432K->435K(92224K), 0.0002110 secs]
644.389: [GC (Allocation Failure) 49572K->435K(90432K), 0.0002400 secs]
644.410: [GC (Allocation Failure) 47716K->435K(88704K), 0.0002020 secs]
644.543: [GC (Allocation Failure) 46056K->435K(87040K), 0.0002270 secs]
644.563: [GC (Allocation Failure) 44395K->435K(85440K), 0.0002040 secs]
644.637: [GC (Allocation Failure) 42735K->435K(83968K), 0.0002160 secs]
644.659: [GC (Allocation Failure) 41270K->435K(82560K), 0.0002020 secs]
644.676: [GC (Allocation Failure) 39902K->435K(81216K), 0.0002020 secs]
644.779: [GC (Allocation Failure) 38535K->435K(79936K), 0.0002240 secs]
644.800: [GC (Allocation Failure) 37265K->435K(78656K), 0.0002160 secs]
644.889: [GC (Allocation Failure) 35996K->435K(77440K), 0.0002160 secs]
644.908: [GC (Allocation Failure) 34726K->435K(76288K), 0.0002200 secs]
644.935: [GC (Allocation Failure) 33554K->435K(75200K), 0.0002050 secs]
644.952: [GC (Allocation Failure) 32479K->435K(74176K), 0.0002040 secs]
644.987: [GC (Allocation Failure) 31503K->435K(73152K), 0.0002220 secs]
645.004: [GC (Allocation Failure) 30428K->435K(72192K), 0.0002100 secs]
645.045: [GC (Allocation Failure) 29549K->435K(71296K), 0.0002070 secs]
645.058: [GC (Allocation Failure) 28572K->435K(70400K), 0.0002170 secs]
645.070: [GC (Allocation Failure) 27693K->435K(75904K), 0.0002010 secs]
645.088: [GC (Allocation Failure) 33261K->435K(82496K), 0.0002120 secs]
645.141: [GC (Allocation Failure) 39805K->435K(81152K), 0.0002050 secs]
645.162: [GC (Allocation Failure) 38437K->435K(79872K), 0.0002070 secs]
645.178: [GC (Allocation Failure) 37168K->435K(78656K), 0.0002170 secs]
645.197: [GC (Allocation Failure) 35996K->435K(77440K), 0.0001990 secs]
645.217: [GC (Allocation Failure) 34726K->435K(76288K), 0.0002120 secs]
645.235: [GC (Allocation Failure) 33554K->435K(75200K), 0.0002090 secs]
645.288: [GC (Allocation Failure) 32479K->435K(74176K), 0.0002150 secs]
645.301: [GC (Allocation Failure) 31503K->435K(73152K), 0.0002020 secs]
645.314: [GC (Allocation Failure) 30428K->435K(79168K), 0.0002250 secs]
645.340: [GC (Allocation Failure) 36484K->435K(77952K), 0.0002100 secs]
645.359: [GC (Allocation Failure) 35312K->435K(76800K), 0.0002150 secs]
645.378: [GC (Allocation Failure) 34140K->435K(75712K), 0.0002100 secs]
645.438: [GC (Allocation Failure) 33065K->435K(74624K), 0.0002070 secs]
645.452: [GC (Allocation Failure) 31893K->435K(73600K), 0.0002260 secs]
645.470: [GC (Allocation Failure) 30917K->435K(72640K), 0.0002140 secs]
645.533: [GC (Allocation Failure) 29940K->435K(71744K), 0.0002050 secs]
645.587: [GC (Allocation Failure) 29061K->435K(70848K), 0.0002390 secs]
645.599: [GC (Allocation Failure) 28182K->435K(70016K), 0.0002020 secs]
645.666: [GC (Allocation Failure) 27303K->435K(69184K), 0.0002230 secs]
645.682: [GC (Allocation Failure) 26521K->435K(68416K), 0.0002230 secs]
645.736: [GC (Allocation Failure) 25740K->435K(67648K), 0.0002140 secs]
645.751: [GC (Allocation Failure) 24955K->435K(66944K), 0.0002230 secs]
645.785: [GC (Allocation Failure) 24271K->435K(66240K), 0.0002030 secs]
645.799: [GC (Allocation Failure) 23587K->435K(65600K), 0.0002150 secs]
645.830: [GC (Allocation Failure) 22903K->435K(64960K), 0.0002680 secs]
645.974: [GC (Allocation Failure) 22317K->435K(64384K), 0.0002720 secs]
646.030: [GC (Allocation Failure) 21731K->435K(63808K), 0.0002920 secs]
646.084: [GC (Allocation Failure) 21145K->435K(63232K), 0.0002080 secs]
646.093: [GC (Allocation Failure) 20559K->435K(62720K), 0.0002290 secs]
646.102: [GC (Allocation Failure) 20071K->435K(66688K), 0.0002120 secs]
646.112: [GC (Allocation Failure) 23978K->435K(71424K), 0.0002030 secs]
646.129: [GC (Allocation Failure) 28768K->435K(77120K), 0.0002970 secs]
646.165: [GC (Allocation Failure) 34433K->435K(83968K), 0.0002300 secs]
646.187: [GC (Allocation Failure) 41270K->435K(92160K), 0.0002150 secs]
646.208: [GC (Allocation Failure) 49474K->435K(102016K), 0.0002040 secs]
646.259: [GC (Allocation Failure) 59343K->435K(99712K), 0.0002140 secs]
646.288: [GC (Allocation Failure) 56999K->435K(97536K), 0.0002130 secs]
646.349: [GC (Allocation Failure) 54850K->435K(95488K), 0.0002120 secs]
646.373: [GC (Allocation Failure) 52799K->435K(93504K), 0.0002060 secs]
646.399: [GC (Allocation Failure) 50846K->435K(91648K), 0.0002020 secs]
646.425: [GC (Allocation Failure) 48986K->435K(89856K), 0.0002020 secs]
646.446: [GC (Allocation Failure) 47130K->435K(88128K), 0.0002750 secs]
646.595: [GC (Allocation Failure) 45470K->435K(86528K), 0.0002210 secs]
646.614: [GC (Allocation Failure) 43809K->435K(84992K), 0.0002040 secs]
646.694: [GC (Allocation Failure) 42344K->435K(83520K), 0.0002210 secs]
646.711: [GC (Allocation Failure) 40879K->435K(82112K), 0.0002140 secs]
646.728: [GC (Allocation Failure) 39414K->435K(80768K), 0.0002020 secs]
646.744: [GC (Allocation Failure) 38047K->435K(79488K), 0.0002030 secs]
646.764: [GC (Allocation Failure) 36777K->435K(78272K), 0.0002200 secs]
646.792: [GC (Allocation Failure) 35605K->435K(77120K), 0.0002330 secs]
646.807: [GC (Allocation Failure) 34433K->435K(75968K), 0.0002670 secs]
646.826: [GC (Allocation Failure) 33261K->435K(74880K), 0.0002120 secs]
646.890: [GC (Allocation Failure) 32186K->435K(73856K), 0.0002050 secs]
646.907: [GC (Allocation Failure) 31210K->435K(72896K), 0.0002030 secs]
646.922: [GC (Allocation Failure) 30233K->435K(71936K), 0.0002160 secs]
646.947: [GC (Allocation Failure) 29256K->435K(71040K), 0.0002750 secs]
646.972: [GC (Allocation Failure) 28377K->435K(70208K), 0.0002090 secs]
646.988: [GC (Allocation Failure) 27498K->435K(75648K), 0.0002650 secs]
647.007: [GC (Allocation Failure) 32968K->435K(82176K), 0.0002110 secs]
647.043: [GC (Allocation Failure) 39512K->435K(80832K), 0.0002050 secs]
647.060: [GC (Allocation Failure) 38144K->435K(79552K), 0.0002160 secs]
647.170: [GC (Allocation Failure) 36875K->435K(78336K), 0.0002890 secs]
647.187: [GC (Allocation Failure) 35605K->435K(77184K), 0.0002150 secs]
647.202: [GC (Allocation Failure) 34530K->435K(76032K), 0.0002020 secs]
647.216: [GC (Allocation Failure) 33358K->435K(74944K), 0.0002030 secs]
647.240: [GC (Allocation Failure) 32284K->435K(73920K), 0.0002180 secs]
647.258: [GC (Allocation Failure) 31210K->435K(72960K), 0.0002050 secs]
647.273: [GC (Allocation Failure) 30233K->435K(78976K), 0.0002050 secs]
647.292: [GC (Allocation Failure) 36289K->435K(77760K), 0.0002040 secs]
647.311: [GC (Allocation Failure) 35116K->435K(76608K), 0.0002110 secs]
647.347: [GC (Allocation Failure) 33944K->435K(75520K), 0.0002430 secs]
647.362: [GC (Allocation Failure) 32870K->435K(82048K), 0.0002650 secs]
647.383: [GC (Allocation Failure) 39316K->435K(80704K), 0.0002150 secs]
647.404: [GC (Allocation Failure) 38047K->435K(79424K), 0.0002220 secs]
647.493: [GC (Allocation Failure) 36777K->435K(78208K), 0.0002120 secs]
647.512: [GC (Allocation Failure) 35507K->435K(77056K), 0.0002770 secs]
647.531: [GC (Allocation Failure) 34335K->435K(75904K), 0.0002110 secs]
647.573: [GC (Allocation Failure) 33261K->435K(74816K), 0.0002390 secs]
647.591: [GC (Allocation Failure) 32089K->435K(73792K), 0.0002110 secs]
647.668: [GC (Allocation Failure) 31112K->435K(72832K), 0.0002190 secs]
647.682: [GC (Allocation Failure) 30135K->435K(71872K), 0.0002600 secs]
647.739: [GC (Allocation Failure) 29158K->435K(70976K), 0.0002210 secs]
647.756: [GC (Allocation Failure) 28279K->435K(70144K), 0.0002210 secs]
647.789: [GC (Allocation Failure) 27498K->435K(69312K), 0.0002000 secs]
647.801: [GC (Allocation Failure) 26619K->435K(74560K), 0.0003210 secs]
647.841: [GC (Allocation Failure) 31893K->435K(80896K), 0.0002140 secs]
647.862: [GC (Allocation Failure) 38242K->435K(79616K), 0.0002120 secs]
647.878: [GC (Allocation Failure) 36972K->435K(86976K), 0.0002180 secs]
647.897: [GC (Allocation Failure) 44298K->435K(85376K), 0.0002020 secs]
647.915: [GC (Allocation Failure) 42735K->435K(83904K), 0.0002020 secs]
647.933: [GC (Allocation Failure) 41172K->435K(82496K), 0.0002130 secs]
648.041: [GC (Allocation Failure) 39805K->435K(81152K), 0.0002130 secs]
648.057: [GC (Allocation Failure) 38437K->435K(79872K), 0.0002120 secs]
648.077: [GC (Allocation Failure) 37168K->435K(78656K), 0.0002110 secs]
648.093: [GC (Allocation Failure) 35996K->435K(77440K), 0.0002150 secs]
648.108: [GC (Allocation Failure) 34726K->435K(76288K), 0.0002010 secs]
648.139: [GC (Allocation Failure) 33554K->435K(75200K), 0.0002070 secs]
648.188: [GC (Allocation Failure) 32479K->435K(74176K), 0.0002160 secs]
648.201: [GC (Allocation Failure) 31503K->435K(73152K), 0.0002040 secs]
648.246: [GC (Allocation Failure) 30428K->435K(72192K), 0.0002050 secs]
648.341: [GC (Allocation Failure) 29549K->435K(71296K), 0.0002010 secs]
648.354: [GC (Allocation Failure) 28572K->435K(70400K), 0.0002180 secs]
648.366: [GC (Allocation Failure) 27693K->435K(69568K), 0.0002040 secs]
648.416: [GC (Allocation Failure) 26912K->435K(68800K), 0.0002190 secs]
648.431: [GC (Allocation Failure) 26131K->435K(68032K), 0.0002250 secs]
648.446: [GC (Allocation Failure) 25349K->435K(73024K), 0.0002150 secs]
648.459: [GC (Allocation Failure) 30331K->435K(79040K), 0.0002030 secs]
648.479: [GC (Allocation Failure) 36386K->435K(86272K), 0.0002100 secs]
648.498: [GC (Allocation Failure) 43614K->435K(94912K), 0.0002030 secs]
648.524: [GC (Allocation Failure) 52213K->435K(92992K), 0.0002120 secs]
648.558: [GC (Allocation Failure) 50260K->435K(91136K), 0.0002110 secs]
648.579: [GC (Allocation Failure) 48498K->435K(89344K), 0.0002030 secs]
648.645: [GC (Allocation Failure) 46642K->435K(87680K), 0.0002140 secs]
648.673: [GC (Allocation Failure) 44981K->435K(86080K), 0.0002120 secs]
648.743: [GC (Allocation Failure) 43419K->435K(84544K), 0.0002250 secs]
648.765: [GC (Allocation Failure) 41856K->435K(83072K), 0.0002020 secs]
648.787: [GC (Allocation Failure) 40391K->435K(81664K), 0.0003420 secs]
648.808: [GC (Allocation Failure) 39023K->435K(80320K), 0.0002020 secs]
648.829: [GC (Allocation Failure) 37656K->435K(79040K), 0.0002060 secs]
648.845: [GC (Allocation Failure) 36386K->435K(77824K), 0.0002130 secs]
648.860: [GC (Allocation Failure) 35116K->435K(76672K), 0.0002150 secs]
648.894: [GC (Allocation Failure) 33944K->435K(75584K), 0.0002220 secs]
648.908: [GC (Allocation Failure) 32870K->435K(74560K), 0.0002180 secs]
648.939: [GC (Allocation Failure) 31893K->435K(73536K), 0.0002160 secs]
648.992: [GC (Allocation Failure) 30819K->435K(72576K), 0.0002130 secs]
649.009: [GC (Allocation Failure) 29842K->435K(71680K), 0.0002070 secs]
649.022: [GC (Allocation Failure) 28963K->435K(70784K), 0.0002120 secs]
649.034: [GC (Allocation Failure) 28084K->435K(76352K), 0.0002020 secs]
649.052: [GC (Allocation Failure) 33651K->435K(83008K), 0.0002100 secs]
649.172: [GC (Allocation Failure) 40293K->435K(81600K), 0.0002020 secs]
649.188: [GC (Allocation Failure) 38926K->435K(80256K), 0.0002040 secs]
649.246: [GC (Allocation Failure) 37558K->435K(78976K), 0.0002180 secs]
649.266: [GC (Allocation Failure) 36289K->435K(77760K), 0.0002100 secs]
649.291: [GC (Allocation Failure) 35116K->435K(76608K), 0.0002110 secs]
649.305: [GC (Allocation Failure) 33944K->435K(75520K), 0.0002020 secs]
649.323: [GC (Allocation Failure) 32870K->435K(74496K), 0.0002190 secs]
649.343: [GC (Allocation Failure) 31796K->435K(73472K), 0.0002380 secs]
649.360: [GC (Allocation Failure) 30819K->435K(72512K), 0.0002130 secs]
649.376: [GC (Allocation Failure) 29842K->435K(78400K), 0.0002290 secs]
649.470: [GC (Allocation Failure) 35702K->435K(77248K), 0.0002150 secs]
649.484: [GC (Allocation Failure) 34530K->435K(76096K), 0.0002130 secs]
649.503: [GC (Allocation Failure) 33456K->435K(75008K), 0.0002170 secs]
649.593: [GC (Allocation Failure) 32284K->435K(73984K), 0.0002010 secs]
649.607: [GC (Allocation Failure) 31307K->435K(73024K), 0.0002020 secs]
649.643: [GC (Allocation Failure) 30331K->435K(72064K), 0.0002230 secs]
649.656: [GC (Allocation Failure) 29354K->435K(71168K), 0.0002030 secs]
649.668: [GC (Allocation Failure) 28475K->435K(76800K), 0.0002020 secs]
649.754: [GC (Allocation Failure) 34140K->435K(75712K), 0.0002480 secs]
649.794: [GC (Allocation Failure) 33065K->435K(74624K), 0.0002890 secs]
649.808: [GC (Allocation Failure) 31893K->435K(73600K), 0.0002210 secs]
649.840: [GC (Allocation Failure) 30917K->435K(72640K), 0.0002300 secs]
649.857: [GC (Allocation Failure) 29940K->435K(71744K), 0.0002030 secs]
649.874: [GC (Allocation Failure) 29061K->435K(70848K), 0.0002170 secs]
649.886: [GC (Allocation Failure) 28182K->435K(76416K), 0.0002230 secs]
649.901: [GC (Allocation Failure) 33749K->435K(83136K), 0.0002040 secs]
649.948: [GC (Allocation Failure) 40488K->435K(81728K), 0.0002210 secs]
649.969: [GC (Allocation Failure) 39023K->435K(80384K), 0.0002710 secs]
649.989: [GC (Allocation Failure) 37656K->435K(79104K), 0.0002120 secs]
650.005: [GC (Allocation Failure) 36386K->435K(86336K), 0.0002140 secs]
650.027: [GC (Allocation Failure) 43614K->435K(84800K), 0.0002010 secs]
650.099: [GC (Allocation Failure) 42149K->435K(83328K), 0.0002010 secs]
650.116: [GC (Allocation Failure) 40684K->435K(81920K), 0.0002150 secs]
650.133: [GC (Allocation Failure) 39219K->435K(80576K), 0.0002030 secs]
650.197: [GC (Allocation Failure) 37851K->435K(79296K), 0.0002220 secs]
650.212: [GC (Allocation Failure) 36582K->435K(78080K), 0.0002020 secs]
650.232: [GC (Allocation Failure) 35409K->435K(76928K), 0.0002000 secs]
650.246: [GC (Allocation Failure) 34237K->435K(75840K), 0.0002050 secs]
650.345: [GC (Allocation Failure) 33163K->435K(74752K), 0.0002180 secs]
650.360: [GC (Allocation Failure) 32089K->435K(73728K), 0.0002180 secs]
650.373: [GC (Allocation Failure) 31014K->435K(72768K), 0.0002010 secs]
650.386: [GC (Allocation Failure) 30038K->435K(78720K), 0.0002220 secs]
650.419: [GC (Allocation Failure) 35996K->435K(77504K), 0.0002200 secs]
650.438: [GC (Allocation Failure) 34823K->435K(76352K), 0.0002120 secs]
650.491: [GC (Allocation Failure) 33651K->435K(75264K), 0.0002250 secs]
650.505: [GC (Allocation Failure) 32577K->435K(74240K), 0.0002020 secs]
650.551: [GC (Allocation Failure) 31600K->435K(73216K), 0.0002070 secs]
650.576: [GC (Allocation Failure) 30526K->435K(72256K), 0.0002230 secs]
650.589: [GC (Allocation Failure) 29549K->435K(71360K), 0.0002170 secs]
650.644: [GC (Allocation Failure) 28670K->435K(70464K), 0.0002130 secs]
650.656: [GC (Allocation Failure) 27791K->435K(69632K), 0.0002130 secs]
650.747: [GC (Allocation Failure) 26912K->435K(68864K), 0.0002130 secs]
650.758: [GC (Allocation Failure) 26131K->435K(68096K), 0.0002130 secs]
650.773: [GC (Allocation Failure) 25447K->435K(73152K), 0.0002210 secs]
650.942: [GC (Allocation Failure) 30428K->435K(72192K), 0.0002070 secs]
650.994: [GC (Allocation Failure) 29549K->435K(71296K), 0.0002150 secs]
651.007: [GC (Allocation Failure) 28572K->435K(70400K), 0.0002290 secs]
651.019: [GC (Allocation Failure) 27693K->435K(75904K), 0.0002150 secs]
651.046: [GC (Allocation Failure) 33261K->435K(74816K), 0.0002220 secs]
651.060: [GC (Allocation Failure) 32089K->435K(81216K), 0.0002150 secs]
651.098: [GC (Allocation Failure) 38535K->435K(79936K), 0.0002270 secs]
651.118: [GC (Allocation Failure) 37265K->435K(78656K), 0.0002460 secs]
651.134: [GC (Allocation Failure) 35996K->435K(85824K), 0.0002130 secs]
651.153: [GC (Allocation Failure) 43126K->435K(94400K), 0.0002150 secs]
651.181: [GC (Allocation Failure) 51725K->435K(92480K), 0.0002140 secs]
651.202: [GC (Allocation Failure) 49767K->435K(90624K), 0.0002000 secs]
651.253: [GC (Allocation Failure) 47911K->435K(88896K), 0.0002810 secs]
651.276: [GC (Allocation Failure) 46251K->435K(87232K), 0.0002050 secs]
651.296: [GC (Allocation Failure) 44591K->435K(85632K), 0.0002040 secs]
651.314: [GC (Allocation Failure) 42930K->435K(84096K), 0.0002030 secs]
651.332: [GC (Allocation Failure) 41367K->435K(82624K), 0.0002130 secs]
651.353: [GC (Allocation Failure) 39902K->435K(81280K), 0.0002100 secs]
651.395: [GC (Allocation Failure) 38633K->435K(80000K), 0.0002030 secs]
651.498: [GC (Allocation Failure) 37363K->435K(78720K), 0.0002100 secs]
651.514: [GC (Allocation Failure) 35996K->435K(77504K), 0.0002510 secs]
651.533: [GC (Allocation Failure) 34823K->435K(76352K), 0.0001980 secs]
651.548: [GC (Allocation Failure) 33651K->435K(75264K), 0.0002260 secs]
651.562: [GC (Allocation Failure) 32577K->435K(81728K), 0.0002030 secs]
651.599: [GC (Allocation Failure) 39023K->435K(80384K), 0.0002210 secs]
651.619: [GC (Allocation Failure) 37656K->435K(79104K), 0.0002000 secs]
651.635: [GC (Allocation Failure) 36386K->435K(77888K), 0.0002130 secs]
651.761: [GC (Allocation Failure) 35214K->435K(76736K), 0.0002310 secs]
651.777: [GC (Allocation Failure) 34042K->435K(75648K), 0.0002800 secs]
651.792: [GC (Allocation Failure) 32968K->435K(82176K), 0.0002050 secs]
651.812: [GC (Allocation Failure) 39512K->435K(80832K), 0.0002120 secs]
651.846: [GC (Allocation Failure) 38144K->435K(79552K), 0.0002250 secs]
651.861: [GC (Allocation Failure) 36875K->435K(78336K), 0.0002030 secs]
651.879: [GC (Allocation Failure) 35605K->435K(77184K), 0.0002130 secs]
651.944: [GC (Allocation Failure) 34530K->435K(76032K), 0.0002030 secs]
651.977: [GC (Allocation Failure) 33358K->435K(74944K), 0.0002230 secs]
651.991: [GC (Allocation Failure) 32284K->435K(73920K), 0.0002170 secs]
652.097: [GC (Allocation Failure) 31210K->435K(72960K), 0.0002400 secs]
652.114: [GC (Allocation Failure) 30233K->435K(72000K), 0.0002620 secs]
652.128: [GC (Allocation Failure) 29354K->435K(71104K), 0.0002140 secs]
652.145: [GC (Allocation Failure) 28377K->435K(70272K), 0.0001980 secs]
652.191: [GC (Allocation Failure) 27596K->435K(69440K), 0.0002040 secs]
652.245: [GC (Allocation Failure) 26717K->435K(68672K), 0.0002210 secs]
652.256: [GC (Allocation Failure) 26033K->435K(67904K), 0.0002260 secs]
652.271: [GC (Allocation Failure) 25250K->435K(72896K), 0.0002120 secs]
652.288: [GC (Allocation Failure) 30233K->435K(78912K), 0.0002120 secs]
652.304: [GC (Allocation Failure) 36191K->435K(86080K), 0.0002110 secs]
652.327: [GC (Allocation Failure) 43419K->435K(84544K), 0.0002000 secs]
652.346: [GC (Allocation Failure) 41856K->435K(83072K), 0.0002050 secs]
652.380: [GC (Allocation Failure) 40391K->435K(81664K), 0.0002120 secs]
652.425: [GC (Allocation Failure) 39023K->435K(80320K), 0.0002180 secs]
652.445: [GC (Allocation Failure) 37656K->435K(79040K), 0.0002750 secs]
652.461: [GC (Allocation Failure) 36386K->435K(77824K), 0.0002180 secs]
652.499: [GC (Allocation Failure) 35116K->435K(76672K), 0.0002240 secs]
652.518: [GC (Allocation Failure) 33944K->435K(75584K), 0.0002140 secs]
652.548: [GC (Allocation Failure) 32870K->435K(74560K), 0.0002120 secs]
652.562: [GC (Allocation Failure) 31893K->435K(80896K), 0.0002730 secs]
652.597: [GC (Allocation Failure) 38242K->435K(79616K), 0.0002260 secs]
652.617: [GC (Allocation Failure) 36972K->435K(78400K), 0.0002200 secs]
652.674: [GC (Allocation Failure) 35702K->435K(77248K), 0.0002210 secs]
652.694: [GC (Allocation Failure) 34530K->435K(76096K), 0.0002120 secs]
652.749: [GC (Allocation Failure) 33456K->435K(75008K), 0.0002090 secs]
652.763: [GC (Allocation Failure) 32284K->435K(73984K), 0.0002020 secs]
652.798: [GC (Allocation Failure) 31307K->435K(73024K), 0.0002190 secs]
652.811: [GC (Allocation Failure) 30331K->435K(72064K), 0.0002100 secs]
652.828: [GC (Allocation Failure) 29354K->435K(71168K), 0.0002120 secs]
652.847: [GC (Allocation Failure) 28475K->435K(70336K), 0.0002140 secs]
652.863: [GC (Allocation Failure) 27693K->435K(69504K), 0.0002030 secs]
652.875: [GC (Allocation Failure) 26814K->435K(74816K), 0.0002160 secs]
652.894: [GC (Allocation Failure) 32089K->435K(81216K), 0.0002130 secs]
652.952: [GC (Allocation Failure) 38535K->435K(79936K), 0.0002220 secs]
652.973: [GC (Allocation Failure) 37265K->435K(78656K), 0.0002750 secs]
652.989: [GC (Allocation Failure) 35996K->435K(85824K), 0.0002290 secs]
653.007: [GC (Allocation Failure) 43126K->435K(94400K), 0.0002030 secs]
653.030: [GC (Allocation Failure) 51725K->435K(92480K), 0.0002020 secs]
653.106: [GC (Allocation Failure) 49767K->435K(90624K), 0.0002110 secs]
653.127: [GC (Allocation Failure) 47911K->435K(88896K), 0.0002040 secs]
653.147: [GC (Allocation Failure) 46251K->435K(87232K), 0.0001970 secs]
653.170: [GC (Allocation Failure) 44591K->435K(85632K), 0.0002860 secs]
653.193: [GC (Allocation Failure) 42930K->435K(84096K), 0.0002120 secs]
653.215: [GC (Allocation Failure) 41367K->435K(82624K), 0.0002010 secs]
653.232: [GC (Allocation Failure) 39902K->435K(81280K), 0.0002020 secs]
653.302: [GC (Allocation Failure) 38633K->435K(80000K), 0.0002120 secs]
653.318: [GC (Allocation Failure) 37363K->435K(78720K), 0.0002210 secs]
653.350: [GC (Allocation Failure) 35996K->435K(77504K), 0.0002030 secs]
653.365: [GC (Allocation Failure) 34823K->435K(76352K), 0.0002070 secs]
653.400: [GC (Allocation Failure) 33651K->435K(75264K), 0.0002180 secs]
653.418: [GC (Allocation Failure) 32577K->435K(74240K), 0.0002010 secs]
653.435: [GC (Allocation Failure) 31600K->435K(73216K), 0.0002200 secs]
653.544: [GC (Allocation Failure) 30526K->435K(72256K), 0.0002140 secs]
653.561: [GC (Allocation Failure) 29549K->435K(71360K), 0.0002020 secs]
653.644: [GC (Allocation Failure) 28670K->435K(70464K), 0.0002140 secs]
653.662: [GC (Allocation Failure) 27791K->435K(69632K), 0.0002320 secs]
653.693: [GC (Allocation Failure) 26912K->435K(68864K), 0.0002120 secs]
653.770: [GC (Allocation Failure) 26131K->435K(68096K), 0.0002600 secs]
653.842: [GC (Allocation Failure) 25447K->435K(67392K), 0.0003610 secs]
653.857: [GC (Allocation Failure) 24662K->435K(66688K), 0.0002110 secs]
653.882: [GC (Allocation Failure) 23978K->435K(66048K), 0.0002150 secs]
653.896: [GC (Allocation Failure) 23392K->435K(65408K), 0.0002030 secs]
653.906: [GC (Allocation Failure) 22708K->435K(69888K), 0.0002330 secs]
653.922: [GC (Allocation Failure) 27205K->435K(75264K), 0.0002160 secs]
653.940: [GC (Allocation Failure) 32577K->435K(81728K), 0.0002120 secs]
653.999: [GC (Allocation Failure) 39023K->435K(80384K), 0.0002690 secs]
654.149: [GC (Allocation Failure) 37656K->435K(79104K), 0.0002080 secs]
654.166: [GC (Allocation Failure) 36386K->435K(77888K), 0.0002030 secs]
654.182: [GC (Allocation Failure) 35214K->435K(76736K), 0.0002690 secs]
654.197: [GC (Allocation Failure) 34042K->435K(83520K), 0.0002050 secs]
654.250: [GC (Allocation Failure) 40879K->435K(82112K), 0.0002130 secs]
654.267: [GC (Allocation Failure) 39414K->435K(80768K), 0.0002750 secs]
654.351: [GC (Allocation Failure) 38047K->435K(79488K), 0.0002060 secs]
654.371: [GC (Allocation Failure) 36777K->435K(78272K), 0.0002720 secs]
654.387: [GC (Allocation Failure) 35605K->435K(77120K), 0.0002150 secs]
654.404: [GC (Allocation Failure) 34433K->435K(75968K), 0.0002170 secs]
654.419: [GC (Allocation Failure) 33261K->435K(82560K), 0.0002010 secs]
654.440: [GC (Allocation Failure) 39902K->435K(81216K), 0.0002130 secs]
654.457: [GC (Allocation Failure) 38535K->435K(79936K), 0.0002040 secs]
654.473: [GC (Allocation Failure) 37265K->435K(87360K), 0.0002030 secs]
654.493: [GC (Allocation Failure) 44688K->435K(85760K), 0.0002150 secs]
654.515: [GC (Allocation Failure) 43028K->435K(84224K), 0.0002010 secs]
654.537: [GC (Allocation Failure) 41563K->435K(82752K), 0.0002170 secs]
654.565: [GC (Allocation Failure) 40098K->435K(81344K), 0.0002230 secs]
654.583: [GC (Allocation Failure) 38633K->435K(80000K), 0.0002170 secs]
654.666: [GC (Allocation Failure) 37363K->435K(78720K), 0.0002110 secs]
654.699: [GC (Allocation Failure) 35996K->435K(77504K), 0.0002030 secs]
654.748: [GC (Allocation Failure) 34823K->435K(76352K), 0.0002150 secs]
654.767: [GC (Allocation Failure) 33651K->435K(75264K), 0.0002020 secs]
654.783: [GC (Allocation Failure) 32577K->435K(74240K), 0.0002130 secs]
654.801: [GC (Allocation Failure) 31600K->435K(73216K), 0.0002130 secs]
654.814: [GC (Allocation Failure) 30526K->435K(72256K), 0.0002160 secs]
654.850: [GC (Allocation Failure) 29549K->435K(71360K), 0.0002540 secs]
654.867: [GC (Allocation Failure) 28670K->435K(70464K), 0.0002060 secs]
654.879: [GC (Allocation Failure) 27791K->435K(75968K), 0.0002130 secs]
654.898: [GC (Allocation Failure) 33261K->435K(82560K), 0.0002140 secs]
654.915: [GC (Allocation Failure) 39902K->435K(90496K), 0.0002150 secs]
655.004: [GC (Allocation Failure) 47814K->435K(88768K), 0.0002140 secs]
655.024: [GC (Allocation Failure) 46056K->435K(87104K), 0.0002020 secs]
655.102: [GC (Allocation Failure) 44395K->435K(85504K), 0.0002350 secs]
655.125: [GC (Allocation Failure) 42833K->435K(83968K), 0.0002010 secs]
655.143: [GC (Allocation Failure) 41270K->435K(82560K), 0.0002110 secs]
655.164: [GC (Allocation Failure) 39902K->435K(81216K), 0.0002100 secs]
655.181: [GC (Allocation Failure) 38535K->435K(79936K), 0.0002120 secs]
655.197: [GC (Allocation Failure) 37265K->435K(78656K), 0.0002010 secs]
655.216: [GC (Allocation Failure) 35996K->435K(77440K), 0.0002110 secs]
655.234: [GC (Allocation Failure) 34726K->435K(76288K), 0.0002110 secs]
655.298: [GC (Allocation Failure) 33554K->435K(75200K), 0.0002220 secs]
655.316: [GC (Allocation Failure) 32479K->435K(74176K), 0.0002100 secs]
655.330: [GC (Allocation Failure) 31503K->435K(73152K), 0.0002160 secs]
655.360: [GC (Allocation Failure) 30428K->435K(72192K), 0.0002220 secs]
655.400: [GC (Allocation Failure) 29549K->435K(71296K), 0.0002240 secs]
655.413: [GC (Allocation Failure) 28572K->435K(70400K), 0.0002170 secs]
655.450: [GC (Allocation Failure) 27693K->435K(69568K), 0.0002400 secs]
655.466: [GC (Allocation Failure) 26912K->435K(68800K), 0.0002100 secs]
655.482: [GC (Allocation Failure) 26131K->435K(68032K), 0.0002100 secs]
655.499: [GC (Allocation Failure) 25349K->435K(73024K), 0.0002290 secs]
655.512: [GC (Allocation Failure) 30331K->435K(79040K), 0.0002030 secs]
655.550: [GC (Allocation Failure) 36386K->435K(77824K), 0.0002230 secs]
655.569: [GC (Allocation Failure) 35116K->435K(76672K), 0.0002010 secs]
655.588: [GC (Allocation Failure) 33944K->435K(75584K), 0.0002000 secs]
655.602: [GC (Allocation Failure) 32870K->435K(82112K), 0.0002280 secs]
655.619: [GC (Allocation Failure) 39414K->435K(89920K), 0.0002020 secs]
655.655: [GC (Allocation Failure) 47228K->435K(88192K), 0.0002130 secs]
655.708: [GC (Allocation Failure) 45470K->435K(86592K), 0.0002120 secs]
655.731: [GC (Allocation Failure) 43907K->435K(85056K), 0.0002080 secs]
655.755: [GC (Allocation Failure) 42344K->435K(83584K), 0.0002180 secs]
655.773: [GC (Allocation Failure) 40879K->435K(82176K), 0.0002270 secs]
655.794: [GC (Allocation Failure) 39512K->435K(80832K), 0.0002100 secs]
655.855: [GC (Allocation Failure) 38144K->435K(79552K), 0.0002120 secs]
655.875: [GC (Allocation Failure) 36875K->435K(78336K), 0.0002090 secs]
655.950: [GC (Allocation Failure) 35605K->435K(77184K), 0.0002750 secs]
655.973: [GC (Allocation Failure) 34530K->435K(76032K), 0.0002050 secs]
655.999: [GC (Allocation Failure) 33358K->435K(74944K), 0.0002030 secs]
656.149: [GC (Allocation Failure) 32284K->435K(73920K), 0.0001980 secs]
656.198: [GC (Allocation Failure) 31210K->435K(72960K), 0.0002240 secs]
656.215: [GC (Allocation Failure) 30233K->435K(72000K), 0.0002130 secs]
656.228: [GC (Allocation Failure) 29354K->435K(71104K), 0.0002180 secs]
656.252: [GC (Allocation Failure) 28377K->435K(70272K), 0.0002230 secs]
656.264: [GC (Allocation Failure) 27596K->435K(75712K), 0.0002760 secs]
656.283: [GC (Allocation Failure) 33065K->435K(82240K), 0.0002210 secs]
656.302: [GC (Allocation Failure) 39512K->435K(90112K), 0.0002500 secs]
656.373: [GC (Allocation Failure) 47423K->435K(88384K), 0.0002520 secs]
656.424: [GC (Allocation Failure) 45665K->435K(86720K), 0.0002140 secs]
656.458: [GC (Allocation Failure) 44005K->435K(85184K), 0.0002180 secs]
656.481: [GC (Allocation Failure) 42540K->435K(83712K), 0.0002120 secs]
656.499: [GC (Allocation Failure) 41074K->435K(82304K), 0.0002140 secs]
656.557: [GC (Allocation Failure) 39609K->435K(80960K), 0.0002120 secs]
656.578: [GC (Allocation Failure) 38242K->435K(79680K), 0.0002080 secs]
656.594: [GC (Allocation Failure) 36972K->435K(78464K), 0.0002060 secs]
656.614: [GC (Allocation Failure) 35800K->435K(77312K), 0.0002120 secs]
656.629: [GC (Allocation Failure) 34628K->435K(76160K), 0.0002030 secs]
656.651: [GC (Allocation Failure) 33456K->435K(75072K), 0.0002220 secs]
656.665: [GC (Allocation Failure) 32382K->435K(74048K), 0.0002010 secs]
656.700: [GC (Allocation Failure) 31405K->435K(73088K), 0.0002250 secs]
656.713: [GC (Allocation Failure) 30428K->435K(72128K), 0.0002040 secs]
656.802: [GC (Allocation Failure) 29451K->435K(71232K), 0.0002210 secs]
656.815: [GC (Allocation Failure) 28572K->435K(70400K), 0.0002160 secs]
656.852: [GC (Allocation Failure) 27693K->435K(69568K), 0.0002140 secs]
656.868: [GC (Allocation Failure) 26912K->435K(68800K), 0.0002180 secs]
656.883: [GC (Allocation Failure) 26131K->435K(68032K), 0.0002090 secs]
656.901: [GC (Allocation Failure) 25349K->435K(73024K), 0.0002360 secs]
656.915: [GC (Allocation Failure) 30331K->435K(79040K), 0.0002140 secs]
656.935: [GC (Allocation Failure) 36386K->435K(86272K), 0.0002120 secs]
656.956: [GC (Allocation Failure) 43614K->435K(84736K), 0.0002130 secs]
656.976: [GC (Allocation Failure) 42051K->435K(83264K), 0.0002060 secs]
657.008: [GC (Allocation Failure) 40586K->435K(81856K), 0.0002270 secs]
657.030: [GC (Allocation Failure) 39219K->435K(80512K), 0.0002250 secs]
657.050: [GC (Allocation Failure) 37851K->435K(79232K), 0.0002010 secs]
657.066: [GC (Allocation Failure) 36582K->435K(86464K), 0.0002850 secs]
657.105: [GC (Allocation Failure) 43809K->435K(84928K), 0.0002130 secs]
657.127: [GC (Allocation Failure) 42247K->435K(83456K), 0.0002030 secs]
657.154: [GC (Allocation Failure) 40781K->435K(82048K), 0.0002050 secs]
657.179: [GC (Allocation Failure) 39316K->435K(80704K), 0.0002140 secs]
657.199: [GC (Allocation Failure) 38047K->435K(79424K), 0.0002120 secs]
657.215: [GC (Allocation Failure) 36777K->435K(78208K), 0.0002030 secs]
657.306: [GC (Allocation Failure) 35507K->435K(77056K), 0.0002220 secs]
657.325: [GC (Allocation Failure) 34335K->435K(75904K), 0.0002270 secs]
657.405: [GC (Allocation Failure) 33261K->435K(74816K), 0.0002050 secs]
657.419: [GC (Allocation Failure) 32089K->435K(73792K), 0.0002690 secs]
657.454: [GC (Allocation Failure) 31112K->435K(72832K), 0.0002170 secs]
657.467: [GC (Allocation Failure) 30135K->435K(71872K), 0.0002020 secs]
657.575: [GC (Allocation Failure) 29158K->435K(70976K), 0.0002230 secs]
657.592: [GC (Allocation Failure) 28279K->435K(70144K), 0.0002690 secs]
657.608: [GC (Allocation Failure) 27498K->435K(69312K), 0.0002300 secs]
657.620: [GC (Allocation Failure) 26619K->435K(74560K), 0.0002610 secs]
657.650: [GC (Allocation Failure) 31893K->435K(80896K), 0.0002250 secs]
657.667: [GC (Allocation Failure) 38242K->435K(88512K), 0.0002020 secs]
657.686: [GC (Allocation Failure) 45860K->435K(97600K), 0.0002020 secs]
657.765: [GC (Allocation Failure) 54948K->435K(95552K), 0.0002230 secs]
657.792: [GC (Allocation Failure) 52897K->435K(93568K), 0.0002070 secs]
657.814: [GC (Allocation Failure) 50846K->435K(91712K), 0.0002050 secs]
657.835: [GC (Allocation Failure) 48986K->435K(89920K), 0.0002120 secs]
657.907: [GC (Allocation Failure) 47228K->435K(88192K), 0.0002140 secs]
657.927: [GC (Allocation Failure) 45470K->435K(86592K), 0.0002130 secs]
657.982: [GC (Allocation Failure) 43907K->435K(85056K), 0.0002250 secs]
658.005: [GC (Allocation Failure) 42344K->435K(83584K), 0.0002130 secs]
658.023: [GC (Allocation Failure) 40879K->435K(82176K), 0.0002020 secs]
658.058: [GC (Allocation Failure) 39512K->435K(80832K), 0.0002120 secs]
658.075: [GC (Allocation Failure) 38144K->435K(79552K), 0.0001970 secs]
658.099: [GC (Allocation Failure) 36875K->435K(78336K), 0.0002030 secs]
658.170: [GC (Allocation Failure) 35605K->435K(77184K), 0.0002270 secs]
658.188: [GC (Allocation Failure) 34530K->435K(76032K), 0.0002160 secs]
658.206: [GC (Allocation Failure) 33358K->435K(74944K), 0.0002160 secs]
658.221: [GC (Allocation Failure) 32284K->435K(73920K), 0.0002190 secs]
658.234: [GC (Allocation Failure) 31210K->435K(80128K), 0.0002050 secs]
658.268: [GC (Allocation Failure) 37461K->435K(78848K), 0.0002110 secs]
658.284: [GC (Allocation Failure) 36191K->435K(77632K), 0.0002050 secs]
658.307: [GC (Allocation Failure) 34921K->435K(76480K), 0.0002110 secs]
658.325: [GC (Allocation Failure) 33749K->435K(75392K), 0.0002010 secs]
658.340: [GC (Allocation Failure) 32675K->435K(81856K), 0.0002220 secs]
658.372: [GC (Allocation Failure) 39219K->435K(80512K), 0.0002300 secs]
658.388: [GC (Allocation Failure) 37851K->435K(79232K), 0.0002010 secs]
658.408: [GC (Allocation Failure) 36582K->435K(78016K), 0.0002040 secs]
658.442: [GC (Allocation Failure) 35312K->435K(76864K), 0.0002130 secs]
658.457: [GC (Allocation Failure) 34140K->435K(75776K), 0.0002030 secs]
658.503: [GC (Allocation Failure) 33065K->435K(74688K), 0.0002020 secs]
658.556: [GC (Allocation Failure) 31991K->435K(73664K), 0.0002110 secs]
658.574: [GC (Allocation Failure) 31014K->435K(72704K), 0.0002110 secs]
658.588: [GC (Allocation Failure) 30038K->435K(71808K), 0.0002080 secs]
658.601: [GC (Allocation Failure) 29158K->435K(70912K), 0.0002020 secs]
658.617: [GC (Allocation Failure) 28182K->435K(76480K), 0.0002110 secs]
658.636: [GC (Allocation Failure) 33749K->435K(83200K), 0.0002090 secs]
658.654: [GC (Allocation Failure) 40488K->435K(91264K), 0.0002160 secs]
658.675: [GC (Allocation Failure) 48595K->435K(89472K), 0.0001990 secs]
658.759: [GC (Allocation Failure) 46739K->435K(87808K), 0.0002000 secs]
658.808: [GC (Allocation Failure) 45079K->435K(86208K), 0.0002120 secs]
658.827: [GC (Allocation Failure) 43516K->435K(84672K), 0.0002010 secs]
658.845: [GC (Allocation Failure) 41953K->435K(92992K), 0.0003730 secs]
658.871: [GC (Allocation Failure) 50260K->435K(91136K), 0.0002100 secs]
658.892: [GC (Allocation Failure) 48498K->435K(89344K), 0.0002000 secs]
658.968: [GC (Allocation Failure) 46642K->435K(87680K), 0.0002180 secs]
658.989: [GC (Allocation Failure) 44981K->435K(86080K), 0.0002120 secs]
659.062: [GC (Allocation Failure) 43419K->435K(84544K), 0.0002140 secs]
659.080: [GC (Allocation Failure) 41856K->435K(83072K), 0.0002150 secs]
659.097: [GC (Allocation Failure) 40391K->435K(81664K), 0.0002040 secs]
659.159: [GC (Allocation Failure) 39023K->435K(80320K), 0.0002060 secs]
659.179: [GC (Allocation Failure) 37656K->435K(79040K), 0.0002100 secs]
659.209: [GC (Allocation Failure) 36386K->435K(77824K), 0.0002060 secs]
659.228: [GC (Allocation Failure) 35116K->435K(76672K), 0.0002000 secs]
659.247: [GC (Allocation Failure) 33944K->435K(75584K), 0.0002010 secs]
659.261: [GC (Allocation Failure) 32870K->435K(74560K), 0.0002260 secs]
659.279: [GC (Allocation Failure) 31893K->435K(73536K), 0.0002130 secs]
659.303: [GC (Allocation Failure) 30819K->435K(72576K), 0.0002100 secs]
659.316: [GC (Allocation Failure) 29842K->435K(78528K), 0.0002140 secs]
659.335: [GC (Allocation Failure) 35800K->435K(85632K), 0.0002110 secs]
659.372: [GC (Allocation Failure) 42930K->435K(84096K), 0.0002090 secs]
659.394: [GC (Allocation Failure) 41367K->435K(82624K), 0.0002170 secs]
659.412: [GC (Allocation Failure) 39902K->435K(81280K), 0.0002060 secs]
659.460: [GC (Allocation Failure) 38633K->435K(80000K), 0.0002140 secs]
659.476: [GC (Allocation Failure) 37363K->435K(78720K), 0.0002160 secs]
659.496: [GC (Allocation Failure) 35996K->435K(77504K), 0.0002150 secs]
659.511: [GC (Allocation Failure) 34823K->435K(76352K), 0.0002130 secs]
659.529: [GC (Allocation Failure) 33651K->435K(75264K), 0.0002100 secs]
659.658: [GC (Allocation Failure) 32577K->435K(74240K), 0.0002180 secs]
659.675: [GC (Allocation Failure) 31600K->435K(73216K), 0.0002020 secs]
659.689: [GC (Allocation Failure) 30526K->435K(72256K), 0.0002140 secs]
659.706: [GC (Allocation Failure) 29549K->435K(71360K), 0.0002010 secs]
659.722: [GC (Allocation Failure) 28670K->435K(77056K), 0.0002170 secs]
659.740: [GC (Allocation Failure) 34335K->435K(75904K), 0.0002020 secs]
659.754: [GC (Allocation Failure) 33261K->435K(82496K), 0.0002100 secs]
659.807: [GC (Allocation Failure) 39805K->435K(81152K), 0.0002020 secs]
659.957: [GC (Allocation Failure) 38437K->435K(79872K), 0.0002030 secs]
660.006: [GC (Allocation Failure) 37168K->435K(78656K), 0.0002210 secs]
660.026: [GC (Allocation Failure) 35996K->435K(77440K), 0.0002020 secs]
660.045: [GC (Allocation Failure) 34726K->435K(76288K), 0.0002090 secs]
660.063: [GC (Allocation Failure) 33554K->435K(75200K), 0.0002110 secs]
660.171: [GC (Allocation Failure) 32479K->435K(74176K), 0.0002090 secs]
660.185: [GC (Allocation Failure) 31503K->435K(73152K), 0.0002300 secs]
660.198: [GC (Allocation Failure) 30428K->435K(72192K), 0.0002110 secs]
660.215: [GC (Allocation Failure) 29549K->435K(71296K), 0.0002010 secs]
660.227: [GC (Allocation Failure) 28572K->435K(76992K), 0.0002030 secs]
660.242: [GC (Allocation Failure) 34335K->435K(83776K), 0.0002020 secs]
660.308: [GC (Allocation Failure) 41074K->435K(82368K), 0.0002120 secs]
660.329: [GC (Allocation Failure) 39707K->435K(81024K), 0.0002020 secs]
660.347: [GC (Allocation Failure) 38340K->435K(79744K), 0.0002000 secs]
660.363: [GC (Allocation Failure) 37070K->435K(78528K), 0.0002150 secs]
660.391: [GC (Allocation Failure) 35800K->435K(77312K), 0.0002030 secs]
660.406: [GC (Allocation Failure) 34628K->435K(84160K), 0.0002940 secs]
660.441: [GC (Allocation Failure) 41465K->435K(82688K), 0.0002600 secs]
660.463: [GC (Allocation Failure) 40000K->435K(81344K), 0.0002160 secs]
660.484: [GC (Allocation Failure) 38633K->435K(80000K), 0.0002380 secs]
660.558: [GC (Allocation Failure) 37363K->435K(78720K), 0.0002290 secs]
660.577: [GC (Allocation Failure) 35996K->435K(77504K), 0.0002230 secs]
660.606: [GC (Allocation Failure) 34823K->435K(76352K), 0.0002140 secs]
660.624: [GC (Allocation Failure) 33651K->435K(75264K), 0.0002050 secs]
660.641: [GC (Allocation Failure) 32577K->435K(74240K), 0.0002050 secs]
660.659: [GC (Allocation Failure) 31600K->435K(73216K), 0.0002040 secs]
660.672: [GC (Allocation Failure) 30526K->435K(79296K), 0.0002040 secs]
660.781: [GC (Allocation Failure) 36582K->435K(78080K), 0.0002250 secs]
660.797: [GC (Allocation Failure) 35409K->435K(76928K), 0.0002030 secs]
660.860: [GC (Allocation Failure) 34237K->435K(75840K), 0.0002220 secs]
660.879: [GC (Allocation Failure) 33163K->435K(74752K), 0.0002140 secs]
660.893: [GC (Allocation Failure) 32089K->435K(73728K), 0.0002150 secs]
660.906: [GC (Allocation Failure) 31014K->435K(79872K), 0.0002040 secs]
660.926: [GC (Allocation Failure) 37168K->435K(78656K), 0.0002110 secs]
660.957: [GC (Allocation Failure) 35996K->435K(77440K), 0.0002030 secs]
661.001: [GC (Allocation Failure) 34726K->435K(76288K), 0.0002050 secs]
661.106: [GC (Allocation Failure) 33554K->435K(75200K), 0.0002130 secs]
661.124: [GC (Allocation Failure) 32479K->435K(74176K), 0.0002110 secs]
661.156: [GC (Allocation Failure) 31503K->435K(73152K), 0.0002680 secs]
661.175: [GC (Allocation Failure) 30428K->435K(72192K), 0.0002130 secs]
661.188: [GC (Allocation Failure) 29549K->435K(71296K), 0.0002020 secs]
661.204: [GC (Allocation Failure) 28572K->435K(70400K), 0.0002250 secs]
661.216: [GC (Allocation Failure) 27693K->435K(75904K), 0.0002020 secs]
661.234: [GC (Allocation Failure) 33261K->435K(82496K), 0.0002130 secs]
661.255: [GC (Allocation Failure) 39805K->435K(90432K), 0.0002090 secs]
661.368: [GC (Allocation Failure) 47716K->435K(88704K), 0.0002060 secs]
661.416: [GC (Allocation Failure) 46056K->435K(87040K), 0.0002130 secs]
661.435: [GC (Allocation Failure) 44395K->435K(85440K), 0.0002740 secs]
661.476: [GC (Allocation Failure) 42735K->435K(83968K), 0.0002170 secs]
661.493: [GC (Allocation Failure) 41270K->435K(82560K), 0.0002150 secs]
661.563: [GC (Allocation Failure) 39902K->435K(81216K), 0.0002120 secs]
661.580: [GC (Allocation Failure) 38535K->435K(79936K), 0.0003200 secs]
661.662: [GC (Allocation Failure) 37265K->435K(78656K), 0.0002180 secs]
661.678: [GC (Allocation Failure) 35996K->435K(77440K), 0.0002430 secs]
661.708: [GC (Allocation Failure) 34726K->435K(76288K), 0.0002030 secs]
661.762: [GC (Allocation Failure) 33554K->435K(75200K), 0.0002240 secs]
661.776: [GC (Allocation Failure) 32479K->435K(74176K), 0.0002020 secs]
661.793: [GC (Allocation Failure) 31503K->435K(73152K), 0.0002700 secs]
661.810: [GC (Allocation Failure) 30428K->435K(79168K), 0.0002120 secs]
661.830: [GC (Allocation Failure) 36484K->435K(77952K), 0.0002030 secs]
661.849: [GC (Allocation Failure) 35312K->435K(84928K), 0.0002800 secs]
661.868: [GC (Allocation Failure) 42247K->435K(93312K), 0.0002030 secs]
661.919: [GC (Allocation Failure) 50650K->435K(91456K), 0.0002220 secs]
661.943: [GC (Allocation Failure) 48791K->435K(89664K), 0.0002130 secs]
661.963: [GC (Allocation Failure) 46935K->435K(87936K), 0.0002120 secs]
662.013: [GC (Allocation Failure) 45274K->435K(86336K), 0.0002730 secs]
662.066: [GC (Allocation Failure) 43614K->435K(84800K), 0.0002230 secs]
662.088: [GC (Allocation Failure) 42149K->435K(83328K), 0.0002130 secs]
662.105: [GC (Allocation Failure) 40684K->435K(81920K), 0.0002120 secs]
662.167: [GC (Allocation Failure) 39219K->435K(80576K), 0.0002020 secs]
662.259: [GC (Allocation Failure) 37851K->435K(79296K), 0.0002040 secs]
662.309: [GC (Allocation Failure) 36582K->435K(78080K), 0.0002130 secs]
662.353: [GC (Allocation Failure) 35409K->435K(76928K), 0.0002260 secs]
662.372: [GC (Allocation Failure) 34237K->435K(75840K), 0.0002030 secs]
662.408: [GC (Allocation Failure) 33163K->435K(74752K), 0.0002070 secs]
662.558: [GC (Allocation Failure) 32089K->435K(73728K), 0.0002240 secs]
662.571: [GC (Allocation Failure) 31014K->435K(72768K), 0.0002040 secs]
662.584: [GC (Allocation Failure) 30038K->435K(71808K), 0.0002140 secs]
662.601: [GC (Allocation Failure) 29158K->435K(70912K), 0.0002020 secs]
662.613: [GC (Allocation Failure) 28182K->435K(76480K), 0.0002170 secs]
662.659: [GC (Allocation Failure) 33749K->435K(75392K), 0.0002260 secs]
662.677: [GC (Allocation Failure) 32675K->435K(74368K), 0.0002130 secs]
662.707: [GC (Allocation Failure) 31698K->435K(73344K), 0.0002030 secs]
662.861: [GC (Allocation Failure) 30624K->435K(72384K), 0.0002200 secs]
662.874: [GC (Allocation Failure) 29745K->435K(71488K), 0.0002150 secs]
662.961: [GC (Allocation Failure) 28768K->435K(70592K), 0.0002240 secs]
662.978: [GC (Allocation Failure) 27889K->435K(69760K), 0.0002230 secs]
663.010: [GC (Allocation Failure) 27107K->435K(68992K), 0.0002220 secs]
663.025: [GC (Allocation Failure) 26326K->435K(68224K), 0.0002240 secs]
663.158: [GC (Allocation Failure) 25545K->435K(67520K), 0.0002020 secs]
663.169: [GC (Allocation Failure) 24857K->435K(66816K), 0.0002170 secs]
663.180: [GC (Allocation Failure) 24173K->435K(71616K), 0.0002020 secs]
663.211: [GC (Allocation Failure) 28963K->435K(70720K), 0.0002200 secs]
663.223: [GC (Allocation Failure) 27986K->435K(76288K), 0.0002160 secs]
663.238: [GC (Allocation Failure) 33554K->435K(82944K), 0.0002130 secs]
663.265: [GC (Allocation Failure) 40293K->435K(90944K), 0.0002230 secs]
663.286: [GC (Allocation Failure) 48302K->435K(100544K), 0.0002320 secs]
663.315: [GC (Allocation Failure) 57878K->435K(98304K), 0.0002100 secs]
663.350: [GC (Allocation Failure) 55632K->435K(96192K), 0.0002110 secs]
663.373: [GC (Allocation Failure) 53483K->435K(94208K), 0.0002020 secs]
663.395: [GC (Allocation Failure) 51529K->435K(92288K), 0.0002080 secs]
663.470: [GC (Allocation Failure) 49572K->435K(90496K), 0.0002210 secs]
663.495: [GC (Allocation Failure) 47814K->435K(88768K), 0.0002010 secs]
663.519: [GC (Allocation Failure) 46056K->435K(87104K), 0.0002130 secs]
663.538: [GC (Allocation Failure) 44395K->435K(85504K), 0.0002150 secs]
663.558: [GC (Allocation Failure) 42833K->435K(83968K), 0.0002110 secs]
663.576: [GC (Allocation Failure) 41270K->435K(82560K), 0.0002010 secs]
663.617: [GC (Allocation Failure) 39902K->435K(81216K), 0.0002240 secs]
663.634: [GC (Allocation Failure) 38535K->435K(79936K), 0.0002600 secs]
663.650: [GC (Allocation Failure) 37265K->435K(78656K), 0.0002020 secs]
663.670: [GC (Allocation Failure) 35996K->435K(77440K), 0.0002130 secs]
663.689: [GC (Allocation Failure) 34726K->435K(76288K), 0.0002120 secs]
663.708: [GC (Allocation Failure) 33554K->435K(75200K), 0.0002100 secs]
663.764: [GC (Allocation Failure) 32479K->435K(74176K), 0.0002140 secs]
663.778: [GC (Allocation Failure) 31503K->435K(73152K), 0.0002180 secs]
663.791: [GC (Allocation Failure) 30428K->435K(79168K), 0.0002020 secs]
663.815: [GC (Allocation Failure) 36484K->435K(77952K), 0.0002210 secs]
663.834: [GC (Allocation Failure) 35312K->435K(76800K), 0.0002170 secs]
663.853: [GC (Allocation Failure) 34140K->435K(83584K), 0.0003250 secs]
663.871: [GC (Allocation Failure) 40879K->435K(91712K), 0.0002150 secs]
663.893: [GC (Allocation Failure) 48986K->435K(101440K), 0.0002130 secs]
663.918: [GC (Allocation Failure) 58757K->435K(99200K), 0.0002010 secs]
664.020: [GC (Allocation Failure) 56511K->435K(97024K), 0.0002040 secs]
664.069: [GC (Allocation Failure) 54362K->435K(94976K), 0.0002130 secs]
664.092: [GC (Allocation Failure) 52311K->435K(93056K), 0.0002030 secs]
664.121: [GC (Allocation Failure) 50357K->435K(91200K), 0.0002200 secs]
664.143: [GC (Allocation Failure) 48498K->435K(89408K), 0.0002010 secs]
664.168: [GC (Allocation Failure) 46739K->435K(87744K), 0.0002120 secs]
664.319: [GC (Allocation Failure) 45079K->435K(86144K), 0.0002180 secs]
664.338: [GC (Allocation Failure) 43419K->435K(84608K), 0.0002750 secs]
664.356: [GC (Allocation Failure) 41953K->435K(83136K), 0.0002000 secs]
664.376: [GC (Allocation Failure) 40488K->435K(81728K), 0.0002140 secs]
664.392: [GC (Allocation Failure) 39023K->435K(80384K), 0.0002030 secs]
664.409: [GC (Allocation Failure) 37656K->435K(79104K), 0.0002320 secs]
664.443: [GC (Allocation Failure) 36386K->435K(77888K), 0.0002230 secs]
664.462: [GC (Allocation Failure) 35214K->435K(76736K), 0.0002120 secs]
664.477: [GC (Allocation Failure) 34042K->435K(75648K), 0.0002140 secs]
664.491: [GC (Allocation Failure) 32968K->435K(82176K), 0.0002010 secs]
664.512: [GC (Allocation Failure) 39512K->435K(80832K), 0.0002090 secs]
664.528: [GC (Allocation Failure) 38144K->435K(88384K), 0.0002020 secs]
664.548: [GC (Allocation Failure) 45665K->435K(86720K), 0.0002000 secs]
664.570: [GC (Allocation Failure) 44005K->435K(85184K), 0.0002130 secs]
664.593: [GC (Allocation Failure) 42540K->435K(83712K), 0.0002090 secs]
664.611: [GC (Allocation Failure) 41074K->435K(82304K), 0.0002000 secs]
664.628: [GC (Allocation Failure) 39609K->435K(80960K), 0.0002030 secs]
664.644: [GC (Allocation Failure) 38242K->435K(79680K), 0.0002010 secs]
664.662: [GC (Allocation Failure) 36972K->435K(78464K), 0.0002100 secs]
664.716: [GC (Allocation Failure) 35800K->435K(77312K), 0.0002210 secs]
664.731: [GC (Allocation Failure) 34628K->435K(76160K), 0.0002010 secs]
664.747: [GC (Allocation Failure) 33456K->435K(75072K), 0.0002090 secs]
664.860: [GC (Allocation Failure) 32382K->435K(74048K), 0.0002120 secs]
664.874: [GC (Allocation Failure) 31405K->435K(73088K), 0.0002110 secs]
664.887: [GC (Allocation Failure) 30428K->435K(79104K), 0.0002010 secs]
664.963: [GC (Allocation Failure) 36386K->435K(77888K), 0.0002100 secs]
664.994: [GC (Allocation Failure) 35214K->435K(76736K), 0.0002200 secs]
665.076: [GC (Allocation Failure) 34042K->435K(75648K), 0.0002200 secs]
665.094: [GC (Allocation Failure) 32968K->435K(74560K), 0.0002030 secs]
665.111: [GC (Allocation Failure) 31893K->435K(73536K), 0.0002230 secs]
665.124: [GC (Allocation Failure) 30819K->435K(72576K), 0.0002010 secs]
665.167: [GC (Allocation Failure) 29842K->435K(71680K), 0.0002210 secs]
665.180: [GC (Allocation Failure) 28963K->435K(70784K), 0.0002160 secs]
665.192: [GC (Allocation Failure) 28084K->435K(76352K), 0.0002020 secs]
665.265: [GC (Allocation Failure) 33651K->435K(75264K), 0.0002140 secs]
665.284: [GC (Allocation Failure) 32577K->435K(74240K), 0.0002740 secs]
665.302: [GC (Allocation Failure) 31600K->435K(80512K), 0.0002270 secs]
665.323: [GC (Allocation Failure) 37851K->435K(79232K), 0.0002090 secs]
665.377: [GC (Allocation Failure) 36582K->435K(78016K), 0.0002120 secs]
665.397: [GC (Allocation Failure) 35312K->435K(76864K), 0.0002040 secs]
665.416: [GC (Allocation Failure) 34140K->435K(75776K), 0.0002810 secs]
665.430: [GC (Allocation Failure) 33065K->435K(82368K), 0.0002180 secs]
665.519: [GC (Allocation Failure) 39707K->435K(81024K), 0.0002280 secs]
665.536: [GC (Allocation Failure) 38340K->435K(79744K), 0.0002040 secs]
665.564: [GC (Allocation Failure) 37070K->435K(78528K), 0.0002300 secs]
665.583: [GC (Allocation Failure) 35800K->435K(77312K), 0.0002140 secs]
665.599: [GC (Allocation Failure) 34628K->435K(76160K), 0.0002170 secs]
665.669: [GC (Allocation Failure) 33456K->435K(75072K), 0.0002250 secs]
665.688: [GC (Allocation Failure) 32382K->435K(74048K), 0.0002150 secs]
665.706: [GC (Allocation Failure) 31405K->435K(73088K), 0.0002000 secs]
665.723: [GC (Allocation Failure) 30428K->435K(72128K), 0.0002170 secs]
665.740: [GC (Allocation Failure) 29451K->435K(77952K), 0.0002810 secs]
665.759: [GC (Allocation Failure) 35312K->435K(84928K), 0.0002170 secs]
665.777: [GC (Allocation Failure) 42247K->435K(93312K), 0.0002040 secs]
665.874: [GC (Allocation Failure) 50650K->435K(91456K), 0.0002240 secs]
665.898: [GC (Allocation Failure) 48791K->435K(89664K), 0.0002040 secs]
665.918: [GC (Allocation Failure) 46935K->435K(87936K), 0.0002020 secs]
666.012: [GC (Allocation Failure) 45274K->435K(86336K), 0.0002130 secs]
666.034: [GC (Allocation Failure) 43614K->435K(84800K), 0.0002250 secs]
666.116: [GC (Allocation Failure) 42149K->435K(83328K), 0.0002060 secs]
666.171: [GC (Allocation Failure) 40684K->435K(81920K), 0.0002140 secs]
666.192: [GC (Allocation Failure) 39219K->435K(80576K), 0.0002030 secs]
666.212: [GC (Allocation Failure) 37851K->435K(79296K), 0.0002120 secs]
666.229: [GC (Allocation Failure) 36582K->435K(78080K), 0.0002750 secs]
666.269: [GC (Allocation Failure) 35409K->435K(76928K), 0.0002260 secs]
666.284: [GC (Allocation Failure) 34237K->435K(75840K), 0.0002610 secs]
666.317: [GC (Allocation Failure) 33163K->435K(74752K), 0.0002230 secs]
666.331: [GC (Allocation Failure) 32089K->435K(73728K), 0.0002170 secs]
666.352: [GC (Allocation Failure) 31014K->435K(72768K), 0.0002200 secs]
666.370: [GC (Allocation Failure) 30038K->435K(71808K), 0.0002160 secs]
666.382: [GC (Allocation Failure) 29158K->435K(77568K), 0.0002140 secs]
666.398: [GC (Allocation Failure) 34921K->435K(84480K), 0.0002020 secs]
666.419: [GC (Allocation Failure) 41758K->435K(92800K), 0.0002020 secs]
666.444: [GC (Allocation Failure) 50162K->435K(90944K), 0.0002120 secs]
666.579: [GC (Allocation Failure) 48302K->435K(89216K), 0.0002090 secs]
666.673: [GC (Allocation Failure) 46544K->435K(87552K), 0.0002240 secs]
666.697: [GC (Allocation Failure) 44884K->435K(85952K), 0.0002740 secs]
666.715: [GC (Allocation Failure) 43223K->435K(84416K), 0.0002050 secs]
666.767: [GC (Allocation Failure) 41758K->435K(82944K), 0.0002130 secs]
666.788: [GC (Allocation Failure) 40293K->435K(81536K), 0.0002110 secs]
666.920: [GC (Allocation Failure) 38828K->435K(80192K), 0.0002130 secs]
666.940: [GC (Allocation Failure) 37461K->435K(78912K), 0.0002080 secs]
666.956: [GC (Allocation Failure) 36191K->435K(77696K), 0.0002120 secs]
667.015: [GC (Allocation Failure) 35019K->435K(76544K), 0.0002280 secs]
667.034: [GC (Allocation Failure) 33847K->435K(75456K), 0.0002050 secs]
667.068: [GC (Allocation Failure) 32772K->435K(74432K), 0.0002050 secs]
667.081: [GC (Allocation Failure) 31698K->435K(73408K), 0.0002230 secs]
667.098: [GC (Allocation Failure) 30721K->435K(72448K), 0.0002040 secs]
667.111: [GC (Allocation Failure) 29745K->435K(78336K), 0.0002260 secs]
667.131: [GC (Allocation Failure) 35605K->435K(85440K), 0.0002140 secs]
667.153: [GC (Allocation Failure) 42735K->435K(83968K), 0.0002080 secs]
667.181: [GC (Allocation Failure) 41270K->435K(82560K), 0.0002180 secs]
667.199: [GC (Allocation Failure) 39902K->435K(81216K), 0.0002140 secs]
667.220: [GC (Allocation Failure) 38535K->435K(79936K), 0.0002130 secs]
667.240: [GC (Allocation Failure) 37265K->435K(78656K), 0.0002080 secs]
667.256: [GC (Allocation Failure) 35996K->435K(77440K), 0.0002140 secs]
667.271: [GC (Allocation Failure) 34726K->435K(84352K), 0.0002120 secs]
667.292: [GC (Allocation Failure) 41660K->435K(82880K), 0.0001990 secs]
667.314: [GC (Allocation Failure) 40195K->435K(81472K), 0.0002100 secs]
667.335: [GC (Allocation Failure) 38828K->435K(80128K), 0.0002110 secs]
667.368: [GC (Allocation Failure) 37461K->435K(78848K), 0.0002720 secs]
667.520: [GC (Allocation Failure) 36191K->435K(77632K), 0.0002150 secs]
667.539: [GC (Allocation Failure) 34921K->435K(76480K), 0.0002050 secs]
667.558: [GC (Allocation Failure) 33749K->435K(75392K), 0.0002190 secs]
667.573: [GC (Allocation Failure) 32675K->435K(74368K), 0.0002190 secs]
667.614: [GC (Allocation Failure) 31698K->435K(73344K), 0.0002240 secs]
667.627: [GC (Allocation Failure) 30624K->435K(72384K), 0.0002040 secs]
667.766: [GC (Allocation Failure) 29745K->435K(71488K), 0.0002110 secs]
667.779: [GC (Allocation Failure) 28768K->435K(70592K), 0.0002060 secs]
667.863: [GC (Allocation Failure) 27889K->435K(69760K), 0.0002050 secs]
667.916: [GC (Allocation Failure) 27107K->435K(68992K), 0.0002840 secs]
667.932: [GC (Allocation Failure) 26326K->435K(68224K), 0.0002070 secs]
667.947: [GC (Allocation Failure) 25545K->435K(67520K), 0.0002010 secs]
667.958: [GC (Allocation Failure) 24857K->435K(72448K), 0.0002340 secs]
667.975: [GC (Allocation Failure) 29745K->435K(78336K), 0.0002010 secs]
667.991: [GC (Allocation Failure) 35605K->435K(85440K), 0.0002130 secs]
668.069: [GC (Allocation Failure) 42735K->435K(83968K), 0.0002020 secs]
668.119: [GC (Allocation Failure) 41270K->435K(82560K), 0.0002230 secs]
668.140: [GC (Allocation Failure) 39902K->435K(81216K), 0.0002000 secs]
668.157: [GC (Allocation Failure) 38535K->435K(79936K), 0.0002260 secs]
668.173: [GC (Allocation Failure) 37265K->435K(78656K), 0.0002020 secs]
668.192: [GC (Allocation Failure) 35996K->435K(77440K), 0.0002130 secs]
668.216: [GC (Allocation Failure) 34726K->435K(76288K), 0.0002010 secs]
668.357: [GC (Allocation Failure) 33554K->435K(75200K), 0.0003220 secs]
668.372: [GC (Allocation Failure) 32479K->435K(74176K), 0.0002910 secs]
668.390: [GC (Allocation Failure) 31503K->435K(73152K), 0.0002100 secs]
668.421: [GC (Allocation Failure) 30428K->435K(72192K), 0.0002030 secs]
668.434: [GC (Allocation Failure) 29549K->435K(78016K), 0.0003210 secs]
668.471: [GC (Allocation Failure) 35312K->435K(85056K), 0.0002230 secs]
668.493: [GC (Allocation Failure) 42344K->435K(83584K), 0.0002150 secs]
668.523: [GC (Allocation Failure) 40879K->435K(82176K), 0.0002050 secs]
668.540: [GC (Allocation Failure) 39512K->435K(80832K), 0.0002260 secs]
668.561: [GC (Allocation Failure) 38144K->435K(88384K), 0.0003910 secs]
668.586: [GC (Allocation Failure) 45665K->435K(97472K), 0.0002050 secs]
668.610: [GC (Allocation Failure) 54753K->435K(95424K), 0.0002150 secs]
668.632: [GC (Allocation Failure) 52701K->435K(93440K), 0.0002040 secs]
668.724: [GC (Allocation Failure) 50748K->435K(91584K), 0.0002110 secs]
668.749: [GC (Allocation Failure) 48888K->435K(89792K), 0.0001990 secs]
668.822: [GC (Allocation Failure) 47130K->435K(88064K), 0.0002130 secs]
668.845: [GC (Allocation Failure) 45372K->435K(86464K), 0.0002010 secs]
668.864: [GC (Allocation Failure) 43809K->435K(84928K), 0.0002410 secs]
668.884: [GC (Allocation Failure) 42247K->435K(83456K), 0.0001990 secs]
668.971: [GC (Allocation Failure) 40781K->435K(82048K), 0.0002070 secs]
668.992: [GC (Allocation Failure) 39316K->435K(80704K), 0.0002730 secs]
669.012: [GC (Allocation Failure) 38047K->435K(79424K), 0.0002130 secs]
669.028: [GC (Allocation Failure) 36777K->435K(78208K), 0.0002020 secs]
669.068: [GC (Allocation Failure) 35507K->435K(77056K), 0.0002120 secs]
669.082: [GC (Allocation Failure) 34335K->435K(75904K), 0.0002000 secs]
669.167: [GC (Allocation Failure) 33261K->435K(74816K), 0.0002240 secs]
669.185: [GC (Allocation Failure) 32089K->435K(73792K), 0.0002000 secs]
669.199: [GC (Allocation Failure) 31112K->435K(72832K), 0.0002250 secs]
669.216: [GC (Allocation Failure) 30135K->435K(71872K), 0.0002110 secs]
669.269: [GC (Allocation Failure) 29158K->435K(70976K), 0.0002160 secs]
669.286: [GC (Allocation Failure) 28279K->435K(70144K), 0.0002260 secs]
669.302: [GC (Allocation Failure) 27498K->435K(69312K), 0.0002130 secs]
669.364: [GC (Allocation Failure) 26619K->435K(68544K), 0.0002150 secs]
669.518: [GC (Allocation Failure) 25838K->435K(67776K), 0.0002200 secs]
669.529: [GC (Allocation Failure) 25052K->435K(67072K), 0.0002010 secs]
669.539: [GC (Allocation Failure) 24369K->435K(71872K), 0.0002000 secs]
669.553: [GC (Allocation Failure) 29158K->435K(77632K), 0.0002090 secs]
669.572: [GC (Allocation Failure) 34921K->435K(84544K), 0.0002000 secs]
669.590: [GC (Allocation Failure) 41856K->435K(92864K), 0.0002020 secs]
669.625: [GC (Allocation Failure) 50162K->435K(91008K), 0.0002220 secs]
669.649: [GC (Allocation Failure) 48302K->435K(89216K), 0.0001980 secs]
669.669: [GC (Allocation Failure) 46544K->435K(87552K), 0.0002110 secs]
669.689: [GC (Allocation Failure) 44884K->435K(85952K), 0.0002130 secs]
669.782: [GC (Allocation Failure) 43223K->435K(84416K), 0.0002130 secs]
669.804: [GC (Allocation Failure) 41758K->435K(82944K), 0.0002150 secs]
669.871: [GC (Allocation Failure) 40293K->435K(81536K), 0.0002150 secs]
669.887: [GC (Allocation Failure) 38828K->435K(80192K), 0.0002010 secs]
669.920: [GC (Allocation Failure) 37461K->435K(78912K), 0.0002140 secs]
669.973: [GC (Allocation Failure) 36191K->435K(77696K), 0.0002170 secs]
669.988: [GC (Allocation Failure) 35019K->435K(76544K), 0.0002140 secs]
670.083: [GC (Allocation Failure) 33847K->435K(75456K), 0.0002030 secs]
670.166: [GC (Allocation Failure) 32772K->435K(74432K), 0.0002130 secs]
670.221: [GC (Allocation Failure) 31698K->435K(73408K), 0.0002110 secs]
670.235: [GC (Allocation Failure) 30721K->435K(72448K), 0.0002710 secs]
670.271: [GC (Allocation Failure) 29745K->435K(71552K), 0.0002240 secs]
670.287: [GC (Allocation Failure) 28865K->435K(70656K), 0.0002100 secs]
670.349: [GC (Allocation Failure) 27986K->435K(69824K), 0.0002150 secs]
670.366: [GC (Allocation Failure) 27107K->435K(68992K), 0.0002280 secs]
670.384: [GC (Allocation Failure) 26326K->435K(68224K), 0.0002130 secs]
670.395: [GC (Allocation Failure) 25545K->435K(73280K), 0.0002120 secs]
670.408: [GC (Allocation Failure) 30624K->435K(79360K), 0.0002860 secs]
670.434: [GC (Allocation Failure) 36679K->435K(86656K), 0.0002150 secs]
670.454: [GC (Allocation Failure) 44005K->435K(95424K), 0.0002100 secs]
670.481: [GC (Allocation Failure) 52701K->435K(93440K), 0.0002010 secs]
670.504: [GC (Allocation Failure) 50748K->435K(91584K), 0.0002080 secs]
670.579: [GC (Allocation Failure) 48888K->435K(89792K), 0.0002090 secs]
670.600: [GC (Allocation Failure) 47130K->435K(88064K), 0.0002120 secs]
670.623: [GC (Allocation Failure) 45372K->435K(86464K), 0.0002130 secs]
670.642: [GC (Allocation Failure) 43809K->435K(84928K), 0.0002230 secs]
670.664: [GC (Allocation Failure) 42247K->435K(83456K), 0.0002080 secs]
670.726: [GC (Allocation Failure) 40781K->435K(82048K), 0.0002020 secs]
670.743: [GC (Allocation Failure) 39316K->435K(80704K), 0.0002110 secs]
670.760: [GC (Allocation Failure) 38047K->435K(79424K), 0.0002110 secs]
670.821: [GC (Allocation Failure) 36777K->435K(78208K), 0.0002250 secs]
670.836: [GC (Allocation Failure) 35507K->435K(77056K), 0.0002010 secs]
670.851: [GC (Allocation Failure) 34335K->435K(75904K), 0.0002020 secs]
670.869: [GC (Allocation Failure) 33261K->435K(74816K), 0.0002250 secs]
670.887: [GC (Allocation Failure) 32089K->435K(73792K), 0.0002090 secs]
670.901: [GC (Allocation Failure) 31112K->435K(79936K), 0.0002160 secs]
670.917: [GC (Allocation Failure) 37265K->435K(87360K), 0.0002000 secs]
670.979: [GC (Allocation Failure) 44688K->435K(85760K), 0.0002170 secs]
670.997: [GC (Allocation Failure) 43028K->435K(84224K), 0.0002070 secs]
671.015: [GC (Allocation Failure) 41563K->435K(82752K), 0.0002030 secs]
671.036: [GC (Allocation Failure) 40098K->435K(81344K), 0.0002010 secs]
671.055: [GC (Allocation Failure) 38633K->435K(80000K), 0.0002110 secs]
671.125: [GC (Allocation Failure) 37363K->435K(78720K), 0.0002220 secs]
671.141: [GC (Allocation Failure) 35996K->435K(77504K), 0.0002040 secs]
671.170: [GC (Allocation Failure) 34823K->435K(76352K), 0.0002200 secs]
671.184: [GC (Allocation Failure) 33651K->435K(75264K), 0.0002050 secs]
671.199: [GC (Allocation Failure) 32577K->435K(81728K), 0.0002740 secs]
671.227: [GC (Allocation Failure) 39023K->435K(80384K), 0.0002250 secs]
671.248: [GC (Allocation Failure) 37656K->435K(79104K), 0.0002160 secs]
671.265: [GC (Allocation Failure) 36386K->435K(86336K), 0.0002700 secs]
671.288: [GC (Allocation Failure) 43614K->435K(84800K), 0.0002110 secs]
671.310: [GC (Allocation Failure) 42149K->435K(83328K), 0.0002200 secs]
671.378: [GC (Allocation Failure) 40684K->435K(81920K), 0.0002240 secs]
671.399: [GC (Allocation Failure) 39219K->435K(80576K), 0.0002740 secs]
671.419: [GC (Allocation Failure) 37851K->435K(79296K), 0.0002130 secs]
671.435: [GC (Allocation Failure) 36582K->435K(78080K), 0.0002050 secs]
671.454: [GC (Allocation Failure) 35409K->435K(76928K), 0.0002250 secs]
671.471: [GC (Allocation Failure) 34237K->435K(75840K), 0.0002040 secs]
671.570: [GC (Allocation Failure) 33163K->435K(74752K), 0.0002220 secs]
671.588: [GC (Allocation Failure) 32089K->435K(73728K), 0.0002110 secs]
671.623: [GC (Allocation Failure) 31014K->435K(72768K), 0.0002210 secs]
671.641: [GC (Allocation Failure) 30038K->435K(71808K), 0.0002370 secs]
671.669: [GC (Allocation Failure) 29158K->435K(70912K), 0.0002160 secs]
671.718: [GC (Allocation Failure) 28182K->435K(70080K), 0.0002040 secs]
671.872: [GC (Allocation Failure) 27400K->435K(69248K), 0.0002810 secs]
671.888: [GC (Allocation Failure) 26521K->435K(68480K), 0.0002130 secs]
671.899: [GC (Allocation Failure) 25838K->435K(73600K), 0.0002670 secs]
671.973: [GC (Allocation Failure) 30917K->435K(72640K), 0.0002200 secs]
671.987: [GC (Allocation Failure) 29940K->435K(71744K), 0.0002000 secs]
671.999: [GC (Allocation Failure) 29061K->435K(77504K), 0.0002010 secs]
672.125: [GC (Allocation Failure) 34823K->435K(76352K), 0.0002140 secs]
672.140: [GC (Allocation Failure) 33651K->435K(75264K), 0.0002260 secs]
672.154: [GC (Allocation Failure) 32577K->435K(81728K), 0.0002310 secs]
672.172: [GC (Allocation Failure) 39023K->435K(89472K), 0.0002070 secs]
672.227: [GC (Allocation Failure) 46739K->435K(87808K), 0.0002150 secs]
672.246: [GC (Allocation Failure) 45079K->435K(86208K), 0.0002140 secs]
672.265: [GC (Allocation Failure) 43516K->435K(84672K), 0.0002040 secs]
672.283: [GC (Allocation Failure) 41953K->435K(83200K), 0.0002050 secs]
672.357: [GC (Allocation Failure) 40488K->435K(81792K), 0.0002290 secs]
672.375: [GC (Allocation Failure) 39121K->435K(80448K), 0.0002170 secs]
672.396: [GC (Allocation Failure) 37754K->435K(79168K), 0.0002100 secs]
672.419: [GC (Allocation Failure) 36484K->435K(77952K), 0.0002120 secs]
672.446: [GC (Allocation Failure) 35312K->435K(76800K), 0.0002050 secs]
672.522: [GC (Allocation Failure) 34140K->435K(75712K), 0.0002150 secs]
672.540: [GC (Allocation Failure) 33065K->435K(74624K), 0.0002050 secs]
672.554: [GC (Allocation Failure) 31893K->435K(73600K), 0.0002130 secs]
672.571: [GC (Allocation Failure) 30917K->435K(72640K), 0.0002110 secs]
672.587: [GC (Allocation Failure) 29940K->435K(71744K), 0.0002080 secs]
672.599: [GC (Allocation Failure) 29061K->435K(77504K), 0.0002040 secs]
672.665: [GC (Allocation Failure) 34823K->435K(76352K), 0.0002140 secs]
672.684: [GC (Allocation Failure) 33651K->435K(75264K), 0.0002020 secs]
672.775: [GC (Allocation Failure) 32577K->435K(74240K), 0.0002130 secs]
672.793: [GC (Allocation Failure) 31600K->435K(73216K), 0.0002140 secs]
672.807: [GC (Allocation Failure) 30526K->435K(72256K), 0.0002100 secs]
672.823: [GC (Allocation Failure) 29549K->435K(71360K), 0.0002140 secs]
672.840: [GC (Allocation Failure) 28670K->435K(77056K), 0.0002210 secs]
672.876: [GC (Allocation Failure) 34335K->435K(75904K), 0.0002150 secs]
672.890: [GC (Allocation Failure) 33261K->435K(74816K), 0.0002140 secs]
672.976: [GC (Allocation Failure) 32089K->435K(73792K), 0.0002230 secs]
672.990: [GC (Allocation Failure) 31112K->435K(79936K), 0.0002770 secs]
673.007: [GC (Allocation Failure) 37265K->435K(87360K), 0.0002010 secs]
673.026: [GC (Allocation Failure) 44688K->435K(96256K), 0.0002220 secs]
673.053: [GC (Allocation Failure) 53580K->435K(94272K), 0.0002090 secs]
673.134: [GC (Allocation Failure) 51627K->435K(92352K), 0.0002050 secs]
673.155: [GC (Allocation Failure) 49670K->435K(90496K), 0.0002090 secs]
673.182: [GC (Allocation Failure) 47814K->435K(88768K), 0.0002130 secs]
673.207: [GC (Allocation Failure) 46056K->435K(87104K), 0.0002020 secs]
673.226: [GC (Allocation Failure) 44395K->435K(85504K), 0.0002120 secs]
673.248: [GC (Allocation Failure) 42833K->435K(83968K), 0.0002070 secs]
673.280: [GC (Allocation Failure) 41270K->435K(82560K), 0.0002040 secs]
673.297: [GC (Allocation Failure) 39902K->435K(81216K), 0.0002030 secs]
673.391: [GC (Allocation Failure) 38535K->435K(79936K), 0.0002160 secs]
673.408: [GC (Allocation Failure) 37265K->435K(78656K), 0.0002030 secs]
673.478: [GC (Allocation Failure) 35996K->435K(77440K), 0.0002060 secs]
673.496: [GC (Allocation Failure) 34726K->435K(76288K), 0.0002120 secs]
673.515: [GC (Allocation Failure) 33554K->435K(75200K), 0.0002010 secs]
673.529: [GC (Allocation Failure) 32479K->435K(74176K), 0.0002160 secs]
673.572: [GC (Allocation Failure) 31503K->435K(73152K), 0.0002160 secs]
673.622: [GC (Allocation Failure) 30428K->435K(72192K), 0.0002120 secs]
673.634: [GC (Allocation Failure) 29549K->435K(71296K), 0.0002030 secs]
673.675: [GC (Allocation Failure) 28572K->435K(70400K), 0.0002220 secs]
673.691: [GC (Allocation Failure) 27693K->435K(69568K), 0.0002010 secs]
673.707: [GC (Allocation Failure) 26912K->435K(68800K), 0.0002100 secs]
673.722: [GC (Allocation Failure) 26131K->435K(68032K), 0.0002270 secs]
673.738: [GC (Allocation Failure) 25349K->435K(73024K), 0.0002640 secs]
673.785: [GC (Allocation Failure) 30331K->435K(72064K), 0.0002100 secs]
673.798: [GC (Allocation Failure) 29354K->435K(77888K), 0.0002240 secs]
673.818: [GC (Allocation Failure) 35214K->435K(84864K), 0.0002110 secs]
673.877: [GC (Allocation Failure) 42149K->435K(83392K), 0.0002880 secs]
673.900: [GC (Allocation Failure) 40684K->435K(81984K), 0.0002380 secs]
673.975: [GC (Allocation Failure) 39316K->435K(80640K), 0.0002040 secs]
674.029: [GC (Allocation Failure) 37949K->435K(79360K), 0.0002120 secs]
674.049: [GC (Allocation Failure) 36679K->435K(78144K), 0.0002800 secs]
674.064: [GC (Allocation Failure) 35409K->435K(76992K), 0.0002120 secs]
674.165: [GC (Allocation Failure) 34335K->435K(75904K), 0.0002240 secs]
674.183: [GC (Allocation Failure) 33261K->435K(74816K), 0.0002140 secs]
674.197: [GC (Allocation Failure) 32089K->435K(73792K), 0.0002030 secs]
674.277: [GC (Allocation Failure) 31112K->435K(72832K), 0.0002110 secs]
674.290: [GC (Allocation Failure) 30135K->435K(71872K), 0.0002160 secs]
674.306: [GC (Allocation Failure) 29158K->435K(70976K), 0.0002090 secs]
674.325: [GC (Allocation Failure) 28279K->435K(70144K), 0.0001990 secs]
674.342: [GC (Allocation Failure) 27498K->435K(69312K), 0.0002210 secs]
674.354: [GC (Allocation Failure) 26619K->435K(74560K), 0.0002160 secs]
674.372: [GC (Allocation Failure) 31893K->435K(80896K), 0.0002160 secs]
674.393: [GC (Allocation Failure) 38242K->435K(88512K), 0.0002150 secs]
674.417: [GC (Allocation Failure) 45860K->435K(86848K), 0.0002100 secs]
674.437: [GC (Allocation Failure) 44200K->435K(85312K), 0.0002020 secs]
674.528: [GC (Allocation Failure) 42637K->435K(83840K), 0.0002120 secs]
674.546: [GC (Allocation Failure) 41172K->435K(82432K), 0.0002040 secs]
674.567: [GC (Allocation Failure) 39707K->435K(81088K), 0.0002070 secs]
674.590: [GC (Allocation Failure) 38437K->435K(79808K), 0.0002070 secs]
674.606: [GC (Allocation Failure) 37168K->435K(78592K), 0.0002150 secs]
674.666: [GC (Allocation Failure) 35898K->435K(77376K), 0.0002250 secs]
674.775: [GC (Allocation Failure) 34726K->435K(76224K), 0.0002040 secs]
674.829: [GC (Allocation Failure) 33554K->435K(75136K), 0.0002210 secs]
674.843: [GC (Allocation Failure) 32479K->435K(74112K), 0.0002030 secs]
674.857: [GC (Allocation Failure) 31405K->435K(73152K), 0.0002020 secs]
674.877: [GC (Allocation Failure) 30428K->435K(72192K), 0.0002230 secs]
674.890: [GC (Allocation Failure) 29549K->435K(71296K), 0.0002020 secs]
674.923: [GC (Allocation Failure) 28572K->435K(70400K), 0.0002100 secs]
674.935: [GC (Allocation Failure) 27693K->435K(75904K), 0.0002020 secs]
674.953: [GC (Allocation Failure) 33261K->435K(82496K), 0.0002160 secs]
674.987: [GC (Allocation Failure) 39805K->435K(81152K), 0.0002130 secs]
675.004: [GC (Allocation Failure) 38437K->435K(79872K), 0.0002050 secs]
675.023: [GC (Allocation Failure) 37168K->435K(78656K), 0.0002110 secs]
675.080: [GC (Allocation Failure) 35996K->435K(77440K), 0.0002080 secs]
675.099: [GC (Allocation Failure) 34726K->435K(76288K), 0.0002130 secs]
675.125: [GC (Allocation Failure) 33554K->435K(75200K), 0.0002250 secs]
675.143: [GC (Allocation Failure) 32479K->435K(74176K), 0.0002090 secs]
675.174: [GC (Allocation Failure) 31503K->435K(73152K), 0.0002030 secs]
675.324: [GC (Allocation Failure) 30428K->435K(72192K), 0.0002080 secs]
675.378: [GC (Allocation Failure) 29549K->435K(71296K), 0.0002220 secs]
675.390: [GC (Allocation Failure) 28572K->435K(70400K), 0.0002260 secs]
675.402: [GC (Allocation Failure) 27693K->435K(69568K), 0.0002110 secs]
675.422: [GC (Allocation Failure) 26912K->435K(68800K), 0.0002030 secs]
675.476: [GC (Allocation Failure) 26131K->435K(68032K), 0.0002220 secs]
675.491: [GC (Allocation Failure) 25349K->435K(67328K), 0.0002010 secs]
675.502: [GC (Allocation Failure) 24662K->435K(72192K), 0.0002190 secs]
675.547: [GC (Allocation Failure) 29549K->435K(71296K), 0.0002400 secs]
675.560: [GC (Allocation Failure) 28572K->435K(76992K), 0.0002680 secs]
675.626: [GC (Allocation Failure) 34335K->435K(75904K), 0.0002140 secs]
675.644: [GC (Allocation Failure) 33261K->435K(74816K), 0.0002000 secs]
675.668: [GC (Allocation Failure) 32089K->435K(73792K), 0.0002050 secs]
675.682: [GC (Allocation Failure) 31112K->435K(79936K), 0.0002270 secs]
675.698: [GC (Allocation Failure) 37265K->435K(87360K), 0.0002120 secs]
675.717: [GC (Allocation Failure) 44688K->435K(96256K), 0.0002030 secs]
675.744: [GC (Allocation Failure) 53580K->435K(94272K), 0.0002030 secs]
675.766: [GC (Allocation Failure) 51627K->435K(92352K), 0.0002010 secs]
675.796: [GC (Allocation Failure) 49670K->435K(90496K), 0.0002250 secs]
675.821: [GC (Allocation Failure) 47814K->435K(88768K), 0.0002050 secs]
675.845: [GC (Allocation Failure) 46056K->435K(87104K), 0.0002130 secs]
675.864: [GC (Allocation Failure) 44395K->435K(85504K), 0.0002030 secs]
675.930: [GC (Allocation Failure) 42833K->435K(83968K), 0.0002020 secs]
675.977: [GC (Allocation Failure) 41270K->435K(82560K), 0.0002280 secs]
675.998: [GC (Allocation Failure) 39902K->435K(81216K), 0.0002120 secs]
676.014: [GC (Allocation Failure) 38535K->435K(79936K), 0.0002020 secs]
676.082: [GC (Allocation Failure) 37265K->435K(78656K), 0.0002210 secs]
676.097: [GC (Allocation Failure) 35996K->435K(77440K), 0.0002740 secs]
676.169: [GC (Allocation Failure) 34726K->435K(76288K), 0.0002210 secs]
676.189: [GC (Allocation Failure) 33554K->435K(75200K), 0.0002340 secs]
676.203: [GC (Allocation Failure) 32479K->435K(74176K), 0.0002040 secs]
676.276: [GC (Allocation Failure) 31503K->435K(73152K), 0.0002250 secs]
676.289: [GC (Allocation Failure) 30428K->435K(72192K), 0.0002040 secs]
676.329: [GC (Allocation Failure) 29549K->435K(71296K), 0.0002130 secs]
676.342: [GC (Allocation Failure) 28572K->435K(70400K), 0.0002500 secs]
676.354: [GC (Allocation Failure) 27693K->435K(75904K), 0.0002280 secs]
676.381: [GC (Allocation Failure) 33261K->435K(82496K), 0.0002090 secs]
676.403: [GC (Allocation Failure) 39805K->435K(81152K), 0.0002010 secs]
676.424: [GC (Allocation Failure) 38437K->435K(79872K), 0.0002130 secs]
676.479: [GC (Allocation Failure) 37168K->435K(78656K), 0.0002240 secs]
676.498: [GC (Allocation Failure) 35996K->435K(77440K), 0.0002130 secs]
676.517: [GC (Allocation Failure) 34726K->435K(76288K), 0.0002170 secs]
676.573: [GC (Allocation Failure) 33554K->435K(75200K), 0.0002110 secs]
676.591: [GC (Allocation Failure) 32479K->435K(74176K), 0.0002000 secs]
676.605: [GC (Allocation Failure) 31503K->435K(73152K), 0.0002260 secs]
676.618: [GC (Allocation Failure) 30428K->435K(79168K), 0.0002010 secs]
676.674: [GC (Allocation Failure) 36484K->435K(77952K), 0.0002250 secs]
676.694: [GC (Allocation Failure) 35312K->435K(76800K), 0.0002140 secs]
676.778: [GC (Allocation Failure) 34140K->435K(75712K), 0.0002130 secs]
676.796: [GC (Allocation Failure) 33065K->435K(74624K), 0.0001990 secs]
676.810: [GC (Allocation Failure) 31893K->435K(73600K), 0.0002270 secs]
676.827: [GC (Allocation Failure) 30917K->435K(72640K), 0.0002090 secs]
676.876: [GC (Allocation Failure) 29940K->435K(71744K), 0.0002040 secs]
676.930: [GC (Allocation Failure) 29061K->435K(70848K), 0.0002120 secs]
676.942: [GC (Allocation Failure) 28182K->435K(70016K), 0.0002160 secs]
676.970: [GC (Allocation Failure) 27303K->435K(69184K), 0.0002110 secs]
676.988: [GC (Allocation Failure) 26521K->435K(68416K), 0.0002150 secs]
677.003: [GC (Allocation Failure) 25740K->435K(67648K), 0.0002200 secs]
677.018: [GC (Allocation Failure) 24955K->435K(72576K), 0.0002540 secs]
677.077: [GC (Allocation Failure) 29842K->435K(71680K), 0.0002150 secs]
677.093: [GC (Allocation Failure) 28963K->435K(70784K), 0.0002040 secs]
677.109: [GC (Allocation Failure) 28084K->435K(76352K), 0.0002260 secs]
677.165: [GC (Allocation Failure) 33651K->435K(75264K), 0.0002680 secs]
677.228: [GC (Allocation Failure) 32577K->435K(74240K), 0.0002140 secs]
677.241: [GC (Allocation Failure) 31600K->435K(73216K), 0.0002140 secs]
677.258: [GC (Allocation Failure) 30526K->435K(72256K), 0.0002120 secs]
677.271: [GC (Allocation Failure) 29549K->435K(78144K), 0.0002030 secs]
677.290: [GC (Allocation Failure) 35409K->435K(85184K), 0.0002140 secs]
677.382: [GC (Allocation Failure) 42540K->435K(83712K), 0.0002100 secs]
677.403: [GC (Allocation Failure) 41074K->435K(82304K), 0.0002730 secs]
677.425: [GC (Allocation Failure) 39609K->435K(80960K), 0.0002160 secs]
677.445: [GC (Allocation Failure) 38242K->435K(79680K), 0.0002050 secs]
677.480: [GC (Allocation Failure) 36972K->435K(78464K), 0.0002140 secs]
677.499: [GC (Allocation Failure) 35800K->435K(77312K), 0.0002030 secs]
677.533: [GC (Allocation Failure) 34628K->435K(76160K), 0.0002080 secs]
677.547: [GC (Allocation Failure) 33456K->435K(75072K), 0.0002720 secs]
677.572: [GC (Allocation Failure) 32382K->435K(74048K), 0.0002030 secs]
677.628: [GC (Allocation Failure) 31405K->435K(73088K), 0.0002140 secs]
677.641: [GC (Allocation Failure) 30428K->435K(72128K), 0.0002040 secs]
677.654: [GC (Allocation Failure) 29451K->435K(77952K), 0.0002040 secs]
677.729: [GC (Allocation Failure) 35312K->435K(76800K), 0.0002020 secs]
677.777: [GC (Allocation Failure) 34140K->435K(75712K), 0.0002360 secs]
677.792: [GC (Allocation Failure) 33065K->435K(74624K), 0.0002610 secs]
677.932: [GC (Allocation Failure) 31893K->435K(73600K), 0.0002220 secs]
677.946: [GC (Allocation Failure) 30917K->435K(72640K), 0.0002160 secs]
677.963: [GC (Allocation Failure) 29940K->435K(71744K), 0.0002110 secs]
677.979: [GC (Allocation Failure) 29061K->435K(70848K), 0.0002090 secs]
678.027: [GC (Allocation Failure) 28182K->435K(70016K), 0.0002130 secs]
678.039: [GC (Allocation Failure) 27303K->435K(69184K), 0.0001990 secs]
678.076: [GC (Allocation Failure) 26521K->435K(68416K), 0.0002000 secs]
678.177: [GC (Allocation Failure) 25740K->435K(67648K), 0.0002510 secs]
678.193: [GC (Allocation Failure) 24955K->435K(66944K), 0.0002150 secs]
678.204: [GC (Allocation Failure) 24271K->435K(71744K), 0.0002160 secs]
678.216: [GC (Allocation Failure) 29061K->435K(77504K), 0.0002020 secs]
678.280: [GC (Allocation Failure) 34823K->435K(76352K), 0.0002250 secs]
678.299: [GC (Allocation Failure) 33651K->435K(75264K), 0.0002010 secs]
678.315: [GC (Allocation Failure) 32577K->435K(74240K), 0.0002100 secs]
678.353: [GC (Allocation Failure) 31600K->435K(73216K), 0.0002310 secs]
678.370: [GC (Allocation Failure) 30526K->435K(72256K), 0.0002000 secs]
678.383: [GC (Allocation Failure) 29549K->435K(71360K), 0.0002010 secs]
678.396: [GC (Allocation Failure) 28670K->435K(77056K), 0.0002130 secs]
678.411: [GC (Allocation Failure) 34335K->435K(83904K), 0.0002020 secs]
678.429: [GC (Allocation Failure) 41172K->435K(92096K), 0.0002710 secs]
678.541: [GC (Allocation Failure) 49377K->435K(90304K), 0.0002230 secs]
678.565: [GC (Allocation Failure) 47618K->435K(88576K), 0.0002130 secs]
678.589: [GC (Allocation Failure) 45860K->435K(86912K), 0.0002130 secs]
678.608: [GC (Allocation Failure) 44200K->435K(85312K), 0.0002050 secs]
678.638: [GC (Allocation Failure) 42637K->435K(83840K), 0.0002190 secs]
678.659: [GC (Allocation Failure) 41172K->435K(82432K), 0.0002020 secs]
678.693: [GC (Allocation Failure) 39707K->435K(81088K), 0.0002150 secs]
678.783: [GC (Allocation Failure) 38437K->435K(79808K), 0.0002220 secs]
678.803: [GC (Allocation Failure) 37168K->435K(78592K), 0.0002040 secs]
678.822: [GC (Allocation Failure) 35898K->435K(77376K), 0.0002830 secs]
678.841: [GC (Allocation Failure) 34726K->435K(76224K), 0.0002120 secs]
678.860: [GC (Allocation Failure) 33554K->435K(75136K), 0.0002010 secs]
678.874: [GC (Allocation Failure) 32479K->435K(81600K), 0.0003160 secs]
678.907: [GC (Allocation Failure) 38926K->435K(89344K), 0.0002230 secs]
678.931: [GC (Allocation Failure) 46642K->435K(87680K), 0.0002100 secs]
678.989: [GC (Allocation Failure) 44981K->435K(86080K), 0.0002040 secs]
679.008: [GC (Allocation Failure) 43419K->435K(84544K), 0.0002140 secs]
679.030: [GC (Allocation Failure) 41856K->435K(83072K), 0.0002130 secs]
679.084: [GC (Allocation Failure) 40391K->435K(81664K), 0.0002130 secs]
679.137: [GC (Allocation Failure) 39023K->435K(80320K), 0.0002220 secs]
679.158: [GC (Allocation Failure) 37656K->435K(79040K), 0.0002140 secs]
679.174: [GC (Allocation Failure) 36386K->435K(77824K), 0.0002160 secs]
679.189: [GC (Allocation Failure) 35116K->435K(76672K), 0.0002030 secs]
679.235: [GC (Allocation Failure) 33944K->435K(75584K), 0.0002100 secs]
679.249: [GC (Allocation Failure) 32870K->435K(82112K), 0.0002750 secs]
679.284: [GC (Allocation Failure) 39414K->435K(80768K), 0.0002230 secs]
679.301: [GC (Allocation Failure) 38047K->435K(79488K), 0.0002020 secs]
679.320: [GC (Allocation Failure) 36777K->435K(78272K), 0.0002200 secs]
679.343: [GC (Allocation Failure) 35605K->435K(77120K), 0.0002140 secs]
679.358: [GC (Allocation Failure) 34433K->435K(75968K), 0.0002000 secs]
679.376: [GC (Allocation Failure) 33261K->435K(82560K), 0.0003730 secs]
679.394: [GC (Allocation Failure) 39902K->435K(90496K), 0.0002260 secs]
679.487: [GC (Allocation Failure) 47814K->435K(88768K), 0.0002040 secs]
679.541: [GC (Allocation Failure) 46056K->435K(87104K), 0.0002110 secs]
679.560: [GC (Allocation Failure) 44395K->435K(85504K), 0.0002750 secs]
679.586: [GC (Allocation Failure) 42833K->435K(83968K), 0.0002170 secs]
679.685: [GC (Allocation Failure) 41270K->435K(82560K), 0.0002150 secs]
679.735: [GC (Allocation Failure) 39902K->435K(81216K), 0.0002010 secs]
679.787: [GC (Allocation Failure) 38535K->435K(79936K), 0.0002190 secs]
679.807: [GC (Allocation Failure) 37265K->435K(78656K), 0.0002090 secs]
679.823: [GC (Allocation Failure) 35996K->435K(77440K), 0.0002130 secs]
679.838: [GC (Allocation Failure) 34726K->435K(76288K), 0.0002030 secs]
679.892: [GC (Allocation Failure) 33554K->435K(75200K), 0.0002070 secs]
679.972: [GC (Allocation Failure) 32479K->435K(74176K), 0.0002140 secs]
680.035: [GC (Allocation Failure) 31503K->435K(73152K), 0.0002130 secs]
680.053: [GC (Allocation Failure) 30428K->435K(72192K), 0.0002040 secs]
680.080: [GC (Allocation Failure) 29549K->435K(71296K), 0.0002240 secs]
680.097: [GC (Allocation Failure) 28572K->435K(70400K), 0.0002110 secs]
680.113: [GC (Allocation Failure) 27693K->435K(69568K), 0.0002100 secs]
680.162: [GC (Allocation Failure) 26912K->435K(68800K), 0.0002050 secs]
680.184: [GC (Allocation Failure) 26131K->435K(68032K), 0.0002110 secs]
680.199: [GC (Allocation Failure) 25349K->435K(67328K), 0.0002290 secs]
680.283: [GC (Allocation Failure) 24662K->435K(66624K), 0.0002200 secs]
680.297: [GC (Allocation Failure) 23978K->435K(65984K), 0.0002280 secs]
680.308: [GC (Allocation Failure) 23294K->435K(70592K), 0.0002680 secs]
680.362: [GC (Allocation Failure) 27889K->435K(69760K), 0.0002050 secs]
680.378: [GC (Allocation Failure) 27107K->435K(68992K), 0.0002010 secs]
680.393: [GC (Allocation Failure) 26326K->435K(74176K), 0.0002120 secs]
680.418: [GC (Allocation Failure) 31503K->435K(73152K), 0.0001970 secs]
680.435: [GC (Allocation Failure) 30428K->435K(72192K), 0.0002050 secs]
680.448: [GC (Allocation Failure) 29549K->435K(78016K), 0.0002050 secs]
680.463: [GC (Allocation Failure) 35312K->435K(85056K), 0.0002110 secs]
680.482: [GC (Allocation Failure) 42344K->435K(93504K), 0.0002040 secs]
680.540: [GC (Allocation Failure) 50846K->435K(91648K), 0.0002240 secs]
680.561: [GC (Allocation Failure) 48986K->435K(89856K), 0.0002130 secs]
680.586: [GC (Allocation Failure) 47130K->435K(88128K), 0.0002200 secs]
680.610: [GC (Allocation Failure) 45470K->435K(86528K), 0.0002210 secs]
680.641: [GC (Allocation Failure) 43809K->435K(84992K), 0.0002840 secs]
680.663: [GC (Allocation Failure) 42344K->435K(83520K), 0.0002030 secs]
680.681: [GC (Allocation Failure) 40879K->435K(82112K), 0.0002140 secs]
680.780: [GC (Allocation Failure) 39414K->435K(80768K), 0.0002360 secs]
680.808: [GC (Allocation Failure) 38047K->435K(79488K), 0.0002010 secs]
680.824: [GC (Allocation Failure) 36777K->435K(78272K), 0.0002020 secs]
680.888: [GC (Allocation Failure) 35605K->435K(77120K), 0.0002130 secs]
680.903: [GC (Allocation Failure) 34433K->435K(75968K), 0.0002020 secs]
680.937: [GC (Allocation Failure) 33261K->435K(74880K), 0.0002110 secs]
680.955: [GC (Allocation Failure) 32186K->435K(73856K), 0.0002110 secs]
680.973: [GC (Allocation Failure) 31210K->435K(72896K), 0.0002130 secs]
680.992: [GC (Allocation Failure) 30233K->435K(71936K), 0.0002150 secs]
681.008: [GC (Allocation Failure) 29256K->435K(71040K), 0.0002210 secs]
681.131: [GC (Allocation Failure) 28377K->435K(70208K), 0.0002140 secs]
681.143: [GC (Allocation Failure) 27498K->435K(69376K), 0.0002140 secs]
681.234: [GC (Allocation Failure) 26717K->435K(68608K), 0.0002220 secs]
681.250: [GC (Allocation Failure) 25935K->435K(67840K), 0.0002280 secs]
681.265: [GC (Allocation Failure) 25150K->435K(67136K), 0.0002120 secs]
681.369: [GC (Allocation Failure) 24466K->435K(66432K), 0.0002680 secs]
681.429: [GC (Allocation Failure) 23783K->435K(65792K), 0.0002150 secs]
681.479: [GC (Allocation Failure) 23099K->435K(65152K), 0.0002000 secs]
681.533: [GC (Allocation Failure) 22513K->435K(64576K), 0.0002140 secs]
681.543: [GC (Allocation Failure) 21927K->435K(64000K), 0.0002260 secs]
681.556: [GC (Allocation Failure) 21341K->435K(68224K), 0.0002090 secs]
681.585: [GC (Allocation Failure) 25545K->435K(67520K), 0.0002030 secs]
681.595: [GC (Allocation Failure) 24857K->435K(72448K), 0.0002030 secs]
681.667: [GC (Allocation Failure) 29745K->435K(71552K), 0.0002200 secs]
681.684: [GC (Allocation Failure) 28865K->435K(77248K), 0.0002700 secs]
681.703: [GC (Allocation Failure) 34530K->435K(84096K), 0.0002110 secs]
681.742: [GC (Allocation Failure) 41367K->435K(82624K), 0.0002010 secs]
681.759: [GC (Allocation Failure) 39902K->435K(81280K), 0.0002020 secs]
681.799: [GC (Allocation Failure) 38633K->435K(80000K), 0.0002080 secs]
681.836: [GC (Allocation Failure) 37363K->435K(78720K), 0.0002160 secs]
681.851: [GC (Allocation Failure) 35996K->435K(77504K), 0.0002050 secs]
681.889: [GC (Allocation Failure) 34823K->435K(76352K), 0.0002190 secs]
681.904: [GC (Allocation Failure) 33651K->435K(75264K), 0.0002740 secs]
681.977: [GC (Allocation Failure) 32577K->435K(74240K), 0.0002750 secs]
681.995: [GC (Allocation Failure) 31600K->435K(73216K), 0.0002060 secs]
682.008: [GC (Allocation Failure) 30526K->435K(72256K), 0.0002140 secs]
682.037: [GC (Allocation Failure) 29549K->435K(71360K), 0.0002230 secs]
682.054: [GC (Allocation Failure) 28670K->435K(70464K), 0.0002360 secs]
682.082: [GC (Allocation Failure) 27791K->435K(69632K), 0.0002020 secs]
682.136: [GC (Allocation Failure) 26912K->435K(68864K), 0.0002120 secs]
682.151: [GC (Allocation Failure) 26131K->435K(68096K), 0.0002150 secs]
682.162: [GC (Allocation Failure) 25447K->435K(73152K), 0.0002170 secs]
682.175: [GC (Allocation Failure) 30428K->435K(79168K), 0.0002010 secs]
682.199: [GC (Allocation Failure) 36484K->435K(86400K), 0.0002030 secs]
682.221: [GC (Allocation Failure) 43712K->435K(84864K), 0.0002140 secs]
682.243: [GC (Allocation Failure) 42149K->435K(83392K), 0.0002050 secs]
682.261: [GC (Allocation Failure) 40684K->435K(81984K), 0.0002140 secs]
682.280: [GC (Allocation Failure) 39316K->435K(80640K), 0.0002120 secs]
682.297: [GC (Allocation Failure) 37949K->435K(79360K), 0.0002030 secs]
682.313: [GC (Allocation Failure) 36679K->435K(86656K), 0.0002030 secs]
682.357: [GC (Allocation Failure) 44005K->435K(85120K), 0.0002730 secs]
682.377: [GC (Allocation Failure) 42442K->435K(83648K), 0.0002050 secs]
682.422: [GC (Allocation Failure) 40977K->435K(82240K), 0.0002100 secs]
682.579: [GC (Allocation Failure) 39512K->435K(80896K), 0.0002400 secs]
682.601: [GC (Allocation Failure) 38242K->435K(79616K), 0.0002300 secs]
682.617: [GC (Allocation Failure) 36972K->435K(78400K), 0.0002140 secs]
682.672: [GC (Allocation Failure) 35702K->435K(77248K), 0.0002130 secs]
682.690: [GC (Allocation Failure) 34530K->435K(76096K), 0.0002270 secs]
682.736: [GC (Allocation Failure) 33456K->435K(75008K), 0.0002770 secs]
682.885: [GC (Allocation Failure) 32284K->435K(73984K), 0.0002240 secs]
682.902: [GC (Allocation Failure) 31307K->435K(73024K), 0.0002100 secs]
682.915: [GC (Allocation Failure) 30331K->435K(72064K), 0.0002150 secs]
682.932: [GC (Allocation Failure) 29354K->435K(71168K), 0.0002210 secs]
682.989: [GC (Allocation Failure) 28475K->435K(70336K), 0.0002230 secs]
683.003: [GC (Allocation Failure) 27693K->435K(69504K), 0.0002160 secs]
683.037: [GC (Allocation Failure) 26814K->435K(68736K), 0.0002080 secs]
683.049: [GC (Allocation Failure) 26033K->435K(73920K), 0.0002290 secs]
683.062: [GC (Allocation Failure) 31210K->435K(80128K), 0.0002360 secs]
683.078: [GC (Allocation Failure) 37461K->435K(87552K), 0.0002110 secs]
683.169: [GC (Allocation Failure) 44884K->435K(85952K), 0.0002050 secs]
683.245: [GC (Allocation Failure) 43223K->435K(84416K), 0.0002110 secs]
683.266: [GC (Allocation Failure) 41758K->435K(82944K), 0.0002370 secs]
683.289: [GC (Allocation Failure) 40293K->435K(81536K), 0.0002720 secs]
683.338: [GC (Allocation Failure) 38828K->435K(80192K), 0.0002020 secs]
683.406: [GC (Allocation Failure) 37461K->435K(78912K), 0.0002200 secs]
683.422: [GC (Allocation Failure) 36191K->435K(77696K), 0.0002170 secs]
683.441: [GC (Allocation Failure) 35019K->435K(76544K), 0.0002710 secs]
683.456: [GC (Allocation Failure) 33847K->435K(75456K), 0.0002260 secs]
683.470: [GC (Allocation Failure) 32772K->435K(81984K), 0.0002050 secs]
683.491: [GC (Allocation Failure) 39316K->435K(89792K), 0.0002120 secs]
683.511: [GC (Allocation Failure) 47130K->435K(99136K), 0.0002740 secs]
683.547: [GC (Allocation Failure) 56413K->435K(96960K), 0.0002130 secs]
683.570: [GC (Allocation Failure) 54264K->435K(94912K), 0.0002030 secs]
683.596: [GC (Allocation Failure) 52213K->435K(92992K), 0.0002140 secs]
683.618: [GC (Allocation Failure) 50260K->435K(91136K), 0.0002110 secs]
683.644: [GC (Allocation Failure) 48498K->435K(89344K), 0.0002070 secs]
683.663: [GC (Allocation Failure) 46642K->435K(87680K), 0.0001990 secs]
683.746: [GC (Allocation Failure) 44981K->435K(86080K), 0.0002090 secs]
683.765: [GC (Allocation Failure) 43419K->435K(84544K), 0.0002120 secs]
683.787: [GC (Allocation Failure) 41856K->435K(83072K), 0.0002080 secs]
683.844: [GC (Allocation Failure) 40391K->435K(81664K), 0.0002010 secs]
683.865: [GC (Allocation Failure) 39023K->435K(80320K), 0.0002020 secs]
683.885: [GC (Allocation Failure) 37656K->435K(79040K), 0.0003340 secs]
683.901: [GC (Allocation Failure) 36386K->435K(77824K), 0.0002160 secs]
683.917: [GC (Allocation Failure) 35116K->435K(76672K), 0.0002030 secs]
683.931: [GC (Allocation Failure) 33944K->435K(83392K), 0.0002010 secs]
683.953: [GC (Allocation Failure) 40684K->435K(81984K), 0.0001990 secs]
683.969: [GC (Allocation Failure) 39316K->435K(80640K), 0.0002030 secs]
683.990: [GC (Allocation Failure) 37949K->435K(79360K), 0.0002010 secs]
684.009: [GC (Allocation Failure) 36679K->435K(78144K), 0.0002090 secs]
684.039: [GC (Allocation Failure) 35409K->435K(76992K), 0.0002200 secs]
684.053: [GC (Allocation Failure) 34335K->435K(75904K), 0.0002120 secs]
684.141: [GC (Allocation Failure) 33261K->435K(74816K), 0.0002140 secs]
684.155: [GC (Allocation Failure) 32089K->435K(73792K), 0.0002040 secs]
684.173: [GC (Allocation Failure) 31112K->435K(79936K), 0.0002690 secs]
684.194: [GC (Allocation Failure) 37265K->435K(78656K), 0.0002270 secs]
684.339: [GC (Allocation Failure) 35996K->435K(77440K), 0.0002410 secs]
684.354: [GC (Allocation Failure) 34726K->435K(76288K), 0.0002130 secs]
684.368: [GC (Allocation Failure) 33554K->435K(75200K), 0.0002020 secs]
684.391: [GC (Allocation Failure) 32479K->435K(74176K), 0.0002150 secs]
684.405: [GC (Allocation Failure) 31503K->435K(80448K), 0.0003340 secs]
684.435: [GC (Allocation Failure) 37754K->435K(87936K), 0.0002180 secs]
684.497: [GC (Allocation Failure) 45274K->435K(86336K), 0.0002120 secs]
684.516: [GC (Allocation Failure) 43614K->435K(84800K), 0.0002150 secs]
684.611: [GC (Allocation Failure) 42149K->435K(83328K), 0.0002290 secs]
684.629: [GC (Allocation Failure) 40684K->435K(81920K), 0.0002730 secs]
684.667: [GC (Allocation Failure) 39219K->435K(80576K), 0.0002040 secs]
684.683: [GC (Allocation Failure) 37851K->435K(79296K), 0.0002020 secs]
684.703: [GC (Allocation Failure) 36582K->435K(78080K), 0.0002210 secs]
684.739: [GC (Allocation Failure) 35409K->435K(76928K), 0.0002240 secs]
684.758: [GC (Allocation Failure) 34237K->435K(75840K), 0.0002020 secs]
684.774: [GC (Allocation Failure) 33163K->435K(74752K), 0.0002020 secs]
684.892: [GC (Allocation Failure) 32089K->435K(73728K), 0.0002080 secs]
684.909: [GC (Allocation Failure) 31014K->435K(72768K), 0.0002280 secs]
684.925: [GC (Allocation Failure) 30038K->435K(71808K), 0.0002020 secs]
684.937: [GC (Allocation Failure) 29158K->435K(77568K), 0.0002130 secs]
684.952: [GC (Allocation Failure) 34921K->435K(84480K), 0.0002030 secs]
684.970: [GC (Allocation Failure) 41758K->435K(92800K), 0.0002030 secs]
684.992: [GC (Allocation Failure) 50162K->435K(90944K), 0.0002130 secs]
685.049: [GC (Allocation Failure) 48302K->435K(89216K), 0.0002110 secs]
685.070: [GC (Allocation Failure) 46544K->435K(87552K), 0.0002150 secs]
685.098: [GC (Allocation Failure) 44884K->435K(85952K), 0.0002120 secs]
685.117: [GC (Allocation Failure) 43223K->435K(84416K), 0.0002030 secs]
685.135: [GC (Allocation Failure) 41758K->435K(82944K), 0.0002130 secs]
685.156: [GC (Allocation Failure) 40293K->435K(81536K), 0.0002020 secs]
685.175: [GC (Allocation Failure) 38828K->435K(80192K), 0.0002050 secs]
685.195: [GC (Allocation Failure) 37461K->435K(78912K), 0.0002100 secs]
685.245: [GC (Allocation Failure) 36191K->435K(77696K), 0.0002080 secs]
685.260: [GC (Allocation Failure) 35019K->435K(76544K), 0.0002150 secs]
685.293: [GC (Allocation Failure) 33847K->435K(75456K), 0.0002110 secs]
685.312: [GC (Allocation Failure) 32772K->435K(74432K), 0.0002080 secs]
685.326: [GC (Allocation Failure) 31698K->435K(73408K), 0.0002120 secs]
685.398: [GC (Allocation Failure) 30721K->435K(72448K), 0.0002240 secs]
685.488: [GC (Allocation Failure) 29745K->435K(71552K), 0.0002060 secs]
685.539: [GC (Allocation Failure) 28865K->435K(70656K), 0.0002740 secs]
685.554: [GC (Allocation Failure) 27986K->435K(69824K), 0.0002110 secs]
685.574: [GC (Allocation Failure) 27107K->435K(68992K), 0.0002860 secs]
685.586: [GC (Allocation Failure) 26326K->435K(74176K), 0.0002180 secs]
685.604: [GC (Allocation Failure) 31503K->435K(80448K), 0.0002160 secs]
685.621: [GC (Allocation Failure) 37754K->435K(87936K), 0.0002150 secs]
685.640: [GC (Allocation Failure) 45274K->435K(96960K), 0.0002030 secs]
685.787: [GC (Allocation Failure) 54264K->435K(94912K), 0.0001970 secs]
685.852: [GC (Allocation Failure) 52213K->435K(92992K), 0.0002130 secs]
685.874: [GC (Allocation Failure) 50260K->435K(91136K), 0.0002140 secs]
685.899: [GC (Allocation Failure) 48498K->435K(89344K), 0.0002090 secs]
685.946: [GC (Allocation Failure) 46642K->435K(87680K), 0.0002740 secs]
685.982: [GC (Allocation Failure) 44981K->435K(86080K), 0.0002120 secs]
686.001: [GC (Allocation Failure) 43419K->435K(84544K), 0.0002040 secs]
686.038: [GC (Allocation Failure) 41856K->435K(83072K), 0.0002130 secs]
686.055: [GC (Allocation Failure) 40391K->435K(81664K), 0.0002010 secs]
686.072: [GC (Allocation Failure) 39023K->435K(80320K), 0.0002030 secs]
686.142: [GC (Allocation Failure) 37656K->435K(79040K), 0.0002120 secs]
686.162: [GC (Allocation Failure) 36386K->435K(77824K), 0.0002060 secs]
686.191: [GC (Allocation Failure) 35116K->435K(76672K), 0.0002140 secs]
686.241: [GC (Allocation Failure) 33944K->435K(75584K), 0.0002120 secs]
686.255: [GC (Allocation Failure) 32870K->435K(74560K), 0.0002130 secs]
686.273: [GC (Allocation Failure) 31893K->435K(73536K), 0.0002100 secs]
686.294: [GC (Allocation Failure) 30819K->435K(72576K), 0.0002280 secs]
686.311: [GC (Allocation Failure) 29842K->435K(71680K), 0.0002140 secs]
686.324: [GC (Allocation Failure) 28963K->435K(77440K), 0.0002170 secs]
686.357: [GC (Allocation Failure) 34726K->435K(76288K), 0.0002260 secs]
686.373: [GC (Allocation Failure) 33554K->435K(82944K), 0.0002810 secs]
686.391: [GC (Allocation Failure) 40293K->435K(90944K), 0.0002010 secs]
686.427: [GC (Allocation Failure) 48302K->435K(89216K), 0.0002090 secs]
686.447: [GC (Allocation Failure) 46544K->435K(87552K), 0.0002030 secs]
686.500: [GC (Allocation Failure) 44884K->435K(85952K), 0.0002120 secs]
686.519: [GC (Allocation Failure) 43223K->435K(84416K), 0.0002000 secs]
686.537: [GC (Allocation Failure) 41758K->435K(82944K), 0.0002010 secs]
686.558: [GC (Allocation Failure) 40293K->435K(81536K), 0.0002910 secs]
686.577: [GC (Allocation Failure) 38828K->435K(80192K), 0.0002100 secs]
686.598: [GC (Allocation Failure) 37461K->435K(78912K), 0.0002240 secs]
686.642: [GC (Allocation Failure) 36191K->435K(77696K), 0.0002130 secs]
686.657: [GC (Allocation Failure) 35019K->435K(76544K), 0.0002060 secs]
686.702: [GC (Allocation Failure) 33847K->435K(75456K), 0.0002150 secs]
686.745: [GC (Allocation Failure) 32772K->435K(74432K), 0.0002220 secs]
686.759: [GC (Allocation Failure) 31698K->435K(73408K), 0.0002020 secs]
686.776: [GC (Allocation Failure) 30721K->435K(72448K), 0.0002210 secs]
686.940: [GC (Allocation Failure) 29745K->435K(71552K), 0.0002040 secs]
686.990: [GC (Allocation Failure) 28865K->435K(70656K), 0.0002040 secs]
687.039: [GC (Allocation Failure) 27986K->435K(69824K), 0.0002140 secs]
687.055: [GC (Allocation Failure) 27107K->435K(68992K), 0.0002120 secs]
687.070: [GC (Allocation Failure) 26326K->435K(68224K), 0.0002310 secs]
687.102: [GC (Allocation Failure) 25545K->435K(67520K), 0.0002150 secs]
687.113: [GC (Allocation Failure) 24857K->435K(72448K), 0.0002280 secs]
687.128: [GC (Allocation Failure) 29745K->435K(78336K), 0.0002130 secs]
687.143: [GC (Allocation Failure) 35605K->435K(85440K), 0.0002020 secs]
687.161: [GC (Allocation Failure) 42735K->435K(93952K), 0.0002130 secs]
687.187: [GC (Allocation Failure) 51236K->435K(92032K), 0.0002120 secs]
687.213: [GC (Allocation Failure) 49377K->435K(90240K), 0.0002130 secs]
687.234: [GC (Allocation Failure) 47521K->435K(88512K), 0.0002010 secs]
687.297: [GC (Allocation Failure) 45860K->435K(86848K), 0.0002010 secs]
687.351: [GC (Allocation Failure) 44200K->435K(85312K), 0.0002220 secs]
687.369: [GC (Allocation Failure) 42637K->435K(83840K), 0.0002170 secs]
687.396: [GC (Allocation Failure) 41172K->435K(82432K), 0.0002040 secs]
687.549: [GC (Allocation Failure) 39707K->435K(81088K), 0.0002230 secs]
687.570: [GC (Allocation Failure) 38437K->435K(79808K), 0.0002110 secs]
687.586: [GC (Allocation Failure) 37168K->435K(78592K), 0.0002160 secs]
687.601: [GC (Allocation Failure) 35898K->435K(77376K), 0.0002010 secs]
687.647: [GC (Allocation Failure) 34726K->435K(76224K), 0.0002110 secs]
687.665: [GC (Allocation Failure) 33554K->435K(75136K), 0.0002000 secs]
687.696: [GC (Allocation Failure) 32479K->435K(74112K), 0.0002010 secs]
687.713: [GC (Allocation Failure) 31405K->435K(73152K), 0.0002000 secs]
687.728: [GC (Allocation Failure) 30428K->435K(72192K), 0.0002070 secs]
687.758: [GC (Allocation Failure) 29549K->435K(71296K), 0.0002220 secs]
687.774: [GC (Allocation Failure) 28572K->435K(70400K), 0.0002140 secs]
687.788: [GC (Allocation Failure) 27693K->435K(75904K), 0.0002330 secs]
687.804: [GC (Allocation Failure) 33261K->435K(82496K), 0.0002060 secs]
687.822: [GC (Allocation Failure) 39805K->435K(90432K), 0.0002070 secs]
687.899: [GC (Allocation Failure) 47716K->435K(88704K), 0.0002150 secs]
687.919: [GC (Allocation Failure) 46056K->435K(87040K), 0.0002030 secs]
687.951: [GC (Allocation Failure) 44395K->435K(85440K), 0.0002220 secs]
687.974: [GC (Allocation Failure) 42735K->435K(83968K), 0.0002350 secs]
687.992: [GC (Allocation Failure) 41270K->435K(82560K), 0.0002140 secs]
688.014: [GC (Allocation Failure) 39902K->435K(81216K), 0.0002130 secs]
688.031: [GC (Allocation Failure) 38535K->435K(79936K), 0.0002010 secs]
688.099: [GC (Allocation Failure) 37265K->435K(78656K), 0.0002120 secs]
688.115: [GC (Allocation Failure) 35996K->435K(77440K), 0.0002150 secs]
688.144: [GC (Allocation Failure) 34726K->435K(76288K), 0.0002050 secs]
688.169: [GC (Allocation Failure) 33554K->435K(75200K), 0.0002240 secs]
688.184: [GC (Allocation Failure) 32479K->435K(74176K), 0.0002660 secs]
688.203: [GC (Allocation Failure) 31503K->435K(73152K), 0.0002130 secs]
688.242: [GC (Allocation Failure) 30428K->435K(72192K), 0.0002800 secs]
688.306: [GC (Allocation Failure) 29549K->435K(71296K), 0.0002140 secs]
688.318: [GC (Allocation Failure) 28572K->435K(70400K), 0.0002140 secs]
688.370: [GC (Allocation Failure) 27693K->435K(69568K), 0.0002230 secs]
688.386: [GC (Allocation Failure) 26912K->435K(68800K), 0.0002030 secs]
688.415: [GC (Allocation Failure) 26131K->435K(68032K), 0.0002250 secs]
688.426: [GC (Allocation Failure) 25349K->435K(67328K), 0.0002020 secs]
688.441: [GC (Allocation Failure) 24662K->435K(72192K), 0.0002130 secs]
688.453: [GC (Allocation Failure) 29549K->435K(78016K), 0.0002130 secs]
688.498: [GC (Allocation Failure) 35312K->435K(76864K), 0.0002650 secs]
688.517: [GC (Allocation Failure) 34140K->435K(75776K), 0.0002020 secs]
688.547: [GC (Allocation Failure) 33065K->435K(74688K), 0.0002090 secs]
688.565: [GC (Allocation Failure) 31991K->435K(73664K), 0.0002030 secs]
688.583: [GC (Allocation Failure) 31014K->435K(72704K), 0.0002080 secs]
688.671: [GC (Allocation Failure) 30038K->435K(71808K), 0.0002050 secs]
688.684: [GC (Allocation Failure) 29158K->435K(70912K), 0.0002160 secs]
688.746: [GC (Allocation Failure) 28182K->435K(70080K), 0.0002110 secs]
688.758: [GC (Allocation Failure) 27400K->435K(69248K), 0.0002160 secs]
688.769: [GC (Allocation Failure) 26521K->435K(74496K), 0.0002040 secs]
688.793: [GC (Allocation Failure) 31796K->435K(80832K), 0.0002020 secs]
688.846: [GC (Allocation Failure) 38144K->435K(79552K), 0.0002140 secs]
688.978: [GC (Allocation Failure) 36875K->435K(78336K), 0.0004390 secs]
688.994: [GC (Allocation Failure) 35605K->435K(77184K), 0.0002060 secs]
689.018: [GC (Allocation Failure) 34530K->435K(76032K), 0.0002130 secs]
689.037: [GC (Allocation Failure) 33358K->435K(74944K), 0.0002260 secs]
689.051: [GC (Allocation Failure) 32284K->435K(73920K), 0.0002040 secs]
689.097: [GC (Allocation Failure) 31210K->435K(72960K), 0.0002180 secs]
689.115: [GC (Allocation Failure) 30233K->435K(72000K), 0.0002050 secs]
689.128: [GC (Allocation Failure) 29354K->435K(77824K), 0.0002160 secs]
689.165: [GC (Allocation Failure) 35116K->435K(76672K), 0.0002250 secs]
689.180: [GC (Allocation Failure) 33944K->435K(75584K), 0.0002020 secs]
689.240: [GC (Allocation Failure) 32870K->435K(74560K), 0.0002140 secs]
689.294: [GC (Allocation Failure) 31893K->435K(73536K), 0.0002250 secs]
689.308: [GC (Allocation Failure) 30819K->435K(72576K), 0.0002050 secs]
689.321: [GC (Allocation Failure) 29842K->435K(71680K), 0.0002050 secs]
689.343: [GC (Allocation Failure) 28963K->435K(70784K), 0.0002140 secs]
689.355: [GC (Allocation Failure) 28084K->435K(76352K), 0.0002020 secs]
689.400: [GC (Allocation Failure) 33651K->435K(75264K), 0.0002250 secs]
689.418: [GC (Allocation Failure) 32577K->435K(74240K), 0.0002030 secs]
689.436: [GC (Allocation Failure) 31600K->435K(73216K), 0.0002100 secs]
689.449: [GC (Allocation Failure) 30526K->435K(79296K), 0.0002150 secs]
689.469: [GC (Allocation Failure) 36582K->435K(86592K), 0.0002120 secs]
689.554: [GC (Allocation Failure) 43907K->435K(85056K), 0.0002140 secs]
689.576: [GC (Allocation Failure) 42344K->435K(83584K), 0.0002210 secs]
689.652: [GC (Allocation Failure) 40879K->435K(82176K), 0.0002220 secs]
689.669: [GC (Allocation Failure) 39512K->435K(80832K), 0.0002050 secs]
689.690: [GC (Allocation Failure) 38144K->435K(79552K), 0.0002120 secs]
689.709: [GC (Allocation Failure) 36875K->435K(78336K), 0.0002130 secs]
689.725: [GC (Allocation Failure) 35605K->435K(77184K), 0.0002030 secs]
689.750: [GC (Allocation Failure) 34530K->435K(76032K), 0.0002830 secs]
689.769: [GC (Allocation Failure) 33358K->435K(74944K), 0.0002120 secs]
689.845: [GC (Allocation Failure) 32284K->435K(73920K), 0.0002140 secs]
689.858: [GC (Allocation Failure) 31210K->435K(72960K), 0.0002010 secs]
689.944: [GC (Allocation Failure) 30233K->435K(72000K), 0.0002060 secs]
689.994: [GC (Allocation Failure) 29354K->435K(71104K), 0.0002110 secs]
690.006: [GC (Allocation Failure) 28377K->435K(70272K), 0.0002130 secs]
690.022: [GC (Allocation Failure) 27596K->435K(69440K), 0.0002000 secs]
690.038: [GC (Allocation Failure) 26717K->435K(68672K), 0.0002170 secs]
690.049: [GC (Allocation Failure) 26033K->435K(73792K), 0.0002020 secs]
690.149: [GC (Allocation Failure) 31112K->435K(72832K), 0.0002090 secs]
690.162: [GC (Allocation Failure) 30135K->435K(78784K), 0.0002290 secs]
690.178: [GC (Allocation Failure) 36093K->435K(85952K), 0.0002030 secs]
690.201: [GC (Allocation Failure) 43223K->435K(84416K), 0.0002010 secs]
690.224: [GC (Allocation Failure) 41758K->435K(82944K), 0.0002210 secs]
690.253: [GC (Allocation Failure) 40293K->435K(81536K), 0.0002110 secs]
690.273: [GC (Allocation Failure) 38828K->435K(80192K), 0.0002100 secs]
690.292: [GC (Allocation Failure) 37461K->435K(78912K), 0.0002110 secs]
690.307: [GC (Allocation Failure) 36191K->435K(77696K), 0.0002130 secs]
690.354: [GC (Allocation Failure) 35019K->435K(76544K), 0.0002160 secs]
690.369: [GC (Allocation Failure) 33847K->435K(75456K), 0.0002180 secs]
690.384: [GC (Allocation Failure) 32772K->435K(74432K), 0.0002030 secs]
690.436: [GC (Allocation Failure) 31698K->435K(73408K), 0.0002100 secs]
690.450: [GC (Allocation Failure) 30721K->435K(72448K), 0.0002200 secs]
690.467: [GC (Allocation Failure) 29745K->435K(71552K), 0.0002120 secs]
690.482: [GC (Allocation Failure) 28865K->435K(77248K), 0.0002190 secs]
690.501: [GC (Allocation Failure) 34530K->435K(84096K), 0.0002120 secs]
690.523: [GC (Allocation Failure) 41367K->435K(82624K), 0.0002110 secs]
690.553: [GC (Allocation Failure) 39902K->435K(81280K), 0.0002060 secs]
690.574: [GC (Allocation Failure) 38633K->435K(80000K), 0.0002030 secs]
690.603: [GC (Allocation Failure) 37363K->435K(78720K), 0.0002040 secs]
690.619: [GC (Allocation Failure) 35996K->435K(77504K), 0.0002200 secs]
690.638: [GC (Allocation Failure) 34823K->435K(76352K), 0.0002020 secs]
690.652: [GC (Allocation Failure) 33651K->435K(75264K), 0.0002040 secs]
690.701: [GC (Allocation Failure) 32577K->435K(74240K), 0.0002300 secs]
690.719: [GC (Allocation Failure) 31600K->435K(73216K), 0.0002160 secs]
690.807: [GC (Allocation Failure) 30526K->435K(72256K), 0.0002020 secs]
690.820: [GC (Allocation Failure) 29549K->435K(71360K), 0.0002120 secs]
690.832: [GC (Allocation Failure) 28670K->435K(77056K), 0.0002020 secs]
690.847: [GC (Allocation Failure) 34335K->435K(83904K), 0.0002010 secs]
690.955: [GC (Allocation Failure) 41172K->435K(82496K), 0.0002260 secs]
690.977: [GC (Allocation Failure) 39805K->435K(81152K), 0.0002170 secs]
691.053: [GC (Allocation Failure) 38437K->435K(79872K), 0.0002030 secs]
691.070: [GC (Allocation Failure) 37168K->435K(78656K), 0.0002120 secs]
691.089: [GC (Allocation Failure) 35996K->435K(77440K), 0.0002000 secs]
691.108: [GC (Allocation Failure) 34726K->435K(76288K), 0.0002210 secs]
691.147: [GC (Allocation Failure) 33554K->435K(75200K), 0.0002210 secs]
691.165: [GC (Allocation Failure) 32479K->435K(74176K), 0.0002720 secs]
691.179: [GC (Allocation Failure) 31503K->435K(80448K), 0.0002150 secs]
691.199: [GC (Allocation Failure) 37754K->435K(79168K), 0.0002130 secs]
691.219: [GC (Allocation Failure) 36484K->435K(86400K), 0.0002820 secs]
691.242: [GC (Allocation Failure) 43712K->435K(84864K), 0.0002210 secs]
691.265: [GC (Allocation Failure) 42149K->435K(83392K), 0.0002000 secs]
691.283: [GC (Allocation Failure) 40684K->435K(81984K), 0.0002110 secs]
691.304: [GC (Allocation Failure) 39316K->435K(80640K), 0.0002010 secs]
691.320: [GC (Allocation Failure) 37949K->435K(79360K), 0.0002140 secs]
691.336: [GC (Allocation Failure) 36679K->435K(86656K), 0.0002150 secs]
691.381: [GC (Allocation Failure) 44005K->435K(85120K), 0.0002170 secs]
691.400: [GC (Allocation Failure) 42442K->435K(83648K), 0.0002750 secs]
691.451: [GC (Allocation Failure) 40977K->435K(82240K), 0.0002170 secs]
691.472: [GC (Allocation Failure) 39512K->435K(80896K), 0.0002040 secs]
691.493: [GC (Allocation Failure) 38242K->435K(79616K), 0.0002760 secs]
691.603: [GC (Allocation Failure) 36972K->435K(78400K), 0.0002060 secs]
691.623: [GC (Allocation Failure) 35702K->435K(77248K), 0.0002030 secs]
691.642: [GC (Allocation Failure) 34530K->435K(76096K), 0.0002170 secs]
691.657: [GC (Allocation Failure) 33456K->435K(75008K), 0.0002040 secs]
691.698: [GC (Allocation Failure) 32284K->435K(73984K), 0.0002040 secs]
691.747: [GC (Allocation Failure) 31307K->435K(73024K), 0.0002240 secs]
691.760: [GC (Allocation Failure) 30331K->435K(72064K), 0.0002040 secs]
691.810: [GC (Allocation Failure) 29354K->435K(71168K), 0.0002260 secs]
691.826: [GC (Allocation Failure) 28475K->435K(70336K), 0.0002290 secs]
691.896: [GC (Allocation Failure) 27693K->435K(69504K), 0.0002050 secs]
691.950: [GC (Allocation Failure) 26814K->435K(68736K), 0.0002210 secs]
691.961: [GC (Allocation Failure) 26033K->435K(67968K), 0.0002150 secs]
691.999: [GC (Allocation Failure) 25250K->435K(67264K), 0.0002180 secs]
692.014: [GC (Allocation Failure) 24564K->435K(66560K), 0.0002280 secs]
692.044: [GC (Allocation Failure) 23880K->435K(65920K), 0.0002030 secs]
692.164: [GC (Allocation Failure) 23196K->435K(65280K), 0.0002200 secs]
692.178: [GC (Allocation Failure) 22610K->435K(64640K), 0.0002130 secs]
692.188: [GC (Allocation Failure) 21927K->435K(68992K), 0.0002710 secs]
692.200: [GC (Allocation Failure) 26326K->435K(74176K), 0.0002140 secs]
692.217: [GC (Allocation Failure) 31503K->435K(80448K), 0.0002140 secs]
692.234: [GC (Allocation Failure) 37754K->435K(87936K), 0.0002130 secs]
692.253: [GC (Allocation Failure) 45274K->435K(96960K), 0.0002020 secs]
692.308: [GC (Allocation Failure) 54264K->435K(94912K), 0.0002030 secs]
692.377: [GC (Allocation Failure) 52213K->435K(92992K), 0.0002130 secs]
692.398: [GC (Allocation Failure) 50260K->435K(91136K), 0.0002020 secs]
692.429: [GC (Allocation Failure) 48498K->435K(89344K), 0.0002100 secs]
692.453: [GC (Allocation Failure) 46642K->435K(87680K), 0.0002030 secs]
692.473: [GC (Allocation Failure) 44981K->435K(86080K), 0.0002030 secs]
692.496: [GC (Allocation Failure) 43419K->435K(84544K), 0.0002130 secs]
692.557: [GC (Allocation Failure) 41856K->435K(83072K), 0.0002140 secs]
692.578: [GC (Allocation Failure) 40391K->435K(81664K), 0.0002130 secs]
692.600: [GC (Allocation Failure) 39023K->435K(80320K), 0.0002100 secs]
692.621: [GC (Allocation Failure) 37656K->435K(79040K), 0.0002040 secs]
692.637: [GC (Allocation Failure) 36386K->435K(77824K), 0.0002170 secs]
692.652: [GC (Allocation Failure) 35116K->435K(76672K), 0.0002110 secs]
692.666: [GC (Allocation Failure) 33944K->435K(83392K), 0.0002130 secs]
692.716: [GC (Allocation Failure) 40684K->435K(81984K), 0.0002100 secs]
692.733: [GC (Allocation Failure) 39316K->435K(80640K), 0.0002290 secs]
692.753: [GC (Allocation Failure) 37949K->435K(79360K), 0.0002710 secs]
692.773: [GC (Allocation Failure) 36679K->435K(78144K), 0.0002100 secs]
692.789: [GC (Allocation Failure) 35409K->435K(85184K), 0.0002130 secs]
692.807: [GC (Allocation Failure) 42540K->435K(93632K), 0.0002100 secs]
692.861: [GC (Allocation Failure) 50943K->435K(91776K), 0.0002110 secs]
692.883: [GC (Allocation Failure) 49084K->435K(89984K), 0.0002000 secs]
692.907: [GC (Allocation Failure) 47325K->435K(88256K), 0.0002020 secs]
692.927: [GC (Allocation Failure) 45567K->435K(86592K), 0.0002020 secs]
693.013: [GC (Allocation Failure) 43907K->435K(85056K), 0.0002080 secs]
693.031: [GC (Allocation Failure) 42344K->435K(83584K), 0.0002050 secs]
693.107: [GC (Allocation Failure) 40879K->435K(82176K), 0.0002190 secs]
693.124: [GC (Allocation Failure) 39512K->435K(80832K), 0.0002770 secs]
693.156: [GC (Allocation Failure) 38144K->435K(79552K), 0.0002130 secs]
693.176: [GC (Allocation Failure) 36875K->435K(78336K), 0.0002090 secs]
693.192: [GC (Allocation Failure) 35605K->435K(77184K), 0.0002120 secs]
693.206: [GC (Allocation Failure) 34530K->435K(76032K), 0.0002120 secs]
693.354: [GC (Allocation Failure) 33358K->435K(74944K), 0.0002260 secs]
693.368: [GC (Allocation Failure) 32284K->435K(73920K), 0.0002160 secs]
693.382: [GC (Allocation Failure) 31210K->435K(72960K), 0.0002020 secs]
693.395: [GC (Allocation Failure) 30233K->435K(78976K), 0.0002030 secs]
693.452: [GC (Allocation Failure) 36289K->435K(77760K), 0.0002130 secs]
693.467: [GC (Allocation Failure) 35116K->435K(76608K), 0.0002110 secs]
693.481: [GC (Allocation Failure) 33944K->435K(83328K), 0.0002020 secs]
693.503: [GC (Allocation Failure) 40684K->435K(81920K), 0.0002110 secs]
693.603: [GC (Allocation Failure) 39219K->435K(80576K), 0.0002710 secs]
693.657: [GC (Allocation Failure) 37851K->435K(79296K), 0.0002180 secs]
693.673: [GC (Allocation Failure) 36582K->435K(78080K), 0.0002110 secs]
693.692: [GC (Allocation Failure) 35409K->435K(76928K), 0.0002120 secs]
693.751: [GC (Allocation Failure) 34237K->435K(75840K), 0.0002230 secs]
693.766: [GC (Allocation Failure) 33163K->435K(74752K), 0.0002040 secs]
693.814: [GC (Allocation Failure) 32089K->435K(73728K), 0.0002280 secs]
693.832: [GC (Allocation Failure) 31014K->435K(72768K), 0.0002040 secs]
693.849: [GC (Allocation Failure) 30038K->435K(71808K), 0.0002320 secs]
693.862: [GC (Allocation Failure) 29158K->435K(77568K), 0.0004170 secs]
693.956: [GC (Allocation Failure) 34921K->435K(84480K), 0.0002130 secs]
693.978: [GC (Allocation Failure) 41758K->435K(83008K), 0.0002040 secs]
694.004: [GC (Allocation Failure) 40293K->435K(81600K), 0.0002170 secs]
694.025: [GC (Allocation Failure) 38926K->435K(80256K), 0.0002150 secs]
694.057: [GC (Allocation Failure) 37558K->435K(78976K), 0.0002090 secs]
694.077: [GC (Allocation Failure) 36289K->435K(77760K), 0.0002020 secs]
694.166: [GC (Allocation Failure) 35116K->435K(76608K), 0.0002160 secs]
694.217: [GC (Allocation Failure) 33944K->435K(75520K), 0.0002320 secs]
694.235: [GC (Allocation Failure) 32870K->435K(74496K), 0.0002750 secs]
694.253: [GC (Allocation Failure) 31796K->435K(73472K), 0.0002170 secs]
694.270: [GC (Allocation Failure) 30819K->435K(72512K), 0.0002610 secs]
694.300: [GC (Allocation Failure) 29842K->435K(71616K), 0.0002770 secs]
694.353: [GC (Allocation Failure) 28963K->435K(70720K), 0.0002120 secs]
694.366: [GC (Allocation Failure) 27986K->435K(76288K), 0.0003250 secs]
694.381: [GC (Allocation Failure) 33554K->435K(82944K), 0.0002160 secs]
694.406: [GC (Allocation Failure) 40293K->435K(90944K), 0.0002500 secs]
694.431: [GC (Allocation Failure) 48302K->435K(100544K), 0.0002700 secs]
694.456: [GC (Allocation Failure) 57878K->435K(98304K), 0.0002070 secs]
694.516: [GC (Allocation Failure) 55632K->435K(96192K), 0.0002210 secs]
694.543: [GC (Allocation Failure) 53483K->435K(94208K), 0.0002000 secs]
694.569: [GC (Allocation Failure) 51529K->435K(92288K), 0.0002210 secs]
694.613: [GC (Allocation Failure) 49572K->435K(90496K), 0.0002220 secs]
694.638: [GC (Allocation Failure) 47814K->435K(88768K), 0.0002220 secs]
694.662: [GC (Allocation Failure) 46056K->435K(87104K), 0.0002110 secs]
694.681: [GC (Allocation Failure) 44395K->435K(85504K), 0.0002040 secs]
694.704: [GC (Allocation Failure) 42833K->435K(83968K), 0.0002130 secs]
694.721: [GC (Allocation Failure) 41270K->435K(82560K), 0.0002130 secs]
694.809: [GC (Allocation Failure) 39902K->435K(81216K), 0.0002230 secs]
694.826: [GC (Allocation Failure) 38535K->435K(79936K), 0.0002030 secs]
694.904: [GC (Allocation Failure) 37265K->435K(78656K), 0.0002150 secs]
694.923: [GC (Allocation Failure) 35996K->435K(77440K), 0.0002010 secs]
694.943: [GC (Allocation Failure) 34726K->435K(76288K), 0.0002200 secs]
695.014: [GC (Allocation Failure) 33554K->435K(75200K), 0.0002080 secs]
695.028: [GC (Allocation Failure) 32479K->435K(74176K), 0.0002180 secs]
695.046: [GC (Allocation Failure) 31503K->435K(73152K), 0.0002160 secs]
695.102: [GC (Allocation Failure) 30428K->435K(72192K), 0.0002080 secs]
695.155: [GC (Allocation Failure) 29549K->435K(71296K), 0.0002140 secs]
695.168: [GC (Allocation Failure) 28572K->435K(70400K), 0.0002180 secs]
695.204: [GC (Allocation Failure) 27693K->435K(69568K), 0.0002180 secs]
695.220: [GC (Allocation Failure) 26912K->435K(68800K), 0.0002010 secs]
695.236: [GC (Allocation Failure) 26131K->435K(68032K), 0.0002100 secs]
695.253: [GC (Allocation Failure) 25349K->435K(67328K), 0.0002290 secs]
695.265: [GC (Allocation Failure) 24662K->435K(72192K), 0.0002620 secs]
695.355: [GC (Allocation Failure) 29549K->435K(71296K), 0.0002220 secs]
695.368: [GC (Allocation Failure) 28572K->435K(76992K), 0.0002140 secs]
695.418: [GC (Allocation Failure) 34335K->435K(75904K), 0.0002280 secs]
695.433: [GC (Allocation Failure) 33261K->435K(74816K), 0.0002060 secs]
695.456: [GC (Allocation Failure) 32089K->435K(73792K), 0.0002110 secs]
695.470: [GC (Allocation Failure) 31112K->435K(79936K), 0.0002520 secs]
695.486: [GC (Allocation Failure) 37265K->435K(87360K), 0.0002120 secs]
695.505: [GC (Allocation Failure) 44688K->435K(96256K), 0.0002030 secs]
695.532: [GC (Allocation Failure) 53580K->435K(94272K), 0.0002090 secs]
695.562: [GC (Allocation Failure) 51627K->435K(92352K), 0.0002280 secs]
695.587: [GC (Allocation Failure) 49670K->435K(90496K), 0.0002030 secs]
695.614: [GC (Allocation Failure) 47814K->435K(88768K), 0.0002000 secs]
695.638: [GC (Allocation Failure) 46056K->435K(87104K), 0.0002010 secs]
695.657: [GC (Allocation Failure) 44395K->435K(85504K), 0.0002120 secs]
695.680: [GC (Allocation Failure) 42833K->435K(83968K), 0.0002130 secs]
695.698: [GC (Allocation Failure) 41270K->435K(82560K), 0.0002160 secs]
695.757: [GC (Allocation Failure) 39902K->435K(81216K), 0.0002240 secs]
695.777: [GC (Allocation Failure) 38535K->435K(79936K), 0.0002210 secs]
695.805: [GC (Allocation Failure) 37265K->435K(78656K), 0.0002020 secs]
695.955: [GC (Allocation Failure) 35996K->435K(77440K), 0.0002130 secs]
695.970: [GC (Allocation Failure) 34726K->435K(76288K), 0.0002020 secs]
695.984: [GC (Allocation Failure) 33554K->435K(75200K), 0.0002020 secs]
696.057: [GC (Allocation Failure) 32479K->435K(74176K), 0.0002110 secs]
696.071: [GC (Allocation Failure) 31503K->435K(73152K), 0.0002120 secs]
696.085: [GC (Allocation Failure) 30428K->435K(72192K), 0.0002030 secs]
696.101: [GC (Allocation Failure) 29549K->435K(78016K), 0.0002230 secs]
696.174: [GC (Allocation Failure) 35312K->435K(76864K), 0.0002250 secs]
696.190: [GC (Allocation Failure) 34140K->435K(75776K), 0.0002820 secs]
696.206: [GC (Allocation Failure) 33065K->435K(74688K), 0.0002040 secs]
696.220: [GC (Allocation Failure) 31991K->435K(81024K), 0.0002180 secs]
696.311: [GC (Allocation Failure) 38340K->435K(79744K), 0.0002110 secs]
696.331: [GC (Allocation Failure) 37070K->435K(78528K), 0.0001990 secs]
696.347: [GC (Allocation Failure) 35800K->435K(85632K), 0.0002720 secs]
696.378: [GC (Allocation Failure) 42930K->435K(84096K), 0.0002200 secs]
696.408: [GC (Allocation Failure) 41367K->435K(82624K), 0.0002090 secs]
696.430: [GC (Allocation Failure) 39902K->435K(81280K), 0.0002730 secs]
696.451: [GC (Allocation Failure) 38633K->435K(80000K), 0.0002120 secs]
696.467: [GC (Allocation Failure) 37363K->435K(78720K), 0.0002030 secs]
696.506: [GC (Allocation Failure) 35996K->435K(77504K), 0.0002130 secs]
696.525: [GC (Allocation Failure) 34823K->435K(76352K), 0.0002000 secs]
696.540: [GC (Allocation Failure) 33651K->435K(75264K), 0.0002030 secs]
696.609: [GC (Allocation Failure) 32577K->435K(74240K), 0.0002140 secs]
696.627: [GC (Allocation Failure) 31600K->435K(73216K), 0.0002060 secs]
696.640: [GC (Allocation Failure) 30526K->435K(72256K), 0.0002330 secs]
696.657: [GC (Allocation Failure) 29549K->435K(78144K), 0.0002130 secs]
696.716: [GC (Allocation Failure) 35409K->435K(76992K), 0.0002260 secs]
696.731: [GC (Allocation Failure) 34335K->435K(75904K), 0.0002110 secs]
696.749: [GC (Allocation Failure) 33261K->435K(82496K), 0.0002720 secs]
696.771: [GC (Allocation Failure) 39805K->435K(81152K), 0.0002140 secs]
696.791: [GC (Allocation Failure) 38437K->435K(79872K), 0.0002290 secs]
696.857: [GC (Allocation Failure) 37168K->435K(78656K), 0.0002020 secs]
696.906: [GC (Allocation Failure) 35996K->435K(77440K), 0.0002810 secs]
696.956: [GC (Allocation Failure) 34726K->435K(76288K), 0.0002690 secs]
697.109: [GC (Allocation Failure) 33554K->435K(75200K), 0.0002140 secs]
697.123: [GC (Allocation Failure) 32479K->435K(74176K), 0.0002280 secs]
697.141: [GC (Allocation Failure) 31503K->435K(73152K), 0.0002170 secs]
697.158: [GC (Allocation Failure) 30428K->435K(72192K), 0.0002110 secs]
697.171: [GC (Allocation Failure) 29549K->435K(78016K), 0.0002170 secs]
697.210: [GC (Allocation Failure) 35312K->435K(76864K), 0.0002610 secs]
697.229: [GC (Allocation Failure) 34140K->435K(83648K), 0.0002760 secs]
697.251: [GC (Allocation Failure) 40977K->435K(82240K), 0.0002190 secs]
697.272: [GC (Allocation Failure) 39512K->435K(80896K), 0.0002110 secs]
697.289: [GC (Allocation Failure) 38242K->435K(79616K), 0.0002020 secs]
697.307: [GC (Allocation Failure) 36972K->435K(78400K), 0.0002020 secs]
697.377: [GC (Allocation Failure) 35702K->435K(77248K), 0.0002200 secs]
697.396: [GC (Allocation Failure) 34530K->435K(76096K), 0.0002090 secs]
697.416: [GC (Allocation Failure) 33456K->435K(75008K), 0.0002100 secs]
697.434: [GC (Allocation Failure) 32284K->435K(73984K), 0.0002740 secs]
697.448: [GC (Allocation Failure) 31307K->435K(80192K), 0.0002220 secs]
697.512: [GC (Allocation Failure) 37461K->435K(78912K), 0.0002410 secs]
697.528: [GC (Allocation Failure) 36191K->435K(77696K), 0.0002030 secs]
697.547: [GC (Allocation Failure) 35019K->435K(76544K), 0.0002210 secs]
697.673: [GC (Allocation Failure) 33847K->435K(75456K), 0.0002260 secs]
697.692: [GC (Allocation Failure) 32772K->435K(74432K), 0.0002090 secs]
697.706: [GC (Allocation Failure) 31698K->435K(73408K), 0.0002040 secs]
697.759: [GC (Allocation Failure) 30721K->435K(72448K), 0.0002230 secs]
697.772: [GC (Allocation Failure) 29745K->435K(71552K), 0.0002170 secs]
697.785: [GC (Allocation Failure) 28865K->435K(77248K), 0.0002150 secs]
697.800: [GC (Allocation Failure) 34530K->435K(84096K), 0.0002040 secs]
697.824: [GC (Allocation Failure) 41367K->435K(92352K), 0.0002160 secs]
697.846: [GC (Allocation Failure) 49670K->435K(90496K), 0.0002140 secs]
697.922: [GC (Allocation Failure) 47814K->435K(88768K), 0.0002150 secs]
697.942: [GC (Allocation Failure) 46056K->435K(87104K), 0.0002270 secs]
698.012: [GC (Allocation Failure) 44395K->435K(85504K), 0.0002040 secs]
698.115: [GC (Allocation Failure) 42833K->435K(83968K), 0.0002220 secs]
698.133: [GC (Allocation Failure) 41270K->435K(82560K), 0.0002170 secs]
698.154: [GC (Allocation Failure) 39902K->435K(81216K), 0.0002110 secs]
698.175: [GC (Allocation Failure) 38535K->435K(79936K), 0.0002050 secs]
698.259: [GC (Allocation Failure) 37265K->435K(78656K), 0.0002120 secs]
698.278: [GC (Allocation Failure) 35996K->435K(77440K), 0.0002380 secs]
698.369: [GC (Allocation Failure) 34726K->435K(76288K), 0.0002200 secs]
698.388: [GC (Allocation Failure) 33554K->435K(75200K), 0.0002100 secs]
698.402: [GC (Allocation Failure) 32479K->435K(74176K), 0.0002120 secs]
698.418: [GC (Allocation Failure) 31503K->435K(73152K), 0.0002100 secs]
698.556: [GC (Allocation Failure) 30428K->435K(72192K), 0.0002130 secs]
698.573: [GC (Allocation Failure) 29549K->435K(71296K), 0.0002130 secs]
698.585: [GC (Allocation Failure) 28572K->435K(70400K), 0.0002170 secs]
698.597: [GC (Allocation Failure) 27693K->435K(75904K), 0.0002030 secs]
698.615: [GC (Allocation Failure) 33261K->435K(82496K), 0.0002070 secs]
698.635: [GC (Allocation Failure) 39805K->435K(90432K), 0.0002170 secs]
698.656: [GC (Allocation Failure) 47716K->435K(88704K), 0.0002040 secs]
698.717: [GC (Allocation Failure) 46056K->435K(87040K), 0.0002140 secs]
698.736: [GC (Allocation Failure) 44395K->435K(85440K), 0.0002130 secs]
698.755: [GC (Allocation Failure) 42735K->435K(83968K), 0.0002030 secs]
698.861: [GC (Allocation Failure) 41270K->435K(82560K), 0.0002170 secs]
698.911: [GC (Allocation Failure) 39902K->435K(81216K), 0.0002130 secs]
698.964: [GC (Allocation Failure) 38535K->435K(79936K), 0.0002200 secs]
698.984: [GC (Allocation Failure) 37265K->435K(78656K), 0.0002710 secs]
699.000: [GC (Allocation Failure) 35996K->435K(77440K), 0.0002140 secs]
699.016: [GC (Allocation Failure) 34726K->435K(84352K), 0.0003450 secs]
699.037: [GC (Allocation Failure) 41660K->435K(92608K), 0.0002260 secs]
699.066: [GC (Allocation Failure) 49967K->435K(90752K), 0.0002300 secs]
699.091: [GC (Allocation Failure) 48107K->435K(89024K), 0.0002030 secs]
699.111: [GC (Allocation Failure) 46349K->435K(87360K), 0.0002070 secs]
699.130: [GC (Allocation Failure) 44688K->435K(85760K), 0.0002360 secs]
699.216: [GC (Allocation Failure) 43028K->435K(84224K), 0.0002190 secs]
699.238: [GC (Allocation Failure) 41563K->435K(82752K), 0.0002300 secs]
699.256: [GC (Allocation Failure) 40098K->435K(81344K), 0.0002150 secs]
699.315: [GC (Allocation Failure) 38633K->435K(80000K), 0.0002200 secs]
699.331: [GC (Allocation Failure) 37363K->435K(78720K), 0.0002260 secs]
699.351: [GC (Allocation Failure) 35996K->435K(77504K), 0.0002090 secs]
699.374: [GC (Allocation Failure) 34823K->435K(76352K), 0.0002730 secs]
699.459: [GC (Allocation Failure) 33651K->435K(75264K), 0.0002140 secs]
699.473: [GC (Allocation Failure) 32577K->435K(74240K), 0.0002740 secs]
699.508: [GC (Allocation Failure) 31600K->435K(73216K), 0.0002110 secs]
699.525: [GC (Allocation Failure) 30526K->435K(72256K), 0.0002000 secs]
699.538: [GC (Allocation Failure) 29549K->435K(78144K), 0.0002510 secs]
699.557: [GC (Allocation Failure) 35409K->435K(85184K), 0.0002100 secs]
699.668: [GC (Allocation Failure) 42540K->435K(83712K), 0.0002190 secs]
699.690: [GC (Allocation Failure) 41074K->435K(82304K), 0.0002140 secs]
699.711: [GC (Allocation Failure) 39609K->435K(80960K), 0.0002000 secs]
699.732: [GC (Allocation Failure) 38242K->435K(79680K), 0.0002140 secs]
699.748: [GC (Allocation Failure) 36972K->435K(78464K), 0.0002050 secs]
699.768: [GC (Allocation Failure) 35800K->435K(77312K), 0.0002120 secs]
699.783: [GC (Allocation Failure) 34628K->435K(76160K), 0.0002020 secs]
699.801: [GC (Allocation Failure) 33456K->435K(82816K), 0.0002700 secs]
699.819: [GC (Allocation Failure) 40098K->435K(90816K), 0.0002100 secs]
699.870: [GC (Allocation Failure) 48107K->435K(89088K), 0.0002220 secs]
699.894: [GC (Allocation Failure) 46446K->435K(87424K), 0.0002040 secs]
699.914: [GC (Allocation Failure) 44786K->435K(85824K), 0.0002120 secs]
699.932: [GC (Allocation Failure) 43126K->435K(84288K), 0.0002020 secs]
699.950: [GC (Allocation Failure) 41563K->435K(82816K), 0.0002010 secs]
700.012: [GC (Allocation Failure) 40098K->435K(81408K), 0.0002140 secs]
700.033: [GC (Allocation Failure) 38730K->435K(80064K), 0.0002000 secs]
700.115: [GC (Allocation Failure) 37363K->435K(78784K), 0.0002110 secs]
700.134: [GC (Allocation Failure) 36093K->435K(77568K), 0.0002090 secs]
700.160: [GC (Allocation Failure) 34921K->435K(76416K), 0.0002140 secs]
700.175: [GC (Allocation Failure) 33749K->435K(75328K), 0.0002100 secs]
700.193: [GC (Allocation Failure) 32675K->435K(74304K), 0.0002110 secs]
700.214: [GC (Allocation Failure) 31600K->435K(73280K), 0.0002340 secs]
700.231: [GC (Allocation Failure) 30624K->435K(72320K), 0.0002030 secs]
700.246: [GC (Allocation Failure) 29647K->435K(78208K), 0.0002210 secs]
700.265: [GC (Allocation Failure) 35507K->435K(77056K), 0.0002130 secs]
700.314: [GC (Allocation Failure) 34335K->435K(75904K), 0.0002030 secs]
700.329: [GC (Allocation Failure) 33261K->435K(74816K), 0.0002180 secs]
700.355: [GC (Allocation Failure) 32089K->435K(73792K), 0.0002120 secs]
700.369: [GC (Allocation Failure) 31112K->435K(72832K), 0.0002040 secs]
700.386: [GC (Allocation Failure) 30135K->435K(78784K), 0.0002270 secs]
700.402: [GC (Allocation Failure) 36093K->435K(85952K), 0.0002040 secs]
700.425: [GC (Allocation Failure) 43223K->435K(84416K), 0.0002090 secs]
700.448: [GC (Allocation Failure) 41758K->435K(82944K), 0.0002760 secs]
700.617: [GC (Allocation Failure) 40293K->435K(81536K), 0.0002240 secs]
700.638: [GC (Allocation Failure) 38828K->435K(80192K), 0.0002160 secs]
700.659: [GC (Allocation Failure) 37461K->435K(78912K), 0.0002000 secs]
700.675: [GC (Allocation Failure) 36191K->435K(77696K), 0.0002170 secs]
700.712: [GC (Allocation Failure) 35019K->435K(76544K), 0.0002250 secs]
700.726: [GC (Allocation Failure) 33847K->435K(75456K), 0.0002030 secs]
700.741: [GC (Allocation Failure) 32772K->435K(74432K), 0.0002020 secs]
700.760: [GC (Allocation Failure) 31698K->435K(80704K), 0.0002690 secs]
700.777: [GC (Allocation Failure) 38047K->435K(88256K), 0.0002030 secs]
700.801: [GC (Allocation Failure) 45567K->435K(86592K), 0.0002100 secs]
700.831: [GC (Allocation Failure) 43907K->435K(85056K), 0.0002160 secs]
700.869: [GC (Allocation Failure) 42344K->435K(83584K), 0.0002040 secs]
700.887: [GC (Allocation Failure) 40879K->435K(82176K), 0.0002120 secs]
700.963: [GC (Allocation Failure) 39512K->435K(80832K), 0.0002120 secs]
700.984: [GC (Allocation Failure) 38144K->435K(79552K), 0.0002020 secs]
701.004: [GC (Allocation Failure) 36875K->435K(78336K), 0.0002120 secs]
701.020: [GC (Allocation Failure) 35605K->435K(77184K), 0.0002150 secs]
701.124: [GC (Allocation Failure) 34530K->435K(76032K), 0.0002150 secs]
701.143: [GC (Allocation Failure) 33358K->435K(74944K), 0.0002040 secs]
701.168: [GC (Allocation Failure) 32284K->435K(73920K), 0.0002080 secs]
701.186: [GC (Allocation Failure) 31210K->435K(72960K), 0.0002030 secs]
701.203: [GC (Allocation Failure) 30233K->435K(72000K), 0.0002130 secs]
701.216: [GC (Allocation Failure) 29354K->435K(71104K), 0.0002150 secs]
701.232: [GC (Allocation Failure) 28377K->435K(76736K), 0.0002120 secs]
701.262: [GC (Allocation Failure) 34042K->435K(75648K), 0.0002690 secs]
701.315: [GC (Allocation Failure) 32968K->435K(74560K), 0.0002160 secs]
701.329: [GC (Allocation Failure) 31893K->435K(73536K), 0.0002020 secs]
701.423: [GC (Allocation Failure) 30819K->435K(72576K), 0.0002130 secs]
701.448: [GC (Allocation Failure) 29842K->435K(71680K), 0.0002250 secs]
701.464: [GC (Allocation Failure) 28963K->435K(70784K), 0.0002130 secs]
701.514: [GC (Allocation Failure) 28084K->435K(69952K), 0.0002060 secs]
701.530: [GC (Allocation Failure) 27303K->435K(69120K), 0.0002290 secs]
701.542: [GC (Allocation Failure) 26424K->435K(74368K), 0.0002670 secs]
701.565: [GC (Allocation Failure) 31698K->435K(80640K), 0.0002200 secs]
701.582: [GC (Allocation Failure) 37949K->435K(88192K), 0.0002040 secs]
701.601: [GC (Allocation Failure) 45470K->435K(97216K), 0.0002140 secs]
701.629: [GC (Allocation Failure) 54557K->435K(95168K), 0.0002130 secs]
701.655: [GC (Allocation Failure) 52506K->435K(93184K), 0.0002090 secs]
701.678: [GC (Allocation Failure) 50455K->435K(91328K), 0.0002150 secs]
701.719: [GC (Allocation Failure) 48595K->435K(89536K), 0.0002250 secs]
701.740: [GC (Allocation Failure) 46837K->435K(87872K), 0.0002030 secs]
701.817: [GC (Allocation Failure) 45177K->435K(86272K), 0.0002230 secs]
701.840: [GC (Allocation Failure) 43614K->435K(84736K), 0.0002020 secs]
701.859: [GC (Allocation Failure) 42051K->435K(83264K), 0.0002120 secs]
701.919: [GC (Allocation Failure) 40586K->435K(81856K), 0.0002210 secs]
701.940: [GC (Allocation Failure) 39219K->435K(80512K), 0.0002090 secs]
701.965: [GC (Allocation Failure) 37851K->435K(79232K), 0.0003220 secs]
702.068: [GC (Allocation Failure) 36582K->435K(78016K), 0.0002230 secs]
702.087: [GC (Allocation Failure) 35312K->435K(76864K), 0.0002010 secs]
702.106: [GC (Allocation Failure) 34140K->435K(75776K), 0.0003000 secs]
702.166: [GC (Allocation Failure) 33065K->435K(74688K), 0.0002100 secs]
702.184: [GC (Allocation Failure) 31991K->435K(73664K), 0.0002080 secs]
702.199: [GC (Allocation Failure) 31014K->435K(72704K), 0.0002240 secs]
702.220: [GC (Allocation Failure) 30038K->435K(71808K), 0.0002090 secs]
702.237: [GC (Allocation Failure) 29158K->435K(77568K), 0.0002740 secs]
702.256: [GC (Allocation Failure) 34921K->435K(84480K), 0.0002140 secs]
702.279: [GC (Allocation Failure) 41758K->435K(83008K), 0.0002110 secs]
702.353: [GC (Allocation Failure) 40293K->435K(81600K), 0.0002780 secs]
702.394: [GC (Allocation Failure) 38926K->435K(80256K), 0.0002230 secs]
702.411: [GC (Allocation Failure) 37558K->435K(78976K), 0.0002010 secs]
702.427: [GC (Allocation Failure) 36289K->435K(77760K), 0.0002090 secs]
702.468: [GC (Allocation Failure) 35116K->435K(76608K), 0.0003320 secs]
702.487: [GC (Allocation Failure) 33944K->435K(75520K), 0.0002120 secs]
702.614: [GC (Allocation Failure) 32870K->435K(74496K), 0.0002330 secs]
702.666: [GC (Allocation Failure) 31796K->435K(73472K), 0.0002290 secs]
702.684: [GC (Allocation Failure) 30819K->435K(72512K), 0.0002260 secs]
702.716: [GC (Allocation Failure) 29842K->435K(71616K), 0.0002220 secs]
702.729: [GC (Allocation Failure) 28963K->435K(70720K), 0.0002190 secs]
702.745: [GC (Allocation Failure) 27986K->435K(69888K), 0.0002130 secs]
702.915: [GC (Allocation Failure) 27205K->435K(69056K), 0.0002040 secs]
702.930: [GC (Allocation Failure) 26326K->435K(68288K), 0.0002290 secs]
702.941: [GC (Allocation Failure) 25642K->435K(73344K), 0.0002030 secs]
702.954: [GC (Allocation Failure) 30624K->435K(79424K), 0.0002130 secs]
702.974: [GC (Allocation Failure) 36777K->435K(86720K), 0.0002220 secs]
703.018: [GC (Allocation Failure) 44005K->435K(85184K), 0.0002130 secs]
703.036: [GC (Allocation Failure) 42540K->435K(83712K), 0.0002120 secs]
703.058: [GC (Allocation Failure) 41074K->435K(82304K), 0.0002210 secs]
703.171: [GC (Allocation Failure) 39609K->435K(80960K), 0.0002110 secs]
703.192: [GC (Allocation Failure) 38242K->435K(79680K), 0.0001990 secs]
703.266: [GC (Allocation Failure) 36972K->435K(78464K), 0.0002740 secs]
703.315: [GC (Allocation Failure) 35800K->435K(77312K), 0.0002110 secs]
703.330: [GC (Allocation Failure) 34628K->435K(76160K), 0.0002030 secs]
703.368: [GC (Allocation Failure) 33456K->435K(75072K), 0.0002100 secs]
703.386: [GC (Allocation Failure) 32382K->435K(74048K), 0.0002030 secs]
703.404: [GC (Allocation Failure) 31405K->435K(73088K), 0.0002200 secs]
703.439: [GC (Allocation Failure) 30428K->435K(72128K), 0.0002070 secs]
703.513: [GC (Allocation Failure) 29451K->435K(71232K), 0.0002160 secs]
703.529: [GC (Allocation Failure) 28572K->435K(70400K), 0.0002030 secs]
703.545: [GC (Allocation Failure) 27693K->435K(69568K), 0.0002160 secs]
703.562: [GC (Allocation Failure) 26912K->435K(68800K), 0.0002150 secs]
703.577: [GC (Allocation Failure) 26131K->435K(68032K), 0.0002140 secs]
703.611: [GC (Allocation Failure) 25349K->435K(67328K), 0.0002250 secs]
703.622: [GC (Allocation Failure) 24662K->435K(72192K), 0.0002040 secs]
703.663: [GC (Allocation Failure) 29549K->435K(71296K), 0.0002130 secs]
703.763: [GC (Allocation Failure) 28572K->435K(70400K), 0.0002020 secs]
703.814: [GC (Allocation Failure) 27693K->435K(69568K), 0.0002080 secs]
703.829: [GC (Allocation Failure) 26912K->435K(68800K), 0.0002120 secs]
703.862: [GC (Allocation Failure) 26131K->435K(68032K), 0.0002030 secs]
703.911: [GC (Allocation Failure) 25349K->435K(67328K), 0.0002210 secs]
703.922: [GC (Allocation Failure) 24662K->435K(66624K), 0.0002030 secs]
703.932: [GC (Allocation Failure) 23978K->435K(71360K), 0.0002040 secs]
703.963: [GC (Allocation Failure) 28670K->435K(70464K), 0.0002780 secs]
703.980: [GC (Allocation Failure) 27791K->435K(75968K), 0.0002040 secs]
703.994: [GC (Allocation Failure) 33261K->435K(82560K), 0.0002030 secs]
704.018: [GC (Allocation Failure) 39902K->435K(90496K), 0.0002900 secs]
704.051: [GC (Allocation Failure) 47814K->435K(88768K), 0.0002110 secs]
704.075: [GC (Allocation Failure) 46056K->435K(87104K), 0.0002140 secs]
704.169: [GC (Allocation Failure) 44395K->435K(85504K), 0.0002140 secs]
704.192: [GC (Allocation Failure) 42833K->435K(83968K), 0.0002100 secs]
704.210: [GC (Allocation Failure) 41270K->435K(82560K), 0.0002030 secs]
704.359: [GC (Allocation Failure) 39902K->435K(81216K), 0.0002180 secs]
704.376: [GC (Allocation Failure) 38535K->435K(79936K), 0.0002190 secs]
704.424: [GC (Allocation Failure) 37265K->435K(78656K), 0.0002380 secs]
704.440: [GC (Allocation Failure) 35996K->435K(77440K), 0.0002730 secs]
704.466: [GC (Allocation Failure) 34726K->435K(76288K), 0.0002110 secs]
704.516: [GC (Allocation Failure) 33554K->435K(75200K), 0.0002230 secs]
704.533: [GC (Allocation Failure) 32479K->435K(74176K), 0.0002100 secs]
704.632: [GC (Allocation Failure) 31503K->435K(73152K), 0.0002400 secs]
704.649: [GC (Allocation Failure) 30428K->435K(72192K), 0.0002730 secs]
704.662: [GC (Allocation Failure) 29549K->435K(71296K), 0.0002050 secs]
704.718: [GC (Allocation Failure) 28572K->435K(70400K), 0.0002110 secs]
704.734: [GC (Allocation Failure) 27693K->435K(69568K), 0.0002560 secs]
704.763: [GC (Allocation Failure) 26912K->435K(68800K), 0.0002140 secs]
704.775: [GC (Allocation Failure) 26131K->435K(73984K), 0.0002110 secs]
704.819: [GC (Allocation Failure) 31307K->435K(73024K), 0.0002200 secs]
704.832: [GC (Allocation Failure) 30331K->435K(72064K), 0.0002030 secs]
704.849: [GC (Allocation Failure) 29354K->435K(77888K), 0.0002140 secs]
704.864: [GC (Allocation Failure) 35214K->435K(84864K), 0.0002260 secs]
704.882: [GC (Allocation Failure) 42149K->435K(93248K), 0.0002040 secs]
704.904: [GC (Allocation Failure) 50553K->435K(91392K), 0.0002010 secs]
704.973: [GC (Allocation Failure) 48693K->435K(89600K), 0.0002240 secs]
704.997: [GC (Allocation Failure) 46935K->435K(87936K), 0.0002140 secs]
705.022: [GC (Allocation Failure) 45274K->435K(86336K), 0.0002140 secs]
705.075: [GC (Allocation Failure) 43614K->435K(84800K), 0.0002040 secs]
705.097: [GC (Allocation Failure) 42149K->435K(83328K), 0.0002280 secs]
705.130: [GC (Allocation Failure) 40684K->435K(81920K), 0.0002050 secs]
705.176: [GC (Allocation Failure) 39219K->435K(80576K), 0.0002300 secs]
705.192: [GC (Allocation Failure) 37851K->435K(79296K), 0.0002030 secs]
705.272: [GC (Allocation Failure) 36582K->435K(78080K), 0.0002130 secs]
705.288: [GC (Allocation Failure) 35409K->435K(76928K), 0.0002150 secs]
705.321: [GC (Allocation Failure) 34237K->435K(75840K), 0.0002110 secs]
705.340: [GC (Allocation Failure) 33163K->435K(74752K), 0.0002010 secs]
705.354: [GC (Allocation Failure) 32089K->435K(73728K), 0.0002160 secs]
705.520: [GC (Allocation Failure) 31014K->435K(72768K), 0.0002240 secs]
705.538: [GC (Allocation Failure) 30038K->435K(71808K), 0.0003020 secs]
705.552: [GC (Allocation Failure) 29158K->435K(77568K), 0.0002250 secs]
705.567: [GC (Allocation Failure) 34921K->435K(84480K), 0.0002020 secs]
705.624: [GC (Allocation Failure) 41758K->435K(83008K), 0.0002100 secs]
705.642: [GC (Allocation Failure) 40293K->435K(81600K), 0.0002160 secs]
705.671: [GC (Allocation Failure) 38926K->435K(80256K), 0.0002100 secs]
705.687: [GC (Allocation Failure) 37558K->435K(78976K), 0.0002020 secs]
705.774: [GC (Allocation Failure) 36289K->435K(77760K), 0.0002020 secs]
705.823: [GC (Allocation Failure) 35116K->435K(76608K), 0.0002120 secs]
705.839: [GC (Allocation Failure) 33944K->435K(75520K), 0.0002140 secs]
705.853: [GC (Allocation Failure) 32870K->435K(74496K), 0.0002050 secs]
705.866: [GC (Allocation Failure) 31796K->435K(80832K), 0.0002120 secs]
705.919: [GC (Allocation Failure) 38144K->435K(79552K), 0.0002160 secs]
705.969: [GC (Allocation Failure) 36875K->435K(78336K), 0.0002750 secs]
706.065: [GC (Allocation Failure) 35605K->435K(77184K), 0.0002000 secs]
706.084: [GC (Allocation Failure) 34530K->435K(76032K), 0.0002010 secs]
706.102: [GC (Allocation Failure) 33358K->435K(74944K), 0.0002170 secs]
706.117: [GC (Allocation Failure) 32284K->435K(73920K), 0.0002150 secs]
706.130: [GC (Allocation Failure) 31210K->435K(72960K), 0.0002030 secs]
706.143: [GC (Allocation Failure) 30233K->435K(78976K), 0.0002020 secs]
706.158: [GC (Allocation Failure) 36289K->435K(86208K), 0.0002010 secs]
706.177: [GC (Allocation Failure) 43516K->435K(94848K), 0.0002040 secs]
706.199: [GC (Allocation Failure) 52115K->435K(92928K), 0.0002020 secs]
706.226: [GC (Allocation Failure) 50260K->435K(91072K), 0.0002100 secs]
706.278: [GC (Allocation Failure) 48400K->435K(89280K), 0.0002140 secs]
706.303: [GC (Allocation Failure) 46642K->435K(87616K), 0.0002140 secs]
706.326: [GC (Allocation Failure) 44884K->435K(86016K), 0.0002160 secs]
706.350: [GC (Allocation Failure) 43321K->435K(84480K), 0.0002080 secs]
706.373: [GC (Allocation Failure) 41758K->435K(83008K), 0.0002130 secs]
706.391: [GC (Allocation Failure) 40293K->435K(81600K), 0.0002020 secs]
706.425: [GC (Allocation Failure) 38926K->435K(80256K), 0.0002120 secs]
706.442: [GC (Allocation Failure) 37558K->435K(78976K), 0.0002130 secs]
706.498: [GC (Allocation Failure) 36289K->435K(77760K), 0.0002830 secs]
706.518: [GC (Allocation Failure) 35116K->435K(76608K), 0.0002030 secs]
706.537: [GC (Allocation Failure) 33944K->435K(75520K), 0.0002220 secs]
706.568: [GC (Allocation Failure) 32870K->435K(74496K), 0.0002720 secs]
706.600: [GC (Allocation Failure) 31796K->435K(73472K), 0.0002020 secs]
706.617: [GC (Allocation Failure) 30819K->435K(72512K), 0.0002340 secs]
706.635: [GC (Allocation Failure) 29842K->435K(71616K), 0.0002280 secs]
706.720: [GC (Allocation Failure) 28963K->435K(70720K), 0.0002070 secs]
706.733: [GC (Allocation Failure) 27986K->435K(76288K), 0.0003200 secs]
706.769: [GC (Allocation Failure) 33554K->435K(75200K), 0.0002150 secs]
706.819: [GC (Allocation Failure) 32479K->435K(74176K), 0.0002130 secs]
706.836: [GC (Allocation Failure) 31503K->435K(73152K), 0.0002010 secs]
706.853: [GC (Allocation Failure) 30428K->435K(72192K), 0.0002180 secs]
706.866: [GC (Allocation Failure) 29549K->435K(78016K), 0.0002360 secs]
706.882: [GC (Allocation Failure) 35312K->435K(85056K), 0.0002150 secs]
706.900: [GC (Allocation Failure) 42344K->435K(93504K), 0.0002150 secs]
706.927: [GC (Allocation Failure) 50846K->435K(91648K), 0.0002140 secs]
706.976: [GC (Allocation Failure) 48986K->435K(89856K), 0.0002030 secs]
707.030: [GC (Allocation Failure) 47130K->435K(88128K), 0.0002230 secs]
707.053: [GC (Allocation Failure) 45470K->435K(86528K), 0.0002160 secs]
707.072: [GC (Allocation Failure) 43809K->435K(84992K), 0.0002040 secs]
707.090: [GC (Allocation Failure) 42344K->435K(83520K), 0.0002040 secs]
707.127: [GC (Allocation Failure) 40879K->435K(82112K), 0.0002160 secs]
707.148: [GC (Allocation Failure) 39414K->435K(80768K), 0.0002140 secs]
707.171: [GC (Allocation Failure) 38047K->435K(79488K), 0.0002140 secs]
707.275: [GC (Allocation Failure) 36777K->435K(78272K), 0.0002170 secs]
707.291: [GC (Allocation Failure) 35605K->435K(77120K), 0.0002030 secs]
707.324: [GC (Allocation Failure) 34433K->435K(75968K), 0.0002110 secs]
707.339: [GC (Allocation Failure) 33261K->435K(74880K), 0.0002110 secs]
707.353: [GC (Allocation Failure) 32186K->435K(73856K), 0.0002020 secs]
707.372: [GC (Allocation Failure) 31210K->435K(72896K), 0.0002220 secs]
707.390: [GC (Allocation Failure) 30233K->435K(71936K), 0.0002120 secs]
707.423: [GC (Allocation Failure) 29256K->435K(71040K), 0.0002180 secs]
707.435: [GC (Allocation Failure) 28377K->435K(76672K), 0.0002050 secs]
707.563: [GC (Allocation Failure) 33944K->435K(75584K), 0.0002150 secs]
707.581: [GC (Allocation Failure) 32870K->435K(74560K), 0.0002030 secs]
707.595: [GC (Allocation Failure) 31893K->435K(73536K), 0.0002140 secs]
707.608: [GC (Allocation Failure) 30819K->435K(79680K), 0.0002040 secs]
707.671: [GC (Allocation Failure) 36972K->435K(78464K), 0.0002240 secs]
707.687: [GC (Allocation Failure) 35800K->435K(77312K), 0.0002180 secs]
707.725: [GC (Allocation Failure) 34628K->435K(76160K), 0.0002370 secs]
707.740: [GC (Allocation Failure) 33456K->435K(75072K), 0.0002020 secs]
707.753: [GC (Allocation Failure) 32382K->435K(81472K), 0.0002130 secs]
707.776: [GC (Allocation Failure) 38828K->435K(80128K), 0.0002210 secs]
707.797: [GC (Allocation Failure) 37461K->435K(78848K), 0.0002010 secs]
707.812: [GC (Allocation Failure) 36191K->435K(77632K), 0.0002110 secs]
707.827: [GC (Allocation Failure) 34921K->435K(84544K), 0.0002130 secs]
707.849: [GC (Allocation Failure) 41856K->435K(92864K), 0.0002150 secs]
707.875: [GC (Allocation Failure) 50162K->435K(91008K), 0.0002120 secs]
707.896: [GC (Allocation Failure) 48302K->435K(89216K), 0.0002030 secs]
707.920: [GC (Allocation Failure) 46544K->435K(87552K), 0.0002140 secs]
707.979: [GC (Allocation Failure) 44884K->435K(85952K), 0.0002170 secs]
707.998: [GC (Allocation Failure) 43223K->435K(84416K), 0.0002400 secs]
708.016: [GC (Allocation Failure) 41758K->435K(82944K), 0.0002020 secs]
708.037: [GC (Allocation Failure) 40293K->435K(81536K), 0.0002120 secs]
708.057: [GC (Allocation Failure) 38828K->435K(80192K), 0.0002090 secs]
708.123: [GC (Allocation Failure) 37461K->435K(78912K), 0.0002010 secs]
708.172: [GC (Allocation Failure) 36191K->435K(77696K), 0.0002110 secs]
708.222: [GC (Allocation Failure) 35019K->435K(76544K), 0.0002260 secs]
708.237: [GC (Allocation Failure) 33847K->435K(75456K), 0.0002040 secs]
708.251: [GC (Allocation Failure) 32772K->435K(74432K), 0.0002050 secs]
708.268: [GC (Allocation Failure) 31698K->435K(73408K), 0.0002120 secs]
708.333: [GC (Allocation Failure) 30721K->435K(72448K), 0.0002030 secs]
708.347: [GC (Allocation Failure) 29745K->435K(71552K), 0.0002210 secs]
708.375: [GC (Allocation Failure) 28865K->435K(70656K), 0.0002100 secs]
708.395: [GC (Allocation Failure) 27986K->435K(69824K), 0.0002170 secs]
708.416: [GC (Allocation Failure) 27107K->435K(68992K), 0.0002640 secs]
708.445: [GC (Allocation Failure) 26326K->435K(68224K), 0.0002240 secs]
708.457: [GC (Allocation Failure) 25545K->435K(73280K), 0.0002010 secs]
708.474: [GC (Allocation Failure) 30624K->435K(79360K), 0.0002010 secs]
708.494: [GC (Allocation Failure) 36679K->435K(78144K), 0.0002180 secs]
708.510: [GC (Allocation Failure) 35409K->435K(85184K), 0.0002040 secs]
708.528: [GC (Allocation Failure) 42540K->435K(93632K), 0.0002120 secs]
708.550: [GC (Allocation Failure) 50943K->435K(91776K), 0.0002030 secs]
708.582: [GC (Allocation Failure) 49084K->435K(89984K), 0.0002120 secs]
708.603: [GC (Allocation Failure) 47325K->435K(88256K), 0.0002010 secs]
708.628: [GC (Allocation Failure) 45567K->435K(86592K), 0.0002770 secs]
708.669: [GC (Allocation Failure) 43907K->435K(85056K), 0.0002060 secs]
708.730: [GC (Allocation Failure) 42344K->435K(83584K), 0.0002120 secs]
708.748: [GC (Allocation Failure) 40879K->435K(82176K), 0.0002100 secs]
708.769: [GC (Allocation Failure) 39512K->435K(80832K), 0.0002110 secs]
708.828: [GC (Allocation Failure) 38144K->435K(79552K), 0.0002770 secs]
708.848: [GC (Allocation Failure) 36875K->435K(78336K), 0.0002010 secs]
708.863: [GC (Allocation Failure) 35605K->435K(77184K), 0.0002130 secs]
708.878: [GC (Allocation Failure) 34530K->435K(76032K), 0.0002030 secs]
708.892: [GC (Allocation Failure) 33358K->435K(74944K), 0.0002030 secs]
708.908: [GC (Allocation Failure) 32284K->435K(81344K), 0.0002110 secs]
708.928: [GC (Allocation Failure) 38633K->435K(89024K), 0.0002150 secs]
708.979: [GC (Allocation Failure) 46349K->435K(87360K), 0.0002230 secs]
708.998: [GC (Allocation Failure) 44688K->435K(85760K), 0.0002130 secs]
709.076: [GC (Allocation Failure) 43028K->435K(84224K), 0.0003490 secs]
709.095: [GC (Allocation Failure) 41563K->435K(82752K), 0.0002720 secs]
709.129: [GC (Allocation Failure) 40098K->435K(81344K), 0.0002130 secs]
709.150: [GC (Allocation Failure) 38633K->435K(80000K), 0.0002060 secs]
709.166: [GC (Allocation Failure) 37363K->435K(78720K), 0.0002140 secs]
709.185: [GC (Allocation Failure) 35996K->435K(77504K), 0.0002210 secs]
709.327: [GC (Allocation Failure) 34823K->435K(76352K), 0.0002110 secs]
709.342: [GC (Allocation Failure) 33651K->435K(75264K), 0.0002290 secs]
709.356: [GC (Allocation Failure) 32577K->435K(74240K), 0.0001990 secs]
709.369: [GC (Allocation Failure) 31600K->435K(80512K), 0.0002030 secs]
709.385: [GC (Allocation Failure) 37851K->435K(88000K), 0.0002010 secs]
709.405: [GC (Allocation Failure) 45274K->435K(97024K), 0.0002010 secs]
709.432: [GC (Allocation Failure) 54362K->435K(94976K), 0.0002100 secs]
709.455: [GC (Allocation Failure) 52311K->435K(93056K), 0.0002030 secs]
709.543: [GC (Allocation Failure) 50357K->435K(91200K), 0.0002230 secs]
709.565: [GC (Allocation Failure) 48498K->435K(89408K), 0.0002130 secs]
709.589: [GC (Allocation Failure) 46739K->435K(87744K), 0.0002000 secs]
709.612: [GC (Allocation Failure) 45079K->435K(86144K), 0.0002790 secs]
709.632: [GC (Allocation Failure) 43419K->435K(84608K), 0.0002140 secs]
709.677: [GC (Allocation Failure) 41953K->435K(83136K), 0.0002380 secs]
709.695: [GC (Allocation Failure) 40488K->435K(81728K), 0.0002170 secs]
709.712: [GC (Allocation Failure) 39023K->435K(80384K), 0.0002030 secs]
709.729: [GC (Allocation Failure) 37656K->435K(79104K), 0.0002120 secs]
709.748: [GC (Allocation Failure) 36386K->435K(77888K), 0.0002000 secs]
709.764: [GC (Allocation Failure) 35214K->435K(76736K), 0.0002020 secs]
709.833: [GC (Allocation Failure) 34042K->435K(75648K), 0.0002240 secs]
709.847: [GC (Allocation Failure) 32968K->435K(74560K), 0.0002040 secs]
709.865: [GC (Allocation Failure) 31893K->435K(73536K), 0.0002150 secs]
709.882: [GC (Allocation Failure) 30819K->435K(72576K), 0.0002230 secs]
709.899: [GC (Allocation Failure) 29842K->435K(78528K), 0.0002170 secs]
709.915: [GC (Allocation Failure) 35800K->435K(85632K), 0.0002180 secs]
710.031: [GC (Allocation Failure) 42930K->435K(84096K), 0.0002220 secs]
710.053: [GC (Allocation Failure) 41367K->435K(82624K), 0.0002120 secs]
710.071: [GC (Allocation Failure) 39902K->435K(81280K), 0.0002120 secs]
710.087: [GC (Allocation Failure) 38633K->435K(80000K), 0.0002020 secs]
710.170: [GC (Allocation Failure) 37363K->435K(78720K), 0.0002230 secs]
710.186: [GC (Allocation Failure) 35996K->435K(77504K), 0.0002020 secs]
710.274: [GC (Allocation Failure) 34823K->435K(76352K), 0.0002210 secs]
710.293: [GC (Allocation Failure) 33651K->435K(75264K), 0.0002000 secs]
710.310: [GC (Allocation Failure) 32577K->435K(74240K), 0.0002090 secs]
710.357: [GC (Allocation Failure) 31600K->435K(73216K), 0.0002360 secs]
710.380: [GC (Allocation Failure) 30526K->435K(72256K), 0.0002130 secs]
710.397: [GC (Allocation Failure) 29549K->435K(71360K), 0.0002120 secs]
710.414: [GC (Allocation Failure) 28670K->435K(70464K), 0.0001980 secs]
710.426: [GC (Allocation Failure) 27791K->435K(75968K), 0.0002050 secs]
710.478: [GC (Allocation Failure) 33261K->435K(74880K), 0.0002140 secs]
710.496: [GC (Allocation Failure) 32186K->435K(73856K), 0.0002140 secs]
710.572: [GC (Allocation Failure) 31210K->435K(72896K), 0.0002150 secs]
710.627: [GC (Allocation Failure) 30233K->435K(71936K), 0.0002120 secs]
710.643: [GC (Allocation Failure) 29256K->435K(71040K), 0.0002110 secs]
710.655: [GC (Allocation Failure) 28377K->435K(70208K), 0.0002170 secs]
710.668: [GC (Allocation Failure) 27498K->435K(75648K), 0.0002150 secs]
710.773: [GC (Allocation Failure) 32968K->435K(74560K), 0.0002180 secs]
710.828: [GC (Allocation Failure) 31893K->435K(73536K), 0.0002110 secs]
710.853: [GC (Allocation Failure) 30819K->435K(72576K), 0.0002080 secs]
710.870: [GC (Allocation Failure) 29842K->435K(71680K), 0.0002140 secs]
711.028: [GC (Allocation Failure) 28963K->435K(70784K), 0.0002160 secs]
711.044: [GC (Allocation Failure) 28084K->435K(69952K), 0.0002200 secs]
711.060: [GC (Allocation Failure) 27303K->435K(69120K), 0.0002210 secs]
711.072: [GC (Allocation Failure) 26424K->435K(74368K), 0.0002050 secs]
711.090: [GC (Allocation Failure) 31698K->435K(73344K), 0.0002010 secs]
711.107: [GC (Allocation Failure) 30624K->435K(79424K), 0.0002820 secs]
711.124: [GC (Allocation Failure) 36777K->435K(86720K), 0.0002730 secs]
711.333: [GC (Allocation Failure) 44005K->435K(85184K), 0.0002120 secs]
711.356: [GC (Allocation Failure) 42540K->435K(83712K), 0.0002020 secs]
711.374: [GC (Allocation Failure) 41074K->435K(82304K), 0.0002040 secs]
711.428: [GC (Allocation Failure) 39609K->435K(80960K), 0.0002260 secs]
711.445: [GC (Allocation Failure) 38242K->435K(79680K), 0.0002020 secs]
711.465: [GC (Allocation Failure) 36972K->435K(78464K), 0.0002100 secs]
711.480: [GC (Allocation Failure) 35800K->435K(77312K), 0.0002020 secs]
711.558: [GC (Allocation Failure) 34628K->435K(76160K), 0.0002240 secs]
711.573: [GC (Allocation Failure) 33456K->435K(75072K), 0.0002690 secs]
711.587: [GC (Allocation Failure) 32382K->435K(81472K), 0.0001990 secs]
711.632: [GC (Allocation Failure) 38828K->435K(80128K), 0.0002110 secs]
711.650: [GC (Allocation Failure) 37461K->435K(78848K), 0.0002020 secs]
711.666: [GC (Allocation Failure) 36191K->435K(77632K), 0.0002130 secs]
711.726: [GC (Allocation Failure) 34921K->435K(76480K), 0.0002130 secs]
711.773: [GC (Allocation Failure) 33749K->435K(75392K), 0.0002030 secs]
711.839: [GC (Allocation Failure) 32675K->435K(74368K), 0.0002240 secs]
711.852: [GC (Allocation Failure) 31698K->435K(73344K), 0.0002030 secs]
711.866: [GC (Allocation Failure) 30624K->435K(72384K), 0.0002050 secs]
711.925: [GC (Allocation Failure) 29745K->435K(71488K), 0.0002150 secs]
711.941: [GC (Allocation Failure) 28768K->435K(70592K), 0.0002130 secs]
711.958: [GC (Allocation Failure) 27889K->435K(69760K), 0.0002130 secs]
711.973: [GC (Allocation Failure) 27107K->435K(68992K), 0.0002120 secs]
711.989: [GC (Allocation Failure) 26326K->435K(74176K), 0.0002140 secs]
712.002: [GC (Allocation Failure) 31503K->435K(80448K), 0.0002220 secs]
712.023: [GC (Allocation Failure) 37754K->435K(87936K), 0.0002020 secs]
712.047: [GC (Allocation Failure) 45274K->435K(86336K), 0.0002120 secs]
712.066: [GC (Allocation Failure) 43614K->435K(84800K), 0.0002180 secs]
712.173: [GC (Allocation Failure) 42149K->435K(83328K), 0.0002360 secs]
712.191: [GC (Allocation Failure) 40684K->435K(81920K), 0.0002160 secs]
712.208: [GC (Allocation Failure) 39219K->435K(80576K), 0.0002020 secs]
712.226: [GC (Allocation Failure) 37851K->435K(79296K), 0.0002140 secs]
712.245: [GC (Allocation Failure) 36582K->435K(78080K), 0.0002050 secs]
712.261: [GC (Allocation Failure) 35409K->435K(76928K), 0.0002150 secs]
712.280: [GC (Allocation Failure) 34237K->435K(75840K), 0.0002130 secs]
712.298: [GC (Allocation Failure) 33163K->435K(74752K), 0.0002130 secs]
712.312: [GC (Allocation Failure) 32089K->435K(81088K), 0.0002030 secs]
712.329: [GC (Allocation Failure) 38437K->435K(88704K), 0.0002150 secs]
712.349: [GC (Allocation Failure) 46056K->435K(97856K), 0.0002760 secs]
712.391: [GC (Allocation Failure) 55143K->435K(95744K), 0.0002420 secs]
712.419: [GC (Allocation Failure) 53092K->435K(93760K), 0.0002000 secs]
712.441: [GC (Allocation Failure) 51041K->435K(91840K), 0.0002120 secs]
712.462: [GC (Allocation Failure) 49181K->435K(90048K), 0.0002030 secs]
712.487: [GC (Allocation Failure) 47325K->435K(88320K), 0.0002010 secs]
712.510: [GC (Allocation Failure) 45665K->435K(86656K), 0.0002010 secs]
712.529: [GC (Allocation Failure) 44005K->435K(85120K), 0.0002120 secs]
712.551: [GC (Allocation Failure) 42442K->435K(83648K), 0.0002090 secs]
712.581: [GC (Allocation Failure) 40977K->435K(82240K), 0.0002760 secs]
712.602: [GC (Allocation Failure) 39512K->435K(80896K), 0.0002040 secs]
712.629: [GC (Allocation Failure) 38242K->435K(79616K), 0.0002030 secs]
712.675: [GC (Allocation Failure) 36972K->435K(78400K), 0.0002210 secs]
712.694: [GC (Allocation Failure) 35702K->435K(77248K), 0.0002700 secs]
712.713: [GC (Allocation Failure) 34530K->435K(76096K), 0.0002120 secs]
712.778: [GC (Allocation Failure) 33456K->435K(75008K), 0.0002140 secs]
712.795: [GC (Allocation Failure) 32284K->435K(73984K), 0.0002000 secs]
712.827: [GC (Allocation Failure) 31307K->435K(73024K), 0.0002730 secs]
712.876: [GC (Allocation Failure) 30331K->435K(72064K), 0.0002140 secs]
712.889: [GC (Allocation Failure) 29354K->435K(71168K), 0.0002020 secs]
712.901: [GC (Allocation Failure) 28475K->435K(70336K), 0.0002000 secs]
712.925: [GC (Allocation Failure) 27693K->435K(69504K), 0.0002040 secs]
712.979: [GC (Allocation Failure) 26814K->435K(68736K), 0.0002150 secs]
712.991: [GC (Allocation Failure) 26033K->435K(67968K), 0.0002140 secs]
713.033: [GC (Allocation Failure) 25250K->435K(67264K), 0.0002250 secs]
713.048: [GC (Allocation Failure) 24564K->435K(72128K), 0.0002730 secs]
713.064: [GC (Allocation Failure) 29451K->435K(77952K), 0.0002140 secs]
713.083: [GC (Allocation Failure) 35312K->435K(84928K), 0.0002230 secs]
713.136: [GC (Allocation Failure) 42247K->435K(83456K), 0.0002240 secs]
713.157: [GC (Allocation Failure) 40781K->435K(82048K), 0.0002030 secs]
713.175: [GC (Allocation Failure) 39316K->435K(80704K), 0.0002120 secs]
713.191: [GC (Allocation Failure) 38047K->435K(79424K), 0.0002040 secs]
713.230: [GC (Allocation Failure) 36777K->435K(78208K), 0.0002140 secs]
713.245: [GC (Allocation Failure) 35507K->435K(77056K), 0.0002030 secs]
713.279: [GC (Allocation Failure) 34335K->435K(75904K), 0.0002110 secs]
713.381: [GC (Allocation Failure) 33261K->435K(74816K), 0.0002250 secs]
713.396: [GC (Allocation Failure) 32089K->435K(73792K), 0.0002710 secs]
713.413: [GC (Allocation Failure) 31112K->435K(72832K), 0.0002290 secs]
713.439: [GC (Allocation Failure) 30135K->435K(71872K), 0.0002290 secs]
713.456: [GC (Allocation Failure) 29158K->435K(70976K), 0.0002050 secs]
713.473: [GC (Allocation Failure) 28279K->435K(70144K), 0.0002180 secs]
713.489: [GC (Allocation Failure) 27498K->435K(75584K), 0.0002180 secs]
713.503: [GC (Allocation Failure) 32870K->435K(82112K), 0.0002270 secs]
713.520: [GC (Allocation Failure) 39414K->435K(89920K), 0.0002740 secs]
713.579: [GC (Allocation Failure) 47228K->435K(88192K), 0.0002140 secs]
713.598: [GC (Allocation Failure) 45470K->435K(86592K), 0.0002020 secs]
713.637: [GC (Allocation Failure) 43907K->435K(85056K), 0.0002110 secs]
713.660: [GC (Allocation Failure) 42344K->435K(83584K), 0.0002780 secs]
713.678: [GC (Allocation Failure) 40879K->435K(82176K), 0.0002140 secs]
713.699: [GC (Allocation Failure) 39512K->435K(80832K), 0.0002690 secs]
713.716: [GC (Allocation Failure) 38144K->435K(79552K), 0.0002010 secs]
713.780: [GC (Allocation Failure) 36875K->435K(78336K), 0.0002170 secs]
713.930: [GC (Allocation Failure) 35605K->435K(77184K), 0.0002140 secs]
713.945: [GC (Allocation Failure) 34530K->435K(76032K), 0.0002020 secs]
714.029: [GC (Allocation Failure) 33358K->435K(74944K), 0.0002150 secs]
714.047: [GC (Allocation Failure) 32284K->435K(73920K), 0.0002700 secs]
714.064: [GC (Allocation Failure) 31210K->435K(72960K), 0.0002210 secs]
714.168: [GC (Allocation Failure) 30233K->435K(72000K), 0.0002840 secs]
714.200: [GC (Allocation Failure) 29354K->435K(71104K), 0.0002160 secs]
714.212: [GC (Allocation Failure) 28377K->435K(76736K), 0.0003190 secs]
714.241: [GC (Allocation Failure) 34042K->435K(75648K), 0.0002190 secs]
714.333: [GC (Allocation Failure) 32968K->435K(74560K), 0.0002150 secs]
714.348: [GC (Allocation Failure) 31893K->435K(73536K), 0.0002110 secs]
714.372: [GC (Allocation Failure) 30819K->435K(72576K), 0.0002530 secs]
714.420: [GC (Allocation Failure) 29842K->435K(71680K), 0.0002130 secs]
714.434: [GC (Allocation Failure) 28963K->435K(70784K), 0.0002280 secs]
714.446: [GC (Allocation Failure) 28084K->435K(76352K), 0.0002050 secs]
714.464: [GC (Allocation Failure) 33651K->435K(83008K), 0.0002020 secs]
714.482: [GC (Allocation Failure) 40293K->435K(91008K), 0.0002220 secs]
714.507: [GC (Allocation Failure) 48302K->435K(89216K), 0.0002000 secs]
714.527: [GC (Allocation Failure) 46544K->435K(87552K), 0.0002030 secs]
714.582: [GC (Allocation Failure) 44884K->435K(85952K), 0.0002250 secs]
714.605: [GC (Allocation Failure) 43223K->435K(84416K), 0.0002030 secs]
714.635: [GC (Allocation Failure) 41758K->435K(82944K), 0.0002040 secs]
714.656: [GC (Allocation Failure) 40293K->435K(81536K), 0.0002740 secs]
714.677: [GC (Allocation Failure) 38828K->435K(80192K), 0.0002120 secs]
714.697: [GC (Allocation Failure) 37461K->435K(78912K), 0.0002190 secs]
714.740: [GC (Allocation Failure) 36191K->435K(77696K), 0.0002140 secs]
714.758: [GC (Allocation Failure) 35019K->435K(76544K), 0.0002130 secs]
714.781: [GC (Allocation Failure) 33847K->435K(75456K), 0.0002140 secs]
714.830: [GC (Allocation Failure) 32772K->435K(74432K), 0.0002220 secs]
714.844: [GC (Allocation Failure) 31698K->435K(73408K), 0.0002010 secs]
714.861: [GC (Allocation Failure) 30721K->435K(72448K), 0.0002110 secs]
714.933: [GC (Allocation Failure) 29745K->435K(71552K), 0.0002040 secs]
714.949: [GC (Allocation Failure) 28865K->435K(70656K), 0.0002140 secs]
714.962: [GC (Allocation Failure) 27986K->435K(69824K), 0.0002130 secs]
714.973: [GC (Allocation Failure) 27107K->435K(75200K), 0.0002020 secs]
714.991: [GC (Allocation Failure) 32479K->435K(81664K), 0.0002100 secs]
715.083: [GC (Allocation Failure) 39023K->435K(80320K), 0.0002720 secs]
715.137: [GC (Allocation Failure) 37656K->435K(79040K), 0.0002220 secs]
715.153: [GC (Allocation Failure) 36386K->435K(77824K), 0.0002040 secs]
715.168: [GC (Allocation Failure) 35116K->435K(76672K), 0.0001990 secs]
715.183: [GC (Allocation Failure) 33944K->435K(75584K), 0.0002010 secs]
715.235: [GC (Allocation Failure) 32870K->435K(74560K), 0.0002210 secs]
715.248: [GC (Allocation Failure) 31893K->435K(73536K), 0.0002020 secs]
715.262: [GC (Allocation Failure) 30819K->435K(79680K), 0.0002030 secs]
715.281: [GC (Allocation Failure) 36972K->435K(78464K), 0.0002110 secs]
715.350: [GC (Allocation Failure) 35800K->435K(77312K), 0.0002280 secs]
715.366: [GC (Allocation Failure) 34628K->435K(76160K), 0.0002630 secs]
715.384: [GC (Allocation Failure) 33456K->435K(75072K), 0.0002130 secs]
715.402: [GC (Allocation Failure) 32382K->435K(74048K), 0.0002230 secs]
715.420: [GC (Allocation Failure) 31405K->435K(80256K), 0.0002120 secs]
715.437: [GC (Allocation Failure) 37558K->435K(87744K), 0.0002180 secs]
715.487: [GC (Allocation Failure) 45079K->435K(86144K), 0.0002130 secs]
715.509: [GC (Allocation Failure) 43419K->435K(84608K), 0.0002030 secs]
715.530: [GC (Allocation Failure) 41953K->435K(83136K), 0.0001990 secs]
715.547: [GC (Allocation Failure) 40488K->435K(81728K), 0.0002130 secs]
715.564: [GC (Allocation Failure) 39023K->435K(80384K), 0.0002140 secs]
715.580: [GC (Allocation Failure) 37656K->435K(79104K), 0.0002030 secs]
715.683: [GC (Allocation Failure) 36386K->435K(77888K), 0.0002120 secs]
715.702: [GC (Allocation Failure) 35214K->435K(76736K), 0.0002140 secs]
715.732: [GC (Allocation Failure) 34042K->435K(75648K), 0.0002140 secs]
715.746: [GC (Allocation Failure) 32968K->435K(74560K), 0.0002200 secs]
715.781: [GC (Allocation Failure) 31893K->435K(73536K), 0.0002280 secs]
715.799: [GC (Allocation Failure) 30819K->435K(72576K), 0.0002230 secs]
715.835: [GC (Allocation Failure) 29842K->435K(71680K), 0.0002350 secs]
715.847: [GC (Allocation Failure) 28963K->435K(77440K), 0.0002690 secs]
715.944: [GC (Allocation Failure) 34726K->435K(76288K), 0.0002220 secs]
715.962: [GC (Allocation Failure) 33554K->435K(75200K), 0.0002210 secs]
716.036: [GC (Allocation Failure) 32479K->435K(74176K), 0.0002120 secs]
716.049: [GC (Allocation Failure) 31503K->435K(73152K), 0.0002190 secs]
716.063: [GC (Allocation Failure) 30428K->435K(79168K), 0.0002110 secs]
716.078: [GC (Allocation Failure) 36484K->435K(86400K), 0.0002120 secs]
716.140: [GC (Allocation Failure) 43712K->435K(84864K), 0.0002200 secs]
716.163: [GC (Allocation Failure) 42149K->435K(83392K), 0.0002070 secs]
716.181: [GC (Allocation Failure) 40684K->435K(81984K), 0.0002160 secs]
716.202: [GC (Allocation Failure) 39316K->435K(80640K), 0.0002130 secs]
716.288: [GC (Allocation Failure) 37949K->435K(79360K), 0.0002060 secs]
716.308: [GC (Allocation Failure) 36679K->435K(78144K), 0.0002060 secs]
716.324: [GC (Allocation Failure) 35409K->435K(76992K), 0.0002110 secs]
716.357: [GC (Allocation Failure) 34335K->435K(75904K), 0.0002250 secs]
716.372: [GC (Allocation Failure) 33261K->435K(74816K), 0.0002690 secs]
716.390: [GC (Allocation Failure) 32089K->435K(73792K), 0.0002030 secs]
716.404: [GC (Allocation Failure) 31112K->435K(79936K), 0.0002770 secs]
716.426: [GC (Allocation Failure) 37265K->435K(87360K), 0.0002020 secs]
716.449: [GC (Allocation Failure) 44688K->435K(85760K), 0.0002120 secs]
716.468: [GC (Allocation Failure) 43028K->435K(84224K), 0.0002020 secs]
716.505: [GC (Allocation Failure) 41563K->435K(82752K), 0.0002260 secs]
716.523: [GC (Allocation Failure) 40098K->435K(81344K), 0.0002170 secs]
716.636: [GC (Allocation Failure) 38633K->435K(80000K), 0.0002130 secs]
716.667: [GC (Allocation Failure) 37363K->435K(78720K), 0.0002070 secs]
716.741: [GC (Allocation Failure) 35996K->435K(77504K), 0.0002170 secs]
716.760: [GC (Allocation Failure) 34823K->435K(76352K), 0.0002130 secs]
716.788: [GC (Allocation Failure) 33651K->435K(75264K), 0.0002080 secs]
716.806: [GC (Allocation Failure) 32577K->435K(74240K), 0.0002770 secs]
716.824: [GC (Allocation Failure) 31600K->435K(73216K), 0.0002170 secs]
716.837: [GC (Allocation Failure) 30526K->435K(79296K), 0.0002190 secs]
716.885: [GC (Allocation Failure) 36582K->435K(78080K), 0.0002170 secs]
716.934: [GC (Allocation Failure) 35409K->435K(76928K), 0.0002140 secs]
716.988: [GC (Allocation Failure) 34237K->435K(75840K), 0.0002130 secs]
717.006: [GC (Allocation Failure) 33163K->435K(74752K), 0.0002040 secs]
717.020: [GC (Allocation Failure) 32089K->435K(73728K), 0.0002150 secs]
717.034: [GC (Allocation Failure) 31014K->435K(79872K), 0.0002800 secs]
717.067: [GC (Allocation Failure) 37168K->435K(78656K), 0.0002120 secs]
717.083: [GC (Allocation Failure) 35996K->435K(77440K), 0.0002140 secs]
717.135: [GC (Allocation Failure) 34726K->435K(76288K), 0.0002030 secs]
717.173: [GC (Allocation Failure) 33554K->435K(75200K), 0.0002170 secs]
717.237: [GC (Allocation Failure) 32479K->435K(74176K), 0.0002230 secs]
717.251: [GC (Allocation Failure) 31503K->435K(73152K), 0.0002020 secs]
717.264: [GC (Allocation Failure) 30428K->435K(72192K), 0.0002030 secs]
717.281: [GC (Allocation Failure) 29549K->435K(71296K), 0.0002090 secs]
717.371: [GC (Allocation Failure) 28572K->435K(70400K), 0.0002020 secs]
717.436: [GC (Allocation Failure) 27693K->435K(69568K), 0.0002220 secs]
717.452: [GC (Allocation Failure) 26912K->435K(68800K), 0.0002360 secs]
717.485: [GC (Allocation Failure) 26131K->435K(68032K), 0.0002210 secs]
717.500: [GC (Allocation Failure) 25349K->435K(67328K), 0.0002360 secs]
717.531: [GC (Allocation Failure) 24662K->435K(66624K), 0.0002030 secs]
717.577: [GC (Allocation Failure) 23978K->435K(65984K), 0.0002210 secs]
717.588: [GC (Allocation Failure) 23294K->435K(65344K), 0.0002160 secs]
717.598: [GC (Allocation Failure) 22610K->435K(69824K), 0.0002170 secs]
717.662: [GC (Allocation Failure) 27107K->435K(68992K), 0.0002260 secs]
717.686: [GC (Allocation Failure) 26326K->435K(68224K), 0.0002110 secs]
717.701: [GC (Allocation Failure) 25545K->435K(67520K), 0.0002000 secs]
717.712: [GC (Allocation Failure) 24857K->435K(72448K), 0.0002710 secs]
717.775: [GC (Allocation Failure) 29745K->435K(78336K), 0.0002110 secs]
717.791: [GC (Allocation Failure) 35605K->435K(85440K), 0.0002030 secs]
717.844: [GC (Allocation Failure) 42735K->435K(83968K), 0.0002270 secs]
717.862: [GC (Allocation Failure) 41270K->435K(82560K), 0.0002200 secs]
717.883: [GC (Allocation Failure) 39902K->435K(81216K), 0.0002130 secs]
717.945: [GC (Allocation Failure) 38535K->435K(79936K), 0.0002270 secs]
717.961: [GC (Allocation Failure) 37265K->435K(78656K), 0.0002040 secs]
717.980: [GC (Allocation Failure) 35996K->435K(77440K), 0.0002000 secs]
718.000: [GC (Allocation Failure) 34726K->435K(76288K), 0.0002110 secs]
718.019: [GC (Allocation Failure) 33554K->435K(75200K), 0.0002180 secs]
718.033: [GC (Allocation Failure) 32479K->435K(74176K), 0.0002130 secs]
718.050: [GC (Allocation Failure) 31503K->435K(73152K), 0.0002050 secs]
718.068: [GC (Allocation Failure) 30428K->435K(79168K), 0.0002120 secs]
718.088: [GC (Allocation Failure) 36484K->435K(77952K), 0.0002140 secs]
718.107: [GC (Allocation Failure) 35312K->435K(76800K), 0.0002010 secs]
718.136: [GC (Allocation Failure) 34140K->435K(75712K), 0.0002750 secs]
718.165: [GC (Allocation Failure) 33065K->435K(74624K), 0.0002260 secs]
718.183: [GC (Allocation Failure) 31893K->435K(73600K), 0.0002040 secs]
718.197: [GC (Allocation Failure) 30917K->435K(72640K), 0.0002170 secs]
718.214: [GC (Allocation Failure) 29940K->435K(78592K), 0.0002210 secs]
718.238: [GC (Allocation Failure) 35898K->435K(77376K), 0.0002260 secs]
718.290: [GC (Allocation Failure) 34726K->435K(76224K), 0.0002130 secs]
718.308: [GC (Allocation Failure) 33554K->435K(75136K), 0.0002080 secs]
718.323: [GC (Allocation Failure) 32479K->435K(74112K), 0.0002150 secs]
718.346: [GC (Allocation Failure) 31405K->435K(73152K), 0.0002040 secs]
718.364: [GC (Allocation Failure) 30428K->435K(72192K), 0.0002150 secs]
718.377: [GC (Allocation Failure) 29549K->435K(78016K), 0.0002160 secs]
718.392: [GC (Allocation Failure) 35312K->435K(85056K), 0.0002040 secs]
718.430: [GC (Allocation Failure) 42344K->435K(83584K), 0.0002250 secs]
718.453: [GC (Allocation Failure) 40879K->435K(82176K), 0.0002130 secs]
718.472: [GC (Allocation Failure) 39512K->435K(80832K), 0.0002020 secs]
718.488: [GC (Allocation Failure) 38144K->435K(79552K), 0.0002140 secs]
718.504: [GC (Allocation Failure) 36875K->435K(78336K), 0.0002030 secs]
718.522: [GC (Allocation Failure) 35605K->435K(77184K), 0.0002090 secs]
718.540: [GC (Allocation Failure) 34530K->435K(76032K), 0.0002100 secs]
718.590: [GC (Allocation Failure) 33358K->435K(74944K), 0.0002770 secs]
718.604: [GC (Allocation Failure) 32284K->435K(81344K), 0.0003260 secs]
718.643: [GC (Allocation Failure) 38633K->435K(89024K), 0.0003330 secs]
718.663: [GC (Allocation Failure) 46349K->435K(98240K), 0.0002760 secs]
718.699: [GC (Allocation Failure) 55534K->435K(96128K), 0.0002240 secs]
718.727: [GC (Allocation Failure) 53483K->435K(94144K), 0.0001990 secs]
718.749: [GC (Allocation Failure) 51432K->435K(92224K), 0.0002130 secs]
718.770: [GC (Allocation Failure) 49572K->435K(90432K), 0.0002020 secs]
718.892: [GC (Allocation Failure) 47716K->435K(88704K), 0.0002040 secs]
718.942: [GC (Allocation Failure) 46056K->435K(87040K), 0.0002230 secs]
718.965: [GC (Allocation Failure) 44395K->435K(85440K), 0.0002110 secs]
718.990: [GC (Allocation Failure) 42735K->435K(83968K), 0.0002940 secs]
719.041: [GC (Allocation Failure) 41270K->435K(82560K), 0.0002120 secs]
719.151: [GC (Allocation Failure) 39902K->435K(81216K), 0.0002250 secs]
719.168: [GC (Allocation Failure) 38535K->435K(79936K), 0.0003690 secs]
719.184: [GC (Allocation Failure) 37265K->435K(78656K), 0.0002150 secs]
719.203: [GC (Allocation Failure) 35996K->435K(77440K), 0.0002130 secs]
719.222: [GC (Allocation Failure) 34726K->435K(76288K), 0.0002100 secs]
719.287: [GC (Allocation Failure) 33554K->435K(75200K), 0.0002160 secs]
719.381: [GC (Allocation Failure) 32479K->435K(74176K), 0.0002270 secs]
719.395: [GC (Allocation Failure) 31503K->435K(73152K), 0.0002720 secs]
719.408: [GC (Allocation Failure) 30428K->435K(79168K), 0.0002190 secs]
719.424: [GC (Allocation Failure) 36484K->435K(86400K), 0.0002130 secs]
719.444: [GC (Allocation Failure) 43712K->435K(95104K), 0.0002080 secs]
719.499: [GC (Allocation Failure) 52408K->435K(93120K), 0.0002230 secs]
719.521: [GC (Allocation Failure) 50455K->435K(91264K), 0.0002040 secs]
719.547: [GC (Allocation Failure) 48595K->435K(89472K), 0.0002110 secs]
719.568: [GC (Allocation Failure) 46739K->435K(87808K), 0.0002030 secs]
719.596: [GC (Allocation Failure) 45079K->435K(86208K), 0.0002230 secs]
719.619: [GC (Allocation Failure) 43516K->435K(84672K), 0.0002210 secs]
719.645: [GC (Allocation Failure) 41953K->435K(83200K), 0.0002170 secs]
719.663: [GC (Allocation Failure) 40488K->435K(81792K), 0.0002690 secs]
719.744: [GC (Allocation Failure) 39121K->435K(80448K), 0.0002150 secs]
719.760: [GC (Allocation Failure) 37754K->435K(79168K), 0.0002040 secs]
719.839: [GC (Allocation Failure) 36484K->435K(77952K), 0.0002040 secs]
719.888: [GC (Allocation Failure) 35312K->435K(76800K), 0.0002160 secs]
720.042: [GC (Allocation Failure) 34140K->435K(75712K), 0.0002210 secs]
720.056: [GC (Allocation Failure) 33065K->435K(74624K), 0.0002170 secs]
720.074: [GC (Allocation Failure) 31893K->435K(73600K), 0.0002100 secs]
720.087: [GC (Allocation Failure) 30917K->435K(72640K), 0.0002020 secs]
720.136: [GC (Allocation Failure) 29940K->435K(71744K), 0.0002120 secs]
720.186: [GC (Allocation Failure) 29061K->435K(70848K), 0.0002120 secs]
720.198: [GC (Allocation Failure) 28182K->435K(70016K), 0.0002020 secs]
720.210: [GC (Allocation Failure) 27303K->435K(75456K), 0.0002020 secs]
720.224: [GC (Allocation Failure) 32772K->435K(81984K), 0.0002130 secs]
720.245: [GC (Allocation Failure) 39316K->435K(89792K), 0.0002110 secs]
720.345: [GC (Allocation Failure) 47130K->435K(88064K), 0.0002260 secs]
720.368: [GC (Allocation Failure) 45372K->435K(86464K), 0.0002070 secs]
720.388: [GC (Allocation Failure) 43809K->435K(84928K), 0.0002050 secs]
720.423: [GC (Allocation Failure) 42247K->435K(83456K), 0.0002130 secs]
720.491: [GC (Allocation Failure) 40781K->435K(82048K), 0.0002130 secs]
720.512: [GC (Allocation Failure) 39316K->435K(80704K), 0.0002050 secs]
720.645: [GC (Allocation Failure) 38047K->435K(79424K), 0.0002180 secs]
720.662: [GC (Allocation Failure) 36777K->435K(78208K), 0.0002060 secs]
720.677: [GC (Allocation Failure) 35507K->435K(77056K), 0.0002020 secs]
720.739: [GC (Allocation Failure) 34335K->435K(75904K), 0.0002040 secs]
720.788: [GC (Allocation Failure) 33261K->435K(74816K), 0.0002020 secs]
720.867: [GC (Allocation Failure) 32089K->435K(73792K), 0.0002240 secs]
720.881: [GC (Allocation Failure) 31112K->435K(72832K), 0.0002030 secs]
720.941: [GC (Allocation Failure) 30135K->435K(71872K), 0.0002200 secs]
720.954: [GC (Allocation Failure) 29158K->435K(70976K), 0.0002270 secs]
720.991: [GC (Allocation Failure) 28279K->435K(70144K), 0.0002150 secs]
721.007: [GC (Allocation Failure) 27498K->435K(69312K), 0.0002200 secs]
721.019: [GC (Allocation Failure) 26619K->435K(74560K), 0.0002020 secs]
721.036: [GC (Allocation Failure) 31893K->435K(80896K), 0.0002110 secs]
721.089: [GC (Allocation Failure) 38242K->435K(79616K), 0.0002060 secs]
721.105: [GC (Allocation Failure) 36972K->435K(78400K), 0.0002150 secs]
721.121: [GC (Allocation Failure) 35702K->435K(77248K), 0.0002030 secs]
721.144: [GC (Allocation Failure) 34530K->435K(76096K), 0.0002790 secs]
721.158: [GC (Allocation Failure) 33456K->435K(82752K), 0.0002200 secs]
721.193: [GC (Allocation Failure) 40098K->435K(81344K), 0.0002270 secs]
721.209: [GC (Allocation Failure) 38633K->435K(80000K), 0.0002020 secs]
721.241: [GC (Allocation Failure) 37363K->435K(78720K), 0.0002040 secs]
721.290: [GC (Allocation Failure) 35996K->435K(77504K), 0.0002120 secs]
721.305: [GC (Allocation Failure) 34823K->435K(76352K), 0.0002130 secs]
721.324: [GC (Allocation Failure) 33651K->435K(75264K), 0.0002100 secs]
721.342: [GC (Allocation Failure) 32577K->435K(74240K), 0.0002170 secs]
721.358: [GC (Allocation Failure) 31600K->435K(73216K), 0.0002070 secs]
721.372: [GC (Allocation Failure) 30526K->435K(79296K), 0.0002020 secs]
721.391: [GC (Allocation Failure) 36582K->435K(86592K), 0.0002000 secs]
721.452: [GC (Allocation Failure) 43907K->435K(85056K), 0.0002180 secs]
721.470: [GC (Allocation Failure) 42344K->435K(83584K), 0.0002130 secs]
721.547: [GC (Allocation Failure) 40879K->435K(82176K), 0.0002230 secs]
721.564: [GC (Allocation Failure) 39512K->435K(80832K), 0.0002150 secs]
721.596: [GC (Allocation Failure) 38144K->435K(79552K), 0.0002120 secs]
721.616: [GC (Allocation Failure) 36875K->435K(78336K), 0.0002080 secs]
721.631: [GC (Allocation Failure) 35605K->435K(77184K), 0.0002130 secs]
721.794: [GC (Allocation Failure) 34530K->435K(76032K), 0.0002140 secs]
721.812: [GC (Allocation Failure) 33358K->435K(74944K), 0.0002090 secs]
721.826: [GC (Allocation Failure) 32284K->435K(73920K), 0.0002120 secs]
721.852: [GC (Allocation Failure) 31210K->435K(72960K), 0.0002180 secs]
721.869: [GC (Allocation Failure) 30233K->435K(72000K), 0.0002020 secs]
721.881: [GC (Allocation Failure) 29354K->435K(77824K), 0.0002060 secs]
721.897: [GC (Allocation Failure) 35116K->435K(84800K), 0.0002060 secs]
721.948: [GC (Allocation Failure) 42149K->435K(83328K), 0.0002120 secs]
721.966: [GC (Allocation Failure) 40684K->435K(91392K), 0.0003500 secs]
722.001: [GC (Allocation Failure) 48693K->435K(89600K), 0.0002130 secs]
722.022: [GC (Allocation Failure) 46935K->435K(87936K), 0.0002040 secs]
722.050: [GC (Allocation Failure) 45274K->435K(86336K), 0.0002150 secs]
722.069: [GC (Allocation Failure) 43614K->435K(84800K), 0.0002140 secs]
722.087: [GC (Allocation Failure) 42149K->435K(83328K), 0.0002000 secs]
722.148: [GC (Allocation Failure) 40684K->435K(81920K), 0.0002130 secs]
722.169: [GC (Allocation Failure) 39219K->435K(80576K), 0.0002020 secs]
722.189: [GC (Allocation Failure) 37851K->435K(79296K), 0.0002100 secs]
722.346: [GC (Allocation Failure) 36582K->435K(78080K), 0.0002060 secs]
722.362: [GC (Allocation Failure) 35409K->435K(76928K), 0.0002500 secs]
722.381: [GC (Allocation Failure) 34237K->435K(75840K), 0.0001990 secs]
722.400: [GC (Allocation Failure) 33163K->435K(74752K), 0.0002830 secs]
722.414: [GC (Allocation Failure) 32089K->435K(81088K), 0.0002860 secs]
722.444: [GC (Allocation Failure) 38437K->435K(88704K), 0.0002310 secs]
722.464: [GC (Allocation Failure) 46056K->435K(87040K), 0.0002040 secs]
722.500: [GC (Allocation Failure) 44395K->435K(85440K), 0.0002120 secs]
722.522: [GC (Allocation Failure) 42735K->435K(83968K), 0.0002050 secs]
722.540: [GC (Allocation Failure) 41270K->435K(82560K), 0.0002030 secs]
722.559: [GC (Allocation Failure) 39902K->435K(81216K), 0.0002010 secs]
722.649: [GC (Allocation Failure) 38535K->435K(79936K), 0.0002110 secs]
722.669: [GC (Allocation Failure) 37265K->435K(78656K), 0.0002030 secs]
722.685: [GC (Allocation Failure) 35996K->435K(77440K), 0.0002260 secs]
722.700: [GC (Allocation Failure) 34726K->435K(76288K), 0.0002020 secs]
722.714: [GC (Allocation Failure) 33554K->435K(82944K), 0.0002140 secs]
722.748: [GC (Allocation Failure) 40293K->435K(81536K), 0.0002220 secs]
722.769: [GC (Allocation Failure) 38828K->435K(80192K), 0.0002100 secs]
722.793: [GC (Allocation Failure) 37461K->435K(78912K), 0.0002700 secs]
722.943: [GC (Allocation Failure) 36191K->435K(77696K), 0.0002030 secs]
722.992: [GC (Allocation Failure) 35019K->435K(76544K), 0.0002030 secs]
723.043: [GC (Allocation Failure) 33847K->435K(75456K), 0.0002060 secs]
723.091: [GC (Allocation Failure) 32772K->435K(74432K), 0.0002240 secs]
723.105: [GC (Allocation Failure) 31698K->435K(73408K), 0.0002150 secs]
723.122: [GC (Allocation Failure) 30721K->435K(72448K), 0.0002150 secs]
723.135: [GC (Allocation Failure) 29745K->435K(71552K), 0.0002110 secs]
723.147: [GC (Allocation Failure) 28865K->435K(77248K), 0.0001980 secs]
723.162: [GC (Allocation Failure) 34530K->435K(84096K), 0.0002030 secs]
723.249: [GC (Allocation Failure) 41367K->435K(82624K), 0.0002180 secs]
723.267: [GC (Allocation Failure) 39902K->435K(81280K), 0.0002730 secs]
723.347: [GC (Allocation Failure) 38633K->435K(80000K), 0.0002220 secs]
723.363: [GC (Allocation Failure) 37363K->435K(78720K), 0.0002020 secs]
723.397: [GC (Allocation Failure) 35996K->435K(77504K), 0.0002220 secs]
723.412: [GC (Allocation Failure) 34823K->435K(76352K), 0.0002150 secs]
723.428: [GC (Allocation Failure) 33651K->435K(83008K), 0.0002690 secs]
723.445: [GC (Allocation Failure) 40293K->435K(91008K), 0.0002040 secs]
723.553: [GC (Allocation Failure) 48302K->435K(89216K), 0.0002200 secs]
723.573: [GC (Allocation Failure) 46544K->435K(87552K), 0.0002140 secs]
723.592: [GC (Allocation Failure) 44884K->435K(85952K), 0.0002130 secs]
723.647: [GC (Allocation Failure) 43223K->435K(84416K), 0.0002050 secs]
723.672: [GC (Allocation Failure) 41758K->435K(82944K), 0.0002120 secs]
723.690: [GC (Allocation Failure) 40293K->435K(81536K), 0.0002030 secs]
723.846: [GC (Allocation Failure) 38828K->435K(80192K), 0.0002130 secs]
723.899: [GC (Allocation Failure) 37461K->435K(78912K), 0.0002390 secs]
723.915: [GC (Allocation Failure) 36191K->435K(77696K), 0.0002130 secs]
723.934: [GC (Allocation Failure) 35019K->435K(76544K), 0.0002140 secs]
723.949: [GC (Allocation Failure) 33847K->435K(75456K), 0.0002050 secs]
724.092: [GC (Allocation Failure) 32772K->435K(74432K), 0.0002240 secs]
724.110: [GC (Allocation Failure) 31698K->435K(73408K), 0.0002100 secs]
724.168: [GC (Allocation Failure) 30721K->435K(72448K), 0.0003440 secs]
724.181: [GC (Allocation Failure) 29745K->435K(71552K), 0.0002280 secs]
724.194: [GC (Allocation Failure) 28865K->435K(77248K), 0.0002040 secs]
724.247: [GC (Allocation Failure) 34530K->435K(76096K), 0.0002110 secs]
724.261: [GC (Allocation Failure) 33456K->435K(75008K), 0.0002040 secs]
724.297: [GC (Allocation Failure) 32284K->435K(73984K), 0.0002120 secs]
724.311: [GC (Allocation Failure) 31307K->435K(73024K), 0.0002190 secs]
724.329: [GC (Allocation Failure) 30331K->435K(72064K), 0.0002210 secs]
724.354: [GC (Allocation Failure) 29354K->435K(71168K), 0.0002540 secs]
724.371: [GC (Allocation Failure) 28475K->435K(70336K), 0.0002050 secs]
724.387: [GC (Allocation Failure) 27693K->435K(75840K), 0.0002280 secs]
724.423: [GC (Allocation Failure) 33163K->435K(74752K), 0.0002190 secs]
724.437: [GC (Allocation Failure) 32089K->435K(81088K), 0.0002180 secs]
724.454: [GC (Allocation Failure) 38437K->435K(88704K), 0.0002030 secs]
724.502: [GC (Allocation Failure) 46056K->435K(87040K), 0.0002240 secs]
724.521: [GC (Allocation Failure) 44395K->435K(85440K), 0.0002020 secs]
724.548: [GC (Allocation Failure) 42735K->435K(83968K), 0.0002010 secs]
724.580: [GC (Allocation Failure) 41270K->435K(82560K), 0.0002110 secs]
724.597: [GC (Allocation Failure) 39902K->435K(81216K), 0.0002060 secs]
724.618: [GC (Allocation Failure) 38535K->435K(79936K), 0.0002210 secs]
724.699: [GC (Allocation Failure) 37265K->435K(78656K), 0.0002220 secs]
724.715: [GC (Allocation Failure) 35996K->435K(77440K), 0.0002010 secs]
724.730: [GC (Allocation Failure) 34726K->435K(76288K), 0.0002020 secs]
724.798: [GC (Allocation Failure) 33554K->435K(75200K), 0.0002210 secs]
724.812: [GC (Allocation Failure) 32479K->435K(74176K), 0.0002140 secs]
724.847: [GC (Allocation Failure) 31503K->435K(73152K), 0.0002210 secs]
724.864: [GC (Allocation Failure) 30428K->435K(72192K), 0.0002720 secs]
724.877: [GC (Allocation Failure) 29549K->435K(78016K), 0.0002280 secs]
724.893: [GC (Allocation Failure) 35312K->435K(85056K), 0.0002030 secs]
724.980: [GC (Allocation Failure) 42344K->435K(83584K), 0.0002070 secs]
724.998: [GC (Allocation Failure) 40879K->435K(82176K), 0.0002050 secs]
725.048: [GC (Allocation Failure) 39512K->435K(80832K), 0.0002040 secs]
725.079: [GC (Allocation Failure) 38144K->435K(79552K), 0.0002180 secs]
725.146: [GC (Allocation Failure) 36875K->435K(78336K), 0.0002140 secs]
725.165: [GC (Allocation Failure) 35605K->435K(77184K), 0.0002030 secs]
725.295: [GC (Allocation Failure) 34530K->435K(76032K), 0.0002250 secs]
725.310: [GC (Allocation Failure) 33358K->435K(74944K), 0.0002030 secs]
725.327: [GC (Allocation Failure) 32284K->435K(73920K), 0.0002130 secs]
725.345: [GC (Allocation Failure) 31210K->435K(72960K), 0.0002130 secs]
725.397: [GC (Allocation Failure) 30233K->435K(72000K), 0.0002070 secs]
725.410: [GC (Allocation Failure) 29354K->435K(71104K), 0.0002150 secs]
725.455: [GC (Allocation Failure) 28377K->435K(70272K), 0.0002260 secs]
725.468: [GC (Allocation Failure) 27596K->435K(69440K), 0.0002190 secs]
725.479: [GC (Allocation Failure) 26717K->435K(74752K), 0.0002030 secs]
725.548: [GC (Allocation Failure) 32089K->435K(73728K), 0.0002130 secs]
725.566: [GC (Allocation Failure) 31014K->435K(72768K), 0.0002050 secs]
725.581: [GC (Allocation Failure) 30038K->435K(71808K), 0.0002120 secs]
725.643: [GC (Allocation Failure) 29158K->435K(70912K), 0.0002050 secs]
725.663: [GC (Allocation Failure) 28182K->435K(70080K), 0.0002120 secs]
725.678: [GC (Allocation Failure) 27400K->435K(75520K), 0.0002840 secs]
725.693: [GC (Allocation Failure) 32870K->435K(82048K), 0.0002030 secs]
725.780: [GC (Allocation Failure) 39316K->435K(80704K), 0.0002250 secs]
725.801: [GC (Allocation Failure) 38047K->435K(79424K), 0.0002260 secs]
725.818: [GC (Allocation Failure) 36777K->435K(86720K), 0.0002710 secs]
725.841: [GC (Allocation Failure) 44005K->435K(85184K), 0.0002000 secs]
725.863: [GC (Allocation Failure) 42540K->435K(83712K), 0.0002110 secs]
725.881: [GC (Allocation Failure) 41074K->435K(82304K), 0.0002120 secs]
725.898: [GC (Allocation Failure) 39609K->435K(80960K), 0.0002110 secs]
725.948: [GC (Allocation Failure) 38242K->435K(79680K), 0.0002230 secs]
725.968: [GC (Allocation Failure) 36972K->435K(78464K), 0.0002080 secs]
726.001: [GC (Allocation Failure) 35800K->435K(77312K), 0.0002000 secs]
726.015: [GC (Allocation Failure) 34628K->435K(76160K), 0.0002020 secs]
726.090: [GC (Allocation Failure) 33456K->435K(75072K), 0.0002140 secs]
726.103: [GC (Allocation Failure) 32382K->435K(74048K), 0.0002010 secs]
726.117: [GC (Allocation Failure) 31405K->435K(73088K), 0.0002020 secs]
726.149: [GC (Allocation Failure) 30428K->435K(72128K), 0.0002170 secs]
726.166: [GC (Allocation Failure) 29451K->435K(71232K), 0.0002130 secs]
726.178: [GC (Allocation Failure) 28572K->435K(76864K), 0.0002150 secs]
726.247: [GC (Allocation Failure) 34140K->435K(75776K), 0.0002120 secs]
726.300: [GC (Allocation Failure) 33065K->435K(74688K), 0.0002230 secs]
726.317: [GC (Allocation Failure) 31991K->435K(73664K), 0.0002100 secs]
726.351: [GC (Allocation Failure) 31014K->435K(72704K), 0.0002770 secs]
726.420: [GC (Allocation Failure) 30038K->435K(71808K), 0.0002140 secs]
726.433: [GC (Allocation Failure) 29158K->435K(70912K), 0.0002030 secs]
726.491: [GC (Allocation Failure) 28182K->435K(70080K), 0.0002150 secs]
726.548: [GC (Allocation Failure) 27400K->435K(69248K), 0.0002170 secs]
726.563: [GC (Allocation Failure) 26521K->435K(68480K), 0.0002010 secs]
726.593: [GC (Allocation Failure) 25838K->435K(67712K), 0.0002140 secs]
726.608: [GC (Allocation Failure) 25052K->435K(67008K), 0.0002110 secs]
726.650: [GC (Allocation Failure) 24369K->435K(66304K), 0.0002110 secs]
726.660: [GC (Allocation Failure) 23587K->435K(65664K), 0.0002040 secs]
726.746: [GC (Allocation Failure) 23001K->435K(65024K), 0.0002220 secs]
726.756: [GC (Allocation Failure) 22317K->435K(69440K), 0.0002060 secs]
726.798: [GC (Allocation Failure) 26717K->435K(68672K), 0.0002160 secs]
726.809: [GC (Allocation Failure) 26033K->435K(73792K), 0.0002260 secs]
726.827: [GC (Allocation Failure) 31112K->435K(79936K), 0.0002700 secs]
726.847: [GC (Allocation Failure) 37265K->435K(87360K), 0.0002120 secs]
726.870: [GC (Allocation Failure) 44688K->435K(96256K), 0.0002030 secs]
726.893: [GC (Allocation Failure) 53580K->435K(94272K), 0.0002030 secs]
726.919: [GC (Allocation Failure) 51627K->435K(92352K), 0.0002010 secs]
726.941: [GC (Allocation Failure) 49670K->435K(90496K), 0.0002130 secs]
727.003: [GC (Allocation Failure) 47814K->435K(88768K), 0.0002220 secs]
727.022: [GC (Allocation Failure) 46056K->435K(87104K), 0.0002020 secs]
727.045: [GC (Allocation Failure) 44395K->435K(85504K), 0.0002210 secs]
727.105: [GC (Allocation Failure) 42833K->435K(83968K), 0.0002110 secs]
727.123: [GC (Allocation Failure) 41270K->435K(82560K), 0.0002120 secs]
727.144: [GC (Allocation Failure) 39902K->435K(81216K), 0.0001990 secs]
727.161: [GC (Allocation Failure) 38535K->435K(79936K), 0.0002110 secs]
727.243: [GC (Allocation Failure) 37265K->435K(78656K), 0.0002240 secs]
727.260: [GC (Allocation Failure) 35996K->435K(77440K), 0.0003160 secs]
727.302: [GC (Allocation Failure) 34726K->435K(76288K), 0.0002190 secs]
727.321: [GC (Allocation Failure) 33554K->435K(75200K), 0.0002300 secs]
727.335: [GC (Allocation Failure) 32479K->435K(74176K), 0.0002010 secs]
727.353: [GC (Allocation Failure) 31503K->435K(73152K), 0.0002130 secs]
727.371: [GC (Allocation Failure) 30428K->435K(72192K), 0.0002110 secs]
727.388: [GC (Allocation Failure) 29549K->435K(71296K), 0.0001980 secs]
727.447: [GC (Allocation Failure) 28572K->435K(70400K), 0.0002250 secs]
727.459: [GC (Allocation Failure) 27693K->435K(69568K), 0.0002010 secs]
727.553: [GC (Allocation Failure) 26912K->435K(68800K), 0.0002140 secs]
727.568: [GC (Allocation Failure) 26131K->435K(68032K), 0.0002100 secs]
727.583: [GC (Allocation Failure) 25349K->435K(67328K), 0.0002100 secs]
727.644: [GC (Allocation Failure) 24662K->435K(66624K), 0.0002760 secs]
727.694: [GC (Allocation Failure) 23978K->435K(65984K), 0.0002040 secs]
727.748: [GC (Allocation Failure) 23294K->435K(65344K), 0.0002200 secs]
727.762: [GC (Allocation Failure) 22610K->435K(64704K), 0.0002240 secs]
727.851: [GC (Allocation Failure) 22024K->435K(64128K), 0.0002070 secs]
727.862: [GC (Allocation Failure) 21438K->435K(63552K), 0.0002020 secs]
727.875: [GC (Allocation Failure) 20852K->435K(67648K), 0.0002730 secs]
727.890: [GC (Allocation Failure) 24955K->435K(72576K), 0.0002450 secs]
727.951: [GC (Allocation Failure) 29842K->435K(71680K), 0.0002140 secs]
727.964: [GC (Allocation Failure) 28963K->435K(77440K), 0.0002290 secs]
727.979: [GC (Allocation Failure) 34726K->435K(84352K), 0.0002120 secs]
728.001: [GC (Allocation Failure) 41660K->435K(92608K), 0.0002130 secs]
728.056: [GC (Allocation Failure) 49967K->435K(90752K), 0.0002040 secs]
728.155: [GC (Allocation Failure) 48107K->435K(89024K), 0.0002210 secs]
728.179: [GC (Allocation Failure) 46349K->435K(87360K), 0.0002120 secs]
728.254: [GC (Allocation Failure) 44688K->435K(85760K), 0.0002140 secs]
728.276: [GC (Allocation Failure) 43028K->435K(84224K), 0.0002090 secs]
728.302: [GC (Allocation Failure) 41563K->435K(82752K), 0.0002040 secs]
728.359: [GC (Allocation Failure) 40098K->435K(81344K), 0.0002250 secs]
728.381: [GC (Allocation Failure) 38633K->435K(80000K), 0.0002150 secs]
728.398: [GC (Allocation Failure) 37363K->435K(78720K), 0.0002640 secs]
728.418: [GC (Allocation Failure) 35996K->435K(77504K), 0.0002110 secs]
728.503: [GC (Allocation Failure) 34823K->435K(76352K), 0.0002030 secs]
728.518: [GC (Allocation Failure) 33651K->435K(75264K), 0.0002180 secs]
728.553: [GC (Allocation Failure) 32577K->435K(74240K), 0.0002120 secs]
728.571: [GC (Allocation Failure) 31600K->435K(73216K), 0.0002080 secs]
728.584: [GC (Allocation Failure) 30526K->435K(72256K), 0.0002280 secs]
728.601: [GC (Allocation Failure) 29549K->435K(71360K), 0.0002000 secs]
728.617: [GC (Allocation Failure) 28670K->435K(77056K), 0.0002110 secs]
728.635: [GC (Allocation Failure) 34335K->435K(83904K), 0.0002130 secs]
728.661: [GC (Allocation Failure) 41172K->435K(82496K), 0.0002130 secs]
728.752: [GC (Allocation Failure) 39805K->435K(81152K), 0.0002170 secs]
728.769: [GC (Allocation Failure) 38437K->435K(79872K), 0.0002760 secs]
728.801: [GC (Allocation Failure) 37168K->435K(78656K), 0.0002150 secs]
728.821: [GC (Allocation Failure) 35996K->435K(77440K), 0.0002230 secs]
728.854: [GC (Allocation Failure) 34726K->435K(76288K), 0.0002180 secs]
728.873: [GC (Allocation Failure) 33554K->435K(75200K), 0.0002040 secs]
728.903: [GC (Allocation Failure) 32479K->435K(74176K), 0.0002010 secs]
728.917: [GC (Allocation Failure) 31503K->435K(73152K), 0.0002110 secs]
728.930: [GC (Allocation Failure) 30428K->435K(79168K), 0.0002020 secs]
728.955: [GC (Allocation Failure) 36484K->435K(77952K), 0.0002090 secs]
728.975: [GC (Allocation Failure) 35312K->435K(76800K), 0.0002140 secs]
729.001: [GC (Allocation Failure) 34140K->435K(75712K), 0.0002130 secs]
729.019: [GC (Allocation Failure) 33065K->435K(74624K), 0.0002120 secs]
729.033: [GC (Allocation Failure) 31893K->435K(80960K), 0.0002140 secs]
729.050: [GC (Allocation Failure) 38242K->435K(88576K), 0.0002370 secs]
729.070: [GC (Allocation Failure) 45860K->435K(86912K), 0.0002060 secs]
729.105: [GC (Allocation Failure) 44200K->435K(85312K), 0.0002150 secs]
729.127: [GC (Allocation Failure) 42637K->435K(83840K), 0.0002730 secs]
729.149: [GC (Allocation Failure) 41172K->435K(82432K), 0.0002090 secs]
729.203: [GC (Allocation Failure) 39707K->435K(81088K), 0.0002800 secs]
729.219: [GC (Allocation Failure) 38437K->435K(79808K), 0.0002050 secs]
729.240: [GC (Allocation Failure) 37168K->435K(78592K), 0.0002240 secs]
729.256: [GC (Allocation Failure) 35898K->435K(77376K), 0.0002040 secs]
729.271: [GC (Allocation Failure) 34726K->435K(76224K), 0.0002010 secs]
729.285: [GC (Allocation Failure) 33554K->435K(82880K), 0.0002140 secs]
729.302: [GC (Allocation Failure) 40195K->435K(90880K), 0.0002030 secs]
729.323: [GC (Allocation Failure) 48204K->435K(89152K), 0.0002010 secs]
729.343: [GC (Allocation Failure) 46446K->435K(87488K), 0.0002020 secs]
729.366: [GC (Allocation Failure) 44786K->435K(85888K), 0.0002120 secs]
729.385: [GC (Allocation Failure) 43223K->435K(94464K), 0.0002740 secs]
729.458: [GC (Allocation Failure) 51822K->435K(92544K), 0.0002150 secs]
729.511: [GC (Allocation Failure) 49867K->435K(90688K), 0.0002210 secs]
729.536: [GC (Allocation Failure) 48009K->435K(88960K), 0.0002270 secs]
729.656: [GC (Allocation Failure) 46251K->435K(87296K), 0.0002750 secs]
729.709: [GC (Allocation Failure) 44591K->435K(85696K), 0.0002110 secs]
729.728: [GC (Allocation Failure) 43028K->435K(84160K), 0.0002700 secs]
729.758: [GC (Allocation Failure) 41465K->435K(82688K), 0.0002200 secs]
729.779: [GC (Allocation Failure) 40000K->435K(81344K), 0.0002010 secs]
729.804: [GC (Allocation Failure) 38633K->435K(80000K), 0.0002260 secs]
729.824: [GC (Allocation Failure) 37363K->435K(78720K), 0.0002110 secs]
729.860: [GC (Allocation Failure) 35996K->435K(77504K), 0.0002810 secs]
729.906: [GC (Allocation Failure) 34823K->435K(76352K), 0.0002830 secs]
729.921: [GC (Allocation Failure) 33651K->435K(75264K), 0.0002190 secs]
729.955: [GC (Allocation Failure) 32577K->435K(74240K), 0.0002240 secs]
729.974: [GC (Allocation Failure) 31600K->435K(73216K), 0.0002200 secs]
729.987: [GC (Allocation Failure) 30526K->435K(72256K), 0.0002020 secs]
730.053: [GC (Allocation Failure) 29549K->435K(71360K), 0.0002100 secs]
730.070: [GC (Allocation Failure) 28670K->435K(70464K), 0.0002160 secs]
730.082: [GC (Allocation Failure) 27791K->435K(75968K), 0.0002160 secs]
730.101: [GC (Allocation Failure) 33261K->435K(82560K), 0.0002110 secs]
730.171: [GC (Allocation Failure) 39902K->435K(81216K), 0.0002050 secs]
730.188: [GC (Allocation Failure) 38535K->435K(79936K), 0.0002020 secs]
730.204: [GC (Allocation Failure) 37265K->435K(78656K), 0.0002020 secs]
730.254: [GC (Allocation Failure) 35996K->435K(77440K), 0.0002090 secs]
730.302: [GC (Allocation Failure) 34726K->435K(76288K), 0.0002080 secs]
730.321: [GC (Allocation Failure) 33554K->435K(75200K), 0.0002120 secs]
730.351: [GC (Allocation Failure) 32479K->435K(74176K), 0.0002100 secs]
730.376: [GC (Allocation Failure) 31503K->435K(73152K), 0.0002460 secs]
730.393: [GC (Allocation Failure) 30428K->435K(72192K), 0.0002030 secs]
730.406: [GC (Allocation Failure) 29549K->435K(78016K), 0.0002460 secs]
730.442: [GC (Allocation Failure) 35312K->435K(76864K), 0.0002080 secs]
730.493: [GC (Allocation Failure) 34140K->435K(75776K), 0.0002060 secs]
730.556: [GC (Allocation Failure) 33065K->435K(74688K), 0.0002180 secs]
730.574: [GC (Allocation Failure) 31991K->435K(73664K), 0.0002050 secs]
730.588: [GC (Allocation Failure) 31014K->435K(72704K), 0.0002100 secs]
730.605: [GC (Allocation Failure) 30038K->435K(71808K), 0.0002140 secs]
730.654: [GC (Allocation Failure) 29158K->435K(70912K), 0.0002180 secs]
730.667: [GC (Allocation Failure) 28182K->435K(70080K), 0.0002020 secs]
730.682: [GC (Allocation Failure) 27400K->435K(69248K), 0.0002070 secs]
730.698: [GC (Allocation Failure) 26521K->435K(74496K), 0.0002180 secs]
730.715: [GC (Allocation Failure) 31796K->435K(80832K), 0.0002020 secs]
730.732: [GC (Allocation Failure) 38144K->435K(88384K), 0.0002140 secs]
730.752: [GC (Allocation Failure) 45665K->435K(97472K), 0.0002140 secs]
730.815: [GC (Allocation Failure) 54753K->435K(95424K), 0.0002220 secs]
730.842: [GC (Allocation Failure) 52701K->435K(93440K), 0.0002000 secs]
730.869: [GC (Allocation Failure) 50748K->435K(91584K), 0.0002690 secs]
730.913: [GC (Allocation Failure) 48888K->435K(89792K), 0.0002000 secs]
730.962: [GC (Allocation Failure) 47130K->435K(88064K), 0.0002800 secs]
730.982: [GC (Allocation Failure) 45372K->435K(86464K), 0.0002140 secs]
731.008: [GC (Allocation Failure) 43809K->435K(84928K), 0.0002170 secs]
731.058: [GC (Allocation Failure) 42247K->435K(83456K), 0.0002090 secs]
731.075: [GC (Allocation Failure) 40781K->435K(82048K), 0.0002050 secs]
731.096: [GC (Allocation Failure) 39316K->435K(80704K), 0.0002730 secs]
731.117: [GC (Allocation Failure) 38047K->435K(79424K), 0.0002840 secs]
731.133: [GC (Allocation Failure) 36777K->435K(78208K), 0.0002190 secs]
731.154: [GC (Allocation Failure) 35507K->435K(77056K), 0.0002050 secs]
731.207: [GC (Allocation Failure) 34335K->435K(75904K), 0.0002110 secs]
731.221: [GC (Allocation Failure) 33261K->435K(74816K), 0.0002030 secs]
731.239: [GC (Allocation Failure) 32089K->435K(73792K), 0.0002020 secs]
731.356: [GC (Allocation Failure) 31112K->435K(72832K), 0.0002090 secs]
731.369: [GC (Allocation Failure) 30135K->435K(71872K), 0.0002290 secs]
731.386: [GC (Allocation Failure) 29158K->435K(70976K), 0.0002140 secs]
731.452: [GC (Allocation Failure) 28279K->435K(70144K), 0.0002740 secs]
731.470: [GC (Allocation Failure) 27498K->435K(69312K), 0.0002170 secs]
731.482: [GC (Allocation Failure) 26619K->435K(74560K), 0.0003220 secs]
731.507: [GC (Allocation Failure) 31893K->435K(80896K), 0.0002430 secs]
731.528: [GC (Allocation Failure) 38242K->435K(88512K), 0.0002140 secs]
731.552: [GC (Allocation Failure) 45860K->435K(86848K), 0.0002100 secs]
731.571: [GC (Allocation Failure) 44200K->435K(85312K), 0.0002040 secs]
731.594: [GC (Allocation Failure) 42637K->435K(83840K), 0.0002100 secs]
731.661: [GC (Allocation Failure) 41172K->435K(82432K), 0.0002070 secs]
731.678: [GC (Allocation Failure) 39707K->435K(81088K), 0.0002040 secs]
731.759: [GC (Allocation Failure) 38437K->435K(79808K), 0.0002160 secs]
731.774: [GC (Allocation Failure) 37168K->435K(78592K), 0.0002000 secs]
731.805: [GC (Allocation Failure) 35898K->435K(77376K), 0.0002230 secs]
731.820: [GC (Allocation Failure) 34726K->435K(76224K), 0.0002020 secs]
731.834: [GC (Allocation Failure) 33554K->435K(75136K), 0.0002090 secs]
731.854: [GC (Allocation Failure) 32479K->435K(74112K), 0.0002250 secs]
731.867: [GC (Allocation Failure) 31405K->435K(80320K), 0.0002010 secs]
731.883: [GC (Allocation Failure) 37656K->435K(87808K), 0.0002130 secs]
731.903: [GC (Allocation Failure) 45079K->435K(96768K), 0.0002110 secs]
731.963: [GC (Allocation Failure) 54069K->435K(94720K), 0.0002240 secs]
731.989: [GC (Allocation Failure) 52018K->435K(92800K), 0.0002750 secs]
732.015: [GC (Allocation Failure) 50162K->435K(90944K), 0.0002120 secs]
732.036: [GC (Allocation Failure) 48302K->435K(89216K), 0.0002020 secs]
732.060: [GC (Allocation Failure) 46544K->435K(87552K), 0.0002110 secs]
732.113: [GC (Allocation Failure) 44884K->435K(85952K), 0.0002060 secs]
732.132: [GC (Allocation Failure) 43223K->435K(84416K), 0.0002040 secs]
732.181: [GC (Allocation Failure) 41758K->435K(82944K), 0.0002210 secs]
732.199: [GC (Allocation Failure) 40293K->435K(81536K), 0.0002100 secs]
732.215: [GC (Allocation Failure) 38828K->435K(80192K), 0.0002010 secs]
732.231: [GC (Allocation Failure) 37461K->435K(78912K), 0.0002000 secs]
732.274: [GC (Allocation Failure) 36191K->435K(77696K), 0.0002420 secs]
732.290: [GC (Allocation Failure) 35019K->435K(76544K), 0.0002220 secs]
732.309: [GC (Allocation Failure) 33847K->435K(75456K), 0.0002030 secs]
732.327: [GC (Allocation Failure) 32772K->435K(74432K), 0.0002100 secs]
732.342: [GC (Allocation Failure) 31698K->435K(73408K), 0.0002110 secs]
732.358: [GC (Allocation Failure) 30721K->435K(79488K), 0.0002720 secs]
732.374: [GC (Allocation Failure) 36777K->435K(86784K), 0.0002040 secs]
732.393: [GC (Allocation Failure) 44102K->435K(95552K), 0.0002050 secs]
732.416: [GC (Allocation Failure) 52897K->435K(93568K), 0.0001990 secs]
732.453: [GC (Allocation Failure) 50846K->435K(91712K), 0.0002150 secs]
732.500: [GC (Allocation Failure) 48986K->435K(89920K), 0.0002040 secs]
732.565: [GC (Allocation Failure) 47228K->435K(88192K), 0.0002220 secs]
732.588: [GC (Allocation Failure) 45470K->435K(86592K), 0.0002120 secs]
732.611: [GC (Allocation Failure) 43907K->435K(85056K), 0.0002160 secs]
732.633: [GC (Allocation Failure) 42344K->435K(83584K), 0.0002010 secs]
732.652: [GC (Allocation Failure) 40879K->435K(82176K), 0.0002060 secs]
732.673: [GC (Allocation Failure) 39512K->435K(80832K), 0.0002740 secs]
732.689: [GC (Allocation Failure) 38144K->435K(79552K), 0.0002040 secs]
732.710: [GC (Allocation Failure) 36875K->435K(78336K), 0.0002800 secs]
732.726: [GC (Allocation Failure) 35605K->435K(85440K), 0.0002750 secs]
732.767: [GC (Allocation Failure) 42735K->435K(83968K), 0.0002150 secs]
732.809: [GC (Allocation Failure) 41270K->435K(82560K), 0.0002250 secs]
732.830: [GC (Allocation Failure) 39902K->435K(81216K), 0.0002110 secs]
732.911: [GC (Allocation Failure) 38535K->435K(79936K), 0.0002070 secs]
732.931: [GC (Allocation Failure) 37265K->435K(78656K), 0.0002760 secs]
732.947: [GC (Allocation Failure) 35996K->435K(77440K), 0.0002020 secs]
732.974: [GC (Allocation Failure) 34726K->435K(76288K), 0.0002260 secs]
732.988: [GC (Allocation Failure) 33554K->435K(75200K), 0.0002020 secs]
733.005: [GC (Allocation Failure) 32479K->435K(74176K), 0.0002130 secs]
733.022: [GC (Allocation Failure) 31503K->435K(80448K), 0.0002210 secs]
733.111: [GC (Allocation Failure) 37754K->435K(79168K), 0.0002790 secs]
733.132: [GC (Allocation Failure) 36484K->435K(77952K), 0.0002100 secs]
733.151: [GC (Allocation Failure) 35312K->435K(76800K), 0.0002100 secs]
733.174: [GC (Allocation Failure) 34140K->435K(75712K), 0.0002770 secs]
733.192: [GC (Allocation Failure) 33065K->435K(74624K), 0.0002120 secs]
733.206: [GC (Allocation Failure) 31893K->435K(80960K), 0.0002180 secs]
733.262: [GC (Allocation Failure) 38242K->435K(79680K), 0.0002290 secs]
733.278: [GC (Allocation Failure) 36972K->435K(78464K), 0.0002120 secs]
733.362: [GC (Allocation Failure) 35800K->435K(77312K), 0.0002200 secs]
733.406: [GC (Allocation Failure) 34628K->435K(76160K), 0.0002220 secs]
733.425: [GC (Allocation Failure) 33456K->435K(75072K), 0.0002110 secs]
733.442: [GC (Allocation Failure) 32382K->435K(74048K), 0.0002000 secs]
733.468: [GC (Allocation Failure) 31405K->435K(73088K), 0.0002390 secs]
733.486: [GC (Allocation Failure) 30428K->435K(72128K), 0.0002700 secs]
733.502: [GC (Allocation Failure) 29451K->435K(71232K), 0.0002010 secs]
733.515: [GC (Allocation Failure) 28572K->435K(76864K), 0.0002050 secs]
733.529: [GC (Allocation Failure) 34140K->435K(83648K), 0.0002160 secs]
733.547: [GC (Allocation Failure) 40977K->435K(91776K), 0.0002000 secs]
733.572: [GC (Allocation Failure) 49084K->435K(89984K), 0.0002130 secs]
733.592: [GC (Allocation Failure) 47325K->435K(88256K), 0.0002010 secs]
733.674: [GC (Allocation Failure) 45567K->435K(86592K), 0.0002270 secs]
733.694: [GC (Allocation Failure) 43907K->435K(85056K), 0.0002120 secs]
733.765: [GC (Allocation Failure) 42344K->435K(83584K), 0.0002210 secs]
733.782: [GC (Allocation Failure) 40879K->435K(82176K), 0.0002110 secs]
733.813: [GC (Allocation Failure) 39512K->435K(80832K), 0.0002110 secs]
733.830: [GC (Allocation Failure) 38144K->435K(79552K), 0.0002130 secs]
733.846: [GC (Allocation Failure) 36875K->435K(78336K), 0.0002110 secs]
733.866: [GC (Allocation Failure) 35605K->435K(77184K), 0.0002130 secs]
733.885: [GC (Allocation Failure) 34530K->435K(76032K), 0.0002030 secs]
733.903: [GC (Allocation Failure) 33358K->435K(74944K), 0.0002200 secs]
733.918: [GC (Allocation Failure) 32284K->435K(81344K), 0.0002290 secs]
733.934: [GC (Allocation Failure) 38633K->435K(89024K), 0.0002260 secs]
733.958: [GC (Allocation Failure) 46349K->435K(98240K), 0.0002220 secs]
733.982: [GC (Allocation Failure) 55534K->435K(96128K), 0.0002140 secs]
734.116: [GC (Allocation Failure) 53483K->435K(94144K), 0.0002140 secs]
734.142: [GC (Allocation Failure) 51432K->435K(92224K), 0.0002710 secs]
734.167: [GC (Allocation Failure) 49572K->435K(90432K), 0.0002130 secs]
734.188: [GC (Allocation Failure) 47716K->435K(88704K), 0.0002740 secs]
734.217: [GC (Allocation Failure) 46056K->435K(87040K), 0.0003820 secs]
734.237: [GC (Allocation Failure) 44395K->435K(85440K), 0.0002140 secs]
734.255: [GC (Allocation Failure) 42735K->435K(83968K), 0.0002120 secs]
734.277: [GC (Allocation Failure) 41270K->435K(82560K), 0.0002130 secs]
734.294: [GC (Allocation Failure) 39902K->435K(81216K), 0.0002130 secs]
734.359: [GC (Allocation Failure) 38535K->435K(79936K), 0.0002240 secs]
734.380: [GC (Allocation Failure) 37265K->435K(78656K), 0.0002310 secs]
734.396: [GC (Allocation Failure) 35996K->435K(77440K), 0.0002020 secs]
734.411: [GC (Allocation Failure) 34726K->435K(76288K), 0.0002010 secs]
734.426: [GC (Allocation Failure) 33554K->435K(82944K), 0.0001990 secs]
734.447: [GC (Allocation Failure) 40293K->435K(90944K), 0.0002700 secs]
734.468: [GC (Allocation Failure) 48302K->435K(89216K), 0.0002140 secs]
734.492: [GC (Allocation Failure) 46544K->435K(87552K), 0.0002100 secs]
734.517: [GC (Allocation Failure) 44884K->435K(85952K), 0.0002740 secs]
734.536: [GC (Allocation Failure) 43223K->435K(84416K), 0.0002150 secs]
734.554: [GC (Allocation Failure) 41758K->435K(82944K), 0.0002030 secs]
734.575: [GC (Allocation Failure) 40293K->435K(81536K), 0.0002110 secs]
734.594: [GC (Allocation Failure) 38828K->435K(80192K), 0.0002090 secs]
734.614: [GC (Allocation Failure) 37461K->435K(78912K), 0.0002140 secs]
734.630: [GC (Allocation Failure) 36191K->435K(77696K), 0.0002020 secs]
734.649: [GC (Allocation Failure) 35019K->435K(76544K), 0.0002090 secs]
734.676: [GC (Allocation Failure) 33847K->435K(75456K), 0.0002790 secs]
734.708: [GC (Allocation Failure) 32772K->435K(74432K), 0.0002060 secs]
734.765: [GC (Allocation Failure) 31698K->435K(73408K), 0.0002130 secs]
734.778: [GC (Allocation Failure) 30721K->435K(72448K), 0.0002160 secs]
734.857: [GC (Allocation Failure) 29745K->435K(71552K), 0.0002050 secs]
734.907: [GC (Allocation Failure) 28865K->435K(70656K), 0.0002020 secs]
734.956: [GC (Allocation Failure) 27986K->435K(69824K), 0.0002030 secs]
734.968: [GC (Allocation Failure) 27107K->435K(68992K), 0.0002030 secs]
734.979: [GC (Allocation Failure) 26326K->435K(68224K), 0.0002120 secs]
735.005: [GC (Allocation Failure) 25545K->435K(67520K), 0.0002130 secs]
735.066: [GC (Allocation Failure) 24857K->435K(66816K), 0.0002230 secs]
735.081: [GC (Allocation Failure) 24173K->435K(66112K), 0.0002400 secs]
735.158: [GC (Allocation Failure) 23392K->435K(65472K), 0.0002240 secs]
735.172: [GC (Allocation Failure) 22806K->435K(64832K), 0.0002110 secs]
735.258: [GC (Allocation Failure) 22122K->435K(64256K), 0.0002060 secs]
735.267: [GC (Allocation Failure) 21536K->435K(68544K), 0.0003190 secs]
735.373: [GC (Allocation Failure) 25838K->435K(73664K), 0.0002820 secs]
735.391: [GC (Allocation Failure) 31014K->435K(79808K), 0.0002300 secs]
735.465: [GC (Allocation Failure) 37168K->435K(78592K), 0.0002130 secs]
735.484: [GC (Allocation Failure) 35898K->435K(77376K), 0.0002010 secs]
735.510: [GC (Allocation Failure) 34726K->435K(76224K), 0.0002150 secs]
735.545: [GC (Allocation Failure) 33554K->435K(75136K), 0.0002740 secs]
735.664: [GC (Allocation Failure) 32479K->435K(74112K), 0.0002040 secs]
735.712: [GC (Allocation Failure) 31405K->435K(73152K), 0.0002110 secs]
735.730: [GC (Allocation Failure) 30428K->435K(72192K), 0.0002290 secs]
735.758: [GC (Allocation Failure) 29549K->435K(71296K), 0.0002040 secs]
735.774: [GC (Allocation Failure) 28572K->435K(70400K), 0.0002690 secs]
735.790: [GC (Allocation Failure) 27693K->435K(69568K), 0.0002450 secs]
735.806: [GC (Allocation Failure) 26912K->435K(74880K), 0.0002290 secs]
735.824: [GC (Allocation Failure) 32186K->435K(81280K), 0.0002290 secs]
735.845: [GC (Allocation Failure) 38633K->435K(88960K), 0.0002270 secs]
735.886: [GC (Allocation Failure) 46251K->435K(87296K), 0.0002340 secs]
735.905: [GC (Allocation Failure) 44591K->435K(85696K), 0.0002050 secs]
735.975: [GC (Allocation Failure) 43028K->435K(84160K), 0.0002130 secs]
735.993: [GC (Allocation Failure) 41465K->435K(82688K), 0.0003220 secs]
736.063: [GC (Allocation Failure) 40000K->435K(81344K), 0.0002190 secs]
736.112: [GC (Allocation Failure) 38633K->435K(80000K), 0.0002140 secs]
736.132: [GC (Allocation Failure) 37363K->435K(78720K), 0.0002130 secs]
736.148: [GC (Allocation Failure) 35996K->435K(77504K), 0.0002120 secs]
736.167: [GC (Allocation Failure) 34823K->435K(76352K), 0.0002130 secs]
736.181: [GC (Allocation Failure) 33651K->435K(75264K), 0.0002170 secs]
736.268: [GC (Allocation Failure) 32577K->435K(74240K), 0.0002780 secs]
736.309: [GC (Allocation Failure) 31600K->435K(73216K), 0.0002170 secs]
736.326: [GC (Allocation Failure) 30526K->435K(72256K), 0.0002040 secs]
736.340: [GC (Allocation Failure) 29549K->435K(78144K), 0.0002760 secs]
736.359: [GC (Allocation Failure) 35409K->435K(76992K), 0.0002020 secs]
736.379: [GC (Allocation Failure) 34335K->435K(75904K), 0.0002100 secs]
736.411: [GC (Allocation Failure) 33261K->435K(74816K), 0.0002130 secs]
736.441: [GC (Allocation Failure) 32089K->435K(73792K), 0.0002290 secs]
736.458: [GC (Allocation Failure) 31112K->435K(72832K), 0.0002730 secs]
736.472: [GC (Allocation Failure) 30135K->435K(78784K), 0.0002260 secs]
736.487: [GC (Allocation Failure) 36093K->435K(85952K), 0.0002120 secs]
736.577: [GC (Allocation Failure) 43223K->435K(84416K), 0.0002280 secs]
736.595: [GC (Allocation Failure) 41758K->435K(82944K), 0.0001990 secs]
736.664: [GC (Allocation Failure) 40293K->435K(81536K), 0.0002020 secs]
736.713: [GC (Allocation Failure) 38828K->435K(80192K), 0.0002150 secs]
736.866: [GC (Allocation Failure) 37461K->435K(78912K), 0.0002140 secs]
736.882: [GC (Allocation Failure) 36191K->435K(77696K), 0.0002500 secs]
736.901: [GC (Allocation Failure) 35019K->435K(76544K), 0.0002110 secs]
736.965: [GC (Allocation Failure) 33847K->435K(75456K), 0.0002080 secs]
736.983: [GC (Allocation Failure) 32772K->435K(74432K), 0.0002000 secs]
737.014: [GC (Allocation Failure) 31698K->435K(73408K), 0.0002200 secs]
737.027: [GC (Allocation Failure) 30721K->435K(72448K), 0.0002120 secs]
737.044: [GC (Allocation Failure) 29745K->435K(71552K), 0.0002090 secs]
737.063: [GC (Allocation Failure) 28865K->435K(70656K), 0.0002320 secs]
737.075: [GC (Allocation Failure) 27986K->435K(76224K), 0.0002030 secs]
737.165: [GC (Allocation Failure) 33554K->435K(75136K), 0.0002100 secs]
737.179: [GC (Allocation Failure) 32479K->435K(74112K), 0.0002190 secs]
737.193: [GC (Allocation Failure) 31405K->435K(80320K), 0.0002150 secs]
737.263: [GC (Allocation Failure) 37656K->435K(79040K), 0.0002130 secs]
737.282: [GC (Allocation Failure) 36386K->435K(77824K), 0.0002020 secs]
737.301: [GC (Allocation Failure) 35116K->435K(76672K), 0.0002150 secs]
737.320: [GC (Allocation Failure) 33944K->435K(75584K), 0.0002030 secs]
737.335: [GC (Allocation Failure) 32870K->435K(82112K), 0.0002230 secs]
737.352: [GC (Allocation Failure) 39414K->435K(89920K), 0.0002130 secs]
737.471: [GC (Allocation Failure) 47228K->435K(88192K), 0.0002220 secs]
737.494: [GC (Allocation Failure) 45470K->435K(86592K), 0.0002130 secs]
737.566: [GC (Allocation Failure) 43907K->435K(85056K), 0.0002770 secs]
737.619: [GC (Allocation Failure) 42344K->435K(83584K), 0.0002120 secs]
737.637: [GC (Allocation Failure) 40879K->435K(82176K), 0.0002160 secs]
737.668: [GC (Allocation Failure) 39512K->435K(80832K), 0.0002170 secs]
737.764: [GC (Allocation Failure) 38144K->435K(79552K), 0.0002150 secs]
737.817: [GC (Allocation Failure) 36875K->435K(78336K), 0.0002210 secs]
737.833: [GC (Allocation Failure) 35605K->435K(77184K), 0.0002140 secs]
737.848: [GC (Allocation Failure) 34530K->435K(76032K), 0.0002110 secs]
737.912: [GC (Allocation Failure) 33358K->435K(74944K), 0.0002250 secs]
737.930: [GC (Allocation Failure) 32284K->435K(73920K), 0.0002090 secs]
737.980: [GC (Allocation Failure) 31210K->435K(72960K), 0.0002140 secs]
737.993: [GC (Allocation Failure) 30233K->435K(72000K), 0.0002020 secs]
738.011: [GC (Allocation Failure) 29354K->435K(71104K), 0.0002130 secs]
738.064: [GC (Allocation Failure) 28377K->435K(70272K), 0.0002210 secs]
738.076: [GC (Allocation Failure) 27596K->435K(69440K), 0.0002180 secs]
738.088: [GC (Allocation Failure) 26717K->435K(74752K), 0.0002020 secs]
738.106: [GC (Allocation Failure) 32089K->435K(81088K), 0.0002010 secs]
738.127: [GC (Allocation Failure) 38437K->435K(88704K), 0.0002090 secs]
738.148: [GC (Allocation Failure) 46056K->435K(87040K), 0.0002080 secs]
738.167: [GC (Allocation Failure) 44395K->435K(85440K), 0.0002020 secs]
738.220: [GC (Allocation Failure) 42735K->435K(83968K), 0.0002230 secs]
738.239: [GC (Allocation Failure) 41270K->435K(82560K), 0.0002020 secs]
738.260: [GC (Allocation Failure) 39902K->435K(81216K), 0.0001990 secs]
738.279: [GC (Allocation Failure) 38535K->435K(79936K), 0.0002160 secs]
738.295: [GC (Allocation Failure) 37265K->435K(78656K), 0.0002030 secs]
738.314: [GC (Allocation Failure) 35996K->435K(77440K), 0.0002250 secs]
738.333: [GC (Allocation Failure) 34726K->435K(76288K), 0.0002110 secs]
738.353: [GC (Allocation Failure) 33554K->435K(75200K), 0.0002010 secs]
738.368: [GC (Allocation Failure) 32479K->435K(81664K), 0.0003230 secs]
738.394: [GC (Allocation Failure) 39023K->435K(89408K), 0.0002380 secs]
738.429: [GC (Allocation Failure) 46739K->435K(87744K), 0.0002110 secs]
738.466: [GC (Allocation Failure) 45079K->435K(86144K), 0.0003320 secs]
738.485: [GC (Allocation Failure) 43419K->435K(84608K), 0.0002150 secs]
738.503: [GC (Allocation Failure) 41953K->435K(83136K), 0.0001990 secs]
738.616: [GC (Allocation Failure) 40488K->435K(81728K), 0.0002040 secs]
738.671: [GC (Allocation Failure) 39023K->435K(80384K), 0.0002160 secs]
738.691: [GC (Allocation Failure) 37656K->435K(79104K), 0.0002180 secs]
738.707: [GC (Allocation Failure) 36386K->435K(77888K), 0.0002100 secs]
738.726: [GC (Allocation Failure) 35214K->435K(76736K), 0.0002010 secs]
738.741: [GC (Allocation Failure) 34042K->435K(75648K), 0.0002180 secs]
738.764: [GC (Allocation Failure) 32968K->435K(74560K), 0.0002170 secs]
738.913: [GC (Allocation Failure) 31893K->435K(73536K), 0.0002030 secs]
738.963: [GC (Allocation Failure) 30819K->435K(72576K), 0.0002130 secs]
738.979: [GC (Allocation Failure) 29842K->435K(71680K), 0.0002110 secs]
738.992: [GC (Allocation Failure) 28963K->435K(70784K), 0.0002160 secs]
739.004: [GC (Allocation Failure) 28084K->435K(76352K), 0.0002030 secs]
739.023: [GC (Allocation Failure) 33651K->435K(83008K), 0.0002110 secs]
739.071: [GC (Allocation Failure) 40293K->435K(81600K), 0.0002060 secs]
739.087: [GC (Allocation Failure) 38926K->435K(80256K), 0.0002160 secs]
739.167: [GC (Allocation Failure) 37558K->435K(78976K), 0.0002260 secs]
739.183: [GC (Allocation Failure) 36289K->435K(77760K), 0.0002120 secs]
739.198: [GC (Allocation Failure) 35116K->435K(76608K), 0.0002020 secs]
739.264: [GC (Allocation Failure) 33944K->435K(75520K), 0.0002890 secs]
739.285: [GC (Allocation Failure) 32870K->435K(74496K), 0.0002200 secs]
739.313: [GC (Allocation Failure) 31796K->435K(73472K), 0.0002020 secs]
739.364: [GC (Allocation Failure) 30819K->435K(72512K), 0.0002370 secs]
739.381: [GC (Allocation Failure) 29842K->435K(71616K), 0.0002280 secs]
739.394: [GC (Allocation Failure) 28963K->435K(70720K), 0.0002110 secs]
739.412: [GC (Allocation Failure) 27986K->435K(69888K), 0.0002160 secs]
739.470: [GC (Allocation Failure) 27205K->435K(69056K), 0.0002110 secs]
739.485: [GC (Allocation Failure) 26326K->435K(68288K), 0.0002740 secs]
739.497: [GC (Allocation Failure) 25642K->435K(73344K), 0.0002290 secs]
739.510: [GC (Allocation Failure) 30624K->435K(79424K), 0.0002030 secs]
739.530: [GC (Allocation Failure) 36777K->435K(86720K), 0.0002020 secs]
739.549: [GC (Allocation Failure) 44005K->435K(95488K), 0.0002150 secs]
739.623: [GC (Allocation Failure) 52799K->435K(93504K), 0.0002140 secs]
739.648: [GC (Allocation Failure) 50846K->435K(91648K), 0.0002100 secs]
739.675: [GC (Allocation Failure) 48986K->435K(89856K), 0.0002010 secs]
739.696: [GC (Allocation Failure) 47130K->435K(88128K), 0.0002130 secs]
739.716: [GC (Allocation Failure) 45470K->435K(86528K), 0.0002010 secs]
739.773: [GC (Allocation Failure) 43809K->435K(84992K), 0.0002210 secs]
739.796: [GC (Allocation Failure) 42344K->435K(83520K), 0.0002140 secs]
739.873: [GC (Allocation Failure) 40879K->435K(82112K), 0.0002110 secs]
739.894: [GC (Allocation Failure) 39414K->435K(80768K), 0.0002080 secs]
739.914: [GC (Allocation Failure) 38047K->435K(79488K), 0.0002190 secs]
739.931: [GC (Allocation Failure) 36777K->435K(78272K), 0.0002140 secs]
739.950: [GC (Allocation Failure) 35605K->435K(77120K), 0.0002120 secs]
739.977: [GC (Allocation Failure) 34433K->435K(75968K), 0.0002040 secs]
739.992: [GC (Allocation Failure) 33261K->435K(74880K), 0.0002130 secs]
740.005: [GC (Allocation Failure) 32186K->435K(81280K), 0.0002030 secs]
740.071: [GC (Allocation Failure) 38633K->435K(80000K), 0.0002230 secs]
740.088: [GC (Allocation Failure) 37363K->435K(78720K), 0.0002030 secs]
740.107: [GC (Allocation Failure) 35996K->435K(77504K), 0.0002120 secs]
740.165: [GC (Allocation Failure) 34823K->435K(76352K), 0.0002730 secs]
740.215: [GC (Allocation Failure) 33651K->435K(75264K), 0.0002130 secs]
740.229: [GC (Allocation Failure) 32577K->435K(74240K), 0.0002030 secs]
740.243: [GC (Allocation Failure) 31600K->435K(73216K), 0.0002010 secs]
740.260: [GC (Allocation Failure) 30526K->435K(72256K), 0.0002090 secs]
740.367: [GC (Allocation Failure) 29549K->435K(71360K), 0.0002010 secs]
740.384: [GC (Allocation Failure) 28670K->435K(70464K), 0.0002160 secs]
740.396: [GC (Allocation Failure) 27791K->435K(75968K), 0.0002710 secs]
740.416: [GC (Allocation Failure) 33261K->435K(82560K), 0.0002080 secs]
740.436: [GC (Allocation Failure) 39902K->435K(90496K), 0.0002130 secs]
740.456: [GC (Allocation Failure) 47814K->435K(88768K), 0.0002020 secs]
740.507: [GC (Allocation Failure) 46056K->435K(87104K), 0.0002020 secs]
740.577: [GC (Allocation Failure) 44395K->435K(85504K), 0.0002140 secs]
740.674: [GC (Allocation Failure) 42833K->435K(83968K), 0.0002140 secs]
740.692: [GC (Allocation Failure) 41270K->435K(82560K), 0.0002140 secs]
740.713: [GC (Allocation Failure) 39902K->435K(81216K), 0.0002030 secs]
740.729: [GC (Allocation Failure) 38535K->435K(79936K), 0.0002150 secs]
740.768: [GC (Allocation Failure) 37265K->435K(78656K), 0.0002150 secs]
740.821: [GC (Allocation Failure) 35996K->435K(77440K), 0.0002240 secs]
740.840: [GC (Allocation Failure) 34726K->435K(76288K), 0.0002110 secs]
740.859: [GC (Allocation Failure) 33554K->435K(75200K), 0.0002100 secs]
740.873: [GC (Allocation Failure) 32479K->435K(74176K), 0.0002170 secs]
740.898: [GC (Allocation Failure) 31503K->435K(73152K), 0.0002050 secs]
740.915: [GC (Allocation Failure) 30428K->435K(72192K), 0.0002120 secs]
740.928: [GC (Allocation Failure) 29549K->435K(78016K), 0.0002040 secs]
741.021: [GC (Allocation Failure) 35312K->435K(76864K), 0.0002090 secs]
741.040: [GC (Allocation Failure) 34140K->435K(75776K), 0.0002030 secs]
741.054: [GC (Allocation Failure) 33065K->435K(74688K), 0.0002330 secs]
741.069: [GC (Allocation Failure) 31991K->435K(81024K), 0.0002040 secs]
741.089: [GC (Allocation Failure) 38340K->435K(88640K), 0.0002750 secs]
741.110: [GC (Allocation Failure) 45958K->435K(97792K), 0.0002040 secs]
741.183: [GC (Allocation Failure) 55143K->435K(95680K), 0.0002030 secs]
741.279: [GC (Allocation Failure) 52994K->435K(93696K), 0.0002230 secs]
741.302: [GC (Allocation Failure) 51041K->435K(91840K), 0.0002150 secs]
741.378: [GC (Allocation Failure) 49181K->435K(90048K), 0.0002220 secs]
741.399: [GC (Allocation Failure) 47325K->435K(88320K), 0.0002020 secs]
741.418: [GC (Allocation Failure) 45665K->435K(86656K), 0.0002130 secs]
741.526: [GC (Allocation Failure) 44005K->435K(85120K), 0.0002200 secs]
741.544: [GC (Allocation Failure) 42442K->435K(83648K), 0.0002050 secs]
741.562: [GC (Allocation Failure) 40977K->435K(82240K), 0.0002030 secs]
741.620: [GC (Allocation Failure) 39512K->435K(80896K), 0.0002130 secs]
741.636: [GC (Allocation Failure) 38242K->435K(79616K), 0.0002030 secs]
741.670: [GC (Allocation Failure) 36972K->435K(78400K), 0.0002220 secs]
741.690: [GC (Allocation Failure) 35702K->435K(77248K), 0.0002130 secs]
741.709: [GC (Allocation Failure) 34530K->435K(76096K), 0.0002030 secs]
741.723: [GC (Allocation Failure) 33456K->435K(75008K), 0.0002130 secs]
741.817: [GC (Allocation Failure) 32284K->435K(73984K), 0.0002130 secs]
741.835: [GC (Allocation Failure) 31307K->435K(73024K), 0.0002120 secs]
741.848: [GC (Allocation Failure) 30331K->435K(72064K), 0.0002150 secs]
741.879: [GC (Allocation Failure) 29354K->435K(71168K), 0.0002330 secs]
741.896: [GC (Allocation Failure) 28475K->435K(70336K), 0.0002150 secs]
741.912: [GC (Allocation Failure) 27693K->435K(69504K), 0.0002120 secs]
741.969: [GC (Allocation Failure) 26814K->435K(68736K), 0.0002100 secs]
741.981: [GC (Allocation Failure) 26033K->435K(73920K), 0.0003220 secs]
742.060: [GC (Allocation Failure) 31210K->435K(72960K), 0.0002230 secs]
742.077: [GC (Allocation Failure) 30233K->435K(78976K), 0.0002150 secs]
742.120: [GC (Allocation Failure) 36289K->435K(77760K), 0.0002130 secs]
742.135: [GC (Allocation Failure) 35116K->435K(76608K), 0.0002020 secs]
742.149: [GC (Allocation Failure) 33944K->435K(83328K), 0.0002730 secs]
742.225: [GC (Allocation Failure) 40684K->435K(81920K), 0.0002220 secs]
742.246: [GC (Allocation Failure) 39219K->435K(80576K), 0.0002100 secs]
742.271: [GC (Allocation Failure) 37851K->435K(79296K), 0.0002720 secs]
742.353: [GC (Allocation Failure) 36582K->435K(78080K), 0.0002190 secs]
742.372: [GC (Allocation Failure) 35409K->435K(76928K), 0.0002040 secs]
742.388: [GC (Allocation Failure) 34237K->435K(75840K), 0.0002210 secs]
742.423: [GC (Allocation Failure) 33163K->435K(74752K), 0.0002120 secs]
742.437: [GC (Allocation Failure) 32089K->435K(81088K), 0.0002790 secs]
742.475: [GC (Allocation Failure) 38437K->435K(79808K), 0.0002220 secs]
742.491: [GC (Allocation Failure) 37168K->435K(78592K), 0.0002030 secs]
742.520: [GC (Allocation Failure) 35898K->435K(77376K), 0.0002160 secs]
742.535: [GC (Allocation Failure) 34726K->435K(76224K), 0.0002040 secs]
742.673: [GC (Allocation Failure) 33554K->435K(75136K), 0.0002220 secs]
742.688: [GC (Allocation Failure) 32479K->435K(74112K), 0.0002770 secs]
742.702: [GC (Allocation Failure) 31405K->435K(80320K), 0.0002140 secs]
742.771: [GC (Allocation Failure) 37656K->435K(79040K), 0.0002260 secs]
742.791: [GC (Allocation Failure) 36386K->435K(77824K), 0.0002010 secs]
742.810: [GC (Allocation Failure) 35116K->435K(76672K), 0.0002590 secs]
742.973: [GC (Allocation Failure) 33944K->435K(75584K), 0.0002170 secs]
742.988: [GC (Allocation Failure) 32870K->435K(74560K), 0.0002280 secs]
743.005: [GC (Allocation Failure) 31893K->435K(73536K), 0.0002100 secs]
743.022: [GC (Allocation Failure) 30819K->435K(72576K), 0.0002130 secs]
743.039: [GC (Allocation Failure) 29842K->435K(71680K), 0.0002160 secs]
743.069: [GC (Allocation Failure) 28963K->435K(70784K), 0.0002250 secs]
743.081: [GC (Allocation Failure) 28084K->435K(76352K), 0.0002070 secs]
743.124: [GC (Allocation Failure) 33651K->435K(75264K), 0.0002140 secs]
743.142: [GC (Allocation Failure) 32577K->435K(74240K), 0.0002080 secs]
743.159: [GC (Allocation Failure) 31600K->435K(73216K), 0.0002260 secs]
743.172: [GC (Allocation Failure) 30526K->435K(79296K), 0.0002050 secs]
743.192: [GC (Allocation Failure) 36582K->435K(86592K), 0.0002030 secs]
743.215: [GC (Allocation Failure) 43907K->435K(85056K), 0.0002210 secs]
743.278: [GC (Allocation Failure) 42344K->435K(83584K), 0.0002240 secs]
743.296: [GC (Allocation Failure) 40879K->435K(82176K), 0.0002030 secs]
743.316: [GC (Allocation Failure) 39512K->435K(80832K), 0.0002090 secs]
743.376: [GC (Allocation Failure) 38144K->435K(79552K), 0.0002120 secs]
743.395: [GC (Allocation Failure) 36875K->435K(78336K), 0.0002140 secs]
743.411: [GC (Allocation Failure) 35605K->435K(77184K), 0.0002010 secs]
743.426: [GC (Allocation Failure) 34530K->435K(76032K), 0.0002020 secs]
743.477: [GC (Allocation Failure) 33358K->435K(74944K), 0.0002090 secs]
743.491: [GC (Allocation Failure) 32284K->435K(73920K), 0.0002180 secs]
743.573: [GC (Allocation Failure) 31210K->435K(72960K), 0.0002140 secs]
743.591: [GC (Allocation Failure) 30233K->435K(72000K), 0.0002300 secs]
743.604: [GC (Allocation Failure) 29354K->435K(71104K), 0.0002130 secs]
743.620: [GC (Allocation Failure) 28377K->435K(76736K), 0.0002010 secs]
743.635: [GC (Allocation Failure) 34042K->435K(83520K), 0.0002170 secs]
743.669: [GC (Allocation Failure) 40879K->435K(82112K), 0.0002260 secs]
743.686: [GC (Allocation Failure) 39414K->435K(80768K), 0.0002050 secs]
743.726: [GC (Allocation Failure) 38047K->435K(79488K), 0.0002230 secs]
743.742: [GC (Allocation Failure) 36777K->435K(86784K), 0.0002800 secs]
743.782: [GC (Allocation Failure) 44102K->435K(85248K), 0.0002410 secs]
743.805: [GC (Allocation Failure) 42540K->435K(83776K), 0.0002280 secs]
743.824: [GC (Allocation Failure) 41074K->435K(82368K), 0.0002170 secs]
743.845: [GC (Allocation Failure) 39707K->435K(81024K), 0.0002140 secs]
743.927: [GC (Allocation Failure) 38340K->435K(79744K), 0.0002050 secs]
743.946: [GC (Allocation Failure) 37070K->435K(78528K), 0.0002160 secs]
743.976: [GC (Allocation Failure) 35800K->435K(77312K), 0.0002170 secs]
743.991: [GC (Allocation Failure) 34628K->435K(76160K), 0.0002690 secs]
744.125: [GC (Allocation Failure) 33456K->435K(75072K), 0.0002150 secs]
744.143: [GC (Allocation Failure) 32382K->435K(74048K), 0.0002110 secs]
744.158: [GC (Allocation Failure) 31405K->435K(73088K), 0.0002080 secs]
744.176: [GC (Allocation Failure) 30428K->435K(72128K), 0.0002180 secs]
744.219: [GC (Allocation Failure) 29451K->435K(71232K), 0.0002140 secs]
744.236: [GC (Allocation Failure) 28572K->435K(70400K), 0.0002020 secs]
744.252: [GC (Allocation Failure) 27693K->435K(69568K), 0.0002210 secs]
744.280: [GC (Allocation Failure) 26912K->435K(74880K), 0.0003630 secs]
744.298: [GC (Allocation Failure) 32186K->435K(81280K), 0.0002330 secs]
744.354: [GC (Allocation Failure) 38633K->435K(80000K), 0.0002090 secs]
744.371: [GC (Allocation Failure) 37363K->435K(78720K), 0.0002090 secs]
744.388: [GC (Allocation Failure) 35996K->435K(77504K), 0.0002180 secs]
744.407: [GC (Allocation Failure) 34823K->435K(76352K), 0.0002090 secs]
744.433: [GC (Allocation Failure) 33651K->435K(75264K), 0.0002040 secs]
744.497: [GC (Allocation Failure) 32577K->435K(74240K), 0.0002270 secs]
744.515: [GC (Allocation Failure) 31600K->435K(73216K), 0.0002290 secs]
744.528: [GC (Allocation Failure) 30526K->435K(72256K), 0.0002020 secs]
744.545: [GC (Allocation Failure) 29549K->435K(71360K), 0.0002110 secs]
744.562: [GC (Allocation Failure) 28670K->435K(77056K), 0.0002270 secs]
744.580: [GC (Allocation Failure) 34335K->435K(83904K), 0.0002100 secs]
744.664: [GC (Allocation Failure) 41172K->435K(82496K), 0.0002740 secs]
744.682: [GC (Allocation Failure) 39805K->435K(81152K), 0.0002090 secs]
744.724: [GC (Allocation Failure) 38437K->435K(79872K), 0.0002070 secs]
744.774: [GC (Allocation Failure) 37168K->435K(78656K), 0.0002170 secs]
744.823: [GC (Allocation Failure) 35996K->435K(77440K), 0.0002760 secs]
744.872: [GC (Allocation Failure) 34726K->435K(76288K), 0.0002140 secs]
744.977: [GC (Allocation Failure) 33554K->435K(75200K), 0.0002250 secs]
744.992: [GC (Allocation Failure) 32479K->435K(74176K), 0.0002720 secs]
745.022: [GC (Allocation Failure) 31503K->435K(73152K), 0.0002240 secs]
745.035: [GC (Allocation Failure) 30428K->435K(72192K), 0.0002130 secs]
745.051: [GC (Allocation Failure) 29549K->435K(71296K), 0.0002140 secs]
745.064: [GC (Allocation Failure) 28572K->435K(76992K), 0.0002180 secs]
745.079: [GC (Allocation Failure) 34335K->435K(83776K), 0.0002030 secs]
745.101: [GC (Allocation Failure) 41074K->435K(91968K), 0.0002010 secs]
745.122: [GC (Allocation Failure) 49279K->435K(90176K), 0.0002230 secs]
745.175: [GC (Allocation Failure) 47521K->435K(88448K), 0.0002210 secs]
745.195: [GC (Allocation Failure) 45763K->435K(86784K), 0.0002140 secs]
745.214: [GC (Allocation Failure) 44102K->435K(85248K), 0.0002830 secs]
745.326: [GC (Allocation Failure) 42540K->435K(83776K), 0.0002040 secs]
745.361: [GC (Allocation Failure) 41074K->435K(82368K), 0.0002170 secs]
745.429: [GC (Allocation Failure) 39707K->435K(81024K), 0.0002720 secs]
745.446: [GC (Allocation Failure) 38340K->435K(79744K), 0.0002260 secs]
745.462: [GC (Allocation Failure) 37070K->435K(78528K), 0.0002130 secs]
745.482: [GC (Allocation Failure) 35800K->435K(77312K), 0.0002250 secs]
745.548: [GC (Allocation Failure) 34628K->435K(76160K), 0.0002140 secs]
745.563: [GC (Allocation Failure) 33456K->435K(75072K), 0.0002030 secs]
745.576: [GC (Allocation Failure) 32382K->435K(74048K), 0.0002050 secs]
745.626: [GC (Allocation Failure) 31405K->435K(73088K), 0.0002260 secs]
745.644: [GC (Allocation Failure) 30428K->435K(72128K), 0.0002380 secs]
745.675: [GC (Allocation Failure) 29451K->435K(71232K), 0.0002140 secs]
745.688: [GC (Allocation Failure) 28572K->435K(70400K), 0.0002180 secs]
745.725: [GC (Allocation Failure) 27693K->435K(69568K), 0.0002240 secs]
745.741: [GC (Allocation Failure) 26912K->435K(68800K), 0.0002150 secs]
745.757: [GC (Allocation Failure) 26131K->435K(68032K), 0.0002110 secs]
745.772: [GC (Allocation Failure) 25349K->435K(73024K), 0.0002160 secs]
745.785: [GC (Allocation Failure) 30331K->435K(79040K), 0.0002050 secs]
745.879: [GC (Allocation Failure) 36386K->435K(77824K), 0.0002150 secs]
745.898: [GC (Allocation Failure) 35116K->435K(76672K), 0.0002290 secs]
745.917: [GC (Allocation Failure) 33944K->435K(75584K), 0.0002020 secs]
746.023: [GC (Allocation Failure) 32870K->435K(74560K), 0.0002160 secs]
746.041: [GC (Allocation Failure) 31893K->435K(73536K), 0.0002120 secs]
746.116: [GC (Allocation Failure) 30819K->435K(72576K), 0.0002140 secs]
746.129: [GC (Allocation Failure) 29842K->435K(71680K), 0.0002020 secs]
746.172: [GC (Allocation Failure) 28963K->435K(70784K), 0.0002160 secs]
746.222: [GC (Allocation Failure) 28084K->435K(69952K), 0.0002130 secs]
746.238: [GC (Allocation Failure) 27303K->435K(69120K), 0.0002160 secs]
746.275: [GC (Allocation Failure) 26424K->435K(68352K), 0.0002150 secs]
746.286: [GC (Allocation Failure) 25642K->435K(67584K), 0.0002270 secs]
746.321: [GC (Allocation Failure) 24857K->435K(66880K), 0.0002270 secs]
746.335: [GC (Allocation Failure) 24173K->435K(66176K), 0.0002120 secs]
746.346: [GC (Allocation Failure) 23490K->435K(70848K), 0.0002270 secs]
746.371: [GC (Allocation Failure) 28182K->435K(76416K), 0.0003310 secs]
746.391: [GC (Allocation Failure) 33749K->435K(83136K), 0.0002030 secs]
746.408: [GC (Allocation Failure) 40488K->435K(91200K), 0.0002070 secs]
746.433: [GC (Allocation Failure) 48498K->435K(100864K), 0.0002710 secs]
746.460: [GC (Allocation Failure) 58171K->435K(98624K), 0.0001990 secs]
746.484: [GC (Allocation Failure) 55925K->435K(96512K), 0.0002030 secs]
746.507: [GC (Allocation Failure) 53873K->435K(94464K), 0.0002000 secs]
746.534: [GC (Allocation Failure) 51822K->435K(92544K), 0.0002130 secs]
746.580: [GC (Allocation Failure) 49867K->435K(90688K), 0.0002020 secs]
746.635: [GC (Allocation Failure) 48009K->435K(88960K), 0.0002090 secs]
746.659: [GC (Allocation Failure) 46251K->435K(87296K), 0.0002030 secs]
746.680: [GC (Allocation Failure) 44591K->435K(85696K), 0.0002160 secs]
746.702: [GC (Allocation Failure) 43028K->435K(84160K), 0.0002780 secs]
746.720: [GC (Allocation Failure) 41465K->435K(82688K), 0.0002160 secs]
746.782: [GC (Allocation Failure) 40000K->435K(81344K), 0.0002230 secs]
746.803: [GC (Allocation Failure) 38633K->435K(80000K), 0.0002120 secs]
746.819: [GC (Allocation Failure) 37363K->435K(78720K), 0.0002020 secs]
746.880: [GC (Allocation Failure) 35996K->435K(77504K), 0.0002750 secs]
746.895: [GC (Allocation Failure) 34823K->435K(76352K), 0.0002150 secs]
746.911: [GC (Allocation Failure) 33651K->435K(75264K), 0.0002110 secs]
746.977: [GC (Allocation Failure) 32577K->435K(74240K), 0.0002280 secs]
746.991: [GC (Allocation Failure) 31600K->435K(73216K), 0.0002030 secs]
747.079: [GC (Allocation Failure) 30526K->435K(72256K), 0.0002120 secs]
747.092: [GC (Allocation Failure) 29549K->435K(71360K), 0.0002310 secs]
747.105: [GC (Allocation Failure) 28670K->435K(77056K), 0.0002040 secs]
747.120: [GC (Allocation Failure) 34335K->435K(83904K), 0.0002030 secs]
747.137: [GC (Allocation Failure) 41172K->435K(92096K), 0.0002760 secs]
747.336: [GC (Allocation Failure) 49377K->435K(90304K), 0.0002240 secs]
747.360: [GC (Allocation Failure) 47618K->435K(88576K), 0.0002020 secs]
747.384: [GC (Allocation Failure) 45860K->435K(86912K), 0.0002100 secs]
747.403: [GC (Allocation Failure) 44200K->435K(85312K), 0.0002150 secs]
747.434: [GC (Allocation Failure) 42637K->435K(83840K), 0.0002810 secs]
747.455: [GC (Allocation Failure) 41172K->435K(82432K), 0.0002130 secs]
747.584: [GC (Allocation Failure) 39707K->435K(81088K), 0.0002250 secs]
747.605: [GC (Allocation Failure) 38437K->435K(79808K), 0.0002210 secs]
747.622: [GC (Allocation Failure) 37168K->435K(78592K), 0.0002600 secs]
747.638: [GC (Allocation Failure) 35898K->435K(77376K), 0.0002030 secs]
747.730: [GC (Allocation Failure) 34726K->435K(76224K), 0.0002180 secs]
747.749: [GC (Allocation Failure) 33554K->435K(75136K), 0.0002110 secs]
747.780: [GC (Allocation Failure) 32479K->435K(74112K), 0.0002220 secs]
747.797: [GC (Allocation Failure) 31405K->435K(73152K), 0.0002080 secs]
747.883: [GC (Allocation Failure) 30428K->435K(72192K), 0.0002090 secs]
747.900: [GC (Allocation Failure) 29549K->435K(71296K), 0.0002750 secs]
747.912: [GC (Allocation Failure) 28572K->435K(76992K), 0.0002120 secs]
747.927: [GC (Allocation Failure) 34335K->435K(83776K), 0.0002150 secs]
747.980: [GC (Allocation Failure) 41074K->435K(82368K), 0.0002030 secs]
748.033: [GC (Allocation Failure) 39707K->435K(81024K), 0.0002210 secs]
748.050: [GC (Allocation Failure) 38340K->435K(79744K), 0.0002020 secs]
748.065: [GC (Allocation Failure) 37070K->435K(78528K), 0.0002130 secs]
748.085: [GC (Allocation Failure) 35800K->435K(77312K), 0.0002140 secs]
748.169: [GC (Allocation Failure) 34628K->435K(76160K), 0.0002000 secs]
748.184: [GC (Allocation Failure) 33456K->435K(75072K), 0.0002740 secs]
748.227: [GC (Allocation Failure) 32382K->435K(74048K), 0.0002130 secs]
748.279: [GC (Allocation Failure) 31405K->435K(73088K), 0.0002090 secs]
748.296: [GC (Allocation Failure) 30428K->435K(72128K), 0.0002070 secs]
748.312: [GC (Allocation Failure) 29451K->435K(71232K), 0.0002030 secs]
748.325: [GC (Allocation Failure) 28572K->435K(76864K), 0.0002280 secs]
748.340: [GC (Allocation Failure) 34140K->435K(83648K), 0.0002760 secs]
748.358: [GC (Allocation Failure) 40977K->435K(91776K), 0.0001990 secs]
748.383: [GC (Allocation Failure) 49084K->435K(101568K), 0.0002710 secs]
748.410: [GC (Allocation Failure) 58855K->435K(99328K), 0.0002100 secs]
748.439: [GC (Allocation Failure) 56608K->435K(97152K), 0.0002260 secs]
748.466: [GC (Allocation Failure) 54459K->435K(95104K), 0.0002120 secs]
748.489: [GC (Allocation Failure) 52408K->435K(93120K), 0.0002130 secs]
748.584: [GC (Allocation Failure) 50455K->435K(91264K), 0.0002030 secs]
748.638: [GC (Allocation Failure) 48595K->435K(89472K), 0.0002140 secs]
748.658: [GC (Allocation Failure) 46739K->435K(87808K), 0.0002060 secs]
748.782: [GC (Allocation Failure) 45079K->435K(86208K), 0.0002120 secs]
748.801: [GC (Allocation Failure) 43516K->435K(84672K), 0.0002020 secs]
748.819: [GC (Allocation Failure) 41953K->435K(83200K), 0.0002140 secs]
748.881: [GC (Allocation Failure) 40488K->435K(81792K), 0.0002260 secs]
748.934: [GC (Allocation Failure) 39121K->435K(80448K), 0.0002210 secs]
748.950: [GC (Allocation Failure) 37754K->435K(79168K), 0.0002230 secs]
748.974: [GC (Allocation Failure) 36484K->435K(77952K), 0.0002100 secs]
749.084: [GC (Allocation Failure) 35312K->435K(76800K), 0.0002120 secs]
749.103: [GC (Allocation Failure) 34140K->435K(75712K), 0.0002060 secs]
749.117: [GC (Allocation Failure) 33065K->435K(74624K), 0.0002170 secs]
749.182: [GC (Allocation Failure) 31893K->435K(73600K), 0.0002390 secs]
749.196: [GC (Allocation Failure) 30917K->435K(72640K), 0.0002180 secs]
749.231: [GC (Allocation Failure) 29940K->435K(71744K), 0.0002110 secs]
749.247: [GC (Allocation Failure) 29061K->435K(70848K), 0.0002140 secs]
749.259: [GC (Allocation Failure) 28182K->435K(76416K), 0.0002180 secs]
749.283: [GC (Allocation Failure) 33749K->435K(83136K), 0.0003440 secs]
749.302: [GC (Allocation Failure) 40488K->435K(91200K), 0.0002630 secs]
749.331: [GC (Allocation Failure) 48498K->435K(89408K), 0.0002200 secs]
749.352: [GC (Allocation Failure) 46739K->435K(87744K), 0.0002050 secs]
749.371: [GC (Allocation Failure) 45079K->435K(86144K), 0.0002040 secs]
749.394: [GC (Allocation Failure) 43419K->435K(84608K), 0.0002020 secs]
749.414: [GC (Allocation Failure) 41953K->435K(83136K), 0.0002170 secs]
749.432: [GC (Allocation Failure) 40488K->435K(81728K), 0.0002020 secs]
749.449: [GC (Allocation Failure) 39023K->435K(80384K), 0.0002050 secs]
749.481: [GC (Allocation Failure) 37656K->435K(79104K), 0.0002120 secs]
749.534: [GC (Allocation Failure) 36386K->435K(77888K), 0.0002140 secs]
749.549: [GC (Allocation Failure) 35214K->435K(76736K), 0.0002150 secs]
749.568: [GC (Allocation Failure) 34042K->435K(75648K), 0.0002200 secs]
749.633: [GC (Allocation Failure) 32968K->435K(74560K), 0.0002170 secs]
749.647: [GC (Allocation Failure) 31893K->435K(73536K), 0.0002140 secs]
749.668: [GC (Allocation Failure) 30819K->435K(72576K), 0.0002100 secs]
749.685: [GC (Allocation Failure) 29842K->435K(71680K), 0.0002300 secs]
749.697: [GC (Allocation Failure) 28963K->435K(77440K), 0.0002140 secs]
749.733: [GC (Allocation Failure) 34726K->435K(76288K), 0.0002130 secs]
749.752: [GC (Allocation Failure) 33554K->435K(82944K), 0.0002760 secs]
749.770: [GC (Allocation Failure) 40293K->435K(90944K), 0.0002190 secs]
749.940: [GC (Allocation Failure) 48302K->435K(89216K), 0.0002390 secs]
749.960: [GC (Allocation Failure) 46544K->435K(87552K), 0.0002020 secs]
749.980: [GC (Allocation Failure) 44884K->435K(85952K), 0.0002020 secs]
750.002: [GC (Allocation Failure) 43223K->435K(84416K), 0.0002170 secs]
750.033: [GC (Allocation Failure) 41758K->435K(82944K), 0.0002120 secs]
750.054: [GC (Allocation Failure) 40293K->435K(81536K), 0.0002040 secs]
750.082: [GC (Allocation Failure) 38828K->435K(80192K), 0.0002750 secs]
750.171: [GC (Allocation Failure) 37461K->435K(78912K), 0.0002130 secs]
750.235: [GC (Allocation Failure) 36191K->435K(77696K), 0.0002230 secs]
750.250: [GC (Allocation Failure) 35019K->435K(76544K), 0.0002170 secs]
750.269: [GC (Allocation Failure) 33847K->435K(75456K), 0.0002180 secs]
750.292: [GC (Allocation Failure) 32772K->435K(74432K), 0.0002150 secs]
750.306: [GC (Allocation Failure) 31698K->435K(73408K), 0.0002200 secs]
750.333: [GC (Allocation Failure) 30721K->435K(72448K), 0.0002120 secs]
750.346: [GC (Allocation Failure) 29745K->435K(78336K), 0.0002910 secs]
750.366: [GC (Allocation Failure) 35605K->435K(85440K), 0.0002140 secs]
750.385: [GC (Allocation Failure) 42735K->435K(93952K), 0.0002040 secs]
750.411: [GC (Allocation Failure) 51236K->435K(92032K), 0.0002010 secs]
750.437: [GC (Allocation Failure) 49377K->435K(90240K), 0.0002120 secs]
750.457: [GC (Allocation Failure) 47521K->435K(88512K), 0.0002740 secs]
750.490: [GC (Allocation Failure) 45860K->435K(86848K), 0.0002260 secs]
750.510: [GC (Allocation Failure) 44200K->435K(85312K), 0.0002240 secs]
750.585: [GC (Allocation Failure) 42637K->435K(83840K), 0.0002260 secs]
750.608: [GC (Allocation Failure) 41172K->435K(82432K), 0.0002120 secs]
750.637: [GC (Allocation Failure) 39707K->435K(81088K), 0.0002070 secs]
750.657: [GC (Allocation Failure) 38437K->435K(79808K), 0.0002010 secs]
750.687: [GC (Allocation Failure) 37168K->435K(78592K), 0.0002190 secs]
750.706: [GC (Allocation Failure) 35898K->435K(77376K), 0.0002640 secs]
750.726: [GC (Allocation Failure) 34726K->435K(76224K), 0.0002030 secs]
750.744: [GC (Allocation Failure) 33554K->435K(75136K), 0.0002110 secs]
750.758: [GC (Allocation Failure) 32479K->435K(74112K), 0.0002020 secs]
750.772: [GC (Allocation Failure) 31405K->435K(80320K), 0.0002030 secs]
750.795: [GC (Allocation Failure) 37656K->435K(79040K), 0.0002130 secs]
750.811: [GC (Allocation Failure) 36386K->435K(86272K), 0.0002270 secs]
750.833: [GC (Allocation Failure) 43614K->435K(84736K), 0.0002140 secs]
750.884: [GC (Allocation Failure) 42051K->435K(83264K), 0.0002140 secs]
750.910: [GC (Allocation Failure) 40586K->435K(81856K), 0.0002040 secs]
750.933: [GC (Allocation Failure) 39219K->435K(80512K), 0.0002030 secs]
750.975: [GC (Allocation Failure) 37851K->435K(79232K), 0.0002130 secs]
751.086: [GC (Allocation Failure) 36582K->435K(78016K), 0.0002290 secs]
751.106: [GC (Allocation Failure) 35312K->435K(76864K), 0.0002000 secs]
751.125: [GC (Allocation Failure) 34140K->435K(75776K), 0.0002180 secs]
751.139: [GC (Allocation Failure) 33065K->435K(74688K), 0.0002030 secs]
751.153: [GC (Allocation Failure) 31991K->435K(73664K), 0.0002040 secs]
751.180: [GC (Allocation Failure) 31014K->435K(72704K), 0.0002150 secs]
751.193: [GC (Allocation Failure) 30038K->435K(71808K), 0.0002040 secs]
751.233: [GC (Allocation Failure) 29158K->435K(70912K), 0.0002230 secs]
751.246: [GC (Allocation Failure) 28182K->435K(76480K), 0.0002180 secs]
751.260: [GC (Allocation Failure) 33749K->435K(83200K), 0.0002030 secs]
751.282: [GC (Allocation Failure) 40488K->435K(91264K), 0.0002160 secs]
751.372: [GC (Allocation Failure) 48595K->435K(89472K), 0.0002060 secs]
751.392: [GC (Allocation Failure) 46739K->435K(87808K), 0.0002710 secs]
751.441: [GC (Allocation Failure) 45079K->435K(86208K), 0.0002110 secs]
751.463: [GC (Allocation Failure) 43516K->435K(84672K), 0.0002130 secs]
751.486: [GC (Allocation Failure) 41953K->435K(83200K), 0.0002290 secs]
751.504: [GC (Allocation Failure) 40488K->435K(81792K), 0.0002060 secs]
751.525: [GC (Allocation Failure) 39121K->435K(80448K), 0.0002170 secs]
751.576: [GC (Allocation Failure) 37754K->435K(79168K), 0.0001990 secs]
751.595: [GC (Allocation Failure) 36484K->435K(77952K), 0.0002100 secs]
751.687: [GC (Allocation Failure) 35312K->435K(76800K), 0.0002160 secs]
751.706: [GC (Allocation Failure) 34140K->435K(75712K), 0.0002140 secs]
751.720: [GC (Allocation Failure) 33065K->435K(74624K), 0.0002050 secs]
751.780: [GC (Allocation Failure) 31893K->435K(73600K), 0.0002210 secs]
751.795: [GC (Allocation Failure) 30917K->435K(72640K), 0.0002610 secs]
751.830: [GC (Allocation Failure) 29940K->435K(71744K), 0.0002040 secs]
751.892: [GC (Allocation Failure) 29061K->435K(70848K), 0.0002210 secs]
751.905: [GC (Allocation Failure) 28182K->435K(76416K), 0.0003220 secs]
751.974: [GC (Allocation Failure) 33749K->435K(75328K), 0.0002300 secs]
751.992: [GC (Allocation Failure) 32675K->435K(74304K), 0.0002730 secs]
752.010: [GC (Allocation Failure) 31600K->435K(73280K), 0.0002040 secs]
752.027: [GC (Allocation Failure) 30624K->435K(79360K), 0.0002180 secs]
752.047: [GC (Allocation Failure) 36679K->435K(78144K), 0.0002020 secs]
752.063: [GC (Allocation Failure) 35409K->435K(85184K), 0.0002130 secs]
752.081: [GC (Allocation Failure) 42540K->435K(83712K), 0.0002030 secs]
752.103: [GC (Allocation Failure) 41074K->435K(82304K), 0.0002010 secs]
752.124: [GC (Allocation Failure) 39609K->435K(80960K), 0.0002110 secs]
752.169: [GC (Allocation Failure) 38242K->435K(79680K), 0.0002030 secs]
752.184: [GC (Allocation Failure) 36972K->435K(78464K), 0.0002130 secs]
752.204: [GC (Allocation Failure) 35800K->435K(77312K), 0.0002000 secs]
752.219: [GC (Allocation Failure) 34628K->435K(76160K), 0.0002000 secs]
752.283: [GC (Allocation Failure) 33456K->435K(75072K), 0.0002120 secs]
752.336: [GC (Allocation Failure) 32382K->435K(74048K), 0.0002220 secs]
752.355: [GC (Allocation Failure) 31405K->435K(73088K), 0.0002720 secs]
752.372: [GC (Allocation Failure) 30428K->435K(72128K), 0.0002370 secs]
752.417: [GC (Allocation Failure) 29451K->435K(71232K), 0.0002130 secs]
752.433: [GC (Allocation Failure) 28572K->435K(70400K), 0.0002720 secs]
752.449: [GC (Allocation Failure) 27693K->435K(75904K), 0.0002830 secs]
752.464: [GC (Allocation Failure) 33261K->435K(82496K), 0.0002150 secs]
752.481: [GC (Allocation Failure) 39805K->435K(90432K), 0.0002030 secs]
752.506: [GC (Allocation Failure) 47716K->435K(99904K), 0.0002150 secs]
752.535: [GC (Allocation Failure) 57194K->435K(97728K), 0.0002820 secs]
752.563: [GC (Allocation Failure) 55046K->435K(95680K), 0.0002200 secs]
752.646: [GC (Allocation Failure) 52994K->435K(93696K), 0.0002120 secs]
752.668: [GC (Allocation Failure) 51041K->435K(91840K), 0.0002050 secs]
752.698: [GC (Allocation Failure) 49181K->435K(90048K), 0.0002310 secs]
752.719: [GC (Allocation Failure) 47325K->435K(88320K), 0.0002720 secs]
752.743: [GC (Allocation Failure) 45665K->435K(86656K), 0.0002120 secs]
752.762: [GC (Allocation Failure) 44005K->435K(85120K), 0.0002120 secs]
752.788: [GC (Allocation Failure) 42442K->435K(83648K), 0.0002200 secs]
752.841: [GC (Allocation Failure) 40977K->435K(82240K), 0.0002210 secs]
752.858: [GC (Allocation Failure) 39512K->435K(80896K), 0.0002240 secs]
752.940: [GC (Allocation Failure) 38242K->435K(79616K), 0.0002150 secs]
752.955: [GC (Allocation Failure) 36972K->435K(78400K), 0.0002100 secs]
752.977: [GC (Allocation Failure) 35702K->435K(77248K), 0.0002210 secs]
752.996: [GC (Allocation Failure) 34530K->435K(76096K), 0.0002710 secs]
753.011: [GC (Allocation Failure) 33456K->435K(75008K), 0.0002000 secs]
753.095: [GC (Allocation Failure) 32284K->435K(73984K), 0.0002120 secs]
753.108: [GC (Allocation Failure) 31307K->435K(73024K), 0.0002060 secs]
753.137: [GC (Allocation Failure) 30331K->435K(72064K), 0.0002120 secs]
753.150: [GC (Allocation Failure) 29354K->435K(71168K), 0.0002160 secs]
753.162: [GC (Allocation Failure) 28475K->435K(76800K), 0.0002170 secs]
753.177: [GC (Allocation Failure) 34140K->435K(83584K), 0.0002030 secs]
753.237: [GC (Allocation Failure) 40879K->435K(82176K), 0.0002140 secs]
753.258: [GC (Allocation Failure) 39512K->435K(80832K), 0.0002150 secs]
753.290: [GC (Allocation Failure) 38144K->435K(79552K), 0.0002110 secs]
753.310: [GC (Allocation Failure) 36875K->435K(78336K), 0.0002010 secs]
753.435: [GC (Allocation Failure) 35605K->435K(77184K), 0.0002230 secs]
753.450: [GC (Allocation Failure) 34530K->435K(76032K), 0.0002140 secs]
753.464: [GC (Allocation Failure) 33358K->435K(74944K), 0.0002030 secs]
753.538: [GC (Allocation Failure) 32284K->435K(73920K), 0.0002170 secs]
753.556: [GC (Allocation Failure) 31210K->435K(72960K), 0.0002010 secs]
753.570: [GC (Allocation Failure) 30233K->435K(72000K), 0.0002130 secs]
753.667: [GC (Allocation Failure) 29354K->435K(71104K), 0.0002050 secs]
753.679: [GC (Allocation Failure) 28377K->435K(70272K), 0.0002160 secs]
753.733: [GC (Allocation Failure) 27596K->435K(69440K), 0.0002270 secs]
753.744: [GC (Allocation Failure) 26717K->435K(68672K), 0.0002130 secs]
753.760: [GC (Allocation Failure) 26033K->435K(73792K), 0.0002010 secs]
753.773: [GC (Allocation Failure) 31112K->435K(79936K), 0.0002120 secs]
753.837: [GC (Allocation Failure) 37265K->435K(78656K), 0.0002180 secs]
753.895: [GC (Allocation Failure) 35996K->435K(77440K), 0.0002160 secs]
753.910: [GC (Allocation Failure) 34726K->435K(76288K), 0.0002040 secs]
753.973: [GC (Allocation Failure) 33554K->435K(75200K), 0.0002190 secs]
753.994: [GC (Allocation Failure) 32479K->435K(74176K), 0.0003080 secs]
754.054: [GC (Allocation Failure) 31503K->435K(73152K), 0.0002050 secs]
754.071: [GC (Allocation Failure) 30428K->435K(72192K), 0.0002050 secs]
754.084: [GC (Allocation Failure) 29549K->435K(71296K), 0.0002170 secs]
754.100: [GC (Allocation Failure) 28572K->435K(70400K), 0.0002130 secs]
754.137: [GC (Allocation Failure) 27693K->435K(69568K), 0.0002070 secs]
754.150: [GC (Allocation Failure) 26912K->435K(68800K), 0.0002140 secs]
754.166: [GC (Allocation Failure) 26131K->435K(73984K), 0.0002270 secs]
754.290: [GC (Allocation Failure) 31307K->435K(73024K), 0.0003300 secs]
754.303: [GC (Allocation Failure) 30331K->435K(79040K), 0.0002320 secs]
754.321: [GC (Allocation Failure) 36386K->435K(77824K), 0.0002020 secs]
754.356: [GC (Allocation Failure) 35116K->435K(76672K), 0.0002160 secs]
754.373: [GC (Allocation Failure) 33944K->435K(75584K), 0.0002470 secs]
754.418: [GC (Allocation Failure) 32870K->435K(74560K), 0.0002170 secs]
754.572: [GC (Allocation Failure) 31893K->435K(73536K), 0.0002110 secs]
754.585: [GC (Allocation Failure) 30819K->435K(72576K), 0.0002040 secs]
754.598: [GC (Allocation Failure) 29842K->435K(71680K), 0.0002230 secs]
754.615: [GC (Allocation Failure) 28963K->435K(70784K), 0.0002000 secs]
754.631: [GC (Allocation Failure) 28084K->435K(76352K), 0.0002170 secs]
754.646: [GC (Allocation Failure) 33651K->435K(83008K), 0.0002020 secs]
754.667: [GC (Allocation Failure) 40293K->435K(91008K), 0.0002110 secs]
754.688: [GC (Allocation Failure) 48302K->435K(89216K), 0.0001990 secs]
754.746: [GC (Allocation Failure) 46544K->435K(87552K), 0.0002810 secs]
754.769: [GC (Allocation Failure) 44884K->435K(85952K), 0.0002100 secs]
754.791: [GC (Allocation Failure) 43223K->435K(84416K), 0.0002010 secs]
754.894: [GC (Allocation Failure) 41758K->435K(82944K), 0.0002210 secs]
754.912: [GC (Allocation Failure) 40293K->435K(81536K), 0.0002130 secs]
754.975: [GC (Allocation Failure) 38828K->435K(80192K), 0.0002120 secs]
754.991: [GC (Allocation Failure) 37461K->435K(78912K), 0.0002000 secs]
755.011: [GC (Allocation Failure) 36191K->435K(77696K), 0.0002110 secs]
755.026: [GC (Allocation Failure) 35019K->435K(76544K), 0.0002140 secs]
755.096: [GC (Allocation Failure) 33847K->435K(75456K), 0.0002040 secs]
755.116: [GC (Allocation Failure) 32772K->435K(74432K), 0.0002190 secs]
755.130: [GC (Allocation Failure) 31698K->435K(73408K), 0.0002370 secs]
755.147: [GC (Allocation Failure) 30721K->435K(72448K), 0.0002120 secs]
755.160: [GC (Allocation Failure) 29745K->435K(78336K), 0.0002130 secs]
755.180: [GC (Allocation Failure) 35605K->435K(85440K), 0.0002130 secs]
755.202: [GC (Allocation Failure) 42735K->435K(83968K), 0.0002160 secs]
755.240: [GC (Allocation Failure) 41270K->435K(82560K), 0.0002140 secs]
755.261: [GC (Allocation Failure) 39902K->435K(81216K), 0.0002040 secs]
755.293: [GC (Allocation Failure) 38535K->435K(79936K), 0.0002100 secs]
755.313: [GC (Allocation Failure) 37265K->435K(78656K), 0.0002110 secs]
755.382: [GC (Allocation Failure) 35996K->435K(77440K), 0.0002220 secs]
755.402: [GC (Allocation Failure) 34726K->435K(76288K), 0.0002280 secs]
755.421: [GC (Allocation Failure) 33554K->435K(75200K), 0.0002110 secs]
755.435: [GC (Allocation Failure) 32479K->435K(74176K), 0.0002010 secs]
755.452: [GC (Allocation Failure) 31503K->435K(73152K), 0.0002140 secs]
755.470: [GC (Allocation Failure) 30428K->435K(72192K), 0.0002290 secs]
755.484: [GC (Allocation Failure) 29549K->435K(78016K), 0.0002770 secs]
755.539: [GC (Allocation Failure) 35312K->435K(76864K), 0.0002110 secs]
755.577: [GC (Allocation Failure) 34140K->435K(75776K), 0.0002140 secs]
755.592: [GC (Allocation Failure) 33065K->435K(74688K), 0.0002040 secs]
755.664: [GC (Allocation Failure) 31991K->435K(73664K), 0.0002020 secs]
755.691: [GC (Allocation Failure) 31014K->435K(72704K), 0.0002230 secs]
755.709: [GC (Allocation Failure) 30038K->435K(71808K), 0.0002610 secs]
755.722: [GC (Allocation Failure) 29158K->435K(77568K), 0.0002200 secs]
755.737: [GC (Allocation Failure) 34921K->435K(84480K), 0.0002110 secs]
755.791: [GC (Allocation Failure) 41758K->435K(83008K), 0.0002740 secs]
755.894: [GC (Allocation Failure) 40293K->435K(81600K), 0.0002030 secs]
755.911: [GC (Allocation Failure) 38926K->435K(80256K), 0.0002020 secs]
755.983: [GC (Allocation Failure) 37558K->435K(78976K), 0.0002400 secs]
756.003: [GC (Allocation Failure) 36289K->435K(77760K), 0.0002230 secs]
756.089: [GC (Allocation Failure) 35116K->435K(76608K), 0.0002030 secs]
756.142: [GC (Allocation Failure) 33944K->435K(75520K), 0.0002580 secs]
756.157: [GC (Allocation Failure) 32870K->435K(74496K), 0.0002040 secs]
756.192: [GC (Allocation Failure) 31796K->435K(73472K), 0.0002210 secs]
756.209: [GC (Allocation Failure) 30819K->435K(72512K), 0.0002100 secs]
756.303: [GC (Allocation Failure) 29842K->435K(71616K), 0.0002050 secs]
756.315: [GC (Allocation Failure) 28963K->435K(70720K), 0.0002040 secs]
756.331: [GC (Allocation Failure) 27986K->435K(69888K), 0.0002020 secs]
756.344: [GC (Allocation Failure) 27205K->435K(75264K), 0.0003220 secs]
756.365: [GC (Allocation Failure) 32577K->435K(81728K), 0.0002120 secs]
756.383: [GC (Allocation Failure) 39023K->435K(89472K), 0.0002010 secs]
756.403: [GC (Allocation Failure) 46739K->435K(98752K), 0.0002730 secs]
756.447: [GC (Allocation Failure) 56022K->435K(96640K), 0.0002210 secs]
756.471: [GC (Allocation Failure) 53971K->435K(94592K), 0.0002050 secs]
756.493: [GC (Allocation Failure) 51920K->435K(92672K), 0.0002020 secs]
756.514: [GC (Allocation Failure) 49967K->435K(90816K), 0.0002000 secs]
756.599: [GC (Allocation Failure) 48107K->435K(89088K), 0.0002090 secs]
756.623: [GC (Allocation Failure) 46446K->435K(87424K), 0.0002000 secs]
756.642: [GC (Allocation Failure) 44786K->435K(85824K), 0.0002220 secs]
756.694: [GC (Allocation Failure) 43126K->435K(84288K), 0.0002070 secs]
756.742: [GC (Allocation Failure) 41563K->435K(82816K), 0.0002260 secs]
756.764: [GC (Allocation Failure) 40098K->435K(81408K), 0.0002020 secs]
756.781: [GC (Allocation Failure) 38730K->435K(80064K), 0.0002150 secs]
756.801: [GC (Allocation Failure) 37363K->435K(78784K), 0.0002240 secs]
756.890: [GC (Allocation Failure) 36093K->435K(77568K), 0.0002140 secs]
756.905: [GC (Allocation Failure) 34921K->435K(76416K), 0.0002030 secs]
756.975: [GC (Allocation Failure) 33749K->435K(75328K), 0.0002160 secs]
756.990: [GC (Allocation Failure) 32675K->435K(74304K), 0.0002200 secs]
757.004: [GC (Allocation Failure) 31600K->435K(73280K), 0.0002140 secs]
757.017: [GC (Allocation Failure) 30624K->435K(79360K), 0.0002020 secs]
757.033: [GC (Allocation Failure) 36679K->435K(86656K), 0.0002020 secs]
757.169: [GC (Allocation Failure) 44005K->435K(85120K), 0.0002120 secs]
757.191: [GC (Allocation Failure) 42442K->435K(83648K), 0.0002000 secs]
757.247: [GC (Allocation Failure) 40977K->435K(82240K), 0.0002020 secs]
757.264: [GC (Allocation Failure) 39512K->435K(80896K), 0.0002030 secs]
757.292: [GC (Allocation Failure) 38242K->435K(79616K), 0.0002130 secs]
757.312: [GC (Allocation Failure) 36972K->435K(78400K), 0.0002050 secs]
757.341: [GC (Allocation Failure) 35702K->435K(77248K), 0.0002030 secs]
757.356: [GC (Allocation Failure) 34530K->435K(76096K), 0.0002090 secs]
757.373: [GC (Allocation Failure) 33456K->435K(75008K), 0.0002250 secs]
757.390: [GC (Allocation Failure) 32284K->435K(73984K), 0.0002110 secs]
757.494: [GC (Allocation Failure) 31307K->435K(73024K), 0.0002100 secs]
757.508: [GC (Allocation Failure) 30331K->435K(72064K), 0.0002180 secs]
757.539: [GC (Allocation Failure) 29354K->435K(71168K), 0.0002250 secs]
757.551: [GC (Allocation Failure) 28475K->435K(76800K), 0.0002120 secs]
757.566: [GC (Allocation Failure) 34140K->435K(83584K), 0.0002150 secs]
757.597: [GC (Allocation Failure) 40879K->435K(82176K), 0.0002190 secs]
757.614: [GC (Allocation Failure) 39512K->435K(90048K), 0.0002750 secs]
757.650: [GC (Allocation Failure) 47325K->435K(88320K), 0.0002110 secs]
757.674: [GC (Allocation Failure) 45665K->435K(86656K), 0.0002160 secs]
757.694: [GC (Allocation Failure) 44005K->435K(85120K), 0.0002050 secs]
757.716: [GC (Allocation Failure) 42442K->435K(83648K), 0.0002100 secs]
757.744: [GC (Allocation Failure) 40977K->435K(82240K), 0.0002270 secs]
757.766: [GC (Allocation Failure) 39512K->435K(80896K), 0.0002130 secs]
757.786: [GC (Allocation Failure) 38242K->435K(79616K), 0.0002440 secs]
757.803: [GC (Allocation Failure) 36972K->435K(78400K), 0.0002030 secs]
757.892: [GC (Allocation Failure) 35702K->435K(77248K), 0.0002070 secs]
757.977: [GC (Allocation Failure) 34530K->435K(76096K), 0.0002070 secs]
757.991: [GC (Allocation Failure) 33456K->435K(75008K), 0.0002050 secs]
758.045: [GC (Allocation Failure) 32284K->435K(73984K), 0.0002120 secs]
758.058: [GC (Allocation Failure) 31307K->435K(73024K), 0.0002280 secs]
758.076: [GC (Allocation Failure) 30331K->435K(72064K), 0.0002140 secs]
758.088: [GC (Allocation Failure) 29354K->435K(77888K), 0.0002030 secs]
758.107: [GC (Allocation Failure) 35214K->435K(76736K), 0.0002110 secs]
758.141: [GC (Allocation Failure) 34042K->435K(75648K), 0.0002130 secs]
758.164: [GC (Allocation Failure) 32968K->435K(74560K), 0.0002020 secs]
758.194: [GC (Allocation Failure) 31893K->435K(73536K), 0.0002130 secs]
758.212: [GC (Allocation Failure) 30819K->435K(72576K), 0.0002050 secs]
758.227: [GC (Allocation Failure) 29842K->435K(71680K), 0.0002280 secs]
758.344: [GC (Allocation Failure) 28963K->435K(70784K), 0.0002100 secs]
758.359: [GC (Allocation Failure) 28084K->435K(69952K), 0.0002290 secs]
758.373: [GC (Allocation Failure) 27303K->435K(75328K), 0.0002550 secs]
758.422: [GC (Allocation Failure) 32675K->435K(74304K), 0.0002250 secs]
758.440: [GC (Allocation Failure) 31600K->435K(73280K), 0.0002710 secs]
758.458: [GC (Allocation Failure) 30624K->435K(79360K), 0.0002400 secs]
758.497: [GC (Allocation Failure) 36679K->435K(78144K), 0.0002100 secs]
758.512: [GC (Allocation Failure) 35409K->435K(76992K), 0.0002030 secs]
758.573: [GC (Allocation Failure) 34335K->435K(75904K), 0.0002010 secs]
758.592: [GC (Allocation Failure) 33261K->435K(74816K), 0.0002000 secs]
758.645: [GC (Allocation Failure) 32089K->435K(73792K), 0.0002220 secs]
758.659: [GC (Allocation Failure) 31112K->435K(72832K), 0.0002150 secs]
758.676: [GC (Allocation Failure) 30135K->435K(71872K), 0.0002200 secs]
758.691: [GC (Allocation Failure) 29158K->435K(70976K), 0.0002050 secs]
758.743: [GC (Allocation Failure) 28279K->435K(70144K), 0.0002170 secs]
758.759: [GC (Allocation Failure) 27498K->435K(69312K), 0.0002310 secs]
758.789: [GC (Allocation Failure) 26619K->435K(68544K), 0.0002140 secs]
758.804: [GC (Allocation Failure) 25838K->435K(67776K), 0.0002130 secs]
758.815: [GC (Allocation Failure) 25052K->435K(72768K), 0.0002180 secs]
758.945: [GC (Allocation Failure) 30038K->435K(71808K), 0.0002260 secs]
758.958: [GC (Allocation Failure) 29158K->435K(77568K), 0.0002670 secs]
758.992: [GC (Allocation Failure) 34921K->435K(76416K), 0.0002160 secs]
759.046: [GC (Allocation Failure) 33749K->435K(75328K), 0.0002100 secs]
759.060: [GC (Allocation Failure) 32675K->435K(74304K), 0.0002250 secs]
759.092: [GC (Allocation Failure) 31600K->435K(73280K), 0.0002050 secs]
759.172: [GC (Allocation Failure) 30624K->435K(72320K), 0.0002400 secs]
759.187: [GC (Allocation Failure) 29647K->435K(71424K), 0.0002600 secs]
759.200: [GC (Allocation Failure) 28768K->435K(77120K), 0.0002190 secs]
759.246: [GC (Allocation Failure) 34433K->435K(75968K), 0.0002220 secs]
759.261: [GC (Allocation Failure) 33261K->435K(74880K), 0.0002170 secs]
759.275: [GC (Allocation Failure) 32186K->435K(81280K), 0.0002030 secs]
759.347: [GC (Allocation Failure) 38633K->435K(80000K), 0.0002180 secs]
759.363: [GC (Allocation Failure) 37363K->435K(78720K), 0.0002040 secs]
759.398: [GC (Allocation Failure) 35996K->435K(77504K), 0.0002220 secs]
759.413: [GC (Allocation Failure) 34823K->435K(76352K), 0.0002050 secs]
759.428: [GC (Allocation Failure) 33651K->435K(75264K), 0.0002120 secs]
759.493: [GC (Allocation Failure) 32577K->435K(74240K), 0.0002290 secs]
759.507: [GC (Allocation Failure) 31600K->435K(80512K), 0.0002750 secs]
759.594: [GC (Allocation Failure) 37851K->435K(79232K), 0.0002010 secs]
759.648: [GC (Allocation Failure) 36582K->435K(78016K), 0.0002200 secs]
759.667: [GC (Allocation Failure) 35312K->435K(76864K), 0.0002130 secs]
759.686: [GC (Allocation Failure) 34140K->435K(75776K), 0.0002440 secs]
759.776: [GC (Allocation Failure) 33065K->435K(74688K), 0.0002060 secs]
759.795: [GC (Allocation Failure) 31991K->435K(73664K), 0.0002110 secs]
759.846: [GC (Allocation Failure) 31014K->435K(72704K), 0.0002220 secs]
759.863: [GC (Allocation Failure) 30038K->435K(71808K), 0.0002100 secs]
759.892: [GC (Allocation Failure) 29158K->435K(70912K), 0.0002140 secs]
759.906: [GC (Allocation Failure) 28182K->435K(70080K), 0.0002260 secs]
759.922: [GC (Allocation Failure) 27400K->435K(69248K), 0.0002060 secs]
759.938: [GC (Allocation Failure) 26521K->435K(74496K), 0.0002170 secs]
759.956: [GC (Allocation Failure) 31796K->435K(80832K), 0.0002040 secs]
759.972: [GC (Allocation Failure) 38144K->435K(88384K), 0.0002060 secs]
760.003: [GC (Allocation Failure) 45665K->435K(86720K), 0.0002380 secs]
760.023: [GC (Allocation Failure) 44005K->435K(85184K), 0.0002150 secs]
760.042: [GC (Allocation Failure) 42540K->435K(83712K), 0.0002030 secs]
760.097: [GC (Allocation Failure) 41074K->435K(82304K), 0.0002220 secs]
760.114: [GC (Allocation Failure) 39609K->435K(80960K), 0.0002010 secs]
760.130: [GC (Allocation Failure) 38242K->435K(79680K), 0.0002010 secs]
760.199: [GC (Allocation Failure) 36972K->435K(78464K), 0.0002210 secs]
760.214: [GC (Allocation Failure) 35800K->435K(77312K), 0.0002120 secs]
760.233: [GC (Allocation Failure) 34628K->435K(76160K), 0.0002180 secs]
760.306: [GC (Allocation Failure) 33456K->435K(75072K), 0.0002140 secs]
760.324: [GC (Allocation Failure) 32382K->435K(74048K), 0.0002160 secs]
760.342: [GC (Allocation Failure) 31405K->435K(73088K), 0.0002580 secs]
760.358: [GC (Allocation Failure) 30428K->435K(72128K), 0.0002040 secs]
760.386: [GC (Allocation Failure) 29451K->435K(71232K), 0.0002250 secs]
760.402: [GC (Allocation Failure) 28572K->435K(70400K), 0.0002150 secs]
760.419: [GC (Allocation Failure) 27693K->435K(69568K), 0.0002180 secs]
760.435: [GC (Allocation Failure) 26912K->435K(74880K), 0.0002280 secs]
760.454: [GC (Allocation Failure) 32186K->435K(81280K), 0.0002150 secs]
760.475: [GC (Allocation Failure) 38633K->435K(80000K), 0.0002200 secs]
760.546: [GC (Allocation Failure) 37363K->435K(78720K), 0.0002120 secs]
760.565: [GC (Allocation Failure) 35996K->435K(77504K), 0.0002120 secs]
760.673: [GC (Allocation Failure) 34823K->435K(76352K), 0.0002220 secs]
760.688: [GC (Allocation Failure) 33651K->435K(75264K), 0.0002020 secs]
760.748: [GC (Allocation Failure) 32577K->435K(74240K), 0.0002220 secs]
760.766: [GC (Allocation Failure) 31600K->435K(73216K), 0.0002870 secs]
760.780: [GC (Allocation Failure) 30526K->435K(72256K), 0.0002140 secs]
760.847: [GC (Allocation Failure) 29549K->435K(71360K), 0.0002170 secs]
760.863: [GC (Allocation Failure) 28670K->435K(70464K), 0.0002070 secs]
760.875: [GC (Allocation Failure) 27791K->435K(75968K), 0.0002240 secs]
760.894: [GC (Allocation Failure) 33261K->435K(82560K), 0.0002110 secs]
760.916: [GC (Allocation Failure) 39902K->435K(90496K), 0.0002670 secs]
760.951: [GC (Allocation Failure) 47814K->435K(88768K), 0.0002050 secs]
760.971: [GC (Allocation Failure) 46056K->435K(87104K), 0.0002020 secs]
761.049: [GC (Allocation Failure) 44395K->435K(85504K), 0.0002030 secs]
761.104: [GC (Allocation Failure) 42833K->435K(83968K), 0.0002240 secs]
761.122: [GC (Allocation Failure) 41270K->435K(82560K), 0.0002180 secs]
761.143: [GC (Allocation Failure) 39902K->435K(81216K), 0.0002640 secs]
761.160: [GC (Allocation Failure) 38535K->435K(79936K), 0.0002140 secs]
761.176: [GC (Allocation Failure) 37265K->435K(78656K), 0.0002130 secs]
761.196: [GC (Allocation Failure) 35996K->435K(77440K), 0.0002040 secs]
761.246: [GC (Allocation Failure) 34726K->435K(76288K), 0.0002120 secs]
761.264: [GC (Allocation Failure) 33554K->435K(75200K), 0.0002730 secs]
761.279: [GC (Allocation Failure) 32479K->435K(81664K), 0.0002100 secs]
761.295: [GC (Allocation Failure) 39023K->435K(89408K), 0.0002010 secs]
761.347: [GC (Allocation Failure) 46739K->435K(87744K), 0.0002270 secs]
761.367: [GC (Allocation Failure) 45079K->435K(86144K), 0.0002040 secs]
761.389: [GC (Allocation Failure) 43419K->435K(84608K), 0.0002130 secs]
761.411: [GC (Allocation Failure) 41953K->435K(83136K), 0.0002090 secs]
761.507: [GC (Allocation Failure) 40488K->435K(81728K), 0.0002150 secs]
761.524: [GC (Allocation Failure) 39023K->435K(80384K), 0.0002030 secs]
761.606: [GC (Allocation Failure) 37656K->435K(79104K), 0.0002140 secs]
761.626: [GC (Allocation Failure) 36386K->435K(77888K), 0.0002130 secs]
761.641: [GC (Allocation Failure) 35214K->435K(76736K), 0.0002110 secs]
761.660: [GC (Allocation Failure) 34042K->435K(75648K), 0.0002120 secs]
761.678: [GC (Allocation Failure) 32968K->435K(74560K), 0.0002110 secs]
761.692: [GC (Allocation Failure) 31893K->435K(73536K), 0.0002040 secs]
761.706: [GC (Allocation Failure) 30819K->435K(79680K), 0.0002050 secs]
761.847: [GC (Allocation Failure) 36972K->435K(78464K), 0.0002250 secs]
761.867: [GC (Allocation Failure) 35800K->435K(77312K), 0.0002010 secs]
761.882: [GC (Allocation Failure) 34628K->435K(76160K), 0.0002090 secs]
761.946: [GC (Allocation Failure) 33456K->435K(75072K), 0.0002100 secs]
761.960: [GC (Allocation Failure) 32382K->435K(74048K), 0.0002020 secs]
761.999: [GC (Allocation Failure) 31405K->435K(73088K), 0.0002170 secs]
762.016: [GC (Allocation Failure) 30428K->435K(72128K), 0.0002020 secs]
762.032: [GC (Allocation Failure) 29451K->435K(71232K), 0.0002140 secs]
762.148: [GC (Allocation Failure) 28572K->435K(70400K), 0.0002110 secs]
762.164: [GC (Allocation Failure) 27693K->435K(69568K), 0.0002220 secs]
762.198: [GC (Allocation Failure) 26912K->435K(68800K), 0.0002000 secs]
762.213: [GC (Allocation Failure) 26131K->435K(68032K), 0.0002140 secs]
762.247: [GC (Allocation Failure) 25349K->435K(67328K), 0.0002160 secs]
762.258: [GC (Allocation Failure) 24662K->435K(72192K), 0.0002170 secs]
762.275: [GC (Allocation Failure) 29549K->435K(78016K), 0.0002140 secs]
762.294: [GC (Allocation Failure) 35312K->435K(76864K), 0.0001970 secs]
762.312: [GC (Allocation Failure) 34140K->435K(83648K), 0.0002200 secs]
762.332: [GC (Allocation Failure) 40977K->435K(82240K), 0.0002050 secs]
762.350: [GC (Allocation Failure) 39512K->435K(80896K), 0.0002090 secs]
762.380: [GC (Allocation Failure) 38242K->435K(79616K), 0.0002400 secs]
762.397: [GC (Allocation Failure) 36972K->435K(78400K), 0.0002200 secs]
762.413: [GC (Allocation Failure) 35702K->435K(77248K), 0.0002110 secs]
762.428: [GC (Allocation Failure) 34530K->435K(84096K), 0.0002080 secs]
762.446: [GC (Allocation Failure) 41367K->435K(92352K), 0.0002020 secs]
762.471: [GC (Allocation Failure) 49670K->435K(90496K), 0.0002110 secs]
762.504: [GC (Allocation Failure) 47814K->435K(88768K), 0.0002140 secs]
762.524: [GC (Allocation Failure) 46056K->435K(87104K), 0.0002130 secs]
762.555: [GC (Allocation Failure) 44395K->435K(85504K), 0.0002190 secs]
762.574: [GC (Allocation Failure) 42833K->435K(83968K), 0.0002420 secs]
762.596: [GC (Allocation Failure) 41270K->435K(82560K), 0.0002000 secs]
762.613: [GC (Allocation Failure) 39902K->435K(81216K), 0.0002130 secs]
762.654: [GC (Allocation Failure) 38535K->435K(79936K), 0.0002250 secs]
762.675: [GC (Allocation Failure) 37265K->435K(78656K), 0.0002270 secs]
762.692: [GC (Allocation Failure) 35996K->435K(85824K), 0.0004190 secs]
762.711: [GC (Allocation Failure) 43126K->435K(94400K), 0.0002050 secs]
762.855: [GC (Allocation Failure) 51725K->435K(92480K), 0.0002030 secs]
763.008: [GC (Allocation Failure) 49767K->435K(90624K), 0.0002140 secs]
763.029: [GC (Allocation Failure) 47911K->435K(88896K), 0.0002050 secs]
763.103: [GC (Allocation Failure) 46251K->435K(87232K), 0.0002130 secs]
763.126: [GC (Allocation Failure) 44591K->435K(85632K), 0.0002000 secs]
763.149: [GC (Allocation Failure) 42930K->435K(84096K), 0.0002130 secs]
763.171: [GC (Allocation Failure) 41367K->435K(82624K), 0.0002120 secs]
763.188: [GC (Allocation Failure) 39902K->435K(81280K), 0.0002120 secs]
763.205: [GC (Allocation Failure) 38633K->435K(80000K), 0.0002040 secs]
763.300: [GC (Allocation Failure) 37363K->435K(78720K), 0.0002140 secs]
763.319: [GC (Allocation Failure) 35996K->435K(77504K), 0.0002010 secs]
763.362: [GC (Allocation Failure) 34823K->435K(76352K), 0.0002190 secs]
763.402: [GC (Allocation Failure) 33651K->435K(75264K), 0.0002120 secs]
763.420: [GC (Allocation Failure) 32577K->435K(74240K), 0.0001980 secs]
763.438: [GC (Allocation Failure) 31600K->435K(73216K), 0.0002240 secs]
763.452: [GC (Allocation Failure) 30526K->435K(72256K), 0.0002150 secs]
763.509: [GC (Allocation Failure) 29549K->435K(71360K), 0.0002250 secs]
763.526: [GC (Allocation Failure) 28670K->435K(70464K), 0.0002330 secs]
763.575: [GC (Allocation Failure) 27791K->435K(69632K), 0.0002060 secs]
763.590: [GC (Allocation Failure) 26912K->435K(68864K), 0.0002150 secs]
763.606: [GC (Allocation Failure) 26131K->435K(68096K), 0.0002150 secs]
763.617: [GC (Allocation Failure) 25447K->435K(73152K), 0.0002670 secs]
763.651: [GC (Allocation Failure) 30428K->435K(79168K), 0.0002200 secs]
763.671: [GC (Allocation Failure) 36484K->435K(77952K), 0.0002010 secs]
763.699: [GC (Allocation Failure) 35312K->435K(76800K), 0.0002710 secs]
763.749: [GC (Allocation Failure) 34140K->435K(75712K), 0.0002120 secs]
763.767: [GC (Allocation Failure) 33065K->435K(74624K), 0.0002120 secs]
763.852: [GC (Allocation Failure) 31893K->435K(73600K), 0.0002180 secs]
763.865: [GC (Allocation Failure) 30917K->435K(79744K), 0.0003190 secs]
763.914: [GC (Allocation Failure) 37070K->435K(78528K), 0.0002330 secs]
763.931: [GC (Allocation Failure) 35800K->435K(77312K), 0.0002160 secs]
763.950: [GC (Allocation Failure) 34628K->435K(76160K), 0.0002130 secs]
763.965: [GC (Allocation Failure) 33456K->435K(82816K), 0.0002170 secs]
763.985: [GC (Allocation Failure) 40098K->435K(81408K), 0.0002030 secs]
764.001: [GC (Allocation Failure) 38730K->435K(80064K), 0.0002030 secs]
764.021: [GC (Allocation Failure) 37363K->435K(78784K), 0.0002160 secs]
764.150: [GC (Allocation Failure) 36093K->435K(77568K), 0.0002130 secs]
764.199: [GC (Allocation Failure) 34921K->435K(76416K), 0.0002160 secs]
764.253: [GC (Allocation Failure) 33749K->435K(75328K), 0.0002210 secs]
764.268: [GC (Allocation Failure) 32675K->435K(74304K), 0.0002120 secs]
764.298: [GC (Allocation Failure) 31600K->435K(73280K), 0.0002130 secs]
764.363: [GC (Allocation Failure) 30624K->435K(72320K), 0.0002550 secs]
764.387: [GC (Allocation Failure) 29647K->435K(71424K), 0.0002220 secs]
764.403: [GC (Allocation Failure) 28768K->435K(70528K), 0.0002110 secs]
764.419: [GC (Allocation Failure) 27889K->435K(69696K), 0.0002140 secs]
764.431: [GC (Allocation Failure) 27010K->435K(75072K), 0.0002170 secs]
764.445: [GC (Allocation Failure) 32382K->435K(81472K), 0.0002020 secs]
764.506: [GC (Allocation Failure) 38828K->435K(80128K), 0.0002220 secs]
764.526: [GC (Allocation Failure) 37461K->435K(78848K), 0.0002140 secs]
764.542: [GC (Allocation Failure) 36191K->435K(77632K), 0.0002390 secs]
764.557: [GC (Allocation Failure) 34921K->435K(84544K), 0.0001990 secs]
764.579: [GC (Allocation Failure) 41856K->435K(92864K), 0.0002700 secs]
764.605: [GC (Allocation Failure) 50162K->435K(91008K), 0.0002100 secs]
764.672: [GC (Allocation Failure) 48302K->435K(89216K), 0.0002280 secs]
764.694: [GC (Allocation Failure) 46544K->435K(87552K), 0.0003450 secs]
764.721: [GC (Allocation Failure) 44884K->435K(85952K), 0.0002050 secs]
764.740: [GC (Allocation Failure) 43223K->435K(84416K), 0.0002070 secs]
764.803: [GC (Allocation Failure) 41758K->435K(82944K), 0.0002170 secs]
764.825: [GC (Allocation Failure) 40293K->435K(81536K), 0.0002140 secs]
764.846: [GC (Allocation Failure) 38828K->435K(80192K), 0.0002730 secs]
764.866: [GC (Allocation Failure) 37461K->435K(78912K), 0.0002350 secs]
764.901: [GC (Allocation Failure) 36191K->435K(77696K), 0.0002130 secs]
764.920: [GC (Allocation Failure) 35019K->435K(76544K), 0.0002030 secs]
764.935: [GC (Allocation Failure) 33847K->435K(75456K), 0.0002160 secs]
765.050: [GC (Allocation Failure) 32772K->435K(74432K), 0.0002260 secs]
765.068: [GC (Allocation Failure) 31698K->435K(73408K), 0.0002710 secs]
765.082: [GC (Allocation Failure) 30721K->435K(79488K), 0.0002290 secs]
765.102: [GC (Allocation Failure) 36777K->435K(78272K), 0.0002120 secs]
765.134: [GC (Allocation Failure) 35605K->435K(77120K), 0.0002770 secs]
765.169: [GC (Allocation Failure) 34433K->435K(75968K), 0.0002120 secs]
765.183: [GC (Allocation Failure) 33261K->435K(74880K), 0.0002050 secs]
765.204: [GC (Allocation Failure) 32186K->435K(73856K), 0.0002220 secs]
765.221: [GC (Allocation Failure) 31210K->435K(72896K), 0.0002040 secs]
765.237: [GC (Allocation Failure) 30233K->435K(78912K), 0.0002150 secs]
765.306: [GC (Allocation Failure) 36191K->435K(77696K), 0.0002060 secs]
765.321: [GC (Allocation Failure) 35019K->435K(76544K), 0.0002280 secs]
765.340: [GC (Allocation Failure) 33847K->435K(75456K), 0.0002000 secs]
765.358: [GC (Allocation Failure) 32772K->435K(81984K), 0.0002890 secs]
765.376: [GC (Allocation Failure) 39316K->435K(89792K), 0.0002030 secs]
765.411: [GC (Allocation Failure) 47130K->435K(88064K), 0.0002100 secs]
765.431: [GC (Allocation Failure) 45372K->435K(86464K), 0.0002110 secs]
765.453: [GC (Allocation Failure) 43809K->435K(84928K), 0.0002130 secs]
765.472: [GC (Allocation Failure) 42247K->435K(83456K), 0.0002010 secs]
765.489: [GC (Allocation Failure) 40781K->435K(82048K), 0.0002030 secs]
765.547: [GC (Allocation Failure) 39316K->435K(80704K), 0.0002030 secs]
765.607: [GC (Allocation Failure) 38047K->435K(79424K), 0.0002250 secs]
765.624: [GC (Allocation Failure) 36777K->435K(78208K), 0.0002030 secs]
765.639: [GC (Allocation Failure) 35507K->435K(77056K), 0.0002010 secs]
765.665: [GC (Allocation Failure) 34335K->435K(75904K), 0.0002130 secs]
765.684: [GC (Allocation Failure) 33261K->435K(74816K), 0.0002020 secs]
765.697: [GC (Allocation Failure) 32089K->435K(73792K), 0.0002140 secs]
765.715: [GC (Allocation Failure) 31112K->435K(79936K), 0.0002220 secs]
765.757: [GC (Allocation Failure) 37265K->435K(78656K), 0.0002120 secs]
765.773: [GC (Allocation Failure) 35996K->435K(77440K), 0.0002120 secs]
765.788: [GC (Allocation Failure) 34726K->435K(84352K), 0.0002100 secs]
765.809: [GC (Allocation Failure) 41660K->435K(82880K), 0.0002110 secs]
765.831: [GC (Allocation Failure) 40195K->435K(81472K), 0.0002120 secs]
765.852: [GC (Allocation Failure) 38828K->435K(80128K), 0.0002000 secs]
765.872: [GC (Allocation Failure) 37461K->435K(78848K), 0.0002200 secs]
765.904: [GC (Allocation Failure) 36191K->435K(77632K), 0.0002090 secs]
765.919: [GC (Allocation Failure) 34921K->435K(76480K), 0.0002050 secs]
765.934: [GC (Allocation Failure) 33749K->435K(75392K), 0.0002160 secs]
765.952: [GC (Allocation Failure) 32675K->435K(74368K), 0.0002020 secs]
765.965: [GC (Allocation Failure) 31698K->435K(80640K), 0.0002280 secs]
765.986: [GC (Allocation Failure) 37949K->435K(88192K), 0.0002010 secs]
766.009: [GC (Allocation Failure) 45470K->435K(86592K), 0.0002210 secs]
766.057: [GC (Allocation Failure) 43907K->435K(85056K), 0.0002120 secs]
766.079: [GC (Allocation Failure) 42344K->435K(83584K), 0.0002030 secs]
766.097: [GC (Allocation Failure) 40879K->435K(82176K), 0.0002110 secs]
766.118: [GC (Allocation Failure) 39512K->435K(80832K), 0.0002220 secs]
766.148: [GC (Allocation Failure) 38144K->435K(79552K), 0.0002220 secs]
766.164: [GC (Allocation Failure) 36875K->435K(78336K), 0.0002120 secs]
766.183: [GC (Allocation Failure) 35605K->435K(77184K), 0.0002100 secs]
766.203: [GC (Allocation Failure) 34530K->435K(76032K), 0.0002070 secs]
766.256: [GC (Allocation Failure) 33358K->435K(74944K), 0.0002050 secs]
766.271: [GC (Allocation Failure) 32284K->435K(73920K), 0.0002110 secs]
766.302: [GC (Allocation Failure) 31210K->435K(72960K), 0.0002090 secs]
766.354: [GC (Allocation Failure) 30233K->435K(72000K), 0.0002220 secs]
766.367: [GC (Allocation Failure) 29354K->435K(71104K), 0.0002030 secs]
766.384: [GC (Allocation Failure) 28377K->435K(70272K), 0.0002270 secs]
766.401: [GC (Allocation Failure) 27596K->435K(69440K), 0.0002090 secs]
766.415: [GC (Allocation Failure) 26717K->435K(74752K), 0.0002130 secs]
766.444: [GC (Allocation Failure) 32089K->435K(73728K), 0.0002140 secs]
766.496: [GC (Allocation Failure) 31014K->435K(72768K), 0.0002100 secs]
766.513: [GC (Allocation Failure) 30038K->435K(71808K), 0.0002210 secs]
766.526: [GC (Allocation Failure) 29158K->435K(70912K), 0.0002030 secs]
766.555: [GC (Allocation Failure) 28182K->435K(70080K), 0.0002110 secs]
766.567: [GC (Allocation Failure) 27400K->435K(75520K), 0.0002160 secs]
766.603: [GC (Allocation Failure) 32870K->435K(74496K), 0.0002040 secs]
766.668: [GC (Allocation Failure) 31796K->435K(73472K), 0.0002260 secs]
766.686: [GC (Allocation Failure) 30819K->435K(72512K), 0.0002720 secs]
766.703: [GC (Allocation Failure) 29842K->435K(71616K), 0.0002110 secs]
766.755: [GC (Allocation Failure) 28963K->435K(70720K), 0.0002070 secs]
766.768: [GC (Allocation Failure) 27986K->435K(69888K), 0.0002240 secs]
766.783: [GC (Allocation Failure) 27205K->435K(75264K), 0.0001980 secs]
766.802: [GC (Allocation Failure) 32577K->435K(74240K), 0.0002090 secs]
766.820: [GC (Allocation Failure) 31600K->435K(80512K), 0.0002800 secs]
766.839: [GC (Allocation Failure) 37851K->435K(88000K), 0.0002140 secs]
766.863: [GC (Allocation Failure) 45274K->435K(86400K), 0.0002150 secs]
766.908: [GC (Allocation Failure) 43712K->435K(84864K), 0.0002020 secs]
766.980: [GC (Allocation Failure) 42149K->435K(83392K), 0.0002790 secs]
766.998: [GC (Allocation Failure) 40684K->435K(81984K), 0.0002230 secs]
767.018: [GC (Allocation Failure) 39316K->435K(80640K), 0.0002130 secs]
767.060: [GC (Allocation Failure) 37949K->435K(79360K), 0.0002050 secs]
767.080: [GC (Allocation Failure) 36679K->435K(78144K), 0.0002040 secs]
767.095: [GC (Allocation Failure) 35409K->435K(76992K), 0.0002120 secs]
767.117: [GC (Allocation Failure) 34335K->435K(75904K), 0.0002690 secs]
767.157: [GC (Allocation Failure) 33261K->435K(74816K), 0.0002160 secs]
767.172: [GC (Allocation Failure) 32089K->435K(73792K), 0.0002030 secs]
767.207: [GC (Allocation Failure) 31112K->435K(72832K), 0.0002240 secs]
767.220: [GC (Allocation Failure) 30135K->435K(71872K), 0.0002030 secs]
767.343: [GC (Allocation Failure) 29158K->435K(70976K), 0.0002200 secs]
767.360: [GC (Allocation Failure) 28279K->435K(70144K), 0.0002650 secs]
767.376: [GC (Allocation Failure) 27498K->435K(69312K), 0.0002160 secs]
767.388: [GC (Allocation Failure) 26619K->435K(74560K), 0.0002130 secs]
767.454: [GC (Allocation Failure) 31893K->435K(73536K), 0.0002270 secs]
767.467: [GC (Allocation Failure) 30819K->435K(72576K), 0.0002010 secs]
767.480: [GC (Allocation Failure) 29842K->435K(78528K), 0.0002750 secs]
767.510: [GC (Allocation Failure) 35800K->435K(85632K), 0.0002170 secs]
767.533: [GC (Allocation Failure) 42930K->435K(84096K), 0.0002170 secs]
767.555: [GC (Allocation Failure) 41367K->435K(82624K), 0.0002000 secs]
767.619: [GC (Allocation Failure) 39902K->435K(81280K), 0.0002140 secs]
767.640: [GC (Allocation Failure) 38633K->435K(80000K), 0.0002150 secs]
767.656: [GC (Allocation Failure) 37363K->435K(78720K), 0.0002140 secs]
767.706: [GC (Allocation Failure) 35996K->435K(77504K), 0.0002140 secs]
767.755: [GC (Allocation Failure) 34823K->435K(76352K), 0.0002680 secs]
767.905: [GC (Allocation Failure) 33651K->435K(75264K), 0.0002140 secs]
767.955: [GC (Allocation Failure) 32577K->435K(74240K), 0.0002700 secs]
767.976: [GC (Allocation Failure) 31600K->435K(73216K), 0.0002230 secs]
767.989: [GC (Allocation Failure) 30526K->435K(72256K), 0.0002040 secs]
768.005: [GC (Allocation Failure) 29549K->435K(71360K), 0.0002210 secs]
768.057: [GC (Allocation Failure) 28670K->435K(70464K), 0.0002210 secs]
768.069: [GC (Allocation Failure) 27791K->435K(69632K), 0.0002170 secs]
768.081: [GC (Allocation Failure) 26912K->435K(74944K), 0.0002010 secs]
768.099: [GC (Allocation Failure) 32284K->435K(81344K), 0.0002150 secs]
768.207: [GC (Allocation Failure) 38633K->435K(80000K), 0.0002040 secs]
768.257: [GC (Allocation Failure) 37363K->435K(78720K), 0.0002140 secs]
768.277: [GC (Allocation Failure) 35996K->435K(77504K), 0.0002040 secs]
768.291: [GC (Allocation Failure) 34823K->435K(76352K), 0.0002110 secs]
768.314: [GC (Allocation Failure) 33651K->435K(75264K), 0.0002230 secs]
768.356: [GC (Allocation Failure) 32577K->435K(74240K), 0.0002270 secs]
768.373: [GC (Allocation Failure) 31600K->435K(73216K), 0.0002790 secs]
768.408: [GC (Allocation Failure) 30526K->435K(72256K), 0.0002100 secs]
768.421: [GC (Allocation Failure) 29549K->435K(71360K), 0.0002090 secs]
768.434: [GC (Allocation Failure) 28670K->435K(77056K), 0.0002050 secs]
768.461: [GC (Allocation Failure) 34335K->435K(75904K), 0.0002210 secs]
768.476: [GC (Allocation Failure) 33261K->435K(82496K), 0.0003920 secs]
768.512: [GC (Allocation Failure) 39805K->435K(90432K), 0.0002180 secs]
768.533: [GC (Allocation Failure) 47716K->435K(99904K), 0.0002140 secs]
768.619: [GC (Allocation Failure) 57194K->435K(97728K), 0.0002220 secs]
768.648: [GC (Allocation Failure) 55046K->435K(95680K), 0.0002090 secs]
768.722: [GC (Allocation Failure) 52994K->435K(93696K), 0.0002330 secs]
768.748: [GC (Allocation Failure) 51041K->435K(91840K), 0.0002110 secs]
768.813: [GC (Allocation Failure) 49181K->435K(90048K), 0.0002750 secs]
768.866: [GC (Allocation Failure) 47325K->435K(88320K), 0.0002370 secs]
768.890: [GC (Allocation Failure) 45665K->435K(86656K), 0.0002010 secs]
768.909: [GC (Allocation Failure) 44005K->435K(85120K), 0.0002140 secs]
768.931: [GC (Allocation Failure) 42442K->435K(83648K), 0.0002020 secs]
768.953: [GC (Allocation Failure) 40977K->435K(82240K), 0.0002110 secs]
769.113: [GC (Allocation Failure) 39512K->435K(80896K), 0.0002020 secs]
769.134: [GC (Allocation Failure) 38242K->435K(79616K), 0.0002040 secs]
769.166: [GC (Allocation Failure) 36972K->435K(78400K), 0.0002140 secs]
769.182: [GC (Allocation Failure) 35702K->435K(77248K), 0.0002020 secs]
769.196: [GC (Allocation Failure) 34530K->435K(76096K), 0.0002030 secs]
769.215: [GC (Allocation Failure) 33456K->435K(75008K), 0.0002120 secs]
769.229: [GC (Allocation Failure) 32284K->435K(73984K), 0.0002170 secs]
769.246: [GC (Allocation Failure) 31307K->435K(80192K), 0.0002510 secs]
769.374: [GC (Allocation Failure) 37461K->435K(78912K), 0.0002890 secs]
769.417: [GC (Allocation Failure) 36191K->435K(77696K), 0.0002120 secs]
769.432: [GC (Allocation Failure) 35019K->435K(76544K), 0.0002040 secs]
769.461: [GC (Allocation Failure) 33847K->435K(75456K), 0.0002100 secs]
769.480: [GC (Allocation Failure) 32772K->435K(74432K), 0.0002040 secs]
769.493: [GC (Allocation Failure) 31698K->435K(73408K), 0.0002160 secs]
769.512: [GC (Allocation Failure) 30721K->435K(72448K), 0.0002020 secs]
769.524: [GC (Allocation Failure) 29745K->435K(78336K), 0.0002140 secs]
769.543: [GC (Allocation Failure) 35605K->435K(85440K), 0.0002020 secs]
769.565: [GC (Allocation Failure) 42735K->435K(93952K), 0.0002830 secs]
769.588: [GC (Allocation Failure) 51236K->435K(92032K), 0.0002140 secs]
769.609: [GC (Allocation Failure) 49377K->435K(90240K), 0.0002020 secs]
769.633: [GC (Allocation Failure) 47521K->435K(88512K), 0.0002100 secs]
769.713: [GC (Allocation Failure) 45860K->435K(86848K), 0.0002240 secs]
769.736: [GC (Allocation Failure) 44200K->435K(85312K), 0.0002010 secs]
769.754: [GC (Allocation Failure) 42637K->435K(83840K), 0.0002800 secs]
769.780: [GC (Allocation Failure) 41172K->435K(82432K), 0.0002820 secs]
769.798: [GC (Allocation Failure) 39707K->435K(90304K), 0.0003240 secs]
769.916: [GC (Allocation Failure) 47618K->435K(88576K), 0.0002320 secs]
769.935: [GC (Allocation Failure) 45860K->435K(86912K), 0.0002020 secs]
769.958: [GC (Allocation Failure) 44200K->435K(85312K), 0.0002120 secs]
769.976: [GC (Allocation Failure) 42637K->435K(83840K), 0.0002040 secs]
770.015: [GC (Allocation Failure) 41172K->435K(82432K), 0.0002140 secs]
770.032: [GC (Allocation Failure) 39707K->435K(81088K), 0.0002120 secs]
770.049: [GC (Allocation Failure) 38437K->435K(79808K), 0.0002020 secs]
770.069: [GC (Allocation Failure) 37168K->435K(78592K), 0.0002110 secs]
770.088: [GC (Allocation Failure) 35898K->435K(77376K), 0.0002100 secs]
770.165: [GC (Allocation Failure) 34726K->435K(76224K), 0.0002250 secs]
770.179: [GC (Allocation Failure) 33554K->435K(75136K), 0.0002020 secs]
770.197: [GC (Allocation Failure) 32479K->435K(74112K), 0.0002090 secs]
770.215: [GC (Allocation Failure) 31405K->435K(73152K), 0.0002140 secs]
770.257: [GC (Allocation Failure) 30428K->435K(72192K), 0.0002120 secs]
770.274: [GC (Allocation Failure) 29549K->435K(71296K), 0.0002700 secs]
770.286: [GC (Allocation Failure) 28572K->435K(76992K), 0.0002250 secs]
770.354: [GC (Allocation Failure) 34335K->435K(75904K), 0.0002280 secs]
770.373: [GC (Allocation Failure) 33261K->435K(74816K), 0.0002590 secs]
770.412: [GC (Allocation Failure) 32089K->435K(73792K), 0.0002040 secs]
770.426: [GC (Allocation Failure) 31112K->435K(72832K), 0.0002000 secs]
770.443: [GC (Allocation Failure) 30135K->435K(78784K), 0.0002690 secs]
770.463: [GC (Allocation Failure) 36093K->435K(85952K), 0.0002830 secs]
770.482: [GC (Allocation Failure) 43223K->435K(94528K), 0.0002160 secs]
770.567: [GC (Allocation Failure) 51822K->435K(92608K), 0.0002110 secs]
770.588: [GC (Allocation Failure) 49967K->435K(90752K), 0.0002130 secs]
770.669: [GC (Allocation Failure) 48107K->435K(89024K), 0.0002210 secs]
770.689: [GC (Allocation Failure) 46349K->435K(87360K), 0.0002130 secs]
770.719: [GC (Allocation Failure) 44688K->435K(85760K), 0.0002170 secs]
770.738: [GC (Allocation Failure) 43028K->435K(84224K), 0.0002150 secs]
770.756: [GC (Allocation Failure) 41563K->435K(82752K), 0.0002070 secs]
770.812: [GC (Allocation Failure) 40098K->435K(81344K), 0.0002260 secs]
770.829: [GC (Allocation Failure) 38633K->435K(80000K), 0.0002030 secs]
770.861: [GC (Allocation Failure) 37363K->435K(78720K), 0.0002020 secs]
770.910: [GC (Allocation Failure) 35996K->435K(77504K), 0.0002130 secs]
770.960: [GC (Allocation Failure) 34823K->435K(76352K), 0.0002130 secs]
770.978: [GC (Allocation Failure) 33651K->435K(75264K), 0.0002020 secs]
770.995: [GC (Allocation Failure) 32577K->435K(74240K), 0.0002020 secs]
771.110: [GC (Allocation Failure) 31600K->435K(73216K), 0.0002240 secs]
771.127: [GC (Allocation Failure) 30526K->435K(72256K), 0.0002050 secs]
771.140: [GC (Allocation Failure) 29549K->435K(71360K), 0.0002280 secs]
771.152: [GC (Allocation Failure) 28670K->435K(77056K), 0.0002150 secs]
771.214: [GC (Allocation Failure) 34335K->435K(75904K), 0.0002220 secs]
771.229: [GC (Allocation Failure) 33261K->435K(74816K), 0.0002160 secs]
771.245: [GC (Allocation Failure) 32089K->435K(73792K), 0.0002130 secs]
771.259: [GC (Allocation Failure) 31112K->435K(79936K), 0.0002030 secs]
771.346: [GC (Allocation Failure) 37265K->435K(78656K), 0.0002050 secs]
771.361: [GC (Allocation Failure) 35996K->435K(77440K), 0.0002030 secs]
771.411: [GC (Allocation Failure) 34726K->435K(76288K), 0.0002020 secs]
771.464: [GC (Allocation Failure) 33554K->435K(75200K), 0.0002220 secs]
771.478: [GC (Allocation Failure) 32479K->435K(74176K), 0.0002020 secs]
771.513: [GC (Allocation Failure) 31503K->435K(73152K), 0.0002210 secs]
771.531: [GC (Allocation Failure) 30428K->435K(72192K), 0.0002020 secs]
771.544: [GC (Allocation Failure) 29549K->435K(71296K), 0.0002250 secs]
771.558: [GC (Allocation Failure) 28572K->435K(76992K), 0.0002130 secs]
771.669: [GC (Allocation Failure) 34335K->435K(75904K), 0.0002140 secs]
771.684: [GC (Allocation Failure) 33261K->435K(74816K), 0.0002050 secs]
771.714: [GC (Allocation Failure) 32089K->435K(73792K), 0.0002110 secs]
771.727: [GC (Allocation Failure) 31112K->435K(79936K), 0.0003170 secs]
771.766: [GC (Allocation Failure) 37265K->435K(87360K), 0.0003000 secs]
771.791: [GC (Allocation Failure) 44688K->435K(85760K), 0.0002000 secs]
771.809: [GC (Allocation Failure) 43028K->435K(84224K), 0.0002110 secs]
771.827: [GC (Allocation Failure) 41563K->435K(82752K), 0.0002100 secs]
771.846: [GC (Allocation Failure) 40098K->435K(81344K), 0.0002170 secs]
771.921: [GC (Allocation Failure) 38633K->435K(80000K), 0.0002110 secs]
771.975: [GC (Allocation Failure) 37363K->435K(78720K), 0.0002210 secs]
772.066: [GC (Allocation Failure) 35996K->435K(77504K), 0.0002240 secs]
772.081: [GC (Allocation Failure) 34823K->435K(76352K), 0.0002140 secs]
772.096: [GC (Allocation Failure) 33651K->435K(75264K), 0.0002710 secs]
772.115: [GC (Allocation Failure) 32577K->435K(74240K), 0.0002220 secs]
772.164: [GC (Allocation Failure) 31600K->435K(73216K), 0.0002130 secs]
772.177: [GC (Allocation Failure) 30526K->435K(72256K), 0.0002150 secs]
772.214: [GC (Allocation Failure) 29549K->435K(71360K), 0.0002210 secs]
772.231: [GC (Allocation Failure) 28670K->435K(70464K), 0.0002380 secs]
772.259: [GC (Allocation Failure) 27791K->435K(69632K), 0.0002100 secs]
772.270: [GC (Allocation Failure) 26912K->435K(74944K), 0.0002250 secs]
772.312: [GC (Allocation Failure) 32284K->435K(73920K), 0.0002110 secs]
772.354: [GC (Allocation Failure) 31210K->435K(72960K), 0.0002170 secs]
772.372: [GC (Allocation Failure) 30233K->435K(72000K), 0.0002080 secs]
772.385: [GC (Allocation Failure) 29354K->435K(71104K), 0.0002210 secs]
772.401: [GC (Allocation Failure) 28377K->435K(76736K), 0.0002100 secs]
772.429: [GC (Allocation Failure) 34042K->435K(75648K), 0.0002080 secs]
772.443: [GC (Allocation Failure) 32968K->435K(82176K), 0.0002040 secs]
772.464: [GC (Allocation Failure) 39512K->435K(80832K), 0.0002130 secs]
772.484: [GC (Allocation Failure) 38144K->435K(79552K), 0.0002020 secs]
772.567: [GC (Allocation Failure) 36875K->435K(78336K), 0.0002060 secs]
772.582: [GC (Allocation Failure) 35605K->435K(77184K), 0.0002170 secs]
772.597: [GC (Allocation Failure) 34530K->435K(76032K), 0.0002110 secs]
772.612: [GC (Allocation Failure) 33358K->435K(82624K), 0.0002140 secs]
772.664: [GC (Allocation Failure) 39902K->435K(81280K), 0.0002140 secs]
772.681: [GC (Allocation Failure) 38633K->435K(80000K), 0.0002010 secs]
772.701: [GC (Allocation Failure) 37363K->435K(78720K), 0.0002710 secs]
772.717: [GC (Allocation Failure) 35996K->435K(85888K), 0.0002150 secs]
772.740: [GC (Allocation Failure) 43223K->435K(84352K), 0.0002230 secs]
772.770: [GC (Allocation Failure) 41660K->435K(82880K), 0.0002100 secs]
772.791: [GC (Allocation Failure) 40195K->435K(81472K), 0.0002020 secs]
772.812: [GC (Allocation Failure) 38828K->435K(80128K), 0.0002130 secs]
772.864: [GC (Allocation Failure) 37461K->435K(78848K), 0.0002740 secs]
772.913: [GC (Allocation Failure) 36191K->435K(77632K), 0.0002030 secs]
772.966: [GC (Allocation Failure) 34921K->435K(76480K), 0.0002200 secs]
772.985: [GC (Allocation Failure) 33749K->435K(75392K), 0.0002210 secs]
773.016: [GC (Allocation Failure) 32675K->435K(74368K), 0.0002180 secs]
773.029: [GC (Allocation Failure) 31698K->435K(73344K), 0.0002050 secs]
773.061: [GC (Allocation Failure) 30624K->435K(72384K), 0.0002620 secs]
773.126: [GC (Allocation Failure) 29745K->435K(71488K), 0.0002190 secs]
773.139: [GC (Allocation Failure) 28768K->435K(70592K), 0.0002060 secs]
773.163: [GC (Allocation Failure) 27889K->435K(69760K), 0.0002120 secs]
773.174: [GC (Allocation Failure) 27107K->435K(68992K), 0.0002030 secs]
773.222: [GC (Allocation Failure) 26326K->435K(68224K), 0.0002140 secs]
773.238: [GC (Allocation Failure) 25545K->435K(67520K), 0.0002200 secs]
773.249: [GC (Allocation Failure) 24857K->435K(72448K), 0.0002600 secs]
773.315: [GC (Allocation Failure) 29745K->435K(71552K), 0.0002100 secs]
773.331: [GC (Allocation Failure) 28865K->435K(70656K), 0.0002020 secs]
773.343: [GC (Allocation Failure) 27986K->435K(76224K), 0.0002170 secs]
773.358: [GC (Allocation Failure) 33554K->435K(82880K), 0.0001970 secs]
773.465: [GC (Allocation Failure) 40195K->435K(81472K), 0.0002130 secs]
773.482: [GC (Allocation Failure) 38828K->435K(80128K), 0.0002340 secs]
773.530: [GC (Allocation Failure) 37461K->435K(78848K), 0.0002410 secs]
773.546: [GC (Allocation Failure) 36191K->435K(86016K), 0.0002870 secs]
773.630: [GC (Allocation Failure) 43321K->435K(84480K), 0.0002090 secs]
773.649: [GC (Allocation Failure) 41758K->435K(83008K), 0.0001980 secs]
773.666: [GC (Allocation Failure) 40293K->435K(81600K), 0.0002040 secs]
773.719: [GC (Allocation Failure) 38926K->435K(80256K), 0.0002830 secs]
773.736: [GC (Allocation Failure) 37558K->435K(78976K), 0.0002140 secs]
773.752: [GC (Allocation Failure) 36289K->435K(77760K), 0.0002040 secs]
773.813: [GC (Allocation Failure) 35116K->435K(76608K), 0.0002040 secs]
773.867: [GC (Allocation Failure) 33944K->435K(75520K), 0.0002120 secs]
773.881: [GC (Allocation Failure) 32870K->435K(74496K), 0.0002130 secs]
773.895: [GC (Allocation Failure) 31796K->435K(73472K), 0.0002020 secs]
773.908: [GC (Allocation Failure) 30819K->435K(79552K), 0.0002130 secs]
773.924: [GC (Allocation Failure) 36875K->435K(86848K), 0.0002000 secs]
774.022: [GC (Allocation Failure) 44200K->435K(85312K), 0.0002180 secs]
774.041: [GC (Allocation Failure) 42637K->435K(83840K), 0.0002030 secs]
774.120: [GC (Allocation Failure) 41172K->435K(82432K), 0.0002100 secs]
774.138: [GC (Allocation Failure) 39707K->435K(81088K), 0.0002740 secs]
774.166: [GC (Allocation Failure) 38437K->435K(79808K), 0.0002150 secs]
774.316: [GC (Allocation Failure) 37168K->435K(78592K), 0.0002150 secs]
774.352: [GC (Allocation Failure) 35898K->435K(77376K), 0.0002250 secs]
774.367: [GC (Allocation Failure) 34726K->435K(76224K), 0.0002050 secs]
774.382: [GC (Allocation Failure) 33554K->435K(82880K), 0.0003400 secs]
774.400: [GC (Allocation Failure) 40195K->435K(90880K), 0.0002030 secs]
774.428: [GC (Allocation Failure) 48204K->435K(89152K), 0.0001970 secs]
774.450: [GC (Allocation Failure) 46446K->435K(87488K), 0.0002210 secs]
774.469: [GC (Allocation Failure) 44786K->435K(85888K), 0.0002060 secs]
774.491: [GC (Allocation Failure) 43223K->435K(84352K), 0.0002110 secs]
774.522: [GC (Allocation Failure) 41660K->435K(82880K), 0.0002200 secs]
774.544: [GC (Allocation Failure) 40195K->435K(81472K), 0.0002270 secs]
774.571: [GC (Allocation Failure) 38828K->435K(80128K), 0.0002220 secs]
774.591: [GC (Allocation Failure) 37461K->435K(78848K), 0.0002200 secs]
774.667: [GC (Allocation Failure) 36191K->435K(77632K), 0.0002090 secs]
774.689: [GC (Allocation Failure) 34921K->435K(76480K), 0.0002170 secs]
774.718: [GC (Allocation Failure) 33749K->435K(75392K), 0.0002200 secs]
774.736: [GC (Allocation Failure) 32675K->435K(74368K), 0.0002740 secs]
774.750: [GC (Allocation Failure) 31698K->435K(73344K), 0.0002270 secs]
774.763: [GC (Allocation Failure) 30624K->435K(79424K), 0.0002160 secs]
774.783: [GC (Allocation Failure) 36777K->435K(86720K), 0.0002220 secs]
774.832: [GC (Allocation Failure) 44005K->435K(85184K), 0.0002210 secs]
774.852: [GC (Allocation Failure) 42540K->435K(83712K), 0.0002700 secs]
774.870: [GC (Allocation Failure) 41074K->435K(82304K), 0.0002130 secs]
774.923: [GC (Allocation Failure) 39609K->435K(80960K), 0.0002220 secs]
774.944: [GC (Allocation Failure) 38242K->435K(79680K), 0.0002020 secs]
774.960: [GC (Allocation Failure) 36972K->435K(78464K), 0.0002150 secs]
775.118: [GC (Allocation Failure) 35800K->435K(77312K), 0.0002140 secs]
775.172: [GC (Allocation Failure) 34628K->435K(76160K), 0.0002210 secs]
775.186: [GC (Allocation Failure) 33456K->435K(75072K), 0.0002410 secs]
775.200: [GC (Allocation Failure) 32382K->435K(74048K), 0.0002140 secs]
775.214: [GC (Allocation Failure) 31405K->435K(73088K), 0.0002030 secs]
775.266: [GC (Allocation Failure) 30428K->435K(72128K), 0.0002120 secs]
775.278: [GC (Allocation Failure) 29451K->435K(71232K), 0.0002000 secs]
775.295: [GC (Allocation Failure) 28572K->435K(76864K), 0.0002100 secs]
775.318: [GC (Allocation Failure) 34140K->435K(83648K), 0.0002730 secs]
775.336: [GC (Allocation Failure) 40977K->435K(91776K), 0.0002120 secs]
775.361: [GC (Allocation Failure) 49084K->435K(89984K), 0.0002110 secs]
775.382: [GC (Allocation Failure) 47325K->435K(88256K), 0.0002020 secs]
775.403: [GC (Allocation Failure) 45567K->435K(86592K), 0.0002010 secs]
775.426: [GC (Allocation Failure) 43907K->435K(85056K), 0.0002110 secs]
775.448: [GC (Allocation Failure) 42344K->435K(83584K), 0.0002130 secs]
775.466: [GC (Allocation Failure) 40879K->435K(82176K), 0.0002180 secs]
775.487: [GC (Allocation Failure) 39512K->435K(80832K), 0.0002120 secs]
775.520: [GC (Allocation Failure) 38144K->435K(79552K), 0.0002100 secs]
775.545: [GC (Allocation Failure) 36875K->435K(78336K), 0.0002280 secs]
775.564: [GC (Allocation Failure) 35605K->435K(77184K), 0.0002140 secs]
775.584: [GC (Allocation Failure) 34530K->435K(76032K), 0.0002190 secs]
775.602: [GC (Allocation Failure) 33358K->435K(74944K), 0.0002120 secs]
775.617: [GC (Allocation Failure) 32284K->435K(73920K), 0.0002280 secs]
775.631: [GC (Allocation Failure) 31210K->435K(80128K), 0.0002140 secs]
775.723: [GC (Allocation Failure) 37461K->435K(78848K), 0.0002210 secs]
775.739: [GC (Allocation Failure) 36191K->435K(77632K), 0.0002020 secs]
775.754: [GC (Allocation Failure) 34921K->435K(84544K), 0.0002180 secs]
775.776: [GC (Allocation Failure) 41856K->435K(83072K), 0.0002090 secs]
775.825: [GC (Allocation Failure) 40391K->435K(81664K), 0.0002020 secs]
775.845: [GC (Allocation Failure) 39023K->435K(80320K), 0.0002020 secs]
775.866: [GC (Allocation Failure) 37656K->435K(79040K), 0.0002120 secs]
775.882: [GC (Allocation Failure) 36386K->435K(77824K), 0.0002160 secs]
775.897: [GC (Allocation Failure) 35116K->435K(76672K), 0.0002020 secs]
775.924: [GC (Allocation Failure) 33944K->435K(75584K), 0.0002410 secs]
775.939: [GC (Allocation Failure) 32870K->435K(82112K), 0.0002620 secs]
775.956: [GC (Allocation Failure) 39414K->435K(89920K), 0.0002050 secs]
776.028: [GC (Allocation Failure) 47228K->435K(88192K), 0.0002230 secs]
776.052: [GC (Allocation Failure) 45470K->435K(86592K), 0.0002090 secs]
776.076: [GC (Allocation Failure) 43907K->435K(85056K), 0.0002750 secs]
776.099: [GC (Allocation Failure) 42344K->435K(83584K), 0.0002120 secs]
776.168: [GC (Allocation Failure) 40879K->435K(82176K), 0.0002030 secs]
776.321: [GC (Allocation Failure) 39512K->435K(80832K), 0.0002120 secs]
776.342: [GC (Allocation Failure) 38144K->435K(79552K), 0.0001950 secs]
776.373: [GC (Allocation Failure) 36875K->435K(78336K), 0.0002540 secs]
776.422: [GC (Allocation Failure) 35605K->435K(77184K), 0.0002040 secs]
776.441: [GC (Allocation Failure) 34530K->435K(76032K), 0.0002120 secs]
776.460: [GC (Allocation Failure) 33358K->435K(74944K), 0.0002110 secs]
776.474: [GC (Allocation Failure) 32284K->435K(73920K), 0.0002040 secs]
776.572: [GC (Allocation Failure) 31210K->435K(72960K), 0.0002110 secs]
776.589: [GC (Allocation Failure) 30233K->435K(72000K), 0.0002120 secs]
776.618: [GC (Allocation Failure) 29354K->435K(71104K), 0.0002150 secs]
776.634: [GC (Allocation Failure) 28377K->435K(70272K), 0.0002130 secs]
776.646: [GC (Allocation Failure) 27596K->435K(75712K), 0.0002240 secs]
776.664: [GC (Allocation Failure) 33065K->435K(82240K), 0.0002700 secs]
776.681: [GC (Allocation Failure) 39512K->435K(90112K), 0.0002120 secs]
776.702: [GC (Allocation Failure) 47423K->435K(99520K), 0.0002010 secs]
776.727: [GC (Allocation Failure) 56804K->435K(97344K), 0.0002070 secs]
776.787: [GC (Allocation Failure) 54655K->435K(95296K), 0.0002290 secs]
776.809: [GC (Allocation Failure) 52604K->435K(93312K), 0.0002040 secs]
776.833: [GC (Allocation Failure) 50650K->435K(91456K), 0.0002120 secs]
776.854: [GC (Allocation Failure) 48791K->435K(89664K), 0.0002040 secs]
776.878: [GC (Allocation Failure) 46935K->435K(87936K), 0.0002260 secs]
776.978: [GC (Allocation Failure) 45274K->435K(86336K), 0.0002210 secs]
776.997: [GC (Allocation Failure) 43614K->435K(84800K), 0.0002150 secs]
777.023: [GC (Allocation Failure) 42149K->435K(83328K), 0.0002130 secs]
777.133: [GC (Allocation Failure) 40684K->435K(81920K), 0.0002250 secs]
777.153: [GC (Allocation Failure) 39219K->435K(80576K), 0.0002730 secs]
777.174: [GC (Allocation Failure) 37851K->435K(79296K), 0.0002750 secs]
777.190: [GC (Allocation Failure) 36582K->435K(78080K), 0.0002540 secs]
777.210: [GC (Allocation Failure) 35409K->435K(76928K), 0.0002110 secs]
777.225: [GC (Allocation Failure) 34237K->435K(83712K), 0.0002190 secs]
777.277: [GC (Allocation Failure) 41074K->435K(82304K), 0.0002240 secs]
777.299: [GC (Allocation Failure) 39609K->435K(80960K), 0.0002010 secs]
777.319: [GC (Allocation Failure) 38242K->435K(79680K), 0.0002820 secs]
777.335: [GC (Allocation Failure) 36972K->435K(78464K), 0.0002150 secs]
777.355: [GC (Allocation Failure) 35800K->435K(77312K), 0.0002000 secs]
777.370: [GC (Allocation Failure) 34628K->435K(84160K), 0.0002300 secs]
777.391: [GC (Allocation Failure) 41465K->435K(92416K), 0.0002140 secs]
777.416: [GC (Allocation Failure) 49767K->435K(90560K), 0.0002200 secs]
777.477: [GC (Allocation Failure) 47911K->435K(88832K), 0.0002030 secs]
777.530: [GC (Allocation Failure) 46153K->435K(87168K), 0.0002190 secs]
777.553: [GC (Allocation Failure) 44493K->435K(85568K), 0.0002020 secs]
777.575: [GC (Allocation Failure) 42930K->435K(84032K), 0.0002200 secs]
777.628: [GC (Allocation Failure) 41367K->435K(82624K), 0.0002100 secs]
777.645: [GC (Allocation Failure) 39902K->435K(81280K), 0.0002260 secs]
777.662: [GC (Allocation Failure) 38633K->435K(80000K), 0.0002130 secs]
777.772: [GC (Allocation Failure) 37363K->435K(78720K), 0.0002030 secs]
777.822: [GC (Allocation Failure) 35996K->435K(77504K), 0.0002020 secs]
777.871: [GC (Allocation Failure) 34823K->435K(76352K), 0.0002130 secs]
777.927: [GC (Allocation Failure) 33651K->435K(75264K), 0.0002060 secs]
777.977: [GC (Allocation Failure) 32577K->435K(74240K), 0.0002420 secs]
777.995: [GC (Allocation Failure) 31600K->435K(73216K), 0.0002110 secs]
778.026: [GC (Allocation Failure) 30526K->435K(72256K), 0.0002790 secs]
778.053: [GC (Allocation Failure) 29549K->435K(71360K), 0.0002750 secs]
778.070: [GC (Allocation Failure) 28670K->435K(70464K), 0.0002110 secs]
778.083: [GC (Allocation Failure) 27791K->435K(69632K), 0.0002260 secs]
778.095: [GC (Allocation Failure) 26912K->435K(74944K), 0.0002010 secs]
778.125: [GC (Allocation Failure) 32284K->435K(73920K), 0.0002110 secs]
778.142: [GC (Allocation Failure) 31210K->435K(72960K), 0.0002260 secs]
778.157: [GC (Allocation Failure) 30233K->435K(78976K), 0.0002150 secs]
778.176: [GC (Allocation Failure) 36289K->435K(86208K), 0.0002130 secs]
778.327: [GC (Allocation Failure) 43516K->435K(84672K), 0.0002250 secs]
778.345: [GC (Allocation Failure) 41953K->435K(83200K), 0.0002010 secs]
778.367: [GC (Allocation Failure) 40488K->435K(81792K), 0.0003270 secs]
778.384: [GC (Allocation Failure) 39121K->435K(80448K), 0.0002150 secs]
778.404: [GC (Allocation Failure) 37754K->435K(79168K), 0.0002150 secs]
778.424: [GC (Allocation Failure) 36484K->435K(77952K), 0.0002160 secs]
778.446: [GC (Allocation Failure) 35312K->435K(76800K), 0.0002010 secs]
778.465: [GC (Allocation Failure) 34140K->435K(75712K), 0.0002290 secs]
778.493: [GC (Allocation Failure) 33065K->435K(74624K), 0.0002020 secs]
778.576: [GC (Allocation Failure) 31893K->435K(73600K), 0.0002390 secs]
778.590: [GC (Allocation Failure) 30917K->435K(72640K), 0.0002710 secs]
778.620: [GC (Allocation Failure) 29940K->435K(71744K), 0.0002130 secs]
778.632: [GC (Allocation Failure) 29061K->435K(70848K), 0.0002020 secs]
778.719: [GC (Allocation Failure) 28182K->435K(70016K), 0.0002220 secs]
778.731: [GC (Allocation Failure) 27303K->435K(69184K), 0.0002110 secs]
778.743: [GC (Allocation Failure) 26521K->435K(74432K), 0.0002020 secs]
778.775: [GC (Allocation Failure) 31698K->435K(73408K), 0.0002110 secs]
778.788: [GC (Allocation Failure) 30721K->435K(79488K), 0.0002130 secs]
778.808: [GC (Allocation Failure) 36777K->435K(86784K), 0.0002110 secs]
778.831: [GC (Allocation Failure) 44102K->435K(85248K), 0.0002000 secs]
778.854: [GC (Allocation Failure) 42540K->435K(83776K), 0.0002090 secs]
778.872: [GC (Allocation Failure) 41074K->435K(82368K), 0.0002020 secs]
778.929: [GC (Allocation Failure) 39707K->435K(81024K), 0.0002100 secs]
778.946: [GC (Allocation Failure) 38340K->435K(79744K), 0.0002740 secs]
778.974: [GC (Allocation Failure) 37070K->435K(78528K), 0.0002110 secs]
778.994: [GC (Allocation Failure) 35800K->435K(77312K), 0.0002080 secs]
779.023: [GC (Allocation Failure) 34628K->435K(76160K), 0.0002150 secs]
779.076: [GC (Allocation Failure) 33456K->435K(75072K), 0.0002170 secs]
779.094: [GC (Allocation Failure) 32382K->435K(74048K), 0.0002000 secs]
779.112: [GC (Allocation Failure) 31405K->435K(73088K), 0.0002180 secs]
779.163: [GC (Allocation Failure) 30428K->435K(72128K), 0.0002160 secs]
779.175: [GC (Allocation Failure) 29451K->435K(71232K), 0.0002160 secs]
779.221: [GC (Allocation Failure) 28572K->435K(70400K), 0.0002150 secs]
779.237: [GC (Allocation Failure) 27693K->435K(69568K), 0.0002230 secs]
779.320: [GC (Allocation Failure) 26912K->435K(68800K), 0.0002040 secs]
779.469: [GC (Allocation Failure) 26131K->435K(68032K), 0.0002530 secs]
779.480: [GC (Allocation Failure) 25349K->435K(67328K), 0.0002120 secs]
779.495: [GC (Allocation Failure) 24662K->435K(72192K), 0.0002710 secs]
779.508: [GC (Allocation Failure) 29549K->435K(78016K), 0.0002150 secs]
779.524: [GC (Allocation Failure) 35312K->435K(85056K), 0.0002150 secs]
779.581: [GC (Allocation Failure) 42344K->435K(83584K), 0.0002250 secs]
779.598: [GC (Allocation Failure) 40879K->435K(82176K), 0.0002030 secs]
779.630: [GC (Allocation Failure) 39512K->435K(80832K), 0.0002120 secs]
779.646: [GC (Allocation Failure) 38144K->435K(88384K), 0.0002790 secs]
779.783: [GC (Allocation Failure) 45665K->435K(86720K), 0.0002280 secs]
779.802: [GC (Allocation Failure) 44005K->435K(85184K), 0.0002050 secs]
779.881: [GC (Allocation Failure) 42540K->435K(83712K), 0.0002180 secs]
779.899: [GC (Allocation Failure) 41074K->435K(82304K), 0.0002120 secs]
779.916: [GC (Allocation Failure) 39609K->435K(80960K), 0.0002010 secs]
779.983: [GC (Allocation Failure) 38242K->435K(79680K), 0.0002380 secs]
780.000: [GC (Allocation Failure) 36972K->435K(78464K), 0.0002160 secs]
780.024: [GC (Allocation Failure) 35800K->435K(77312K), 0.0002130 secs]
780.043: [GC (Allocation Failure) 34628K->435K(76160K), 0.0002000 secs]
780.074: [GC (Allocation Failure) 33456K->435K(75072K), 0.0002730 secs]
780.123: [GC (Allocation Failure) 32382K->435K(74048K), 0.0002240 secs]
780.141: [GC (Allocation Failure) 31405K->435K(73088K), 0.0002730 secs]
780.158: [GC (Allocation Failure) 30428K->435K(72128K), 0.0002010 secs]
780.222: [GC (Allocation Failure) 29451K->435K(71232K), 0.0002250 secs]
780.238: [GC (Allocation Failure) 28572K->435K(70400K), 0.0002300 secs]
780.255: [GC (Allocation Failure) 27693K->435K(69568K), 0.0002110 secs]
780.270: [GC (Allocation Failure) 26912K->435K(74880K), 0.0002340 secs]
780.289: [GC (Allocation Failure) 32186K->435K(81280K), 0.0002110 secs]
780.335: [GC (Allocation Failure) 38633K->435K(80000K), 0.0002100 secs]
780.351: [GC (Allocation Failure) 37363K->435K(78720K), 0.0002100 secs]
780.371: [GC (Allocation Failure) 35996K->435K(77504K), 0.0002730 secs]
780.386: [GC (Allocation Failure) 34823K->435K(84416K), 0.0002160 secs]
780.426: [GC (Allocation Failure) 41758K->435K(82944K), 0.0002150 secs]
780.444: [GC (Allocation Failure) 40293K->435K(81536K), 0.0002140 secs]
780.461: [GC (Allocation Failure) 38828K->435K(80192K), 0.0002010 secs]
780.477: [GC (Allocation Failure) 37461K->435K(78912K), 0.0002020 secs]
780.529: [GC (Allocation Failure) 36191K->435K(77696K), 0.0002220 secs]
780.544: [GC (Allocation Failure) 35019K->435K(76544K), 0.0002030 secs]
780.664: [GC (Allocation Failure) 33847K->435K(75456K), 0.0002150 secs]
780.678: [GC (Allocation Failure) 32772K->435K(74432K), 0.0002100 secs]
780.696: [GC (Allocation Failure) 31698K->435K(73408K), 0.0002110 secs]
780.736: [GC (Allocation Failure) 30721K->435K(72448K), 0.0002330 secs]
780.775: [GC (Allocation Failure) 29745K->435K(71552K), 0.0002170 secs]
780.792: [GC (Allocation Failure) 28865K->435K(70656K), 0.0002310 secs]
780.922: [GC (Allocation Failure) 27986K->435K(69824K), 0.0002970 secs]
781.026: [GC (Allocation Failure) 27107K->435K(68992K), 0.0002230 secs]
781.041: [GC (Allocation Failure) 26326K->435K(68224K), 0.0002240 secs]
781.076: [GC (Allocation Failure) 25545K->435K(67520K), 0.0002010 secs]
781.087: [GC (Allocation Failure) 24857K->435K(66816K), 0.0002140 secs]
781.097: [GC (Allocation Failure) 24173K->435K(71616K), 0.0002040 secs]
781.163: [GC (Allocation Failure) 28963K->435K(70720K), 0.0002180 secs]
781.223: [GC (Allocation Failure) 27986K->435K(69888K), 0.0002030 secs]
781.277: [GC (Allocation Failure) 27205K->435K(69056K), 0.0002180 secs]
781.292: [GC (Allocation Failure) 26326K->435K(68288K), 0.0002280 secs]
781.322: [GC (Allocation Failure) 25642K->435K(67520K), 0.0002220 secs]
781.333: [GC (Allocation Failure) 24857K->435K(66816K), 0.0002020 secs]
781.343: [GC (Allocation Failure) 24173K->435K(71616K), 0.0002020 secs]
781.358: [GC (Allocation Failure) 28963K->435K(77376K), 0.0002040 secs]
781.377: [GC (Allocation Failure) 34726K->435K(84288K), 0.0002130 secs]
781.400: [GC (Allocation Failure) 41563K->435K(92544K), 0.0002030 secs]
781.421: [GC (Allocation Failure) 49867K->435K(90688K), 0.0002130 secs]
781.442: [GC (Allocation Failure) 48009K->435K(88960K), 0.0002040 secs]
781.482: [GC (Allocation Failure) 46251K->435K(87296K), 0.0002260 secs]
781.505: [GC (Allocation Failure) 44591K->435K(85696K), 0.0002700 secs]
781.525: [GC (Allocation Failure) 43028K->435K(84160K), 0.0002090 secs]
781.547: [GC (Allocation Failure) 41465K->435K(82688K), 0.0002730 secs]
781.568: [GC (Allocation Failure) 40000K->435K(81344K), 0.0002140 secs]
781.589: [GC (Allocation Failure) 38633K->435K(80000K), 0.0002100 secs]
781.606: [GC (Allocation Failure) 37363K->435K(78720K), 0.0002170 secs]
781.625: [GC (Allocation Failure) 35996K->435K(77504K), 0.0002120 secs]
781.677: [GC (Allocation Failure) 34823K->435K(76352K), 0.0002750 secs]
781.826: [GC (Allocation Failure) 33651K->435K(75264K), 0.0002330 secs]
781.840: [GC (Allocation Failure) 32577K->435K(74240K), 0.0002040 secs]
781.854: [GC (Allocation Failure) 31600K->435K(73216K), 0.0002020 secs]
781.871: [GC (Allocation Failure) 30526K->435K(72256K), 0.0002100 secs]
781.930: [GC (Allocation Failure) 29549K->435K(71360K), 0.0002080 secs]
781.946: [GC (Allocation Failure) 28670K->435K(77056K), 0.0003450 secs]
781.965: [GC (Allocation Failure) 34335K->435K(83904K), 0.0002810 secs]
781.988: [GC (Allocation Failure) 41172K->435K(92096K), 0.0002740 secs]
782.012: [GC (Allocation Failure) 49377K->435K(101952K), 0.0002030 secs]
782.038: [GC (Allocation Failure) 59245K->435K(99648K), 0.0002070 secs]
782.137: [GC (Allocation Failure) 56999K->435K(97472K), 0.0002060 secs]
782.178: [GC (Allocation Failure) 54753K->435K(95424K), 0.0002230 secs]
782.205: [GC (Allocation Failure) 52701K->435K(93440K), 0.0002110 secs]
782.231: [GC (Allocation Failure) 50748K->435K(91584K), 0.0002220 secs]
782.368: [GC (Allocation Failure) 48888K->435K(89792K), 0.0002200 secs]
782.388: [GC (Allocation Failure) 47130K->435K(88064K), 0.0002030 secs]
782.412: [GC (Allocation Failure) 45372K->435K(86464K), 0.0002140 secs]
782.457: [GC (Allocation Failure) 43809K->435K(84928K), 0.0002060 secs]
782.485: [GC (Allocation Failure) 42247K->435K(83456K), 0.0002220 secs]
782.506: [GC (Allocation Failure) 40781K->435K(82048K), 0.0002140 secs]
782.531: [GC (Allocation Failure) 39316K->435K(80704K), 0.0002100 secs]
782.552: [GC (Allocation Failure) 38047K->435K(79424K), 0.0002130 secs]
782.568: [GC (Allocation Failure) 36777K->435K(78208K), 0.0002020 secs]
782.666: [GC (Allocation Failure) 35507K->435K(77056K), 0.0002140 secs]
782.680: [GC (Allocation Failure) 34335K->435K(75904K), 0.0002120 secs]
782.698: [GC (Allocation Failure) 33261K->435K(74816K), 0.0002120 secs]
782.712: [GC (Allocation Failure) 32089K->435K(73792K), 0.0002030 secs]
782.734: [GC (Allocation Failure) 31112K->435K(72832K), 0.0002740 secs]
782.780: [GC (Allocation Failure) 30135K->435K(71872K), 0.0002250 secs]
782.793: [GC (Allocation Failure) 29158K->435K(70976K), 0.0002190 secs]
782.805: [GC (Allocation Failure) 28279K->435K(76608K), 0.0002050 secs]
782.820: [GC (Allocation Failure) 33944K->435K(83328K), 0.0002030 secs]
782.841: [GC (Allocation Failure) 40684K->435K(91392K), 0.0002130 secs]
782.862: [GC (Allocation Failure) 48693K->435K(101056K), 0.0002150 secs]
782.989: [GC (Allocation Failure) 58366K->435K(98816K), 0.0002060 secs]
783.088: [GC (Allocation Failure) 56120K->435K(96704K), 0.0002160 secs]
783.114: [GC (Allocation Failure) 53971K->435K(94656K), 0.0002010 secs]
783.137: [GC (Allocation Failure) 52018K->435K(92736K), 0.0002110 secs]
783.163: [GC (Allocation Failure) 50064K->435K(90880K), 0.0002720 secs]
783.188: [GC (Allocation Failure) 48204K->435K(89152K), 0.0002190 secs]
783.212: [GC (Allocation Failure) 46446K->435K(87488K), 0.0002160 secs]
783.232: [GC (Allocation Failure) 44786K->435K(85888K), 0.0002060 secs]
783.283: [GC (Allocation Failure) 43223K->435K(84352K), 0.0002070 secs]
783.336: [GC (Allocation Failure) 41660K->435K(82880K), 0.0002130 secs]
783.357: [GC (Allocation Failure) 40195K->435K(81472K), 0.0002020 secs]
783.378: [GC (Allocation Failure) 38828K->435K(80128K), 0.0002130 secs]
783.399: [GC (Allocation Failure) 37461K->435K(78848K), 0.0002010 secs]
783.415: [GC (Allocation Failure) 36191K->435K(77632K), 0.0002250 secs]
783.430: [GC (Allocation Failure) 34921K->435K(76480K), 0.0002040 secs]
783.445: [GC (Allocation Failure) 33749K->435K(75392K), 0.0002010 secs]
783.463: [GC (Allocation Failure) 32675K->435K(81856K), 0.0002210 secs]
783.485: [GC (Allocation Failure) 39219K->435K(80512K), 0.0002210 secs]
783.506: [GC (Allocation Failure) 37851K->435K(79232K), 0.0002150 secs]
783.522: [GC (Allocation Failure) 36582K->435K(78016K), 0.0002120 secs]
783.537: [GC (Allocation Failure) 35312K->435K(85056K), 0.0002140 secs]
783.555: [GC (Allocation Failure) 42344K->435K(93504K), 0.0001980 secs]
783.581: [GC (Allocation Failure) 50846K->435K(91648K), 0.0002700 secs]
783.607: [GC (Allocation Failure) 48986K->435K(89856K), 0.0002170 secs]
783.627: [GC (Allocation Failure) 47130K->435K(88128K), 0.0002150 secs]
783.688: [GC (Allocation Failure) 45470K->435K(86528K), 0.0002790 secs]
783.707: [GC (Allocation Failure) 43809K->435K(84992K), 0.0002670 secs]
783.783: [GC (Allocation Failure) 42344K->435K(83520K), 0.0002150 secs]
783.805: [GC (Allocation Failure) 40879K->435K(82112K), 0.0002130 secs]
783.826: [GC (Allocation Failure) 39414K->435K(80768K), 0.0002010 secs]
783.846: [GC (Allocation Failure) 38047K->435K(79488K), 0.0002110 secs]
783.863: [GC (Allocation Failure) 36777K->435K(78272K), 0.0002000 secs]
783.882: [GC (Allocation Failure) 35605K->435K(77120K), 0.0002200 secs]
783.931: [GC (Allocation Failure) 34433K->435K(75968K), 0.0002250 secs]
783.947: [GC (Allocation Failure) 33261K->435K(74880K), 0.0002130 secs]
783.964: [GC (Allocation Failure) 32186K->435K(73856K), 0.0002160 secs]
783.982: [GC (Allocation Failure) 31210K->435K(72896K), 0.0002280 secs]
784.000: [GC (Allocation Failure) 30233K->435K(71936K), 0.0002020 secs]
784.015: [GC (Allocation Failure) 29256K->435K(77760K), 0.0002140 secs]
784.037: [GC (Allocation Failure) 35116K->435K(76608K), 0.0002140 secs]
784.052: [GC (Allocation Failure) 33944K->435K(83328K), 0.0002040 secs]
784.073: [GC (Allocation Failure) 40684K->435K(81920K), 0.0001990 secs]
784.095: [GC (Allocation Failure) 39219K->435K(80576K), 0.0002140 secs]
784.115: [GC (Allocation Failure) 37851K->435K(79296K), 0.0002300 secs]
784.170: [GC (Allocation Failure) 36582K->435K(78080K), 0.0002330 secs]
784.187: [GC (Allocation Failure) 35409K->435K(76928K), 0.0002150 secs]
784.230: [GC (Allocation Failure) 34237K->435K(75840K), 0.0002120 secs]
784.244: [GC (Allocation Failure) 33163K->435K(74752K), 0.0002010 secs]
784.262: [GC (Allocation Failure) 32089K->435K(73728K), 0.0002100 secs]
784.336: [GC (Allocation Failure) 31014K->435K(72768K), 0.0002110 secs]
784.383: [GC (Allocation Failure) 30038K->435K(71808K), 0.0002240 secs]
784.395: [GC (Allocation Failure) 29158K->435K(70912K), 0.0002170 secs]
784.412: [GC (Allocation Failure) 28182K->435K(70080K), 0.0001990 secs]
784.424: [GC (Allocation Failure) 27400K->435K(75520K), 0.0002260 secs]
784.443: [GC (Allocation Failure) 32870K->435K(82048K), 0.0002170 secs]
784.495: [GC (Allocation Failure) 39316K->435K(80704K), 0.0002940 secs]
784.519: [GC (Allocation Failure) 38047K->435K(79424K), 0.0002120 secs]
784.539: [GC (Allocation Failure) 36777K->435K(78208K), 0.0002150 secs]
784.558: [GC (Allocation Failure) 35507K->435K(77056K), 0.0002220 secs]
784.581: [GC (Allocation Failure) 34335K->435K(75904K), 0.0002720 secs]
784.600: [GC (Allocation Failure) 33261K->435K(74816K), 0.0002020 secs]
784.668: [GC (Allocation Failure) 32089K->435K(73792K), 0.0002730 secs]
784.730: [GC (Allocation Failure) 31112K->435K(72832K), 0.0002030 secs]
784.783: [GC (Allocation Failure) 30135K->435K(71872K), 0.0002210 secs]
784.796: [GC (Allocation Failure) 29158K->435K(70976K), 0.0002180 secs]
784.833: [GC (Allocation Failure) 28279K->435K(70144K), 0.0002230 secs]
784.849: [GC (Allocation Failure) 27498K->435K(69312K), 0.0002120 secs]
784.861: [GC (Allocation Failure) 26619K->435K(68544K), 0.0002160 secs]
784.877: [GC (Allocation Failure) 25838K->435K(73664K), 0.0002220 secs]
785.030: [GC (Allocation Failure) 31014K->435K(72704K), 0.0002140 secs]
785.043: [GC (Allocation Failure) 30038K->435K(71808K), 0.0002020 secs]
785.083: [GC (Allocation Failure) 29158K->435K(70912K), 0.0002100 secs]
785.095: [GC (Allocation Failure) 28182K->435K(70080K), 0.0002150 secs]
785.129: [GC (Allocation Failure) 27400K->435K(69248K), 0.0002750 secs]
785.145: [GC (Allocation Failure) 26521K->435K(68480K), 0.0002180 secs]
785.157: [GC (Allocation Failure) 25838K->435K(73600K), 0.0002160 secs]
785.234: [GC (Allocation Failure) 30917K->435K(72640K), 0.0002320 secs]
785.251: [GC (Allocation Failure) 29940K->435K(78592K), 0.0002720 secs]
785.271: [GC (Allocation Failure) 35898K->435K(85696K), 0.0002120 secs]
785.290: [GC (Allocation Failure) 43028K->435K(84160K), 0.0002180 secs]
785.312: [GC (Allocation Failure) 41465K->435K(82688K), 0.0002090 secs]
785.348: [GC (Allocation Failure) 40000K->435K(81344K), 0.0002320 secs]
785.367: [GC (Allocation Failure) 38633K->435K(80000K), 0.0002150 secs]
785.384: [GC (Allocation Failure) 37363K->435K(78720K), 0.0002170 secs]
785.403: [GC (Allocation Failure) 35996K->435K(77504K), 0.0002140 secs]
785.419: [GC (Allocation Failure) 34823K->435K(84416K), 0.0002170 secs]
785.542: [GC (Allocation Failure) 41758K->435K(82944K), 0.0002090 secs]
785.564: [GC (Allocation Failure) 40293K->435K(81536K), 0.0002740 secs]
785.585: [GC (Allocation Failure) 38828K->435K(80192K), 0.0002840 secs]
785.605: [GC (Allocation Failure) 37461K->435K(78912K), 0.0002200 secs]
785.621: [GC (Allocation Failure) 36191K->435K(77696K), 0.0002050 secs]
785.640: [GC (Allocation Failure) 35019K->435K(76544K), 0.0002220 secs]
785.682: [GC (Allocation Failure) 33847K->435K(75456K), 0.0002110 secs]
785.696: [GC (Allocation Failure) 32772K->435K(74432K), 0.0002040 secs]
785.714: [GC (Allocation Failure) 31698K->435K(73408K), 0.0002120 secs]
785.727: [GC (Allocation Failure) 30721K->435K(79488K), 0.0002030 secs]
785.887: [GC (Allocation Failure) 36777K->435K(78272K), 0.0002120 secs]
785.903: [GC (Allocation Failure) 35605K->435K(77120K), 0.0002020 secs]
785.922: [GC (Allocation Failure) 34433K->435K(75968K), 0.0002200 secs]
785.986: [GC (Allocation Failure) 33261K->435K(74880K), 0.0002090 secs]
786.004: [GC (Allocation Failure) 32186K->435K(73856K), 0.0002040 secs]
786.022: [GC (Allocation Failure) 31210K->435K(72896K), 0.0002130 secs]
786.231: [GC (Allocation Failure) 30233K->435K(71936K), 0.0002110 secs]
786.285: [GC (Allocation Failure) 29256K->435K(71040K), 0.0002200 secs]
786.297: [GC (Allocation Failure) 28377K->435K(70208K), 0.0002170 secs]
786.335: [GC (Allocation Failure) 27498K->435K(69376K), 0.0002230 secs]
786.351: [GC (Allocation Failure) 26717K->435K(68608K), 0.0002130 secs]
786.373: [GC (Allocation Failure) 25935K->435K(67840K), 0.0003080 secs]
786.388: [GC (Allocation Failure) 25150K->435K(67136K), 0.0002090 secs]
786.399: [GC (Allocation Failure) 24466K->435K(72000K), 0.0002290 secs]
786.416: [GC (Allocation Failure) 29354K->435K(77824K), 0.0002210 secs]
786.440: [GC (Allocation Failure) 35116K->435K(84800K), 0.0002150 secs]
786.459: [GC (Allocation Failure) 42149K->435K(93184K), 0.0002030 secs]
786.484: [GC (Allocation Failure) 50455K->435K(91328K), 0.0002150 secs]
786.543: [GC (Allocation Failure) 48595K->435K(89536K), 0.0002010 secs]
786.568: [GC (Allocation Failure) 46837K->435K(87872K), 0.0002080 secs]
786.588: [GC (Allocation Failure) 45177K->435K(86272K), 0.0002020 secs]
786.610: [GC (Allocation Failure) 43614K->435K(84736K), 0.0002470 secs]
786.629: [GC (Allocation Failure) 42051K->435K(83264K), 0.0002010 secs]
786.646: [GC (Allocation Failure) 40586K->435K(81856K), 0.0002000 secs]
786.663: [GC (Allocation Failure) 39219K->435K(80512K), 0.0002120 secs]
786.679: [GC (Allocation Failure) 37851K->435K(79232K), 0.0002020 secs]
786.699: [GC (Allocation Failure) 36582K->435K(78016K), 0.0002120 secs]
786.718: [GC (Allocation Failure) 35312K->435K(85056K), 0.0002630 secs]
786.747: [GC (Allocation Failure) 42344K->435K(83584K), 0.0002040 secs]
786.765: [GC (Allocation Failure) 40879K->435K(82176K), 0.0002200 secs]
786.786: [GC (Allocation Failure) 39512K->435K(80832K), 0.0002200 secs]
786.839: [GC (Allocation Failure) 38144K->435K(79552K), 0.0002190 secs]
786.859: [GC (Allocation Failure) 36875K->435K(78336K), 0.0002130 secs]
786.875: [GC (Allocation Failure) 35605K->435K(77184K), 0.0002030 secs]
786.890: [GC (Allocation Failure) 34530K->435K(76032K), 0.0002030 secs]
786.977: [GC (Allocation Failure) 33358K->435K(74944K), 0.0002280 secs]
786.992: [GC (Allocation Failure) 32284K->435K(73920K), 0.0002610 secs]
787.033: [GC (Allocation Failure) 31210K->435K(72960K), 0.0002160 secs]
787.083: [GC (Allocation Failure) 30233K->435K(72000K), 0.0002240 secs]
787.095: [GC (Allocation Failure) 29354K->435K(71104K), 0.0002020 secs]
787.112: [GC (Allocation Failure) 28377K->435K(70272K), 0.0002080 secs]
787.135: [GC (Allocation Failure) 27596K->435K(69440K), 0.0002050 secs]
787.150: [GC (Allocation Failure) 26717K->435K(68672K), 0.0002340 secs]
787.162: [GC (Allocation Failure) 26033K->435K(73792K), 0.0002420 secs]
787.337: [GC (Allocation Failure) 31112K->435K(72832K), 0.0002150 secs]
787.350: [GC (Allocation Failure) 30135K->435K(78784K), 0.0002160 secs]
787.374: [GC (Allocation Failure) 36093K->435K(77568K), 0.0002020 secs]
787.435: [GC (Allocation Failure) 34921K->435K(76416K), 0.0002110 secs]
787.449: [GC (Allocation Failure) 33749K->435K(75328K), 0.0002110 secs]
787.467: [GC (Allocation Failure) 32675K->435K(74304K), 0.0002000 secs]
787.485: [GC (Allocation Failure) 31600K->435K(73280K), 0.0002290 secs]
787.503: [GC (Allocation Failure) 30624K->435K(72320K), 0.0002180 secs]
787.520: [GC (Allocation Failure) 29647K->435K(78208K), 0.0002200 secs]
787.540: [GC (Allocation Failure) 35507K->435K(77056K), 0.0002130 secs]
787.639: [GC (Allocation Failure) 34335K->435K(75904K), 0.0002090 secs]
787.654: [GC (Allocation Failure) 33261K->435K(74816K), 0.0002190 secs]
787.684: [GC (Allocation Failure) 32089K->435K(73792K), 0.0002290 secs]
787.702: [GC (Allocation Failure) 31112K->435K(72832K), 0.0002050 secs]
787.733: [GC (Allocation Failure) 30135K->435K(71872K), 0.0002130 secs]
787.750: [GC (Allocation Failure) 29158K->435K(70976K), 0.0002010 secs]
787.766: [GC (Allocation Failure) 28279K->435K(70144K), 0.0002200 secs]
787.882: [GC (Allocation Failure) 27498K->435K(69312K), 0.0003010 secs]
787.934: [GC (Allocation Failure) 26619K->435K(68544K), 0.0002060 secs]
787.946: [GC (Allocation Failure) 25838K->435K(67776K), 0.0002060 secs]
787.960: [GC (Allocation Failure) 25052K->435K(72768K), 0.0002730 secs]
787.977: [GC (Allocation Failure) 30038K->435K(78720K), 0.0002270 secs]
788.036: [GC (Allocation Failure) 35996K->435K(77504K), 0.0002150 secs]
788.055: [GC (Allocation Failure) 34823K->435K(76352K), 0.0002040 secs]
788.070: [GC (Allocation Failure) 33651K->435K(83008K), 0.0002280 secs]
788.091: [GC (Allocation Failure) 40293K->435K(81600K), 0.0002130 secs]
788.108: [GC (Allocation Failure) 38926K->435K(89344K), 0.0002260 secs]
788.128: [GC (Allocation Failure) 46642K->435K(87680K), 0.0002130 secs]
788.152: [GC (Allocation Failure) 44981K->435K(86080K), 0.0002140 secs]
788.171: [GC (Allocation Failure) 43419K->435K(84544K), 0.0002020 secs]
788.192: [GC (Allocation Failure) 41856K->435K(83072K), 0.0002140 secs]
788.238: [GC (Allocation Failure) 40391K->435K(81664K), 0.0002210 secs]
788.255: [GC (Allocation Failure) 39023K->435K(80320K), 0.0002110 secs]
788.287: [GC (Allocation Failure) 37656K->435K(79040K), 0.0002110 secs]
788.307: [GC (Allocation Failure) 36386K->435K(77824K), 0.0002000 secs]
788.336: [GC (Allocation Failure) 35116K->435K(76672K), 0.0002120 secs]
788.351: [GC (Allocation Failure) 33944K->435K(75584K), 0.0002040 secs]
788.381: [GC (Allocation Failure) 32870K->435K(74560K), 0.0002380 secs]
788.396: [GC (Allocation Failure) 31893K->435K(80896K), 0.0002670 secs]
788.413: [GC (Allocation Failure) 38242K->435K(88512K), 0.0002740 secs]
788.438: [GC (Allocation Failure) 45860K->435K(97600K), 0.0002230 secs]
788.462: [GC (Allocation Failure) 54948K->435K(95552K), 0.0002040 secs]
788.484: [GC (Allocation Failure) 52897K->435K(93568K), 0.0002130 secs]
788.510: [GC (Allocation Failure) 50846K->435K(91712K), 0.0001920 secs]
788.535: [GC (Allocation Failure) 48986K->435K(89920K), 0.0002200 secs]
788.579: [GC (Allocation Failure) 47228K->435K(88192K), 0.0002090 secs]
788.598: [GC (Allocation Failure) 45470K->435K(86592K), 0.0002100 secs]
788.617: [GC (Allocation Failure) 43907K->435K(85056K), 0.0002150 secs]
788.635: [GC (Allocation Failure) 42344K->435K(83584K), 0.0002010 secs]
788.669: [GC (Allocation Failure) 40879K->435K(82176K), 0.0002260 secs]
788.690: [GC (Allocation Failure) 39512K->435K(80832K), 0.0002200 secs]
788.749: [GC (Allocation Failure) 38144K->435K(79552K), 0.0002260 secs]
788.768: [GC (Allocation Failure) 36875K->435K(78336K), 0.0002160 secs]
788.784: [GC (Allocation Failure) 35605K->435K(77184K), 0.0002160 secs]
788.799: [GC (Allocation Failure) 34530K->435K(76032K), 0.0002030 secs]
788.886: [GC (Allocation Failure) 33358K->435K(74944K), 0.0002210 secs]
788.904: [GC (Allocation Failure) 32284K->435K(73920K), 0.0002210 secs]
788.939: [GC (Allocation Failure) 31210K->435K(72960K), 0.0002170 secs]
788.956: [GC (Allocation Failure) 30233K->435K(72000K), 0.0001990 secs]
788.969: [GC (Allocation Failure) 29354K->435K(71104K), 0.0002180 secs]
788.986: [GC (Allocation Failure) 28377K->435K(76736K), 0.0002130 secs]
789.001: [GC (Allocation Failure) 34042K->435K(83520K), 0.0002030 secs]
789.045: [GC (Allocation Failure) 40879K->435K(82112K), 0.0002240 secs]
789.066: [GC (Allocation Failure) 39414K->435K(80768K), 0.0002240 secs]
789.088: [GC (Allocation Failure) 38047K->435K(79488K), 0.0002290 secs]
789.104: [GC (Allocation Failure) 36777K->435K(86784K), 0.0002670 secs]
789.146: [GC (Allocation Failure) 44102K->435K(85248K), 0.0002250 secs]
789.168: [GC (Allocation Failure) 42540K->435K(83776K), 0.0002120 secs]
789.251: [GC (Allocation Failure) 41074K->435K(82368K), 0.0002020 secs]
789.268: [GC (Allocation Failure) 39707K->435K(81024K), 0.0002740 secs]
789.289: [GC (Allocation Failure) 38340K->435K(79744K), 0.0002030 secs]
789.339: [GC (Allocation Failure) 37070K->435K(78528K), 0.0002140 secs]
789.388: [GC (Allocation Failure) 35800K->435K(77312K), 0.0002040 secs]
789.438: [GC (Allocation Failure) 34628K->435K(76160K), 0.0002040 secs]
789.487: [GC (Allocation Failure) 33456K->435K(75072K), 0.0002120 secs]
789.505: [GC (Allocation Failure) 32382K->435K(74048K), 0.0003370 secs]
789.523: [GC (Allocation Failure) 31405K->435K(73088K), 0.0002110 secs]
789.580: [GC (Allocation Failure) 30428K->435K(72128K), 0.0002390 secs]
789.597: [GC (Allocation Failure) 29451K->435K(71232K), 0.0002610 secs]
789.610: [GC (Allocation Failure) 28572K->435K(76864K), 0.0002120 secs]
789.624: [GC (Allocation Failure) 34140K->435K(83648K), 0.0002020 secs]
789.642: [GC (Allocation Failure) 40977K->435K(91776K), 0.0002040 secs]
789.694: [GC (Allocation Failure) 49084K->435K(89984K), 0.0002130 secs]
789.719: [GC (Allocation Failure) 47325K->435K(88256K), 0.0002200 secs]
789.797: [GC (Allocation Failure) 45567K->435K(86592K), 0.0002120 secs]
789.820: [GC (Allocation Failure) 43907K->435K(85056K), 0.0002110 secs]
789.842: [GC (Allocation Failure) 42344K->435K(83584K), 0.0002120 secs]
789.860: [GC (Allocation Failure) 40879K->435K(82176K), 0.0002110 secs]
789.881: [GC (Allocation Failure) 39512K->435K(80832K), 0.0002110 secs]
789.897: [GC (Allocation Failure) 38144K->435K(79552K), 0.0002260 secs]
789.913: [GC (Allocation Failure) 36875K->435K(78336K), 0.0002120 secs]
789.949: [GC (Allocation Failure) 35605K->435K(77184K), 0.0002240 secs]
789.968: [GC (Allocation Failure) 34530K->435K(76032K), 0.0002030 secs]
789.986: [GC (Allocation Failure) 33358K->435K(74944K), 0.0002120 secs]
790.000: [GC (Allocation Failure) 32284K->435K(81344K), 0.0002750 secs]
790.040: [GC (Allocation Failure) 38633K->435K(80000K), 0.0002060 secs]
790.094: [GC (Allocation Failure) 37363K->435K(78720K), 0.0002210 secs]
790.109: [GC (Allocation Failure) 35996K->435K(77504K), 0.0002020 secs]
790.128: [GC (Allocation Failure) 34823K->435K(76352K), 0.0002090 secs]
790.181: [GC (Allocation Failure) 33651K->435K(75264K), 0.0002050 secs]
790.199: [GC (Allocation Failure) 32577K->435K(74240K), 0.0002770 secs]
790.217: [GC (Allocation Failure) 31600K->435K(73216K), 0.0002110 secs]
790.230: [GC (Allocation Failure) 30526K->435K(79296K), 0.0002170 secs]
790.290: [GC (Allocation Failure) 36582K->435K(78080K), 0.0002350 secs]
790.310: [GC (Allocation Failure) 35409K->435K(76928K), 0.0002010 secs]
790.340: [GC (Allocation Failure) 34237K->435K(75840K), 0.0002220 secs]
790.374: [GC (Allocation Failure) 33163K->435K(74752K), 0.0002030 secs]
790.388: [GC (Allocation Failure) 32089K->435K(73728K), 0.0002170 secs]
790.402: [GC (Allocation Failure) 31014K->435K(72768K), 0.0002030 secs]
790.416: [GC (Allocation Failure) 30038K->435K(78720K), 0.0002140 secs]
790.436: [GC (Allocation Failure) 35996K->435K(85888K), 0.0002020 secs]
790.455: [GC (Allocation Failure) 43223K->435K(84352K), 0.0002120 secs]
790.475: [GC (Allocation Failure) 41660K->435K(82880K), 0.0001980 secs]
790.496: [GC (Allocation Failure) 40195K->435K(90880K), 0.0002820 secs]
790.521: [GC (Allocation Failure) 48204K->435K(89152K), 0.0002100 secs]
790.545: [GC (Allocation Failure) 46446K->435K(87488K), 0.0002110 secs]
790.565: [GC (Allocation Failure) 44786K->435K(85888K), 0.0002030 secs]
790.587: [GC (Allocation Failure) 43223K->435K(84352K), 0.0002100 secs]
790.642: [GC (Allocation Failure) 41660K->435K(82880K), 0.0002140 secs]
790.660: [GC (Allocation Failure) 40195K->435K(81472K), 0.0002020 secs]
790.791: [GC (Allocation Failure) 38828K->435K(80128K), 0.0002120 secs]
790.807: [GC (Allocation Failure) 37461K->435K(78848K), 0.0002020 secs]
790.825: [GC (Allocation Failure) 36191K->435K(77632K), 0.0002090 secs]
790.894: [GC (Allocation Failure) 34921K->435K(76480K), 0.0002210 secs]
790.913: [GC (Allocation Failure) 33749K->435K(75392K), 0.0002000 secs]
790.927: [GC (Allocation Failure) 32675K->435K(74368K), 0.0002150 secs]
790.983: [GC (Allocation Failure) 31698K->435K(73344K), 0.0002190 secs]
791.001: [GC (Allocation Failure) 30624K->435K(72384K), 0.0002290 secs]
791.014: [GC (Allocation Failure) 29745K->435K(71488K), 0.0002270 secs]
791.091: [GC (Allocation Failure) 28768K->435K(70592K), 0.0002790 secs]
791.107: [GC (Allocation Failure) 27889K->435K(69760K), 0.0002280 secs]
791.123: [GC (Allocation Failure) 27107K->435K(68992K), 0.0002110 secs]
791.138: [GC (Allocation Failure) 26326K->435K(74176K), 0.0002130 secs]
791.152: [GC (Allocation Failure) 31503K->435K(80448K), 0.0002030 secs]
791.195: [GC (Allocation Failure) 37754K->435K(79168K), 0.0002180 secs]
791.215: [GC (Allocation Failure) 36484K->435K(77952K), 0.0002030 secs]
791.241: [GC (Allocation Failure) 35312K->435K(76800K), 0.0002750 secs]
791.345: [GC (Allocation Failure) 34140K->435K(75712K), 0.0002230 secs]
791.390: [GC (Allocation Failure) 33065K->435K(74624K), 0.0002130 secs]
791.408: [GC (Allocation Failure) 31893K->435K(73600K), 0.0002010 secs]
791.421: [GC (Allocation Failure) 30917K->435K(72640K), 0.0002170 secs]
791.438: [GC (Allocation Failure) 29940K->435K(71744K), 0.0002140 secs]
791.454: [GC (Allocation Failure) 29061K->435K(77504K), 0.0002710 secs]
791.470: [GC (Allocation Failure) 34823K->435K(84416K), 0.0002130 secs]
791.494: [GC (Allocation Failure) 41758K->435K(92736K), 0.0002030 secs]
791.552: [GC (Allocation Failure) 50064K->435K(90880K), 0.0002280 secs]
791.576: [GC (Allocation Failure) 48204K->435K(89152K), 0.0002140 secs]
791.652: [GC (Allocation Failure) 46446K->435K(87488K), 0.0002150 secs]
791.695: [GC (Allocation Failure) 44786K->435K(85888K), 0.0002060 secs]
791.749: [GC (Allocation Failure) 43223K->435K(84352K), 0.0002820 secs]
791.767: [GC (Allocation Failure) 41660K->435K(82880K), 0.0002140 secs]
791.793: [GC (Allocation Failure) 40195K->435K(81472K), 0.0002230 secs]
791.810: [GC (Allocation Failure) 38828K->435K(80128K), 0.0002120 secs]
791.826: [GC (Allocation Failure) 37461K->435K(78848K), 0.0002170 secs]
791.942: [GC (Allocation Failure) 36191K->435K(77632K), 0.0002030 secs]
791.973: [GC (Allocation Failure) 34921K->435K(76480K), 0.0002140 secs]
791.988: [GC (Allocation Failure) 33749K->435K(75392K), 0.0002020 secs]
792.044: [GC (Allocation Failure) 32675K->435K(74368K), 0.0002170 secs]
792.058: [GC (Allocation Failure) 31698K->435K(73344K), 0.0002220 secs]
792.072: [GC (Allocation Failure) 30624K->435K(72384K), 0.0002010 secs]
792.088: [GC (Allocation Failure) 29745K->435K(71488K), 0.0002100 secs]
792.101: [GC (Allocation Failure) 28768K->435K(77184K), 0.0002150 secs]
792.116: [GC (Allocation Failure) 34530K->435K(84032K), 0.0002020 secs]
792.134: [GC (Allocation Failure) 41367K->435K(92224K), 0.0002130 secs]
792.252: [GC (Allocation Failure) 49572K->435K(90432K), 0.0002110 secs]
792.272: [GC (Allocation Failure) 47716K->435K(88704K), 0.0002040 secs]
792.349: [GC (Allocation Failure) 46056K->435K(87040K), 0.0002740 secs]
792.393: [GC (Allocation Failure) 44395K->435K(85440K), 0.0002170 secs]
792.412: [GC (Allocation Failure) 42735K->435K(83968K), 0.0002110 secs]
792.547: [GC (Allocation Failure) 41270K->435K(82560K), 0.0002150 secs]
792.565: [GC (Allocation Failure) 39902K->435K(81216K), 0.0002750 secs]
792.607: [GC (Allocation Failure) 38535K->435K(79936K), 0.0002150 secs]
792.647: [GC (Allocation Failure) 37265K->435K(78656K), 0.0002120 secs]
792.663: [GC (Allocation Failure) 35996K->435K(77440K), 0.0002050 secs]
792.692: [GC (Allocation Failure) 34726K->435K(76288K), 0.0002130 secs]
792.707: [GC (Allocation Failure) 33554K->435K(75200K), 0.0002120 secs]
792.748: [GC (Allocation Failure) 32479K->435K(74176K), 0.0002040 secs]
792.776: [GC (Allocation Failure) 31503K->435K(73152K), 0.0002380 secs]
792.793: [GC (Allocation Failure) 30428K->435K(72192K), 0.0002120 secs]
792.806: [GC (Allocation Failure) 29549K->435K(71296K), 0.0002110 secs]
792.850: [GC (Allocation Failure) 28572K->435K(70400K), 0.0002210 secs]
792.866: [GC (Allocation Failure) 27693K->435K(69568K), 0.0002400 secs]
792.882: [GC (Allocation Failure) 26912K->435K(68800K), 0.0002190 secs]
792.898: [GC (Allocation Failure) 26131K->435K(73984K), 0.0002290 secs]
792.912: [GC (Allocation Failure) 31307K->435K(80192K), 0.0002170 secs]
792.928: [GC (Allocation Failure) 37461K->435K(87616K), 0.0002100 secs]
792.997: [GC (Allocation Failure) 44884K->435K(86016K), 0.0002120 secs]
793.016: [GC (Allocation Failure) 43321K->435K(84480K), 0.0002130 secs]
793.033: [GC (Allocation Failure) 41758K->435K(83008K), 0.0002030 secs]
793.145: [GC (Allocation Failure) 40293K->435K(81600K), 0.0002120 secs]
793.166: [GC (Allocation Failure) 38926K->435K(80256K), 0.0002150 secs]
793.182: [GC (Allocation Failure) 37558K->435K(78976K), 0.0002030 secs]
793.244: [GC (Allocation Failure) 36289K->435K(77760K), 0.0002740 secs]
793.293: [GC (Allocation Failure) 35116K->435K(76608K), 0.0002020 secs]
793.447: [GC (Allocation Failure) 33944K->435K(75520K), 0.0002130 secs]
793.461: [GC (Allocation Failure) 32870K->435K(74496K), 0.0002270 secs]
793.475: [GC (Allocation Failure) 31796K->435K(73472K), 0.0002030 secs]
793.488: [GC (Allocation Failure) 30819K->435K(72512K), 0.0002120 secs]
793.542: [GC (Allocation Failure) 29842K->435K(71616K), 0.0002080 secs]
793.559: [GC (Allocation Failure) 28963K->435K(70720K), 0.0002710 secs]
793.571: [GC (Allocation Failure) 27986K->435K(76288K), 0.0002130 secs]
793.585: [GC (Allocation Failure) 33554K->435K(82944K), 0.0002040 secs]
793.651: [GC (Allocation Failure) 40293K->435K(81536K), 0.0002040 secs]
793.696: [GC (Allocation Failure) 38828K->435K(80192K), 0.0002040 secs]
793.749: [GC (Allocation Failure) 37461K->435K(78912K), 0.0002130 secs]
793.765: [GC (Allocation Failure) 36191K->435K(77696K), 0.0002140 secs]
793.784: [GC (Allocation Failure) 35019K->435K(76544K), 0.0002080 secs]
793.843: [GC (Allocation Failure) 33847K->435K(75456K), 0.0002040 secs]
793.954: [GC (Allocation Failure) 32772K->435K(74432K), 0.0002150 secs]
793.968: [GC (Allocation Failure) 31698K->435K(73408K), 0.0002150 secs]
793.997: [GC (Allocation Failure) 30721K->435K(72448K), 0.0002190 secs]
794.010: [GC (Allocation Failure) 29745K->435K(71552K), 0.0002280 secs]
794.022: [GC (Allocation Failure) 28865K->435K(77248K), 0.0002120 secs]
794.037: [GC (Allocation Failure) 34530K->435K(84096K), 0.0002160 secs]
794.101: [GC (Allocation Failure) 41367K->435K(82624K), 0.0002120 secs]
794.118: [GC (Allocation Failure) 39902K->435K(81280K), 0.0002260 secs]
794.135: [GC (Allocation Failure) 38633K->435K(80000K), 0.0002000 secs]
794.155: [GC (Allocation Failure) 37363K->435K(78720K), 0.0002090 secs]
794.299: [GC (Allocation Failure) 35996K->435K(77504K), 0.0002070 secs]
794.314: [GC (Allocation Failure) 34823K->435K(76352K), 0.0002740 secs]
794.333: [GC (Allocation Failure) 33651K->435K(75264K), 0.0002090 secs]
794.352: [GC (Allocation Failure) 32577K->435K(74240K), 0.0002240 secs]
794.366: [GC (Allocation Failure) 31600K->435K(80512K), 0.0002030 secs]
794.382: [GC (Allocation Failure) 37851K->435K(88000K), 0.0002120 secs]
794.402: [GC (Allocation Failure) 45274K->435K(97024K), 0.0002050 secs]
794.430: [GC (Allocation Failure) 54362K->435K(94976K), 0.0002030 secs]
794.457: [GC (Allocation Failure) 52311K->435K(93056K), 0.0002020 secs]
794.480: [GC (Allocation Failure) 50357K->435K(91200K), 0.0002110 secs]
794.501: [GC (Allocation Failure) 48498K->435K(89408K), 0.0002010 secs]
794.525: [GC (Allocation Failure) 46739K->435K(87744K), 0.0003480 secs]
794.553: [GC (Allocation Failure) 45079K->435K(86144K), 0.0002130 secs]
794.572: [GC (Allocation Failure) 43419K->435K(84608K), 0.0002150 secs]
794.650: [GC (Allocation Failure) 41953K->435K(83136K), 0.0002110 secs]
794.668: [GC (Allocation Failure) 40488K->435K(81728K), 0.0002140 secs]
794.697: [GC (Allocation Failure) 39023K->435K(80384K), 0.0002110 secs]
794.713: [GC (Allocation Failure) 37656K->435K(79104K), 0.0002010 secs]
794.730: [GC (Allocation Failure) 36386K->435K(77888K), 0.0002140 secs]
794.746: [GC (Allocation Failure) 35214K->435K(76736K), 0.0002060 secs]
794.855: [GC (Allocation Failure) 34042K->435K(75648K), 0.0002240 secs]
794.873: [GC (Allocation Failure) 32968K->435K(74560K), 0.0002030 secs]
794.887: [GC (Allocation Failure) 31893K->435K(73536K), 0.0002290 secs]
794.900: [GC (Allocation Failure) 30819K->435K(79680K), 0.0002040 secs]
794.920: [GC (Allocation Failure) 36972K->435K(87040K), 0.0002140 secs]
794.953: [GC (Allocation Failure) 44395K->435K(85440K), 0.0002150 secs]
794.976: [GC (Allocation Failure) 42735K->435K(83968K), 0.0002100 secs]
794.994: [GC (Allocation Failure) 41270K->435K(82560K), 0.0002030 secs]
795.153: [GC (Allocation Failure) 39902K->435K(81216K), 0.0002150 secs]
795.169: [GC (Allocation Failure) 38535K->435K(79936K), 0.0002030 secs]
795.247: [GC (Allocation Failure) 37265K->435K(78656K), 0.0002040 secs]
795.300: [GC (Allocation Failure) 35996K->435K(77440K), 0.0002130 secs]
795.319: [GC (Allocation Failure) 34726K->435K(76288K), 0.0002170 secs]
795.338: [GC (Allocation Failure) 33554K->435K(75200K), 0.0002190 secs]
795.445: [GC (Allocation Failure) 32479K->435K(74176K), 0.0002140 secs]
795.462: [GC (Allocation Failure) 31503K->435K(73152K), 0.0002020 secs]
795.480: [GC (Allocation Failure) 30428K->435K(72192K), 0.0002160 secs]
795.493: [GC (Allocation Failure) 29549K->435K(71296K), 0.0002020 secs]
795.509: [GC (Allocation Failure) 28572K->435K(70400K), 0.0002130 secs]
795.525: [GC (Allocation Failure) 27693K->435K(75904K), 0.0002290 secs]
795.540: [GC (Allocation Failure) 33261K->435K(82496K), 0.0002010 secs]
795.598: [GC (Allocation Failure) 39805K->435K(81152K), 0.0002330 secs]
795.615: [GC (Allocation Failure) 38437K->435K(79872K), 0.0002130 secs]
795.635: [GC (Allocation Failure) 37168K->435K(78656K), 0.0001990 secs]
795.650: [GC (Allocation Failure) 35996K->435K(77440K), 0.0002070 secs]
795.750: [GC (Allocation Failure) 34726K->435K(76288K), 0.0002260 secs]
795.769: [GC (Allocation Failure) 33554K->435K(75200K), 0.0002300 secs]
795.783: [GC (Allocation Failure) 32479K->435K(74176K), 0.0002020 secs]
795.801: [GC (Allocation Failure) 31503K->435K(73152K), 0.0002110 secs]
795.845: [GC (Allocation Failure) 30428K->435K(72192K), 0.0002260 secs]
795.861: [GC (Allocation Failure) 29549K->435K(71296K), 0.0002140 secs]
795.894: [GC (Allocation Failure) 28572K->435K(70400K), 0.0002150 secs]
795.906: [GC (Allocation Failure) 27693K->435K(69568K), 0.0002020 secs]
795.917: [GC (Allocation Failure) 26912K->435K(74880K), 0.0002020 secs]
795.964: [GC (Allocation Failure) 32186K->435K(73856K), 0.0002240 secs]
795.982: [GC (Allocation Failure) 31210K->435K(72896K), 0.0002040 secs]
795.999: [GC (Allocation Failure) 30233K->435K(71936K), 0.0002030 secs]
796.015: [GC (Allocation Failure) 29256K->435K(77760K), 0.0002390 secs]
796.051: [GC (Allocation Failure) 35116K->435K(76608K), 0.0002190 secs]
796.070: [GC (Allocation Failure) 33944K->435K(75520K), 0.0002040 secs]
796.084: [GC (Allocation Failure) 32870K->435K(74496K), 0.0002030 secs]
796.146: [GC (Allocation Failure) 31796K->435K(73472K), 0.0002710 secs]
796.167: [GC (Allocation Failure) 30819K->435K(72512K), 0.0002130 secs]
796.182: [GC (Allocation Failure) 29842K->435K(71616K), 0.0002130 secs]
796.299: [GC (Allocation Failure) 28963K->435K(70720K), 0.0002070 secs]
796.311: [GC (Allocation Failure) 27986K->435K(69888K), 0.0002240 secs]
796.327: [GC (Allocation Failure) 27205K->435K(69056K), 0.0002100 secs]
796.344: [GC (Allocation Failure) 26326K->435K(74304K), 0.0002260 secs]
796.368: [GC (Allocation Failure) 31600K->435K(73280K), 0.0002070 secs]
796.390: [GC (Allocation Failure) 30624K->435K(79360K), 0.0002840 secs]
796.410: [GC (Allocation Failure) 36679K->435K(78144K), 0.0002010 secs]
796.426: [GC (Allocation Failure) 35409K->435K(85184K), 0.0002130 secs]
796.444: [GC (Allocation Failure) 42540K->435K(83712K), 0.0002050 secs]
796.466: [GC (Allocation Failure) 41074K->435K(82304K), 0.0002130 secs]
796.499: [GC (Allocation Failure) 39609K->435K(80960K), 0.0002000 secs]
796.520: [GC (Allocation Failure) 38242K->435K(79680K), 0.0002030 secs]
796.536: [GC (Allocation Failure) 36972K->435K(78464K), 0.0002130 secs]
796.555: [GC (Allocation Failure) 35800K->435K(77312K), 0.0002680 secs]
796.571: [GC (Allocation Failure) 34628K->435K(84160K), 0.0002130 secs]
796.592: [GC (Allocation Failure) 41465K->435K(82688K), 0.0002140 secs]
796.654: [GC (Allocation Failure) 40000K->435K(81344K), 0.0003110 secs]
796.675: [GC (Allocation Failure) 38633K->435K(80000K), 0.0002030 secs]
796.703: [GC (Allocation Failure) 37363K->435K(78720K), 0.0002040 secs]
796.718: [GC (Allocation Failure) 35996K->435K(77504K), 0.0002040 secs]
796.752: [GC (Allocation Failure) 34823K->435K(76352K), 0.0002140 secs]
796.766: [GC (Allocation Failure) 33651K->435K(75264K), 0.0002030 secs]
796.897: [GC (Allocation Failure) 32577K->435K(74240K), 0.0002140 secs]
796.911: [GC (Allocation Failure) 31600K->435K(73216K), 0.0002140 secs]
796.975: [GC (Allocation Failure) 30526K->435K(72256K), 0.0002180 secs]
796.988: [GC (Allocation Failure) 29549K->435K(78144K), 0.0003190 secs]
797.049: [GC (Allocation Failure) 35409K->435K(76992K), 0.0002160 secs]
797.158: [GC (Allocation Failure) 34335K->435K(75904K), 0.0002150 secs]
797.172: [GC (Allocation Failure) 33261K->435K(74816K), 0.0002080 secs]
797.252: [GC (Allocation Failure) 32089K->435K(73792K), 0.0002130 secs]
797.265: [GC (Allocation Failure) 31112K->435K(72832K), 0.0002140 secs]
797.297: [GC (Allocation Failure) 30135K->435K(71872K), 0.0002170 secs]
797.346: [GC (Allocation Failure) 29158K->435K(70976K), 0.0002240 secs]
797.362: [GC (Allocation Failure) 28279K->435K(70144K), 0.0002220 secs]
797.500: [GC (Allocation Failure) 27498K->435K(69312K), 0.0002060 secs]
797.511: [GC (Allocation Failure) 26619K->435K(68544K), 0.0002270 secs]
797.527: [GC (Allocation Failure) 25838K->435K(67776K), 0.0002110 secs]
797.557: [GC (Allocation Failure) 25052K->435K(67072K), 0.0002350 secs]
797.573: [GC (Allocation Failure) 24369K->435K(66368K), 0.0002050 secs]
797.583: [GC (Allocation Failure) 23685K->435K(71040K), 0.0002290 secs]
797.600: [GC (Allocation Failure) 28377K->435K(76672K), 0.0002730 secs]
797.619: [GC (Allocation Failure) 33944K->435K(83392K), 0.0002130 secs]
797.656: [GC (Allocation Failure) 40684K->435K(81984K), 0.0002050 secs]
797.673: [GC (Allocation Failure) 39316K->435K(89792K), 0.0002190 secs]
797.779: [GC (Allocation Failure) 47130K->435K(88064K), 0.0002260 secs]
797.803: [GC (Allocation Failure) 45372K->435K(86464K), 0.0002130 secs]
797.822: [GC (Allocation Failure) 43809K->435K(84928K), 0.0002140 secs]
797.844: [GC (Allocation Failure) 42247K->435K(83456K), 0.0002110 secs]
797.902: [GC (Allocation Failure) 40781K->435K(82048K), 0.0002750 secs]
798.051: [GC (Allocation Failure) 39316K->435K(80704K), 0.0002140 secs]
798.068: [GC (Allocation Failure) 38047K->435K(79424K), 0.0002030 secs]
798.085: [GC (Allocation Failure) 36777K->435K(78208K), 0.0002000 secs]
798.104: [GC (Allocation Failure) 35507K->435K(77056K), 0.0002160 secs]
798.123: [GC (Allocation Failure) 34335K->435K(75904K), 0.0002150 secs]
798.138: [GC (Allocation Failure) 33261K->435K(74816K), 0.0002180 secs]
798.156: [GC (Allocation Failure) 32089K->435K(73792K), 0.0002110 secs]
798.198: [GC (Allocation Failure) 31112K->435K(72832K), 0.0002220 secs]
798.215: [GC (Allocation Failure) 30135K->435K(71872K), 0.0002020 secs]
798.228: [GC (Allocation Failure) 29158K->435K(77632K), 0.0002040 secs]
798.352: [GC (Allocation Failure) 34921K->435K(76480K), 0.0002290 secs]
798.377: [GC (Allocation Failure) 33749K->435K(75392K), 0.0002170 secs]
798.391: [GC (Allocation Failure) 32675K->435K(74368K), 0.0002190 secs]
798.421: [GC (Allocation Failure) 31698K->435K(73344K), 0.0002110 secs]
798.448: [GC (Allocation Failure) 30624K->435K(72384K), 0.0002240 secs]
798.461: [GC (Allocation Failure) 29745K->435K(71488K), 0.0002160 secs]
798.502: [GC (Allocation Failure) 28768K->435K(70592K), 0.0002820 secs]
798.518: [GC (Allocation Failure) 27889K->435K(69760K), 0.0002070 secs]
798.534: [GC (Allocation Failure) 27107K->435K(68992K), 0.0002000 secs]
798.549: [GC (Allocation Failure) 26326K->435K(74176K), 0.0002150 secs]
798.563: [GC (Allocation Failure) 31503K->435K(80448K), 0.0002130 secs]
798.583: [GC (Allocation Failure) 37754K->435K(87936K), 0.0002130 secs]
798.607: [GC (Allocation Failure) 45274K->435K(86336K), 0.0002170 secs]
798.626: [GC (Allocation Failure) 43614K->435K(84800K), 0.0002100 secs]
798.669: [GC (Allocation Failure) 42149K->435K(83328K), 0.0002040 secs]
798.703: [GC (Allocation Failure) 40684K->435K(81920K), 0.0002110 secs]
798.720: [GC (Allocation Failure) 39219K->435K(80576K), 0.0002010 secs]
798.753: [GC (Allocation Failure) 37851K->435K(79296K), 0.0002250 secs]
798.773: [GC (Allocation Failure) 36582K->435K(78080K), 0.0002160 secs]
798.805: [GC (Allocation Failure) 35409K->435K(76928K), 0.0002150 secs]
798.820: [GC (Allocation Failure) 34237K->435K(75840K), 0.0002060 secs]
798.834: [GC (Allocation Failure) 33163K->435K(74752K), 0.0002150 secs]
798.852: [GC (Allocation Failure) 32089K->435K(73728K), 0.0002140 secs]
798.869: [GC (Allocation Failure) 31014K->435K(72768K), 0.0002010 secs]
798.886: [GC (Allocation Failure) 30038K->435K(78720K), 0.0002520 secs]
798.902: [GC (Allocation Failure) 35996K->435K(85888K), 0.0002220 secs]
798.955: [GC (Allocation Failure) 43223K->435K(84352K), 0.0002700 secs]
799.008: [GC (Allocation Failure) 41660K->435K(82880K), 0.0002140 secs]
799.029: [GC (Allocation Failure) 40195K->435K(81472K), 0.0002010 secs]
799.050: [GC (Allocation Failure) 38828K->435K(80128K), 0.0002130 secs]
799.102: [GC (Allocation Failure) 37461K->435K(78848K), 0.0002950 secs]
799.166: [GC (Allocation Failure) 36191K->435K(77632K), 0.0002370 secs]
799.185: [GC (Allocation Failure) 34921K->435K(76480K), 0.0002220 secs]
799.251: [GC (Allocation Failure) 33749K->435K(75392K), 0.0002110 secs]
799.269: [GC (Allocation Failure) 32675K->435K(74368K), 0.0002000 secs]
799.283: [GC (Allocation Failure) 31698K->435K(73344K), 0.0002130 secs]
799.296: [GC (Allocation Failure) 30624K->435K(72384K), 0.0002120 secs]
799.313: [GC (Allocation Failure) 29745K->435K(78272K), 0.0002120 secs]
799.328: [GC (Allocation Failure) 35605K->435K(85312K), 0.0002170 secs]
799.505: [GC (Allocation Failure) 42637K->435K(83840K), 0.0002180 secs]
799.559: [GC (Allocation Failure) 41172K->435K(82432K), 0.0003190 secs]
799.576: [GC (Allocation Failure) 39707K->435K(81088K), 0.0002080 secs]
799.600: [GC (Allocation Failure) 38437K->435K(79808K), 0.0002240 secs]
799.616: [GC (Allocation Failure) 37168K->435K(78592K), 0.0002160 secs]
799.657: [GC (Allocation Failure) 35898K->435K(77376K), 0.0002280 secs]
799.676: [GC (Allocation Failure) 34726K->435K(76224K), 0.0002030 secs]
799.756: [GC (Allocation Failure) 33554K->435K(75136K), 0.0002330 secs]
799.770: [GC (Allocation Failure) 32479K->435K(74112K), 0.0002660 secs]
799.804: [GC (Allocation Failure) 31405K->435K(73152K), 0.0002220 secs]
799.821: [GC (Allocation Failure) 30428K->435K(72192K), 0.0002170 secs]
799.835: [GC (Allocation Failure) 29549K->435K(71296K), 0.0002140 secs]
799.852: [GC (Allocation Failure) 28572K->435K(76992K), 0.0002210 secs]
799.906: [GC (Allocation Failure) 34335K->435K(75904K), 0.0002170 secs]
799.921: [GC (Allocation Failure) 33261K->435K(74816K), 0.0002150 secs]
799.938: [GC (Allocation Failure) 32089K->435K(73792K), 0.0002030 secs]
799.963: [GC (Allocation Failure) 31112K->435K(72832K), 0.0002210 secs]
799.977: [GC (Allocation Failure) 30135K->435K(78784K), 0.0002200 secs]
799.992: [GC (Allocation Failure) 36093K->435K(85952K), 0.0002040 secs]
800.015: [GC (Allocation Failure) 43223K->435K(94528K), 0.0002240 secs]
800.066: [GC (Allocation Failure) 51822K->435K(92608K), 0.0002150 secs]
800.159: [GC (Allocation Failure) 49967K->435K(90752K), 0.0002040 secs]
800.208: [GC (Allocation Failure) 48107K->435K(89024K), 0.0002170 secs]
800.258: [GC (Allocation Failure) 46349K->435K(87360K), 0.0002040 secs]
800.362: [GC (Allocation Failure) 44688K->435K(85760K), 0.0002270 secs]
800.385: [GC (Allocation Failure) 43028K->435K(84224K), 0.0002160 secs]
800.425: [GC (Allocation Failure) 41563K->435K(82752K), 0.0002180 secs]
800.443: [GC (Allocation Failure) 40098K->435K(81344K), 0.0002160 secs]
800.459: [GC (Allocation Failure) 38633K->435K(80000K), 0.0002040 secs]
800.479: [GC (Allocation Failure) 37363K->435K(78720K), 0.0002230 secs]
800.507: [GC (Allocation Failure) 35996K->435K(77504K), 0.0002230 secs]
800.523: [GC (Allocation Failure) 34823K->435K(76352K), 0.0002010 secs]
800.538: [GC (Allocation Failure) 33651K->435K(75264K), 0.0002110 secs]
800.668: [GC (Allocation Failure) 32577K->435K(74240K), 0.0002230 secs]
800.687: [GC (Allocation Failure) 31600K->435K(73216K), 0.0002100 secs]
800.700: [GC (Allocation Failure) 30526K->435K(72256K), 0.0002170 secs]
800.756: [GC (Allocation Failure) 29549K->435K(71360K), 0.0002300 secs]
800.773: [GC (Allocation Failure) 28670K->435K(70464K), 0.0002190 secs]
800.786: [GC (Allocation Failure) 27791K->435K(75968K), 0.0002160 secs]
800.864: [GC (Allocation Failure) 33261K->435K(74880K), 0.0002120 secs]
800.882: [GC (Allocation Failure) 32186K->435K(73856K), 0.0002070 secs]
800.899: [GC (Allocation Failure) 31210K->435K(72896K), 0.0002170 secs]
800.917: [GC (Allocation Failure) 30233K->435K(71936K), 0.0002110 secs]
800.983: [GC (Allocation Failure) 29256K->435K(71040K), 0.0002020 secs]
800.995: [GC (Allocation Failure) 28377K->435K(70208K), 0.0002040 secs]
801.007: [GC (Allocation Failure) 27498K->435K(75648K), 0.0002150 secs]
801.053: [GC (Allocation Failure) 32968K->435K(74560K), 0.0002130 secs]
801.103: [GC (Allocation Failure) 31893K->435K(73536K), 0.0002220 secs]
801.120: [GC (Allocation Failure) 30819K->435K(72576K), 0.0002230 secs]
801.167: [GC (Allocation Failure) 29842K->435K(71680K), 0.0002260 secs]
801.179: [GC (Allocation Failure) 28963K->435K(70784K), 0.0002100 secs]
801.191: [GC (Allocation Failure) 28084K->435K(76352K), 0.0002030 secs]
801.210: [GC (Allocation Failure) 33651K->435K(83008K), 0.0002030 secs]
801.227: [GC (Allocation Failure) 40293K->435K(91008K), 0.0002020 secs]
801.264: [GC (Allocation Failure) 48302K->435K(89216K), 0.0002090 secs]
801.284: [GC (Allocation Failure) 46544K->435K(87552K), 0.0002750 secs]
801.358: [GC (Allocation Failure) 44884K->435K(85952K), 0.0002030 secs]
801.408: [GC (Allocation Failure) 43223K->435K(84416K), 0.0002140 secs]
801.426: [GC (Allocation Failure) 41758K->435K(82944K), 0.0002140 secs]
801.447: [GC (Allocation Failure) 40293K->435K(81536K), 0.0002100 secs]
801.556: [GC (Allocation Failure) 38828K->435K(80192K), 0.0002090 secs]
801.578: [GC (Allocation Failure) 37461K->435K(78912K), 0.0002230 secs]
801.594: [GC (Allocation Failure) 36191K->435K(77696K), 0.0002120 secs]
801.613: [GC (Allocation Failure) 35019K->435K(76544K), 0.0002200 secs]
801.654: [GC (Allocation Failure) 33847K->435K(75456K), 0.0002220 secs]
801.704: [GC (Allocation Failure) 32772K->435K(74432K), 0.0002120 secs]
801.717: [GC (Allocation Failure) 31698K->435K(73408K), 0.0002010 secs]
801.735: [GC (Allocation Failure) 30721K->435K(72448K), 0.0002000 secs]
801.748: [GC (Allocation Failure) 29745K->435K(78336K), 0.0002240 secs]
801.767: [GC (Allocation Failure) 35605K->435K(77184K), 0.0002130 secs]
801.786: [GC (Allocation Failure) 34530K->435K(76032K), 0.0002090 secs]
801.808: [GC (Allocation Failure) 33358K->435K(74944K), 0.0002050 secs]
801.823: [GC (Allocation Failure) 32284K->435K(81344K), 0.0002260 secs]
801.839: [GC (Allocation Failure) 38633K->435K(89024K), 0.0002000 secs]
801.910: [GC (Allocation Failure) 46349K->435K(87360K), 0.0002350 secs]
801.964: [GC (Allocation Failure) 44688K->435K(85760K), 0.0002140 secs]
801.983: [GC (Allocation Failure) 43028K->435K(84224K), 0.0002750 secs]
802.013: [GC (Allocation Failure) 41563K->435K(82752K), 0.0002400 secs]
802.031: [GC (Allocation Failure) 40098K->435K(81344K), 0.0002110 secs]
802.048: [GC (Allocation Failure) 38633K->435K(80000K), 0.0001980 secs]
802.068: [GC (Allocation Failure) 37363K->435K(78720K), 0.0002110 secs]
802.083: [GC (Allocation Failure) 35996K->435K(77504K), 0.0002040 secs]
802.102: [GC (Allocation Failure) 34823K->435K(84416K), 0.0003350 secs]
802.125: [GC (Allocation Failure) 41758K->435K(92736K), 0.0002140 secs]
802.146: [GC (Allocation Failure) 50064K->435K(90880K), 0.0001990 secs]
802.215: [GC (Allocation Failure) 48204K->435K(89152K), 0.0002210 secs]
802.240: [GC (Allocation Failure) 46446K->435K(87488K), 0.0002160 secs]
802.259: [GC (Allocation Failure) 44786K->435K(85888K), 0.0002030 secs]
802.361: [GC (Allocation Failure) 43223K->435K(84352K), 0.0002130 secs]
802.380: [GC (Allocation Failure) 41660K->435K(82880K), 0.0002050 secs]
802.397: [GC (Allocation Failure) 40195K->435K(81472K), 0.0002030 secs]
802.414: [GC (Allocation Failure) 38828K->435K(80128K), 0.0002010 secs]
802.447: [GC (Allocation Failure) 37461K->435K(78848K), 0.0002410 secs]
802.464: [GC (Allocation Failure) 36191K->435K(77632K), 0.0002140 secs]
802.479: [GC (Allocation Failure) 34921K->435K(76480K), 0.0002030 secs]
802.505: [GC (Allocation Failure) 33749K->435K(75392K), 0.0002150 secs]
802.555: [GC (Allocation Failure) 32675K->435K(74368K), 0.0002700 secs]
802.572: [GC (Allocation Failure) 31698K->435K(73344K), 0.0002000 secs]
802.708: [GC (Allocation Failure) 30624K->435K(72384K), 0.0002210 secs]
802.721: [GC (Allocation Failure) 29745K->435K(71488K), 0.0002160 secs]
802.808: [GC (Allocation Failure) 28768K->435K(70592K), 0.0002240 secs]
802.824: [GC (Allocation Failure) 27889K->435K(69760K), 0.0002080 secs]
802.841: [GC (Allocation Failure) 27107K->435K(68992K), 0.0002260 secs]
802.856: [GC (Allocation Failure) 26326K->435K(74176K), 0.0002660 secs]
802.870: [GC (Allocation Failure) 31503K->435K(80448K), 0.0002130 secs]
802.890: [GC (Allocation Failure) 37754K->435K(87936K), 0.0002150 secs]
802.915: [GC (Allocation Failure) 45274K->435K(86336K), 0.0002060 secs]
802.934: [GC (Allocation Failure) 43614K->435K(84800K), 0.0002030 secs]
802.964: [GC (Allocation Failure) 42149K->435K(83328K), 0.0002390 secs]
802.983: [GC (Allocation Failure) 40684K->435K(81920K), 0.0002150 secs]
803.062: [GC (Allocation Failure) 39219K->435K(80576K), 0.0002130 secs]
803.083: [GC (Allocation Failure) 37851K->435K(79296K), 0.0002760 secs]
803.099: [GC (Allocation Failure) 36582K->435K(78080K), 0.0002110 secs]
803.118: [GC (Allocation Failure) 35409K->435K(76928K), 0.0002010 secs]
803.133: [GC (Allocation Failure) 34237K->435K(83712K), 0.0002250 secs]
803.156: [GC (Allocation Failure) 41074K->435K(82304K), 0.0002110 secs]
803.179: [GC (Allocation Failure) 39609K->435K(80960K), 0.0002080 secs]
803.200: [GC (Allocation Failure) 38242K->435K(79680K), 0.0002080 secs]
803.216: [GC (Allocation Failure) 36972K->435K(78464K), 0.0002190 secs]
803.236: [GC (Allocation Failure) 35800K->435K(77312K), 0.0002040 secs]
803.251: [GC (Allocation Failure) 34628K->435K(84160K), 0.0002160 secs]
803.310: [GC (Allocation Failure) 41465K->435K(82688K), 0.0002280 secs]
803.348: [GC (Allocation Failure) 40000K->435K(81344K), 0.0002230 secs]
803.368: [GC (Allocation Failure) 38633K->435K(80000K), 0.0002210 secs]
803.412: [GC (Allocation Failure) 37363K->435K(78720K), 0.0002120 secs]
803.428: [GC (Allocation Failure) 35996K->435K(77504K), 0.0002110 secs]
803.447: [GC (Allocation Failure) 34823K->435K(76352K), 0.0002130 secs]
803.461: [GC (Allocation Failure) 33651K->435K(75264K), 0.0002130 secs]
803.475: [GC (Allocation Failure) 32577K->435K(81728K), 0.0002030 secs]
803.492: [GC (Allocation Failure) 39023K->435K(89472K), 0.0002040 secs]
803.516: [GC (Allocation Failure) 46739K->435K(87808K), 0.0002130 secs]
803.540: [GC (Allocation Failure) 45079K->435K(86208K), 0.0002220 secs]
803.567: [GC (Allocation Failure) 43516K->435K(84672K), 0.0002170 secs]
803.585: [GC (Allocation Failure) 41953K->435K(83200K), 0.0002060 secs]
803.660: [GC (Allocation Failure) 40488K->435K(81792K), 0.0002040 secs]
803.713: [GC (Allocation Failure) 39121K->435K(80448K), 0.0002830 secs]
803.730: [GC (Allocation Failure) 37754K->435K(79168K), 0.0002170 secs]
803.745: [GC (Allocation Failure) 36484K->435K(77952K), 0.0002030 secs]
803.760: [GC (Allocation Failure) 35312K->435K(76800K), 0.0002130 secs]
803.857: [GC (Allocation Failure) 34140K->435K(75712K), 0.0002150 secs]
803.876: [GC (Allocation Failure) 33065K->435K(74624K), 0.0002230 secs]
803.907: [GC (Allocation Failure) 31893K->435K(73600K), 0.0002020 secs]
803.956: [GC (Allocation Failure) 30917K->435K(72640K), 0.0002050 secs]
803.969: [GC (Allocation Failure) 29940K->435K(71744K), 0.0002110 secs]
803.981: [GC (Allocation Failure) 29061K->435K(70848K), 0.0002030 secs]
803.998: [GC (Allocation Failure) 28182K->435K(76416K), 0.0001980 secs]
804.016: [GC (Allocation Failure) 33749K->435K(75328K), 0.0002130 secs]
804.031: [GC (Allocation Failure) 32675K->435K(81792K), 0.0002150 secs]
804.052: [GC (Allocation Failure) 39121K->435K(89536K), 0.0002010 secs]
804.076: [GC (Allocation Failure) 46837K->435K(87872K), 0.0002180 secs]
804.167: [GC (Allocation Failure) 45177K->435K(86272K), 0.0002220 secs]
804.185: [GC (Allocation Failure) 43614K->435K(84736K), 0.0002140 secs]
804.207: [GC (Allocation Failure) 42051K->435K(83264K), 0.0002210 secs]
804.265: [GC (Allocation Failure) 40586K->435K(81856K), 0.0002160 secs]
804.285: [GC (Allocation Failure) 39219K->435K(80512K), 0.0002750 secs]
804.306: [GC (Allocation Failure) 37851K->435K(79232K), 0.0002220 secs]
804.322: [GC (Allocation Failure) 36582K->435K(78016K), 0.0002490 secs]
804.338: [GC (Allocation Failure) 35312K->435K(85056K), 0.0002880 secs]
804.357: [GC (Allocation Failure) 42344K->435K(93504K), 0.0002020 secs]
804.383: [GC (Allocation Failure) 50846K->435K(103616K), 0.0002740 secs]
804.414: [GC (Allocation Failure) 60906K->435K(101248K), 0.0002180 secs]
804.444: [GC (Allocation Failure) 58562K->435K(99008K), 0.0002230 secs]
804.468: [GC (Allocation Failure) 56315K->435K(96896K), 0.0002050 secs]
804.517: [GC (Allocation Failure) 54166K->435K(94848K), 0.0002150 secs]
804.540: [GC (Allocation Failure) 52115K->435K(92928K), 0.0002020 secs]
804.566: [GC (Allocation Failure) 50260K->435K(91072K), 0.0002520 secs]
804.587: [GC (Allocation Failure) 48400K->435K(89280K), 0.0002020 secs]
804.615: [GC (Allocation Failure) 46642K->435K(87616K), 0.0002270 secs]
804.634: [GC (Allocation Failure) 44884K->435K(86016K), 0.0002230 secs]
804.653: [GC (Allocation Failure) 43321K->435K(84480K), 0.0002020 secs]
804.671: [GC (Allocation Failure) 41758K->435K(83008K), 0.0002020 secs]
804.692: [GC (Allocation Failure) 40293K->435K(81600K), 0.0002130 secs]
804.709: [GC (Allocation Failure) 38926K->435K(80256K), 0.0002020 secs]
804.765: [GC (Allocation Failure) 37558K->435K(78976K), 0.0002140 secs]
804.785: [GC (Allocation Failure) 36289K->435K(77760K), 0.0002130 secs]
804.863: [GC (Allocation Failure) 35116K->435K(76608K), 0.0002200 secs]
804.882: [GC (Allocation Failure) 33944K->435K(75520K), 0.0002120 secs]
804.896: [GC (Allocation Failure) 32870K->435K(74496K), 0.0002170 secs]
805.008: [GC (Allocation Failure) 31796K->435K(73472K), 0.0002180 secs]
805.058: [GC (Allocation Failure) 30819K->435K(72512K), 0.0002130 secs]
805.107: [GC (Allocation Failure) 29842K->435K(71616K), 0.0002130 secs]
805.157: [GC (Allocation Failure) 28963K->435K(70720K), 0.0002030 secs]
805.173: [GC (Allocation Failure) 27986K->435K(69888K), 0.0002690 secs]
805.185: [GC (Allocation Failure) 27205K->435K(69056K), 0.0002290 secs]
805.197: [GC (Allocation Failure) 26326K->435K(74304K), 0.0002030 secs]
805.210: [GC (Allocation Failure) 31600K->435K(80576K), 0.0002250 secs]
805.311: [GC (Allocation Failure) 37851K->435K(79296K), 0.0002130 secs]
805.331: [GC (Allocation Failure) 36582K->435K(78080K), 0.0002130 secs]
805.346: [GC (Allocation Failure) 35409K->435K(76928K), 0.0002000 secs]
805.365: [GC (Allocation Failure) 34237K->435K(75840K), 0.0002120 secs]
805.383: [GC (Allocation Failure) 33163K->435K(74752K), 0.0002120 secs]
805.397: [GC (Allocation Failure) 32089K->435K(81088K), 0.0002150 secs]
805.414: [GC (Allocation Failure) 38437K->435K(88704K), 0.0002030 secs]
805.465: [GC (Allocation Failure) 46056K->435K(87040K), 0.0002160 secs]
805.488: [GC (Allocation Failure) 44395K->435K(85440K), 0.0002220 secs]
805.514: [GC (Allocation Failure) 42735K->435K(83968K), 0.0002250 secs]
805.551: [GC (Allocation Failure) 41270K->435K(82560K), 0.0003020 secs]
805.572: [GC (Allocation Failure) 39902K->435K(81216K), 0.0002260 secs]
805.589: [GC (Allocation Failure) 38535K->435K(79936K), 0.0002060 secs]
805.605: [GC (Allocation Failure) 37265K->435K(78656K), 0.0002050 secs]
805.661: [GC (Allocation Failure) 35996K->435K(77440K), 0.0002140 secs]
805.676: [GC (Allocation Failure) 34726K->435K(76288K), 0.0002000 secs]
805.690: [GC (Allocation Failure) 33554K->435K(75200K), 0.0002220 secs]
805.709: [GC (Allocation Failure) 32479K->435K(74176K), 0.0002220 secs]
805.727: [GC (Allocation Failure) 31503K->435K(80448K), 0.0002110 secs]
805.762: [GC (Allocation Failure) 37754K->435K(79168K), 0.0002120 secs]
805.777: [GC (Allocation Failure) 36484K->435K(77952K), 0.0002020 secs]
805.811: [GC (Allocation Failure) 35312K->435K(76800K), 0.0002150 secs]
805.910: [GC (Allocation Failure) 34140K->435K(75712K), 0.0002110 secs]
805.928: [GC (Allocation Failure) 33065K->435K(74624K), 0.0002120 secs]
805.943: [GC (Allocation Failure) 31893K->435K(73600K), 0.0002000 secs]
805.959: [GC (Allocation Failure) 30917K->435K(72640K), 0.0002120 secs]
806.012: [GC (Allocation Failure) 29940K->435K(71744K), 0.0002080 secs]
806.029: [GC (Allocation Failure) 29061K->435K(70848K), 0.0002190 secs]
806.041: [GC (Allocation Failure) 28182K->435K(76416K), 0.0002050 secs]
806.056: [GC (Allocation Failure) 33749K->435K(83136K), 0.0002130 secs]
806.077: [GC (Allocation Failure) 40488K->435K(91200K), 0.0002120 secs]
806.171: [GC (Allocation Failure) 48498K->435K(89408K), 0.0002120 secs]
806.195: [GC (Allocation Failure) 46739K->435K(87744K), 0.0002020 secs]
806.218: [GC (Allocation Failure) 45079K->435K(86144K), 0.0002440 secs]
806.237: [GC (Allocation Failure) 43419K->435K(84608K), 0.0002140 secs]
806.255: [GC (Allocation Failure) 41953K->435K(83136K), 0.0002100 secs]
806.318: [GC (Allocation Failure) 40488K->435K(81728K), 0.0002210 secs]
806.337: [GC (Allocation Failure) 39023K->435K(80384K), 0.0002110 secs]
806.358: [GC (Allocation Failure) 37656K->435K(79104K), 0.0002200 secs]
806.423: [GC (Allocation Failure) 36386K->435K(77888K), 0.0002200 secs]
806.438: [GC (Allocation Failure) 35214K->435K(76736K), 0.0002030 secs]
806.457: [GC (Allocation Failure) 34042K->435K(75648K), 0.0002100 secs]
806.497: [GC (Allocation Failure) 32968K->435K(74560K), 0.0002250 secs]
806.515: [GC (Allocation Failure) 31893K->435K(73536K), 0.0002000 secs]
806.533: [GC (Allocation Failure) 30819K->435K(72576K), 0.0002820 secs]
806.547: [GC (Allocation Failure) 29842K->435K(78528K), 0.0002010 secs]
806.616: [GC (Allocation Failure) 35800K->435K(77312K), 0.0002760 secs]
806.631: [GC (Allocation Failure) 34628K->435K(76160K), 0.0002100 secs]
806.647: [GC (Allocation Failure) 33456K->435K(75072K), 0.0002040 secs]
806.766: [GC (Allocation Failure) 32382K->435K(74048K), 0.0002150 secs]
806.784: [GC (Allocation Failure) 31405K->435K(73088K), 0.0002020 secs]
806.801: [GC (Allocation Failure) 30428K->435K(72128K), 0.0002010 secs]
806.818: [GC (Allocation Failure) 29451K->435K(71232K), 0.0002250 secs]
806.831: [GC (Allocation Failure) 28572K->435K(76864K), 0.0002160 secs]
806.862: [GC (Allocation Failure) 34140K->435K(75776K), 0.0002360 secs]
806.881: [GC (Allocation Failure) 33065K->435K(74688K), 0.0002040 secs]
806.897: [GC (Allocation Failure) 31991K->435K(73664K), 0.0002100 secs]
806.915: [GC (Allocation Failure) 31014K->435K(72704K), 0.0001990 secs]
806.932: [GC (Allocation Failure) 30038K->435K(78656K), 0.0002110 secs]
806.947: [GC (Allocation Failure) 35996K->435K(85824K), 0.0002250 secs]
806.966: [GC (Allocation Failure) 43126K->435K(94400K), 0.0002160 secs]
807.070: [GC (Allocation Failure) 51725K->435K(92480K), 0.0002020 secs]
807.119: [GC (Allocation Failure) 49767K->435K(90624K), 0.0002020 secs]
807.169: [GC (Allocation Failure) 47911K->435K(88896K), 0.0002180 secs]
807.189: [GC (Allocation Failure) 46251K->435K(87232K), 0.0002030 secs]
807.221: [GC (Allocation Failure) 44591K->435K(85632K), 0.0002120 secs]
807.243: [GC (Allocation Failure) 42930K->435K(84096K), 0.0002010 secs]
807.265: [GC (Allocation Failure) 41367K->435K(82624K), 0.0002160 secs]
807.283: [GC (Allocation Failure) 39902K->435K(81280K), 0.0002120 secs]
807.299: [GC (Allocation Failure) 38633K->435K(80000K), 0.0002130 secs]
807.364: [GC (Allocation Failure) 37363K->435K(78720K), 0.0002030 secs]
807.413: [GC (Allocation Failure) 35996K->435K(77504K), 0.0002250 secs]
807.432: [GC (Allocation Failure) 34823K->435K(76352K), 0.0002110 secs]
807.462: [GC (Allocation Failure) 33651K->435K(75264K), 0.0002750 secs]
807.512: [GC (Allocation Failure) 32577K->435K(74240K), 0.0002030 secs]
807.666: [GC (Allocation Failure) 31600K->435K(73216K), 0.0002130 secs]
807.679: [GC (Allocation Failure) 30526K->435K(72256K), 0.0002170 secs]
807.711: [GC (Allocation Failure) 29549K->435K(71360K), 0.0002120 secs]
807.723: [GC (Allocation Failure) 28670K->435K(70464K), 0.0002030 secs]
807.739: [GC (Allocation Failure) 27791K->435K(69632K), 0.0002140 secs]
807.755: [GC (Allocation Failure) 26912K->435K(68864K), 0.0002000 secs]
807.771: [GC (Allocation Failure) 26131K->435K(74048K), 0.0002210 secs]
807.916: [GC (Allocation Failure) 31405K->435K(73088K), 0.0002140 secs]
807.933: [GC (Allocation Failure) 30428K->435K(72128K), 0.0002130 secs]
807.949: [GC (Allocation Failure) 29451K->435K(71232K), 0.0002070 secs]
807.962: [GC (Allocation Failure) 28572K->435K(76864K), 0.0002750 secs]
808.017: [GC (Allocation Failure) 34140K->435K(75776K), 0.0002140 secs]
808.031: [GC (Allocation Failure) 33065K->435K(82368K), 0.0002150 secs]
808.052: [GC (Allocation Failure) 39707K->435K(81024K), 0.0002090 secs]
808.069: [GC (Allocation Failure) 38340K->435K(79744K), 0.0002030 secs]
808.085: [GC (Allocation Failure) 37070K->435K(87104K), 0.0002010 secs]
808.108: [GC (Allocation Failure) 44395K->435K(85504K), 0.0002020 secs]
808.127: [GC (Allocation Failure) 42833K->435K(83968K), 0.0002140 secs]
808.149: [GC (Allocation Failure) 41270K->435K(82560K), 0.0002090 secs]
808.168: [GC (Allocation Failure) 39902K->435K(90496K), 0.0002740 secs]
808.223: [GC (Allocation Failure) 47814K->435K(88768K), 0.0002150 secs]
808.247: [GC (Allocation Failure) 46056K->435K(87104K), 0.0002050 secs]
808.266: [GC (Allocation Failure) 44395K->435K(85504K), 0.0002140 secs]
808.288: [GC (Allocation Failure) 42833K->435K(83968K), 0.0002020 secs]
808.306: [GC (Allocation Failure) 41270K->435K(82560K), 0.0002310 secs]
808.368: [GC (Allocation Failure) 39902K->435K(81216K), 0.0002150 secs]
808.388: [GC (Allocation Failure) 38535K->435K(79936K), 0.0002180 secs]
808.409: [GC (Allocation Failure) 37265K->435K(78656K), 0.0002030 secs]
808.430: [GC (Allocation Failure) 35996K->435K(77440K), 0.0002250 secs]
808.445: [GC (Allocation Failure) 34726K->435K(76288K), 0.0002040 secs]
808.468: [GC (Allocation Failure) 33554K->435K(75200K), 0.0002100 secs]
808.482: [GC (Allocation Failure) 32479K->435K(74176K), 0.0002230 secs]
808.513: [GC (Allocation Failure) 31503K->435K(73152K), 0.0002110 secs]
808.526: [GC (Allocation Failure) 30428K->435K(79168K), 0.0002110 secs]
808.615: [GC (Allocation Failure) 36484K->435K(77952K), 0.0002020 secs]
808.665: [GC (Allocation Failure) 35312K->435K(76800K), 0.0002250 secs]
808.683: [GC (Allocation Failure) 34140K->435K(75712K), 0.0002120 secs]
808.698: [GC (Allocation Failure) 33065K->435K(74624K), 0.0002160 secs]
808.780: [GC (Allocation Failure) 31893K->435K(73600K), 0.0002210 secs]
808.793: [GC (Allocation Failure) 30917K->435K(72640K), 0.0002160 secs]
808.810: [GC (Allocation Failure) 29940K->435K(71744K), 0.0002200 secs]
808.862: [GC (Allocation Failure) 29061K->435K(70848K), 0.0002130 secs]
808.879: [GC (Allocation Failure) 28182K->435K(70016K), 0.0002000 secs]
808.895: [GC (Allocation Failure) 27303K->435K(75456K), 0.0002810 secs]
808.913: [GC (Allocation Failure) 32772K->435K(81984K), 0.0002100 secs]
808.967: [GC (Allocation Failure) 39316K->435K(80640K), 0.0002120 secs]
808.987: [GC (Allocation Failure) 37949K->435K(79360K), 0.0002010 secs]
809.007: [GC (Allocation Failure) 36679K->435K(78144K), 0.0002150 secs]
809.023: [GC (Allocation Failure) 35409K->435K(76992K), 0.0002160 secs]
809.037: [GC (Allocation Failure) 34335K->435K(83776K), 0.0002120 secs]
809.118: [GC (Allocation Failure) 41074K->435K(82368K), 0.0002120 secs]
809.139: [GC (Allocation Failure) 39707K->435K(81024K), 0.0002100 secs]
809.171: [GC (Allocation Failure) 38340K->435K(79744K), 0.0002160 secs]
809.220: [GC (Allocation Failure) 37070K->435K(78528K), 0.0002120 secs]
809.236: [GC (Allocation Failure) 35800K->435K(77312K), 0.0002770 secs]
809.369: [GC (Allocation Failure) 34628K->435K(76160K), 0.0002170 secs]
809.384: [GC (Allocation Failure) 33456K->435K(75072K), 0.0002170 secs]
809.419: [GC (Allocation Failure) 32382K->435K(74048K), 0.0002140 secs]
809.436: [GC (Allocation Failure) 31405K->435K(73088K), 0.0002060 secs]
809.451: [GC (Allocation Failure) 30428K->435K(72128K), 0.0002000 secs]
809.467: [GC (Allocation Failure) 29451K->435K(71232K), 0.0002050 secs]
809.480: [GC (Allocation Failure) 28572K->435K(76864K), 0.0002160 secs]
809.495: [GC (Allocation Failure) 34140K->435K(83648K), 0.0002010 secs]
809.523: [GC (Allocation Failure) 40977K->435K(82240K), 0.0002230 secs]
809.541: [GC (Allocation Failure) 39512K->435K(90112K), 0.0002670 secs]
809.562: [GC (Allocation Failure) 47423K->435K(99520K), 0.0002300 secs]
809.595: [GC (Allocation Failure) 56804K->435K(97344K), 0.0002150 secs]
809.618: [GC (Allocation Failure) 54655K->435K(95296K), 0.0002030 secs]
809.645: [GC (Allocation Failure) 52604K->435K(93312K), 0.0002010 secs]
809.667: [GC (Allocation Failure) 50650K->435K(91456K), 0.0002120 secs]
809.689: [GC (Allocation Failure) 48791K->435K(89664K), 0.0002020 secs]
809.713: [GC (Allocation Failure) 46935K->435K(87936K), 0.0002090 secs]
809.771: [GC (Allocation Failure) 45274K->435K(86336K), 0.0002130 secs]
809.820: [GC (Allocation Failure) 43614K->435K(84800K), 0.0002240 secs]
809.838: [GC (Allocation Failure) 42149K->435K(83328K), 0.0002140 secs]
809.973: [GC (Allocation Failure) 40684K->435K(81920K), 0.0002140 secs]
809.994: [GC (Allocation Failure) 39219K->435K(80576K), 0.0002060 secs]
810.014: [GC (Allocation Failure) 37851K->435K(79296K), 0.0002170 secs]
810.030: [GC (Allocation Failure) 36582K->435K(78080K), 0.0002210 secs]
810.067: [GC (Allocation Failure) 35409K->435K(76928K), 0.0002020 secs]
810.120: [GC (Allocation Failure) 34237K->435K(75840K), 0.0002090 secs]
810.138: [GC (Allocation Failure) 33163K->435K(74752K), 0.0002070 secs]
810.152: [GC (Allocation Failure) 32089K->435K(81088K), 0.0003190 secs]
810.175: [GC (Allocation Failure) 38437K->435K(79808K), 0.0002210 secs]
810.195: [GC (Allocation Failure) 37168K->435K(78592K), 0.0001990 secs]
810.214: [GC (Allocation Failure) 35898K->435K(77376K), 0.0002180 secs]
810.234: [GC (Allocation Failure) 34726K->435K(76224K), 0.0001990 secs]
810.252: [GC (Allocation Failure) 33554K->435K(75136K), 0.0002000 secs]
810.316: [GC (Allocation Failure) 32479K->435K(74112K), 0.0002250 secs]
810.329: [GC (Allocation Failure) 31405K->435K(73152K), 0.0002030 secs]
810.343: [GC (Allocation Failure) 30428K->435K(79168K), 0.0002090 secs]
810.359: [GC (Allocation Failure) 36484K->435K(86400K), 0.0004380 secs]
810.379: [GC (Allocation Failure) 43712K->435K(95104K), 0.0002040 secs]
810.402: [GC (Allocation Failure) 52408K->435K(105536K), 0.0002230 secs]
810.434: [GC (Allocation Failure) 62859K->435K(118080K), 0.0002240 secs]
810.485: [GC (Allocation Failure) 75365K->435K(115008K), 0.0002140 secs]
810.520: [GC (Allocation Failure) 72333K->435K(112128K), 0.0002210 secs]
810.582: [GC (Allocation Failure) 69403K->435K(109376K), 0.0002210 secs]
810.615: [GC (Allocation Failure) 66668K->435K(106752K), 0.0002110 secs]
810.684: [GC (Allocation Failure) 64031K->435K(104256K), 0.0002820 secs]
810.710: [GC (Allocation Failure) 61590K->435K(101888K), 0.0002140 secs]
810.740: [GC (Allocation Failure) 59245K->435K(99584K), 0.0002100 secs]
810.784: [GC (Allocation Failure) 56901K->435K(97408K), 0.0002090 secs]
810.880: [GC (Allocation Failure) 54753K->435K(95360K), 0.0002230 secs]
810.907: [GC (Allocation Failure) 52701K->435K(93376K), 0.0002130 secs]
810.974: [GC (Allocation Failure) 50650K->435K(91520K), 0.0002130 secs]
811.003: [GC (Allocation Failure) 48791K->435K(89728K), 0.0002100 secs]
811.123: [GC (Allocation Failure) 47032K->435K(88000K), 0.0002130 secs]
811.142: [GC (Allocation Failure) 45274K->435K(86400K), 0.0002040 secs]
811.226: [GC (Allocation Failure) 43712K->435K(84864K), 0.0002120 secs]
811.248: [GC (Allocation Failure) 42149K->435K(83392K), 0.0002080 secs]
811.265: [GC (Allocation Failure) 40684K->435K(81984K), 0.0002130 secs]
811.286: [GC (Allocation Failure) 39316K->435K(80640K), 0.0002710 secs]
811.302: [GC (Allocation Failure) 37949K->435K(79360K), 0.0002220 secs]
811.318: [GC (Allocation Failure) 36679K->435K(78144K), 0.0002020 secs]
811.373: [GC (Allocation Failure) 35409K->435K(76992K), 0.0002040 secs]
811.422: [GC (Allocation Failure) 34335K->435K(75904K), 0.0002150 secs]
811.437: [GC (Allocation Failure) 33261K->435K(74816K), 0.0002260 secs]
811.454: [GC (Allocation Failure) 32089K->435K(73792K), 0.0002690 secs]
811.467: [GC (Allocation Failure) 31112K->435K(79936K), 0.0002150 secs]
811.523: [GC (Allocation Failure) 37265K->435K(78656K), 0.0002120 secs]
811.539: [GC (Allocation Failure) 35996K->435K(77440K), 0.0002150 secs]
811.569: [GC (Allocation Failure) 34726K->435K(76288K), 0.0002110 secs]
811.584: [GC (Allocation Failure) 33554K->435K(75200K), 0.0002160 secs]
811.602: [GC (Allocation Failure) 32479K->435K(74176K), 0.0002120 secs]
811.617: [GC (Allocation Failure) 31503K->435K(80448K), 0.0003230 secs]
811.676: [GC (Allocation Failure) 37754K->435K(79168K), 0.0002160 secs]
811.720: [GC (Allocation Failure) 36484K->435K(77952K), 0.0002040 secs]
811.773: [GC (Allocation Failure) 35312K->435K(76800K), 0.0002230 secs]
811.792: [GC (Allocation Failure) 34140K->435K(75712K), 0.0002220 secs]
811.822: [GC (Allocation Failure) 33065K->435K(74624K), 0.0002170 secs]
811.836: [GC (Allocation Failure) 31893K->435K(73600K), 0.0002030 secs]
811.853: [GC (Allocation Failure) 30917K->435K(72640K), 0.0002160 secs]
811.972: [GC (Allocation Failure) 29940K->435K(71744K), 0.0002170 secs]
811.984: [GC (Allocation Failure) 29061K->435K(70848K), 0.0002020 secs]
812.000: [GC (Allocation Failure) 28182K->435K(76416K), 0.0002730 secs]
812.019: [GC (Allocation Failure) 33749K->435K(83136K), 0.0002120 secs]
812.072: [GC (Allocation Failure) 40488K->435K(81728K), 0.0002730 secs]
812.121: [GC (Allocation Failure) 39023K->435K(80384K), 0.0002060 secs]
812.167: [GC (Allocation Failure) 37656K->435K(79104K), 0.0002150 secs]
812.186: [GC (Allocation Failure) 36386K->435K(77888K), 0.0002090 secs]
812.274: [GC (Allocation Failure) 35214K->435K(76736K), 0.0002120 secs]
812.289: [GC (Allocation Failure) 34042K->435K(75648K), 0.0002200 secs]
812.303: [GC (Allocation Failure) 32968K->435K(74560K), 0.0002040 secs]
812.364: [GC (Allocation Failure) 31893K->435K(73536K), 0.0002010 secs]
812.388: [GC (Allocation Failure) 30819K->435K(72576K), 0.0002230 secs]
812.404: [GC (Allocation Failure) 29842K->435K(71680K), 0.0002210 secs]
812.417: [GC (Allocation Failure) 28963K->435K(70784K), 0.0002110 secs]
812.430: [GC (Allocation Failure) 28084K->435K(76352K), 0.0002080 secs]
812.448: [GC (Allocation Failure) 33651K->435K(83008K), 0.0002710 secs]
812.466: [GC (Allocation Failure) 40293K->435K(91008K), 0.0002030 secs]
812.580: [GC (Allocation Failure) 48302K->435K(89216K), 0.0002220 secs]
812.600: [GC (Allocation Failure) 46544K->435K(87552K), 0.0002020 secs]
812.619: [GC (Allocation Failure) 44884K->435K(85952K), 0.0002020 secs]
812.641: [GC (Allocation Failure) 43223K->435K(84416K), 0.0002200 secs]
812.677: [GC (Allocation Failure) 41758K->435K(82944K), 0.0002210 secs]
812.694: [GC (Allocation Failure) 40293K->435K(81536K), 0.0002120 secs]
812.711: [GC (Allocation Failure) 38828K->435K(80192K), 0.0002000 secs]
812.727: [GC (Allocation Failure) 37461K->435K(78912K), 0.0002000 secs]
812.746: [GC (Allocation Failure) 36191K->435K(77696K), 0.0002110 secs]
812.762: [GC (Allocation Failure) 35019K->435K(76544K), 0.0002140 secs]
812.783: [GC (Allocation Failure) 33847K->435K(75456K), 0.0002270 secs]
812.801: [GC (Allocation Failure) 32772K->435K(81984K), 0.0002740 secs]
812.818: [GC (Allocation Failure) 39316K->435K(89792K), 0.0002570 secs]
812.842: [GC (Allocation Failure) 47130K->435K(99136K), 0.0002470 secs]
812.880: [GC (Allocation Failure) 56413K->435K(96960K), 0.0002160 secs]
812.933: [GC (Allocation Failure) 54264K->435K(94912K), 0.0002230 secs]
812.956: [GC (Allocation Failure) 52213K->435K(92992K), 0.0002040 secs]
813.031: [GC (Allocation Failure) 50260K->435K(91136K), 0.0002220 secs]
813.052: [GC (Allocation Failure) 48498K->435K(89344K), 0.0002050 secs]
813.072: [GC (Allocation Failure) 46642K->435K(87680K), 0.0002030 secs]
813.180: [GC (Allocation Failure) 44981K->435K(86080K), 0.0002200 secs]
813.199: [GC (Allocation Failure) 43419K->435K(84544K), 0.0002170 secs]
813.278: [GC (Allocation Failure) 41856K->435K(83072K), 0.0002860 secs]
813.299: [GC (Allocation Failure) 40391K->435K(81664K), 0.0002060 secs]
813.320: [GC (Allocation Failure) 39023K->435K(80320K), 0.0002100 secs]
813.379: [GC (Allocation Failure) 37656K->435K(79040K), 0.0002200 secs]
813.396: [GC (Allocation Failure) 36386K->435K(77824K), 0.0002260 secs]
813.411: [GC (Allocation Failure) 35116K->435K(76672K), 0.0002030 secs]
813.426: [GC (Allocation Failure) 33944K->435K(75584K), 0.0002030 secs]
813.444: [GC (Allocation Failure) 32870K->435K(74560K), 0.0002130 secs]
813.458: [GC (Allocation Failure) 31893K->435K(80896K), 0.0002040 secs]
813.527: [GC (Allocation Failure) 38242K->435K(79616K), 0.0002820 secs]
813.543: [GC (Allocation Failure) 36972K->435K(86976K), 0.0002730 secs]
813.576: [GC (Allocation Failure) 44298K->435K(85376K), 0.0002250 secs]
813.594: [GC (Allocation Failure) 42735K->435K(83904K), 0.0002030 secs]
813.612: [GC (Allocation Failure) 41172K->435K(82496K), 0.0002130 secs]
813.728: [GC (Allocation Failure) 39805K->435K(81152K), 0.0002210 secs]
813.749: [GC (Allocation Failure) 38437K->435K(79872K), 0.0002090 secs]
813.778: [GC (Allocation Failure) 37168K->435K(78656K), 0.0002050 secs]
813.794: [GC (Allocation Failure) 35996K->435K(77440K), 0.0002120 secs]
813.822: [GC (Allocation Failure) 34726K->435K(76288K), 0.0002110 secs]
813.836: [GC (Allocation Failure) 33554K->435K(75200K), 0.0002020 secs]
813.871: [GC (Allocation Failure) 32479K->435K(74176K), 0.0002130 secs]
813.888: [GC (Allocation Failure) 31503K->435K(73152K), 0.0002080 secs]
813.981: [GC (Allocation Failure) 30428K->435K(72192K), 0.0002090 secs]
813.994: [GC (Allocation Failure) 29549K->435K(71296K), 0.0002130 secs]
814.025: [GC (Allocation Failure) 28572K->435K(70400K), 0.0002050 secs]
814.073: [GC (Allocation Failure) 27693K->435K(69568K), 0.0002200 secs]
814.089: [GC (Allocation Failure) 26912K->435K(68800K), 0.0002280 secs]
814.122: [GC (Allocation Failure) 26131K->435K(68032K), 0.0002090 secs]
814.137: [GC (Allocation Failure) 25349K->435K(67328K), 0.0002250 secs]
814.149: [GC (Allocation Failure) 24662K->435K(72192K), 0.0002550 secs]
814.166: [GC (Allocation Failure) 29549K->435K(78016K), 0.0002290 secs]
814.185: [GC (Allocation Failure) 35312K->435K(85056K), 0.0002130 secs]
814.207: [GC (Allocation Failure) 42344K->435K(93504K), 0.0002040 secs]
814.333: [GC (Allocation Failure) 50846K->435K(91648K), 0.0002050 secs]
814.358: [GC (Allocation Failure) 48986K->435K(89856K), 0.0002040 secs]
814.379: [GC (Allocation Failure) 47130K->435K(88128K), 0.0002080 secs]
814.428: [GC (Allocation Failure) 45470K->435K(86528K), 0.0002140 secs]
814.447: [GC (Allocation Failure) 43809K->435K(84992K), 0.0002140 secs]
814.465: [GC (Allocation Failure) 42344K->435K(83520K), 0.0002150 secs]
814.625: [GC (Allocation Failure) 40879K->435K(82112K), 0.0002610 secs]
814.651: [GC (Allocation Failure) 39414K->435K(80768K), 0.0002220 secs]
814.672: [GC (Allocation Failure) 38047K->435K(79488K), 0.0002050 secs]
814.688: [GC (Allocation Failure) 36777K->435K(78272K), 0.0002180 secs]
814.708: [GC (Allocation Failure) 35605K->435K(77120K), 0.0002720 secs]
814.723: [GC (Allocation Failure) 34433K->435K(83968K), 0.0002280 secs]
814.745: [GC (Allocation Failure) 41270K->435K(82560K), 0.0002110 secs]
814.762: [GC (Allocation Failure) 39902K->435K(81216K), 0.0002170 secs]
814.783: [GC (Allocation Failure) 38535K->435K(79936K), 0.0002100 secs]
814.924: [GC (Allocation Failure) 37265K->435K(78656K), 0.0002140 secs]
814.943: [GC (Allocation Failure) 35996K->435K(77440K), 0.0002120 secs]
814.962: [GC (Allocation Failure) 34726K->435K(76288K), 0.0002210 secs]
815.027: [GC (Allocation Failure) 33554K->435K(75200K), 0.0002120 secs]
815.041: [GC (Allocation Failure) 32479K->435K(74176K), 0.0002050 secs]
815.058: [GC (Allocation Failure) 31503K->435K(73152K), 0.0002120 secs]
815.075: [GC (Allocation Failure) 30428K->435K(72192K), 0.0002010 secs]
815.088: [GC (Allocation Failure) 29549K->435K(78016K), 0.0002040 secs]
815.124: [GC (Allocation Failure) 35312K->435K(76864K), 0.0002260 secs]
815.139: [GC (Allocation Failure) 34140K->435K(75776K), 0.0002130 secs]
815.184: [GC (Allocation Failure) 33065K->435K(74688K), 0.0002140 secs]
815.202: [GC (Allocation Failure) 31991K->435K(73664K), 0.0002050 secs]
815.219: [GC (Allocation Failure) 31014K->435K(79808K), 0.0003240 secs]
815.236: [GC (Allocation Failure) 37168K->435K(87168K), 0.0002130 secs]
815.255: [GC (Allocation Failure) 44493K->435K(96000K), 0.0002140 secs]
815.278: [GC (Allocation Failure) 53287K->435K(94016K), 0.0002030 secs]
815.300: [GC (Allocation Failure) 51334K->435K(92096K), 0.0002030 secs]
815.330: [GC (Allocation Failure) 49377K->435K(90304K), 0.0002130 secs]
815.350: [GC (Allocation Failure) 47618K->435K(88576K), 0.0002020 secs]
815.370: [GC (Allocation Failure) 45860K->435K(86912K), 0.0002220 secs]
815.478: [GC (Allocation Failure) 44200K->435K(85312K), 0.0002050 secs]
815.527: [GC (Allocation Failure) 42637K->435K(83840K), 0.0002720 secs]
815.565: [GC (Allocation Failure) 41172K->435K(82432K), 0.0002290 secs]
815.584: [GC (Allocation Failure) 39707K->435K(81088K), 0.0002220 secs]
815.601: [GC (Allocation Failure) 38437K->435K(79808K), 0.0002060 secs]
815.629: [GC (Allocation Failure) 37168K->435K(78592K), 0.0002250 secs]
815.648: [GC (Allocation Failure) 35898K->435K(77376K), 0.0002010 secs]
815.667: [GC (Allocation Failure) 34726K->435K(76224K), 0.0002110 secs]
815.685: [GC (Allocation Failure) 33554K->435K(75136K), 0.0002040 secs]
815.700: [GC (Allocation Failure) 32479K->435K(74112K), 0.0002020 secs]
815.772: [GC (Allocation Failure) 31405K->435K(73152K), 0.0002180 secs]
815.823: [GC (Allocation Failure) 30428K->435K(72192K), 0.0002130 secs]
815.835: [GC (Allocation Failure) 29549K->435K(71296K), 0.0002140 secs]
815.876: [GC (Allocation Failure) 28572K->435K(70400K), 0.0002100 secs]
815.892: [GC (Allocation Failure) 27693K->435K(69568K), 0.0002160 secs]
815.925: [GC (Allocation Failure) 26912K->435K(68800K), 0.0002010 secs]
815.941: [GC (Allocation Failure) 26131K->435K(68032K), 0.0002300 secs]
815.956: [GC (Allocation Failure) 25349K->435K(67328K), 0.0002030 secs]
815.967: [GC (Allocation Failure) 24662K->435K(72192K), 0.0002170 secs]
816.077: [GC (Allocation Failure) 29549K->435K(71296K), 0.0002320 secs]
816.090: [GC (Allocation Failure) 28572K->435K(76992K), 0.0002700 secs]
816.105: [GC (Allocation Failure) 34335K->435K(83776K), 0.0002170 secs]
816.176: [GC (Allocation Failure) 41074K->435K(82368K), 0.0002220 secs]
816.193: [GC (Allocation Failure) 39707K->435K(81024K), 0.0002020 secs]
816.219: [GC (Allocation Failure) 38340K->435K(79744K), 0.0002260 secs]
816.235: [GC (Allocation Failure) 37070K->435K(78528K), 0.0002120 secs]
816.342: [GC (Allocation Failure) 35800K->435K(77312K), 0.0002280 secs]
816.368: [GC (Allocation Failure) 34628K->435K(76160K), 0.0001820 secs]
816.382: [GC (Allocation Failure) 33456K->435K(75072K), 0.0002390 secs]
816.396: [GC (Allocation Failure) 32382K->435K(74048K), 0.0002050 secs]
816.422: [GC (Allocation Failure) 31405K->435K(73088K), 0.0002310 secs]
816.439: [GC (Allocation Failure) 30428K->435K(72128K), 0.0002320 secs]
816.477: [GC (Allocation Failure) 29451K->435K(71232K), 0.0002130 secs]
816.490: [GC (Allocation Failure) 28572K->435K(70400K), 0.0002150 secs]
816.622: [GC (Allocation Failure) 27693K->435K(69568K), 0.0002780 secs]
816.672: [GC (Allocation Failure) 26912K->435K(68800K), 0.0002150 secs]
816.688: [GC (Allocation Failure) 26131K->435K(68032K), 0.0002110 secs]
816.703: [GC (Allocation Failure) 25349K->435K(67328K), 0.0002240 secs]
816.714: [GC (Allocation Failure) 24662K->435K(72192K), 0.0003920 secs]
816.783: [GC (Allocation Failure) 29549K->435K(78016K), 0.0002260 secs]
816.798: [GC (Allocation Failure) 35312K->435K(85056K), 0.0002060 secs]
816.886: [GC (Allocation Failure) 42344K->435K(83584K), 0.0002360 secs]
816.908: [GC (Allocation Failure) 40879K->435K(82176K), 0.0002020 secs]
816.980: [GC (Allocation Failure) 39512K->435K(80832K), 0.0002160 secs]
816.996: [GC (Allocation Failure) 38144K->435K(79552K), 0.0002050 secs]
817.012: [GC (Allocation Failure) 36875K->435K(78336K), 0.0002140 secs]
817.031: [GC (Allocation Failure) 35605K->435K(77184K), 0.0002150 secs]
817.080: [GC (Allocation Failure) 34530K->435K(76032K), 0.0002070 secs]
817.098: [GC (Allocation Failure) 33358K->435K(74944K), 0.0002040 secs]
817.112: [GC (Allocation Failure) 32284K->435K(73920K), 0.0002160 secs]
817.225: [GC (Allocation Failure) 31210K->435K(72960K), 0.0002140 secs]
817.275: [GC (Allocation Failure) 30233K->435K(72000K), 0.0002030 secs]
817.324: [GC (Allocation Failure) 29354K->435K(71104K), 0.0002120 secs]
817.336: [GC (Allocation Failure) 28377K->435K(70272K), 0.0002160 secs]
817.352: [GC (Allocation Failure) 27596K->435K(69440K), 0.0001990 secs]
817.368: [GC (Allocation Failure) 26717K->435K(68672K), 0.0002170 secs]
817.380: [GC (Allocation Failure) 26033K->435K(73792K), 0.0002030 secs]
817.529: [GC (Allocation Failure) 31112K->435K(72832K), 0.0002210 secs]
817.542: [GC (Allocation Failure) 30135K->435K(71872K), 0.0002260 secs]
817.559: [GC (Allocation Failure) 29158K->435K(77632K), 0.0001990 secs]
817.581: [GC (Allocation Failure) 34921K->435K(76480K), 0.0002120 secs]
817.600: [GC (Allocation Failure) 33749K->435K(75392K), 0.0002040 secs]
817.630: [GC (Allocation Failure) 32675K->435K(74368K), 0.0002030 secs]
817.644: [GC (Allocation Failure) 31698K->435K(73344K), 0.0002050 secs]
817.675: [GC (Allocation Failure) 30624K->435K(72384K), 0.0002150 secs]
817.775: [GC (Allocation Failure) 29745K->435K(71488K), 0.0002280 secs]
817.792: [GC (Allocation Failure) 28768K->435K(70592K), 0.0002040 secs]
817.874: [GC (Allocation Failure) 27889K->435K(69760K), 0.0002850 secs]
817.928: [GC (Allocation Failure) 27107K->435K(68992K), 0.0002210 secs]
817.944: [GC (Allocation Failure) 26326K->435K(68224K), 0.0002130 secs]
817.979: [GC (Allocation Failure) 25545K->435K(67520K), 0.0002130 secs]
817.990: [GC (Allocation Failure) 24857K->435K(66816K), 0.0002550 secs]
818.005: [GC (Allocation Failure) 24173K->435K(71616K), 0.0002640 secs]
818.025: [GC (Allocation Failure) 28963K->435K(77376K), 0.0002160 secs]
818.081: [GC (Allocation Failure) 34726K->435K(76224K), 0.0002230 secs]
818.100: [GC (Allocation Failure) 33554K->435K(75136K), 0.0002150 secs]
818.114: [GC (Allocation Failure) 32479K->435K(74112K), 0.0002130 secs]
818.128: [GC (Allocation Failure) 31405K->435K(80320K), 0.0002730 secs]
818.167: [GC (Allocation Failure) 37656K->435K(87808K), 0.0002030 secs]
818.236: [GC (Allocation Failure) 45079K->435K(86208K), 0.0002110 secs]
818.259: [GC (Allocation Failure) 43516K->435K(84672K), 0.0002060 secs]
818.281: [GC (Allocation Failure) 41953K->435K(83200K), 0.0002130 secs]
818.368: [GC (Allocation Failure) 40488K->435K(81792K), 0.0002150 secs]
818.389: [GC (Allocation Failure) 39121K->435K(80448K), 0.0002120 secs]
818.405: [GC (Allocation Failure) 37754K->435K(79168K), 0.0002060 secs]
818.478: [GC (Allocation Failure) 36484K->435K(77952K), 0.0002320 secs]
818.528: [GC (Allocation Failure) 35312K->435K(76800K), 0.0002030 secs]
818.573: [GC (Allocation Failure) 34140K->435K(75712K), 0.0002140 secs]
818.591: [GC (Allocation Failure) 33065K->435K(74624K), 0.0002110 secs]
818.605: [GC (Allocation Failure) 31893K->435K(73600K), 0.0002120 secs]
818.627: [GC (Allocation Failure) 30917K->435K(72640K), 0.0002250 secs]
818.644: [GC (Allocation Failure) 29940K->435K(71744K), 0.0002040 secs]
818.661: [GC (Allocation Failure) 29061K->435K(70848K), 0.0002230 secs]
818.730: [GC (Allocation Failure) 28182K->435K(70016K), 0.0002140 secs]
818.746: [GC (Allocation Failure) 27303K->435K(69184K), 0.0002380 secs]
818.780: [GC (Allocation Failure) 26521K->435K(68416K), 0.0002230 secs]
818.795: [GC (Allocation Failure) 25740K->435K(67648K), 0.0002300 secs]
818.810: [GC (Allocation Failure) 24955K->435K(72576K), 0.0002150 secs]
818.827: [GC (Allocation Failure) 29842K->435K(78528K), 0.0002200 secs]
818.843: [GC (Allocation Failure) 35800K->435K(85632K), 0.0002050 secs]
818.893: [GC (Allocation Failure) 42930K->435K(84096K), 0.0002180 secs]
818.914: [GC (Allocation Failure) 41367K->435K(82624K), 0.0001990 secs]
818.984: [GC (Allocation Failure) 39902K->435K(81280K), 0.0002210 secs]
819.005: [GC (Allocation Failure) 38633K->435K(80000K), 0.0002190 secs]
819.022: [GC (Allocation Failure) 37363K->435K(78720K), 0.0002040 secs]
819.041: [GC (Allocation Failure) 35996K->435K(77504K), 0.0002130 secs]
819.056: [GC (Allocation Failure) 34823K->435K(76352K), 0.0002160 secs]
819.083: [GC (Allocation Failure) 33651K->435K(75264K), 0.0002250 secs]
819.101: [GC (Allocation Failure) 32577K->435K(74240K), 0.0002060 secs]
819.128: [GC (Allocation Failure) 31600K->435K(73216K), 0.0002130 secs]
819.179: [GC (Allocation Failure) 30526K->435K(72256K), 0.0002130 secs]
819.196: [GC (Allocation Failure) 29549K->435K(71360K), 0.0002150 secs]
819.212: [GC (Allocation Failure) 28670K->435K(70464K), 0.0002290 secs]
819.225: [GC (Allocation Failure) 27791K->435K(75968K), 0.0002620 secs]
819.243: [GC (Allocation Failure) 33261K->435K(82560K), 0.0002120 secs]
819.335: [GC (Allocation Failure) 39902K->435K(81216K), 0.0002150 secs]
819.352: [GC (Allocation Failure) 38535K->435K(79936K), 0.0002150 secs]
819.368: [GC (Allocation Failure) 37265K->435K(78656K), 0.0002130 secs]
819.388: [GC (Allocation Failure) 35996K->435K(77440K), 0.0002120 secs]
819.533: [GC (Allocation Failure) 34726K->435K(76288K), 0.0002040 secs]
819.552: [GC (Allocation Failure) 33554K->435K(75200K), 0.0002070 secs]
819.566: [GC (Allocation Failure) 32479K->435K(74176K), 0.0002220 secs]
819.584: [GC (Allocation Failure) 31503K->435K(73152K), 0.0002140 secs]
819.601: [GC (Allocation Failure) 30428K->435K(72192K), 0.0002020 secs]
819.614: [GC (Allocation Failure) 29549K->435K(78016K), 0.0002120 secs]
819.629: [GC (Allocation Failure) 35312K->435K(85056K), 0.0003450 secs]
819.648: [GC (Allocation Failure) 42344K->435K(93504K), 0.0001990 secs]
819.673: [GC (Allocation Failure) 50846K->435K(103616K), 0.0002110 secs]
819.703: [GC (Allocation Failure) 60906K->435K(101248K), 0.0002120 secs]
819.784: [GC (Allocation Failure) 58562K->435K(99008K), 0.0002250 secs]
819.812: [GC (Allocation Failure) 56315K->435K(96896K), 0.0002100 secs]
819.892: [GC (Allocation Failure) 54166K->435K(94848K), 0.0002050 secs]
819.919: [GC (Allocation Failure) 52115K->435K(92928K), 0.0002090 secs]
819.941: [GC (Allocation Failure) 50260K->435K(91072K), 0.0002010 secs]
819.962: [GC (Allocation Failure) 48400K->435K(89280K), 0.0002120 secs]
819.983: [GC (Allocation Failure) 46642K->435K(87616K), 0.0002040 secs]
820.092: [GC (Allocation Failure) 44884K->435K(86016K), 0.0002050 secs]
820.138: [GC (Allocation Failure) 43321K->435K(84480K), 0.0002510 secs]
820.159: [GC (Allocation Failure) 41758K->435K(83008K), 0.0002120 secs]
820.176: [GC (Allocation Failure) 40293K->435K(81600K), 0.0002120 secs]
820.236: [GC (Allocation Failure) 38926K->435K(80256K), 0.0002180 secs]
820.252: [GC (Allocation Failure) 37558K->435K(78976K), 0.0002710 secs]
820.281: [GC (Allocation Failure) 36289K->435K(77760K), 0.0002150 secs]
820.296: [GC (Allocation Failure) 35116K->435K(76608K), 0.0002140 secs]
820.331: [GC (Allocation Failure) 33944K->435K(75520K), 0.0002170 secs]
820.352: [GC (Allocation Failure) 32870K->435K(74496K), 0.0002630 secs]
820.372: [GC (Allocation Failure) 31796K->435K(80832K), 0.0003590 secs]
820.424: [GC (Allocation Failure) 38144K->435K(79552K), 0.0002100 secs]
820.444: [GC (Allocation Failure) 36875K->435K(78336K), 0.0002130 secs]
820.460: [GC (Allocation Failure) 35605K->435K(77184K), 0.0002190 secs]
820.475: [GC (Allocation Failure) 34530K->435K(76032K), 0.0001970 secs]
820.489: [GC (Allocation Failure) 33358K->435K(82624K), 0.0002130 secs]
820.533: [GC (Allocation Failure) 39902K->435K(81280K), 0.0002140 secs]
820.576: [GC (Allocation Failure) 38633K->435K(80000K), 0.0002170 secs]
820.736: [GC (Allocation Failure) 37363K->435K(78720K), 0.0002230 secs]
820.752: [GC (Allocation Failure) 35996K->435K(77504K), 0.0002030 secs]
820.771: [GC (Allocation Failure) 34823K->435K(76352K), 0.0002200 secs]
820.831: [GC (Allocation Failure) 33651K->435K(75264K), 0.0002040 secs]
820.972: [GC (Allocation Failure) 32577K->435K(74240K), 0.0002050 secs]
821.080: [GC (Allocation Failure) 31600K->435K(73216K), 0.0002140 secs]
821.097: [GC (Allocation Failure) 30526K->435K(72256K), 0.0002020 secs]
821.110: [GC (Allocation Failure) 29549K->435K(71360K), 0.0002260 secs]
821.123: [GC (Allocation Failure) 28670K->435K(70464K), 0.0002110 secs]
821.139: [GC (Allocation Failure) 27791K->435K(75968K), 0.0002210 secs]
821.167: [GC (Allocation Failure) 33261K->435K(74880K), 0.0002030 secs]
821.182: [GC (Allocation Failure) 32186K->435K(73856K), 0.0002020 secs]
821.200: [GC (Allocation Failure) 31210K->435K(72896K), 0.0002050 secs]
821.217: [GC (Allocation Failure) 30233K->435K(78912K), 0.0002310 secs]
821.236: [GC (Allocation Failure) 36191K->435K(77696K), 0.0002120 secs]
821.282: [GC (Allocation Failure) 35019K->435K(76544K), 0.0002760 secs]
821.332: [GC (Allocation Failure) 33847K->435K(75456K), 0.0002040 secs]
821.381: [GC (Allocation Failure) 32772K->435K(74432K), 0.0002390 secs]
821.395: [GC (Allocation Failure) 31698K->435K(73408K), 0.0002670 secs]
821.431: [GC (Allocation Failure) 30721K->435K(72448K), 0.0002120 secs]
821.447: [GC (Allocation Failure) 29745K->435K(71552K), 0.0002110 secs]
821.606: [GC (Allocation Failure) 28865K->435K(70656K), 0.0002040 secs]
821.618: [GC (Allocation Failure) 27986K->435K(69824K), 0.0002050 secs]
821.662: [GC (Allocation Failure) 27107K->435K(68992K), 0.0002320 secs]
821.683: [GC (Allocation Failure) 26326K->435K(68224K), 0.0002140 secs]
821.698: [GC (Allocation Failure) 25545K->435K(73280K), 0.0002860 secs]
821.731: [GC (Allocation Failure) 30624K->435K(72320K), 0.0002120 secs]
821.744: [GC (Allocation Failure) 29647K->435K(78208K), 0.0002140 secs]
821.759: [GC (Allocation Failure) 35507K->435K(85248K), 0.0002110 secs]
821.886: [GC (Allocation Failure) 42540K->435K(83776K), 0.0002050 secs]
821.936: [GC (Allocation Failure) 41074K->435K(82368K), 0.0002140 secs]
822.035: [GC (Allocation Failure) 39707K->435K(81024K), 0.0002030 secs]
822.238: [GC (Allocation Failure) 38340K->435K(79744K), 0.0002120 secs]
822.258: [GC (Allocation Failure) 37070K->435K(78528K), 0.0002080 secs]
822.274: [GC (Allocation Failure) 35800K->435K(77312K), 0.0002150 secs]
822.354: [GC (Allocation Failure) 34628K->435K(76160K), 0.0002120 secs]
822.368: [GC (Allocation Failure) 33456K->435K(75072K), 0.0002140 secs]
822.389: [GC (Allocation Failure) 32382K->435K(74048K), 0.0002180 secs]
822.403: [GC (Allocation Failure) 31405K->435K(73088K), 0.0002040 secs]
822.416: [GC (Allocation Failure) 30428K->435K(79104K), 0.0002080 secs]
822.436: [GC (Allocation Failure) 36386K->435K(86336K), 0.0002730 secs]
822.455: [GC (Allocation Failure) 43614K->435K(95040K), 0.0002150 secs]
822.478: [GC (Allocation Failure) 52311K->435K(105472K), 0.0002700 secs]
822.546: [GC (Allocation Failure) 62762K->435K(103040K), 0.0002030 secs]
822.595: [GC (Allocation Failure) 60320K->435K(100736K), 0.0002040 secs]
822.679: [GC (Allocation Failure) 58073K->435K(98496K), 0.0002120 secs]
822.707: [GC (Allocation Failure) 55827K->435K(96384K), 0.0002140 secs]
822.734: [GC (Allocation Failure) 53678K->435K(94400K), 0.0002150 secs]
822.809: [GC (Allocation Failure) 51725K->435K(92480K), 0.0002170 secs]
822.834: [GC (Allocation Failure) 49767K->435K(90624K), 0.0002150 secs]
822.855: [GC (Allocation Failure) 47911K->435K(88896K), 0.0002150 secs]
822.875: [GC (Allocation Failure) 46251K->435K(87232K), 0.0002120 secs]
822.898: [GC (Allocation Failure) 44591K->435K(85632K), 0.0002370 secs]
822.977: [GC (Allocation Failure) 42930K->435K(84096K), 0.0002280 secs]
822.995: [GC (Allocation Failure) 41367K->435K(82624K), 0.0002120 secs]
823.037: [GC (Allocation Failure) 39902K->435K(81280K), 0.0002040 secs]
823.090: [GC (Allocation Failure) 38633K->435K(80000K), 0.0002110 secs]
823.107: [GC (Allocation Failure) 37363K->435K(78720K), 0.0002130 secs]
823.139: [GC (Allocation Failure) 35996K->435K(77504K), 0.0002130 secs]
823.154: [GC (Allocation Failure) 34823K->435K(76352K), 0.0002210 secs]
823.173: [GC (Allocation Failure) 33651K->435K(75264K), 0.0002170 secs]
823.334: [GC (Allocation Failure) 32577K->435K(74240K), 0.0002180 secs]
823.376: [GC (Allocation Failure) 31600K->435K(73216K), 0.0002210 secs]
823.389: [GC (Allocation Failure) 30526K->435K(72256K), 0.0002170 secs]
823.437: [GC (Allocation Failure) 29549K->435K(71360K), 0.0002120 secs]
823.453: [GC (Allocation Failure) 28670K->435K(70464K), 0.0002260 secs]
823.482: [GC (Allocation Failure) 27791K->435K(69632K), 0.0002210 secs]
823.570: [GC (Allocation Failure) 26912K->435K(68864K), 0.0002630 secs]
823.583: [GC (Allocation Failure) 26131K->435K(68096K), 0.0002800 secs]
823.598: [GC (Allocation Failure) 25447K->435K(73152K), 0.0002770 secs]
823.615: [GC (Allocation Failure) 30428K->435K(79168K), 0.0002430 secs]
823.686: [GC (Allocation Failure) 36484K->435K(77952K), 0.0002050 secs]
823.740: [GC (Allocation Failure) 35312K->435K(76800K), 0.0002230 secs]
823.758: [GC (Allocation Failure) 34140K->435K(75712K), 0.0001990 secs]
823.773: [GC (Allocation Failure) 33065K->435K(74624K), 0.0002170 secs]
823.889: [GC (Allocation Failure) 31893K->435K(73600K), 0.0002250 secs]
823.903: [GC (Allocation Failure) 30917K->435K(72640K), 0.0002670 secs]
823.920: [GC (Allocation Failure) 29940K->435K(71744K), 0.0002290 secs]
823.937: [GC (Allocation Failure) 29061K->435K(77504K), 0.0002220 secs]
823.991: [GC (Allocation Failure) 34823K->435K(76352K), 0.0002150 secs]
824.005: [GC (Allocation Failure) 33651K->435K(75264K), 0.0002130 secs]
824.019: [GC (Allocation Failure) 32577K->435K(81728K), 0.0002050 secs]
824.036: [GC (Allocation Failure) 39023K->435K(89472K), 0.0002030 secs]
824.060: [GC (Allocation Failure) 46739K->435K(87808K), 0.0002100 secs]
824.101: [GC (Allocation Failure) 45079K->435K(86208K), 0.0002060 secs]
824.121: [GC (Allocation Failure) 43516K->435K(84672K), 0.0002110 secs]
824.189: [GC (Allocation Failure) 41953K->435K(83200K), 0.0002120 secs]
824.211: [GC (Allocation Failure) 40488K->435K(81792K), 0.0002720 secs]
824.228: [GC (Allocation Failure) 39121K->435K(80448K), 0.0002260 secs]
824.248: [GC (Allocation Failure) 37754K->435K(79168K), 0.0002110 secs]
824.268: [GC (Allocation Failure) 36484K->435K(77952K), 0.0002100 secs]
824.337: [GC (Allocation Failure) 35312K->435K(76800K), 0.0002020 secs]
824.356: [GC (Allocation Failure) 34140K->435K(75712K), 0.0002040 secs]
824.371: [GC (Allocation Failure) 33065K->435K(74624K), 0.0002170 secs]
824.389: [GC (Allocation Failure) 31893K->435K(73600K), 0.0002000 secs]
824.402: [GC (Allocation Failure) 30917K->435K(79744K), 0.0002020 secs]
824.422: [GC (Allocation Failure) 37070K->435K(78528K), 0.0002130 secs]
824.437: [GC (Allocation Failure) 35800K->435K(85632K), 0.0002140 secs]
824.455: [GC (Allocation Failure) 42930K->435K(94144K), 0.0002020 secs]
824.481: [GC (Allocation Failure) 51432K->435K(92224K), 0.0002100 secs]
824.507: [GC (Allocation Failure) 49572K->435K(90432K), 0.0002110 secs]
824.592: [GC (Allocation Failure) 47716K->435K(88704K), 0.0002710 secs]
824.645: [GC (Allocation Failure) 46056K->435K(87040K), 0.0003850 secs]
824.665: [GC (Allocation Failure) 44395K->435K(85440K), 0.0002140 secs]
824.791: [GC (Allocation Failure) 42735K->435K(83968K), 0.0002790 secs]
824.844: [GC (Allocation Failure) 41270K->435K(82560K), 0.0002190 secs]
824.861: [GC (Allocation Failure) 39902K->435K(81216K), 0.0002140 secs]
824.879: [GC (Allocation Failure) 38535K->435K(79936K), 0.0002130 secs]
824.899: [GC (Allocation Failure) 37265K->435K(78656K), 0.0002110 secs]
824.938: [GC (Allocation Failure) 35996K->435K(77440K), 0.0002150 secs]
824.953: [GC (Allocation Failure) 34726K->435K(76288K), 0.0002150 secs]
824.977: [GC (Allocation Failure) 33554K->435K(75200K), 0.0002160 secs]
824.992: [GC (Allocation Failure) 32479K->435K(74176K), 0.0002190 secs]
825.086: [GC (Allocation Failure) 31503K->435K(73152K), 0.0002050 secs]
825.135: [GC (Allocation Failure) 30428K->435K(72192K), 0.0002140 secs]
825.190: [GC (Allocation Failure) 29549K->435K(71296K), 0.0002290 secs]
825.203: [GC (Allocation Failure) 28572K->435K(70400K), 0.0002040 secs]
825.215: [GC (Allocation Failure) 27693K->435K(69568K), 0.0002030 secs]
825.226: [GC (Allocation Failure) 26912K->435K(74880K), 0.0002250 secs]
825.298: [GC (Allocation Failure) 32186K->435K(73856K), 0.0002220 secs]
825.315: [GC (Allocation Failure) 31210K->435K(72896K), 0.0002090 secs]
825.390: [GC (Allocation Failure) 30233K->435K(71936K), 0.0002030 secs]
825.407: [GC (Allocation Failure) 29256K->435K(71040K), 0.0002300 secs]
825.419: [GC (Allocation Failure) 28377K->435K(76672K), 0.0002120 secs]
825.434: [GC (Allocation Failure) 33944K->435K(83392K), 0.0002030 secs]
825.494: [GC (Allocation Failure) 40684K->435K(81984K), 0.0002230 secs]
825.511: [GC (Allocation Failure) 39316K->435K(80640K), 0.0002030 secs]
825.546: [GC (Allocation Failure) 37949K->435K(79360K), 0.0002070 secs]
825.642: [GC (Allocation Failure) 36679K->435K(78144K), 0.0002260 secs]
825.658: [GC (Allocation Failure) 35409K->435K(76992K), 0.0002160 secs]
825.692: [GC (Allocation Failure) 34335K->435K(75904K), 0.0002230 secs]
825.708: [GC (Allocation Failure) 33261K->435K(74816K), 0.0002160 secs]
825.723: [GC (Allocation Failure) 32089K->435K(73792K), 0.0002090 secs]
825.737: [GC (Allocation Failure) 31112K->435K(79936K), 0.0002050 secs]
825.753: [GC (Allocation Failure) 37265K->435K(87360K), 0.0002040 secs]
825.778: [GC (Allocation Failure) 44688K->435K(85760K), 0.0002150 secs]
825.946: [GC (Allocation Failure) 43028K->435K(84224K), 0.0002200 secs]
825.968: [GC (Allocation Failure) 41563K->435K(82752K), 0.0002010 secs]
825.986: [GC (Allocation Failure) 40098K->435K(81344K), 0.0002120 secs]
826.027: [GC (Allocation Failure) 38633K->435K(80000K), 0.0002110 secs]
826.090: [GC (Allocation Failure) 37363K->435K(78720K), 0.0002150 secs]
826.109: [GC (Allocation Failure) 35996K->435K(77504K), 0.0002020 secs]
826.124: [GC (Allocation Failure) 34823K->435K(76352K), 0.0002160 secs]
826.230: [GC (Allocation Failure) 33651K->435K(75264K), 0.0002160 secs]
826.292: [GC (Allocation Failure) 32577K->435K(74240K), 0.0002190 secs]
826.310: [GC (Allocation Failure) 31600K->435K(73216K), 0.0002020 secs]
826.337: [GC (Allocation Failure) 30526K->435K(72256K), 0.0002160 secs]
826.354: [GC (Allocation Failure) 29549K->435K(71360K), 0.0002310 secs]
826.371: [GC (Allocation Failure) 28670K->435K(70464K), 0.0002130 secs]
826.385: [GC (Allocation Failure) 27791K->435K(69632K), 0.0002210 secs]
826.402: [GC (Allocation Failure) 26912K->435K(74944K), 0.0002270 secs]
826.417: [GC (Allocation Failure) 32284K->435K(81344K), 0.0002120 secs]
826.445: [GC (Allocation Failure) 38633K->435K(80000K), 0.0002160 secs]
826.461: [GC (Allocation Failure) 37363K->435K(78720K), 0.0002040 secs]
826.494: [GC (Allocation Failure) 35996K->435K(77504K), 0.0002030 secs]
826.539: [GC (Allocation Failure) 34823K->435K(76352K), 0.0002140 secs]
826.554: [GC (Allocation Failure) 33651K->435K(75264K), 0.0002030 secs]
826.568: [GC (Allocation Failure) 32577K->435K(74240K), 0.0002040 secs]
826.581: [GC (Allocation Failure) 31600K->435K(80512K), 0.0002020 secs]
826.598: [GC (Allocation Failure) 37851K->435K(88000K), 0.0002140 secs]
826.617: [GC (Allocation Failure) 45274K->435K(97024K), 0.0002030 secs]
826.652: [GC (Allocation Failure) 54362K->435K(94976K), 0.0002120 secs]
826.678: [GC (Allocation Failure) 52311K->435K(93056K), 0.0002100 secs]
826.800: [GC (Allocation Failure) 50357K->435K(91200K), 0.0002220 secs]
826.821: [GC (Allocation Failure) 48498K->435K(89408K), 0.0002020 secs]
826.845: [GC (Allocation Failure) 46739K->435K(87744K), 0.0002130 secs]
826.869: [GC (Allocation Failure) 45079K->435K(86144K), 0.0002030 secs]
826.888: [GC (Allocation Failure) 43419K->435K(84608K), 0.0002030 secs]
826.947: [GC (Allocation Failure) 41953K->435K(83136K), 0.0002100 secs]
826.965: [GC (Allocation Failure) 40488K->435K(81728K), 0.0003200 secs]
827.096: [GC (Allocation Failure) 39023K->435K(80384K), 0.0002410 secs]
827.117: [GC (Allocation Failure) 37656K->435K(79104K), 0.0002280 secs]
827.134: [GC (Allocation Failure) 36386K->435K(77888K), 0.0002610 secs]
827.153: [GC (Allocation Failure) 35214K->435K(76736K), 0.0002140 secs]
827.168: [GC (Allocation Failure) 34042K->435K(75648K), 0.0002170 secs]
827.190: [GC (Allocation Failure) 32968K->435K(74560K), 0.0002080 secs]
827.243: [GC (Allocation Failure) 31893K->435K(73536K), 0.0002230 secs]
827.260: [GC (Allocation Failure) 30819K->435K(72576K), 0.0002130 secs]
827.275: [GC (Allocation Failure) 29842K->435K(71680K), 0.0002150 secs]
827.299: [GC (Allocation Failure) 28963K->435K(70784K), 0.0002080 secs]
827.315: [GC (Allocation Failure) 28084K->435K(69952K), 0.0002050 secs]
827.331: [GC (Allocation Failure) 27303K->435K(69120K), 0.0002110 secs]
827.342: [GC (Allocation Failure) 26424K->435K(74368K), 0.0002280 secs]
827.360: [GC (Allocation Failure) 31698K->435K(80640K), 0.0002130 secs]
827.377: [GC (Allocation Failure) 37949K->435K(88192K), 0.0002040 secs]
827.449: [GC (Allocation Failure) 45470K->435K(86592K), 0.0002120 secs]
827.472: [GC (Allocation Failure) 43907K->435K(85056K), 0.0002120 secs]
827.494: [GC (Allocation Failure) 42344K->435K(83584K), 0.0002110 secs]
827.512: [GC (Allocation Failure) 40879K->435K(82176K), 0.0002130 secs]
827.533: [GC (Allocation Failure) 39512K->435K(80832K), 0.0002110 secs]
827.549: [GC (Allocation Failure) 38144K->435K(79552K), 0.0002020 secs]
827.574: [GC (Allocation Failure) 36875K->435K(78336K), 0.0002020 secs]
827.603: [GC (Allocation Failure) 35605K->435K(77184K), 0.0002200 secs]
827.622: [GC (Allocation Failure) 34530K->435K(76032K), 0.0002130 secs]
827.640: [GC (Allocation Failure) 33358K->435K(74944K), 0.0002230 secs]
827.693: [GC (Allocation Failure) 32284K->435K(73920K), 0.0002120 secs]
827.711: [GC (Allocation Failure) 31210K->435K(72960K), 0.0002200 secs]
827.726: [GC (Allocation Failure) 30233K->435K(72000K), 0.0002120 secs]
827.739: [GC (Allocation Failure) 29354K->435K(77824K), 0.0002030 secs]
827.754: [GC (Allocation Failure) 35116K->435K(84800K), 0.0002140 secs]
827.795: [GC (Allocation Failure) 42149K->435K(83328K), 0.0002110 secs]
827.816: [GC (Allocation Failure) 40684K->435K(81920K), 0.0002110 secs]
827.843: [GC (Allocation Failure) 39219K->435K(80576K), 0.0002700 secs]
827.992: [GC (Allocation Failure) 37851K->435K(79296K), 0.0002150 secs]
828.042: [GC (Allocation Failure) 36582K->435K(78080K), 0.0002140 secs]
828.092: [GC (Allocation Failure) 35409K->435K(76928K), 0.0002020 secs]
828.241: [GC (Allocation Failure) 34237K->435K(75840K), 0.0002020 secs]
828.291: [GC (Allocation Failure) 33163K->435K(74752K), 0.0002000 secs]
828.337: [GC (Allocation Failure) 32089K->435K(73728K), 0.0002720 secs]
828.373: [GC (Allocation Failure) 31014K->435K(72768K), 0.0003110 secs]
828.391: [GC (Allocation Failure) 30038K->435K(71808K), 0.0002240 secs]
828.407: [GC (Allocation Failure) 29158K->435K(70912K), 0.0002760 secs]
828.435: [GC (Allocation Failure) 28182K->435K(70080K), 0.0003340 secs]
828.448: [GC (Allocation Failure) 27400K->435K(75520K), 0.0002690 secs]
828.492: [GC (Allocation Failure) 32870K->435K(74496K), 0.0002130 secs]
828.506: [GC (Allocation Failure) 31796K->435K(80832K), 0.0002030 secs]
828.526: [GC (Allocation Failure) 38144K->435K(88384K), 0.0002140 secs]
828.586: [GC (Allocation Failure) 45665K->435K(86720K), 0.0002210 secs]
828.605: [GC (Allocation Failure) 44005K->435K(85184K), 0.0002050 secs]
828.645: [GC (Allocation Failure) 42540K->435K(83712K), 0.0002130 secs]
828.667: [GC (Allocation Failure) 41074K->435K(82304K), 0.0002030 secs]
828.694: [GC (Allocation Failure) 39609K->435K(80960K), 0.0002380 secs]
828.711: [GC (Allocation Failure) 38242K->435K(79680K), 0.0001990 secs]
828.728: [GC (Allocation Failure) 36972K->435K(78464K), 0.0002000 secs]
828.743: [GC (Allocation Failure) 35800K->435K(77312K), 0.0002110 secs]
828.777: [GC (Allocation Failure) 34628K->435K(76160K), 0.0002220 secs]
828.793: [GC (Allocation Failure) 33456K->435K(75072K), 0.0002040 secs]
828.807: [GC (Allocation Failure) 32382K->435K(81472K), 0.0002060 secs]
828.824: [GC (Allocation Failure) 38828K->435K(89152K), 0.0002750 secs]
828.898: [GC (Allocation Failure) 46446K->435K(87488K), 0.0002130 secs]
828.921: [GC (Allocation Failure) 44786K->435K(85888K), 0.0002120 secs]
828.950: [GC (Allocation Failure) 43223K->435K(84352K), 0.0002110 secs]
828.968: [GC (Allocation Failure) 41660K->435K(82880K), 0.0002170 secs]
828.985: [GC (Allocation Failure) 40195K->435K(81472K), 0.0002040 secs]
829.148: [GC (Allocation Failure) 38828K->435K(80128K), 0.0002170 secs]
829.169: [GC (Allocation Failure) 37461K->435K(78848K), 0.0002070 secs]
829.185: [GC (Allocation Failure) 36191K->435K(77632K), 0.0002170 secs]
829.200: [GC (Allocation Failure) 34921K->435K(76480K), 0.0002020 secs]
829.214: [GC (Allocation Failure) 33749K->435K(83200K), 0.0002120 secs]
829.236: [GC (Allocation Failure) 40488K->435K(81792K), 0.0002200 secs]
829.299: [GC (Allocation Failure) 39121K->435K(80448K), 0.0002200 secs]
829.315: [GC (Allocation Failure) 37754K->435K(79168K), 0.0002170 secs]
829.348: [GC (Allocation Failure) 36484K->435K(77952K), 0.0002380 secs]
829.368: [GC (Allocation Failure) 35312K->435K(76800K), 0.0002360 secs]
829.443: [GC (Allocation Failure) 34140K->435K(75712K), 0.0002120 secs]
829.461: [GC (Allocation Failure) 33065K->435K(74624K), 0.0002040 secs]
829.492: [GC (Allocation Failure) 31893K->435K(73600K), 0.0002240 secs]
829.509: [GC (Allocation Failure) 30917K->435K(72640K), 0.0002200 secs]
829.541: [GC (Allocation Failure) 29940K->435K(71744K), 0.0002250 secs]
829.554: [GC (Allocation Failure) 29061K->435K(70848K), 0.0002010 secs]
829.570: [GC (Allocation Failure) 28182K->435K(70016K), 0.0002120 secs]
829.585: [GC (Allocation Failure) 27303K->435K(75456K), 0.0001990 secs]
829.603: [GC (Allocation Failure) 32772K->435K(81984K), 0.0002140 secs]
829.700: [GC (Allocation Failure) 39316K->435K(80640K), 0.0004330 secs]
829.716: [GC (Allocation Failure) 37949K->435K(79360K), 0.0002180 secs]
829.732: [GC (Allocation Failure) 36679K->435K(78144K), 0.0002140 secs]
829.798: [GC (Allocation Failure) 35409K->435K(76992K), 0.0002230 secs]
829.817: [GC (Allocation Failure) 34335K->435K(75904K), 0.0002150 secs]
829.831: [GC (Allocation Failure) 33261K->435K(74816K), 0.0002180 secs]
829.976: [GC (Allocation Failure) 32089K->435K(73792K), 0.0002260 secs]
829.992: [GC (Allocation Failure) 31112K->435K(72832K), 0.0002040 secs]
830.008: [GC (Allocation Failure) 30135K->435K(71872K), 0.0002050 secs]
830.021: [GC (Allocation Failure) 29158K->435K(77632K), 0.0002190 secs]
830.036: [GC (Allocation Failure) 34921K->435K(84544K), 0.0002140 secs]
830.058: [GC (Allocation Failure) 41856K->435K(92864K), 0.0002170 secs]
830.084: [GC (Allocation Failure) 50162K->435K(91008K), 0.0002080 secs]
830.148: [GC (Allocation Failure) 48302K->435K(89216K), 0.0002100 secs]
830.303: [GC (Allocation Failure) 46544K->435K(87552K), 0.0002220 secs]
830.326: [GC (Allocation Failure) 44884K->435K(85952K), 0.0002710 secs]
830.346: [GC (Allocation Failure) 43223K->435K(84416K), 0.0002130 secs]
830.363: [GC (Allocation Failure) 41758K->435K(82944K), 0.0001990 secs]
830.385: [GC (Allocation Failure) 40293K->435K(81536K), 0.0002700 secs]
830.404: [GC (Allocation Failure) 38828K->435K(80192K), 0.0002020 secs]
830.424: [GC (Allocation Failure) 37461K->435K(78912K), 0.0002120 secs]
830.440: [GC (Allocation Failure) 36191K->435K(77696K), 0.0002140 secs]
830.459: [GC (Allocation Failure) 35019K->435K(76544K), 0.0002120 secs]
830.473: [GC (Allocation Failure) 33847K->435K(83264K), 0.0002030 secs]
830.491: [GC (Allocation Failure) 40586K->435K(91328K), 0.0002020 secs]
830.655: [GC (Allocation Failure) 48595K->435K(89536K), 0.0002170 secs]
830.679: [GC (Allocation Failure) 46837K->435K(87872K), 0.0002000 secs]
830.700: [GC (Allocation Failure) 45177K->435K(86272K), 0.0002130 secs]
830.722: [GC (Allocation Failure) 43614K->435K(84736K), 0.0002000 secs]
830.740: [GC (Allocation Failure) 42051K->435K(83264K), 0.0002110 secs]
830.758: [GC (Allocation Failure) 40586K->435K(81856K), 0.0001980 secs]
830.775: [GC (Allocation Failure) 39219K->435K(80512K), 0.0002030 secs]
830.802: [GC (Allocation Failure) 37851K->435K(79232K), 0.0002150 secs]
830.818: [GC (Allocation Failure) 36582K->435K(78016K), 0.0002210 secs]
830.833: [GC (Allocation Failure) 35312K->435K(76864K), 0.0002030 secs]
830.899: [GC (Allocation Failure) 34140K->435K(75776K), 0.0002200 secs]
830.914: [GC (Allocation Failure) 33065K->435K(82368K), 0.0003220 secs]
830.948: [GC (Allocation Failure) 39707K->435K(81024K), 0.0002170 secs]
831.001: [GC (Allocation Failure) 38340K->435K(79744K), 0.0002230 secs]
831.021: [GC (Allocation Failure) 37070K->435K(78528K), 0.0002140 secs]
831.044: [GC (Allocation Failure) 35800K->435K(77312K), 0.0002050 secs]
831.063: [GC (Allocation Failure) 34628K->435K(76160K), 0.0002100 secs]
831.149: [GC (Allocation Failure) 33456K->435K(75072K), 0.0002060 secs]
831.167: [GC (Allocation Failure) 32382K->435K(74048K), 0.0002180 secs]
831.185: [GC (Allocation Failure) 31405K->435K(73088K), 0.0002010 secs]
831.203: [GC (Allocation Failure) 30428K->435K(72128K), 0.0002230 secs]
831.220: [GC (Allocation Failure) 29451K->435K(71232K), 0.0002040 secs]
831.235: [GC (Allocation Failure) 28572K->435K(70400K), 0.0002190 secs]
831.297: [GC (Allocation Failure) 27693K->435K(69568K), 0.0002120 secs]
831.313: [GC (Allocation Failure) 26912K->435K(68800K), 0.0002070 secs]
831.328: [GC (Allocation Failure) 26131K->435K(68032K), 0.0002020 secs]
831.343: [GC (Allocation Failure) 25349K->435K(73024K), 0.0002260 secs]
831.357: [GC (Allocation Failure) 30331K->435K(79040K), 0.0002570 secs]
831.377: [GC (Allocation Failure) 36386K->435K(86272K), 0.0002130 secs]
831.396: [GC (Allocation Failure) 43614K->435K(94912K), 0.0002040 secs]
831.458: [GC (Allocation Failure) 52213K->435K(92992K), 0.0002210 secs]
831.480: [GC (Allocation Failure) 50260K->435K(91136K), 0.0002020 secs]
831.505: [GC (Allocation Failure) 48498K->435K(89344K), 0.0002010 secs]
831.529: [GC (Allocation Failure) 46642K->435K(87680K), 0.0002170 secs]
831.548: [GC (Allocation Failure) 44981K->435K(86080K), 0.0002040 secs]
831.604: [GC (Allocation Failure) 43419K->435K(84544K), 0.0002110 secs]
831.623: [GC (Allocation Failure) 41856K->435K(83072K), 0.0002030 secs]
831.640: [GC (Allocation Failure) 40391K->435K(81664K), 0.0002020 secs]
831.667: [GC (Allocation Failure) 39023K->435K(80320K), 0.0002010 secs]
831.752: [GC (Allocation Failure) 37656K->435K(79040K), 0.0002210 secs]
831.768: [GC (Allocation Failure) 36386K->435K(77824K), 0.0002120 secs]
831.783: [GC (Allocation Failure) 35116K->435K(76672K), 0.0002010 secs]
831.798: [GC (Allocation Failure) 33944K->435K(75584K), 0.0002040 secs]
831.816: [GC (Allocation Failure) 32870K->435K(74560K), 0.0002120 secs]
831.830: [GC (Allocation Failure) 31893K->435K(80896K), 0.0002040 secs]
831.902: [GC (Allocation Failure) 38242K->435K(79616K), 0.0002150 secs]
831.918: [GC (Allocation Failure) 36972K->435K(78400K), 0.0002110 secs]
831.933: [GC (Allocation Failure) 35702K->435K(77248K), 0.0002010 secs]
831.948: [GC (Allocation Failure) 34530K->435K(84096K), 0.0002140 secs]
831.966: [GC (Allocation Failure) 41367K->435K(92352K), 0.0002130 secs]
831.992: [GC (Allocation Failure) 49670K->435K(90496K), 0.0001850 secs]
832.019: [GC (Allocation Failure) 47814K->435K(88768K), 0.0002710 secs]
832.052: [GC (Allocation Failure) 46056K->435K(87104K), 0.0002040 secs]
832.105: [GC (Allocation Failure) 44395K->435K(85504K), 0.0002120 secs]
832.124: [GC (Allocation Failure) 42833K->435K(83968K), 0.0002740 secs]
832.154: [GC (Allocation Failure) 41270K->435K(82560K), 0.0002210 secs]
832.171: [GC (Allocation Failure) 39902K->435K(81216K), 0.0002700 secs]
832.299: [GC (Allocation Failure) 38535K->435K(79936K), 0.0002130 secs]
832.315: [GC (Allocation Failure) 37265K->435K(78656K), 0.0002020 secs]
832.333: [GC (Allocation Failure) 35996K->435K(77440K), 0.0002010 secs]
832.351: [GC (Allocation Failure) 34726K->435K(76288K), 0.0002040 secs]
832.373: [GC (Allocation Failure) 33554K->435K(75200K), 0.0002030 secs]
832.402: [GC (Allocation Failure) 32479K->435K(74176K), 0.0002180 secs]
832.416: [GC (Allocation Failure) 31503K->435K(73152K), 0.0002060 secs]
832.446: [GC (Allocation Failure) 30428K->435K(72192K), 0.0002070 secs]
832.505: [GC (Allocation Failure) 29549K->435K(71296K), 0.0002250 secs]
832.517: [GC (Allocation Failure) 28572K->435K(70400K), 0.0002180 secs]
832.595: [GC (Allocation Failure) 27693K->435K(69568K), 0.0002030 secs]
832.645: [GC (Allocation Failure) 26912K->435K(68800K), 0.0002060 secs]
832.666: [GC (Allocation Failure) 26131K->435K(68032K), 0.0002250 secs]
832.680: [GC (Allocation Failure) 25349K->435K(67328K), 0.0002050 secs]
832.691: [GC (Allocation Failure) 24662K->435K(72192K), 0.0002040 secs]
832.750: [GC (Allocation Failure) 29549K->435K(71296K), 0.0002220 secs]
832.763: [GC (Allocation Failure) 28572K->435K(70400K), 0.0002030 secs]
832.774: [GC (Allocation Failure) 27693K->435K(75904K), 0.0002030 secs]
832.793: [GC (Allocation Failure) 33261K->435K(82496K), 0.0002230 secs]
832.900: [GC (Allocation Failure) 39805K->435K(81152K), 0.0002130 secs]
832.917: [GC (Allocation Failure) 38437K->435K(79872K), 0.0002140 secs]
832.937: [GC (Allocation Failure) 37168K->435K(78656K), 0.0001980 secs]
832.953: [GC (Allocation Failure) 35996K->435K(77440K), 0.0002170 secs]
832.974: [GC (Allocation Failure) 34726K->435K(76288K), 0.0002260 secs]
832.988: [GC (Allocation Failure) 33554K->435K(82944K), 0.0002030 secs]
833.051: [GC (Allocation Failure) 40293K->435K(81536K), 0.0002110 secs]
833.068: [GC (Allocation Failure) 38828K->435K(80192K), 0.0002020 secs]
833.084: [GC (Allocation Failure) 37461K->435K(78912K), 0.0002050 secs]
833.166: [GC (Allocation Failure) 36191K->435K(77696K), 0.0002030 secs]
833.208: [GC (Allocation Failure) 35019K->435K(76544K), 0.0002250 secs]
833.222: [GC (Allocation Failure) 33847K->435K(75456K), 0.0002140 secs]
833.302: [GC (Allocation Failure) 32772K->435K(74432K), 0.0002140 secs]
833.316: [GC (Allocation Failure) 31698K->435K(73408K), 0.0002140 secs]
833.333: [GC (Allocation Failure) 30721K->435K(72448K), 0.0002020 secs]
833.346: [GC (Allocation Failure) 29745K->435K(78336K), 0.0002290 secs]
833.500: [GC (Allocation Failure) 35605K->435K(77184K), 0.0002180 secs]
833.553: [GC (Allocation Failure) 34530K->435K(76032K), 0.0002120 secs]
833.572: [GC (Allocation Failure) 33358K->435K(74944K), 0.0002030 secs]
833.586: [GC (Allocation Failure) 32284K->435K(73920K), 0.0002320 secs]
833.601: [GC (Allocation Failure) 31210K->435K(72960K), 0.0002190 secs]
833.614: [GC (Allocation Failure) 30233K->435K(78976K), 0.0002040 secs]
833.629: [GC (Allocation Failure) 36289K->435K(86208K), 0.0002040 secs]
833.657: [GC (Allocation Failure) 43516K->435K(84672K), 0.0002230 secs]
833.680: [GC (Allocation Failure) 41953K->435K(83200K), 0.0002120 secs]
833.702: [GC (Allocation Failure) 40488K->435K(81792K), 0.0002350 secs]
833.723: [GC (Allocation Failure) 39121K->435K(80448K), 0.0002010 secs]
833.739: [GC (Allocation Failure) 37754K->435K(79168K), 0.0002140 secs]
833.801: [GC (Allocation Failure) 36484K->435K(77952K), 0.0002130 secs]
833.816: [GC (Allocation Failure) 35312K->435K(76800K), 0.0002010 secs]
833.853: [GC (Allocation Failure) 34140K->435K(75712K), 0.0002230 secs]
833.868: [GC (Allocation Failure) 33065K->435K(74624K), 0.0002130 secs]
833.903: [GC (Allocation Failure) 31893K->435K(73600K), 0.0002240 secs]
833.916: [GC (Allocation Failure) 30917K->435K(72640K), 0.0002030 secs]
833.933: [GC (Allocation Failure) 29940K->435K(71744K), 0.0001980 secs]
833.950: [GC (Allocation Failure) 29061K->435K(77504K), 0.0002290 secs]
833.965: [GC (Allocation Failure) 34823K->435K(84416K), 0.0002040 secs]
833.983: [GC (Allocation Failure) 41758K->435K(92736K), 0.0002030 secs]
834.061: [GC (Allocation Failure) 50064K->435K(90880K), 0.0002110 secs]
834.085: [GC (Allocation Failure) 48204K->435K(89152K), 0.0002010 secs]
834.109: [GC (Allocation Failure) 46446K->435K(87488K), 0.0002200 secs]
834.154: [GC (Allocation Failure) 44786K->435K(85888K), 0.0002210 secs]
834.204: [GC (Allocation Failure) 43223K->435K(84352K), 0.0002020 secs]
834.357: [GC (Allocation Failure) 41660K->435K(82880K), 0.0002230 secs]
834.380: [GC (Allocation Failure) 40195K->435K(81472K), 0.0002220 secs]
834.401: [GC (Allocation Failure) 38828K->435K(80128K), 0.0002010 secs]
834.422: [GC (Allocation Failure) 37461K->435K(78848K), 0.0002830 secs]
834.438: [GC (Allocation Failure) 36191K->435K(77632K), 0.0002290 secs]
834.505: [GC (Allocation Failure) 34921K->435K(76480K), 0.0002230 secs]
834.523: [GC (Allocation Failure) 33749K->435K(75392K), 0.0002190 secs]
834.650: [GC (Allocation Failure) 32675K->435K(74368K), 0.0002120 secs]
834.667: [GC (Allocation Failure) 31698K->435K(73344K), 0.0002020 secs]
834.685: [GC (Allocation Failure) 30624K->435K(72384K), 0.0002150 secs]
834.698: [GC (Allocation Failure) 29745K->435K(71488K), 0.0002020 secs]
834.727: [GC (Allocation Failure) 28768K->435K(70592K), 0.0003160 secs]
834.744: [GC (Allocation Failure) 27889K->435K(76096K), 0.0002300 secs]
834.758: [GC (Allocation Failure) 33456K->435K(82752K), 0.0002110 secs]
834.808: [GC (Allocation Failure) 40098K->435K(81344K), 0.0002210 secs]
834.829: [GC (Allocation Failure) 38633K->435K(80000K), 0.0002170 secs]
834.856: [GC (Allocation Failure) 37363K->435K(78720K), 0.0002080 secs]
834.872: [GC (Allocation Failure) 35996K->435K(77504K), 0.0002280 secs]
834.891: [GC (Allocation Failure) 34823K->435K(76352K), 0.0001980 secs]
834.905: [GC (Allocation Failure) 33651K->435K(83008K), 0.0002290 secs]
834.927: [GC (Allocation Failure) 40293K->435K(81600K), 0.0002010 secs]
834.944: [GC (Allocation Failure) 38926K->435K(89344K), 0.0002260 secs]
834.964: [GC (Allocation Failure) 46642K->435K(87680K), 0.0002030 secs]
835.010: [GC (Allocation Failure) 44981K->435K(86080K), 0.0002180 secs]
835.028: [GC (Allocation Failure) 43419K->435K(84544K), 0.0002170 secs]
835.050: [GC (Allocation Failure) 41856K->435K(83072K), 0.0002010 secs]
835.072: [GC (Allocation Failure) 40391K->435K(81664K), 0.0002170 secs]
835.093: [GC (Allocation Failure) 39023K->435K(80320K), 0.0002020 secs]
835.113: [GC (Allocation Failure) 37656K->435K(79040K), 0.0002090 secs]
835.129: [GC (Allocation Failure) 36386K->435K(86272K), 0.0002750 secs]
835.156: [GC (Allocation Failure) 43614K->435K(84736K), 0.0002170 secs]
835.178: [GC (Allocation Failure) 42051K->435K(83264K), 0.0002790 secs]
835.200: [GC (Allocation Failure) 40586K->435K(81856K), 0.0002120 secs]
835.221: [GC (Allocation Failure) 39219K->435K(80512K), 0.0002020 secs]
835.257: [GC (Allocation Failure) 37851K->435K(79232K), 0.0002160 secs]
835.273: [GC (Allocation Failure) 36582K->435K(78016K), 0.0002020 secs]
835.288: [GC (Allocation Failure) 35312K->435K(76864K), 0.0002000 secs]
835.303: [GC (Allocation Failure) 34140K->435K(83648K), 0.0002130 secs]
835.358: [GC (Allocation Failure) 40977K->435K(82240K), 0.0002220 secs]
835.375: [GC (Allocation Failure) 39512K->435K(80896K), 0.0002130 secs]
835.392: [GC (Allocation Failure) 38242K->435K(79616K), 0.0002110 secs]
835.503: [GC (Allocation Failure) 36972K->435K(78400K), 0.0002120 secs]
835.518: [GC (Allocation Failure) 35702K->435K(77248K), 0.0001990 secs]
835.534: [GC (Allocation Failure) 34530K->435K(76096K), 0.0002110 secs]
835.552: [GC (Allocation Failure) 33456K->435K(75008K), 0.0002090 secs]
835.602: [GC (Allocation Failure) 32284K->435K(73984K), 0.0002090 secs]
835.619: [GC (Allocation Failure) 31307K->435K(73024K), 0.0002740 secs]
835.632: [GC (Allocation Failure) 30331K->435K(79040K), 0.0002050 secs]
835.653: [GC (Allocation Failure) 36386K->435K(86272K), 0.0002280 secs]
835.676: [GC (Allocation Failure) 43614K->435K(84736K), 0.0002050 secs]
835.694: [GC (Allocation Failure) 42051K->435K(83264K), 0.0002040 secs]
835.712: [GC (Allocation Failure) 40586K->435K(81856K), 0.0002030 secs]
835.729: [GC (Allocation Failure) 39219K->435K(80512K), 0.0002020 secs]
835.758: [GC (Allocation Failure) 37851K->435K(79232K), 0.0002170 secs]
835.775: [GC (Allocation Failure) 36582K->435K(78016K), 0.0002120 secs]
835.803: [GC (Allocation Failure) 35312K->435K(76864K), 0.0002160 secs]
835.856: [GC (Allocation Failure) 34140K->435K(75776K), 0.0002210 secs]
835.871: [GC (Allocation Failure) 33065K->435K(74688K), 0.0002010 secs]
835.885: [GC (Allocation Failure) 31991K->435K(73664K), 0.0002040 secs]
835.905: [GC (Allocation Failure) 31014K->435K(72704K), 0.0002100 secs]
835.922: [GC (Allocation Failure) 30038K->435K(71808K), 0.0002120 secs]
835.950: [GC (Allocation Failure) 29158K->435K(70912K), 0.0002140 secs]
835.975: [GC (Allocation Failure) 28182K->435K(70080K), 0.0002180 secs]
835.987: [GC (Allocation Failure) 27400K->435K(75520K), 0.0002160 secs]
836.003: [GC (Allocation Failure) 32870K->435K(82048K), 0.0002010 secs]
836.019: [GC (Allocation Failure) 39316K->435K(89856K), 0.0002030 secs]
836.044: [GC (Allocation Failure) 47130K->435K(88128K), 0.0002130 secs]
836.068: [GC (Allocation Failure) 45470K->435K(86528K), 0.0002100 secs]
836.115: [GC (Allocation Failure) 43809K->435K(84992K), 0.0002060 secs]
836.137: [GC (Allocation Failure) 42344K->435K(83520K), 0.0002060 secs]
836.155: [GC (Allocation Failure) 40879K->435K(82112K), 0.0002110 secs]
836.172: [GC (Allocation Failure) 39414K->435K(80768K), 0.0002030 secs]
836.189: [GC (Allocation Failure) 38047K->435K(79488K), 0.0002000 secs]
836.354: [GC (Allocation Failure) 36777K->435K(78272K), 0.0002130 secs]
836.382: [GC (Allocation Failure) 35605K->435K(77120K), 0.0002240 secs]
836.397: [GC (Allocation Failure) 34433K->435K(75968K), 0.0002120 secs]
836.416: [GC (Allocation Failure) 33261K->435K(74880K), 0.0002010 secs]
836.434: [GC (Allocation Failure) 32186K->435K(73856K), 0.0002150 secs]
836.452: [GC (Allocation Failure) 31210K->435K(72896K), 0.0002370 secs]
836.506: [GC (Allocation Failure) 30233K->435K(71936K), 0.0002220 secs]
836.522: [GC (Allocation Failure) 29256K->435K(71040K), 0.0002360 secs]
836.655: [GC (Allocation Failure) 28377K->435K(70208K), 0.0002200 secs]
836.671: [GC (Allocation Failure) 27498K->435K(69376K), 0.0002220 secs]
836.754: [GC (Allocation Failure) 26717K->435K(68608K), 0.0002050 secs]
836.769: [GC (Allocation Failure) 25935K->435K(67840K), 0.0002270 secs]
836.784: [GC (Allocation Failure) 25150K->435K(67136K), 0.0002110 secs]
836.807: [GC (Allocation Failure) 24466K->435K(66432K), 0.0002870 secs]
836.822: [GC (Allocation Failure) 23783K->435K(71104K), 0.0002040 secs]
836.834: [GC (Allocation Failure) 28377K->435K(76736K), 0.0002280 secs]
836.853: [GC (Allocation Failure) 34042K->435K(83520K), 0.0002020 secs]
836.871: [GC (Allocation Failure) 40879K->435K(91648K), 0.0002130 secs]
836.892: [GC (Allocation Failure) 48986K->435K(89856K), 0.0002000 secs]
836.964: [GC (Allocation Failure) 47130K->435K(88128K), 0.0002220 secs]
836.987: [GC (Allocation Failure) 45470K->435K(86528K), 0.0002700 secs]
837.006: [GC (Allocation Failure) 43809K->435K(84992K), 0.0002040 secs]
837.061: [GC (Allocation Failure) 42344K->435K(83520K), 0.0002130 secs]
837.079: [GC (Allocation Failure) 40879K->435K(82112K), 0.0002040 secs]
837.096: [GC (Allocation Failure) 39414K->435K(80768K), 0.0002120 secs]
837.112: [GC (Allocation Failure) 38047K->435K(79488K), 0.0001990 secs]
837.132: [GC (Allocation Failure) 36777K->435K(78272K), 0.0002100 secs]
837.159: [GC (Allocation Failure) 35605K->435K(77120K), 0.0003260 secs]
837.175: [GC (Allocation Failure) 34433K->435K(83968K), 0.0003910 secs]
837.211: [GC (Allocation Failure) 41270K->435K(92160K), 0.0002080 secs]
837.265: [GC (Allocation Failure) 49474K->435K(90368K), 0.0002240 secs]
837.286: [GC (Allocation Failure) 47716K->435K(88640K), 0.0002030 secs]
837.318: [GC (Allocation Failure) 45958K->435K(86976K), 0.0002120 secs]
837.340: [GC (Allocation Failure) 44298K->435K(85376K), 0.0002050 secs]
837.362: [GC (Allocation Failure) 42735K->435K(83904K), 0.0002750 secs]
837.384: [GC (Allocation Failure) 41172K->435K(82496K), 0.0002210 secs]
837.557: [GC (Allocation Failure) 39805K->435K(81152K), 0.0002230 secs]
837.573: [GC (Allocation Failure) 38437K->435K(79872K), 0.0002040 secs]
837.590: [GC (Allocation Failure) 37168K->435K(78656K), 0.0002170 secs]
837.659: [GC (Allocation Failure) 35996K->435K(77440K), 0.0002110 secs]
837.678: [GC (Allocation Failure) 34726K->435K(76288K), 0.0002030 secs]
837.697: [GC (Allocation Failure) 33554K->435K(75200K), 0.0002140 secs]
837.711: [GC (Allocation Failure) 32479K->435K(74176K), 0.0002020 secs]
837.776: [GC (Allocation Failure) 31503K->435K(73152K), 0.0002200 secs]
837.791: [GC (Allocation Failure) 30428K->435K(72192K), 0.0002000 secs]
837.803: [GC (Allocation Failure) 29549K->435K(71296K), 0.0002020 secs]
837.857: [GC (Allocation Failure) 28572K->435K(70400K), 0.0002800 secs]
837.873: [GC (Allocation Failure) 27693K->435K(69568K), 0.0002260 secs]
837.889: [GC (Allocation Failure) 26912K->435K(68800K), 0.0002080 secs]
837.956: [GC (Allocation Failure) 26131K->435K(68032K), 0.0001990 secs]
837.971: [GC (Allocation Failure) 25349K->435K(67328K), 0.0002270 secs]
838.009: [GC (Allocation Failure) 24662K->435K(66624K), 0.0002100 secs]
838.023: [GC (Allocation Failure) 23978K->435K(71360K), 0.0002750 secs]
838.040: [GC (Allocation Failure) 28670K->435K(77056K), 0.0002380 secs]
838.106: [GC (Allocation Failure) 34335K->435K(75904K), 0.0002040 secs]
838.158: [GC (Allocation Failure) 33261K->435K(74816K), 0.0002150 secs]
838.172: [GC (Allocation Failure) 32089K->435K(73792K), 0.0002030 secs]
838.190: [GC (Allocation Failure) 31112K->435K(72832K), 0.0002120 secs]
838.254: [GC (Allocation Failure) 30135K->435K(71872K), 0.0002050 secs]
838.354: [GC (Allocation Failure) 29158K->435K(70976K), 0.0002110 secs]
838.370: [GC (Allocation Failure) 28279K->435K(70144K), 0.0002790 secs]
838.387: [GC (Allocation Failure) 27498K->435K(69312K), 0.0002310 secs]
838.400: [GC (Allocation Failure) 26619K->435K(74560K), 0.0002650 secs]
838.417: [GC (Allocation Failure) 31893K->435K(80896K), 0.0002020 secs]
838.433: [GC (Allocation Failure) 38242K->435K(88512K), 0.0002030 secs]
838.453: [GC (Allocation Failure) 45860K->435K(97600K), 0.0002040 secs]
838.481: [GC (Allocation Failure) 54948K->435K(95552K), 0.0002150 secs]
838.508: [GC (Allocation Failure) 52897K->435K(93568K), 0.0002120 secs]
838.530: [GC (Allocation Failure) 50846K->435K(91712K), 0.0002040 secs]
838.562: [GC (Allocation Failure) 48986K->435K(89920K), 0.0002120 secs]
838.583: [GC (Allocation Failure) 47228K->435K(88192K), 0.0002010 secs]
838.711: [GC (Allocation Failure) 45470K->435K(86592K), 0.0002040 secs]
838.761: [GC (Allocation Failure) 43907K->435K(85056K), 0.0002250 secs]
838.779: [GC (Allocation Failure) 42344K->435K(83584K), 0.0002020 secs]
838.813: [GC (Allocation Failure) 40879K->435K(82176K), 0.0002120 secs]
838.830: [GC (Allocation Failure) 39512K->435K(80832K), 0.0002730 secs]
838.862: [GC (Allocation Failure) 38144K->435K(79552K), 0.0002230 secs]
838.882: [GC (Allocation Failure) 36875K->435K(78336K), 0.0002090 secs]
839.007: [GC (Allocation Failure) 35605K->435K(77184K), 0.0002030 secs]
839.061: [GC (Allocation Failure) 34530K->435K(76032K), 0.0002100 secs]
839.080: [GC (Allocation Failure) 33358K->435K(74944K), 0.0002010 secs]
839.110: [GC (Allocation Failure) 32284K->435K(73920K), 0.0002160 secs]
839.127: [GC (Allocation Failure) 31210K->435K(72960K), 0.0002140 secs]
839.142: [GC (Allocation Failure) 30233K->435K(72000K), 0.0002380 secs]
839.214: [GC (Allocation Failure) 29354K->435K(71104K), 0.0002150 secs]
839.226: [GC (Allocation Failure) 28377K->435K(70272K), 0.0002240 secs]
839.242: [GC (Allocation Failure) 27596K->435K(69440K), 0.0002180 secs]
839.304: [GC (Allocation Failure) 26717K->435K(68672K), 0.0002140 secs]
839.319: [GC (Allocation Failure) 26033K->435K(67904K), 0.0002010 secs]
839.357: [GC (Allocation Failure) 25250K->435K(67200K), 0.0002010 secs]
839.368: [GC (Allocation Failure) 24466K->435K(72064K), 0.0003200 secs]
839.409: [GC (Allocation Failure) 29354K->435K(77888K), 0.0002830 secs]
839.424: [GC (Allocation Failure) 35214K->435K(84864K), 0.0002140 secs]
839.442: [GC (Allocation Failure) 42149K->435K(93248K), 0.0002020 secs]
839.464: [GC (Allocation Failure) 50553K->435K(103296K), 0.0002030 secs]
839.493: [GC (Allocation Failure) 60613K->435K(100928K), 0.0002100 secs]
839.518: [GC (Allocation Failure) 58269K->435K(98688K), 0.0002160 secs]
839.567: [GC (Allocation Failure) 56022K->435K(96576K), 0.0002030 secs]
839.621: [GC (Allocation Failure) 53873K->435K(94528K), 0.0002160 secs]
839.644: [GC (Allocation Failure) 51822K->435K(92608K), 0.0002130 secs]
839.665: [GC (Allocation Failure) 49967K->435K(90752K), 0.0002040 secs]
839.690: [GC (Allocation Failure) 48107K->435K(89024K), 0.0002130 secs]
839.710: [GC (Allocation Failure) 46349K->435K(87360K), 0.0002130 secs]
839.793: [GC (Allocation Failure) 44688K->435K(85760K), 0.0003640 secs]
839.812: [GC (Allocation Failure) 43028K->435K(84224K), 0.0002030 secs]
839.865: [GC (Allocation Failure) 41563K->435K(82752K), 0.0002210 secs]
839.883: [GC (Allocation Failure) 40098K->435K(81344K), 0.0002020 secs]
839.899: [GC (Allocation Failure) 38633K->435K(80000K), 0.0002010 secs]
839.959: [GC (Allocation Failure) 37363K->435K(78720K), 0.0002010 secs]
840.013: [GC (Allocation Failure) 35996K->435K(77504K), 0.0002190 secs]
840.027: [GC (Allocation Failure) 34823K->435K(76352K), 0.0002700 secs]
840.162: [GC (Allocation Failure) 33651K->435K(75264K), 0.0002130 secs]
840.180: [GC (Allocation Failure) 32577K->435K(74240K), 0.0002040 secs]
840.198: [GC (Allocation Failure) 31600K->435K(73216K), 0.0002110 secs]
840.211: [GC (Allocation Failure) 30526K->435K(72256K), 0.0002150 secs]
840.260: [GC (Allocation Failure) 29549K->435K(71360K), 0.0002360 secs]
840.278: [GC (Allocation Failure) 28670K->435K(70464K), 0.0002360 secs]
840.306: [GC (Allocation Failure) 27791K->435K(69632K), 0.0002110 secs]
840.317: [GC (Allocation Failure) 26912K->435K(74944K), 0.0002660 secs]
840.356: [GC (Allocation Failure) 32284K->435K(73920K), 0.0002370 secs]
840.373: [GC (Allocation Failure) 31210K->435K(80128K), 0.0002570 secs]
840.412: [GC (Allocation Failure) 37461K->435K(78848K), 0.0002290 secs]
840.431: [GC (Allocation Failure) 36191K->435K(77632K), 0.0002040 secs]
840.449: [GC (Allocation Failure) 34921K->435K(76480K), 0.0002010 secs]
840.468: [GC (Allocation Failure) 33749K->435K(75392K), 0.0002030 secs]
840.482: [GC (Allocation Failure) 32675K->435K(81856K), 0.0002120 secs]
840.499: [GC (Allocation Failure) 39219K->435K(89664K), 0.0002040 secs]
840.523: [GC (Allocation Failure) 46935K->435K(87936K), 0.0002220 secs]
840.567: [GC (Allocation Failure) 45274K->435K(86336K), 0.0002800 secs]
840.587: [GC (Allocation Failure) 43614K->435K(84800K), 0.0002120 secs]
840.605: [GC (Allocation Failure) 42149K->435K(83328K), 0.0002010 secs]
840.672: [GC (Allocation Failure) 40684K->435K(81920K), 0.0002140 secs]
840.692: [GC (Allocation Failure) 39219K->435K(80576K), 0.0002000 secs]
840.761: [GC (Allocation Failure) 37851K->435K(79296K), 0.0002120 secs]
840.780: [GC (Allocation Failure) 36582K->435K(78080K), 0.0002100 secs]
840.796: [GC (Allocation Failure) 35409K->435K(76928K), 0.0002000 secs]
840.814: [GC (Allocation Failure) 34237K->435K(75840K), 0.0002050 secs]
840.863: [GC (Allocation Failure) 33163K->435K(74752K), 0.0002100 secs]
840.877: [GC (Allocation Failure) 32089K->435K(73728K), 0.0002160 secs]
840.908: [GC (Allocation Failure) 31014K->435K(72768K), 0.0002640 secs]
840.971: [GC (Allocation Failure) 30038K->435K(71808K), 0.0002140 secs]
841.007: [GC (Allocation Failure) 29158K->435K(70912K), 0.0002020 secs]
841.064: [GC (Allocation Failure) 28182K->435K(70080K), 0.0002410 secs]
841.077: [GC (Allocation Failure) 27400K->435K(69248K), 0.0002650 secs]
841.110: [GC (Allocation Failure) 26521K->435K(68480K), 0.0002220 secs]
841.121: [GC (Allocation Failure) 25838K->435K(73600K), 0.0002160 secs]
841.139: [GC (Allocation Failure) 30917K->435K(72640K), 0.0002010 secs]
841.152: [GC (Allocation Failure) 29940K->435K(78592K), 0.0002030 secs]
841.252: [GC (Allocation Failure) 35898K->435K(77376K), 0.0002120 secs]
841.267: [GC (Allocation Failure) 34726K->435K(76224K), 0.0002030 secs]
841.310: [GC (Allocation Failure) 33554K->435K(75136K), 0.0002140 secs]
841.328: [GC (Allocation Failure) 32479K->435K(74112K), 0.0002010 secs]
841.412: [GC (Allocation Failure) 31405K->435K(73152K), 0.0002070 secs]
841.430: [GC (Allocation Failure) 30428K->435K(72192K), 0.0002030 secs]
841.458: [GC (Allocation Failure) 29549K->435K(71296K), 0.0002820 secs]
841.575: [GC (Allocation Failure) 28572K->435K(70400K), 0.0002380 secs]
841.591: [GC (Allocation Failure) 27693K->435K(69568K), 0.0002680 secs]
841.607: [GC (Allocation Failure) 26912K->435K(68800K), 0.0002060 secs]
841.657: [GC (Allocation Failure) 26131K->435K(68032K), 0.0002030 secs]
841.707: [GC (Allocation Failure) 25349K->435K(67328K), 0.0002130 secs]
841.717: [GC (Allocation Failure) 24662K->435K(66624K), 0.0002150 secs]
841.759: [GC (Allocation Failure) 23978K->435K(65984K), 0.0002140 secs]
841.769: [GC (Allocation Failure) 23294K->435K(70592K), 0.0002150 secs]
841.781: [GC (Allocation Failure) 27889K->435K(76096K), 0.0002030 secs]
841.914: [GC (Allocation Failure) 33456K->435K(75008K), 0.0002110 secs]
841.928: [GC (Allocation Failure) 32284K->435K(81408K), 0.0002260 secs]
841.946: [GC (Allocation Failure) 38730K->435K(89088K), 0.0002100 secs]
841.979: [GC (Allocation Failure) 46446K->435K(87424K), 0.0002040 secs]
842.020: [GC (Allocation Failure) 44786K->435K(85824K), 0.0002170 secs]
842.043: [GC (Allocation Failure) 43126K->435K(84288K), 0.0002020 secs]
842.065: [GC (Allocation Failure) 41563K->435K(82816K), 0.0002170 secs]
842.083: [GC (Allocation Failure) 40098K->435K(81408K), 0.0002030 secs]
842.118: [GC (Allocation Failure) 38730K->435K(80064K), 0.0002040 secs]
842.170: [GC (Allocation Failure) 37363K->435K(78784K), 0.0002840 secs]
842.190: [GC (Allocation Failure) 36093K->435K(77568K), 0.0002010 secs]
842.265: [GC (Allocation Failure) 34921K->435K(76416K), 0.0002120 secs]
842.284: [GC (Allocation Failure) 33749K->435K(75328K), 0.0002110 secs]
842.298: [GC (Allocation Failure) 32675K->435K(74304K), 0.0002270 secs]
842.364: [GC (Allocation Failure) 31600K->435K(73280K), 0.0002040 secs]
842.417: [GC (Allocation Failure) 30624K->435K(72320K), 0.0002730 secs]
842.435: [GC (Allocation Failure) 29647K->435K(71424K), 0.0002230 secs]
842.447: [GC (Allocation Failure) 28768K->435K(70528K), 0.0002120 secs]
842.459: [GC (Allocation Failure) 27889K->435K(76032K), 0.0002130 secs]
842.511: [GC (Allocation Failure) 33358K->435K(74944K), 0.0002150 secs]
842.561: [GC (Allocation Failure) 32284K->435K(73920K), 0.0002140 secs]
842.578: [GC (Allocation Failure) 31210K->435K(72960K), 0.0002100 secs]
842.595: [GC (Allocation Failure) 30233K->435K(72000K), 0.0002000 secs]
842.608: [GC (Allocation Failure) 29354K->435K(71104K), 0.0002130 secs]
842.667: [GC (Allocation Failure) 28377K->435K(70272K), 0.0002260 secs]
842.679: [GC (Allocation Failure) 27596K->435K(75712K), 0.0002700 secs]
842.697: [GC (Allocation Failure) 33065K->435K(82240K), 0.0002260 secs]
842.768: [GC (Allocation Failure) 39512K->435K(80896K), 0.0002140 secs]
842.789: [GC (Allocation Failure) 38242K->435K(79616K), 0.0002070 secs]
842.806: [GC (Allocation Failure) 36972K->435K(78400K), 0.0002200 secs]
842.822: [GC (Allocation Failure) 35702K->435K(77248K), 0.0002050 secs]
842.837: [GC (Allocation Failure) 34530K->435K(84096K), 0.0002170 secs]
842.855: [GC (Allocation Failure) 41367K->435K(92352K), 0.0002030 secs]
842.923: [GC (Allocation Failure) 49670K->435K(90496K), 0.0002100 secs]
842.948: [GC (Allocation Failure) 47814K->435K(88768K), 0.0002100 secs]
842.972: [GC (Allocation Failure) 46056K->435K(87104K), 0.0002220 secs]
843.071: [GC (Allocation Failure) 44395K->435K(85504K), 0.0002130 secs]
843.089: [GC (Allocation Failure) 42833K->435K(83968K), 0.0002130 secs]
843.111: [GC (Allocation Failure) 41270K->435K(82560K), 0.0002130 secs]
843.128: [GC (Allocation Failure) 39902K->435K(81216K), 0.0002130 secs]
843.165: [GC (Allocation Failure) 38535K->435K(79936K), 0.0002300 secs]
843.181: [GC (Allocation Failure) 37265K->435K(78656K), 0.0002120 secs]
843.218: [GC (Allocation Failure) 35996K->435K(77440K), 0.0002190 secs]
843.237: [GC (Allocation Failure) 34726K->435K(76288K), 0.0002180 secs]
843.256: [GC (Allocation Failure) 33554K->435K(75200K), 0.0002020 secs]
843.270: [GC (Allocation Failure) 32479K->435K(74176K), 0.0002280 secs]
843.288: [GC (Allocation Failure) 31503K->435K(73152K), 0.0002140 secs]
843.304: [GC (Allocation Failure) 30428K->435K(79168K), 0.0002110 secs]
843.364: [GC (Allocation Failure) 36484K->435K(77952K), 0.0002130 secs]
843.379: [GC (Allocation Failure) 35312K->435K(76800K), 0.0002140 secs]
843.417: [GC (Allocation Failure) 34140K->435K(75712K), 0.0002220 secs]
843.432: [GC (Allocation Failure) 33065K->435K(74624K), 0.0002000 secs]
843.466: [GC (Allocation Failure) 31893K->435K(73600K), 0.0002110 secs]
843.479: [GC (Allocation Failure) 30917K->435K(72640K), 0.0002130 secs]
843.496: [GC (Allocation Failure) 29940K->435K(71744K), 0.0002010 secs]
843.513: [GC (Allocation Failure) 29061K->435K(77504K), 0.0002240 secs]
843.529: [GC (Allocation Failure) 34823K->435K(84416K), 0.0002130 secs]
843.547: [GC (Allocation Failure) 41758K->435K(92736K), 0.0002690 secs]
843.586: [GC (Allocation Failure) 50064K->435K(90880K), 0.0002140 secs]
843.607: [GC (Allocation Failure) 48204K->435K(89152K), 0.0002100 secs]
843.673: [GC (Allocation Failure) 46446K->435K(87488K), 0.0002230 secs]
843.692: [GC (Allocation Failure) 44786K->435K(85888K), 0.0002020 secs]
843.714: [GC (Allocation Failure) 43223K->435K(84352K), 0.0002010 secs]
843.733: [GC (Allocation Failure) 41660K->435K(82880K), 0.0002020 secs]
843.766: [GC (Allocation Failure) 40195K->435K(81472K), 0.0002120 secs]
843.783: [GC (Allocation Failure) 38828K->435K(80128K), 0.0002120 secs]
843.915: [GC (Allocation Failure) 37461K->435K(78848K), 0.0002100 secs]
843.934: [GC (Allocation Failure) 36191K->435K(77632K), 0.0002150 secs]
844.015: [GC (Allocation Failure) 34921K->435K(76480K), 0.0002040 secs]
844.029: [GC (Allocation Failure) 33749K->435K(75392K), 0.0002030 secs]
844.063: [GC (Allocation Failure) 32675K->435K(74368K), 0.0002040 secs]
844.118: [GC (Allocation Failure) 31698K->435K(73344K), 0.0002220 secs]
844.131: [GC (Allocation Failure) 30624K->435K(72384K), 0.0002040 secs]
844.163: [GC (Allocation Failure) 29745K->435K(71488K), 0.0002020 secs]
844.202: [GC (Allocation Failure) 28768K->435K(70592K), 0.0002140 secs]
844.265: [GC (Allocation Failure) 27889K->435K(69760K), 0.0002200 secs]
844.281: [GC (Allocation Failure) 27107K->435K(68992K), 0.0002230 secs]
844.315: [GC (Allocation Failure) 26326K->435K(68224K), 0.0002010 secs]
844.330: [GC (Allocation Failure) 25545K->435K(67520K), 0.0002160 secs]
844.349: [GC (Allocation Failure) 24857K->435K(66816K), 0.0002130 secs]
844.359: [GC (Allocation Failure) 24173K->435K(71616K), 0.0002060 secs]
844.373: [GC (Allocation Failure) 28963K->435K(77376K), 0.0002340 secs]
844.424: [GC (Allocation Failure) 34726K->435K(76224K), 0.0002120 secs]
844.514: [GC (Allocation Failure) 33554K->435K(75136K), 0.0002080 secs]
844.568: [GC (Allocation Failure) 32479K->435K(74112K), 0.0002220 secs]
844.585: [GC (Allocation Failure) 31405K->435K(73152K), 0.0002310 secs]
844.603: [GC (Allocation Failure) 30428K->435K(72192K), 0.0002120 secs]
844.616: [GC (Allocation Failure) 29549K->435K(71296K), 0.0002170 secs]
844.666: [GC (Allocation Failure) 28572K->435K(70400K), 0.0002530 secs]
844.683: [GC (Allocation Failure) 27693K->435K(69568K), 0.0002290 secs]
844.699: [GC (Allocation Failure) 26912K->435K(74880K), 0.0002600 secs]
844.717: [GC (Allocation Failure) 32186K->435K(81280K), 0.0002120 secs]
844.738: [GC (Allocation Failure) 38633K->435K(80000K), 0.0002120 secs]
844.754: [GC (Allocation Failure) 37363K->435K(87424K), 0.0002120 secs]
844.823: [GC (Allocation Failure) 44786K->435K(85824K), 0.0003240 secs]
844.844: [GC (Allocation Failure) 43126K->435K(84288K), 0.0002040 secs]
844.866: [GC (Allocation Failure) 41563K->435K(82816K), 0.0002020 secs]
844.884: [GC (Allocation Failure) 40098K->435K(81408K), 0.0002020 secs]
844.921: [GC (Allocation Failure) 38730K->435K(80064K), 0.0002130 secs]
844.937: [GC (Allocation Failure) 37363K->435K(78784K), 0.0002130 secs]
844.952: [GC (Allocation Failure) 36093K->435K(77568K), 0.0002120 secs]
844.968: [GC (Allocation Failure) 34921K->435K(76416K), 0.0002010 secs]
845.115: [GC (Allocation Failure) 33749K->435K(75328K), 0.0002110 secs]
845.133: [GC (Allocation Failure) 32675K->435K(74304K), 0.0002110 secs]
845.150: [GC (Allocation Failure) 31600K->435K(73280K), 0.0002130 secs]
845.214: [GC (Allocation Failure) 30624K->435K(72320K), 0.0002130 secs]
845.244: [GC (Allocation Failure) 29647K->435K(71424K), 0.0003270 secs]
845.323: [GC (Allocation Failure) 28768K->435K(70528K), 0.0003290 secs]
845.339: [GC (Allocation Failure) 27889K->435K(69696K), 0.0002080 secs]
845.351: [GC (Allocation Failure) 27010K->435K(68928K), 0.0002160 secs]
845.412: [GC (Allocation Failure) 26228K->435K(68160K), 0.0002040 secs]
845.466: [GC (Allocation Failure) 25447K->435K(67456K), 0.0002220 secs]
845.480: [GC (Allocation Failure) 24759K->435K(66752K), 0.0002220 secs]
845.511: [GC (Allocation Failure) 24076K->435K(66048K), 0.0002150 secs]
845.521: [GC (Allocation Failure) 23392K->435K(70656K), 0.0002020 secs]
845.542: [GC (Allocation Failure) 27986K->435K(76224K), 0.0002720 secs]
845.573: [GC (Allocation Failure) 33554K->435K(75136K), 0.0002150 secs]
845.620: [GC (Allocation Failure) 32479K->435K(74112K), 0.0002260 secs]
845.634: [GC (Allocation Failure) 31405K->435K(73152K), 0.0002060 secs]
845.714: [GC (Allocation Failure) 30428K->435K(72192K), 0.0002060 secs]
845.768: [GC (Allocation Failure) 29549K->435K(71296K), 0.0002240 secs]
845.780: [GC (Allocation Failure) 28572K->435K(70400K), 0.0002200 secs]
845.817: [GC (Allocation Failure) 27693K->435K(69568K), 0.0002260 secs]
845.834: [GC (Allocation Failure) 26912K->435K(68800K), 0.0002120 secs]
845.849: [GC (Allocation Failure) 26131K->435K(68032K), 0.0002160 secs]
845.865: [GC (Allocation Failure) 25349K->435K(73024K), 0.0002680 secs]
845.879: [GC (Allocation Failure) 30331K->435K(79040K), 0.0002210 secs]
845.899: [GC (Allocation Failure) 36386K->435K(86272K), 0.0002110 secs]
845.920: [GC (Allocation Failure) 43614K->435K(94912K), 0.0002250 secs]
845.947: [GC (Allocation Failure) 52213K->435K(92992K), 0.0002100 secs]
846.027: [GC (Allocation Failure) 50260K->435K(91136K), 0.0002170 secs]
846.048: [GC (Allocation Failure) 48498K->435K(89344K), 0.0002020 secs]
846.068: [GC (Allocation Failure) 46642K->435K(87680K), 0.0002010 secs]
846.091: [GC (Allocation Failure) 44981K->435K(86080K), 0.0002210 secs]
846.124: [GC (Allocation Failure) 43419K->435K(84544K), 0.0002190 secs]
846.142: [GC (Allocation Failure) 41856K->435K(83072K), 0.0002080 secs]
846.265: [GC (Allocation Failure) 40391K->435K(81664K), 0.0002210 secs]
846.285: [GC (Allocation Failure) 39023K->435K(80320K), 0.0002120 secs]
846.322: [GC (Allocation Failure) 37656K->435K(79040K), 0.0002430 secs]
846.338: [GC (Allocation Failure) 36386K->435K(77824K), 0.0002120 secs]
846.371: [GC (Allocation Failure) 35116K->435K(76672K), 0.0002220 secs]
846.390: [GC (Allocation Failure) 33944K->435K(75584K), 0.0002190 secs]
846.422: [GC (Allocation Failure) 32870K->435K(74560K), 0.0002150 secs]
846.435: [GC (Allocation Failure) 31893K->435K(73536K), 0.0002080 secs]
846.492: [GC (Allocation Failure) 30819K->435K(72576K), 0.0002160 secs]
846.520: [GC (Allocation Failure) 29842K->435K(71680K), 0.0002160 secs]
846.565: [GC (Allocation Failure) 28963K->435K(70784K), 0.0002050 secs]
846.615: [GC (Allocation Failure) 28084K->435K(69952K), 0.0002130 secs]
846.668: [GC (Allocation Failure) 27303K->435K(69120K), 0.0002120 secs]
846.680: [GC (Allocation Failure) 26424K->435K(68352K), 0.0002270 secs]
846.695: [GC (Allocation Failure) 25642K->435K(67584K), 0.0002110 secs]
846.705: [GC (Allocation Failure) 24857K->435K(72512K), 0.0002010 secs]
846.718: [GC (Allocation Failure) 29842K->435K(78400K), 0.0002240 secs]
846.774: [GC (Allocation Failure) 35702K->435K(77248K), 0.0002120 secs]
846.793: [GC (Allocation Failure) 34530K->435K(76096K), 0.0002200 secs]
846.822: [GC (Allocation Failure) 33456K->435K(75008K), 0.0002160 secs]
846.840: [GC (Allocation Failure) 32284K->435K(73984K), 0.0002130 secs]
846.858: [GC (Allocation Failure) 31307K->435K(73024K), 0.0002000 secs]
846.920: [GC (Allocation Failure) 30331K->435K(72064K), 0.0002770 secs]
846.933: [GC (Allocation Failure) 29354K->435K(71168K), 0.0002280 secs]
846.945: [GC (Allocation Failure) 28475K->435K(76800K), 0.0002140 secs]
846.960: [GC (Allocation Failure) 34140K->435K(83584K), 0.0002020 secs]
847.120: [GC (Allocation Failure) 40879K->435K(82176K), 0.0002040 secs]
847.168: [GC (Allocation Failure) 39512K->435K(80832K), 0.0002160 secs]
847.219: [GC (Allocation Failure) 38144K->435K(79552K), 0.0002140 secs]
847.269: [GC (Allocation Failure) 36875K->435K(78336K), 0.0002130 secs]
847.366: [GC (Allocation Failure) 35605K->435K(77184K), 0.0002240 secs]
847.385: [GC (Allocation Failure) 34530K->435K(76032K), 0.0001990 secs]
847.468: [GC (Allocation Failure) 33358K->435K(74944K), 0.0002040 secs]
847.517: [GC (Allocation Failure) 32284K->435K(73920K), 0.0002220 secs]
847.531: [GC (Allocation Failure) 31210K->435K(72960K), 0.0002160 secs]
847.544: [GC (Allocation Failure) 30233K->435K(72000K), 0.0002030 secs]
847.559: [GC (Allocation Failure) 29354K->435K(71104K), 0.0002120 secs]
847.621: [GC (Allocation Failure) 28377K->435K(70272K), 0.0002110 secs]
847.719: [GC (Allocation Failure) 27596K->435K(69440K), 0.0002230 secs]
847.735: [GC (Allocation Failure) 26717K->435K(68672K), 0.0002370 secs]
847.765: [GC (Allocation Failure) 26033K->435K(67904K), 0.0002130 secs]
847.780: [GC (Allocation Failure) 25250K->435K(67200K), 0.0002120 secs]
847.791: [GC (Allocation Failure) 24466K->435K(72064K), 0.0002160 secs]
847.807: [GC (Allocation Failure) 29354K->435K(77888K), 0.0002100 secs]
847.823: [GC (Allocation Failure) 35214K->435K(84864K), 0.0002020 secs]
847.841: [GC (Allocation Failure) 42149K->435K(93248K), 0.0002040 secs]
847.876: [GC (Allocation Failure) 50553K->435K(91392K), 0.0002040 secs]
847.979: [GC (Allocation Failure) 48693K->435K(89600K), 0.0002110 secs]
848.003: [GC (Allocation Failure) 46935K->435K(87936K), 0.0002020 secs]
848.027: [GC (Allocation Failure) 45274K->435K(86336K), 0.0002240 secs]
848.122: [GC (Allocation Failure) 43614K->435K(84800K), 0.0002070 secs]
848.173: [GC (Allocation Failure) 42149K->435K(83328K), 0.0002190 secs]
848.190: [GC (Allocation Failure) 40684K->435K(81920K), 0.0002750 secs]
848.271: [GC (Allocation Failure) 39219K->435K(80576K), 0.0002030 secs]
848.325: [GC (Allocation Failure) 37851K->435K(79296K), 0.0002210 secs]
848.341: [GC (Allocation Failure) 36582K->435K(78080K), 0.0003590 secs]
848.373: [GC (Allocation Failure) 35409K->435K(76928K), 0.0003280 secs]
848.388: [GC (Allocation Failure) 34237K->435K(75840K), 0.0002150 secs]
848.402: [GC (Allocation Failure) 33163K->435K(82432K), 0.0002030 secs]
848.423: [GC (Allocation Failure) 39707K->435K(90304K), 0.0002190 secs]
848.575: [GC (Allocation Failure) 47618K->435K(88576K), 0.0002120 secs]
848.594: [GC (Allocation Failure) 45860K->435K(86912K), 0.0002010 secs]
848.617: [GC (Allocation Failure) 44200K->435K(85312K), 0.0002700 secs]
848.635: [GC (Allocation Failure) 42637K->435K(83840K), 0.0002040 secs]
848.673: [GC (Allocation Failure) 41172K->435K(82432K), 0.0002250 secs]
848.691: [GC (Allocation Failure) 39707K->435K(81088K), 0.0002160 secs]
848.722: [GC (Allocation Failure) 38437K->435K(79808K), 0.0002230 secs]
848.742: [GC (Allocation Failure) 37168K->435K(78592K), 0.0002210 secs]
848.826: [GC (Allocation Failure) 35898K->435K(77376K), 0.0002080 secs]
848.870: [GC (Allocation Failure) 34726K->435K(76224K), 0.0002150 secs]
848.885: [GC (Allocation Failure) 33554K->435K(75136K), 0.0002050 secs]
848.903: [GC (Allocation Failure) 32479K->435K(74112K), 0.0002200 secs]
848.923: [GC (Allocation Failure) 31405K->435K(73152K), 0.0002220 secs]
848.940: [GC (Allocation Failure) 30428K->435K(72192K), 0.0002240 secs]
848.968: [GC (Allocation Failure) 29549K->435K(71296K), 0.0002140 secs]
848.984: [GC (Allocation Failure) 28572K->435K(70400K), 0.0002200 secs]
849.021: [GC (Allocation Failure) 27693K->435K(69568K), 0.0002200 secs]
849.037: [GC (Allocation Failure) 26912K->435K(68800K), 0.0002360 secs]
849.170: [GC (Allocation Failure) 26131K->435K(68032K), 0.0002200 secs]
849.185: [GC (Allocation Failure) 25349K->435K(67328K), 0.0002150 secs]
849.196: [GC (Allocation Failure) 24662K->435K(72192K), 0.0002690 secs]
849.234: [GC (Allocation Failure) 29549K->435K(71296K), 0.0002180 secs]
849.247: [GC (Allocation Failure) 28572K->435K(76992K), 0.0002290 secs]
849.262: [GC (Allocation Failure) 34335K->435K(83776K), 0.0002060 secs]
849.284: [GC (Allocation Failure) 41074K->435K(91968K), 0.0002130 secs]
849.305: [GC (Allocation Failure) 49279K->435K(90176K), 0.0002030 secs]
849.330: [GC (Allocation Failure) 47521K->435K(88448K), 0.0002140 secs]
849.475: [GC (Allocation Failure) 45763K->435K(86784K), 0.0002140 secs]
849.494: [GC (Allocation Failure) 44102K->435K(85248K), 0.0002050 secs]
849.513: [GC (Allocation Failure) 42540K->435K(83776K), 0.0002040 secs]
849.534: [GC (Allocation Failure) 41074K->435K(82368K), 0.0002770 secs]
849.552: [GC (Allocation Failure) 39707K->435K(81024K), 0.0002110 secs]
849.572: [GC (Allocation Failure) 38340K->435K(79744K), 0.0002090 secs]
849.622: [GC (Allocation Failure) 37070K->435K(78528K), 0.0002350 secs]
849.642: [GC (Allocation Failure) 35800K->435K(77312K), 0.0002110 secs]
849.657: [GC (Allocation Failure) 34628K->435K(76160K), 0.0002130 secs]
849.675: [GC (Allocation Failure) 33456K->435K(75072K), 0.0002200 secs]
849.724: [GC (Allocation Failure) 32382K->435K(74048K), 0.0002210 secs]
849.742: [GC (Allocation Failure) 31405K->435K(73088K), 0.0002590 secs]
849.776: [GC (Allocation Failure) 30428K->435K(72128K), 0.0002090 secs]
849.793: [GC (Allocation Failure) 29451K->435K(71232K), 0.0002100 secs]
849.805: [GC (Allocation Failure) 28572K->435K(76864K), 0.0002140 secs]
849.820: [GC (Allocation Failure) 34140K->435K(83648K), 0.0002030 secs]
849.878: [GC (Allocation Failure) 40977K->435K(82240K), 0.0003290 secs]
849.895: [GC (Allocation Failure) 39512K->435K(80896K), 0.0002120 secs]
849.912: [GC (Allocation Failure) 38242K->435K(79616K), 0.0001990 secs]
849.932: [GC (Allocation Failure) 36972K->435K(86976K), 0.0002680 secs]
849.955: [GC (Allocation Failure) 44298K->435K(85376K), 0.0002100 secs]
849.978: [GC (Allocation Failure) 42735K->435K(83904K), 0.0002130 secs]
849.999: [GC (Allocation Failure) 41172K->435K(82496K), 0.0002060 secs]
850.029: [GC (Allocation Failure) 39805K->435K(81152K), 0.0002200 secs]
850.046: [GC (Allocation Failure) 38437K->435K(79872K), 0.0002070 secs]
850.066: [GC (Allocation Failure) 37168K->435K(78656K), 0.0002140 secs]
850.082: [GC (Allocation Failure) 35996K->435K(77440K), 0.0002060 secs]
850.097: [GC (Allocation Failure) 34726K->435K(84352K), 0.0002030 secs]
850.119: [GC (Allocation Failure) 41660K->435K(82880K), 0.0002140 secs]
850.140: [GC (Allocation Failure) 40195K->435K(81472K), 0.0002010 secs]
850.158: [GC (Allocation Failure) 38828K->435K(80128K), 0.0002120 secs]
850.323: [GC (Allocation Failure) 37461K->435K(78848K), 0.0002120 secs]
850.343: [GC (Allocation Failure) 36191K->435K(77632K), 0.0002000 secs]
850.362: [GC (Allocation Failure) 34921K->435K(76480K), 0.0002010 secs]
850.381: [GC (Allocation Failure) 33749K->435K(75392K), 0.0002120 secs]
850.395: [GC (Allocation Failure) 32675K->435K(74368K), 0.0002040 secs]
850.413: [GC (Allocation Failure) 31698K->435K(80640K), 0.0003140 secs]
850.438: [GC (Allocation Failure) 37949K->435K(88192K), 0.0002360 secs]
850.462: [GC (Allocation Failure) 45470K->435K(86592K), 0.0002320 secs]
850.486: [GC (Allocation Failure) 43907K->435K(85056K), 0.0002140 secs]
850.508: [GC (Allocation Failure) 42344K->435K(83584K), 0.0002100 secs]
850.629: [GC (Allocation Failure) 40879K->435K(82176K), 0.0002190 secs]
850.647: [GC (Allocation Failure) 39512K->435K(80832K), 0.0002040 secs]
850.724: [GC (Allocation Failure) 38144K->435K(79552K), 0.0002140 secs]
850.740: [GC (Allocation Failure) 36875K->435K(78336K), 0.0002020 secs]
850.777: [GC (Allocation Failure) 35605K->435K(77184K), 0.0002180 secs]
850.796: [GC (Allocation Failure) 34530K->435K(76032K), 0.0002700 secs]
850.815: [GC (Allocation Failure) 33358K->435K(74944K), 0.0002120 secs]
850.829: [GC (Allocation Failure) 32284K->435K(73920K), 0.0002170 secs]
850.842: [GC (Allocation Failure) 31210K->435K(80128K), 0.0002210 secs]
850.928: [GC (Allocation Failure) 37461K->435K(78848K), 0.0002230 secs]
850.944: [GC (Allocation Failure) 36191K->435K(77632K), 0.0002030 secs]
850.959: [GC (Allocation Failure) 34921K->435K(76480K), 0.0001990 secs]
850.973: [GC (Allocation Failure) 33749K->435K(83200K), 0.0002030 secs]
850.995: [GC (Allocation Failure) 40488K->435K(81792K), 0.0002000 secs]
851.012: [GC (Allocation Failure) 39121K->435K(89536K), 0.0002270 secs]
851.032: [GC (Allocation Failure) 46837K->435K(87872K), 0.0002010 secs]
851.059: [GC (Allocation Failure) 45177K->435K(86272K), 0.0002890 secs]
851.169: [GC (Allocation Failure) 43614K->435K(84736K), 0.0002140 secs]
851.191: [GC (Allocation Failure) 42051K->435K(83264K), 0.0002120 secs]
851.212: [GC (Allocation Failure) 40586K->435K(81856K), 0.0002690 secs]
851.234: [GC (Allocation Failure) 39219K->435K(80512K), 0.0002150 secs]
851.255: [GC (Allocation Failure) 37851K->435K(79232K), 0.0002260 secs]
851.271: [GC (Allocation Failure) 36582K->435K(78016K), 0.0002030 secs]
851.327: [GC (Allocation Failure) 35312K->435K(76864K), 0.0002060 secs]
851.345: [GC (Allocation Failure) 34140K->435K(75776K), 0.0002010 secs]
851.360: [GC (Allocation Failure) 33065K->435K(74688K), 0.0002130 secs]
851.473: [GC (Allocation Failure) 31991K->435K(73664K), 0.0002030 secs]
851.523: [GC (Allocation Failure) 31014K->435K(72704K), 0.0002020 secs]
851.627: [GC (Allocation Failure) 30038K->435K(71808K), 0.0002350 secs]
851.639: [GC (Allocation Failure) 29158K->435K(70912K), 0.0002050 secs]
851.655: [GC (Allocation Failure) 28182K->435K(70080K), 0.0002140 secs]
851.667: [GC (Allocation Failure) 27400K->435K(75520K), 0.0002170 secs]
851.686: [GC (Allocation Failure) 32870K->435K(82048K), 0.0002140 secs]
851.703: [GC (Allocation Failure) 39316K->435K(89856K), 0.0002040 secs]
851.730: [GC (Allocation Failure) 47130K->435K(88128K), 0.0002150 secs]
851.779: [GC (Allocation Failure) 45470K->435K(86528K), 0.0002030 secs]
851.832: [GC (Allocation Failure) 43809K->435K(84992K), 0.0002240 secs]
851.854: [GC (Allocation Failure) 42344K->435K(83520K), 0.0002120 secs]
851.927: [GC (Allocation Failure) 40879K->435K(82112K), 0.0002690 secs]
852.076: [GC (Allocation Failure) 39414K->435K(80768K), 0.0002130 secs]
852.092: [GC (Allocation Failure) 38047K->435K(79488K), 0.0002040 secs]
852.110: [GC (Allocation Failure) 36777K->435K(78272K), 0.0002120 secs]
852.170: [GC (Allocation Failure) 35605K->435K(77120K), 0.0002200 secs]
852.225: [GC (Allocation Failure) 34433K->435K(75968K), 0.0002140 secs]
852.243: [GC (Allocation Failure) 33261K->435K(74880K), 0.0002120 secs]
852.260: [GC (Allocation Failure) 32186K->435K(73856K), 0.0002130 secs]
852.278: [GC (Allocation Failure) 31210K->435K(72896K), 0.0002120 secs]
852.295: [GC (Allocation Failure) 30233K->435K(71936K), 0.0002210 secs]
852.328: [GC (Allocation Failure) 29256K->435K(71040K), 0.0002110 secs]
852.341: [GC (Allocation Failure) 28377K->435K(70208K), 0.0002180 secs]
852.353: [GC (Allocation Failure) 27498K->435K(75648K), 0.0002150 secs]
852.368: [GC (Allocation Failure) 32968K->435K(82176K), 0.0002030 secs]
852.389: [GC (Allocation Failure) 39512K->435K(90048K), 0.0002230 secs]
852.426: [GC (Allocation Failure) 47325K->435K(88320K), 0.0002180 secs]
852.455: [GC (Allocation Failure) 45665K->435K(86656K), 0.0002050 secs]
852.479: [GC (Allocation Failure) 44005K->435K(85120K), 0.0002140 secs]
852.502: [GC (Allocation Failure) 42442K->435K(83648K), 0.0002010 secs]
852.524: [GC (Allocation Failure) 40977K->435K(82240K), 0.0002100 secs]
852.541: [GC (Allocation Failure) 39512K->435K(80896K), 0.0002050 secs]
852.557: [GC (Allocation Failure) 38242K->435K(79616K), 0.0002130 secs]
852.577: [GC (Allocation Failure) 36972K->435K(78400K), 0.0002220 secs]
852.626: [GC (Allocation Failure) 35702K->435K(77248K), 0.0002210 secs]
852.641: [GC (Allocation Failure) 34530K->435K(76096K), 0.0002150 secs]
852.729: [GC (Allocation Failure) 33456K->435K(75008K), 0.0002230 secs]
852.743: [GC (Allocation Failure) 32284K->435K(73984K), 0.0002020 secs]
852.758: [GC (Allocation Failure) 31307K->435K(73024K), 0.0002030 secs]
852.774: [GC (Allocation Failure) 30331K->435K(72064K), 0.0002050 secs]
852.833: [GC (Allocation Failure) 29354K->435K(71168K), 0.0002280 secs]
852.850: [GC (Allocation Failure) 28475K->435K(70336K), 0.0002250 secs]
852.927: [GC (Allocation Failure) 27693K->435K(69504K), 0.0002050 secs]
852.939: [GC (Allocation Failure) 26814K->435K(68736K), 0.0002150 secs]
853.026: [GC (Allocation Failure) 26033K->435K(67968K), 0.0002130 secs]
853.037: [GC (Allocation Failure) 25250K->435K(67264K), 0.0002150 secs]
853.072: [GC (Allocation Failure) 24564K->435K(66560K), 0.0002140 secs]
853.086: [GC (Allocation Failure) 23880K->435K(65920K), 0.0002100 secs]
853.160: [GC (Allocation Failure) 23196K->435K(65280K), 0.0002700 secs]
853.221: [GC (Allocation Failure) 22610K->435K(64640K), 0.0002130 secs]
853.234: [GC (Allocation Failure) 21927K->435K(64064K), 0.0002120 secs]
853.244: [GC (Allocation Failure) 21341K->435K(68288K), 0.0002170 secs]
853.273: [GC (Allocation Failure) 25642K->435K(67520K), 0.0002170 secs]
853.326: [GC (Allocation Failure) 24857K->435K(66816K), 0.0002220 secs]
853.341: [GC (Allocation Failure) 24173K->435K(66112K), 0.0002130 secs]
853.355: [GC (Allocation Failure) 23392K->435K(70720K), 0.0002110 secs]
853.367: [GC (Allocation Failure) 27986K->435K(76288K), 0.0002130 secs]
853.382: [GC (Allocation Failure) 33554K->435K(82944K), 0.0002030 secs]
853.403: [GC (Allocation Failure) 40293K->435K(90944K), 0.0002010 secs]
853.424: [GC (Allocation Failure) 48302K->435K(100544K), 0.0002030 secs]
853.537: [GC (Allocation Failure) 57878K->435K(98304K), 0.0002040 secs]
853.640: [GC (Allocation Failure) 55632K->435K(96192K), 0.0002160 secs]
853.668: [GC (Allocation Failure) 53483K->435K(94208K), 0.0002150 secs]
853.744: [GC (Allocation Failure) 51529K->435K(92288K), 0.0002180 secs]
853.770: [GC (Allocation Failure) 49572K->435K(90496K), 0.0002030 secs]
853.833: [GC (Allocation Failure) 47814K->435K(88768K), 0.0002740 secs]
853.882: [GC (Allocation Failure) 46056K->435K(87104K), 0.0002250 secs]
853.905: [GC (Allocation Failure) 44395K->435K(85504K), 0.0002130 secs]
853.935: [GC (Allocation Failure) 42833K->435K(83968K), 0.0002080 secs]
853.953: [GC (Allocation Failure) 41270K->435K(82560K), 0.0002180 secs]
853.980: [GC (Allocation Failure) 39902K->435K(81216K), 0.0002230 secs]
853.997: [GC (Allocation Failure) 38535K->435K(79936K), 0.0002150 secs]
854.013: [GC (Allocation Failure) 37265K->435K(78656K), 0.0001980 secs]
854.033: [GC (Allocation Failure) 35996K->435K(77440K), 0.0002020 secs]
854.052: [GC (Allocation Failure) 34726K->435K(76288K), 0.0002140 secs]
854.127: [GC (Allocation Failure) 33554K->435K(75200K), 0.0002150 secs]
854.145: [GC (Allocation Failure) 32479K->435K(74176K), 0.0002020 secs]
854.159: [GC (Allocation Failure) 31503K->435K(73152K), 0.0002040 secs]
854.180: [GC (Allocation Failure) 30428K->435K(72192K), 0.0002270 secs]
854.193: [GC (Allocation Failure) 29549K->435K(78016K), 0.0003890 secs]
854.232: [GC (Allocation Failure) 35312K->435K(85056K), 0.0002240 secs]
854.254: [GC (Allocation Failure) 42344K->435K(93504K), 0.0002030 secs]
854.276: [GC (Allocation Failure) 50846K->435K(91648K), 0.0002130 secs]
854.297: [GC (Allocation Failure) 48986K->435K(89856K), 0.0002040 secs]
854.363: [GC (Allocation Failure) 47130K->435K(88128K), 0.0002280 secs]
854.387: [GC (Allocation Failure) 45470K->435K(86528K), 0.0002080 secs]
854.406: [GC (Allocation Failure) 43809K->435K(84992K), 0.0002960 secs]
854.481: [GC (Allocation Failure) 42344K->435K(83520K), 0.0002870 secs]
854.534: [GC (Allocation Failure) 40879K->435K(82112K), 0.0002010 secs]
854.556: [GC (Allocation Failure) 39414K->435K(80768K), 0.0002270 secs]
854.580: [GC (Allocation Failure) 38047K->435K(79488K), 0.0002140 secs]
854.600: [GC (Allocation Failure) 36777K->435K(78272K), 0.0002130 secs]
854.615: [GC (Allocation Failure) 35605K->435K(77120K), 0.0002010 secs]
854.634: [GC (Allocation Failure) 34433K->435K(75968K), 0.0002020 secs]
854.649: [GC (Allocation Failure) 33261K->435K(74880K), 0.0002160 secs]
854.668: [GC (Allocation Failure) 32186K->435K(73856K), 0.0002190 secs]
854.727: [GC (Allocation Failure) 31210K->435K(72896K), 0.0002020 secs]
854.776: [GC (Allocation Failure) 30233K->435K(71936K), 0.0002340 secs]
854.793: [GC (Allocation Failure) 29256K->435K(71040K), 0.0002740 secs]
854.826: [GC (Allocation Failure) 28377K->435K(70208K), 0.0002770 secs]
854.935: [GC (Allocation Failure) 27498K->435K(69376K), 0.0003750 secs]
854.952: [GC (Allocation Failure) 26717K->435K(68608K), 0.0002340 secs]
854.967: [GC (Allocation Failure) 25935K->435K(67840K), 0.0002130 secs]
855.025: [GC (Allocation Failure) 25150K->435K(67136K), 0.0002130 secs]
855.039: [GC (Allocation Failure) 24466K->435K(66432K), 0.0001990 secs]
855.054: [GC (Allocation Failure) 23783K->435K(65792K), 0.0002280 secs]
855.064: [GC (Allocation Failure) 23099K->435K(70336K), 0.0002070 secs]
855.076: [GC (Allocation Failure) 27693K->435K(75840K), 0.0002020 secs]
855.090: [GC (Allocation Failure) 33163K->435K(82432K), 0.0002140 secs]
855.111: [GC (Allocation Failure) 39707K->435K(90304K), 0.0001980 secs]
855.136: [GC (Allocation Failure) 47618K->435K(99776K), 0.0002090 secs]
855.160: [GC (Allocation Failure) 57097K->435K(97600K), 0.0002010 secs]
855.188: [GC (Allocation Failure) 54948K->435K(95552K), 0.0002120 secs]
855.214: [GC (Allocation Failure) 52897K->435K(93568K), 0.0002200 secs]
855.237: [GC (Allocation Failure) 50846K->435K(91712K), 0.0002100 secs]
855.258: [GC (Allocation Failure) 48986K->435K(89920K), 0.0002120 secs]
855.279: [GC (Allocation Failure) 47228K->435K(88192K), 0.0002010 secs]
855.338: [GC (Allocation Failure) 45470K->435K(86592K), 0.0002180 secs]
855.359: [GC (Allocation Failure) 43907K->435K(85056K), 0.0002140 secs]
855.387: [GC (Allocation Failure) 42344K->435K(83584K), 0.0002140 secs]
855.405: [GC (Allocation Failure) 40879K->435K(82176K), 0.0003200 secs]
855.532: [GC (Allocation Failure) 39512K->435K(80832K), 0.0002190 secs]
855.553: [GC (Allocation Failure) 38144K->435K(79552K), 0.0002710 secs]
855.573: [GC (Allocation Failure) 36875K->435K(78336K), 0.0002190 secs]
855.589: [GC (Allocation Failure) 35605K->435K(77184K), 0.0002140 secs]
855.603: [GC (Allocation Failure) 34530K->435K(84032K), 0.0002140 secs]
855.632: [GC (Allocation Failure) 41367K->435K(82624K), 0.0002040 secs]
855.667: [GC (Allocation Failure) 39902K->435K(81280K), 0.0002020 secs]
855.684: [GC (Allocation Failure) 38633K->435K(80000K), 0.0002020 secs]
855.704: [GC (Allocation Failure) 37363K->435K(78720K), 0.0002110 secs]
855.778: [GC (Allocation Failure) 35996K->435K(77504K), 0.0002010 secs]
855.793: [GC (Allocation Failure) 34823K->435K(76352K), 0.0002040 secs]
855.880: [GC (Allocation Failure) 33651K->435K(75264K), 0.0002130 secs]
855.894: [GC (Allocation Failure) 32577K->435K(74240K), 0.0002030 secs]
855.929: [GC (Allocation Failure) 31600K->435K(73216K), 0.0002120 secs]
855.946: [GC (Allocation Failure) 30526K->435K(72256K), 0.0001990 secs]
855.959: [GC (Allocation Failure) 29549K->435K(71360K), 0.0002100 secs]
855.971: [GC (Allocation Failure) 28670K->435K(77056K), 0.0002090 secs]
855.986: [GC (Allocation Failure) 34335K->435K(83904K), 0.0002030 secs]
856.003: [GC (Allocation Failure) 41172K->435K(92096K), 0.0002130 secs]
856.046: [GC (Allocation Failure) 49377K->435K(90304K), 0.0002240 secs]
856.070: [GC (Allocation Failure) 47618K->435K(88576K), 0.0002250 secs]
856.094: [GC (Allocation Failure) 45860K->435K(86912K), 0.0002140 secs]
856.113: [GC (Allocation Failure) 44200K->435K(85312K), 0.0002020 secs]
856.135: [GC (Allocation Failure) 42637K->435K(83840K), 0.0002140 secs]
856.157: [GC (Allocation Failure) 41172K->435K(82432K), 0.0002180 secs]
856.176: [GC (Allocation Failure) 39707K->435K(81088K), 0.0002110 secs]
856.192: [GC (Allocation Failure) 38437K->435K(79808K), 0.0002040 secs]
856.235: [GC (Allocation Failure) 37168K->435K(78592K), 0.0002170 secs]
856.255: [GC (Allocation Failure) 35898K->435K(77376K), 0.0002000 secs]
856.277: [GC (Allocation Failure) 34726K->435K(76224K), 0.0002070 secs]
856.295: [GC (Allocation Failure) 33554K->435K(75136K), 0.0002740 secs]
856.310: [GC (Allocation Failure) 32479K->435K(81600K), 0.0002130 secs]
856.333: [GC (Allocation Failure) 38926K->435K(80256K), 0.0002150 secs]
856.354: [GC (Allocation Failure) 37558K->435K(78976K), 0.0002240 secs]
856.369: [GC (Allocation Failure) 36289K->435K(86208K), 0.0002130 secs]
856.395: [GC (Allocation Failure) 43516K->435K(94848K), 0.0002810 secs]
856.422: [GC (Allocation Failure) 52115K->435K(92928K), 0.0002180 secs]
856.444: [GC (Allocation Failure) 50260K->435K(91072K), 0.0002110 secs]
856.536: [GC (Allocation Failure) 48400K->435K(89280K), 0.0002140 secs]
856.557: [GC (Allocation Failure) 46642K->435K(87616K), 0.0002140 secs]
856.576: [GC (Allocation Failure) 44884K->435K(86016K), 0.0002040 secs]
856.677: [GC (Allocation Failure) 43321K->435K(84480K), 0.0002260 secs]
856.700: [GC (Allocation Failure) 41758K->435K(83008K), 0.0002170 secs]
856.718: [GC (Allocation Failure) 40293K->435K(81600K), 0.0002030 secs]
856.788: [GC (Allocation Failure) 38926K->435K(80256K), 0.0002280 secs]
856.804: [GC (Allocation Failure) 37558K->435K(78976K), 0.0002140 secs]
856.820: [GC (Allocation Failure) 36289K->435K(77760K), 0.0002030 secs]
856.978: [GC (Allocation Failure) 35116K->435K(76608K), 0.0002230 secs]
856.997: [GC (Allocation Failure) 33944K->435K(75520K), 0.0002120 secs]
857.085: [GC (Allocation Failure) 32870K->435K(74496K), 0.0002000 secs]
857.103: [GC (Allocation Failure) 31796K->435K(73472K), 0.0002020 secs]
857.130: [GC (Allocation Failure) 30819K->435K(72512K), 0.0002210 secs]
857.143: [GC (Allocation Failure) 29842K->435K(71616K), 0.0002010 secs]
857.160: [GC (Allocation Failure) 28963K->435K(70720K), 0.0002140 secs]
857.172: [GC (Allocation Failure) 27986K->435K(76288K), 0.0002020 secs]
857.242: [GC (Allocation Failure) 33554K->435K(75200K), 0.0002200 secs]
857.256: [GC (Allocation Failure) 32479K->435K(74176K), 0.0002160 secs]
857.274: [GC (Allocation Failure) 31503K->435K(73152K), 0.0002110 secs]
857.331: [GC (Allocation Failure) 30428K->435K(72192K), 0.0002710 secs]
857.380: [GC (Allocation Failure) 29549K->435K(71296K), 0.0002170 secs]
857.430: [GC (Allocation Failure) 28572K->435K(70400K), 0.0002740 secs]
857.574: [GC (Allocation Failure) 27693K->435K(69568K), 0.0002160 secs]
857.590: [GC (Allocation Failure) 26912K->435K(68800K), 0.0002290 secs]
857.630: [GC (Allocation Failure) 26131K->435K(68032K), 0.0002080 secs]
857.665: [GC (Allocation Failure) 25349K->435K(67328K), 0.0002200 secs]
857.676: [GC (Allocation Failure) 24662K->435K(72192K), 0.0002760 secs]
857.735: [GC (Allocation Failure) 29549K->435K(71296K), 0.0002230 secs]
857.747: [GC (Allocation Failure) 28572K->435K(70400K), 0.0002030 secs]
857.759: [GC (Allocation Failure) 27693K->435K(75904K), 0.0002010 secs]
857.777: [GC (Allocation Failure) 33261K->435K(82496K), 0.0002710 secs]
857.799: [GC (Allocation Failure) 39805K->435K(90432K), 0.0002160 secs]
857.819: [GC (Allocation Failure) 47716K->435K(99904K), 0.0002010 secs]
857.897: [GC (Allocation Failure) 57194K->435K(97728K), 0.0002820 secs]
857.925: [GC (Allocation Failure) 55046K->435K(95680K), 0.0002120 secs]
857.985: [GC (Allocation Failure) 52994K->435K(93696K), 0.0002130 secs]
858.011: [GC (Allocation Failure) 51041K->435K(91840K), 0.0002010 secs]
858.036: [GC (Allocation Failure) 49181K->435K(90048K), 0.0002140 secs]
858.057: [GC (Allocation Failure) 47325K->435K(88320K), 0.0002130 secs]
858.076: [GC (Allocation Failure) 45665K->435K(86656K), 0.0002040 secs]
858.141: [GC (Allocation Failure) 44005K->435K(85120K), 0.0002220 secs]
858.160: [GC (Allocation Failure) 42442K->435K(83648K), 0.0002040 secs]
858.240: [GC (Allocation Failure) 40977K->435K(82240K), 0.0002160 secs]
858.257: [GC (Allocation Failure) 39512K->435K(80896K), 0.0002040 secs]
858.285: [GC (Allocation Failure) 38242K->435K(79616K), 0.0002040 secs]
858.355: [GC (Allocation Failure) 36972K->435K(78400K), 0.0002170 secs]
858.373: [GC (Allocation Failure) 35702K->435K(77248K), 0.0002440 secs]
858.419: [GC (Allocation Failure) 34530K->435K(76096K), 0.0001980 secs]
858.438: [GC (Allocation Failure) 33456K->435K(75008K), 0.0002770 secs]
858.453: [GC (Allocation Failure) 32284K->435K(73984K), 0.0002310 secs]
858.469: [GC (Allocation Failure) 31307K->435K(73024K), 0.0002130 secs]
858.496: [GC (Allocation Failure) 30331K->435K(72064K), 0.0002170 secs]
858.535: [GC (Allocation Failure) 29354K->435K(71168K), 0.0002220 secs]
858.552: [GC (Allocation Failure) 28475K->435K(70336K), 0.0002090 secs]
858.581: [GC (Allocation Failure) 27693K->435K(69504K), 0.0002140 secs]
858.596: [GC (Allocation Failure) 26814K->435K(68736K), 0.0002020 secs]
858.608: [GC (Allocation Failure) 26033K->435K(73920K), 0.0002160 secs]
858.668: [GC (Allocation Failure) 31210K->435K(72960K), 0.0002250 secs]
858.686: [GC (Allocation Failure) 30233K->435K(72000K), 0.0002160 secs]
858.699: [GC (Allocation Failure) 29354K->435K(77824K), 0.0002130 secs]
858.714: [GC (Allocation Failure) 35116K->435K(84800K), 0.0002040 secs]
858.732: [GC (Allocation Failure) 42149K->435K(93184K), 0.0002030 secs]
858.757: [GC (Allocation Failure) 50455K->435K(91328K), 0.0002080 secs]
858.841: [GC (Allocation Failure) 48595K->435K(89536K), 0.0002140 secs]
858.893: [GC (Allocation Failure) 46837K->435K(87872K), 0.0002140 secs]
858.913: [GC (Allocation Failure) 45177K->435K(86272K), 0.0002140 secs]
858.936: [GC (Allocation Failure) 43614K->435K(84736K), 0.0002120 secs]
858.992: [GC (Allocation Failure) 42051K->435K(83264K), 0.0002330 secs]
859.015: [GC (Allocation Failure) 40586K->435K(81856K), 0.0002160 secs]
859.036: [GC (Allocation Failure) 39219K->435K(80512K), 0.0002120 secs]
859.056: [GC (Allocation Failure) 37851K->435K(79232K), 0.0002250 secs]
859.139: [GC (Allocation Failure) 36582K->435K(78016K), 0.0002120 secs]
859.158: [GC (Allocation Failure) 35312K->435K(76864K), 0.0002050 secs]
859.177: [GC (Allocation Failure) 34140K->435K(75776K), 0.0002110 secs]
859.192: [GC (Allocation Failure) 33065K->435K(74688K), 0.0002030 secs]
859.205: [GC (Allocation Failure) 31991K->435K(73664K), 0.0002020 secs]
859.333: [GC (Allocation Failure) 31014K->435K(72704K), 0.0002130 secs]
859.346: [GC (Allocation Failure) 30038K->435K(71808K), 0.0002120 secs]
859.363: [GC (Allocation Failure) 29158K->435K(70912K), 0.0002130 secs]
859.375: [GC (Allocation Failure) 28182K->435K(76480K), 0.0002170 secs]
859.390: [GC (Allocation Failure) 33749K->435K(83200K), 0.0002150 secs]
859.411: [GC (Allocation Failure) 40488K->435K(91264K), 0.0002210 secs]
859.441: [GC (Allocation Failure) 48595K->435K(89472K), 0.0002130 secs]
859.465: [GC (Allocation Failure) 46739K->435K(87808K), 0.0002010 secs]
859.490: [GC (Allocation Failure) 45079K->435K(86208K), 0.0002730 secs]
859.581: [GC (Allocation Failure) 43516K->435K(84672K), 0.0002360 secs]
859.604: [GC (Allocation Failure) 41953K->435K(83200K), 0.0002230 secs]
859.639: [GC (Allocation Failure) 40488K->435K(81792K), 0.0002080 secs]
859.660: [GC (Allocation Failure) 39121K->435K(80448K), 0.0002730 secs]
859.677: [GC (Allocation Failure) 37754K->435K(79168K), 0.0002180 secs]
859.741: [GC (Allocation Failure) 36484K->435K(77952K), 0.0002280 secs]
859.759: [GC (Allocation Failure) 35312K->435K(76800K), 0.0002140 secs]
859.889: [GC (Allocation Failure) 34140K->435K(75712K), 0.0002120 secs]
859.904: [GC (Allocation Failure) 33065K->435K(74624K), 0.0002270 secs]
859.921: [GC (Allocation Failure) 31893K->435K(73600K), 0.0002000 secs]
859.934: [GC (Allocation Failure) 30917K->435K(79744K), 0.0002940 secs]
859.960: [GC (Allocation Failure) 37070K->435K(78528K), 0.0002160 secs]
859.976: [GC (Allocation Failure) 35800K->435K(85632K), 0.0002130 secs]
859.994: [GC (Allocation Failure) 42930K->435K(94144K), 0.0002230 secs]
860.020: [GC (Allocation Failure) 51432K->435K(92224K), 0.0002120 secs]
860.047: [GC (Allocation Failure) 49572K->435K(90432K), 0.0002180 secs]
860.152: [GC (Allocation Failure) 47716K->435K(88704K), 0.0002080 secs]
860.176: [GC (Allocation Failure) 46056K->435K(87040K), 0.0002110 secs]
860.244: [GC (Allocation Failure) 44395K->435K(85440K), 0.0002020 secs]
860.267: [GC (Allocation Failure) 42735K->435K(83968K), 0.0002010 secs]
860.284: [GC (Allocation Failure) 41270K->435K(82560K), 0.0002030 secs]
860.339: [GC (Allocation Failure) 39902K->435K(81216K), 0.0003180 secs]
860.358: [GC (Allocation Failure) 38535K->435K(79936K), 0.0002010 secs]
860.393: [GC (Allocation Failure) 37265K->435K(78656K), 0.0002300 secs]
860.422: [GC (Allocation Failure) 35996K->435K(77440K), 0.0002180 secs]
860.438: [GC (Allocation Failure) 34726K->435K(76288K), 0.0002010 secs]
860.490: [GC (Allocation Failure) 33554K->435K(75200K), 0.0002210 secs]
860.504: [GC (Allocation Failure) 32479K->435K(74176K), 0.0002160 secs]
860.536: [GC (Allocation Failure) 31503K->435K(73152K), 0.0002260 secs]
860.549: [GC (Allocation Failure) 30428K->435K(72192K), 0.0002130 secs]
860.575: [GC (Allocation Failure) 29549K->435K(71296K), 0.0002190 secs]
860.588: [GC (Allocation Failure) 28572K->435K(76992K), 0.0002140 secs]
860.603: [GC (Allocation Failure) 34335K->435K(83776K), 0.0002020 secs]
860.622: [GC (Allocation Failure) 41074K->435K(91968K), 0.0002180 secs]
860.643: [GC (Allocation Failure) 49279K->435K(90176K), 0.0002110 secs]
860.792: [GC (Allocation Failure) 47521K->435K(88448K), 0.0002110 secs]
860.815: [GC (Allocation Failure) 45763K->435K(86784K), 0.0002120 secs]
860.852: [GC (Allocation Failure) 44102K->435K(85248K), 0.0002150 secs]
860.872: [GC (Allocation Failure) 42540K->435K(83776K), 0.0002140 secs]
860.947: [GC (Allocation Failure) 41074K->435K(82368K), 0.0002160 secs]
860.968: [GC (Allocation Failure) 39707K->435K(81024K), 0.0002040 secs]
860.984: [GC (Allocation Failure) 38340K->435K(79744K), 0.0002170 secs]
861.043: [GC (Allocation Failure) 37070K->435K(78528K), 0.0002230 secs]
861.059: [GC (Allocation Failure) 35800K->435K(77312K), 0.0002150 secs]
861.097: [GC (Allocation Failure) 34628K->435K(76160K), 0.0002210 secs]
861.111: [GC (Allocation Failure) 33456K->435K(75072K), 0.0002030 secs]
861.136: [GC (Allocation Failure) 32382K->435K(74048K), 0.0002130 secs]
861.186: [GC (Allocation Failure) 31405K->435K(73088K), 0.0002040 secs]
861.244: [GC (Allocation Failure) 30428K->435K(72128K), 0.0002250 secs]
861.256: [GC (Allocation Failure) 29451K->435K(71232K), 0.0002070 secs]
861.339: [GC (Allocation Failure) 28572K->435K(70400K), 0.0002130 secs]
861.355: [GC (Allocation Failure) 27693K->435K(69568K), 0.0002200 secs]
861.371: [GC (Allocation Failure) 26912K->435K(68800K), 0.0002100 secs]
861.388: [GC (Allocation Failure) 26131K->435K(68032K), 0.0002150 secs]
861.404: [GC (Allocation Failure) 25349K->435K(67328K), 0.0002030 secs]
861.414: [GC (Allocation Failure) 24662K->435K(72192K), 0.0002290 secs]
861.431: [GC (Allocation Failure) 29549K->435K(78016K), 0.0002110 secs]
861.488: [GC (Allocation Failure) 35312K->435K(76864K), 0.0002750 secs]
861.642: [GC (Allocation Failure) 34140K->435K(75776K), 0.0002240 secs]
861.656: [GC (Allocation Failure) 33065K->435K(74688K), 0.0002120 secs]
861.691: [GC (Allocation Failure) 31991K->435K(73664K), 0.0002260 secs]
861.709: [GC (Allocation Failure) 31014K->435K(72704K), 0.0002220 secs]
861.727: [GC (Allocation Failure) 30038K->435K(71808K), 0.0002180 secs]
861.790: [GC (Allocation Failure) 29158K->435K(70912K), 0.0002180 secs]
861.802: [GC (Allocation Failure) 28182K->435K(76480K), 0.0002570 secs]
861.817: [GC (Allocation Failure) 33749K->435K(83200K), 0.0002040 secs]
861.838: [GC (Allocation Failure) 40488K->435K(91264K), 0.0002110 secs]
861.863: [GC (Allocation Failure) 48595K->435K(89472K), 0.0002000 secs]
861.883: [GC (Allocation Failure) 46739K->435K(87808K), 0.0002130 secs]
861.947: [GC (Allocation Failure) 45079K->435K(86208K), 0.0002210 secs]
861.970: [GC (Allocation Failure) 43516K->435K(84672K), 0.0002020 secs]
861.992: [GC (Allocation Failure) 41953K->435K(83200K), 0.0002810 secs]
862.010: [GC (Allocation Failure) 40488K->435K(81792K), 0.0002710 secs]
862.046: [GC (Allocation Failure) 39121K->435K(80448K), 0.0002350 secs]
862.062: [GC (Allocation Failure) 37754K->435K(79168K), 0.0002150 secs]
862.078: [GC (Allocation Failure) 36484K->435K(77952K), 0.0002030 secs]
862.147: [GC (Allocation Failure) 35312K->435K(76800K), 0.0002030 secs]
862.169: [GC (Allocation Failure) 34140K->435K(75712K), 0.0002090 secs]
862.183: [GC (Allocation Failure) 33065K->435K(74624K), 0.0002160 secs]
862.201: [GC (Allocation Failure) 31893K->435K(73600K), 0.0002120 secs]
862.214: [GC (Allocation Failure) 30917K->435K(79744K), 0.0002130 secs]
862.230: [GC (Allocation Failure) 37070K->435K(87104K), 0.0002110 secs]
862.293: [GC (Allocation Failure) 44395K->435K(85504K), 0.0002110 secs]
862.316: [GC (Allocation Failure) 42833K->435K(83968K), 0.0002030 secs]
862.334: [GC (Allocation Failure) 41270K->435K(82560K), 0.0002130 secs]
862.358: [GC (Allocation Failure) 39902K->435K(81216K), 0.0002090 secs]
862.376: [GC (Allocation Failure) 38535K->435K(79936K), 0.0002170 secs]
862.421: [GC (Allocation Failure) 37265K->435K(78656K), 0.0002160 secs]
862.441: [GC (Allocation Failure) 35996K->435K(77440K), 0.0002080 secs]
862.456: [GC (Allocation Failure) 34726K->435K(76288K), 0.0002040 secs]
862.539: [GC (Allocation Failure) 33554K->435K(75200K), 0.0002150 secs]
862.557: [GC (Allocation Failure) 32479K->435K(74176K), 0.0002150 secs]
862.571: [GC (Allocation Failure) 31503K->435K(73152K), 0.0002020 secs]
862.592: [GC (Allocation Failure) 30428K->435K(72192K), 0.0002390 secs]
862.605: [GC (Allocation Failure) 29549K->435K(78016K), 0.0002680 secs]
862.644: [GC (Allocation Failure) 35312K->435K(76864K), 0.0002100 secs]
862.663: [GC (Allocation Failure) 34140K->435K(75776K), 0.0002020 secs]
862.677: [GC (Allocation Failure) 33065K->435K(82368K), 0.0002190 secs]
862.698: [GC (Allocation Failure) 39707K->435K(90240K), 0.0002280 secs]
862.783: [GC (Allocation Failure) 47521K->435K(88512K), 0.0002230 secs]
862.803: [GC (Allocation Failure) 45860K->435K(86848K), 0.0002020 secs]
862.898: [GC (Allocation Failure) 44200K->435K(85312K), 0.0002220 secs]
862.916: [GC (Allocation Failure) 42637K->435K(83840K), 0.0002030 secs]
862.943: [GC (Allocation Failure) 41172K->435K(82432K), 0.0002010 secs]
863.096: [GC (Allocation Failure) 39707K->435K(81088K), 0.0002120 secs]
863.117: [GC (Allocation Failure) 38437K->435K(79808K), 0.0002010 secs]
863.166: [GC (Allocation Failure) 37168K->435K(78592K), 0.0002300 secs]
863.182: [GC (Allocation Failure) 35898K->435K(77376K), 0.0002140 secs]
863.197: [GC (Allocation Failure) 34726K->435K(76224K), 0.0002730 secs]
863.245: [GC (Allocation Failure) 33554K->435K(75136K), 0.0002230 secs]
863.259: [GC (Allocation Failure) 32479K->435K(74112K), 0.0002060 secs]
863.346: [GC (Allocation Failure) 31405K->435K(73152K), 0.0002150 secs]
863.360: [GC (Allocation Failure) 30428K->435K(72192K), 0.0002040 secs]
863.376: [GC (Allocation Failure) 29549K->435K(71296K), 0.0002110 secs]
863.388: [GC (Allocation Failure) 28572K->435K(76992K), 0.0002020 secs]
863.403: [GC (Allocation Failure) 34335K->435K(83776K), 0.0002130 secs]
863.453: [GC (Allocation Failure) 41074K->435K(82368K), 0.0002160 secs]
863.470: [GC (Allocation Failure) 39707K->435K(81024K), 0.0001970 secs]
863.492: [GC (Allocation Failure) 38340K->435K(79744K), 0.0002270 secs]
863.508: [GC (Allocation Failure) 37070K->435K(78528K), 0.0002030 secs]
863.545: [GC (Allocation Failure) 35800K->435K(77312K), 0.0002110 secs]
863.560: [GC (Allocation Failure) 34628K->435K(76160K), 0.0002140 secs]
863.651: [GC (Allocation Failure) 33456K->435K(75072K), 0.0002090 secs]
863.668: [GC (Allocation Failure) 32382K->435K(74048K), 0.0002040 secs]
863.686: [GC (Allocation Failure) 31405K->435K(73088K), 0.0002200 secs]
863.703: [GC (Allocation Failure) 30428K->435K(72128K), 0.0002110 secs]
863.789: [GC (Allocation Failure) 29451K->435K(71232K), 0.0002740 secs]
863.942: [GC (Allocation Failure) 28572K->435K(70400K), 0.0002120 secs]
863.958: [GC (Allocation Failure) 27693K->435K(69568K), 0.0002090 secs]
863.974: [GC (Allocation Failure) 26912K->435K(68800K), 0.0002310 secs]
863.989: [GC (Allocation Failure) 26131K->435K(68032K), 0.0002020 secs]
864.004: [GC (Allocation Failure) 25349K->435K(67328K), 0.0002120 secs]
864.015: [GC (Allocation Failure) 24662K->435K(72192K), 0.0002270 secs]
864.032: [GC (Allocation Failure) 29549K->435K(78016K), 0.0002000 secs]
864.051: [GC (Allocation Failure) 35312K->435K(85056K), 0.0002810 secs]
864.074: [GC (Allocation Failure) 42344K->435K(93504K), 0.0002160 secs]
864.096: [GC (Allocation Failure) 50846K->435K(103616K), 0.0002030 secs]
864.253: [GC (Allocation Failure) 60906K->435K(101248K), 0.0002030 secs]
864.336: [GC (Allocation Failure) 58562K->435K(99008K), 0.0002040 secs]
864.362: [GC (Allocation Failure) 56315K->435K(96896K), 0.0002060 secs]
864.404: [GC (Allocation Failure) 54166K->435K(94848K), 0.0002080 secs]
864.431: [GC (Allocation Failure) 52115K->435K(92928K), 0.0002040 secs]
864.453: [GC (Allocation Failure) 50260K->435K(91072K), 0.0002150 secs]
864.500: [GC (Allocation Failure) 48400K->435K(89280K), 0.0002290 secs]
864.520: [GC (Allocation Failure) 46642K->435K(87616K), 0.0002170 secs]
864.600: [GC (Allocation Failure) 44884K->435K(86016K), 0.0002240 secs]
864.623: [GC (Allocation Failure) 43321K->435K(84480K), 0.0002020 secs]
864.645: [GC (Allocation Failure) 41758K->435K(83008K), 0.0002840 secs]
864.662: [GC (Allocation Failure) 40293K->435K(81600K), 0.0002020 secs]
864.698: [GC (Allocation Failure) 38926K->435K(80256K), 0.0002140 secs]
864.714: [GC (Allocation Failure) 37558K->435K(78976K), 0.0002020 secs]
864.730: [GC (Allocation Failure) 36289K->435K(77760K), 0.0002000 secs]
864.745: [GC (Allocation Failure) 35116K->435K(76608K), 0.0002020 secs]
864.760: [GC (Allocation Failure) 33944K->435K(83328K), 0.0002030 secs]
864.781: [GC (Allocation Failure) 40684K->435K(81920K), 0.0002010 secs]
864.802: [GC (Allocation Failure) 39219K->435K(80576K), 0.0002020 secs]
864.823: [GC (Allocation Failure) 37851K->435K(79296K), 0.0002150 secs]
864.840: [GC (Allocation Failure) 36582K->435K(78080K), 0.0002060 secs]
864.897: [GC (Allocation Failure) 35409K->435K(76928K), 0.0002140 secs]
864.912: [GC (Allocation Failure) 34237K->435K(75840K), 0.0002180 secs]
864.927: [GC (Allocation Failure) 33163K->435K(74752K), 0.0002020 secs]
864.973: [GC (Allocation Failure) 32089K->435K(73728K), 0.0002230 secs]
864.986: [GC (Allocation Failure) 31014K->435K(72768K), 0.0002130 secs]
864.999: [GC (Allocation Failure) 30038K->435K(78720K), 0.0002130 secs]
865.143: [GC (Allocation Failure) 35996K->435K(77504K), 0.0002040 secs]
865.193: [GC (Allocation Failure) 34823K->435K(76352K), 0.0002040 secs]
865.243: [GC (Allocation Failure) 33651K->435K(75264K), 0.0002240 secs]
865.261: [GC (Allocation Failure) 32577K->435K(74240K), 0.0002120 secs]
865.278: [GC (Allocation Failure) 31600K->435K(73216K), 0.0002170 secs]
865.441: [GC (Allocation Failure) 30526K->435K(72256K), 0.0002040 secs]
865.495: [GC (Allocation Failure) 29549K->435K(71360K), 0.0002160 secs]
865.512: [GC (Allocation Failure) 28670K->435K(70464K), 0.0002020 secs]
865.541: [GC (Allocation Failure) 27791K->435K(69632K), 0.0002760 secs]
865.647: [GC (Allocation Failure) 26912K->435K(68864K), 0.0002740 secs]
865.665: [GC (Allocation Failure) 26131K->435K(68096K), 0.0002160 secs]
865.677: [GC (Allocation Failure) 25447K->435K(67392K), 0.0002290 secs]
865.691: [GC (Allocation Failure) 24662K->435K(72256K), 0.0002120 secs]
865.746: [GC (Allocation Failure) 29549K->435K(71360K), 0.0002060 secs]
865.762: [GC (Allocation Failure) 28670K->435K(77056K), 0.0002930 secs]
865.794: [GC (Allocation Failure) 34335K->435K(75904K), 0.0002030 secs]
866.044: [GC (Allocation Failure) 33261K->435K(74816K), 0.0002080 secs]
866.062: [GC (Allocation Failure) 32089K->435K(73792K), 0.0002720 secs]
866.076: [GC (Allocation Failure) 31112K->435K(72832K), 0.0002140 secs]
866.093: [GC (Allocation Failure) 30135K->435K(78784K), 0.0002150 secs]
866.112: [GC (Allocation Failure) 36093K->435K(77568K), 0.0002020 secs]
866.130: [GC (Allocation Failure) 34921K->435K(76416K), 0.0002100 secs]
866.148: [GC (Allocation Failure) 33749K->435K(75328K), 0.0002020 secs]
866.162: [GC (Allocation Failure) 32675K->435K(81792K), 0.0002070 secs]
866.183: [GC (Allocation Failure) 39121K->435K(89536K), 0.0002110 secs]
866.291: [GC (Allocation Failure) 46837K->435K(87872K), 0.0002120 secs]
866.315: [GC (Allocation Failure) 45177K->435K(86272K), 0.0002010 secs]
866.333: [GC (Allocation Failure) 43614K->435K(84736K), 0.0002050 secs]
866.358: [GC (Allocation Failure) 42051K->435K(83264K), 0.0002040 secs]
866.380: [GC (Allocation Failure) 40586K->435K(81856K), 0.0002110 secs]
866.401: [GC (Allocation Failure) 39219K->435K(80512K), 0.0002020 secs]
866.422: [GC (Allocation Failure) 37851K->435K(79232K), 0.0002120 secs]
866.438: [GC (Allocation Failure) 36582K->435K(78016K), 0.0002000 secs]
866.453: [GC (Allocation Failure) 35312K->435K(76864K), 0.0002040 secs]
866.468: [GC (Allocation Failure) 34140K->435K(83648K), 0.0002020 secs]
866.579: [GC (Allocation Failure) 40977K->435K(82240K), 0.0002080 secs]
866.596: [GC (Allocation Failure) 39512K->435K(80896K), 0.0002150 secs]
866.612: [GC (Allocation Failure) 38242K->435K(79616K), 0.0002000 secs]
866.646: [GC (Allocation Failure) 36972K->435K(78400K), 0.0002220 secs]
866.662: [GC (Allocation Failure) 35702K->435K(77248K), 0.0002040 secs]
866.676: [GC (Allocation Failure) 34530K->435K(76096K), 0.0002140 secs]
866.695: [GC (Allocation Failure) 33456K->435K(75008K), 0.0002160 secs]
866.748: [GC (Allocation Failure) 32284K->435K(73984K), 0.0002380 secs]
866.762: [GC (Allocation Failure) 31307K->435K(73024K), 0.0002030 secs]
866.798: [GC (Allocation Failure) 30331K->435K(72064K), 0.0002220 secs]
866.811: [GC (Allocation Failure) 29354K->435K(71168K), 0.0002160 secs]
866.850: [GC (Allocation Failure) 28475K->435K(70336K), 0.0002130 secs]
866.897: [GC (Allocation Failure) 27693K->435K(69504K), 0.0002400 secs]
866.909: [GC (Allocation Failure) 26814K->435K(74816K), 0.0002700 secs]
866.948: [GC (Allocation Failure) 32089K->435K(73792K), 0.0002220 secs]
866.962: [GC (Allocation Failure) 31112K->435K(79936K), 0.0002150 secs]
866.978: [GC (Allocation Failure) 37265K->435K(87360K), 0.0002060 secs]
867.150: [GC (Allocation Failure) 44688K->435K(85760K), 0.0002040 secs]
867.172: [GC (Allocation Failure) 43028K->435K(84224K), 0.0002710 secs]
867.194: [GC (Allocation Failure) 41563K->435K(82752K), 0.0002020 secs]
867.211: [GC (Allocation Failure) 40098K->435K(81344K), 0.0002140 secs]
867.228: [GC (Allocation Failure) 38633K->435K(80000K), 0.0002120 secs]
867.249: [GC (Allocation Failure) 37363K->435K(78720K), 0.0002160 secs]
867.265: [GC (Allocation Failure) 35996K->435K(77504K), 0.0002050 secs]
867.281: [GC (Allocation Failure) 34823K->435K(84416K), 0.0002130 secs]
867.360: [GC (Allocation Failure) 41758K->435K(82944K), 0.0002100 secs]
867.377: [GC (Allocation Failure) 40293K->435K(81536K), 0.0002160 secs]
867.402: [GC (Allocation Failure) 38828K->435K(80192K), 0.0002210 secs]
867.422: [GC (Allocation Failure) 37461K->435K(78912K), 0.0002290 secs]
867.438: [GC (Allocation Failure) 36191K->435K(77696K), 0.0002140 secs]
867.457: [GC (Allocation Failure) 35019K->435K(76544K), 0.0002120 secs]
867.471: [GC (Allocation Failure) 33847K->435K(83264K), 0.0002140 secs]
867.489: [GC (Allocation Failure) 40586K->435K(91328K), 0.0002030 secs]
867.510: [GC (Allocation Failure) 48595K->435K(89536K), 0.0002030 secs]
867.551: [GC (Allocation Failure) 46837K->435K(87872K), 0.0002100 secs]
867.575: [GC (Allocation Failure) 45177K->435K(86272K), 0.0002040 secs]
867.669: [GC (Allocation Failure) 43614K->435K(84736K), 0.0002160 secs]
867.691: [GC (Allocation Failure) 42051K->435K(83264K), 0.0002090 secs]
867.713: [GC (Allocation Failure) 40586K->435K(81856K), 0.0002140 secs]
867.766: [GC (Allocation Failure) 39219K->435K(80512K), 0.0002260 secs]
867.786: [GC (Allocation Failure) 37851K->435K(79232K), 0.0002000 secs]
867.803: [GC (Allocation Failure) 36582K->435K(78016K), 0.0002020 secs]
867.851: [GC (Allocation Failure) 35312K->435K(76864K), 0.0002210 secs]
867.870: [GC (Allocation Failure) 34140K->435K(75776K), 0.0002710 secs]
867.884: [GC (Allocation Failure) 33065K->435K(74688K), 0.0002150 secs]
867.972: [GC (Allocation Failure) 31991K->435K(73664K), 0.0002250 secs]
867.986: [GC (Allocation Failure) 31014K->435K(72704K), 0.0002120 secs]
868.046: [GC (Allocation Failure) 30038K->435K(71808K), 0.0002250 secs]
868.063: [GC (Allocation Failure) 29158K->435K(70912K), 0.0002030 secs]
868.075: [GC (Allocation Failure) 28182K->435K(70080K), 0.0002180 secs]
868.148: [GC (Allocation Failure) 27400K->435K(69248K), 0.0002360 secs]
868.164: [GC (Allocation Failure) 26521K->435K(68480K), 0.0002070 secs]
868.176: [GC (Allocation Failure) 25838K->435K(73600K), 0.0002180 secs]
868.194: [GC (Allocation Failure) 30917K->435K(79744K), 0.0002020 secs]
868.214: [GC (Allocation Failure) 37070K->435K(87104K), 0.0002150 secs]
868.233: [GC (Allocation Failure) 44395K->435K(85504K), 0.0002130 secs]
868.305: [GC (Allocation Failure) 42833K->435K(83968K), 0.0002810 secs]
868.323: [GC (Allocation Failure) 41270K->435K(82560K), 0.0002130 secs]
868.358: [GC (Allocation Failure) 39902K->435K(81216K), 0.0002130 secs]
868.375: [GC (Allocation Failure) 38535K->435K(79936K), 0.0002150 secs]
868.391: [GC (Allocation Failure) 37265K->435K(78656K), 0.0002020 secs]
868.411: [GC (Allocation Failure) 35996K->435K(77440K), 0.0002720 secs]
868.430: [GC (Allocation Failure) 34726K->435K(76288K), 0.0002320 secs]
868.450: [GC (Allocation Failure) 33554K->435K(75200K), 0.0002040 secs]
868.464: [GC (Allocation Failure) 32479K->435K(81664K), 0.0002590 secs]
868.482: [GC (Allocation Failure) 39023K->435K(89408K), 0.0002160 secs]
868.506: [GC (Allocation Failure) 46739K->435K(98688K), 0.0002160 secs]
868.567: [GC (Allocation Failure) 56022K->435K(96576K), 0.0002020 secs]
868.595: [GC (Allocation Failure) 53873K->435K(94528K), 0.0002030 secs]
868.617: [GC (Allocation Failure) 51822K->435K(92608K), 0.0002740 secs]
868.659: [GC (Allocation Failure) 49967K->435K(90752K), 0.0002220 secs]
868.680: [GC (Allocation Failure) 48107K->435K(89024K), 0.0002030 secs]
868.703: [GC (Allocation Failure) 46349K->435K(87360K), 0.0002120 secs]
868.726: [GC (Allocation Failure) 44688K->435K(85760K), 0.0002150 secs]
868.745: [GC (Allocation Failure) 43028K->435K(84224K), 0.0002050 secs]
868.763: [GC (Allocation Failure) 41563K->435K(82752K), 0.0002020 secs]
868.783: [GC (Allocation Failure) 40098K->435K(81344K), 0.0001980 secs]
868.804: [GC (Allocation Failure) 38633K->435K(80000K), 0.0002160 secs]
868.820: [GC (Allocation Failure) 37363K->435K(78720K), 0.0002170 secs]
868.899: [GC (Allocation Failure) 35996K->435K(77504K), 0.0002120 secs]
868.918: [GC (Allocation Failure) 34823K->435K(76352K), 0.0002220 secs]
868.948: [GC (Allocation Failure) 33651K->435K(75264K), 0.0002140 secs]
868.962: [GC (Allocation Failure) 32577K->435K(74240K), 0.0002030 secs]
868.976: [GC (Allocation Failure) 31600K->435K(73216K), 0.0002020 secs]
868.993: [GC (Allocation Failure) 30526K->435K(72256K), 0.0002010 secs]
869.006: [GC (Allocation Failure) 29549K->435K(78144K), 0.0002150 secs]
869.049: [GC (Allocation Failure) 35409K->435K(76992K), 0.0002120 secs]
869.165: [GC (Allocation Failure) 34335K->435K(75904K), 0.0002130 secs]
869.183: [GC (Allocation Failure) 33261K->435K(74816K), 0.0002040 secs]
869.197: [GC (Allocation Failure) 32089K->435K(73792K), 0.0002150 secs]
869.242: [GC (Allocation Failure) 31112K->435K(72832K), 0.0001950 secs]
869.255: [GC (Allocation Failure) 30135K->435K(71872K), 0.0002080 secs]
869.272: [GC (Allocation Failure) 29158K->435K(77632K), 0.0002730 secs]
869.291: [GC (Allocation Failure) 34921K->435K(84544K), 0.0002220 secs]
869.356: [GC (Allocation Failure) 41856K->435K(83072K), 0.0002160 secs]
869.378: [GC (Allocation Failure) 40391K->435K(81664K), 0.0002020 secs]
869.402: [GC (Allocation Failure) 39023K->435K(80320K), 0.0002140 secs]
869.500: [GC (Allocation Failure) 37656K->435K(79040K), 0.0002050 secs]
869.550: [GC (Allocation Failure) 36386K->435K(77824K), 0.0002140 secs]
869.565: [GC (Allocation Failure) 35116K->435K(76672K), 0.0002030 secs]
869.603: [GC (Allocation Failure) 33944K->435K(75584K), 0.0002220 secs]
869.617: [GC (Allocation Failure) 32870K->435K(74560K), 0.0002040 secs]
869.634: [GC (Allocation Failure) 31893K->435K(73536K), 0.0002000 secs]
869.651: [GC (Allocation Failure) 30819K->435K(72576K), 0.0002040 secs]
869.667: [GC (Allocation Failure) 29842K->435K(71680K), 0.0002070 secs]
869.680: [GC (Allocation Failure) 28963K->435K(77440K), 0.0002170 secs]
869.704: [GC (Allocation Failure) 34726K->435K(84352K), 0.0002400 secs]
869.723: [GC (Allocation Failure) 41660K->435K(92608K), 0.0002170 secs]
869.745: [GC (Allocation Failure) 49967K->435K(90752K), 0.0002030 secs]
869.805: [GC (Allocation Failure) 48107K->435K(89024K), 0.0002120 secs]
869.829: [GC (Allocation Failure) 46349K->435K(87360K), 0.0002110 secs]
869.853: [GC (Allocation Failure) 44688K->435K(85760K), 0.0002000 secs]
869.872: [GC (Allocation Failure) 43028K->435K(84224K), 0.0002150 secs]
869.890: [GC (Allocation Failure) 41563K->435K(82752K), 0.0002020 secs]
869.911: [GC (Allocation Failure) 40098K->435K(81344K), 0.0002000 secs]
869.932: [GC (Allocation Failure) 38633K->435K(80000K), 0.0002720 secs]
869.948: [GC (Allocation Failure) 37363K->435K(78720K), 0.0002260 secs]
869.968: [GC (Allocation Failure) 35996K->435K(77504K), 0.0002110 secs]
870.054: [GC (Allocation Failure) 34823K->435K(76352K), 0.0002140 secs]
870.069: [GC (Allocation Failure) 33651K->435K(75264K), 0.0002150 secs]
870.103: [GC (Allocation Failure) 32577K->435K(74240K), 0.0002390 secs]
870.122: [GC (Allocation Failure) 31600K->435K(73216K), 0.0002380 secs]
870.148: [GC (Allocation Failure) 30526K->435K(72256K), 0.0002090 secs]
870.163: [GC (Allocation Failure) 29549K->435K(71360K), 0.0002120 secs]
870.175: [GC (Allocation Failure) 28670K->435K(77056K), 0.0002030 secs]
870.200: [GC (Allocation Failure) 34335K->435K(75904K), 0.0002250 secs]
870.218: [GC (Allocation Failure) 33261K->435K(74816K), 0.0002110 secs]
870.353: [GC (Allocation Failure) 32089K->435K(73792K), 0.0002060 secs]
870.366: [GC (Allocation Failure) 31112K->435K(72832K), 0.0002270 secs]
870.399: [GC (Allocation Failure) 30135K->435K(71872K), 0.0002260 secs]
870.416: [GC (Allocation Failure) 29158K->435K(70976K), 0.0002010 secs]
870.431: [GC (Allocation Failure) 28279K->435K(70144K), 0.0002160 secs]
870.448: [GC (Allocation Failure) 27498K->435K(69312K), 0.0002080 secs]
870.459: [GC (Allocation Failure) 26619K->435K(74560K), 0.0002170 secs]
870.503: [GC (Allocation Failure) 31893K->435K(73536K), 0.0002210 secs]
870.521: [GC (Allocation Failure) 30819K->435K(72576K), 0.0002080 secs]
870.648: [GC (Allocation Failure) 29842K->435K(71680K), 0.0002220 secs]
870.665: [GC (Allocation Failure) 28963K->435K(70784K), 0.0002120 secs]
870.748: [GC (Allocation Failure) 28084K->435K(69952K), 0.0002030 secs]
870.770: [GC (Allocation Failure) 27303K->435K(69120K), 0.0002030 secs]
870.801: [GC (Allocation Failure) 26424K->435K(68352K), 0.0002100 secs]
870.813: [GC (Allocation Failure) 25642K->435K(67584K), 0.0002160 secs]
870.827: [GC (Allocation Failure) 24857K->435K(66880K), 0.0002100 secs]
870.848: [GC (Allocation Failure) 24173K->435K(71680K), 0.0002590 secs]
870.874: [GC (Allocation Failure) 28963K->435K(70784K), 0.0002160 secs]
870.948: [GC (Allocation Failure) 28084K->435K(69952K), 0.0002130 secs]
870.960: [GC (Allocation Failure) 27303K->435K(69120K), 0.0002130 secs]
870.975: [GC (Allocation Failure) 26424K->435K(74368K), 0.0002110 secs]
871.050: [GC (Allocation Failure) 31698K->435K(73344K), 0.0002040 secs]
871.111: [GC (Allocation Failure) 30624K->435K(72384K), 0.0002230 secs]
871.124: [GC (Allocation Failure) 29745K->435K(71488K), 0.0002170 secs]
871.167: [GC (Allocation Failure) 28768K->435K(70592K), 0.0002200 secs]
871.183: [GC (Allocation Failure) 27889K->435K(69760K), 0.0002260 secs]
871.199: [GC (Allocation Failure) 27107K->435K(75136K), 0.0002710 secs]
871.213: [GC (Allocation Failure) 32479K->435K(81600K), 0.0002040 secs]
871.303: [GC (Allocation Failure) 38926K->435K(80256K), 0.0002130 secs]
871.323: [GC (Allocation Failure) 37558K->435K(78976K), 0.0002000 secs]
871.343: [GC (Allocation Failure) 36289K->435K(77760K), 0.0002110 secs]
871.378: [GC (Allocation Failure) 35116K->435K(76608K), 0.0002020 secs]
871.397: [GC (Allocation Failure) 33944K->435K(75520K), 0.0002730 secs]
871.411: [GC (Allocation Failure) 32870K->435K(74496K), 0.0002150 secs]
871.501: [GC (Allocation Failure) 31796K->435K(73472K), 0.0002270 secs]
871.514: [GC (Allocation Failure) 30819K->435K(72512K), 0.0002120 secs]
871.572: [GC (Allocation Failure) 29842K->435K(71616K), 0.0002240 secs]
871.587: [GC (Allocation Failure) 28963K->435K(70720K), 0.0002080 secs]
871.599: [GC (Allocation Failure) 27986K->435K(76288K), 0.0002010 secs]
871.655: [GC (Allocation Failure) 33554K->435K(75200K), 0.0002060 secs]
871.668: [GC (Allocation Failure) 32479K->435K(81664K), 0.0002780 secs]
871.704: [GC (Allocation Failure) 39023K->435K(80320K), 0.0002270 secs]
871.721: [GC (Allocation Failure) 37656K->435K(79040K), 0.0002040 secs]
871.741: [GC (Allocation Failure) 36386K->435K(77824K), 0.0002100 secs]
871.759: [GC (Allocation Failure) 35116K->435K(76672K), 0.0002130 secs]
871.802: [GC (Allocation Failure) 33944K->435K(75584K), 0.0002050 secs]
871.855: [GC (Allocation Failure) 32870K->435K(74560K), 0.0002240 secs]
871.870: [GC (Allocation Failure) 31893K->435K(73536K), 0.0002150 secs]
871.883: [GC (Allocation Failure) 30819K->435K(72576K), 0.0002020 secs]
871.904: [GC (Allocation Failure) 29842K->435K(71680K), 0.0002230 secs]
871.917: [GC (Allocation Failure) 28963K->435K(77440K), 0.0002140 secs]
871.931: [GC (Allocation Failure) 34726K->435K(84352K), 0.0002030 secs]
871.956: [GC (Allocation Failure) 41660K->435K(92608K), 0.0002170 secs]
871.980: [GC (Allocation Failure) 49967K->435K(90752K), 0.0002130 secs]
872.068: [GC (Allocation Failure) 48107K->435K(89024K), 0.0002140 secs]
872.088: [GC (Allocation Failure) 46349K->435K(87360K), 0.0002140 secs]
872.107: [GC (Allocation Failure) 44688K->435K(85760K), 0.0002160 secs]
872.130: [GC (Allocation Failure) 43028K->435K(84224K), 0.0002150 secs]
872.152: [GC (Allocation Failure) 41563K->435K(82752K), 0.0002010 secs]
872.170: [GC (Allocation Failure) 40098K->435K(81344K), 0.0002190 secs]
872.209: [GC (Allocation Failure) 38633K->435K(80000K), 0.0002370 secs]
872.225: [GC (Allocation Failure) 37363K->435K(78720K), 0.0002030 secs]
872.244: [GC (Allocation Failure) 35996K->435K(77504K), 0.0002190 secs]
872.353: [GC (Allocation Failure) 34823K->435K(76352K), 0.0002150 secs]
872.373: [GC (Allocation Failure) 33651K->435K(75264K), 0.0002740 secs]
872.404: [GC (Allocation Failure) 32577K->435K(74240K), 0.0002200 secs]
872.422: [GC (Allocation Failure) 31600K->435K(73216K), 0.0002030 secs]
872.436: [GC (Allocation Failure) 30526K->435K(72256K), 0.0002030 secs]
872.495: [GC (Allocation Failure) 29549K->435K(71360K), 0.0002260 secs]
872.508: [GC (Allocation Failure) 28670K->435K(70464K), 0.0002040 secs]
872.524: [GC (Allocation Failure) 27791K->435K(69632K), 0.0002130 secs]
872.538: [GC (Allocation Failure) 26912K->435K(74944K), 0.0002140 secs]
872.553: [GC (Allocation Failure) 32284K->435K(81344K), 0.0002180 secs]
872.569: [GC (Allocation Failure) 38633K->435K(89024K), 0.0002030 secs]
872.613: [GC (Allocation Failure) 46349K->435K(87360K), 0.0002240 secs]
872.637: [GC (Allocation Failure) 44688K->435K(85760K), 0.0002290 secs]
872.657: [GC (Allocation Failure) 43028K->435K(84224K), 0.0002170 secs]
872.710: [GC (Allocation Failure) 41563K->435K(82752K), 0.0002190 secs]
872.728: [GC (Allocation Failure) 40098K->435K(81344K), 0.0002020 secs]
872.755: [GC (Allocation Failure) 38633K->435K(80000K), 0.0002030 secs]
872.809: [GC (Allocation Failure) 37363K->435K(78720K), 0.0002100 secs]
872.824: [GC (Allocation Failure) 35996K->435K(77504K), 0.0002020 secs]
872.870: [GC (Allocation Failure) 34823K->435K(76352K), 0.0002330 secs]
872.888: [GC (Allocation Failure) 33651K->435K(75264K), 0.0002120 secs]
872.907: [GC (Allocation Failure) 32577K->435K(74240K), 0.0002130 secs]
872.956: [GC (Allocation Failure) 31600K->435K(73216K), 0.0002010 secs]
872.970: [GC (Allocation Failure) 30526K->435K(72256K), 0.0002290 secs]
872.987: [GC (Allocation Failure) 29549K->435K(71360K), 0.0002110 secs]
873.005: [GC (Allocation Failure) 28670K->435K(70464K), 0.0002050 secs]
873.017: [GC (Allocation Failure) 27791K->435K(75968K), 0.0002170 secs]
873.036: [GC (Allocation Failure) 33261K->435K(82560K), 0.0002010 secs]
873.053: [GC (Allocation Failure) 39902K->435K(90496K), 0.0002740 secs]
873.113: [GC (Allocation Failure) 47814K->435K(88768K), 0.0002210 secs]
873.138: [GC (Allocation Failure) 46056K->435K(87104K), 0.0002140 secs]
873.157: [GC (Allocation Failure) 44395K->435K(85504K), 0.0002120 secs]
873.179: [GC (Allocation Failure) 42833K->435K(83968K), 0.0002130 secs]
873.197: [GC (Allocation Failure) 41270K->435K(82560K), 0.0002140 secs]
873.262: [GC (Allocation Failure) 39902K->435K(81216K), 0.0002220 secs]
873.279: [GC (Allocation Failure) 38535K->435K(79936K), 0.0002160 secs]
873.295: [GC (Allocation Failure) 37265K->435K(78656K), 0.0002150 secs]
873.359: [GC (Allocation Failure) 35996K->435K(77440K), 0.0002230 secs]
873.378: [GC (Allocation Failure) 34726K->435K(76288K), 0.0002140 secs]
873.396: [GC (Allocation Failure) 33554K->435K(75200K), 0.0002220 secs]
873.553: [GC (Allocation Failure) 32479K->435K(74176K), 0.0002640 secs]
873.572: [GC (Allocation Failure) 31503K->435K(73152K), 0.0002200 secs]
873.653: [GC (Allocation Failure) 30428K->435K(72192K), 0.0002260 secs]
873.670: [GC (Allocation Failure) 29549K->435K(71296K), 0.0002050 secs]
873.682: [GC (Allocation Failure) 28572K->435K(70400K), 0.0002260 secs]
873.695: [GC (Allocation Failure) 27693K->435K(75904K), 0.0002020 secs]
873.713: [GC (Allocation Failure) 33261K->435K(82496K), 0.0002220 secs]
873.861: [GC (Allocation Failure) 39805K->435K(81152K), 0.0002110 secs]
873.882: [GC (Allocation Failure) 38437K->435K(79872K), 0.0002050 secs]
873.898: [GC (Allocation Failure) 37168K->435K(78656K), 0.0002180 secs]
873.917: [GC (Allocation Failure) 35996K->435K(77440K), 0.0002000 secs]
873.937: [GC (Allocation Failure) 34726K->435K(76288K), 0.0002170 secs]
873.955: [GC (Allocation Failure) 33554K->435K(75200K), 0.0002120 secs]
874.008: [GC (Allocation Failure) 32479K->435K(74176K), 0.0002070 secs]
874.021: [GC (Allocation Failure) 31503K->435K(80448K), 0.0002740 secs]
874.062: [GC (Allocation Failure) 37754K->435K(79168K), 0.0002320 secs]
874.083: [GC (Allocation Failure) 36484K->435K(77952K), 0.0002320 secs]
874.160: [GC (Allocation Failure) 35312K->435K(76800K), 0.0002180 secs]
874.179: [GC (Allocation Failure) 34140K->435K(75712K), 0.0002150 secs]
874.209: [GC (Allocation Failure) 33065K->435K(74624K), 0.0002200 secs]
874.222: [GC (Allocation Failure) 31893K->435K(73600K), 0.0002400 secs]
874.258: [GC (Allocation Failure) 30917K->435K(72640K), 0.0002210 secs]
874.271: [GC (Allocation Failure) 29940K->435K(71744K), 0.0002030 secs]
874.283: [GC (Allocation Failure) 29061K->435K(77504K), 0.0002130 secs]
874.302: [GC (Allocation Failure) 34823K->435K(84416K), 0.0002120 secs]
874.325: [GC (Allocation Failure) 41758K->435K(92736K), 0.0002160 secs]
874.347: [GC (Allocation Failure) 50064K->435K(90880K), 0.0002090 secs]
874.387: [GC (Allocation Failure) 48204K->435K(89152K), 0.0002050 secs]
874.428: [GC (Allocation Failure) 46446K->435K(87488K), 0.0002120 secs]
874.449: [GC (Allocation Failure) 44786K->435K(85888K), 0.0001930 secs]
874.471: [GC (Allocation Failure) 43223K->435K(84352K), 0.0002170 secs]
874.490: [GC (Allocation Failure) 41660K->435K(82880K), 0.0002140 secs]
874.512: [GC (Allocation Failure) 40195K->435K(81472K), 0.0002220 secs]
874.533: [GC (Allocation Failure) 38828K->435K(80128K), 0.0002220 secs]
874.557: [GC (Allocation Failure) 37461K->435K(78848K), 0.0002220 secs]
874.576: [GC (Allocation Failure) 36191K->435K(77632K), 0.0002110 secs]
874.596: [GC (Allocation Failure) 34921K->435K(76480K), 0.0002110 secs]
874.614: [GC (Allocation Failure) 33749K->435K(75392K), 0.0002230 secs]
874.669: [GC (Allocation Failure) 32675K->435K(74368K), 0.0002130 secs]
874.686: [GC (Allocation Failure) 31698K->435K(73344K), 0.0002160 secs]
874.704: [GC (Allocation Failure) 30624K->435K(72384K), 0.0002110 secs]
874.758: [GC (Allocation Failure) 29745K->435K(71488K), 0.0002020 secs]
874.771: [GC (Allocation Failure) 28768K->435K(77184K), 0.0003220 secs]
874.810: [GC (Allocation Failure) 34530K->435K(76032K), 0.0002150 secs]
874.829: [GC (Allocation Failure) 33358K->435K(74944K), 0.0002010 secs]
874.859: [GC (Allocation Failure) 32284K->435K(73920K), 0.0002040 secs]
874.876: [GC (Allocation Failure) 31210K->435K(72960K), 0.0002040 secs]
874.892: [GC (Allocation Failure) 30233K->435K(72000K), 0.0002180 secs]
874.904: [GC (Allocation Failure) 29354K->435K(77824K), 0.0002030 secs]
875.010: [GC (Allocation Failure) 35116K->435K(76672K), 0.0002210 secs]
875.029: [GC (Allocation Failure) 33944K->435K(75584K), 0.0002150 secs]
875.044: [GC (Allocation Failure) 32870K->435K(74560K), 0.0002090 secs]
875.061: [GC (Allocation Failure) 31893K->435K(73536K), 0.0002100 secs]
875.105: [GC (Allocation Failure) 30819K->435K(72576K), 0.0002150 secs]
875.158: [GC (Allocation Failure) 29842K->435K(71680K), 0.0002270 secs]
875.171: [GC (Allocation Failure) 28963K->435K(70784K), 0.0002020 secs]
875.264: [GC (Allocation Failure) 28084K->435K(69952K), 0.0002150 secs]
875.280: [GC (Allocation Failure) 27303K->435K(69120K), 0.0002310 secs]
875.338: [GC (Allocation Failure) 26424K->435K(68352K), 0.0002640 secs]
875.407: [GC (Allocation Failure) 25642K->435K(67584K), 0.0002190 secs]
875.418: [GC (Allocation Failure) 24857K->435K(66880K), 0.0002160 secs]
875.453: [GC (Allocation Failure) 24173K->435K(66176K), 0.0002170 secs]
875.540: [GC (Allocation Failure) 23490K->435K(65536K), 0.0002580 secs]
875.556: [GC (Allocation Failure) 22806K->435K(64896K), 0.0002140 secs]
875.570: [GC (Allocation Failure) 22220K->435K(64320K), 0.0002120 secs]
875.583: [GC (Allocation Failure) 21634K->435K(68608K), 0.0002130 secs]
875.598: [GC (Allocation Failure) 25935K->435K(73728K), 0.0002280 secs]
875.657: [GC (Allocation Failure) 31014K->435K(72768K), 0.0002060 secs]
875.675: [GC (Allocation Failure) 30038K->435K(71808K), 0.0002120 secs]
875.687: [GC (Allocation Failure) 29158K->435K(77568K), 0.0002060 secs]
875.703: [GC (Allocation Failure) 34921K->435K(84480K), 0.0002040 secs]
875.720: [GC (Allocation Failure) 41758K->435K(92800K), 0.0002040 secs]
875.742: [GC (Allocation Failure) 50162K->435K(90944K), 0.0002040 secs]
875.863: [GC (Allocation Failure) 48302K->435K(89216K), 0.0002030 secs]
875.917: [GC (Allocation Failure) 46544K->435K(87552K), 0.0002220 secs]
875.940: [GC (Allocation Failure) 44884K->435K(85952K), 0.0002140 secs]
875.959: [GC (Allocation Failure) 43223K->435K(84416K), 0.0002130 secs]
875.976: [GC (Allocation Failure) 41758K->435K(82944K), 0.0002040 secs]
876.014: [GC (Allocation Failure) 40293K->435K(81536K), 0.0002110 secs]
876.035: [GC (Allocation Failure) 38828K->435K(80192K), 0.0002100 secs]
876.055: [GC (Allocation Failure) 37461K->435K(78912K), 0.0002090 secs]
876.159: [GC (Allocation Failure) 36191K->435K(77696K), 0.0002740 secs]
876.208: [GC (Allocation Failure) 35019K->435K(76544K), 0.0002130 secs]
876.227: [GC (Allocation Failure) 33847K->435K(75456K), 0.0002010 secs]
876.261: [GC (Allocation Failure) 32772K->435K(74432K), 0.0002740 secs]
876.275: [GC (Allocation Failure) 31698K->435K(73408K), 0.0002240 secs]
876.292: [GC (Allocation Failure) 30721K->435K(72448K), 0.0002120 secs]
876.305: [GC (Allocation Failure) 29745K->435K(78336K), 0.0002170 secs]
876.351: [GC (Allocation Failure) 35605K->435K(77184K), 0.0002170 secs]
876.366: [GC (Allocation Failure) 34530K->435K(76032K), 0.0002030 secs]
876.418: [GC (Allocation Failure) 33358K->435K(74944K), 0.0002980 secs]
876.464: [GC (Allocation Failure) 32284K->435K(73920K), 0.0002150 secs]
876.479: [GC (Allocation Failure) 31210K->435K(72960K), 0.0002740 secs]
876.494: [GC (Allocation Failure) 30233K->435K(78976K), 0.0002770 secs]
876.513: [GC (Allocation Failure) 36289K->435K(86208K), 0.0002120 secs]
876.537: [GC (Allocation Failure) 43516K->435K(84672K), 0.0002050 secs]
876.559: [GC (Allocation Failure) 41953K->435K(83200K), 0.0002210 secs]
876.615: [GC (Allocation Failure) 40488K->435K(81792K), 0.0002160 secs]
876.632: [GC (Allocation Failure) 39121K->435K(80448K), 0.0002170 secs]
876.653: [GC (Allocation Failure) 37754K->435K(79168K), 0.0002020 secs]
876.673: [GC (Allocation Failure) 36484K->435K(77952K), 0.0002160 secs]
876.692: [GC (Allocation Failure) 35312K->435K(76800K), 0.0002020 secs]
876.711: [GC (Allocation Failure) 34140K->435K(75712K), 0.0002110 secs]
876.726: [GC (Allocation Failure) 33065K->435K(74624K), 0.0002180 secs]
876.744: [GC (Allocation Failure) 31893K->435K(73600K), 0.0002100 secs]
876.772: [GC (Allocation Failure) 30917K->435K(72640K), 0.0002250 secs]
876.789: [GC (Allocation Failure) 29940K->435K(71744K), 0.0002130 secs]
876.858: [GC (Allocation Failure) 29061K->435K(70848K), 0.0002780 secs]
876.907: [GC (Allocation Failure) 28182K->435K(70016K), 0.0002290 secs]
876.922: [GC (Allocation Failure) 27303K->435K(69184K), 0.0002170 secs]
876.970: [GC (Allocation Failure) 26521K->435K(68416K), 0.0002980 secs]
877.059: [GC (Allocation Failure) 25740K->435K(67648K), 0.0002110 secs]
877.074: [GC (Allocation Failure) 24955K->435K(66944K), 0.0002170 secs]
877.109: [GC (Allocation Failure) 24271K->435K(66240K), 0.0002110 secs]
877.123: [GC (Allocation Failure) 23587K->435K(65600K), 0.0002140 secs]
877.134: [GC (Allocation Failure) 22903K->435K(70144K), 0.0002690 secs]
877.146: [GC (Allocation Failure) 27498K->435K(75584K), 0.0002100 secs]
877.309: [GC (Allocation Failure) 32870K->435K(74560K), 0.0002120 secs]
877.326: [GC (Allocation Failure) 31893K->435K(73536K), 0.0002080 secs]
877.412: [GC (Allocation Failure) 30819K->435K(72576K), 0.0002740 secs]
877.429: [GC (Allocation Failure) 29842K->435K(71680K), 0.0002020 secs]
877.457: [GC (Allocation Failure) 28963K->435K(70784K), 0.0002130 secs]
877.469: [GC (Allocation Failure) 28084K->435K(69952K), 0.0002030 secs]
877.611: [GC (Allocation Failure) 27303K->435K(69120K), 0.0002210 secs]
877.622: [GC (Allocation Failure) 26424K->435K(68352K), 0.0002140 secs]
877.665: [GC (Allocation Failure) 25642K->435K(67584K), 0.0002790 secs]
877.681: [GC (Allocation Failure) 24857K->435K(66880K), 0.0002150 secs]
877.695: [GC (Allocation Failure) 24173K->435K(71680K), 0.0002050 secs]
877.762: [GC (Allocation Failure) 28963K->435K(70784K), 0.0002120 secs]
877.778: [GC (Allocation Failure) 28084K->435K(69952K), 0.0002290 secs]
877.911: [GC (Allocation Failure) 27303K->435K(69120K), 0.0002100 secs]
877.923: [GC (Allocation Failure) 26424K->435K(68352K), 0.0002170 secs]
877.970: [GC (Allocation Failure) 25642K->435K(67584K), 0.0002040 secs]
878.006: [GC (Allocation Failure) 24857K->435K(66880K), 0.0002120 secs]
878.061: [GC (Allocation Failure) 24173K->435K(66176K), 0.0002230 secs]
878.071: [GC (Allocation Failure) 23490K->435K(65536K), 0.0002180 secs]
878.081: [GC (Allocation Failure) 22806K->435K(70080K), 0.0002040 secs]
878.166: [GC (Allocation Failure) 27400K->435K(69248K), 0.0002100 secs]
878.181: [GC (Allocation Failure) 26521K->435K(68480K), 0.0002280 secs]
878.207: [GC (Allocation Failure) 25838K->435K(67712K), 0.0002110 secs]
878.218: [GC (Allocation Failure) 25052K->435K(72640K), 0.0001960 secs]
878.231: [GC (Allocation Failure) 29940K->435K(78592K), 0.0002020 secs]
878.247: [GC (Allocation Failure) 35898K->435K(85696K), 0.0002120 secs]
878.318: [GC (Allocation Failure) 43028K->435K(84160K), 0.0002280 secs]
878.336: [GC (Allocation Failure) 41465K->435K(82688K), 0.0002130 secs]
878.358: [GC (Allocation Failure) 40000K->435K(81344K), 0.0002090 secs]
878.425: [GC (Allocation Failure) 38633K->435K(80000K), 0.0002160 secs]
878.441: [GC (Allocation Failure) 37363K->435K(78720K), 0.0002030 secs]
878.462: [GC (Allocation Failure) 35996K->435K(77504K), 0.0002150 secs]
878.481: [GC (Allocation Failure) 34823K->435K(76352K), 0.0002120 secs]
878.511: [GC (Allocation Failure) 33651K->435K(75264K), 0.0002120 secs]
878.525: [GC (Allocation Failure) 32577K->435K(74240K), 0.0002140 secs]
878.576: [GC (Allocation Failure) 31600K->435K(73216K), 0.0003340 secs]
878.590: [GC (Allocation Failure) 30526K->435K(72256K), 0.0002270 secs]
878.606: [GC (Allocation Failure) 29549K->435K(78144K), 0.0002110 secs]
878.670: [GC (Allocation Failure) 35409K->435K(76992K), 0.0002310 secs]
878.689: [GC (Allocation Failure) 34335K->435K(75904K), 0.0002140 secs]
878.705: [GC (Allocation Failure) 33261K->435K(74816K), 0.0002170 secs]
878.764: [GC (Allocation Failure) 32089K->435K(73792K), 0.0002150 secs]
878.778: [GC (Allocation Failure) 31112K->435K(72832K), 0.0002260 secs]
878.795: [GC (Allocation Failure) 30135K->435K(71872K), 0.0002010 secs]
878.808: [GC (Allocation Failure) 29158K->435K(77632K), 0.0002030 secs]
878.863: [GC (Allocation Failure) 34921K->435K(76480K), 0.0002070 secs]
878.911: [GC (Allocation Failure) 33749K->435K(75392K), 0.0002150 secs]
878.929: [GC (Allocation Failure) 32675K->435K(74368K), 0.0002040 secs]
879.060: [GC (Allocation Failure) 31698K->435K(73344K), 0.0002140 secs]
879.073: [GC (Allocation Failure) 30624K->435K(72384K), 0.0002140 secs]
879.090: [GC (Allocation Failure) 29745K->435K(71488K), 0.0002010 secs]
879.102: [GC (Allocation Failure) 28768K->435K(77184K), 0.0002390 secs]
879.117: [GC (Allocation Failure) 34530K->435K(84032K), 0.0002010 secs]
879.165: [GC (Allocation Failure) 41367K->435K(82624K), 0.0002150 secs]
879.186: [GC (Allocation Failure) 39902K->435K(81280K), 0.0002690 secs]
879.207: [GC (Allocation Failure) 38633K->435K(80000K), 0.0002090 secs]
879.223: [GC (Allocation Failure) 37363K->435K(78720K), 0.0002160 secs]
879.243: [GC (Allocation Failure) 35996K->435K(77504K), 0.0002110 secs]
879.259: [GC (Allocation Failure) 34823K->435K(76352K), 0.0002110 secs]
879.289: [GC (Allocation Failure) 33651K->435K(75264K), 0.0002210 secs]
879.316: [GC (Allocation Failure) 32577K->435K(74240K), 0.0002230 secs]
879.334: [GC (Allocation Failure) 31600K->435K(73216K), 0.0002890 secs]
879.348: [GC (Allocation Failure) 30526K->435K(79296K), 0.0002130 secs]
879.370: [GC (Allocation Failure) 36582K->435K(86592K), 0.0002330 secs]
879.389: [GC (Allocation Failure) 43907K->435K(95296K), 0.0002130 secs]
879.416: [GC (Allocation Failure) 52604K->435K(93312K), 0.0002100 secs]
879.438: [GC (Allocation Failure) 50650K->435K(91456K), 0.0002810 secs]
879.468: [GC (Allocation Failure) 48791K->435K(89664K), 0.0002130 secs]
879.492: [GC (Allocation Failure) 46935K->435K(87936K), 0.0002030 secs]
879.516: [GC (Allocation Failure) 45274K->435K(86336K), 0.0002010 secs]
879.534: [GC (Allocation Failure) 43614K->435K(84800K), 0.0002110 secs]
879.553: [GC (Allocation Failure) 42149K->435K(83328K), 0.0002010 secs]
879.574: [GC (Allocation Failure) 40684K->435K(81920K), 0.0002100 secs]
879.665: [GC (Allocation Failure) 39219K->435K(80576K), 0.0002270 secs]
879.681: [GC (Allocation Failure) 37851K->435K(79296K), 0.0002020 secs]
879.698: [GC (Allocation Failure) 36582K->435K(78080K), 0.0002000 secs]
879.763: [GC (Allocation Failure) 35409K->435K(76928K), 0.0002170 secs]
879.817: [GC (Allocation Failure) 34237K->435K(75840K), 0.0002130 secs]
879.835: [GC (Allocation Failure) 33163K->435K(74752K), 0.0002110 secs]
879.962: [GC (Allocation Failure) 32089K->435K(73728K), 0.0002040 secs]
880.012: [GC (Allocation Failure) 31014K->435K(72768K), 0.0002150 secs]
880.029: [GC (Allocation Failure) 30038K->435K(71808K), 0.0002090 secs]
880.041: [GC (Allocation Failure) 29158K->435K(70912K), 0.0002170 secs]
880.058: [GC (Allocation Failure) 28182K->435K(70080K), 0.0001830 secs]
880.069: [GC (Allocation Failure) 27400K->435K(75520K), 0.0002720 secs]
880.169: [GC (Allocation Failure) 32870K->435K(74496K), 0.0002300 secs]
880.187: [GC (Allocation Failure) 31796K->435K(80832K), 0.0002860 secs]
880.203: [GC (Allocation Failure) 38144K->435K(88384K), 0.0002150 secs]
880.223: [GC (Allocation Failure) 45665K->435K(97472K), 0.0002020 secs]
880.249: [GC (Allocation Failure) 54753K->435K(95424K), 0.0002110 secs]
880.275: [GC (Allocation Failure) 52701K->435K(93440K), 0.0002150 secs]
880.299: [GC (Allocation Failure) 50748K->435K(91584K), 0.0002000 secs]
880.320: [GC (Allocation Failure) 48888K->435K(89792K), 0.0002100 secs]
880.358: [GC (Allocation Failure) 47130K->435K(88064K), 0.0001990 secs]
880.391: [GC (Allocation Failure) 45372K->435K(86464K), 0.0003320 secs]
880.410: [GC (Allocation Failure) 43809K->435K(84928K), 0.0002830 secs]
880.439: [GC (Allocation Failure) 42247K->435K(83456K), 0.0002070 secs]
880.461: [GC (Allocation Failure) 40781K->435K(82048K), 0.0001950 secs]
880.516: [GC (Allocation Failure) 39316K->435K(80704K), 0.0002760 secs]
880.569: [GC (Allocation Failure) 38047K->435K(79424K), 0.0002190 secs]
880.586: [GC (Allocation Failure) 36777K->435K(78208K), 0.0002040 secs]
880.614: [GC (Allocation Failure) 35507K->435K(77056K), 0.0002120 secs]
880.664: [GC (Allocation Failure) 34335K->435K(75904K), 0.0002120 secs]
880.682: [GC (Allocation Failure) 33261K->435K(74816K), 0.0002020 secs]
880.696: [GC (Allocation Failure) 32089K->435K(73792K), 0.0002040 secs]
880.712: [GC (Allocation Failure) 31112K->435K(72832K), 0.0002130 secs]
880.729: [GC (Allocation Failure) 30135K->435K(71872K), 0.0002020 secs]
880.742: [GC (Allocation Failure) 29158K->435K(77632K), 0.0002130 secs]
880.757: [GC (Allocation Failure) 34921K->435K(84544K), 0.0002680 secs]
880.776: [GC (Allocation Failure) 41856K->435K(92864K), 0.0002120 secs]
880.797: [GC (Allocation Failure) 50162K->435K(102848K), 0.0002050 secs]
880.823: [GC (Allocation Failure) 60124K->435K(100544K), 0.0002020 secs]
880.875: [GC (Allocation Failure) 57878K->435K(98304K), 0.0002020 secs]
880.923: [GC (Allocation Failure) 55632K->435K(96192K), 0.0002160 secs]
880.946: [GC (Allocation Failure) 53483K->435K(94208K), 0.0002130 secs]
880.968: [GC (Allocation Failure) 51529K->435K(92288K), 0.0002020 secs]
881.128: [GC (Allocation Failure) 49572K->435K(90496K), 0.0002110 secs]
881.149: [GC (Allocation Failure) 47814K->435K(88768K), 0.0002020 secs]
881.169: [GC (Allocation Failure) 46056K->435K(87104K), 0.0002140 secs]
881.192: [GC (Allocation Failure) 44395K->435K(85504K), 0.0002140 secs]
881.211: [GC (Allocation Failure) 42833K->435K(83968K), 0.0002120 secs]
881.232: [GC (Allocation Failure) 41270K->435K(82560K), 0.0002110 secs]
881.268: [GC (Allocation Failure) 39902K->435K(81216K), 0.0002080 secs]
881.347: [GC (Allocation Failure) 38535K->435K(79936K), 0.0002280 secs]
881.368: [GC (Allocation Failure) 37265K->435K(78656K), 0.0002330 secs]
881.416: [GC (Allocation Failure) 35996K->435K(77440K), 0.0002770 secs]
881.469: [GC (Allocation Failure) 34726K->435K(76288K), 0.0002160 secs]
881.488: [GC (Allocation Failure) 33554K->435K(75200K), 0.0002060 secs]
881.502: [GC (Allocation Failure) 32479K->435K(74176K), 0.0002370 secs]
881.520: [GC (Allocation Failure) 31503K->435K(73152K), 0.0002120 secs]
881.537: [GC (Allocation Failure) 30428K->435K(72192K), 0.0002090 secs]
881.550: [GC (Allocation Failure) 29549K->435K(78016K), 0.0002160 secs]
881.565: [GC (Allocation Failure) 35312K->435K(85056K), 0.0002040 secs]
881.583: [GC (Allocation Failure) 42344K->435K(93504K), 0.0002010 secs]
881.609: [GC (Allocation Failure) 50846K->435K(91648K), 0.0002120 secs]
881.673: [GC (Allocation Failure) 48986K->435K(89856K), 0.0003240 secs]
881.725: [GC (Allocation Failure) 47130K->435K(88128K), 0.0002190 secs]
881.749: [GC (Allocation Failure) 45470K->435K(86528K), 0.0002070 secs]
881.767: [GC (Allocation Failure) 43809K->435K(84992K), 0.0002150 secs]
881.786: [GC (Allocation Failure) 42344K->435K(83520K), 0.0002120 secs]
881.807: [GC (Allocation Failure) 40879K->435K(82112K), 0.0002090 secs]
881.972: [GC (Allocation Failure) 39414K->435K(80768K), 0.0002010 secs]
881.992: [GC (Allocation Failure) 38047K->435K(79488K), 0.0002110 secs]
882.008: [GC (Allocation Failure) 36777K->435K(78272K), 0.0002170 secs]
882.028: [GC (Allocation Failure) 35605K->435K(77120K), 0.0002100 secs]
882.043: [GC (Allocation Failure) 34433K->435K(75968K), 0.0002160 secs]
882.061: [GC (Allocation Failure) 33261K->435K(74880K), 0.0002100 secs]
882.115: [GC (Allocation Failure) 32186K->435K(73856K), 0.0002710 secs]
882.176: [GC (Allocation Failure) 31210K->435K(72896K), 0.0002400 secs]
882.194: [GC (Allocation Failure) 30233K->435K(71936K), 0.0002380 secs]
882.215: [GC (Allocation Failure) 29256K->435K(71040K), 0.0002260 secs]
882.231: [GC (Allocation Failure) 28377K->435K(70208K), 0.0002210 secs]
882.313: [GC (Allocation Failure) 27498K->435K(69376K), 0.0002120 secs]
882.325: [GC (Allocation Failure) 26717K->435K(68608K), 0.0002020 secs]
882.350: [GC (Allocation Failure) 25935K->435K(67840K), 0.0002200 secs]
882.365: [GC (Allocation Failure) 25150K->435K(67136K), 0.0002140 secs]
882.388: [GC (Allocation Failure) 24466K->435K(66432K), 0.0002060 secs]
882.402: [GC (Allocation Failure) 23783K->435K(71104K), 0.0002170 secs]
882.415: [GC (Allocation Failure) 28377K->435K(76736K), 0.0002100 secs]
882.445: [GC (Allocation Failure) 34042K->435K(75648K), 0.0002150 secs]
882.463: [GC (Allocation Failure) 32968K->435K(82176K), 0.0002720 secs]
882.480: [GC (Allocation Failure) 39512K->435K(90048K), 0.0002080 secs]
882.515: [GC (Allocation Failure) 47325K->435K(88320K), 0.0002420 secs]
882.540: [GC (Allocation Failure) 45665K->435K(86656K), 0.0002020 secs]
882.559: [GC (Allocation Failure) 44005K->435K(85120K), 0.0002010 secs]
882.620: [GC (Allocation Failure) 42442K->435K(83648K), 0.0002150 secs]
882.638: [GC (Allocation Failure) 40977K->435K(82240K), 0.0002120 secs]
882.659: [GC (Allocation Failure) 39512K->435K(80896K), 0.0002000 secs]
882.680: [GC (Allocation Failure) 38242K->435K(79616K), 0.0002130 secs]
882.696: [GC (Allocation Failure) 36972K->435K(78400K), 0.0002060 secs]
882.711: [GC (Allocation Failure) 35702K->435K(77248K), 0.0002030 secs]
882.726: [GC (Allocation Failure) 34530K->435K(84096K), 0.0002110 secs]
882.776: [GC (Allocation Failure) 41367K->435K(82624K), 0.0002260 secs]
882.797: [GC (Allocation Failure) 39902K->435K(81280K), 0.0002110 secs]
882.818: [GC (Allocation Failure) 38633K->435K(80000K), 0.0002120 secs]
882.835: [GC (Allocation Failure) 37363K->435K(78720K), 0.0002010 secs]
882.853: [GC (Allocation Failure) 35996K->435K(77504K), 0.0002090 secs]
882.868: [GC (Allocation Failure) 34823K->435K(76352K), 0.0002020 secs]
882.887: [GC (Allocation Failure) 33651K->435K(83008K), 0.0002730 secs]
882.904: [GC (Allocation Failure) 40293K->435K(91008K), 0.0002040 secs]
882.977: [GC (Allocation Failure) 48302K->435K(89216K), 0.0002170 secs]
882.998: [GC (Allocation Failure) 46544K->435K(87552K), 0.0002740 secs]
883.026: [GC (Allocation Failure) 44884K->435K(85952K), 0.0002220 secs]
883.045: [GC (Allocation Failure) 43223K->435K(84416K), 0.0002030 secs]
883.063: [GC (Allocation Failure) 41758K->435K(82944K), 0.0002130 secs]
883.084: [GC (Allocation Failure) 40293K->435K(81536K), 0.0002150 secs]
883.167: [GC (Allocation Failure) 38828K->435K(80192K), 0.0002020 secs]
883.223: [GC (Allocation Failure) 37461K->435K(78912K), 0.0002220 secs]
883.239: [GC (Allocation Failure) 36191K->435K(77696K), 0.0002010 secs]
883.272: [GC (Allocation Failure) 35019K->435K(76544K), 0.0002100 secs]
883.287: [GC (Allocation Failure) 33847K->435K(75456K), 0.0002120 secs]
883.301: [GC (Allocation Failure) 32772K->435K(74432K), 0.0002130 secs]
883.317: [GC (Allocation Failure) 31698K->435K(80704K), 0.0002230 secs]
883.333: [GC (Allocation Failure) 38047K->435K(88256K), 0.0002020 secs]
883.423: [GC (Allocation Failure) 45567K->435K(86592K), 0.0002110 secs]
883.442: [GC (Allocation Failure) 43907K->435K(85056K), 0.0002130 secs]
883.521: [GC (Allocation Failure) 42344K->435K(83584K), 0.0002140 secs]
883.575: [GC (Allocation Failure) 40879K->435K(82176K), 0.0003350 secs]
883.592: [GC (Allocation Failure) 39512K->435K(80832K), 0.0002280 secs]
883.613: [GC (Allocation Failure) 38144K->435K(79552K), 0.0002130 secs]
883.676: [GC (Allocation Failure) 36875K->435K(78336K), 0.0002230 secs]
883.695: [GC (Allocation Failure) 35605K->435K(77184K), 0.0002730 secs]
883.715: [GC (Allocation Failure) 34530K->435K(76032K), 0.0002020 secs]
883.733: [GC (Allocation Failure) 33358K->435K(74944K), 0.0002130 secs]
883.747: [GC (Allocation Failure) 32284K->435K(73920K), 0.0002180 secs]
883.817: [GC (Allocation Failure) 31210K->435K(72960K), 0.0002170 secs]
883.871: [GC (Allocation Failure) 30233K->435K(72000K), 0.0002210 secs]
883.883: [GC (Allocation Failure) 29354K->435K(71104K), 0.0002000 secs]
884.016: [GC (Allocation Failure) 28377K->435K(70272K), 0.0002120 secs]
884.032: [GC (Allocation Failure) 27596K->435K(69440K), 0.0002020 secs]
884.082: [GC (Allocation Failure) 26717K->435K(68672K), 0.0002370 secs]
884.093: [GC (Allocation Failure) 26033K->435K(67904K), 0.0002160 secs]
884.119: [GC (Allocation Failure) 25250K->435K(67200K), 0.0002200 secs]
884.130: [GC (Allocation Failure) 24466K->435K(72064K), 0.0002190 secs]
884.147: [GC (Allocation Failure) 29354K->435K(77888K), 0.0002020 secs]
884.162: [GC (Allocation Failure) 35214K->435K(84864K), 0.0002100 secs]
884.180: [GC (Allocation Failure) 42149K->435K(93248K), 0.0002020 secs]
884.326: [GC (Allocation Failure) 50553K->435K(91392K), 0.0002120 secs]
884.351: [GC (Allocation Failure) 48693K->435K(89600K), 0.0002010 secs]
884.371: [GC (Allocation Failure) 46935K->435K(87936K), 0.0002130 secs]
884.391: [GC (Allocation Failure) 45274K->435K(86336K), 0.0002030 secs]
884.414: [GC (Allocation Failure) 43614K->435K(84800K), 0.0002080 secs]
884.576: [GC (Allocation Failure) 42149K->435K(83328K), 0.0002030 secs]
884.594: [GC (Allocation Failure) 40684K->435K(81920K), 0.0002810 secs]
884.671: [GC (Allocation Failure) 39219K->435K(80576K), 0.0002150 secs]
884.692: [GC (Allocation Failure) 37851K->435K(79296K), 0.0002030 secs]
884.708: [GC (Allocation Failure) 36582K->435K(78080K), 0.0002150 secs]
884.875: [GC (Allocation Failure) 35409K->435K(76928K), 0.0002260 secs]
884.891: [GC (Allocation Failure) 34237K->435K(75840K), 0.0002160 secs]
884.920: [GC (Allocation Failure) 33163K->435K(74752K), 0.0003220 secs]
884.969: [GC (Allocation Failure) 32089K->435K(73728K), 0.0002050 secs]
885.022: [GC (Allocation Failure) 31014K->435K(72768K), 0.0002330 secs]
885.039: [GC (Allocation Failure) 30038K->435K(71808K), 0.0002170 secs]
885.052: [GC (Allocation Failure) 29158K->435K(70912K), 0.0002150 secs]
885.068: [GC (Allocation Failure) 28182K->435K(70080K), 0.0002260 secs]
885.083: [GC (Allocation Failure) 27400K->435K(75520K), 0.0002720 secs]
885.098: [GC (Allocation Failure) 32870K->435K(82048K), 0.0002130 secs]
885.123: [GC (Allocation Failure) 39316K->435K(89856K), 0.0002160 secs]
885.176: [GC (Allocation Failure) 47130K->435K(88128K), 0.0002110 secs]
885.195: [GC (Allocation Failure) 45470K->435K(86528K), 0.0002020 secs]
885.218: [GC (Allocation Failure) 43809K->435K(84992K), 0.0002140 secs]
885.275: [GC (Allocation Failure) 42344K->435K(83520K), 0.0002060 secs]
885.296: [GC (Allocation Failure) 40879K->435K(82112K), 0.0002730 secs]
885.317: [GC (Allocation Failure) 39414K->435K(80768K), 0.0002130 secs]
885.338: [GC (Allocation Failure) 38047K->435K(79488K), 0.0002100 secs]
885.375: [GC (Allocation Failure) 36777K->435K(78272K), 0.0002150 secs]
885.394: [GC (Allocation Failure) 35605K->435K(77120K), 0.0002110 secs]
885.471: [GC (Allocation Failure) 34433K->435K(75968K), 0.0002710 secs]
885.520: [GC (Allocation Failure) 33261K->435K(74880K), 0.0002240 secs]
885.535: [GC (Allocation Failure) 32186K->435K(73856K), 0.0002090 secs]
885.574: [GC (Allocation Failure) 31210K->435K(72896K), 0.0002400 secs]
885.591: [GC (Allocation Failure) 30233K->435K(71936K), 0.0002170 secs]
885.606: [GC (Allocation Failure) 29256K->435K(71040K), 0.0002690 secs]
885.772: [GC (Allocation Failure) 28377K->435K(70208K), 0.0002000 secs]
885.788: [GC (Allocation Failure) 27498K->435K(69376K), 0.0002130 secs]
885.804: [GC (Allocation Failure) 26717K->435K(74688K), 0.0002810 secs]
885.822: [GC (Allocation Failure) 31991K->435K(81024K), 0.0002210 secs]
885.873: [GC (Allocation Failure) 38340K->435K(79744K), 0.0002140 secs]
885.889: [GC (Allocation Failure) 37070K->435K(78528K), 0.0002050 secs]
885.907: [GC (Allocation Failure) 35800K->435K(77312K), 0.0002090 secs]
885.921: [GC (Allocation Failure) 34628K->435K(76160K), 0.0002010 secs]
885.940: [GC (Allocation Failure) 33456K->435K(75072K), 0.0002010 secs]
885.957: [GC (Allocation Failure) 32382K->435K(74048K), 0.0002140 secs]
885.999: [GC (Allocation Failure) 31405K->435K(73088K), 0.0002670 secs]
886.074: [GC (Allocation Failure) 30428K->435K(72128K), 0.0002190 secs]
886.091: [GC (Allocation Failure) 29451K->435K(71232K), 0.0002030 secs]
886.104: [GC (Allocation Failure) 28572K->435K(70400K), 0.0002150 secs]
886.115: [GC (Allocation Failure) 27693K->435K(75904K), 0.0002010 secs]
886.134: [GC (Allocation Failure) 33261K->435K(82496K), 0.0002160 secs]
886.174: [GC (Allocation Failure) 39805K->435K(81152K), 0.0002140 secs]
886.315: [GC (Allocation Failure) 38437K->435K(79872K), 0.0002020 secs]
886.357: [GC (Allocation Failure) 37168K->435K(78656K), 0.0002150 secs]
886.373: [GC (Allocation Failure) 35996K->435K(77440K), 0.0002910 secs]
886.388: [GC (Allocation Failure) 34726K->435K(76288K), 0.0002030 secs]
886.422: [GC (Allocation Failure) 33554K->435K(75200K), 0.0002250 secs]
886.437: [GC (Allocation Failure) 32479K->435K(74176K), 0.0002160 secs]
886.472: [GC (Allocation Failure) 31503K->435K(73152K), 0.0002310 secs]
886.485: [GC (Allocation Failure) 30428K->435K(72192K), 0.0002050 secs]
886.581: [GC (Allocation Failure) 29549K->435K(71296K), 0.0002230 secs]
886.593: [GC (Allocation Failure) 28572K->435K(70400K), 0.0002180 secs]
886.605: [GC (Allocation Failure) 27693K->435K(75904K), 0.0002160 secs]
886.624: [GC (Allocation Failure) 33261K->435K(82496K), 0.0002140 secs]
886.676: [GC (Allocation Failure) 39805K->435K(81152K), 0.0002300 secs]
886.697: [GC (Allocation Failure) 38437K->435K(79872K), 0.0002160 secs]
886.714: [GC (Allocation Failure) 37168K->435K(87232K), 0.0002720 secs]
886.780: [GC (Allocation Failure) 44591K->435K(85632K), 0.0002150 secs]
886.803: [GC (Allocation Failure) 42930K->435K(84096K), 0.0002020 secs]
886.825: [GC (Allocation Failure) 41367K->435K(82624K), 0.0002150 secs]
886.929: [GC (Allocation Failure) 39902K->435K(81280K), 0.0002130 secs]
886.950: [GC (Allocation Failure) 38633K->435K(80000K), 0.0002100 secs]
886.979: [GC (Allocation Failure) 37363K->435K(78720K), 0.0002050 secs]
886.994: [GC (Allocation Failure) 35996K->435K(77504K), 0.0002030 secs]
887.013: [GC (Allocation Failure) 34823K->435K(76352K), 0.0002100 secs]
887.072: [GC (Allocation Failure) 33651K->435K(75264K), 0.0002760 secs]
887.164: [GC (Allocation Failure) 32577K->435K(74240K), 0.0002140 secs]
887.178: [GC (Allocation Failure) 31600K->435K(73216K), 0.0002020 secs]
887.222: [GC (Allocation Failure) 30526K->435K(72256K), 0.0002130 secs]
887.276: [GC (Allocation Failure) 29549K->435K(71360K), 0.0002240 secs]
887.293: [GC (Allocation Failure) 28670K->435K(70464K), 0.0002380 secs]
887.320: [GC (Allocation Failure) 27791K->435K(69632K), 0.0002030 secs]
887.374: [GC (Allocation Failure) 26912K->435K(68864K), 0.0002880 secs]
887.390: [GC (Allocation Failure) 26131K->435K(68096K), 0.0002120 secs]
887.401: [GC (Allocation Failure) 25447K->435K(73152K), 0.0002160 secs]
887.414: [GC (Allocation Failure) 30428K->435K(79168K), 0.0002060 secs]
887.429: [GC (Allocation Failure) 36484K->435K(86400K), 0.0002170 secs]
887.482: [GC (Allocation Failure) 43712K->435K(84864K), 0.0002120 secs]
887.504: [GC (Allocation Failure) 42149K->435K(83392K), 0.0002020 secs]
887.522: [GC (Allocation Failure) 40684K->435K(81984K), 0.0002120 secs]
887.543: [GC (Allocation Failure) 39316K->435K(80640K), 0.0002130 secs]
887.559: [GC (Allocation Failure) 37949K->435K(79360K), 0.0002100 secs]
887.575: [GC (Allocation Failure) 36679K->435K(78144K), 0.0002030 secs]
887.594: [GC (Allocation Failure) 35409K->435K(76992K), 0.0002010 secs]
887.613: [GC (Allocation Failure) 34335K->435K(75904K), 0.0002070 secs]
887.627: [GC (Allocation Failure) 33261K->435K(82496K), 0.0002120 secs]
887.683: [GC (Allocation Failure) 39805K->435K(81152K), 0.0002040 secs]
887.707: [GC (Allocation Failure) 38437K->435K(79872K), 0.0002160 secs]
887.779: [GC (Allocation Failure) 37168K->435K(78656K), 0.0002270 secs]
887.795: [GC (Allocation Failure) 35996K->435K(77440K), 0.0002180 secs]
887.825: [GC (Allocation Failure) 34726K->435K(76288K), 0.0002250 secs]
887.839: [GC (Allocation Failure) 33554K->435K(75200K), 0.0002130 secs]
887.857: [GC (Allocation Failure) 32479K->435K(74176K), 0.0002110 secs]
887.923: [GC (Allocation Failure) 31503K->435K(73152K), 0.0002140 secs]
887.936: [GC (Allocation Failure) 30428K->435K(72192K), 0.0002030 secs]
887.952: [GC (Allocation Failure) 29549K->435K(71296K), 0.0002000 secs]
887.965: [GC (Allocation Failure) 28572K->435K(76992K), 0.0002140 secs]
888.078: [GC (Allocation Failure) 34335K->435K(75904K), 0.0002250 secs]
888.093: [GC (Allocation Failure) 33261K->435K(74816K), 0.0002150 secs]
888.124: [GC (Allocation Failure) 32089K->435K(73792K), 0.0002250 secs]
888.141: [GC (Allocation Failure) 31112K->435K(72832K), 0.0002130 secs]
888.222: [GC (Allocation Failure) 30135K->435K(71872K), 0.0002210 secs]
888.239: [GC (Allocation Failure) 29158K->435K(70976K), 0.0002200 secs]
888.318: [GC (Allocation Failure) 28279K->435K(70144K), 0.0002040 secs]
888.360: [GC (Allocation Failure) 27498K->435K(69312K), 0.0002020 secs]
888.372: [GC (Allocation Failure) 26619K->435K(68544K), 0.0002040 secs]
888.419: [GC (Allocation Failure) 25838K->435K(67776K), 0.0002270 secs]
888.429: [GC (Allocation Failure) 25052K->435K(67072K), 0.0002020 secs]
888.440: [GC (Allocation Failure) 24369K->435K(71872K), 0.0002030 secs]
888.474: [GC (Allocation Failure) 29158K->435K(70976K), 0.0002100 secs]
888.490: [GC (Allocation Failure) 28279K->435K(76608K), 0.0002140 secs]
888.509: [GC (Allocation Failure) 33944K->435K(83328K), 0.0002840 secs]
888.527: [GC (Allocation Failure) 40684K->435K(91392K), 0.0002130 secs]
888.552: [GC (Allocation Failure) 48693K->435K(89600K), 0.0002010 secs]
888.572: [GC (Allocation Failure) 46935K->435K(87936K), 0.0002110 secs]
888.591: [GC (Allocation Failure) 45274K->435K(96960K), 0.0003420 secs]
888.615: [GC (Allocation Failure) 54264K->435K(107776K), 0.0002050 secs]
888.647: [GC (Allocation Failure) 65106K->435K(105216K), 0.0002710 secs]
888.674: [GC (Allocation Failure) 62566K->435K(102784K), 0.0002020 secs]
888.736: [GC (Allocation Failure) 60124K->435K(100480K), 0.0002060 secs]
888.783: [GC (Allocation Failure) 57780K->435K(98240K), 0.0002020 secs]
888.891: [GC (Allocation Failure) 55534K->435K(96128K), 0.0002150 secs]
888.981: [GC (Allocation Failure) 53483K->435K(94144K), 0.0002050 secs]
889.037: [GC (Allocation Failure) 51432K->435K(92224K), 0.0002120 secs]
889.061: [GC (Allocation Failure) 49572K->435K(90432K), 0.0002110 secs]
889.082: [GC (Allocation Failure) 47716K->435K(88704K), 0.0002150 secs]
889.174: [GC (Allocation Failure) 46056K->435K(87040K), 0.0002530 secs]
889.193: [GC (Allocation Failure) 44395K->435K(85440K), 0.0002130 secs]
889.211: [GC (Allocation Failure) 42735K->435K(83968K), 0.0002010 secs]
889.234: [GC (Allocation Failure) 41270K->435K(82560K), 0.0002180 secs]
889.255: [GC (Allocation Failure) 39902K->435K(81216K), 0.0002110 secs]
889.272: [GC (Allocation Failure) 38535K->435K(79936K), 0.0002010 secs]
889.288: [GC (Allocation Failure) 37265K->435K(78656K), 0.0002010 secs]
889.309: [GC (Allocation Failure) 35996K->435K(77440K), 0.0002250 secs]
889.324: [GC (Allocation Failure) 34726K->435K(76288K), 0.0002050 secs]
889.361: [GC (Allocation Failure) 33554K->435K(75200K), 0.0002200 secs]
889.376: [GC (Allocation Failure) 32479K->435K(74176K), 0.0002090 secs]
889.390: [GC (Allocation Failure) 31503K->435K(80448K), 0.0001990 secs]
889.410: [GC (Allocation Failure) 37754K->435K(87936K), 0.0002760 secs]
889.434: [GC (Allocation Failure) 45274K->435K(86336K), 0.0002100 secs]
889.453: [GC (Allocation Failure) 43614K->435K(84800K), 0.0002060 secs]
889.485: [GC (Allocation Failure) 42149K->435K(83328K), 0.0002260 secs]
889.503: [GC (Allocation Failure) 40684K->435K(81920K), 0.0002000 secs]
889.528: [GC (Allocation Failure) 39219K->435K(80576K), 0.0002210 secs]
889.549: [GC (Allocation Failure) 37851K->435K(79296K), 0.0002300 secs]
889.565: [GC (Allocation Failure) 36582K->435K(78080K), 0.0002000 secs]
889.584: [GC (Allocation Failure) 35409K->435K(85120K), 0.0002700 secs]
