0.083: [GC (Allocation Failure) 16100K->296K(61824K), 0.0011490 secs]
0.112: [GC (Allocation Failure) 16383K->349K(77952K), 0.0006500 secs]
0.181: [GC (Allocation Failure) 32579K->284K(77952K), 0.0010490 secs]
0.202: [GC (Allocation Failure) 32512K->341K(110208K), 0.0006340 secs]
0.288: [GC (Allocation Failure) 64846K->341K(110208K), 0.0007360 secs]
0.331: [GC (Allocation Failure) 64816K->349K(172416K), 0.0006250 secs]
0.426: [GC (Allocation Failure) 129355K->337K(172416K), 0.0008480 secs]
0.512: [GC (Allocation Failure) 129341K->337K(301440K), 0.0002450 secs]
0.671: [GC (Allocation Failure) 258275K->337K(288960K), 0.0002270 secs]
0.813: [GC (Allocation Failure) 246201K->337K(277440K), 0.0002360 secs]
0.915: [GC (Allocation Failure) 234681K->337K(266944K), 0.0002080 secs]
1.053: [GC (Allocation Failure) 223725K->337K(256128K), 0.0002530 secs]
1.145: [GC (Allocation Failure) 213389K->337K(246720K), 0.0002160 secs]
1.237: [GC (Allocation Failure) 203518K->337K(236864K), 0.0002670 secs]
1.337: [GC (Allocation Failure) 194127K->337K(228416K), 0.0002760 secs]
1.438: [GC (Allocation Failure) 185223K->337K(219520K), 0.0002850 secs]
1.520: [GC (Allocation Failure) 176776K->337K(211904K), 0.0002150 secs]
1.622: [GC (Allocation Failure) 168712K->337K(203776K), 0.0003140 secs]
1.697: [GC (Allocation Failure) 161040K->337K(196864K), 0.0002170 secs]
1.771: [GC (Allocation Failure) 153710K->337K(189568K), 0.0003350 secs]
1.875: [GC (Allocation Failure) 146819K->337K(183296K), 0.0002160 secs]
1.946: [GC (Allocation Failure) 140225K->337K(176704K), 0.0002520 secs]
2.013: [GC (Allocation Failure) 133969K->337K(171072K), 0.0002150 secs]
2.078: [GC (Allocation Failure) 128010K->337K(165120K), 0.0002550 secs]
2.140: [GC (Allocation Failure) 122340K->337K(160000K), 0.0002040 secs]
2.214: [GC (Allocation Failure) 116967K->337K(154624K), 0.0002590 secs]
2.271: [GC (Allocation Failure) 111888K->337K(150016K), 0.0002050 secs]
2.325: [GC (Allocation Failure) 106999K->337K(145152K), 0.0002450 secs]
2.377: [GC (Allocation Failure) 102408K->337K(140992K), 0.0002040 secs]
2.430: [GC (Allocation Failure) 98057K->337K(136640K), 0.0002550 secs]
2.482: [GC (Allocation Failure) 93905K->337K(132864K), 0.0002030 secs]
2.532: [GC (Allocation Failure) 89900K->337K(128896K), 0.0002380 secs]
2.576: [GC (Allocation Failure) 86135K->337K(125440K), 0.0002060 secs]
2.661: [GC (Allocation Failure) 82569K->337K(121920K), 0.0002440 secs]
2.701: [GC (Allocation Failure) 79150K->337K(118784K), 0.0002050 secs]
2.743: [GC (Allocation Failure) 75878K->337K(115584K), 0.0002400 secs]
2.784: [GC (Allocation Failure) 72845K->337K(112768K), 0.0002810 secs]
2.845: [GC (Allocation Failure) 69866K->337K(109824K), 0.0002500 secs]
2.880: [GC (Allocation Failure) 67082K->337K(107200K), 0.0002060 secs]
2.913: [GC (Allocation Failure) 64395K->337K(104640K), 0.0002470 secs]
2.948: [GC (Allocation Failure) 61900K->337K(102272K), 0.0002020 secs]
3.043: [GC (Allocation Failure) 59458K->337K(99904K), 0.0002360 secs]
3.085: [GC (Allocation Failure) 57163K->337K(97792K), 0.0002160 secs]
3.134: [GC (Allocation Failure) 54965K->337K(95680K), 0.0002300 secs]
3.248: [GC (Allocation Failure) 52913K->337K(93760K), 0.0002250 secs]
3.278: [GC (Allocation Failure) 50959K->337K(91840K), 0.0002320 secs]
3.303: [GC (Allocation Failure) 49099K->337K(90048K), 0.0002150 secs]
3.327: [GC (Allocation Failure) 47292K->337K(88320K), 0.0002030 secs]
3.354: [GC (Allocation Failure) 45583K->337K(86656K), 0.0002340 secs]
3.379: [GC (Allocation Failure) 43873K->337K(85120K), 0.0002190 secs]
3.398: [GC (Allocation Failure) 42359K->337K(83648K), 0.0002540 secs]
3.424: [GC (Allocation Failure) 40894K->337K(82240K), 0.0002790 secs]
3.469: [GC (Allocation Failure) 39477K->337K(80896K), 0.0002200 secs]
3.486: [GC (Allocation Failure) 38158K->337K(79616K), 0.0002080 secs]
3.519: [GC (Allocation Failure) 36836K->337K(78400K), 0.0002070 secs]
3.567: [GC (Allocation Failure) 35663K->337K(77248K), 0.0002170 secs]
3.586: [GC (Allocation Failure) 34491K->337K(76096K), 0.0002200 secs]
3.605: [GC (Allocation Failure) 33319K->337K(75008K), 0.0002170 secs]
3.623: [GC (Allocation Failure) 32244K->337K(73984K), 0.0002040 secs]
3.674: [GC (Allocation Failure) 31219K->337K(73024K), 0.0002400 secs]
3.688: [GC (Allocation Failure) 30242K->337K(72064K), 0.0002140 secs]
3.701: [GC (Allocation Failure) 29314K->337K(77888K), 0.0002070 secs]
3.723: [GC (Allocation Failure) 35126K->337K(76736K), 0.0002270 secs]
3.742: [GC (Allocation Failure) 33954K->337K(75648K), 0.0002140 secs]
3.825: [GC (Allocation Failure) 32879K->337K(74560K), 0.0002040 secs]
3.840: [GC (Allocation Failure) 31805K->337K(80896K), 0.0003240 secs]
3.869: [GC (Allocation Failure) 38158K->337K(79616K), 0.0002270 secs]
3.889: [GC (Allocation Failure) 36836K->337K(78400K), 0.0002170 secs]
3.907: [GC (Allocation Failure) 35663K->337K(77248K), 0.0002020 secs]
3.926: [GC (Allocation Failure) 34491K->337K(84096K), 0.0003520 secs]
3.971: [GC (Allocation Failure) 41333K->337K(82624K), 0.0002290 secs]
3.994: [GC (Allocation Failure) 39868K->337K(81280K), 0.0002260 secs]
4.016: [GC (Allocation Failure) 38500K->337K(80000K), 0.0002370 secs]
4.039: [GC (Allocation Failure) 37226K->337K(78720K), 0.0002240 secs]
4.058: [GC (Allocation Failure) 35956K->337K(77504K), 0.0002110 secs]
4.073: [GC (Allocation Failure) 34735K->337K(76352K), 0.0002050 secs]
4.088: [GC (Allocation Failure) 33612K->337K(83008K), 0.0002150 secs]
4.105: [GC (Allocation Failure) 40259K->337K(91008K), 0.0002060 secs]
4.179: [GC (Allocation Failure) 48269K->337K(89216K), 0.0002050 secs]
4.228: [GC (Allocation Failure) 46462K->337K(87552K), 0.0002070 secs]
4.277: [GC (Allocation Failure) 44801K->337K(85952K), 0.0002150 secs]
4.296: [GC (Allocation Failure) 43189K->337K(84416K), 0.0002050 secs]
4.380: [GC (Allocation Failure) 41675K->337K(82944K), 0.0002770 secs]
4.426: [GC (Allocation Failure) 40161K->337K(81536K), 0.0002050 secs]
4.479: [GC (Allocation Failure) 38793K->337K(80192K), 0.0002220 secs]
4.499: [GC (Allocation Failure) 37426K->337K(78912K), 0.0002010 secs]
4.520: [GC (Allocation Failure) 36152K->337K(77696K), 0.0002040 secs]
4.536: [GC (Allocation Failure) 34931K->337K(76544K), 0.0002320 secs]
4.550: [GC (Allocation Failure) 33807K->337K(75456K), 0.0002270 secs]
4.572: [GC (Allocation Failure) 32684K->337K(74432K), 0.0002050 secs]
4.665: [GC (Allocation Failure) 31658K->337K(73408K), 0.0002160 secs]
4.682: [GC (Allocation Failure) 30632K->337K(72448K), 0.0002040 secs]
4.699: [GC (Allocation Failure) 29704K->337K(71552K), 0.0002840 secs]
4.712: [GC (Allocation Failure) 28776K->337K(77248K), 0.0002310 secs]
4.728: [GC (Allocation Failure) 34491K->337K(84096K), 0.0002050 secs]
4.776: [GC (Allocation Failure) 41333K->337K(82624K), 0.0002170 secs]
4.794: [GC (Allocation Failure) 39868K->337K(81280K), 0.0002050 secs]
4.825: [GC (Allocation Failure) 38500K->337K(80000K), 0.0002280 secs]
4.841: [GC (Allocation Failure) 37226K->337K(78720K), 0.0002080 secs]
4.875: [GC (Allocation Failure) 35956K->337K(77504K), 0.0002150 secs]
4.978: [GC (Allocation Failure) 34735K->337K(76352K), 0.0002170 secs]
4.997: [GC (Allocation Failure) 33612K->337K(75264K), 0.0002140 secs]
5.011: [GC (Allocation Failure) 32488K->337K(74240K), 0.0002150 secs]
5.068: [GC (Allocation Failure) 31463K->337K(73216K), 0.0002080 secs]
5.108: [GC (Allocation Failure) 30437K->337K(72256K), 0.0002160 secs]
5.125: [GC (Allocation Failure) 29509K->337K(71360K), 0.0002750 secs]
5.138: [GC (Allocation Failure) 28581K->337K(77056K), 0.0002180 secs]
5.170: [GC (Allocation Failure) 34296K->337K(75904K), 0.0002330 secs]
5.187: [GC (Allocation Failure) 33123K->337K(82496K), 0.0002830 secs]
5.205: [GC (Allocation Failure) 39721K->337K(90432K), 0.0002060 secs]
5.231: [GC (Allocation Failure) 47683K->337K(88704K), 0.0002150 secs]
5.254: [GC (Allocation Failure) 45925K->337K(87040K), 0.0002060 secs]
5.278: [GC (Allocation Failure) 44264K->337K(85440K), 0.0002170 secs]
5.301: [GC (Allocation Failure) 42701K->337K(83968K), 0.0002030 secs]
5.381: [GC (Allocation Failure) 41187K->337K(82560K), 0.0002120 secs]
5.399: [GC (Allocation Failure) 39819K->337K(81216K), 0.0002770 secs]
5.440: [GC (Allocation Failure) 38451K->337K(79936K), 0.0002050 secs]
5.459: [GC (Allocation Failure) 37177K->337K(78656K), 0.0002140 secs]
5.579: [GC (Allocation Failure) 35908K->337K(77440K), 0.0002230 secs]
5.599: [GC (Allocation Failure) 34686K->337K(76288K), 0.0002150 secs]
5.617: [GC (Allocation Failure) 33514K->337K(75200K), 0.0002250 secs]
5.678: [GC (Allocation Failure) 32440K->337K(74176K), 0.0002190 secs]
5.692: [GC (Allocation Failure) 31414K->337K(73152K), 0.0002030 secs]
5.723: [GC (Allocation Failure) 30388K->337K(72192K), 0.0002130 secs]
5.736: [GC (Allocation Failure) 29411K->337K(71296K), 0.0002130 secs]
5.868: [GC (Allocation Failure) 28532K->337K(70400K), 0.0002270 secs]
5.883: [GC (Allocation Failure) 27653K->337K(69568K), 0.0002160 secs]
5.922: [GC (Allocation Failure) 26823K->337K(68800K), 0.0002160 secs]
5.933: [GC (Allocation Failure) 26041K->337K(68032K), 0.0002160 secs]
5.948: [GC (Allocation Failure) 25260K->337K(73024K), 0.0002010 secs]
5.962: [GC (Allocation Failure) 30242K->337K(79040K), 0.0002190 secs]
6.030: [GC (Allocation Failure) 36298K->337K(77824K), 0.0002040 secs]
6.049: [GC (Allocation Failure) 35077K->337K(76672K), 0.0002090 secs]
6.068: [GC (Allocation Failure) 33905K->337K(75584K), 0.0002210 secs]
6.087: [GC (Allocation Failure) 32830K->337K(74560K), 0.0002030 secs]
6.101: [GC (Allocation Failure) 31805K->337K(80896K), 0.0002170 secs]
6.121: [GC (Allocation Failure) 38158K->337K(79616K), 0.0002150 secs]
6.142: [GC (Allocation Failure) 36836K->337K(78400K), 0.0002010 secs]
6.226: [GC (Allocation Failure) 35663K->337K(77248K), 0.0002100 secs]
6.274: [GC (Allocation Failure) 34491K->337K(76096K), 0.0002440 secs]
6.293: [GC (Allocation Failure) 33319K->337K(75008K), 0.0002030 secs]
6.311: [GC (Allocation Failure) 32244K->337K(73984K), 0.0002210 secs]
6.325: [GC (Allocation Failure) 31219K->337K(73024K), 0.0002190 secs]
6.370: [GC (Allocation Failure) 30242K->337K(72064K), 0.0002140 secs]
6.387: [GC (Allocation Failure) 29314K->337K(71168K), 0.0002160 secs]
6.400: [GC (Allocation Failure) 28386K->337K(76800K), 0.0002180 secs]
6.419: [GC (Allocation Failure) 34051K->337K(83584K), 0.0002030 secs]
6.441: [GC (Allocation Failure) 40845K->337K(82176K), 0.0002120 secs]
6.458: [GC (Allocation Failure) 39428K->337K(90048K), 0.0002550 secs]
6.479: [GC (Allocation Failure) 47292K->337K(88320K), 0.0002050 secs]
6.503: [GC (Allocation Failure) 45583K->337K(86656K), 0.0002130 secs]
6.530: [GC (Allocation Failure) 43873K->337K(85120K), 0.0002160 secs]
6.552: [GC (Allocation Failure) 42359K->337K(83648K), 0.0002010 secs]
6.570: [GC (Allocation Failure) 40894K->337K(82240K), 0.0002060 secs]
6.612: [GC (Allocation Failure) 39477K->337K(80896K), 0.0002110 secs]
6.632: [GC (Allocation Failure) 38158K->337K(79616K), 0.0002020 secs]
6.731: [GC (Allocation Failure) 36836K->337K(78400K), 0.0002120 secs]
6.751: [GC (Allocation Failure) 35663K->337K(77248K), 0.0002010 secs]
6.770: [GC (Allocation Failure) 34491K->337K(76096K), 0.0002300 secs]
6.789: [GC (Allocation Failure) 33319K->337K(75008K), 0.0002200 secs]
6.808: [GC (Allocation Failure) 32244K->337K(73984K), 0.0002200 secs]
6.821: [GC (Allocation Failure) 31219K->337K(73024K), 0.0002140 secs]
6.839: [GC (Allocation Failure) 30242K->337K(79040K), 0.0002210 secs]
6.877: [GC (Allocation Failure) 36298K->337K(77824K), 0.0002070 secs]
7.031: [GC (Allocation Failure) 35077K->337K(76672K), 0.0002220 secs]
7.050: [GC (Allocation Failure) 33905K->337K(75584K), 0.0002030 secs]
7.070: [GC (Allocation Failure) 32830K->337K(74560K), 0.0002150 secs]
7.084: [GC (Allocation Failure) 31805K->337K(73536K), 0.0002060 secs]
7.097: [GC (Allocation Failure) 30779K->337K(79680K), 0.0002070 secs]
7.113: [GC (Allocation Failure) 36933K->337K(87040K), 0.0002160 secs]
7.133: [GC (Allocation Failure) 44264K->337K(95872K), 0.0002050 secs]
7.160: [GC (Allocation Failure) 53109K->337K(93888K), 0.0002130 secs]
7.186: [GC (Allocation Failure) 51106K->337K(91968K), 0.0002160 secs]
7.208: [GC (Allocation Failure) 49197K->337K(90176K), 0.0002050 secs]
7.233: [GC (Allocation Failure) 47439K->337K(88448K), 0.0002230 secs]
7.332: [GC (Allocation Failure) 45680K->337K(86784K), 0.0002040 secs]
7.385: [GC (Allocation Failure) 44020K->337K(85248K), 0.0002160 secs]
7.407: [GC (Allocation Failure) 42505K->337K(83776K), 0.0002220 secs]
7.429: [GC (Allocation Failure) 41040K->337K(82368K), 0.0002850 secs]
7.460: [GC (Allocation Failure) 39624K->337K(81024K), 0.0002170 secs]
7.503: [GC (Allocation Failure) 38256K->337K(79744K), 0.0003130 secs]
7.519: [GC (Allocation Failure) 36982K->337K(78528K), 0.0002060 secs]
7.574: [GC (Allocation Failure) 35761K->337K(77312K), 0.0002140 secs]
7.589: [GC (Allocation Failure) 34540K->337K(76160K), 0.0002120 secs]
7.681: [GC (Allocation Failure) 33417K->337K(75072K), 0.0002220 secs]
7.695: [GC (Allocation Failure) 32293K->337K(74048K), 0.0002720 secs]
7.726: [GC (Allocation Failure) 31267K->337K(73088K), 0.0002150 secs]
7.876: [GC (Allocation Failure) 30339K->337K(72128K), 0.0002050 secs]
7.930: [GC (Allocation Failure) 29362K->337K(71232K), 0.0002140 secs]
7.943: [GC (Allocation Failure) 28483K->337K(70400K), 0.0002140 secs]
7.979: [GC (Allocation Failure) 27653K->337K(69568K), 0.0002270 secs]
7.992: [GC (Allocation Failure) 26823K->337K(74880K), 0.0002670 secs]
8.027: [GC (Allocation Failure) 32098K->337K(73856K), 0.0002150 secs]
8.044: [GC (Allocation Failure) 31121K->337K(72896K), 0.0002160 secs]
8.058: [GC (Allocation Failure) 30144K->337K(78912K), 0.0002160 secs]
8.073: [GC (Allocation Failure) 36152K->337K(86080K), 0.0002050 secs]
8.096: [GC (Allocation Failure) 43336K->337K(84544K), 0.0002030 secs]
8.115: [GC (Allocation Failure) 41773K->337K(83072K), 0.0002130 secs]
8.181: [GC (Allocation Failure) 40307K->337K(81664K), 0.0002150 secs]
8.234: [GC (Allocation Failure) 38891K->337K(80320K), 0.0002440 secs]
8.251: [GC (Allocation Failure) 37572K->337K(79040K), 0.0002040 secs]
8.271: [GC (Allocation Failure) 36298K->337K(77824K), 0.0002070 secs]
8.286: [GC (Allocation Failure) 35077K->337K(76672K), 0.0002070 secs]
8.301: [GC (Allocation Failure) 33905K->337K(75584K), 0.0002060 secs]
8.315: [GC (Allocation Failure) 32830K->337K(82112K), 0.0002050 secs]
8.484: [GC (Allocation Failure) 39331K->337K(80768K), 0.0002160 secs]
8.505: [GC (Allocation Failure) 38012K->337K(79488K), 0.0002140 secs]
8.525: [GC (Allocation Failure) 36738K->337K(78272K), 0.0002230 secs]
8.583: [GC (Allocation Failure) 35517K->337K(77120K), 0.0002230 secs]
8.598: [GC (Allocation Failure) 34345K->337K(75968K), 0.0002040 secs]
8.628: [GC (Allocation Failure) 33221K->337K(74880K), 0.0002170 secs]
8.646: [GC (Allocation Failure) 32098K->337K(73856K), 0.0002150 secs]
8.675: [GC (Allocation Failure) 31121K->337K(72896K), 0.0002260 secs]
8.688: [GC (Allocation Failure) 30144K->337K(71936K), 0.0002210 secs]
8.705: [GC (Allocation Failure) 29167K->337K(71040K), 0.0002140 secs]
8.717: [GC (Allocation Failure) 28288K->337K(76672K), 0.0002160 secs]
8.732: [GC (Allocation Failure) 33905K->337K(83392K), 0.0002040 secs]
8.774: [GC (Allocation Failure) 40649K->337K(81984K), 0.0002180 secs]
8.795: [GC (Allocation Failure) 39233K->337K(80640K), 0.0002220 secs]
8.831: [GC (Allocation Failure) 37865K->337K(79360K), 0.0002060 secs]
8.884: [GC (Allocation Failure) 36591K->337K(78144K), 0.0002130 secs]
8.903: [GC (Allocation Failure) 35370K->337K(76992K), 0.0002100 secs]
8.919: [GC (Allocation Failure) 34247K->337K(75904K), 0.0002050 secs]
8.933: [GC (Allocation Failure) 33123K->337K(82496K), 0.0003520 secs]
8.955: [GC (Allocation Failure) 39721K->337K(90432K), 0.0002140 secs]
8.979: [GC (Allocation Failure) 47683K->337K(99904K), 0.0002020 secs]
9.008: [GC (Allocation Failure) 57163K->337K(97728K), 0.0002210 secs]
9.039: [GC (Allocation Failure) 54965K->337K(95680K), 0.0002040 secs]
9.088: [GC (Allocation Failure) 52913K->337K(93696K), 0.0002150 secs]
9.114: [GC (Allocation Failure) 50959K->337K(91840K), 0.0002130 secs]
9.135: [GC (Allocation Failure) 49099K->337K(90048K), 0.0002040 secs]
9.189: [GC (Allocation Failure) 47292K->337K(88320K), 0.0002250 secs]
9.209: [GC (Allocation Failure) 45583K->337K(86656K), 0.0002030 secs]
9.238: [GC (Allocation Failure) 43873K->337K(85120K), 0.0002160 secs]
9.257: [GC (Allocation Failure) 42359K->337K(83648K), 0.0002040 secs]
9.283: [GC (Allocation Failure) 40894K->337K(82240K), 0.0002050 secs]
9.336: [GC (Allocation Failure) 39477K->337K(80896K), 0.0002210 secs]
9.353: [GC (Allocation Failure) 38158K->337K(79616K), 0.0002060 secs]
9.369: [GC (Allocation Failure) 36836K->337K(78400K), 0.0002050 secs]
9.385: [GC (Allocation Failure) 35663K->337K(77248K), 0.0002030 secs]
9.400: [GC (Allocation Failure) 34491K->337K(76096K), 0.0002030 secs]
9.415: [GC (Allocation Failure) 33319K->337K(82752K), 0.0002160 secs]
9.437: [GC (Allocation Failure) 40014K->337K(81344K), 0.0002060 secs]
9.454: [GC (Allocation Failure) 38598K->337K(80000K), 0.0002050 secs]
9.471: [GC (Allocation Failure) 37226K->337K(87424K), 0.0002040 secs]
9.491: [GC (Allocation Failure) 44655K->337K(85824K), 0.0002040 secs]
9.577: [GC (Allocation Failure) 43043K->337K(84288K), 0.0002070 secs]
9.615: [GC (Allocation Failure) 41529K->337K(82816K), 0.0002010 secs]
9.687: [GC (Allocation Failure) 40063K->337K(81408K), 0.0002770 secs]
9.704: [GC (Allocation Failure) 38647K->337K(80064K), 0.0002160 secs]
9.720: [GC (Allocation Failure) 37324K->337K(78784K), 0.0002050 secs]
9.781: [GC (Allocation Failure) 36005K->337K(77568K), 0.0002150 secs]
9.800: [GC (Allocation Failure) 34833K->337K(76416K), 0.0002020 secs]
9.815: [GC (Allocation Failure) 33661K->337K(75328K), 0.0002180 secs]
9.874: [GC (Allocation Failure) 32586K->337K(74304K), 0.0002340 secs]
9.888: [GC (Allocation Failure) 31560K->337K(73280K), 0.0002070 secs]
9.905: [GC (Allocation Failure) 30535K->337K(72320K), 0.0002030 secs]
9.918: [GC (Allocation Failure) 29558K->337K(78208K), 0.0002160 secs]
9.985: [GC (Allocation Failure) 35468K->337K(77056K), 0.0002150 secs]
10.005: [GC (Allocation Failure) 34296K->337K(75904K), 0.0002140 secs]
10.030: [GC (Allocation Failure) 33123K->337K(74816K), 0.0002160 secs]
10.080: [GC (Allocation Failure) 32049K->337K(73792K), 0.0002280 secs]
10.093: [GC (Allocation Failure) 31023K->337K(72832K), 0.0002270 secs]
10.106: [GC (Allocation Failure) 30095K->337K(78784K), 0.0002290 secs]
10.236: [GC (Allocation Failure) 36005K->337K(77568K), 0.0002140 secs]
10.251: [GC (Allocation Failure) 34833K->337K(76416K), 0.0002150 secs]
10.285: [GC (Allocation Failure) 33661K->337K(75328K), 0.0002030 secs]
10.300: [GC (Allocation Failure) 32586K->337K(81792K), 0.0002700 secs]
10.337: [GC (Allocation Failure) 39038K->337K(80448K), 0.0002270 secs]
10.353: [GC (Allocation Failure) 37670K->337K(79168K), 0.0002080 secs]
10.373: [GC (Allocation Failure) 36396K->337K(77952K), 0.0002130 secs]
10.393: [GC (Allocation Failure) 35175K->337K(76800K), 0.0002160 secs]
10.408: [GC (Allocation Failure) 34051K->337K(75712K), 0.0002040 secs]
10.535: [GC (Allocation Failure) 32977K->337K(74624K), 0.0002250 secs]
10.553: [GC (Allocation Failure) 31854K->337K(73600K), 0.0002040 secs]
10.567: [GC (Allocation Failure) 30828K->337K(72640K), 0.0002130 secs]
10.580: [GC (Allocation Failure) 29900K->337K(78592K), 0.0002140 secs]
10.632: [GC (Allocation Failure) 35810K->337K(77376K), 0.0002170 secs]
10.647: [GC (Allocation Failure) 34638K->337K(76224K), 0.0002060 secs]
10.679: [GC (Allocation Failure) 33465K->337K(75136K), 0.0002180 secs]
10.693: [GC (Allocation Failure) 32391K->337K(74112K), 0.0002330 secs]
10.707: [GC (Allocation Failure) 31365K->337K(80320K), 0.0002060 secs]
10.727: [GC (Allocation Failure) 37572K->337K(87808K), 0.0002260 secs]
10.779: [GC (Allocation Failure) 45045K->337K(86208K), 0.0002050 secs]
10.840: [GC (Allocation Failure) 43433K->337K(84672K), 0.0002220 secs]
10.862: [GC (Allocation Failure) 41919K->337K(83200K), 0.0002140 secs]
10.884: [GC (Allocation Failure) 40454K->337K(81792K), 0.0002140 secs]
10.938: [GC (Allocation Failure) 39038K->337K(80448K), 0.0002110 secs]
10.954: [GC (Allocation Failure) 37670K->337K(79168K), 0.0002160 secs]
11.035: [GC (Allocation Failure) 36396K->337K(77952K), 0.0002310 secs]
11.051: [GC (Allocation Failure) 35175K->337K(76800K), 0.0002050 secs]
11.070: [GC (Allocation Failure) 34051K->337K(75712K), 0.0002080 secs]
11.085: [GC (Allocation Failure) 32977K->337K(74624K), 0.0002300 secs]
11.099: [GC (Allocation Failure) 31854K->337K(80960K), 0.0002070 secs]
11.116: [GC (Allocation Failure) 38207K->337K(88576K), 0.0002080 secs]
11.191: [GC (Allocation Failure) 45827K->337K(86912K), 0.0002240 secs]
11.215: [GC (Allocation Failure) 44166K->337K(85312K), 0.0002230 secs]
11.236: [GC (Allocation Failure) 42554K->337K(83840K), 0.0002180 secs]
11.257: [GC (Allocation Failure) 41089K->337K(82432K), 0.0002020 secs]
11.279: [GC (Allocation Failure) 39673K->337K(81088K), 0.0002200 secs]
11.300: [GC (Allocation Failure) 38305K->337K(79808K), 0.0002040 secs]
11.408: [GC (Allocation Failure) 37031K->337K(78592K), 0.0002170 secs]
11.428: [GC (Allocation Failure) 35810K->337K(77376K), 0.0002010 secs]
11.449: [GC (Allocation Failure) 34638K->337K(76224K), 0.0002730 secs]
11.464: [GC (Allocation Failure) 33465K->337K(75136K), 0.0002070 secs]
11.482: [GC (Allocation Failure) 32391K->337K(74112K), 0.0002160 secs]
11.495: [GC (Allocation Failure) 31365K->337K(80320K), 0.0002060 secs]
11.516: [GC (Allocation Failure) 37572K->337K(79040K), 0.0002030 secs]
11.534: [GC (Allocation Failure) 36298K->337K(86272K), 0.0003220 secs]
11.614: [GC (Allocation Failure) 43531K->337K(84736K), 0.0002180 secs]
11.636: [GC (Allocation Failure) 41968K->337K(83264K), 0.0002160 secs]
11.654: [GC (Allocation Failure) 40503K->337K(81856K), 0.0002310 secs]
11.671: [GC (Allocation Failure) 39086K->337K(80512K), 0.0002040 secs]
11.691: [GC (Allocation Failure) 37768K->337K(79232K), 0.0002040 secs]
11.707: [GC (Allocation Failure) 36494K->337K(78016K), 0.0002160 secs]
11.787: [GC (Allocation Failure) 35273K->337K(76864K), 0.0002150 secs]
11.806: [GC (Allocation Failure) 34100K->337K(75776K), 0.0002050 secs]
11.825: [GC (Allocation Failure) 33026K->337K(74688K), 0.0002160 secs]
11.876: [GC (Allocation Failure) 31951K->337K(73664K), 0.0002180 secs]
11.975: [GC (Allocation Failure) 30925K->337K(72704K), 0.0002280 secs]
11.992: [GC (Allocation Failure) 29949K->337K(71808K), 0.0002040 secs]
12.005: [GC (Allocation Failure) 29069K->337K(70912K), 0.0002060 secs]
12.031: [GC (Allocation Failure) 28141K->337K(70080K), 0.0002260 secs]
12.047: [GC (Allocation Failure) 27311K->337K(75520K), 0.0002730 secs]
12.062: [GC (Allocation Failure) 32782K->337K(82048K), 0.0002300 secs]
12.079: [GC (Allocation Failure) 39282K->337K(89856K), 0.0002050 secs]
12.099: [GC (Allocation Failure) 47097K->337K(99264K), 0.0002040 secs]
12.128: [GC (Allocation Failure) 56528K->337K(97088K), 0.0002240 secs]
12.243: [GC (Allocation Failure) 54330K->337K(95040K), 0.0002100 secs]
12.286: [GC (Allocation Failure) 52278K->337K(93120K), 0.0002200 secs]
12.312: [GC (Allocation Failure) 50373K->337K(91264K), 0.0002170 secs]
12.344: [GC (Allocation Failure) 48513K->337K(89472K), 0.0002090 secs]
12.369: [GC (Allocation Failure) 46706K->337K(87808K), 0.0002090 secs]
12.393: [GC (Allocation Failure) 45045K->337K(86208K), 0.0002120 secs]
12.412: [GC (Allocation Failure) 43433K->337K(84672K), 0.0002040 secs]
12.538: [GC (Allocation Failure) 41919K->337K(83200K), 0.0002180 secs]
12.555: [GC (Allocation Failure) 40454K->337K(81792K), 0.0002150 secs]
12.591: [GC (Allocation Failure) 39038K->337K(80448K), 0.0002130 secs]
12.607: [GC (Allocation Failure) 37670K->337K(79168K), 0.0002050 secs]
12.639: [GC (Allocation Failure) 36396K->337K(77952K), 0.0002240 secs]
12.658: [GC (Allocation Failure) 35175K->337K(76800K), 0.0002130 secs]
12.688: [GC (Allocation Failure) 34051K->337K(75712K), 0.0002090 secs]
12.703: [GC (Allocation Failure) 32977K->337K(74624K), 0.0002030 secs]
12.833: [GC (Allocation Failure) 31854K->337K(73600K), 0.0002200 secs]
12.887: [GC (Allocation Failure) 30828K->337K(72640K), 0.0002230 secs]
12.905: [GC (Allocation Failure) 29900K->337K(71744K), 0.0002180 secs]
12.918: [GC (Allocation Failure) 28972K->337K(70848K), 0.0002060 secs]
12.982: [GC (Allocation Failure) 28093K->337K(70016K), 0.0002270 secs]
12.994: [GC (Allocation Failure) 27262K->337K(69184K), 0.0002070 secs]
13.078: [GC (Allocation Failure) 26432K->337K(68416K), 0.0002150 secs]
13.090: [GC (Allocation Failure) 25650K->337K(67648K), 0.0002200 secs]
13.131: [GC (Allocation Failure) 24865K->337K(66944K), 0.0002070 secs]
13.184: [GC (Allocation Failure) 24181K->337K(66240K), 0.0002270 secs]
13.195: [GC (Allocation Failure) 23497K->337K(65600K), 0.0002190 secs]
13.205: [GC (Allocation Failure) 22862K->337K(70144K), 0.0002070 secs]
13.236: [GC (Allocation Failure) 27409K->337K(75584K), 0.0002240 secs]
13.255: [GC (Allocation Failure) 32830K->337K(82112K), 0.0002260 secs]
13.291: [GC (Allocation Failure) 39331K->337K(80768K), 0.0002250 secs]
13.312: [GC (Allocation Failure) 38012K->337K(79488K), 0.0002280 secs]
13.332: [GC (Allocation Failure) 36738K->337K(78272K), 0.0002740 secs]
13.348: [GC (Allocation Failure) 35517K->337K(85312K), 0.0002150 secs]
13.370: [GC (Allocation Failure) 42554K->337K(83840K), 0.0002120 secs]
13.439: [GC (Allocation Failure) 41089K->337K(82432K), 0.0002000 secs]
13.457: [GC (Allocation Failure) 39673K->337K(81088K), 0.0002040 secs]
13.474: [GC (Allocation Failure) 38305K->337K(79808K), 0.0002140 secs]
13.491: [GC (Allocation Failure) 37031K->337K(78592K), 0.0002040 secs]
13.510: [GC (Allocation Failure) 35810K->337K(77376K), 0.0002130 secs]
13.526: [GC (Allocation Failure) 34638K->337K(84288K), 0.0002180 secs]
13.544: [GC (Allocation Failure) 41529K->337K(82816K), 0.0002050 secs]
13.561: [GC (Allocation Failure) 40063K->337K(90816K), 0.0002060 secs]
13.582: [GC (Allocation Failure) 48074K->337K(89088K), 0.0002150 secs]
13.602: [GC (Allocation Failure) 46315K->337K(87424K), 0.0002250 secs]
13.622: [GC (Allocation Failure) 44655K->337K(85824K), 0.0002020 secs]
13.694: [GC (Allocation Failure) 43043K->337K(84288K), 0.0002150 secs]
13.716: [GC (Allocation Failure) 41529K->337K(82816K), 0.0002130 secs]
13.788: [GC (Allocation Failure) 40063K->337K(81408K), 0.0002180 secs]
13.809: [GC (Allocation Failure) 38647K->337K(80064K), 0.0002150 secs]
13.830: [GC (Allocation Failure) 37324K->337K(78784K), 0.0002130 secs]
13.846: [GC (Allocation Failure) 36005K->337K(77568K), 0.0002160 secs]
13.865: [GC (Allocation Failure) 34833K->337K(76416K), 0.0002150 secs]
13.879: [GC (Allocation Failure) 33661K->337K(75328K), 0.0002050 secs]
13.990: [GC (Allocation Failure) 32586K->337K(74304K), 0.0003940 secs]
14.007: [GC (Allocation Failure) 31560K->337K(73280K), 0.0002320 secs]
14.021: [GC (Allocation Failure) 30535K->337K(79360K), 0.0002150 secs]
14.040: [GC (Allocation Failure) 36591K->337K(86656K), 0.0002730 secs]
14.064: [GC (Allocation Failure) 43873K->337K(85120K), 0.0002130 secs]
14.083: [GC (Allocation Failure) 42359K->337K(83648K), 0.0002050 secs]
14.105: [GC (Allocation Failure) 40894K->337K(82240K), 0.0002150 secs]
14.126: [GC (Allocation Failure) 39477K->337K(80896K), 0.0002130 secs]
14.281: [GC (Allocation Failure) 38158K->337K(79616K), 0.0002150 secs]
14.342: [GC (Allocation Failure) 36836K->337K(78400K), 0.0002150 secs]
14.362: [GC (Allocation Failure) 35663K->337K(77248K), 0.0002120 secs]
14.381: [GC (Allocation Failure) 34491K->337K(76096K), 0.0002140 secs]
14.522: [GC (Allocation Failure) 33319K->337K(75008K), 0.0002160 secs]
14.540: [GC (Allocation Failure) 32244K->337K(73984K), 0.0002040 secs]
14.554: [GC (Allocation Failure) 31219K->337K(73024K), 0.0002220 secs]
14.612: [GC (Allocation Failure) 30242K->337K(72064K), 0.0002270 secs]
14.629: [GC (Allocation Failure) 29314K->337K(71168K), 0.0002700 secs]
14.643: [GC (Allocation Failure) 28386K->337K(76800K), 0.0002270 secs]
14.662: [GC (Allocation Failure) 34051K->337K(83584K), 0.0002140 secs]
14.688: [GC (Allocation Failure) 40845K->337K(82176K), 0.0002060 secs]
14.706: [GC (Allocation Failure) 39428K->337K(80832K), 0.0002170 secs]
14.726: [GC (Allocation Failure) 38061K->337K(79552K), 0.0002160 secs]
14.782: [GC (Allocation Failure) 36787K->337K(78336K), 0.0002170 secs]
14.798: [GC (Allocation Failure) 35566K->337K(77184K), 0.0002070 secs]
14.842: [GC (Allocation Failure) 34442K->337K(76032K), 0.0002310 secs]
14.858: [GC (Allocation Failure) 33270K->337K(74944K), 0.0002750 secs]
14.876: [GC (Allocation Failure) 32195K->337K(73920K), 0.0002130 secs]
14.936: [GC (Allocation Failure) 31170K->337K(72960K), 0.0002750 secs]
14.990: [GC (Allocation Failure) 30193K->337K(72000K), 0.0002140 secs]
15.003: [GC (Allocation Failure) 29265K->337K(71104K), 0.0002190 secs]
15.015: [GC (Allocation Failure) 28337K->337K(76736K), 0.0002130 secs]
15.034: [GC (Allocation Failure) 33954K->337K(83520K), 0.0002180 secs]
15.117: [GC (Allocation Failure) 40747K->337K(82112K), 0.0002180 secs]
15.190: [GC (Allocation Failure) 39331K->337K(80768K), 0.0002050 secs]
15.240: [GC (Allocation Failure) 38012K->337K(79488K), 0.0002170 secs]
15.256: [GC (Allocation Failure) 36738K->337K(78272K), 0.0002040 secs]
15.293: [GC (Allocation Failure) 35517K->337K(77120K), 0.0002240 secs]
15.307: [GC (Allocation Failure) 34345K->337K(75968K), 0.0002040 secs]
15.410: [GC (Allocation Failure) 33221K->337K(74880K), 0.0002150 secs]
15.425: [GC (Allocation Failure) 32098K->337K(73856K), 0.0002170 secs]
15.483: [GC (Allocation Failure) 31121K->337K(72896K), 0.0002180 secs]
15.501: [GC (Allocation Failure) 30144K->337K(71936K), 0.0002190 secs]
15.514: [GC (Allocation Failure) 29167K->337K(71040K), 0.0002190 secs]
15.530: [GC (Allocation Failure) 28288K->337K(70208K), 0.0002130 secs]
15.546: [GC (Allocation Failure) 27458K->337K(75648K), 0.0002150 secs]
15.586: [GC (Allocation Failure) 32879K->337K(74560K), 0.0002150 secs]
15.600: [GC (Allocation Failure) 31805K->337K(73536K), 0.0002190 secs]
15.637: [GC (Allocation Failure) 30779K->337K(72576K), 0.0002710 secs]
15.651: [GC (Allocation Failure) 29802K->337K(78528K), 0.0002160 secs]
15.743: [GC (Allocation Failure) 35761K->337K(77312K), 0.0002240 secs]
15.759: [GC (Allocation Failure) 34540K->337K(76160K), 0.0002040 secs]
15.789: [GC (Allocation Failure) 33417K->337K(75072K), 0.0002060 secs]
15.833: [GC (Allocation Failure) 32293K->337K(74048K), 0.0002300 secs]
15.847: [GC (Allocation Failure) 31267K->337K(73088K), 0.0002050 secs]
15.864: [GC (Allocation Failure) 30339K->337K(72128K), 0.0002010 secs]
15.879: [GC (Allocation Failure) 29362K->337K(77952K), 0.0002790 secs]
15.983: [GC (Allocation Failure) 35175K->337K(76800K), 0.0002100 secs]
16.039: [GC (Allocation Failure) 34051K->337K(75712K), 0.0002060 secs]
16.089: [GC (Allocation Failure) 32977K->337K(74624K), 0.0002270 secs]
16.107: [GC (Allocation Failure) 31854K->337K(73600K), 0.0002250 secs]
16.138: [GC (Allocation Failure) 30828K->337K(72640K), 0.0002080 secs]
16.191: [GC (Allocation Failure) 29900K->337K(71744K), 0.0002230 secs]
16.204: [GC (Allocation Failure) 28972K->337K(70848K), 0.0002080 secs]
16.237: [GC (Allocation Failure) 28093K->337K(70016K), 0.0002680 secs]
16.290: [GC (Allocation Failure) 27262K->337K(69184K), 0.0002190 secs]
16.301: [GC (Allocation Failure) 26432K->337K(68416K), 0.0002160 secs]
16.317: [GC (Allocation Failure) 25650K->337K(67648K), 0.0002170 secs]
16.375: [GC (Allocation Failure) 24865K->337K(66944K), 0.0002010 secs]
16.385: [GC (Allocation Failure) 24181K->337K(71744K), 0.0002080 secs]
16.441: [GC (Allocation Failure) 28972K->337K(70848K), 0.0002110 secs]
16.454: [GC (Allocation Failure) 28093K->337K(76416K), 0.0002190 secs]
16.593: [GC (Allocation Failure) 33661K->337K(75328K), 0.0002140 secs]
16.608: [GC (Allocation Failure) 32586K->337K(74304K), 0.0002190 secs]
16.643: [GC (Allocation Failure) 31560K->337K(73280K), 0.0002250 secs]
16.656: [GC (Allocation Failure) 30535K->337K(72320K), 0.0002180 secs]
16.674: [GC (Allocation Failure) 29558K->337K(71424K), 0.0002170 secs]
16.687: [GC (Allocation Failure) 28679K->337K(77120K), 0.0002060 secs]
16.706: [GC (Allocation Failure) 34345K->337K(83968K), 0.0002150 secs]
16.743: [GC (Allocation Failure) 41187K->337K(82560K), 0.0002270 secs]
16.764: [GC (Allocation Failure) 39819K->337K(81216K), 0.0002060 secs]
16.781: [GC (Allocation Failure) 38451K->337K(79936K), 0.0002070 secs]
16.802: [GC (Allocation Failure) 37177K->337K(78656K), 0.0002040 secs]
16.834: [GC (Allocation Failure) 35908K->337K(77440K), 0.0002240 secs]
16.849: [GC (Allocation Failure) 34686K->337K(76288K), 0.0002050 secs]
16.864: [GC (Allocation Failure) 33514K->337K(82944K), 0.0002150 secs]
16.882: [GC (Allocation Failure) 40161K->337K(90944K), 0.0002050 secs]
16.911: [GC (Allocation Failure) 48171K->337K(89216K), 0.0002040 secs]
16.950: [GC (Allocation Failure) 46462K->337K(87552K), 0.0002270 secs]
16.969: [GC (Allocation Failure) 44801K->337K(85952K), 0.0002070 secs]
16.988: [GC (Allocation Failure) 43189K->337K(84416K), 0.0002060 secs]
17.037: [GC (Allocation Failure) 41675K->337K(82944K), 0.0002310 secs]
17.055: [GC (Allocation Failure) 40161K->337K(81536K), 0.0002050 secs]
17.073: [GC (Allocation Failure) 38793K->337K(80192K), 0.0002030 secs]
17.089: [GC (Allocation Failure) 37426K->337K(78912K), 0.0002080 secs]
17.110: [GC (Allocation Failure) 36152K->337K(77696K), 0.0002860 secs]
17.173: [GC (Allocation Failure) 34931K->337K(76544K), 0.0002050 secs]
17.188: [GC (Allocation Failure) 33807K->337K(75456K), 0.0002150 secs]
17.244: [GC (Allocation Failure) 32684K->337K(74432K), 0.0002410 secs]
17.263: [GC (Allocation Failure) 31658K->337K(73408K), 0.0002150 secs]
17.277: [GC (Allocation Failure) 30632K->337K(72448K), 0.0002030 secs]
17.289: [GC (Allocation Failure) 29704K->337K(78336K), 0.0002150 secs]
17.345: [GC (Allocation Failure) 35566K->337K(77184K), 0.0002270 secs]
17.360: [GC (Allocation Failure) 34442K->337K(84032K), 0.0003390 secs]
17.382: [GC (Allocation Failure) 41284K->337K(92224K), 0.0002840 secs]
17.408: [GC (Allocation Failure) 49441K->337K(102080K), 0.0002220 secs]
17.439: [GC (Allocation Failure) 59312K->337K(99776K), 0.0002300 secs]
17.464: [GC (Allocation Failure) 57016K->337K(97600K), 0.0002150 secs]
17.500: [GC (Allocation Failure) 54818K->337K(95552K), 0.0002710 secs]
17.599: [GC (Allocation Failure) 52815K->337K(93568K), 0.0002040 secs]
17.648: [GC (Allocation Failure) 50813K->337K(91712K), 0.0002180 secs]
17.670: [GC (Allocation Failure) 48953K->337K(89920K), 0.0002070 secs]
17.698: [GC (Allocation Failure) 47146K->337K(88192K), 0.0002140 secs]
17.717: [GC (Allocation Failure) 45436K->337K(86592K), 0.0002070 secs]
17.740: [GC (Allocation Failure) 43824K->337K(85056K), 0.0002150 secs]
17.795: [GC (Allocation Failure) 42310K->337K(83584K), 0.0002050 secs]
17.845: [GC (Allocation Failure) 40845K->337K(82176K), 0.0002160 secs]
17.892: [GC (Allocation Failure) 39428K->337K(80832K), 0.0002300 secs]
17.910: [GC (Allocation Failure) 38061K->337K(79552K), 0.0002330 secs]
17.927: [GC (Allocation Failure) 36787K->337K(78336K), 0.0002130 secs]
17.946: [GC (Allocation Failure) 35566K->337K(77184K), 0.0002070 secs]
17.989: [GC (Allocation Failure) 34442K->337K(76032K), 0.0002010 secs]
18.004: [GC (Allocation Failure) 33270K->337K(74944K), 0.0002070 secs]
18.037: [GC (Allocation Failure) 32195K->337K(73920K), 0.0002240 secs]
18.055: [GC (Allocation Failure) 31170K->337K(72960K), 0.0002730 secs]
18.072: [GC (Allocation Failure) 30193K->337K(72000K), 0.0002170 secs]
18.085: [GC (Allocation Failure) 29265K->337K(77824K), 0.0002170 secs]
18.100: [GC (Allocation Failure) 35077K->337K(84800K), 0.0002050 secs]
18.149: [GC (Allocation Failure) 42017K->337K(83328K), 0.0002140 secs]
18.171: [GC (Allocation Failure) 40552K->337K(81920K), 0.0002110 secs]
18.192: [GC (Allocation Failure) 39184K->337K(80576K), 0.0002160 secs]
18.288: [GC (Allocation Failure) 37816K->337K(79296K), 0.0002770 secs]
18.323: [GC (Allocation Failure) 36543K->337K(78080K), 0.0003360 secs]
18.340: [GC (Allocation Failure) 35321K->337K(76928K), 0.0002170 secs]
18.358: [GC (Allocation Failure) 34149K->337K(75840K), 0.0002120 secs]
18.392: [GC (Allocation Failure) 33075K->337K(74752K), 0.0002750 secs]
18.441: [GC (Allocation Failure) 32000K->337K(73728K), 0.0002190 secs]
18.459: [GC (Allocation Failure) 30974K->337K(72768K), 0.0002730 secs]
18.476: [GC (Allocation Failure) 29997K->337K(71808K), 0.0002130 secs]
18.489: [GC (Allocation Failure) 29069K->337K(77568K), 0.0002190 secs]
18.508: [GC (Allocation Failure) 34833K->337K(84480K), 0.0002020 secs]
18.528: [GC (Allocation Failure) 41724K->337K(83008K), 0.0002010 secs]
18.549: [GC (Allocation Failure) 40259K->337K(81600K), 0.0002070 secs]
18.567: [GC (Allocation Failure) 38842K->337K(80256K), 0.0002160 secs]
18.587: [GC (Allocation Failure) 37475K->337K(78976K), 0.0002140 secs]
18.603: [GC (Allocation Failure) 36201K->337K(77760K), 0.0002040 secs]
18.697: [GC (Allocation Failure) 34980K->337K(76608K), 0.0002210 secs]
18.712: [GC (Allocation Failure) 33856K->337K(75520K), 0.0002760 secs]
18.746: [GC (Allocation Failure) 32782K->337K(74496K), 0.0002150 secs]
18.764: [GC (Allocation Failure) 31756K->337K(73472K), 0.0002120 secs]
18.795: [GC (Allocation Failure) 30730K->337K(72512K), 0.0002130 secs]
18.808: [GC (Allocation Failure) 29753K->337K(71616K), 0.0002060 secs]
18.845: [GC (Allocation Failure) 28874K->337K(70720K), 0.0002230 secs]
18.862: [GC (Allocation Failure) 27946K->337K(69888K), 0.0002380 secs]
18.944: [GC (Allocation Failure) 27116K->337K(69056K), 0.0002100 secs]
18.960: [GC (Allocation Failure) 26285K->337K(68288K), 0.0002200 secs]
18.972: [GC (Allocation Failure) 25553K->337K(73344K), 0.0002620 secs]
19.035: [GC (Allocation Failure) 30584K->337K(72384K), 0.0002590 secs]
19.072: [GC (Allocation Failure) 29607K->337K(71488K), 0.0001920 secs]
19.089: [GC (Allocation Failure) 28728K->337K(70592K), 0.0002870 secs]
19.106: [GC (Allocation Failure) 27848K->337K(76096K), 0.0002220 secs]
19.191: [GC (Allocation Failure) 33319K->337K(75008K), 0.0002070 secs]
19.209: [GC (Allocation Failure) 32244K->337K(73984K), 0.0002070 secs]
19.223: [GC (Allocation Failure) 31219K->337K(73024K), 0.0002170 secs]
19.296: [GC (Allocation Failure) 30242K->337K(72064K), 0.0002140 secs]
19.313: [GC (Allocation Failure) 29314K->337K(71168K), 0.0002140 secs]
19.341: [GC (Allocation Failure) 28386K->337K(70336K), 0.0002060 secs]
19.436: [GC (Allocation Failure) 27555K->337K(69504K), 0.0002250 secs]
19.448: [GC (Allocation Failure) 26725K->337K(74816K), 0.0003910 secs]
19.486: [GC (Allocation Failure) 32049K->337K(81216K), 0.0002150 secs]
19.503: [GC (Allocation Failure) 38451K->337K(88896K), 0.0002080 secs]
19.523: [GC (Allocation Failure) 46120K->337K(87232K), 0.0002060 secs]
19.542: [GC (Allocation Failure) 44459K->337K(85632K), 0.0002060 secs]
19.561: [GC (Allocation Failure) 42896K->337K(84096K), 0.0002050 secs]
19.601: [GC (Allocation Failure) 41333K->337K(82624K), 0.0002180 secs]
19.622: [GC (Allocation Failure) 39868K->337K(81280K), 0.0002460 secs]
19.644: [GC (Allocation Failure) 38500K->337K(80000K), 0.0002130 secs]
19.664: [GC (Allocation Failure) 37226K->337K(78720K), 0.0002020 secs]
19.684: [GC (Allocation Failure) 35956K->337K(77504K), 0.0002110 secs]
19.700: [GC (Allocation Failure) 34735K->337K(76352K), 0.0002050 secs]
19.714: [GC (Allocation Failure) 33612K->337K(83008K), 0.0002160 secs]
19.732: [GC (Allocation Failure) 40259K->337K(91008K), 0.0002060 secs]
19.753: [GC (Allocation Failure) 48269K->337K(89216K), 0.0002050 secs]
19.804: [GC (Allocation Failure) 46462K->337K(87552K), 0.0002260 secs]
19.823: [GC (Allocation Failure) 44801K->337K(85952K), 0.0002050 secs]
19.842: [GC (Allocation Failure) 43189K->337K(84416K), 0.0002130 secs]
19.864: [GC (Allocation Failure) 41675K->337K(82944K), 0.0002030 secs]
19.886: [GC (Allocation Failure) 40161K->337K(81536K), 0.0002120 secs]
19.907: [GC (Allocation Failure) 38793K->337K(80192K), 0.0002030 secs]
19.928: [GC (Allocation Failure) 37426K->337K(78912K), 0.0002220 secs]
19.950: [GC (Allocation Failure) 36152K->337K(77696K), 0.0002270 secs]
19.965: [GC (Allocation Failure) 34931K->337K(76544K), 0.0002030 secs]
20.038: [GC (Allocation Failure) 33807K->337K(75456K), 0.0002260 secs]
20.053: [GC (Allocation Failure) 32684K->337K(74432K), 0.0002770 secs]
20.067: [GC (Allocation Failure) 31658K->337K(80704K), 0.0002030 secs]
20.101: [GC (Allocation Failure) 37963K->337K(79424K), 0.0002240 secs]
20.117: [GC (Allocation Failure) 36689K->337K(78208K), 0.0002040 secs]
20.138: [GC (Allocation Failure) 35468K->337K(77056K), 0.0002130 secs]
20.157: [GC (Allocation Failure) 34296K->337K(75904K), 0.0002080 secs]
20.176: [GC (Allocation Failure) 33123K->337K(74816K), 0.0002120 secs]
20.194: [GC (Allocation Failure) 32049K->337K(73792K), 0.0002150 secs]
20.248: [GC (Allocation Failure) 31023K->337K(72832K), 0.0002170 secs]
20.266: [GC (Allocation Failure) 30095K->337K(71872K), 0.0002080 secs]
20.280: [GC (Allocation Failure) 29118K->337K(70976K), 0.0002160 secs]
20.295: [GC (Allocation Failure) 28239K->337K(76608K), 0.0002050 secs]
20.378: [GC (Allocation Failure) 33856K->337K(75520K), 0.0002770 secs]
20.396: [GC (Allocation Failure) 32782K->337K(74496K), 0.0002030 secs]
20.452: [GC (Allocation Failure) 31756K->337K(73472K), 0.0002730 secs]
20.494: [GC (Allocation Failure) 30730K->337K(72512K), 0.0002080 secs]
20.608: [GC (Allocation Failure) 29753K->337K(71616K), 0.0002040 secs]
20.644: [GC (Allocation Failure) 28874K->337K(70720K), 0.0002150 secs]
20.656: [GC (Allocation Failure) 27946K->337K(69888K), 0.0002040 secs]
20.672: [GC (Allocation Failure) 27116K->337K(69056K), 0.0002120 secs]
20.690: [GC (Allocation Failure) 26285K->337K(68288K), 0.0002380 secs]
20.702: [GC (Allocation Failure) 25553K->337K(73344K), 0.0002630 secs]
20.748: [GC (Allocation Failure) 30584K->337K(72384K), 0.0002280 secs]
20.765: [GC (Allocation Failure) 29607K->337K(78272K), 0.0002730 secs]
20.781: [GC (Allocation Failure) 35517K->337K(85312K), 0.0002050 secs]
20.846: [GC (Allocation Failure) 42554K->337K(83840K), 0.0002280 secs]
20.865: [GC (Allocation Failure) 41089K->337K(82432K), 0.0002190 secs]
20.949: [GC (Allocation Failure) 39673K->337K(81088K), 0.0002790 secs]
21.002: [GC (Allocation Failure) 38305K->337K(79808K), 0.0002160 secs]
21.019: [GC (Allocation Failure) 37031K->337K(78592K), 0.0002090 secs]
21.034: [GC (Allocation Failure) 35810K->337K(77376K), 0.0002050 secs]
21.053: [GC (Allocation Failure) 34638K->337K(76224K), 0.0002170 secs]
21.096: [GC (Allocation Failure) 33465K->337K(75136K), 0.0002070 secs]
21.237: [GC (Allocation Failure) 32391K->337K(74112K), 0.0002240 secs]
21.255: [GC (Allocation Failure) 31365K->337K(73152K), 0.0002040 secs]
21.272: [GC (Allocation Failure) 30388K->337K(72192K), 0.0002130 secs]
21.289: [GC (Allocation Failure) 29411K->337K(71296K), 0.0002180 secs]
21.348: [GC (Allocation Failure) 28532K->337K(70400K), 0.0002060 secs]
21.361: [GC (Allocation Failure) 27653K->337K(69568K), 0.0002620 secs]
21.394: [GC (Allocation Failure) 26823K->337K(68800K), 0.0002020 secs]
21.436: [GC (Allocation Failure) 26041K->337K(68032K), 0.0002250 secs]
21.451: [GC (Allocation Failure) 25260K->337K(67328K), 0.0002010 secs]
21.491: [GC (Allocation Failure) 24572K->337K(66624K), 0.0002190 secs]
21.501: [GC (Allocation Failure) 23888K->337K(65984K), 0.0002090 secs]
21.543: [GC (Allocation Failure) 23204K->337K(65344K), 0.0002220 secs]
21.592: [GC (Allocation Failure) 22569K->337K(64704K), 0.0002770 secs]
21.628: [GC (Allocation Failure) 21934K->337K(64128K), 0.0002170 secs]
21.638: [GC (Allocation Failure) 21348K->337K(68352K), 0.0002070 secs]
21.697: [GC (Allocation Failure) 25602K->337K(67584K), 0.0002240 secs]
21.713: [GC (Allocation Failure) 24816K->337K(66880K), 0.0002380 secs]
21.829: [GC (Allocation Failure) 24132K->337K(66176K), 0.0002720 secs]
21.844: [GC (Allocation Failure) 23400K->337K(65536K), 0.0002030 secs]
21.889: [GC (Allocation Failure) 22765K->337K(64896K), 0.0003980 secs]
21.912: [GC (Allocation Failure) 22130K->337K(64320K), 0.0002170 secs]
21.925: [GC (Allocation Failure) 21543K->337K(63744K), 0.0002040 secs]
21.939: [GC (Allocation Failure) 21006K->337K(67904K), 0.0002200 secs]
21.950: [GC (Allocation Failure) 25162K->337K(72896K), 0.0002210 secs]
21.994: [GC (Allocation Failure) 30144K->337K(78912K), 0.0002220 secs]
22.014: [GC (Allocation Failure) 36152K->337K(77696K), 0.0002070 secs]
22.029: [GC (Allocation Failure) 34931K->337K(84672K), 0.0002070 secs]
22.055: [GC (Allocation Failure) 41919K->337K(83200K), 0.0002260 secs]
22.077: [GC (Allocation Failure) 40454K->337K(81792K), 0.0002140 secs]
22.094: [GC (Allocation Failure) 39038K->337K(80448K), 0.0002120 secs]
22.114: [GC (Allocation Failure) 37670K->337K(87936K), 0.0002720 secs]
22.135: [GC (Allocation Failure) 45192K->337K(86336K), 0.0002180 secs]
22.153: [GC (Allocation Failure) 43580K->337K(84800K), 0.0002140 secs]
22.201: [GC (Allocation Failure) 42017K->337K(83328K), 0.0002760 secs]
22.255: [GC (Allocation Failure) 40552K->337K(81920K), 0.0002150 secs]
22.276: [GC (Allocation Failure) 39184K->337K(80576K), 0.0002150 secs]
22.299: [GC (Allocation Failure) 37816K->337K(79296K), 0.0002160 secs]
22.315: [GC (Allocation Failure) 36543K->337K(78080K), 0.0002040 secs]
22.333: [GC (Allocation Failure) 35321K->337K(76928K), 0.0002010 secs]
22.348: [GC (Allocation Failure) 34149K->337K(75840K), 0.0002140 secs]
22.367: [GC (Allocation Failure) 33075K->337K(74752K), 0.0002160 secs]
22.398: [GC (Allocation Failure) 32000K->337K(73728K), 0.0002080 secs]
22.447: [GC (Allocation Failure) 30974K->337K(72768K), 0.0002760 secs]
22.500: [GC (Allocation Failure) 29997K->337K(71808K), 0.0002260 secs]
22.514: [GC (Allocation Failure) 29069K->337K(70912K), 0.0002170 secs]
22.526: [GC (Allocation Failure) 28141K->337K(76480K), 0.0002050 secs]
22.541: [GC (Allocation Failure) 33710K->337K(83200K), 0.0002150 secs]
22.558: [GC (Allocation Failure) 40454K->337K(91264K), 0.0002060 secs]
22.699: [GC (Allocation Failure) 48513K->337K(89472K), 0.0002030 secs]
22.758: [GC (Allocation Failure) 46706K->337K(87808K), 0.0002160 secs]
22.778: [GC (Allocation Failure) 45045K->337K(86208K), 0.0002120 secs]
22.806: [GC (Allocation Failure) 43433K->337K(84672K), 0.0002390 secs]
22.829: [GC (Allocation Failure) 41919K->337K(83200K), 0.0002140 secs]
22.850: [GC (Allocation Failure) 40454K->337K(81792K), 0.0002180 secs]
23.001: [GC (Allocation Failure) 39038K->337K(80448K), 0.0002170 secs]
23.050: [GC (Allocation Failure) 37670K->337K(79168K), 0.0002140 secs]
23.098: [GC (Allocation Failure) 36396K->337K(77952K), 0.0002260 secs]
23.118: [GC (Allocation Failure) 35175K->337K(76800K), 0.0002130 secs]
23.149: [GC (Allocation Failure) 34051K->337K(75712K), 0.0002170 secs]
23.167: [GC (Allocation Failure) 32977K->337K(74624K), 0.0002170 secs]
23.241: [GC (Allocation Failure) 31854K->337K(73600K), 0.0002040 secs]
23.254: [GC (Allocation Failure) 30828K->337K(72640K), 0.0002050 secs]
23.267: [GC (Allocation Failure) 29900K->337K(71744K), 0.0002020 secs]
23.297: [GC (Allocation Failure) 28972K->337K(70848K), 0.0002260 secs]
23.314: [GC (Allocation Failure) 28093K->337K(70016K), 0.0002170 secs]
23.346: [GC (Allocation Failure) 27262K->337K(69184K), 0.0002070 secs]
23.377: [GC (Allocation Failure) 26432K->337K(68416K), 0.0002220 secs]
23.388: [GC (Allocation Failure) 25650K->337K(67648K), 0.0002180 secs]
23.403: [GC (Allocation Failure) 24865K->337K(72576K), 0.0002130 secs]
23.435: [GC (Allocation Failure) 29802K->337K(71680K), 0.0002140 secs]
23.452: [GC (Allocation Failure) 28923K->337K(70784K), 0.0002130 secs]
23.547: [GC (Allocation Failure) 28044K->337K(69952K), 0.0002150 secs]
23.563: [GC (Allocation Failure) 27213K->337K(69120K), 0.0002110 secs]
23.610: [GC (Allocation Failure) 26383K->337K(68352K), 0.0002120 secs]
23.625: [GC (Allocation Failure) 25602K->337K(67584K), 0.0002210 secs]
23.646: [GC (Allocation Failure) 24816K->337K(66880K), 0.0002050 secs]
23.696: [GC (Allocation Failure) 24132K->337K(66176K), 0.0002170 secs]
23.849: [GC (Allocation Failure) 23400K->337K(65536K), 0.0002200 secs]
23.864: [GC (Allocation Failure) 22765K->337K(64896K), 0.0002030 secs]
23.873: [GC (Allocation Failure) 22130K->337K(69312K), 0.0002160 secs]
23.890: [GC (Allocation Failure) 26530K->337K(74560K), 0.0002090 secs]
23.905: [GC (Allocation Failure) 31805K->337K(80896K), 0.0002230 secs]
23.925: [GC (Allocation Failure) 38158K->337K(88512K), 0.0002150 secs]
23.949: [GC (Allocation Failure) 45729K->337K(86848K), 0.0002170 secs]
24.003: [GC (Allocation Failure) 44068K->337K(85312K), 0.0002080 secs]
24.022: [GC (Allocation Failure) 42554K->337K(83840K), 0.0002160 secs]
24.043: [GC (Allocation Failure) 41089K->337K(92032K), 0.0003550 secs]
24.157: [GC (Allocation Failure) 49295K->337K(90240K), 0.0002060 secs]
24.207: [GC (Allocation Failure) 47488K->337K(88512K), 0.0002750 secs]
24.239: [GC (Allocation Failure) 45729K->337K(86848K), 0.0002160 secs]
24.304: [GC (Allocation Failure) 44068K->337K(85312K), 0.0002160 secs]
24.322: [GC (Allocation Failure) 42554K->337K(83840K), 0.0002070 secs]
24.344: [GC (Allocation Failure) 41089K->337K(82432K), 0.0002030 secs]
24.363: [GC (Allocation Failure) 39673K->337K(81088K), 0.0002020 secs]
24.380: [GC (Allocation Failure) 38305K->337K(79808K), 0.0002030 secs]
24.400: [GC (Allocation Failure) 37031K->337K(78592K), 0.0002130 secs]
24.456: [GC (Allocation Failure) 35810K->337K(77376K), 0.0002070 secs]
24.471: [GC (Allocation Failure) 34638K->337K(76224K), 0.0002050 secs]
24.505: [GC (Allocation Failure) 33465K->337K(75136K), 0.0003420 secs]
24.533: [GC (Allocation Failure) 32391K->337K(74112K), 0.0002330 secs]
24.547: [GC (Allocation Failure) 31365K->337K(73152K), 0.0002150 secs]
24.560: [GC (Allocation Failure) 30388K->337K(79168K), 0.0002150 secs]
24.610: [GC (Allocation Failure) 36396K->337K(77952K), 0.0002050 secs]
24.634: [GC (Allocation Failure) 35175K->337K(76800K), 0.0002180 secs]
24.653: [GC (Allocation Failure) 34051K->337K(75712K), 0.0002160 secs]
24.667: [GC (Allocation Failure) 32977K->337K(74624K), 0.0002170 secs]
24.681: [GC (Allocation Failure) 31854K->337K(80960K), 0.0002040 secs]
24.698: [GC (Allocation Failure) 38207K->337K(88576K), 0.0002070 secs]
24.717: [GC (Allocation Failure) 45827K->337K(97728K), 0.0002110 secs]
24.814: [GC (Allocation Failure) 54965K->337K(95680K), 0.0002220 secs]
24.838: [GC (Allocation Failure) 52913K->337K(93696K), 0.0002040 secs]
24.864: [GC (Allocation Failure) 50959K->337K(91840K), 0.0002130 secs]
24.942: [GC (Allocation Failure) 49099K->337K(90048K), 0.0002220 secs]
24.967: [GC (Allocation Failure) 47292K->337K(88320K), 0.0002040 secs]
24.987: [GC (Allocation Failure) 45583K->337K(86656K), 0.0002100 secs]
25.006: [GC (Allocation Failure) 43873K->337K(85120K), 0.0002050 secs]
25.056: [GC (Allocation Failure) 42359K->337K(83648K), 0.0002050 secs]
25.109: [GC (Allocation Failure) 40894K->337K(82240K), 0.0002260 secs]
25.130: [GC (Allocation Failure) 39477K->337K(80896K), 0.0002180 secs]
25.158: [GC (Allocation Failure) 38158K->337K(79616K), 0.0002050 secs]
25.178: [GC (Allocation Failure) 36836K->337K(78400K), 0.0002060 secs]
25.198: [GC (Allocation Failure) 35663K->337K(77248K), 0.0002870 secs]
25.217: [GC (Allocation Failure) 34491K->337K(76096K), 0.0002170 secs]
25.236: [GC (Allocation Failure) 33319K->337K(75008K), 0.0002050 secs]
25.256: [GC (Allocation Failure) 32244K->337K(73984K), 0.0002030 secs]
25.269: [GC (Allocation Failure) 31219K->337K(73024K), 0.0002160 secs]
25.287: [GC (Allocation Failure) 30242K->337K(79040K), 0.0002120 secs]
25.303: [GC (Allocation Failure) 36298K->337K(86272K), 0.0002770 secs]
25.357: [GC (Allocation Failure) 43531K->337K(84736K), 0.0002190 secs]
25.379: [GC (Allocation Failure) 41968K->337K(83264K), 0.0002020 secs]
25.409: [GC (Allocation Failure) 40503K->337K(81856K), 0.0002180 secs]
25.431: [GC (Allocation Failure) 39086K->337K(80512K), 0.0002500 secs]
25.448: [GC (Allocation Failure) 37768K->337K(79232K), 0.0002090 secs]
25.498: [GC (Allocation Failure) 36494K->337K(78016K), 0.0002160 secs]
25.601: [GC (Allocation Failure) 35273K->337K(76864K), 0.0003350 secs]
25.621: [GC (Allocation Failure) 34100K->337K(75776K), 0.0002100 secs]
25.638: [GC (Allocation Failure) 33026K->337K(74688K), 0.0002050 secs]
25.656: [GC (Allocation Failure) 31951K->337K(73664K), 0.0002040 secs]
25.705: [GC (Allocation Failure) 30925K->337K(72704K), 0.0002060 secs]
25.719: [GC (Allocation Failure) 29949K->337K(71808K), 0.0002710 secs]
25.755: [GC (Allocation Failure) 29069K->337K(70912K), 0.0002140 secs]
25.771: [GC (Allocation Failure) 28141K->337K(70080K), 0.0002100 secs]
25.783: [GC (Allocation Failure) 27311K->337K(75520K), 0.0002300 secs]
25.802: [GC (Allocation Failure) 32782K->337K(82048K), 0.0002160 secs]
25.823: [GC (Allocation Failure) 39282K->337K(89856K), 0.0002130 secs]
25.913: [GC (Allocation Failure) 47097K->337K(88128K), 0.0002090 secs]
25.933: [GC (Allocation Failure) 45387K->337K(86528K), 0.0002040 secs]
26.007: [GC (Allocation Failure) 43775K->337K(84992K), 0.0002170 secs]
26.113: [GC (Allocation Failure) 42212K->337K(83520K), 0.0002270 secs]
26.131: [GC (Allocation Failure) 40747K->337K(82112K), 0.0002050 secs]
26.206: [GC (Allocation Failure) 39331K->337K(80768K), 0.0002170 secs]
26.223: [GC (Allocation Failure) 38012K->337K(79488K), 0.0002030 secs]
26.239: [GC (Allocation Failure) 36738K->337K(78272K), 0.0002010 secs]
26.258: [GC (Allocation Failure) 35517K->337K(77120K), 0.0002130 secs]
26.302: [GC (Allocation Failure) 34345K->337K(75968K), 0.0002030 secs]
26.320: [GC (Allocation Failure) 33221K->337K(74880K), 0.0002220 secs]
26.334: [GC (Allocation Failure) 32098K->337K(73856K), 0.0002250 secs]
26.353: [GC (Allocation Failure) 31121K->337K(72896K), 0.0002290 secs]
26.370: [GC (Allocation Failure) 30144K->337K(71936K), 0.0002050 secs]
26.382: [GC (Allocation Failure) 29167K->337K(77760K), 0.0002960 secs]
26.398: [GC (Allocation Failure) 34980K->337K(84736K), 0.0002040 secs]
26.439: [GC (Allocation Failure) 41968K->337K(93120K), 0.0002080 secs]
26.461: [GC (Allocation Failure) 50373K->337K(91264K), 0.0002180 secs]
26.486: [GC (Allocation Failure) 48513K->337K(89472K), 0.0002130 secs]
26.511: [GC (Allocation Failure) 46706K->337K(87808K), 0.0002140 secs]
26.534: [GC (Allocation Failure) 45045K->337K(86208K), 0.0002410 secs]
26.554: [GC (Allocation Failure) 43433K->337K(84672K), 0.0002060 secs]
26.572: [GC (Allocation Failure) 41919K->337K(83200K), 0.0002020 secs]
26.589: [GC (Allocation Failure) 40454K->337K(91264K), 0.0002740 secs]
26.640: [GC (Allocation Failure) 48513K->337K(89472K), 0.0002290 secs]
26.661: [GC (Allocation Failure) 46706K->337K(87808K), 0.0002050 secs]
26.703: [GC (Allocation Failure) 45045K->337K(86208K), 0.0002060 secs]
26.763: [GC (Allocation Failure) 43433K->337K(84672K), 0.0002270 secs]
26.782: [GC (Allocation Failure) 41919K->337K(83200K), 0.0002220 secs]
26.804: [GC (Allocation Failure) 40454K->337K(81792K), 0.0002120 secs]
26.857: [GC (Allocation Failure) 39038K->337K(80448K), 0.0002070 secs]
26.910: [GC (Allocation Failure) 37670K->337K(79168K), 0.0002250 secs]
26.926: [GC (Allocation Failure) 36396K->337K(77952K), 0.0002060 secs]
27.105: [GC (Allocation Failure) 35175K->337K(76800K), 0.0002160 secs]
27.124: [GC (Allocation Failure) 34051K->337K(75712K), 0.0002020 secs]
27.154: [GC (Allocation Failure) 32977K->337K(74624K), 0.0002140 secs]
27.204: [GC (Allocation Failure) 31854K->337K(73600K), 0.0002060 secs]
27.233: [GC (Allocation Failure) 30828K->337K(72640K), 0.0002290 secs]
27.246: [GC (Allocation Failure) 29900K->337K(71744K), 0.0002040 secs]
27.353: [GC (Allocation Failure) 28972K->337K(70848K), 0.0002070 secs]
27.374: [GC (Allocation Failure) 28093K->337K(70016K), 0.0002630 secs]
27.406: [GC (Allocation Failure) 27262K->337K(69184K), 0.0002230 secs]
27.418: [GC (Allocation Failure) 26432K->337K(74432K), 0.0003210 secs]
27.454: [GC (Allocation Failure) 31658K->337K(73408K), 0.0002100 secs]
27.496: [GC (Allocation Failure) 30632K->337K(72448K), 0.0002080 secs]
27.513: [GC (Allocation Failure) 29704K->337K(71552K), 0.0002120 secs]
27.526: [GC (Allocation Failure) 28776K->337K(77248K), 0.0003340 secs]
27.599: [GC (Allocation Failure) 34491K->337K(84096K), 0.0002080 secs]
27.641: [GC (Allocation Failure) 41333K->337K(82624K), 0.0002310 secs]
27.662: [GC (Allocation Failure) 39868K->337K(81280K), 0.0002050 secs]
27.683: [GC (Allocation Failure) 38500K->337K(80000K), 0.0002190 secs]
27.704: [GC (Allocation Failure) 37226K->337K(78720K), 0.0002110 secs]
27.760: [GC (Allocation Failure) 35956K->337K(77504K), 0.0002150 secs]
27.776: [GC (Allocation Failure) 34735K->337K(76352K), 0.0002720 secs]
27.834: [GC (Allocation Failure) 33612K->337K(75264K), 0.0002160 secs]
27.855: [GC (Allocation Failure) 32488K->337K(74240K), 0.0002040 secs]
27.902: [GC (Allocation Failure) 31463K->337K(73216K), 0.0002150 secs]
27.915: [GC (Allocation Failure) 30437K->337K(72256K), 0.0002150 secs]
27.928: [GC (Allocation Failure) 29509K->337K(71360K), 0.0002060 secs]
27.945: [GC (Allocation Failure) 28581K->337K(77056K), 0.0002170 secs]
28.006: [GC (Allocation Failure) 34296K->337K(75904K), 0.0002160 secs]
28.021: [GC (Allocation Failure) 33123K->337K(74816K), 0.0002050 secs]
28.035: [GC (Allocation Failure) 32049K->337K(81216K), 0.0002040 secs]
28.055: [GC (Allocation Failure) 38451K->337K(79936K), 0.0002030 secs]
28.072: [GC (Allocation Failure) 37177K->337K(78656K), 0.0002060 secs]
28.110: [GC (Allocation Failure) 35908K->337K(77440K), 0.0002150 secs]
28.211: [GC (Allocation Failure) 34686K->337K(76288K), 0.0002230 secs]
28.230: [GC (Allocation Failure) 33514K->337K(75200K), 0.0002110 secs]
28.306: [GC (Allocation Failure) 32440K->337K(74176K), 0.0002170 secs]
28.323: [GC (Allocation Failure) 31414K->337K(73152K), 0.0002140 secs]
28.359: [GC (Allocation Failure) 30388K->337K(72192K), 0.0002220 secs]
28.376: [GC (Allocation Failure) 29411K->337K(71296K), 0.0002020 secs]
28.431: [GC (Allocation Failure) 28532K->337K(70400K), 0.0002690 secs]
28.504: [GC (Allocation Failure) 27653K->337K(69568K), 0.0002050 secs]
28.558: [GC (Allocation Failure) 26823K->337K(68800K), 0.0002220 secs]
28.569: [GC (Allocation Failure) 26041K->337K(68032K), 0.0002160 secs]
28.585: [GC (Allocation Failure) 25260K->337K(67328K), 0.0002030 secs]
28.596: [GC (Allocation Failure) 24572K->337K(72192K), 0.0002150 secs]
28.659: [GC (Allocation Failure) 29411K->337K(71296K), 0.0002270 secs]
28.676: [GC (Allocation Failure) 28532K->337K(70400K), 0.0002110 secs]
28.697: [GC (Allocation Failure) 27653K->337K(69568K), 0.0002110 secs]
28.800: [GC (Allocation Failure) 26823K->337K(68800K), 0.0002060 secs]
28.812: [GC (Allocation Failure) 26041K->337K(73984K), 0.0003230 secs]
28.910: [GC (Allocation Failure) 31219K->337K(73024K), 0.0002250 secs]
28.923: [GC (Allocation Failure) 30242K->337K(79040K), 0.0002050 secs]
28.943: [GC (Allocation Failure) 36298K->337K(77824K), 0.0002010 secs]
29.034: [GC (Allocation Failure) 35077K->337K(76672K), 0.0002080 secs]
29.105: [GC (Allocation Failure) 33905K->337K(75584K), 0.0003290 secs]
29.123: [GC (Allocation Failure) 32830K->337K(74560K), 0.0002080 secs]
29.137: [GC (Allocation Failure) 31805K->337K(73536K), 0.0002040 secs]
29.156: [GC (Allocation Failure) 30779K->337K(72576K), 0.0002000 secs]
29.180: [GC (Allocation Failure) 29802K->337K(71680K), 0.0002810 secs]
29.197: [GC (Allocation Failure) 28923K->337K(70784K), 0.0002140 secs]
29.355: [GC (Allocation Failure) 28044K->337K(69952K), 0.0002060 secs]
29.372: [GC (Allocation Failure) 27213K->337K(69120K), 0.0002180 secs]
29.439: [GC (Allocation Failure) 26383K->337K(68352K), 0.0002280 secs]
29.454: [GC (Allocation Failure) 25602K->337K(67584K), 0.0002270 secs]
29.469: [GC (Allocation Failure) 24816K->337K(66880K), 0.0002150 secs]
29.504: [GC (Allocation Failure) 24132K->337K(66176K), 0.0002770 secs]
29.609: [GC (Allocation Failure) 23400K->337K(65536K), 0.0002220 secs]
29.623: [GC (Allocation Failure) 22765K->337K(64896K), 0.0002250 secs]
29.707: [GC (Allocation Failure) 22130K->337K(64320K), 0.0002040 secs]
29.717: [GC (Allocation Failure) 21543K->337K(68608K), 0.0002160 secs]
29.755: [GC (Allocation Failure) 25846K->337K(67840K), 0.0002030 secs]
29.804: [GC (Allocation Failure) 25062K->337K(67136K), 0.0002140 secs]
29.815: [GC (Allocation Failure) 24376K->337K(66432K), 0.0002000 secs]
29.829: [GC (Allocation Failure) 23693K->337K(71104K), 0.0002710 secs]
29.844: [GC (Allocation Failure) 28337K->337K(76736K), 0.0002170 secs]
29.859: [GC (Allocation Failure) 33954K->337K(83520K), 0.0002030 secs]
29.877: [GC (Allocation Failure) 40747K->337K(91648K), 0.0002050 secs]
29.903: [GC (Allocation Failure) 48904K->337K(101376K), 0.0002130 secs]
29.973: [GC (Allocation Failure) 58628K->337K(99136K), 0.0002190 secs]
30.002: [GC (Allocation Failure) 56381K->337K(96960K), 0.0002510 secs]
30.026: [GC (Allocation Failure) 54183K->337K(94912K), 0.0002350 secs]
30.053: [GC (Allocation Failure) 52132K->337K(92992K), 0.0002020 secs]
30.078: [GC (Allocation Failure) 50227K->337K(91136K), 0.0002140 secs]
30.103: [GC (Allocation Failure) 48367K->337K(89344K), 0.0002130 secs]
30.128: [GC (Allocation Failure) 46608K->337K(87680K), 0.0002040 secs]
30.148: [GC (Allocation Failure) 44899K->337K(86080K), 0.0002160 secs]
30.171: [GC (Allocation Failure) 43336K->337K(84544K), 0.0002010 secs]
30.189: [GC (Allocation Failure) 41773K->337K(83072K), 0.0002160 secs]
30.210: [GC (Allocation Failure) 40307K->337K(81664K), 0.0002160 secs]
30.248: [GC (Allocation Failure) 38891K->337K(80320K), 0.0002170 secs]
30.268: [GC (Allocation Failure) 37572K->337K(79040K), 0.0002030 secs]
30.284: [GC (Allocation Failure) 36298K->337K(77824K), 0.0002160 secs]
30.300: [GC (Allocation Failure) 35077K->337K(76672K), 0.0002070 secs]
30.363: [GC (Allocation Failure) 33905K->337K(75584K), 0.0002140 secs]
30.381: [GC (Allocation Failure) 32830K->337K(74560K), 0.0002060 secs]
30.475: [GC (Allocation Failure) 31805K->337K(73536K), 0.0002080 secs]
30.558: [GC (Allocation Failure) 30779K->337K(72576K), 0.0002250 secs]
30.571: [GC (Allocation Failure) 29802K->337K(71680K), 0.0002050 secs]
30.607: [GC (Allocation Failure) 28923K->337K(70784K), 0.0002260 secs]
30.620: [GC (Allocation Failure) 28044K->337K(69952K), 0.0002050 secs]
30.635: [GC (Allocation Failure) 27213K->337K(69120K), 0.0002140 secs]
30.656: [GC (Allocation Failure) 26383K->337K(74368K), 0.0002770 secs]
30.813: [GC (Allocation Failure) 31609K->337K(73344K), 0.0002250 secs]
30.830: [GC (Allocation Failure) 30584K->337K(72384K), 0.0002780 secs]
30.848: [GC (Allocation Failure) 29607K->337K(71488K), 0.0002280 secs]
30.865: [GC (Allocation Failure) 28728K->337K(77184K), 0.0002670 secs]
30.914: [GC (Allocation Failure) 34442K->337K(76032K), 0.0002070 secs]
30.929: [GC (Allocation Failure) 33270K->337K(74944K), 0.0002150 secs]
30.945: [GC (Allocation Failure) 32195K->337K(81344K), 0.0002120 secs]
31.105: [GC (Allocation Failure) 38598K->337K(80000K), 0.0002100 secs]
31.166: [GC (Allocation Failure) 37226K->337K(78720K), 0.0002260 secs]
31.186: [GC (Allocation Failure) 35956K->337K(77504K), 0.0002130 secs]
31.201: [GC (Allocation Failure) 34735K->337K(76352K), 0.0002190 secs]
31.216: [GC (Allocation Failure) 33612K->337K(75264K), 0.0002000 secs]
31.232: [GC (Allocation Failure) 32488K->337K(74240K), 0.0002060 secs]
31.259: [GC (Allocation Failure) 31463K->337K(73216K), 0.0002060 secs]
31.379: [GC (Allocation Failure) 30437K->337K(72256K), 0.0002220 secs]
31.396: [GC (Allocation Failure) 29509K->337K(71360K), 0.0002180 secs]
31.409: [GC (Allocation Failure) 28581K->337K(70464K), 0.0002170 secs]
31.423: [GC (Allocation Failure) 27702K->337K(75968K), 0.0001960 secs]
31.442: [GC (Allocation Failure) 33221K->337K(82560K), 0.0002540 secs]
31.460: [GC (Allocation Failure) 39819K->337K(90496K), 0.0002090 secs]
31.510: [GC (Allocation Failure) 47732K->337K(88768K), 0.0002250 secs]
31.535: [GC (Allocation Failure) 46022K->337K(87104K), 0.0002090 secs]
31.558: [GC (Allocation Failure) 44362K->337K(85504K), 0.0002070 secs]
31.613: [GC (Allocation Failure) 42750K->337K(83968K), 0.0002040 secs]
31.631: [GC (Allocation Failure) 41187K->337K(82560K), 0.0002160 secs]
31.652: [GC (Allocation Failure) 39819K->337K(81216K), 0.0002240 secs]
31.717: [GC (Allocation Failure) 38451K->337K(79936K), 0.0002140 secs]
31.734: [GC (Allocation Failure) 37177K->337K(78656K), 0.0002060 secs]
31.753: [GC (Allocation Failure) 35908K->337K(77440K), 0.0002160 secs]
31.815: [GC (Allocation Failure) 34686K->337K(76288K), 0.0002080 secs]
31.834: [GC (Allocation Failure) 33514K->337K(75200K), 0.0002030 secs]
31.852: [GC (Allocation Failure) 32440K->337K(74176K), 0.0002290 secs]
31.867: [GC (Allocation Failure) 31414K->337K(73152K), 0.0002040 secs]
31.964: [GC (Allocation Failure) 30388K->337K(72192K), 0.0002230 secs]
31.981: [GC (Allocation Failure) 29411K->337K(71296K), 0.0002250 secs]
32.013: [GC (Allocation Failure) 28532K->337K(70400K), 0.0002180 secs]
32.030: [GC (Allocation Failure) 27653K->337K(69568K), 0.0002390 secs]
32.058: [GC (Allocation Failure) 26823K->337K(68800K), 0.0002140 secs]
32.106: [GC (Allocation Failure) 26041K->337K(68032K), 0.0002270 secs]
32.117: [GC (Allocation Failure) 25260K->337K(67328K), 0.0002040 secs]
32.132: [GC (Allocation Failure) 24572K->337K(72192K), 0.0002160 secs]
32.236: [GC (Allocation Failure) 29411K->337K(71296K), 0.0002170 secs]
32.260: [GC (Allocation Failure) 28532K->337K(70400K), 0.0002050 secs]
32.307: [GC (Allocation Failure) 27653K->337K(69568K), 0.0002770 secs]
32.363: [GC (Allocation Failure) 26823K->337K(68800K), 0.0002100 secs]
32.374: [GC (Allocation Failure) 26041K->337K(68032K), 0.0002390 secs]
32.389: [GC (Allocation Failure) 25260K->337K(73024K), 0.0002720 secs]
32.403: [GC (Allocation Failure) 30242K->337K(79040K), 0.0002710 secs]
32.563: [GC (Allocation Failure) 36298K->337K(77824K), 0.0002170 secs]
32.579: [GC (Allocation Failure) 35077K->337K(84800K), 0.0002040 secs]
32.597: [GC (Allocation Failure) 42017K->337K(93184K), 0.0002070 secs]
32.673: [GC (Allocation Failure) 50422K->337K(91328K), 0.0002210 secs]
32.698: [GC (Allocation Failure) 48562K->337K(89536K), 0.0002050 secs]
32.718: [GC (Allocation Failure) 46755K->337K(87872K), 0.0002110 secs]
32.741: [GC (Allocation Failure) 45094K->337K(86272K), 0.0002180 secs]
32.760: [GC (Allocation Failure) 43531K->337K(84736K), 0.0002060 secs]
32.783: [GC (Allocation Failure) 41968K->337K(83264K), 0.0002050 secs]
32.801: [GC (Allocation Failure) 40503K->337K(81856K), 0.0002060 secs]
32.869: [GC (Allocation Failure) 39086K->337K(80512K), 0.0002160 secs]
32.886: [GC (Allocation Failure) 37768K->337K(79232K), 0.0002070 secs]
32.968: [GC (Allocation Failure) 36494K->337K(78016K), 0.0002260 secs]
32.987: [GC (Allocation Failure) 35273K->337K(76864K), 0.0002170 secs]
33.006: [GC (Allocation Failure) 34100K->337K(75776K), 0.0002410 secs]
33.025: [GC (Allocation Failure) 33026K->337K(74688K), 0.0002210 secs]
33.043: [GC (Allocation Failure) 31951K->337K(73664K), 0.0002130 secs]
33.057: [GC (Allocation Failure) 30925K->337K(79808K), 0.0002140 secs]
33.165: [GC (Allocation Failure) 37031K->337K(78592K), 0.0002050 secs]
33.214: [GC (Allocation Failure) 35810K->337K(77376K), 0.0002060 secs]
33.234: [GC (Allocation Failure) 34638K->337K(76224K), 0.0002160 secs]
33.252: [GC (Allocation Failure) 33465K->337K(75136K), 0.0002130 secs]
33.267: [GC (Allocation Failure) 32391K->337K(74112K), 0.0002040 secs]
33.409: [GC (Allocation Failure) 31365K->337K(73152K), 0.0002250 secs]
33.427: [GC (Allocation Failure) 30388K->337K(72192K), 0.0001970 secs]
33.445: [GC (Allocation Failure) 29411K->337K(71296K), 0.0002290 secs]
33.507: [GC (Allocation Failure) 28532K->337K(70400K), 0.0002030 secs]
33.543: [GC (Allocation Failure) 27653K->337K(69568K), 0.0002290 secs]
33.555: [GC (Allocation Failure) 26823K->337K(68800K), 0.0002040 secs]
33.570: [GC (Allocation Failure) 26041K->337K(73984K), 0.0002730 secs]
33.584: [GC (Allocation Failure) 31219K->337K(80192K), 0.0002090 secs]
33.601: [GC (Allocation Failure) 37426K->337K(87616K), 0.0002060 secs]
33.620: [GC (Allocation Failure) 44850K->337K(96576K), 0.0002160 secs]
33.644: [GC (Allocation Failure) 53841K->337K(94528K), 0.0002060 secs]
33.676: [GC (Allocation Failure) 51790K->337K(92608K), 0.0002240 secs]
33.699: [GC (Allocation Failure) 49836K->337K(90752K), 0.0002050 secs]
33.724: [GC (Allocation Failure) 47976K->337K(89024K), 0.0002070 secs]
33.819: [GC (Allocation Failure) 46266K->337K(87360K), 0.0002060 secs]
33.869: [GC (Allocation Failure) 44606K->337K(85760K), 0.0002170 secs]
33.887: [GC (Allocation Failure) 42994K->337K(84224K), 0.0002050 secs]
33.910: [GC (Allocation Failure) 41480K->337K(82752K), 0.0002130 secs]
33.928: [GC (Allocation Failure) 40014K->337K(81344K), 0.0002070 secs]
33.967: [GC (Allocation Failure) 38598K->337K(80000K), 0.0002180 secs]
34.009: [GC (Allocation Failure) 37226K->337K(78720K), 0.0002740 secs]
34.069: [GC (Allocation Failure) 35956K->337K(77504K), 0.0002160 secs]
34.085: [GC (Allocation Failure) 34735K->337K(76352K), 0.0002100 secs]
34.114: [GC (Allocation Failure) 33612K->337K(75264K), 0.0015500 secs]
34.168: [GC (Allocation Failure) 32488K->337K(74240K), 0.0002230 secs]
34.185: [GC (Allocation Failure) 31463K->337K(73216K), 0.0002060 secs]
34.317: [GC (Allocation Failure) 30437K->337K(72256K), 0.0002060 secs]
34.334: [GC (Allocation Failure) 29509K->337K(71360K), 0.0002160 secs]
34.348: [GC (Allocation Failure) 28581K->337K(70464K), 0.0002160 secs]
34.364: [GC (Allocation Failure) 27702K->337K(69632K), 0.0002020 secs]
34.379: [GC (Allocation Failure) 26871K->337K(74944K), 0.0002280 secs]
34.394: [GC (Allocation Failure) 32195K->337K(81344K), 0.0002050 secs]
34.417: [GC (Allocation Failure) 38598K->337K(89024K), 0.0002170 secs]
34.441: [GC (Allocation Failure) 46266K->337K(87360K), 0.0002260 secs]
34.473: [GC (Allocation Failure) 44606K->337K(85760K), 0.0002160 secs]
34.496: [GC (Allocation Failure) 42994K->337K(84224K), 0.0002150 secs]
34.515: [GC (Allocation Failure) 41480K->337K(82752K), 0.0002050 secs]
34.537: [GC (Allocation Failure) 40014K->337K(81344K), 0.0002150 secs]
34.621: [GC (Allocation Failure) 38598K->337K(80000K), 0.0002080 secs]
34.641: [GC (Allocation Failure) 37226K->337K(78720K), 0.0002110 secs]
34.661: [GC (Allocation Failure) 35956K->337K(77504K), 0.0002160 secs]
34.677: [GC (Allocation Failure) 34735K->337K(76352K), 0.0002060 secs]
34.691: [GC (Allocation Failure) 33612K->337K(75264K), 0.0002170 secs]
34.710: [GC (Allocation Failure) 32488K->337K(74240K), 0.0002170 secs]
34.728: [GC (Allocation Failure) 31463K->337K(73216K), 0.0002150 secs]
34.742: [GC (Allocation Failure) 30437K->337K(79296K), 0.0002300 secs]
34.758: [GC (Allocation Failure) 36543K->337K(86592K), 0.0002060 secs]
34.781: [GC (Allocation Failure) 43824K->337K(95296K), 0.0002040 secs]
34.804: [GC (Allocation Failure) 52522K->337K(105792K), 0.0002720 secs]
34.882: [GC (Allocation Failure) 63028K->337K(103360K), 0.0002270 secs]
34.913: [GC (Allocation Failure) 60582K->337K(100992K), 0.0002250 secs]
34.976: [GC (Allocation Failure) 58237K->337K(98752K), 0.0002160 secs]
35.000: [GC (Allocation Failure) 55990K->337K(96640K), 0.0002050 secs]
35.122: [GC (Allocation Failure) 53890K->337K(94592K), 0.0002270 secs]
35.145: [GC (Allocation Failure) 51839K->337K(92672K), 0.0002070 secs]
35.216: [GC (Allocation Failure) 49934K->337K(90816K), 0.0002140 secs]
35.243: [GC (Allocation Failure) 48074K->337K(89088K), 0.0002280 secs]
35.268: [GC (Allocation Failure) 46315K->337K(87424K), 0.0002250 secs]
35.321: [GC (Allocation Failure) 44655K->337K(85824K), 0.0002180 secs]
35.343: [GC (Allocation Failure) 43043K->337K(84288K), 0.0002050 secs]
35.370: [GC (Allocation Failure) 41529K->337K(82816K), 0.0003340 secs]
35.410: [GC (Allocation Failure) 40063K->337K(81408K), 0.0002080 secs]
35.445: [GC (Allocation Failure) 38647K->337K(80064K), 0.0002230 secs]
35.465: [GC (Allocation Failure) 37324K->337K(78784K), 0.0002050 secs]
35.481: [GC (Allocation Failure) 36005K->337K(77568K), 0.0002170 secs]
35.500: [GC (Allocation Failure) 34833K->337K(76416K), 0.0002040 secs]
35.515: [GC (Allocation Failure) 33661K->337K(75328K), 0.0002060 secs]
35.533: [GC (Allocation Failure) 32586K->337K(74304K), 0.0002130 secs]
35.551: [GC (Allocation Failure) 31560K->337K(73280K), 0.0002020 secs]
35.565: [GC (Allocation Failure) 30535K->337K(79360K), 0.0002300 secs]
35.585: [GC (Allocation Failure) 36591K->337K(86656K), 0.0002240 secs]
35.625: [GC (Allocation Failure) 43873K->337K(85120K), 0.0002220 secs]
35.644: [GC (Allocation Failure) 42359K->337K(83648K), 0.0002090 secs]
35.774: [GC (Allocation Failure) 40894K->337K(82240K), 0.0002850 secs]
35.795: [GC (Allocation Failure) 39477K->337K(80896K), 0.0002050 secs]
35.812: [GC (Allocation Failure) 38158K->337K(79616K), 0.0002780 secs]
35.839: [GC (Allocation Failure) 36836K->337K(78400K), 0.0002250 secs]
35.860: [GC (Allocation Failure) 35663K->337K(77248K), 0.0002220 secs]
35.879: [GC (Allocation Failure) 34491K->337K(76096K), 0.0002130 secs]
35.914: [GC (Allocation Failure) 33319K->337K(75008K), 0.0002100 secs]
35.933: [GC (Allocation Failure) 32244K->337K(73984K), 0.0002160 secs]
35.946: [GC (Allocation Failure) 31219K->337K(73024K), 0.0002060 secs]
35.966: [GC (Allocation Failure) 30242K->337K(72064K), 0.0002310 secs]
35.978: [GC (Allocation Failure) 29314K->337K(77888K), 0.0002060 secs]
36.015: [GC (Allocation Failure) 35126K->337K(76736K), 0.0002240 secs]
36.029: [GC (Allocation Failure) 33954K->337K(75648K), 0.0002050 secs]
36.048: [GC (Allocation Failure) 32879K->337K(82176K), 0.0002180 secs]
36.120: [GC (Allocation Failure) 39428K->337K(80832K), 0.0002240 secs]
36.138: [GC (Allocation Failure) 38061K->337K(79552K), 0.0002070 secs]
36.158: [GC (Allocation Failure) 36787K->337K(78336K), 0.0002150 secs]
36.178: [GC (Allocation Failure) 35566K->337K(77184K), 0.0002040 secs]
36.193: [GC (Allocation Failure) 34442K->337K(76032K), 0.0002200 secs]
36.316: [GC (Allocation Failure) 33270K->337K(74944K), 0.0002310 secs]
36.330: [GC (Allocation Failure) 32195K->337K(81344K), 0.0002800 secs]
36.424: [GC (Allocation Failure) 38598K->337K(80000K), 0.0002190 secs]
36.444: [GC (Allocation Failure) 37226K->337K(78720K), 0.0002090 secs]
36.464: [GC (Allocation Failure) 35956K->337K(77504K), 0.0002210 secs]
36.479: [GC (Allocation Failure) 34735K->337K(76352K), 0.0002190 secs]
36.494: [GC (Allocation Failure) 33612K->337K(83008K), 0.0002060 secs]
36.612: [GC (Allocation Failure) 40259K->337K(81600K), 0.0002070 secs]
36.639: [GC (Allocation Failure) 38842K->337K(80256K), 0.0002850 secs]
36.656: [GC (Allocation Failure) 37475K->337K(78976K), 0.0002720 secs]
36.723: [GC (Allocation Failure) 36201K->337K(77760K), 0.0002260 secs]
36.742: [GC (Allocation Failure) 34980K->337K(76608K), 0.0002100 secs]
36.757: [GC (Allocation Failure) 33856K->337K(75520K), 0.0002170 secs]
36.833: [GC (Allocation Failure) 32782K->337K(74496K), 0.0002320 secs]
36.851: [GC (Allocation Failure) 31756K->337K(73472K), 0.0002710 secs]
36.865: [GC (Allocation Failure) 30730K->337K(79552K), 0.0002330 secs]
36.885: [GC (Allocation Failure) 36787K->337K(86848K), 0.0002250 secs]
36.973: [GC (Allocation Failure) 44068K->337K(85312K), 0.0002070 secs]
37.026: [GC (Allocation Failure) 42554K->337K(83840K), 0.0002130 secs]
37.044: [GC (Allocation Failure) 41089K->337K(82432K), 0.0002070 secs]
37.071: [GC (Allocation Failure) 39673K->337K(81088K), 0.0002150 secs]
37.088: [GC (Allocation Failure) 38305K->337K(79808K), 0.0002090 secs]
37.105: [GC (Allocation Failure) 37031K->337K(78592K), 0.0002070 secs]
37.224: [GC (Allocation Failure) 35810K->337K(77376K), 0.0002210 secs]
37.239: [GC (Allocation Failure) 34638K->337K(76224K), 0.0002060 secs]
37.273: [GC (Allocation Failure) 33465K->337K(75136K), 0.0002150 secs]
37.288: [GC (Allocation Failure) 32391K->337K(74112K), 0.0002720 secs]
37.318: [GC (Allocation Failure) 31365K->337K(73152K), 0.0002090 secs]
37.372: [GC (Allocation Failure) 30388K->337K(72192K), 0.0002870 secs]
37.389: [GC (Allocation Failure) 29411K->337K(71296K), 0.0002070 secs]
37.408: [GC (Allocation Failure) 28532K->337K(70400K), 0.0002300 secs]
37.423: [GC (Allocation Failure) 27653K->337K(69568K), 0.0002150 secs]
37.439: [GC (Allocation Failure) 26823K->337K(68800K), 0.0002060 secs]
37.451: [GC (Allocation Failure) 26041K->337K(73984K), 0.0002300 secs]
37.469: [GC (Allocation Failure) 31219K->337K(80192K), 0.0002040 secs]
37.489: [GC (Allocation Failure) 37426K->337K(87616K), 0.0002140 secs]
37.514: [GC (Allocation Failure) 44850K->337K(86016K), 0.0002220 secs]
37.573: [GC (Allocation Failure) 43238K->337K(84480K), 0.0002110 secs]
37.618: [GC (Allocation Failure) 41724K->337K(83008K), 0.0002080 secs]
37.772: [GC (Allocation Failure) 40259K->337K(81600K), 0.0002190 secs]
37.793: [GC (Allocation Failure) 38842K->337K(80256K), 0.0002050 secs]
37.835: [GC (Allocation Failure) 37475K->337K(78976K), 0.0002210 secs]
37.855: [GC (Allocation Failure) 36201K->337K(77760K), 0.0002070 secs]
37.874: [GC (Allocation Failure) 34980K->337K(76608K), 0.0002130 secs]
37.890: [GC (Allocation Failure) 33856K->337K(75520K), 0.0002060 secs]
37.923: [GC (Allocation Failure) 32782K->337K(74496K), 0.0002170 secs]
37.941: [GC (Allocation Failure) 31756K->337K(73472K), 0.0002750 secs]
37.955: [GC (Allocation Failure) 30730K->337K(79552K), 0.0002240 secs]
38.076: [GC (Allocation Failure) 36787K->337K(78336K), 0.0002280 secs]
38.095: [GC (Allocation Failure) 35566K->337K(77184K), 0.0002140 secs]
38.110: [GC (Allocation Failure) 34442K->337K(76032K), 0.0002210 secs]
38.129: [GC (Allocation Failure) 33270K->337K(74944K), 0.0002160 secs]
38.143: [GC (Allocation Failure) 32195K->337K(81344K), 0.0002070 secs]
38.160: [GC (Allocation Failure) 38598K->337K(89024K), 0.0002170 secs]
38.184: [GC (Allocation Failure) 46266K->337K(87360K), 0.0002150 secs]
38.225: [GC (Allocation Failure) 44606K->337K(85760K), 0.0002180 secs]
38.244: [GC (Allocation Failure) 42994K->337K(84224K), 0.0002060 secs]
38.321: [GC (Allocation Failure) 41480K->337K(82752K), 0.0002200 secs]
38.339: [GC (Allocation Failure) 40014K->337K(81344K), 0.0002090 secs]
38.375: [GC (Allocation Failure) 38598K->337K(80000K), 0.0002120 secs]
38.395: [GC (Allocation Failure) 37226K->337K(78720K), 0.0002120 secs]
38.415: [GC (Allocation Failure) 35956K->337K(77504K), 0.0002130 secs]
38.430: [GC (Allocation Failure) 34735K->337K(76352K), 0.0002070 secs]
38.474: [GC (Allocation Failure) 33612K->337K(75264K), 0.0002640 secs]
38.489: [GC (Allocation Failure) 32488K->337K(74240K), 0.0002100 secs]
38.520: [GC (Allocation Failure) 31463K->337K(73216K), 0.0002160 secs]
38.537: [GC (Allocation Failure) 30437K->337K(72256K), 0.0002020 secs]
38.607: [GC (Allocation Failure) 29509K->337K(71360K), 0.0002040 secs]
38.669: [GC (Allocation Failure) 28581K->337K(70464K), 0.0002040 secs]
38.715: [GC (Allocation Failure) 27702K->337K(69632K), 0.0002900 secs]
38.731: [GC (Allocation Failure) 26871K->337K(68864K), 0.0002110 secs]
38.747: [GC (Allocation Failure) 26090K->337K(68096K), 0.0002150 secs]
38.758: [GC (Allocation Failure) 25357K->337K(73152K), 0.0002170 secs]
38.813: [GC (Allocation Failure) 30388K->337K(72192K), 0.0002150 secs]
38.826: [GC (Allocation Failure) 29411K->337K(78016K), 0.0002160 secs]
38.842: [GC (Allocation Failure) 35273K->337K(85056K), 0.0002080 secs]
38.860: [GC (Allocation Failure) 42310K->337K(93504K), 0.0002050 secs]
38.929: [GC (Allocation Failure) 50764K->337K(91648K), 0.0002160 secs]
38.954: [GC (Allocation Failure) 48904K->337K(89856K), 0.0002240 secs]
39.027: [GC (Allocation Failure) 47097K->337K(88128K), 0.0002170 secs]
39.051: [GC (Allocation Failure) 45387K->337K(86528K), 0.0002060 secs]
39.225: [GC (Allocation Failure) 43775K->337K(84992K), 0.0002990 secs]
39.253: [GC (Allocation Failure) 42212K->337K(83520K), 0.0002140 secs]
39.275: [GC (Allocation Failure) 40747K->337K(82112K), 0.0002070 secs]
39.293: [GC (Allocation Failure) 39331K->337K(80768K), 0.0002070 secs]
39.324: [GC (Allocation Failure) 38012K->337K(79488K), 0.0002150 secs]
39.340: [GC (Allocation Failure) 36738K->337K(78272K), 0.0002140 secs]
39.377: [GC (Allocation Failure) 35517K->337K(77120K), 0.0002250 secs]
39.392: [GC (Allocation Failure) 34345K->337K(75968K), 0.0002770 secs]
39.406: [GC (Allocation Failure) 33221K->337K(82560K), 0.0002070 secs]
39.441: [GC (Allocation Failure) 39819K->337K(81216K), 0.0002190 secs]
39.463: [GC (Allocation Failure) 38451K->337K(79936K), 0.0002720 secs]
39.479: [GC (Allocation Failure) 37177K->337K(78656K), 0.0002050 secs]
39.517: [GC (Allocation Failure) 35908K->337K(77440K), 0.0002300 secs]
39.577: [GC (Allocation Failure) 34686K->337K(76288K), 0.0002140 secs]
39.595: [GC (Allocation Failure) 33514K->337K(75200K), 0.0002100 secs]
39.613: [GC (Allocation Failure) 32440K->337K(74176K), 0.0002230 secs]
39.671: [GC (Allocation Failure) 31414K->337K(73152K), 0.0002170 secs]
39.684: [GC (Allocation Failure) 30388K->337K(72192K), 0.0002050 secs]
39.697: [GC (Allocation Failure) 29411K->337K(78016K), 0.0002170 secs]
39.713: [GC (Allocation Failure) 35273K->337K(85056K), 0.0002060 secs]
39.731: [GC (Allocation Failure) 42310K->337K(93504K), 0.0002060 secs]
39.834: [GC (Allocation Failure) 50764K->337K(91648K), 0.0002250 secs]
39.855: [GC (Allocation Failure) 48904K->337K(89856K), 0.0002050 secs]
39.927: [GC (Allocation Failure) 47097K->337K(88128K), 0.0002480 secs]
39.947: [GC (Allocation Failure) 45387K->337K(86528K), 0.0002190 secs]
39.966: [GC (Allocation Failure) 43775K->337K(84992K), 0.0002060 secs]
39.984: [GC (Allocation Failure) 42212K->337K(83520K), 0.0002200 secs]
40.024: [GC (Allocation Failure) 40747K->337K(82112K), 0.0002250 secs]
40.041: [GC (Allocation Failure) 39331K->337K(80768K), 0.0002060 secs]
40.116: [GC (Allocation Failure) 38012K->337K(79488K), 0.0002300 secs]
40.137: [GC (Allocation Failure) 36738K->337K(78272K), 0.0002170 secs]
40.228: [GC (Allocation Failure) 35517K->337K(77120K), 0.0002030 secs]
40.243: [GC (Allocation Failure) 34345K->337K(75968K), 0.0002050 secs]
40.257: [GC (Allocation Failure) 33221K->337K(74880K), 0.0002060 secs]
40.275: [GC (Allocation Failure) 32098K->337K(73856K), 0.0002170 secs]
40.376: [GC (Allocation Failure) 31121K->337K(72896K), 0.0002060 secs]
40.390: [GC (Allocation Failure) 30144K->337K(71936K), 0.0002180 secs]
40.480: [GC (Allocation Failure) 29167K->337K(71040K), 0.0002240 secs]
40.493: [GC (Allocation Failure) 28288K->337K(70208K), 0.0002050 secs]
40.505: [GC (Allocation Failure) 27458K->337K(75648K), 0.0002060 secs]
40.523: [GC (Allocation Failure) 32879K->337K(82176K), 0.0002150 secs]
40.541: [GC (Allocation Failure) 39428K->337K(90048K), 0.0002080 secs]
40.561: [GC (Allocation Failure) 47292K->337K(88320K), 0.0002060 secs]
40.683: [GC (Allocation Failure) 45583K->337K(86656K), 0.0002150 secs]
40.704: [GC (Allocation Failure) 43873K->337K(85120K), 0.0001910 secs]
40.722: [GC (Allocation Failure) 42359K->337K(83648K), 0.0002170 secs]
40.744: [GC (Allocation Failure) 40894K->337K(82240K), 0.0002020 secs]
40.765: [GC (Allocation Failure) 39477K->337K(80896K), 0.0002160 secs]
40.782: [GC (Allocation Failure) 38158K->337K(79616K), 0.0002070 secs]
40.798: [GC (Allocation Failure) 36836K->337K(78400K), 0.0002170 secs]
40.814: [GC (Allocation Failure) 35663K->337K(77248K), 0.0002060 secs]
40.833: [GC (Allocation Failure) 34491K->337K(84096K), 0.0002280 secs]
40.851: [GC (Allocation Failure) 41333K->337K(82624K), 0.0002040 secs]
40.869: [GC (Allocation Failure) 39868K->337K(81280K), 0.0002060 secs]
40.885: [GC (Allocation Failure) 38500K->337K(88960K), 0.0002060 secs]
40.980: [GC (Allocation Failure) 46218K->337K(87296K), 0.0002170 secs]
40.999: [GC (Allocation Failure) 44557K->337K(85696K), 0.0002050 secs]
41.078: [GC (Allocation Failure) 42945K->337K(84160K), 0.0002280 secs]
41.100: [GC (Allocation Failure) 41382K->337K(82688K), 0.0002250 secs]
41.128: [GC (Allocation Failure) 39917K->337K(81344K), 0.0002150 secs]
41.148: [GC (Allocation Failure) 38598K->337K(80000K), 0.0002030 secs]
41.174: [GC (Allocation Failure) 37226K->337K(78720K), 0.0002700 secs]
41.224: [GC (Allocation Failure) 35956K->337K(77504K), 0.0002170 secs]
41.239: [GC (Allocation Failure) 34735K->337K(76352K), 0.0002150 secs]
41.325: [GC (Allocation Failure) 33612K->337K(75264K), 0.0002170 secs]
41.343: [GC (Allocation Failure) 32488K->337K(74240K), 0.0002030 secs]
41.378: [GC (Allocation Failure) 31463K->337K(73216K), 0.0002030 secs]
41.392: [GC (Allocation Failure) 30437K->337K(72256K), 0.0002310 secs]
41.423: [GC (Allocation Failure) 29509K->337K(71360K), 0.0002210 secs]
41.443: [GC (Allocation Failure) 28581K->337K(70464K), 0.0002140 secs]
41.471: [GC (Allocation Failure) 27702K->337K(69632K), 0.0002120 secs]
41.487: [GC (Allocation Failure) 26871K->337K(68864K), 0.0002070 secs]
41.502: [GC (Allocation Failure) 26090K->337K(68096K), 0.0002050 secs]
41.513: [GC (Allocation Failure) 25357K->337K(73152K), 0.0002160 secs]
41.527: [GC (Allocation Failure) 30388K->337K(79168K), 0.0002140 secs]
41.547: [GC (Allocation Failure) 36396K->337K(86400K), 0.0002020 secs]
41.566: [GC (Allocation Failure) 43629K->337K(95104K), 0.0002160 secs]
41.592: [GC (Allocation Failure) 52327K->337K(93120K), 0.0002170 secs]
41.632: [GC (Allocation Failure) 50373K->337K(91264K), 0.0002060 secs]
41.682: [GC (Allocation Failure) 48513K->337K(89472K), 0.0002060 secs]
41.831: [GC (Allocation Failure) 46706K->337K(87808K), 0.0002160 secs]
41.851: [GC (Allocation Failure) 45045K->337K(86208K), 0.0002060 secs]
41.874: [GC (Allocation Failure) 43433K->337K(84672K), 0.0002020 secs]
41.896: [GC (Allocation Failure) 41919K->337K(83200K), 0.0002250 secs]
41.924: [GC (Allocation Failure) 40454K->337K(81792K), 0.0002230 secs]
41.945: [GC (Allocation Failure) 39038K->337K(80448K), 0.0002760 secs]
41.962: [GC (Allocation Failure) 37670K->337K(79168K), 0.0002150 secs]
41.981: [GC (Allocation Failure) 36396K->337K(77952K), 0.0002180 secs]
42.122: [GC (Allocation Failure) 35175K->337K(76800K), 0.0002170 secs]
42.138: [GC (Allocation Failure) 34051K->337K(75712K), 0.0002330 secs]
42.157: [GC (Allocation Failure) 32977K->337K(74624K), 0.0002170 secs]
42.225: [GC (Allocation Failure) 31854K->337K(73600K), 0.0002170 secs]
42.243: [GC (Allocation Failure) 30828K->337K(72640K), 0.0002230 secs]
42.278: [GC (Allocation Failure) 29900K->337K(71744K), 0.0002650 secs]
42.291: [GC (Allocation Failure) 28972K->337K(77504K), 0.0002700 secs]
42.325: [GC (Allocation Failure) 34735K->337K(76352K), 0.0002170 secs]
42.344: [GC (Allocation Failure) 33612K->337K(75264K), 0.0002150 secs]
42.406: [GC (Allocation Failure) 32488K->337K(74240K), 0.0002150 secs]
42.424: [GC (Allocation Failure) 31463K->337K(73216K), 0.0002730 secs]
42.437: [GC (Allocation Failure) 30437K->337K(79296K), 0.0002180 secs]
42.453: [GC (Allocation Failure) 36543K->337K(86592K), 0.0002070 secs]
42.476: [GC (Allocation Failure) 43824K->337K(85056K), 0.0002130 secs]
42.499: [GC (Allocation Failure) 42310K->337K(83584K), 0.0002140 secs]
42.521: [GC (Allocation Failure) 40845K->337K(82176K), 0.0002160 secs]
42.583: [GC (Allocation Failure) 39428K->337K(80832K), 0.0002070 secs]
42.600: [GC (Allocation Failure) 38061K->337K(79552K), 0.0002200 secs]
42.635: [GC (Allocation Failure) 36787K->337K(78336K), 0.0002170 secs]
42.728: [GC (Allocation Failure) 35566K->337K(77184K), 0.0002260 secs]
42.747: [GC (Allocation Failure) 34442K->337K(76032K), 0.0002180 secs]
42.830: [GC (Allocation Failure) 33270K->337K(74944K), 0.0002160 secs]
42.845: [GC (Allocation Failure) 32195K->337K(73920K), 0.0002070 secs]
42.876: [GC (Allocation Failure) 31170K->337K(72960K), 0.0002050 secs]
43.030: [GC (Allocation Failure) 30193K->337K(72000K), 0.0002220 secs]
43.043: [GC (Allocation Failure) 29265K->337K(71104K), 0.0002190 secs]
43.055: [GC (Allocation Failure) 28337K->337K(70272K), 0.0002050 secs]
43.108: [GC (Allocation Failure) 27506K->337K(69440K), 0.0002110 secs]
43.120: [GC (Allocation Failure) 26676K->337K(68672K), 0.0002070 secs]
43.219: [GC (Allocation Failure) 25895K->337K(67904K), 0.0002170 secs]
43.234: [GC (Allocation Failure) 25162K->337K(67200K), 0.0002050 secs]
43.277: [GC (Allocation Failure) 24425K->337K(66496K), 0.0002090 secs]
43.292: [GC (Allocation Failure) 23741K->337K(65856K), 0.0002140 secs]
43.376: [GC (Allocation Failure) 23106K->337K(65216K), 0.0002140 secs]
43.389: [GC (Allocation Failure) 22472K->337K(64576K), 0.0002160 secs]
43.400: [GC (Allocation Failure) 21837K->337K(68928K), 0.0002760 secs]
43.412: [GC (Allocation Failure) 26188K->337K(74112K), 0.0002170 secs]
43.426: [GC (Allocation Failure) 31365K->337K(80320K), 0.0002120 secs]
43.447: [GC (Allocation Failure) 37572K->337K(87808K), 0.0002150 secs]
43.471: [GC (Allocation Failure) 45045K->337K(96768K), 0.0002040 secs]
43.495: [GC (Allocation Failure) 53988K->337K(94720K), 0.0002150 secs]
43.519: [GC (Allocation Failure) 51985K->337K(92800K), 0.0002040 secs]
43.585: [GC (Allocation Failure) 50031K->337K(90944K), 0.0002090 secs]
43.634: [GC (Allocation Failure) 48171K->337K(89216K), 0.0002190 secs]
43.659: [GC (Allocation Failure) 46462K->337K(87552K), 0.0002170 secs]
43.678: [GC (Allocation Failure) 44801K->337K(85952K), 0.0002160 secs]
43.732: [GC (Allocation Failure) 43189K->337K(84416K), 0.0002190 secs]
43.754: [GC (Allocation Failure) 41675K->337K(82944K), 0.0002300 secs]
43.782: [GC (Allocation Failure) 40161K->337K(81536K), 0.0003240 secs]
43.836: [GC (Allocation Failure) 38793K->337K(80192K), 0.0002070 secs]
43.880: [GC (Allocation Failure) 37426K->337K(78912K), 0.0002160 secs]
43.900: [GC (Allocation Failure) 36152K->337K(77696K), 0.0002140 secs]
43.915: [GC (Allocation Failure) 34931K->337K(76544K), 0.0002150 secs]
43.930: [GC (Allocation Failure) 33807K->337K(75456K), 0.0002050 secs]
43.948: [GC (Allocation Failure) 32684K->337K(74432K), 0.0002170 secs]
43.964: [GC (Allocation Failure) 31658K->337K(73408K), 0.0002120 secs]
44.031: [GC (Allocation Failure) 30632K->337K(72448K), 0.0002160 secs]
44.048: [GC (Allocation Failure) 29704K->337K(71552K), 0.0002120 secs]
44.061: [GC (Allocation Failure) 28776K->337K(77248K), 0.0002210 secs]
44.083: [GC (Allocation Failure) 34491K->337K(76096K), 0.0002230 secs]
44.102: [GC (Allocation Failure) 33319K->337K(75008K), 0.0002180 secs]
44.121: [GC (Allocation Failure) 32244K->337K(73984K), 0.0002270 secs]
44.135: [GC (Allocation Failure) 31219K->337K(80192K), 0.0002620 secs]
44.152: [GC (Allocation Failure) 37426K->337K(87616K), 0.0002070 secs]
44.234: [GC (Allocation Failure) 44850K->337K(86016K), 0.0002590 secs]
44.261: [GC (Allocation Failure) 43238K->337K(84480K), 0.0002210 secs]
44.283: [GC (Allocation Failure) 41724K->337K(83008K), 0.0002140 secs]
44.336: [GC (Allocation Failure) 40259K->337K(81600K), 0.0002350 secs]
44.354: [GC (Allocation Failure) 38842K->337K(80256K), 0.0003240 secs]
44.375: [GC (Allocation Failure) 37475K->337K(78976K), 0.0002070 secs]
44.390: [GC (Allocation Failure) 36201K->337K(86208K), 0.0002420 secs]
44.413: [GC (Allocation Failure) 43433K->337K(84672K), 0.0002120 secs]
44.483: [GC (Allocation Failure) 41919K->337K(83200K), 0.0002160 secs]
44.500: [GC (Allocation Failure) 40454K->337K(81792K), 0.0002040 secs]
44.522: [GC (Allocation Failure) 39038K->337K(80448K), 0.0002240 secs]
44.581: [GC (Allocation Failure) 37670K->337K(79168K), 0.0002050 secs]
44.611: [GC (Allocation Failure) 36396K->337K(77952K), 0.0002040 secs]
44.626: [GC (Allocation Failure) 35175K->337K(76800K), 0.0002060 secs]
44.724: [GC (Allocation Failure) 34051K->337K(75712K), 0.0002180 secs]
44.742: [GC (Allocation Failure) 32977K->337K(74624K), 0.0002090 secs]
44.760: [GC (Allocation Failure) 31854K->337K(73600K), 0.0002450 secs]
44.832: [GC (Allocation Failure) 30828K->337K(72640K), 0.0002210 secs]
44.850: [GC (Allocation Failure) 29900K->337K(71744K), 0.0002150 secs]
44.878: [GC (Allocation Failure) 28972K->337K(70848K), 0.0002060 secs]
45.031: [GC (Allocation Failure) 28093K->337K(70016K), 0.0002130 secs]
45.047: [GC (Allocation Failure) 27262K->337K(69184K), 0.0002230 secs]
45.060: [GC (Allocation Failure) 26432K->337K(74432K), 0.0002650 secs]
45.129: [GC (Allocation Failure) 31658K->337K(73408K), 0.0002170 secs]
45.146: [GC (Allocation Failure) 30632K->337K(72448K), 0.0002010 secs]
45.163: [GC (Allocation Failure) 29704K->337K(71552K), 0.0002210 secs]
45.176: [GC (Allocation Failure) 28776K->337K(77248K), 0.0002290 secs]
45.192: [GC (Allocation Failure) 34491K->337K(84096K), 0.0002070 secs]
45.237: [GC (Allocation Failure) 41333K->337K(82624K), 0.0002050 secs]
45.337: [GC (Allocation Failure) 39868K->337K(81280K), 0.0002240 secs]
45.358: [GC (Allocation Failure) 38500K->337K(80000K), 0.0002030 secs]
45.379: [GC (Allocation Failure) 37226K->337K(78720K), 0.0002150 secs]
45.399: [GC (Allocation Failure) 35956K->337K(77504K), 0.0002180 secs]
45.415: [GC (Allocation Failure) 34735K->337K(76352K), 0.0001990 secs]
45.438: [GC (Allocation Failure) 33612K->337K(75264K), 0.0002130 secs]
45.453: [GC (Allocation Failure) 32488K->337K(74240K), 0.0002070 secs]
45.480: [GC (Allocation Failure) 31463K->337K(73216K), 0.0002770 secs]
45.528: [GC (Allocation Failure) 30437K->337K(72256K), 0.0002160 secs]
45.545: [GC (Allocation Failure) 29509K->337K(71360K), 0.0002190 secs]
45.607: [GC (Allocation Failure) 28581K->337K(70464K), 0.0002180 secs]
45.619: [GC (Allocation Failure) 27702K->337K(69632K), 0.0002040 secs]
45.631: [GC (Allocation Failure) 26871K->337K(74944K), 0.0002060 secs]
45.649: [GC (Allocation Failure) 32195K->337K(81344K), 0.0002130 secs]
45.687: [GC (Allocation Failure) 38598K->337K(80000K), 0.0002030 secs]
45.707: [GC (Allocation Failure) 37226K->337K(78720K), 0.0002160 secs]
45.732: [GC (Allocation Failure) 35956K->337K(77504K), 0.0002180 secs]
45.751: [GC (Allocation Failure) 34735K->337K(76352K), 0.0002140 secs]
45.781: [GC (Allocation Failure) 33612K->337K(75264K), 0.0002060 secs]
45.833: [GC (Allocation Failure) 32488K->337K(74240K), 0.0002190 secs]
45.929: [GC (Allocation Failure) 31463K->337K(73216K), 0.0002220 secs]
45.984: [GC (Allocation Failure) 30437K->337K(72256K), 0.0002200 secs]
46.001: [GC (Allocation Failure) 29509K->337K(71360K), 0.0002040 secs]
46.029: [GC (Allocation Failure) 28581K->337K(70464K), 0.0002070 secs]
46.111: [GC (Allocation Failure) 27702K->337K(69632K), 0.0002290 secs]
46.127: [GC (Allocation Failure) 26871K->337K(68864K), 0.0004040 secs]
46.144: [GC (Allocation Failure) 26090K->337K(68096K), 0.0002060 secs]
46.156: [GC (Allocation Failure) 25357K->337K(73152K), 0.0002150 secs]
46.180: [GC (Allocation Failure) 30388K->337K(79168K), 0.0002290 secs]
46.201: [GC (Allocation Failure) 36396K->337K(86400K), 0.0002160 secs]
46.220: [GC (Allocation Failure) 43629K->337K(84864K), 0.0002060 secs]
46.238: [GC (Allocation Failure) 42115K->337K(83392K), 0.0002050 secs]
46.256: [GC (Allocation Failure) 40649K->337K(81984K), 0.0002170 secs]
46.288: [GC (Allocation Failure) 39233K->337K(80640K), 0.0002160 secs]
46.304: [GC (Allocation Failure) 37865K->337K(79360K), 0.0002070 secs]
46.337: [GC (Allocation Failure) 36591K->337K(78144K), 0.0002150 secs]
46.356: [GC (Allocation Failure) 35370K->337K(76992K), 0.0002070 secs]
46.372: [GC (Allocation Failure) 34247K->337K(75904K), 0.0002030 secs]
46.486: [GC (Allocation Failure) 33123K->337K(74816K), 0.0002240 secs]
46.504: [GC (Allocation Failure) 32049K->337K(73792K), 0.0002360 secs]
46.585: [GC (Allocation Failure) 31023K->337K(72832K), 0.0002150 secs]
46.602: [GC (Allocation Failure) 30095K->337K(71872K), 0.0002120 secs]
46.617: [GC (Allocation Failure) 29118K->337K(70976K), 0.0001980 secs]
46.724: [GC (Allocation Failure) 28239K->337K(70144K), 0.0002110 secs]
46.740: [GC (Allocation Failure) 27409K->337K(69312K), 0.0002750 secs]
46.752: [GC (Allocation Failure) 26530K->337K(74560K), 0.0002200 secs]
46.782: [GC (Allocation Failure) 31805K->337K(73536K), 0.0002190 secs]
46.831: [GC (Allocation Failure) 30779K->337K(72576K), 0.0002770 secs]
46.885: [GC (Allocation Failure) 29802K->337K(71680K), 0.0002200 secs]
46.902: [GC (Allocation Failure) 28923K->337K(70784K), 0.0002230 secs]
46.918: [GC (Allocation Failure) 28044K->337K(69952K), 0.0002040 secs]
46.930: [GC (Allocation Failure) 27213K->337K(75328K), 0.0002170 secs]
46.948: [GC (Allocation Failure) 32586K->337K(81792K), 0.0002240 secs]
47.085: [GC (Allocation Failure) 39038K->337K(80448K), 0.0002080 secs]
47.114: [GC (Allocation Failure) 37670K->337K(79168K), 0.0001920 secs]
47.130: [GC (Allocation Failure) 36396K->337K(77952K), 0.0002090 secs]
47.183: [GC (Allocation Failure) 35175K->337K(76800K), 0.0002180 secs]
47.202: [GC (Allocation Failure) 34051K->337K(75712K), 0.0002060 secs]
47.217: [GC (Allocation Failure) 32977K->337K(74624K), 0.0002080 secs]
47.231: [GC (Allocation Failure) 31854K->337K(73600K), 0.0002060 secs]
47.248: [GC (Allocation Failure) 30828K->337K(79744K), 0.0002180 secs]
47.264: [GC (Allocation Failure) 36982K->337K(87104K), 0.0002060 secs]
47.292: [GC (Allocation Failure) 44362K->337K(85504K), 0.0002200 secs]
47.311: [GC (Allocation Failure) 42750K->337K(83968K), 0.0002050 secs]
47.337: [GC (Allocation Failure) 41187K->337K(82560K), 0.0002200 secs]
47.409: [GC (Allocation Failure) 39819K->337K(81216K), 0.0002080 secs]
47.440: [GC (Allocation Failure) 38451K->337K(79936K), 0.0002150 secs]
47.457: [GC (Allocation Failure) 37177K->337K(78656K), 0.0002170 secs]
47.476: [GC (Allocation Failure) 35908K->337K(77440K), 0.0002030 secs]
47.496: [GC (Allocation Failure) 34686K->337K(76288K), 0.0002150 secs]
47.515: [GC (Allocation Failure) 33514K->337K(75200K), 0.0002130 secs]
47.537: [GC (Allocation Failure) 32440K->337K(74176K), 0.0002110 secs]
47.550: [GC (Allocation Failure) 31414K->337K(80448K), 0.0002820 secs]
47.615: [GC (Allocation Failure) 37670K->337K(79168K), 0.0002300 secs]
47.632: [GC (Allocation Failure) 36396K->337K(77952K), 0.0002320 secs]
47.648: [GC (Allocation Failure) 35175K->337K(84928K), 0.0002050 secs]
47.669: [GC (Allocation Failure) 42164K->337K(83456K), 0.0002160 secs]
47.736: [GC (Allocation Failure) 40698K->337K(82048K), 0.0002180 secs]
47.753: [GC (Allocation Failure) 39282K->337K(80704K), 0.0002080 secs]
47.774: [GC (Allocation Failure) 37963K->337K(79424K), 0.0002120 secs]
47.930: [GC (Allocation Failure) 36689K->337K(78208K), 0.0002370 secs]
47.946: [GC (Allocation Failure) 35468K->337K(77056K), 0.0002150 secs]
47.961: [GC (Allocation Failure) 34296K->337K(75904K), 0.0002050 secs]
47.975: [GC (Allocation Failure) 33123K->337K(74816K), 0.0002060 secs]
48.033: [GC (Allocation Failure) 32049K->337K(73792K), 0.0002130 secs]
48.047: [GC (Allocation Failure) 31023K->337K(72832K), 0.0002260 secs]
48.060: [GC (Allocation Failure) 30095K->337K(78784K), 0.0002040 secs]
48.079: [GC (Allocation Failure) 36005K->337K(85952K), 0.0002140 secs]
48.238: [GC (Allocation Failure) 43189K->337K(84416K), 0.0002080 secs]
48.288: [GC (Allocation Failure) 41675K->337K(82944K), 0.0002060 secs]
48.334: [GC (Allocation Failure) 40161K->337K(81536K), 0.0002040 secs]
48.384: [GC (Allocation Failure) 38793K->337K(80192K), 0.0002320 secs]
48.405: [GC (Allocation Failure) 37426K->337K(78912K), 0.0002220 secs]
48.426: [GC (Allocation Failure) 36152K->337K(77696K), 0.0002220 secs]
48.442: [GC (Allocation Failure) 34931K->337K(76544K), 0.0002320 secs]
48.457: [GC (Allocation Failure) 33807K->337K(75456K), 0.0002150 secs]
48.534: [GC (Allocation Failure) 32684K->337K(74432K), 0.0002360 secs]
48.548: [GC (Allocation Failure) 31658K->337K(73408K), 0.0002060 secs]
48.566: [GC (Allocation Failure) 30632K->337K(72448K), 0.0002130 secs]
48.607: [GC (Allocation Failure) 29704K->337K(71552K), 0.0002710 secs]
48.637: [GC (Allocation Failure) 28776K->337K(70656K), 0.0002270 secs]
48.649: [GC (Allocation Failure) 27897K->337K(69824K), 0.0002190 secs]
48.686: [GC (Allocation Failure) 27067K->337K(68992K), 0.0002160 secs]
48.698: [GC (Allocation Failure) 26236K->337K(74176K), 0.0002320 secs]
48.715: [GC (Allocation Failure) 31414K->337K(80448K), 0.0002740 secs]
48.732: [GC (Allocation Failure) 37670K->337K(87936K), 0.0002310 secs]
48.756: [GC (Allocation Failure) 45192K->337K(96960K), 0.0002040 secs]
48.780: [GC (Allocation Failure) 54183K->337K(94912K), 0.0002170 secs]
48.843: [GC (Allocation Failure) 52132K->337K(92992K), 0.0002030 secs]
48.896: [GC (Allocation Failure) 50227K->337K(91136K), 0.0002210 secs]
48.921: [GC (Allocation Failure) 48367K->337K(89344K), 0.0002130 secs]
49.095: [GC (Allocation Failure) 46608K->337K(87680K), 0.0002120 secs]
49.114: [GC (Allocation Failure) 44899K->337K(86080K), 0.0002240 secs]
49.138: [GC (Allocation Failure) 43336K->337K(84544K), 0.0002200 secs]
49.193: [GC (Allocation Failure) 41773K->337K(83072K), 0.0002060 secs]
49.210: [GC (Allocation Failure) 40307K->337K(81664K), 0.0002140 secs]
49.236: [GC (Allocation Failure) 38891K->337K(80320K), 0.0002620 secs]
49.263: [GC (Allocation Failure) 37572K->337K(79040K), 0.0002220 secs]
49.279: [GC (Allocation Failure) 36298K->337K(77824K), 0.0002150 secs]
49.294: [GC (Allocation Failure) 35077K->337K(76672K), 0.0002050 secs]
49.376: [GC (Allocation Failure) 33905K->337K(75584K), 0.0002190 secs]
49.390: [GC (Allocation Failure) 32830K->337K(74560K), 0.0002060 secs]
49.408: [GC (Allocation Failure) 31805K->337K(73536K), 0.0002170 secs]
49.441: [GC (Allocation Failure) 30779K->337K(72576K), 0.0002230 secs]
49.459: [GC (Allocation Failure) 29802K->337K(71680K), 0.0002770 secs]
49.476: [GC (Allocation Failure) 28923K->337K(70784K), 0.0002130 secs]
49.492: [GC (Allocation Failure) 28044K->337K(76352K), 0.0002050 secs]
49.540: [GC (Allocation Failure) 33612K->337K(75264K), 0.0002090 secs]
49.555: [GC (Allocation Failure) 32488K->337K(74240K), 0.0002320 secs]
49.569: [GC (Allocation Failure) 31463K->337K(80512K), 0.0002050 secs]
49.590: [GC (Allocation Failure) 37768K->337K(88000K), 0.0002200 secs]
49.613: [GC (Allocation Failure) 45241K->337K(86400K), 0.0002150 secs]
49.694: [GC (Allocation Failure) 43629K->337K(84864K), 0.0002060 secs]
49.717: [GC (Allocation Failure) 42115K->337K(83392K), 0.0002150 secs]
49.739: [GC (Allocation Failure) 40649K->337K(81984K), 0.0002030 secs]
49.756: [GC (Allocation Failure) 39233K->337K(80640K), 0.0002050 secs]
49.792: [GC (Allocation Failure) 37865K->337K(79360K), 0.0002270 secs]
49.808: [GC (Allocation Failure) 36591K->337K(78144K), 0.0002070 secs]
49.834: [GC (Allocation Failure) 35370K->337K(76992K), 0.0002090 secs]
49.987: [GC (Allocation Failure) 34247K->337K(75904K), 0.0002170 secs]
50.037: [GC (Allocation Failure) 33123K->337K(74816K), 0.0002280 secs]
50.056: [GC (Allocation Failure) 32049K->337K(73792K), 0.0002160 secs]
50.070: [GC (Allocation Failure) 31023K->337K(72832K), 0.0002240 secs]
50.083: [GC (Allocation Failure) 30095K->337K(71872K), 0.0002050 secs]
50.096: [GC (Allocation Failure) 29118K->337K(77632K), 0.0002040 secs]
50.134: [GC (Allocation Failure) 34882K->337K(76480K), 0.0002180 secs]
50.148: [GC (Allocation Failure) 33710K->337K(75392K), 0.0002080 secs]
50.286: [GC (Allocation Failure) 32635K->337K(74368K), 0.0002060 secs]
50.340: [GC (Allocation Failure) 31609K->337K(73344K), 0.0002320 secs]
50.358: [GC (Allocation Failure) 30584K->337K(72384K), 0.0002070 secs]
50.373: [GC (Allocation Failure) 29607K->337K(71488K), 0.0002050 secs]
50.389: [GC (Allocation Failure) 28728K->337K(70592K), 0.0002060 secs]
50.406: [GC (Allocation Failure) 27848K->337K(76096K), 0.0002850 secs]
50.423: [GC (Allocation Failure) 33319K->337K(82752K), 0.0002020 secs]
50.440: [GC (Allocation Failure) 40014K->337K(90688K), 0.0002100 secs]
50.465: [GC (Allocation Failure) 47927K->337K(88960K), 0.0002250 secs]
50.501: [GC (Allocation Failure) 46218K->337K(87296K), 0.0002300 secs]
50.520: [GC (Allocation Failure) 44557K->337K(85696K), 0.0002060 secs]
50.543: [GC (Allocation Failure) 42945K->337K(84160K), 0.0002190 secs]
50.595: [GC (Allocation Failure) 41382K->337K(82688K), 0.0002170 secs]
50.612: [GC (Allocation Failure) 39917K->337K(81344K), 0.0002180 secs]
50.640: [GC (Allocation Failure) 38598K->337K(80000K), 0.0002150 secs]
50.689: [GC (Allocation Failure) 37226K->337K(78720K), 0.0002200 secs]
50.705: [GC (Allocation Failure) 35956K->337K(77504K), 0.0002050 secs]
50.738: [GC (Allocation Failure) 34735K->337K(76352K), 0.0002170 secs]
50.757: [GC (Allocation Failure) 33612K->337K(75264K), 0.0002250 secs]
50.841: [GC (Allocation Failure) 32488K->337K(74240K), 0.0002180 secs]
50.859: [GC (Allocation Failure) 31463K->337K(73216K), 0.0002070 secs]
50.873: [GC (Allocation Failure) 30437K->337K(72256K), 0.0002210 secs]
50.886: [GC (Allocation Failure) 29509K->337K(78144K), 0.0002070 secs]
50.939: [GC (Allocation Failure) 35370K->337K(76992K), 0.0002180 secs]
50.992: [GC (Allocation Failure) 34247K->337K(75904K), 0.0002140 secs]
51.010: [GC (Allocation Failure) 33123K->337K(74816K), 0.0002170 secs]
51.029: [GC (Allocation Failure) 32049K->337K(73792K), 0.0002170 secs]
51.112: [GC (Allocation Failure) 31023K->337K(72832K), 0.0002770 secs]
51.187: [GC (Allocation Failure) 30095K->337K(71872K), 0.0002170 secs]
51.200: [GC (Allocation Failure) 29118K->337K(70976K), 0.0002050 secs]
51.212: [GC (Allocation Failure) 28239K->337K(70144K), 0.0002050 secs]
51.228: [GC (Allocation Failure) 27409K->337K(69312K), 0.0002160 secs]
51.285: [GC (Allocation Failure) 26530K->337K(68544K), 0.0002160 secs]
51.407: [GC (Allocation Failure) 25797K->337K(67776K), 0.0002250 secs]
51.422: [GC (Allocation Failure) 25011K->337K(67072K), 0.0002150 secs]
51.438: [GC (Allocation Failure) 24328K->337K(66368K), 0.0002300 secs]
51.449: [GC (Allocation Failure) 23595K->337K(71040K), 0.0002560 secs]
51.531: [GC (Allocation Failure) 28288K->337K(70208K), 0.0002130 secs]
51.555: [GC (Allocation Failure) 27458K->337K(69376K), 0.0002200 secs]
51.590: [GC (Allocation Failure) 26627K->337K(68608K), 0.0002250 secs]
51.601: [GC (Allocation Failure) 25846K->337K(73728K), 0.0002210 secs]
51.615: [GC (Allocation Failure) 30974K->337K(79872K), 0.0002000 secs]
51.631: [GC (Allocation Failure) 37129K->337K(87232K), 0.0002050 secs]
51.650: [GC (Allocation Failure) 44459K->337K(96064K), 0.0002060 secs]
51.748: [GC (Allocation Failure) 53304K->337K(94080K), 0.0002160 secs]
51.770: [GC (Allocation Failure) 51301K->337K(92160K), 0.0002060 secs]
51.795: [GC (Allocation Failure) 49392K->337K(90368K), 0.0002160 secs]
51.820: [GC (Allocation Failure) 47585K->337K(88640K), 0.0002180 secs]
51.840: [GC (Allocation Failure) 45876K->337K(86976K), 0.0002060 secs]
51.898: [GC (Allocation Failure) 44215K->337K(85376K), 0.0002200 secs]
51.920: [GC (Allocation Failure) 42603K->337K(83904K), 0.0001960 secs]
51.942: [GC (Allocation Failure) 41138K->337K(82496K), 0.0002160 secs]
51.996: [GC (Allocation Failure) 39721K->337K(81152K), 0.0002120 secs]
52.017: [GC (Allocation Failure) 38403K->337K(79872K), 0.0002170 secs]
52.039: [GC (Allocation Failure) 37129K->337K(78656K), 0.0002160 secs]
52.055: [GC (Allocation Failure) 35908K->337K(77440K), 0.0002200 secs]
52.094: [GC (Allocation Failure) 34686K->337K(76288K), 0.0002400 secs]
52.113: [GC (Allocation Failure) 33514K->337K(75200K), 0.0002240 secs]
52.139: [GC (Allocation Failure) 32440K->337K(74176K), 0.0002050 secs]
52.239: [GC (Allocation Failure) 31414K->337K(73152K), 0.0002040 secs]
52.288: [GC (Allocation Failure) 30388K->337K(72192K), 0.0002140 secs]
52.305: [GC (Allocation Failure) 29411K->337K(71296K), 0.0002260 secs]
52.379: [GC (Allocation Failure) 28532K->337K(70400K), 0.0002080 secs]
52.395: [GC (Allocation Failure) 27653K->337K(69568K), 0.0002130 secs]
52.407: [GC (Allocation Failure) 26823K->337K(68800K), 0.0002040 secs]
52.422: [GC (Allocation Failure) 26041K->337K(68032K), 0.0001950 secs]
52.433: [GC (Allocation Failure) 25260K->337K(73024K), 0.0002190 secs]
52.450: [GC (Allocation Failure) 30242K->337K(79040K), 0.0002170 secs]
52.467: [GC (Allocation Failure) 36298K->337K(86272K), 0.0002150 secs]
52.598: [GC (Allocation Failure) 43531K->337K(84736K), 0.0002590 secs]
52.617: [GC (Allocation Failure) 41968K->337K(83264K), 0.0002170 secs]
52.639: [GC (Allocation Failure) 40503K->337K(81856K), 0.0002170 secs]
52.696: [GC (Allocation Failure) 39086K->337K(80512K), 0.0002150 secs]
52.713: [GC (Allocation Failure) 37768K->337K(79232K), 0.0002090 secs]
52.746: [GC (Allocation Failure) 36494K->337K(78016K), 0.0002170 secs]
52.766: [GC (Allocation Failure) 35273K->337K(76864K), 0.0002300 secs]
52.845: [GC (Allocation Failure) 34100K->337K(75776K), 0.0002120 secs]
52.863: [GC (Allocation Failure) 33026K->337K(74688K), 0.0002770 secs]
52.881: [GC (Allocation Failure) 31951K->337K(73664K), 0.0002240 secs]
52.943: [GC (Allocation Failure) 30925K->337K(72704K), 0.0002140 secs]
52.957: [GC (Allocation Failure) 29949K->337K(71808K), 0.0002150 secs]
52.989: [GC (Allocation Failure) 29069K->337K(70912K), 0.0002070 secs]
53.035: [GC (Allocation Failure) 28141K->337K(70080K), 0.0002280 secs]
53.048: [GC (Allocation Failure) 27311K->337K(69248K), 0.0002680 secs]
53.106: [GC (Allocation Failure) 26481K->337K(68480K), 0.0002160 secs]
53.121: [GC (Allocation Failure) 25699K->337K(73600K), 0.0003160 secs]
53.135: [GC (Allocation Failure) 30828K->337K(79744K), 0.0002090 secs]
53.164: [GC (Allocation Failure) 36982K->337K(87104K), 0.0002250 secs]
53.187: [GC (Allocation Failure) 44362K->337K(85504K), 0.0002180 secs]
53.206: [GC (Allocation Failure) 42750K->337K(83968K), 0.0002090 secs]
53.298: [GC (Allocation Failure) 41187K->337K(82560K), 0.0002190 secs]
53.315: [GC (Allocation Failure) 39819K->337K(81216K), 0.0002160 secs]
53.336: [GC (Allocation Failure) 38451K->337K(79936K), 0.0002260 secs]
53.378: [GC (Allocation Failure) 37177K->337K(78656K), 0.0002260 secs]
53.397: [GC (Allocation Failure) 35908K->337K(77440K), 0.0002700 secs]
53.417: [GC (Allocation Failure) 34686K->337K(76288K), 0.0002240 secs]
53.439: [GC (Allocation Failure) 33514K->337K(75200K), 0.0002040 secs]
53.454: [GC (Allocation Failure) 32440K->337K(74176K), 0.0002160 secs]
53.471: [GC (Allocation Failure) 31414K->337K(80448K), 0.0002190 secs]
53.488: [GC (Allocation Failure) 37670K->337K(87936K), 0.0002160 secs]
53.512: [GC (Allocation Failure) 45192K->337K(86336K), 0.0002180 secs]
53.550: [GC (Allocation Failure) 43580K->337K(84800K), 0.0002170 secs]
53.572: [GC (Allocation Failure) 42017K->337K(83328K), 0.0002150 secs]
53.593: [GC (Allocation Failure) 40552K->337K(81920K), 0.0002110 secs]
53.615: [GC (Allocation Failure) 39184K->337K(80576K), 0.0002000 secs]
53.636: [GC (Allocation Failure) 37816K->337K(79296K), 0.0002050 secs]
53.743: [GC (Allocation Failure) 36543K->337K(78080K), 0.0002720 secs]
53.793: [GC (Allocation Failure) 35321K->337K(76928K), 0.0002270 secs]
53.812: [GC (Allocation Failure) 34149K->337K(75840K), 0.0002130 secs]
53.837: [GC (Allocation Failure) 33075K->337K(74752K), 0.0002090 secs]
53.852: [GC (Allocation Failure) 32000K->337K(73728K), 0.0002180 secs]
53.891: [GC (Allocation Failure) 30974K->337K(72768K), 0.0002040 secs]
53.935: [GC (Allocation Failure) 29997K->337K(71808K), 0.0002770 secs]
53.956: [GC (Allocation Failure) 29069K->337K(70912K), 0.0002350 secs]
53.968: [GC (Allocation Failure) 28141K->337K(70080K), 0.0002100 secs]
53.984: [GC (Allocation Failure) 27311K->337K(69248K), 0.0002150 secs]
54.000: [GC (Allocation Failure) 26481K->337K(74496K), 0.0002280 secs]
54.037: [GC (Allocation Failure) 31756K->337K(73472K), 0.0002040 secs]
54.050: [GC (Allocation Failure) 30730K->337K(79552K), 0.0002440 secs]
54.094: [GC (Allocation Failure) 36787K->337K(78336K), 0.0002050 secs]
54.147: [GC (Allocation Failure) 35566K->337K(77184K), 0.0002240 secs]
54.162: [GC (Allocation Failure) 34442K->337K(76032K), 0.0002070 secs]
54.196: [GC (Allocation Failure) 33270K->337K(74944K), 0.0002180 secs]
54.210: [GC (Allocation Failure) 32195K->337K(73920K), 0.0002180 secs]
54.224: [GC (Allocation Failure) 31170K->337K(80128K), 0.0002090 secs]
54.244: [GC (Allocation Failure) 37375K->337K(87552K), 0.0002640 secs]
54.271: [GC (Allocation Failure) 44801K->337K(85952K), 0.0002170 secs]
54.301: [GC (Allocation Failure) 43189K->337K(84416K), 0.0002180 secs]
54.319: [GC (Allocation Failure) 41675K->337K(82944K), 0.0002070 secs]
54.344: [GC (Allocation Failure) 40161K->337K(81536K), 0.0002150 secs]
54.365: [GC (Allocation Failure) 38793K->337K(80192K), 0.0002160 secs]
54.386: [GC (Allocation Failure) 37426K->337K(78912K), 0.0002140 secs]
54.406: [GC (Allocation Failure) 36152K->337K(77696K), 0.0002080 secs]
54.447: [GC (Allocation Failure) 34931K->337K(76544K), 0.0002190 secs]
54.466: [GC (Allocation Failure) 33807K->337K(75456K), 0.0002160 secs]
54.481: [GC (Allocation Failure) 32684K->337K(74432K), 0.0002200 secs]
54.494: [GC (Allocation Failure) 31658K->337K(80704K), 0.0002070 secs]
54.515: [GC (Allocation Failure) 37963K->337K(79424K), 0.0002140 secs]
54.614: [GC (Allocation Failure) 36689K->337K(78208K), 0.0002080 secs]
54.634: [GC (Allocation Failure) 35468K->337K(77056K), 0.0002210 secs]
54.653: [GC (Allocation Failure) 34296K->337K(75904K), 0.0002200 secs]
54.672: [GC (Allocation Failure) 33123K->337K(74816K), 0.0002110 secs]
54.742: [GC (Allocation Failure) 32049K->337K(73792K), 0.0002260 secs]
54.760: [GC (Allocation Failure) 31023K->337K(72832K), 0.0002060 secs]
54.777: [GC (Allocation Failure) 30095K->337K(71872K), 0.0002020 secs]
54.794: [GC (Allocation Failure) 29118K->337K(70976K), 0.0002290 secs]
54.811: [GC (Allocation Failure) 28239K->337K(70144K), 0.0002040 secs]
54.823: [GC (Allocation Failure) 27409K->337K(75584K), 0.0002750 secs]
54.847: [GC (Allocation Failure) 32830K->337K(82112K), 0.0002240 secs]
54.864: [GC (Allocation Failure) 39331K->337K(89920K), 0.0002910 secs]
54.889: [GC (Allocation Failure) 47146K->337K(99328K), 0.0002260 secs]
54.957: [GC (Allocation Failure) 56576K->337K(97152K), 0.0002260 secs]
54.982: [GC (Allocation Failure) 54378K->337K(95104K), 0.0002060 secs]
55.008: [GC (Allocation Failure) 52327K->337K(93120K), 0.0002030 secs]
55.030: [GC (Allocation Failure) 50373K->337K(91264K), 0.0002170 secs]
55.055: [GC (Allocation Failure) 48513K->337K(89472K), 0.0002120 secs]
55.079: [GC (Allocation Failure) 46706K->337K(87808K), 0.0002040 secs]
55.103: [GC (Allocation Failure) 45045K->337K(86208K), 0.0002130 secs]
55.122: [GC (Allocation Failure) 43433K->337K(84672K), 0.0002790 secs]
55.148: [GC (Allocation Failure) 41919K->337K(83200K), 0.0002250 secs]
55.201: [GC (Allocation Failure) 40454K->337K(81792K), 0.0002250 secs]
55.218: [GC (Allocation Failure) 39038K->337K(80448K), 0.0002360 secs]
55.239: [GC (Allocation Failure) 37670K->337K(79168K), 0.0002060 secs]
55.255: [GC (Allocation Failure) 36396K->337K(77952K), 0.0002070 secs]
55.270: [GC (Allocation Failure) 35175K->337K(76800K), 0.0002070 secs]
55.298: [GC (Allocation Failure) 34051K->337K(75712K), 0.0002150 secs]
55.313: [GC (Allocation Failure) 32977K->337K(74624K), 0.0002170 secs]
55.327: [GC (Allocation Failure) 31854K->337K(80960K), 0.0002060 secs]
55.380: [GC (Allocation Failure) 38207K->337K(79680K), 0.0002050 secs]
55.400: [GC (Allocation Failure) 36933K->337K(78464K), 0.0002050 secs]
55.443: [GC (Allocation Failure) 35712K->337K(77312K), 0.0002110 secs]
55.458: [GC (Allocation Failure) 34540K->337K(76160K), 0.0002170 secs]
55.473: [GC (Allocation Failure) 33417K->337K(75072K), 0.0002160 secs]
55.491: [GC (Allocation Failure) 32293K->337K(74048K), 0.0002160 secs]
55.509: [GC (Allocation Failure) 31267K->337K(73088K), 0.0002130 secs]
55.522: [GC (Allocation Failure) 30339K->337K(79104K), 0.0002200 secs]
55.540: [GC (Allocation Failure) 36347K->337K(86336K), 0.0002080 secs]
55.559: [GC (Allocation Failure) 43580K->337K(95040K), 0.0002060 secs]
55.606: [GC (Allocation Failure) 52278K->337K(93120K), 0.0002200 secs]
55.629: [GC (Allocation Failure) 50373K->337K(91264K), 0.0002070 secs]
55.801: [GC (Allocation Failure) 48513K->337K(89472K), 0.0002200 secs]
55.821: [GC (Allocation Failure) 46706K->337K(87808K), 0.0002080 secs]
55.841: [GC (Allocation Failure) 45045K->337K(86208K), 0.0002050 secs]
55.903: [GC (Allocation Failure) 43433K->337K(84672K), 0.0002150 secs]
55.925: [GC (Allocation Failure) 41919K->337K(83200K), 0.0002300 secs]
56.098: [GC (Allocation Failure) 40454K->337K(81792K), 0.0002170 secs]
56.119: [GC (Allocation Failure) 39038K->337K(80448K), 0.0002070 secs]
56.197: [GC (Allocation Failure) 37670K->337K(79168K), 0.0002080 secs]
56.345: [GC (Allocation Failure) 36396K->337K(77952K), 0.0002270 secs]
56.363: [GC (Allocation Failure) 35175K->337K(76800K), 0.0002050 secs]
56.396: [GC (Allocation Failure) 34051K->337K(75712K), 0.0002330 secs]
56.415: [GC (Allocation Failure) 32977K->337K(74624K), 0.0002020 secs]
56.431: [GC (Allocation Failure) 31854K->337K(73600K), 0.0002020 secs]
56.498: [GC (Allocation Failure) 30828K->337K(72640K), 0.0002140 secs]
56.516: [GC (Allocation Failure) 29900K->337K(71744K), 0.0002120 secs]
56.528: [GC (Allocation Failure) 28972K->337K(70848K), 0.0002200 secs]
56.545: [GC (Allocation Failure) 28093K->337K(70016K), 0.0002240 secs]
56.607: [GC (Allocation Failure) 27262K->337K(69184K), 0.0002260 secs]
56.693: [GC (Allocation Failure) 26432K->337K(68416K), 0.0002170 secs]
56.708: [GC (Allocation Failure) 25650K->337K(67648K), 0.0002060 secs]
56.745: [GC (Allocation Failure) 24865K->337K(66944K), 0.0002210 secs]
56.756: [GC (Allocation Failure) 24181K->337K(66240K), 0.0002060 secs]
56.770: [GC (Allocation Failure) 23497K->337K(70912K), 0.0002200 secs]
56.787: [GC (Allocation Failure) 28141K->337K(76480K), 0.0002190 secs]
56.806: [GC (Allocation Failure) 33710K->337K(83200K), 0.0002230 secs]
56.827: [GC (Allocation Failure) 40454K->337K(91264K), 0.0002130 secs]
56.852: [GC (Allocation Failure) 48513K->337K(89472K), 0.0002190 secs]
56.873: [GC (Allocation Failure) 46706K->337K(87808K), 0.0002170 secs]
56.906: [GC (Allocation Failure) 45045K->337K(86208K), 0.0002280 secs]
56.926: [GC (Allocation Failure) 43433K->337K(84672K), 0.0002210 secs]
56.944: [GC (Allocation Failure) 41919K->337K(83200K), 0.0002040 secs]
56.999: [GC (Allocation Failure) 40454K->337K(81792K), 0.0002070 secs]
57.036: [GC (Allocation Failure) 39038K->337K(80448K), 0.0002070 secs]
57.098: [GC (Allocation Failure) 37670K->337K(79168K), 0.0002270 secs]
57.118: [GC (Allocation Failure) 36396K->337K(77952K), 0.0002120 secs]
57.247: [GC (Allocation Failure) 35175K->337K(76800K), 0.0002190 secs]
57.297: [GC (Allocation Failure) 34051K->337K(75712K), 0.0002170 secs]
57.315: [GC (Allocation Failure) 32977K->337K(74624K), 0.0002150 secs]
57.332: [GC (Allocation Failure) 31854K->337K(73600K), 0.0002030 secs]
57.345: [GC (Allocation Failure) 30828K->337K(72640K), 0.0002180 secs]
57.358: [GC (Allocation Failure) 29900K->337K(78592K), 0.0002050 secs]
57.386: [GC (Allocation Failure) 35810K->337K(77376K), 0.0002140 secs]
57.402: [GC (Allocation Failure) 34638K->337K(76224K), 0.0002180 secs]
57.419: [GC (Allocation Failure) 33465K->337K(82880K), 0.0002150 secs]
57.453: [GC (Allocation Failure) 40112K->337K(81472K), 0.0002290 secs]
57.479: [GC (Allocation Failure) 38696K->337K(80128K), 0.0002250 secs]
57.496: [GC (Allocation Failure) 37375K->337K(78848K), 0.0002060 secs]
57.516: [GC (Allocation Failure) 36103K->337K(77632K), 0.0002130 secs]
57.547: [GC (Allocation Failure) 34882K->337K(76480K), 0.0002110 secs]
57.565: [GC (Allocation Failure) 33710K->337K(75392K), 0.0002310 secs]
57.582: [GC (Allocation Failure) 32635K->337K(74368K), 0.0002120 secs]
57.596: [GC (Allocation Failure) 31609K->337K(80640K), 0.0002080 secs]
57.639: [GC (Allocation Failure) 37865K->337K(79360K), 0.0002140 secs]
57.655: [GC (Allocation Failure) 36591K->337K(86656K), 0.0002730 secs]
57.701: [GC (Allocation Failure) 43873K->337K(85120K), 0.0002060 secs]
57.805: [GC (Allocation Failure) 42359K->337K(83648K), 0.0002230 secs]
57.823: [GC (Allocation Failure) 40894K->337K(82240K), 0.0002060 secs]
57.840: [GC (Allocation Failure) 39477K->337K(80896K), 0.0002070 secs]
57.899: [GC (Allocation Failure) 38158K->337K(79616K), 0.0002190 secs]
57.915: [GC (Allocation Failure) 36836K->337K(78400K), 0.0002030 secs]
57.932: [GC (Allocation Failure) 35663K->337K(77248K), 0.0002040 secs]
57.947: [GC (Allocation Failure) 34491K->337K(76096K), 0.0002070 secs]
58.044: [GC (Allocation Failure) 33319K->337K(75008K), 0.0002320 secs]
58.058: [GC (Allocation Failure) 32244K->337K(73984K), 0.0002160 secs]
58.075: [GC (Allocation Failure) 31219K->337K(73024K), 0.0002260 secs]
58.108: [GC (Allocation Failure) 30242K->337K(72064K), 0.0002050 secs]
58.150: [GC (Allocation Failure) 29314K->337K(71168K), 0.0002150 secs]
58.163: [GC (Allocation Failure) 28386K->337K(70336K), 0.0002180 secs]
58.199: [GC (Allocation Failure) 27555K->337K(69504K), 0.0002270 secs]
58.212: [GC (Allocation Failure) 26725K->337K(74816K), 0.0002690 secs]
58.232: [GC (Allocation Failure) 32049K->337K(81216K), 0.0002060 secs]
58.400: [GC (Allocation Failure) 38451K->337K(79936K), 0.0002050 secs]
58.450: [GC (Allocation Failure) 37177K->337K(78656K), 0.0002180 secs]
58.469: [GC (Allocation Failure) 35908K->337K(77440K), 0.0002170 secs]
58.502: [GC (Allocation Failure) 34686K->337K(76288K), 0.0002200 secs]
58.521: [GC (Allocation Failure) 33514K->337K(75200K), 0.0002180 secs]
58.548: [GC (Allocation Failure) 32440K->337K(74176K), 0.0002070 secs]
58.640: [GC (Allocation Failure) 31414K->337K(73152K), 0.0002150 secs]
58.657: [GC (Allocation Failure) 30388K->337K(72192K), 0.0002170 secs]
58.674: [GC (Allocation Failure) 29411K->337K(71296K), 0.0002140 secs]
58.690: [GC (Allocation Failure) 28532K->337K(70400K), 0.0002180 secs]
58.707: [GC (Allocation Failure) 27653K->337K(75904K), 0.0002740 secs]
58.725: [GC (Allocation Failure) 33123K->337K(82496K), 0.0002130 secs]
58.744: [GC (Allocation Failure) 39721K->337K(90432K), 0.0002220 secs]
58.765: [GC (Allocation Failure) 47683K->337K(88704K), 0.0002080 secs]
58.808: [GC (Allocation Failure) 45925K->337K(87040K), 0.0002160 secs]
58.830: [GC (Allocation Failure) 44264K->337K(85440K), 0.0002030 secs]
58.852: [GC (Allocation Failure) 42701K->337K(83968K), 0.0002140 secs]
59.006: [GC (Allocation Failure) 41187K->337K(82560K), 0.0002140 secs]
59.024: [GC (Allocation Failure) 39819K->337K(81216K), 0.0002060 secs]
59.101: [GC (Allocation Failure) 38451K->337K(79936K), 0.0002080 secs]
59.151: [GC (Allocation Failure) 37177K->337K(78656K), 0.0002270 secs]
59.166: [GC (Allocation Failure) 35908K->337K(77440K), 0.0002170 secs]
59.242: [GC (Allocation Failure) 34686K->337K(76288K), 0.0002270 secs]
59.260: [GC (Allocation Failure) 33514K->337K(75200K), 0.0004380 secs]
59.307: [GC (Allocation Failure) 32440K->337K(74176K), 0.0002230 secs]
59.320: [GC (Allocation Failure) 31414K->337K(80448K), 0.0002720 secs]
59.355: [GC (Allocation Failure) 37670K->337K(79168K), 0.0002190 secs]
59.371: [GC (Allocation Failure) 36396K->337K(86400K), 0.0002740 secs]
59.408: [GC (Allocation Failure) 43629K->337K(84864K), 0.0002190 secs]
59.431: [GC (Allocation Failure) 42115K->337K(83392K), 0.0002680 secs]
59.453: [GC (Allocation Failure) 40649K->337K(81984K), 0.0002150 secs]
59.474: [GC (Allocation Failure) 39233K->337K(80640K), 0.0002740 secs]
59.491: [GC (Allocation Failure) 37865K->337K(79360K), 0.0002060 secs]
59.555: [GC (Allocation Failure) 36591K->337K(78144K), 0.0002210 secs]
59.575: [GC (Allocation Failure) 35370K->337K(76992K), 0.0002070 secs]
59.590: [GC (Allocation Failure) 34247K->337K(75904K), 0.0002140 secs]
59.635: [GC (Allocation Failure) 33123K->337K(74816K), 0.0002080 secs]
59.653: [GC (Allocation Failure) 32049K->337K(73792K), 0.0002030 secs]
59.667: [GC (Allocation Failure) 31023K->337K(72832K), 0.0002040 secs]
59.698: [GC (Allocation Failure) 30095K->337K(71872K), 0.0002230 secs]
59.711: [GC (Allocation Failure) 29118K->337K(70976K), 0.0002050 secs]
59.839: [GC (Allocation Failure) 28239K->337K(70144K), 0.0002250 secs]
59.852: [GC (Allocation Failure) 27409K->337K(75584K), 0.0002690 secs]
59.904: [GC (Allocation Failure) 32830K->337K(74560K), 0.0002140 secs]
59.918: [GC (Allocation Failure) 31805K->337K(73536K), 0.0002260 secs]
59.933: [GC (Allocation Failure) 30779K->337K(79680K), 0.0002000 secs]
59.949: [GC (Allocation Failure) 36933K->337K(87040K), 0.0002090 secs]
59.968: [GC (Allocation Failure) 44264K->337K(95872K), 0.0002070 secs]
59.995: [GC (Allocation Failure) 53109K->337K(93888K), 0.0002050 secs]
60.022: [GC (Allocation Failure) 51106K->337K(91968K), 0.0002180 secs]
60.043: [GC (Allocation Failure) 49197K->337K(90176K), 0.0002060 secs]
60.120: [GC (Allocation Failure) 47439K->337K(88448K), 0.0002170 secs]
60.156: [GC (Allocation Failure) 45680K->337K(86784K), 0.0002160 secs]
60.179: [GC (Allocation Failure) 44020K->337K(85248K), 0.0002070 secs]
60.241: [GC (Allocation Failure) 42505K->337K(83776K), 0.0002110 secs]
60.263: [GC (Allocation Failure) 41040K->337K(82368K), 0.0002140 secs]
60.281: [GC (Allocation Failure) 39624K->337K(81024K), 0.0002170 secs]
60.301: [GC (Allocation Failure) 38256K->337K(79744K), 0.0002130 secs]
60.352: [GC (Allocation Failure) 36982K->337K(78528K), 0.0002220 secs]
60.372: [GC (Allocation Failure) 35761K->337K(77312K), 0.0002150 secs]
60.451: [GC (Allocation Failure) 34540K->337K(76160K), 0.0002320 secs]
60.466: [GC (Allocation Failure) 33417K->337K(75072K), 0.0002060 secs]
60.528: [GC (Allocation Failure) 32293K->337K(74048K), 0.0002190 secs]
60.546: [GC (Allocation Failure) 31267K->337K(73088K), 0.0002240 secs]
60.559: [GC (Allocation Failure) 30339K->337K(72128K), 0.0002160 secs]
60.576: [GC (Allocation Failure) 29362K->337K(71232K), 0.0002030 secs]
60.589: [GC (Allocation Failure) 28483K->337K(76864K), 0.0002180 secs]
60.702: [GC (Allocation Failure) 34100K->337K(75776K), 0.0002310 secs]
60.717: [GC (Allocation Failure) 33026K->337K(74688K), 0.0002050 secs]
60.730: [GC (Allocation Failure) 31951K->337K(81024K), 0.0002070 secs]
60.751: [GC (Allocation Failure) 38256K->337K(79744K), 0.0002170 secs]
60.767: [GC (Allocation Failure) 36982K->337K(87104K), 0.0002320 secs]
60.787: [GC (Allocation Failure) 44362K->337K(95936K), 0.0002030 secs]
60.810: [GC (Allocation Failure) 53157K->337K(93952K), 0.0002040 secs]
60.863: [GC (Allocation Failure) 51204K->337K(92032K), 0.0002150 secs]
60.885: [GC (Allocation Failure) 49295K->337K(90240K), 0.0002150 secs]
60.905: [GC (Allocation Failure) 47488K->337K(88512K), 0.0002040 secs]
61.007: [GC (Allocation Failure) 45729K->337K(86848K), 0.0002160 secs]
61.026: [GC (Allocation Failure) 44068K->337K(85312K), 0.0002050 secs]
61.049: [GC (Allocation Failure) 42554K->337K(83840K), 0.0002040 secs]
61.066: [GC (Allocation Failure) 41089K->337K(82432K), 0.0002160 secs]
61.084: [GC (Allocation Failure) 39673K->337K(81088K), 0.0002700 secs]
61.107: [GC (Allocation Failure) 38305K->337K(79808K), 0.0002170 secs]
61.127: [GC (Allocation Failure) 37031K->337K(78592K), 0.0002090 secs]
61.144: [GC (Allocation Failure) 35810K->337K(85696K), 0.0002770 secs]
61.237: [GC (Allocation Failure) 42945K->337K(84160K), 0.0002180 secs]
61.259: [GC (Allocation Failure) 41382K->337K(82688K), 0.0002160 secs]
61.309: [GC (Allocation Failure) 39917K->337K(81344K), 0.0002050 secs]
61.330: [GC (Allocation Failure) 38598K->337K(80000K), 0.0002080 secs]
61.351: [GC (Allocation Failure) 37226K->337K(78720K), 0.0002030 secs]
61.371: [GC (Allocation Failure) 35956K->337K(77504K), 0.0002140 secs]
61.386: [GC (Allocation Failure) 34735K->337K(76352K), 0.0002050 secs]
61.401: [GC (Allocation Failure) 33612K->337K(75264K), 0.0002060 secs]
61.419: [GC (Allocation Failure) 32488K->337K(74240K), 0.0002200 secs]
61.438: [GC (Allocation Failure) 31463K->337K(73216K), 0.0002140 secs]
61.451: [GC (Allocation Failure) 30437K->337K(79296K), 0.0002130 secs]
61.550: [GC (Allocation Failure) 36543K->337K(78080K), 0.0002270 secs]
61.569: [GC (Allocation Failure) 35321K->337K(76928K), 0.0002150 secs]
61.584: [GC (Allocation Failure) 34149K->337K(75840K), 0.0002230 secs]
61.603: [GC (Allocation Failure) 33075K->337K(74752K), 0.0002060 secs]
61.617: [GC (Allocation Failure) 32000K->337K(81088K), 0.0002160 secs]
61.638: [GC (Allocation Failure) 38305K->337K(79808K), 0.0002040 secs]
61.658: [GC (Allocation Failure) 37031K->337K(78592K), 0.0002070 secs]
61.674: [GC (Allocation Failure) 35810K->337K(85696K), 0.0002080 secs]
61.711: [GC (Allocation Failure) 42945K->337K(84160K), 0.0002850 secs]
61.729: [GC (Allocation Failure) 41382K->337K(82688K), 0.0002190 secs]
61.760: [GC (Allocation Failure) 39917K->337K(81344K), 0.0002250 secs]
61.781: [GC (Allocation Failure) 38598K->337K(80000K), 0.0002180 secs]
61.805: [GC (Allocation Failure) 37226K->337K(78720K), 0.0002310 secs]
61.821: [GC (Allocation Failure) 35956K->337K(77504K), 0.0002060 secs]
61.838: [GC (Allocation Failure) 34735K->337K(76352K), 0.0002230 secs]
61.857: [GC (Allocation Failure) 33612K->337K(75264K), 0.0002130 secs]
61.871: [GC (Allocation Failure) 32488K->337K(81728K), 0.0002170 secs]
61.888: [GC (Allocation Failure) 38989K->337K(89472K), 0.0002050 secs]
61.963: [GC (Allocation Failure) 46706K->337K(87808K), 0.0002150 secs]
61.987: [GC (Allocation Failure) 45045K->337K(86208K), 0.0002090 secs]
62.006: [GC (Allocation Failure) 43433K->337K(84672K), 0.0002190 secs]
62.117: [GC (Allocation Failure) 41919K->337K(83200K), 0.0002270 secs]
62.139: [GC (Allocation Failure) 40454K->337K(81792K), 0.0002010 secs]
62.206: [GC (Allocation Failure) 39038K->337K(80448K), 0.0002060 secs]
62.255: [GC (Allocation Failure) 37670K->337K(79168K), 0.0002050 secs]
62.309: [GC (Allocation Failure) 36396K->337K(77952K), 0.0002150 secs]
62.328: [GC (Allocation Failure) 35175K->337K(76800K), 0.0002070 secs]
62.344: [GC (Allocation Failure) 34051K->337K(75712K), 0.0002070 secs]
62.363: [GC (Allocation Failure) 32977K->337K(74624K), 0.0002180 secs]
62.503: [GC (Allocation Failure) 31854K->337K(73600K), 0.0002070 secs]
62.553: [GC (Allocation Failure) 30828K->337K(72640K), 0.0002290 secs]
62.570: [GC (Allocation Failure) 29900K->337K(71744K), 0.0002250 secs]
62.602: [GC (Allocation Failure) 28972K->337K(70848K), 0.0002180 secs]
62.618: [GC (Allocation Failure) 28093K->337K(70016K), 0.0002140 secs]
62.634: [GC (Allocation Failure) 27262K->337K(69184K), 0.0002270 secs]
62.748: [GC (Allocation Failure) 26432K->337K(68416K), 0.0002570 secs]
62.762: [GC (Allocation Failure) 25650K->337K(67648K), 0.0002170 secs]
62.805: [GC (Allocation Failure) 24865K->337K(66944K), 0.0002840 secs]
62.816: [GC (Allocation Failure) 24181K->337K(71744K), 0.0002320 secs]
62.831: [GC (Allocation Failure) 28972K->337K(77504K), 0.0002200 secs]
62.859: [GC (Allocation Failure) 34735K->337K(76352K), 0.0002260 secs]
62.878: [GC (Allocation Failure) 33612K->337K(75264K), 0.0002080 secs]
62.893: [GC (Allocation Failure) 32488K->337K(81728K), 0.0002200 secs]
63.036: [GC (Allocation Failure) 38989K->337K(80384K), 0.0002180 secs]
63.107: [GC (Allocation Failure) 37621K->337K(79104K), 0.0002190 secs]
63.123: [GC (Allocation Failure) 36347K->337K(77888K), 0.0002050 secs]
63.155: [GC (Allocation Failure) 35126K->337K(76736K), 0.0002270 secs]
63.174: [GC (Allocation Failure) 33954K->337K(75648K), 0.0002220 secs]
63.205: [GC (Allocation Failure) 32879K->337K(74560K), 0.0002050 secs]
63.233: [GC (Allocation Failure) 31805K->337K(73536K), 0.0002150 secs]
63.246: [GC (Allocation Failure) 30779K->337K(72576K), 0.0002230 secs]
63.259: [GC (Allocation Failure) 29802K->337K(78528K), 0.0002040 secs]
63.275: [GC (Allocation Failure) 35761K->337K(85632K), 0.0002060 secs]
63.293: [GC (Allocation Failure) 42896K->337K(94144K), 0.0002060 secs]
63.367: [GC (Allocation Failure) 51399K->337K(92224K), 0.0002040 secs]
63.391: [GC (Allocation Failure) 49441K->337K(90432K), 0.0002110 secs]
63.449: [GC (Allocation Failure) 47683K->337K(88704K), 0.0002060 secs]
63.473: [GC (Allocation Failure) 45925K->337K(87040K), 0.0002160 secs]
63.496: [GC (Allocation Failure) 44264K->337K(85440K), 0.0002720 secs]
63.518: [GC (Allocation Failure) 42701K->337K(83968K), 0.0002650 secs]
63.559: [GC (Allocation Failure) 41187K->337K(82560K), 0.0002200 secs]
63.576: [GC (Allocation Failure) 39819K->337K(81216K), 0.0002210 secs]
63.608: [GC (Allocation Failure) 38451K->337K(79936K), 0.0002080 secs]
63.636: [GC (Allocation Failure) 37177K->337K(78656K), 0.0002030 secs]
63.652: [GC (Allocation Failure) 35908K->337K(77440K), 0.0002740 secs]
63.706: [GC (Allocation Failure) 34686K->337K(76288K), 0.0002060 secs]
63.760: [GC (Allocation Failure) 33514K->337K(75200K), 0.0002220 secs]
63.778: [GC (Allocation Failure) 32440K->337K(74176K), 0.0002770 secs]
63.792: [GC (Allocation Failure) 31414K->337K(73152K), 0.0002180 secs]
63.832: [GC (Allocation Failure) 30388K->337K(72192K), 0.0002180 secs]
63.859: [GC (Allocation Failure) 29411K->337K(71296K), 0.0002260 secs]
63.876: [GC (Allocation Failure) 28532K->337K(70400K), 0.0002650 secs]
63.908: [GC (Allocation Failure) 27653K->337K(69568K), 0.0002130 secs]
63.919: [GC (Allocation Failure) 26823K->337K(74880K), 0.0002180 secs]
63.937: [GC (Allocation Failure) 32098K->337K(81280K), 0.0002040 secs]
64.007: [GC (Allocation Failure) 38500K->337K(80000K), 0.0002190 secs]
64.024: [GC (Allocation Failure) 37226K->337K(78720K), 0.0002060 secs]
64.039: [GC (Allocation Failure) 35956K->337K(77504K), 0.0002150 secs]
64.110: [GC (Allocation Failure) 34735K->337K(76352K), 0.0002320 secs]
64.125: [GC (Allocation Failure) 33612K->337K(75264K), 0.0002050 secs]
64.210: [GC (Allocation Failure) 32488K->337K(74240K), 0.0002200 secs]
64.228: [GC (Allocation Failure) 31463K->337K(73216K), 0.0002240 secs]
64.242: [GC (Allocation Failure) 30437K->337K(72256K), 0.0002180 secs]
64.254: [GC (Allocation Failure) 29509K->337K(78144K), 0.0002150 secs]
64.270: [GC (Allocation Failure) 35370K->337K(85184K), 0.0003890 secs]
64.288: [GC (Allocation Failure) 42408K->337K(93632K), 0.0002530 secs]
64.313: [GC (Allocation Failure) 50862K->337K(103744K), 0.0002180 secs]
64.340: [GC (Allocation Failure) 60972K->337K(115904K), 0.0002160 secs]
64.398: [GC (Allocation Failure) 73138K->337K(112960K), 0.0002180 secs]
64.428: [GC (Allocation Failure) 70208K->337K(110144K), 0.0002170 secs]
64.461: [GC (Allocation Failure) 67375K->337K(107456K), 0.0002150 secs]
64.492: [GC (Allocation Failure) 64689K->337K(104896K), 0.0002140 secs]
64.524: [GC (Allocation Failure) 62149K->337K(102464K), 0.0002200 secs]
64.572: [GC (Allocation Failure) 59702K->337K(100160K), 0.0002190 secs]
64.598: [GC (Allocation Failure) 57407K->337K(97984K), 0.0002040 secs]
64.670: [GC (Allocation Failure) 55209K->337K(95872K), 0.0002240 secs]
64.694: [GC (Allocation Failure) 53109K->337K(93888K), 0.0002030 secs]
64.716: [GC (Allocation Failure) 51106K->337K(91968K), 0.0002050 secs]
64.760: [GC (Allocation Failure) 49197K->337K(90176K), 0.0002130 secs]
64.793: [GC (Allocation Failure) 47439K->337K(88448K), 0.0002080 secs]
64.813: [GC (Allocation Failure) 45680K->337K(86784K), 0.0002780 secs]
64.841: [GC (Allocation Failure) 44020K->337K(85248K), 0.0002230 secs]
64.864: [GC (Allocation Failure) 42505K->337K(83776K), 0.0002180 secs]
64.886: [GC (Allocation Failure) 41040K->337K(82368K), 0.0002160 secs]
64.903: [GC (Allocation Failure) 39624K->337K(81024K), 0.0002050 secs]
64.924: [GC (Allocation Failure) 38256K->337K(79744K), 0.0002020 secs]
64.940: [GC (Allocation Failure) 36982K->337K(78528K), 0.0002060 secs]
64.962: [GC (Allocation Failure) 35761K->337K(77312K), 0.0002330 secs]
64.977: [GC (Allocation Failure) 34540K->337K(76160K), 0.0002170 secs]
65.058: [GC (Allocation Failure) 33417K->337K(75072K), 0.0002060 secs]
65.112: [GC (Allocation Failure) 32293K->337K(74048K), 0.0002040 secs]
65.130: [GC (Allocation Failure) 31267K->337K(73088K), 0.0002160 secs]
65.156: [GC (Allocation Failure) 30339K->337K(72128K), 0.0002440 secs]
65.206: [GC (Allocation Failure) 29362K->337K(71232K), 0.0002180 secs]
65.251: [GC (Allocation Failure) 28483K->337K(70400K), 0.0002080 secs]
65.356: [GC (Allocation Failure) 27653K->337K(69568K), 0.0002160 secs]
65.372: [GC (Allocation Failure) 26823K->337K(68800K), 0.0002250 secs]
65.435: [GC (Allocation Failure) 26041K->337K(68032K), 0.0002110 secs]
65.446: [GC (Allocation Failure) 25260K->337K(67328K), 0.0002150 secs]
65.473: [GC (Allocation Failure) 24572K->337K(66624K), 0.0002330 secs]
65.488: [GC (Allocation Failure) 23888K->337K(65984K), 0.0002250 secs]
65.513: [GC (Allocation Failure) 23204K->337K(65344K), 0.0002070 secs]
65.604: [GC (Allocation Failure) 22569K->337K(64704K), 0.0002640 secs]
65.653: [GC (Allocation Failure) 21934K->337K(64128K), 0.0002170 secs]
65.703: [GC (Allocation Failure) 21348K->337K(63552K), 0.0002040 secs]
65.753: [GC (Allocation Failure) 20811K->337K(63040K), 0.0002050 secs]
65.807: [GC (Allocation Failure) 20274K->337K(62528K), 0.0002130 secs]
65.816: [GC (Allocation Failure) 19785K->337K(62016K), 0.0002150 secs]
65.825: [GC (Allocation Failure) 19248K->337K(65856K), 0.0002050 secs]
65.859: [GC (Allocation Failure) 23106K->337K(70464K), 0.0002230 secs]
65.871: [GC (Allocation Failure) 27702K->337K(75968K), 0.0002150 secs]
65.886: [GC (Allocation Failure) 33221K->337K(82560K), 0.0002140 secs]
65.913: [GC (Allocation Failure) 39819K->337K(90496K), 0.0002300 secs]
65.937: [GC (Allocation Failure) 47732K->337K(88768K), 0.0002040 secs]
65.964: [GC (Allocation Failure) 46022K->337K(87104K), 0.0002200 secs]
65.988: [GC (Allocation Failure) 44362K->337K(85504K), 0.0002140 secs]
66.007: [GC (Allocation Failure) 42750K->337K(83968K), 0.0002760 secs]
66.062: [GC (Allocation Failure) 41187K->337K(82560K), 0.0002180 secs]
66.084: [GC (Allocation Failure) 39819K->337K(81216K), 0.0002030 secs]
66.212: [GC (Allocation Failure) 38451K->337K(79936K), 0.0002180 secs]
66.261: [GC (Allocation Failure) 37177K->337K(78656K), 0.0002170 secs]
66.280: [GC (Allocation Failure) 35908K->337K(77440K), 0.0002770 secs]
66.299: [GC (Allocation Failure) 34686K->337K(76288K), 0.0002170 secs]
66.318: [GC (Allocation Failure) 33514K->337K(75200K), 0.0002330 secs]
66.355: [GC (Allocation Failure) 32440K->337K(74176K), 0.0002820 secs]
66.440: [GC (Allocation Failure) 31414K->337K(73152K), 0.0002520 secs]
66.457: [GC (Allocation Failure) 30388K->337K(72192K), 0.0002180 secs]
66.475: [GC (Allocation Failure) 29411K->337K(71296K), 0.0002310 secs]
66.492: [GC (Allocation Failure) 28532K->337K(70400K), 0.0002620 secs]
66.509: [GC (Allocation Failure) 27653K->337K(69568K), 0.0002140 secs]
66.521: [GC (Allocation Failure) 26823K->337K(74880K), 0.0002040 secs]
66.609: [GC (Allocation Failure) 32098K->337K(73856K), 0.0002060 secs]
66.636: [GC (Allocation Failure) 31121K->337K(72896K), 0.0002250 secs]
66.650: [GC (Allocation Failure) 30144K->337K(71936K), 0.0002170 secs]
66.812: [GC (Allocation Failure) 29167K->337K(71040K), 0.0002190 secs]
66.825: [GC (Allocation Failure) 28288K->337K(70208K), 0.0002170 secs]
66.908: [GC (Allocation Failure) 27458K->337K(69376K), 0.0002170 secs]
66.923: [GC (Allocation Failure) 26627K->337K(68608K), 0.0002160 secs]
66.935: [GC (Allocation Failure) 25846K->337K(73728K), 0.0002290 secs]
66.948: [GC (Allocation Failure) 30974K->337K(79872K), 0.0002050 secs]
67.111: [GC (Allocation Failure) 37129K->337K(78656K), 0.0002160 secs]
67.130: [GC (Allocation Failure) 35908K->337K(77440K), 0.0002050 secs]
67.157: [GC (Allocation Failure) 34686K->337K(76288K), 0.0002810 secs]
67.185: [GC (Allocation Failure) 33514K->337K(75200K), 0.0002170 secs]
67.199: [GC (Allocation Failure) 32440K->337K(74176K), 0.0002060 secs]
67.260: [GC (Allocation Failure) 31414K->337K(73152K), 0.0002080 secs]
67.375: [GC (Allocation Failure) 30388K->337K(72192K), 0.0002180 secs]
67.388: [GC (Allocation Failure) 29411K->337K(71296K), 0.0002050 secs]
67.409: [GC (Allocation Failure) 28532K->337K(70400K), 0.0002140 secs]
67.423: [GC (Allocation Failure) 27653K->337K(69568K), 0.0002080 secs]
67.436: [GC (Allocation Failure) 26823K->337K(74880K), 0.0002060 secs]
67.454: [GC (Allocation Failure) 32098K->337K(81280K), 0.0002740 secs]
67.475: [GC (Allocation Failure) 38500K->337K(88960K), 0.0002090 secs]
67.497: [GC (Allocation Failure) 46218K->337K(87296K), 0.0002000 secs]
67.520: [GC (Allocation Failure) 44557K->337K(85696K), 0.0002090 secs]
67.539: [GC (Allocation Failure) 42945K->337K(84160K), 0.0002150 secs]
67.562: [GC (Allocation Failure) 41382K->337K(82688K), 0.0002050 secs]
67.580: [GC (Allocation Failure) 39917K->337K(81344K), 0.0002190 secs]
67.596: [GC (Allocation Failure) 38598K->337K(80000K), 0.0002060 secs]
67.613: [GC (Allocation Failure) 37226K->337K(87424K), 0.0002140 secs]
67.632: [GC (Allocation Failure) 44655K->337K(85824K), 0.0002050 secs]
67.655: [GC (Allocation Failure) 43043K->337K(84288K), 0.0002110 secs]
67.719: [GC (Allocation Failure) 41529K->337K(82816K), 0.0002090 secs]
67.740: [GC (Allocation Failure) 40063K->337K(81408K), 0.0002090 secs]
67.758: [GC (Allocation Failure) 38647K->337K(80064K), 0.0002030 secs]
67.813: [GC (Allocation Failure) 37324K->337K(78784K), 0.0002160 secs]
67.833: [GC (Allocation Failure) 36005K->337K(77568K), 0.0002080 secs]
67.966: [GC (Allocation Failure) 34833K->337K(76416K), 0.0002080 secs]
67.981: [GC (Allocation Failure) 33661K->337K(75328K), 0.0002300 secs]
67.997: [GC (Allocation Failure) 32586K->337K(74304K), 0.0002000 secs]
68.015: [GC (Allocation Failure) 31560K->337K(73280K), 0.0002190 secs]
68.029: [GC (Allocation Failure) 30535K->337K(79360K), 0.0002170 secs]
68.047: [GC (Allocation Failure) 36591K->337K(78144K), 0.0002020 secs]
68.067: [GC (Allocation Failure) 35370K->337K(76992K), 0.0002220 secs]
68.082: [GC (Allocation Failure) 34247K->337K(83776K), 0.0002070 secs]
68.113: [GC (Allocation Failure) 41040K->337K(82368K), 0.0002050 secs]
68.265: [GC (Allocation Failure) 39624K->337K(81024K), 0.0002060 secs]
68.315: [GC (Allocation Failure) 38256K->337K(79744K), 0.0002140 secs]
68.335: [GC (Allocation Failure) 36982K->337K(78528K), 0.0002030 secs]
68.363: [GC (Allocation Failure) 35761K->337K(77312K), 0.0003980 secs]
68.390: [GC (Allocation Failure) 34540K->337K(76160K), 0.0003880 secs]
68.409: [GC (Allocation Failure) 33417K->337K(75072K), 0.0002140 secs]
68.424: [GC (Allocation Failure) 32293K->337K(81472K), 0.0002210 secs]
68.464: [GC (Allocation Failure) 38696K->337K(80128K), 0.0002310 secs]
68.480: [GC (Allocation Failure) 37375K->337K(78848K), 0.0002070 secs]
68.568: [GC (Allocation Failure) 36103K->337K(77632K), 0.0002260 secs]
68.587: [GC (Allocation Failure) 34882K->337K(76480K), 0.0002720 secs]
68.606: [GC (Allocation Failure) 33710K->337K(83200K), 0.0003240 secs]
68.628: [GC (Allocation Failure) 40454K->337K(81792K), 0.0002190 secs]
68.646: [GC (Allocation Failure) 39038K->337K(89536K), 0.0002060 secs]
68.719: [GC (Allocation Failure) 46755K->337K(87872K), 0.0002080 secs]
68.767: [GC (Allocation Failure) 45094K->337K(86272K), 0.0002160 secs]
68.786: [GC (Allocation Failure) 43531K->337K(84736K), 0.0002220 secs]
68.817: [GC (Allocation Failure) 41968K->337K(83264K), 0.0002290 secs]
68.866: [GC (Allocation Failure) 40503K->337K(81856K), 0.0002240 secs]
68.883: [GC (Allocation Failure) 39086K->337K(80512K), 0.0002730 secs]
68.919: [GC (Allocation Failure) 37768K->337K(79232K), 0.0002160 secs]
68.935: [GC (Allocation Failure) 36494K->337K(78016K), 0.0002070 secs]
68.964: [GC (Allocation Failure) 35273K->337K(76864K), 0.0002020 secs]
69.033: [GC (Allocation Failure) 34100K->337K(75776K), 0.0002050 secs]
69.113: [GC (Allocation Failure) 33026K->337K(74688K), 0.0002770 secs]
69.163: [GC (Allocation Failure) 31951K->337K(73664K), 0.0002170 secs]
69.176: [GC (Allocation Failure) 30925K->337K(72704K), 0.0002060 secs]
69.193: [GC (Allocation Failure) 29949K->337K(71808K), 0.0002160 secs]
69.207: [GC (Allocation Failure) 29069K->337K(70912K), 0.0002040 secs]
69.231: [GC (Allocation Failure) 28141K->337K(70080K), 0.0002260 secs]
69.248: [GC (Allocation Failure) 27311K->337K(69248K), 0.0002140 secs]
69.264: [GC (Allocation Failure) 26481K->337K(74496K), 0.0002280 secs]
69.283: [GC (Allocation Failure) 31756K->337K(80832K), 0.0003770 secs]
69.301: [GC (Allocation Failure) 38061K->337K(88384K), 0.0002640 secs]
69.416: [GC (Allocation Failure) 45631K->337K(86720K), 0.0002140 secs]
69.440: [GC (Allocation Failure) 43971K->337K(85184K), 0.0002140 secs]
69.463: [GC (Allocation Failure) 42408K->337K(83712K), 0.0002050 secs]
69.485: [GC (Allocation Failure) 40942K->337K(82304K), 0.0002180 secs]
69.503: [GC (Allocation Failure) 39526K->337K(80960K), 0.0002040 secs]
69.566: [GC (Allocation Failure) 38207K->337K(79680K), 0.0002180 secs]
69.586: [GC (Allocation Failure) 36933K->337K(78464K), 0.0002050 secs]
69.602: [GC (Allocation Failure) 35712K->337K(77312K), 0.0002190 secs]
69.638: [GC (Allocation Failure) 34540K->337K(76160K), 0.0002290 secs]
69.658: [GC (Allocation Failure) 33417K->337K(75072K), 0.0002310 secs]
69.672: [GC (Allocation Failure) 32293K->337K(74048K), 0.0002070 secs]
69.685: [GC (Allocation Failure) 31267K->337K(80256K), 0.0002070 secs]
69.716: [GC (Allocation Failure) 37475K->337K(78976K), 0.0002160 secs]
69.736: [GC (Allocation Failure) 36201K->337K(77760K), 0.0002070 secs]
69.755: [GC (Allocation Failure) 34980K->337K(76608K), 0.0002140 secs]
69.815: [GC (Allocation Failure) 33856K->337K(75520K), 0.0002270 secs]
69.833: [GC (Allocation Failure) 32782K->337K(74496K), 0.0002130 secs]
69.868: [GC (Allocation Failure) 31756K->337K(73472K), 0.0002170 secs]
69.881: [GC (Allocation Failure) 30730K->337K(72512K), 0.0002060 secs]
69.917: [GC (Allocation Failure) 29753K->337K(71616K), 0.0002140 secs]
69.931: [GC (Allocation Failure) 28874K->337K(70720K), 0.0002150 secs]
69.958: [GC (Allocation Failure) 27946K->337K(69888K), 0.0002100 secs]
69.974: [GC (Allocation Failure) 27116K->337K(75264K), 0.0002740 secs]
69.988: [GC (Allocation Failure) 32488K->337K(81728K), 0.0002070 secs]
70.017: [GC (Allocation Failure) 38989K->337K(80384K), 0.0002070 secs]
70.034: [GC (Allocation Failure) 37621K->337K(79104K), 0.0002070 secs]
70.070: [GC (Allocation Failure) 36347K->337K(77888K), 0.0002510 secs]
70.086: [GC (Allocation Failure) 35126K->337K(84864K), 0.0002780 secs]
70.119: [GC (Allocation Failure) 42115K->337K(83392K), 0.0002160 secs]
70.172: [GC (Allocation Failure) 40649K->337K(81984K), 0.0002240 secs]
70.189: [GC (Allocation Failure) 39233K->337K(80640K), 0.0002200 secs]
70.210: [GC (Allocation Failure) 37865K->337K(79360K), 0.0002030 secs]
70.226: [GC (Allocation Failure) 36591K->337K(78144K), 0.0002350 secs]
70.250: [GC (Allocation Failure) 35370K->337K(76992K), 0.0002440 secs]
70.266: [GC (Allocation Failure) 34247K->337K(75904K), 0.0002060 secs]
70.280: [GC (Allocation Failure) 33123K->337K(82496K), 0.0002070 secs]
70.372: [GC (Allocation Failure) 39721K->337K(81152K), 0.0002220 secs]
70.392: [GC (Allocation Failure) 38403K->337K(79872K), 0.0002130 secs]
70.417: [GC (Allocation Failure) 37129K->337K(78656K), 0.0002020 secs]
70.566: [GC (Allocation Failure) 35908K->337K(77440K), 0.0002070 secs]
70.614: [GC (Allocation Failure) 34686K->337K(76288K), 0.0002410 secs]
70.629: [GC (Allocation Failure) 33514K->337K(75200K), 0.0002070 secs]
70.643: [GC (Allocation Failure) 32440K->337K(74176K), 0.0002060 secs]
70.661: [GC (Allocation Failure) 31414K->337K(73152K), 0.0002160 secs]
70.678: [GC (Allocation Failure) 30388K->337K(72192K), 0.0002230 secs]
70.714: [GC (Allocation Failure) 29411K->337K(71296K), 0.0002050 secs]
70.764: [GC (Allocation Failure) 28532K->337K(70400K), 0.0002230 secs]
70.781: [GC (Allocation Failure) 27653K->337K(69568K), 0.0002190 secs]
70.793: [GC (Allocation Failure) 26823K->337K(74880K), 0.0002180 secs]
70.811: [GC (Allocation Failure) 32098K->337K(81280K), 0.0002130 secs]
70.835: [GC (Allocation Failure) 38500K->337K(80000K), 0.0002200 secs]
70.872: [GC (Allocation Failure) 37226K->337K(78720K), 0.0002190 secs]
70.892: [GC (Allocation Failure) 35956K->337K(77504K), 0.0002160 secs]
70.967: [GC (Allocation Failure) 34735K->337K(76352K), 0.0002160 secs]
70.981: [GC (Allocation Failure) 33612K->337K(75264K), 0.0002050 secs]
70.999: [GC (Allocation Failure) 32488K->337K(74240K), 0.0002240 secs]
71.019: [GC (Allocation Failure) 31463K->337K(73216K), 0.0002300 secs]
71.033: [GC (Allocation Failure) 30437K->337K(79296K), 0.0002170 secs]
71.049: [GC (Allocation Failure) 36543K->337K(86592K), 0.0002070 secs]
71.072: [GC (Allocation Failure) 43824K->337K(85056K), 0.0002250 secs]
71.113: [GC (Allocation Failure) 42310K->337K(83584K), 0.0002180 secs]
71.131: [GC (Allocation Failure) 40845K->337K(82176K), 0.0002070 secs]
71.168: [GC (Allocation Failure) 39428K->337K(80832K), 0.0002340 secs]
71.189: [GC (Allocation Failure) 38061K->337K(79552K), 0.0002060 secs]
71.205: [GC (Allocation Failure) 36787K->337K(78336K), 0.0002070 secs]
71.243: [GC (Allocation Failure) 35566K->337K(77184K), 0.0002300 secs]
71.259: [GC (Allocation Failure) 34442K->337K(76032K), 0.0002200 secs]
71.321: [GC (Allocation Failure) 33270K->337K(74944K), 0.0002270 secs]
71.335: [GC (Allocation Failure) 32195K->337K(73920K), 0.0002040 secs]
71.366: [GC (Allocation Failure) 31170K->337K(72960K), 0.0003080 secs]
71.380: [GC (Allocation Failure) 30193K->337K(72000K), 0.0002040 secs]
71.409: [GC (Allocation Failure) 29265K->337K(71104K), 0.0002150 secs]
71.423: [GC (Allocation Failure) 28337K->337K(76736K), 0.0002390 secs]
71.438: [GC (Allocation Failure) 33954K->337K(83520K), 0.0002020 secs]
71.469: [GC (Allocation Failure) 40747K->337K(82112K), 0.0002180 secs]
71.520: [GC (Allocation Failure) 39331K->337K(80768K), 0.0002170 secs]
71.536: [GC (Allocation Failure) 38012K->337K(79488K), 0.0002060 secs]
71.568: [GC (Allocation Failure) 36738K->337K(78272K), 0.0002160 secs]
71.588: [GC (Allocation Failure) 35517K->337K(77120K), 0.0002030 secs]
71.633: [GC (Allocation Failure) 34345K->337K(75968K), 0.0002750 secs]
71.721: [GC (Allocation Failure) 33221K->337K(74880K), 0.0002850 secs]
71.735: [GC (Allocation Failure) 32098K->337K(73856K), 0.0002320 secs]
71.753: [GC (Allocation Failure) 31121K->337K(72896K), 0.0002110 secs]
71.766: [GC (Allocation Failure) 30144K->337K(71936K), 0.0002050 secs]
71.819: [GC (Allocation Failure) 29167K->337K(71040K), 0.0002050 secs]
71.831: [GC (Allocation Failure) 28288K->337K(70208K), 0.0002170 secs]
71.843: [GC (Allocation Failure) 27458K->337K(75648K), 0.0002040 secs]
71.861: [GC (Allocation Failure) 32879K->337K(82176K), 0.0002130 secs]
71.878: [GC (Allocation Failure) 39428K->337K(90048K), 0.0002160 secs]
71.974: [GC (Allocation Failure) 47292K->337K(88320K), 0.0002170 secs]
71.994: [GC (Allocation Failure) 45583K->337K(86656K), 0.0002060 secs]
72.072: [GC (Allocation Failure) 43873K->337K(85120K), 0.0002180 secs]
72.126: [GC (Allocation Failure) 42359K->337K(83648K), 0.0002170 secs]
72.143: [GC (Allocation Failure) 40894K->337K(82240K), 0.0002180 secs]
72.161: [GC (Allocation Failure) 39477K->337K(80896K), 0.0002170 secs]
72.320: [GC (Allocation Failure) 38158K->337K(79616K), 0.0002280 secs]
72.336: [GC (Allocation Failure) 36836K->337K(78400K), 0.0002060 secs]
72.352: [GC (Allocation Failure) 35663K->337K(77248K), 0.0002100 secs]
72.422: [GC (Allocation Failure) 34491K->337K(76096K), 0.0002640 secs]
72.441: [GC (Allocation Failure) 33319K->337K(75008K), 0.0002150 secs]
72.460: [GC (Allocation Failure) 32244K->337K(73984K), 0.0002050 secs]
72.474: [GC (Allocation Failure) 31219K->337K(73024K), 0.0002050 secs]
72.607: [GC (Allocation Failure) 30242K->337K(72064K), 0.0002170 secs]
72.631: [GC (Allocation Failure) 29314K->337K(71168K), 0.0002180 secs]
72.648: [GC (Allocation Failure) 28386K->337K(70336K), 0.0002060 secs]
72.716: [GC (Allocation Failure) 27555K->337K(69504K), 0.0002180 secs]
72.766: [GC (Allocation Failure) 26725K->337K(68736K), 0.0002160 secs]
72.781: [GC (Allocation Failure) 25992K->337K(67968K), 0.0002120 secs]
72.796: [GC (Allocation Failure) 25211K->337K(67264K), 0.0002160 secs]
72.811: [GC (Allocation Failure) 24523K->337K(66560K), 0.0002140 secs]
72.919: [GC (Allocation Failure) 23790K->337K(65920K), 0.0002130 secs]
72.933: [GC (Allocation Failure) 23155K->337K(65280K), 0.0002160 secs]
72.943: [GC (Allocation Failure) 22520K->337K(69760K), 0.0002620 secs]
73.016: [GC (Allocation Failure) 27018K->337K(68992K), 0.0002050 secs]
73.031: [GC (Allocation Failure) 26236K->337K(74176K), 0.0002740 secs]
73.045: [GC (Allocation Failure) 31414K->337K(80448K), 0.0002190 secs]
73.075: [GC (Allocation Failure) 37670K->337K(87936K), 0.0002160 secs]
73.095: [GC (Allocation Failure) 45192K->337K(96960K), 0.0002170 secs]
73.123: [GC (Allocation Failure) 54183K->337K(94912K), 0.0002120 secs]
73.177: [GC (Allocation Failure) 52132K->337K(92992K), 0.0002090 secs]
73.203: [GC (Allocation Failure) 50227K->337K(91136K), 0.0002050 secs]
73.228: [GC (Allocation Failure) 48367K->337K(89344K), 0.0002160 secs]
73.251: [GC (Allocation Failure) 46608K->337K(87680K), 0.0002030 secs]
73.270: [GC (Allocation Failure) 44899K->337K(86080K), 0.0002090 secs]
73.323: [GC (Allocation Failure) 43336K->337K(84544K), 0.0002140 secs]
73.346: [GC (Allocation Failure) 41773K->337K(83072K), 0.0002020 secs]
73.364: [GC (Allocation Failure) 40307K->337K(81664K), 0.0002060 secs]
73.441: [GC (Allocation Failure) 38891K->337K(80320K), 0.0002300 secs]
73.458: [GC (Allocation Failure) 37572K->337K(79040K), 0.0002210 secs]
73.479: [GC (Allocation Failure) 36298K->337K(77824K), 0.0002140 secs]
73.498: [GC (Allocation Failure) 35077K->337K(76672K), 0.0002170 secs]
73.517: [GC (Allocation Failure) 33905K->337K(75584K), 0.0002230 secs]
73.535: [GC (Allocation Failure) 32830K->337K(74560K), 0.0002190 secs]
73.550: [GC (Allocation Failure) 31805K->337K(80896K), 0.0011460 secs]
73.571: [GC (Allocation Failure) 38158K->337K(88512K), 0.0002070 secs]
73.596: [GC (Allocation Failure) 45729K->337K(97600K), 0.0002160 secs]
73.624: [GC (Allocation Failure) 54818K->337K(108544K), 0.0002160 secs]
73.683: [GC (Allocation Failure) 65763K->337K(121664K), 0.0002070 secs]
73.718: [GC (Allocation Failure) 78906K->337K(137408K), 0.0002090 secs]
73.797: [GC (Allocation Failure) 94638K->337K(133440K), 0.0002060 secs]
73.858: [GC (Allocation Failure) 90681K->337K(129664K), 0.0002070 secs]
73.947: [GC (Allocation Failure) 86920K->337K(126016K), 0.0002140 secs]
73.987: [GC (Allocation Failure) 83253K->337K(122560K), 0.0002120 secs]
74.022: [GC (Allocation Failure) 79785K->337K(119296K), 0.0002140 secs]
74.055: [GC (Allocation Failure) 76513K->337K(116160K), 0.0002020 secs]
74.087: [GC (Allocation Failure) 73383K->337K(113216K), 0.0002050 secs]
74.118: [GC (Allocation Failure) 70452K->337K(110400K), 0.0002080 secs]
74.147: [GC (Allocation Failure) 67619K->337K(107712K), 0.0002060 secs]
74.179: [GC (Allocation Failure) 64933K->337K(105152K), 0.0002170 secs]
74.207: [GC (Allocation Failure) 62393K->337K(102720K), 0.0002030 secs]
74.237: [GC (Allocation Failure) 59947K->337K(100416K), 0.0002130 secs]
74.380: [GC (Allocation Failure) 57651K->337K(98240K), 0.0002150 secs]
74.407: [GC (Allocation Failure) 55502K->337K(96128K), 0.0002070 secs]
74.434: [GC (Allocation Failure) 53353K->337K(94144K), 0.0002150 secs]
74.460: [GC (Allocation Failure) 51399K->337K(92224K), 0.0002180 secs]
74.486: [GC (Allocation Failure) 49441K->337K(90432K), 0.0002310 secs]
74.530: [GC (Allocation Failure) 47683K->337K(88704K), 0.0002200 secs]
74.555: [GC (Allocation Failure) 45925K->337K(87040K), 0.0002130 secs]
74.578: [GC (Allocation Failure) 44264K->337K(85440K), 0.0002040 secs]
74.601: [GC (Allocation Failure) 42701K->337K(83968K), 0.0002050 secs]
74.619: [GC (Allocation Failure) 41187K->337K(82560K), 0.0002150 secs]
74.678: [GC (Allocation Failure) 39819K->337K(81216K), 0.0002580 secs]
74.696: [GC (Allocation Failure) 38451K->337K(79936K), 0.0002150 secs]
74.716: [GC (Allocation Failure) 37177K->337K(78656K), 0.0002130 secs]
74.772: [GC (Allocation Failure) 35908K->337K(77440K), 0.0002100 secs]
74.791: [GC (Allocation Failure) 34686K->337K(76288K), 0.0002060 secs]
74.807: [GC (Allocation Failure) 33514K->337K(75200K), 0.0002160 secs]
74.825: [GC (Allocation Failure) 32440K->337K(74176K), 0.0002070 secs]
74.839: [GC (Allocation Failure) 31414K->337K(73152K), 0.0002190 secs]
74.853: [GC (Allocation Failure) 30388K->337K(79168K), 0.0002020 secs]
74.872: [GC (Allocation Failure) 36396K->337K(86400K), 0.0002270 secs]
74.930: [GC (Allocation Failure) 43629K->337K(84864K), 0.0002680 secs]
74.953: [GC (Allocation Failure) 42115K->337K(83392K), 0.0002150 secs]
74.975: [GC (Allocation Failure) 40649K->337K(81984K), 0.0002150 secs]
74.993: [GC (Allocation Failure) 39233K->337K(80640K), 0.0002070 secs]
75.013: [GC (Allocation Failure) 37865K->337K(79360K), 0.0002150 secs]
75.029: [GC (Allocation Failure) 36591K->337K(78144K), 0.0002080 secs]
75.077: [GC (Allocation Failure) 35370K->337K(76992K), 0.0002150 secs]
75.092: [GC (Allocation Failure) 34247K->337K(75904K), 0.0002140 secs]
75.222: [GC (Allocation Failure) 33123K->337K(74816K), 0.0002190 secs]
75.236: [GC (Allocation Failure) 32049K->337K(73792K), 0.0002060 secs]
75.253: [GC (Allocation Failure) 31023K->337K(72832K), 0.0002140 secs]
75.271: [GC (Allocation Failure) 30095K->337K(71872K), 0.0002160 secs]
75.288: [GC (Allocation Failure) 29118K->337K(70976K), 0.0002150 secs]
75.304: [GC (Allocation Failure) 28239K->337K(76608K), 0.0002150 secs]
75.319: [GC (Allocation Failure) 33856K->337K(83328K), 0.0002710 secs]
75.380: [GC (Allocation Failure) 40552K->337K(81920K), 0.0002200 secs]
75.401: [GC (Allocation Failure) 39184K->337K(80576K), 0.0002240 secs]
75.422: [GC (Allocation Failure) 37816K->337K(79296K), 0.0002140 secs]
75.443: [GC (Allocation Failure) 36543K->337K(78080K), 0.0002040 secs]
75.459: [GC (Allocation Failure) 35321K->337K(76928K), 0.0002150 secs]
75.478: [GC (Allocation Failure) 34149K->337K(75840K), 0.0002030 secs]
75.492: [GC (Allocation Failure) 33075K->337K(82432K), 0.0002310 secs]
75.510: [GC (Allocation Failure) 39673K->337K(90304K), 0.0002060 secs]
75.579: [GC (Allocation Failure) 47536K->337K(88576K), 0.0002170 secs]
75.599: [GC (Allocation Failure) 45827K->337K(86912K), 0.0002060 secs]
75.627: [GC (Allocation Failure) 44166K->337K(85312K), 0.0002050 secs]
75.672: [GC (Allocation Failure) 42554K->337K(83840K), 0.0002180 secs]
75.694: [GC (Allocation Failure) 41089K->337K(82432K), 0.0002080 secs]
75.716: [GC (Allocation Failure) 39673K->337K(81088K), 0.0002140 secs]
75.737: [GC (Allocation Failure) 38305K->337K(79808K), 0.0002130 secs]
75.829: [GC (Allocation Failure) 37031K->337K(78592K), 0.0002110 secs]
75.845: [GC (Allocation Failure) 35810K->337K(77376K), 0.0002070 secs]
75.878: [GC (Allocation Failure) 34638K->337K(76224K), 0.0002170 secs]
75.893: [GC (Allocation Failure) 33465K->337K(75136K), 0.0002740 secs]
75.927: [GC (Allocation Failure) 32391K->337K(74112K), 0.0002250 secs]
75.944: [GC (Allocation Failure) 31365K->337K(73152K), 0.0002190 secs]
75.963: [GC (Allocation Failure) 30388K->337K(72192K), 0.0002680 secs]
76.067: [GC (Allocation Failure) 29411K->337K(71296K), 0.0002800 secs]
76.107: [GC (Allocation Failure) 28532K->337K(70400K), 0.0002170 secs]
76.175: [GC (Allocation Failure) 27653K->337K(69568K), 0.0002180 secs]
76.187: [GC (Allocation Failure) 26823K->337K(68800K), 0.0002300 secs]
76.202: [GC (Allocation Failure) 26041K->337K(68032K), 0.0002300 secs]
76.230: [GC (Allocation Failure) 25260K->337K(67328K), 0.0002190 secs]
76.374: [GC (Allocation Failure) 24572K->337K(66624K), 0.0002150 secs]
76.385: [GC (Allocation Failure) 23888K->337K(65984K), 0.0002040 secs]
76.469: [GC (Allocation Failure) 23204K->337K(65344K), 0.0002170 secs]
76.479: [GC (Allocation Failure) 22569K->337K(69824K), 0.0002060 secs]
76.491: [GC (Allocation Failure) 27067K->337K(75200K), 0.0002050 secs]
76.505: [GC (Allocation Failure) 32440K->337K(81664K), 0.0002070 secs]
76.530: [GC (Allocation Failure) 38891K->337K(89408K), 0.0002460 secs]
76.551: [GC (Allocation Failure) 46657K->337K(98688K), 0.0002160 secs]
76.579: [GC (Allocation Failure) 55941K->337K(96576K), 0.0002250 secs]
76.687: [GC (Allocation Failure) 53841K->337K(94528K), 0.0002200 secs]
76.714: [GC (Allocation Failure) 51790K->337K(92608K), 0.0002040 secs]
76.777: [GC (Allocation Failure) 49836K->337K(90752K), 0.0002290 secs]
76.798: [GC (Allocation Failure) 47976K->337K(89024K), 0.0002080 secs]
76.834: [GC (Allocation Failure) 46266K->337K(87360K), 0.0002260 secs]
76.854: [GC (Allocation Failure) 44606K->337K(85760K), 0.0002080 secs]
76.883: [GC (Allocation Failure) 42994K->337K(84224K), 0.0002270 secs]
76.902: [GC (Allocation Failure) 41480K->337K(82752K), 0.0002200 secs]
76.924: [GC (Allocation Failure) 40014K->337K(81344K), 0.0002170 secs]
76.945: [GC (Allocation Failure) 38598K->337K(80000K), 0.0002210 secs]
76.965: [GC (Allocation Failure) 37226K->337K(78720K), 0.0002150 secs]
76.985: [GC (Allocation Failure) 35956K->337K(77504K), 0.0002180 secs]
77.075: [GC (Allocation Failure) 34735K->337K(76352K), 0.0002160 secs]
77.090: [GC (Allocation Failure) 33612K->337K(75264K), 0.0002070 secs]
77.124: [GC (Allocation Failure) 32488K->337K(74240K), 0.0002070 secs]
77.155: [GC (Allocation Failure) 31463K->337K(73216K), 0.0003740 secs]
77.169: [GC (Allocation Failure) 30437K->337K(72256K), 0.0002230 secs]
77.182: [GC (Allocation Failure) 29509K->337K(78144K), 0.0002190 secs]
77.198: [GC (Allocation Failure) 35370K->337K(85184K), 0.0002070 secs]
77.216: [GC (Allocation Failure) 42408K->337K(93632K), 0.0002070 secs]
77.287: [GC (Allocation Failure) 50862K->337K(91776K), 0.0002260 secs]
77.308: [GC (Allocation Failure) 49002K->337K(89984K), 0.0002160 secs]
77.333: [GC (Allocation Failure) 47243K->337K(88256K), 0.0002180 secs]
77.353: [GC (Allocation Failure) 45485K->337K(86592K), 0.0002090 secs]
77.411: [GC (Allocation Failure) 43824K->337K(85056K), 0.0002060 secs]
77.438: [GC (Allocation Failure) 42310K->337K(83584K), 0.0002050 secs]
77.473: [GC (Allocation Failure) 40845K->337K(82176K), 0.0002840 secs]
77.490: [GC (Allocation Failure) 39428K->337K(80832K), 0.0002090 secs]
77.523: [GC (Allocation Failure) 38061K->337K(79552K), 0.0002150 secs]
77.539: [GC (Allocation Failure) 36787K->337K(78336K), 0.0002040 secs]
77.614: [GC (Allocation Failure) 35566K->337K(77184K), 0.0002270 secs]
77.630: [GC (Allocation Failure) 34442K->337K(76032K), 0.0002250 secs]
77.676: [GC (Allocation Failure) 33270K->337K(74944K), 0.0002040 secs]
77.825: [GC (Allocation Failure) 32195K->337K(73920K), 0.0002170 secs]
77.839: [GC (Allocation Failure) 31170K->337K(72960K), 0.0002040 secs]
77.924: [GC (Allocation Failure) 30193K->337K(72000K), 0.0002080 secs]
77.969: [GC (Allocation Failure) 29265K->337K(71104K), 0.0002190 secs]
77.982: [GC (Allocation Failure) 28337K->337K(70272K), 0.0002080 secs]
78.035: [GC (Allocation Failure) 27506K->337K(69440K), 0.0002270 secs]
78.051: [GC (Allocation Failure) 26676K->337K(68672K), 0.0002140 secs]
78.066: [GC (Allocation Failure) 25895K->337K(67904K), 0.0002210 secs]
78.123: [GC (Allocation Failure) 25162K->337K(67200K), 0.0002040 secs]
78.173: [GC (Allocation Failure) 24425K->337K(66496K), 0.0002150 secs]
78.187: [GC (Allocation Failure) 23741K->337K(65856K), 0.0002130 secs]
78.197: [GC (Allocation Failure) 23106K->337K(70464K), 0.0002190 secs]
78.212: [GC (Allocation Failure) 27702K->337K(75968K), 0.0002130 secs]
78.276: [GC (Allocation Failure) 33221K->337K(74880K), 0.0002190 secs]
78.294: [GC (Allocation Failure) 32098K->337K(73856K), 0.0002230 secs]
78.374: [GC (Allocation Failure) 31121K->337K(72896K), 0.0002690 secs]
78.388: [GC (Allocation Failure) 30144K->337K(78912K), 0.0002780 secs]
78.432: [GC (Allocation Failure) 36152K->337K(77696K), 0.0002170 secs]
78.448: [GC (Allocation Failure) 34931K->337K(76544K), 0.0002180 secs]
78.463: [GC (Allocation Failure) 33807K->337K(83264K), 0.0002040 secs]
78.534: [GC (Allocation Failure) 40503K->337K(81856K), 0.0002240 secs]
78.555: [GC (Allocation Failure) 39086K->337K(80512K), 0.0002060 secs]
78.571: [GC (Allocation Failure) 37768K->337K(79232K), 0.0002060 secs]
78.682: [GC (Allocation Failure) 36494K->337K(78016K), 0.0002230 secs]
78.702: [GC (Allocation Failure) 35273K->337K(76864K), 0.0002170 secs]
78.721: [GC (Allocation Failure) 34100K->337K(75776K), 0.0002130 secs]
78.740: [GC (Allocation Failure) 33026K->337K(74688K), 0.0002210 secs]
78.758: [GC (Allocation Failure) 31951K->337K(73664K), 0.0002930 secs]
78.776: [GC (Allocation Failure) 30925K->337K(79808K), 0.0002170 secs]
78.792: [GC (Allocation Failure) 37031K->337K(87168K), 0.0002080 secs]
78.813: [GC (Allocation Failure) 44410K->337K(85568K), 0.0002010 secs]
78.986: [GC (Allocation Failure) 42799K->337K(84032K), 0.0002190 secs]
79.005: [GC (Allocation Failure) 41284K->337K(82624K), 0.0002200 secs]
79.023: [GC (Allocation Failure) 39868K->337K(81280K), 0.0002060 secs]
79.080: [GC (Allocation Failure) 38500K->337K(80000K), 0.0002280 secs]
79.096: [GC (Allocation Failure) 37226K->337K(78720K), 0.0002040 secs]
79.129: [GC (Allocation Failure) 35956K->337K(77504K), 0.0002170 secs]
79.148: [GC (Allocation Failure) 34735K->337K(76352K), 0.0002260 secs]
79.173: [GC (Allocation Failure) 33612K->337K(75264K), 0.0002170 secs]
79.272: [GC (Allocation Failure) 32488K->337K(74240K), 0.0002340 secs]
79.286: [GC (Allocation Failure) 31463K->337K(73216K), 0.0002280 secs]
79.304: [GC (Allocation Failure) 30437K->337K(72256K), 0.0002030 secs]
79.321: [GC (Allocation Failure) 29509K->337K(71360K), 0.0002310 secs]
79.333: [GC (Allocation Failure) 28581K->337K(77056K), 0.0002070 secs]
79.376: [GC (Allocation Failure) 34296K->337K(75904K), 0.0002080 secs]
79.413: [GC (Allocation Failure) 33123K->337K(74816K), 0.0003730 secs]
79.443: [GC (Allocation Failure) 32049K->337K(73792K), 0.0002110 secs]
79.456: [GC (Allocation Failure) 31023K->337K(79936K), 0.0002900 secs]
79.481: [GC (Allocation Failure) 37177K->337K(87360K), 0.0002220 secs]
79.504: [GC (Allocation Failure) 44606K->337K(96256K), 0.0002750 secs]
79.528: [GC (Allocation Failure) 53499K->337K(106944K), 0.0002750 secs]
79.590: [GC (Allocation Failure) 64200K->337K(104448K), 0.0002410 secs]
79.617: [GC (Allocation Failure) 61705K->337K(102080K), 0.0002740 secs]
79.648: [GC (Allocation Failure) 59312K->337K(99776K), 0.0002180 secs]
79.673: [GC (Allocation Failure) 57016K->337K(97600K), 0.0002790 secs]
79.738: [GC (Allocation Failure) 54818K->337K(95552K), 0.0002070 secs]
79.887: [GC (Allocation Failure) 52815K->337K(93568K), 0.0002050 secs]
79.941: [GC (Allocation Failure) 50813K->337K(91712K), 0.0002140 secs]
79.965: [GC (Allocation Failure) 48953K->337K(89920K), 0.0002090 secs]
79.985: [GC (Allocation Failure) 47146K->337K(88192K), 0.0002770 secs]
80.114: [GC (Allocation Failure) 45436K->337K(86592K), 0.0002470 secs]
80.137: [GC (Allocation Failure) 43824K->337K(85056K), 0.0002030 secs]
80.160: [GC (Allocation Failure) 42310K->337K(83584K), 0.0002130 secs]
80.182: [GC (Allocation Failure) 40845K->337K(82176K), 0.0002120 secs]
80.200: [GC (Allocation Failure) 39428K->337K(80832K), 0.0002050 secs]
80.235: [GC (Allocation Failure) 38061K->337K(79552K), 0.0002240 secs]
80.251: [GC (Allocation Failure) 36787K->337K(78336K), 0.0002050 secs]
80.280: [GC (Allocation Failure) 35566K->337K(77184K), 0.0002270 secs]
80.299: [GC (Allocation Failure) 34442K->337K(76032K), 0.0002170 secs]
80.314: [GC (Allocation Failure) 33270K->337K(74944K), 0.0002190 secs]
80.332: [GC (Allocation Failure) 32195K->337K(73920K), 0.0002030 secs]
80.350: [GC (Allocation Failure) 31170K->337K(72960K), 0.0002130 secs]
80.367: [GC (Allocation Failure) 30193K->337K(78976K), 0.0002320 secs]
80.383: [GC (Allocation Failure) 36201K->337K(86208K), 0.0002070 secs]
80.406: [GC (Allocation Failure) 43433K->337K(84672K), 0.0002070 secs]
80.428: [GC (Allocation Failure) 41919K->337K(83200K), 0.0002140 secs]
80.449: [GC (Allocation Failure) 40454K->337K(81792K), 0.0002050 secs]
80.467: [GC (Allocation Failure) 39038K->337K(80448K), 0.0002060 secs]
80.487: [GC (Allocation Failure) 37670K->337K(79168K), 0.0002150 secs]
80.531: [GC (Allocation Failure) 36396K->337K(77952K), 0.0002720 secs]
80.557: [GC (Allocation Failure) 35175K->337K(76800K), 0.0002150 secs]
80.576: [GC (Allocation Failure) 34051K->337K(75712K), 0.0002030 secs]
80.734: [GC (Allocation Failure) 32977K->337K(74624K), 0.0002030 secs]
80.752: [GC (Allocation Failure) 31854K->337K(73600K), 0.0002170 secs]
80.778: [GC (Allocation Failure) 30828K->337K(72640K), 0.0002610 secs]
80.796: [GC (Allocation Failure) 29900K->337K(71744K), 0.0002050 secs]
80.809: [GC (Allocation Failure) 28972K->337K(77504K), 0.0003240 secs]
80.835: [GC (Allocation Failure) 34735K->337K(84416K), 0.0003360 secs]
80.853: [GC (Allocation Failure) 41675K->337K(92736K), 0.0002180 secs]
80.879: [GC (Allocation Failure) 49983K->337K(102720K), 0.0002160 secs]
80.905: [GC (Allocation Failure) 59947K->337K(100416K), 0.0002080 secs]
80.930: [GC (Allocation Failure) 57651K->337K(98240K), 0.0002300 secs]
80.954: [GC (Allocation Failure) 55502K->337K(96128K), 0.0002290 secs]
80.977: [GC (Allocation Failure) 53353K->337K(94144K), 0.0002150 secs]
81.042: [GC (Allocation Failure) 51399K->337K(92224K), 0.0002180 secs]
81.066: [GC (Allocation Failure) 49441K->337K(90432K), 0.0002090 secs]
81.091: [GC (Allocation Failure) 47683K->337K(88704K), 0.0002130 secs]
81.115: [GC (Allocation Failure) 45925K->337K(87040K), 0.0002030 secs]
81.185: [GC (Allocation Failure) 44264K->337K(85440K), 0.0002060 secs]
81.238: [GC (Allocation Failure) 42701K->337K(83968K), 0.0002290 secs]
81.260: [GC (Allocation Failure) 41187K->337K(82560K), 0.0002740 secs]
81.278: [GC (Allocation Failure) 39819K->337K(81216K), 0.0002310 secs]
81.298: [GC (Allocation Failure) 38451K->337K(79936K), 0.0002180 secs]
81.315: [GC (Allocation Failure) 37177K->337K(78656K), 0.0002150 secs]
81.335: [GC (Allocation Failure) 35908K->337K(77440K), 0.0002030 secs]
81.354: [GC (Allocation Failure) 34686K->337K(76288K), 0.0002230 secs]
81.406: [GC (Allocation Failure) 33514K->337K(75200K), 0.0002260 secs]
81.423: [GC (Allocation Failure) 32440K->337K(74176K), 0.0002140 secs]
81.444: [GC (Allocation Failure) 31414K->337K(73152K), 0.0002240 secs]
81.476: [GC (Allocation Failure) 30388K->337K(72192K), 0.0002140 secs]
81.493: [GC (Allocation Failure) 29411K->337K(71296K), 0.0002300 secs]
81.577: [GC (Allocation Failure) 28532K->337K(70400K), 0.0002170 secs]
81.594: [GC (Allocation Failure) 27653K->337K(69568K), 0.0002150 secs]
81.606: [GC (Allocation Failure) 26823K->337K(74880K), 0.0002170 secs]
81.685: [GC (Allocation Failure) 32098K->337K(73856K), 0.0002270 secs]
81.699: [GC (Allocation Failure) 31121K->337K(72896K), 0.0002050 secs]
81.716: [GC (Allocation Failure) 30144K->337K(71936K), 0.0002170 secs]
81.729: [GC (Allocation Failure) 29167K->337K(77760K), 0.0002300 secs]
81.744: [GC (Allocation Failure) 34980K->337K(84736K), 0.0002160 secs]
81.889: [GC (Allocation Failure) 41968K->337K(83264K), 0.0002250 secs]
81.907: [GC (Allocation Failure) 40503K->337K(81856K), 0.0002060 secs]
81.924: [GC (Allocation Failure) 39086K->337K(80512K), 0.0002070 secs]
81.979: [GC (Allocation Failure) 37768K->337K(79232K), 0.0002210 secs]
82.033: [GC (Allocation Failure) 36494K->337K(78016K), 0.0002190 secs]
82.049: [GC (Allocation Failure) 35273K->337K(76864K), 0.0002070 secs]
82.063: [GC (Allocation Failure) 34100K->337K(75776K), 0.0002040 secs]
82.078: [GC (Allocation Failure) 33026K->337K(74688K), 0.0002040 secs]
82.182: [GC (Allocation Failure) 31951K->337K(73664K), 0.0002070 secs]
82.235: [GC (Allocation Failure) 30925K->337K(72704K), 0.0002150 secs]
82.249: [GC (Allocation Failure) 29949K->337K(78656K), 0.0003210 secs]
82.288: [GC (Allocation Failure) 35908K->337K(77440K), 0.0003370 secs]
82.307: [GC (Allocation Failure) 34686K->337K(76288K), 0.0002090 secs]
82.326: [GC (Allocation Failure) 33514K->337K(75200K), 0.0002210 secs]
82.433: [GC (Allocation Failure) 32440K->337K(74176K), 0.0002300 secs]
82.451: [GC (Allocation Failure) 31414K->337K(73152K), 0.0002040 secs]
82.468: [GC (Allocation Failure) 30388K->337K(72192K), 0.0002110 secs]
82.535: [GC (Allocation Failure) 29411K->337K(71296K), 0.0002260 secs]
82.552: [GC (Allocation Failure) 28532K->337K(70400K), 0.0002160 secs]
82.568: [GC (Allocation Failure) 27653K->337K(69568K), 0.0002210 secs]
82.611: [GC (Allocation Failure) 26823K->337K(68800K), 0.0003260 secs]
82.629: [GC (Allocation Failure) 26041K->337K(68032K), 0.0002190 secs]
82.773: [GC (Allocation Failure) 25260K->337K(67328K), 0.0002050 secs]
82.833: [GC (Allocation Failure) 24572K->337K(66624K), 0.0002270 secs]
82.844: [GC (Allocation Failure) 23888K->337K(65984K), 0.0002190 secs]
82.858: [GC (Allocation Failure) 23204K->337K(65344K), 0.0002120 secs]
82.872: [GC (Allocation Failure) 22569K->337K(69824K), 0.0002170 secs]
82.888: [GC (Allocation Failure) 27067K->337K(75200K), 0.0002240 secs]
82.907: [GC (Allocation Failure) 32440K->337K(81664K), 0.0002180 secs]
82.929: [GC (Allocation Failure) 38891K->337K(89408K), 0.0002270 secs]
82.951: [GC (Allocation Failure) 46657K->337K(87744K), 0.0002300 secs]
82.975: [GC (Allocation Failure) 44996K->337K(86144K), 0.0002050 secs]
82.998: [GC (Allocation Failure) 43385K->337K(84608K), 0.0002220 secs]
83.016: [GC (Allocation Failure) 41870K->337K(83136K), 0.0002080 secs]
83.034: [GC (Allocation Failure) 40356K->337K(81728K), 0.0002060 secs]
83.086: [GC (Allocation Failure) 38989K->337K(80384K), 0.0002200 secs]
83.102: [GC (Allocation Failure) 37621K->337K(79104K), 0.0002060 secs]
83.118: [GC (Allocation Failure) 36347K->337K(77888K), 0.0002130 secs]
83.138: [GC (Allocation Failure) 35126K->337K(76736K), 0.0002160 secs]
83.153: [GC (Allocation Failure) 33954K->337K(75648K), 0.0002070 secs]
83.185: [GC (Allocation Failure) 32879K->337K(74560K), 0.0002230 secs]
83.199: [GC (Allocation Failure) 31805K->337K(73536K), 0.0002070 secs]
83.277: [GC (Allocation Failure) 30779K->337K(72576K), 0.0002160 secs]
83.290: [GC (Allocation Failure) 29802K->337K(71680K), 0.0002080 secs]
83.336: [GC (Allocation Failure) 28923K->337K(70784K), 0.0002240 secs]
83.352: [GC (Allocation Failure) 28044K->337K(69952K), 0.0002290 secs]
83.365: [GC (Allocation Failure) 27213K->337K(75328K), 0.0002630 secs]
83.384: [GC (Allocation Failure) 32586K->337K(81792K), 0.0002250 secs]
83.413: [GC (Allocation Failure) 39038K->337K(80448K), 0.0002220 secs]
83.430: [GC (Allocation Failure) 37670K->337K(87936K), 0.0002890 secs]
83.474: [GC (Allocation Failure) 45192K->337K(86336K), 0.0002150 secs]
83.497: [GC (Allocation Failure) 43580K->337K(84800K), 0.0002060 secs]
83.520: [GC (Allocation Failure) 42017K->337K(83328K), 0.0002140 secs]
83.542: [GC (Allocation Failure) 40552K->337K(81920K), 0.0002150 secs]
83.563: [GC (Allocation Failure) 39184K->337K(80576K), 0.0002230 secs]
83.591: [GC (Allocation Failure) 37816K->337K(79296K), 0.0002230 secs]
83.610: [GC (Allocation Failure) 36543K->337K(78080K), 0.0002420 secs]
83.685: [GC (Allocation Failure) 35321K->337K(76928K), 0.0002080 secs]
83.735: [GC (Allocation Failure) 34149K->337K(75840K), 0.0002160 secs]
83.753: [GC (Allocation Failure) 33075K->337K(74752K), 0.0002160 secs]
83.767: [GC (Allocation Failure) 32000K->337K(73728K), 0.0002070 secs]
83.780: [GC (Allocation Failure) 30974K->337K(72768K), 0.0002050 secs]
83.793: [GC (Allocation Failure) 29997K->337K(78720K), 0.0002160 secs]
83.809: [GC (Allocation Failure) 35956K->337K(85888K), 0.0002040 secs]
83.939: [GC (Allocation Failure) 43140K->337K(84352K), 0.0002170 secs]
83.961: [GC (Allocation Failure) 41577K->337K(82880K), 0.0002040 secs]
83.982: [GC (Allocation Failure) 40112K->337K(81472K), 0.0002920 secs]
84.039: [GC (Allocation Failure) 38696K->337K(80128K), 0.0002310 secs]
84.055: [GC (Allocation Failure) 37375K->337K(78848K), 0.0002070 secs]
84.075: [GC (Allocation Failure) 36103K->337K(77632K), 0.0002240 secs]
84.238: [GC (Allocation Failure) 34882K->337K(76480K), 0.0002220 secs]
84.256: [GC (Allocation Failure) 33710K->337K(75392K), 0.0002080 secs]
84.289: [GC (Allocation Failure) 32635K->337K(74368K), 0.0002090 secs]
84.303: [GC (Allocation Failure) 31609K->337K(73344K), 0.0002070 secs]
84.334: [GC (Allocation Failure) 30584K->337K(72384K), 0.0002040 secs]
84.381: [GC (Allocation Failure) 29607K->337K(71488K), 0.0002170 secs]
84.397: [GC (Allocation Failure) 28728K->337K(70592K), 0.0002310 secs]
84.414: [GC (Allocation Failure) 27848K->337K(76096K), 0.0003320 secs]
84.431: [GC (Allocation Failure) 33319K->337K(82752K), 0.0002050 secs]
84.460: [GC (Allocation Failure) 40014K->337K(81344K), 0.0002050 secs]
84.481: [GC (Allocation Failure) 38598K->337K(80000K), 0.0002120 secs]
84.501: [GC (Allocation Failure) 37226K->337K(78720K), 0.0002200 secs]
84.519: [GC (Allocation Failure) 35956K->337K(77504K), 0.0002200 secs]
84.534: [GC (Allocation Failure) 34735K->337K(76352K), 0.0002080 secs]
84.590: [GC (Allocation Failure) 33612K->337K(75264K), 0.0002250 secs]
84.604: [GC (Allocation Failure) 32488K->337K(74240K), 0.0002080 secs]
84.618: [GC (Allocation Failure) 31463K->337K(80512K), 0.0002080 secs]
84.638: [GC (Allocation Failure) 37768K->337K(88000K), 0.0002600 secs]
84.791: [GC (Allocation Failure) 45241K->337K(86400K), 0.0002070 secs]
84.844: [GC (Allocation Failure) 43629K->337K(84864K), 0.0002110 secs]
84.867: [GC (Allocation Failure) 42115K->337K(83392K), 0.0002140 secs]
84.943: [GC (Allocation Failure) 40649K->337K(81984K), 0.0002220 secs]
84.960: [GC (Allocation Failure) 39233K->337K(80640K), 0.0002170 secs]
84.981: [GC (Allocation Failure) 37865K->337K(79360K), 0.0002160 secs]
84.997: [GC (Allocation Failure) 36591K->337K(78144K), 0.0002300 secs]
85.013: [GC (Allocation Failure) 35370K->337K(76992K), 0.0002040 secs]
85.032: [GC (Allocation Failure) 34247K->337K(75904K), 0.0002130 secs]
85.050: [GC (Allocation Failure) 33123K->337K(74816K), 0.0002050 secs]
85.069: [GC (Allocation Failure) 32049K->337K(73792K), 0.0002230 secs]
85.112: [GC (Allocation Failure) 31023K->337K(72832K), 0.0002290 secs]
85.130: [GC (Allocation Failure) 30095K->337K(78784K), 0.0003120 secs]
85.147: [GC (Allocation Failure) 36005K->337K(85952K), 0.0002180 secs]
85.167: [GC (Allocation Failure) 43189K->337K(84416K), 0.0001870 secs]
85.188: [GC (Allocation Failure) 41675K->337K(82944K), 0.0002160 secs]
85.206: [GC (Allocation Failure) 40161K->337K(90944K), 0.0002720 secs]
85.243: [GC (Allocation Failure) 48171K->337K(89216K), 0.0002060 secs]
85.385: [GC (Allocation Failure) 46462K->337K(87552K), 0.0002250 secs]
85.405: [GC (Allocation Failure) 44801K->337K(85952K), 0.0002080 secs]
85.446: [GC (Allocation Failure) 43189K->337K(84416K), 0.0002160 secs]
85.465: [GC (Allocation Failure) 41675K->337K(82944K), 0.0003240 secs]
85.490: [GC (Allocation Failure) 40161K->337K(81536K), 0.0002470 secs]
85.543: [GC (Allocation Failure) 38793K->337K(80192K), 0.0002250 secs]
85.564: [GC (Allocation Failure) 37426K->337K(78912K), 0.0002160 secs]
85.585: [GC (Allocation Failure) 36152K->337K(77696K), 0.0002260 secs]
85.602: [GC (Allocation Failure) 34931K->337K(76544K), 0.0002090 secs]
85.633: [GC (Allocation Failure) 33807K->337K(75456K), 0.0002180 secs]
85.651: [GC (Allocation Failure) 32684K->337K(74432K), 0.0002160 secs]
85.667: [GC (Allocation Failure) 31658K->337K(73408K), 0.0002130 secs]
85.740: [GC (Allocation Failure) 30632K->337K(72448K), 0.0002060 secs]
85.757: [GC (Allocation Failure) 29704K->337K(71552K), 0.0002230 secs]
85.770: [GC (Allocation Failure) 28776K->337K(70656K), 0.0002060 secs]
85.831: [GC (Allocation Failure) 27897K->337K(69824K), 0.0002180 secs]
85.843: [GC (Allocation Failure) 27067K->337K(68992K), 0.0002160 secs]
85.858: [GC (Allocation Failure) 26236K->337K(74176K), 0.0002160 secs]
85.941: [GC (Allocation Failure) 31414K->337K(73152K), 0.0002050 secs]
85.958: [GC (Allocation Failure) 30388K->337K(72192K), 0.0002170 secs]
85.973: [GC (Allocation Failure) 29411K->337K(71296K), 0.0002170 secs]
85.990: [GC (Allocation Failure) 28532K->337K(76992K), 0.0002160 secs]
86.038: [GC (Allocation Failure) 34247K->337K(75904K), 0.0002180 secs]
86.091: [GC (Allocation Failure) 33123K->337K(74816K), 0.0002150 secs]
86.109: [GC (Allocation Failure) 32049K->337K(73792K), 0.0002080 secs]
86.123: [GC (Allocation Failure) 31023K->337K(72832K), 0.0002160 secs]
86.236: [GC (Allocation Failure) 30095K->337K(71872K), 0.0002170 secs]
86.249: [GC (Allocation Failure) 29118K->337K(70976K), 0.0002040 secs]
86.261: [GC (Allocation Failure) 28239K->337K(76608K), 0.0002050 secs]
86.342: [GC (Allocation Failure) 33856K->337K(75520K), 0.0002030 secs]
86.357: [GC (Allocation Failure) 32782K->337K(82048K), 0.0002770 secs]
86.392: [GC (Allocation Failure) 39282K->337K(80704K), 0.0002190 secs]
86.408: [GC (Allocation Failure) 37963K->337K(88256K), 0.0002820 secs]
86.448: [GC (Allocation Failure) 45485K->337K(86592K), 0.0002280 secs]
86.468: [GC (Allocation Failure) 43824K->337K(85056K), 0.0002110 secs]
86.497: [GC (Allocation Failure) 42310K->337K(83584K), 0.0002140 secs]
86.518: [GC (Allocation Failure) 40845K->337K(82176K), 0.0002080 secs]
86.536: [GC (Allocation Failure) 39428K->337K(80832K), 0.0002070 secs]
86.556: [GC (Allocation Failure) 38061K->337K(79552K), 0.0002040 secs]
86.573: [GC (Allocation Failure) 36787K->337K(78336K), 0.0002070 secs]
86.639: [GC (Allocation Failure) 35566K->337K(77184K), 0.0002060 secs]
86.693: [GC (Allocation Failure) 34442K->337K(76032K), 0.0002140 secs]
86.707: [GC (Allocation Failure) 33270K->337K(74944K), 0.0002170 secs]
86.724: [GC (Allocation Failure) 32195K->337K(73920K), 0.0002120 secs]
86.786: [GC (Allocation Failure) 31170K->337K(72960K), 0.0002200 secs]
86.803: [GC (Allocation Failure) 30193K->337K(72000K), 0.0002130 secs]
86.816: [GC (Allocation Failure) 29265K->337K(71104K), 0.0002210 secs]
86.891: [GC (Allocation Failure) 28337K->337K(70272K), 0.0002310 secs]
86.904: [GC (Allocation Failure) 27506K->337K(75712K), 0.0002720 secs]
86.938: [GC (Allocation Failure) 32977K->337K(74624K), 0.0002880 secs]
86.988: [GC (Allocation Failure) 31854K->337K(73600K), 0.0002090 secs]
87.017: [GC (Allocation Failure) 30828K->337K(72640K), 0.0003180 secs]
87.036: [GC (Allocation Failure) 29900K->337K(71744K), 0.0002300 secs]
87.049: [GC (Allocation Failure) 28972K->337K(77504K), 0.0003920 secs]
87.093: [GC (Allocation Failure) 34735K->337K(84416K), 0.0002170 secs]
87.112: [GC (Allocation Failure) 41675K->337K(92736K), 0.0002070 secs]
87.150: [GC (Allocation Failure) 49983K->337K(90880K), 0.0002150 secs]
87.171: [GC (Allocation Failure) 48122K->337K(89152K), 0.0002060 secs]
87.192: [GC (Allocation Failure) 46413K->337K(87488K), 0.0002060 secs]
87.211: [GC (Allocation Failure) 44752K->337K(85888K), 0.0002040 secs]
87.234: [GC (Allocation Failure) 43140K->337K(84352K), 0.0002240 secs]
87.393: [GC (Allocation Failure) 41577K->337K(82880K), 0.0002150 secs]
87.415: [GC (Allocation Failure) 40112K->337K(81472K), 0.0002120 secs]
87.437: [GC (Allocation Failure) 38696K->337K(80128K), 0.0002010 secs]
87.453: [GC (Allocation Failure) 37375K->337K(78848K), 0.0002070 secs]
87.473: [GC (Allocation Failure) 36103K->337K(77632K), 0.0002730 secs]
87.492: [GC (Allocation Failure) 34882K->337K(76480K), 0.0002140 secs]
87.511: [GC (Allocation Failure) 33710K->337K(75392K), 0.0002100 secs]
87.539: [GC (Allocation Failure) 32635K->337K(74368K), 0.0002750 secs]
87.587: [GC (Allocation Failure) 31609K->337K(73344K), 0.0002270 secs]
87.604: [GC (Allocation Failure) 30584K->337K(72384K), 0.0002260 secs]
87.643: [GC (Allocation Failure) 29607K->337K(71488K), 0.0002230 secs]
87.660: [GC (Allocation Failure) 28728K->337K(70592K), 0.0002800 secs]
87.675: [GC (Allocation Failure) 27848K->337K(69760K), 0.0002140 secs]
87.688: [GC (Allocation Failure) 27018K->337K(75136K), 0.0002040 secs]
87.744: [GC (Allocation Failure) 32391K->337K(74112K), 0.0002240 secs]
87.762: [GC (Allocation Failure) 31365K->337K(73152K), 0.0002170 secs]
87.779: [GC (Allocation Failure) 30388K->337K(72192K), 0.0002230 secs]
87.842: [GC (Allocation Failure) 29411K->337K(71296K), 0.0002210 secs]
87.859: [GC (Allocation Failure) 28532K->337K(70400K), 0.0002110 secs]
87.986: [GC (Allocation Failure) 27653K->337K(69568K), 0.0002180 secs]
87.998: [GC (Allocation Failure) 26823K->337K(68800K), 0.0002150 secs]
88.041: [GC (Allocation Failure) 26041K->337K(68032K), 0.0002440 secs]
88.053: [GC (Allocation Failure) 25260K->337K(73024K), 0.0002810 secs]
88.071: [GC (Allocation Failure) 30242K->337K(79040K), 0.0002140 secs]
88.087: [GC (Allocation Failure) 36298K->337K(86272K), 0.0002080 secs]
88.144: [GC (Allocation Failure) 43531K->337K(84736K), 0.0002780 secs]
88.249: [GC (Allocation Failure) 41968K->337K(83264K), 0.0002290 secs]
88.268: [GC (Allocation Failure) 40503K->337K(81856K), 0.0003200 secs]
88.348: [GC (Allocation Failure) 39086K->337K(80512K), 0.0003340 secs]
88.365: [GC (Allocation Failure) 37768K->337K(79232K), 0.0002160 secs]
88.384: [GC (Allocation Failure) 36494K->337K(78016K), 0.0002160 secs]
88.404: [GC (Allocation Failure) 35273K->337K(76864K), 0.0002140 secs]
88.423: [GC (Allocation Failure) 34100K->337K(75776K), 0.0002050 secs]
88.441: [GC (Allocation Failure) 33026K->337K(74688K), 0.0002280 secs]
88.460: [GC (Allocation Failure) 31951K->337K(73664K), 0.0002160 secs]
88.594: [GC (Allocation Failure) 30925K->337K(72704K), 0.0002170 secs]
88.607: [GC (Allocation Failure) 29949K->337K(71808K), 0.0002190 secs]
88.624: [GC (Allocation Failure) 29069K->337K(70912K), 0.0002150 secs]
88.693: [GC (Allocation Failure) 28141K->337K(70080K), 0.0002080 secs]
88.705: [GC (Allocation Failure) 27311K->337K(69248K), 0.0002300 secs]
88.717: [GC (Allocation Failure) 26481K->337K(74496K), 0.0002050 secs]
88.785: [GC (Allocation Failure) 31756K->337K(73472K), 0.0002190 secs]
88.832: [GC (Allocation Failure) 30730K->337K(72512K), 0.0002170 secs]
88.845: [GC (Allocation Failure) 29753K->337K(71616K), 0.0002080 secs]
88.890: [GC (Allocation Failure) 28874K->337K(70720K), 0.0002180 secs]
88.902: [GC (Allocation Failure) 27946K->337K(69888K), 0.0002190 secs]
88.939: [GC (Allocation Failure) 27116K->337K(69056K), 0.0002090 secs]
88.992: [GC (Allocation Failure) 26285K->337K(68288K), 0.0002190 secs]
89.004: [GC (Allocation Failure) 25553K->337K(67520K), 0.0002200 secs]
89.105: [GC (Allocation Failure) 24767K->337K(66816K), 0.0002080 secs]
89.150: [GC (Allocation Failure) 24035K->337K(66112K), 0.0002650 secs]
89.182: [GC (Allocation Failure) 23351K->337K(65472K), 0.0002110 secs]
89.196: [GC (Allocation Failure) 22716K->337K(64832K), 0.0002760 secs]
89.210: [GC (Allocation Failure) 22081K->337K(69184K), 0.0002440 secs]
89.239: [GC (Allocation Failure) 26432K->337K(68416K), 0.0002180 secs]
89.254: [GC (Allocation Failure) 25650K->337K(73536K), 0.0002140 secs]
89.291: [GC (Allocation Failure) 30779K->337K(72576K), 0.0002170 secs]
89.304: [GC (Allocation Failure) 29802K->337K(78528K), 0.0002070 secs]
89.319: [GC (Allocation Failure) 35761K->337K(85632K), 0.0002170 secs]
89.415: [GC (Allocation Failure) 42896K->337K(84096K), 0.0003190 secs]
89.447: [GC (Allocation Failure) 41333K->337K(82624K), 0.0002230 secs]
89.469: [GC (Allocation Failure) 39868K->337K(81280K), 0.0002240 secs]
