0.357: [GC (Allocation Failure) 16093K->803K(61824K), 0.0030830 secs]
0.387: [GC (Allocation Failure) 16891K->783K(61824K), 0.0017810 secs]
0.406: [GC (Allocation Failure) 16895K->771K(61824K), 0.0011710 secs]
0.436: [GC (Allocation Failure) 16894K->730K(77952K), 0.0027440 secs]
0.484: [GC (Allocation Failure) 32979K->750K(77952K), 0.0021170 secs]
0.526: [GC (Allocation Failure) 32963K->840K(108288K), 0.0016280 secs]
0.608: [GC (Allocation Failure) 65251K->745K(108352K), 0.0024970 secs]
0.661: [GC (Allocation Failure) 65173K->813K(172864K), 0.0006120 secs]
0.769: [GC (Allocation Failure) 129625K->769K(172928K), 0.0004800 secs]
0.850: [GC (Allocation Failure) 129586K->821K(250304K), 0.0004180 secs]
1.000: [GC (Allocation Failure) 206944K->777K(250304K), 0.0006370 secs]
1.123: [GC (Allocation Failure) 206920K->781K(374016K), 0.0005430 secs]
1.371: [GC (Allocation Failure) 330610K->781K(374016K), 0.0005650 secs]
1.551: [GC (Allocation Failure) 330637K->785K(357376K), 0.0004380 secs]
1.740: [GC (Allocation Failure) 314944K->833K(342464K), 0.0004340 secs]
1.898: [GC (Allocation Failure) 300073K->833K(328320K), 0.0005710 secs]
2.050: [GC (Allocation Failure) 285916K->931K(315008K), 0.0005300 secs]
2.205: [GC (Allocation Failure) 272591K->837K(302080K), 0.0005600 secs]
2.344: [GC (Allocation Failure) 259717K->789K(289920K), 0.0005150 secs]
2.471: [GC (Allocation Failure) 247482K->837K(278400K), 0.0004980 secs]
2.596: [GC (Allocation Failure) 236034K->837K(267456K), 0.0005510 secs]
2.719: [GC (Allocation Failure) 225063K->837K(257024K), 0.0004590 secs]
2.833: [GC (Allocation Failure) 214638K->789K(247104K), 0.0004450 secs]
2.947: [GC (Allocation Failure) 204657K->789K(237696K), 0.0005480 secs]
3.049: [GC (Allocation Failure) 195272K->886K(228800K), 0.0006990 secs]
3.147: [GC (Allocation Failure) 186386K->821K(220224K), 0.0008910 secs]
3.244: [GC (Allocation Failure) 177828K->773K(212096K), 0.0007310 secs]
3.335: [GC (Allocation Failure) 169687K->789K(204480K), 0.0004520 secs]
3.420: [GC (Allocation Failure) 162035K->789K(197184K), 0.0005580 secs]
3.500: [GC (Allocation Failure) 154755K->841K(190272K), 0.0005520 secs]
3.582: [GC (Allocation Failure) 147897K->841K(183680K), 0.0005670 secs]
3.660: [GC (Allocation Failure) 141294K->793K(177408K), 0.0005780 secs]
3.733: [GC (Allocation Failure) 134978K->845K(171456K), 0.0004580 secs]
3.802: [GC (Allocation Failure) 129061K->797K(165760K), 0.0005530 secs]
3.867: [GC (Allocation Failure) 123352K->797K(160384K), 0.0005090 secs]
3.929: [GC (Allocation Failure) 117967K->801K(155264K), 0.0004760 secs]
3.987: [GC (Allocation Failure) 112864K->801K(150400K), 0.0004530 secs]
4.041: [GC (Allocation Failure) 107985K->849K(145792K), 0.0004390 secs]
4.102: [GC (Allocation Failure) 103394K->801K(141376K), 0.0004450 secs]
4.156: [GC (Allocation Failure) 98947K->849K(137216K), 0.0005980 secs]
4.207: [GC (Allocation Failure) 94830K->833K(133248K), 0.0009080 secs]
4.256: [GC (Allocation Failure) 90834K->801K(129472K), 0.0004300 secs]
4.303: [GC (Allocation Failure) 87056K->801K(125888K), 0.0005860 secs]
4.349: [GC (Allocation Failure) 83457K->849K(122432K), 0.0004830 secs]
4.391: [GC (Allocation Failure) 80080K->801K(119168K), 0.0005630 secs]
4.433: [GC (Allocation Failure) 76727K->785K(135872K), 0.0005620 secs]
4.480: [GC (Allocation Failure) 93512K->849K(156352K), 0.0008690 secs]
4.547: [GC (Allocation Failure) 113980K->849K(181248K), 0.0005630 secs]
4.618: [GC (Allocation Failure) 138854K->849K(175104K), 0.0005500 secs]
4.689: [GC (Allocation Failure) 132751K->801K(169280K), 0.0004720 secs]
4.757: [GC (Allocation Failure) 126849K->849K(163712K), 0.0004440 secs]
4.821: [GC (Allocation Failure) 121317K->849K(158400K), 0.0005780 secs]
4.881: [GC (Allocation Failure) 116019K->801K(153408K), 0.0004340 secs]
4.942: [GC (Allocation Failure) 110978K->801K(148608K), 0.0004830 secs]
4.994: [GC (Allocation Failure) 106176K->849K(144064K), 0.0004640 secs]
5.050: [GC (Allocation Failure) 101681K->801K(139776K), 0.0005410 secs]
5.104: [GC (Allocation Failure) 97368K->849K(135680K), 0.0004700 secs]
5.152: [GC (Allocation Failure) 93291K->801K(131776K), 0.0003990 secs]
5.198: [GC (Allocation Failure) 89330K->801K(128064K), 0.0005640 secs]
5.249: [GC (Allocation Failure) 85627K->849K(124544K), 0.0004630 secs]
5.292: [GC (Allocation Failure) 82156K->849K(121152K), 0.0004670 secs]
5.335: [GC (Allocation Failure) 78761K->785K(136704K), 0.0007430 secs]
5.385: [GC (Allocation Failure) 94335K->801K(132800K), 0.0004890 secs]
5.439: [GC (Allocation Failure) 90364K->849K(129024K), 0.0005180 secs]
5.486: [GC (Allocation Failure) 86652K->801K(125440K), 0.0004370 secs]
5.528: [GC (Allocation Failure) 82997K->801K(122048K), 0.0004410 secs]
5.572: [GC (Allocation Failure) 79629K->801K(118784K), 0.0004770 secs]
5.613: [GC (Allocation Failure) 76376K->789K(133888K), 0.0007240 secs]
5.661: [GC (Allocation Failure) 91532K->853K(152128K), 0.0004450 secs]
5.723: [GC (Allocation Failure) 109737K->853K(147392K), 0.0004670 secs]
5.779: [GC (Allocation Failure) 105017K->853K(142912K), 0.0004760 secs]
5.831: [GC (Allocation Failure) 100543K->805K(138624K), 0.0004090 secs]
5.884: [GC (Allocation Failure) 96226K->805K(134592K), 0.0006060 secs]
5.932: [GC (Allocation Failure) 92196K->789K(130688K), 0.0007250 secs]
5.981: [GC (Allocation Failure) 88303K->809K(127104K), 0.0004300 secs]
6.027: [GC (Allocation Failure) 84712K->809K(123648K), 0.0004370 secs]
6.072: [GC (Allocation Failure) 81237K->809K(120320K), 0.0004510 secs]
6.111: [GC (Allocation Failure) 77919K->857K(117184K), 0.0004670 secs]
6.153: [GC (Allocation Failure) 74808K->813K(114176K), 0.0004450 secs]
6.191: [GC (Allocation Failure) 71747K->813K(111296K), 0.0004260 secs]
6.226: [GC (Allocation Failure) 68879K->813K(108544K), 0.0004390 secs]
6.260: [GC (Allocation Failure) 66119K->813K(121664K), 0.0005340 secs]
6.303: [GC (Allocation Failure) 79253K->813K(137408K), 0.0004870 secs]
6.358: [GC (Allocation Failure) 94977K->813K(156288K), 0.0004840 secs]
6.419: [GC (Allocation Failure) 113886K->861K(151360K), 0.0004680 secs]
6.479: [GC (Allocation Failure) 109008K->797K(146560K), 0.0007780 secs]
6.533: [GC (Allocation Failure) 104237K->910K(142336K), 0.0004770 secs]
6.585: [GC (Allocation Failure) 99944K->943K(138048K), 0.0005520 secs]
6.637: [GC (Allocation Failure) 95791K->943K(157056K), 0.0007930 secs]
6.700: [GC (Allocation Failure) 114760K->959K(152128K), 0.0005240 secs]
6.757: [GC (Allocation Failure) 109875K->910K(147392K), 0.0005100 secs]
6.821: [GC (Allocation Failure) 105077K->914K(142912K), 0.0004990 secs]
6.877: [GC (Allocation Failure) 100606K->898K(138560K), 0.0006810 secs]
6.929: [GC (Allocation Failure) 96294K->963K(134592K), 0.0004420 secs]
6.980: [GC (Allocation Failure) 92355K->947K(130752K), 0.0007620 secs]
7.032: [GC (Allocation Failure) 88490K->947K(127104K), 0.0005530 secs]
7.076: [GC (Allocation Failure) 84821K->963K(123648K), 0.0004640 secs]
7.118: [GC (Allocation Failure) 81378K->963K(120320K), 0.0004180 secs]
7.158: [GC (Allocation Failure) 78078K->914K(117184K), 0.0004680 secs]
7.198: [GC (Allocation Failure) 74866K->963K(132032K), 0.0005000 secs]
7.252: [GC (Allocation Failure) 89750K->914K(128320K), 0.0005570 secs]
7.297: [GC (Allocation Failure) 86021K->963K(124800K), 0.0004650 secs]
7.341: [GC (Allocation Failure) 82561K->947K(121408K), 0.0005480 secs]
7.382: [GC (Allocation Failure) 79109K->963K(137088K), 0.0004840 secs]
7.434: [GC (Allocation Failure) 94848K->914K(133120K), 0.0004860 secs]
7.483: [GC (Allocation Failure) 90816K->918K(129344K), 0.0004920 secs]
7.533: [GC (Allocation Failure) 87026K->967K(125760K), 0.0004420 secs]
7.578: [GC (Allocation Failure) 83497K->918K(122368K), 0.0004910 secs]
7.617: [GC (Allocation Failure) 80048K->918K(119104K), 0.0004300 secs]
7.655: [GC (Allocation Failure) 76785K->922K(116032K), 0.0004900 secs]
7.696: [GC (Allocation Failure) 73734K->922K(130624K), 0.0005680 secs]
7.742: [GC (Allocation Failure) 88309K->971K(126976K), 0.0004170 secs]
7.790: [GC (Allocation Failure) 84707K->922K(123520K), 0.0004420 secs]
7.834: [GC (Allocation Failure) 81201K->971K(120192K), 0.0004740 secs]
7.876: [GC (Allocation Failure) 77915K->975K(117056K), 0.0005170 secs]
7.917: [GC (Allocation Failure) 74827K->926K(114048K), 0.0005110 secs]
7.954: [GC (Allocation Failure) 71762K->926K(111168K), 0.0004430 secs]
7.998: [GC (Allocation Failure) 68852K->975K(124800K), 0.0005070 secs]
8.043: [GC (Allocation Failure) 82540K->926K(141120K), 0.0005680 secs]
8.097: [GC (Allocation Failure) 98837K->926K(160704K), 0.0005840 secs]
8.160: [GC (Allocation Failure) 118385K->926K(155584K), 0.0005990 secs]
8.221: [GC (Allocation Failure) 113304K->975K(150720K), 0.0003910 secs]
8.279: [GC (Allocation Failure) 108473K->963K(146048K), 0.0005620 secs]
8.334: [GC (Allocation Failure) 103808K->979K(141632K), 0.0004610 secs]
8.386: [GC (Allocation Failure) 99384K->979K(137408K), 0.0005310 secs]
8.440: [GC (Allocation Failure) 95147K->963K(133440K), 0.0007160 secs]
8.490: [GC (Allocation Failure) 91169K->979K(129664K), 0.0005400 secs]
8.538: [GC (Allocation Failure) 87430K->979K(126080K), 0.0004740 secs]
8.583: [GC (Allocation Failure) 83819K->930K(122624K), 0.0004470 secs]
8.625: [GC (Allocation Failure) 80319K->979K(119360K), 0.0004890 secs]
8.665: [GC (Allocation Failure) 77103K->930K(116224K), 0.0004400 secs]
8.708: [GC (Allocation Failure) 73934K->914K(130816K), 0.0007570 secs]
8.753: [GC (Allocation Failure) 88548K->934K(148416K), 0.0005300 secs]
8.810: [GC (Allocation Failure) 106132K->934K(143872K), 0.0004310 secs]
8.861: [GC (Allocation Failure) 101596K->934K(139584K), 0.0004950 secs]
8.917: [GC (Allocation Failure) 97280K->938K(135488K), 0.0004010 secs]
8.966: [GC (Allocation Failure) 93218K->922K(131520K), 0.0007250 secs]
9.013: [GC (Allocation Failure) 89302K->987K(127872K), 0.0004510 secs]
9.057: [GC (Allocation Failure) 85651K->987K(124352K), 0.0004600 secs]
9.103: [GC (Allocation Failure) 82139K->938K(121024K), 0.0005030 secs]
9.145: [GC (Allocation Failure) 78738K->987K(117824K), 0.0004350 secs]
9.183: [GC (Allocation Failure) 75574K->971K(132800K), 0.0006870 secs]
9.232: [GC (Allocation Failure) 90566K->971K(150720K), 0.0007370 secs]
9.290: [GC (Allocation Failure) 108489K->942K(172224K), 0.0004450 secs]
9.357: [GC (Allocation Failure) 129920K->991K(166528K), 0.0005370 secs]
9.421: [GC (Allocation Failure) 124289K->995K(161088K), 0.0004100 secs]
9.481: [GC (Allocation Failure) 118857K->995K(155904K), 0.0004510 secs]
9.542: [GC (Allocation Failure) 113681K->950K(150976K), 0.0004100 secs]
9.599: [GC (Allocation Failure) 108692K->999K(146304K), 0.0005340 secs]
9.662: [GC (Allocation Failure) 104074K->999K(141888K), 0.0004090 secs]
9.712: [GC (Allocation Failure) 99649K->950K(137664K), 0.0004980 secs]
9.763: [GC (Allocation Failure) 95392K->950K(133632K), 0.0003940 secs]
9.808: [GC (Allocation Failure) 91343K->934K(129792K), 0.0007360 secs]
9.864: [GC (Allocation Failure) 87580K->999K(126208K), 0.0005090 secs]
9.911: [GC (Allocation Failure) 84006K->999K(122752K), 0.0005190 secs]
9.955: [GC (Allocation Failure) 80533K->999K(119488K), 0.0004100 secs]
9.993: [GC (Allocation Failure) 77263K->983K(116352K), 0.0005590 secs]
10.033: [GC (Allocation Failure) 74097K->983K(131008K), 0.0005330 secs]
10.080: [GC (Allocation Failure) 88766K->950K(148608K), 0.0005530 secs]
10.134: [GC (Allocation Failure) 106312K->999K(144064K), 0.0003930 secs]
10.193: [GC (Allocation Failure) 101851K->950K(139776K), 0.0005360 secs]
10.251: [GC (Allocation Failure) 97526K->999K(135680K), 0.0004990 secs]
10.301: [GC (Allocation Failure) 93432K->954K(131776K), 0.0004450 secs]
10.351: [GC (Allocation Failure) 89518K->987K(128064K), 0.0006940 secs]
10.396: [GC (Allocation Failure) 85849K->1003K(124544K), 0.0005560 secs]
10.439: [GC (Allocation Failure) 82334K->954K(121152K), 0.0004540 secs]
10.484: [GC (Allocation Failure) 78866K->1003K(117952K), 0.0004740 secs]
10.523: [GC (Allocation Failure) 75750K->954K(114880K), 0.0004550 secs]
10.563: [GC (Allocation Failure) 72590K->954K(112000K), 0.0004270 secs]
10.601: [GC (Allocation Failure) 69721K->958K(109248K), 0.0004200 secs]
10.635: [GC (Allocation Failure) 67002K->1007K(122496K), 0.0004490 secs]
10.677: [GC (Allocation Failure) 80302K->958K(138368K), 0.0004760 secs]
10.729: [GC (Allocation Failure) 96100K->958K(134336K), 0.0004260 secs]
10.776: [GC (Allocation Failure) 92079K->1056K(130496K), 0.0004390 secs]
10.823: [GC (Allocation Failure) 88343K->1007K(126848K), 0.0005050 secs]
10.868: [GC (Allocation Failure) 84644K->1060K(123392K), 0.0004240 secs]
10.910: [GC (Allocation Failure) 81228K->1011K(120064K), 0.0004440 secs]
10.953: [GC (Allocation Failure) 77827K->1060K(116928K), 0.0004710 secs]
10.999: [GC (Allocation Failure) 74782K->1060K(113920K), 0.0005290 secs]
11.039: [GC (Allocation Failure) 71753K->1011K(111104K), 0.0003920 secs]
11.074: [GC (Allocation Failure) 68881K->1011K(124736K), 0.0005390 secs]
11.121: [GC (Allocation Failure) 82516K->1015K(121344K), 0.0004830 secs]
11.166: [GC (Allocation Failure) 79151K->999K(136960K), 0.0005640 secs]
11.216: [GC (Allocation Failure) 94797K->1064K(133056K), 0.0004600 secs]
11.263: [GC (Allocation Failure) 90915K->1015K(129280K), 0.0005110 secs]
11.314: [GC (Allocation Failure) 87081K->1015K(125696K), 0.0005090 secs]
11.360: [GC (Allocation Failure) 83463K->1064K(122304K), 0.0005170 secs]
11.401: [GC (Allocation Failure) 80164K->1019K(119040K), 0.0004540 secs]
11.443: [GC (Allocation Failure) 76839K->1068K(115968K), 0.0004320 secs]
11.482: [GC (Allocation Failure) 73824K->1019K(113024K), 0.0004130 secs]
11.523: [GC (Allocation Failure) 70825K->1068K(110208K), 0.0004610 secs]
11.557: [GC (Allocation Failure) 68038K->1117K(107520K), 0.0004240 secs]
11.591: [GC (Allocation Failure) 65417K->1117K(120384K), 0.0005520 secs]
11.631: [GC (Allocation Failure) 78276K->1117K(135872K), 0.0004220 secs]
11.684: [GC (Allocation Failure) 93758K->1072K(131968K), 0.0004580 secs]
11.731: [GC (Allocation Failure) 89808K->1121K(128256K), 0.0004210 secs]
11.779: [GC (Allocation Failure) 86143K->1072K(124736K), 0.0004410 secs]
11.826: [GC (Allocation Failure) 82570K->1072K(121344K), 0.0005130 secs]
11.872: [GC (Allocation Failure) 79169K->1121K(118144K), 0.0005480 secs]
11.914: [GC (Allocation Failure) 76050K->1072K(115072K), 0.0003970 secs]
11.953: [GC (Allocation Failure) 72942K->1121K(112192K), 0.0004600 secs]
11.992: [GC (Allocation Failure) 70097K->1121K(126016K), 0.0005160 secs]
12.039: [GC (Allocation Failure) 83924K->1121K(122560K), 0.0004690 secs]
12.080: [GC (Allocation Failure) 80460K->1121K(138432K), 0.0004960 secs]
12.133: [GC (Allocation Failure) 96307K->1072K(134400K), 0.0005440 secs]
12.185: [GC (Allocation Failure) 92263K->1072K(130560K), 0.0004080 secs]
12.233: [GC (Allocation Failure) 88403K->1072K(126912K), 0.0004320 secs]
12.275: [GC (Allocation Failure) 84755K->1121K(123456K), 0.0004380 secs]
12.316: [GC (Allocation Failure) 81344K->1072K(120128K), 0.0005590 secs]
12.357: [GC (Allocation Failure) 77977K->1105K(135552K), 0.0005090 secs]
12.405: [GC (Allocation Failure) 93424K->1056K(153984K), 0.0007300 secs]
12.467: [GC (Allocation Failure) 111861K->1121K(176256K), 0.0005370 secs]
12.536: [GC (Allocation Failure) 134157K->1072K(170368K), 0.0004440 secs]
12.601: [GC (Allocation Failure) 128227K->1072K(164736K), 0.0004920 secs]
12.666: [GC (Allocation Failure) 122597K->1072K(159424K), 0.0005550 secs]
12.728: [GC (Allocation Failure) 117257K->1072K(154368K), 0.0004130 secs]
12.790: [GC (Allocation Failure) 112228K->1076K(149568K), 0.0005300 secs]
12.847: [GC (Allocation Failure) 107425K->1125K(144960K), 0.0004800 secs]
12.902: [GC (Allocation Failure) 102838K->1076K(140608K), 0.0004750 secs]
12.955: [GC (Allocation Failure) 98478K->1076K(136448K), 0.0004940 secs]
13.008: [GC (Allocation Failure) 94308K->1125K(132480K), 0.0005120 secs]
13.058: [GC (Allocation Failure) 90395K->1076K(128704K), 0.0004000 secs]
13.102: [GC (Allocation Failure) 86558K->1125K(125120K), 0.0007330 secs]
13.147: [GC (Allocation Failure) 83023K->1113K(121728K), 0.0005300 secs]
13.188: [GC (Allocation Failure) 79607K->1080K(118528K), 0.0004820 secs]
13.228: [GC (Allocation Failure) 76394K->1129K(115456K), 0.0004370 secs]
13.265: [GC (Allocation Failure) 73353K->1129K(112512K), 0.0004360 secs]
13.302: [GC (Allocation Failure) 70425K->1064K(126336K), 0.0007280 secs]
13.345: [GC (Allocation Failure) 84245K->1129K(143040K), 0.0004980 secs]
13.402: [GC (Allocation Failure) 100928K->1064K(162944K), 0.0007420 secs]
13.468: [GC (Allocation Failure) 120861K->1113K(187008K), 0.0007430 secs]
13.551: [GC (Allocation Failure) 144921K->1068K(215744K), 0.0007440 secs]
13.643: [GC (Allocation Failure) 173657K->1084K(207936K), 0.0005320 secs]
13.732: [GC (Allocation Failure) 165812K->1084K(200448K), 0.0004580 secs]
13.814: [GC (Allocation Failure) 158324K->1137K(193344K), 0.0004410 secs]
13.896: [GC (Allocation Failure) 151272K->1088K(186624K), 0.0005120 secs]
13.973: [GC (Allocation Failure) 144481K->1141K(180224K), 0.0004420 secs]
14.047: [GC (Allocation Failure) 138120K->1076K(174080K), 0.0007330 secs]
14.120: [GC (Allocation Failure) 131983K->1092K(168320K), 0.0004940 secs]
14.191: [GC (Allocation Failure) 126198K->1129K(162816K), 0.0007710 secs]
14.256: [GC (Allocation Failure) 120717K->1096K(157568K), 0.0004340 secs]
14.323: [GC (Allocation Failure) 115440K->1096K(152576K), 0.0004580 secs]
14.386: [GC (Allocation Failure) 110437K->1149K(147840K), 0.0004450 secs]
14.441: [GC (Allocation Failure) 105773K->1149K(143360K), 0.0004810 secs]
14.495: [GC (Allocation Failure) 101278K->1088K(139008K), 0.0005630 secs]
14.547: [GC (Allocation Failure) 96930K->1104K(134976K), 0.0005350 secs]
14.597: [GC (Allocation Failure) 92831K->1153K(131136K), 0.0005290 secs]
14.644: [GC (Allocation Failure) 89086K->1202K(127424K), 0.0005940 secs]
14.688: [GC (Allocation Failure) 85425K->1153K(123904K), 0.0004450 secs]
14.730: [GC (Allocation Failure) 81818K->1206K(120576K), 0.0004850 secs]
14.773: [GC (Allocation Failure) 78561K->1206K(117376K), 0.0004420 secs]
14.810: [GC (Allocation Failure) 75354K->1157K(114368K), 0.0003950 secs]
14.847: [GC (Allocation Failure) 72276K->1157K(111488K), 0.0004460 secs]
14.884: [GC (Allocation Failure) 69434K->1157K(125184K), 0.0005050 secs]
14.928: [GC (Allocation Failure) 83107K->1206K(121792K), 0.0004550 secs]
14.972: [GC (Allocation Failure) 79751K->1206K(118592K), 0.0004280 secs]
15.012: [GC (Allocation Failure) 76585K->1210K(133696K), 0.0005420 secs]
15.062: [GC (Allocation Failure) 91659K->1161K(129856K), 0.0003960 secs]
15.108: [GC (Allocation Failure) 87789K->1161K(126208K), 0.0005760 secs]
15.152: [GC (Allocation Failure) 84146K->1161K(122752K), 0.0005320 secs]
15.198: [GC (Allocation Failure) 80701K->1161K(119488K), 0.0004400 secs]
15.239: [GC (Allocation Failure) 77425K->1161K(116352K), 0.0004120 secs]
15.277: [GC (Allocation Failure) 74269K->1161K(113408K), 0.0004330 secs]
15.313: [GC (Allocation Failure) 71359K->1210K(110592K), 0.0004020 secs]
15.346: [GC (Allocation Failure) 68591K->1210K(124096K), 0.0004420 secs]
15.388: [GC (Allocation Failure) 82077K->1161K(140288K), 0.0007440 secs]
15.439: [GC (Allocation Failure) 98230K->1210K(159744K), 0.0004590 secs]
15.500: [GC (Allocation Failure) 117752K->1161K(154688K), 0.0004620 secs]
15.561: [GC (Allocation Failure) 112646K->1210K(149824K), 0.0005360 secs]
15.625: [GC (Allocation Failure) 107827K->1194K(145216K), 0.0007170 secs]
15.689: [GC (Allocation Failure) 103198K->1161K(140864K), 0.0005700 secs]
15.740: [GC (Allocation Failure) 98789K->1161K(136704K), 0.0005180 secs]
15.789: [GC (Allocation Failure) 94634K->1210K(132736K), 0.0005390 secs]
15.839: [GC (Allocation Failure) 90727K->1161K(128960K), 0.0004580 secs]
15.888: [GC (Allocation Failure) 86921K->1161K(125376K), 0.0005520 secs]
15.933: [GC (Allocation Failure) 83304K->1210K(121984K), 0.0005260 secs]
15.975: [GC (Allocation Failure) 79947K->1194K(137792K), 0.0007800 secs]
16.031: [GC (Allocation Failure) 95746K->1210K(156736K), 0.0004400 secs]
16.098: [GC (Allocation Failure) 114725K->1194K(179456K), 0.0007570 secs]
16.175: [GC (Allocation Failure) 137424K->1210K(173376K), 0.0005080 secs]
16.250: [GC (Allocation Failure) 131378K->1161K(167616K), 0.0005590 secs]
16.318: [GC (Allocation Failure) 125547K->1165K(162112K), 0.0004290 secs]
16.383: [GC (Allocation Failure) 120067K->1198K(156928K), 0.0007580 secs]
16.446: [GC (Allocation Failure) 114925K->1202K(152000K), 0.0007200 secs]
16.506: [GC (Allocation Failure) 109979K->1218K(147264K), 0.0004750 secs]
16.559: [GC (Allocation Failure) 105253K->1218K(142784K), 0.0004830 secs]
16.614: [GC (Allocation Failure) 100775K->1169K(138560K), 0.0004910 secs]
16.666: [GC (Allocation Failure) 96506K->1169K(134528K), 0.0005160 secs]
16.715: [GC (Allocation Failure) 92456K->1169K(130688K), 0.0004900 secs]
16.759: [GC (Allocation Failure) 88642K->1202K(127040K), 0.0005300 secs]
16.809: [GC (Allocation Failure) 85038K->1169K(123584K), 0.0005620 secs]
16.855: [GC (Allocation Failure) 81550K->1218K(120256K), 0.0004310 secs]
16.897: [GC (Allocation Failure) 78231K->1169K(117120K), 0.0005480 secs]
16.943: [GC (Allocation Failure) 75065K->1169K(114112K), 0.0005090 secs]
16.981: [GC (Allocation Failure) 72050K->1218K(111232K), 0.0004390 secs]
17.018: [GC (Allocation Failure) 69244K->1173K(124864K), 0.0005170 secs]
17.066: [GC (Allocation Failure) 82824K->1222K(121472K), 0.0004620 secs]
17.106: [GC (Allocation Failure) 79468K->1222K(137152K), 0.0005190 secs]
17.158: [GC (Allocation Failure) 95154K->1222K(133184K), 0.0004730 secs]
17.207: [GC (Allocation Failure) 91169K->1157K(151168K), 0.0007720 secs]
17.266: [GC (Allocation Failure) 109140K->1173K(146560K), 0.0004480 secs]
17.320: [GC (Allocation Failure) 104519K->1173K(142144K), 0.0005770 secs]
17.378: [GC (Allocation Failure) 100095K->1173K(137920K), 0.0005420 secs]
17.428: [GC (Allocation Failure) 95867K->1222K(133888K), 0.0005220 secs]
17.478: [GC (Allocation Failure) 91873K->1177K(130048K), 0.0004670 secs]
17.527: [GC (Allocation Failure) 87979K->1210K(147456K), 0.0007010 secs]
17.582: [GC (Allocation Failure) 105433K->1226K(142976K), 0.0004490 secs]
17.633: [GC (Allocation Failure) 100968K->1177K(138688K), 0.0004100 secs]
17.682: [GC (Allocation Failure) 96656K->1226K(134656K), 0.0005010 secs]
17.732: [GC (Allocation Failure) 92659K->1177K(130816K), 0.0005250 secs]
17.780: [GC (Allocation Failure) 88748K->1226K(127168K), 0.0005470 secs]
17.832: [GC (Allocation Failure) 85184K->1177K(123648K), 0.0005500 secs]
17.875: [GC (Allocation Failure) 81599K->1177K(120320K), 0.0005550 secs]
17.920: [GC (Allocation Failure) 78272K->1275K(117184K), 0.0004830 secs]
17.959: [GC (Allocation Failure) 75250K->1275K(114176K), 0.0004730 secs]
17.997: [GC (Allocation Failure) 72208K->1323K(128384K), 0.0004930 secs]
18.041: [GC (Allocation Failure) 86486K->1323K(145472K), 0.0005480 secs]
18.101: [GC (Allocation Failure) 103549K->1259K(165888K), 0.0006100 secs]
18.166: [GC (Allocation Failure) 123979K->1275K(160576K), 0.0004390 secs]
18.229: [GC (Allocation Failure) 118639K->1323K(155456K), 0.0004430 secs]
18.291: [GC (Allocation Failure) 113574K->1323K(150592K), 0.0004660 secs]
18.347: [GC (Allocation Failure) 108693K->1307K(145984K), 0.0005430 secs]
18.404: [GC (Allocation Failure) 104048K->1323K(141568K), 0.0004720 secs]
18.454: [GC (Allocation Failure) 99673K->1259K(137280K), 0.0007470 secs]
18.506: [GC (Allocation Failure) 95362K->1323K(133376K), 0.0005400 secs]
18.556: [GC (Allocation Failure) 91470K->1275K(129600K), 0.0005180 secs]
18.603: [GC (Allocation Failure) 87634K->1279K(126016K), 0.0005480 secs]
18.652: [GC (Allocation Failure) 84073K->1279K(122560K), 0.0005120 secs]
18.693: [GC (Allocation Failure) 80610K->1279K(119296K), 0.0005030 secs]
18.734: [GC (Allocation Failure) 77356K->1279K(134528K), 0.0005920 secs]
18.781: [GC (Allocation Failure) 92567K->1263K(152768K), 0.0005670 secs]
18.838: [GC (Allocation Failure) 110876K->1315K(174784K), 0.0006680 secs]
18.907: [GC (Allocation Failure) 132859K->1283K(168960K), 0.0004450 secs]
18.971: [GC (Allocation Failure) 127001K->1335K(163392K), 0.0004780 secs]
19.038: [GC (Allocation Failure) 121510K->1287K(158144K), 0.0004410 secs]
19.099: [GC (Allocation Failure) 116183K->1271K(153088K), 0.0007360 secs]
19.158: [GC (Allocation Failure) 111185K->1335K(148416K), 0.0004690 secs]
19.217: [GC (Allocation Failure) 106508K->1287K(143872K), 0.0004230 secs]
19.272: [GC (Allocation Failure) 101936K->1287K(139584K), 0.0005860 secs]
19.324: [GC (Allocation Failure) 97651K->1335K(135488K), 0.0005080 secs]
19.377: [GC (Allocation Failure) 93616K->1335K(131584K), 0.0004580 secs]
19.425: [GC (Allocation Failure) 89705K->1287K(127872K), 0.0005100 secs]
19.470: [GC (Allocation Failure) 85959K->1287K(124352K), 0.0005110 secs]
19.515: [GC (Allocation Failure) 82396K->1271K(140544K), 0.0007310 secs]
19.571: [GC (Allocation Failure) 98637K->1335K(136448K), 0.0004510 secs]
19.620: [GC (Allocation Failure) 94551K->1287K(132480K), 0.0004340 secs]
19.667: [GC (Allocation Failure) 90551K->1335K(128704K), 0.0005380 secs]
19.713: [GC (Allocation Failure) 86801K->1335K(125120K), 0.0004080 secs]
19.756: [GC (Allocation Failure) 83249K->1335K(121728K), 0.0004560 secs]
19.799: [GC (Allocation Failure) 79824K->1271K(137408K), 0.0007400 secs]
19.850: [GC (Allocation Failure) 95515K->1287K(133504K), 0.0004810 secs]
19.898: [GC (Allocation Failure) 91591K->1287K(129728K), 0.0004350 secs]
19.943: [GC (Allocation Failure) 87788K->1335K(126144K), 0.0005260 secs]
19.988: [GC (Allocation Failure) 84275K->1287K(122688K), 0.0004040 secs]
20.027: [GC (Allocation Failure) 80763K->1335K(119424K), 0.0004640 secs]
20.072: [GC (Allocation Failure) 77519K->1335K(116288K), 0.0004810 secs]
20.115: [GC (Allocation Failure) 74402K->1287K(113344K), 0.0004450 secs]
20.151: [GC (Allocation Failure) 71425K->1335K(110528K), 0.0004380 secs]
20.189: [GC (Allocation Failure) 68617K->1287K(107840K), 0.0004470 secs]
20.224: [GC (Allocation Failure) 65898K->1287K(105280K), 0.0003980 secs]
20.257: [GC (Allocation Failure) 63366K->1335K(117696K), 0.0004210 secs]
20.294: [GC (Allocation Failure) 75784K->1287K(132608K), 0.0004110 secs]
20.339: [GC (Allocation Failure) 90670K->1335K(128832K), 0.0004790 secs]
20.385: [GC (Allocation Failure) 86945K->1339K(125248K), 0.0005140 secs]
20.429: [GC (Allocation Failure) 83346K->1339K(141696K), 0.0005340 secs]
20.482: [GC (Allocation Failure) 99803K->1291K(137472K), 0.0004660 secs]
20.534: [GC (Allocation Failure) 95552K->1291K(133504K), 0.0004990 secs]
20.586: [GC (Allocation Failure) 91555K->1339K(129728K), 0.0004190 secs]
20.629: [GC (Allocation Failure) 87844K->1295K(126144K), 0.0004480 secs]
20.673: [GC (Allocation Failure) 84213K->1343K(122688K), 0.0004910 secs]
20.714: [GC (Allocation Failure) 80819K->1295K(119424K), 0.0004360 secs]
20.755: [GC (Allocation Failure) 77518K->1327K(134720K), 0.0007170 secs]
20.809: [GC (Allocation Failure) 92841K->1343K(153024K), 0.0005390 secs]
20.869: [GC (Allocation Failure) 111158K->1295K(148288K), 0.0004110 secs]
20.924: [GC (Allocation Failure) 106347K->1327K(143744K), 0.0006450 secs]
20.979: [GC (Allocation Failure) 101837K->1295K(139456K), 0.0004020 secs]
21.033: [GC (Allocation Failure) 97545K->1279K(135296K), 0.0007410 secs]
21.085: [GC (Allocation Failure) 93413K->1327K(131456K), 0.0005580 secs]
21.131: [GC (Allocation Failure) 89545K->1327K(149120K), 0.0007580 secs]
21.189: [GC (Allocation Failure) 107240K->1343K(170304K), 0.0004960 secs]
21.260: [GC (Allocation Failure) 128444K->1295K(164672K), 0.0005930 secs]
21.325: [GC (Allocation Failure) 122764K->1295K(159360K), 0.0003990 secs]
21.387: [GC (Allocation Failure) 117437K->1327K(154304K), 0.0007570 secs]
21.451: [GC (Allocation Failure) 112404K->1295K(149504K), 0.0004180 secs]
21.506: [GC (Allocation Failure) 107551K->1343K(144896K), 0.0004530 secs]
21.562: [GC (Allocation Failure) 103035K->1299K(140544K), 0.0004220 secs]
21.614: [GC (Allocation Failure) 98623K->1299K(136384K), 0.0005600 secs]
21.665: [GC (Allocation Failure) 94465K->1283K(132352K), 0.0007370 secs]
21.711: [GC (Allocation Failure) 90461K->1303K(128640K), 0.0005100 secs]
21.761: [GC (Allocation Failure) 86721K->1351K(125056K), 0.0005180 secs]
21.810: [GC (Allocation Failure) 83159K->1303K(121664K), 0.0005540 secs]
21.853: [GC (Allocation Failure) 79722K->1303K(118464K), 0.0004040 secs]
21.892: [GC (Allocation Failure) 76535K->1351K(115392K), 0.0004390 secs]
21.931: [GC (Allocation Failure) 73539K->1303K(112448K), 0.0004100 secs]
21.970: [GC (Allocation Failure) 70506K->1351K(126336K), 0.0005560 secs]
22.015: [GC (Allocation Failure) 84484K->1303K(142976K), 0.0005050 secs]
22.074: [GC (Allocation Failure) 101063K->1335K(138688K), 0.0005640 secs]
22.124: [GC (Allocation Failure) 96822K->1291K(157760K), 0.0007740 secs]
22.184: [GC (Allocation Failure) 115891K->1307K(152832K), 0.0004950 secs]
22.242: [GC (Allocation Failure) 110929K->1355K(148096K), 0.0004350 secs]
22.306: [GC (Allocation Failure) 106226K->1355K(143552K), 0.0005360 secs]
22.365: [GC (Allocation Failure) 101696K->1307K(139264K), 0.0004960 secs]
22.415: [GC (Allocation Failure) 97327K->1307K(135168K), 0.0004470 secs]
22.467: [GC (Allocation Failure) 93269K->1307K(131264K), 0.0004130 secs]
22.513: [GC (Allocation Failure) 89339K->1355K(127552K), 0.0004570 secs]
22.560: [GC (Allocation Failure) 85688K->1343K(124032K), 0.0005960 secs]
22.603: [GC (Allocation Failure) 82169K->1359K(120704K), 0.0004640 secs]
22.643: [GC (Allocation Failure) 78815K->1359K(117504K), 0.0004350 secs]
22.683: [GC (Allocation Failure) 75654K->1359K(114496K), 0.0005440 secs]
22.722: [GC (Allocation Failure) 72649K->1311K(111616K), 0.0004110 secs]
22.761: [GC (Allocation Failure) 69688K->1295K(125248K), 0.0007500 secs]
22.808: [GC (Allocation Failure) 83403K->1311K(141760K), 0.0004550 secs]
22.858: [GC (Allocation Failure) 99863K->1343K(161472K), 0.0005660 secs]
22.918: [GC (Allocation Failure) 119604K->1363K(156288K), 0.0004590 secs]
22.977: [GC (Allocation Failure) 114435K->1315K(151360K), 0.0004440 secs]
23.035: [GC (Allocation Failure) 109461K->1315K(146688K), 0.0005810 secs]
23.095: [GC (Allocation Failure) 104758K->1319K(142272K), 0.0005540 secs]
23.149: [GC (Allocation Failure) 100351K->1367K(138048K), 0.0006450 secs]
23.201: [GC (Allocation Failure) 96200K->1367K(134016K), 0.0005230 secs]
23.253: [GC (Allocation Failure) 92158K->1367K(130176K), 0.0004990 secs]
23.299: [GC (Allocation Failure) 88302K->1367K(126528K), 0.0004590 secs]
23.342: [GC (Allocation Failure) 84648K->1367K(123072K), 0.0004060 secs]
23.384: [GC (Allocation Failure) 81208K->1367K(119808K), 0.0005430 secs]
23.426: [GC (Allocation Failure) 77936K->1367K(116672K), 0.0005010 secs]
23.468: [GC (Allocation Failure) 74811K->1319K(113664K), 0.0004640 secs]
23.503: [GC (Allocation Failure) 71750K->1319K(127808K), 0.0005260 secs]
23.551: [GC (Allocation Failure) 85880K->1303K(144704K), 0.0007590 secs]
23.610: [GC (Allocation Failure) 102841K->1351K(165120K), 0.0005640 secs]
23.675: [GC (Allocation Failure) 123262K->1416K(159808K), 0.0006130 secs]
23.738: [GC (Allocation Failure) 117956K->1303K(183040K), 0.0007060 secs]
23.816: [GC (Allocation Failure) 141184K->1371K(176832K), 0.0004890 secs]
23.889: [GC (Allocation Failure) 134969K->1371K(170880K), 0.0005390 secs]
23.958: [GC (Allocation Failure) 129013K->1371K(165248K), 0.0004630 secs]
24.025: [GC (Allocation Failure) 123414K->1371K(159872K), 0.0004040 secs]
24.089: [GC (Allocation Failure) 118043K->1371K(154752K), 0.0004560 secs]
24.149: [GC (Allocation Failure) 112911K->1375K(149888K), 0.0005090 secs]
24.206: [GC (Allocation Failure) 108044K->1375K(145280K), 0.0005540 secs]
24.261: [GC (Allocation Failure) 103438K->1375K(140928K), 0.0005050 secs]
24.317: [GC (Allocation Failure) 99062K->1331K(136768K), 0.0004450 secs]
24.365: [GC (Allocation Failure) 94887K->1331K(132800K), 0.0004400 secs]
24.413: [GC (Allocation Failure) 90893K->1379K(129024K), 0.0005250 secs]
24.461: [GC (Allocation Failure) 87201K->1331K(125440K), 0.0004040 secs]
24.503: [GC (Allocation Failure) 83531K->1331K(122048K), 0.0004430 secs]
24.548: [GC (Allocation Failure) 80174K->1331K(118784K), 0.0004160 secs]
24.589: [GC (Allocation Failure) 76907K->1331K(115712K), 0.0004370 secs]
24.626: [GC (Allocation Failure) 73799K->1379K(112768K), 0.0004240 secs]
24.663: [GC (Allocation Failure) 70935K->1383K(109952K), 0.0004610 secs]
24.701: [GC (Allocation Failure) 68132K->1335K(107264K), 0.0004170 secs]
24.738: [GC (Allocation Failure) 65370K->1335K(120128K), 0.0005380 secs]
24.779: [GC (Allocation Failure) 78261K->1335K(116992K), 0.0004030 secs]
24.816: [GC (Allocation Failure) 75088K->1432K(131840K), 0.0005800 secs]
24.865: [GC (Allocation Failure) 90008K->1335K(149440K), 0.0004550 secs]
24.920: [GC (Allocation Failure) 107622K->1383K(144896K), 0.0005500 secs]
24.973: [GC (Allocation Failure) 103034K->1383K(140544K), 0.0004260 secs]
25.026: [GC (Allocation Failure) 98704K->1383K(136384K), 0.0005400 secs]
25.081: [GC (Allocation Failure) 94564K->1383K(132416K), 0.0004060 secs]
25.128: [GC (Allocation Failure) 90555K->1432K(128640K), 0.0005780 secs]
25.173: [GC (Allocation Failure) 86845K->1383K(125056K), 0.0004010 secs]
25.218: [GC (Allocation Failure) 83191K->1383K(121664K), 0.0004420 secs]
25.260: [GC (Allocation Failure) 79821K->1383K(118464K), 0.0005540 secs]
25.299: [GC (Allocation Failure) 76621K->1432K(115392K), 0.0004370 secs]
25.336: [GC (Allocation Failure) 73597K->1383K(129856K), 0.0005190 secs]
25.383: [GC (Allocation Failure) 88037K->1383K(147200K), 0.0005350 secs]
25.440: [GC (Allocation Failure) 105355K->1432K(142720K), 0.0005310 secs]
25.493: [GC (Allocation Failure) 100917K->1416K(138496K), 0.0005710 secs]
25.546: [GC (Allocation Failure) 96665K->1432K(134464K), 0.0003950 secs]
25.594: [GC (Allocation Failure) 92678K->1383K(130624K), 0.0005550 secs]
25.641: [GC (Allocation Failure) 88772K->1436K(126976K), 0.0004010 secs]
25.688: [GC (Allocation Failure) 85168K->1387K(123520K), 0.0004430 secs]
25.735: [GC (Allocation Failure) 81666K->1436K(120192K), 0.0004980 secs]
25.775: [GC (Allocation Failure) 78388K->1436K(117056K), 0.0004540 secs]
25.812: [GC (Allocation Failure) 75285K->1387K(114048K), 0.0005150 secs]
25.855: [GC (Allocation Failure) 72235K->1387K(128256K), 0.0005370 secs]
25.905: [GC (Allocation Failure) 86402K->1420K(145280K), 0.0007000 secs]
25.960: [GC (Allocation Failure) 103485K->1436K(165696K), 0.0005460 secs]
26.028: [GC (Allocation Failure) 123907K->1387K(160320K), 0.0004820 secs]
26.091: [GC (Allocation Failure) 118470K->1371K(155136K), 0.0007390 secs]
26.153: [GC (Allocation Failure) 113363K->1420K(150336K), 0.0007470 secs]
26.213: [GC (Allocation Failure) 108514K->1440K(145728K), 0.0005550 secs]
26.267: [GC (Allocation Failure) 103942K->1391K(141312K), 0.0004540 secs]
26.320: [GC (Allocation Failure) 99499K->1391K(137152K), 0.0005440 secs]
26.368: [GC (Allocation Failure) 95308K->1428K(155968K), 0.0007180 secs]
26.430: [GC (Allocation Failure) 114172K->1444K(151040K), 0.0004630 secs]
26.488: [GC (Allocation Failure) 109242K->1444K(146368K), 0.0005190 secs]
26.540: [GC (Allocation Failure) 104605K->1395K(141952K), 0.0005590 secs]
26.593: [GC (Allocation Failure) 100143K->1444K(137728K), 0.0004020 secs]
26.644: [GC (Allocation Failure) 95936K->1395K(133696K), 0.0004410 secs]
26.693: [GC (Allocation Failure) 91885K->1379K(129792K), 0.0005600 secs]
26.739: [GC (Allocation Failure) 87999K->1395K(126208K), 0.0004400 secs]
26.789: [GC (Allocation Failure) 84391K->1395K(122752K), 0.0005300 secs]
26.833: [GC (Allocation Failure) 80930K->1395K(119488K), 0.0004320 secs]
26.875: [GC (Allocation Failure) 77661K->1395K(116352K), 0.0005180 secs]
26.915: [GC (Allocation Failure) 74501K->1395K(131008K), 0.0005820 secs]
26.964: [GC (Allocation Failure) 89172K->1444K(127360K), 0.0005280 secs]
27.014: [GC (Allocation Failure) 85594K->1399K(123840K), 0.0004650 secs]
27.056: [GC (Allocation Failure) 82009K->1399K(120512K), 0.0005200 secs]
27.102: [GC (Allocation Failure) 78665K->1399K(136000K), 0.0005680 secs]
27.153: [GC (Allocation Failure) 94181K->1399K(132096K), 0.0004030 secs]
27.200: [GC (Allocation Failure) 90269K->1448K(128384K), 0.0005600 secs]
27.247: [GC (Allocation Failure) 86611K->1448K(124864K), 0.0004550 secs]
27.291: [GC (Allocation Failure) 83097K->1403K(121472K), 0.0004560 secs]
27.336: [GC (Allocation Failure) 79638K->1403K(118272K), 0.0005350 secs]
27.378: [GC (Allocation Failure) 76435K->1436K(133312K), 0.0007640 secs]
27.430: [GC (Allocation Failure) 91503K->1387K(151296K), 0.0007470 secs]
27.491: [GC (Allocation Failure) 109536K->1452K(172992K), 0.0004690 secs]
27.560: [GC (Allocation Failure) 131217K->1403K(167232K), 0.0004400 secs]
27.624: [GC (Allocation Failure) 125427K->1436K(161792K), 0.0007750 secs]
27.688: [GC (Allocation Failure) 119983K->1452K(156608K), 0.0004420 secs]
27.749: [GC (Allocation Failure) 114827K->1407K(151680K), 0.0004990 secs]
27.808: [GC (Allocation Failure) 109858K->1407K(147008K), 0.0004020 secs]
27.862: [GC (Allocation Failure) 105193K->1456K(142528K), 0.0005280 secs]
27.913: [GC (Allocation Failure) 100744K->1407K(138304K), 0.0004900 secs]
27.963: [GC (Allocation Failure) 96491K->1456K(134272K), 0.0004630 secs]
28.012: [GC (Allocation Failure) 92498K->1411K(130432K), 0.0005090 secs]
28.059: [GC (Allocation Failure) 88597K->1460K(126784K), 0.0004790 secs]
28.106: [GC (Allocation Failure) 85007K->1411K(123328K), 0.0004000 secs]
28.148: [GC (Allocation Failure) 81537K->1411K(120000K), 0.0004610 secs]
28.189: [GC (Allocation Failure) 78183K->1411K(116864K), 0.0005070 secs]
28.228: [GC (Allocation Failure) 75058K->1460K(113856K), 0.0004620 secs]
28.267: [GC (Allocation Failure) 72098K->1444K(128000K), 0.0007090 secs]
28.314: [GC (Allocation Failure) 86219K->1460K(144960K), 0.0004630 secs]
28.365: [GC (Allocation Failure) 103220K->1460K(140608K), 0.0004260 secs]
28.421: [GC (Allocation Failure) 98835K->1411K(136448K), 0.0005500 secs]
28.473: [GC (Allocation Failure) 94621K->1460K(132480K), 0.0004480 secs]
28.519: [GC (Allocation Failure) 90710K->1411K(128704K), 0.0005070 secs]
28.564: [GC (Allocation Failure) 86870K->1411K(125120K), 0.0005370 secs]
28.607: [GC (Allocation Failure) 83311K->1415K(121728K), 0.0004600 secs]
28.651: [GC (Allocation Failure) 79918K->1464K(118528K), 0.0004080 secs]
28.691: [GC (Allocation Failure) 76792K->1399K(133568K), 0.0007510 secs]
28.740: [GC (Allocation Failure) 91792K->1415K(151744K), 0.0005350 secs]
28.796: [GC (Allocation Failure) 109940K->1464K(147072K), 0.0005120 secs]
28.852: [GC (Allocation Failure) 105298K->1464K(142592K), 0.0004280 secs]
28.907: [GC (Allocation Failure) 100852K->1448K(138368K), 0.0007520 secs]
28.961: [GC (Allocation Failure) 96588K->1464K(134336K), 0.0004990 secs]
29.010: [GC (Allocation Failure) 92587K->1415K(130496K), 0.0005670 secs]
29.058: [GC (Allocation Failure) 88702K->1464K(126848K), 0.0004990 secs]
29.106: [GC (Allocation Failure) 85107K->1415K(123392K), 0.0004400 secs]
29.152: [GC (Allocation Failure) 81585K->1464K(120064K), 0.0005540 secs]
29.197: [GC (Allocation Failure) 78326K->1464K(116928K), 0.0004550 secs]
29.236: [GC (Allocation Failure) 75150K->1464K(113920K), 0.0004530 secs]
29.271: [GC (Allocation Failure) 72151K->1415K(128064K), 0.0004920 secs]
29.316: [GC (Allocation Failure) 86244K->1419K(124544K), 0.0004540 secs]
29.361: [GC (Allocation Failure) 82725K->1419K(121152K), 0.0005400 secs]
29.401: [GC (Allocation Failure) 79358K->1419K(117952K), 0.0004030 secs]
29.439: [GC (Allocation Failure) 76162K->1468K(132928K), 0.0005060 secs]
29.490: [GC (Allocation Failure) 91193K->1468K(129152K), 0.0004360 secs]
29.537: [GC (Allocation Failure) 87382K->1419K(125568K), 0.0005770 secs]
29.582: [GC (Allocation Failure) 83763K->1468K(122176K), 0.0004070 secs]
29.624: [GC (Allocation Failure) 80404K->1456K(137984K), 0.0006640 secs]
29.674: [GC (Allocation Failure) 96227K->1423K(156992K), 0.0004990 secs]
29.739: [GC (Allocation Failure) 115178K->1456K(152064K), 0.0005760 secs]
29.794: [GC (Allocation Failure) 110279K->1423K(147328K), 0.0004050 secs]
29.848: [GC (Allocation Failure) 105506K->1472K(142848K), 0.0005660 secs]
29.901: [GC (Allocation Failure) 101113K->1407K(138496K), 0.0005580 secs]
29.954: [GC (Allocation Failure) 96762K->1472K(134528K), 0.0004670 secs]
30.005: [GC (Allocation Failure) 92759K->1456K(130688K), 0.0007460 secs]
30.051: [GC (Allocation Failure) 88936K->1407K(148160K), 0.0007370 secs]
30.113: [GC (Allocation Failure) 106384K->1472K(143680K), 0.0005410 secs]
30.165: [GC (Allocation Failure) 101948K->1456K(139392K), 0.0005710 secs]
30.219: [GC (Allocation Failure) 97631K->1423K(135296K), 0.0004550 secs]
30.268: [GC (Allocation Failure) 93508K->1472K(131392K), 0.0005610 secs]
30.324: [GC (Allocation Failure) 89642K->1472K(127680K), 0.0005210 secs]
30.372: [GC (Allocation Failure) 85938K->1472K(124160K), 0.0005400 secs]
30.416: [GC (Allocation Failure) 82387K->1472K(120832K), 0.0005200 secs]
30.461: [GC (Allocation Failure) 79082K->1427K(117632K), 0.0005470 secs]
30.499: [GC (Allocation Failure) 75827K->1427K(114624K), 0.0004170 secs]
30.537: [GC (Allocation Failure) 72808K->1476K(111744K), 0.0004620 secs]
30.574: [GC (Allocation Failure) 70019K->1476K(125504K), 0.0004840 secs]
30.620: [GC (Allocation Failure) 83780K->1460K(142016K), 0.0005910 secs]
30.675: [GC (Allocation Failure) 100240K->1476K(161792K), 0.0005190 secs]
30.739: [GC (Allocation Failure) 120035K->1476K(156608K), 0.0005160 secs]
30.803: [GC (Allocation Failure) 114867K->1476K(151680K), 0.0004990 secs]
30.867: [GC (Allocation Failure) 109937K->1431K(147008K), 0.0004600 secs]
30.924: [GC (Allocation Failure) 105224K->1464K(142528K), 0.0007140 secs]
30.979: [GC (Allocation Failure) 100759K->1480K(138304K), 0.0004740 secs]
31.034: [GC (Allocation Failure) 96567K->1415K(134208K), 0.0007510 secs]
31.082: [GC (Allocation Failure) 92471K->1480K(130432K), 0.0004460 secs]
31.126: [GC (Allocation Failure) 88695K->1484K(126784K), 0.0004780 secs]
31.176: [GC (Allocation Failure) 85049K->1419K(143488K), 0.0007490 secs]
31.234: [GC (Allocation Failure) 101757K->1484K(139264K), 0.0005250 secs]
31.291: [GC (Allocation Failure) 97539K->1484K(135168K), 0.0004900 secs]
31.344: [GC (Allocation Failure) 93427K->1439K(131264K), 0.0005520 secs]
31.391: [GC (Allocation Failure) 89457K->1439K(127552K), 0.0004460 secs]
31.436: [GC (Allocation Failure) 85761K->1488K(124032K), 0.0004830 secs]
31.478: [GC (Allocation Failure) 82305K->1488K(120704K), 0.0004640 secs]
31.520: [GC (Allocation Failure) 78951K->1488K(117504K), 0.0004130 secs]
31.557: [GC (Allocation Failure) 75780K->1492K(114496K), 0.0004640 secs]
31.597: [GC (Allocation Failure) 72778K->1443K(111616K), 0.0003980 secs]
31.634: [GC (Allocation Failure) 69840K->1476K(125312K), 0.0007480 secs]
31.683: [GC (Allocation Failure) 83550K->1427K(141696K), 0.0007790 secs]
31.741: [GC (Allocation Failure) 99939K->1443K(161472K), 0.0005420 secs]
31.805: [GC (Allocation Failure) 119709K->1443K(156288K), 0.0004280 secs]
31.865: [GC (Allocation Failure) 114507K->1492K(151360K), 0.0005300 secs]
31.931: [GC (Allocation Failure) 109650K->1443K(146688K), 0.0004860 secs]
31.986: [GC (Allocation Failure) 104931K->1496K(142272K), 0.0004500 secs]
32.039: [GC (Allocation Failure) 100544K->1447K(138048K), 0.0005120 secs]
32.090: [GC (Allocation Failure) 96294K->1431K(133952K), 0.0005560 secs]
32.136: [GC (Allocation Failure) 92228K->1447K(130176K), 0.0005520 secs]
32.189: [GC (Allocation Failure) 88411K->1447K(126528K), 0.0005530 secs]
32.233: [GC (Allocation Failure) 84735K->1447K(123072K), 0.0003990 secs]
32.275: [GC (Allocation Failure) 81307K->1480K(119808K), 0.0005710 secs]
32.314: [GC (Allocation Failure) 78047K->1496K(116672K), 0.0004290 secs]
32.353: [GC (Allocation Failure) 74956K->1447K(131392K), 0.0005620 secs]
32.401: [GC (Allocation Failure) 89626K->1496K(127680K), 0.0004170 secs]
32.445: [GC (Allocation Failure) 85969K->1496K(124160K), 0.0004690 secs]
32.488: [GC (Allocation Failure) 82427K->1451K(120832K), 0.0004210 secs]
32.529: [GC (Allocation Failure) 79067K->1500K(117632K), 0.0005360 secs]
32.571: [GC (Allocation Failure) 75893K->1500K(114624K), 0.0004260 secs]
32.606: [GC (Allocation Failure) 72878K->1455K(111744K), 0.0004530 secs]
32.642: [GC (Allocation Failure) 69971K->1504K(125504K), 0.0004850 secs]
32.685: [GC (Allocation Failure) 83794K->1508K(142016K), 0.0004490 secs]
32.736: [GC (Allocation Failure) 100299K->1508K(137792K), 0.0005140 secs]
32.788: [GC (Allocation Failure) 96079K->1459K(133760K), 0.0004680 secs]
32.836: [GC (Allocation Failure) 91992K->1508K(129920K), 0.0004840 secs]
32.880: [GC (Allocation Failure) 88197K->1459K(126272K), 0.0005540 secs]
32.923: [GC (Allocation Failure) 84495K->1508K(122816K), 0.0004690 secs]
32.968: [GC (Allocation Failure) 81089K->1459K(119552K), 0.0005490 secs]
33.008: [GC (Allocation Failure) 77773K->1492K(134848K), 0.0007000 secs]
33.058: [GC (Allocation Failure) 93127K->1459K(153216K), 0.0005050 secs]
33.120: [GC (Allocation Failure) 111429K->1459K(148480K), 0.0004850 secs]
33.175: [GC (Allocation Failure) 106722K->1508K(143936K), 0.0005340 secs]
33.231: [GC (Allocation Failure) 102211K->1443K(139584K), 0.0006100 secs]
33.280: [GC (Allocation Failure) 97866K->1459K(135552K), 0.0004330 secs]
33.331: [GC (Allocation Failure) 93793K->1508K(131648K), 0.0004600 secs]
33.378: [GC (Allocation Failure) 89933K->1508K(127936K), 0.0004680 secs]
33.422: [GC (Allocation Failure) 86218K->1463K(124416K), 0.0004220 secs]
33.466: [GC (Allocation Failure) 82651K->1463K(121088K), 0.0005690 secs]
33.511: [GC (Allocation Failure) 79330K->1463K(117888K), 0.0005560 secs]
33.558: [GC (Allocation Failure) 76129K->1496K(132864K), 0.0007850 secs]
33.605: [GC (Allocation Failure) 91135K->1463K(150848K), 0.0004080 secs]
33.663: [GC (Allocation Failure) 109101K->1512K(146176K), 0.0005610 secs]
33.720: [GC (Allocation Failure) 104458K->1512K(166784K), 0.0007470 secs]
33.786: [GC (Allocation Failure) 125059K->1463K(161344K), 0.0004380 secs]
33.848: [GC (Allocation Failure) 119565K->1496K(156160K), 0.0007190 secs]
33.917: [GC (Allocation Failure) 114436K->1496K(151232K), 0.0007530 secs]
33.973: [GC (Allocation Failure) 109484K->1512K(146560K), 0.0004420 secs]
34.025: [GC (Allocation Failure) 104862K->1512K(142144K), 0.0004570 secs]
34.078: [GC (Allocation Failure) 100454K->1463K(137920K), 0.0005050 secs]
34.133: [GC (Allocation Failure) 96146K->1496K(133888K), 0.0005830 secs]
34.181: [GC (Allocation Failure) 92143K->1463K(130048K), 0.0004530 secs]
34.229: [GC (Allocation Failure) 88301K->1463K(126400K), 0.0005690 secs]
34.274: [GC (Allocation Failure) 84636K->1512K(122944K), 0.0004450 secs]
34.314: [GC (Allocation Failure) 81236K->1463K(119680K), 0.0004540 secs]
34.353: [GC (Allocation Failure) 77933K->1447K(134912K), 0.0007410 secs]
34.402: [GC (Allocation Failure) 93223K->1463K(153344K), 0.0004380 secs]
34.459: [GC (Allocation Failure) 111607K->1463K(148544K), 0.0004440 secs]
34.515: [GC (Allocation Failure) 106781K->1447K(169600K), 0.0007630 secs]
34.583: [GC (Allocation Failure) 127902K->1447K(164032K), 0.0007560 secs]
34.646: [GC (Allocation Failure) 122308K->1512K(158784K), 0.0004480 secs]
34.707: [GC (Allocation Failure) 117048K->1463K(153728K), 0.0005310 secs]
34.765: [GC (Allocation Failure) 111977K->1512K(148928K), 0.0004410 secs]
34.820: [GC (Allocation Failure) 107240K->1512K(144384K), 0.0005150 secs]
34.878: [GC (Allocation Failure) 102658K->1463K(140032K), 0.0004460 secs]
34.930: [GC (Allocation Failure) 98286K->1467K(135936K), 0.0004390 secs]
34.981: [GC (Allocation Failure) 94191K->1516K(132032K), 0.0004550 secs]
35.026: [GC (Allocation Failure) 90334K->1516K(128320K), 0.0004720 secs]
35.074: [GC (Allocation Failure) 86605K->1467K(124800K), 0.0005620 secs]
35.118: [GC (Allocation Failure) 83023K->1516K(121408K), 0.0004230 secs]
35.160: [GC (Allocation Failure) 79714K->1467K(118208K), 0.0005630 secs]
35.199: [GC (Allocation Failure) 76445K->1467K(115136K), 0.0004140 secs]
35.241: [GC (Allocation Failure) 73368K->1500K(112256K), 0.0005570 secs]
35.276: [GC (Allocation Failure) 70511K->1467K(126080K), 0.0005180 secs]
35.321: [GC (Allocation Failure) 84309K->1516K(142656K), 0.0005220 secs]
35.373: [GC (Allocation Failure) 100929K->1467K(162560K), 0.0004850 secs]
35.438: [GC (Allocation Failure) 120825K->1467K(157312K), 0.0005540 secs]
35.500: [GC (Allocation Failure) 115564K->1467K(152320K), 0.0004180 secs]
35.559: [GC (Allocation Failure) 110586K->1500K(147584K), 0.0007560 secs]
35.615: [GC (Allocation Failure) 105876K->1467K(143104K), 0.0004100 secs]
35.670: [GC (Allocation Failure) 101349K->1467K(138816K), 0.0004430 secs]
35.722: [GC (Allocation Failure) 97052K->1516K(134784K), 0.0004250 secs]
35.771: [GC (Allocation Failure) 93052K->1467K(130944K), 0.0004550 secs]
35.821: [GC (Allocation Failure) 89194K->1451K(127232K), 0.0005500 secs]
35.864: [GC (Allocation Failure) 85523K->1467K(123776K), 0.0005580 secs]
35.907: [GC (Allocation Failure) 82039K->1520K(120448K), 0.0004560 secs]
35.948: [GC (Allocation Failure) 78762K->1504K(135936K), 0.0007680 secs]
35.997: [GC (Allocation Failure) 94223K->1471K(154496K), 0.0004050 secs]
36.062: [GC (Allocation Failure) 112757K->1471K(149696K), 0.0004470 secs]
36.115: [GC (Allocation Failure) 107924K->1524K(145088K), 0.0004220 secs]
36.171: [GC (Allocation Failure) 103375K->1524K(140736K), 0.0004700 secs]
36.222: [GC (Allocation Failure) 99035K->1524K(136576K), 0.0004890 secs]
36.273: [GC (Allocation Failure) 94877K->1524K(132608K), 0.0004540 secs]
36.323: [GC (Allocation Failure) 90895K->1475K(128832K), 0.0004050 secs]
36.368: [GC (Allocation Failure) 87077K->1524K(125248K), 0.0005380 secs]
36.411: [GC (Allocation Failure) 83528K->1524K(121856K), 0.0004300 secs]
36.453: [GC (Allocation Failure) 80175K->1508K(118656K), 0.0005590 secs]
36.495: [GC (Allocation Failure) 76947K->1479K(115584K), 0.0004920 secs]
36.537: [GC (Allocation Failure) 73848K->1512K(130112K), 0.0007430 secs]
36.583: [GC (Allocation Failure) 88411K->1479K(147520K), 0.0004220 secs]
36.638: [GC (Allocation Failure) 105754K->1528K(143040K), 0.0004840 secs]
36.689: [GC (Allocation Failure) 101366K->1463K(162944K), 0.0007390 secs]
36.763: [GC (Allocation Failure) 121257K->1463K(186944K), 0.0007500 secs]
36.840: [GC (Allocation Failure) 145261K->1528K(180544K), 0.0005180 secs]
36.917: [GC (Allocation Failure) 138872K->1528K(174400K), 0.0004620 secs]
36.991: [GC (Allocation Failure) 132685K->1479K(168576K), 0.0004840 secs]
37.059: [GC (Allocation Failure) 126840K->1463K(163008K), 0.0007570 secs]
37.125: [GC (Allocation Failure) 121299K->1479K(157824K), 0.0004340 secs]
37.187: [GC (Allocation Failure) 116058K->1528K(152832K), 0.0004640 secs]
37.242: [GC (Allocation Failure) 111123K->1479K(148096K), 0.0004100 secs]
37.298: [GC (Allocation Failure) 106375K->1512K(143552K), 0.0007510 secs]
37.355: [GC (Allocation Failure) 101845K->1483K(139264K), 0.0004210 secs]
37.403: [GC (Allocation Failure) 97509K->1483K(135168K), 0.0004550 secs]
37.452: [GC (Allocation Failure) 93416K->1483K(131264K), 0.0005350 secs]
37.501: [GC (Allocation Failure) 89516K->1467K(127488K), 0.0005690 secs]
37.546: [GC (Allocation Failure) 85777K->1516K(144448K), 0.0007500 secs]
37.600: [GC (Allocation Failure) 102736K->1483K(140096K), 0.0005040 secs]
37.652: [GC (Allocation Failure) 98356K->1516K(159488K), 0.0006150 secs]
37.717: [GC (Allocation Failure) 117764K->1483K(154432K), 0.0004340 secs]
37.779: [GC (Allocation Failure) 112677K->1532K(149632K), 0.0004250 secs]
37.834: [GC (Allocation Failure) 107921K->1536K(145024K), 0.0005420 secs]
37.890: [GC (Allocation Failure) 103344K->1471K(140608K), 0.0005790 secs]
37.941: [GC (Allocation Failure) 98943K->1536K(136512K), 0.0005170 secs]
37.988: [GC (Allocation Failure) 94848K->1471K(132480K), 0.0005720 secs]
38.036: [GC (Allocation Failure) 90783K->1487K(128768K), 0.0004800 secs]
38.086: [GC (Allocation Failure) 87013K->1540K(125184K), 0.0005540 secs]
38.130: [GC (Allocation Failure) 83499K->1491K(121792K), 0.0004550 secs]
38.175: [GC (Allocation Failure) 80036K->1491K(118592K), 0.0004010 secs]
38.213: [GC (Allocation Failure) 76863K->1491K(115520K), 0.0004870 secs]
38.254: [GC (Allocation Failure) 73765K->1524K(129984K), 0.0013290 secs]
38.302: [GC (Allocation Failure) 88269K->1544K(126336K), 0.0004630 secs]
38.346: [GC (Allocation Failure) 84662K->1495K(122880K), 0.0004950 secs]
38.387: [GC (Allocation Failure) 81170K->1544K(119616K), 0.0004720 secs]
38.426: [GC (Allocation Failure) 77959K->1499K(116480K), 0.0004180 secs]
38.464: [GC (Allocation Failure) 74760K->1548K(131136K), 0.0005560 secs]
38.513: [GC (Allocation Failure) 89449K->1499K(127424K), 0.0004000 secs]
38.557: [GC (Allocation Failure) 85676K->1499K(123904K), 0.0005560 secs]
38.602: [GC (Allocation Failure) 82182K->1548K(120576K), 0.0004250 secs]
38.646: [GC (Allocation Failure) 78902K->1548K(117376K), 0.0005540 secs]
38.688: [GC (Allocation Failure) 75690K->1499K(114368K), 0.0004310 secs]
38.724: [GC (Allocation Failure) 72638K->1499K(111488K), 0.0004690 secs]
38.759: [GC (Allocation Failure) 69767K->1499K(125184K), 0.0004950 secs]
38.806: [GC (Allocation Failure) 83460K->1548K(121792K), 0.0004360 secs]
38.847: [GC (Allocation Failure) 80137K->1499K(137536K), 0.0004560 secs]
38.896: [GC (Allocation Failure) 95806K->1532K(133568K), 0.0005500 secs]
38.946: [GC (Allocation Failure) 91880K->1499K(129792K), 0.0004770 secs]
38.993: [GC (Allocation Failure) 88091K->1548K(126144K), 0.0004590 secs]
39.035: [GC (Allocation Failure) 84484K->1503K(122688K), 0.0004250 secs]
39.079: [GC (Allocation Failure) 80979K->1536K(119424K), 0.0005640 secs]
39.124: [GC (Allocation Failure) 77719K->1536K(134720K), 0.0005540 secs]
39.170: [GC (Allocation Failure) 93049K->1503K(153024K), 0.0005420 secs]
39.228: [GC (Allocation Failure) 111318K->1552K(148288K), 0.0004260 secs]
39.284: [GC (Allocation Failure) 106628K->1507K(143744K), 0.0004630 secs]
39.337: [GC (Allocation Failure) 102031K->1556K(139456K), 0.0004830 secs]
39.394: [GC (Allocation Failure) 97809K->1560K(135360K), 0.0005730 secs]
39.443: [GC (Allocation Failure) 93691K->1495K(131392K), 0.0007050 secs]
39.490: [GC (Allocation Failure) 89726K->1515K(127744K), 0.0004550 secs]
39.536: [GC (Allocation Failure) 86047K->1564K(124224K), 0.0004410 secs]
39.579: [GC (Allocation Failure) 82574K->1564K(120896K), 0.0004630 secs]
39.627: [GC (Allocation Failure) 79260K->1564K(117696K), 0.0004220 secs]
39.666: [GC (Allocation Failure) 76055K->1564K(114688K), 0.0004750 secs]
39.703: [GC (Allocation Failure) 73035K->1515K(111808K), 0.0004590 secs]
39.738: [GC (Allocation Failure) 70099K->1568K(125568K), 0.0004630 secs]
39.779: [GC (Allocation Failure) 83909K->1519K(122176K), 0.0004190 secs]
39.822: [GC (Allocation Failure) 80491K->1568K(137984K), 0.0005090 secs]
39.877: [GC (Allocation Failure) 96310K->1568K(133952K), 0.0004980 secs]
39.930: [GC (Allocation Failure) 92299K->1519K(130112K), 0.0006140 secs]
39.977: [GC (Allocation Failure) 88413K->1552K(147520K), 0.0006100 secs]
40.035: [GC (Allocation Failure) 105839K->1519K(143040K), 0.0005580 secs]
40.094: [GC (Allocation Failure) 101316K->1503K(162944K), 0.0007560 secs]
40.159: [GC (Allocation Failure) 121292K->1568K(157760K), 0.0005210 secs]
40.223: [GC (Allocation Failure) 116082K->1568K(152768K), 0.0004430 secs]
40.282: [GC (Allocation Failure) 111103K->1519K(148032K), 0.0004420 secs]
40.337: [GC (Allocation Failure) 106344K->1519K(143552K), 0.0004590 secs]
40.387: [GC (Allocation Failure) 101842K->1568K(139264K), 0.0004610 secs]
40.439: [GC (Allocation Failure) 97607K->1568K(135168K), 0.0004970 secs]
40.493: [GC (Allocation Failure) 93497K->1519K(131264K), 0.0005100 secs]
40.542: [GC (Allocation Failure) 89542K->1519K(127552K), 0.0005170 secs]
40.591: [GC (Allocation Failure) 85859K->1568K(124032K), 0.0005510 secs]
40.634: [GC (Allocation Failure) 82377K->1568K(120704K), 0.0004250 secs]
40.674: [GC (Allocation Failure) 79028K->1568K(117504K), 0.0004790 secs]
40.715: [GC (Allocation Failure) 75865K->1568K(114496K), 0.0004800 secs]
40.756: [GC (Allocation Failure) 72846K->1519K(111616K), 0.0004420 secs]
40.791: [GC (Allocation Failure) 69931K->1568K(108864K), 0.0004270 secs]
40.825: [GC (Allocation Failure) 67219K->1519K(122048K), 0.0004340 secs]
40.865: [GC (Allocation Failure) 80329K->1519K(137856K), 0.0004610 secs]
40.919: [GC (Allocation Failure) 96137K->1568K(133824K), 0.0005400 secs]
40.969: [GC (Allocation Failure) 92150K->1519K(129984K), 0.0003900 secs]
41.018: [GC (Allocation Failure) 88261K->1519K(126336K), 0.0004410 secs]
41.064: [GC (Allocation Failure) 84614K->1519K(122880K), 0.0005490 secs]
41.108: [GC (Allocation Failure) 81151K->1519K(119616K), 0.0004530 secs]
41.147: [GC (Allocation Failure) 77927K->1568K(116480K), 0.0004900 secs]
41.191: [GC (Allocation Failure) 74830K->1507K(131072K), 0.0007680 secs]
41.241: [GC (Allocation Failure) 89402K->1572K(148736K), 0.0005420 secs]
41.303: [GC (Allocation Failure) 107097K->1556K(169856K), 0.0007620 secs]
41.371: [GC (Allocation Failure) 128164K->1511K(195136K), 0.0007580 secs]
41.457: [GC (Allocation Failure) 153483K->1527K(188352K), 0.0004350 secs]
41.533: [GC (Allocation Failure) 146678K->1511K(181760K), 0.0007570 secs]
41.609: [GC (Allocation Failure) 140103K->1560K(175616K), 0.0007590 secs]
41.682: [GC (Allocation Failure) 133967K->1580K(169728K), 0.0004440 secs]
41.750: [GC (Allocation Failure) 128101K->1531K(164160K), 0.0004370 secs]
41.814: [GC (Allocation Failure) 122447K->1535K(158848K), 0.0004260 secs]
41.880: [GC (Allocation Failure) 117156K->1584K(153792K), 0.0005900 secs]
41.940: [GC (Allocation Failure) 112148K->1568K(148992K), 0.0006110 secs]
41.995: [GC (Allocation Failure) 107323K->1535K(144448K), 0.0004540 secs]
42.050: [GC (Allocation Failure) 102754K->1584K(140096K), 0.0004230 secs]
42.104: [GC (Allocation Failure) 98457K->1535K(136000K), 0.0004380 secs]
42.154: [GC (Allocation Failure) 94299K->1584K(132096K), 0.0005430 secs]
42.203: [GC (Allocation Failure) 90460K->1568K(128384K), 0.0005720 secs]
42.247: [GC (Allocation Failure) 86731K->1568K(124864K), 0.0006120 secs]
42.291: [GC (Allocation Failure) 83223K->1535K(121472K), 0.0005590 secs]
42.333: [GC (Allocation Failure) 79805K->1584K(118272K), 0.0004230 secs]
42.376: [GC (Allocation Failure) 76626K->1535K(133312K), 0.0005640 secs]
42.425: [GC (Allocation Failure) 91645K->1539K(129536K), 0.0004680 secs]
42.474: [GC (Allocation Failure) 87830K->1588K(125952K), 0.0005400 secs]
42.519: [GC (Allocation Failure) 84322K->1539K(122496K), 0.0004090 secs]
42.565: [GC (Allocation Failure) 80829K->1588K(119232K), 0.0005510 secs]
42.606: [GC (Allocation Failure) 77617K->1572K(134464K), 0.0006080 secs]
42.655: [GC (Allocation Failure) 92811K->1539K(152768K), 0.0005390 secs]
42.714: [GC (Allocation Failure) 111107K->1539K(148032K), 0.0004590 secs]
42.775: [GC (Allocation Failure) 106325K->1588K(143552K), 0.0004720 secs]
42.830: [GC (Allocation Failure) 101937K->1539K(139264K), 0.0004660 secs]
42.883: [GC (Allocation Failure) 97581K->1539K(135168K), 0.0005070 secs]
42.931: [GC (Allocation Failure) 93460K->1588K(131264K), 0.0004800 secs]
42.983: [GC (Allocation Failure) 89646K->1576K(127552K), 0.0007690 secs]
43.027: [GC (Allocation Failure) 85911K->1543K(124032K), 0.0004110 secs]
43.069: [GC (Allocation Failure) 82356K->1543K(120704K), 0.0004500 secs]
43.109: [GC (Allocation Failure) 79009K->1543K(136256K), 0.0005420 secs]
43.158: [GC (Allocation Failure) 94558K->1576K(154880K), 0.0006580 secs]
43.218: [GC (Allocation Failure) 113222K->1592K(150016K), 0.0004280 secs]
43.277: [GC (Allocation Failure) 108382K->1592K(145408K), 0.0007450 secs]
43.331: [GC (Allocation Failure) 103786K->1547K(141056K), 0.0004710 secs]
43.383: [GC (Allocation Failure) 99365K->1547K(136896K), 0.0005100 secs]
43.437: [GC (Allocation Failure) 95230K->1551K(132928K), 0.0004190 secs]
43.487: [GC (Allocation Failure) 91263K->1551K(129152K), 0.0005630 secs]
43.533: [GC (Allocation Failure) 87495K->1551K(125568K), 0.0004040 secs]
43.578: [GC (Allocation Failure) 83914K->1600K(122176K), 0.0005380 secs]
43.620: [GC (Allocation Failure) 80541K->1600K(118912K), 0.0005360 secs]
43.663: [GC (Allocation Failure) 77297K->1600K(115840K), 0.0004660 secs]
43.702: [GC (Allocation Failure) 74191K->1600K(112896K), 0.0004240 secs]
43.737: [GC (Allocation Failure) 71290K->1535K(126784K), 0.0007530 secs]
43.784: [GC (Allocation Failure) 85158K->1600K(143616K), 0.0004870 secs]
43.837: [GC (Allocation Failure) 102015K->1551K(163712K), 0.0004390 secs]
43.898: [GC (Allocation Failure) 122030K->1604K(158400K), 0.0004800 secs]
43.964: [GC (Allocation Failure) 116801K->1604K(153408K), 0.0005260 secs]
44.022: [GC (Allocation Failure) 111802K->1555K(148608K), 0.0004070 secs]
44.080: [GC (Allocation Failure) 106927K->1604K(144064K), 0.0005420 secs]
44.135: [GC (Allocation Failure) 102465K->1604K(139776K), 0.0004890 secs]
44.187: [GC (Allocation Failure) 98170K->1555K(135680K), 0.0004430 secs]
44.237: [GC (Allocation Failure) 94002K->1555K(131776K), 0.0004160 secs]
44.282: [GC (Allocation Failure) 90126K->1588K(128064K), 0.0005650 secs]
44.327: [GC (Allocation Failure) 86440K->1604K(124544K), 0.0004410 secs]
44.369: [GC (Allocation Failure) 82904K->1604K(121152K), 0.0004270 secs]
44.409: [GC (Allocation Failure) 79552K->1604K(117952K), 0.0004120 secs]
44.449: [GC (Allocation Failure) 76354K->1559K(114880K), 0.0005430 secs]
44.496: [GC (Allocation Failure) 73232K->1608K(112000K), 0.0004360 secs]
44.532: [GC (Allocation Failure) 70365K->1612K(125760K), 0.0005810 secs]
44.579: [GC (Allocation Failure) 84163K->1563K(142272K), 0.0005260 secs]
44.631: [GC (Allocation Failure) 100617K->1612K(138048K), 0.0005620 secs]
44.687: [GC (Allocation Failure) 96454K->1596K(157056K), 0.0007100 secs]
44.749: [GC (Allocation Failure) 115417K->1612K(152128K), 0.0004520 secs]
44.808: [GC (Allocation Failure) 110536K->1563K(147392K), 0.0007480 secs]
44.864: [GC (Allocation Failure) 105739K->1612K(142912K), 0.0005630 secs]
44.924: [GC (Allocation Failure) 101318K->1596K(138624K), 0.0005410 secs]
44.975: [GC (Allocation Failure) 97001K->1567K(134592K), 0.0004640 secs]
45.023: [GC (Allocation Failure) 92916K->1600K(130752K), 0.0005390 secs]
45.069: [GC (Allocation Failure) 89135K->1600K(148288K), 0.0007560 secs]
45.129: [GC (Allocation Failure) 106677K->1567K(143744K), 0.0005090 secs]
45.184: [GC (Allocation Failure) 102103K->1616K(139456K), 0.0005320 secs]
45.237: [GC (Allocation Failure) 97838K->1600K(158720K), 0.0007110 secs]
45.299: [GC (Allocation Failure) 117117K->1616K(153664K), 0.0005270 secs]
45.356: [GC (Allocation Failure) 112035K->1567K(148864K), 0.0005260 secs]
45.415: [GC (Allocation Failure) 107210K->1567K(144320K), 0.0005600 secs]
45.469: [GC (Allocation Failure) 102684K->1616K(139968K), 0.0005110 secs]
45.520: [GC (Allocation Failure) 98382K->1567K(135872K), 0.0004540 secs]
45.569: [GC (Allocation Failure) 94194K->1616K(131968K), 0.0004680 secs]
45.617: [GC (Allocation Failure) 90336K->1616K(128256K), 0.0004390 secs]
45.663: [GC (Allocation Failure) 86640K->1551K(124672K), 0.0007440 secs]
45.706: [GC (Allocation Failure) 83051K->1567K(121344K), 0.0004410 secs]
45.748: [GC (Allocation Failure) 79667K->1616K(118144K), 0.0005280 secs]
45.789: [GC (Allocation Failure) 76520K->1567K(133184K), 0.0005460 secs]
45.840: [GC (Allocation Failure) 91515K->1616K(151232K), 0.0005350 secs]
45.897: [GC (Allocation Failure) 109604K->1620K(146560K), 0.0005520 secs]
45.954: [GC (Allocation Failure) 104976K->1571K(142144K), 0.0005070 secs]
46.005: [GC (Allocation Failure) 100477K->1620K(137920K), 0.0005490 secs]
46.057: [GC (Allocation Failure) 96340K->1575K(133888K), 0.0004030 secs]
46.107: [GC (Allocation Failure) 92226K->1624K(130048K), 0.0004570 secs]
46.151: [GC (Allocation Failure) 88462K->1608K(126400K), 0.0005980 secs]
46.199: [GC (Allocation Failure) 84776K->1624K(122944K), 0.0004520 secs]
46.240: [GC (Allocation Failure) 81350K->1673K(119680K), 0.0005250 secs]
46.281: [GC (Allocation Failure) 78135K->1673K(116544K), 0.0004340 secs]
46.324: [GC (Allocation Failure) 74984K->1657K(131264K), 0.0007070 secs]
46.380: [GC (Allocation Failure) 89682K->1673K(148928K), 0.0004890 secs]
46.435: [GC (Allocation Failure) 107385K->1657K(170112K), 0.0007050 secs]
46.507: [GC (Allocation Failure) 128562K->1608K(195456K), 0.0007670 secs]
46.586: [GC (Allocation Failure) 153891K->1673K(188672K), 0.0004510 secs]
46.672: [GC (Allocation Failure) 147139K->1624K(182144K), 0.0005740 secs]
46.750: [GC (Allocation Failure) 140543K->1628K(175936K), 0.0004160 secs]
46.823: [GC (Allocation Failure) 134353K->1661K(170048K), 0.0007810 secs]
46.890: [GC (Allocation Failure) 128464K->1632K(164480K), 0.0004840 secs]
46.954: [GC (Allocation Failure) 122864K->1632K(159168K), 0.0004460 secs]
47.018: [GC (Allocation Failure) 117569K->1681K(154112K), 0.0005030 secs]
47.079: [GC (Allocation Failure) 112578K->1632K(149312K), 0.0004420 secs]
47.137: [GC (Allocation Failure) 107708K->1681K(144768K), 0.0004110 secs]
47.188: [GC (Allocation Failure) 103240K->1681K(140416K), 0.0005470 secs]
47.241: [GC (Allocation Failure) 98851K->1632K(136256K), 0.0004500 secs]
47.296: [GC (Allocation Failure) 94650K->1681K(132352K), 0.0007960 secs]
47.349: [GC (Allocation Failure) 90807K->1681K(128640K), 0.0005060 secs]
47.395: [GC (Allocation Failure) 87084K->1616K(145664K), 0.0007590 secs]
47.450: [GC (Allocation Failure) 104119K->1681K(141312K), 0.0005190 secs]
47.503: [GC (Allocation Failure) 99789K->1681K(137152K), 0.0004600 secs]
47.556: [GC (Allocation Failure) 95586K->1632K(133184K), 0.0005150 secs]
47.602: [GC (Allocation Failure) 91587K->1681K(129408K), 0.0004400 secs]
47.647: [GC (Allocation Failure) 87875K->1632K(125824K), 0.0004710 secs]
47.690: [GC (Allocation Failure) 84225K->1632K(122368K), 0.0004940 secs]
47.735: [GC (Allocation Failure) 80760K->1616K(138176K), 0.0007570 secs]
47.786: [GC (Allocation Failure) 96654K->1616K(157184K), 0.0007510 secs]
47.845: [GC (Allocation Failure) 115635K->1636K(180096K), 0.0004520 secs]
47.919: [GC (Allocation Failure) 138523K->1685K(174016K), 0.0004630 secs]
47.990: [GC (Allocation Failure) 132460K->1636K(168256K), 0.0004090 secs]
48.057: [GC (Allocation Failure) 126674K->1685K(162752K), 0.0004330 secs]
48.120: [GC (Allocation Failure) 121222K->1685K(157504K), 0.0007110 secs]
48.183: [GC (Allocation Failure) 115940K->1636K(152512K), 0.0004460 secs]
48.240: [GC (Allocation Failure) 110900K->1636K(147776K), 0.0005020 secs]
48.297: [GC (Allocation Failure) 106174K->1620K(143232K), 0.0008060 secs]
48.353: [GC (Allocation Failure) 101690K->1636K(139008K), 0.0005290 secs]
48.405: [GC (Allocation Failure) 97413K->1685K(134912K), 0.0004620 secs]
48.453: [GC (Allocation Failure) 93372K->1685K(131072K), 0.0003930 secs]
48.499: [GC (Allocation Failure) 89517K->1685K(127360K), 0.0005120 secs]
48.546: [GC (Allocation Failure) 85820K->1620K(123776K), 0.0007490 secs]
48.593: [GC (Allocation Failure) 82237K->1636K(120512K), 0.0004320 secs]
48.635: [GC (Allocation Failure) 78948K->1685K(117376K), 0.0004900 secs]
48.678: [GC (Allocation Failure) 75834K->1636K(114368K), 0.0004420 secs]
48.714: [GC (Allocation Failure) 72780K->1636K(111488K), 0.0004020 secs]
48.751: [GC (Allocation Failure) 69909K->1636K(108736K), 0.0004490 secs]
48.785: [GC (Allocation Failure) 67134K->1636K(121856K), 0.0005110 secs]
48.828: [GC (Allocation Failure) 80290K->1640K(137600K), 0.0004950 secs]
48.878: [GC (Allocation Failure) 96036K->1689K(133632K), 0.0004080 secs]
48.924: [GC (Allocation Failure) 92077K->1689K(129856K), 0.0005770 secs]
48.969: [GC (Allocation Failure) 88339K->1673K(147200K), 0.0005300 secs]
49.025: [GC (Allocation Failure) 105662K->1640K(142720K), 0.0005630 secs]
49.078: [GC (Allocation Failure) 101126K->1644K(138496K), 0.0005230 secs]
49.131: [GC (Allocation Failure) 96927K->1677K(134464K), 0.0005590 secs]
49.178: [GC (Allocation Failure) 92910K->1644K(130624K), 0.0005280 secs]
49.226: [GC (Allocation Failure) 89068K->1644K(126976K), 0.0004560 secs]
49.274: [GC (Allocation Failure) 85384K->1693K(123520K), 0.0004990 secs]
49.318: [GC (Allocation Failure) 81991K->1693K(120192K), 0.0004700 secs]
49.359: [GC (Allocation Failure) 78653K->1693K(117056K), 0.0004270 secs]
49.398: [GC (Allocation Failure) 75546K->1644K(114048K), 0.0004970 secs]
49.437: [GC (Allocation Failure) 72480K->1644K(111168K), 0.0004050 secs]
49.476: [GC (Allocation Failure) 69565K->1693K(124800K), 0.0008000 secs]
49.522: [GC (Allocation Failure) 83283K->1693K(141120K), 0.0005010 secs]
49.575: [GC (Allocation Failure) 99603K->1693K(160704K), 0.0005570 secs]
49.636: [GC (Allocation Failure) 119187K->1644K(155584K), 0.0004500 secs]
49.700: [GC (Allocation Failure) 113985K->1644K(150720K), 0.0005800 secs]
49.757: [GC (Allocation Failure) 109130K->1644K(146048K), 0.0004030 secs]
49.814: [GC (Allocation Failure) 104492K->1644K(141632K), 0.0005900 secs]
49.865: [GC (Allocation Failure) 100048K->1644K(137408K), 0.0004050 secs]
49.916: [GC (Allocation Failure) 95806K->1644K(133440K), 0.0004610 secs]
49.962: [GC (Allocation Failure) 91850K->1648K(129664K), 0.0004210 secs]
50.007: [GC (Allocation Failure) 88092K->1648K(126080K), 0.0004550 secs]
50.053: [GC (Allocation Failure) 84482K->1681K(122624K), 0.0005420 secs]
50.095: [GC (Allocation Failure) 81069K->1648K(119360K), 0.0004490 secs]
50.134: [GC (Allocation Failure) 77760K->1697K(116224K), 0.0004500 secs]
50.171: [GC (Allocation Failure) 74703K->1697K(113280K), 0.0005060 secs]
50.210: [GC (Allocation Failure) 71738K->1697K(127296K), 0.0005020 secs]
50.257: [GC (Allocation Failure) 85766K->1697K(123776K), 0.0004270 secs]
50.300: [GC (Allocation Failure) 82266K->1648K(120448K), 0.0004380 secs]
50.340: [GC (Allocation Failure) 78853K->1697K(135936K), 0.0005830 secs]
50.389: [GC (Allocation Failure) 94418K->1648K(132032K), 0.0005160 secs]
50.434: [GC (Allocation Failure) 90458K->1648K(128320K), 0.0004430 secs]
50.484: [GC (Allocation Failure) 86759K->1697K(124800K), 0.0005440 secs]
50.528: [GC (Allocation Failure) 83296K->1697K(121408K), 0.0004740 secs]
50.568: [GC (Allocation Failure) 79896K->1648K(118208K), 0.0004500 secs]
50.609: [GC (Allocation Failure) 76618K->1648K(115136K), 0.0004330 secs]
50.647: [GC (Allocation Failure) 73572K->1648K(129536K), 0.0004720 secs]
50.692: [GC (Allocation Failure) 87944K->1697K(146816K), 0.0007010 secs]
50.750: [GC (Allocation Failure) 105267K->1648K(142336K), 0.0004130 secs]
50.804: [GC (Allocation Failure) 100783K->1697K(138112K), 0.0004970 secs]
50.855: [GC (Allocation Failure) 96572K->1652K(134080K), 0.0005010 secs]
50.906: [GC (Allocation Failure) 92511K->1685K(152256K), 0.0007630 secs]
50.961: [GC (Allocation Failure) 110725K->1652K(147520K), 0.0004140 secs]
51.013: [GC (Allocation Failure) 105939K->1701K(143040K), 0.0004330 secs]
51.066: [GC (Allocation Failure) 101493K->1701K(138752K), 0.0004310 secs]
51.117: [GC (Allocation Failure) 97215K->1685K(134720K), 0.0007670 secs]
51.166: [GC (Allocation Failure) 93184K->1701K(130880K), 0.0004300 secs]
51.214: [GC (Allocation Failure) 89332K->1701K(127232K), 0.0004600 secs]
51.259: [GC (Allocation Failure) 85733K->1652K(123712K), 0.0004930 secs]
51.301: [GC (Allocation Failure) 82119K->1685K(139840K), 0.0007530 secs]
51.353: [GC (Allocation Failure) 98314K->1701K(159168K), 0.0004330 secs]
51.415: [GC (Allocation Failure) 117656K->1656K(154112K), 0.0005190 secs]
51.477: [GC (Allocation Failure) 112568K->1640K(149248K), 0.0007520 secs]
51.538: [GC (Allocation Failure) 107751K->1656K(144768K), 0.0005420 secs]
51.592: [GC (Allocation Failure) 103179K->1689K(140416K), 0.0006650 secs]
51.645: [GC (Allocation Failure) 98892K->1709K(136256K), 0.0005100 secs]
51.697: [GC (Allocation Failure) 94735K->1660K(132352K), 0.0005090 secs]
51.744: [GC (Allocation Failure) 90766K->1660K(128640K), 0.0005960 secs]
51.791: [GC (Allocation Failure) 87067K->1709K(125056K), 0.0004990 secs]
51.839: [GC (Allocation Failure) 83559K->1644K(141376K), 0.0007540 secs]
51.890: [GC (Allocation Failure) 99841K->1660K(161088K), 0.0005420 secs]
51.951: [GC (Allocation Failure) 119512K->1660K(155904K), 0.0005650 secs]
52.012: [GC (Allocation Failure) 114357K->1713K(150976K), 0.0004590 secs]
52.067: [GC (Allocation Failure) 109446K->1664K(146304K), 0.0005580 secs]
52.129: [GC (Allocation Failure) 104738K->1664K(141888K), 0.0004060 secs]
52.178: [GC (Allocation Failure) 100319K->1713K(137664K), 0.0004350 secs]
52.229: [GC (Allocation Failure) 96161K->1697K(133632K), 0.0005340 secs]
52.277: [GC (Allocation Failure) 92084K->1713K(129856K), 0.0004520 secs]
52.325: [GC (Allocation Failure) 88361K->1713K(126208K), 0.0005370 secs]
52.369: [GC (Allocation Failure) 84700K->1713K(122752K), 0.0004430 secs]
52.411: [GC (Allocation Failure) 81242K->1713K(119488K), 0.0005080 secs]
52.455: [GC (Allocation Failure) 77965K->1717K(116352K), 0.0005510 secs]
52.495: [GC (Allocation Failure) 74838K->1717K(131008K), 0.0004930 secs]
52.543: [GC (Allocation Failure) 89490K->1668K(127360K), 0.0005570 secs]
52.592: [GC (Allocation Failure) 85823K->1717K(123840K), 0.0005150 secs]
52.639: [GC (Allocation Failure) 82350K->1701K(139968K), 0.0007840 secs]
52.693: [GC (Allocation Failure) 98425K->1717K(159360K), 0.0004930 secs]
52.755: [GC (Allocation Failure) 117833K->1668K(154304K), 0.0004520 secs]
52.816: [GC (Allocation Failure) 112758K->1701K(149504K), 0.0006250 secs]
52.873: [GC (Allocation Failure) 107961K->1652K(144832K), 0.0007560 secs]
52.928: [GC (Allocation Failure) 103312K->1668K(140544K), 0.0004360 secs]
52.984: [GC (Allocation Failure) 98989K->1652K(136320K), 0.0007760 secs]
53.036: [GC (Allocation Failure) 94822K->1717K(132416K), 0.0004330 secs]
53.083: [GC (Allocation Failure) 90926K->1668K(128640K), 0.0004460 secs]
53.132: [GC (Allocation Failure) 87060K->1717K(125056K), 0.0005160 secs]
53.178: [GC (Allocation Failure) 83571K->1668K(121664K), 0.0004480 secs]
53.221: [GC (Allocation Failure) 80114K->1668K(118464K), 0.0004160 secs]
53.259: [GC (Allocation Failure) 76907K->1717K(115392K), 0.0004840 secs]
53.298: [GC (Allocation Failure) 73876K->1668K(129856K), 0.0006780 secs]
53.344: [GC (Allocation Failure) 88311K->1672K(147200K), 0.0005710 secs]
53.398: [GC (Allocation Failure) 105672K->1672K(142720K), 0.0004060 secs]
53.451: [GC (Allocation Failure) 101153K->1672K(138496K), 0.0004490 secs]
53.501: [GC (Allocation Failure) 96964K->1721K(134464K), 0.0003890 secs]
53.549: [GC (Allocation Failure) 92961K->1672K(130624K), 0.0004440 secs]
53.597: [GC (Allocation Failure) 89061K->1721K(126976K), 0.0005190 secs]
53.641: [GC (Allocation Failure) 85459K->1672K(123520K), 0.0004380 secs]
53.682: [GC (Allocation Failure) 81946K->1709K(139584K), 0.0007320 secs]
53.736: [GC (Allocation Failure) 98089K->1676K(158912K), 0.0005720 secs]
53.799: [GC (Allocation Failure) 117364K->1676K(153856K), 0.0004220 secs]
53.861: [GC (Allocation Failure) 112307K->1725K(149056K), 0.0005470 secs]
53.915: [GC (Allocation Failure) 107538K->1725K(144512K), 0.0004360 secs]
53.968: [GC (Allocation Failure) 103036K->1676K(140160K), 0.0005630 secs]
54.022: [GC (Allocation Failure) 98598K->1680K(136064K), 0.0004160 secs]
54.074: [GC (Allocation Failure) 94519K->1778K(132224K), 0.0006060 secs]
54.124: [GC (Allocation Failure) 90704K->1733K(128384K), 0.0004550 secs]
54.168: [GC (Allocation Failure) 86934K->1782K(124864K), 0.0004770 secs]
54.212: [GC (Allocation Failure) 83431K->1831K(121472K), 0.0004660 secs]
54.251: [GC (Allocation Failure) 80077K->1831K(118272K), 0.0004780 secs]
54.291: [GC (Allocation Failure) 76859K->1782K(115200K), 0.0004110 secs]
54.331: [GC (Allocation Failure) 73758K->1831K(112320K), 0.0005600 secs]
54.368: [GC (Allocation Failure) 70946K->1782K(109568K), 0.0004250 secs]
