0.363: [GC (Allocation Failure) 16042K->1010K(61824K), 0.0029530 secs]
0.386: [GC (Allocation Failure) 17130K->982K(61824K), 0.0014460 secs]
0.404: [GC (Allocation Failure) 17049K->982K(61824K), 0.0012080 secs]
0.420: [GC (Allocation Failure) 17070K->897K(77952K), 0.0031380 secs]
0.460: [GC (Allocation Failure) 33121K->893K(77952K), 0.0014810 secs]
0.497: [GC (Allocation Failure) 33145K->994K(108608K), 0.0017920 secs]
0.570: [GC (Allocation Failure) 65454K->1013K(108608K), 0.0017520 secs]
0.623: [GC (Allocation Failure) 65440K->1114K(173184K), 0.0005760 secs]
0.739: [GC (Allocation Failure) 130025K->1025K(173248K), 0.0006320 secs]
0.815: [GC (Allocation Failure) 129901K->1126K(250624K), 0.0005690 secs]
0.959: [GC (Allocation Failure) 207399K->1033K(250624K), 0.0006870 secs]
1.075: [GC (Allocation Failure) 207302K->1037K(374528K), 0.0005130 secs]
1.303: [GC (Allocation Failure) 331181K->1025K(374528K), 0.0010190 secs]
1.473: [GC (Allocation Failure) 331174K->1049K(385664K), 0.0006800 secs]
1.655: [GC (Allocation Failure) 342421K->1146K(368576K), 0.0006070 secs]
1.817: [GC (Allocation Failure) 326264K->1146K(353152K), 0.0005700 secs]
1.977: [GC (Allocation Failure) 310814K->1049K(338432K), 0.0007180 secs]
2.131: [GC (Allocation Failure) 296058K->951K(324352K), 0.0005730 secs]
2.281: [GC (Allocation Failure) 282005K->951K(311104K), 0.0004870 secs]
2.415: [GC (Allocation Failure) 268746K->1049K(298624K), 0.0006370 secs]
2.546: [GC (Allocation Failure) 256281K->951K(286528K), 0.0005990 secs]
2.664: [GC (Allocation Failure) 244154K->1033K(275200K), 0.0010410 secs]
2.779: [GC (Allocation Failure) 232868K->951K(264320K), 0.0004860 secs]
2.887: [GC (Allocation Failure) 221944K->1033K(254144K), 0.0008490 secs]
2.990: [GC (Allocation Failure) 211806K->955K(244352K), 0.0004700 secs]
3.091: [GC (Allocation Failure) 202003K->955K(235072K), 0.0006200 secs]
3.186: [GC (Allocation Failure) 192741K->1053K(226368K), 0.0004980 secs]
3.275: [GC (Allocation Failure) 183973K->1053K(217984K), 0.0005240 secs]
3.359: [GC (Allocation Failure) 175602K->955K(209920K), 0.0004880 secs]
3.445: [GC (Allocation Failure) 167527K->1053K(202496K), 0.0005990 secs]
3.523: [GC (Allocation Failure) 160081K->955K(195200K), 0.0005910 secs]
3.601: [GC (Allocation Failure) 152870K->1053K(188480K), 0.0006720 secs]
3.675: [GC (Allocation Failure) 146045K->959K(181824K), 0.0006030 secs]
3.743: [GC (Allocation Failure) 139441K->1041K(175744K), 0.0008190 secs]
3.809: [GC (Allocation Failure) 133423K->943K(169792K), 0.0007940 secs]
3.872: [GC (Allocation Failure) 127423K->1057K(164352K), 0.0005930 secs]
3.931: [GC (Allocation Failure) 121936K->1057K(159040K), 0.0005570 secs]
3.990: [GC (Allocation Failure) 116613K->1041K(153920K), 0.0006750 secs]
4.044: [GC (Allocation Failure) 111590K->1057K(149184K), 0.0006940 secs]
4.100: [GC (Allocation Failure) 106803K->959K(144512K), 0.0004840 secs]
4.149: [GC (Allocation Failure) 102173K->959K(140160K), 0.0005780 secs]
4.197: [GC (Allocation Failure) 97848K->959K(136064K), 0.0005300 secs]
4.244: [GC (Allocation Failure) 93719K->959K(132160K), 0.0004760 secs]
4.291: [GC (Allocation Failure) 89792K->959K(128448K), 0.0005980 secs]
4.335: [GC (Allocation Failure) 86061K->959K(124928K), 0.0004680 secs]
4.373: [GC (Allocation Failure) 82623K->1057K(121664K), 0.0004930 secs]
4.413: [GC (Allocation Failure) 79281K->1057K(138944K), 0.0006000 secs]
4.459: [GC (Allocation Failure) 96567K->1041K(159936K), 0.0007540 secs]
4.518: [GC (Allocation Failure) 117590K->1154K(184576K), 0.0006320 secs]
4.588: [GC (Allocation Failure) 142255K->1057K(178112K), 0.0004920 secs]
4.654: [GC (Allocation Failure) 135877K->1154K(172224K), 0.0005980 secs]
4.718: [GC (Allocation Failure) 129983K->1057K(166400K), 0.0005700 secs]
4.778: [GC (Allocation Failure) 124183K->1154K(161088K), 0.0005260 secs]
4.834: [GC (Allocation Failure) 118782K->1057K(155840K), 0.0004700 secs]
4.889: [GC (Allocation Failure) 113575K->1154K(151104K), 0.0005120 secs]
4.941: [GC (Allocation Failure) 108861K->1138K(146368K), 0.0007800 secs]
4.994: [GC (Allocation Failure) 104123K->1154K(142016K), 0.0006260 secs]
5.043: [GC (Allocation Failure) 99718K->1057K(137664K), 0.0005110 secs]
5.089: [GC (Allocation Failure) 95392K->1061K(133696K), 0.0005340 secs]
5.131: [GC (Allocation Failure) 91467K->1061K(129920K), 0.0004770 secs]
5.171: [GC (Allocation Failure) 87634K->1158K(126400K), 0.0004880 secs]
5.210: [GC (Allocation Failure) 84096K->1256K(142912K), 0.0006890 secs]
5.259: [GC (Allocation Failure) 100900K->1354K(163008K), 0.0004880 secs]
5.318: [GC (Allocation Failure) 120940K->1256K(157632K), 0.0005520 secs]
5.378: [GC (Allocation Failure) 115530K->1354K(152768K), 0.0005000 secs]
5.429: [GC (Allocation Failure) 110721K->1256K(147904K), 0.0004710 secs]
5.480: [GC (Allocation Failure) 105812K->1256K(143424K), 0.0004890 secs]
5.531: [GC (Allocation Failure) 101392K->1354K(139264K), 0.0005620 secs]
5.577: [GC (Allocation Failure) 97162K->1256K(135040K), 0.0006290 secs]
5.621: [GC (Allocation Failure) 92941K->1338K(153472K), 0.0005880 secs]
5.676: [GC (Allocation Failure) 111392K->1354K(148736K), 0.0005060 secs]
5.727: [GC (Allocation Failure) 106695K->1354K(144064K), 0.0004540 secs]
5.775: [GC (Allocation Failure) 102079K->1354K(139776K), 0.0004830 secs]
5.821: [GC (Allocation Failure) 97854K->1354K(135680K), 0.0004780 secs]
5.865: [GC (Allocation Failure) 93710K->1338K(154176K), 0.0007900 secs]
5.922: [GC (Allocation Failure) 112189K->1354K(176384K), 0.0005960 secs]
5.986: [GC (Allocation Failure) 134403K->1354K(170496K), 0.0005750 secs]
6.049: [GC (Allocation Failure) 128508K->1354K(164864K), 0.0004790 secs]
6.108: [GC (Allocation Failure) 122883K->1451K(159680K), 0.0005950 secs]
6.165: [GC (Allocation Failure) 117713K->1354K(154432K), 0.0004350 secs]
6.219: [GC (Allocation Failure) 112501K->1549K(149824K), 0.0005860 secs]
6.271: [GC (Allocation Failure) 107974K->1455K(145088K), 0.0004670 secs]
6.320: [GC (Allocation Failure) 103259K->1455K(140736K), 0.0004850 secs]
6.366: [GC (Allocation Failure) 98834K->1553K(136704K), 0.0005980 secs]
6.412: [GC (Allocation Failure) 94807K->1455K(132608K), 0.0005990 secs]
6.456: [GC (Allocation Failure) 90781K->1553K(128832K), 0.0004820 secs]
6.496: [GC (Allocation Failure) 87049K->1651K(125376K), 0.0005000 secs]
6.541: [GC (Allocation Failure) 83593K->1748K(141632K), 0.0006880 secs]
6.590: [GC (Allocation Failure) 100110K->1846K(161408K), 0.0005670 secs]
6.651: [GC (Allocation Failure) 119960K->1846K(156224K), 0.0004710 secs]
6.705: [GC (Allocation Failure) 114750K->1928K(178880K), 0.0007030 secs]
6.772: [GC (Allocation Failure) 137449K->1846K(172800K), 0.0005180 secs]
6.835: [GC (Allocation Failure) 131349K->1846K(167104K), 0.0004880 secs]
6.894: [GC (Allocation Failure) 125658K->1834K(161664K), 0.0007800 secs]
6.954: [GC (Allocation Failure) 120151K->1850K(156480K), 0.0004900 secs]
7.008: [GC (Allocation Failure) 115055K->1850K(151552K), 0.0005150 secs]
7.059: [GC (Allocation Failure) 110136K->1850K(146880K), 0.0005110 secs]
7.110: [GC (Allocation Failure) 105426K->1850K(142400K), 0.0004590 secs]
7.160: [GC (Allocation Failure) 100898K->1850K(138176K), 0.0005850 secs]
7.206: [GC (Allocation Failure) 96677K->1932K(157248K), 0.0007720 secs]
7.262: [GC (Allocation Failure) 115822K->1850K(179968K), 0.0006720 secs]
7.328: [GC (Allocation Failure) 138529K->2045K(207360K), 0.0006880 secs]
7.406: [GC (Allocation Failure) 166053K->2029K(199936K), 0.0005950 secs]
7.483: [GC (Allocation Failure) 158661K->2045K(192896K), 0.0004820 secs]
7.554: [GC (Allocation Failure) 151604K->2045K(186176K), 0.0004750 secs]
7.623: [GC (Allocation Failure) 144922K->2049K(179712K), 0.0004810 secs]
7.691: [GC (Allocation Failure) 138541K->2342K(173696K), 0.0008120 secs]
7.753: [GC (Allocation Failure) 132742K->2342K(167936K), 0.0005740 secs]
7.817: [GC (Allocation Failure) 126952K->2346K(162432K), 0.0005960 secs]
7.875: [GC (Allocation Failure) 121424K->2346K(157120K), 0.0005400 secs]
7.931: [GC (Allocation Failure) 116234K->2542K(152256K), 0.0005070 secs]
7.984: [GC (Allocation Failure) 111519K->2542K(147520K), 0.0004500 secs]
8.035: [GC (Allocation Failure) 106703K->2542K(143040K), 0.0004830 secs]
8.084: [GC (Allocation Failure) 102279K->2741K(138688K), 0.0006750 secs]
8.130: [GC (Allocation Failure) 98159K->2839K(134720K), 0.0006040 secs]
8.174: [GC (Allocation Failure) 94228K->2839K(130880K), 0.0004380 secs]
8.217: [GC (Allocation Failure) 90379K->2937K(127232K), 0.0005120 secs]
8.262: [GC (Allocation Failure) 86860K->3132K(144000K), 0.0005350 secs]
8.313: [GC (Allocation Failure) 103854K->3230K(139776K), 0.0004860 secs]
8.359: [GC (Allocation Failure) 99726K->3230K(135680K), 0.0004430 secs]
8.404: [GC (Allocation Failure) 95620K->3425K(154176K), 0.0007170 secs]
8.460: [GC (Allocation Failure) 114268K->3425K(176320K), 0.0005480 secs]
8.528: [GC (Allocation Failure) 136485K->3523K(170496K), 0.0005530 secs]
8.592: [GC (Allocation Failure) 130670K->3523K(164864K), 0.0005510 secs]
8.652: [GC (Allocation Failure) 125076K->3604K(159616K), 0.0006320 secs]
8.707: [GC (Allocation Failure) 119854K->3620K(154304K), 0.0007230 secs]
8.760: [GC (Allocation Failure) 114764K->3913K(149824K), 0.0004770 secs]
8.812: [GC (Allocation Failure) 110338K->3816K(145088K), 0.0006020 secs]
8.866: [GC (Allocation Failure) 105632K->3816K(140736K), 0.0005980 secs]
8.915: [GC (Allocation Failure) 101212K->3913K(136576K), 0.0005160 secs]
8.963: [GC (Allocation Failure) 97169K->3913K(132608K), 0.0006050 secs]
9.009: [GC (Allocation Failure) 93237K->4109K(150528K), 0.0007450 secs]
9.062: [GC (Allocation Failure) 111324K->4109K(172032K), 0.0006130 secs]
9.125: [GC (Allocation Failure) 132833K->4109K(166336K), 0.0004990 secs]
9.186: [GC (Allocation Failure) 127134K->4093K(190976K), 0.0008770 secs]
9.260: [GC (Allocation Failure) 151783K->4206K(220480K), 0.0006780 secs]
9.346: [GC (Allocation Failure) 181476K->4386K(212544K), 0.0007400 secs]
9.431: [GC (Allocation Failure) 173597K->4386K(204672K), 0.0010110 secs]
9.512: [GC (Allocation Failure) 165836K->4499K(197504K), 0.0005230 secs]
9.586: [GC (Allocation Failure) 158676K->4601K(190656K), 0.0005860 secs]
9.659: [GC (Allocation Failure) 151809K->4601K(184064K), 0.0005190 secs]
9.729: [GC (Allocation Failure) 145217K->4601K(177472K), 0.0007060 secs]
9.796: [GC (Allocation Failure) 138929K->4878K(171904K), 0.0008360 secs]
9.858: [GC (Allocation Failure) 133313K->4796K(166016K), 0.0005290 secs]
9.917: [GC (Allocation Failure) 127534K->4878K(160704K), 0.0006630 secs]
9.973: [GC (Allocation Failure) 122213K->4894K(155648K), 0.0004750 secs]
10.026: [GC (Allocation Failure) 117097K->4898K(150784K), 0.0005170 secs]
10.079: [GC (Allocation Failure) 112208K->4996K(145984K), 0.0005500 secs]
10.129: [GC (Allocation Failure) 107775K->5191K(141760K), 0.0006530 secs]
10.177: [GC (Allocation Failure) 103556K->5093K(137408K), 0.0005100 secs]
10.223: [GC (Allocation Failure) 99234K->5093K(133440K), 0.0006290 secs]
10.269: [GC (Allocation Failure) 95207K->5191K(129792K), 0.0005020 secs]
10.311: [GC (Allocation Failure) 91568K->5093K(146944K), 0.0006360 secs]
10.364: [GC (Allocation Failure) 108762K->5289K(167680K), 0.0007440 secs]
10.426: [GC (Allocation Failure) 129692K->5386K(192704K), 0.0006300 secs]
10.500: [GC (Allocation Failure) 154643K->5293K(185856K), 0.0006140 secs]
10.575: [GC (Allocation Failure) 147884K->5390K(179584K), 0.0006580 secs]
10.645: [GC (Allocation Failure) 141487K->5293K(173376K), 0.0006100 secs]
10.711: [GC (Allocation Failure) 135404K->5293K(167616K), 0.0006250 secs]
10.770: [GC (Allocation Failure) 129600K->5390K(162304K), 0.0005180 secs]
10.828: [GC (Allocation Failure) 124286K->5390K(157120K), 0.0006870 secs]
10.886: [GC (Allocation Failure) 119088K->5293K(152000K), 0.0005700 secs]
10.940: [GC (Allocation Failure) 114076K->5488K(147456K), 0.0005730 secs]
10.990: [GC (Allocation Failure) 109552K->5390K(142848K), 0.0004970 secs]
11.038: [GC (Allocation Failure) 104936K->5472K(162880K), 0.0008860 secs]
11.098: [GC (Allocation Failure) 124961K->5488K(157696K), 0.0004870 secs]
11.154: [GC (Allocation Failure) 119772K->5394K(152576K), 0.0005510 secs]
11.208: [GC (Allocation Failure) 114666K->5378K(174464K), 0.0008740 secs]
11.272: [GC (Allocation Failure) 136561K->5492K(168768K), 0.0004430 secs]
11.333: [GC (Allocation Failure) 130780K->5398K(163136K), 0.0006300 secs]
11.392: [GC (Allocation Failure) 125181K->5496K(158016K), 0.0005800 secs]
11.449: [GC (Allocation Failure) 120091K->5594K(152896K), 0.0007400 secs]
11.503: [GC (Allocation Failure) 115162K->5594K(148160K), 0.0005070 secs]
11.552: [GC (Allocation Failure) 110444K->5691K(143744K), 0.0005050 secs]
11.600: [GC (Allocation Failure) 106020K->5598K(139328K), 0.0006450 secs]
11.647: [GC (Allocation Failure) 101607K->5679K(158656K), 0.0007250 secs]
11.706: [GC (Allocation Failure) 120949K->5602K(181696K), 0.0007030 secs]
11.772: [GC (Allocation Failure) 143960K->5602K(209408K), 0.0006450 secs]
11.855: [GC (Allocation Failure) 171677K->5602K(201856K), 0.0006250 secs]
11.933: [GC (Allocation Failure) 164107K->5699K(194816K), 0.0005310 secs]
12.005: [GC (Allocation Failure) 157028K->5683K(187968K), 0.0009310 secs]
12.076: [GC (Allocation Failure) 150228K->5602K(181440K), 0.0004760 secs]
12.145: [GC (Allocation Failure) 143767K->5606K(175296K), 0.0005110 secs]
12.208: [GC (Allocation Failure) 137567K->5687K(169536K), 0.0009000 secs]
12.272: [GC (Allocation Failure) 131861K->5703K(164032K), 0.0006590 secs]
12.330: [GC (Allocation Failure) 126271K->5610K(158592K), 0.0005930 secs]
12.386: [GC (Allocation Failure) 120876K->5707K(153664K), 0.0005040 secs]
12.438: [GC (Allocation Failure) 115963K->5707K(148736K), 0.0005210 secs]
12.487: [GC (Allocation Failure) 111148K->5707K(144192K), 0.0005010 secs]
12.534: [GC (Allocation Failure) 106626K->5805K(140032K), 0.0006330 secs]
12.583: [GC (Allocation Failure) 102402K->5707K(135808K), 0.0006700 secs]
12.631: [GC (Allocation Failure) 98179K->5789K(154432K), 0.0008620 secs]
12.686: [GC (Allocation Failure) 116828K->5805K(176768K), 0.0005070 secs]
12.750: [GC (Allocation Failure) 139150K->5691K(203328K), 0.0008510 secs]
12.828: [GC (Allocation Failure) 165670K->5707K(196096K), 0.0005660 secs]
12.905: [GC (Allocation Failure) 158516K->5805K(189312K), 0.0005180 secs]
12.973: [GC (Allocation Failure) 151725K->5707K(182656K), 0.0006690 secs]
13.042: [GC (Allocation Failure) 145055K->5707K(176448K), 0.0005460 secs]
13.105: [GC (Allocation Failure) 138863K->5805K(170688K), 0.0006070 secs]
13.167: [GC (Allocation Failure) 133067K->5707K(164928K), 0.0005010 secs]
13.225: [GC (Allocation Failure) 127358K->5711K(159616K), 0.0006240 secs]
13.285: [GC (Allocation Failure) 122058K->5711K(154560K), 0.0006580 secs]
13.341: [GC (Allocation Failure) 116951K->5711K(149760K), 0.0006640 secs]
13.394: [GC (Allocation Failure) 112136K->5813K(145152K), 0.0005100 secs]
13.442: [GC (Allocation Failure) 107612K->5911K(140928K), 0.0006240 secs]
13.491: [GC (Allocation Failure) 103391K->6012K(136576K), 0.0005680 secs]
13.536: [GC (Allocation Failure) 99361K->6192K(155392K), 0.0009260 secs]
13.592: [GC (Allocation Failure) 118215K->6192K(177856K), 0.0009140 secs]
13.659: [GC (Allocation Failure) 140715K->6110K(204736K), 0.0006450 secs]
13.738: [GC (Allocation Failure) 167561K->6208K(237184K), 0.0006100 secs]
13.834: [GC (Allocation Failure) 199987K->6208K(228288K), 0.0005390 secs]
13.923: [GC (Allocation Failure) 191051K->6110K(219648K), 0.0005770 secs]
14.010: [GC (Allocation Failure) 182495K->6305K(211776K), 0.0005410 secs]
14.089: [GC (Allocation Failure) 174637K->6208K(203968K), 0.0005230 secs]
14.166: [GC (Allocation Failure) 166866K->6305K(196800K), 0.0005160 secs]
14.240: [GC (Allocation Failure) 159697K->6208K(189760K), 0.0005060 secs]
14.311: [GC (Allocation Failure) 152621K->6208K(183168K), 0.0005250 secs]
14.379: [GC (Allocation Failure) 146028K->6403K(177088K), 0.0005320 secs]
14.444: [GC (Allocation Failure) 139950K->6196K(170944K), 0.0009350 secs]
14.507: [GC (Allocation Failure) 133833K->6309K(165440K), 0.0009730 secs]
14.569: [GC (Allocation Failure) 128346K->6293K(189824K), 0.0009670 secs]
14.645: [GC (Allocation Failure) 152717K->6313K(219200K), 0.0007650 secs]
14.731: [GC (Allocation Failure) 182118K->6216K(211072K), 0.0005200 secs]
14.813: [GC (Allocation Failure) 173956K->6313K(203584K), 0.0005130 secs]
14.890: [GC (Allocation Failure) 166492K->6301K(196288K), 0.0009500 secs]
14.970: [GC (Allocation Failure) 159204K->6301K(189312K), 0.0009890 secs]
15.043: [GC (Allocation Failure) 152333K->6419K(182912K), 0.0006770 secs]
15.110: [GC (Allocation Failure) 145856K->6321K(176576K), 0.0005070 secs]
15.175: [GC (Allocation Failure) 139571K->6305K(170688K), 0.0009270 secs]
15.238: [GC (Allocation Failure) 133657K->6321K(165056K), 0.0005100 secs]
15.294: [GC (Allocation Failure) 128074K->6403K(159744K), 0.0006940 secs]
15.352: [GC (Allocation Failure) 122748K->6419K(154752K), 0.0004820 secs]
15.409: [GC (Allocation Failure) 117751K->6321K(149824K), 0.0007000 secs]
15.462: [GC (Allocation Failure) 112844K->6325K(145216K), 0.0004940 secs]
15.513: [GC (Allocation Failure) 108227K->6423K(140992K), 0.0006670 secs]
15.564: [GC (Allocation Failure) 104003K->6309K(160384K), 0.0009060 secs]
15.623: [GC (Allocation Failure) 123344K->6423K(183936K), 0.0005270 secs]
15.691: [GC (Allocation Failure) 146939K->6423K(177536K), 0.0005780 secs]
15.757: [GC (Allocation Failure) 140654K->6521K(171712K), 0.0006680 secs]
15.820: [GC (Allocation Failure) 134754K->6423K(165888K), 0.0005100 secs]
15.879: [GC (Allocation Failure) 128959K->6521K(160640K), 0.0006570 secs]
15.937: [GC (Allocation Failure) 123750K->6427K(155392K), 0.0005710 secs]
15.992: [GC (Allocation Failure) 118546K->6525K(150656K), 0.0006000 secs]
16.044: [GC (Allocation Failure) 113732K->6427K(145920K), 0.0006200 secs]
16.095: [GC (Allocation Failure) 109019K->6431K(141504K), 0.0006660 secs]
16.143: [GC (Allocation Failure) 104598K->6529K(137472K), 0.0005070 secs]
16.188: [GC (Allocation Failure) 100572K->6431K(133376K), 0.0005300 secs]
16.230: [GC (Allocation Failure) 96542K->6529K(151424K), 0.0005230 secs]
16.282: [GC (Allocation Failure) 114618K->6614K(173120K), 0.0008980 secs]
16.346: [GC (Allocation Failure) 136326K->6614K(199104K), 0.0007900 secs]
16.421: [GC (Allocation Failure) 162348K->6517K(230208K), 0.0007930 secs]
16.512: [GC (Allocation Failure) 193400K->6517K(221632K), 0.0006820 secs]
16.599: [GC (Allocation Failure) 184873K->6630K(213632K), 0.0006410 secs]
16.683: [GC (Allocation Failure) 176833K->6630K(205760K), 0.0006450 secs]
16.762: [GC (Allocation Failure) 169063K->6614K(198400K), 0.0007760 secs]
16.838: [GC (Allocation Failure) 161680K->6630K(191424K), 0.0005120 secs]
16.908: [GC (Allocation Failure) 154717K->6728K(184896K), 0.0006690 secs]
16.977: [GC (Allocation Failure) 148135K->6630K(178432K), 0.0005170 secs]
17.043: [GC (Allocation Failure) 141742K->6732K(172544K), 0.0005370 secs]
17.104: [GC (Allocation Failure) 135850K->6732K(166720K), 0.0005290 secs]
17.161: [GC (Allocation Failure) 130153K->6830K(161408K), 0.0005370 secs]
17.217: [GC (Allocation Failure) 124844K->6732K(156096K), 0.0005100 secs]
17.271: [GC (Allocation Failure) 119535K->6720K(151168K), 0.0007870 secs]
17.323: [GC (Allocation Failure) 114613K->6736K(146496K), 0.0005190 secs]
17.373: [GC (Allocation Failure) 109916K->6736K(142080K), 0.0006000 secs]
17.423: [GC (Allocation Failure) 105497K->6834K(137984K), 0.0006380 secs]
17.469: [GC (Allocation Failure) 101366K->6834K(156928K), 0.0008160 secs]
17.525: [GC (Allocation Failure) 120327K->6736K(179456K), 0.0006170 secs]
17.592: [GC (Allocation Failure) 142929K->6834K(206784K), 0.0005550 secs]
17.667: [GC (Allocation Failure) 170260K->6931K(199488K), 0.0006470 secs]
17.741: [GC (Allocation Failure) 162973K->6931K(192448K), 0.0006880 secs]
17.815: [GC (Allocation Failure) 155898K->7029K(185536K), 0.0006800 secs]
17.884: [GC (Allocation Failure) 149328K->7208K(179328K), 0.0006980 secs]
17.952: [GC (Allocation Failure) 143113K->7127K(173248K), 0.0006560 secs]
18.013: [GC (Allocation Failure) 137030K->7131K(167488K), 0.0006240 secs]
18.076: [GC (Allocation Failure) 131334K->7115K(162048K), 0.0006860 secs]
18.132: [GC (Allocation Failure) 125819K->7131K(156864K), 0.0005900 secs]
18.188: [GC (Allocation Failure) 120722K->7131K(151936K), 0.0005740 secs]
18.240: [GC (Allocation Failure) 115720K->7228K(147392K), 0.0006130 secs]
18.290: [GC (Allocation Failure) 111196K->7330K(168000K), 0.0006830 secs]
18.353: [GC (Allocation Failure) 132128K->7525K(162688K), 0.0005300 secs]
18.409: [GC (Allocation Failure) 126724K->7412K(186432K), 0.0009330 secs]
18.480: [GC (Allocation Failure) 150565K->7525K(180160K), 0.0005410 secs]
18.548: [GC (Allocation Failure) 144205K->7428K(173952K), 0.0006490 secs]
18.615: [GC (Allocation Failure) 138022K->7509K(168256K), 0.0007180 secs]
18.675: [GC (Allocation Failure) 132407K->7432K(162688K), 0.0005100 secs]
18.734: [GC (Allocation Failure) 126816K->7529K(157568K), 0.0005500 secs]
18.790: [GC (Allocation Failure) 121622K->7432K(152448K), 0.0006490 secs]
18.846: [GC (Allocation Failure) 116613K->7529K(147840K), 0.0005460 secs]
18.895: [GC (Allocation Failure) 111976K->7432K(143232K), 0.0006430 secs]
18.943: [GC (Allocation Failure) 107367K->7529K(163392K), 0.0006760 secs]
19.004: [GC (Allocation Failure) 127516K->7436K(158016K), 0.0005110 secs]
19.061: [GC (Allocation Failure) 122113K->7631K(153216K), 0.0006960 secs]
19.119: [GC (Allocation Failure) 117295K->7729K(148288K), 0.0006400 secs]
19.170: [GC (Allocation Failure) 112675K->7826K(169472K), 0.0006800 secs]
19.230: [GC (Allocation Failure) 133900K->7713K(194560K), 0.0006860 secs]
19.304: [GC (Allocation Failure) 158938K->7810K(224896K), 0.0009840 secs]
19.391: [GC (Allocation Failure) 189300K->7729K(216512K), 0.0005210 secs]
19.476: [GC (Allocation Failure) 180972K->7826K(208768K), 0.0005450 secs]
19.561: [GC (Allocation Failure) 173128K->7924K(201152K), 0.0007180 secs]
19.640: [GC (Allocation Failure) 165740K->8022K(194176K), 0.0006710 secs]
19.716: [GC (Allocation Failure) 158761K->8123K(187264K), 0.0007920 secs]
19.785: [GC (Allocation Failure) 152082K->8123K(180800K), 0.0005300 secs]
19.850: [GC (Allocation Failure) 145598K->8221K(174784K), 0.0005150 secs]
19.914: [GC (Allocation Failure) 139600K->8123K(168832K), 0.0006530 secs]
19.976: [GC (Allocation Failure) 133599K->8319K(163328K), 0.0007820 secs]
20.035: [GC (Allocation Failure) 128299K->8319K(158080K), 0.0006700 secs]
20.094: [GC (Allocation Failure) 123097K->8303K(153088K), 0.0006970 secs]
20.147: [GC (Allocation Failure) 118053K->8416K(148480K), 0.0006800 secs]
20.197: [GC (Allocation Failure) 113467K->8319K(143808K), 0.0005160 secs]
20.245: [GC (Allocation Failure) 108844K->8416K(139648K), 0.0005480 secs]
20.292: [GC (Allocation Failure) 104625K->8303K(158784K), 0.0006690 secs]
20.349: [GC (Allocation Failure) 123762K->8416K(153856K), 0.0005590 secs]
20.403: [GC (Allocation Failure) 118874K->8400K(175936K), 0.0009310 secs]
20.471: [GC (Allocation Failure) 140962K->8319K(202432K), 0.0006660 secs]
20.552: [GC (Allocation Failure) 167410K->8416K(195392K), 0.0006140 secs]
20.628: [GC (Allocation Failure) 160336K->8416K(188544K), 0.0005510 secs]
20.701: [GC (Allocation Failure) 153557K->8319K(181824K), 0.0006280 secs]
20.768: [GC (Allocation Failure) 146869K->8416K(175680K), 0.0005260 secs]
20.833: [GC (Allocation Failure) 140780K->8518K(169920K), 0.0006700 secs]
20.896: [GC (Allocation Failure) 134987K->8420K(164224K), 0.0005390 secs]
20.953: [GC (Allocation Failure) 129295K->8420K(158912K), 0.0006820 secs]
21.011: [GC (Allocation Failure) 123979K->8420K(153856K), 0.0006810 secs]
21.065: [GC (Allocation Failure) 118967K->8518K(149184K), 0.0005400 secs]
21.117: [GC (Allocation Failure) 114253K->8518K(144640K), 0.0007140 secs]
21.169: [GC (Allocation Failure) 109732K->8616K(164736K), 0.0007780 secs]
21.229: [GC (Allocation Failure) 130069K->8811K(189248K), 0.0005600 secs]
21.299: [GC (Allocation Failure) 154638K->8795K(182656K), 0.0007280 secs]
21.364: [GC (Allocation Failure) 148032K->8713K(176384K), 0.0005530 secs]
21.429: [GC (Allocation Failure) 141760K->8713K(170496K), 0.0006730 secs]
21.491: [GC (Allocation Failure) 135869K->8697K(195968K), 0.0011310 secs]
21.570: [GC (Allocation Failure) 161317K->8811K(189248K), 0.0005390 secs]
21.639: [GC (Allocation Failure) 154635K->8799K(218368K), 0.0010070 secs]
21.726: [GC (Allocation Failure) 183808K->8701K(253312K), 0.0008090 secs]
21.827: [GC (Allocation Failure) 218690K->8815K(243712K), 0.0006300 secs]
21.926: [GC (Allocation Failure) 209081K->8913K(234368K), 0.0007940 secs]
22.022: [GC (Allocation Failure) 199938K->9011K(225728K), 0.0006930 secs]
22.110: [GC (Allocation Failure) 191297K->8913K(217280K), 0.0005330 secs]
22.197: [GC (Allocation Failure) 182846K->8917K(209344K), 0.0006870 secs]
22.278: [GC (Allocation Failure) 174990K->8901K(201792K), 0.0008170 secs]
22.358: [GC (Allocation Failure) 167404K->9003K(194688K), 0.0010490 secs]
22.431: [GC (Allocation Failure) 160326K->9116K(187968K), 0.0007270 secs]
22.503: [GC (Allocation Failure) 153674K->9019K(181376K), 0.0005540 secs]
22.572: [GC (Allocation Failure) 147073K->9116K(175232K), 0.0005390 secs]
22.637: [GC (Allocation Failure) 141084K->9116K(169408K), 0.0005490 secs]
22.699: [GC (Allocation Failure) 135193K->9214K(163968K), 0.0005470 secs]
22.760: [GC (Allocation Failure) 129786K->9116K(158528K), 0.0005480 secs]
22.815: [GC (Allocation Failure) 124285K->9100K(153536K), 0.0006240 secs]
22.870: [GC (Allocation Failure) 119357K->9116K(148736K), 0.0006860 secs]
22.925: [GC (Allocation Failure) 114557K->9214K(144320K), 0.0006440 secs]
22.974: [GC (Allocation Failure) 110134K->9116K(139904K), 0.0005540 secs]
23.020: [GC (Allocation Failure) 105707K->9214K(135808K), 0.0005630 secs]
23.065: [GC (Allocation Failure) 101687K->9214K(154368K), 0.0006070 secs]
23.118: [GC (Allocation Failure) 120251K->9214K(176640K), 0.0006650 secs]
23.182: [GC (Allocation Failure) 142556K->9312K(170880K), 0.0005490 secs]
23.244: [GC (Allocation Failure) 136760K->9214K(165056K), 0.0006270 secs]
23.303: [GC (Allocation Failure) 131067K->9312K(159744K), 0.0006780 secs]
23.361: [GC (Allocation Failure) 125752K->9409K(183168K), 0.0006780 secs]
23.432: [GC (Allocation Failure) 149145K->9413K(176960K), 0.0007150 secs]
23.500: [GC (Allocation Failure) 142954K->9300K(203456K), 0.0010670 secs]
23.580: [GC (Allocation Failure) 169570K->9511K(196480K), 0.0005530 secs]
23.654: [GC (Allocation Failure) 162515K->9397K(227008K), 0.0009970 secs]
23.745: [GC (Allocation Failure) 193053K->9511K(218752K), 0.0005600 secs]
23.831: [GC (Allocation Failure) 184821K->9609K(210624K), 0.0008230 secs]
23.914: [GC (Allocation Failure) 176949K->9613K(203008K), 0.0006910 secs]
23.993: [GC (Allocation Failure) 169299K->9710K(195904K), 0.0007380 secs]
24.068: [GC (Allocation Failure) 162213K->9714K(189056K), 0.0005900 secs]
24.139: [GC (Allocation Failure) 155344K->9812K(182336K), 0.0007600 secs]
24.206: [GC (Allocation Failure) 148851K->9894K(176192K), 0.0010140 secs]
24.269: [GC (Allocation Failure) 142751K->9914K(170304K), 0.0007100 secs]
24.328: [GC (Allocation Failure) 136872K->9914K(164672K), 0.0005520 secs]
24.387: [GC (Allocation Failure) 131272K->10011K(159488K), 0.0005550 secs]
24.444: [GC (Allocation Failure) 126062K->9914K(154304K), 0.0005670 secs]
24.499: [GC (Allocation Failure) 120859K->10011K(149504K), 0.0005670 secs]
24.551: [GC (Allocation Failure) 116240K->10011K(144896K), 0.0005450 secs]
24.600: [GC (Allocation Failure) 111616K->10011K(140544K), 0.0006070 secs]
24.648: [GC (Allocation Failure) 107199K->10109K(136512K), 0.0006290 secs]
24.695: [GC (Allocation Failure) 103167K->10011K(154944K), 0.0006460 secs]
24.753: [GC (Allocation Failure) 121745K->10211K(177536K), 0.0007250 secs]
24.825: [GC (Allocation Failure) 144259K->10211K(204416K), 0.0006550 secs]
24.901: [GC (Allocation Failure) 171175K->10211K(197120K), 0.0007470 secs]
24.977: [GC (Allocation Failure) 163889K->10308K(190016K), 0.0006230 secs]
25.047: [GC (Allocation Failure) 157114K->10504K(183616K), 0.0005540 secs]
25.116: [GC (Allocation Failure) 150632K->10504K(177344K), 0.0005260 secs]
25.180: [GC (Allocation Failure) 144443K->10406K(171264K), 0.0005690 secs]
25.243: [GC (Allocation Failure) 138345K->10406K(165632K), 0.0006940 secs]
25.304: [GC (Allocation Failure) 132744K->10508K(160384K), 0.0007330 secs]
25.361: [GC (Allocation Failure) 127451K->10508K(155136K), 0.0005840 secs]
25.421: [GC (Allocation Failure) 122339K->10703K(150464K), 0.0007700 secs]
25.473: [GC (Allocation Failure) 117620K->10605K(145664K), 0.0006260 secs]
25.522: [GC (Allocation Failure) 112999K->10703K(141376K), 0.0005570 secs]
25.570: [GC (Allocation Failure) 108672K->10605K(160896K), 0.0007020 secs]
25.628: [GC (Allocation Failure) 128230K->10703K(184576K), 0.0007140 secs]
25.698: [GC (Allocation Failure) 151810K->10703K(212864K), 0.0007430 secs]
25.783: [GC (Allocation Failure) 180106K->10703K(205184K), 0.0005690 secs]
25.867: [GC (Allocation Failure) 172445K->10687K(197824K), 0.0010190 secs]
25.944: [GC (Allocation Failure) 165143K->10703K(190912K), 0.0007390 secs]
26.016: [GC (Allocation Failure) 158198K->10605K(184192K), 0.0005090 secs]
26.082: [GC (Allocation Failure) 151514K->10605K(177920K), 0.0005450 secs]
26.148: [GC (Allocation Failure) 145226K->10589K(171968K), 0.0010400 secs]
26.210: [GC (Allocation Failure) 139232K->10703K(166400K), 0.0007350 secs]
26.271: [GC (Allocation Failure) 133634K->10605K(160896K), 0.0005400 secs]
26.328: [GC (Allocation Failure) 128229K->10703K(155904K), 0.0007190 secs]
26.387: [GC (Allocation Failure) 123132K->10687K(178368K), 0.0009940 secs]
26.452: [GC (Allocation Failure) 145683K->10703K(205440K), 0.0005730 secs]
26.531: [GC (Allocation Failure) 172737K->10605K(197952K), 0.0006680 secs]
26.608: [GC (Allocation Failure) 165280K->10605K(190976K), 0.0007160 secs]
26.679: [GC (Allocation Failure) 158291K->10687K(184384K), 0.0007550 secs]
26.750: [GC (Allocation Failure) 151702K->10589K(212544K), 0.0010610 secs]
26.832: [GC (Allocation Failure) 179800K->10605K(204864K), 0.0005420 secs]
26.910: [GC (Allocation Failure) 172142K->10605K(197568K), 0.0007420 secs]
26.984: [GC (Allocation Failure) 164883K->10605K(190592K), 0.0005700 secs]
27.057: [GC (Allocation Failure) 157901K->10703K(184128K), 0.0007190 secs]
27.129: [GC (Allocation Failure) 151410K->10801K(177728K), 0.0008450 secs]
27.195: [GC (Allocation Failure) 145227K->10898K(171904K), 0.0005510 secs]
27.257: [GC (Allocation Failure) 139338K->10801K(166080K), 0.0007170 secs]
27.316: [GC (Allocation Failure) 133533K->10882K(160768K), 0.0007800 secs]
27.375: [GC (Allocation Failure) 128320K->10801K(155584K), 0.0006170 secs]
27.430: [GC (Allocation Failure) 123121K->10882K(178112K), 0.0007720 secs]
27.494: [GC (Allocation Failure) 145604K->10801K(172032K), 0.0005500 secs]
27.556: [GC (Allocation Failure) 139525K->10801K(166336K), 0.0005620 secs]
27.614: [GC (Allocation Failure) 133833K->10801K(160896K), 0.0007090 secs]
27.674: [GC (Allocation Failure) 128421K->10902K(155904K), 0.0007550 secs]
27.732: [GC (Allocation Failure) 123321K->11000K(178240K), 0.0008040 secs]
27.798: [GC (Allocation Failure) 146014K->11195K(172416K), 0.0005570 secs]
27.861: [GC (Allocation Failure) 140219K->11098K(166592K), 0.0007150 secs]
27.920: [GC (Allocation Failure) 134423K->11179K(191360K), 0.0010720 secs]
27.994: [GC (Allocation Failure) 159171K->11199K(221056K), 0.0005270 secs]
28.080: [GC (Allocation Failure) 188768K->11199K(212928K), 0.0007940 secs]
28.163: [GC (Allocation Failure) 180693K->11297K(205056K), 0.0007010 secs]
28.241: [GC (Allocation Failure) 173133K->11399K(197824K), 0.0007060 secs]
28.318: [GC (Allocation Failure) 165874K->11399K(190848K), 0.0005650 secs]
28.393: [GC (Allocation Failure) 158898K->11496K(184384K), 0.0007540 secs]
28.462: [GC (Allocation Failure) 152398K->11496K(177984K), 0.0005650 secs]
28.527: [GC (Allocation Failure) 146212K->11496K(172032K), 0.0005560 secs]
28.590: [GC (Allocation Failure) 140220K->11496K(166336K), 0.0007210 secs]
28.651: [GC (Allocation Failure) 134516K->11500K(160896K), 0.0007260 secs]
28.711: [GC (Allocation Failure) 129123K->11598K(155904K), 0.0006690 secs]
28.766: [GC (Allocation Failure) 124014K->11598K(151040K), 0.0005840 secs]
28.820: [GC (Allocation Failure) 119205K->11500K(146176K), 0.0005100 secs]
28.868: [GC (Allocation Failure) 114384K->11696K(141952K), 0.0005910 secs]
28.917: [GC (Allocation Failure) 110158K->11696K(161664K), 0.0006970 secs]
28.976: [GC (Allocation Failure) 129914K->11598K(185216K), 0.0006410 secs]
29.046: [GC (Allocation Failure) 153491K->11598K(178880K), 0.0007320 secs]
29.113: [GC (Allocation Failure) 147205K->11598K(172864K), 0.0006650 secs]
29.174: [GC (Allocation Failure) 141114K->11598K(167104K), 0.0005580 secs]
29.234: [GC (Allocation Failure) 135411K->11598K(161664K), 0.0007080 secs]
29.294: [GC (Allocation Failure) 129907K->11598K(156480K), 0.0005860 secs]
29.348: [GC (Allocation Failure) 124810K->11598K(151552K), 0.0005630 secs]
29.401: [GC (Allocation Failure) 119794K->11696K(146880K), 0.0007270 secs]
29.451: [GC (Allocation Failure) 115267K->11797K(167744K), 0.0007460 secs]
29.512: [GC (Allocation Failure) 136103K->11700K(192448K), 0.0006730 secs]
29.588: [GC (Allocation Failure) 160871K->11801K(222400K), 0.0007140 secs]
29.674: [GC (Allocation Failure) 190931K->11899K(214336K), 0.0005390 secs]
29.753: [GC (Allocation Failure) 182784K->11801K(206400K), 0.0005680 secs]
29.835: [GC (Allocation Failure) 174927K->11805K(199040K), 0.0007360 secs]
29.912: [GC (Allocation Failure) 167561K->11887K(192064K), 0.0008180 secs]
29.984: [GC (Allocation Failure) 160558K->11805K(185344K), 0.0005290 secs]
30.053: [GC (Allocation Failure) 153808K->11903K(179136K), 0.0008000 secs]
30.120: [GC (Allocation Failure) 147603K->11805K(172928K), 0.0005450 secs]
30.182: [GC (Allocation Failure) 141518K->11903K(167232K), 0.0006230 secs]
30.242: [GC (Allocation Failure) 135814K->12001K(161920K), 0.0006980 secs]
30.300: [GC (Allocation Failure) 130515K->12001K(156736K), 0.0006670 secs]
30.356: [GC (Allocation Failure) 125302K->11903K(151616K), 0.0006770 secs]
30.413: [GC (Allocation Failure) 120282K->12098K(147136K), 0.0005730 secs]
30.461: [GC (Allocation Failure) 115749K->12001K(142528K), 0.0006420 secs]
30.513: [GC (Allocation Failure) 111239K->12001K(162432K), 0.0007660 secs]
30.571: [GC (Allocation Failure) 131087K->12001K(186304K), 0.0005500 secs]
30.645: [GC (Allocation Failure) 154993K->12082K(214976K), 0.0010960 secs]
30.730: [GC (Allocation Failure) 183661K->12098K(249408K), 0.0006800 secs]
30.830: [GC (Allocation Failure) 218063K->12098K(239872K), 0.0007610 secs]
30.924: [GC (Allocation Failure) 208525K->12001K(230656K), 0.0006790 secs]
31.017: [GC (Allocation Failure) 199400K->12294K(222336K), 0.0008800 secs]
31.106: [GC (Allocation Failure) 191125K->12196K(213952K), 0.0007350 secs]
31.192: [GC (Allocation Failure) 182881K->12196K(206208K), 0.0007450 secs]
31.274: [GC (Allocation Failure) 175122K->12200K(198848K), 0.0006350 secs]
31.349: [GC (Allocation Failure) 167745K->12298K(191936K), 0.0007840 secs]
31.421: [GC (Allocation Failure) 160778K->12200K(185152K), 0.0007220 secs]
31.492: [GC (Allocation Failure) 154004K->12298K(178944K), 0.0005870 secs]
31.556: [GC (Allocation Failure) 147808K->12200K(172800K), 0.0007040 secs]
31.618: [GC (Allocation Failure) 141720K->12200K(167104K), 0.0007310 secs]
31.680: [GC (Allocation Failure) 136021K->12200K(161664K), 0.0007200 secs]
31.736: [GC (Allocation Failure) 130511K->12200K(156480K), 0.0006200 secs]
31.790: [GC (Allocation Failure) 125407K->12200K(151552K), 0.0006200 secs]
31.842: [GC (Allocation Failure) 120482K->12200K(173248K), 0.0007200 secs]
31.906: [GC (Allocation Failure) 142105K->12184K(199296K), 0.0007790 secs]
31.983: [GC (Allocation Failure) 168130K->12298K(192384K), 0.0005640 secs]
32.054: [GC (Allocation Failure) 161264K->12399K(185472K), 0.0006280 secs]
32.122: [GC (Allocation Failure) 154589K->12497K(179200K), 0.0005640 secs]
32.188: [GC (Allocation Failure) 148397K->12595K(173312K), 0.0005590 secs]
32.252: [GC (Allocation Failure) 142505K->12599K(167552K), 0.0005950 secs]
32.312: [GC (Allocation Failure) 136707K->12501K(161920K), 0.0004730 secs]
32.371: [GC (Allocation Failure) 131210K->12583K(185728K), 0.0010890 secs]
32.440: [GC (Allocation Failure) 154965K->12696K(179520K), 0.0006580 secs]
32.506: [GC (Allocation Failure) 148785K->12599K(173312K), 0.0007450 secs]
32.572: [GC (Allocation Failure) 142606K->12700K(167552K), 0.0006460 secs]
32.636: [GC (Allocation Failure) 136915K->12798K(162240K), 0.0007460 secs]
32.695: [GC (Allocation Failure) 131596K->12700K(156928K), 0.0005670 secs]
32.752: [GC (Allocation Failure) 126295K->12700K(152000K), 0.0005730 secs]
32.802: [GC (Allocation Failure) 121382K->12684K(173760K), 0.0010970 secs]
32.868: [GC (Allocation Failure) 143179K->12798K(200000K), 0.0011790 secs]
32.942: [GC (Allocation Failure) 169343K->12798K(231168K), 0.0005830 secs]
33.034: [GC (Allocation Failure) 200681K->12993K(222720K), 0.0005800 secs]
33.120: [GC (Allocation Failure) 192234K->12993K(214528K), 0.0006210 secs]
33.203: [GC (Allocation Failure) 184071K->12880K(206592K), 0.0011200 secs]
33.285: [GC (Allocation Failure) 176193K->12896K(199168K), 0.0007310 secs]
33.364: [GC (Allocation Failure) 168746K->12900K(192128K), 0.0007400 secs]
33.437: [GC (Allocation Failure) 161677K->12997K(185600K), 0.0007980 secs]
33.505: [GC (Allocation Failure) 155189K->13001K(179264K), 0.0006120 secs]
33.573: [GC (Allocation Failure) 148799K->13099K(173056K), 0.0006590 secs]
33.638: [GC (Allocation Failure) 142911K->13197K(199104K), 0.0011440 secs]
33.715: [GC (Allocation Failure) 168952K->13294K(230400K), 0.0007330 secs]
33.804: [GC (Allocation Failure) 200292K->13197K(221696K), 0.0005880 secs]
33.890: [GC (Allocation Failure) 191547K->13392K(213568K), 0.0008480 secs]
33.972: [GC (Allocation Failure) 183683K->13392K(205824K), 0.0007470 secs]
34.051: [GC (Allocation Failure) 175924K->13392K(198464K), 0.0005770 secs]
34.124: [GC (Allocation Failure) 168558K->13494K(191616K), 0.0006700 secs]
34.196: [GC (Allocation Failure) 161680K->13591K(184768K), 0.0007270 secs]
34.264: [GC (Allocation Failure) 155094K->13787K(178624K), 0.0005750 secs]
34.329: [GC (Allocation Failure) 148998K->13982K(172608K), 0.0008860 secs]
34.392: [GC (Allocation Failure) 143194K->13888K(166784K), 0.0006700 secs]
34.454: [GC (Allocation Failure) 137406K->13986K(161344K), 0.0005770 secs]
34.510: [GC (Allocation Failure) 132000K->13970K(184960K), 0.0008670 secs]
34.584: [GC (Allocation Failure) 155575K->14084K(178752K), 0.0007420 secs]
34.649: [GC (Allocation Failure) 149395K->13986K(172608K), 0.0005930 secs]
34.712: [GC (Allocation Failure) 143300K->13986K(166912K), 0.0005620 secs]
34.772: [GC (Allocation Failure) 137604K->13986K(191680K), 0.0010430 secs]
34.845: [GC (Allocation Failure) 162371K->13986K(185024K), 0.0005880 secs]
34.914: [GC (Allocation Failure) 155690K->13986K(178688K), 0.0005840 secs]
34.978: [GC (Allocation Failure) 149380K->13986K(172672K), 0.0006310 secs]
35.040: [GC (Allocation Failure) 143313K->13986K(166976K), 0.0006650 secs]
35.102: [GC (Allocation Failure) 137611K->13986K(161536K), 0.0007300 secs]
35.162: [GC (Allocation Failure) 132190K->14084K(156480K), 0.0007860 secs]
35.216: [GC (Allocation Failure) 127090K->14181K(178944K), 0.0006560 secs]
35.283: [GC (Allocation Failure) 149891K->14279K(206208K), 0.0007400 secs]
35.364: [GC (Allocation Failure) 177198K->14279K(198848K), 0.0007440 secs]
35.460: [GC (Allocation Failure) 169821K->14474K(191936K), 0.0006830 secs]
35.536: [GC (Allocation Failure) 162959K->14377K(185088K), 0.0007260 secs]
35.606: [GC (Allocation Failure) 156264K->14474K(178816K), 0.0005800 secs]
35.672: [GC (Allocation Failure) 149989K->14572K(172928K), 0.0007170 secs]
35.733: [GC (Allocation Failure) 144086K->14572K(167232K), 0.0006220 secs]
35.795: [GC (Allocation Failure) 138397K->14560K(191680K), 0.0009380 secs]
35.868: [GC (Allocation Failure) 163139K->14869K(185408K), 0.0005710 secs]
35.937: [GC (Allocation Failure) 156770K->14869K(179008K), 0.0006880 secs]
36.001: [GC (Allocation Failure) 150475K->14869K(172992K), 0.0006880 secs]
36.065: [GC (Allocation Failure) 144378K->14967K(167104K), 0.0006990 secs]
36.127: [GC (Allocation Failure) 138799K->15064K(161792K), 0.0007830 secs]
36.186: [GC (Allocation Failure) 133460K->14967K(185344K), 0.0010270 secs]
36.253: [GC (Allocation Failure) 156952K->15064K(213888K), 0.0007130 secs]
36.336: [GC (Allocation Failure) 185558K->14967K(206016K), 0.0005800 secs]
36.415: [GC (Allocation Failure) 177697K->14967K(198656K), 0.0005850 secs]
36.489: [GC (Allocation Failure) 170324K->15064K(191808K), 0.0007730 secs]
36.563: [GC (Allocation Failure) 163448K->15048K(185088K), 0.0008480 secs]
36.633: [GC (Allocation Failure) 156743K->15162K(178688K), 0.0009010 secs]
36.696: [GC (Allocation Failure) 150559K->15260K(172800K), 0.0005970 secs]
36.760: [GC (Allocation Failure) 144577K->15244K(198656K), 0.0011340 secs]
36.834: [GC (Allocation Failure) 170510K->15260K(229824K), 0.0008220 secs]
36.930: [GC (Allocation Failure) 201675K->15162K(221120K), 0.0007190 secs]
37.017: [GC (Allocation Failure) 193014K->15146K(256704K), 0.0009780 secs]
37.122: [GC (Allocation Failure) 228492K->15260K(246912K), 0.0005790 secs]
37.220: [GC (Allocation Failure) 218762K->15162K(237376K), 0.0005940 secs]
37.316: [GC (Allocation Failure) 209237K->15362K(228416K), 0.0009040 secs]
37.410: [GC (Allocation Failure) 200494K->15459K(220032K), 0.0006950 secs]
37.495: [GC (Allocation Failure) 192046K->15346K(211840K), 0.0011400 secs]
37.582: [GC (Allocation Failure) 183865K->15459K(204288K), 0.0007900 secs]
37.659: [GC (Allocation Failure) 176307K->15366K(196864K), 0.0007480 secs]
37.733: [GC (Allocation Failure) 168954K->15463K(190080K), 0.0007710 secs]
37.806: [GC (Allocation Failure) 162077K->15561K(183360K), 0.0009170 secs]
37.873: [GC (Allocation Failure) 155592K->15659K(177216K), 0.0007080 secs]
37.939: [GC (Allocation Failure) 149403K->15756K(203904K), 0.0008970 secs]
38.018: [GC (Allocation Failure) 176323K->15854K(196736K), 0.0006860 secs]
38.093: [GC (Allocation Failure) 169146K->15854K(189696K), 0.0007090 secs]
38.164: [GC (Allocation Failure) 162272K->15952K(183232K), 0.0006250 secs]
38.233: [GC (Allocation Failure) 155696K->15936K(211136K), 0.0011670 secs]
38.314: [GC (Allocation Failure) 183673K->15838K(244672K), 0.0011860 secs]
38.414: [GC (Allocation Failure) 217195K->15936K(285056K), 0.0011880 secs]
38.532: [GC (Allocation Failure) 257578K->15858K(273664K), 0.0008080 secs]
38.648: [GC (Allocation Failure) 246190K->15858K(262912K), 0.0007720 secs]
38.751: [GC (Allocation Failure) 235490K->15956K(252864K), 0.0010800 secs]
38.858: [GC (Allocation Failure) 225357K->15858K(243072K), 0.0004840 secs]
38.955: [GC (Allocation Failure) 215630K->15956K(233984K), 0.0006170 secs]
39.051: [GC (Allocation Failure) 206495K->15858K(225088K), 0.0007670 secs]
39.138: [GC (Allocation Failure) 197647K->15858K(216768K), 0.0006120 secs]
39.221: [GC (Allocation Failure) 189298K->15956K(208960K), 0.0007060 secs]
39.301: [GC (Allocation Failure) 181435K->16053K(201536K), 0.0009260 secs]
39.377: [GC (Allocation Failure) 174064K->16053K(193984K), 0.0008140 secs]
39.451: [GC (Allocation Failure) 166895K->16233K(187648K), 0.0009400 secs]
39.521: [GC (Allocation Failure) 160290K->16249K(216256K), 0.0016710 secs]
39.607: [GC (Allocation Failure) 189198K->16253K(250880K), 0.0006130 secs]
39.708: [GC (Allocation Failure) 223807K->16253K(241280K), 0.0006160 secs]
39.803: [GC (Allocation Failure) 214256K->16354K(232256K), 0.0007160 secs]
39.893: [GC (Allocation Failure) 205218K->16452K(223488K), 0.0009290 secs]
39.981: [GC (Allocation Failure) 196671K->16550K(215360K), 0.0006380 secs]
40.062: [GC (Allocation Failure) 188426K->16534K(207488K), 0.0012410 secs]
40.144: [GC (Allocation Failure) 180633K->16452K(200000K), 0.0008010 secs]
40.220: [GC (Allocation Failure) 173182K->16550K(193024K), 0.0006640 secs]
40.293: [GC (Allocation Failure) 166116K->16534K(222912K), 0.0012380 secs]
40.381: [GC (Allocation Failure) 196068K->16452K(214656K), 0.0005690 secs]
40.462: [GC (Allocation Failure) 187825K->16456K(206848K), 0.0008260 secs]
40.545: [GC (Allocation Failure) 179958K->16440K(239616K), 0.0012170 secs]
40.646: [GC (Allocation Failure) 212772K->16456K(230592K), 0.0005800 secs]
40.736: [GC (Allocation Failure) 203755K->16554K(222144K), 0.0006570 secs]
40.825: [GC (Allocation Failure) 195287K->16554K(213952K), 0.0009400 secs]
40.907: [GC (Allocation Failure) 187045K->16456K(206016K), 0.0005680 secs]
40.989: [GC (Allocation Failure) 179186K->16554K(198720K), 0.0007890 secs]
41.066: [GC (Allocation Failure) 171913K->16655K(191808K), 0.0007830 secs]
41.140: [GC (Allocation Failure) 165035K->16655K(185152K), 0.0006220 secs]
41.208: [GC (Allocation Failure) 158348K->16753K(178624K), 0.0007770 secs]
41.274: [GC (Allocation Failure) 152167K->16948K(172800K), 0.0006990 secs]
41.337: [GC (Allocation Failure) 146355K->16851K(166976K), 0.0006690 secs]
41.399: [GC (Allocation Failure) 140468K->16851K(161536K), 0.0007820 secs]
41.457: [GC (Allocation Failure) 135065K->16948K(185344K), 0.0010870 secs]
41.526: [GC (Allocation Failure) 158846K->16932K(213696K), 0.0011710 secs]
41.609: [GC (Allocation Failure) 187209K->16851K(247744K), 0.0007910 secs]
41.710: [GC (Allocation Failure) 221255K->16851K(288640K), 0.0006090 secs]
41.830: [GC (Allocation Failure) 262224K->16948K(277312K), 0.0008100 secs]
41.946: [GC (Allocation Failure) 250814K->16948K(266432K), 0.0008290 secs]
42.054: [GC (Allocation Failure) 239908K->16851K(255872K), 0.0005740 secs]
42.156: [GC (Allocation Failure) 229494K->16948K(246080K), 0.0006080 secs]
42.256: [GC (Allocation Failure) 219674K->17046K(236864K), 0.0005930 secs]
42.356: [GC (Allocation Failure) 210458K->17046K(227968K), 0.0006260 secs]
42.445: [GC (Allocation Failure) 201587K->17046K(219328K), 0.0008750 secs]
42.529: [GC (Allocation Failure) 193145K->17241K(211456K), 0.0008540 secs]
42.616: [GC (Allocation Failure) 185281K->17241K(203840K), 0.0005760 secs]
42.694: [GC (Allocation Failure) 177597K->17225K(196544K), 0.0012490 secs]
42.769: [GC (Allocation Failure) 170415K->17148K(189568K), 0.0008290 secs]
42.843: [GC (Allocation Failure) 163373K->17148K(183040K), 0.0007880 secs]
42.910: [GC (Allocation Failure) 156880K->17152K(176832K), 0.0008890 secs]
42.974: [GC (Allocation Failure) 150703K->17249K(203712K), 0.0007720 secs]
43.055: [GC (Allocation Failure) 177518K->17136K(235648K), 0.0012570 secs]
43.152: [GC (Allocation Failure) 209450K->17249K(274304K), 0.0008120 secs]
43.262: [GC (Allocation Failure) 248070K->17351K(263424K), 0.0009570 secs]
43.373: [GC (Allocation Failure) 237462K->17351K(253184K), 0.0006050 secs]
43.471: [GC (Allocation Failure) 227244K->17351K(243456K), 0.0006910 secs]
43.566: [GC (Allocation Failure) 217500K->17433K(234304K), 0.0008910 secs]
43.660: [GC (Allocation Failure) 208371K->17351K(225472K), 0.0007760 secs]
43.749: [GC (Allocation Failure) 199540K->17351K(217152K), 0.0006160 secs]
43.834: [GC (Allocation Failure) 191180K->17449K(209344K), 0.0008010 secs]
43.915: [GC (Allocation Failure) 183316K->17437K(201728K), 0.0012760 secs]
43.996: [GC (Allocation Failure) 175741K->17355K(194496K), 0.0007460 secs]
44.069: [GC (Allocation Failure) 168580K->17453K(187840K), 0.0007630 secs]
44.143: [GC (Allocation Failure) 161804K->17355K(181248K), 0.0006190 secs]
44.210: [GC (Allocation Failure) 155315K->17355K(175104K), 0.0007930 secs]
44.274: [GC (Allocation Failure) 149126K->17453K(169408K), 0.0008070 secs]
44.336: [GC (Allocation Failure) 143428K->17453K(163840K), 0.0007120 secs]
44.396: [GC (Allocation Failure) 137819K->17355K(158400K), 0.0005720 secs]
44.451: [GC (Allocation Failure) 132524K->17453K(181504K), 0.0007920 secs]
44.520: [GC (Allocation Failure) 155614K->17550K(209280K), 0.0006990 secs]
44.605: [GC (Allocation Failure) 183404K->17453K(201600K), 0.0008260 secs]
44.681: [GC (Allocation Failure) 175754K->17550K(194432K), 0.0006270 secs]
44.756: [GC (Allocation Failure) 168680K->17648K(187776K), 0.0006090 secs]
44.825: [GC (Allocation Failure) 161983K->17550K(181184K), 0.0007910 secs]
44.892: [GC (Allocation Failure) 155415K->17648K(175168K), 0.0006120 secs]
44.958: [GC (Allocation Failure) 149420K->17550K(169216K), 0.0006130 secs]
45.021: [GC (Allocation Failure) 143427K->17648K(163776K), 0.0008110 secs]
45.078: [GC (Allocation Failure) 138009K->17534K(187776K), 0.0008490 secs]
45.148: [GC (Allocation Failure) 161981K->17550K(216704K), 0.0007950 secs]
45.234: [GC (Allocation Failure) 190894K->17550K(208832K), 0.0008130 secs]
45.315: [GC (Allocation Failure) 183106K->17648K(201472K), 0.0006230 secs]
45.391: [GC (Allocation Failure) 175651K->17648K(194176K), 0.0006200 secs]
45.466: [GC (Allocation Failure) 168487K->17648K(187392K), 0.0008260 secs]
45.537: [GC (Allocation Failure) 161709K->17648K(180928K), 0.0005610 secs]
45.602: [GC (Allocation Failure) 155221K->17648K(174784K), 0.0008590 secs]
45.665: [GC (Allocation Failure) 149114K->17648K(168960K), 0.0006150 secs]
45.725: [GC (Allocation Failure) 143327K->17750K(163520K), 0.0006380 secs]
45.783: [GC (Allocation Failure) 137834K->17847K(158080K), 0.0006620 secs]
45.837: [GC (Allocation Failure) 132722K->17945K(181120K), 0.0006980 secs]
45.904: [GC (Allocation Failure) 155714K->17945K(174976K), 0.0006040 secs]
45.968: [GC (Allocation Failure) 149624K->17945K(169152K), 0.0006830 secs]
46.033: [GC (Allocation Failure) 143832K->18140K(194368K), 0.0009210 secs]
46.105: [GC (Allocation Failure) 169174K->18140K(187584K), 0.0007450 secs]
46.174: [GC (Allocation Failure) 162387K->18140K(181120K), 0.0006080 secs]
46.240: [GC (Allocation Failure) 155908K->18124K(208704K), 0.0012420 secs]
46.322: [GC (Allocation Failure) 183507K->18336K(241792K), 0.0009250 secs]
46.419: [GC (Allocation Failure) 216835K->18417K(281600K), 0.0009000 secs]
46.534: [GC (Allocation Failure) 256615K->18531K(270208K), 0.0006980 secs]
46.646: [GC (Allocation Failure) 245614K->18726K(259968K), 0.0007890 secs]
46.750: [GC (Allocation Failure) 235302K->18726K(249792K), 0.0008160 secs]
46.849: [GC (Allocation Failure) 225166K->18824K(240384K), 0.0008730 secs]
46.945: [GC (Allocation Failure) 215746K->18808K(231040K), 0.0012400 secs]
47.044: [GC (Allocation Failure) 206708K->19215K(222656K), 0.0009630 secs]
47.129: [GC (Allocation Failure) 198457K->19215K(214336K), 0.0006320 secs]
47.213: [GC (Allocation Failure) 190205K->19312K(206656K), 0.0008440 secs]
47.292: [GC (Allocation Failure) 182529K->19215K(199040K), 0.0007740 secs]
47.368: [GC (Allocation Failure) 174970K->19410K(192192K), 0.0006340 secs]
47.438: [GC (Allocation Failure) 168185K->19414K(185536K), 0.0008070 secs]
47.509: [GC (Allocation Failure) 161503K->19414K(179200K), 0.0008860 secs]
47.579: [GC (Allocation Failure) 155220K->19512K(172992K), 0.0008800 secs]
47.644: [GC (Allocation Failure) 149220K->19707K(167424K), 0.0006250 secs]
47.704: [GC (Allocation Failure) 143719K->19707K(161984K), 0.0006000 secs]
47.760: [GC (Allocation Failure) 138216K->19707K(156800K), 0.0006520 secs]
47.814: [GC (Allocation Failure) 133111K->19691K(179456K), 0.0012530 secs]
47.882: [GC (Allocation Failure) 155791K->19609K(206656K), 0.0008710 secs]
47.963: [GC (Allocation Failure) 182920K->19609K(239360K), 0.0008080 secs]
48.058: [GC (Allocation Failure) 215642K->19707K(278720K), 0.0008520 secs]
48.172: [GC (Allocation Failure) 254955K->19707K(267584K), 0.0006410 secs]
48.282: [GC (Allocation Failure) 243935K->19805K(257280K), 0.0008500 secs]
48.386: [GC (Allocation Failure) 233647K->19789K(247296K), 0.0009670 secs]
48.485: [GC (Allocation Failure) 223684K->19711K(237824K), 0.0006450 secs]
48.580: [GC (Allocation Failure) 214178K->19809K(228992K), 0.0006210 secs]
48.668: [GC (Allocation Failure) 205329K->19809K(220480K), 0.0006500 secs]
48.752: [GC (Allocation Failure) 196872K->19906K(212224K), 0.0008950 secs]
48.836: [GC (Allocation Failure) 188921K->20102K(204736K), 0.0007470 secs]
48.914: [GC (Allocation Failure) 181355K->20004K(197312K), 0.0006130 secs]
48.989: [GC (Allocation Failure) 173979K->20102K(190528K), 0.0006480 secs]
49.059: [GC (Allocation Failure) 167207K->20004K(183808K), 0.0006210 secs]
49.124: [GC (Allocation Failure) 160522K->20004K(177536K), 0.0006360 secs]
49.189: [GC (Allocation Failure) 154234K->20004K(171584K), 0.0008080 secs]
49.253: [GC (Allocation Failure) 148242K->20106K(166016K), 0.0006530 secs]
49.312: [GC (Allocation Failure) 142645K->20008K(160512K), 0.0006200 secs]
49.368: [GC (Allocation Failure) 137237K->20106K(184128K), 0.0008970 secs]
49.437: [GC (Allocation Failure) 160833K->20090K(212224K), 0.0012810 secs]
49.522: [GC (Allocation Failure) 188908K->20090K(246016K), 0.0009280 secs]
49.620: [GC (Allocation Failure) 222707K->20090K(282304K), 0.0009140 secs]
49.738: [GC (Allocation Failure) 259063K->20106K(271232K), 0.0007590 secs]
49.848: [GC (Allocation Failure) 247884K->20203K(260288K), 0.0010060 secs]
49.954: [GC (Allocation Failure) 237378K->20496K(250688K), 0.0007880 secs]
50.057: [GC (Allocation Failure) 227653K->20480K(240896K), 0.0013300 secs]
50.158: [GC (Allocation Failure) 218015K->20496K(231872K), 0.0006630 secs]
50.248: [GC (Allocation Failure) 208967K->20496K(223232K), 0.0008050 secs]
50.338: [GC (Allocation Failure) 200336K->20496K(215040K), 0.0008880 secs]
50.421: [GC (Allocation Failure) 192067K->20594K(207104K), 0.0009300 secs]
50.501: [GC (Allocation Failure) 184401K->20594K(199680K), 0.0006520 secs]
50.576: [GC (Allocation Failure) 176936K->20692K(192768K), 0.0006580 secs]
50.654: [GC (Allocation Failure) 170042K->20692K(186048K), 0.0006640 secs]
50.726: [GC (Allocation Failure) 163273K->20594K(179456K), 0.0007720 secs]
50.792: [GC (Allocation Failure) 156789K->20692K(173440K), 0.0006400 secs]
50.855: [GC (Allocation Failure) 150794K->20692K(167680K), 0.0008290 secs]
50.917: [GC (Allocation Failure) 145093K->20692K(162176K), 0.0006380 secs]
50.975: [GC (Allocation Failure) 139592K->20692K(156992K), 0.0006390 secs]
51.028: [GC (Allocation Failure) 134385K->20789K(152192K), 0.0006420 secs]
51.080: [GC (Allocation Failure) 129574K->20692K(173824K), 0.0006300 secs]
51.143: [GC (Allocation Failure) 151174K->20773K(200000K), 0.0012440 secs]
51.219: [GC (Allocation Failure) 177414K->20692K(231296K), 0.0006350 secs]
51.310: [GC (Allocation Failure) 208683K->20773K(268992K), 0.0009210 secs]
51.420: [GC (Allocation Failure) 246378K->20773K(279104K), 0.0014210 secs]
51.539: [GC (Allocation Failure) 256405K->20789K(268096K), 0.0008930 secs]
51.647: [GC (Allocation Failure) 245431K->20887K(257344K), 0.0010150 secs]
51.753: [GC (Allocation Failure) 235092K->21180K(247744K), 0.0008090 secs]
51.854: [GC (Allocation Failure) 225472K->21082K(238208K), 0.0006440 secs]
51.950: [GC (Allocation Failure) 215943K->21164K(229312K), 0.0013260 secs]
52.044: [GC (Allocation Failure) 207086K->21184K(220864K), 0.0006320 secs]
52.131: [GC (Allocation Failure) 198639K->21184K(212736K), 0.0008820 secs]
52.213: [GC (Allocation Failure) 190504K->21282K(204864K), 0.0007740 secs]
52.292: [GC (Allocation Failure) 182933K->21477K(197760K), 0.0006520 secs]
52.367: [GC (Allocation Failure) 175761K->21477K(190784K), 0.0008600 secs]
52.439: [GC (Allocation Failure) 168772K->21363K(184064K), 0.0009240 secs]
52.507: [GC (Allocation Failure) 162087K->21379K(177792K), 0.0006470 secs]
52.575: [GC (Allocation Failure) 155904K->21575K(204928K), 0.0010270 secs]
52.654: [GC (Allocation Failure) 183022K->21363K(237056K), 0.0012730 secs]
52.748: [GC (Allocation Failure) 215151K->21379K(275840K), 0.0006310 secs]
52.863: [GC (Allocation Failure) 253888K->21379K(265024K), 0.0008490 secs]
52.971: [GC (Allocation Failure) 243064K->21379K(254720K), 0.0008080 secs]
53.073: [GC (Allocation Failure) 232748K->21461K(244992K), 0.0009360 secs]
53.171: [GC (Allocation Failure) 223090K->21477K(235776K), 0.0006670 secs]
53.264: [GC (Allocation Failure) 213786K->21379K(226816K), 0.0005930 secs]
53.350: [GC (Allocation Failure) 204851K->21477K(218560K), 0.0006520 secs]
53.435: [GC (Allocation Failure) 196589K->21673K(210432K), 0.0009760 secs]
53.519: [GC (Allocation Failure) 188831K->21673K(202816K), 0.0008430 secs]
53.597: [GC (Allocation Failure) 181155K->21770K(195712K), 0.0006590 secs]
53.669: [GC (Allocation Failure) 174077K->21770K(188864K), 0.0007050 secs]
53.742: [GC (Allocation Failure) 167194K->21868K(182144K), 0.0009140 secs]
53.809: [GC (Allocation Failure) 160714K->21966K(176000K), 0.0008230 secs]
53.875: [GC (Allocation Failure) 154619K->21966K(202560K), 0.0008610 secs]
53.955: [GC (Allocation Failure) 181259K->22063K(195456K), 0.0006640 secs]
54.030: [GC (Allocation Failure) 174086K->21966K(188480K), 0.0008340 secs]
54.102: [GC (Allocation Failure) 167098K->22047K(217600K), 0.0013640 secs]
54.186: [GC (Allocation Failure) 196271K->21966K(252416K), 0.0006380 secs]
54.290: [GC (Allocation Failure) 231079K->21950K(274240K), 0.0013580 secs]
54.402: [GC (Allocation Failure) 252672K->21966K(263296K), 0.0006240 secs]
54.508: [GC (Allocation Failure) 241976K->22161K(253248K), 0.0008210 secs]
54.609: [GC (Allocation Failure) 231859K->22161K(243328K), 0.0010130 secs]
54.707: [GC (Allocation Failure) 222147K->22263K(234240K), 0.0007930 secs]
54.799: [GC (Allocation Failure) 213091K->22165K(225344K), 0.0008250 secs]
54.886: [GC (Allocation Failure) 204166K->22263K(217152K), 0.0008210 secs]
54.976: [GC (Allocation Failure) 195999K->22165K(209088K), 0.0006390 secs]
55.055: [GC (Allocation Failure) 187945K->22263K(201664K), 0.0009390 secs]
55.135: [GC (Allocation Failure) 180474K->22364K(194368K), 0.0009950 secs]
55.207: [GC (Allocation Failure) 173400K->22364K(187584K), 0.0006540 secs]
55.277: [GC (Allocation Failure) 166615K->22364K(181120K), 0.0008650 secs]
55.344: [GC (Allocation Failure) 160133K->22462K(208832K), 0.0010040 secs]
55.425: [GC (Allocation Failure) 187842K->22657K(241792K), 0.0013970 secs]
55.521: [GC (Allocation Failure) 221146K->22853K(281728K), 0.0009970 secs]
55.640: [GC (Allocation Failure) 261052K->22857K(270400K), 0.0007290 secs]
55.750: [GC (Allocation Failure) 249946K->22954K(259968K), 0.0009500 secs]
55.855: [GC (Allocation Failure) 239441K->22954K(249792K), 0.0006630 secs]
55.955: [GC (Allocation Failure) 229407K->23052K(240384K), 0.0009320 secs]
56.053: [GC (Allocation Failure) 219981K->22954K(231168K), 0.0006400 secs]
56.144: [GC (Allocation Failure) 210837K->22938K(222528K), 0.0015220 secs]
56.236: [GC (Allocation Failure) 202178K->22954K(214336K), 0.0007550 secs]
56.316: [GC (Allocation Failure) 193938K->23052K(206656K), 0.0007270 secs]
56.394: [GC (Allocation Failure) 186271K->23052K(199104K), 0.0006580 secs]
56.469: [GC (Allocation Failure) 178803K->23052K(192064K), 0.0006890 secs]
56.542: [GC (Allocation Failure) 171833K->23052K(185408K), 0.0008780 secs]
56.612: [GC (Allocation Failure) 165131K->23150K(214016K), 0.0010090 secs]
56.696: [GC (Allocation Failure) 193737K->23056K(206144K), 0.0008490 secs]
56.780: [GC (Allocation Failure) 185906K->23251K(198976K), 0.0007280 secs]
56.856: [GC (Allocation Failure) 178710K->23154K(191744K), 0.0009420 secs]
56.927: [GC (Allocation Failure) 171634K->23255K(221568K), 0.0009410 secs]
57.015: [GC (Allocation Failure) 201408K->23255K(213312K), 0.0007440 secs]
57.097: [GC (Allocation Failure) 193261K->23451K(205760K), 0.0007600 secs]
57.174: [GC (Allocation Failure) 185687K->23255K(198208K), 0.0006220 secs]
57.248: [GC (Allocation Failure) 178103K->23255K(191232K), 0.0006580 secs]
57.319: [GC (Allocation Failure) 171145K->23337K(220928K), 0.0014040 secs]
57.406: [GC (Allocation Failure) 200902K->23255K(256384K), 0.0006580 secs]
57.509: [GC (Allocation Failure) 236288K->23255K(246528K), 0.0006470 secs]
57.608: [GC (Allocation Failure) 226475K->23239K(287232K), 0.0015640 secs]
57.728: [GC (Allocation Failure) 267132K->23255K(275840K), 0.0006260 secs]
57.839: [GC (Allocation Failure) 255751K->23353K(265152K), 0.0007310 secs]
57.948: [GC (Allocation Failure) 245048K->23255K(254720K), 0.0008770 secs]
58.052: [GC (Allocation Failure) 234615K->23455K(245120K), 0.0008180 secs]
58.151: [GC (Allocation Failure) 225097K->23455K(235648K), 0.0007310 secs]
58.246: [GC (Allocation Failure) 215760K->23455K(226816K), 0.0006730 secs]
58.335: [GC (Allocation Failure) 206998K->23455K(218432K), 0.0009020 secs]
58.421: [GC (Allocation Failure) 198567K->23552K(210560K), 0.0010200 secs]
58.502: [GC (Allocation Failure) 190709K->23650K(202816K), 0.0008320 secs]
58.580: [GC (Allocation Failure) 183127K->23634K(234752K), 0.0015430 secs]
58.672: [GC (Allocation Failure) 215066K->23650K(225984K), 0.0006640 secs]
58.761: [GC (Allocation Failure) 206337K->23748K(262656K), 0.0010030 secs]
58.869: [GC (Allocation Failure) 242969K->23650K(252352K), 0.0008850 secs]
58.969: [GC (Allocation Failure) 232660K->23748K(242816K), 0.0006870 secs]
59.067: [GC (Allocation Failure) 223139K->23650K(233472K), 0.0008550 secs]
59.157: [GC (Allocation Failure) 213780K->23748K(224896K), 0.0008040 secs]
59.246: [GC (Allocation Failure) 205238K->23650K(216448K), 0.0006510 secs]
59.331: [GC (Allocation Failure) 196788K->23650K(208576K), 0.0006570 secs]
59.410: [GC (Allocation Failure) 188928K->23654K(201088K), 0.0007510 secs]
59.486: [GC (Allocation Failure) 181468K->23638K(193984K), 0.0009700 secs]
59.562: [GC (Allocation Failure) 174276K->23752K(187328K), 0.0008740 secs]
59.634: [GC (Allocation Failure) 167608K->23752K(180864K), 0.0006880 secs]
59.700: [GC (Allocation Failure) 161131K->23752K(174528K), 0.0006770 secs]
59.765: [GC (Allocation Failure) 155031K->23935K(200960K), 0.0013960 secs]
59.843: [GC (Allocation Failure) 181563K->23951K(232576K), 0.0008750 secs]
59.938: [GC (Allocation Failure) 213104K->23853K(270336K), 0.0007760 secs]
60.051: [GC (Allocation Failure) 250924K->23951K(259776K), 0.0006670 secs]
60.155: [GC (Allocation Failure) 240425K->23951K(249728K), 0.0008870 secs]
60.254: [GC (Allocation Failure) 230395K->24049K(240320K), 0.0006650 secs]
60.347: [GC (Allocation Failure) 220974K->24037K(231168K), 0.0009970 secs]
60.438: [GC (Allocation Failure) 211831K->23955K(222464K), 0.0006300 secs]
60.524: [GC (Allocation Failure) 203093K->24053K(214400K), 0.0006770 secs]
60.608: [GC (Allocation Failure) 195017K->24037K(206528K), 0.0013760 secs]
60.689: [GC (Allocation Failure) 187160K->24053K(199168K), 0.0009330 secs]
60.766: [GC (Allocation Failure) 179808K->23959K(230208K), 0.0008890 secs]
60.855: [GC (Allocation Failure) 210863K->23959K(221632K), 0.0006620 secs]
60.945: [GC (Allocation Failure) 202313K->24057K(213632K), 0.0006690 secs]
61.030: [GC (Allocation Failure) 194259K->24057K(205888K), 0.0009490 secs]
61.112: [GC (Allocation Failure) 186491K->23959K(198336K), 0.0008590 secs]
61.186: [GC (Allocation Failure) 179027K->24041K(191424K), 0.0009670 secs]
61.259: [GC (Allocation Failure) 172122K->24154K(221184K), 0.0011070 secs]
61.347: [GC (Allocation Failure) 201911K->24041K(256640K), 0.0009800 secs]
61.449: [GC (Allocation Failure) 237384K->24154K(246784K), 0.0007660 secs]
61.548: [GC (Allocation Failure) 227665K->24158K(237376K), 0.0008950 secs]
61.643: [GC (Allocation Failure) 218225K->24256K(228544K), 0.0007730 secs]
61.733: [GC (Allocation Failure) 209390K->24256K(220032K), 0.0011830 secs]
61.820: [GC (Allocation Failure) 200835K->24158K(211776K), 0.0007160 secs]
61.905: [GC (Allocation Failure) 192686K->24354K(204288K), 0.0009150 secs]
61.983: [GC (Allocation Failure) 185213K->24260K(196864K), 0.0008870 secs]
62.057: [GC (Allocation Failure) 177846K->24358K(190080K), 0.0009050 secs]
62.131: [GC (Allocation Failure) 170972K->24455K(219328K), 0.0010340 secs]
62.217: [GC (Allocation Failure) 200461K->24455K(254592K), 0.0009020 secs]
62.320: [GC (Allocation Failure) 235729K->24459K(244800K), 0.0006650 secs]
62.415: [GC (Allocation Failure) 225902K->24459K(235520K), 0.0006710 secs]
62.510: [GC (Allocation Failure) 216671K->24459K(226688K), 0.0007060 secs]
62.600: [GC (Allocation Failure) 207837K->24459K(218304K), 0.0007560 secs]
62.689: [GC (Allocation Failure) 199477K->24557K(210304K), 0.0006840 secs]
62.768: [GC (Allocation Failure) 191509K->24557K(202688K), 0.0009050 secs]
62.848: [GC (Allocation Failure) 183954K->24557K(195456K), 0.0006640 secs]
62.923: [GC (Allocation Failure) 176658K->24557K(188608K), 0.0006760 secs]
62.996: [GC (Allocation Failure) 169883K->24752K(182080K), 0.0010200 secs]
63.065: [GC (Allocation Failure) 163505K->24834K(209920K), 0.0013020 secs]
63.146: [GC (Allocation Failure) 191397K->24736K(243200K), 0.0013590 secs]
63.246: [GC (Allocation Failure) 224602K->24752K(280128K), 0.0006650 secs]
63.362: [GC (Allocation Failure) 261452K->24948K(283328K), 0.0011530 secs]
63.478: [GC (Allocation Failure) 264806K->24838K(283328K), 0.0012860 secs]
63.594: [GC (Allocation Failure) 264688K->24952K(272128K), 0.0007280 secs]
63.708: [GC (Allocation Failure) 253621K->24952K(261504K), 0.0007700 secs]
63.815: [GC (Allocation Failure) 243002K->24936K(304832K), 0.0016360 secs]
63.952: [GC (Allocation Failure) 286631K->25147K(292928K), 0.0006310 secs]
64.070: [GC (Allocation Failure) 274551K->25147K(281024K), 0.0006910 secs]
64.183: [GC (Allocation Failure) 262823K->25229K(270016K), 0.0015420 secs]
64.296: [GC (Allocation Failure) 251832K->25342K(259392K), 0.0008630 secs]
64.402: [GC (Allocation Failure) 241423K->25346K(249344K), 0.0006800 secs]
64.505: [GC (Allocation Failure) 231408K->25444K(239808K), 0.0007120 secs]
64.599: [GC (Allocation Failure) 221978K->25639K(230912K), 0.0010590 secs]
64.691: [GC (Allocation Failure) 213143K->25741K(222144K), 0.0010050 secs]
64.781: [GC (Allocation Failure) 204591K->26132K(214208K), 0.0011650 secs]
64.867: [GC (Allocation Failure) 196819K->25936K(206272K), 0.0006540 secs]
64.944: [GC (Allocation Failure) 188862K->25936K(198912K), 0.0006870 secs]
65.017: [GC (Allocation Failure) 181578K->25936K(191872K), 0.0006770 secs]
65.089: [GC (Allocation Failure) 174498K->26038K(185344K), 0.0010870 secs]
65.161: [GC (Allocation Failure) 167935K->25940K(213632K), 0.0009210 secs]
65.243: [GC (Allocation Failure) 196237K->26022K(247808K), 0.0016950 secs]
65.344: [GC (Allocation Failure) 230410K->26038K(288768K), 0.0006830 secs]
65.469: [GC (Allocation Failure) 271318K->26144K(277376K), 0.0007520 secs]
65.585: [GC (Allocation Failure) 260013K->26046K(266112K), 0.0011760 secs]
65.694: [GC (Allocation Failure) 248997K->26339K(256192K), 0.0010140 secs]
65.800: [GC (Allocation Failure) 238978K->26241K(246080K), 0.0009260 secs]
65.900: [GC (Allocation Failure) 229052K->26343K(236864K), 0.0007630 secs]
65.995: [GC (Allocation Failure) 219814K->26343K(227968K), 0.0006710 secs]
66.082: [GC (Allocation Failure) 210888K->26441K(219584K), 0.0007600 secs]
66.167: [GC (Allocation Failure) 202531K->26343K(211328K), 0.0006660 secs]
66.246: [GC (Allocation Failure) 194378K->26441K(203840K), 0.0009190 secs]
66.325: [GC (Allocation Failure) 186805K->26441K(196608K), 0.0007640 secs]
66.399: [GC (Allocation Failure) 179635K->26343K(189568K), 0.0007030 secs]
66.469: [GC (Allocation Failure) 172562K->26343K(183040K), 0.0007830 secs]
66.536: [GC (Allocation Failure) 166077K->26343K(176832K), 0.0006990 secs]
66.602: [GC (Allocation Failure) 159887K->26441K(203712K), 0.0009460 secs]
66.680: [GC (Allocation Failure) 186722K->26343K(196352K), 0.0006920 secs]
66.753: [GC (Allocation Failure) 179346K->26538K(227200K), 0.0010330 secs]
66.840: [GC (Allocation Failure) 210278K->26538K(218816K), 0.0007780 secs]
66.923: [GC (Allocation Failure) 201846K->26538K(210560K), 0.0007510 secs]
67.007: [GC (Allocation Failure) 193883K->26734K(244224K), 0.0010880 secs]
67.105: [GC (Allocation Failure) 227488K->26718K(284352K), 0.0015920 secs]
67.225: [GC (Allocation Failure) 267662K->26734K(325632K), 0.0015250 secs]
67.371: [GC (Allocation Failure) 308750K->26718K(332800K), 0.0014950 secs]
67.510: [GC (Allocation Failure) 315919K->26636K(318848K), 0.0007000 secs]
67.639: [GC (Allocation Failure) 302158K->26636K(305856K), 0.0006720 secs]
67.762: [GC (Allocation Failure) 289193K->26636K(293504K), 0.0009220 secs]
67.883: [GC (Allocation Failure) 276806K->26640K(281792K), 0.0006870 secs]
67.996: [GC (Allocation Failure) 265137K->26738K(270784K), 0.0007030 secs]
68.112: [GC (Allocation Failure) 254049K->26640K(260096K), 0.0010220 secs]
68.218: [GC (Allocation Failure) 243417K->26644K(250048K), 0.0006850 secs]
68.317: [GC (Allocation Failure) 233395K->26644K(240512K), 0.0009300 secs]
68.414: [GC (Allocation Failure) 223860K->26726K(231488K), 0.0015040 secs]
68.509: [GC (Allocation Failure) 214805K->26742K(269184K), 0.0015170 secs]
68.622: [GC (Allocation Failure) 252465K->26644K(258560K), 0.0009430 secs]
68.728: [GC (Allocation Failure) 241843K->26644K(248576K), 0.0006750 secs]
68.824: [GC (Allocation Failure) 231924K->26746K(239232K), 0.0007050 secs]
68.916: [GC (Allocation Failure) 222488K->26746K(230080K), 0.0007060 secs]
69.005: [GC (Allocation Failure) 213547K->26746K(221504K), 0.0009330 secs]
69.093: [GC (Allocation Failure) 204898K->26843K(213504K), 0.0009310 secs]
69.177: [GC (Allocation Failure) 196946K->26746K(205632K), 0.0009430 secs]
69.254: [GC (Allocation Failure) 189064K->26746K(198272K), 0.0007090 secs]
69.329: [GC (Allocation Failure) 181706K->26847K(191424K), 0.0009600 secs]
69.403: [GC (Allocation Failure) 174837K->26847K(184640K), 0.0007030 secs]
69.471: [GC (Allocation Failure) 168138K->26945K(213056K), 0.0009380 secs]
69.552: [GC (Allocation Failure) 196546K->27043K(246912K), 0.0010630 secs]
69.653: [GC (Allocation Failure) 230656K->27140K(237632K), 0.0007160 secs]
69.747: [GC (Allocation Failure) 221314K->27124K(276416K), 0.0014450 secs]
69.862: [GC (Allocation Failure) 260120K->27043K(265472K), 0.0009570 secs]
69.972: [GC (Allocation Failure) 249221K->27140K(255296K), 0.0006630 secs]
70.074: [GC (Allocation Failure) 238999K->27140K(245504K), 0.0009650 secs]
70.174: [GC (Allocation Failure) 229169K->27128K(285696K), 0.0016630 secs]
70.291: [GC (Allocation Failure) 269657K->27340K(274624K), 0.0008120 secs]
70.407: [GC (Allocation Failure) 258565K->27242K(263744K), 0.0009270 secs]
70.514: [GC (Allocation Failure) 247646K->27340K(253632K), 0.0009360 secs]
70.619: [GC (Allocation Failure) 237536K->27242K(243776K), 0.0009300 secs]
70.715: [GC (Allocation Failure) 227685K->27242K(234560K), 0.0006910 secs]
70.808: [GC (Allocation Failure) 218480K->27242K(225792K), 0.0006980 secs]
70.893: [GC (Allocation Failure) 209719K->27344K(217536K), 0.0007630 secs]
70.976: [GC (Allocation Failure) 201454K->27344K(209472K), 0.0007020 secs]
71.056: [GC (Allocation Failure) 193519K->27344K(201920K), 0.0007030 secs]
71.136: [GC (Allocation Failure) 185943K->27344K(194752K), 0.0009400 secs]
71.209: [GC (Allocation Failure) 178761K->27441K(188096K), 0.0007130 secs]
71.278: [GC (Allocation Failure) 172088K->27441K(181504K), 0.0009620 secs]
71.348: [GC (Allocation Failure) 165608K->27543K(209280K), 0.0009840 secs]
71.428: [GC (Allocation Failure) 193422K->27543K(201600K), 0.0007050 secs]
71.505: [GC (Allocation Failure) 185850K->27543K(194432K), 0.0006910 secs]
71.579: [GC (Allocation Failure) 178672K->27641K(187776K), 0.0007110 secs]
71.652: [GC (Allocation Failure) 171993K->27641K(181312K), 0.0008260 secs]
71.719: [GC (Allocation Failure) 165506K->27547K(208704K), 0.0008920 secs]
71.799: [GC (Allocation Failure) 193012K->27645K(201280K), 0.0007840 secs]
71.875: [GC (Allocation Failure) 185640K->27649K(194112K), 0.0007270 secs]
71.948: [GC (Allocation Failure) 178488K->27746K(224448K), 0.0010340 secs]
72.042: [GC (Allocation Failure) 208760K->27734K(260608K), 0.0010530 secs]
72.146: [GC (Allocation Failure) 245006K->27653K(250432K), 0.0006950 secs]
72.242: [GC (Allocation Failure) 234799K->27657K(240832K), 0.0006800 secs]
72.339: [GC (Allocation Failure) 225171K->27657K(231744K), 0.0006970 secs]
72.430: [GC (Allocation Failure) 216137K->27657K(223104K), 0.0007060 secs]
72.518: [GC (Allocation Failure) 207488K->27657K(214912K), 0.0007080 secs]
72.602: [GC (Allocation Failure) 199227K->27657K(207104K), 0.0009230 secs]
72.681: [GC (Allocation Failure) 191467K->27758K(199808K), 0.0009690 secs]
72.759: [GC (Allocation Failure) 184107K->27661K(192576K), 0.0006460 secs]
72.833: [GC (Allocation Failure) 177018K->27758K(185920K), 0.0006860 secs]
72.903: [GC (Allocation Failure) 170339K->27860K(179648K), 0.0009500 secs]
72.970: [GC (Allocation Failure) 164066K->27860K(173568K), 0.0007130 secs]
73.035: [GC (Allocation Failure) 157963K->27958K(167616K), 0.0007430 secs]
73.094: [GC (Allocation Failure) 152362K->28153K(192704K), 0.0007190 secs]
73.166: [GC (Allocation Failure) 177429K->28153K(222592K), 0.0007810 secs]
73.256: [GC (Allocation Failure) 207314K->28153K(258432K), 0.0009880 secs]
73.363: [GC (Allocation Failure) 243178K->28141K(301184K), 0.0011380 secs]
73.487: [GC (Allocation Failure) 286188K->28353K(289344K), 0.0008070 secs]
73.604: [GC (Allocation Failure) 274301K->28255K(277696K), 0.0007110 secs]
73.717: [GC (Allocation Failure) 262612K->28357K(266880K), 0.0008470 secs]
73.829: [GC (Allocation Failure) 251821K->28341K(256448K), 0.0015070 secs]
73.934: [GC (Allocation Failure) 241375K->28357K(246656K), 0.0007160 secs]
74.033: [GC (Allocation Failure) 231571K->28357K(237248K), 0.0009290 secs]
74.129: [GC (Allocation Failure) 222143K->28357K(228352K), 0.0010040 secs]
74.220: [GC (Allocation Failure) 213291K->28357K(219776K), 0.0007160 secs]
74.305: [GC (Allocation Failure) 204838K->28454K(211840K), 0.0009160 secs]
74.388: [GC (Allocation Failure) 196877K->28552K(204032K), 0.0010530 secs]
74.465: [GC (Allocation Failure) 189317K->28650K(196864K), 0.0007230 secs]
74.539: [GC (Allocation Failure) 182048K->28552K(189824K), 0.0009320 secs]
74.614: [GC (Allocation Failure) 175066K->28654K(219264K), 0.0009890 secs]
74.702: [GC (Allocation Failure) 204452K->28556K(211136K), 0.0006830 secs]
74.783: [GC (Allocation Failure) 196385K->28556K(203520K), 0.0007090 secs]
74.859: [GC (Allocation Failure) 188730K->28556K(196288K), 0.0006980 secs]
74.933: [GC (Allocation Failure) 181555K->28654K(189504K), 0.0008260 secs]
75.008: [GC (Allocation Failure) 174676K->28751K(218624K), 0.0010610 secs]
75.095: [GC (Allocation Failure) 204062K->28849K(210752K), 0.0007200 secs]
75.176: [GC (Allocation Failure) 196199K->28735K(244096K), 0.0015210 secs]
75.275: [GC (Allocation Failure) 229487K->28849K(284416K), 0.0007020 secs]
75.392: [GC (Allocation Failure) 269789K->28947K(273024K), 0.0010810 secs]
75.506: [GC (Allocation Failure) 258698K->29044K(262464K), 0.0009660 secs]
75.614: [GC (Allocation Failure) 248088K->28947K(252160K), 0.0009220 secs]
75.715: [GC (Allocation Failure) 237766K->29044K(242624K), 0.0007180 secs]
75.813: [GC (Allocation Failure) 228225K->28947K(233344K), 0.0006990 secs]
75.910: [GC (Allocation Failure) 219011K->28947K(224640K), 0.0007010 secs]
75.994: [GC (Allocation Failure) 210253K->29044K(216448K), 0.0008070 secs]
76.078: [GC (Allocation Failure) 202091K->28951K(208448K), 0.0009780 secs]
76.160: [GC (Allocation Failure) 194129K->29048K(200960K), 0.0007150 secs]
76.242: [GC (Allocation Failure) 186666K->29244K(194048K), 0.0010300 secs]
76.313: [GC (Allocation Failure) 179776K->29146K(187072K), 0.0007270 secs]
76.383: [GC (Allocation Failure) 172916K->29146K(215872K), 0.0009660 secs]
76.469: [GC (Allocation Failure) 201706K->29146K(208000K), 0.0007150 secs]
76.549: [GC (Allocation Failure) 193840K->29150K(200512K), 0.0007110 secs]
76.625: [GC (Allocation Failure) 186381K->29150K(193408K), 0.0009800 secs]
76.700: [GC (Allocation Failure) 179289K->29154K(186688K), 0.0008070 secs]
76.771: [GC (Allocation Failure) 172518K->29252K(215552K), 0.0009660 secs]
76.856: [GC (Allocation Failure) 201411K->29252K(207744K), 0.0007250 secs]
76.937: [GC (Allocation Failure) 193548K->29252K(200128K), 0.0007160 secs]
77.011: [GC (Allocation Failure) 186092K->29451K(193216K), 0.0009520 secs]
77.085: [GC (Allocation Failure) 179206K->29451K(186496K), 0.0007710 secs]
77.156: [GC (Allocation Failure) 172534K->29455K(215168K), 0.0010140 secs]
77.240: [GC (Allocation Failure) 201226K->29553K(249344K), 0.0007730 secs]
77.338: [GC (Allocation Failure) 235607K->29654K(239872K), 0.0008110 secs]
77.440: [GC (Allocation Failure) 226189K->29638K(279232K), 0.0015610 secs]
77.556: [GC (Allocation Failure) 265572K->29752K(268352K), 0.0007210 secs]
77.665: [GC (Allocation Failure) 254680K->29642K(257792K), 0.0010850 secs]
77.771: [GC (Allocation Failure) 244170K->29756K(248000K), 0.0007160 secs]
77.871: [GC (Allocation Failure) 234338K->29740K(238464K), 0.0010470 secs]
77.964: [GC (Allocation Failure) 224798K->29760K(229568K), 0.0007990 secs]
78.054: [GC (Allocation Failure) 215864K->29662K(220928K), 0.0006860 secs]
78.141: [GC (Allocation Failure) 207322K->29646K(256512K), 0.0015820 secs]
78.243: [GC (Allocation Failure) 242887K->29662K(246656K), 0.0009370 secs]
78.340: [GC (Allocation Failure) 232958K->29760K(237376K), 0.0007320 secs]
78.433: [GC (Allocation Failure) 223740K->29764K(228352K), 0.0007540 secs]
78.524: [GC (Allocation Failure) 214793K->29764K(219840K), 0.0009530 secs]
78.612: [GC (Allocation Failure) 206256K->29764K(211776K), 0.0010120 secs]
78.695: [GC (Allocation Failure) 198194K->29764K(204096K), 0.0007140 secs]
78.774: [GC (Allocation Failure) 190524K->29748K(236288K), 0.0015710 secs]
78.870: [GC (Allocation Failure) 222737K->29768K(274944K), 0.0007150 secs]
78.986: [GC (Allocation Failure) 261392K->29866K(264128K), 0.0009950 secs]
79.095: [GC (Allocation Failure) 250660K->29866K(253888K), 0.0009640 secs]
79.198: [GC (Allocation Failure) 240459K->29963K(244160K), 0.0009750 secs]
79.302: [GC (Allocation Failure) 230806K->30061K(235008K), 0.0010070 secs]
79.396: [GC (Allocation Failure) 221677K->30061K(225984K), 0.0007130 secs]
79.483: [GC (Allocation Failure) 212838K->30256K(217792K), 0.0009870 secs]
79.566: [GC (Allocation Failure) 204588K->30256K(209728K), 0.0007030 secs]
79.648: [GC (Allocation Failure) 196701K->30354K(202304K), 0.0007290 secs]
79.723: [GC (Allocation Failure) 189256K->30452K(194944K), 0.0009080 secs]
79.795: [GC (Allocation Failure) 182174K->30549K(225408K), 0.0009750 secs]
79.887: [GC (Allocation Failure) 212634K->30745K(217280K), 0.0008580 secs]
79.971: [GC (Allocation Failure) 204473K->30647K(209280K), 0.0007460 secs]
80.051: [GC (Allocation Failure) 196505K->30745K(201408K), 0.0009530 secs]
80.129: [GC (Allocation Failure) 189044K->30940K(194688K), 0.0006930 secs]
80.200: [GC (Allocation Failure) 182073K->30940K(224704K), 0.0009940 secs]
80.287: [GC (Allocation Failure) 212335K->30924K(260992K), 0.0015870 secs]
80.396: [GC (Allocation Failure) 248571K->31038K(304704K), 0.0009200 secs]
80.525: [GC (Allocation Failure) 292325K->30940K(292288K), 0.0010590 secs]
80.649: [GC (Allocation Failure) 279937K->30944K(280640K), 0.0007700 secs]
80.763: [GC (Allocation Failure) 268254K->31042K(269696K), 0.0007220 secs]
80.875: [GC (Allocation Failure) 257269K->31042K(259008K), 0.0007230 secs]
80.978: [GC (Allocation Failure) 246728K->31026K(249024K), 0.0010850 secs]
81.080: [GC (Allocation Failure) 236692K->31139K(239616K), 0.0009750 secs]
81.179: [GC (Allocation Failure) 227280K->31139K(230592K), 0.0008690 secs]
81.270: [GC (Allocation Failure) 218339K->31042K(221824K), 0.0009330 secs]
81.354: [GC (Allocation Failure) 209591K->31241K(213888K), 0.0008680 secs]
81.435: [GC (Allocation Failure) 201735K->31143K(206016K), 0.0007190 secs]
81.513: [GC (Allocation Failure) 193878K->31143K(198656K), 0.0008510 secs]
81.589: [GC (Allocation Failure) 186500K->31245K(191808K), 0.0007590 secs]
81.663: [GC (Allocation Failure) 179619K->31245K(185152K), 0.0010350 secs]
81.733: [GC (Allocation Failure) 172947K->31343K(213312K), 0.0008260 secs]
81.814: [GC (Allocation Failure) 201440K->31538K(247552K), 0.0009940 secs]
81.913: [GC (Allocation Failure) 235637K->31538K(288384K), 0.0009910 secs]
82.036: [GC (Allocation Failure) 276510K->31440K(276800K), 0.0008420 secs]
82.152: [GC (Allocation Failure) 264919K->31440K(265920K), 0.0009800 secs]
82.257: [GC (Allocation Failure) 254011K->31538K(255680K), 0.0007160 secs]
82.358: [GC (Allocation Failure) 243796K->31538K(245696K), 0.0007350 secs]
82.456: [GC (Allocation Failure) 233878K->31538K(236352K), 0.0009960 secs]
82.553: [GC (Allocation Failure) 224532K->31542K(227456K), 0.0007340 secs]
82.642: [GC (Allocation Failure) 215683K->31542K(219008K), 0.0007450 secs]
82.728: [GC (Allocation Failure) 207228K->31546K(211008K), 0.0007380 secs]
82.807: [GC (Allocation Failure) 199289K->31644K(203520K), 0.0007330 secs]
82.885: [GC (Allocation Failure) 191712K->31530K(235328K), 0.0013760 secs]
82.982: [GC (Allocation Failure) 223715K->31648K(226624K), 0.0008770 secs]
83.069: [GC (Allocation Failure) 215000K->31648K(218240K), 0.0007420 secs]
83.153: [GC (Allocation Failure) 206556K->31648K(210240K), 0.0010190 secs]
83.234: [GC (Allocation Failure) 198599K->31843K(243648K), 0.0011090 secs]
83.332: [GC (Allocation Failure) 232214K->31843K(283776K), 0.0011270 secs]
83.448: [GC (Allocation Failure) 272279K->31941K(272512K), 0.0008430 secs]
83.560: [GC (Allocation Failure) 261116K->32038K(261952K), 0.0007550 secs]
83.669: [GC (Allocation Failure) 250579K->32140K(251584K), 0.0007840 secs]
83.772: [GC (Allocation Failure) 240472K->32335K(242112K), 0.0007350 secs]
83.870: [GC (Allocation Failure) 231039K->32433K(232832K), 0.0010910 secs]
83.961: [GC (Allocation Failure) 221979K->32437K(224128K), 0.0010200 secs]
84.050: [GC (Allocation Failure) 213242K->32437K(215872K), 0.0010200 secs]
84.135: [GC (Allocation Failure) 204991K->32437K(208000K), 0.0007380 secs]
84.214: [GC (Allocation Failure) 197134K->32437K(200512K), 0.0007320 secs]
84.288: [GC (Allocation Failure) 189658K->32437K(193408K), 0.0010130 secs]
84.361: [GC (Allocation Failure) 182581K->32437K(186688K), 0.0007300 secs]
84.431: [GC (Allocation Failure) 175808K->32535K(180288K), 0.0007400 secs]
84.497: [GC (Allocation Failure) 169526K->32730K(207680K), 0.0013090 secs]
84.577: [GC (Allocation Failure) 197123K->32832K(240640K), 0.0007960 secs]
84.671: [GC (Allocation Failure) 230168K->32832K(280128K), 0.0007450 secs]
84.785: [GC (Allocation Failure) 269653K->32832K(269056K), 0.0008890 secs]
84.898: [GC (Allocation Failure) 258550K->33031K(258496K), 0.0008060 secs]
85.001: [GC (Allocation Failure) 248319K->33129K(248576K), 0.0008650 secs]
85.100: [GC (Allocation Failure) 238387K->33210K(289664K), 0.0017100 secs]
85.219: [GC (Allocation Failure) 279547K->33230K(278144K), 0.0007610 secs]
85.329: [GC (Allocation Failure) 268088K->33230K(267136K), 0.0008460 secs]
85.440: [GC (Allocation Failure) 257077K->33328K(256768K), 0.0010050 secs]
85.549: [GC (Allocation Failure) 246750K->33328K(246848K), 0.0007010 secs]
85.646: [GC (Allocation Failure) 236823K->33523K(237440K), 0.0011790 secs]
85.740: [GC (Allocation Failure) 227688K->33609K(276160K), 0.0014790 secs]
85.853: [GC (Allocation Failure) 266607K->33723K(265408K), 0.0007470 secs]
85.959: [GC (Allocation Failure) 255800K->33723K(255104K), 0.0008430 secs]
86.061: [GC (Allocation Failure) 245504K->33918K(245312K), 0.0009860 secs]
86.163: [GC (Allocation Failure) 235934K->34113K(235904K), 0.0008280 secs]
86.257: [GC (Allocation Failure) 226811K->34211K(227136K), 0.0008540 secs]
86.352: [GC (Allocation Failure) 218064K->34504K(218688K), 0.0011410 secs]
86.438: [GC (Allocation Failure) 209905K->34504K(210688K), 0.0010310 secs]
86.520: [GC (Allocation Failure) 201839K->34606K(244160K), 0.0010790 secs]
86.620: [GC (Allocation Failure) 235561K->34704K(234944K), 0.0007430 secs]
86.712: [GC (Allocation Failure) 226309K->34688K(273280K), 0.0016670 secs]
86.824: [GC (Allocation Failure) 264621K->34704K(304640K), 0.0010540 secs]
86.950: [GC (Allocation Failure) 295998K->34899K(292288K), 0.0008270 secs]
87.071: [GC (Allocation Failure) 283897K->34981K(319296K), 0.0020020 secs]
87.209: [GC (Allocation Failure) 310921K->34997K(342272K), 0.0013220 secs]
87.365: [GC (Allocation Failure) 333839K->34883K(328000K), 0.0012550 secs]
87.503: [GC (Allocation Failure) 319551K->35098K(314496K), 0.0011860 secs]
87.637: [GC (Allocation Failure) 306327K->35294K(301888K), 0.0011120 secs]
87.762: [GC (Allocation Failure) 293745K->35391K(289600K), 0.0008230 secs]
87.882: [GC (Allocation Failure) 281714K->35395K(278080K), 0.0010620 secs]
87.995: [GC (Allocation Failure) 270155K->35591K(267136K), 0.0011660 secs]
88.106: [GC (Allocation Failure) 259441K->35688K(256832K), 0.0010850 secs]
88.210: [GC (Allocation Failure) 249123K->35676K(299264K), 0.0018850 secs]
88.336: [GC (Allocation Failure) 291751K->35985K(341312K), 0.0012890 secs]
88.481: [GC (Allocation Failure) 333840K->35985K(327232K), 0.0009930 secs]
88.623: [GC (Allocation Failure) 319788K->35892K(313728K), 0.0007700 secs]
88.754: [GC (Allocation Failure) 306322K->35989K(300992K), 0.0008160 secs]
88.880: [GC (Allocation Failure) 293648K->36087K(289024K), 0.0011280 secs]
89.000: [GC (Allocation Failure) 281649K->36185K(277312K), 0.0011570 secs]
89.112: [GC (Allocation Failure) 270266K->36478K(266624K), 0.0008700 secs]
89.219: [GC (Allocation Failure) 259627K->36282K(256064K), 0.0007630 secs]
89.323: [GC (Allocation Failure) 249028K->36482K(246400K), 0.0008170 secs]
89.424: [GC (Allocation Failure) 239415K->36286K(236864K), 0.0010040 secs]
89.519: [GC (Allocation Failure) 229873K->36274K(275584K), 0.0019030 secs]
89.632: [GC (Allocation Failure) 268575K->36290K(264768K), 0.0008750 secs]
89.737: [GC (Allocation Failure) 257767K->36388K(309248K), 0.0012350 secs]
89.872: [GC (Allocation Failure) 302200K->36490K(296640K), 0.0008510 secs]
89.992: [GC (Allocation Failure) 289825K->36685K(284928K), 0.0008380 secs]
90.107: [GC (Allocation Failure) 278121K->36474K(273472K), 0.0011520 secs]
90.222: [GC (Allocation Failure) 266614K->36587K(262848K), 0.0008540 secs]
90.330: [GC (Allocation Failure) 256017K->36587K(252672K), 0.0008810 secs]
90.433: [GC (Allocation Failure) 245802K->36587K(243008K), 0.0011930 secs]
90.532: [GC (Allocation Failure) 236173K->36685K(233664K), 0.0011760 secs]
90.627: [GC (Allocation Failure) 227022K->36669K(271744K), 0.0012540 secs]
90.738: [GC (Allocation Failure) 265129K->36783K(261248K), 0.0007960 secs]
90.843: [GC (Allocation Failure) 254542K->36767K(251072K), 0.0013470 secs]
90.942: [GC (Allocation Failure) 244498K->36880K(241536K), 0.0009480 secs]
91.036: [GC (Allocation Failure) 234980K->36880K(281216K), 0.0011980 secs]
91.152: [GC (Allocation Failure) 274665K->36880K(269952K), 0.0010760 secs]
91.266: [GC (Allocation Failure) 263475K->37076K(259584K), 0.0008330 secs]
91.370: [GC (Allocation Failure) 253175K->36880K(249344K), 0.0007290 secs]
91.470: [GC (Allocation Failure) 242944K->37076K(240000K), 0.0011770 secs]
91.567: [GC (Allocation Failure) 233610K->36962K(279232K), 0.0017580 secs]
91.684: [GC (Allocation Failure) 272803K->37076K(268352K), 0.0008440 secs]
91.792: [GC (Allocation Failure) 261901K->36982K(257728K), 0.0007880 secs]
91.897: [GC (Allocation Failure) 251400K->37064K(247872K), 0.0013660 secs]
91.994: [GC (Allocation Failure) 241557K->36982K(238336K), 0.0007780 secs]
92.089: [GC (Allocation Failure) 232023K->37064K(277440K), 0.0020400 secs]
92.205: [GC (Allocation Failure) 271137K->37080K(324352K), 0.0011230 secs]
92.338: [GC (Allocation Failure) 318009K->36982K(310976K), 0.0007790 secs]
92.470: [GC (Allocation Failure) 304658K->36982K(298368K), 0.0007890 secs]
92.595: [GC (Allocation Failure) 292080K->37080K(286528K), 0.0012020 secs]
92.714: [GC (Allocation Failure) 280186K->36982K(275008K), 0.0007860 secs]
92.826: [GC (Allocation Failure) 268690K->37080K(264320K), 0.0011520 secs]
92.933: [GC (Allocation Failure) 257980K->36982K(253952K), 0.0008960 secs]
93.036: [GC (Allocation Failure) 247653K->37080K(244352K), 0.0011570 secs]
93.134: [GC (Allocation Failure) 237945K->36986K(234944K), 0.0010860 secs]
93.230: [GC (Allocation Failure) 228603K->37084K(226240K), 0.0011520 secs]
93.320: [GC (Allocation Failure) 219859K->36986K(217728K), 0.0007590 secs]
93.406: [GC (Allocation Failure) 211406K->37068K(252736K), 0.0020920 secs]
93.509: [GC (Allocation Failure) 246466K->36986K(294592K), 0.0008000 secs]
93.631: [GC (Allocation Failure) 288246K->37068K(343744K), 0.0019960 secs]
93.778: [GC (Allocation Failure) 337284K->37084K(345088K), 0.0012610 secs]
93.925: [GC (Allocation Failure) 338655K->37181K(330816K), 0.0010600 secs]
94.065: [GC (Allocation Failure) 324507K->37185K(316864K), 0.0012190 secs]
94.199: [GC (Allocation Failure) 310967K->37478K(304384K), 0.0007480 secs]
94.324: [GC (Allocation Failure) 298276K->37482K(292032K), 0.0007950 secs]
94.445: [GC (Allocation Failure) 286100K->37482K(280384K), 0.0009140 secs]
94.562: [GC (Allocation Failure) 274410K->37385K(269184K), 0.0009890 secs]
94.674: [GC (Allocation Failure) 263287K->37482K(258816K), 0.0007820 secs]
94.776: [GC (Allocation Failure) 252861K->37486K(248832K), 0.0007810 secs]
94.875: [GC (Allocation Failure) 242860K->37486K(239360K), 0.0008000 secs]
94.969: [GC (Allocation Failure) 233416K->37486K(230208K), 0.0009040 secs]
95.060: [GC (Allocation Failure) 224385K->37584K(221760K), 0.0007940 secs]
95.146: [GC (Allocation Failure) 215931K->37486K(213504K), 0.0007730 secs]
95.227: [GC (Allocation Failure) 207681K->37490K(205760K), 0.0007880 secs]
95.309: [GC (Allocation Failure) 199927K->37588K(198528K), 0.0010950 secs]
95.387: [GC (Allocation Failure) 192647K->37588K(229568K), 0.0011170 secs]
95.479: [GC (Allocation Failure) 223703K->37686K(220864K), 0.0008370 secs]
95.573: [GC (Allocation Failure) 215267K->37783K(212800K), 0.0008830 secs]
95.657: [GC (Allocation Failure) 207286K->37881K(246848K), 0.0011030 secs]
95.758: [GC (Allocation Failure) 241301K->37881K(237440K), 0.0008020 secs]
95.851: [GC (Allocation Failure) 231850K->37979K(228352K), 0.0008410 secs]
95.939: [GC (Allocation Failure) 223107K->38174K(220032K), 0.0009200 secs]
96.025: [GC (Allocation Failure) 214752K->38076K(211840K), 0.0009870 secs]
96.109: [GC (Allocation Failure) 206625K->38174K(204288K), 0.0008180 secs]
96.190: [GC (Allocation Failure) 199041K->38076K(196864K), 0.0007720 secs]
96.265: [GC (Allocation Failure) 191656K->38174K(227712K), 0.0011320 secs]
96.354: [GC (Allocation Failure) 222417K->38060K(264448K), 0.0017840 secs]
96.460: [GC (Allocation Failure) 259242K->38174K(308864K), 0.0007870 secs]
96.590: [GC (Allocation Failure) 303609K->38080K(340992K), 0.0011280 secs]
96.734: [GC (Allocation Failure) 335728K->38178K(326976K), 0.0007990 secs]
96.871: [GC (Allocation Failure) 321667K->38178K(313280K), 0.0008450 secs]
97.002: [GC (Allocation Failure) 308297K->38475K(300992K), 0.0010230 secs]
97.126: [GC (Allocation Failure) 295917K->38475K(288768K), 0.0010710 secs]
97.247: [GC (Allocation Failure) 283837K->38377K(277184K), 0.0011020 secs]
97.361: [GC (Allocation Failure) 272257K->38377K(266304K), 0.0011200 secs]
97.469: [GC (Allocation Failure) 261342K->38475K(256064K), 0.0008090 secs]
97.572: [GC (Allocation Failure) 251120K->38475K(246080K), 0.0009060 secs]
97.669: [GC (Allocation Failure) 241200K->38475K(236736K), 0.0008780 secs]
97.766: [GC (Allocation Failure) 231857K->38475K(227840K), 0.0010780 secs]
97.855: [GC (Allocation Failure) 223013K->38475K(219392K), 0.0007870 secs]
97.939: [GC (Allocation Failure) 214567K->38459K(254656K), 0.0018010 secs]
98.048: [GC (Allocation Failure) 249841K->38573K(297088K), 0.0011210 secs]
98.172: [GC (Allocation Failure) 292175K->38475K(338816K), 0.0010880 secs]
98.317: [GC (Allocation Failure) 333866K->38475K(324800K), 0.0011490 secs]
98.453: [GC (Allocation Failure) 319923K->38577K(311488K), 0.0012550 secs]
98.582: [GC (Allocation Failure) 306744K->38674K(299008K), 0.0007970 secs]
98.705: [GC (Allocation Failure) 294263K->38577K(286848K), 0.0007520 secs]
98.822: [GC (Allocation Failure) 282195K->38772K(275648K), 0.0007840 secs]
98.933: [GC (Allocation Failure) 270972K->38674K(264704K), 0.0008000 secs]
99.037: [GC (Allocation Failure) 260062K->38772K(254528K), 0.0009990 secs]
99.141: [GC (Allocation Failure) 249839K->38756K(244672K), 0.0017840 secs]
99.240: [GC (Allocation Failure) 240006K->38772K(235456K), 0.0007900 secs]
99.334: [GC (Allocation Failure) 230784K->38870K(226496K), 0.0011960 secs]
99.424: [GC (Allocation Failure) 222035K->38951K(263232K), 0.0018560 secs]
99.533: [GC (Allocation Failure) 258852K->38967K(307328K), 0.0007580 secs]
99.663: [GC (Allocation Failure) 302894K->38967K(337472K), 0.0011070 secs]
99.807: [GC (Allocation Failure) 332894K->38967K(323520K), 0.0011950 secs]
99.942: [GC (Allocation Failure) 319037K->38967K(310336K), 0.0010460 secs]
100.070: [GC (Allocation Failure) 305859K->38854K(359808K), 0.0019700 secs]
100.236: [GC (Allocation Failure) 355383K->39069K(344960K), 0.0008290 secs]
100.382: [GC (Allocation Failure) 340548K->39151K(359616K), 0.0021870 secs]
100.539: [GC (Allocation Failure) 355564K->39362K(344832K), 0.0009610 secs]
100.687: [GC (Allocation Failure) 340744K->39248K(330304K), 0.0018870 secs]
100.828: [GC (Allocation Failure) 326375K->39362K(316864K), 0.0007700 secs]
100.960: [GC (Allocation Failure) 312940K->39362K(304000K), 0.0009250 secs]
101.089: [GC (Allocation Failure) 300065K->39464K(291904K), 0.0008160 secs]
101.210: [GC (Allocation Failure) 287976K->39350K(280128K), 0.0012260 secs]
101.323: [GC (Allocation Failure) 276178K->39350K(269056K), 0.0014630 secs]
101.432: [GC (Allocation Failure) 265065K->39464K(258688K), 0.0007850 secs]
101.536: [GC (Allocation Failure) 254678K->39468K(248704K), 0.0009710 secs]
101.636: [GC (Allocation Failure) 244743K->39565K(239040K), 0.0012000 secs]
101.732: [GC (Allocation Failure) 235402K->39761K(230208K), 0.0009620 secs]
101.821: [GC (Allocation Failure) 226567K->39663K(221504K), 0.0009810 secs]
101.908: [GC (Allocation Failure) 217901K->39663K(213376K), 0.0008010 secs]
101.989: [GC (Allocation Failure) 209762K->39765K(247552K), 0.0011250 secs]
102.091: [GC (Allocation Failure) 243869K->39651K(288256K), 0.0018530 secs]
102.210: [GC (Allocation Failure) 284614K->39862K(337280K), 0.0012270 secs]
102.355: [GC (Allocation Failure) 333784K->39862K(357504K), 0.0011750 secs]
102.508: [GC (Allocation Failure) 353834K->39948K(342464K), 0.0014120 secs]
102.654: [GC (Allocation Failure) 339076K->40062K(328448K), 0.0013190 secs]
102.793: [GC (Allocation Failure) 325042K->40062K(314752K), 0.0012850 secs]
102.928: [GC (Allocation Failure) 311576K->40163K(302016K), 0.0008010 secs]
103.052: [GC (Allocation Failure) 298907K->40245K(289920K), 0.0018720 secs]
103.175: [GC (Allocation Failure) 286804K->40163K(278336K), 0.0011250 secs]
103.290: [GC (Allocation Failure) 275217K->40163K(267392K), 0.0007980 secs]
103.399: [GC (Allocation Failure) 264196K->40163K(256960K), 0.0008080 secs]
103.500: [GC (Allocation Failure) 253782K->40151K(299712K), 0.0016910 secs]
103.627: [GC (Allocation Failure) 296536K->40249K(351104K), 0.0021120 secs]
103.778: [GC (Allocation Failure) 347931K->40167K(385024K), 0.0009290 secs]
103.956: [GC (Allocation Failure) 381743K->40167K(368640K), 0.0011270 secs]
104.115: [GC (Allocation Failure) 365446K->40167K(353152K), 0.0007550 secs]
104.261: [GC (Allocation Failure) 350013K->40269K(338560K), 0.0008490 secs]
104.401: [GC (Allocation Failure) 335362K->40269K(324416K), 0.0011820 secs]
104.538: [GC (Allocation Failure) 321416K->40448K(311296K), 0.0012660 secs]
104.668: [GC (Allocation Failure) 308330K->40448K(298688K), 0.0013280 secs]
104.793: [GC (Allocation Failure) 295745K->40464K(286784K), 0.0008130 secs]
104.910: [GC (Allocation Failure) 283767K->40562K(275264K), 0.0012480 secs]
105.022: [GC (Allocation Failure) 272467K->40664K(264576K), 0.0011350 secs]
105.134: [GC (Allocation Failure) 261751K->40664K(254144K), 0.0007980 secs]
105.236: [GC (Allocation Failure) 251450K->40664K(244352K), 0.0010570 secs]
105.335: [GC (Allocation Failure) 241710K->40664K(235072K), 0.0011610 secs]
105.428: [GC (Allocation Failure) 232467K->40668K(226240K), 0.0008120 secs]
105.518: [GC (Allocation Failure) 223628K->40652K(262848K), 0.0018750 secs]
105.630: [GC (Allocation Failure) 260186K->40668K(306816K), 0.0011410 secs]
105.758: [GC (Allocation Failure) 304126K->40867K(359552K), 0.0012340 secs]
105.910: [GC (Allocation Failure) 357087K->40965K(344640K), 0.0011320 secs]
106.055: [GC (Allocation Failure) 342153K->40867K(330176K), 0.0010810 secs]
106.193: [GC (Allocation Failure) 327779K->40969K(316672K), 0.0008940 secs]
106.328: [GC (Allocation Failure) 314349K->40969K(303808K), 0.0011240 secs]
106.452: [GC (Allocation Failure) 301491K->41067K(291712K), 0.0011260 secs]
106.576: [GC (Allocation Failure) 289301K->41051K(279808K), 0.0014280 secs]
106.692: [GC (Allocation Failure) 277664K->41262K(268992K), 0.0008470 secs]
106.801: [GC (Allocation Failure) 266780K->41164K(258368K), 0.0011380 secs]
106.904: [GC (Allocation Failure) 256265K->41250K(301504K), 0.0018830 secs]
107.033: [GC (Allocation Failure) 299393K->41168K(353088K), 0.0011420 secs]
107.181: [GC (Allocation Failure) 350909K->41172K(338368K), 0.0008070 secs]
107.323: [GC (Allocation Failure) 336261K->41270K(324544K), 0.0010950 secs]
107.462: [GC (Allocation Failure) 322417K->41172K(311168K), 0.0011480 secs]
107.594: [GC (Allocation Failure) 309033K->41176K(298560K), 0.0008220 secs]
107.719: [GC (Allocation Failure) 296380K->41274K(286720K), 0.0008320 secs]
107.844: [GC (Allocation Failure) 284579K->41274K(275136K), 0.0012070 secs]
107.956: [GC (Allocation Failure) 273173K->41473K(264512K), 0.0008250 secs]
108.066: [GC (Allocation Failure) 262576K->41473K(254208K), 0.0008020 secs]
108.168: [GC (Allocation Failure) 252237K->41376K(244352K), 0.0011450 secs]
108.272: [GC (Allocation Failure) 242443K->41360K(235072K), 0.0012490 secs]
108.363: [GC (Allocation Failure) 233088K->41473K(226368K), 0.0008270 secs]
108.452: [GC (Allocation Failure) 224446K->41571K(217856K), 0.0008960 secs]
108.538: [GC (Allocation Failure) 216091K->41669K(210048K), 0.0012140 secs]
108.623: [GC (Allocation Failure) 208233K->41555K(243264K), 0.0018710 secs]
108.724: [GC (Allocation Failure) 241531K->41669K(283392K), 0.0011430 secs]
108.839: [GC (Allocation Failure) 281627K->41653K(331328K), 0.0020390 secs]
108.979: [GC (Allocation Failure) 329581K->41669K(379456K), 0.0011600 secs]
109.139: [GC (Allocation Failure) 377625K->41571K(386624K), 0.0007780 secs]
109.308: [GC (Allocation Failure) 384694K->41571K(370048K), 0.0007960 secs]
109.469: [GC (Allocation Failure) 368298K->41766K(354496K), 0.0008670 secs]
109.619: [GC (Allocation Failure) 352997K->41750K(339712K), 0.0012750 secs]
109.760: [GC (Allocation Failure) 338117K->41750K(325696K), 0.0019560 secs]
109.898: [GC (Allocation Failure) 324166K->41754K(382208K), 0.0019040 secs]
110.063: [GC (Allocation Failure) 380684K->41868K(366208K), 0.0009520 secs]
110.217: [GC (Allocation Failure) 364673K->41770K(350720K), 0.0008330 secs]
110.366: [GC (Allocation Failure) 349168K->41770K(336128K), 0.0008110 secs]
110.507: [GC (Allocation Failure) 334611K->41770K(322304K), 0.0012290 secs]
110.644: [GC (Allocation Failure) 320749K->41868K(309120K), 0.0008150 secs]
110.771: [GC (Allocation Failure) 307675K->41868K(296640K), 0.0008180 secs]
110.894: [GC (Allocation Failure) 295197K->41868K(284736K), 0.0008080 secs]
111.009: [GC (Allocation Failure) 283317K->41966K(273600K), 0.0008490 secs]
111.119: [GC (Allocation Failure) 272119K->41950K(262592K), 0.0013790 secs]
111.228: [GC (Allocation Failure) 261378K->42067K(252544K), 0.0011180 secs]
111.332: [GC (Allocation Failure) 251280K->42263K(294528K), 0.0016330 secs]
111.461: [GC (Allocation Failure) 293345K->42165K(282624K), 0.0011800 secs]
111.576: [GC (Allocation Failure) 281454K->42263K(271424K), 0.0008520 secs]
111.688: [GC (Allocation Failure) 270343K->42267K(260800K), 0.0008210 secs]
111.794: [GC (Allocation Failure) 259739K->42364K(250688K), 0.0008350 secs]
111.892: [GC (Allocation Failure) 249698K->42446K(241152K), 0.0013010 secs]
111.989: [GC (Allocation Failure) 240255K->42368K(232000K), 0.0010200 secs]
112.082: [GC (Allocation Failure) 231040K->42368K(223360K), 0.0008220 secs]
112.168: [GC (Allocation Failure) 222389K->42568K(259392K), 0.0012790 secs]
112.274: [GC (Allocation Failure) 258645K->42665K(249472K), 0.0008320 secs]
112.374: [GC (Allocation Failure) 248742K->42568K(239744K), 0.0007770 secs]
112.468: [GC (Allocation Failure) 239084K->42665K(230784K), 0.0008280 secs]
112.564: [GC (Allocation Failure) 230161K->42649K(268288K), 0.0019320 secs]
112.677: [GC (Allocation Failure) 267584K->42763K(313472K), 0.0011650 secs]
112.808: [GC (Allocation Failure) 312808K->42861K(300544K), 0.0008810 secs]
112.809: [Full GC (Ergonomics) 42861K->1008K(275008K), 0.0158400 secs]
112.949: [GC (Allocation Failure) 258318K->1626K(263104K), 0.0007200 secs]
113.068: [GC (Allocation Failure) 246794K->1630K(251520K), 0.0005490 secs]
113.179: [GC (Allocation Failure) 235407K->1727K(240768K), 0.0006140 secs]
113.289: [GC (Allocation Failure) 224606K->1727K(230208K), 0.0004640 secs]
113.393: [GC (Allocation Failure) 214270K->1809K(220416K), 0.0007880 secs]
113.493: [GC (Allocation Failure) 204437K->1825K(211072K), 0.0005680 secs]
113.589: [GC (Allocation Failure) 195109K->1923K(202304K), 0.0005970 secs]
113.679: [GC (Allocation Failure) 186357K->1825K(193664K), 0.0005400 secs]
113.769: [GC (Allocation Failure) 177822K->2118K(185920K), 0.0006810 secs]
113.851: [GC (Allocation Failure) 170056K->1923K(178112K), 0.0005580 secs]
113.929: [GC (Allocation Failure) 162288K->1923K(170880K), 0.0005790 secs]
114.002: [GC (Allocation Failure) 155034K->1927K(163968K), 0.0005050 secs]
114.076: [GC (Allocation Failure) 148140K->1927K(157440K), 0.0004810 secs]
114.145: [GC (Allocation Failure) 141563K->2008K(151296K), 0.0008270 secs]
114.211: [GC (Allocation Failure) 135449K->2024K(145408K), 0.0004920 secs]
114.273: [GC (Allocation Failure) 129571K->2024K(139648K), 0.0005500 secs]
114.332: [GC (Allocation Failure) 123874K->2122K(134400K), 0.0006000 secs]
114.387: [GC (Allocation Failure) 118660K->2106K(129280K), 0.0005730 secs]
114.441: [GC (Allocation Failure) 113537K->2122K(124480K), 0.0005100 secs]
114.494: [GC (Allocation Failure) 108746K->2220K(119744K), 0.0006730 secs]
114.547: [GC (Allocation Failure) 104211K->2220K(115392K), 0.0005720 secs]
114.595: [GC (Allocation Failure) 99801K->2317K(111360K), 0.0004940 secs]
114.639: [GC (Allocation Failure) 95776K->2220K(107264K), 0.0004800 secs]
114.681: [GC (Allocation Failure) 91737K->2317K(103488K), 0.0005860 secs]
114.726: [GC (Allocation Failure) 88011K->2415K(120640K), 0.0006230 secs]
114.774: [GC (Allocation Failure) 105104K->2301K(140928K), 0.0006670 secs]
114.835: [GC (Allocation Failure) 125424K->2415K(165440K), 0.0005980 secs]
114.908: [GC (Allocation Failure) 149906K->2317K(158720K), 0.0005130 secs]
114.975: [GC (Allocation Failure) 143229K->2317K(152448K), 0.0004800 secs]
115.040: [GC (Allocation Failure) 137036K->2415K(146624K), 0.0005780 secs]
115.102: [GC (Allocation Failure) 131142K->2415K(140928K), 0.0005180 secs]
115.160: [GC (Allocation Failure) 125440K->2399K(135232K), 0.0008250 secs]
115.219: [GC (Allocation Failure) 120022K->2517K(130240K), 0.0004660 secs]
115.275: [GC (Allocation Failure) 115027K->2614K(125504K), 0.0004970 secs]
115.326: [GC (Allocation Failure) 110217K->2517K(120704K), 0.0006090 secs]
115.379: [GC (Allocation Failure) 105407K->2614K(116288K), 0.0005760 secs]
115.429: [GC (Allocation Failure) 101079K->2712K(112192K), 0.0005060 secs]
115.475: [GC (Allocation Failure) 97047K->2712K(108096K), 0.0004750 secs]
115.523: [GC (Allocation Failure) 93024K->2712K(104320K), 0.0005260 secs]
115.566: [GC (Allocation Failure) 89287K->2907K(100864K), 0.0005200 secs]
115.607: [GC (Allocation Failure) 85842K->2810K(117312K), 0.0006190 secs]
115.655: [GC (Allocation Failure) 102254K->2810K(136704K), 0.0005940 secs]
115.721: [GC (Allocation Failure) 121914K->3103K(131904K), 0.0005470 secs]
115.775: [GC (Allocation Failure) 116995K->3005K(126720K), 0.0004850 secs]
115.827: [GC (Allocation Failure) 111983K->3103K(122112K), 0.0004880 secs]
115.877: [GC (Allocation Failure) 107270K->3103K(117632K), 0.0004790 secs]
115.923: [GC (Allocation Failure) 102842K->3005K(113216K), 0.0005080 secs]
115.971: [GC (Allocation Failure) 98419K->3107K(109312K), 0.0006000 secs]
116.016: [GC (Allocation Failure) 94494K->3107K(105472K), 0.0005060 secs]
116.060: [GC (Allocation Failure) 90665K->3009K(101696K), 0.0004720 secs]
116.101: [GC (Allocation Failure) 86928K->3009K(118400K), 0.0006440 secs]
116.153: [GC (Allocation Failure) 103631K->3009K(138368K), 0.0005920 secs]
116.212: [GC (Allocation Failure) 123585K->3107K(133184K), 0.0005020 secs]
116.268: [GC (Allocation Failure) 118375K->3009K(128000K), 0.0004740 secs]
116.322: [GC (Allocation Failure) 113265K->3009K(123200K), 0.0005840 secs]
116.372: [GC (Allocation Failure) 108454K->3107K(118784K), 0.0004860 secs]
116.420: [GC (Allocation Failure) 104026K->3009K(114368K), 0.0004970 secs]
116.467: [GC (Allocation Failure) 99608K->3107K(110272K), 0.0005410 secs]
116.513: [GC (Allocation Failure) 95573K->3107K(128704K), 0.0009010 secs]
116.567: [GC (Allocation Failure) 114053K->3204K(150848K), 0.0004930 secs]
116.631: [GC (Allocation Failure) 136162K->3091K(177088K), 0.0008460 secs]
116.711: [GC (Allocation Failure) 162388K->3204K(169856K), 0.0004880 secs]
116.788: [GC (Allocation Failure) 155323K->3302K(163136K), 0.0004900 secs]
116.856: [GC (Allocation Failure) 148534K->3286K(156544K), 0.0005990 secs]
116.924: [GC (Allocation Failure) 142032K->3302K(150400K), 0.0006280 secs]
116.989: [GC (Allocation Failure) 135765K->3286K(144384K), 0.0005980 secs]
117.048: [GC (Allocation Failure) 129848K->3400K(138944K), 0.0005630 secs]
117.106: [GC (Allocation Failure) 124460K->3400K(133504K), 0.0004830 secs]
117.161: [GC (Allocation Failure) 119151K->3595K(128640K), 0.0006350 secs]
117.217: [GC (Allocation Failure) 114242K->3497K(123648K), 0.0005640 secs]
117.268: [GC (Allocation Failure) 109325K->3497K(119104K), 0.0006000 secs]
117.320: [GC (Allocation Failure) 104809K->3595K(114880K), 0.0005100 secs]
117.366: [GC (Allocation Failure) 100587K->3497K(110656K), 0.0004870 secs]
117.412: [GC (Allocation Failure) 96361K->3595K(106752K), 0.0004950 secs]
117.456: [GC (Allocation Failure) 92524K->3693K(124544K), 0.0006900 secs]
117.509: [GC (Allocation Failure) 110308K->3697K(119808K), 0.0005450 secs]
117.558: [GC (Allocation Failure) 105682K->3794K(115584K), 0.0005080 secs]
117.605: [GC (Allocation Failure) 101471K->3794K(111296K), 0.0004780 secs]
117.652: [GC (Allocation Failure) 97348K->3892K(107456K), 0.0006170 secs]
117.699: [GC (Allocation Failure) 93415K->3794K(125056K), 0.0005810 secs]
117.751: [GC (Allocation Failure) 111106K->3794K(146368K), 0.0006030 secs]
117.814: [GC (Allocation Failure) 132409K->3892K(140800K), 0.0006060 secs]
117.876: [GC (Allocation Failure) 126822K->3794K(135296K), 0.0005010 secs]
117.931: [GC (Allocation Failure) 121320K->3794K(130176K), 0.0005120 secs]
117.986: [GC (Allocation Failure) 116213K->3794K(125312K), 0.0006100 secs]
118.040: [GC (Allocation Failure) 111293K->3794K(120640K), 0.0005550 secs]
118.091: [GC (Allocation Failure) 106683K->3876K(141120K), 0.0008580 secs]
118.149: [GC (Allocation Failure) 127199K->3794K(135616K), 0.0006030 secs]
118.205: [GC (Allocation Failure) 121613K->3892K(130560K), 0.0006510 secs]
118.261: [GC (Allocation Failure) 116503K->3892K(125504K), 0.0005900 secs]
118.313: [GC (Allocation Failure) 111587K->3990K(120960K), 0.0005200 secs]
118.362: [GC (Allocation Failure) 107073K->3876K(141312K), 0.0008150 secs]
118.423: [GC (Allocation Failure) 127403K->3990K(165952K), 0.0006370 secs]
118.496: [GC (Allocation Failure) 152084K->3896K(159168K), 0.0006050 secs]
118.566: [GC (Allocation Failure) 145301K->3978K(187264K), 0.0008640 secs]
118.649: [GC (Allocation Failure) 173388K->4091K(179648K), 0.0006630 secs]
118.729: [GC (Allocation Failure) 165827K->4091K(172352K), 0.0006480 secs]
118.805: [GC (Allocation Failure) 158570K->4091K(165184K), 0.0005790 secs]
118.876: [GC (Allocation Failure) 151583K->4287K(158784K), 0.0005670 secs]
118.944: [GC (Allocation Failure) 145200K->4189K(152384K), 0.0005480 secs]
119.007: [GC (Allocation Failure) 138821K->4189K(146432K), 0.0005090 secs]
119.072: [GC (Allocation Failure) 132820K->4287K(140864K), 0.0005090 secs]
119.131: [GC (Allocation Failure) 127216K->4189K(135360K), 0.0005050 secs]
119.189: [GC (Allocation Failure) 121815K->4271K(130304K), 0.0005990 secs]
119.241: [GC (Allocation Failure) 116782K->4173K(125376K), 0.0008730 secs]
119.294: [GC (Allocation Failure) 111774K->4287K(120832K), 0.0004710 secs]
119.345: [GC (Allocation Failure) 107259K->4287K(116416K), 0.0005950 secs]
119.393: [GC (Allocation Failure) 102750K->4287K(112000K), 0.0005960 secs]
119.439: [GC (Allocation Failure) 98529K->4384K(130752K), 0.0005440 secs]
119.493: [GC (Allocation Failure) 117375K->4368K(153216K), 0.0008560 secs]
119.562: [GC (Allocation Failure) 139774K->4384K(147200K), 0.0004870 secs]
119.624: [GC (Allocation Failure) 133798K->4466K(141568K), 0.0006550 secs]
119.684: [GC (Allocation Failure) 128183K->4384K(136064K), 0.0004960 secs]
119.742: [GC (Allocation Failure) 122697K->4384K(130880K), 0.0006100 secs]
119.795: [GC (Allocation Failure) 117486K->4482K(126080K), 0.0005120 secs]
119.846: [GC (Allocation Failure) 112669K->4384K(121280K), 0.0005190 secs]
119.894: [GC (Allocation Failure) 107859K->4482K(116992K), 0.0005000 secs]
119.941: [GC (Allocation Failure) 103535K->4482K(112640K), 0.0005210 secs]
119.987: [GC (Allocation Failure) 99309K->4486K(108608K), 0.0005060 secs]
120.029: [GC (Allocation Failure) 95288K->4486K(104768K), 0.0005410 secs]
120.073: [GC (Allocation Failure) 91456K->4584K(101248K), 0.0005260 secs]
120.116: [GC (Allocation Failure) 87920K->4584K(97600K), 0.0004690 secs]
120.155: [GC (Allocation Failure) 84477K->4681K(113536K), 0.0006300 secs]
120.202: [GC (Allocation Failure) 100395K->4681K(132544K), 0.0006020 secs]
120.260: [GC (Allocation Failure) 119460K->4681K(155328K), 0.0006400 secs]
120.331: [GC (Allocation Failure) 142252K->4681K(149184K), 0.0006010 secs]
120.396: [GC (Allocation Failure) 136062K->4763K(143424K), 0.0006660 secs]
120.456: [GC (Allocation Failure) 130350K->4779K(137856K), 0.0004770 secs]
120.514: [GC (Allocation Failure) 124862K->4877K(132736K), 0.0006640 secs]
120.572: [GC (Allocation Failure) 119754K->4783K(127552K), 0.0005730 secs]
120.629: [GC (Allocation Failure) 114634K->4881K(122880K), 0.0006080 secs]
120.682: [GC (Allocation Failure) 110025K->4865K(118336K), 0.0006340 secs]
120.729: [GC (Allocation Failure) 105387K->4978K(114176K), 0.0005070 secs]
120.776: [GC (Allocation Failure) 101276K->4978K(109888K), 0.0004730 secs]
120.821: [GC (Allocation Failure) 97156K->5174K(106176K), 0.0005080 secs]
120.866: [GC (Allocation Failure) 93417K->5174K(102464K), 0.0004590 secs]
120.908: [GC (Allocation Failure) 89685K->5174K(119296K), 0.0006930 secs]
120.956: [GC (Allocation Failure) 106585K->5158K(139136K), 0.0006550 secs]
121.015: [GC (Allocation Failure) 126617K->5353K(163456K), 0.0006710 secs]
121.085: [GC (Allocation Failure) 150988K->5353K(192384K), 0.0009010 secs]
121.170: [GC (Allocation Failure) 179873K->5369K(184512K), 0.0005130 secs]
121.249: [GC (Allocation Failure) 172018K->5369K(176832K), 0.0004740 secs]
121.329: [GC (Allocation Failure) 164465K->5369K(169664K), 0.0006260 secs]
121.402: [GC (Allocation Failure) 157276K->5373K(162816K), 0.0006630 secs]
121.473: [GC (Allocation Failure) 150408K->5373K(156288K), 0.0005510 secs]
121.541: [GC (Allocation Failure) 143929K->5373K(150144K), 0.0005040 secs]
121.608: [GC (Allocation Failure) 137740K->5568K(144448K), 0.0006920 secs]
121.668: [GC (Allocation Failure) 132036K->5373K(138688K), 0.0006050 secs]
121.728: [GC (Allocation Failure) 126236K->5357K(133376K), 0.0008920 secs]
121.784: [GC (Allocation Failure) 120918K->5377K(128320K), 0.0006450 secs]
121.839: [GC (Allocation Failure) 115926K->5475K(123648K), 0.0006270 secs]
121.888: [GC (Allocation Failure) 111210K->5459K(144576K), 0.0008440 secs]
121.949: [GC (Allocation Failure) 132221K->5572K(169920K), 0.0008920 secs]
122.024: [GC (Allocation Failure) 157487K->5475K(199744K), 0.0004780 secs]
122.111: [GC (Allocation Failure) 187463K->5670K(191616K), 0.0006230 secs]
122.196: [GC (Allocation Failure) 179395K->5670K(183680K), 0.0005900 secs]
122.275: [GC (Allocation Failure) 171437K->5572K(176000K), 0.0005800 secs]
122.352: [GC (Allocation Failure) 163789K->5556K(168832K), 0.0007510 secs]
122.425: [GC (Allocation Failure) 156584K->5670K(162176K), 0.0005290 secs]
122.494: [GC (Allocation Failure) 149909K->5670K(155712K), 0.0005120 secs]
122.565: [GC (Allocation Failure) 143444K->5658K(149504K), 0.0009480 secs]
122.629: [GC (Allocation Failure) 137337K->5674K(143744K), 0.0004860 secs]
122.689: [GC (Allocation Failure) 131551K->5576K(138048K), 0.0008690 secs]
122.748: [GC (Allocation Failure) 125851K->5576K(132800K), 0.0006350 secs]
122.803: [GC (Allocation Failure) 120553K->5576K(127808K), 0.0006380 secs]
122.856: [GC (Allocation Failure) 115632K->5576K(123008K), 0.0005050 secs]
122.906: [GC (Allocation Failure) 110814K->5674K(118592K), 0.0005100 secs]
122.956: [GC (Allocation Failure) 106395K->5576K(114176K), 0.0004960 secs]
123.001: [GC (Allocation Failure) 101956K->5772K(110272K), 0.0005950 secs]
123.046: [GC (Allocation Failure) 98044K->5576K(128384K), 0.0005220 secs]
123.101: [GC (Allocation Failure) 116226K->5576K(123584K), 0.0005190 secs]
123.154: [GC (Allocation Failure) 111407K->5678K(119168K), 0.0006410 secs]
123.205: [GC (Allocation Failure) 106989K->5580K(114688K), 0.0005610 secs]
123.251: [GC (Allocation Failure) 102472K->5580K(110592K), 0.0005060 secs]
123.298: [GC (Allocation Failure) 98433K->5678K(129152K), 0.0006650 secs]
123.353: [GC (Allocation Failure) 116901K->5678K(124224K), 0.0005310 secs]
123.407: [GC (Allocation Failure) 112108K->5662K(145344K), 0.0008980 secs]
123.470: [GC (Allocation Failure) 133212K->5682K(170624K), 0.0005070 secs]
123.542: [GC (Allocation Failure) 158574K->5682K(163712K), 0.0006250 secs]
123.613: [GC (Allocation Failure) 151599K->5780K(157312K), 0.0005220 secs]
123.683: [GC (Allocation Failure) 145221K->5682K(150976K), 0.0007720 secs]
123.747: [GC (Allocation Failure) 138930K->5682K(145088K), 0.0004900 secs]
123.811: [GC (Allocation Failure) 133037K->5682K(139456K), 0.0006200 secs]
123.871: [GC (Allocation Failure) 127334K->5682K(134144K), 0.0006380 secs]
123.927: [GC (Allocation Failure) 122029K->5686K(129088K), 0.0006300 secs]
123.980: [GC (Allocation Failure) 117020K->5784K(124288K), 0.0005690 secs]
124.033: [GC (Allocation Failure) 112307K->5881K(119808K), 0.0007040 secs]
124.081: [GC (Allocation Failure) 107783K->5784K(139840K), 0.0005900 secs]
124.139: [GC (Allocation Failure) 127926K->5963K(164224K), 0.0008990 secs]
124.210: [GC (Allocation Failure) 152387K->5979K(157696K), 0.0005090 secs]
124.276: [GC (Allocation Failure) 145809K->5885K(151360K), 0.0005340 secs]
124.341: [GC (Allocation Failure) 139431K->5983K(145408K), 0.0006300 secs]
124.403: [GC (Allocation Failure) 133631K->5983K(139776K), 0.0005130 secs]
124.465: [GC (Allocation Failure) 128028K->5983K(134400K), 0.0005150 secs]
124.525: [GC (Allocation Failure) 122627K->6081K(129408K), 0.0007070 secs]
124.581: [GC (Allocation Failure) 117587K->5967K(124288K), 0.0006570 secs]
124.635: [GC (Allocation Failure) 112590K->6178K(119936K), 0.0005110 secs]
124.684: [GC (Allocation Failure) 108181K->6178K(115584K), 0.0005060 secs]
124.730: [GC (Allocation Failure) 103856K->6178K(111424K), 0.0006660 secs]
124.778: [GC (Allocation Failure) 99725K->6178K(107264K), 0.0004770 secs]
124.822: [GC (Allocation Failure) 95701K->6260K(125120K), 0.0008950 secs]
124.877: [GC (Allocation Failure) 113565K->6276K(146432K), 0.0006350 secs]
124.940: [GC (Allocation Failure) 134907K->6374K(172096K), 0.0006560 secs]
125.019: [GC (Allocation Failure) 160554K->6276K(164992K), 0.0006150 secs]
125.092: [GC (Allocation Failure) 153473K->6260K(194176K), 0.0009260 secs]
125.178: [GC (Allocation Failure) 182640K->6374K(186240K), 0.0006430 secs]
125.257: [GC (Allocation Failure) 174706K->6276K(178432K), 0.0006570 secs]
125.336: [GC (Allocation Failure) 166914K->6374K(171136K), 0.0005280 secs]
125.409: [GC (Allocation Failure) 159754K->6358K(164224K), 0.0007700 secs]
125.481: [GC (Allocation Failure) 152767K->6374K(157632K), 0.0006600 secs]
125.548: [GC (Allocation Failure) 146206K->6471K(151488K), 0.0005860 secs]
125.612: [GC (Allocation Failure) 140016K->6374K(145344K), 0.0005780 secs]
125.675: [GC (Allocation Failure) 134019K->6569K(139904K), 0.0005140 secs]
125.734: [GC (Allocation Failure) 128610K->6569K(134528K), 0.0005010 secs]
125.791: [GC (Allocation Failure) 123215K->6475K(129280K), 0.0006510 secs]
125.846: [GC (Allocation Failure) 118008K->6573K(124416K), 0.0005170 secs]
125.895: [GC (Allocation Failure) 113195K->6573K(119808K), 0.0005220 secs]
125.947: [GC (Allocation Failure) 108570K->6573K(115456K), 0.0006400 secs]
125.993: [GC (Allocation Failure) 104245K->6573K(111296K), 0.0005790 secs]
126.039: [GC (Allocation Failure) 100121K->6573K(107328K), 0.0005040 secs]
126.083: [GC (Allocation Failure) 96095K->6671K(125184K), 0.0005840 secs]
126.136: [GC (Allocation Failure) 113978K->6655K(146240K), 0.0006860 secs]
126.199: [GC (Allocation Failure) 135282K->6769K(140864K), 0.0006040 secs]
126.260: [GC (Allocation Failure) 129691K->6866K(135424K), 0.0005450 secs]
126.318: [GC (Allocation Failure) 124390K->6866K(130304K), 0.0005980 secs]
126.373: [GC (Allocation Failure) 119284K->6866K(125248K), 0.0005640 secs]
126.426: [GC (Allocation Failure) 114369K->7062K(120768K), 0.0006030 secs]
126.475: [GC (Allocation Failure) 109944K->6964K(116224K), 0.0005730 secs]
126.522: [GC (Allocation Failure) 105413K->6964K(112000K), 0.0005110 secs]
126.568: [GC (Allocation Failure) 101205K->7046K(130816K), 0.0009310 secs]
126.630: [GC (Allocation Failure) 120065K->7062K(153344K), 0.0005570 secs]
126.696: [GC (Allocation Failure) 142476K->7066K(147200K), 0.0004950 secs]
126.758: [GC (Allocation Failure) 136476K->7066K(141504K), 0.0005650 secs]
126.818: [GC (Allocation Failure) 130780K->7163K(136192K), 0.0005070 secs]
126.878: [GC (Allocation Failure) 125485K->7163K(131008K), 0.0006670 secs]
126.934: [GC (Allocation Failure) 120265K->7066K(125888K), 0.0006330 secs]
126.987: [GC (Allocation Failure) 115252K->7261K(121408K), 0.0006590 secs]
127.040: [GC (Allocation Failure) 110731K->7151K(141824K), 0.0009220 secs]
127.099: [GC (Allocation Failure) 131165K->7167K(166400K), 0.0005120 secs]
127.171: [GC (Allocation Failure) 155743K->7167K(159744K), 0.0006500 secs]
127.240: [GC (Allocation Failure) 149165K->7265K(153536K), 0.0005260 secs]
127.305: [GC (Allocation Failure) 142875K->7265K(147392K), 0.0006530 secs]
127.368: [GC (Allocation Failure) 136879K->7265K(141632K), 0.0005350 secs]
127.429: [GC (Allocation Failure) 131076K->7269K(136192K), 0.0005320 secs]
127.485: [GC (Allocation Failure) 125679K->7367K(131136K), 0.0007080 secs]
127.543: [GC (Allocation Failure) 120577K->7367K(126080K), 0.0005140 secs]
127.593: [GC (Allocation Failure) 115655K->7448K(147648K), 0.0009630 secs]
127.660: [GC (Allocation Failure) 137260K->7367K(141824K), 0.0005240 secs]
127.720: [GC (Allocation Failure) 131380K->7367K(136384K), 0.0005890 secs]
127.778: [GC (Allocation Failure) 125975K->7464K(131328K), 0.0005000 secs]
127.834: [GC (Allocation Failure) 120863K->7468K(126400K), 0.0006830 secs]
127.887: [GC (Allocation Failure) 115956K->7468K(121536K), 0.0004930 secs]
127.938: [GC (Allocation Failure) 111337K->7550K(142208K), 0.0006920 secs]
127.998: [GC (Allocation Failure) 131954K->7570K(136704K), 0.0005140 secs]
128.055: [GC (Allocation Failure) 126460K->7570K(131520K), 0.0005150 secs]
128.110: [GC (Allocation Failure) 121360K->7570K(126592K), 0.0005830 secs]
128.164: [GC (Allocation Failure) 116353K->7668K(121984K), 0.0006850 secs]
128.215: [GC (Allocation Failure) 111730K->7554K(142400K), 0.0009340 secs]
128.277: [GC (Allocation Failure) 132351K->7668K(167424K), 0.0005300 secs]
128.349: [GC (Allocation Failure) 157131K->7765K(160640K), 0.0005180 secs]
128.419: [GC (Allocation Failure) 150548K->7668K(154112K), 0.0006990 secs]
128.488: [GC (Allocation Failure) 143965K->7765K(148032K), 0.0006770 secs]
128.556: [GC (Allocation Failure) 137972K->7765K(142272K), 0.0006580 secs]
128.617: [GC (Allocation Failure) 132268K->7863K(136768K), 0.0006130 secs]
128.678: [GC (Allocation Failure) 126866K->7863K(131584K), 0.0006490 secs]
128.733: [GC (Allocation Failure) 121657K->7847K(126656K), 0.0007250 secs]
128.785: [GC (Allocation Failure) 116723K->7847K(148288K), 0.0009860 secs]
128.852: [GC (Allocation Failure) 138353K->7863K(174144K), 0.0006410 secs]
128.934: [GC (Allocation Failure) 164200K->7945K(205248K), 0.0010190 secs]
129.024: [GC (Allocation Failure) 195340K->7863K(196608K), 0.0005000 secs]
129.111: [GC (Allocation Failure) 186709K->7863K(188416K), 0.0005060 secs]
129.192: [GC (Allocation Failure) 178459K->7863K(180672K), 0.0006320 secs]
129.272: [GC (Allocation Failure) 170774K->7961K(173440K), 0.0007550 secs]
129.349: [GC (Allocation Failure) 163513K->7961K(166208K), 0.0006350 secs]
129.422: [GC (Allocation Failure) 156438K->8058K(159616K), 0.0005480 secs]
129.489: [GC (Allocation Failure) 149855K->8156K(153408K), 0.0006440 secs]
129.557: [GC (Allocation Failure) 143669K->8058K(147264K), 0.0005390 secs]
129.616: [GC (Allocation Failure) 137569K->8058K(141504K), 0.0004950 secs]
129.678: [GC (Allocation Failure) 131877K->8140K(136128K), 0.0009190 secs]
129.737: [GC (Allocation Failure) 126462K->8254K(131072K), 0.0005480 secs]
129.792: [GC (Allocation Failure) 121455K->8140K(153408K), 0.0009870 secs]
129.859: [GC (Allocation Failure) 143747K->8160K(180224K), 0.0006090 secs]
129.939: [GC (Allocation Failure) 170704K->8258K(172928K), 0.0005160 secs]
130.013: [GC (Allocation Failure) 163414K->8355K(166080K), 0.0006340 secs]
130.085: [GC (Allocation Failure) 156537K->8355K(159424K), 0.0005700 secs]
130.153: [GC (Allocation Failure) 149846K->8355K(152768K), 0.0005120 secs]
130.217: [GC (Allocation Failure) 143570K->8648K(147136K), 0.0005170 secs]
130.280: [GC (Allocation Failure) 137774K->8648K(141376K), 0.0006670 secs]
130.344: [GC (Allocation Failure) 132163K->8535K(135808K), 0.0010010 secs]
130.400: [GC (Allocation Failure) 126551K->8648K(130752K), 0.0005290 secs]
130.455: [GC (Allocation Failure) 121462K->8648K(125824K), 0.0005610 secs]
130.507: [GC (Allocation Failure) 116542K->8652K(121024K), 0.0006720 secs]
130.559: [GC (Allocation Failure) 111935K->8652K(116608K), 0.0005400 secs]
130.606: [GC (Allocation Failure) 107521K->8652K(112384K), 0.0005910 secs]
130.651: [GC (Allocation Failure) 103287K->8750K(131264K), 0.0005370 secs]
130.707: [GC (Allocation Failure) 122145K->8738K(153728K), 0.0009420 secs]
130.774: [GC (Allocation Failure) 144636K->8656K(180608K), 0.0005720 secs]
130.854: [GC (Allocation Failure) 171481K->8754K(173376K), 0.0006580 secs]
130.931: [GC (Allocation Failure) 164212K->8754K(166336K), 0.0007010 secs]
131.001: [GC (Allocation Failure) 157232K->8758K(159488K), 0.0005460 secs]
131.070: [GC (Allocation Failure) 150549K->8937K(153280K), 0.0009980 secs]
131.139: [GC (Allocation Failure) 144349K->8953K(147328K), 0.0005320 secs]
131.200: [GC (Allocation Failure) 138366K->8860K(141504K), 0.0005570 secs]
131.261: [GC (Allocation Failure) 132578K->8957K(136064K), 0.0006670 secs]
131.322: [GC (Allocation Failure) 127281K->9039K(130944K), 0.0007350 secs]
131.377: [GC (Allocation Failure) 122140K->8957K(125952K), 0.0005810 secs]
131.432: [GC (Allocation Failure) 117148K->9055K(121408K), 0.0005550 secs]
131.482: [GC (Allocation Failure) 112531K->8957K(116864K), 0.0006130 secs]
131.529: [GC (Allocation Failure) 108006K->8957K(136512K), 0.0006850 secs]
131.588: [GC (Allocation Failure) 127666K->8957K(131328K), 0.0005480 secs]
131.642: [GC (Allocation Failure) 122553K->8957K(126400K), 0.0005290 secs]
131.695: [GC (Allocation Failure) 117541K->9039K(148032K), 0.0009990 secs]
131.759: [GC (Allocation Failure) 139241K->8961K(173760K), 0.0005500 secs]
131.834: [GC (Allocation Failure) 164912K->9059K(166848K), 0.0005190 secs]
131.908: [GC (Allocation Failure) 158026K->9043K(160064K), 0.0007630 secs]
131.976: [GC (Allocation Failure) 151232K->8961K(153664K), 0.0006490 secs]
132.043: [GC (Allocation Failure) 144863K->9059K(147776K), 0.0006990 secs]
132.107: [GC (Allocation Failure) 138952K->9043K(173440K), 0.0009570 secs]
132.182: [GC (Allocation Failure) 164605K->8965K(166336K), 0.0006980 secs]
132.254: [GC (Allocation Failure) 157550K->8965K(159680K), 0.0005320 secs]
132.324: [GC (Allocation Failure) 150864K->8965K(153344K), 0.0006830 secs]
132.391: [GC (Allocation Failure) 144487K->9063K(147456K), 0.0005440 secs]
132.453: [GC (Allocation Failure) 138574K->9063K(173120K), 0.0010580 secs]
132.533: [GC (Allocation Failure) 164327K->9047K(203648K), 0.0010430 secs]
132.623: [GC (Allocation Failure) 195062K->9161K(195264K), 0.0005290 secs]
132.710: [GC (Allocation Failure) 186627K->9161K(187136K), 0.0006850 secs]
132.794: [GC (Allocation Failure) 178473K->9246K(179520K), 0.0010080 secs]
132.872: [GC (Allocation Failure) 170892K->9165K(172160K), 0.0006750 secs]
132.946: [GC (Allocation Failure) 163540K->9262K(165312K), 0.0007000 secs]
133.019: [GC (Allocation Failure) 156661K->9360K(158592K), 0.0006940 secs]
133.087: [GC (Allocation Failure) 150181K->9360K(152320K), 0.0006600 secs]
133.151: [GC (Allocation Failure) 143876K->9458K(146496K), 0.0006050 secs]
133.215: [GC (Allocation Failure) 138094K->9360K(140672K), 0.0005890 secs]
133.275: [GC (Allocation Failure) 132288K->9442K(165120K), 0.0009520 secs]
133.349: [GC (Allocation Failure) 156746K->9360K(158464K), 0.0006950 secs]
133.418: [GC (Allocation Failure) 150084K->9364K(152192K), 0.0006910 secs]
133.483: [GC (Allocation Failure) 143788K->9364K(146240K), 0.0005570 secs]
133.545: [GC (Allocation Failure) 137794K->9462K(140672K), 0.0005310 secs]
133.603: [GC (Allocation Failure) 132187K->9348K(164864K), 0.0010040 secs]
133.675: [GC (Allocation Failure) 156451K->9462K(158272K), 0.0005440 secs]
133.743: [GC (Allocation Failure) 149986K->9559K(152128K), 0.0005550 secs]
133.810: [GC (Allocation Failure) 143786K->9559K(145984K), 0.0006390 secs]
133.873: [GC (Allocation Failure) 137796K->9657K(171456K), 0.0010390 secs]
133.949: [GC (Allocation Failure) 163328K->9641K(201984K), 0.0010420 secs]
134.040: [GC (Allocation Failure) 193883K->9755K(193664K), 0.0006990 secs]
134.126: [GC (Allocation Failure) 185556K->9657K(185472K), 0.0004990 secs]
134.208: [GC (Allocation Failure) 177406K->9852K(178048K), 0.0007140 secs]
134.285: [GC (Allocation Failure) 170026K->9856K(170816K), 0.0005970 secs]
134.360: [GC (Allocation Failure) 162761K->9840K(163840K), 0.0007740 secs]
134.431: [GC (Allocation Failure) 155867K->9856K(157248K), 0.0005780 secs]
134.501: [GC (Allocation Failure) 149290K->9954K(151168K), 0.0006240 secs]
134.567: [GC (Allocation Failure) 143204K->9856K(145152K), 0.0006810 secs]
134.630: [GC (Allocation Failure) 137193K->9844K(139520K), 0.0008470 secs]
134.689: [GC (Allocation Failure) 131596K->9958K(134272K), 0.0006100 secs]
134.745: [GC (Allocation Failure) 126302K->9942K(157312K), 0.0010560 secs]
134.815: [GC (Allocation Failure) 149383K->9844K(184896K), 0.0009640 secs]
134.897: [GC (Allocation Failure) 176995K->9958K(218176K), 0.0005600 secs]
134.991: [GC (Allocation Failure) 210228K->9962K(208832K), 0.0005430 secs]
135.083: [GC (Allocation Failure) 200990K->10060K(200192K), 0.0006250 secs]
135.172: [GC (Allocation Failure) 192344K->9946K(191744K), 0.0010000 secs]
135.256: [GC (Allocation Failure) 183873K->9962K(183808K), 0.0006910 secs]
135.337: [GC (Allocation Failure) 176033K->9962K(176256K), 0.0007160 secs]
135.415: [GC (Allocation Failure) 168472K->10060K(169216K), 0.0005610 secs]
135.488: [GC (Allocation Failure) 161384K->10060K(162304K), 0.0006140 secs]
135.561: [GC (Allocation Failure) 154609K->10060K(155840K), 0.0005440 secs]
135.627: [GC (Allocation Failure) 148117K->10141K(149760K), 0.0007520 secs]
135.692: [GC (Allocation Failure) 142014K->10157K(144000K), 0.0007560 secs]
135.758: [GC (Allocation Failure) 136241K->10060K(138304K), 0.0006430 secs]
135.818: [GC (Allocation Failure) 130632K->10141K(162304K), 0.0010350 secs]
135.888: [GC (Allocation Failure) 154595K->10157K(191040K), 0.0006740 secs]
135.974: [GC (Allocation Failure) 183301K->10157K(183168K), 0.0007370 secs]
136.056: [GC (Allocation Failure) 175441K->10157K(175488K), 0.0006560 secs]
136.132: [GC (Allocation Failure) 167884K->10255K(168448K), 0.0006770 secs]
136.206: [GC (Allocation Failure) 160890K->10353K(161792K), 0.0006940 secs]
136.277: [GC (Allocation Failure) 154208K->10353K(155328K), 0.0006050 secs]
136.344: [GC (Allocation Failure) 147824K->10255K(148992K), 0.0006340 secs]
136.407: [GC (Allocation Failure) 141538K->10353K(143232K), 0.0005400 secs]
136.471: [GC (Allocation Failure) 135846K->10438K(137792K), 0.0010690 secs]
136.532: [GC (Allocation Failure) 130419K->10357K(132480K), 0.0005670 secs]
136.588: [GC (Allocation Failure) 125020K->10458K(127616K), 0.0005940 secs]
136.643: [GC (Allocation Failure) 120125K->10458K(122880K), 0.0006790 secs]
136.692: [GC (Allocation Failure) 115409K->10458K(143552K), 0.0005910 secs]
136.753: [GC (Allocation Failure) 136333K->10556K(138048K), 0.0005510 secs]
136.813: [GC (Allocation Failure) 130826K->10556K(132800K), 0.0007290 secs]
136.869: [GC (Allocation Failure) 125623K->10654K(127936K), 0.0005800 secs]
136.921: [GC (Allocation Failure) 120714K->10654K(123008K), 0.0005530 secs]
136.975: [GC (Allocation Failure) 115900K->10654K(143872K), 0.0006950 secs]
137.036: [GC (Allocation Failure) 136731K->10755K(138432K), 0.0005640 secs]
137.095: [GC (Allocation Failure) 131236K->10755K(133120K), 0.0006380 secs]
137.152: [GC (Allocation Failure) 125925K->10739K(155776K), 0.0007560 secs]
137.221: [GC (Allocation Failure) 148880K->10951K(149888K), 0.0006190 secs]
137.286: [GC (Allocation Failure) 142925K->10853K(143936K), 0.0006080 secs]
137.347: [GC (Allocation Failure) 137019K->10853K(138368K), 0.0007200 secs]
137.408: [GC (Allocation Failure) 131424K->10951K(133184K), 0.0005530 secs]
137.465: [GC (Allocation Failure) 126212K->10853K(128000K), 0.0006420 secs]
137.518: [GC (Allocation Failure) 121108K->10857K(123200K), 0.0006990 secs]
137.571: [GC (Allocation Failure) 116296K->10939K(144192K), 0.0007680 secs]
137.633: [GC (Allocation Failure) 137307K->10939K(169216K), 0.0007590 secs]
137.708: [GC (Allocation Failure) 162358K->10857K(162368K), 0.0005530 secs]
137.775: [GC (Allocation Failure) 155497K->10857K(155904K), 0.0005440 secs]
137.843: [GC (Allocation Failure) 149019K->10861K(149760K), 0.0005530 secs]
137.908: [GC (Allocation Failure) 142838K->10959K(144064K), 0.0005570 secs]
137.968: [GC (Allocation Failure) 137129K->10959K(138496K), 0.0005840 secs]
138.027: [GC (Allocation Failure) 131534K->10861K(132992K), 0.0006440 secs]
138.084: [GC (Allocation Failure) 126128K->11056K(128128K), 0.0006340 secs]
138.138: [GC (Allocation Failure) 121311K->11056K(123328K), 0.0006930 secs]
138.188: [GC (Allocation Failure) 116499K->10959K(118656K), 0.0005730 secs]
138.240: [GC (Allocation Failure) 111878K->11056K(138688K), 0.0007100 secs]
138.298: [GC (Allocation Failure) 131920K->11252K(162816K), 0.0007040 secs]
138.367: [GC (Allocation Failure) 156101K->11138K(191360K), 0.0007350 secs]
138.450: [GC (Allocation Failure) 184767K->11158K(183424K), 0.0005510 secs]
138.531: [GC (Allocation Failure) 176827K->11158K(175936K), 0.0007040 secs]
138.608: [GC (Allocation Failure) 169270K->11260K(168896K), 0.0007480 secs]
138.681: [GC (Allocation Failure) 162282K->11162K(161984K), 0.0006560 secs]
138.752: [GC (Allocation Failure) 155418K->11166K(155520K), 0.0005560 secs]
138.820: [GC (Allocation Failure) 148925K->11166K(149376K), 0.0005570 secs]
138.882: [GC (Allocation Failure) 142750K->11264K(143680K), 0.0006330 secs]
138.944: [GC (Allocation Failure) 137045K->11268K(137984K), 0.0005720 secs]
139.000: [GC (Allocation Failure) 131456K->11268K(132736K), 0.0006280 secs]
139.056: [GC (Allocation Failure) 126237K->11268K(127744K), 0.0006380 secs]
139.111: [GC (Allocation Failure) 121213K->11365K(123136K), 0.0005690 secs]
139.161: [GC (Allocation Failure) 116613K->11268K(118464K), 0.0005700 secs]
139.208: [GC (Allocation Failure) 111990K->11365K(114304K), 0.0005770 secs]
139.254: [GC (Allocation Failure) 107768K->11268K(110080K), 0.0005480 secs]
139.298: [GC (Allocation Failure) 103536K->11349K(128512K), 0.0009010 secs]
139.354: [GC (Allocation Failure) 121993K->11365K(150528K), 0.0005470 secs]
139.418: [GC (Allocation Failure) 144025K->11365K(176832K), 0.0007490 secs]
139.495: [GC (Allocation Failure) 170247K->11268K(169472K), 0.0005200 secs]
139.570: [GC (Allocation Failure) 162987K->11365K(162688K), 0.0005490 secs]
139.638: [GC (Allocation Failure) 156305K->11463K(156352K), 0.0005680 secs]
139.705: [GC (Allocation Failure) 149917K->11365K(150080K), 0.0005840 secs]
139.769: [GC (Allocation Failure) 143627K->11463K(144192K), 0.0006080 secs]
139.828: [GC (Allocation Failure) 137830K->11463K(138624K), 0.0005610 secs]
139.885: [GC (Allocation Failure) 132328K->11561K(133440K), 0.0006050 secs]
139.942: [GC (Allocation Failure) 127119K->11463K(128256K), 0.0007950 secs]
139.995: [GC (Allocation Failure) 121919K->11463K(123456K), 0.0005470 secs]
140.047: [GC (Allocation Failure) 117097K->11561K(119040K), 0.0005580 secs]
140.097: [GC (Allocation Failure) 112673K->11463K(139008K), 0.0007780 secs]
140.153: [GC (Allocation Failure) 132722K->11467K(163008K), 0.0005570 secs]
140.227: [GC (Allocation Failure) 156711K->11467K(156480K), 0.0005630 secs]
140.293: [GC (Allocation Failure) 150215K->11471K(150272K), 0.0006890 secs]
140.361: [GC (Allocation Failure) 143938K->11471K(144384K), 0.0005530 secs]
140.420: [GC (Allocation Failure) 138041K->11471K(138816K), 0.0005530 secs]
140.476: [GC (Allocation Failure) 132537K->11471K(133504K), 0.0005440 secs]
140.534: [GC (Allocation Failure) 127227K->11471K(128448K), 0.0005350 secs]
140.588: [GC (Allocation Failure) 122113K->11471K(123648K), 0.0007070 secs]
140.645: [GC (Allocation Failure) 117296K->11569K(119232K), 0.0005630 secs]
140.693: [GC (Allocation Failure) 112883K->11471K(114688K), 0.0005310 secs]
140.739: [GC (Allocation Failure) 108457K->11666K(134144K), 0.0006350 secs]
140.796: [GC (Allocation Failure) 127919K->11569K(128960K), 0.0005230 secs]
140.849: [GC (Allocation Failure) 122706K->11666K(124288K), 0.0005930 secs]
140.900: [GC (Allocation Failure) 118090K->11569K(145216K), 0.0006840 secs]
140.965: [GC (Allocation Failure) 139117K->11666K(170560K), 0.0007300 secs]
141.042: [GC (Allocation Failure) 164459K->11764K(163776K), 0.0007040 secs]
141.115: [GC (Allocation Failure) 157593K->11764K(157248K), 0.0005970 secs]
141.185: [GC (Allocation Failure) 151103K->11764K(150848K), 0.0006990 secs]
141.251: [GC (Allocation Failure) 144912K->11862K(145024K), 0.0007300 secs]
141.315: [GC (Allocation Failure) 139106K->11959K(139520K), 0.0005580 secs]
141.374: [GC (Allocation Failure) 133613K->11943K(163584K), 0.0009340 secs]
141.444: [GC (Allocation Failure) 157671K->11862K(156992K), 0.0006620 secs]
141.511: [GC (Allocation Failure) 151098K->11943K(184704K), 0.0008210 secs]
141.592: [GC (Allocation Failure) 178783K->11959K(177216K), 0.0005370 secs]
141.669: [GC (Allocation Failure) 171250K->11866K(169856K), 0.0006530 secs]
141.743: [GC (Allocation Failure) 163963K->11866K(163008K), 0.0007050 secs]
141.812: [GC (Allocation Failure) 157101K->11866K(156480K), 0.0007180 secs]
141.879: [GC (Allocation Failure) 150523K->11947K(150336K), 0.0007880 secs]
141.942: [GC (Allocation Failure) 144410K->11967K(144512K), 0.0006590 secs]
142.005: [GC (Allocation Failure) 138532K->11951K(169472K), 0.0008770 secs]
142.079: [GC (Allocation Failure) 163676K->12065K(162752K), 0.0006140 secs]
142.147: [GC (Allocation Failure) 156893K->12065K(156160K), 0.0007520 secs]
142.215: [GC (Allocation Failure) 150423K->12147K(150080K), 0.0007930 secs]
142.282: [GC (Allocation Failure) 144416K->12167K(144256K), 0.0007070 secs]
142.344: [GC (Allocation Failure) 138531K->12151K(169280K), 0.0011090 secs]
142.419: [GC (Allocation Failure) 163576K->12069K(199296K), 0.0006580 secs]
142.512: [GC (Allocation Failure) 193576K->12167K(191104K), 0.0008250 secs]
142.600: [GC (Allocation Failure) 185412K->12069K(183104K), 0.0005450 secs]
142.680: [GC (Allocation Failure) 177350K->12073K(175616K), 0.0005620 secs]
142.755: [GC (Allocation Failure) 169882K->12073K(168512K), 0.0006310 secs]
142.828: [GC (Allocation Failure) 162812K->12073K(161728K), 0.0006460 secs]
142.896: [GC (Allocation Failure) 156034K->12159K(155328K), 0.0007930 secs]
142.964: [GC (Allocation Failure) 149631K->12077K(149120K), 0.0007400 secs]
143.029: [GC (Allocation Failure) 143467K->12175K(143424K), 0.0005440 secs]
143.092: [GC (Allocation Failure) 137657K->12175K(137920K), 0.0006440 secs]
143.149: [GC (Allocation Failure) 132158K->12175K(132480K), 0.0006250 secs]
143.202: [GC (Allocation Failure) 126951K->12370K(127680K), 0.0005730 secs]
143.257: [GC (Allocation Failure) 122130K->12276K(122816K), 0.0007430 secs]
143.309: [GC (Allocation Failure) 117325K->12374K(118400K), 0.0005990 secs]
143.357: [GC (Allocation Failure) 112900K->12276K(138304K), 0.0009310 secs]
143.417: [GC (Allocation Failure) 132846K->12374K(162368K), 0.0005760 secs]
143.488: [GC (Allocation Failure) 156833K->12374K(190912K), 0.0005640 secs]
143.571: [GC (Allocation Failure) 185524K->12476K(183168K), 0.0005640 secs]
143.651: [GC (Allocation Failure) 177760K->12476K(175552K), 0.0005590 secs]
143.726: [GC (Allocation Failure) 170281K->12573K(168576K), 0.0006490 secs]
143.799: [GC (Allocation Failure) 163217K->12573K(161664K), 0.0006200 secs]
143.872: [GC (Allocation Failure) 156436K->12573K(155200K), 0.0005530 secs]
143.941: [GC (Allocation Failure) 149948K->12557K(149056K), 0.0011260 secs]
144.005: [GC (Allocation Failure) 143845K->12573K(143232K), 0.0005670 secs]
144.065: [GC (Allocation Failure) 138059K->12671K(137856K), 0.0005690 secs]
144.123: [GC (Allocation Failure) 132649K->12573K(132480K), 0.0005750 secs]
144.179: [GC (Allocation Failure) 127249K->12655K(155328K), 0.0010600 secs]
144.249: [GC (Allocation Failure) 150131K->12573K(182528K), 0.0005640 secs]
144.325: [GC (Allocation Failure) 177357K->12675K(175168K), 0.0005670 secs]
144.400: [GC (Allocation Failure) 169909K->12675K(168064K), 0.0007570 secs]
144.472: [GC (Allocation Failure) 162826K->12659K(197632K), 0.0011030 secs]
144.560: [GC (Allocation Failure) 192684K->12870K(233536K), 0.0008970 secs]
144.668: [GC (Allocation Failure) 228462K->12870K(223552K), 0.0006440 secs]
144.768: [GC (Allocation Failure) 218543K->12773K(213888K), 0.0005950 secs]
144.862: [GC (Allocation Failure) 208909K->12773K(204864K), 0.0007040 secs]
144.953: [GC (Allocation Failure) 199868K->12773K(196288K), 0.0007690 secs]
145.039: [GC (Allocation Failure) 191321K->12870K(188288K), 0.0005780 secs]
145.119: [GC (Allocation Failure) 183256K->12870K(180544K), 0.0005810 secs]
145.198: [GC (Allocation Failure) 175491K->12773K(172992K), 0.0006850 secs]
145.273: [GC (Allocation Failure) 168027K->12972K(166208K), 0.0007880 secs]
145.344: [GC (Allocation Failure) 161254K->12972K(159552K), 0.0007070 secs]
145.413: [GC (Allocation Failure) 154665K->12956K(153152K), 0.0008210 secs]
145.476: [GC (Allocation Failure) 148267K->12874K(147072K), 0.0006790 secs]
145.539: [GC (Allocation Failure) 142196K->12874K(141376K), 0.0007350 secs]
145.600: [GC (Allocation Failure) 136498K->12874K(135936K), 0.0006380 secs]
145.658: [GC (Allocation Failure) 130988K->12874K(130752K), 0.0005680 secs]
145.711: [GC (Allocation Failure) 125879K->12858K(153216K), 0.0007660 secs]
145.777: [GC (Allocation Failure) 148275K->12874K(180096K), 0.0007470 secs]
145.858: [GC (Allocation Failure) 175208K->12874K(172736K), 0.0007550 secs]
145.930: [GC (Allocation Failure) 167837K->12960K(203520K), 0.0011240 secs]
146.020: [GC (Allocation Failure) 198678K->12976K(194944K), 0.0006180 secs]
146.111: [GC (Allocation Failure) 190161K->12980K(186880K), 0.0007200 secs]
146.192: [GC (Allocation Failure) 182082K->13078K(179200K), 0.0005720 secs]
146.270: [GC (Allocation Failure) 174526K->13062K(171904K), 0.0007980 secs]
146.346: [GC (Allocation Failure) 167141K->13078K(164928K), 0.0006280 secs]
146.419: [GC (Allocation Failure) 160264K->13062K(158336K), 0.0011100 secs]
146.490: [GC (Allocation Failure) 153660K->13176K(152064K), 0.0006710 secs]
146.556: [GC (Allocation Failure) 147507K->13176K(146112K), 0.0007510 secs]
146.620: [GC (Allocation Failure) 141508K->13176K(140416K), 0.0005790 secs]
146.680: [GC (Allocation Failure) 135811K->13180K(135040K), 0.0007490 secs]
146.737: [GC (Allocation Failure) 130411K->13277K(158208K), 0.0007040 secs]
146.806: [GC (Allocation Failure) 153798K->13473K(152128K), 0.0005750 secs]
146.871: [GC (Allocation Failure) 147704K->13473K(146048K), 0.0005470 secs]
146.932: [GC (Allocation Failure) 141705K->13473K(140352K), 0.0005830 secs]
146.993: [GC (Allocation Failure) 136096K->13457K(134976K), 0.0007720 secs]
147.051: [GC (Allocation Failure) 130685K->13570K(129984K), 0.0005910 secs]
147.106: [GC (Allocation Failure) 125690K->13473K(152064K), 0.0007340 secs]
147.175: [GC (Allocation Failure) 147802K->13668K(146304K), 0.0005780 secs]
147.236: [GC (Allocation Failure) 142100K->13570K(140480K), 0.0005370 secs]
147.295: [GC (Allocation Failure) 136302K->13668K(135232K), 0.0006420 secs]
147.354: [GC (Allocation Failure) 130998K->13668K(129920K), 0.0007100 secs]
147.410: [GC (Allocation Failure) 125882K->13863K(152384K), 0.0007010 secs]
147.474: [GC (Allocation Failure) 148389K->13766K(146304K), 0.0005770 secs]
147.537: [GC (Allocation Failure) 142298K->13766K(140608K), 0.0007500 secs]
147.601: [GC (Allocation Failure) 136605K->13766K(135232K), 0.0007290 secs]
147.658: [GC (Allocation Failure) 131267K->13750K(158592K), 0.0011320 secs]
147.727: [GC (Allocation Failure) 154565K->13863K(186560K), 0.0005960 secs]
147.812: [GC (Allocation Failure) 182688K->13961K(220160K), 0.0007680 secs]
147.912: [GC (Allocation Failure) 216199K->13961K(210624K), 0.0007090 secs]
148.007: [GC (Allocation Failure) 206868K->14043K(201792K), 0.0011250 secs]
148.096: [GC (Allocation Failure) 198103K->14156K(193472K), 0.0007150 secs]
148.183: [GC (Allocation Failure) 189764K->14043K(185344K), 0.0008120 secs]
148.264: [GC (Allocation Failure) 181588K->14156K(177728K), 0.0005830 secs]
148.340: [GC (Allocation Failure) 174133K->14254K(170624K), 0.0006100 secs]
148.418: [GC (Allocation Failure) 166963K->14254K(163584K), 0.0007210 secs]
148.492: [GC (Allocation Failure) 160078K->14449K(157248K), 0.0006840 secs]
148.563: [GC (Allocation Failure) 153798K->14449K(151040K), 0.0006430 secs]
148.631: [GC (Allocation Failure) 147608K->14352K(145024K), 0.0006010 secs]
148.692: [GC (Allocation Failure) 141598K->14433K(139456K), 0.0009280 secs]
148.753: [GC (Allocation Failure) 136083K->14449K(163648K), 0.0007850 secs]
148.823: [GC (Allocation Failure) 160185K->14352K(156992K), 0.0006210 secs]
148.891: [GC (Allocation Failure) 153593K->14449K(150912K), 0.0006070 secs]
148.956: [GC (Allocation Failure) 147408K->14356K(144896K), 0.0005840 secs]
149.018: [GC (Allocation Failure) 141514K->14356K(139264K), 0.0006500 secs]
149.076: [GC (Allocation Failure) 135804K->14360K(133952K), 0.0007710 secs]
149.133: [GC (Allocation Failure) 130506K->14360K(157056K), 0.0007750 secs]
149.204: [GC (Allocation Failure) 153600K->14457K(150976K), 0.0005890 secs]
149.268: [GC (Allocation Failure) 147513K->14457K(145088K), 0.0005960 secs]
149.329: [GC (Allocation Failure) 141613K->14457K(139264K), 0.0005820 secs]
149.389: [GC (Allocation Failure) 136011K->14555K(134016K), 0.0005790 secs]
149.443: [GC (Allocation Failure) 130805K->14653K(129088K), 0.0007700 secs]
149.497: [GC (Allocation Failure) 125885K->14653K(151168K), 0.0006930 secs]
149.560: [GC (Allocation Failure) 147903K->14653K(177408K), 0.0007230 secs]
149.638: [GC (Allocation Failure) 174337K->14750K(170240K), 0.0005930 secs]
149.711: [GC (Allocation Failure) 167262K->14750K(163392K), 0.0006240 secs]
149.784: [GC (Allocation Failure) 160378K->14750K(156864K), 0.0005890 secs]
149.850: [GC (Allocation Failure) 153801K->14848K(150784K), 0.0006760 secs]
149.914: [GC (Allocation Failure) 147708K->14848K(144896K), 0.0005970 secs]
149.976: [GC (Allocation Failure) 141805K->14848K(139072K), 0.0005570 secs]
150.035: [GC (Allocation Failure) 136209K->14930K(133824K), 0.0008150 secs]
150.089: [GC (Allocation Failure) 130980K->15047K(156992K), 0.0007440 secs]
150.158: [GC (Allocation Failure) 154097K->14950K(184448K), 0.0007710 secs]
150.238: [GC (Allocation Failure) 181597K->14950K(176896K), 0.0007570 secs]
150.316: [GC (Allocation Failure) 174035K->15031K(169792K), 0.0008320 secs]
150.391: [GC (Allocation Failure) 166955K->15031K(199936K), 0.0011580 secs]
150.480: [GC (Allocation Failure) 197115K->15047K(191680K), 0.0006620 secs]
150.566: [GC (Allocation Failure) 188791K->14950K(183616K), 0.0005760 secs]
150.645: [GC (Allocation Failure) 180819K->15047K(176192K), 0.0008820 secs]
150.721: [GC (Allocation Failure) 173353K->15035K(207488K), 0.0011510 secs]
150.813: [GC (Allocation Failure) 204689K->15051K(198848K), 0.0006240 secs]
150.901: [GC (Allocation Failure) 195950K->14954K(234560K), 0.0011500 secs]
151.010: [GC (Allocation Failure) 231733K->14958K(224512K), 0.0005890 secs]
151.112: [GC (Allocation Failure) 221692K->14958K(214976K), 0.0007640 secs]
151.209: [GC (Allocation Failure) 212175K->15055K(206016K), 0.0008220 secs]
151.301: [GC (Allocation Failure) 203128K->15055K(197248K), 0.0005940 secs]
151.391: [GC (Allocation Failure) 194488K->15153K(189184K), 0.0007720 secs]
151.473: [GC (Allocation Failure) 186427K->15055K(181248K), 0.0006930 secs]
151.553: [GC (Allocation Failure) 178568K->15055K(173824K), 0.0005990 secs]
151.626: [GC (Allocation Failure) 171098K->15055K(166784K), 0.0007550 secs]
151.700: [GC (Allocation Failure) 164019K->15055K(160064K), 0.0009010 secs]
151.770: [GC (Allocation Failure) 157339K->15059K(153728K), 0.0005870 secs]
151.838: [GC (Allocation Failure) 151059K->15043K(180672K), 0.0011920 secs]
151.917: [GC (Allocation Failure) 177978K->15059K(173312K), 0.0006220 secs]
151.993: [GC (Allocation Failure) 170611K->15157K(166400K), 0.0007250 secs]
152.066: [GC (Allocation Failure) 163635K->15059K(159552K), 0.0006200 secs]
152.135: [GC (Allocation Failure) 156855K->15255K(153408K), 0.0007700 secs]
152.201: [GC (Allocation Failure) 150770K->15157K(147264K), 0.0005980 secs]
152.263: [GC (Allocation Failure) 144672K->15157K(141568K), 0.0005850 secs]
152.322: [GC (Allocation Failure) 138971K->15157K(136128K), 0.0007450 secs]
152.380: [GC (Allocation Failure) 133464K->15141K(159616K), 0.0011660 secs]
152.451: [GC (Allocation Failure) 156945K->15255K(187776K), 0.0006650 secs]
152.533: [GC (Allocation Failure) 185263K->15352K(221632K), 0.0007630 secs]
152.638: [GC (Allocation Failure) 219051K->15255K(212032K), 0.0006260 secs]
152.735: [GC (Allocation Failure) 209535K->15450K(203264K), 0.0006010 secs]
152.823: [GC (Allocation Failure) 200779K->15450K(194624K), 0.0007120 secs]
152.908: [GC (Allocation Failure) 192331K->15548K(186688K), 0.0007830 secs]
152.991: [GC (Allocation Failure) 184374K->15532K(178944K), 0.0007990 secs]
153.065: [GC (Allocation Failure) 176592K->15450K(171584K), 0.0006870 secs]
153.139: [GC (Allocation Failure) 169241K->15548K(164800K), 0.0005610 secs]
153.211: [GC (Allocation Failure) 162456K->15438K(158080K), 0.0008390 secs]
153.278: [GC (Allocation Failure) 155756K->15454K(151808K), 0.0007650 secs]
153.344: [GC (Allocation Failure) 149483K->15454K(145856K), 0.0007740 secs]
153.405: [GC (Allocation Failure) 143493K->15552K(140352K), 0.0006090 secs]
153.465: [GC (Allocation Failure) 138000K->15536K(164608K), 0.0012180 secs]
153.537: [GC (Allocation Failure) 162345K->15556K(193664K), 0.0007530 secs]
153.624: [GC (Allocation Failure) 191454K->15637K(228608K), 0.0011960 secs]
153.729: [GC (Allocation Failure) 226418K->15556K(270016K), 0.0007490 secs]
153.850: [GC (Allocation Failure) 267700K->15560K(258048K), 0.0006270 secs]
153.968: [GC (Allocation Failure) 255829K->15657K(246848K), 0.0007420 secs]
154.080: [GC (Allocation Failure) 244714K->15657K(236160K), 0.0006050 secs]
154.180: [GC (Allocation Failure) 234013K->15657K(226048K), 0.0005820 secs]
154.281: [GC (Allocation Failure) 223883K->15755K(216512K), 0.0007960 secs]
154.379: [GC (Allocation Failure) 214349K->15657K(207168K), 0.0006120 secs]
154.470: [GC (Allocation Failure) 205118K->15759K(198528K), 0.0007700 secs]
154.561: [GC (Allocation Failure) 196558K->15759K(190272K), 0.0008090 secs]
154.645: [GC (Allocation Failure) 188205K->15857K(182528K), 0.0006340 secs]
154.722: [GC (Allocation Failure) 180451K->15763K(174848K), 0.0007280 secs]
154.800: [GC (Allocation Failure) 172884K->15942K(167872K), 0.0011950 secs]
154.875: [GC (Allocation Failure) 165992K->15861K(161088K), 0.0006070 secs]
154.945: [GC (Allocation Failure) 159221K->15958K(154816K), 0.0006310 secs]
155.013: [GC (Allocation Failure) 152846K->15861K(148608K), 0.0007680 secs]
155.078: [GC (Allocation Failure) 146653K->15958K(142912K), 0.0006310 secs]
155.140: [GC (Allocation Failure) 140952K->15958K(137280K), 0.0006020 secs]
155.196: [GC (Allocation Failure) 135448K->16056K(132160K), 0.0007930 secs]
155.252: [GC (Allocation Failure) 130334K->16040K(154816K), 0.0008650 secs]
155.320: [GC (Allocation Failure) 153032K->15958K(181952K), 0.0006120 secs]
155.399: [GC (Allocation Failure) 180144K->16040K(214592K), 0.0008440 secs]
155.493: [GC (Allocation Failure) 212768K->16040K(205504K), 0.0009470 secs]
155.585: [GC (Allocation Failure) 203720K->16158K(196800K), 0.0009560 secs]
155.673: [GC (Allocation Failure) 195207K->16255K(188736K), 0.0008160 secs]
155.758: [GC (Allocation Failure) 187041K->16255K(180864K), 0.0008170 secs]
155.839: [GC (Allocation Failure) 179370K->16341K(173568K), 0.0008620 secs]
155.916: [GC (Allocation Failure) 172093K->16259K(166464K), 0.0007720 secs]
155.988: [GC (Allocation Failure) 164932K->16357K(159936K), 0.0008100 secs]
156.058: [GC (Allocation Failure) 158350K->16243K(153472K), 0.0008350 secs]
156.126: [GC (Allocation Failure) 151956K->16357K(147584K), 0.0006100 secs]
156.189: [GC (Allocation Failure) 146065K->16341K(173312K), 0.0011760 secs]
156.267: [GC (Allocation Failure) 171794K->16341K(204160K), 0.0008650 secs]
156.356: [GC (Allocation Failure) 202647K->16357K(241024K), 0.0006950 secs]
156.463: [GC (Allocation Failure) 239594K->16455K(230784K), 0.0008010 secs]
156.567: [GC (Allocation Failure) 229290K->16455K(220800K), 0.0005940 secs]
156.667: [GC (Allocation Failure) 219479K->16552K(211584K), 0.0007910 secs]
156.762: [GC (Allocation Failure) 210235K->16455K(202560K), 0.0009100 secs]
156.853: [GC (Allocation Failure) 201200K->16439K(194112K), 0.0012310 secs]
156.940: [GC (Allocation Failure) 192816K->16552K(186176K), 0.0006070 secs]
157.023: [GC (Allocation Failure) 184786K->16552K(178496K), 0.0006130 secs]
157.103: [GC (Allocation Failure) 177112K->16536K(170944K), 0.0008770 secs]
157.179: [GC (Allocation Failure) 169827K->16748K(164288K), 0.0007910 secs]
157.251: [GC (Allocation Failure) 163165K->16748K(157696K), 0.0005940 secs]
157.318: [GC (Allocation Failure) 156493K->16748K(151488K), 0.0007080 secs]
157.384: [GC (Allocation Failure) 150301K->16650K(145344K), 0.0007240 secs]
157.447: [GC (Allocation Failure) 144285K->16845K(139904K), 0.0006880 secs]
157.505: [GC (Allocation Failure) 138893K->16845K(134528K), 0.0006180 secs]
157.563: [GC (Allocation Failure) 133489K->16748K(129280K), 0.0006020 secs]
157.618: [GC (Allocation Failure) 128280K->16845K(151552K), 0.0007790 secs]
157.684: [GC (Allocation Failure) 150498K->16849K(145600K), 0.0006400 secs]
157.744: [GC (Allocation Failure) 144588K->16849K(170816K), 0.0007920 secs]
157.816: [GC (Allocation Failure) 169929K->16947K(164032K), 0.0006240 secs]
157.887: [GC (Allocation Failure) 163066K->16849K(157376K), 0.0005930 secs]
157.954: [GC (Allocation Failure) 156485K->16947K(151296K), 0.0006290 secs]
158.017: [GC (Allocation Failure) 150387K->16947K(177600K), 0.0011360 secs]
158.097: [GC (Allocation Failure) 176749K->17045K(209408K), 0.0007230 secs]
158.191: [GC (Allocation Failure) 208550K->16947K(200448K), 0.0007790 secs]
158.282: [GC (Allocation Failure) 199618K->17029K(236672K), 0.0012390 secs]
158.387: [GC (Allocation Failure) 235868K->16947K(226432K), 0.0006010 secs]
158.488: [GC (Allocation Failure) 225566K->17045K(216896K), 0.0006230 secs]
158.586: [GC (Allocation Failure) 216031K->17045K(207616K), 0.0008550 secs]
158.684: [GC (Allocation Failure) 206891K->17045K(198912K), 0.0006100 secs]
158.772: [GC (Allocation Failure) 198152K->17142K(190784K), 0.0006190 secs]
158.855: [GC (Allocation Failure) 189985K->17045K(182784K), 0.0008170 secs]
158.935: [GC (Allocation Failure) 182036K->17126K(175360K), 0.0011760 secs]
159.012: [GC (Allocation Failure) 174644K->17029K(206528K), 0.0012480 secs]
159.104: [GC (Allocation Failure) 205794K->17142K(198016K), 0.0005790 secs]
159.190: [GC (Allocation Failure) 197261K->17045K(189632K), 0.0007760 secs]
159.276: [GC (Allocation Failure) 188910K->17142K(181824K), 0.0008320 secs]
159.359: [GC (Allocation Failure) 181152K->17126K(214336K), 0.0012180 secs]
159.457: [GC (Allocation Failure) 213668K->17142K(205312K), 0.0007650 secs]
159.546: [GC (Allocation Failure) 204636K->17142K(196736K), 0.0007920 secs]
159.634: [GC (Allocation Failure) 196081K->17240K(188672K), 0.0007400 secs]
159.721: [GC (Allocation Failure) 188031K->17240K(180928K), 0.0011580 secs]
159.799: [GC (Allocation Failure) 180264K->17142K(173376K), 0.0007410 secs]
159.877: [GC (Allocation Failure) 172796K->17240K(166400K), 0.0007880 secs]
159.950: [GC (Allocation Failure) 165908K->17338K(159872K), 0.0007920 secs]
160.020: [GC (Allocation Failure) 159310K->17240K(153408K), 0.0008110 secs]
160.087: [GC (Allocation Failure) 152849K->17240K(147392K), 0.0007820 secs]
160.150: [GC (Allocation Failure) 146857K->17338K(141760K), 0.0007200 secs]
160.214: [GC (Allocation Failure) 141152K->17338K(166208K), 0.0007970 secs]
160.287: [GC (Allocation Failure) 165726K->17423K(195712K), 0.0008830 secs]
160.370: [GC (Allocation Failure) 195289K->17423K(230976K), 0.0012150 secs]
160.473: [GC (Allocation Failure) 230565K->17342K(258624K), 0.0008480 secs]
160.593: [GC (Allocation Failure) 257995K->17537K(247360K), 0.0009650 secs]
160.705: [GC (Allocation Failure) 246895K->17439K(236608K), 0.0007100 secs]
160.810: [GC (Allocation Failure) 236187K->17439K(226112K), 0.0006170 secs]
160.810: [Full GC (Ergonomics) 17439K->984K(226048K), 0.0064750 secs]
160.915: [GC (Allocation Failure) 209503K->1407K(216832K), 0.0005420 secs]
161.014: [GC (Allocation Failure) 200285K->1309K(207552K), 0.0005930 secs]
161.105: [GC (Allocation Failure) 191054K->1211K(198720K), 0.0004960 secs]
161.191: [GC (Allocation Failure) 182215K->1211K(190464K), 0.0004500 secs]
161.275: [GC (Allocation Failure) 173948K->1211K(182592K), 0.0004830 secs]
161.353: [GC (Allocation Failure) 166095K->1309K(175232K), 0.0005530 secs]
161.430: [GC (Allocation Failure) 158729K->1309K(168128K), 0.0006460 secs]
161.503: [GC (Allocation Failure) 151556K->1293K(161280K), 0.0006380 secs]
161.575: [GC (Allocation Failure) 144760K->1407K(155008K), 0.0006990 secs]
161.642: [GC (Allocation Failure) 138487K->1195K(148736K), 0.0007750 secs]
161.707: [GC (Allocation Failure) 132261K->1309K(143040K), 0.0007130 secs]
161.770: [GC (Allocation Failure) 126496K->1211K(137408K), 0.0005470 secs]
161.827: [GC (Allocation Failure) 120892K->1195K(132160K), 0.0009310 secs]
161.882: [GC (Allocation Failure) 115677K->1309K(127296K), 0.0004920 secs]
161.937: [GC (Allocation Failure) 110776K->1407K(122624K), 0.0007270 secs]
161.989: [GC (Allocation Failure) 106160K->1309K(117952K), 0.0004550 secs]
162.039: [GC (Allocation Failure) 101542K->1391K(137920K), 0.0010370 secs]
162.099: [GC (Allocation Failure) 121492K->1407K(161792K), 0.0004920 secs]
162.170: [GC (Allocation Failure) 145365K->1407K(190272K), 0.0006570 secs]
162.253: [GC (Allocation Failure) 173851K->1407K(182272K), 0.0005650 secs]
162.332: [GC (Allocation Failure) 166001K->1504K(174912K), 0.0007330 secs]
162.409: [GC (Allocation Failure) 158532K->1391K(167680K), 0.0008050 secs]
162.483: [GC (Allocation Failure) 151350K->1411K(160960K), 0.0004680 secs]
162.554: [GC (Allocation Failure) 144688K->1411K(154560K), 0.0004750 secs]
162.621: [GC (Allocation Failure) 138301K->1508K(148608K), 0.0005330 secs]
162.684: [GC (Allocation Failure) 132297K->1512K(142720K), 0.0006490 secs]
162.745: [GC (Allocation Failure) 126512K->1512K(137216K), 0.0005460 secs]
162.802: [GC (Allocation Failure) 121005K->1512K(131968K), 0.0005910 secs]
162.860: [GC (Allocation Failure) 115790K->1805K(127168K), 0.0007800 secs]
162.912: [GC (Allocation Failure) 111078K->1805K(122240K), 0.0006720 secs]
162.964: [GC (Allocation Failure) 106360K->2001K(143168K), 0.0007180 secs]
163.027: [GC (Allocation Failure) 127289K->1805K(137472K), 0.0004730 secs]
163.084: [GC (Allocation Failure) 121577K->2001K(132416K), 0.0006030 secs]
163.140: [GC (Allocation Failure) 116483K->1789K(154880K), 0.0007900 secs]
163.210: [GC (Allocation Failure) 138975K->1903K(148928K), 0.0007110 secs]
163.274: [GC (Allocation Failure) 132985K->1805K(142976K), 0.0005420 secs]
163.333: [GC (Allocation Failure) 127094K->2001K(137664K), 0.0007720 secs]
163.395: [GC (Allocation Failure) 121792K->1793K(161216K), 0.0007920 secs]
163.464: [GC (Allocation Failure) 145263K->1809K(154816K), 0.0004750 secs]
163.531: [GC (Allocation Failure) 138890K->1907K(148864K), 0.0004850 secs]
163.596: [GC (Allocation Failure) 132898K->1907K(143040K), 0.0007380 secs]
163.659: [GC (Allocation Failure) 127095K->1809K(137408K), 0.0004570 secs]
163.717: [GC (Allocation Failure) 121498K->1907K(132288K), 0.0007500 secs]
163.773: [GC (Allocation Failure) 116366K->1895K(127232K), 0.0007220 secs]
163.825: [GC (Allocation Failure) 111359K->1911K(122560K), 0.0005670 secs]
163.875: [GC (Allocation Failure) 106662K->1895K(143296K), 0.0008330 secs]
163.937: [GC (Allocation Failure) 127386K->1813K(137728K), 0.0005010 secs]
163.994: [GC (Allocation Failure) 121801K->1895K(161600K), 0.0008200 secs]
164.061: [GC (Allocation Failure) 145758K->1895K(190144K), 0.0010800 secs]
164.146: [GC (Allocation Failure) 174260K->1911K(224192K), 0.0004800 secs]
164.248: [GC (Allocation Failure) 208376K->1911K(214656K), 0.0004920 secs]
164.342: [GC (Allocation Failure) 198831K->1911K(205568K), 0.0006040 secs]
164.435: [GC (Allocation Failure) 189793K->1911K(196928K), 0.0004870 secs]
164.524: [GC (Allocation Failure) 181145K->1911K(188736K), 0.0005950 secs]
164.612: [GC (Allocation Failure) 172894K->1911K(180928K), 0.0004930 secs]
164.692: [GC (Allocation Failure) 165123K->2009K(173632K), 0.0004970 secs]
164.767: [GC (Allocation Failure) 157763K->2009K(166592K), 0.0005490 secs]
164.837: [GC (Allocation Failure) 150781K->1911K(159744K), 0.0008100 secs]
164.904: [GC (Allocation Failure) 144001K->2106K(153600K), 0.0007140 secs]
164.972: [GC (Allocation Failure) 137897K->2009K(147456K), 0.0004800 secs]
165.033: [GC (Allocation Failure) 131719K->2009K(141696K), 0.0005030 secs]
165.096: [GC (Allocation Failure) 126027K->2009K(136256K), 0.0005940 secs]
165.156: [GC (Allocation Failure) 120517K->2009K(131072K), 0.0004840 secs]
165.211: [GC (Allocation Failure) 115396K->2009K(126144K), 0.0005900 secs]
165.268: [GC (Allocation Failure) 110394K->2302K(121600K), 0.0006070 secs]
165.318: [GC (Allocation Failure) 106073K->2302K(116928K), 0.0005780 secs]
165.369: [GC (Allocation Failure) 101544K->2599K(112960K), 0.0005690 secs]
165.416: [GC (Allocation Failure) 97618K->2387K(108736K), 0.0005940 secs]
165.459: [GC (Allocation Failure) 93383K->2501K(126912K), 0.0006650 secs]
165.512: [GC (Allocation Failure) 111571K->2403K(148352K), 0.0005760 secs]
165.576: [GC (Allocation Failure) 133006K->2599K(142784K), 0.0005840 secs]
165.639: [GC (Allocation Failure) 127486K->2403K(137088K), 0.0005310 secs]
165.697: [GC (Allocation Failure) 121795K->2599K(132032K), 0.0007440 secs]
165.755: [GC (Allocation Failure) 116692K->2403K(126848K), 0.0004820 secs]
165.806: [GC (Allocation Failure) 111578K->2603K(122304K), 0.0006990 secs]
165.859: [GC (Allocation Failure) 106962K->2505K(117760K), 0.0004670 secs]
165.906: [GC (Allocation Failure) 102441K->2407K(113344K), 0.0005180 secs]
165.951: [GC (Allocation Failure) 98012K->2505K(109440K), 0.0005040 secs]
165.996: [GC (Allocation Failure) 94094K->2603K(105664K), 0.0006030 secs]
166.038: [GC (Allocation Failure) 90355K->2411K(122880K), 0.0005750 secs]
166.090: [GC (Allocation Failure) 107556K->2395K(143744K), 0.0009740 secs]
166.153: [GC (Allocation Failure) 128468K->2509K(168832K), 0.0005890 secs]
166.227: [GC (Allocation Failure) 153536K->2411K(161920K), 0.0005000 secs]
166.294: [GC (Allocation Failure) 146664K->2415K(155456K), 0.0004760 secs]
166.362: [GC (Allocation Failure) 140179K->2415K(149312K), 0.0005430 secs]
166.425: [GC (Allocation Failure) 133995K->2611K(143680K), 0.0005930 secs]
166.488: [GC (Allocation Failure) 128398K->2513K(138048K), 0.0005760 secs]
166.550: [GC (Allocation Failure) 122695K->2415K(132672K), 0.0005620 secs]
166.606: [GC (Allocation Failure) 117384K->2415K(127680K), 0.0006010 secs]
166.661: [GC (Allocation Failure) 112370K->2497K(123008K), 0.0006390 secs]
166.711: [GC (Allocation Failure) 107743K->2415K(118400K), 0.0006300 secs]
166.760: [GC (Allocation Failure) 103140K->2517K(114240K), 0.0004950 secs]
166.806: [GC (Allocation Failure) 98915K->2403K(133248K), 0.0009080 secs]
166.862: [GC (Allocation Failure) 117963K->2419K(156160K), 0.0005950 secs]
166.929: [GC (Allocation Failure) 140881K->2517K(150144K), 0.0005060 secs]
166.994: [GC (Allocation Failure) 134789K->2517K(144128K), 0.0004880 secs]
167.055: [GC (Allocation Failure) 128978K->2517K(138560K), 0.0006090 secs]
167.113: [GC (Allocation Failure) 123379K->2517K(133248K), 0.0005900 secs]
167.169: [GC (Allocation Failure) 118078K->2517K(128192K), 0.0005400 secs]
167.221: [GC (Allocation Failure) 112966K->2517K(150080K), 0.0008780 secs]
167.286: [GC (Allocation Failure) 134877K->2615K(144320K), 0.0005010 secs]
167.347: [GC (Allocation Failure) 129081K->2517K(138624K), 0.0005730 secs]
167.406: [GC (Allocation Failure) 123382K->2521K(133312K), 0.0005990 secs]
167.463: [GC (Allocation Failure) 118083K->2521K(128256K), 0.0005820 secs]
167.519: [GC (Allocation Failure) 113073K->2619K(123584K), 0.0006130 secs]
167.574: [GC (Allocation Failure) 108357K->2603K(118976K), 0.0005910 secs]
167.623: [GC (Allocation Failure) 103821K->2619K(114688K), 0.0006230 secs]
167.669: [GC (Allocation Failure) 99508K->2619K(110464K), 0.0005460 secs]
167.713: [GC (Allocation Failure) 95383K->2716K(128960K), 0.0006670 secs]
167.766: [GC (Allocation Failure) 113858K->2603K(150912K), 0.0006270 secs]
167.833: [GC (Allocation Failure) 135851K->2619K(145024K), 0.0006340 secs]
167.896: [GC (Allocation Failure) 129976K->2623K(139392K), 0.0006000 secs]
167.955: [GC (Allocation Failure) 124284K->2623K(134080K), 0.0006000 secs]
168.013: [GC (Allocation Failure) 118958K->2623K(129024K), 0.0006270 secs]
168.066: [GC (Allocation Failure) 113954K->2720K(124352K), 0.0005020 secs]
168.117: [GC (Allocation Failure) 109239K->2720K(119552K), 0.0004700 secs]
168.166: [GC (Allocation Failure) 104623K->2818K(115264K), 0.0005870 secs]
168.213: [GC (Allocation Failure) 100368K->2916K(111232K), 0.0004800 secs]
168.259: [GC (Allocation Failure) 96270K->2916K(107264K), 0.0006370 secs]
168.304: [GC (Allocation Failure) 92338K->2916K(103296K), 0.0005140 secs]
168.347: [GC (Allocation Failure) 88604K->3111K(120448K), 0.0006130 secs]
168.398: [GC (Allocation Failure) 105696K->3111K(140800K), 0.0005710 secs]
168.459: [GC (Allocation Failure) 126043K->3111K(165184K), 0.0006520 secs]
168.533: [GC (Allocation Failure) 150501K->3013K(158400K), 0.0005720 secs]
168.604: [GC (Allocation Failure) 143722K->3111K(152192K), 0.0005950 secs]
168.671: [GC (Allocation Failure) 137635K->3193K(146304K), 0.0008380 secs]
168.740: [GC (Allocation Failure) 131720K->3209K(140672K), 0.0005220 secs]
168.798: [GC (Allocation Failure) 126046K->3209K(135168K), 0.0005530 secs]
168.859: [GC (Allocation Failure) 120641K->3209K(130048K), 0.0006140 secs]
168.914: [GC (Allocation Failure) 115530K->3311K(125312K), 0.0005840 secs]
168.967: [GC (Allocation Failure) 110816K->3311K(120640K), 0.0005300 secs]
169.017: [GC (Allocation Failure) 106105K->3311K(116032K), 0.0005600 secs]
169.067: [GC (Allocation Failure) 101682K->3408K(111872K), 0.0006010 secs]
169.112: [GC (Allocation Failure) 97546K->3408K(107904K), 0.0004940 secs]
169.155: [GC (Allocation Failure) 93615K->3408K(104128K), 0.0004840 secs]
169.200: [GC (Allocation Failure) 89781K->3506K(100672K), 0.0004960 secs]
169.243: [GC (Allocation Failure) 86348K->3408K(116928K), 0.0006230 secs]
169.290: [GC (Allocation Failure) 102659K->3408K(112704K), 0.0004740 secs]
169.337: [GC (Allocation Failure) 98429K->3506K(108800K), 0.0005370 secs]
169.381: [GC (Allocation Failure) 94497K->3506K(126720K), 0.0006340 secs]
169.434: [GC (Allocation Failure) 112476K->3506K(121984K), 0.0005000 secs]
169.483: [GC (Allocation Failure) 107771K->3604K(117632K), 0.0004890 secs]
169.534: [GC (Allocation Failure) 103351K->3490K(137280K), 0.0008450 secs]
169.593: [GC (Allocation Failure) 123075K->3604K(132032K), 0.0004940 secs]
169.647: [GC (Allocation Failure) 117887K->3604K(127040K), 0.0005040 secs]
169.700: [GC (Allocation Failure) 112961K->3701K(122432K), 0.0005700 secs]
169.750: [GC (Allocation Failure) 108248K->3701K(117952K), 0.0006760 secs]
169.799: [GC (Allocation Failure) 103846K->3604K(113472K), 0.0004450 secs]
169.844: [GC (Allocation Failure) 99415K->3799K(109568K), 0.0005130 secs]
169.890: [GC (Allocation Failure) 95483K->3701K(105600K), 0.0005940 secs]
169.934: [GC (Allocation Failure) 91549K->3701K(101888K), 0.0005000 secs]
169.973: [GC (Allocation Failure) 87919K->3799K(118720K), 0.0005300 secs]
170.024: [GC (Allocation Failure) 104708K->3685K(138624K), 0.0008820 secs]
170.084: [GC (Allocation Failure) 124551K->3701K(162560K), 0.0004780 secs]
170.153: [GC (Allocation Failure) 148532K->3701K(156096K), 0.0005050 secs]
170.220: [GC (Allocation Failure) 142062K->3701K(149952K), 0.0006070 secs]
170.284: [GC (Allocation Failure) 135974K->3701K(144064K), 0.0005700 secs]
170.345: [GC (Allocation Failure) 130068K->3701K(138496K), 0.0005930 secs]
170.404: [GC (Allocation Failure) 124472K->3799K(133312K), 0.0006270 secs]
170.462: [GC (Allocation Failure) 119266K->3701K(128064K), 0.0004400 secs]
170.518: [GC (Allocation Failure) 114156K->3897K(123456K), 0.0006830 secs]
170.572: [GC (Allocation Failure) 109534K->3901K(118912K), 0.0004920 secs]
170.619: [GC (Allocation Failure) 105017K->3803K(114432K), 0.0005160 secs]
170.664: [GC (Allocation Failure) 100490K->3803K(110336K), 0.0004690 secs]
170.709: [GC (Allocation Failure) 96464K->3885K(128768K), 0.0006560 secs]
170.762: [GC (Allocation Failure) 114918K->3901K(124032K), 0.0005630 secs]
170.815: [GC (Allocation Failure) 110133K->3803K(119296K), 0.0005060 secs]
170.865: [GC (Allocation Failure) 105401K->3803K(114944K), 0.0006290 secs]
170.912: [GC (Allocation Failure) 101076K->3787K(134208K), 0.0008300 secs]
170.971: [GC (Allocation Failure) 120235K->3901K(157440K), 0.0006100 secs]
171.039: [GC (Allocation Failure) 143535K->3803K(151104K), 0.0006200 secs]
171.104: [GC (Allocation Failure) 137236K->3807K(145152K), 0.0005870 secs]
171.164: [GC (Allocation Failure) 131260K->3889K(139584K), 0.0006550 secs]
171.224: [GC (Allocation Failure) 125743K->3905K(134144K), 0.0004730 secs]
171.281: [GC (Allocation Failure) 120350K->3905K(129088K), 0.0004930 secs]
171.339: [GC (Allocation Failure) 115240K->4006K(124224K), 0.0006050 secs]
171.391: [GC (Allocation Failure) 110525K->4104K(119744K), 0.0005130 secs]
171.441: [GC (Allocation Failure) 106006K->4010K(115200K), 0.0005670 secs]
171.488: [GC (Allocation Failure) 101584K->4206K(111232K), 0.0005660 secs]
171.535: [GC (Allocation Failure) 97552K->4206K(107264K), 0.0005700 secs]
171.581: [GC (Allocation Failure) 93627K->4206K(103488K), 0.0005160 secs]
171.621: [GC (Allocation Failure) 89897K->4206K(120256K), 0.0004790 secs]
171.672: [GC (Allocation Failure) 106795K->4401K(140800K), 0.0005710 secs]
171.733: [GC (Allocation Failure) 127334K->4303K(135296K), 0.0006120 secs]
171.792: [GC (Allocation Failure) 121930K->4385K(158656K), 0.0009040 secs]
171.864: [GC (Allocation Failure) 145304K->4405K(186624K), 0.0006760 secs]
171.945: [GC (Allocation Failure) 173233K->4405K(178944K), 0.0006540 secs]
172.022: [GC (Allocation Failure) 165464K->4307K(171456K), 0.0005590 secs]
172.097: [GC (Allocation Failure) 158081K->4503K(164736K), 0.0005310 secs]
172.167: [GC (Allocation Failure) 151409K->4389K(158016K), 0.0008600 secs]
172.235: [GC (Allocation Failure) 144708K->4405K(151744K), 0.0004990 secs]
172.302: [GC (Allocation Failure) 138429K->4405K(145792K), 0.0004990 secs]
172.364: [GC (Allocation Failure) 132446K->4503K(140288K), 0.0005170 secs]
172.426: [GC (Allocation Failure) 126945K->4503K(134784K), 0.0006130 secs]
172.481: [GC (Allocation Failure) 121533K->4503K(129664K), 0.0005110 secs]
172.534: [GC (Allocation Failure) 116427K->4600K(124928K), 0.0006470 secs]
172.586: [GC (Allocation Failure) 111698K->4600K(120320K), 0.0006270 secs]
172.634: [GC (Allocation Failure) 107094K->4487K(115648K), 0.0006270 secs]
172.681: [GC (Allocation Failure) 102552K->4600K(135232K), 0.0006120 secs]
172.737: [GC (Allocation Failure) 122130K->4698K(158656K), 0.0006980 secs]
172.806: [GC (Allocation Failure) 145511K->4682K(186496K), 0.0009060 secs]
172.890: [GC (Allocation Failure) 173409K->4600K(178752K), 0.0004880 secs]
172.966: [GC (Allocation Failure) 165649K->4698K(171584K), 0.0005950 secs]
173.043: [GC (Allocation Failure) 158395K->4698K(164544K), 0.0005220 secs]
173.114: [GC (Allocation Failure) 151499K->4796K(158080K), 0.0005810 secs]
173.182: [GC (Allocation Failure) 145006K->4682K(151680K), 0.0008560 secs]
173.245: [GC (Allocation Failure) 138621K->4796K(145856K), 0.0006650 secs]
173.309: [GC (Allocation Failure) 132837K->4698K(140096K), 0.0005410 secs]
173.368: [GC (Allocation Failure) 127042K->4796K(134848K), 0.0005090 secs]
173.424: [GC (Allocation Failure) 121831K->4698K(129600K), 0.0006300 secs]
173.477: [GC (Allocation Failure) 116620K->4796K(124864K), 0.0005340 secs]
173.529: [GC (Allocation Failure) 111798K->4698K(120128K), 0.0004900 secs]
173.577: [GC (Allocation Failure) 107088K->4698K(115712K), 0.0005030 secs]
173.623: [GC (Allocation Failure) 102669K->4796K(111680K), 0.0005040 secs]
173.669: [GC (Allocation Failure) 98643K->4682K(130176K), 0.0009030 secs]
173.726: [GC (Allocation Failure) 117100K->4702K(152448K), 0.0005990 secs]
173.794: [GC (Allocation Failure) 139422K->4800K(146560K), 0.0005080 secs]
173.857: [GC (Allocation Failure) 133526K->4800K(140736K), 0.0006480 secs]
173.917: [GC (Allocation Failure) 127822K->4897K(135424K), 0.0006170 secs]
173.976: [GC (Allocation Failure) 122522K->4800K(130176K), 0.0006100 secs]
174.031: [GC (Allocation Failure) 117215K->4800K(125312K), 0.0005110 secs]
174.083: [GC (Allocation Failure) 112391K->4885K(120704K), 0.0007470 secs]
174.133: [GC (Allocation Failure) 107766K->4804K(116224K), 0.0005050 secs]
174.182: [GC (Allocation Failure) 103266K->4804K(112000K), 0.0006160 secs]
174.228: [GC (Allocation Failure) 99042K->4901K(130816K), 0.0005970 secs]
174.283: [GC (Allocation Failure) 117917K->4901K(153088K), 0.0006070 secs]
174.349: [GC (Allocation Failure) 140306K->4987K(147136K), 0.0006770 secs]
174.412: [GC (Allocation Failure) 134304K->5003K(141504K), 0.0005790 secs]
174.473: [GC (Allocation Failure) 128622K->5003K(136064K), 0.0005120 secs]
174.533: [GC (Allocation Failure) 123216K->4905K(130688K), 0.0005690 secs]
174.589: [GC (Allocation Failure) 117916K->5003K(125824K), 0.0005580 secs]
174.644: [GC (Allocation Failure) 113096K->5007K(121152K), 0.0006200 secs]
174.696: [GC (Allocation Failure) 108470K->5105K(116864K), 0.0006400 secs]
174.745: [GC (Allocation Failure) 104154K->5105K(112512K), 0.0005330 secs]
174.790: [GC (Allocation Failure) 99929K->5105K(131328K), 0.0006260 secs]
174.845: [GC (Allocation Failure) 118690K->5105K(126400K), 0.0005450 secs]
174.897: [GC (Allocation Failure) 113783K->5105K(147968K), 0.0007800 secs]
174.961: [GC (Allocation Failure) 135402K->5202K(173952K), 0.0008900 secs]
175.039: [GC (Allocation Failure) 161347K->5300K(204928K), 0.0008510 secs]
175.135: [GC (Allocation Failure) 192295K->5105K(195968K), 0.0006250 secs]
175.222: [GC (Allocation Failure) 183556K->5300K(188288K), 0.0007070 secs]
175.306: [GC (Allocation Failure) 175591K->5382K(180352K), 0.0008990 secs]
175.390: [GC (Allocation Failure) 167916K->5398K(173056K), 0.0005590 secs]
175.464: [GC (Allocation Failure) 160653K->5382K(166016K), 0.0008990 secs]
175.537: [GC (Allocation Failure) 153651K->5300K(159296K), 0.0005850 secs]
175.607: [GC (Allocation Failure) 146896K->5398K(153088K), 0.0006270 secs]
175.677: [GC (Allocation Failure) 140600K->5398K(147072K), 0.0006960 secs]
175.740: [GC (Allocation Failure) 134620K->5300K(141184K), 0.0005900 secs]
175.799: [GC (Allocation Failure) 128818K->5495K(135936K), 0.0005010 secs]
175.856: [GC (Allocation Failure) 123608K->5495K(130752K), 0.0005120 secs]
175.910: [GC (Allocation Failure) 118401K->5398K(125696K), 0.0005100 secs]
175.961: [GC (Allocation Failure) 113392K->5495K(121152K), 0.0006150 secs]
176.012: [GC (Allocation Failure) 108769K->5398K(116608K), 0.0005250 secs]
176.058: [GC (Allocation Failure) 104253K->5398K(112384K), 0.0005580 secs]
176.104: [GC (Allocation Failure) 100026K->5495K(108480K), 0.0005310 secs]
176.150: [GC (Allocation Failure) 96100K->5495K(126336K), 0.0006690 secs]
176.205: [GC (Allocation Failure) 114079K->5495K(121664K), 0.0005160 secs]
176.254: [GC (Allocation Failure) 109458K->5495K(117184K), 0.0005020 secs]
176.302: [GC (Allocation Failure) 104939K->5495K(112960K), 0.0005210 secs]
176.347: [GC (Allocation Failure) 100717K->5577K(131904K), 0.0009020 secs]
176.403: [GC (Allocation Failure) 119669K->5495K(154496K), 0.0006310 secs]
176.470: [GC (Allocation Failure) 142276K->5495K(181568K), 0.0006260 secs]
176.552: [GC (Allocation Failure) 169386K->5495K(174144K), 0.0005100 secs]
176.630: [GC (Allocation Failure) 161941K->5479K(167104K), 0.0008910 secs]
176.707: [GC (Allocation Failure) 154849K->5495K(160384K), 0.0005030 secs]
176.776: [GC (Allocation Failure) 148171K->5495K(153984K), 0.0005110 secs]
176.839: [GC (Allocation Failure) 141793K->5593K(148032K), 0.0005270 secs]
176.902: [GC (Allocation Failure) 135797K->5495K(142080K), 0.0007840 secs]
176.962: [GC (Allocation Failure) 129904K->5593K(136640K), 0.0006400 secs]
177.020: [GC (Allocation Failure) 124493K->5577K(131456K), 0.0006600 secs]
177.078: [GC (Allocation Failure) 119276K->5788K(126656K), 0.0007210 secs]
177.133: [GC (Allocation Failure) 114564K->5691K(121728K), 0.0004740 secs]
177.183: [GC (Allocation Failure) 109752K->5870K(142528K), 0.0009060 secs]
177.244: [GC (Allocation Failure) 130574K->5788K(167168K), 0.0005020 secs]
177.316: [GC (Allocation Failure) 155243K->5890K(160576K), 0.0006430 secs]
177.388: [GC (Allocation Failure) 148666K->5776K(154048K), 0.0008890 secs]
177.455: [GC (Allocation Failure) 142155K->5776K(181120K), 0.0008990 secs]
177.535: [GC (Allocation Failure) 169198K->5890K(173824K), 0.0006370 secs]
177.610: [GC (Allocation Failure) 161828K->5792K(166656K), 0.0005310 secs]
177.683: [GC (Allocation Failure) 154758K->5792K(159936K), 0.0006140 secs]
177.752: [GC (Allocation Failure) 147985K->5874K(153664K), 0.0009360 secs]
177.819: [GC (Allocation Failure) 141774K->5796K(147584K), 0.0004680 secs]
177.882: [GC (Allocation Failure) 135703K->5796K(141824K), 0.0005050 secs]
177.945: [GC (Allocation Failure) 129908K->5894K(136384K), 0.0006570 secs]
178.000: [GC (Allocation Failure) 124602K->5996K(131328K), 0.0005240 secs]
178.056: [GC (Allocation Failure) 119490K->5898K(126208K), 0.0004710 secs]
178.110: [GC (Allocation Failure) 114481K->6093K(121728K), 0.0006700 secs]
178.161: [GC (Allocation Failure) 109962K->5996K(117120K), 0.0006320 secs]
178.210: [GC (Allocation Failure) 105441K->5980K(136832K), 0.0009190 secs]
178.267: [GC (Allocation Failure) 125077K->5996K(160448K), 0.0005220 secs]
178.336: [GC (Allocation Failure) 148771K->6097K(154176K), 0.0005310 secs]
178.404: [GC (Allocation Failure) 142474K->6097K(147904K), 0.0005490 secs]
178.470: [GC (Allocation Failure) 136396K->6281K(173888K), 0.0009470 secs]
178.545: [GC (Allocation Failure) 162426K->6199K(166784K), 0.0005070 secs]
178.617: [GC (Allocation Failure) 155267K->6301K(160192K), 0.0005530 secs]
178.686: [GC (Allocation Failure) 148699K->6203K(153728K), 0.0005100 secs]
178.752: [GC (Allocation Failure) 142208K->6203K(147648K), 0.0005210 secs]
178.813: [GC (Allocation Failure) 136117K->6203K(141888K), 0.0005410 secs]
178.871: [GC (Allocation Failure) 130393K->6203K(136448K), 0.0005820 secs]
178.928: [GC (Allocation Failure) 124906K->6203K(131264K), 0.0006250 secs]
178.985: [GC (Allocation Failure) 119798K->6203K(126336K), 0.0006720 secs]
179.041: [GC (Allocation Failure) 114786K->6398K(147904K), 0.0009920 secs]
179.105: [GC (Allocation Failure) 136594K->6398K(142144K), 0.0005460 secs]
179.167: [GC (Allocation Failure) 130805K->6398K(136640K), 0.0006340 secs]
179.225: [GC (Allocation Failure) 125297K->6402K(131456K), 0.0006630 secs]
179.280: [GC (Allocation Failure) 120192K->6386K(154048K), 0.0009010 secs]
179.347: [GC (Allocation Failure) 142681K->6500K(181056K), 0.0005290 secs]
179.428: [GC (Allocation Failure) 169822K->6602K(173568K), 0.0006180 secs]
179.505: [GC (Allocation Failure) 162549K->6699K(166592K), 0.0006710 secs]
179.577: [GC (Allocation Failure) 155580K->6797K(159936K), 0.0004990 secs]
179.644: [GC (Allocation Failure) 148980K->6797K(153600K), 0.0005170 secs]
179.711: [GC (Allocation Failure) 142682K->6895K(147520K), 0.0006080 secs]
179.773: [GC (Allocation Failure) 136804K->7090K(141824K), 0.0007040 secs]
179.836: [GC (Allocation Failure) 131201K->7090K(136384K), 0.0006610 secs]
179.893: [GC (Allocation Failure) 125792K->7090K(131200K), 0.0006770 secs]
179.948: [GC (Allocation Failure) 120588K->7188K(126208K), 0.0006440 secs]
180.001: [GC (Allocation Failure) 115768K->7285K(121600K), 0.0005730 secs]
180.054: [GC (Allocation Failure) 111149K->7481K(142208K), 0.0006430 secs]
180.114: [GC (Allocation Failure) 131984K->7485K(136704K), 0.0005280 secs]
180.170: [GC (Allocation Failure) 126481K->7582K(131456K), 0.0006120 secs]
180.229: [GC (Allocation Failure) 121377K->7766K(154176K), 0.0010030 secs]
180.297: [GC (Allocation Failure) 144156K->7782K(181120K), 0.0006370 secs]
180.378: [GC (Allocation Failure) 171298K->7977K(173888K), 0.0006890 secs]
180.457: [GC (Allocation Failure) 164024K->7977K(166720K), 0.0006040 secs]
180.528: [GC (Allocation Failure) 156950K->8075K(160128K), 0.0005450 secs]
180.598: [GC (Allocation Failure) 150365K->8075K(153600K), 0.0005610 secs]
180.665: [GC (Allocation Failure) 143983K->8172K(147648K), 0.0006050 secs]
180.729: [GC (Allocation Failure) 138081K->8172K(141888K), 0.0005260 secs]
180.789: [GC (Allocation Failure) 132370K->8172K(136448K), 0.0005890 secs]
180.845: [GC (Allocation Failure) 126874K->8172K(131264K), 0.0005230 secs]
180.901: [GC (Allocation Failure) 121770K->8172K(126336K), 0.0006990 secs]
180.957: [GC (Allocation Failure) 116760K->8270K(121664K), 0.0005400 secs]
181.010: [GC (Allocation Failure) 112241K->8368K(117184K), 0.0007020 secs]
181.059: [GC (Allocation Failure) 107821K->8465K(112896K), 0.0004920 secs]
181.104: [GC (Allocation Failure) 103683K->8563K(131840K), 0.0006740 secs]
181.157: [GC (Allocation Failure) 122649K->8661K(154432K), 0.0005830 secs]
181.224: [GC (Allocation Failure) 145350K->8661K(148352K), 0.0005320 secs]
181.289: [GC (Allocation Failure) 139255K->8758K(142528K), 0.0006600 secs]
181.349: [GC (Allocation Failure) 133652K->8856K(137088K), 0.0006710 secs]
181.410: [GC (Allocation Failure) 128252K->8938K(160768K), 0.0009840 secs]
181.480: [GC (Allocation Failure) 152017K->9051K(189120K), 0.0005590 secs]
181.565: [GC (Allocation Failure) 180426K->9149K(181248K), 0.0005480 secs]
181.640: [GC (Allocation Failure) 172744K->9247K(173888K), 0.0005890 secs]
181.719: [GC (Allocation Failure) 165387K->9344K(166848K), 0.0005080 secs]
181.790: [GC (Allocation Failure) 158521K->9442K(160128K), 0.0006980 secs]
181.861: [GC (Allocation Failure) 151827K->9446K(153728K), 0.0005040 secs]
181.927: [GC (Allocation Failure) 145538K->9739K(147712K), 0.0008380 secs]
181.991: [GC (Allocation Failure) 139747K->9723K(141952K), 0.0009310 secs]
182.052: [GC (Allocation Failure) 133931K->9739K(136512K), 0.0006750 secs]
182.110: [GC (Allocation Failure) 128541K->9837K(131264K), 0.0005110 secs]
182.164: [GC (Allocation Failure) 123431K->10016K(153984K), 0.0010130 secs]
182.235: [GC (Allocation Failure) 146214K->10032K(180864K), 0.0006590 secs]
182.317: [GC (Allocation Failure) 173245K->10130K(173504K), 0.0005740 secs]
182.393: [GC (Allocation Failure) 165883K->10212K(204416K), 0.0010180 secs]
182.485: [GC (Allocation Failure) 196812K->10130K(195776K), 0.0007400 secs]
182.574: [GC (Allocation Failure) 188187K->10130K(187648K), 0.0006270 secs]
182.657: [GC (Allocation Failure) 180029K->10228K(180032K), 0.0006640 secs]
182.736: [GC (Allocation Failure) 172463K->10130K(172480K), 0.0005660 secs]
182.810: [GC (Allocation Failure) 165003K->10212K(165568K), 0.0007390 secs]
182.883: [GC (Allocation Failure) 158099K->10325K(159040K), 0.0005240 secs]
182.951: [GC (Allocation Failure) 151536K->10232K(152576K), 0.0005660 secs]
183.015: [GC (Allocation Failure) 145052K->10216K(146432K), 0.0009980 secs]
183.080: [GC (Allocation Failure) 139030K->10427K(140992K), 0.0006430 secs]
183.140: [GC (Allocation Failure) 133554K->10329K(135424K), 0.0006870 secs]
183.199: [GC (Allocation Failure) 128051K->10329K(130304K), 0.0005580 secs]
183.253: [GC (Allocation Failure) 122933K->10329K(125440K), 0.0005960 secs]
183.308: [GC (Allocation Failure) 118026K->10329K(120768K), 0.0005500 secs]
183.356: [GC (Allocation Failure) 113408K->10427K(116352K), 0.0005680 secs]
183.405: [GC (Allocation Failure) 109084K->10525K(136064K), 0.0007620 secs]
183.464: [GC (Allocation Failure) 128733K->10431K(159296K), 0.0006380 secs]
183.537: [GC (Allocation Failure) 152033K->10610K(187520K), 0.0010690 secs]
183.621: [GC (Allocation Failure) 180314K->10529K(221056K), 0.0006920 secs]
183.720: [GC (Allocation Failure) 213848K->10626K(211776K), 0.0005780 secs]
183.817: [GC (Allocation Failure) 204594K->10626K(202688K), 0.0006700 secs]
183.907: [GC (Allocation Failure) 195655K->10724K(194240K), 0.0005400 secs]
183.992: [GC (Allocation Failure) 187299K->10822K(186304K), 0.0007000 secs]
184.072: [GC (Allocation Failure) 179246K->10822K(178624K), 0.0006450 secs]
184.150: [GC (Allocation Failure) 171570K->10822K(171136K), 0.0006520 secs]
184.227: [GC (Allocation Failure) 164313K->11017K(164416K), 0.0005560 secs]
184.295: [GC (Allocation Failure) 157602K->11017K(157824K), 0.0005230 secs]
184.363: [GC (Allocation Failure) 150957K->11021K(151552K), 0.0005710 secs]
184.425: [GC (Allocation Failure) 144757K->10923K(145408K), 0.0005180 secs]
184.488: [GC (Allocation Failure) 138668K->11021K(139840K), 0.0007110 secs]
184.551: [GC (Allocation Failure) 133168K->11119K(134592K), 0.0005470 secs]
184.608: [GC (Allocation Failure) 127863K->11119K(129472K), 0.0007370 secs]
184.663: [GC (Allocation Failure) 122744K->11103K(151360K), 0.0010530 secs]
184.731: [GC (Allocation Failure) 144845K->11216K(178240K), 0.0005420 secs]
184.811: [GC (Allocation Failure) 171492K->11314K(170880K), 0.0007290 secs]
184.883: [GC (Allocation Failure) 164310K->11220K(163840K), 0.0005630 secs]
184.953: [GC (Allocation Failure) 157337K->11318K(157440K), 0.0005590 secs]
185.020: [GC (Allocation Failure) 150948K->11220K(151104K), 0.0007170 secs]
185.086: [GC (Allocation Failure) 144657K->11220K(145152K), 0.0007160 secs]
185.150: [GC (Allocation Failure) 138667K->11306K(170496K), 0.0009810 secs]
185.225: [GC (Allocation Failure) 164013K->11322K(163712K), 0.0005490 secs]
185.293: [GC (Allocation Failure) 157152K->11322K(157184K), 0.0006790 secs]
185.360: [GC (Allocation Failure) 150657K->11322K(150784K), 0.0005430 secs]
185.424: [GC (Allocation Failure) 144466K->11420K(144960K), 0.0008690 secs]
185.487: [GC (Allocation Failure) 138677K->11517K(139456K), 0.0006250 secs]
185.546: [GC (Allocation Failure) 133176K->11517K(134144K), 0.0007540 secs]
185.606: [GC (Allocation Failure) 127868K->11810K(156992K), 0.0008650 secs]
185.679: [GC (Allocation Failure) 151147K->12006K(150976K), 0.0005680 secs]
185.743: [GC (Allocation Failure) 145143K->11912K(144960K), 0.0007320 secs]
185.806: [GC (Allocation Failure) 139161K->12010K(139456K), 0.0007410 secs]
185.868: [GC (Allocation Failure) 133666K->12010K(134016K), 0.0005740 secs]
185.922: [GC (Allocation Failure) 128362K->12107K(129088K), 0.0006460 secs]
185.975: [GC (Allocation Failure) 123352K->12107K(124160K), 0.0005590 secs]
186.025: [GC (Allocation Failure) 118527K->12107K(119552K), 0.0005790 secs]
186.075: [GC (Allocation Failure) 113905K->12095K(139776K), 0.0010660 secs]
186.137: [GC (Allocation Failure) 134146K->12095K(164032K), 0.0007590 secs]
186.208: [GC (Allocation Failure) 158401K->12209K(193216K), 0.0007160 secs]
186.296: [GC (Allocation Failure) 187602K->12111K(216000K), 0.0006440 secs]
186.394: [GC (Allocation Failure) 210205K->12115K(206656K), 0.0005530 secs]
186.486: [GC (Allocation Failure) 201089K->12311K(198144K), 0.0006480 secs]
186.574: [GC (Allocation Failure) 192523K->12217K(189696K), 0.0006650 secs]
186.659: [GC (Allocation Failure) 184190K->12315K(182016K), 0.0005960 secs]
186.740: [GC (Allocation Failure) 176510K->12217K(174464K), 0.0005520 secs]
186.816: [GC (Allocation Failure) 168946K->12416K(167552K), 0.0006350 secs]
186.886: [GC (Allocation Failure) 162085K->12221K(160640K), 0.0005200 secs]
186.953: [GC (Allocation Failure) 155195K->12319K(154368K), 0.0007440 secs]
187.021: [GC (Allocation Failure) 148798K->12221K(148160K), 0.0007510 secs]
187.084: [GC (Allocation Failure) 142622K->12303K(174080K), 0.0013240 secs]
187.161: [GC (Allocation Failure) 168647K->12225K(204992K), 0.0007510 secs]
187.251: [GC (Allocation Failure) 199519K->12225K(196416K), 0.0005700 secs]
187.339: [GC (Allocation Failure) 190880K->12229K(188224K), 0.0007240 secs]
187.422: [GC (Allocation Failure) 182712K->12424K(180672K), 0.0008770 secs]
187.504: [GC (Allocation Failure) 175159K->12327K(173120K), 0.0005640 secs]
187.578: [GC (Allocation Failure) 167686K->12408K(203968K), 0.0013850 secs]
187.674: [GC (Allocation Failure) 198615K->12408K(225664K), 0.0011430 secs]
187.782: [GC (Allocation Failure) 220139K->12424K(215936K), 0.0006340 secs]
187.878: [GC (Allocation Failure) 210513K->12424K(206464K), 0.0006650 secs]
187.971: [GC (Allocation Failure) 201391K->12624K(198208K), 0.0006890 secs]
188.060: [GC (Allocation Failure) 192845K->12624K(189696K), 0.0005870 secs]
188.144: [GC (Allocation Failure) 184592K->12608K(181888K), 0.0010960 secs]
188.228: [GC (Allocation Failure) 176817K->12705K(174528K), 0.0009270 secs]
188.303: [GC (Allocation Failure) 169442K->12624K(167360K), 0.0007410 secs]
188.376: [GC (Allocation Failure) 162286K->12819K(160768K), 0.0009720 secs]
188.448: [GC (Allocation Failure) 155712K->12803K(189056K), 0.0011190 secs]
188.533: [GC (Allocation Failure) 184082K->12725K(181184K), 0.0005970 secs]
188.612: [GC (Allocation Failure) 176233K->12709K(213568K), 0.0011060 secs]
188.708: [GC (Allocation Failure) 208551K->12823K(204672K), 0.0005850 secs]
188.798: [GC (Allocation Failure) 199632K->12709K(195968K), 0.0011460 secs]
188.884: [GC (Allocation Failure) 190964K->12725K(187840K), 0.0005470 secs]
188.964: [GC (Allocation Failure) 182809K->12823K(180224K), 0.0005820 secs]
189.044: [GC (Allocation Failure) 175162K->12921K(172736K), 0.0008190 secs]
189.120: [GC (Allocation Failure) 167987K->13018K(165888K), 0.0005920 secs]
189.192: [GC (Allocation Failure) 161099K->12905K(159104K), 0.0010850 secs]
189.261: [GC (Allocation Failure) 154309K->13018K(152896K), 0.0006130 secs]
189.325: [GC (Allocation Failure) 148033K->13022K(146752K), 0.0005980 secs]
189.388: [GC (Allocation Failure) 142046K->13022K(141056K), 0.0005710 secs]
189.447: [GC (Allocation Failure) 136344K->13120K(135744K), 0.0007270 secs]
189.504: [GC (Allocation Failure) 131046K->13120K(130560K), 0.0007560 secs]
189.558: [GC (Allocation Failure) 125832K->13022K(152704K), 0.0007160 secs]
189.626: [GC (Allocation Failure) 148045K->13104K(179584K), 0.0011190 secs]
189.709: [GC (Allocation Failure) 174947K->13218K(211776K), 0.0007270 secs]
189.806: [GC (Allocation Failure) 207181K->13222K(202880K), 0.0007780 secs]
189.902: [GC (Allocation Failure) 198255K->13124K(194176K), 0.0007250 secs]
189.988: [GC (Allocation Failure) 189613K->13206K(186176K), 0.0010870 secs]
190.069: [GC (Allocation Failure) 181641K->13222K(178496K), 0.0007540 secs]
190.149: [GC (Allocation Failure) 173984K->13222K(171200K), 0.0007620 secs]
190.223: [GC (Allocation Failure) 166709K->13222K(164288K), 0.0005710 secs]
190.291: [GC (Allocation Failure) 159829K->13222K(157696K), 0.0005830 secs]
190.358: [GC (Allocation Failure) 153157K->13222K(151424K), 0.0005750 secs]
190.423: [GC (Allocation Failure) 146961K->13319K(145600K), 0.0006110 secs]
190.486: [GC (Allocation Failure) 141050K->13319K(139776K), 0.0007160 secs]
190.548: [GC (Allocation Failure) 135460K->13417K(134464K), 0.0007090 secs]
190.604: [GC (Allocation Failure) 130154K->13417K(129344K), 0.0005770 secs]
190.655: [GC (Allocation Failure) 125048K->13417K(124480K), 0.0005820 secs]
190.706: [GC (Allocation Failure) 120231K->13515K(145664K), 0.0007510 secs]
190.770: [GC (Allocation Failure) 141442K->13612K(171136K), 0.0006770 secs]
190.844: [GC (Allocation Failure) 166908K->13612K(164032K), 0.0006260 secs]
190.913: [GC (Allocation Failure) 160028K->13792K(157568K), 0.0008250 secs]
190.982: [GC (Allocation Failure) 153613K->13698K(185152K), 0.0009320 secs]
191.067: [GC (Allocation Failure) 181133K->13714K(177536K), 0.0007680 secs]
191.144: [GC (Allocation Failure) 173580K->13812K(170304K), 0.0005910 secs]
191.220: [GC (Allocation Failure) 166421K->13812K(163456K), 0.0007790 secs]
191.293: [GC (Allocation Failure) 159550K->13909K(156928K), 0.0005770 secs]
191.360: [GC (Allocation Failure) 153148K->13909K(150720K), 0.0005880 secs]
191.425: [GC (Allocation Failure) 146955K->13909K(144832K), 0.0005940 secs]
191.485: [GC (Allocation Failure) 141067K->13909K(139200K), 0.0007790 secs]
191.543: [GC (Allocation Failure) 135442K->14007K(133824K), 0.0005560 secs]
191.600: [GC (Allocation Failure) 130160K->14202K(128832K), 0.0006650 secs]
191.654: [GC (Allocation Failure) 125340K->14186K(150912K), 0.0011130 secs]
191.719: [GC (Allocation Failure) 147338K->14300K(177344K), 0.0006870 secs]
191.796: [GC (Allocation Failure) 173977K->14398K(208896K), 0.0006700 secs]
191.891: [GC (Allocation Failure) 205615K->14495K(200192K), 0.0006650 secs]
191.982: [GC (Allocation Failure) 196978K->14581K(218112K), 0.0012720 secs]
192.079: [GC (Allocation Failure) 214946K->14597K(208896K), 0.0005960 secs]
192.172: [GC (Allocation Failure) 205813K->14597K(199936K), 0.0005810 secs]
192.260: [GC (Allocation Failure) 196967K->14780K(191872K), 0.0010950 secs]
192.349: [GC (Allocation Failure) 188896K->14796K(183872K), 0.0007210 secs]
192.430: [GC (Allocation Failure) 180956K->14898K(176320K), 0.0008130 secs]
192.508: [GC (Allocation Failure) 173499K->14996K(169088K), 0.0006080 secs]
192.582: [GC (Allocation Failure) 166406K->15097K(162368K), 0.0007550 secs]
192.655: [GC (Allocation Failure) 159749K->15081K(155904K), 0.0007690 secs]
192.721: [GC (Allocation Failure) 153237K->15097K(149760K), 0.0006800 secs]
192.789: [GC (Allocation Failure) 147177K->15081K(175808K), 0.0011540 secs]
192.866: [GC (Allocation Failure) 173292K->15195K(207296K), 0.0007440 secs]
192.958: [GC (Allocation Failure) 204749K->15293K(198592K), 0.0006180 secs]
193.044: [GC (Allocation Failure) 196204K->15293K(190336K), 0.0006010 secs]
193.127: [GC (Allocation Failure) 187952K->15390K(182400K), 0.0005700 secs]
193.206: [GC (Allocation Failure) 180179K->15472K(174976K), 0.0011560 secs]
193.283: [GC (Allocation Failure) 172694K->15488K(167872K), 0.0007060 secs]
193.356: [GC (Allocation Failure) 165639K->15488K(161152K), 0.0007790 secs]
193.427: [GC (Allocation Failure) 158953K->15476K(189440K), 0.0011510 secs]
193.509: [GC (Allocation Failure) 187343K->15671K(216512K), 0.0011910 secs]
193.603: [GC (Allocation Failure) 214368K->15785K(223808K), 0.0009620 secs]
193.707: [GC (Allocation Failure) 221738K->15883K(214272K), 0.0006860 secs]
193.799: [GC (Allocation Failure) 212309K->15785K(204928K), 0.0005680 secs]
193.890: [GC (Allocation Failure) 203175K->16078K(196736K), 0.0005770 secs]
193.975: [GC (Allocation Failure) 194920K->16078K(188480K), 0.0005970 secs]
194.056: [GC (Allocation Failure) 186764K->15981K(180608K), 0.0007790 secs]
194.134: [GC (Allocation Failure) 178903K->15965K(173248K), 0.0011590 secs]
194.210: [GC (Allocation Failure) 171521K->16078K(166336K), 0.0005950 secs]
194.282: [GC (Allocation Failure) 164569K->15981K(159552K), 0.0007490 secs]
194.355: [GC (Allocation Failure) 157868K->15981K(153216K), 0.0005900 secs]
194.420: [GC (Allocation Failure) 151497K->16078K(147328K), 0.0007800 secs]
194.483: [GC (Allocation Failure) 145592K->16078K(141632K), 0.0006270 secs]
194.543: [GC (Allocation Failure) 139851K->16078K(165952K), 0.0010430 secs]
194.621: [GC (Allocation Failure) 164381K->16176K(159360K), 0.0005920 secs]
194.693: [GC (Allocation Failure) 157870K->16176K(153024K), 0.0008310 secs]
194.762: [GC (Allocation Failure) 151483K->16274K(147136K), 0.0008150 secs]
194.826: [GC (Allocation Failure) 145599K->16274K(172672K), 0.0007600 secs]
194.901: [GC (Allocation Failure) 171242K->16274K(165696K), 0.0007800 secs]
194.973: [GC (Allocation Failure) 164256K->16274K(159040K), 0.0008180 secs]
195.041: [GC (Allocation Failure) 157579K->16274K(152704K), 0.0005950 secs]
195.105: [GC (Allocation Failure) 151291K->16274K(146688K), 0.0007850 secs]
195.168: [GC (Allocation Failure) 145200K->16274K(140992K), 0.0006090 secs]
195.229: [GC (Allocation Failure) 139588K->16469K(165504K), 0.0012520 secs]
195.305: [GC (Allocation Failure) 164264K->16567K(194880K), 0.0007290 secs]
195.391: [GC (Allocation Failure) 193627K->16551K(220416K), 0.0008560 secs]
195.490: [GC (Allocation Failure) 219274K->16664K(211136K), 0.0006160 secs]
195.582: [GC (Allocation Failure) 210135K->16762K(202176K), 0.0007440 secs]
195.678: [GC (Allocation Failure) 201316K->16941K(193856K), 0.0012300 secs]
195.764: [GC (Allocation Failure) 193025K->16957K(185728K), 0.0007080 secs]
195.847: [GC (Allocation Failure) 184991K->17055K(178240K), 0.0006240 secs]
195.924: [GC (Allocation Failure) 177431K->17055K(170816K), 0.0005720 secs]
196.001: [GC (Allocation Failure) 170258K->17157K(163968K), 0.0007870 secs]
196.071: [GC (Allocation Failure) 163375K->17157K(157440K), 0.0006700 secs]
196.142: [GC (Allocation Failure) 156890K->17161K(151232K), 0.0007860 secs]
196.209: [GC (Allocation Failure) 150701K->17242K(177792K), 0.0011780 secs]
196.286: [GC (Allocation Failure) 177222K->17242K(209536K), 0.0012450 secs]
196.379: [GC (Allocation Failure) 208953K->17145K(219136K), 0.0012390 secs]
196.478: [GC (Allocation Failure) 218603K->17258K(219392K), 0.0006230 secs]
196.576: [GC (Allocation Failure) 218707K->17356K(259136K), 0.0010080 secs]
196.714: [GC (Allocation Failure) 258686K->17360K(247872K), 0.0007950 secs]
196.830: [GC (Allocation Failure) 247401K->17360K(236864K), 0.0008180 secs]
196.831: [Full GC (Ergonomics) 17360K->944K(236992K), 0.0128310 secs]
196.948: [GC (Allocation Failure) 220276K->1269K(227200K), 0.0005370 secs]
197.053: [GC (Allocation Failure) 210482K->1172K(217344K), 0.0008770 secs]
197.150: [GC (Allocation Failure) 200651K->1176K(208128K), 0.0005190 secs]
197.243: [GC (Allocation Failure) 191511K->1257K(199424K), 0.0007710 secs]
197.333: [GC (Allocation Failure) 182749K->1180K(191040K), 0.0005110 secs]
197.416: [GC (Allocation Failure) 174418K->1277K(183296K), 0.0005320 secs]
197.496: [GC (Allocation Failure) 166564K->1277K(175808K), 0.0005100 secs]
197.573: [GC (Allocation Failure) 159084K->1277K(168512K), 0.0004530 secs]
197.643: [GC (Allocation Failure) 152017K->1473K(161920K), 0.0004800 secs]
197.713: [GC (Allocation Failure) 145428K->1375K(155328K), 0.0005540 secs]
197.784: [GC (Allocation Failure) 138842K->1473K(149312K), 0.0005930 secs]
197.850: [GC (Allocation Failure) 132858K->1375K(143360K), 0.0004570 secs]
197.909: [GC (Allocation Failure) 126861K->1477K(137984K), 0.0005440 secs]
197.967: [GC (Allocation Failure) 121457K->1379K(132608K), 0.0004730 secs]
198.024: [GC (Allocation Failure) 116149K->1363K(127616K), 0.0007890 secs]
198.077: [GC (Allocation Failure) 111124K->1477K(123008K), 0.0004850 secs]
198.128: [GC (Allocation Failure) 106525K->1379K(118336K), 0.0005920 secs]
198.177: [GC (Allocation Failure) 101901K->1477K(114048K), 0.0004730 secs]
198.223: [GC (Allocation Failure) 97681K->1477K(109952K), 0.0005660 secs]
198.270: [GC (Allocation Failure) 93558K->1558K(106112K), 0.0006300 secs]
198.313: [GC (Allocation Failure) 89800K->1574K(123520K), 0.0006410 secs]
198.367: [GC (Allocation Failure) 107122K->1574K(118848K), 0.0004560 secs]
198.415: [GC (Allocation Failure) 102590K->1672K(114624K), 0.0004900 secs]
198.463: [GC (Allocation Failure) 98366K->1656K(133632K), 0.0007670 secs]
198.520: [GC (Allocation Failure) 117414K->1672K(156480K), 0.0006350 secs]
198.589: [GC (Allocation Failure) 140224K->1672K(150208K), 0.0004690 secs]
198.656: [GC (Allocation Failure) 134024K->1672K(144320K), 0.0005800 secs]
198.718: [GC (Allocation Failure) 128138K->1770K(138880K), 0.0005760 secs]
198.780: [GC (Allocation Failure) 122636K->1770K(133568K), 0.0006140 secs]
198.837: [GC (Allocation Failure) 117330K->1770K(128320K), 0.0005400 secs]
198.890: [GC (Allocation Failure) 112315K->1867K(123584K), 0.0005750 secs]
198.943: [GC (Allocation Failure) 107598K->1871K(119040K), 0.0004800 secs]
198.992: [GC (Allocation Failure) 103081K->1871K(114688K), 0.0005760 secs]
199.042: [GC (Allocation Failure) 98761K->1871K(110592K), 0.0004840 secs]
199.087: [GC (Allocation Failure) 94618K->1871K(106688K), 0.0005740 secs]
199.131: [GC (Allocation Failure) 90702K->1871K(102976K), 0.0004630 secs]
199.173: [GC (Allocation Failure) 86968K->1871K(99456K), 0.0005700 secs]
199.214: [GC (Allocation Failure) 83532K->1969K(115584K), 0.0006500 secs]
199.260: [GC (Allocation Failure) 99744K->1969K(134848K), 0.0004780 secs]
199.319: [GC (Allocation Failure) 119006K->2067K(129728K), 0.0004800 secs]
199.373: [GC (Allocation Failure) 113970K->2067K(124864K), 0.0005820 secs]
199.427: [GC (Allocation Failure) 109083K->2164K(120256K), 0.0006340 secs]
199.477: [GC (Allocation Failure) 104559K->2266K(115968K), 0.0005530 secs]
199.524: [GC (Allocation Failure) 100235K->2168K(111616K), 0.0005320 secs]
199.572: [GC (Allocation Failure) 96008K->2364K(130304K), 0.0006030 secs]
199.628: [GC (Allocation Failure) 114680K->2270K(125312K), 0.0005260 secs]
199.681: [GC (Allocation Failure) 109774K->2254K(146432K), 0.0008040 secs]
199.743: [GC (Allocation Failure) 130879K->2352K(171776K), 0.0007670 secs]
199.819: [GC (Allocation Failure) 156235K->2352K(202048K), 0.0008270 secs]
199.914: [GC (Allocation Failure) 186500K->2368K(193472K), 0.0004410 secs]
199.998: [GC (Allocation Failure) 178064K->2563K(185664K), 0.0006060 secs]
200.081: [GC (Allocation Failure) 170303K->2465K(177920K), 0.0004800 secs]
200.158: [GC (Allocation Failure) 162531K->2563K(170816K), 0.0004930 secs]
200.234: [GC (Allocation Failure) 155364K->2465K(163776K), 0.0005790 secs]
200.307: [GC (Allocation Failure) 148391K->2547K(157312K), 0.0007070 secs]
200.375: [GC (Allocation Failure) 141983K->2465K(151040K), 0.0005800 secs]
200.439: [GC (Allocation Failure) 135619K->2567K(145280K), 0.0004850 secs]
200.501: [GC (Allocation Failure) 129908K->2567K(139520K), 0.0008490 secs]
200.564: [GC (Allocation Failure) 124203K->2669K(134336K), 0.0006370 secs]
200.625: [GC (Allocation Failure) 119021K->2669K(129152K), 0.0005940 secs]
200.680: [GC (Allocation Failure) 114008K->2669K(124352K), 0.0004950 secs]
200.731: [GC (Allocation Failure) 109188K->2669K(119744K), 0.0006200 secs]
200.782: [GC (Allocation Failure) 104572K->2766K(115520K), 0.0006540 secs]
200.830: [GC (Allocation Failure) 100347K->2669K(111232K), 0.0004660 secs]
200.873: [GC (Allocation Failure) 96023K->2669K(107264K), 0.0005180 secs]
200.918: [GC (Allocation Failure) 92089K->2766K(124992K), 0.0006650 secs]
200.969: [GC (Allocation Failure) 109773K->2766K(146048K), 0.0005310 secs]
201.031: [GC (Allocation Failure) 130809K->2669K(140224K), 0.0004450 secs]
201.091: [GC (Allocation Failure) 125098K->2766K(134912K), 0.0004850 secs]
201.147: [GC (Allocation Failure) 119798K->2848K(129856K), 0.0008240 secs]
201.204: [GC (Allocation Failure) 114774K->2766K(124928K), 0.0004920 secs]
201.258: [GC (Allocation Failure) 109881K->2766K(120320K), 0.0006090 secs]
201.307: [GC (Allocation Failure) 105256K->2864K(116032K), 0.0005100 secs]
201.354: [GC (Allocation Failure) 100928K->2946K(135296K), 0.0008310 secs]
201.414: [GC (Allocation Failure) 120351K->2864K(158272K), 0.0004950 secs]
201.483: [GC (Allocation Failure) 143279K->2962K(152128K), 0.0005530 secs]
201.549: [GC (Allocation Failure) 137083K->2848K(146048K), 0.0008510 secs]
201.610: [GC (Allocation Failure) 131085K->2962K(140352K), 0.0004990 secs]
201.668: [GC (Allocation Failure) 125491K->2950K(164416K), 0.0008280 secs]
201.739: [GC (Allocation Failure) 149568K->2966K(157824K), 0.0004860 secs]
201.809: [GC (Allocation Failure) 142990K->3067K(151680K), 0.0005990 secs]
201.872: [GC (Allocation Failure) 136812K->2970K(145536K), 0.0004590 secs]
201.935: [GC (Allocation Failure) 130714K->3051K(139968K), 0.0008300 secs]
201.995: [GC (Allocation Failure) 125194K->3165K(134720K), 0.0005340 secs]
202.052: [GC (Allocation Failure) 119903K->3149K(129536K), 0.0008640 secs]
202.107: [GC (Allocation Failure) 114772K->3165K(151424K), 0.0007080 secs]
202.171: [GC (Allocation Failure) 136705K->3263K(145600K), 0.0005650 secs]
202.232: [GC (Allocation Failure) 130904K->3263K(139840K), 0.0006230 secs]
202.292: [GC (Allocation Failure) 125301K->3364K(134592K), 0.0006280 secs]
202.348: [GC (Allocation Failure) 120008K->3251K(157440K), 0.0008190 secs]
202.415: [GC (Allocation Failure) 142887K->3364K(151360K), 0.0005100 secs]
202.481: [GC (Allocation Failure) 136710K->3364K(145280K), 0.0006820 secs]
202.544: [GC (Allocation Failure) 130822K->3450K(170432K), 0.0008630 secs]
202.622: [GC (Allocation Failure) 155964K->3466K(163648K), 0.0005800 secs]
202.695: [GC (Allocation Failure) 149103K->3466K(157120K), 0.0005030 secs]
202.760: [GC (Allocation Failure) 142610K->3466K(150720K), 0.0005570 secs]
202.827: [GC (Allocation Failure) 136412K->3564K(144896K), 0.0004860 secs]
202.889: [GC (Allocation Failure) 130618K->3661K(139392K), 0.0005010 secs]
202.947: [GC (Allocation Failure) 125111K->3665K(134080K), 0.0006260 secs]
203.004: [GC (Allocation Failure) 119817K->3649K(128768K), 0.0008580 secs]
203.058: [GC (Allocation Failure) 114693K->3861K(124224K), 0.0006080 secs]
203.111: [GC (Allocation Failure) 110081K->3767K(119488K), 0.0005990 secs]
203.161: [GC (Allocation Failure) 105372K->3767K(115136K), 0.0005390 secs]
203.208: [GC (Allocation Failure) 101048K->3767K(110976K), 0.0004880 secs]
203.254: [GC (Allocation Failure) 96915K->3767K(107008K), 0.0006200 secs]
203.298: [GC (Allocation Failure) 92893K->3865K(103360K), 0.0005020 secs]
203.338: [GC (Allocation Failure) 89247K->3767K(120000K), 0.0005570 secs]
203.389: [GC (Allocation Failure) 105963K->3771K(140096K), 0.0006170 secs]
203.449: [GC (Allocation Failure) 126011K->3771K(164160K), 0.0006310 secs]
203.520: [GC (Allocation Failure) 150091K->3869K(157696K), 0.0005040 secs]
203.590: [GC (Allocation Failure) 143603K->3869K(151488K), 0.0006290 secs]
203.655: [GC (Allocation Failure) 137409K->3775K(145344K), 0.0004900 secs]
203.716: [GC (Allocation Failure) 131317K->3873K(139776K), 0.0004960 secs]
203.775: [GC (Allocation Failure) 125808K->3970K(134528K), 0.0006020 secs]
203.832: [GC (Allocation Failure) 120512K->3970K(129408K), 0.0007880 secs]
203.887: [GC (Allocation Failure) 115405K->3970K(124352K), 0.0005750 secs]
203.939: [GC (Allocation Failure) 110589K->4068K(119808K), 0.0006080 secs]
203.989: [GC (Allocation Failure) 106071K->4068K(115456K), 0.0005010 secs]
204.039: [GC (Allocation Failure) 101649K->4150K(134784K), 0.0008730 secs]
204.097: [GC (Allocation Failure) 120985K->4068K(157760K), 0.0006060 secs]
204.167: [GC (Allocation Failure) 143997K->4072K(151488K), 0.0006080 secs]
204.232: [GC (Allocation Failure) 137711K->4072K(145536K), 0.0005060 secs]
204.293: [GC (Allocation Failure) 131719K->4174K(140032K), 0.0005250 secs]
204.351: [GC (Allocation Failure) 126217K->4174K(134464K), 0.0004760 secs]
204.406: [GC (Allocation Failure) 120819K->4271K(129408K), 0.0005550 secs]
204.461: [GC (Allocation Failure) 115801K->4369K(124672K), 0.0005060 secs]
204.513: [GC (Allocation Failure) 111088K->4353K(120000K), 0.0007390 secs]
204.561: [GC (Allocation Failure) 106451K->4255K(140032K), 0.0006230 secs]
204.624: [GC (Allocation Failure) 126492K->4271K(134656K), 0.0006170 secs]
204.680: [GC (Allocation Failure) 121107K->4369K(129664K), 0.0005680 secs]
204.734: [GC (Allocation Failure) 116096K->4271K(124672K), 0.0005060 secs]
204.785: [GC (Allocation Failure) 111082K->4369K(120064K), 0.0004950 secs]
204.835: [GC (Allocation Failure) 106568K->4467K(115776K), 0.0005160 secs]
204.881: [GC (Allocation Failure) 102242K->4369K(111488K), 0.0005000 secs]
204.925: [GC (Allocation Failure) 98014K->4467K(107648K), 0.0005560 secs]
204.968: [GC (Allocation Failure) 94178K->4369K(103744K), 0.0004860 secs]
205.011: [GC (Allocation Failure) 90253K->4369K(120640K), 0.0006750 secs]
205.062: [GC (Allocation Failure) 107149K->4369K(140864K), 0.0005010 secs]
205.121: [GC (Allocation Failure) 127387K->4369K(135424K), 0.0006380 secs]
205.177: [GC (Allocation Failure) 121994K->4471K(130304K), 0.0004970 secs]
205.230: [GC (Allocation Failure) 116978K->4471K(125440K), 0.0005010 secs]
205.287: [GC (Allocation Failure) 112067K->4650K(146688K), 0.0008830 secs]
205.350: [GC (Allocation Failure) 133471K->4568K(140928K), 0.0005170 secs]
205.410: [GC (Allocation Failure) 127695K->4666K(135488K), 0.0005020 secs]
205.467: [GC (Allocation Failure) 122292K->4666K(130368K), 0.0004980 secs]
205.521: [GC (Allocation Failure) 117176K->4768K(125504K), 0.0006330 secs]
205.576: [GC (Allocation Failure) 112465K->4865K(120960K), 0.0005160 secs]
205.625: [GC (Allocation Failure) 107845K->4865K(116352K), 0.0004830 secs]
205.677: [GC (Allocation Failure) 103428K->4963K(112192K), 0.0005230 secs]
205.722: [GC (Allocation Failure) 99303K->4963K(108224K), 0.0006180 secs]
205.767: [GC (Allocation Failure) 95369K->4963K(104448K), 0.0005040 secs]
205.808: [GC (Allocation Failure) 91538K->5061K(121472K), 0.0006210 secs]
205.860: [GC (Allocation Failure) 108724K->5061K(141888K), 0.0006640 secs]
205.918: [GC (Allocation Failure) 129071K->5049K(166272K), 0.0006470 secs]
205.990: [GC (Allocation Failure) 153520K->5162K(159616K), 0.0005250 secs]
206.061: [GC (Allocation Failure) 146960K->5162K(153216K), 0.0005840 secs]
206.126: [GC (Allocation Failure) 140560K->5260K(147264K), 0.0006160 secs]
206.191: [GC (Allocation Failure) 134685K->5358K(141568K), 0.0005960 secs]
206.252: [GC (Allocation Failure) 129069K->5358K(136128K), 0.0005800 secs]
206.309: [GC (Allocation Failure) 123666K->5358K(130880K), 0.0004780 secs]
206.363: [GC (Allocation Failure) 118445K->5553K(126016K), 0.0005300 secs]
206.417: [GC (Allocation Failure) 113748K->5553K(121344K), 0.0004820 secs]
206.465: [GC (Allocation Failure) 109028K->5651K(116928K), 0.0007000 secs]
206.512: [GC (Allocation Failure) 104690K->5752K(136384K), 0.0006430 secs]
206.572: [GC (Allocation Failure) 124354K->5834K(159808K), 0.0009090 secs]
206.642: [GC (Allocation Failure) 147825K->5948K(187712K), 0.0006100 secs]
206.724: [GC (Allocation Failure) 175851K->5948K(179968K), 0.0005730 secs]
206.804: [GC (Allocation Failure) 168092K->5948K(172544K), 0.0004690 secs]
206.877: [GC (Allocation Failure) 160719K->6143K(165632K), 0.0005250 secs]
206.948: [GC (Allocation Failure) 153942K->6241K(158976K), 0.0004930 secs]
207.015: [GC (Allocation Failure) 147345K->6338K(152704K), 0.0005910 secs]
207.082: [GC (Allocation Failure) 141245K->6338K(146624K), 0.0004810 secs]
207.146: [GC (Allocation Failure) 135156K->6534K(140992K), 0.0006480 secs]
207.207: [GC (Allocation Failure) 129645K->6534K(135552K), 0.0004760 secs]
207.263: [GC (Allocation Failure) 124251K->6534K(130432K), 0.0006420 secs]
207.321: [GC (Allocation Failure) 119152K->6534K(125504K), 0.0006110 secs]
207.373: [GC (Allocation Failure) 114232K->6631K(120896K), 0.0006620 secs]
207.425: [GC (Allocation Failure) 109716K->6729K(116480K), 0.0006380 secs]
207.473: [GC (Allocation Failure) 105388K->6811K(136000K), 0.0007360 secs]
207.531: [GC (Allocation Failure) 124929K->6827K(159040K), 0.0006380 secs]
207.598: [GC (Allocation Failure) 148235K->7022K(153024K), 0.0004910 secs]
207.664: [GC (Allocation Failure) 142041K->7022K(146880K), 0.0005120 secs]
207.731: [GC (Allocation Failure) 136055K->7201K(141248K), 0.0008090 secs]
207.791: [GC (Allocation Failure) 130519K->7120K(135744K), 0.0004840 secs]
207.847: [GC (Allocation Failure) 125044K->7120K(130560K), 0.0005210 secs]
207.901: [GC (Allocation Failure) 119831K->7201K(152768K), 0.0007660 secs]
207.965: [GC (Allocation Failure) 142107K->7124K(146688K), 0.0006070 secs]
208.028: [GC (Allocation Failure) 135951K->7205K(172032K), 0.0009070 secs]
208.105: [GC (Allocation Failure) 161385K->7205K(202368K), 0.0009420 secs]
208.193: [GC (Allocation Failure) 191752K->7221K(193920K), 0.0005380 secs]
208.277: [GC (Allocation Failure) 183316K->7319K(185984K), 0.0007070 secs]
208.358: [GC (Allocation Failure) 175356K->7221K(178176K), 0.0005290 secs]
208.436: [GC (Allocation Failure) 167598K->7319K(171008K), 0.0006450 secs]
208.510: [GC (Allocation Failure) 160518K->7401K(164160K), 0.0009730 secs]
208.582: [GC (Allocation Failure) 153611K->7417K(157696K), 0.0006100 secs]
208.651: [GC (Allocation Failure) 147153K->7417K(151168K), 0.0005760 secs]
208.718: [GC (Allocation Failure) 140960K->7612K(145600K), 0.0005940 secs]
208.780: [GC (Allocation Failure) 135161K->7710K(139904K), 0.0005880 secs]
208.840: [GC (Allocation Failure) 129655K->7710K(134528K), 0.0005560 secs]
208.899: [GC (Allocation Failure) 124259K->7694K(129152K), 0.0009480 secs]
208.955: [GC (Allocation Failure) 119125K->7905K(124544K), 0.0005340 secs]
209.005: [GC (Allocation Failure) 114525K->7808K(119808K), 0.0006120 secs]
209.057: [GC (Allocation Failure) 109807K->7905K(140032K), 0.0007720 secs]
209.118: [GC (Allocation Failure) 129953K->7792K(163904K), 0.0007020 secs]
209.190: [GC (Allocation Failure) 153818K->7808K(157376K), 0.0005170 secs]
209.257: [GC (Allocation Failure) 147349K->7808K(151168K), 0.0005600 secs]
209.320: [GC (Allocation Failure) 141151K->7905K(145408K), 0.0007160 secs]
209.383: [GC (Allocation Failure) 135354K->7808K(139648K), 0.0005770 secs]
209.442: [GC (Allocation Failure) 129658K->7792K(134272K), 0.0006970 secs]
209.498: [GC (Allocation Failure) 124231K->7905K(129344K), 0.0006760 secs]
209.552: [GC (Allocation Failure) 119241K->7808K(124352K), 0.0005260 secs]
209.602: [GC (Allocation Failure) 114326K->7808K(119744K), 0.0005620 secs]
209.651: [GC (Allocation Failure) 109707K->8003K(139968K), 0.0009040 secs]
209.712: [GC (Allocation Failure) 130049K->8003K(163776K), 0.0005090 secs]
209.782: [GC (Allocation Failure) 154025K->8182K(192640K), 0.0009840 secs]
209.872: [GC (Allocation Failure) 182899K->8198K(184704K), 0.0006650 secs]
209.954: [GC (Allocation Failure) 174951K->8101K(177024K), 0.0006770 secs]
210.034: [GC (Allocation Failure) 167292K->8105K(169856K), 0.0006540 secs]
210.107: [GC (Allocation Failure) 160119K->8202K(163136K), 0.0007640 secs]
210.178: [GC (Allocation Failure) 153326K->8089K(156480K), 0.0009380 secs]
210.248: [GC (Allocation Failure) 146736K->8202K(150400K), 0.0007600 secs]
210.311: [GC (Allocation Failure) 140641K->8202K(144384K), 0.0005250 secs]
210.372: [GC (Allocation Failure) 134762K->8300K(138944K), 0.0006800 secs]
210.429: [GC (Allocation Failure) 129267K->8202K(133504K), 0.0005220 secs]
210.483: [GC (Allocation Failure) 123862K->8300K(128576K), 0.0006720 secs]
210.540: [GC (Allocation Failure) 118950K->8300K(123648K), 0.0006700 secs]
210.593: [GC (Allocation Failure) 114132K->8300K(144448K), 0.0006630 secs]
210.657: [GC (Allocation Failure) 134864K->8300K(138880K), 0.0005390 secs]
210.714: [GC (Allocation Failure) 129361K->8300K(133568K), 0.0005250 secs]
210.771: [GC (Allocation Failure) 124062K->8300K(128512K), 0.0006740 secs]
210.825: [GC (Allocation Failure) 118943K->8300K(123712K), 0.0005980 secs]
210.876: [GC (Allocation Failure) 114137K->8402K(144512K), 0.0006760 secs]
210.938: [GC (Allocation Failure) 135071K->8402K(138944K), 0.0006830 secs]
210.999: [GC (Allocation Failure) 129460K->8402K(133632K), 0.0006540 secs]
211.056: [GC (Allocation Failure) 124157K->8402K(128576K), 0.0006620 secs]
211.110: [GC (Allocation Failure) 119154K->8499K(123776K), 0.0005930 secs]
211.161: [GC (Allocation Failure) 114432K->8601K(119360K), 0.0005580 secs]
211.211: [GC (Allocation Failure) 110004K->8601K(139072K), 0.0006460 secs]
211.270: [GC (Allocation Failure) 129855K->8894K(163136K), 0.0005910 secs]
211.342: [GC (Allocation Failure) 154038K->8796K(156480K), 0.0006430 secs]
211.410: [GC (Allocation Failure) 147448K->8898K(150400K), 0.0005490 secs]
211.476: [GC (Allocation Failure) 141361K->8898K(144320K), 0.0005010 secs]
211.537: [GC (Allocation Failure) 135463K->9093K(138944K), 0.0006910 secs]
211.597: [GC (Allocation Failure) 130061K->8996K(133504K), 0.0005460 secs]
211.652: [GC (Allocation Failure) 124652K->9093K(128576K), 0.0006920 secs]
211.707: [GC (Allocation Failure) 119729K->9077K(150272K), 0.0006930 secs]
211.771: [GC (Allocation Failure) 141440K->8996K(144320K), 0.0005380 secs]
211.834: [GC (Allocation Failure) 135457K->9077K(169280K), 0.0009880 secs]
211.911: [GC (Allocation Failure) 160411K->9093K(162560K), 0.0006970 secs]
211.983: [GC (Allocation Failure) 153645K->8980K(190848K), 0.0009260 secs]
212.068: [GC (Allocation Failure) 182028K->9077K(224896K), 0.0010110 secs]
212.169: [GC (Allocation Failure) 216111K->8996K(226624K), 0.0012990 secs]
212.269: [GC (Allocation Failure) 217613K->9097K(216960K), 0.0006040 secs]
212.365: [GC (Allocation Failure) 208086K->8984K(207552K), 0.0006980 secs]
212.458: [GC (Allocation Failure) 198826K->9081K(198976K), 0.0009750 secs]
212.550: [GC (Allocation Failure) 190182K->9183K(190784K), 0.0007670 secs]
212.634: [GC (Allocation Failure) 182029K->9101K(182848K), 0.0006890 secs]
212.715: [GC (Allocation Failure) 174101K->9183K(175424K), 0.0007170 secs]
212.790: [GC (Allocation Failure) 166704K->9105K(168256K), 0.0007080 secs]
212.864: [GC (Allocation Failure) 159555K->9203K(161600K), 0.0006820 secs]
212.933: [GC (Allocation Failure) 152866K->9203K(155200K), 0.0005700 secs]
212.999: [GC (Allocation Failure) 146469K->9089K(148864K), 0.0007090 secs]
213.065: [GC (Allocation Failure) 140274K->9285K(143232K), 0.0007460 secs]
213.127: [GC (Allocation Failure) 134573K->9203K(137664K), 0.0005310 secs]
213.186: [GC (Allocation Failure) 128988K->9301K(132544K), 0.0005560 secs]
213.242: [GC (Allocation Failure) 123878K->9301K(127424K), 0.0005560 secs]
213.295: [GC (Allocation Failure) 118866K->9301K(122688K), 0.0006180 secs]
213.346: [GC (Allocation Failure) 114145K->9398K(118272K), 0.0005330 secs]
213.395: [GC (Allocation Failure) 109719K->9301K(113856K), 0.0006300 secs]
213.442: [GC (Allocation Failure) 105304K->9398K(132800K), 0.0006040 secs]
213.501: [GC (Allocation Failure) 124375K->9500K(155520K), 0.0007160 secs]
213.570: [GC (Allocation Failure) 147076K->9500K(149248K), 0.0007170 secs]
213.636: [GC (Allocation Failure) 140881K->9500K(143424K), 0.0005470 secs]
213.697: [GC (Allocation Failure) 135078K->9500K(137920K), 0.0006820 secs]
213.756: [GC (Allocation Failure) 129583K->9500K(132672K), 0.0005390 secs]
213.811: [GC (Allocation Failure) 124376K->9598K(127808K), 0.0005230 secs]
213.866: [GC (Allocation Failure) 119457K->9602K(123072K), 0.0006800 secs]
213.917: [GC (Allocation Failure) 114750K->9602K(143552K), 0.0006960 secs]
213.978: [GC (Allocation Failure) 135390K->9801K(168512K), 0.0006290 secs]
214.050: [GC (Allocation Failure) 160335K->9899K(198144K), 0.0009050 secs]
214.142: [GC (Allocation Failure) 190105K->9903K(189888K), 0.0005980 secs]
214.227: [GC (Allocation Failure) 181871K->9903K(181888K), 0.0005080 secs]
214.308: [GC (Allocation Failure) 174000K->10098K(174656K), 0.0007040 secs]
214.385: [GC (Allocation Failure) 166829K->10000K(167424K), 0.0006600 secs]
214.459: [GC (Allocation Failure) 159558K->10000K(160704K), 0.0006950 secs]
214.529: [GC (Allocation Failure) 152880K->10000K(154304K), 0.0005540 secs]
214.597: [GC (Allocation Failure) 146486K->10098K(148352K), 0.0005760 secs]
214.663: [GC (Allocation Failure) 140496K->10000K(142464K), 0.0006700 secs]
214.725: [GC (Allocation Failure) 134611K->9984K(136960K), 0.0010470 secs]
214.786: [GC (Allocation Failure) 129076K->10000K(131712K), 0.0005510 secs]
214.841: [GC (Allocation Failure) 123891K->10098K(126912K), 0.0006590 secs]
214.894: [GC (Allocation Failure) 119070K->9984K(148288K), 0.0010140 secs]
214.958: [GC (Allocation Failure) 140386K->10098K(174080K), 0.0007140 secs]
215.035: [GC (Allocation Failure) 166230K->10000K(204608K), 0.0006180 secs]
215.134: [GC (Allocation Failure) 196794K->10102K(196160K), 0.0006570 secs]
215.220: [GC (Allocation Failure) 188251K->10102K(187904K), 0.0007800 secs]
215.302: [GC (Allocation Failure) 180195K->10204K(180288K), 0.0005670 secs]
215.381: [GC (Allocation Failure) 172535K->10204K(172800K), 0.0005580 secs]
215.458: [GC (Allocation Failure) 165178K->10204K(165824K), 0.0006950 secs]
215.532: [GC (Allocation Failure) 158190K->10204K(159168K), 0.0007170 secs]
215.601: [GC (Allocation Failure) 151508K->10204K(152832K), 0.0007530 secs]
215.667: [GC (Allocation Failure) 145216K->10208K(146816K), 0.0006950 secs]
215.731: [GC (Allocation Failure) 139139K->10208K(141120K), 0.0006960 secs]
215.791: [GC (Allocation Failure) 133529K->10289K(165440K), 0.0009950 secs]
215.863: [GC (Allocation Failure) 157785K->10305K(194560K), 0.0008050 secs]
215.950: [GC (Allocation Failure) 186891K->10305K(186176K), 0.0007110 secs]
216.030: [GC (Allocation Failure) 178822K->10501K(178880K), 0.0005190 secs]
216.106: [GC (Allocation Failure) 171366K->10598K(171520K), 0.0005550 secs]
216.180: [GC (Allocation Failure) 164187K->10501K(164480K), 0.0007310 secs]
216.251: [GC (Allocation Failure) 157108K->10501K(157888K), 0.0005400 secs]
216.319: [GC (Allocation Failure) 150534K->10598K(151744K), 0.0007180 secs]
216.383: [GC (Allocation Failure) 144336K->10501K(145664K), 0.0005450 secs]
216.444: [GC (Allocation Failure) 138336K->10598K(140160K), 0.0005810 secs]
216.502: [GC (Allocation Failure) 132838K->10598K(134656K), 0.0005610 secs]
216.559: [GC (Allocation Failure) 127436K->10598K(129536K), 0.0007370 secs]
216.613: [GC (Allocation Failure) 122324K->10680K(151616K), 0.0007770 secs]
216.678: [GC (Allocation Failure) 144418K->10598K(145600K), 0.0005660 secs]
216.738: [GC (Allocation Failure) 138347K->10598K(139968K), 0.0005490 secs]
216.797: [GC (Allocation Failure) 132737K->10696K(134720K), 0.0007270 secs]
216.854: [GC (Allocation Failure) 127435K->10696K(129408K), 0.0006760 secs]
216.909: [GC (Allocation Failure) 122332K->10891K(151552K), 0.0006610 secs]
216.974: [GC (Allocation Failure) 144433K->10794K(145472K), 0.0007070 secs]
217.037: [GC (Allocation Failure) 138440K->10891K(170688K), 0.0007840 secs]
217.113: [GC (Allocation Failure) 163596K->10895K(163712K), 0.0005580 secs]
217.183: [GC (Allocation Failure) 156726K->10993K(157312K), 0.0007530 secs]
217.250: [GC (Allocation Failure) 150333K->10993K(150976K), 0.0006520 secs]
217.313: [GC (Allocation Failure) 144141K->10977K(177216K), 0.0010760 secs]
217.390: [GC (Allocation Failure) 170344K->10993K(169984K), 0.0005660 secs]
217.464: [GC (Allocation Failure) 163107K->10993K(163136K), 0.0007190 secs]
217.535: [GC (Allocation Failure) 156325K->11091K(156736K), 0.0006620 secs]
217.603: [GC (Allocation Failure) 149843K->11091K(150528K), 0.0008560 secs]
217.668: [GC (Allocation Failure) 143648K->10997K(144448K), 0.0006790 secs]
217.729: [GC (Allocation Failure) 137665K->11192K(139072K), 0.0005790 secs]
217.787: [GC (Allocation Failure) 132254K->11192K(133760K), 0.0006760 secs]
217.845: [GC (Allocation Failure) 126948K->11192K(156480K), 0.0007520 secs]
217.911: [GC (Allocation Failure) 149750K->11192K(183488K), 0.0006650 secs]
217.994: [GC (Allocation Failure) 176867K->11485K(176192K), 0.0006100 secs]
218.070: [GC (Allocation Failure) 169692K->11376K(207168K), 0.0010300 secs]
218.166: [GC (Allocation Failure) 200646K->11392K(198528K), 0.0007300 secs]
218.256: [GC (Allocation Failure) 191983K->11392K(190272K), 0.0006850 secs]
218.343: [GC (Allocation Failure) 183649K->11294K(182272K), 0.0006430 secs]
218.421: [GC (Allocation Failure) 175686K->11376K(174848K), 0.0007870 secs]
218.496: [GC (Allocation Failure) 168302K->11294K(167680K), 0.0006330 secs]
218.574: [GC (Allocation Failure) 161149K->11392K(161088K), 0.0007990 secs]
218.645: [GC (Allocation Failure) 154558K->11294K(154560K), 0.0005630 secs]
218.713: [GC (Allocation Failure) 147978K->11392K(148608K), 0.0010980 secs]
218.778: [GC (Allocation Failure) 141996K->11294K(142720K), 0.0005720 secs]
218.839: [GC (Allocation Failure) 136183K->11392K(137216K), 0.0007420 secs]
218.896: [GC (Allocation Failure) 130783K->11376K(160768K), 0.0010710 secs]
218.964: [GC (Allocation Failure) 154347K->11591K(189056K), 0.0006050 secs]
219.046: [GC (Allocation Failure) 182586K->11493K(212672K), 0.0007510 secs]
219.140: [GC (Allocation Failure) 206070K->11591K(203648K), 0.0006450 secs]
219.233: [GC (Allocation Failure) 197222K->11396K(194944K), 0.0005760 secs]
219.322: [GC (Allocation Failure) 188463K->11493K(187008K), 0.0008060 secs]
219.406: [GC (Allocation Failure) 180518K->11396K(179200K), 0.0005820 secs]
219.485: [GC (Allocation Failure) 172734K->11396K(171904K), 0.0007760 secs]
219.561: [GC (Allocation Failure) 165469K->11396K(164992K), 0.0005690 secs]
219.633: [GC (Allocation Failure) 158596K->11400K(158400K), 0.0005670 secs]
219.701: [GC (Allocation Failure) 151923K->11497K(152256K), 0.0007470 secs]
219.765: [GC (Allocation Failure) 145826K->11497K(146176K), 0.0006080 secs]
219.826: [GC (Allocation Failure) 139833K->11693K(140672K), 0.0006370 secs]
219.889: [GC (Allocation Failure) 134338K->11579K(164608K), 0.0010150 secs]
219.960: [GC (Allocation Failure) 158381K->11693K(193600K), 0.0007430 secs]
220.050: [GC (Allocation Failure) 187289K->11595K(185472K), 0.0007340 secs]
220.132: [GC (Allocation Failure) 179241K->11693K(177984K), 0.0008590 secs]
220.210: [GC (Allocation Failure) 171666K->11595K(170624K), 0.0007390 secs]
220.281: [GC (Allocation Failure) 164401K->11693K(163840K), 0.0006610 secs]
220.352: [GC (Allocation Failure) 157607K->11595K(157184K), 0.0008970 secs]
220.420: [GC (Allocation Failure) 150942K->11595K(150976K), 0.0005690 secs]
220.485: [GC (Allocation Failure) 144737K->11693K(145216K), 0.0007140 secs]
220.547: [GC (Allocation Failure) 138948K->11693K(139584K), 0.0007110 secs]
220.605: [GC (Allocation Failure) 133341K->11595K(134080K), 0.0005400 secs]
220.662: [GC (Allocation Failure) 127942K->11790K(157184K), 0.0008540 secs]
220.730: [GC (Allocation Failure) 151035K->11774K(184576K), 0.0011550 secs]
220.813: [GC (Allocation Failure) 178443K->11888K(217472K), 0.0008860 secs]
220.911: [GC (Allocation Failure) 211369K->11790K(208064K), 0.0005700 secs]
221.004: [GC (Allocation Failure) 202020K->11986K(199488K), 0.0006480 secs]
221.094: [GC (Allocation Failure) 193480K->11790K(190976K), 0.0007400 secs]
221.178: [GC (Allocation Failure) 184935K->11790K(183104K), 0.0005980 secs]
221.257: [GC (Allocation Failure) 177071K->11790K(175616K), 0.0007010 secs]
221.334: [GC (Allocation Failure) 169600K->11888K(168640K), 0.0008460 secs]
221.409: [GC (Allocation Failure) 162530K->11888K(161856K), 0.0007230 secs]
221.484: [GC (Allocation Failure) 155759K->11872K(155328K), 0.0009100 secs]
221.551: [GC (Allocation Failure) 149344K->11774K(182272K), 0.0008810 secs]
221.630: [GC (Allocation Failure) 176175K->11970K(214784K), 0.0011670 secs]
221.727: [GC (Allocation Failure) 208699K->11876K(216832K), 0.0008450 secs]
221.823: [GC (Allocation Failure) 210765K->11892K(207680K), 0.0006130 secs]
221.912: [GC (Allocation Failure) 201643K->11794K(198784K), 0.0006670 secs]
222.001: [GC (Allocation Failure) 192790K->11892K(190592K), 0.0006880 secs]
222.088: [GC (Allocation Failure) 184641K->11892K(182720K), 0.0005910 secs]
222.167: [GC (Allocation Failure) 176796K->11892K(175232K), 0.0005640 secs]
222.241: [GC (Allocation Failure) 169314K->11876K(168128K), 0.0009130 secs]
222.316: [GC (Allocation Failure) 162122K->11990K(161472K), 0.0005870 secs]
222.383: [GC (Allocation Failure) 155534K->11892K(154944K), 0.0007260 secs]
222.449: [GC (Allocation Failure) 148954K->11990K(148992K), 0.0007020 secs]
222.514: [GC (Allocation Failure) 142976K->11892K(143040K), 0.0005380 secs]
222.576: [GC (Allocation Failure) 137080K->11892K(137536K), 0.0007500 secs]
222.639: [GC (Allocation Failure) 131591K->11876K(132288K), 0.0008050 secs]
222.697: [GC (Allocation Failure) 126347K->11978K(154880K), 0.0010980 secs]
222.764: [GC (Allocation Failure) 148956K->11994K(181952K), 0.0006980 secs]
222.848: [GC (Allocation Failure) 176009K->11896K(214080K), 0.0007660 secs]
222.945: [GC (Allocation Failure) 208130K->11994K(205056K), 0.0006490 secs]
223.035: [GC (Allocation Failure) 199180K->11994K(196480K), 0.0005780 secs]
223.122: [GC (Allocation Failure) 190644K->11994K(188288K), 0.0005890 secs]
223.207: [GC (Allocation Failure) 182478K->12095K(180672K), 0.0007690 secs]
223.285: [GC (Allocation Failure) 174828K->12095K(173184K), 0.0007060 secs]
223.362: [GC (Allocation Failure) 167458K->12095K(166208K), 0.0005760 secs]
223.433: [GC (Allocation Failure) 160474K->12095K(159552K), 0.0006440 secs]
223.502: [GC (Allocation Failure) 153800K->12079K(153216K), 0.0010500 secs]
223.568: [GC (Allocation Failure) 147474K->12095K(147200K), 0.0006390 secs]
223.630: [GC (Allocation Failure) 141413K->12095K(141504K), 0.0006430 secs]
223.689: [GC (Allocation Failure) 135716K->12095K(136064K), 0.0005620 secs]
223.746: [GC (Allocation Failure) 130306K->12193K(131008K), 0.0005860 secs]
223.802: [GC (Allocation Failure) 125197K->12193K(125888K), 0.0005310 secs]
223.853: [GC (Allocation Failure) 120286K->12388K(147392K), 0.0011350 secs]
223.916: [GC (Allocation Failure) 141799K->12291K(172736K), 0.0005320 secs]
223.991: [GC (Allocation Failure) 167155K->12291K(203200K), 0.0007270 secs]
224.082: [GC (Allocation Failure) 197620K->12291K(194688K), 0.0005670 secs]
224.169: [GC (Allocation Failure) 189162K->12275K(186624K), 0.0011150 secs]
224.252: [GC (Allocation Failure) 181091K->12291K(178944K), 0.0005590 secs]
224.328: [GC (Allocation Failure) 173349K->12372K(210688K), 0.0011330 secs]
224.424: [GC (Allocation Failure) 205173K->12388K(201728K), 0.0006090 secs]
224.515: [GC (Allocation Failure) 196239K->12372K(193280K), 0.0011030 secs]
224.600: [GC (Allocation Failure) 187860K->12388K(185280K), 0.0005570 secs]
224.680: [GC (Allocation Failure) 179803K->12388K(177664K), 0.0007480 secs]
224.759: [GC (Allocation Failure) 172175K->12392K(170432K), 0.0007370 secs]
224.834: [GC (Allocation Failure) 164997K->12490K(163712K), 0.0005790 secs]
224.905: [GC (Allocation Failure) 158201K->12392K(156992K), 0.0007130 secs]
224.974: [GC (Allocation Failure) 151633K->12592K(150976K), 0.0005950 secs]
225.039: [GC (Allocation Failure) 145645K->12592K(144960K), 0.0005260 secs]
225.100: [GC (Allocation Failure) 139749K->12673K(170048K), 0.0011160 secs]
225.174: [GC (Allocation Failure) 164791K->12689K(163136K), 0.0005380 secs]
225.246: [GC (Allocation Failure) 158020K->12689K(156608K), 0.0008350 secs]
225.313: [GC (Allocation Failure) 151442K->12689K(150400K), 0.0005610 secs]
225.378: [GC (Allocation Failure) 145252K->12791K(144640K), 0.0007630 secs]
225.440: [GC (Allocation Failure) 139450K->12677K(169280K), 0.0007670 secs]
225.514: [GC (Allocation Failure) 164200K->12889K(162688K), 0.0006640 secs]
225.582: [GC (Allocation Failure) 157640K->12889K(156096K), 0.0007290 secs]
225.650: [GC (Allocation Failure) 151143K->12893K(149952K), 0.0005680 secs]
225.717: [GC (Allocation Failure) 144962K->12893K(144064K), 0.0005840 secs]
225.781: [GC (Allocation Failure) 139069K->12893K(168896K), 0.0011650 secs]
225.854: [GC (Allocation Failure) 163922K->12990K(162112K), 0.0005880 secs]
225.923: [GC (Allocation Failure) 157242K->13088K(155776K), 0.0007560 secs]
225.990: [GC (Allocation Failure) 150864K->13088K(149440K), 0.0005450 secs]
226.054: [GC (Allocation Failure) 144766K->13283K(143808K), 0.0007630 secs]
226.115: [GC (Allocation Failure) 139161K->13186K(138112K), 0.0005310 secs]
226.172: [GC (Allocation Failure) 133462K->13186K(132864K), 0.0006520 secs]
226.229: [GC (Allocation Failure) 128248K->13283K(127872K), 0.0005900 secs]
226.279: [GC (Allocation Failure) 123342K->13381K(123200K), 0.0006140 secs]
226.329: [GC (Allocation Failure) 118627K->13283K(143680K), 0.0005610 secs]
226.388: [GC (Allocation Failure) 139163K->13479K(168640K), 0.0006780 secs]
226.461: [GC (Allocation Failure) 164124K->13385K(161728K), 0.0007610 secs]
226.531: [GC (Allocation Failure) 157250K->13385K(155264K), 0.0007250 secs]
226.600: [GC (Allocation Failure) 150851K->13483K(149248K), 0.0007190 secs]
226.668: [GC (Allocation Failure) 144758K->13483K(143424K), 0.0007900 secs]
226.729: [GC (Allocation Failure) 138971K->13369K(167872K), 0.0009700 secs]
226.802: [GC (Allocation Failure) 163520K->13483K(197568K), 0.0006630 secs]
226.890: [GC (Allocation Failure) 193207K->13580K(189504K), 0.0006830 secs]
226.972: [GC (Allocation Failure) 185163K->13580K(181696K), 0.0007980 secs]
227.055: [GC (Allocation Failure) 177289K->13580K(174080K), 0.0005460 secs]
227.130: [GC (Allocation Failure) 169907K->13678K(167104K), 0.0005700 secs]
227.205: [GC (Allocation Failure) 162942K->13776K(160512K), 0.0007940 secs]
227.273: [GC (Allocation Failure) 156359K->13678K(153984K), 0.0007800 secs]
227.340: [GC (Allocation Failure) 149859K->13678K(147904K), 0.0007320 secs]
227.402: [GC (Allocation Failure) 143777K->13678K(142144K), 0.0006220 secs]
227.462: [GC (Allocation Failure) 137987K->13776K(136832K), 0.0007180 secs]
227.519: [GC (Allocation Failure) 132673K->13780K(160192K), 0.0007900 secs]
227.588: [GC (Allocation Failure) 155973K->13682K(187968K), 0.0007050 secs]
227.672: [GC (Allocation Failure) 183886K->13780K(180288K), 0.0006470 secs]
227.749: [GC (Allocation Failure) 176207K->13878K(173056K), 0.0007250 secs]
227.826: [GC (Allocation Failure) 168951K->13878K(166080K), 0.0005980 secs]
227.899: [GC (Allocation Failure) 161969K->13784K(159232K), 0.0006080 secs]
227.969: [GC (Allocation Failure) 155271K->13882K(152960K), 0.0007550 secs]
228.033: [GC (Allocation Failure) 149000K->13983K(147072K), 0.0006640 secs]
228.093: [GC (Allocation Failure) 143100K->13983K(141376K), 0.0007080 secs]
228.151: [GC (Allocation Failure) 137395K->13983K(135744K), 0.0005510 secs]
228.208: [GC (Allocation Failure) 131988K->14081K(130624K), 0.0007600 secs]
228.264: [GC (Allocation Failure) 126891K->14081K(125696K), 0.0005890 secs]
228.315: [GC (Allocation Failure) 121967K->14081K(121024K), 0.0005930 secs]
228.366: [GC (Allocation Failure) 117258K->14081K(116608K), 0.0005800 secs]
228.413: [GC (Allocation Failure) 112835K->14183K(136192K), 0.0006010 secs]
228.469: [GC (Allocation Failure) 132402K->14085K(159296K), 0.0005750 secs]
228.536: [GC (Allocation Failure) 155493K->14167K(187264K), 0.0011900 secs]
228.622: [GC (Allocation Failure) 183485K->14069K(204160K), 0.0011780 secs]
228.715: [GC (Allocation Failure) 200283K->14183K(204224K), 0.0007890 secs]
228.806: [GC (Allocation Failure) 200401K->14183K(240704K), 0.0008890 secs]
228.934: [GC (Allocation Failure) 236869K->14089K(230208K), 0.0005910 secs]
229.035: [GC (Allocation Failure) 226442K->14284K(220352K), 0.0008170 secs]
229.137: [GC (Allocation Failure) 216803K->14284K(211008K), 0.0008010 secs]
229.232: [GC (Allocation Failure) 207476K->14284K(202112K), 0.0006680 secs]
229.319: [GC (Allocation Failure) 198521K->14366K(193728K), 0.0009720 secs]
229.404: [GC (Allocation Failure) 190153K->14268K(185664K), 0.0011090 secs]
229.489: [GC (Allocation Failure) 182107K->14284K(178048K), 0.0007910 secs]
229.567: [GC (Allocation Failure) 174455K->14284K(170816K), 0.0005700 secs]
229.640: [GC (Allocation Failure) 167279K->14366K(163968K), 0.0009700 secs]
229.712: [GC (Allocation Failure) 160392K->14386K(157376K), 0.0005600 secs]
229.781: [GC (Allocation Failure) 153923K->14484K(151296K), 0.0008430 secs]
229.848: [GC (Allocation Failure) 147833K->14386K(145216K), 0.0005480 secs]
229.909: [GC (Allocation Failure) 141835K->14581K(139776K), 0.0006210 secs]
229.970: [GC (Allocation Failure) 136431K->14581K(134400K), 0.0005570 secs]
230.028: [GC (Allocation Failure) 131030K->14484K(129216K), 0.0007800 secs]
230.083: [GC (Allocation Failure) 125820K->14585K(124352K), 0.0005850 secs]
230.133: [GC (Allocation Failure) 121105K->14683K(119872K), 0.0006090 secs]
230.182: [GC (Allocation Failure) 116587K->14585K(139840K), 0.0006870 secs]
230.241: [GC (Allocation Failure) 136630K->14585K(163840K), 0.0006040 secs]
230.313: [GC (Allocation Failure) 160602K->14585K(157312K), 0.0005930 secs]
230.380: [GC (Allocation Failure) 154024K->14667K(184768K), 0.0008430 secs]
230.462: [GC (Allocation Failure) 181521K->14683K(177152K), 0.0005560 secs]
230.541: [GC (Allocation Failure) 173974K->14687K(169920K), 0.0007630 secs]
230.619: [GC (Allocation Failure) 166806K->14671K(199808K), 0.0011530 secs]
230.708: [GC (Allocation Failure) 196658K->14687K(191488K), 0.0007700 secs]
230.794: [GC (Allocation Failure) 188322K->14785K(183552K), 0.0007720 secs]
230.874: [GC (Allocation Failure) 180449K->14866K(216192K), 0.0011870 secs]
230.974: [GC (Allocation Failure) 213144K->14882K(206976K), 0.0005910 secs]
231.069: [GC (Allocation Failure) 204031K->14882K(198272K), 0.0007870 secs]
231.155: [GC (Allocation Failure) 195287K->14886K(190016K), 0.0005830 secs]
231.240: [GC (Allocation Failure) 187043K->14984K(182272K), 0.0006090 secs]
231.317: [GC (Allocation Failure) 179290K->14886K(174656K), 0.0006550 secs]
231.396: [GC (Allocation Failure) 171720K->14984K(167616K), 0.0007530 secs]
231.472: [GC (Allocation Failure) 164722K->14984K(160896K), 0.0007660 secs]
231.542: [GC (Allocation Failure) 158056K->14984K(154496K), 0.0007540 secs]
231.607: [GC (Allocation Failure) 151667K->15082K(148416K), 0.0006090 secs]
231.669: [GC (Allocation Failure) 145680K->15066K(174144K), 0.0011970 secs]
231.747: [GC (Allocation Failure) 171406K->15179K(167104K), 0.0005940 secs]
231.819: [GC (Allocation Failure) 164450K->15183K(160384K), 0.0005960 secs]
231.890: [GC (Allocation Failure) 157769K->15281K(153920K), 0.0007120 secs]
231.955: [GC (Allocation Failure) 151378K->15379K(147904K), 0.0006060 secs]
232.015: [GC (Allocation Failure) 145489K->15363K(173504K), 0.0008310 secs]
232.089: [GC (Allocation Failure) 171015K->15379K(166464K), 0.0006060 secs]
232.159: [GC (Allocation Failure) 164051K->15476K(159744K), 0.0007290 secs]
232.231: [GC (Allocation Failure) 157461K->15574K(153472K), 0.0007630 secs]
232.297: [GC (Allocation Failure) 151182K->15558K(180160K), 0.0012300 secs]
232.377: [GC (Allocation Failure) 177885K->15574K(212096K), 0.0007750 secs]
232.472: [GC (Allocation Failure) 209839K->15656K(235136K), 0.0008890 secs]
232.578: [GC (Allocation Failure) 232995K->15851K(225152K), 0.0009070 secs]
232.682: [GC (Allocation Failure) 223100K->15773K(215296K), 0.0007320 secs]
232.780: [GC (Allocation Failure) 213391K->16066K(206528K), 0.0006820 secs]
232.873: [GC (Allocation Failure) 204638K->15969K(197760K), 0.0006540 secs]
232.961: [GC (Allocation Failure) 195901K->16066K(189632K), 0.0008020 secs]
233.047: [GC (Allocation Failure) 187739K->15973K(181632K), 0.0007580 secs]
233.129: [GC (Allocation Failure) 179784K->16152K(174336K), 0.0008860 secs]
233.204: [GC (Allocation Failure) 172592K->16168K(167360K), 0.0008200 secs]
233.277: [GC (Allocation Failure) 165537K->16168K(160640K), 0.0006520 secs]
233.346: [GC (Allocation Failure) 158839K->16168K(154048K), 0.0007630 secs]
233.413: [GC (Allocation Failure) 152472K->16266K(148032K), 0.0006020 secs]
233.475: [GC (Allocation Failure) 146448K->16363K(142400K), 0.0006040 secs]
233.535: [GC (Allocation Failure) 140768K->16363K(136896K), 0.0006250 secs]
233.595: [GC (Allocation Failure) 135266K->16363K(131520K), 0.0005680 secs]
233.649: [GC (Allocation Failure) 130154K->16543K(154048K), 0.0008860 secs]
233.717: [GC (Allocation Failure) 152640K->16461K(147904K), 0.0006080 secs]
233.780: [GC (Allocation Failure) 146548K->16461K(142144K), 0.0005970 secs]
233.840: [GC (Allocation Failure) 140765K->16559K(136832K), 0.0006050 secs]
233.900: [GC (Allocation Failure) 135462K->16563K(160192K), 0.0008190 secs]
233.972: [GC (Allocation Failure) 158753K->16465K(153664K), 0.0006330 secs]
234.038: [GC (Allocation Failure) 152364K->16660K(147840K), 0.0006150 secs]
234.103: [GC (Allocation Failure) 146572K->16644K(173312K), 0.0012250 secs]
234.181: [GC (Allocation Failure) 172098K->16660K(203904K), 0.0007360 secs]
234.277: [GC (Allocation Failure) 202580K->16660K(232064K), 0.0008800 secs]
234.382: [GC (Allocation Failure) 230779K->16567K(222016K), 0.0006310 secs]
234.481: [GC (Allocation Failure) 220779K->16567K(212608K), 0.0007890 secs]
234.578: [GC (Allocation Failure) 211331K->16567K(203648K), 0.0008320 secs]
234.670: [GC (Allocation Failure) 202408K->16664K(195264K), 0.0006860 secs]
234.755: [GC (Allocation Failure) 193935K->16664K(187136K), 0.0008160 secs]
234.836: [GC (Allocation Failure) 185791K->16567K(179264K), 0.0007530 secs]
234.915: [GC (Allocation Failure) 178012K->16762K(172160K), 0.0006040 secs]
234.991: [GC (Allocation Failure) 170941K->16664K(165056K), 0.0007990 secs]
235.063: [GC (Allocation Failure) 163865K->16664K(158464K), 0.0007400 secs]
235.132: [GC (Allocation Failure) 157270K->16762K(152320K), 0.0007120 secs]
235.200: [GC (Allocation Failure) 151094K->16664K(146240K), 0.0008330 secs]
235.262: [GC (Allocation Failure) 145092K->16746K(171648K), 0.0011900 secs]
235.339: [GC (Allocation Failure) 170516K->16664K(201856K), 0.0006960 secs]
235.428: [GC (Allocation Failure) 200712K->16762K(193536K), 0.0005880 secs]
235.515: [GC (Allocation Failure) 192360K->16664K(185408K), 0.0006120 secs]
235.596: [GC (Allocation Failure) 184206K->16766K(177792K), 0.0006060 secs]
235.674: [GC (Allocation Failure) 176738K->16864K(170688K), 0.0008560 secs]
235.752: [GC (Allocation Failure) 169564K->16848K(200640K), 0.0011950 secs]
235.845: [GC (Allocation Failure) 199621K->16864K(192320K), 0.0008420 secs]
235.931: [GC (Allocation Failure) 191178K->16868K(184256K), 0.0005880 secs]
236.015: [GC (Allocation Failure) 183327K->16965K(176832K), 0.0008010 secs]
236.090: [GC (Allocation Failure) 175854K->16868K(169536K), 0.0006100 secs]
236.164: [GC (Allocation Failure) 168589K->16868K(162688K), 0.0006850 secs]
236.234: [GC (Allocation Failure) 161721K->16868K(156224K), 0.0008210 secs]
236.303: [GC (Allocation Failure) 155221K->16868K(150080K), 0.0006210 secs]
236.368: [GC (Allocation Failure) 149132K->16868K(144192K), 0.0008140 secs]
236.431: [GC (Allocation Failure) 143240K->16852K(169024K), 0.0010910 secs]
236.509: [GC (Allocation Failure) 168084K->16965K(198912K), 0.0008520 secs]
236.598: [GC (Allocation Failure) 197877K->16868K(227904K), 0.0007850 secs]
236.700: [GC (Allocation Failure) 226764K->16965K(218112K), 0.0009070 secs]
236.803: [GC (Allocation Failure) 217124K->17063K(208960K), 0.0010220 secs]
236.896: [GC (Allocation Failure) 207992K->16868K(199808K), 0.0006020 secs]
236.985: [GC (Allocation Failure) 199034K->17063K(191936K), 0.0005830 secs]
237.069: [GC (Allocation Failure) 190898K->17161K(183872K), 0.0006160 secs]
237.146: [GC (Allocation Failure) 183111K->17063K(176192K), 0.0006260 secs]
237.227: [GC (Allocation Failure) 175375K->17258K(169216K), 0.0008890 secs]
237.299: [GC (Allocation Failure) 168488K->17047K(198720K), 0.0011770 secs]
237.383: [GC (Allocation Failure) 197949K->17161K(190592K), 0.0006090 secs]
237.469: [GC (Allocation Failure) 189817K->17161K(182720K), 0.0006820 secs]
237.550: [GC (Allocation Failure) 181949K->17165K(175104K), 0.0007090 secs]
237.626: [GC (Allocation Failure) 174391K->17360K(168192K), 0.0008230 secs]
237.697: [GC (Allocation Failure) 167488K->17360K(161408K), 0.0009130 secs]
237.768: [GC (Allocation Failure) 160830K->17360K(189632K), 0.0008620 secs]
237.850: [GC (Allocation Failure) 189021K->17262K(181696K), 0.0007250 secs]
237.931: [GC (Allocation Failure) 181069K->17344K(214016K), 0.0010340 secs]
238.024: [GC (Allocation Failure) 213485K->17360K(205056K), 0.0006470 secs]
238.115: [GC (Allocation Failure) 204459K->17458K(196544K), 0.0009300 secs]
238.203: [GC (Allocation Failure) 196015K->17262K(188224K), 0.0006550 secs]
238.284: [GC (Allocation Failure) 187644K->17262K(180480K), 0.0006230 secs]
238.364: [GC (Allocation Failure) 179894K->17360K(173248K), 0.0008110 secs]
238.443: [GC (Allocation Failure) 172625K->17458K(166336K), 0.0007990 secs]
238.515: [GC (Allocation Failure) 165740K->17246K(159488K), 0.0008780 secs]
238.583: [GC (Allocation Failure) 158855K->17348K(187456K), 0.0012250 secs]
238.668: [GC (Allocation Failure) 186869K->17266K(220864K), 0.0022160 secs]
238.772: [GC (Allocation Failure) 220281K->17364K(230464K), 0.0008350 secs]
238.878: [GC (Allocation Failure) 229722K->17368K(261184K), 0.0006890 secs]
239.014: [GC (Allocation Failure) 260470K->17466K(261184K), 0.0011020 secs]
239.133: [GC (Allocation Failure) 260576K->17466K(249728K), 0.0009890 secs]
239.245: [GC (Allocation Failure) 249168K->17368K(238848K), 0.0009360 secs]
239.350: [GC (Allocation Failure) 238282K->17356K(228544K), 0.0010280 secs]
239.452: [GC (Allocation Failure) 228039K->17470K(218944K), 0.0010000 secs]
239.552: [GC (Allocation Failure) 218430K->17274K(209472K), 0.0008220 secs]
239.647: [GC (Allocation Failure) 208908K->17376K(200768K), 0.0009350 secs]
239.734: [GC (Allocation Failure) 200160K->17278K(192256K), 0.0008020 secs]
239.817: [GC (Allocation Failure) 191690K->17474K(184512K), 0.0008440 secs]
239.900: [GC (Allocation Failure) 183942K->17364K(176832K), 0.0009020 secs]
239.976: [GC (Allocation Failure) 176264K->17266K(208064K), 0.0014170 secs]
240.069: [GC (Allocation Failure) 207511K->17266K(245504K), 0.0012890 secs]
240.181: [GC (Allocation Failure) 244950K->17478K(290432K), 0.0007090 secs]
240.321: [GC (Allocation Failure) 289872K->17380K(277568K), 0.0006310 secs]
240.447: [GC (Allocation Failure) 277005K->17368K(265344K), 0.0014290 secs]
240.566: [GC (Allocation Failure) 264815K->17384K(253824K), 0.0007070 secs]
240.679: [GC (Allocation Failure) 253220K->17482K(242880K), 0.0007370 secs]
240.788: [GC (Allocation Failure) 242306K->17372K(232256K), 0.0012160 secs]
240.890: [GC (Allocation Failure) 231797K->17583K(222528K), 0.0007100 secs]
240.988: [GC (Allocation Failure) 222070K->17392K(212864K), 0.0007090 secs]
241.085: [GC (Allocation Failure) 212446K->17587K(204096K), 0.0007130 secs]
241.173: [GC (Allocation Failure) 203606K->17392K(195392K), 0.0008670 secs]
241.258: [GC (Allocation Failure) 194965K->17587K(187456K), 0.0007130 secs]
241.340: [GC (Allocation Failure) 187002K->17490K(179712K), 0.0006110 secs]
241.418: [GC (Allocation Failure) 179235K->17494K(172416K), 0.0006920 secs]
241.493: [GC (Allocation Failure) 171965K->17494K(165440K), 0.0006240 secs]
241.565: [GC (Allocation Failure) 164986K->17396K(158720K), 0.0007300 secs]
241.632: [GC (Allocation Failure) 158307K->17396K(152448K), 0.0006200 secs]
241.701: [GC (Allocation Failure) 152008K->17494K(146624K), 0.0009640 secs]
241.763: [GC (Allocation Failure) 146122K->17494K(140928K), 0.0007320 secs]
241.824: [GC (Allocation Failure) 140427K->17380K(165056K), 0.0014250 secs]
241.898: [GC (Allocation Failure) 164577K->17396K(194112K), 0.0007940 secs]
241.984: [GC (Allocation Failure) 193681K->17494K(228928K), 0.0009320 secs]
242.090: [GC (Allocation Failure) 228477K->17591K(270464K), 0.0008390 secs]
242.214: [GC (Allocation Failure) 270041K->17396K(258432K), 0.0006600 secs]
242.328: [GC (Allocation Failure) 257962K->17380K(247168K), 0.0010690 secs]
242.442: [GC (Allocation Failure) 246734K->17689K(236672K), 0.0010540 secs]
242.550: [GC (Allocation Failure) 236305K->17591K(226432K), 0.0006310 secs]
242.654: [GC (Allocation Failure) 226017K->17595K(216768K), 0.0007600 secs]
242.754: [GC (Allocation Failure) 216389K->17595K(207488K), 0.0008360 secs]
242.848: [GC (Allocation Failure) 207253K->17791K(198976K), 0.0010060 secs]
242.934: [GC (Allocation Failure) 198711K->17595K(190528K), 0.0006230 secs]
243.016: [GC (Allocation Failure) 190248K->17795K(182848K), 0.0007230 secs]
243.097: [GC (Allocation Failure) 182577K->17599K(175168K), 0.0006300 secs]
243.171: [GC (Allocation Failure) 174927K->17697K(168192K), 0.0007960 secs]
243.243: [GC (Allocation Failure) 167946K->17583K(197568K), 0.0012730 secs]
243.331: [GC (Allocation Failure) 197311K->17697K(189504K), 0.0006800 secs]
243.413: [GC (Allocation Failure) 189263K->17701K(181696K), 0.0008130 secs]
243.493: [GC (Allocation Failure) 181413K->17799K(174336K), 0.0008330 secs]
243.571: [GC (Allocation Failure) 174134K->17603K(167104K), 0.0006710 secs]
243.645: [GC (Allocation Failure) 166870K->17705K(160512K), 0.0008510 secs]
243.716: [GC (Allocation Failure) 160288K->17607K(153984K), 0.0008320 secs]
243.783: [GC (Allocation Failure) 153710K->17998K(181056K), 0.0008200 secs]
243.784: [Full GC (Ergonomics) 17998K->1141K(181056K), 0.0065700 secs]
243.869: [GC (Allocation Failure) 164062K->1466K(173632K), 0.0004660 secs]
243.945: [GC (Allocation Failure) 157016K->1368K(166464K), 0.0004980 secs]
244.015: [GC (Allocation Failure) 149841K->1466K(159936K), 0.0005180 secs]
244.085: [GC (Allocation Failure) 143265K->1368K(153472K), 0.0004820 secs]
244.152: [GC (Allocation Failure) 136866K->1563K(147648K), 0.0005930 secs]
244.219: [GC (Allocation Failure) 131082K->1563K(141952K), 0.0005980 secs]
244.276: [GC (Allocation Failure) 125370K->1466K(136256K), 0.0004720 secs]
244.332: [GC (Allocation Failure) 119778K->1661K(131264K), 0.0007000 secs]
244.388: [GC (Allocation Failure) 114865K->1665K(126336K), 0.0005260 secs]
244.439: [GC (Allocation Failure) 109858K->1567K(121536K), 0.0005070 secs]
244.488: [GC (Allocation Failure) 105139K->1551K(117120K), 0.0007640 secs]
244.540: [GC (Allocation Failure) 100703K->1763K(136832K), 0.0007800 secs]
244.602: [GC (Allocation Failure) 120473K->1665K(160128K), 0.0006310 secs]
244.673: [GC (Allocation Failure) 143661K->1665K(153792K), 0.0006810 secs]
244.738: [GC (Allocation Failure) 137370K->1665K(147648K), 0.0004920 secs]
244.801: [GC (Allocation Failure) 131374K->1860K(142080K), 0.0005690 secs]
244.863: [GC (Allocation Failure) 125773K->1649K(136448K), 0.0006650 secs]
244.921: [GC (Allocation Failure) 120158K->1763K(131392K), 0.0007670 secs]
244.976: [GC (Allocation Failure) 115064K->1763K(126464K), 0.0005820 secs]
245.029: [GC (Allocation Failure) 110154K->1763K(121792K), 0.0006730 secs]
245.079: [GC (Allocation Failure) 105431K->1763K(142144K), 0.0009010 secs]
245.144: [GC (Allocation Failure) 125969K->1962K(166848K), 0.0005820 secs]
245.216: [GC (Allocation Failure) 150637K->1767K(160000K), 0.0004800 secs]
245.285: [GC (Allocation Failure) 143760K->1848K(153728K), 0.0007900 secs]
245.351: [GC (Allocation Failure) 137557K->1767K(147648K), 0.0006280 secs]
245.415: [GC (Allocation Failure) 131476K->1864K(142016K), 0.0006260 secs]
245.480: [GC (Allocation Failure) 125787K->1848K(136512K), 0.0008540 secs]
245.537: [GC (Allocation Failure) 120350K->1962K(160000K), 0.0007310 secs]
245.609: [GC (Allocation Failure) 143754K->1767K(153472K), 0.0006090 secs]
245.675: [GC (Allocation Failure) 137274K->1868K(147584K), 0.0006930 secs]
245.745: [GC (Allocation Failure) 131384K->1868K(141888K), 0.0005810 secs]
245.806: [GC (Allocation Failure) 125683K->1852K(166208K), 0.0010490 secs]
245.878: [GC (Allocation Failure) 150037K->1868K(159616K), 0.0004690 secs]
245.947: [GC (Allocation Failure) 143366K->1966K(153344K), 0.0006800 secs]
246.015: [GC (Allocation Failure) 137163K->1868K(146944K), 0.0004890 secs]
246.076: [GC (Allocation Failure) 131082K->2064K(141696K), 0.0004490 secs]
246.136: [GC (Allocation Failure) 125582K->2161K(136128K), 0.0005080 secs]
246.193: [GC (Allocation Failure) 120177K->2064K(130816K), 0.0006500 secs]
246.249: [GC (Allocation Failure) 114870K->2064K(125888K), 0.0004840 secs]
246.301: [GC (Allocation Failure) 109957K->2161K(121344K), 0.0007220 secs]
246.352: [GC (Allocation Failure) 105435K->2161K(116928K), 0.0005060 secs]
246.399: [GC (Allocation Failure) 101015K->2259K(136448K), 0.0006800 secs]
246.456: [GC (Allocation Failure) 120574K->2161K(131072K), 0.0004590 secs]
246.512: [GC (Allocation Failure) 115263K->2259K(153472K), 0.0007610 secs]
246.580: [GC (Allocation Failure) 137669K->2161K(147328K), 0.0005770 secs]
246.644: [GC (Allocation Failure) 131475K->2161K(141632K), 0.0004750 secs]
246.704: [GC (Allocation Failure) 125776K->2161K(136192K), 0.0004970 secs]
246.760: [GC (Allocation Failure) 120369K->2357K(131200K), 0.0007720 secs]
246.819: [GC (Allocation Failure) 115364K->2259K(126208K), 0.0004570 secs]
246.870: [GC (Allocation Failure) 110351K->2357K(121600K), 0.0005460 secs]
246.921: [GC (Allocation Failure) 105819K->2259K(116992K), 0.0006540 secs]
246.968: [GC (Allocation Failure) 101309K->2259K(112768K), 0.0004780 secs]
247.015: [GC (Allocation Failure) 97071K->2341K(131520K), 0.0006350 secs]
247.070: [GC (Allocation Failure) 115837K->2357K(153920K), 0.0007350 secs]
247.137: [GC (Allocation Failure) 138158K->2243K(180544K), 0.0008210 secs]
247.216: [GC (Allocation Failure) 164777K->2259K(173184K), 0.0004790 secs]
247.292: [GC (Allocation Failure) 157519K->2259K(166208K), 0.0004890 secs]
247.365: [GC (Allocation Failure) 150542K->2357K(159680K), 0.0007350 secs]
247.433: [GC (Allocation Failure) 143962K->2259K(153216K), 0.0004800 secs]
247.498: [GC (Allocation Failure) 137475K->2259K(147200K), 0.0005860 secs]
247.562: [GC (Allocation Failure) 131475K->2357K(141632K), 0.0005990 secs]
247.622: [GC (Allocation Failure) 125876K->2259K(136064K), 0.0005810 secs]
247.681: [GC (Allocation Failure) 120371K->2259K(130880K), 0.0005850 secs]
247.736: [GC (Allocation Failure) 115170K->2357K(126080K), 0.0004890 secs]
247.789: [GC (Allocation Failure) 110345K->2259K(121280K), 0.0006020 secs]
247.839: [GC (Allocation Failure) 105534K->2357K(116992K), 0.0004950 secs]
247.885: [GC (Allocation Failure) 101210K->2361K(112640K), 0.0005280 secs]
247.931: [GC (Allocation Failure) 96989K->2361K(108608K), 0.0004940 secs]
247.976: [GC (Allocation Failure) 92965K->2361K(104768K), 0.0004920 secs]
248.018: [GC (Allocation Failure) 89118K->2458K(101248K), 0.0005090 secs]
248.058: [GC (Allocation Failure) 85593K->2442K(117568K), 0.0007730 secs]
248.108: [GC (Allocation Failure) 101988K->2361K(137152K), 0.0005290 secs]
248.166: [GC (Allocation Failure) 121554K->2458K(160768K), 0.0005510 secs]
248.235: [GC (Allocation Failure) 145141K->2458K(154368K), 0.0005080 secs]
248.301: [GC (Allocation Failure) 138755K->2361K(148096K), 0.0004380 secs]
248.367: [GC (Allocation Failure) 132570K->2556K(142528K), 0.0005910 secs]
248.428: [GC (Allocation Failure) 126966K->2540K(137024K), 0.0008150 secs]
248.486: [GC (Allocation Failure) 121539K->2462K(131776K), 0.0006190 secs]
248.541: [GC (Allocation Failure) 116247K->2462K(126848K), 0.0005990 secs]
248.600: [GC (Allocation Failure) 111343K->2564K(122240K), 0.0006240 secs]
248.652: [GC (Allocation Failure) 106727K->2466K(117632K), 0.0004640 secs]
248.702: [GC (Allocation Failure) 102107K->2466K(113408K), 0.0006060 secs]
248.749: [GC (Allocation Failure) 97881K->2564K(109504K), 0.0004810 secs]
248.795: [GC (Allocation Failure) 93958K->2568K(105664K), 0.0005000 secs]
248.837: [GC (Allocation Failure) 90128K->2470K(122688K), 0.0005640 secs]
248.887: [GC (Allocation Failure) 107222K->2568K(118272K), 0.0005160 secs]
248.938: [GC (Allocation Failure) 102891K->2666K(114112K), 0.0005930 secs]
248.986: [GC (Allocation Failure) 98669K->2572K(109888K), 0.0005000 secs]
249.030: [GC (Allocation Failure) 94448K->2670K(128000K), 0.0005900 secs]
249.085: [GC (Allocation Failure) 112725K->2767K(149760K), 0.0006270 secs]
249.152: [GC (Allocation Failure) 134443K->2767K(143808K), 0.0006170 secs]
249.213: [GC (Allocation Failure) 128646K->2767K(138240K), 0.0005900 secs]
249.271: [GC (Allocation Failure) 123044K->2767K(132992K), 0.0005930 secs]
249.326: [GC (Allocation Failure) 117833K->2865K(128128K), 0.0004850 secs]
249.380: [GC (Allocation Failure) 112921K->2865K(123264K), 0.0005920 secs]
249.434: [GC (Allocation Failure) 108116K->2865K(118720K), 0.0005310 secs]
249.482: [GC (Allocation Failure) 103585K->2963K(114560K), 0.0006340 secs]
249.529: [GC (Allocation Failure) 99459K->2963K(110464K), 0.0005320 secs]
249.574: [GC (Allocation Failure) 95327K->2967K(106368K), 0.0004580 secs]
249.618: [GC (Allocation Failure) 91406K->3162K(102848K), 0.0005000 secs]
249.660: [GC (Allocation Failure) 87868K->3162K(119552K), 0.0005750 secs]
249.709: [GC (Allocation Failure) 104574K->3162K(139584K), 0.0005740 secs]
249.769: [GC (Allocation Failure) 124620K->3162K(134080K), 0.0004630 secs]
249.824: [GC (Allocation Failure) 119312K->3357K(129216K), 0.0004960 secs]
249.879: [GC (Allocation Failure) 114487K->3244K(150976K), 0.0008260 secs]
249.949: [GC (Allocation Failure) 136292K->3260K(145088K), 0.0005980 secs]
250.009: [GC (Allocation Failure) 130412K->3260K(139456K), 0.0005950 secs]
250.068: [GC (Allocation Failure) 124720K->3244K(163392K), 0.0008280 secs]
250.139: [GC (Allocation Failure) 148678K->3264K(156864K), 0.0004860 secs]
250.207: [GC (Allocation Failure) 142111K->3361K(150784K), 0.0006210 secs]
250.272: [GC (Allocation Failure) 136014K->3345K(144832K), 0.0007980 secs]
250.334: [GC (Allocation Failure) 130109K->3361K(139328K), 0.0006250 secs]
250.394: [GC (Allocation Failure) 124620K->3345K(163072K), 0.0007950 secs]
250.465: [GC (Allocation Failure) 148480K->3365K(156608K), 0.0005440 secs]
250.534: [GC (Allocation Failure) 142018K->3447K(150528K), 0.0008570 secs]
250.600: [GC (Allocation Failure) 135910K->3463K(144704K), 0.0005140 secs]
250.659: [GC (Allocation Failure) 130028K->3467K(139008K), 0.0005760 secs]
250.719: [GC (Allocation Failure) 124535K->3549K(133760K), 0.0006470 secs]
250.774: [GC (Allocation Failure) 119312K->3565K(128768K), 0.0004620 secs]
250.829: [GC (Allocation Failure) 114209K->3565K(123968K), 0.0005140 secs]
250.880: [GC (Allocation Failure) 109401K->3471K(119232K), 0.0005360 secs]
250.930: [GC (Allocation Failure) 104791K->3666K(115072K), 0.0005030 secs]
250.977: [GC (Allocation Failure) 100658K->3569K(110848K), 0.0006130 secs]
251.022: [GC (Allocation Failure) 96429K->3666K(107072K), 0.0005630 secs]
251.067: [GC (Allocation Failure) 92604K->3569K(103232K), 0.0004770 secs]
251.107: [GC (Allocation Failure) 88865K->3553K(120064K), 0.0006220 secs]
251.158: [GC (Allocation Failure) 105651K->3666K(140352K), 0.0005100 secs]
251.219: [GC (Allocation Failure) 125917K->3650K(164416K), 0.0006640 secs]
251.291: [GC (Allocation Failure) 150071K->3670K(157824K), 0.0005840 secs]
251.360: [GC (Allocation Failure) 143500K->3670K(151616K), 0.0006070 secs]
251.427: [GC (Allocation Failure) 137304K->3670K(145664K), 0.0006060 secs]
251.491: [GC (Allocation Failure) 131410K->3654K(140032K), 0.0008410 secs]
251.551: [GC (Allocation Failure) 125701K->3670K(134656K), 0.0006070 secs]
251.610: [GC (Allocation Failure) 120313K->3768K(129664K), 0.0006400 secs]
251.663: [GC (Allocation Failure) 115304K->3670K(124672K), 0.0004890 secs]
251.715: [GC (Allocation Failure) 110386K->3670K(120064K), 0.0004820 secs]
251.762: [GC (Allocation Failure) 105771K->3752K(115776K), 0.0006350 secs]
251.809: [GC (Allocation Failure) 101527K->3670K(134976K), 0.0006220 secs]
251.866: [GC (Allocation Failure) 120704K->3768K(129984K), 0.0004600 secs]
251.921: [GC (Allocation Failure) 115697K->3674K(124992K), 0.0005080 secs]
251.973: [GC (Allocation Failure) 110682K->3756K(146176K), 0.0008120 secs]
252.039: [GC (Allocation Failure) 131897K->3772K(140608K), 0.0005000 secs]
252.099: [GC (Allocation Failure) 126298K->3674K(135104K), 0.0004570 secs]
252.155: [GC (Allocation Failure) 120810K->3674K(129984K), 0.0005980 secs]
252.211: [GC (Allocation Failure) 115674K->3674K(125120K), 0.0006130 secs]
252.263: [GC (Allocation Failure) 110781K->3658K(146240K), 0.0008440 secs]
252.327: [GC (Allocation Failure) 131893K->3772K(140736K), 0.0005620 secs]
252.388: [GC (Allocation Failure) 126405K->3776K(135360K), 0.0006170 secs]
252.444: [GC (Allocation Failure) 121007K->3678K(130048K), 0.0005620 secs]
252.499: [GC (Allocation Failure) 115802K->3874K(125376K), 0.0004930 secs]
252.554: [GC (Allocation Failure) 111183K->3874K(120768K), 0.0005810 secs]
252.605: [GC (Allocation Failure) 106562K->3776K(116224K), 0.0006340 secs]
252.656: [GC (Allocation Failure) 102042K->3776K(112064K), 0.0005940 secs]
252.705: [GC (Allocation Failure) 97916K->3780K(130624K), 0.0006150 secs]
252.759: [GC (Allocation Failure) 116388K->3780K(125760K), 0.0004860 secs]
252.809: [GC (Allocation Failure) 111574K->3975K(147200K), 0.0008550 secs]
252.877: [GC (Allocation Failure) 133004K->3878K(172416K), 0.0006000 secs]
252.953: [GC (Allocation Failure) 158334K->3882K(165440K), 0.0005040 secs]
253.024: [GC (Allocation Failure) 151367K->3979K(158976K), 0.0005130 secs]
253.093: [GC (Allocation Failure) 144890K->3979K(152704K), 0.0005190 secs]
253.160: [GC (Allocation Failure) 138602K->3979K(146560K), 0.0004890 secs]
253.221: [GC (Allocation Failure) 132615K->4077K(140928K), 0.0005590 secs]
253.283: [GC (Allocation Failure) 127014K->4175K(135680K), 0.0006060 secs]
253.340: [GC (Allocation Failure) 121802K->4061K(130432K), 0.0007400 secs]
253.395: [GC (Allocation Failure) 116573K->4175K(125568K), 0.0005080 secs]
253.446: [GC (Allocation Failure) 111772K->4175K(120896K), 0.0006210 secs]
253.497: [GC (Allocation Failure) 107060K->4256K(141248K), 0.0007550 secs]
253.560: [GC (Allocation Failure) 127474K->4272K(135872K), 0.0006540 secs]
253.619: [GC (Allocation Failure) 122096K->4179K(130624K), 0.0004540 secs]
253.672: [GC (Allocation Failure) 116790K->4179K(125760K), 0.0004910 secs]
253.722: [GC (Allocation Failure) 111968K->4276K(121216K), 0.0005080 secs]
253.773: [GC (Allocation Failure) 107360K->4179K(116672K), 0.0005130 secs]
253.820: [GC (Allocation Failure) 102837K->4183K(112448K), 0.0006000 secs]
253.866: [GC (Allocation Failure) 98710K->4167K(131072K), 0.0006360 secs]
253.921: [GC (Allocation Failure) 117269K->4284K(126272K), 0.0005010 secs]
253.974: [GC (Allocation Failure) 112477K->4187K(121472K), 0.0006330 secs]
254.023: [GC (Allocation Failure) 107659K->4284K(117056K), 0.0005520 secs]
254.071: [GC (Allocation Failure) 103339K->4382K(136704K), 0.0006150 secs]
254.129: [GC (Allocation Failure) 122989K->4284K(131392K), 0.0005190 secs]
254.184: [GC (Allocation Failure) 117686K->4284K(126464K), 0.0005070 secs]
254.237: [GC (Allocation Failure) 112761K->4284K(121792K), 0.0004970 secs]
254.288: [GC (Allocation Failure) 108150K->4382K(117440K), 0.0006240 secs]
254.336: [GC (Allocation Failure) 103729K->4284K(113024K), 0.0004690 secs]
254.382: [GC (Allocation Failure) 99408K->4382K(109056K), 0.0006130 secs]
254.428: [GC (Allocation Failure) 95476K->4480K(105344K), 0.0005060 secs]
254.469: [GC (Allocation Failure) 91741K->4480K(122560K), 0.0005370 secs]
254.520: [GC (Allocation Failure) 108939K->4382K(142976K), 0.0005680 secs]
254.584: [GC (Allocation Failure) 129474K->4577K(137664K), 0.0005190 secs]
254.640: [GC (Allocation Failure) 124166K->4480K(132288K), 0.0006100 secs]
254.698: [GC (Allocation Failure) 118758K->4773K(155008K), 0.0008940 secs]
254.765: [GC (Allocation Failure) 141656K->4581K(181760K), 0.0005870 secs]
254.846: [GC (Allocation Failure) 168395K->4679K(174464K), 0.0006050 secs]
254.924: [GC (Allocation Failure) 161028K->4581K(167296K), 0.0006180 secs]
254.999: [GC (Allocation Failure) 153936K->4581K(160576K), 0.0006400 secs]
255.068: [GC (Allocation Failure) 147166K->4679K(154304K), 0.0005080 secs]
255.133: [GC (Allocation Failure) 140871K->4679K(148224K), 0.0005280 secs]
255.194: [GC (Allocation Failure) 134780K->4683K(142272K), 0.0004760 secs]
255.253: [GC (Allocation Failure) 129086K->4878K(137024K), 0.0009340 secs]
255.312: [GC (Allocation Failure) 123779K->4878K(131840K), 0.0005130 secs]
255.367: [GC (Allocation Failure) 118576K->4781K(126784K), 0.0005190 secs]
255.418: [GC (Allocation Failure) 113562K->4878K(122240K), 0.0006530 secs]
255.468: [GC (Allocation Failure) 109043K->4862K(142720K), 0.0009180 secs]
255.531: [GC (Allocation Failure) 129560K->4781K(167232K), 0.0006040 secs]
255.603: [GC (Allocation Failure) 154048K->4862K(160576K), 0.0006750 secs]
255.670: [GC (Allocation Failure) 147449K->4781K(154176K), 0.0006200 secs]
255.736: [GC (Allocation Failure) 140974K->4781K(148096K), 0.0004980 secs]
255.801: [GC (Allocation Failure) 134881K->4781K(142336K), 0.0006460 secs]
255.863: [GC (Allocation Failure) 129190K->4781K(136896K), 0.0006180 secs]
255.921: [GC (Allocation Failure) 123686K->4781K(131712K), 0.0005870 secs]
255.977: [GC (Allocation Failure) 118559K->4781K(126784K), 0.0005640 secs]
256.031: [GC (Allocation Failure) 113561K->4862K(148288K), 0.0008980 secs]
256.097: [GC (Allocation Failure) 135165K->4862K(174016K), 0.0009320 secs]
256.176: [GC (Allocation Failure) 160816K->4781K(166912K), 0.0006090 secs]
256.248: [GC (Allocation Failure) 153747K->4785K(160256K), 0.0005030 secs]
256.316: [GC (Allocation Failure) 147089K->4785K(153920K), 0.0005040 secs]
256.380: [GC (Allocation Failure) 140689K->4882K(148032K), 0.0005150 secs]
256.443: [GC (Allocation Failure) 134782K->4882K(142080K), 0.0005750 secs]
256.505: [GC (Allocation Failure) 129088K->5078K(136832K), 0.0006320 secs]
256.564: [GC (Allocation Failure) 123770K->5078K(131648K), 0.0005320 secs]
256.620: [GC (Allocation Failure) 118670K->5082K(126720K), 0.0006590 secs]
256.672: [GC (Allocation Failure) 113668K->4984K(121856K), 0.0005710 secs]
256.724: [GC (Allocation Failure) 108953K->5082K(117440K), 0.0006250 secs]
256.775: [GC (Allocation Failure) 104523K->5066K(137024K), 0.0008930 secs]
256.832: [GC (Allocation Failure) 124163K->5082K(160512K), 0.0006480 secs]
256.901: [GC (Allocation Failure) 147644K->5179K(188672K), 0.0006470 secs]
256.984: [GC (Allocation Failure) 175762K->5179K(180928K), 0.0006770 secs]
257.064: [GC (Allocation Failure) 168003K->5082K(173376K), 0.0006000 secs]
257.142: [GC (Allocation Failure) 160533K->5167K(166464K), 0.0008950 secs]
257.213: [GC (Allocation Failure) 153651K->5281K(159936K), 0.0008270 secs]
257.282: [GC (Allocation Failure) 147077K->5183K(153472K), 0.0005730 secs]
257.348: [GC (Allocation Failure) 140693K->5281K(147456K), 0.0005320 secs]
257.412: [GC (Allocation Failure) 134800K->5379K(141888K), 0.0006300 secs]
257.470: [GC (Allocation Failure) 129191K->5379K(136320K), 0.0005610 secs]
257.526: [GC (Allocation Failure) 123685K->5476K(131264K), 0.0006410 secs]
257.585: [GC (Allocation Failure) 118683K->5476K(126208K), 0.0005120 secs]
257.639: [GC (Allocation Failure) 113675K->5460K(147520K), 0.0009000 secs]
257.703: [GC (Allocation Failure) 135060K->5574K(141952K), 0.0006450 secs]
257.765: [GC (Allocation Failure) 129475K->5476K(136384K), 0.0006220 secs]
257.824: [GC (Allocation Failure) 123890K->5558K(131264K), 0.0006400 secs]
257.878: [GC (Allocation Failure) 118762K->5574K(126400K), 0.0006610 secs]
257.932: [GC (Allocation Failure) 113861K->5574K(121600K), 0.0004950 secs]
257.982: [GC (Allocation Failure) 109243K->5578K(117184K), 0.0006270 secs]
258.030: [GC (Allocation Failure) 104826K->5562K(136832K), 0.0009110 secs]
258.089: [GC (Allocation Failure) 124462K->5578K(160256K), 0.0006440 secs]
258.157: [GC (Allocation Failure) 147869K->5578K(188224K), 0.0005600 secs]
258.240: [GC (Allocation Failure) 175866K->5660K(180544K), 0.0006840 secs]
258.317: [GC (Allocation Failure) 168192K->5676K(173120K), 0.0005450 secs]
258.392: [GC (Allocation Failure) 160832K->5680K(166144K), 0.0005100 secs]
258.463: [GC (Allocation Failure) 153861K->5680K(159488K), 0.0006120 secs]
258.536: [GC (Allocation Failure) 147192K->5684K(153152K), 0.0006480 secs]
258.606: [GC (Allocation Failure) 140902K->5684K(147136K), 0.0006330 secs]
258.669: [GC (Allocation Failure) 134886K->5782K(141568K), 0.0006630 secs]
258.727: [GC (Allocation Failure) 129302K->5684K(135936K), 0.0004960 secs]
258.785: [GC (Allocation Failure) 123698K->5883K(130944K), 0.0006640 secs]
258.838: [GC (Allocation Failure) 118697K->5883K(125888K), 0.0005930 secs]
258.890: [GC (Allocation Failure) 113780K->5985K(121344K), 0.0005200 secs]
258.938: [GC (Allocation Failure) 109262K->5887K(116736K), 0.0005900 secs]
258.988: [GC (Allocation Failure) 104745K->5969K(136320K), 0.0009080 secs]
259.045: [GC (Allocation Failure) 124276K->5985K(159616K), 0.0005180 secs]
259.112: [GC (Allocation Failure) 147584K->6083K(153408K), 0.0005930 secs]
259.176: [GC (Allocation Failure) 141390K->5969K(147136K), 0.0006670 secs]
259.240: [GC (Allocation Failure) 135291K->6087K(141568K), 0.0005150 secs]
259.299: [GC (Allocation Failure) 129706K->6087K(136128K), 0.0006690 secs]
259.357: [GC (Allocation Failure) 124205K->6087K(130944K), 0.0006590 secs]
259.411: [GC (Allocation Failure) 119088K->6071K(126016K), 0.0006610 secs]
259.465: [GC (Allocation Failure) 114161K->6087K(121344K), 0.0006320 secs]
259.513: [GC (Allocation Failure) 109463K->6087K(141760K), 0.0005680 secs]
259.576: [GC (Allocation Failure) 129901K->6087K(136320K), 0.0006610 secs]
259.634: [GC (Allocation Failure) 124401K->6071K(131136K), 0.0006600 secs]
259.689: [GC (Allocation Failure) 119273K->6087K(126208K), 0.0005720 secs]
259.743: [GC (Allocation Failure) 114282K->6184K(121472K), 0.0004910 secs]
259.793: [GC (Allocation Failure) 109753K->6380K(117120K), 0.0005860 secs]
259.841: [GC (Allocation Failure) 105525K->6380K(112896K), 0.0004820 secs]
259.889: [GC (Allocation Failure) 101300K->6380K(131584K), 0.0006800 secs]
259.945: [GC (Allocation Failure) 119958K->6380K(153920K), 0.0005910 secs]
260.010: [GC (Allocation Failure) 142374K->6481K(147968K), 0.0005130 secs]
260.075: [GC (Allocation Failure) 136478K->6579K(142208K), 0.0005040 secs]
260.135: [GC (Allocation Failure) 130788K->6677K(136768K), 0.0006590 secs]
260.193: [GC (Allocation Failure) 125479K->6661K(160064K), 0.0009320 secs]
260.263: [GC (Allocation Failure) 148850K->6872K(153856K), 0.0006520 secs]
260.328: [GC (Allocation Failure) 142774K->6872K(147840K), 0.0005100 secs]
260.394: [GC (Allocation Failure) 136768K->6872K(142080K), 0.0006510 secs]
260.455: [GC (Allocation Failure) 130984K->6970K(136576K), 0.0005500 secs]
260.516: [GC (Allocation Failure) 125676K->7149K(160064K), 0.0009560 secs]
260.589: [GC (Allocation Failure) 149140K->7067K(153600K), 0.0005860 secs]
260.656: [GC (Allocation Failure) 142766K->7263K(147776K), 0.0005520 secs]
260.720: [GC (Allocation Failure) 136978K->7263K(141888K), 0.0006130 secs]
260.780: [GC (Allocation Failure) 131177K->7263K(136448K), 0.0005960 secs]
260.837: [GC (Allocation Failure) 125771K->7263K(131264K), 0.0005540 secs]
260.891: [GC (Allocation Failure) 120561K->7360K(126464K), 0.0005360 secs]
260.944: [GC (Allocation Failure) 115747K->7263K(121600K), 0.0006160 secs]
260.993: [GC (Allocation Failure) 110925K->7458K(117312K), 0.0005320 secs]
261.043: [GC (Allocation Failure) 106704K->7442K(112960K), 0.0006160 secs]
261.091: [GC (Allocation Failure) 102464K->7458K(108928K), 0.0005480 secs]
261.135: [GC (Allocation Failure) 98453K->7458K(126912K), 0.0006460 secs]
261.189: [GC (Allocation Failure) 116433K->7556K(148544K), 0.0006120 secs]
261.252: [GC (Allocation Failure) 138039K->7556K(142592K), 0.0005040 secs]
261.311: [GC (Allocation Failure) 132263K->7641K(167232K), 0.0010060 secs]
261.383: [GC (Allocation Failure) 156904K->7755K(196736K), 0.0005010 secs]
261.470: [GC (Allocation Failure) 186396K->7755K(188608K), 0.0006600 secs]
261.555: [GC (Allocation Failure) 178244K->7641K(180608K), 0.0006770 secs]
261.635: [GC (Allocation Failure) 170371K->7755K(173376K), 0.0006460 secs]
261.709: [GC (Allocation Failure) 163120K->7837K(166464K), 0.0008330 secs]
261.780: [GC (Allocation Failure) 156220K->7853K(159872K), 0.0005610 secs]
261.847: [GC (Allocation Failure) 149650K->7755K(153408K), 0.0004960 secs]
261.915: [GC (Allocation Failure) 143164K->7755K(147392K), 0.0005130 secs]
261.979: [GC (Allocation Failure) 137164K->7853K(141824K), 0.0006840 secs]
262.039: [GC (Allocation Failure) 131552K->7759K(136256K), 0.0005370 secs]
262.095: [GC (Allocation Failure) 126070K->7743K(131072K), 0.0009420 secs]
262.152: [GC (Allocation Failure) 120848K->7841K(153472K), 0.0009840 secs]
262.218: [GC (Allocation Failure) 143257K->7857K(180224K), 0.0006290 secs]
262.294: [GC (Allocation Failure) 170004K->7857K(212096K), 0.0007200 secs]
262.391: [GC (Allocation Failure) 201835K->7857K(203008K), 0.0006390 secs]
262.480: [GC (Allocation Failure) 192983K->8052K(194752K), 0.0006570 secs]
262.565: [GC (Allocation Failure) 184738K->8040K(186624K), 0.0007140 secs]
262.647: [GC (Allocation Failure) 176664K->8056K(179008K), 0.0006790 secs]
262.723: [GC (Allocation Failure) 168920K->8056K(171584K), 0.0005720 secs]
262.798: [GC (Allocation Failure) 161637K->8138K(164736K), 0.0010130 secs]
262.872: [GC (Allocation Failure) 154793K->8154K(158208K), 0.0006540 secs]
262.939: [GC (Allocation Failure) 148273K->8154K(151936K), 0.0005570 secs]
263.005: [GC (Allocation Failure) 141982K->8138K(145728K), 0.0009800 secs]
263.068: [GC (Allocation Failure) 135985K->8251K(140480K), 0.0006470 secs]
263.127: [GC (Allocation Failure) 130497K->8251K(134848K), 0.0006620 secs]
263.185: [GC (Allocation Failure) 125092K->8349K(129856K), 0.0005500 secs]
263.240: [GC (Allocation Failure) 120088K->8251K(124864K), 0.0005330 secs]
263.290: [GC (Allocation Failure) 115160K->8239K(145920K), 0.0007200 secs]
263.350: [GC (Allocation Failure) 136175K->8255K(140288K), 0.0005450 secs]
263.409: [GC (Allocation Failure) 130593K->8353K(135040K), 0.0007100 secs]
263.466: [GC (Allocation Failure) 125286K->8353K(129792K), 0.0005620 secs]
263.519: [GC (Allocation Failure) 120177K->8451K(125056K), 0.0005390 secs]
263.571: [GC (Allocation Failure) 115370K->8451K(120320K), 0.0006820 secs]
263.621: [GC (Allocation Failure) 110833K->8548K(116032K), 0.0005520 secs]
263.668: [GC (Allocation Failure) 106515K->8552K(135232K), 0.0006020 secs]
263.725: [GC (Allocation Failure) 125777K->8650K(158464K), 0.0007170 secs]
263.791: [GC (Allocation Failure) 148972K->8650K(152064K), 0.0005280 secs]
263.855: [GC (Allocation Failure) 142784K->8634K(178496K), 0.0010000 secs]
263.932: [GC (Allocation Failure) 169203K->8654K(171264K), 0.0005310 secs]
264.006: [GC (Allocation Failure) 161950K->8654K(164352K), 0.0006720 secs]
264.081: [GC (Allocation Failure) 155065K->8654K(157824K), 0.0006920 secs]
264.148: [GC (Allocation Failure) 148487K->8752K(151744K), 0.0006860 secs]
264.212: [GC (Allocation Failure) 142373K->8752K(145600K), 0.0006580 secs]
264.274: [GC (Allocation Failure) 136400K->8853K(140032K), 0.0005360 secs]
264.334: [GC (Allocation Failure) 130900K->8853K(134656K), 0.0005960 secs]
264.391: [GC (Allocation Failure) 125497K->8955K(129664K), 0.0006290 secs]
264.445: [GC (Allocation Failure) 120484K->8857K(124608K), 0.0006020 secs]
264.497: [GC (Allocation Failure) 115572K->8955K(120064K), 0.0005510 secs]
264.547: [GC (Allocation Failure) 111057K->9053K(140352K), 0.0007100 secs]
264.608: [GC (Allocation Failure) 131292K->9037K(164416K), 0.0007590 secs]
264.679: [GC (Allocation Failure) 155448K->9053K(193152K), 0.0006460 secs]
264.764: [GC (Allocation Failure) 184264K->9053K(185152K), 0.0006810 secs]
264.846: [GC (Allocation Failure) 176199K->9150K(177664K), 0.0006830 secs]
264.922: [GC (Allocation Failure) 168723K->9150K(170432K), 0.0006970 secs]
264.997: [GC (Allocation Failure) 161458K->9134K(163328K), 0.0010340 secs]
265.068: [GC (Allocation Failure) 154664K->9248K(156928K), 0.0005460 secs]
265.135: [GC (Allocation Failure) 148197K->9252K(150720K), 0.0006160 secs]
265.198: [GC (Allocation Failure) 142010K->9350K(144960K), 0.0007210 secs]
265.258: [GC (Allocation Failure) 136220K->9252K(139264K), 0.0005290 secs]
265.318: [GC (Allocation Failure) 130513K->9256K(133952K), 0.0005670 secs]
265.373: [GC (Allocation Failure) 125203K->9256K(128896K), 0.0005440 secs]
265.427: [GC (Allocation Failure) 120194K->9354K(124224K), 0.0006990 secs]
265.480: [GC (Allocation Failure) 115479K->9354K(119488K), 0.0005830 secs]
265.531: [GC (Allocation Failure) 110966K->9533K(139712K), 0.0010240 secs]
265.591: [GC (Allocation Failure) 131184K->9553K(163776K), 0.0006860 secs]
265.666: [GC (Allocation Failure) 155186K->9553K(192512K), 0.0007510 secs]
265.749: [GC (Allocation Failure) 183970K->9455K(184384K), 0.0006120 secs]
265.830: [GC (Allocation Failure) 175916K->9537K(217216K), 0.0009850 secs]
265.930: [GC (Allocation Failure) 208821K->9537K(208064K), 0.0010200 secs]
266.023: [GC (Allocation Failure) 199676K->9635K(199424K), 0.0007680 secs]
266.113: [GC (Allocation Failure) 191024K->9639K(191104K), 0.0007490 secs]
266.194: [GC (Allocation Failure) 182688K->9557K(183168K), 0.0006110 secs]
266.275: [GC (Allocation Failure) 174737K->9655K(175808K), 0.0006700 secs]
266.352: [GC (Allocation Failure) 167369K->9557K(168576K), 0.0007360 secs]
266.425: [GC (Allocation Failure) 160200K->9659K(161792K), 0.0005460 secs]
266.495: [GC (Allocation Failure) 153523K->9756K(155520K), 0.0007020 secs]
266.564: [GC (Allocation Failure) 147214K->9663K(149248K), 0.0006840 secs]
266.631: [GC (Allocation Failure) 140945K->9647K(143424K), 0.0010280 secs]
266.690: [GC (Allocation Failure) 135130K->9764K(138048K), 0.0005580 secs]
266.749: [GC (Allocation Failure) 129741K->9651K(161536K), 0.0009450 secs]
266.819: [GC (Allocation Failure) 153216K->9764K(189760K), 0.0006900 secs]
266.901: [GC (Allocation Failure) 181544K->9846K(223616K), 0.0010670 secs]
267.001: [GC (Allocation Failure) 215404K->9862K(214208K), 0.0006900 secs]
267.097: [GC (Allocation Failure) 205996K->9862K(205184K), 0.0006380 secs]
267.187: [GC (Allocation Failure) 196956K->9862K(196416K), 0.0005400 secs]
267.274: [GC (Allocation Failure) 188403K->9960K(188352K), 0.0007020 secs]
267.354: [GC (Allocation Failure) 180348K->9960K(180608K), 0.0005490 secs]
267.436: [GC (Allocation Failure) 172599K->10057K(173376K), 0.0007530 secs]
267.513: [GC (Allocation Failure) 165323K->10061K(166272K), 0.0005730 secs]
267.586: [GC (Allocation Failure) 158344K->10159K(159744K), 0.0007930 secs]
267.657: [GC (Allocation Failure) 151851K->10061K(153280K), 0.0006910 secs]
267.722: [GC (Allocation Failure) 145379K->10143K(147328K), 0.0008820 secs]
267.786: [GC (Allocation Failure) 139460K->10159K(141696K), 0.0006920 secs]
267.845: [GC (Allocation Failure) 133777K->10159K(136256K), 0.0007040 secs]
267.906: [GC (Allocation Failure) 128274K->10147K(159296K), 0.0010570 secs]
267.978: [GC (Allocation Failure) 151643K->10358K(187456K), 0.0005870 secs]
268.058: [GC (Allocation Failure) 179676K->10261K(179648K), 0.0007100 secs]
268.136: [GC (Allocation Failure) 171902K->10342K(211584K), 0.0010550 secs]
268.234: [GC (Allocation Failure) 203932K->10342K(243840K), 0.0010530 secs]
268.348: [GC (Allocation Failure) 236056K->10261K(233216K), 0.0005650 secs]
268.454: [GC (Allocation Failure) 225467K->10261K(223232K), 0.0006520 secs]
268.555: [GC (Allocation Failure) 215548K->10358K(213888K), 0.0007190 secs]
268.652: [GC (Allocation Failure) 206101K->10362K(204736K), 0.0007080 secs]
268.743: [GC (Allocation Failure) 197164K->10362K(196160K), 0.0005580 secs]
268.830: [GC (Allocation Failure) 188524K->10460K(188160K), 0.0007020 secs]
268.910: [GC (Allocation Failure) 180557K->10362K(180288K), 0.0005840 secs]
268.986: [GC (Allocation Failure) 172688K->10460K(172928K), 0.0006220 secs]
269.062: [GC (Allocation Failure) 165426K->10558K(166080K), 0.0006480 secs]
269.136: [GC (Allocation Failure) 158540K->10558K(159296K), 0.0005810 secs]
269.205: [GC (Allocation Failure) 151849K->10655K(153088K), 0.0005770 secs]
269.271: [GC (Allocation Failure) 145671K->10655K(146944K), 0.0005490 secs]
269.335: [GC (Allocation Failure) 139583K->10757K(141376K), 0.0007400 secs]
269.394: [GC (Allocation Failure) 134079K->10659K(135808K), 0.0006580 secs]
269.454: [GC (Allocation Failure) 128479K->10761K(130816K), 0.0005640 secs]
269.508: [GC (Allocation Failure) 123471K->10663K(125824K), 0.0005420 secs]
269.560: [GC (Allocation Failure) 118567K->10647K(147136K), 0.0010600 secs]
269.623: [GC (Allocation Failure) 139777K->10663K(172544K), 0.0005560 secs]
269.699: [GC (Allocation Failure) 165228K->10761K(165696K), 0.0005720 secs]
269.770: [GC (Allocation Failure) 158329K->10761K(158976K), 0.0005580 secs]
269.839: [GC (Allocation Failure) 151764K->10761K(152704K), 0.0007090 secs]
269.907: [GC (Allocation Failure) 145476K->10843K(146816K), 0.0007640 secs]
269.969: [GC (Allocation Failure) 139666K->10761K(141056K), 0.0005780 secs]
270.030: [GC (Allocation Failure) 133881K->10859K(135808K), 0.0005270 secs]
270.087: [GC (Allocation Failure) 128578K->10859K(130688K), 0.0005710 secs]
270.143: [GC (Allocation Failure) 123471K->10859K(125632K), 0.0006660 secs]
270.197: [GC (Allocation Failure) 118559K->11038K(147008K), 0.0007880 secs]
270.261: [GC (Allocation Failure) 140054K->10960K(172352K), 0.0007370 secs]
270.336: [GC (Allocation Failure) 165335K->11058K(165504K), 0.0005750 secs]
270.409: [GC (Allocation Failure) 158456K->11058K(158784K), 0.0007140 secs]
270.476: [GC (Allocation Failure) 151886K->11058K(152512K), 0.0007110 secs]
270.542: [GC (Allocation Failure) 145585K->11253K(146752K), 0.0007340 secs]
270.606: [GC (Allocation Failure) 139884K->11058K(140864K), 0.0007370 secs]
270.672: [GC (Allocation Failure) 133982K->11156K(135616K), 0.0007270 secs]
270.727: [GC (Allocation Failure) 128680K->11156K(158784K), 0.0007640 secs]
270.797: [GC (Allocation Failure) 151880K->11140K(186240K), 0.0010820 secs]
270.879: [GC (Allocation Failure) 179571K->11351K(219648K), 0.0007100 secs]
270.978: [GC (Allocation Failure) 212888K->11253K(210240K), 0.0007260 secs]
271.073: [GC (Allocation Failure) 203557K->11335K(201472K), 0.0010930 secs]
271.165: [GC (Allocation Failure) 194797K->11257K(193024K), 0.0007450 secs]
271.250: [GC (Allocation Failure) 186273K->11355K(185152K), 0.0007300 secs]
271.332: [GC (Allocation Failure) 178409K->11339K(177536K), 0.0007440 secs]
271.409: [GC (Allocation Failure) 170827K->11257K(170240K), 0.0005980 secs]
271.484: [GC (Allocation Failure) 163571K->11261K(163392K), 0.0005590 secs]
271.556: [GC (Allocation Failure) 156705K->11261K(156864K), 0.0007300 secs]
271.623: [GC (Allocation Failure) 150110K->11359K(150784K), 0.0005600 secs]
271.688: [GC (Allocation Failure) 144017K->11359K(144896K), 0.0006570 secs]
271.750: [GC (Allocation Failure) 138129K->11359K(139136K), 0.0005410 secs]
271.810: [GC (Allocation Failure) 132621K->11542K(163136K), 0.0010850 secs]
271.885: [GC (Allocation Failure) 156684K->11461K(156608K), 0.0007560 secs]
271.950: [GC (Allocation Failure) 150110K->11562K(150592K), 0.0005860 secs]
272.016: [GC (Allocation Failure) 144020K->11562K(144576K), 0.0007260 secs]
272.077: [GC (Allocation Failure) 138128K->11660K(139136K), 0.0005730 secs]
272.135: [GC (Allocation Failure) 132727K->11660K(133696K), 0.0005690 secs]
272.189: [GC (Allocation Failure) 127416K->11762K(128768K), 0.0006000 secs]
272.244: [GC (Allocation Failure) 122410K->11859K(150400K), 0.0007920 secs]
272.310: [GC (Allocation Failure) 144315K->11957K(176576K), 0.0007360 secs]
272.391: [GC (Allocation Failure) 170453K->11843K(207680K), 0.0010820 secs]
272.483: [GC (Allocation Failure) 201583K->11961K(199104K), 0.0007750 secs]
272.577: [GC (Allocation Failure) 192971K->11945K(190784K), 0.0008720 secs]
272.661: [GC (Allocation Failure) 184694K->11965K(182976K), 0.0006130 secs]
272.742: [GC (Allocation Failure) 176846K->11965K(175360K), 0.0007050 secs]
272.819: [GC (Allocation Failure) 169372K->12047K(168320K), 0.0011060 secs]
272.895: [GC (Allocation Failure) 162289K->11965K(161536K), 0.0007010 secs]
272.965: [GC (Allocation Failure) 155533K->12067K(155264K), 0.0006010 secs]
273.030: [GC (Allocation Failure) 149242K->12067K(149056K), 0.0007390 secs]
273.097: [GC (Allocation Failure) 143153K->12165K(175040K), 0.0011530 secs]
273.174: [GC (Allocation Failure) 169098K->12149K(205952K), 0.0010750 secs]
273.267: [GC (Allocation Failure) 200025K->12067K(234112K), 0.0007330 secs]
273.373: [GC (Allocation Failure) 228060K->12169K(224064K), 0.0007250 secs]
273.475: [GC (Allocation Failure) 218125K->12071K(214400K), 0.0005870 secs]
273.571: [GC (Allocation Failure) 208497K->12266K(205376K), 0.0006520 secs]
273.661: [GC (Allocation Failure) 199655K->12266K(196800K), 0.0006000 secs]
273.750: [GC (Allocation Failure) 191103K->12270K(188608K), 0.0005690 secs]
273.831: [GC (Allocation Failure) 182866K->12270K(180864K), 0.0005650 secs]
273.910: [GC (Allocation Failure) 175188K->12254K(173504K), 0.0008600 secs]
273.982: [GC (Allocation Failure) 167808K->12466K(166592K), 0.0006320 secs]
274.057: [GC (Allocation Failure) 160947K->12368K(159744K), 0.0007060 secs]
274.124: [GC (Allocation Failure) 154163K->12567K(153600K), 0.0006380 secs]
274.190: [GC (Allocation Failure) 148063K->12470K(147456K), 0.0007500 secs]
274.254: [GC (Allocation Failure) 141982K->12470K(141760K), 0.0005680 secs]
274.315: [GC (Allocation Failure) 136286K->12474K(136320K), 0.0007250 secs]
274.374: [GC (Allocation Failure) 130788K->12571K(159744K), 0.0008730 secs]
274.442: [GC (Allocation Failure) 154172K->12571K(187520K), 0.0007640 secs]
274.525: [GC (Allocation Failure) 182085K->12669K(179968K), 0.0007220 secs]
274.603: [GC (Allocation Failure) 174508K->12669K(172544K), 0.0006440 secs]
274.675: [GC (Allocation Failure) 167240K->12767K(165696K), 0.0008410 secs]
274.747: [GC (Allocation Failure) 160365K->12673K(158976K), 0.0005620 secs]
274.814: [GC (Allocation Failure) 153681K->12868K(152896K), 0.0006390 secs]
274.880: [GC (Allocation Failure) 147598K->12673K(146752K), 0.0005420 secs]
274.939: [GC (Allocation Failure) 141498K->12755K(172160K), 0.0009260 secs]
275.015: [GC (Allocation Failure) 166839K->12771K(165312K), 0.0005440 secs]
275.089: [GC (Allocation Failure) 159989K->12771K(158720K), 0.0008260 secs]
275.161: [GC (Allocation Failure) 153407K->12673K(152256K), 0.0006200 secs]
275.227: [GC (Allocation Failure) 147007K->12868K(178880K), 0.0011770 secs]
275.306: [GC (Allocation Failure) 173629K->12868K(171584K), 0.0005570 secs]
275.379: [GC (Allocation Failure) 166362K->12966K(164736K), 0.0006500 secs]
275.452: [GC (Allocation Failure) 159575K->12868K(157952K), 0.0005700 secs]
275.518: [GC (Allocation Failure) 152895K->12966K(151872K), 0.0007690 secs]
275.582: [GC (Allocation Failure) 146703K->12966K(145920K), 0.0007580 secs]
275.645: [GC (Allocation Failure) 140811K->12966K(171072K), 0.0008550 secs]
275.722: [GC (Allocation Failure) 165971K->13064K(164032K), 0.0007520 secs]
275.797: [GC (Allocation Failure) 159084K->13259K(192960K), 0.0009700 secs]
275.882: [GC (Allocation Failure) 188069K->13048K(227200K), 0.0011180 secs]
275.986: [GC (Allocation Failure) 222253K->13259K(217728K), 0.0007060 secs]
276.083: [GC (Allocation Failure) 212852K->13064K(208320K), 0.0005740 secs]
276.175: [GC (Allocation Failure) 203399K->13161K(199680K), 0.0006660 secs]
276.265: [GC (Allocation Failure) 194751K->13259K(191424K), 0.0011690 secs]
276.349: [GC (Allocation Failure) 186499K->13068K(183360K), 0.0006680 secs]
276.429: [GC (Allocation Failure) 178449K->13165K(176000K), 0.0007940 secs]
276.507: [GC (Allocation Failure) 171075K->13068K(168768K), 0.0006170 secs]
276.583: [GC (Allocation Failure) 163902K->13165K(162112K), 0.0006020 secs]
276.652: [GC (Allocation Failure) 157219K->13165K(155648K), 0.0006680 secs]
276.718: [GC (Allocation Failure) 150738K->13169K(149376K), 0.0007410 secs]
276.784: [GC (Allocation Failure) 144540K->13267K(143680K), 0.0006610 secs]
276.842: [GC (Allocation Failure) 138847K->13169K(138048K), 0.0005680 secs]
276.900: [GC (Allocation Failure) 133246K->13267K(161856K), 0.0008870 secs]
276.971: [GC (Allocation Failure) 157024K->13267K(155456K), 0.0005980 secs]
277.039: [GC (Allocation Failure) 150652K->13365K(149440K), 0.0006690 secs]
277.101: [GC (Allocation Failure) 144646K->13267K(143424K), 0.0005900 secs]
277.161: [GC (Allocation Failure) 138753K->13267K(137920K), 0.0006320 secs]
277.219: [GC (Allocation Failure) 133248K->13365K(132800K), 0.0005950 secs]
277.274: [GC (Allocation Failure) 128045K->13365K(155392K), 0.0009350 secs]
277.341: [GC (Allocation Failure) 150638K->13365K(182336K), 0.0006230 secs]
277.419: [GC (Allocation Failure) 177763K->13365K(174912K), 0.0007440 secs]
277.496: [GC (Allocation Failure) 170292K->13462K(167936K), 0.0006030 secs]
277.570: [GC (Allocation Failure) 163321K->13369K(161088K), 0.0007810 secs]
277.640: [GC (Allocation Failure) 156442K->13353K(154688K), 0.0008310 secs]
277.706: [GC (Allocation Failure) 150049K->13466K(148736K), 0.0006720 secs]
277.771: [GC (Allocation Failure) 144066K->13373K(142848K), 0.0005680 secs]
277.830: [GC (Allocation Failure) 138270K->13470K(137472K), 0.0006060 secs]
277.890: [GC (Allocation Failure) 132867K->13373K(132096K), 0.0007320 secs]
277.946: [GC (Allocation Failure) 127543K->13373K(127104K), 0.0006720 secs]
277.997: [GC (Allocation Failure) 122546K->13470K(148736K), 0.0007140 secs]
278.061: [GC (Allocation Failure) 144062K->13373K(174336K), 0.0008020 secs]
278.137: [GC (Allocation Failure) 169719K->13470K(167296K), 0.0006480 secs]
278.209: [GC (Allocation Failure) 162832K->13568K(160704K), 0.0008000 secs]
278.279: [GC (Allocation Failure) 156148K->13470K(154176K), 0.0007240 secs]
278.346: [GC (Allocation Failure) 149668K->13470K(148096K), 0.0005780 secs]
278.409: [GC (Allocation Failure) 143575K->13470K(142336K), 0.0006610 secs]
278.470: [GC (Allocation Failure) 137871K->13470K(166848K), 0.0009190 secs]
278.540: [GC (Allocation Failure) 162335K->13568K(196288K), 0.0007630 secs]
278.629: [GC (Allocation Failure) 191722K->13470K(188032K), 0.0007900 secs]
278.711: [GC (Allocation Failure) 183565K->13568K(180288K), 0.0005840 secs]
278.792: [GC (Allocation Failure) 175899K->13666K(173056K), 0.0007710 secs]
278.867: [GC (Allocation Failure) 168619K->13568K(165952K), 0.0005750 secs]
278.941: [GC (Allocation Failure) 161556K->13552K(159296K), 0.0009910 secs]
279.010: [GC (Allocation Failure) 154861K->13572K(152960K), 0.0007040 secs]
279.076: [GC (Allocation Failure) 148594K->13572K(146944K), 0.0007560 secs]
279.137: [GC (Allocation Failure) 142585K->13670K(141248K), 0.0006800 secs]
279.196: [GC (Allocation Failure) 136992K->13670K(135808K), 0.0005850 secs]
279.254: [GC (Allocation Failure) 131494K->13767K(159040K), 0.0008560 secs]
279.323: [GC (Allocation Failure) 154873K->13865K(186944K), 0.0007740 secs]
279.404: [GC (Allocation Failure) 182680K->13865K(179072K), 0.0007190 secs]
279.480: [GC (Allocation Failure) 175022K->14060K(171968K), 0.0006930 secs]
279.555: [GC (Allocation Failure) 167940K->14048K(202112K), 0.0009260 secs]
279.644: [GC (Allocation Failure) 198207K->14146K(229952K), 0.0011680 secs]
279.748: [GC (Allocation Failure) 225903K->14162K(220096K), 0.0006800 secs]
279.847: [GC (Allocation Failure) 216177K->14166K(210752K), 0.0009100 secs]
279.941: [GC (Allocation Failure) 206861K->14361K(201728K), 0.0006970 secs]
280.033: [GC (Allocation Failure) 198218K->14557K(193536K), 0.0008980 secs]
280.119: [GC (Allocation Failure) 189961K->14557K(185536K), 0.0005670 secs]
280.197: [GC (Allocation Failure) 182005K->14541K(177856K), 0.0009320 secs]
280.273: [GC (Allocation Failure) 174412K->14459K(170560K), 0.0006460 secs]
280.348: [GC (Allocation Failure) 167061K->14654K(163904K), 0.0007920 secs]
280.420: [GC (Allocation Failure) 160383K->14463K(157184K), 0.0007270 secs]
280.488: [GC (Allocation Failure) 153701K->14658K(151168K), 0.0007950 secs]
280.555: [GC (Allocation Failure) 147712K->14561K(145216K), 0.0007330 secs]
280.618: [GC (Allocation Failure) 141717K->14561K(170240K), 0.0008760 secs]
280.696: [GC (Allocation Failure) 166672K->14561K(200064K), 0.0007750 secs]
280.785: [GC (Allocation Failure) 196660K->14561K(191744K), 0.0006300 secs]
280.869: [GC (Allocation Failure) 188297K->14561K(183808K), 0.0006230 secs]
280.949: [GC (Allocation Failure) 180429K->14658K(176448K), 0.0008300 secs]
281.026: [GC (Allocation Failure) 173058K->14549K(169152K), 0.0010130 secs]
281.100: [GC (Allocation Failure) 165780K->14662K(162496K), 0.0006700 secs]
281.169: [GC (Allocation Failure) 159110K->14662K(156032K), 0.0006650 secs]
281.237: [GC (Allocation Failure) 152622K->14760K(149952K), 0.0008660 secs]
281.302: [GC (Allocation Failure) 146535K->14662K(175744K), 0.0010990 secs]
281.381: [GC (Allocation Failure) 172479K->14646K(206912K), 0.0013570 secs]
281.473: [GC (Allocation Failure) 203605K->14760K(235264K), 0.0011300 secs]
281.580: [GC (Allocation Failure) 231816K->14764K(235264K), 0.0008960 secs]
281.686: [GC (Allocation Failure) 231806K->14764K(225088K), 0.0006610 secs]
281.783: [GC (Allocation Failure) 221713K->14862K(215616K), 0.0008040 secs]
281.879: [GC (Allocation Failure) 212289K->14764K(206336K), 0.0006470 secs]
281.972: [GC (Allocation Failure) 203131K->14862K(197824K), 0.0006800 secs]
282.060: [GC (Allocation Failure) 194577K->14748K(189504K), 0.0011790 secs]
282.145: [GC (Allocation Failure) 186325K->14862K(181824K), 0.0009440 secs]
282.224: [GC (Allocation Failure) 178576K->14764K(174272K), 0.0005960 secs]
282.299: [GC (Allocation Failure) 171100K->14846K(205120K), 0.0011820 secs]
282.392: [GC (Allocation Failure) 201924K->14862K(196608K), 0.0006170 secs]
282.478: [GC (Allocation Failure) 193388K->14862K(188480K), 0.0009210 secs]
282.566: [GC (Allocation Failure) 185255K->14764K(180608K), 0.0006030 secs]
282.643: [GC (Allocation Failure) 177387K->14959K(173440K), 0.0008030 secs]
282.720: [GC (Allocation Failure) 170209K->14846K(166272K), 0.0008240 secs]
282.791: [GC (Allocation Failure) 163130K->14959K(159744K), 0.0007720 secs]
282.859: [GC (Allocation Failure) 156559K->14959K(153408K), 0.0007660 secs]
282.929: [GC (Allocation Failure) 150270K->14959K(180032K), 0.0008880 secs]
283.008: [GC (Allocation Failure) 176893K->14862K(172608K), 0.0005800 secs]
283.080: [GC (Allocation Failure) 169534K->14862K(165632K), 0.0006130 secs]
283.153: [GC (Allocation Failure) 162556K->14959K(159168K), 0.0008050 secs]
283.224: [GC (Allocation Failure) 156074K->14963K(152896K), 0.0006410 secs]
283.289: [GC (Allocation Failure) 149802K->14963K(146752K), 0.0006090 secs]
283.352: [GC (Allocation Failure) 143786K->15163K(172288K), 0.0009180 secs]
283.427: [GC (Allocation Failure) 169337K->15147K(202624K), 0.0012650 secs]
283.514: [GC (Allocation Failure) 199768K->15069K(238848K), 0.0006090 secs]
283.625: [GC (Allocation Failure) 235965K->15069K(228608K), 0.0005810 secs]
283.725: [GC (Allocation Failure) 225736K->15069K(218880K), 0.0006020 secs]
283.820: [GC (Allocation Failure) 216020K->15264K(209792K), 0.0008150 secs]
283.912: [GC (Allocation Failure) 206887K->15264K(200960K), 0.0008120 secs]
284.000: [GC (Allocation Failure) 198039K->15167K(192320K), 0.0007510 secs]
284.085: [GC (Allocation Failure) 189596K->15264K(184448K), 0.0005920 secs]
284.166: [GC (Allocation Failure) 181722K->15264K(176896K), 0.0008040 secs]
284.243: [GC (Allocation Failure) 174160K->15460K(169920K), 0.0006920 secs]
284.317: [GC (Allocation Failure) 167183K->15460K(163008K), 0.0006910 secs]
284.386: [GC (Allocation Failure) 160407K->15346K(191424K), 0.0013640 secs]
284.473: [GC (Allocation Failure) 188791K->15460K(225728K), 0.0008290 secs]
284.576: [GC (Allocation Failure) 223096K->15460K(216128K), 0.0008220 secs]
284.675: [GC (Allocation Failure) 213477K->15460K(206912K), 0.0007050 secs]
284.765: [GC (Allocation Failure) 204430K->15460K(198272K), 0.0006150 secs]
284.849: [GC (Allocation Failure) 195785K->15557K(190144K), 0.0007620 secs]
284.934: [GC (Allocation Failure) 187623K->15460K(182208K), 0.0006480 secs]
285.012: [GC (Allocation Failure) 179665K->15655K(174976K), 0.0008920 secs]
285.089: [GC (Allocation Failure) 172489K->15655K(167872K), 0.0007400 secs]
285.164: [GC (Allocation Failure) 165412K->15541K(196992K), 0.0012120 secs]
285.253: [GC (Allocation Failure) 194679K->15655K(188928K), 0.0006030 secs]
285.337: [GC (Allocation Failure) 186639K->15655K(181184K), 0.0006410 secs]
285.416: [GC (Allocation Failure) 178883K->15753K(173952K), 0.0008640 secs]
285.493: [GC (Allocation Failure) 171605K->15753K(166912K), 0.0007430 secs]
285.567: [GC (Allocation Failure) 164526K->15850K(160320K), 0.0009070 secs]
285.637: [GC (Allocation Failure) 158043K->15655K(153792K), 0.0005650 secs]
285.700: [GC (Allocation Failure) 151462K->15757K(147904K), 0.0006860 secs]
285.763: [GC (Allocation Failure) 145565K->15757K(142144K), 0.0006270 secs]
285.827: [GC (Allocation Failure) 139764K->15741K(166528K), 0.0011470 secs]
285.897: [GC (Allocation Failure) 164214K->15659K(195712K), 0.0005940 secs]
285.985: [GC (Allocation Failure) 193414K->15854K(187776K), 0.0008830 secs]
286.070: [GC (Allocation Failure) 185461K->15757K(180032K), 0.0007030 secs]
286.147: [GC (Allocation Failure) 177695K->15854K(172800K), 0.0006660 secs]
286.222: [GC (Allocation Failure) 170526K->15741K(203072K), 0.0011970 secs]
286.314: [GC (Allocation Failure) 200876K->15952K(239680K), 0.0008120 secs]
286.426: [GC (Allocation Failure) 237466K->15854K(229312K), 0.0007980 secs]
286.531: [GC (Allocation Failure) 227041K->15858K(219520K), 0.0009410 secs]
286.630: [GC (Allocation Failure) 217287K->15761K(210112K), 0.0007010 secs]
286.721: [GC (Allocation Failure) 207867K->15956K(201472K), 0.0008420 secs]
286.810: [GC (Allocation Failure) 199310K->15862K(193024K), 0.0006970 secs]
286.896: [GC (Allocation Failure) 190773K->15960K(185088K), 0.0006870 secs]
286.976: [GC (Allocation Failure) 182909K->15753K(177344K), 0.0011490 secs]
287.055: [GC (Allocation Failure) 175141K->15866K(170304K), 0.0007780 secs]
287.131: [GC (Allocation Failure) 168074K->15870K(163456K), 0.0007890 secs]
287.202: [GC (Allocation Failure) 161197K->15870K(156928K), 0.0009130 secs]
287.269: [GC (Allocation Failure) 154719K->15968K(184128K), 0.0008130 secs]
287.348: [GC (Allocation Failure) 182143K->15972K(176576K), 0.0006030 secs]
287.425: [GC (Allocation Failure) 174580K->15972K(169408K), 0.0008510 secs]
287.499: [GC (Allocation Failure) 167400K->16167K(199424K), 0.0009740 secs]
287.589: [GC (Allocation Failure) 197463K->15972K(190976K), 0.0006300 secs]
287.673: [GC (Allocation Failure) 189026K->16054K(183168K), 0.0010580 secs]
287.753: [GC (Allocation Failure) 181233K->15972K(175616K), 0.0006060 secs]
287.832: [GC (Allocation Failure) 173595K->16070K(168640K), 0.0009330 secs]
287.907: [GC (Allocation Failure) 166617K->15972K(161728K), 0.0006220 secs]
287.976: [GC (Allocation Failure) 159726K->16167K(155520K), 0.0007040 secs]
288.044: [GC (Allocation Failure) 153553K->16070K(149376K), 0.0005970 secs]
288.107: [GC (Allocation Failure) 147348K->16167K(143616K), 0.0006740 secs]
288.166: [GC (Allocation Failure) 141657K->15972K(137920K), 0.0005670 secs]
288.223: [GC (Allocation Failure) 135955K->16054K(161664K), 0.0011960 secs]
288.295: [GC (Allocation Failure) 159720K->16074K(190016K), 0.0006130 secs]
288.375: [GC (Allocation Failure) 188041K->16171K(223936K), 0.0007180 secs]
288.474: [GC (Allocation Failure) 221919K->16074K(214272K), 0.0007690 secs]
288.571: [GC (Allocation Failure) 212403K->16269K(205440K), 0.0009320 secs]
288.666: [GC (Allocation Failure) 203560K->16171K(196800K), 0.0007760 secs]
288.757: [GC (Allocation Failure) 194918K->16058K(188544K), 0.0011790 secs]
288.840: [GC (Allocation Failure) 186647K->16074K(180800K), 0.0008210 secs]
288.920: [GC (Allocation Failure) 178902K->16273K(173632K), 0.0009930 secs]
288.997: [GC (Allocation Failure) 171724K->16175K(204160K), 0.0008260 secs]
289.085: [GC (Allocation Failure) 202197K->16175K(195648K), 0.0008490 secs]
289.174: [GC (Allocation Failure) 193741K->16175K(187392K), 0.0006240 secs]
289.256: [GC (Allocation Failure) 185585K->16261K(220864K), 0.0014790 secs]
289.356: [GC (Allocation Failure) 219073K->16277K(211584K), 0.0006470 secs]
289.451: [GC (Allocation Failure) 209751K->16277K(202688K), 0.0009460 secs]
289.540: [GC (Allocation Failure) 200819K->16179K(194112K), 0.0005950 secs]
289.625: [GC (Allocation Failure) 192361K->16375K(186304K), 0.0009640 secs]
289.709: [GC (Allocation Failure) 184510K->16183K(178496K), 0.0008090 secs]
289.786: [GC (Allocation Failure) 176738K->16281K(171392K), 0.0009430 secs]
289.861: [GC (Allocation Failure) 169572K->16187K(164352K), 0.0007740 secs]
289.934: [GC (Allocation Failure) 162602K->16285K(193280K), 0.0009600 secs]
290.018: [GC (Allocation Failure) 191494K->16273K(227712K), 0.0012360 secs]
290.123: [GC (Allocation Failure) 225966K->16387K(218112K), 0.0006840 secs]
290.222: [GC (Allocation Failure) 216359K->16191K(208640K), 0.0008070 secs]
290.314: [GC (Allocation Failure) 206921K->16391K(200064K), 0.0009250 secs]
290.401: [GC (Allocation Failure) 198385K->16391K(191744K), 0.0006880 secs]
290.485: [GC (Allocation Failure) 190027K->16391K(183808K), 0.0007690 secs]
290.566: [GC (Allocation Failure) 182063K->16293K(176192K), 0.0005970 secs]
290.646: [GC (Allocation Failure) 174503K->16395K(169152K), 0.0009260 secs]
290.718: [GC (Allocation Failure) 167424K->16395K(162368K), 0.0006140 secs]
290.789: [GC (Allocation Failure) 160639K->16395K(155904K), 0.0009460 secs]
290.858: [GC (Allocation Failure) 154164K->16395K(149632K), 0.0008250 secs]
290.926: [GC (Allocation Failure) 148072K->16476K(175680K), 0.0014720 secs]
291.005: [GC (Allocation Failure) 174093K->16492K(206848K), 0.0008030 secs]
291.094: [GC (Allocation Failure) 205258K->16399K(243840K), 0.0006280 secs]
291.209: [GC (Allocation Failure) 242225K->16399K(233344K), 0.0007860 secs]
291.316: [GC (Allocation Failure) 231811K->16383K(258880K), 0.0014260 secs]
291.441: [GC (Allocation Failure) 257147K->16399K(247424K), 0.0006090 secs]
291.552: [GC (Allocation Failure) 245849K->16496K(236864K), 0.0009240 secs]
291.661: [GC (Allocation Failure) 235243K->16594K(226560K), 0.0008910 secs]
291.763: [GC (Allocation Failure) 225225K->16594K(216896K), 0.0006480 secs]
291.859: [GC (Allocation Failure) 215489K->16594K(207744K), 0.0006080 secs]
291.953: [GC (Allocation Failure) 206344K->16692K(199168K), 0.0009820 secs]
292.042: [GC (Allocation Failure) 197792K->16594K(190784K), 0.0008070 secs]
292.124: [GC (Allocation Failure) 189439K->16793K(183104K), 0.0006980 secs]
292.202: [GC (Allocation Failure) 181777K->16598K(175424K), 0.0007800 secs]
292.279: [GC (Allocation Failure) 174022K->16598K(168320K), 0.0006200 secs]
292.353: [GC (Allocation Failure) 166941K->16598K(161600K), 0.0008020 secs]
292.422: [GC (Allocation Failure) 160257K->16696K(155328K), 0.0009180 secs]
292.489: [GC (Allocation Failure) 153970K->16696K(149120K), 0.0006570 secs]
292.556: [GC (Allocation Failure) 147882K->16989K(175104K), 0.0009820 secs]
292.636: [GC (Allocation Failure) 173921K->16875K(205824K), 0.0009060 secs]
292.726: [GC (Allocation Failure) 204759K->16977K(242944K), 0.0015280 secs]
292.839: [GC (Allocation Failure) 241907K->16895K(273600K), 0.0006250 secs]
292.971: [GC (Allocation Failure) 272298K->16981K(273536K), 0.0014740 secs]
293.096: [GC (Allocation Failure) 272373K->16883K(323776K), 0.0013740 secs]
293.270: [GC (Allocation Failure) 322489K->16887K(309120K), 0.0013980 secs]
293.411: [GC (Allocation Failure) 308044K->17098K(295360K), 0.0008530 secs]
293.554: [GC (Allocation Failure) 294505K->17102K(282304K), 0.0006230 secs]
293.680: [GC (Allocation Failure) 281438K->17102K(269888K), 0.0008420 secs]
293.804: [GC (Allocation Failure) 269052K->17102K(258112K), 0.0008080 secs]
293.920: [GC (Allocation Failure) 257269K->17102K(246912K), 0.0006170 secs]
294.033: [GC (Allocation Failure) 246061K->17102K(236288K), 0.0008330 secs]
294.138: [GC (Allocation Failure) 235453K->17086K(226176K), 0.0012450 secs]
294.243: [GC (Allocation Failure) 225323K->17200K(216704K), 0.0006410 secs]
294.342: [GC (Allocation Failure) 215805K->17102K(207360K), 0.0007500 secs]
294.437: [GC (Allocation Failure) 206555K->17204K(198720K), 0.0008150 secs]
294.529: [GC (Allocation Failure) 198004K->17204K(190464K), 0.0006180 secs]
294.617: [GC (Allocation Failure) 189659K->17302K(182720K), 0.0008380 secs]
294.699: [GC (Allocation Failure) 181893K->17204K(175040K), 0.0005870 secs]
294.774: [GC (Allocation Failure) 174335K->17399K(168128K), 0.0007290 secs]
294.848: [GC (Allocation Failure) 167451K->17306K(161280K), 0.0006050 secs]
294.918: [GC (Allocation Failure) 160585K->17306K(154880K), 0.0008320 secs]
294.985: [GC (Allocation Failure) 154188K->17403K(148928K), 0.0010110 secs]
295.052: [GC (Allocation Failure) 148197K->17310K(174528K), 0.0008480 secs]
295.130: [GC (Allocation Failure) 173850K->17505K(205376K), 0.0008720 secs]
295.226: [GC (Allocation Failure) 204884K->17493K(242304K), 0.0012770 secs]
295.336: [GC (Allocation Failure) 241821K->17607K(231872K), 0.0008230 secs]
295.440: [GC (Allocation Failure) 231537K->17607K(221952K), 0.0008240 secs]
295.538: [GC (Allocation Failure) 221615K->17591K(212544K), 0.0012570 secs]
295.635: [GC (Allocation Failure) 212144K->17607K(203584K), 0.0006320 secs]
295.724: [GC (Allocation Failure) 203248K->17704K(195072K), 0.0008430 secs]
295.725: [Full GC (Ergonomics) 17704K->945K(194816K), 0.0085310 secs]
295.820: [GC (Allocation Failure) 178025K->1270K(186880K), 0.0004880 secs]
295.903: [GC (Allocation Failure) 170289K->1254K(178944K), 0.0007700 secs]
295.984: [GC (Allocation Failure) 162608K->1465K(171904K), 0.0004900 secs]
296.060: [GC (Allocation Failure) 155543K->1469K(164864K), 0.0004880 secs]
296.127: [GC (Allocation Failure) 148667K->1567K(158400K), 0.0005290 secs]
296.194: [GC (Allocation Failure) 142083K->1567K(151936K), 0.0004870 secs]
296.261: [GC (Allocation Failure) 135902K->1669K(146048K), 0.0005280 secs]
296.323: [GC (Allocation Failure) 129996K->1653K(140352K), 0.0007810 secs]
296.383: [GC (Allocation Failure) 124284K->1653K(134976K), 0.0006830 secs]
296.441: [GC (Allocation Failure) 118883K->1766K(129856K), 0.0004840 secs]
296.498: [GC (Allocation Failure) 113897K->1770K(124992K), 0.0004680 secs]
296.553: [GC (Allocation Failure) 109075K->1868K(120384K), 0.0006250 secs]
296.605: [GC (Allocation Failure) 104564K->1966K(116096K), 0.0006440 secs]
296.656: [GC (Allocation Failure) 100237K->1966K(111744K), 0.0004480 secs]
296.702: [GC (Allocation Failure) 96107K->2161K(107968K), 0.0004820 secs]
296.746: [GC (Allocation Failure) 92273K->2047K(125632K), 0.0007480 secs]
296.800: [GC (Allocation Failure) 109947K->2063K(120960K), 0.0004720 secs]
296.850: [GC (Allocation Failure) 105351K->2161K(116544K), 0.0005150 secs]
296.899: [GC (Allocation Failure) 101012K->2259K(112448K), 0.0006130 secs]
296.945: [GC (Allocation Failure) 96889K->2161K(130880K), 0.0005830 secs]
297.001: [GC (Allocation Failure) 115370K->2259K(153216K), 0.0006020 secs]
297.067: [GC (Allocation Failure) 137768K->2340K(179968K), 0.0007970 secs]
297.148: [GC (Allocation Failure) 164577K->2263K(172544K), 0.0005250 secs]
297.224: [GC (Allocation Failure) 157121K->2263K(165568K), 0.0005460 secs]
297.295: [GC (Allocation Failure) 150153K->2458K(159040K), 0.0005850 secs]
297.363: [GC (Allocation Failure) 143658K->2360K(152576K), 0.0004340 secs]
297.426: [GC (Allocation Failure) 137281K->2556K(146752K), 0.0004830 secs]
297.487: [GC (Allocation Failure) 131481K->2540K(140928K), 0.0005960 secs]
297.550: [GC (Allocation Failure) 125765K->2657K(135616K), 0.0005940 secs]
297.609: [GC (Allocation Failure) 120476K->2560K(130368K), 0.0004680 secs]
297.662: [GC (Allocation Failure) 115168K->2560K(125504K), 0.0005630 secs]
297.715: [GC (Allocation Failure) 110356K->2657K(120960K), 0.0005500 secs]
297.763: [GC (Allocation Failure) 105736K->2560K(116416K), 0.0005710 secs]
297.810: [GC (Allocation Failure) 101220K->2544K(112192K), 0.0006060 secs]
297.858: [GC (Allocation Failure) 96980K->2657K(108288K), 0.0006120 secs]
297.902: [GC (Allocation Failure) 93067K->2657K(125952K), 0.0005570 secs]
297.955: [GC (Allocation Failure) 110948K->2853K(121472K), 0.0004800 secs]
298.007: [GC (Allocation Failure) 106527K->2755K(116864K), 0.0004770 secs]
298.054: [GC (Allocation Failure) 101904K->2853K(112768K), 0.0006170 secs]
298.101: [GC (Allocation Failure) 97780K->2853K(108608K), 0.0004960 secs]
298.145: [GC (Allocation Failure) 93751K->2857K(126528K), 0.0006270 secs]
298.197: [GC (Allocation Failure) 111628K->2954K(121920K), 0.0004850 secs]
298.247: [GC (Allocation Failure) 107021K->2841K(142336K), 0.0008290 secs]
298.309: [GC (Allocation Failure) 127441K->2857K(166912K), 0.0005720 secs]
298.381: [GC (Allocation Failure) 152025K->2857K(160192K), 0.0005810 secs]
298.452: [GC (Allocation Failure) 145344K->2857K(153856K), 0.0005780 secs]
298.518: [GC (Allocation Failure) 139049K->2861K(147776K), 0.0005950 secs]
298.584: [GC (Allocation Failure) 132962K->2861K(142016K), 0.0004730 secs]
298.645: [GC (Allocation Failure) 127165K->2958K(136704K), 0.0006160 secs]
298.705: [GC (Allocation Failure) 121860K->2958K(131328K), 0.0004710 secs]
298.760: [GC (Allocation Failure) 116651K->3056K(126464K), 0.0004790 secs]
298.815: [GC (Allocation Failure) 111837K->3154K(121920K), 0.0005480 secs]
298.865: [GC (Allocation Failure) 107217K->3056K(117312K), 0.0005280 secs]
298.913: [GC (Allocation Failure) 102697K->3056K(113088K), 0.0006160 secs]
298.960: [GC (Allocation Failure) 98471K->3158K(109184K), 0.0005110 secs]
299.007: [GC (Allocation Failure) 94546K->3158K(105152K), 0.0005550 secs]
299.050: [GC (Allocation Failure) 90617K->3353K(101696K), 0.0005160 secs]
299.089: [GC (Allocation Failure) 87180K->3259K(118144K), 0.0005330 secs]
299.139: [GC (Allocation Failure) 103686K->3259K(113856K), 0.0004860 secs]
299.186: [GC (Allocation Failure) 99366K->3357K(132928K), 0.0006220 secs]
299.242: [GC (Allocation Failure) 118423K->3341K(155584K), 0.0007880 secs]
299.309: [GC (Allocation Failure) 141106K->3357K(182656K), 0.0005650 secs]
299.388: [GC (Allocation Failure) 168254K->3439K(215168K), 0.0008560 secs]
299.484: [GC (Allocation Failure) 200852K->3361K(206016K), 0.0006090 secs]
299.579: [GC (Allocation Failure) 191634K->3361K(197376K), 0.0006140 secs]
299.667: [GC (Allocation Failure) 182986K->3365K(189184K), 0.0004930 secs]
299.748: [GC (Allocation Failure) 174835K->3463K(181504K), 0.0004960 secs]
299.828: [GC (Allocation Failure) 167167K->3463K(173888K), 0.0005200 secs]
299.902: [GC (Allocation Failure) 159707K->3658K(167040K), 0.0006070 secs]
299.973: [GC (Allocation Failure) 152823K->3658K(160320K), 0.0004570 secs]
300.044: [GC (Allocation Failure) 146145K->3642K(153920K), 0.0006580 secs]
300.109: [GC (Allocation Failure) 139834K->3658K(147776K), 0.0005770 secs]
300.172: [GC (Allocation Failure) 133762K->3756K(142144K), 0.0005080 secs]
300.231: [GC (Allocation Failure) 128061K->3658K(136576K), 0.0004910 secs]
300.289: [GC (Allocation Failure) 122560K->3658K(131392K), 0.0005550 secs]
300.345: [GC (Allocation Failure) 117351K->3756K(126592K), 0.0005060 secs]
300.399: [GC (Allocation Failure) 112522K->3662K(121792K), 0.0006330 secs]
300.451: [GC (Allocation Failure) 107725K->3760K(117312K), 0.0005550 secs]
300.500: [GC (Allocation Failure) 103404K->3841K(113152K), 0.0006600 secs]
300.547: [GC (Allocation Failure) 99256K->3744K(131968K), 0.0008490 secs]
300.601: [GC (Allocation Failure) 118028K->3861K(154624K), 0.0005320 secs]
300.668: [GC (Allocation Failure) 140643K->3861K(148416K), 0.0005010 secs]
300.730: [GC (Allocation Failure) 134558K->3963K(142784K), 0.0005650 secs]
300.790: [GC (Allocation Failure) 128864K->3865K(137152K), 0.0004780 secs]
300.847: [GC (Allocation Failure) 123257K->3947K(131968K), 0.0008700 secs]
300.904: [GC (Allocation Failure) 118117K->3947K(154496K), 0.0008590 secs]
300.971: [GC (Allocation Failure) 140634K->3865K(148352K), 0.0005150 secs]
301.036: [GC (Allocation Failure) 134462K->4142K(174208K), 0.0010230 secs]
301.114: [GC (Allocation Failure) 160583K->4158K(167232K), 0.0005830 secs]
301.188: [GC (Allocation Failure) 153521K->4158K(160384K), 0.0005760 secs]
301.261: [GC (Allocation Failure) 146834K->4260K(154112K), 0.0006400 secs]
301.327: [GC (Allocation Failure) 140552K->4162K(147904K), 0.0005900 secs]
301.393: [GC (Allocation Failure) 134362K->4260K(142272K), 0.0005240 secs]
301.451: [GC (Allocation Failure) 128662K->4260K(136640K), 0.0005530 secs]
301.510: [GC (Allocation Failure) 123159K->4342K(131520K), 0.0007590 secs]
301.565: [GC (Allocation Failure) 118132K->4358K(126656K), 0.0005770 secs]
301.618: [GC (Allocation Failure) 113134K->4260K(121792K), 0.0006290 secs]
301.669: [GC (Allocation Failure) 108323K->4358K(117312K), 0.0004910 secs]
301.717: [GC (Allocation Failure) 104001K->4460K(113216K), 0.0005150 secs]
301.762: [GC (Allocation Failure) 99877K->4362K(109056K), 0.0005880 secs]
301.807: [GC (Allocation Failure) 95747K->4362K(127104K), 0.0006120 secs]
301.863: [GC (Allocation Failure) 113732K->4460K(148800K), 0.0006370 secs]
301.928: [GC (Allocation Failure) 135444K->4362K(142848K), 0.0005040 secs]
301.987: [GC (Allocation Failure) 129452K->4444K(167616K), 0.0008350 secs]
302.060: [GC (Allocation Failure) 154300K->4362K(160832K), 0.0005040 secs]
302.129: [GC (Allocation Failure) 147439K->4362K(154432K), 0.0006200 secs]
302.200: [GC (Allocation Failure) 141050K->4460K(148480K), 0.0006360 secs]
302.264: [GC (Allocation Failure) 135058K->4460K(142592K), 0.0006800 secs]
302.326: [GC (Allocation Failure) 129349K->4561K(137216K), 0.0005440 secs]
302.384: [GC (Allocation Failure) 123956K->4464K(131840K), 0.0006060 secs]
302.440: [GC (Allocation Failure) 118546K->4561K(126976K), 0.0006400 secs]
302.496: [GC (Allocation Failure) 113737K->4464K(122112K), 0.0005970 secs]
302.548: [GC (Allocation Failure) 108825K->4464K(117632K), 0.0006120 secs]
302.598: [GC (Allocation Failure) 104399K->4659K(113536K), 0.0005460 secs]
302.644: [GC (Allocation Failure) 100280K->4464K(132160K), 0.0006380 secs]
302.703: [GC (Allocation Failure) 118947K->4545K(154752K), 0.0008490 secs]
302.771: [GC (Allocation Failure) 141622K->4561K(181760K), 0.0006110 secs]
302.850: [GC (Allocation Failure) 168562K->4659K(174464K), 0.0006260 secs]
302.925: [GC (Allocation Failure) 161294K->4663K(167424K), 0.0006660 secs]
303.001: [GC (Allocation Failure) 154226K->4647K(160448K), 0.0008900 secs]
303.072: [GC (Allocation Failure) 147522K->4858K(154304K), 0.0005760 secs]
303.139: [GC (Allocation Failure) 141353K->4745K(148096K), 0.0008830 secs]
303.202: [GC (Allocation Failure) 135145K->4862K(142464K), 0.0005460 secs]
303.263: [GC (Allocation Failure) 129465K->4862K(136832K), 0.0005680 secs]
303.320: [GC (Allocation Failure) 123965K->4964K(131776K), 0.0005710 secs]
303.375: [GC (Allocation Failure) 118862K->4866K(126720K), 0.0004910 secs]
303.428: [GC (Allocation Failure) 113839K->4964K(122112K), 0.0005220 secs]
303.477: [GC (Allocation Failure) 109225K->4866K(117504K), 0.0004920 secs]
303.528: [GC (Allocation Failure) 104688K->4866K(113216K), 0.0006310 secs]
303.574: [GC (Allocation Failure) 100380K->4964K(109312K), 0.0005850 secs]
303.620: [GC (Allocation Failure) 96447K->4964K(127360K), 0.0006610 secs]
303.673: [GC (Allocation Failure) 114531K->4870K(148736K), 0.0005110 secs]
303.738: [GC (Allocation Failure) 135957K->4968K(142976K), 0.0006210 secs]
303.799: [GC (Allocation Failure) 130255K->5066K(137600K), 0.0005620 secs]
303.858: [GC (Allocation Failure) 124852K->4968K(132224K), 0.0005680 secs]
303.914: [GC (Allocation Failure) 119443K->5066K(127232K), 0.0006230 secs]
303.970: [GC (Allocation Failure) 114634K->5066K(122496K), 0.0006360 secs]
304.021: [GC (Allocation Failure) 109818K->5066K(118016K), 0.0005930 secs]
304.069: [GC (Allocation Failure) 105398K->5163K(113856K), 0.0006250 secs]
304.118: [GC (Allocation Failure) 101167K->5066K(132672K), 0.0006220 secs]
304.172: [GC (Allocation Failure) 120038K->5066K(127680K), 0.0005190 secs]
304.225: [GC (Allocation Failure) 115034K->5163K(149440K), 0.0006830 secs]
304.287: [GC (Allocation Failure) 136741K->5066K(143488K), 0.0005170 secs]
304.349: [GC (Allocation Failure) 130848K->5066K(137920K), 0.0004990 secs]
304.405: [GC (Allocation Failure) 125244K->5163K(132800K), 0.0006350 secs]
304.463: [GC (Allocation Failure) 120149K->5163K(127616K), 0.0004840 secs]
304.519: [GC (Allocation Failure) 115113K->5261K(122944K), 0.0005140 secs]
304.571: [GC (Allocation Failure) 110501K->5359K(118528K), 0.0005260 secs]
304.621: [GC (Allocation Failure) 106078K->5359K(114240K), 0.0007650 secs]
304.670: [GC (Allocation Failure) 101757K->5343K(132992K), 0.0006790 secs]
304.727: [GC (Allocation Failure) 120708K->5554K(155968K), 0.0006190 secs]
304.796: [GC (Allocation Failure) 143716K->5554K(149824K), 0.0005140 secs]
304.862: [GC (Allocation Failure) 137519K->5456K(143872K), 0.0006740 secs]
304.923: [GC (Allocation Failure) 131633K->5456K(138304K), 0.0005490 secs]
304.982: [GC (Allocation Failure) 126028K->5554K(133120K), 0.0006660 secs]
305.037: [GC (Allocation Failure) 120813K->5456K(128000K), 0.0006210 secs]
305.091: [GC (Allocation Failure) 115717K->5456K(123200K), 0.0005080 secs]
305.141: [GC (Allocation Failure) 110992K->5456K(118656K), 0.0005640 secs]
305.189: [GC (Allocation Failure) 106373K->5538K(138624K), 0.0007900 secs]
305.246: [GC (Allocation Failure) 126407K->5554K(162496K), 0.0005810 secs]
305.314: [GC (Allocation Failure) 150205K->5554K(156032K), 0.0006590 secs]
305.382: [GC (Allocation Failure) 143712K->5554K(149696K), 0.0005940 secs]
305.446: [GC (Allocation Failure) 137628K->5733K(144000K), 0.0008060 secs]
305.506: [GC (Allocation Failure) 131912K->5749K(138496K), 0.0005490 secs]
305.563: [GC (Allocation Failure) 126418K->5733K(133120K), 0.0007020 secs]
305.622: [GC (Allocation Failure) 121099K->5749K(128000K), 0.0004950 secs]
305.675: [GC (Allocation Failure) 116002K->5847K(123328K), 0.0005230 secs]
305.725: [GC (Allocation Failure) 111288K->5753K(118656K), 0.0005170 secs]
305.775: [GC (Allocation Failure) 106678K->5851K(114496K), 0.0005240 secs]
305.820: [GC (Allocation Failure) 102545K->5835K(133568K), 0.0008730 secs]
305.877: [GC (Allocation Failure) 121591K->5851K(156416K), 0.0005360 secs]
305.944: [GC (Allocation Failure) 144409K->5851K(150144K), 0.0005100 secs]
306.008: [GC (Allocation Failure) 138305K->5949K(144384K), 0.0005280 secs]
306.072: [GC (Allocation Failure) 132512K->5953K(138688K), 0.0006580 secs]
306.133: [GC (Allocation Failure) 126910K->5953K(133376K), 0.0005320 secs]
306.189: [GC (Allocation Failure) 121612K->6038K(156224K), 0.0009430 secs]
306.255: [GC (Allocation Failure) 144489K->5957K(150016K), 0.0005210 secs]
306.317: [GC (Allocation Failure) 138218K->5957K(144128K), 0.0006210 secs]
306.380: [GC (Allocation Failure) 132420K->6054K(138688K), 0.0005230 secs]
306.438: [GC (Allocation Failure) 126911K->6054K(133248K), 0.0006330 secs]
306.494: [GC (Allocation Failure) 121618K->6152K(128320K), 0.0005290 secs]
306.546: [GC (Allocation Failure) 116603K->6152K(123392K), 0.0005230 secs]
306.600: [GC (Allocation Failure) 111880K->6250K(118976K), 0.0006690 secs]
306.649: [GC (Allocation Failure) 107369K->6152K(114496K), 0.0005280 secs]
306.697: [GC (Allocation Failure) 102939K->6250K(133696K), 0.0006850 secs]
306.753: [GC (Allocation Failure) 122105K->6152K(156416K), 0.0006280 secs]
306.818: [GC (Allocation Failure) 144904K->6152K(150208K), 0.0005130 secs]
306.885: [GC (Allocation Failure) 138603K->6152K(144320K), 0.0005220 secs]
306.946: [GC (Allocation Failure) 132716K->6136K(138752K), 0.0009230 secs]
307.006: [GC (Allocation Failure) 127201K->6152K(133440K), 0.0006670 secs]
307.063: [GC (Allocation Failure) 121906K->6152K(128384K), 0.0006510 secs]
307.118: [GC (Allocation Failure) 116799K->6156K(123584K), 0.0006280 secs]
307.169: [GC (Allocation Failure) 111986K->6254K(119168K), 0.0005380 secs]
307.218: [GC (Allocation Failure) 107567K->6156K(114624K), 0.0004710 secs]
307.265: [GC (Allocation Failure) 103143K->6355K(134016K), 0.0009730 secs]
307.323: [GC (Allocation Failure) 122501K->6355K(156992K), 0.0006060 secs]
307.392: [GC (Allocation Failure) 145502K->6355K(184384K), 0.0005590 secs]
307.472: [GC (Allocation Failure) 172913K->6242K(216960K), 0.0009250 secs]
307.569: [GC (Allocation Failure) 205601K->6453K(208000K), 0.0005440 secs]
307.664: [GC (Allocation Failure) 196598K->6343K(199168K), 0.0009480 secs]
307.752: [GC (Allocation Failure) 187842K->6457K(190976K), 0.0005390 secs]
307.838: [GC (Allocation Failure) 179598K->6441K(183040K), 0.0009940 secs]
307.918: [GC (Allocation Failure) 171725K->6457K(175616K), 0.0006700 secs]
307.996: [GC (Allocation Failure) 164271K->6457K(168384K), 0.0004970 secs]
308.068: [GC (Allocation Failure) 157095K->6461K(161600K), 0.0005260 secs]
308.138: [GC (Allocation Failure) 150320K->6461K(155136K), 0.0006070 secs]
308.204: [GC (Allocation Failure) 143836K->6445K(148992K), 0.0009400 secs]
308.267: [GC (Allocation Failure) 137730K->6461K(143168K), 0.0005290 secs]
308.326: [GC (Allocation Failure) 131945K->6559K(137792K), 0.0006610 secs]
308.384: [GC (Allocation Failure) 126541K->6461K(132416K), 0.0005190 secs]
308.441: [GC (Allocation Failure) 121123K->6559K(127552K), 0.0006910 secs]
308.496: [GC (Allocation Failure) 116318K->6461K(122688K), 0.0005120 secs]
308.549: [GC (Allocation Failure) 111398K->6461K(118144K), 0.0005190 secs]
308.598: [GC (Allocation Failure) 106885K->6461K(113856K), 0.0006810 secs]
308.645: [GC (Allocation Failure) 102567K->6559K(132928K), 0.0006020 secs]
308.700: [GC (Allocation Failure) 121629K->6559K(127808K), 0.0005870 secs]
308.754: [GC (Allocation Failure) 116620K->6640K(149632K), 0.0007330 secs]
308.816: [GC (Allocation Failure) 138511K->6656K(175680K), 0.0005630 secs]
308.895: [GC (Allocation Failure) 164479K->6656K(168576K), 0.0006760 secs]
308.968: [GC (Allocation Failure) 157393K->6640K(198016K), 0.0009410 secs]
309.054: [GC (Allocation Failure) 187067K->6852K(190016K), 0.0005400 secs]
309.138: [GC (Allocation Failure) 179012K->6856K(182208K), 0.0006590 secs]
309.218: [GC (Allocation Failure) 171254K->6758K(174656K), 0.0005260 secs]
309.296: [GC (Allocation Failure) 163694K->6856K(167552K), 0.0005350 secs]
309.372: [GC (Allocation Failure) 156720K->6856K(160832K), 0.0006560 secs]
309.444: [GC (Allocation Failure) 149931K->6856K(154432K), 0.0005320 secs]
309.509: [GC (Allocation Failure) 143547K->6953K(148480K), 0.0005470 secs]
309.572: [GC (Allocation Failure) 137547K->6856K(142592K), 0.0005050 secs]
309.634: [GC (Allocation Failure) 131748K->6953K(137216K), 0.0005430 secs]
309.692: [GC (Allocation Failure) 126343K->6856K(131840K), 0.0006420 secs]
309.749: [GC (Allocation Failure) 120937K->6953K(126976K), 0.0006870 secs]
309.801: [GC (Allocation Failure) 116125K->6856K(122112K), 0.0006690 secs]
309.853: [GC (Allocation Failure) 111220K->6856K(117632K), 0.0005800 secs]
309.900: [GC (Allocation Failure) 106792K->6953K(137472K), 0.0006650 secs]
309.962: [GC (Allocation Failure) 126545K->6856K(132096K), 0.0006700 secs]
310.016: [GC (Allocation Failure) 121226K->6856K(127104K), 0.0005070 secs]
310.070: [GC (Allocation Failure) 116229K->6937K(148736K), 0.0007280 secs]
310.132: [GC (Allocation Failure) 137926K->6856K(142848K), 0.0006490 secs]
310.193: [GC (Allocation Failure) 131951K->6937K(167616K), 0.0009910 secs]
310.267: [GC (Allocation Failure) 156793K->6856K(160832K), 0.0005150 secs]
310.336: [GC (Allocation Failure) 149927K->6856K(154432K), 0.0006580 secs]
310.403: [GC (Allocation Failure) 143540K->6953K(148480K), 0.0006170 secs]
310.466: [GC (Allocation Failure) 137546K->6856K(142592K), 0.0006720 secs]
310.527: [GC (Allocation Failure) 131748K->6953K(137088K), 0.0005870 secs]
310.587: [GC (Allocation Failure) 126348K->6937K(160640K), 0.0009420 secs]
310.657: [GC (Allocation Failure) 149816K->6953K(154240K), 0.0005700 secs]
310.723: [GC (Allocation Failure) 143442K->7051K(148288K), 0.0007040 secs]
310.785: [GC (Allocation Failure) 137456K->6953K(142336K), 0.0006470 secs]
310.848: [GC (Allocation Failure) 131652K->7149K(137024K), 0.0006800 secs]
310.905: [GC (Allocation Failure) 126343K->7051K(131712K), 0.0005900 secs]
310.961: [GC (Allocation Failure) 121030K->7051K(126784K), 0.0005830 secs]
311.015: [GC (Allocation Failure) 116120K->7051K(122048K), 0.0005260 secs]
311.068: [GC (Allocation Failure) 111411K->7035K(142656K), 0.0009580 secs]
311.128: [GC (Allocation Failure) 132023K->7051K(167296K), 0.0005260 secs]
311.203: [GC (Allocation Failure) 156609K->7035K(196736K), 0.0009000 secs]
311.289: [GC (Allocation Failure) 186082K->7051K(188544K), 0.0005280 secs]
311.372: [GC (Allocation Failure) 177850K->7051K(180800K), 0.0006570 secs]
311.450: [GC (Allocation Failure) 170174K->7051K(173440K), 0.0005110 secs]
311.525: [GC (Allocation Failure) 162790K->7149K(166528K), 0.0006190 secs]
311.596: [GC (Allocation Failure) 155822K->7055K(159680K), 0.0004850 secs]
311.666: [GC (Allocation Failure) 149051K->7250K(153536K), 0.0006700 secs]
311.732: [GC (Allocation Failure) 142951K->7153K(147392K), 0.0004790 secs]
311.793: [GC (Allocation Failure) 136873K->7153K(141632K), 0.0006340 secs]
311.854: [GC (Allocation Failure) 131066K->7254K(136192K), 0.0005300 secs]
311.912: [GC (Allocation Failure) 125768K->7352K(131136K), 0.0006820 secs]
311.969: [GC (Allocation Failure) 120657K->7254K(126016K), 0.0008010 secs]
312.021: [GC (Allocation Failure) 115639K->7450K(121536K), 0.0005380 secs]
312.071: [GC (Allocation Failure) 111120K->7336K(141888K), 0.0007580 secs]
312.130: [GC (Allocation Failure) 131548K->7352K(166400K), 0.0005270 secs]
312.204: [GC (Allocation Failure) 156026K->7450K(159872K), 0.0005050 secs]
312.271: [GC (Allocation Failure) 149444K->7336K(187712K), 0.0009740 secs]
312.353: [GC (Allocation Failure) 177327K->7352K(179968K), 0.0005250 secs]
312.432: [GC (Allocation Failure) 169593K->7450K(172736K), 0.0006830 secs]
312.506: [GC (Allocation Failure) 162299K->7450K(165568K), 0.0004920 secs]
312.578: [GC (Allocation Failure) 155334K->7547K(158976K), 0.0007020 secs]
312.649: [GC (Allocation Failure) 148855K->7551K(152640K), 0.0005400 secs]
312.716: [GC (Allocation Failure) 142473K->7649K(146752K), 0.0007180 secs]
312.777: [GC (Allocation Failure) 136561K->7653K(140864K), 0.0006740 secs]
312.838: [GC (Allocation Failure) 130877K->7848K(135616K), 0.0008560 secs]
312.894: [GC (Allocation Failure) 125670K->7751K(158720K), 0.0006810 secs]
312.960: [GC (Allocation Failure) 148755K->7848K(152576K), 0.0005610 secs]
313.025: [GC (Allocation Failure) 142566K->7751K(146496K), 0.0005110 secs]
313.086: [GC (Allocation Failure) 136577K->7848K(140928K), 0.0005370 secs]
313.147: [GC (Allocation Failure) 130972K->7735K(135424K), 0.0007010 secs]
313.204: [GC (Allocation Failure) 125456K->7751K(130304K), 0.0005360 secs]
313.259: [GC (Allocation Failure) 120368K->7751K(125440K), 0.0006860 secs]
313.310: [GC (Allocation Failure) 115451K->7755K(120768K), 0.0005350 secs]
313.362: [GC (Allocation Failure) 110837K->7852K(116352K), 0.0006720 secs]
313.410: [GC (Allocation Failure) 106514K->7950K(135936K), 0.0006860 secs]
313.469: [GC (Allocation Failure) 126053K->7950K(159040K), 0.0006390 secs]
313.539: [GC (Allocation Failure) 149357K->8048K(152768K), 0.0005240 secs]
313.601: [GC (Allocation Failure) 143063K->8048K(179392K), 0.0009550 secs]
313.682: [GC (Allocation Failure) 169702K->8145K(172224K), 0.0005440 secs]
313.757: [GC (Allocation Failure) 162523K->8048K(165056K), 0.0004920 secs]
313.829: [GC (Allocation Failure) 155441K->8247K(158656K), 0.0007630 secs]
313.898: [GC (Allocation Failure) 149064K->8247K(152384K), 0.0006470 secs]
313.964: [GC (Allocation Failure) 142777K->8149K(146304K), 0.0006140 secs]
314.024: [GC (Allocation Failure) 136775K->8231K(140672K), 0.0006880 secs]
314.083: [GC (Allocation Failure) 131158K->8149K(135232K), 0.0005980 secs]
314.140: [GC (Allocation Failure) 125673K->8133K(158400K), 0.0009880 secs]
314.208: [GC (Allocation Failure) 148850K->8149K(152128K), 0.0005410 secs]
314.273: [GC (Allocation Failure) 142570K->8149K(146176K), 0.0005310 secs]
314.336: [GC (Allocation Failure) 136581K->8251K(140608K), 0.0005620 secs]
314.395: [GC (Allocation Failure) 130985K->8153K(135040K), 0.0006150 secs]
314.454: [GC (Allocation Failure) 125587K->8349K(130112K), 0.0007010 secs]
314.510: [GC (Allocation Failure) 120657K->8251K(125120K), 0.0005560 secs]
314.563: [GC (Allocation Failure) 115655K->8333K(146368K), 0.0010200 secs]
314.627: [GC (Allocation Failure) 136955K->8235K(171712K), 0.0009860 secs]
314.703: [GC (Allocation Failure) 162223K->8349K(202176K), 0.0005590 secs]
314.789: [GC (Allocation Failure) 192690K->8349K(193600K), 0.0005690 secs]
314.876: [GC (Allocation Failure) 184268K->8430K(185664K), 0.0008630 secs]
314.958: [GC (Allocation Failure) 176366K->8349K(177984K), 0.0005390 secs]
315.034: [GC (Allocation Failure) 168623K->8446K(170880K), 0.0006040 secs]
315.107: [GC (Allocation Failure) 161444K->8349K(163840K), 0.0005830 secs]
315.176: [GC (Allocation Failure) 154466K->8446K(157440K), 0.0005480 secs]
315.243: [GC (Allocation Failure) 148077K->8349K(151104K), 0.0005230 secs]
315.308: [GC (Allocation Failure) 141693K->8430K(145280K), 0.0007490 secs]
315.372: [GC (Allocation Failure) 135975K->8446K(139712K), 0.0005170 secs]
315.432: [GC (Allocation Failure) 130298K->8446K(134336K), 0.0005550 secs]
315.490: [GC (Allocation Failure) 124988K->8430K(157056K), 0.0009990 secs]
315.558: [GC (Allocation Failure) 147872K->8544K(150976K), 0.0005530 secs]
315.622: [GC (Allocation Failure) 141791K->8548K(145088K), 0.0006950 secs]
315.685: [GC (Allocation Failure) 135903K->8548K(139456K), 0.0007020 secs]
315.745: [GC (Allocation Failure) 130296K->8646K(134272K), 0.0006940 secs]
315.801: [GC (Allocation Failure) 125087K->8532K(157120K), 0.0010280 secs]
315.869: [GC (Allocation Failure) 147966K->8630K(184704K), 0.0009790 secs]
315.950: [GC (Allocation Failure) 175584K->8532K(217600K), 0.0010370 secs]
316.046: [GC (Allocation Failure) 208406K->8548K(256960K), 0.0005340 secs]
316.160: [GC (Allocation Failure) 247827K->8650K(245888K), 0.0005620 secs]
316.269: [GC (Allocation Failure) 236724K->8536K(235136K), 0.0007380 secs]
316.372: [GC (Allocation Failure) 225995K->8650K(225152K), 0.0007050 secs]
316.474: [GC (Allocation Failure) 215971K->8650K(215424K), 0.0005480 secs]
316.570: [GC (Allocation Failure) 206359K->8751K(206464K), 0.0007050 secs]
316.665: [GC (Allocation Failure) 197422K->8751K(197696K), 0.0006450 secs]
316.751: [GC (Allocation Failure) 188772K->8849K(189568K), 0.0007190 secs]
316.834: [GC (Allocation Failure) 180624K->8849K(181632K), 0.0006780 secs]
316.915: [GC (Allocation Failure) 172743K->8947K(174336K), 0.0006910 secs]
316.991: [GC (Allocation Failure) 165474K->8849K(167168K), 0.0006600 secs]
317.068: [GC (Allocation Failure) 158319K->8947K(160576K), 0.0005530 secs]
317.137: [GC (Allocation Failure) 151726K->8849K(154048K), 0.0006810 secs]
317.201: [GC (Allocation Failure) 145139K->8947K(148096K), 0.0005530 secs]
317.264: [GC (Allocation Failure) 139246K->8947K(142208K), 0.0006380 secs]
317.324: [GC (Allocation Failure) 133448K->8947K(136704K), 0.0007130 secs]
317.381: [GC (Allocation Failure) 127952K->9044K(131648K), 0.0006960 secs]
317.437: [GC (Allocation Failure) 122841K->9048K(126720K), 0.0005730 secs]
317.487: [GC (Allocation Failure) 117927K->9048K(121792K), 0.0005100 secs]
317.536: [GC (Allocation Failure) 113208K->9244K(117504K), 0.0005530 secs]
317.584: [GC (Allocation Failure) 108888K->9244K(113280K), 0.0005300 secs]
317.631: [GC (Allocation Failure) 104663K->9146K(131968K), 0.0006140 secs]
317.687: [GC (Allocation Failure) 123425K->9244K(154496K), 0.0006770 secs]
317.756: [GC (Allocation Failure) 146037K->9341K(148544K), 0.0007120 secs]
317.823: [GC (Allocation Failure) 140039K->9341K(142656K), 0.0005370 secs]
317.884: [GC (Allocation Failure) 134333K->9439K(137280K), 0.0006620 secs]
317.943: [GC (Allocation Failure) 128833K->9341K(131904K), 0.0005410 secs]
318.000: [GC (Allocation Failure) 123540K->9341K(126912K), 0.0005560 secs]
318.055: [GC (Allocation Failure) 118516K->9443K(122304K), 0.0007030 secs]
318.108: [GC (Allocation Failure) 113905K->9345K(117696K), 0.0005460 secs]
318.156: [GC (Allocation Failure) 109280K->9443K(137408K), 0.0006970 secs]
318.216: [GC (Allocation Failure) 129133K->9545K(161152K), 0.0007500 secs]
318.286: [GC (Allocation Failure) 152818K->9545K(154624K), 0.0006500 secs]
318.352: [GC (Allocation Failure) 146433K->9545K(148544K), 0.0005580 secs]
318.415: [GC (Allocation Failure) 140337K->9626K(142848K), 0.0007430 secs]
318.475: [GC (Allocation Failure) 134720K->9529K(167424K), 0.0010500 secs]
318.550: [GC (Allocation Failure) 159198K->9642K(197056K), 0.0006870 secs]
318.642: [GC (Allocation Failure) 188893K->9642K(188864K), 0.0007620 secs]
318.724: [GC (Allocation Failure) 180620K->9642K(180864K), 0.0005410 secs]
318.806: [GC (Allocation Failure) 172856K->9740K(173568K), 0.0007030 secs]
318.882: [GC (Allocation Failure) 165582K->9740K(166528K), 0.0005780 secs]
318.953: [GC (Allocation Failure) 158507K->9724K(159872K), 0.0007380 secs]
319.022: [GC (Allocation Failure) 151919K->9842K(153664K), 0.0007260 secs]
319.088: [GC (Allocation Failure) 145642K->9826K(180352K), 0.0010650 secs]
319.169: [GC (Allocation Failure) 172449K->9744K(172928K), 0.0005060 secs]
319.244: [GC (Allocation Failure) 165000K->9744K(165952K), 0.0005490 secs]
319.314: [GC (Allocation Failure) 158021K->9842K(159424K), 0.0005550 secs]
319.383: [GC (Allocation Failure) 151442K->9744K(152960K), 0.0005520 secs]
319.449: [GC (Allocation Failure) 144970K->9744K(146944K), 0.0005510 secs]
319.511: [GC (Allocation Failure) 138970K->9846K(141376K), 0.0005800 secs]
319.569: [GC (Allocation Failure) 133364K->9748K(135808K), 0.0006260 secs]
319.627: [GC (Allocation Failure) 127867K->9732K(159104K), 0.0010340 secs]
319.695: [GC (Allocation Failure) 151134K->9846K(152896K), 0.0005580 secs]
319.761: [GC (Allocation Failure) 144865K->9850K(146880K), 0.0007570 secs]
319.826: [GC (Allocation Failure) 138868K->9752K(140992K), 0.0006770 secs]
319.887: [GC (Allocation Failure) 133072K->9947K(135744K), 0.0005530 secs]
319.942: [GC (Allocation Failure) 127868K->9947K(130624K), 0.0006660 secs]
319.998: [GC (Allocation Failure) 122754K->9951K(125696K), 0.0005650 secs]
320.049: [GC (Allocation Failure) 117847K->9951K(120832K), 0.0005410 secs]
320.100: [GC (Allocation Failure) 113136K->10147K(141376K), 0.0007090 secs]
320.161: [GC (Allocation Failure) 133668K->10049K(135808K), 0.0005630 secs]
320.218: [GC (Allocation Failure) 128170K->10049K(130624K), 0.0006100 secs]
320.272: [GC (Allocation Failure) 122952K->10147K(125824K), 0.0005580 secs]
320.325: [GC (Allocation Failure) 118144K->10049K(147008K), 0.0007270 secs]
320.389: [GC (Allocation Failure) 139361K->10049K(141312K), 0.0005590 secs]
320.450: [GC (Allocation Failure) 133670K->10053K(135872K), 0.0007400 secs]
320.511: [GC (Allocation Failure) 128177K->10053K(159168K), 0.0007670 secs]
320.583: [GC (Allocation Failure) 151462K->10155K(152960K), 0.0006360 secs]
320.649: [GC (Allocation Failure) 145258K->10057K(146816K), 0.0005500 secs]
320.712: [GC (Allocation Failure) 139175K->10057K(141120K), 0.0007090 secs]
320.773: [GC (Allocation Failure) 133474K->10061K(135680K), 0.0005600 secs]
320.830: [GC (Allocation Failure) 127985K->10061K(130496K), 0.0005560 secs]
320.883: [GC (Allocation Failure) 122874K->10061K(125568K), 0.0005390 secs]
320.936: [GC (Allocation Failure) 117960K->10061K(120896K), 0.0005530 secs]
320.984: [GC (Allocation Failure) 113235K->10061K(116480K), 0.0005470 secs]
321.029: [GC (Allocation Failure) 108820K->10159K(136064K), 0.0007030 secs]
321.087: [GC (Allocation Failure) 128377K->10065K(159168K), 0.0006480 secs]
321.156: [GC (Allocation Failure) 151568K->10147K(187136K), 0.0010400 secs]
321.238: [GC (Allocation Failure) 179548K->10163K(220480K), 0.0005630 secs]
321.335: [GC (Allocation Failure) 212890K->10244K(260416K), 0.0010780 secs]
321.454: [GC (Allocation Failure) 252849K->10163K(249024K), 0.0006590 secs]
321.565: [GC (Allocation Failure) 241480K->10163K(238272K), 0.0007630 secs]
321.674: [GC (Allocation Failure) 230768K->10244K(228096K), 0.0007320 secs]
321.776: [GC (Allocation Failure) 220519K->10260K(218432K), 0.0005810 secs]
321.874: [GC (Allocation Failure) 210835K->10147K(208896K), 0.0010130 secs]
321.966: [GC (Allocation Failure) 201465K->10358K(200384K), 0.0005620 secs]
322.054: [GC (Allocation Failure) 192934K->10362K(192064K), 0.0005600 secs]
322.138: [GC (Allocation Failure) 184591K->10264K(184000K), 0.0005880 secs]
322.218: [GC (Allocation Failure) 176528K->10362K(176448K), 0.0007470 secs]
322.297: [GC (Allocation Failure) 169061K->10444K(169344K), 0.0010960 secs]
322.370: [GC (Allocation Failure) 161970K->10460K(162624K), 0.0005210 secs]
322.441: [GC (Allocation Failure) 155203K->10362K(156032K), 0.0005720 secs]
322.508: [GC (Allocation Failure) 148725K->10362K(149888K), 0.0007630 secs]
322.577: [GC (Allocation Failure) 142532K->10448K(176000K), 0.0011270 secs]
322.654: [GC (Allocation Failure) 168648K->10464K(168896K), 0.0005920 secs]
322.727: [GC (Allocation Failure) 161501K->10370K(161984K), 0.0005610 secs]
322.798: [GC (Allocation Failure) 154631K->10370K(155520K), 0.0005680 secs]
322.868: [GC (Allocation Failure) 148151K->10370K(149376K), 0.0007420 secs]
322.932: [GC (Allocation Failure) 142046K->10370K(143552K), 0.0008400 secs]
322.992: [GC (Allocation Failure) 136253K->10468K(138112K), 0.0005720 secs]
323.048: [GC (Allocation Failure) 130749K->10472K(132672K), 0.0005330 secs]
323.104: [GC (Allocation Failure) 125543K->10553K(155456K), 0.0010650 secs]
323.170: [GC (Allocation Failure) 148326K->10569K(182592K), 0.0005520 secs]
323.255: [GC (Allocation Failure) 175458K->10569K(175104K), 0.0007090 secs]
323.331: [GC (Allocation Failure) 168005K->10569K(168000K), 0.0007040 secs]
323.403: [GC (Allocation Failure) 160813K->10667K(161408K), 0.0006350 secs]
323.472: [GC (Allocation Failure) 154230K->10569K(154816K), 0.0006480 secs]
323.538: [GC (Allocation Failure) 147753K->10667K(148800K), 0.0006970 secs]
323.602: [GC (Allocation Failure) 141767K->10667K(142976K), 0.0005500 secs]
323.663: [GC (Allocation Failure) 135954K->10765K(137600K), 0.0007270 secs]
323.722: [GC (Allocation Failure) 130545K->10671K(132160K), 0.0005190 secs]
323.778: [GC (Allocation Failure) 125230K->10769K(127232K), 0.0007150 secs]
323.830: [GC (Allocation Failure) 120239K->10773K(122496K), 0.0005570 secs]
323.880: [GC (Allocation Failure) 115524K->10773K(118016K), 0.0005590 secs]
323.927: [GC (Allocation Failure) 111101K->10855K(137920K), 0.0010370 secs]
323.988: [GC (Allocation Failure) 131034K->10777K(161600K), 0.0005760 secs]
324.055: [GC (Allocation Failure) 154641K->10777K(189952K), 0.0005260 secs]
324.137: [GC (Allocation Failure) 183041K->10875K(182272K), 0.0005960 secs]
324.217: [GC (Allocation Failure) 175276K->10777K(174656K), 0.0005300 secs]
324.293: [GC (Allocation Failure) 167807K->10875K(167616K), 0.0005600 secs]
324.367: [GC (Allocation Failure) 160825K->10875K(160896K), 0.0005480 secs]
324.436: [GC (Allocation Failure) 154048K->10972K(154624K), 0.0005770 secs]
324.501: [GC (Allocation Failure) 147753K->10972K(148352K), 0.0006850 secs]
324.566: [GC (Allocation Failure) 141667K->11168K(142784K), 0.0006790 secs]
324.628: [GC (Allocation Failure) 136079K->11070K(137152K), 0.0005370 secs]
324.685: [GC (Allocation Failure) 130464K->11152K(160768K), 0.0010230 secs]
324.756: [GC (Allocation Failure) 154135K->11054K(188864K), 0.0007640 secs]
324.837: [GC (Allocation Failure) 182234K->11054K(222592K), 0.0010950 secs]
324.939: [GC (Allocation Failure) 215934K->11168K(213248K), 0.0005400 secs]
325.035: [GC (Allocation Failure) 206618K->11070K(204160K), 0.0005720 secs]
325.122: [GC (Allocation Failure) 197551K->11054K(195584K), 0.0010720 secs]
325.213: [GC (Allocation Failure) 188914K->11070K(187456K), 0.0007850 secs]
325.296: [GC (Allocation Failure) 180772K->11172K(179712K), 0.0007310 secs]
325.375: [GC (Allocation Failure) 173209K->11172K(172352K), 0.0006340 secs]
325.450: [GC (Allocation Failure) 165815K->11269K(165376K), 0.0006420 secs]
325.523: [GC (Allocation Failure) 158959K->11367K(158912K), 0.0007550 secs]
325.593: [GC (Allocation Failure) 152477K->11371K(152448K), 0.0007240 secs]
325.660: [GC (Allocation Failure) 146186K->11566K(146624K), 0.0005900 secs]
325.719: [GC (Allocation Failure) 140389K->11469K(140800K), 0.0005900 secs]
325.779: [GC (Allocation Failure) 134596K->11570K(135552K), 0.0007360 secs]
325.837: [GC (Allocation Failure) 129299K->11570K(130240K), 0.0006940 secs]
325.895: [GC (Allocation Failure) 124183K->11766K(152576K), 0.0007780 secs]
325.960: [GC (Allocation Failure) 146489K->11668K(146496K), 0.0006470 secs]
326.024: [GC (Allocation Failure) 140409K->11668K(140800K), 0.0005820 secs]
326.082: [GC (Allocation Failure) 134793K->11766K(135552K), 0.0007180 secs]
326.141: [GC (Allocation Failure) 129485K->11766K(130432K), 0.0005880 secs]
326.197: [GC (Allocation Failure) 124383K->11750K(152384K), 0.0011400 secs]
326.261: [GC (Allocation Failure) 146563K->11961K(179264K), 0.0006600 secs]
326.340: [GC (Allocation Failure) 173419K->11945K(211072K), 0.0011910 secs]
326.436: [GC (Allocation Failure) 205229K->11961K(249216K), 0.0007660 secs]
326.553: [GC (Allocation Failure) 243385K->11863K(238336K), 0.0007020 secs]
326.659: [GC (Allocation Failure) 232468K->11945K(228160K), 0.0008150 secs]
326.762: [GC (Allocation Failure) 222340K->11863K(218368K), 0.0007090 secs]
326.857: [GC (Allocation Failure) 212535K->11863K(209088K), 0.0006410 secs]
326.949: [GC (Allocation Failure) 203194K->11961K(200448K), 0.0007450 secs]
327.038: [GC (Allocation Failure) 194545K->11945K(192000K), 0.0011680 secs]
327.124: [GC (Allocation Failure) 186165K->11867K(184000K), 0.0006940 secs]
327.209: [GC (Allocation Failure) 178136K->11867K(176448K), 0.0007750 secs]
327.284: [GC (Allocation Failure) 170570K->11969K(169408K), 0.0005860 secs]
327.359: [GC (Allocation Failure) 163497K->11969K(162624K), 0.0007700 secs]
327.432: [GC (Allocation Failure) 156712K->11871K(155968K), 0.0007010 secs]
327.499: [GC (Allocation Failure) 150220K->11969K(149888K), 0.0005710 secs]
327.564: [GC (Allocation Failure) 144140K->12067K(144192K), 0.0005750 secs]
327.627: [GC (Allocation Failure) 138434K->12164K(169152K), 0.0011150 secs]
327.703: [GC (Allocation Failure) 163373K->11969K(161984K), 0.0005600 secs]
327.772: [GC (Allocation Failure) 156418K->12164K(155968K), 0.0005440 secs]
327.838: [GC (Allocation Failure) 150125K->12152K(182912K), 0.0011250 secs]
327.919: [GC (Allocation Failure) 177341K->12266K(175552K), 0.0007540 secs]
327.995: [GC (Allocation Failure) 169983K->12168K(168320K), 0.0008390 secs]
328.071: [GC (Allocation Failure) 162810K->12563K(198144K), 0.0008800 secs]
328.158: [GC (Allocation Failure) 192781K->12449K(189760K), 0.0008070 secs]
328.245: [GC (Allocation Failure) 184411K->12465K(182016K), 0.0007800 secs]
328.325: [GC (Allocation Failure) 176670K->12368K(174464K), 0.0006110 secs]
328.403: [GC (Allocation Failure) 169098K->12465K(167552K), 0.0007430 secs]
328.474: [GC (Allocation Failure) 162225K->12465K(160832K), 0.0007350 secs]
328.545: [GC (Allocation Failure) 155436K->12368K(154304K), 0.0005900 secs]
328.613: [GC (Allocation Failure) 148962K->12368K(148224K), 0.0007450 secs]
328.676: [GC (Allocation Failure) 142874K->12368K(142464K), 0.0005680 secs]
328.736: [GC (Allocation Failure) 137164K->12368K(136960K), 0.0005770 secs]
328.793: [GC (Allocation Failure) 131659K->12372K(131712K), 0.0007440 secs]
328.852: [GC (Allocation Failure) 126362K->12356K(154176K), 0.0008040 secs]
328.916: [GC (Allocation Failure) 148845K->12469K(148224K), 0.0005900 secs]
328.980: [GC (Allocation Failure) 142857K->12372K(142336K), 0.0007300 secs]
329.044: [GC (Allocation Failure) 136974K->12360K(166912K), 0.0008030 secs]
329.114: [GC (Allocation Failure) 161536K->12376K(160192K), 0.0005810 secs]
329.181: [GC (Allocation Failure) 154858K->12376K(153856K), 0.0007550 secs]
329.249: [GC (Allocation Failure) 148473K->12473K(147904K), 0.0007640 secs]
329.315: [GC (Allocation Failure) 142576K->12473K(142144K), 0.0005940 secs]
329.374: [GC (Allocation Failure) 136779K->12376K(136512K), 0.0006990 secs]
329.433: [GC (Allocation Failure) 131280K->12477K(131392K), 0.0005890 secs]
329.489: [GC (Allocation Failure) 126173K->12673K(154048K), 0.0008200 secs]
329.556: [GC (Allocation Failure) 148861K->12575K(180800K), 0.0007910 secs]
329.637: [GC (Allocation Failure) 175496K->12575K(212736K), 0.0007330 secs]
329.734: [GC (Allocation Failure) 207628K->12575K(203776K), 0.0007430 secs]
329.823: [GC (Allocation Failure) 198600K->12673K(195392K), 0.0005810 secs]
329.906: [GC (Allocation Failure) 190238K->12575K(187136K), 0.0007880 secs]
329.987: [GC (Allocation Failure) 181979K->12575K(179456K), 0.0005640 secs]
330.065: [GC (Allocation Failure) 174321K->12559K(172160K), 0.0011430 secs]
330.141: [GC (Allocation Failure) 167032K->12575K(165184K), 0.0005710 secs]
330.213: [GC (Allocation Failure) 160063K->12673K(158720K), 0.0007800 secs]
330.282: [GC (Allocation Failure) 153584K->12673K(152320K), 0.0005910 secs]
330.349: [GC (Allocation Failure) 147300K->12770K(146496K), 0.0009430 secs]
330.410: [GC (Allocation Failure) 141397K->12657K(171776K), 0.0011140 secs]
330.486: [GC (Allocation Failure) 166733K->12673K(202112K), 0.0005710 secs]
330.577: [GC (Allocation Failure) 197119K->12770K(193792K), 0.0007800 secs]
330.661: [GC (Allocation Failure) 188766K->12673K(185664K), 0.0006060 secs]
330.740: [GC (Allocation Failure) 180603K->12770K(178048K), 0.0006580 secs]
330.816: [GC (Allocation Failure) 173136K->12852K(170880K), 0.0011550 secs]
330.893: [GC (Allocation Failure) 165955K->12872K(164032K), 0.0005920 secs]
330.963: [GC (Allocation Failure) 159090K->12872K(157504K), 0.0007970 secs]
331.033: [GC (Allocation Failure) 152503K->12774K(151104K), 0.0005360 secs]
331.097: [GC (Allocation Failure) 146224K->12856K(177536K), 0.0011270 secs]
331.175: [GC (Allocation Failure) 172639K->12872K(170304K), 0.0005840 secs]
331.254: [GC (Allocation Failure) 165477K->12970K(163584K), 0.0005940 secs]
331.324: [GC (Allocation Failure) 158701K->12872K(156928K), 0.0005700 secs]
331.393: [GC (Allocation Failure) 152119K->12970K(150848K), 0.0007670 secs]
331.458: [GC (Allocation Failure) 146014K->12970K(144832K), 0.0007620 secs]
331.520: [GC (Allocation Failure) 140134K->13067K(139328K), 0.0006880 secs]
331.582: [GC (Allocation Failure) 134529K->13051K(163264K), 0.0011170 secs]
331.652: [GC (Allocation Failure) 158575K->12970K(191872K), 0.0007620 secs]
331.740: [GC (Allocation Failure) 187093K->12970K(226176K), 0.0007470 secs]
331.842: [GC (Allocation Failure) 221397K->13067K(216640K), 0.0006080 secs]
331.940: [GC (Allocation Failure) 211863K->12970K(207360K), 0.0006380 secs]
332.032: [GC (Allocation Failure) 202617K->12970K(198656K), 0.0007490 secs]
332.120: [GC (Allocation Failure) 193871K->13067K(190528K), 0.0005750 secs]
332.199: [GC (Allocation Failure) 185722K->12970K(182528K), 0.0006020 secs]
332.280: [GC (Allocation Failure) 177771K->13067K(175040K), 0.0007570 secs]
332.357: [GC (Allocation Failure) 170384K->13067K(167936K), 0.0007880 secs]
332.430: [GC (Allocation Failure) 163314K->13169K(161344K), 0.0007560 secs]
332.501: [GC (Allocation Failure) 156641K->13169K(154944K), 0.0006090 secs]
332.568: [GC (Allocation Failure) 150249K->13071K(148672K), 0.0005470 secs]
332.634: [GC (Allocation Failure) 144067K->13267K(143040K), 0.0008190 secs]
332.696: [GC (Allocation Failure) 138453K->13267K(137536K), 0.0005780 secs]
332.752: [GC (Allocation Failure) 132952K->13267K(132288K), 0.0006180 secs]
332.809: [GC (Allocation Failure) 127744K->13169K(127104K), 0.0005330 secs]
332.862: [GC (Allocation Failure) 122636K->13271K(122432K), 0.0005890 secs]
332.913: [GC (Allocation Failure) 118017K->13271K(143104K), 0.0007100 secs]
332.976: [GC (Allocation Failure) 138636K->13271K(167808K), 0.0007500 secs]
333.049: [GC (Allocation Failure) 163328K->13368K(197504K), 0.0007870 secs]
333.134: [GC (Allocation Failure) 192996K->13368K(189312K), 0.0006130 secs]
333.221: [GC (Allocation Failure) 184851K->13271K(181312K), 0.0005530 secs]
333.296: [GC (Allocation Failure) 176971K->13368K(173952K), 0.0005780 secs]
333.372: [GC (Allocation Failure) 169611K->13368K(166912K), 0.0007460 secs]
333.444: [GC (Allocation Failure) 162529K->13368K(160192K), 0.0006790 secs]
333.511: [GC (Allocation Failure) 155858K->13372K(153856K), 0.0006570 secs]
333.577: [GC (Allocation Failure) 149468K->13470K(147904K), 0.0006000 secs]
333.639: [GC (Allocation Failure) 143573K->13474K(141952K), 0.0007080 secs]
333.701: [GC (Allocation Failure) 137785K->13572K(136576K), 0.0006090 secs]
333.760: [GC (Allocation Failure) 132481K->13572K(131392K), 0.0007750 secs]
333.819: [GC (Allocation Failure) 127274K->13669K(153920K), 0.0007800 secs]
333.888: [GC (Allocation Failure) 149775K->13572K(147648K), 0.0005540 secs]
333.952: [GC (Allocation Failure) 143578K->13771K(142080K), 0.0006130 secs]
334.013: [GC (Allocation Failure) 137980K->13771K(166592K), 0.0007930 secs]
334.086: [GC (Allocation Failure) 162552K->13775K(159936K), 0.0006250 secs]
334.154: [GC (Allocation Failure) 155869K->13759K(187712K), 0.0009700 secs]
334.236: [GC (Allocation Failure) 183860K->13873K(221312K), 0.0008450 secs]
334.337: [GC (Allocation Failure) 217481K->13857K(240640K), 0.0012520 secs]
334.446: [GC (Allocation Failure) 236629K->13970K(230208K), 0.0006240 secs]
334.549: [GC (Allocation Failure) 226326K->13873K(220032K), 0.0007650 secs]
334.648: [GC (Allocation Failure) 216389K->14166K(211136K), 0.0006520 secs]
334.738: [GC (Allocation Failure) 207363K->14166K(202112K), 0.0006020 secs]
334.826: [GC (Allocation Failure) 198416K->14052K(193536K), 0.0012180 secs]
334.913: [GC (Allocation Failure) 189853K->14166K(185664K), 0.0006120 secs]
334.993: [GC (Allocation Failure) 182004K->14166K(178048K), 0.0008340 secs]
335.070: [GC (Allocation Failure) 174332K->14166K(170688K), 0.0006000 secs]
335.143: [GC (Allocation Failure) 167170K->14166K(163776K), 0.0007680 secs]
335.214: [GC (Allocation Failure) 160187K->14150K(192576K), 0.0011970 secs]
335.299: [GC (Allocation Failure) 189060K->14170K(184576K), 0.0007800 secs]
335.381: [GC (Allocation Failure) 181018K->14170K(177024K), 0.0006050 secs]
335.456: [GC (Allocation Failure) 173460K->14267K(169984K), 0.0008100 secs]
335.533: [GC (Allocation Failure) 166371K->14271K(163008K), 0.0007840 secs]
335.606: [GC (Allocation Failure) 159614K->14271K(156480K), 0.0007790 secs]
335.674: [GC (Allocation Failure) 153027K->14271K(150272K), 0.0006940 secs]
335.739: [GC (Allocation Failure) 146829K->14369K(144512K), 0.0007960 secs]
335.801: [GC (Allocation Failure) 141030K->14275K(138752K), 0.0007220 secs]
335.860: [GC (Allocation Failure) 135338K->14373K(133504K), 0.0005930 secs]
335.915: [GC (Allocation Failure) 130130K->14373K(128448K), 0.0005900 secs]
335.971: [GC (Allocation Failure) 125119K->14471K(123776K), 0.0005960 secs]
336.020: [GC (Allocation Failure) 120397K->14471K(144512K), 0.0005770 secs]
336.083: [GC (Allocation Failure) 141332K->14568K(139008K), 0.0005820 secs]
336.141: [GC (Allocation Failure) 135912K->14650K(163008K), 0.0009460 secs]
336.211: [GC (Allocation Failure) 159888K->14666K(191680K), 0.0007020 secs]
336.294: [GC (Allocation Failure) 188493K->14568K(183616K), 0.0006600 secs]
336.374: [GC (Allocation Failure) 180435K->14568K(176064K), 0.0006030 secs]
336.449: [GC (Allocation Failure) 172872K->14666K(169024K), 0.0008130 secs]
336.523: [GC (Allocation Failure) 165894K->14568K(162112K), 0.0005940 secs]
336.594: [GC (Allocation Failure) 159007K->14568K(155648K), 0.0007620 secs]
336.660: [GC (Allocation Failure) 152527K->14572K(149504K), 0.0006740 secs]
336.724: [GC (Allocation Failure) 146344K->14670K(143680K), 0.0006050 secs]
336.787: [GC (Allocation Failure) 140653K->14768K(138240K), 0.0006050 secs]
336.846: [GC (Allocation Failure) 135141K->14670K(132800K), 0.0005840 secs]
336.900: [GC (Allocation Failure) 129838K->14772K(127872K), 0.0006710 secs]
336.952: [GC (Allocation Failure) 124927K->14869K(123200K), 0.0005790 secs]
337.004: [GC (Allocation Failure) 120210K->14869K(118656K), 0.0006190 secs]
337.055: [GC (Allocation Failure) 115676K->14869K(138368K), 0.0007420 secs]
337.114: [GC (Allocation Failure) 135637K->14971K(162240K), 0.0006080 secs]
337.185: [GC (Allocation Failure) 159515K->15069K(155904K), 0.0006340 secs]
337.252: [GC (Allocation Failure) 153134K->14971K(149632K), 0.0006280 secs]
337.315: [GC (Allocation Failure) 146937K->15073K(143808K), 0.0006010 secs]
337.377: [GC (Allocation Failure) 141156K->15057K(168704K), 0.0012160 secs]
337.451: [GC (Allocation Failure) 166002K->15073K(198400K), 0.0006030 secs]
337.535: [GC (Allocation Failure) 195778K->15170K(190272K), 0.0006260 secs]
337.620: [GC (Allocation Failure) 187641K->15073K(182208K), 0.0005640 secs]
337.702: [GC (Allocation Failure) 179659K->15268K(174912K), 0.0008020 secs]
337.780: [GC (Allocation Failure) 172387K->15170K(167680K), 0.0007860 secs]
337.853: [GC (Allocation Failure) 165132K->15170K(160960K), 0.0006400 secs]
337.923: [GC (Allocation Failure) 158443K->15174K(154560K), 0.0008040 secs]
337.989: [GC (Allocation Failure) 152057K->15272K(148608K), 0.0006240 secs]
338.054: [GC (Allocation Failure) 146066K->15158K(174080K), 0.0010310 secs]
338.127: [GC (Allocation Failure) 171605K->15272K(205056K), 0.0007390 secs]
338.219: [GC (Allocation Failure) 202584K->15272K(196480K), 0.0007750 secs]
338.306: [GC (Allocation Failure) 194014K->15565K(188416K), 0.0007080 secs]
338.391: [GC (Allocation Failure) 186146K->15565K(180480K), 0.0005610 secs]
338.473: [GC (Allocation Failure) 178407K->15663K(173184K), 0.0008100 secs]
338.550: [GC (Allocation Failure) 171124K->15647K(166144K), 0.0008590 secs]
338.621: [GC (Allocation Failure) 164126K->15764K(159616K), 0.0006300 secs]
338.690: [GC (Allocation Failure) 157563K->15651K(187328K), 0.0012410 secs]
338.773: [GC (Allocation Failure) 185358K->15862K(179840K), 0.0006100 secs]
338.852: [GC (Allocation Failure) 177905K->15764K(172352K), 0.0007990 secs]
338.927: [GC (Allocation Failure) 170429K->15764K(165376K), 0.0005940 secs]
338.999: [GC (Allocation Failure) 163443K->15866K(158912K), 0.0007920 secs]
339.065: [GC (Allocation Failure) 156974K->15866K(152640K), 0.0006420 secs]
339.131: [GC (Allocation Failure) 150685K->15866K(146432K), 0.0007650 secs]
339.194: [GC (Allocation Failure) 144690K->15964K(140800K), 0.0006000 secs]
339.255: [GC (Allocation Failure) 139088K->16061K(135552K), 0.0005980 secs]
339.312: [GC (Allocation Failure) 133774K->16049K(158720K), 0.0012620 secs]
339.384: [GC (Allocation Failure) 156959K->16163K(186496K), 0.0011110 secs]
339.467: [GC (Allocation Failure) 184990K->16261K(219968K), 0.0008470 secs]
339.564: [GC (Allocation Failure) 218393K->16163K(230656K), 0.0006460 secs]
339.669: [GC (Allocation Failure) 229004K->16163K(220736K), 0.0008250 secs]
339.767: [GC (Allocation Failure) 219171K->16163K(211392K), 0.0005770 secs]
339.859: [GC (Allocation Failure) 209842K->16261K(202624K), 0.0008230 secs]
339.948: [GC (Allocation Failure) 200999K->16261K(194048K), 0.0007040 secs]
340.035: [GC (Allocation Failure) 192550K->16358K(186112K), 0.0008300 secs]
340.120: [GC (Allocation Failure) 184588K->16358K(178368K), 0.0006280 secs]
340.198: [GC (Allocation Failure) 177016K->16358K(171072K), 0.0006370 secs]
340.271: [GC (Allocation Failure) 169752K->16460K(164288K), 0.0008090 secs]
340.345: [GC (Allocation Failure) 162895K->16460K(157696K), 0.0006440 secs]
340.410: [GC (Allocation Failure) 156278K->16366K(151296K), 0.0005750 secs]
340.477: [GC (Allocation Failure) 150001K->16464K(145408K), 0.0007840 secs]
340.539: [GC (Allocation Failure) 144115K->16562K(139904K), 0.0006930 secs]
340.599: [GC (Allocation Failure) 138603K->16546K(163968K), 0.0013100 secs]
340.672: [GC (Allocation Failure) 162771K->16562K(192704K), 0.0007720 secs]
340.758: [GC (Allocation Failure) 191576K->16562K(227136K), 0.0006270 secs]
340.859: [GC (Allocation Failure) 225974K->16659K(217600K), 0.0008240 secs]
340.958: [GC (Allocation Failure) 216435K->16562K(208256K), 0.0006340 secs]
341.050: [GC (Allocation Failure) 207087K->16663K(199488K), 0.0008260 secs]
341.137: [GC (Allocation Failure) 198462K->16761K(191296K), 0.0006410 secs]
341.218: [GC (Allocation Failure) 190206K->16663K(183296K), 0.0006190 secs]
341.300: [GC (Allocation Failure) 182245K->16761K(175936K), 0.0006370 secs]
341.376: [GC (Allocation Failure) 174879K->16667K(168640K), 0.0006990 secs]
341.451: [GC (Allocation Failure) 167606K->16667K(161856K), 0.0008060 secs]
341.519: [GC (Allocation Failure) 160821K->16765K(155520K), 0.0007060 secs]
341.587: [GC (Allocation Failure) 154435K->16667K(149248K), 0.0007210 secs]
341.653: [GC (Allocation Failure) 148244K->16765K(143424K), 0.0006450 secs]
341.713: [GC (Allocation Failure) 142447K->16765K(137856K), 0.0006910 secs]
341.771: [GC (Allocation Failure) 136945K->16847K(161664K), 0.0012520 secs]
341.843: [GC (Allocation Failure) 160714K->16867K(190144K), 0.0008350 secs]
341.927: [GC (Allocation Failure) 189125K->16769K(224000K), 0.0007790 secs]
342.028: [GC (Allocation Failure) 223024K->16871K(226496K), 0.0009140 secs]
342.131: [GC (Allocation Failure) 225493K->16773K(216640K), 0.0006020 secs]
342.228: [GC (Allocation Failure) 215666K->16871K(207616K), 0.0008080 secs]
342.318: [GC (Allocation Failure) 206615K->16855K(198848K), 0.0009870 secs]
342.407: [GC (Allocation Failure) 197947K->16773K(190528K), 0.0006370 secs]
342.489: [GC (Allocation Failure) 189621K->16871K(182784K), 0.0006130 secs]
342.569: [GC (Allocation Failure) 181858K->16871K(175296K), 0.0009460 secs]
342.647: [GC (Allocation Failure) 174293K->16773K(168000K), 0.0005760 secs]
342.718: [GC (Allocation Failure) 167105K->16871K(161280K), 0.0006210 secs]
342.787: [GC (Allocation Failure) 160438K->16972K(155008K), 0.0008370 secs]
342.858: [GC (Allocation Failure) 154149K->16972K(148928K), 0.0006550 secs]
342.922: [GC (Allocation Failure) 148062K->17070K(142912K), 0.0008340 secs]
342.982: [GC (Allocation Failure) 142363K->17266K(167808K), 0.0007900 secs]
343.055: [GC (Allocation Failure) 167214K->17168K(197184K), 0.0007140 secs]
343.140: [GC (Allocation Failure) 196601K->17266K(189120K), 0.0009180 secs]
343.223: [GC (Allocation Failure) 188552K->17266K(181184K), 0.0007300 secs]
343.305: [GC (Allocation Failure) 180786K->17367K(173888K), 0.0009230 secs]
343.380: [GC (Allocation Failure) 173406K->17367K(166720K), 0.0008160 secs]
343.453: [GC (Allocation Failure) 166335K->17563K(196224K), 0.0009320 secs]
343.542: [GC (Allocation Failure) 195907K->17367K(187904K), 0.0005970 secs]
343.623: [GC (Allocation Failure) 187566K->17367K(180160K), 0.0006320 secs]
343.703: [GC (Allocation Failure) 179799K->17465K(172928K), 0.0006300 secs]
343.776: [GC (Allocation Failure) 172521K->17563K(166016K), 0.0007370 secs]
343.848: [GC (Allocation Failure) 165640K->17367K(159168K), 0.0005910 secs]
343.917: [GC (Allocation Failure) 158867K->17563K(153024K), 0.0007520 secs]
343.983: [GC (Allocation Failure) 152680K->17465K(146944K), 0.0007700 secs]
344.047: [GC (Allocation Failure) 146588K->17563K(172416K), 0.0009000 secs]
344.125: [GC (Allocation Failure) 172046K->17465K(202624K), 0.0007750 secs]
344.125: [Full GC (Ergonomics) 17465K->945K(202816K), 0.0066430 secs]
344.223: [GC (Allocation Failure) 185881K->1368K(194560K), 0.0007580 secs]
344.310: [GC (Allocation Failure) 177852K->1270K(186432K), 0.0005800 secs]
344.392: [GC (Allocation Failure) 169697K->1368K(178880K), 0.0006000 secs]
344.471: [GC (Allocation Failure) 162133K->1270K(171520K), 0.0005820 secs]
344.546: [GC (Allocation Failure) 154764K->1258K(164544K), 0.0010370 secs]
344.620: [GC (Allocation Failure) 147871K->1258K(157952K), 0.0008170 secs]
344.690: [GC (Allocation Failure) 141278K->1180K(151680K), 0.0004950 secs]
344.752: [GC (Allocation Failure) 134921K->1278K(145856K), 0.0006030 secs]
344.813: [GC (Allocation Failure) 129113K->1180K(140096K), 0.0004950 secs]
344.874: [GC (Allocation Failure) 123327K->1376K(134912K), 0.0006600 secs]
344.930: [GC (Allocation Failure) 118211K->1180K(129600K), 0.0004840 secs]
344.985: [GC (Allocation Failure) 112904K->1262K(124800K), 0.0006500 secs]
345.036: [GC (Allocation Failure) 108075K->1164K(145792K), 0.0009460 secs]
345.102: [GC (Allocation Failure) 129009K->1262K(171072K), 0.0007030 secs]
345.175: [GC (Allocation Failure) 154355K->1376K(164288K), 0.0005740 secs]
345.245: [GC (Allocation Failure) 147594K->1278K(157568K), 0.0005130 secs]
345.312: [GC (Allocation Failure) 140911K->1376K(151488K), 0.0007060 secs]
345.378: [GC (Allocation Failure) 134815K->1278K(145472K), 0.0005690 secs]
345.439: [GC (Allocation Failure) 128827K->1262K(139840K), 0.0008880 secs]
345.500: [GC (Allocation Failure) 123209K->1380K(134592K), 0.0005140 secs]
345.557: [GC (Allocation Failure) 117929K->1477K(129600K), 0.0007270 secs]
345.614: [GC (Allocation Failure) 113015K->1380K(124608K), 0.0006140 secs]
345.667: [GC (Allocation Failure) 108095K->1477K(145792K), 0.0007050 secs]
345.729: [GC (Allocation Failure) 129222K->1384K(140032K), 0.0004750 secs]
345.790: [GC (Allocation Failure) 123533K->1579K(134848K), 0.0007680 secs]
345.850: [GC (Allocation Failure) 118317K->1465K(157760K), 0.0008080 secs]
345.918: [GC (Allocation Failure) 141299K->1485K(151616K), 0.0005970 secs]
345.984: [GC (Allocation Failure) 135029K->1485K(145728K), 0.0004510 secs]
346.046: [GC (Allocation Failure) 129138K->1388K(139968K), 0.0004950 secs]
346.108: [GC (Allocation Failure) 123433K->1388K(134592K), 0.0005960 secs]
346.164: [GC (Allocation Failure) 118029K->1469K(129600K), 0.0007580 secs]
346.218: [GC (Allocation Failure) 113095K->1489K(124800K), 0.0006290 secs]
346.271: [GC (Allocation Failure) 108305K->1392K(145728K), 0.0007340 secs]
346.335: [GC (Allocation Failure) 129236K->1489K(140096K), 0.0005650 secs]
346.395: [GC (Allocation Failure) 123639K->1587K(134848K), 0.0007090 secs]
346.452: [GC (Allocation Failure) 118427K->1575K(157888K), 0.0007810 secs]
346.520: [GC (Allocation Failure) 141498K->1591K(151744K), 0.0006000 secs]
346.587: [GC (Allocation Failure) 135330K->1493K(145664K), 0.0005790 secs]
346.649: [GC (Allocation Failure) 129240K->1497K(140032K), 0.0005790 secs]
346.708: [GC (Allocation Failure) 123650K->1595K(134784K), 0.0004740 secs]
346.767: [GC (Allocation Failure) 118337K->1693K(129728K), 0.0006800 secs]
346.823: [GC (Allocation Failure) 113309K->1579K(124544K), 0.0006070 secs]
346.875: [GC (Allocation Failure) 108393K->1888K(120256K), 0.0006050 secs]
346.926: [GC (Allocation Failure) 104088K->1693K(115712K), 0.0006500 secs]
346.977: [GC (Allocation Failure) 99466K->1892K(135232K), 0.0007110 secs]
347.035: [GC (Allocation Failure) 119030K->1794K(158272K), 0.0005810 secs]
347.105: [GC (Allocation Failure) 142010K->1697K(151872K), 0.0004880 secs]
347.169: [GC (Allocation Failure) 135636K->1798K(146048K), 0.0006120 secs]
347.231: [GC (Allocation Failure) 129835K->1685K(171200K), 0.0009710 secs]
347.308: [GC (Allocation Failure) 154978K->1685K(201472K), 0.0008650 secs]
347.398: [GC (Allocation Failure) 185240K->1798K(193216K), 0.0007200 secs]
347.482: [GC (Allocation Failure) 176998K->1798K(185216K), 0.0005090 secs]
347.561: [GC (Allocation Failure) 168950K->1802K(177664K), 0.0006920 secs]
347.636: [GC (Allocation Failure) 161481K->1802K(170304K), 0.0005080 secs]
347.710: [GC (Allocation Failure) 154212K->1806K(163456K), 0.0004720 secs]
347.783: [GC (Allocation Failure) 147341K->1888K(156992K), 0.0008830 secs]
347.850: [GC (Allocation Failure) 140937K->1904K(150848K), 0.0007570 secs]
347.914: [GC (Allocation Failure) 134755K->1806K(144832K), 0.0004660 secs]
347.972: [GC (Allocation Failure) 128764K->1806K(139264K), 0.0004790 secs]
348.033: [GC (Allocation Failure) 123163K->1904K(134080K), 0.0006020 secs]
348.091: [GC (Allocation Failure) 117955K->1904K(129024K), 0.0008040 secs]
348.144: [GC (Allocation Failure) 112847K->1904K(124032K), 0.0005260 secs]
348.196: [GC (Allocation Failure) 108128K->2099K(145152K), 0.0007260 secs]
348.256: [GC (Allocation Failure) 129247K->2002K(139392K), 0.0005160 secs]
348.315: [GC (Allocation Failure) 123460K->2099K(134208K), 0.0005970 secs]
348.371: [GC (Allocation Failure) 118250K->2002K(129024K), 0.0005170 secs]
348.427: [GC (Allocation Failure) 113138K->2197K(124416K), 0.0005460 secs]
348.478: [GC (Allocation Failure) 108522K->2103K(119616K), 0.0004590 secs]
348.526: [GC (Allocation Failure) 103813K->2103K(115264K), 0.0004800 secs]
348.572: [GC (Allocation Failure) 99489K->2201K(111232K), 0.0005040 secs]
348.619: [GC (Allocation Failure) 95360K->2299K(107392K), 0.0007220 secs]
348.666: [GC (Allocation Failure) 91617K->2103K(124864K), 0.0005710 secs]
348.720: [GC (Allocation Failure) 109017K->2201K(146112K), 0.0007170 secs]
348.784: [GC (Allocation Failure) 130236K->2201K(140480K), 0.0005030 secs]
348.845: [GC (Allocation Failure) 124642K->2299K(135168K), 0.0006880 secs]
348.902: [GC (Allocation Failure) 119334K->2107K(129856K), 0.0005830 secs]
348.957: [GC (Allocation Failure) 114026K->2205K(125120K), 0.0006360 secs]
349.011: [GC (Allocation Failure) 109312K->2205K(120512K), 0.0004700 secs]
349.059: [GC (Allocation Failure) 104696K->2209K(140736K), 0.0007210 secs]
349.120: [GC (Allocation Failure) 124948K->2209K(135232K), 0.0006150 secs]
349.178: [GC (Allocation Failure) 119536K->2291K(158464K), 0.0010990 secs]
349.248: [GC (Allocation Failure) 142800K->2311K(186240K), 0.0005300 secs]
349.330: [GC (Allocation Failure) 170537K->2295K(178560K), 0.0007390 secs]
349.408: [GC (Allocation Failure) 162859K->2295K(171264K), 0.0006940 secs]
349.483: [GC (Allocation Failure) 155688K->2408K(164480K), 0.0007190 secs]
349.554: [GC (Allocation Failure) 148815K->2311K(157824K), 0.0004740 secs]
349.622: [GC (Allocation Failure) 142238K->2412K(151744K), 0.0007390 secs]
349.689: [GC (Allocation Failure) 136155K->2412K(145664K), 0.0006100 secs]
349.752: [GC (Allocation Failure) 130157K->2608K(140224K), 0.0007060 secs]
349.811: [GC (Allocation Failure) 124749K->2412K(134656K), 0.0004280 secs]
349.870: [GC (Allocation Failure) 119154K->2396K(157632K), 0.0009970 secs]
349.939: [GC (Allocation Failure) 142130K->2412K(151424K), 0.0004970 secs]
350.004: [GC (Allocation Failure) 135951K->2612K(145728K), 0.0005760 secs]
350.066: [GC (Allocation Failure) 130266K->2416K(139904K), 0.0005920 secs]
350.127: [GC (Allocation Failure) 124370K->2612K(134720K), 0.0005780 secs]
350.182: [GC (Allocation Failure) 119263K->2416K(129472K), 0.0005190 secs]
350.236: [GC (Allocation Failure) 113944K->2612K(124800K), 0.0006030 secs]
350.288: [GC (Allocation Failure) 109327K->2514K(120128K), 0.0004590 secs]
350.337: [GC (Allocation Failure) 104616K->2400K(140224K), 0.0010130 secs]
350.399: [GC (Allocation Failure) 124739K->2514K(164480K), 0.0006090 secs]
350.471: [GC (Allocation Failure) 148930K->2616K(158016K), 0.0006760 secs]
350.541: [GC (Allocation Failure) 142534K->2616K(151616K), 0.0006230 secs]
350.610: [GC (Allocation Failure) 136349K->2600K(177984K), 0.0009990 secs]
350.687: [GC (Allocation Failure) 162670K->2713K(170880K), 0.0005440 secs]
350.760: [GC (Allocation Failure) 155513K->2713K(164032K), 0.0006710 secs]
350.831: [GC (Allocation Failure) 148729K->2713K(157376K), 0.0006580 secs]
350.899: [GC (Allocation Failure) 142156K->2811K(151296K), 0.0005650 secs]
350.963: [GC (Allocation Failure) 136038K->2815K(145408K), 0.0005980 secs]
351.025: [GC (Allocation Failure) 130149K->2799K(139712K), 0.0008310 secs]
351.086: [GC (Allocation Failure) 124553K->2717K(134336K), 0.0004850 secs]
351.142: [GC (Allocation Failure) 119153K->2913K(129472K), 0.0007980 secs]
351.196: [GC (Allocation Failure) 114251K->2815K(124608K), 0.0005510 secs]
351.248: [GC (Allocation Failure) 109433K->2799K(145600K), 0.0007610 secs]
351.309: [GC (Allocation Failure) 130445K->2717K(139904K), 0.0004780 secs]
351.368: [GC (Allocation Failure) 124668K->2913K(164160K), 0.0008210 secs]
351.439: [GC (Allocation Failure) 148935K->2815K(157568K), 0.0005030 secs]
351.507: [GC (Allocation Failure) 142354K->2913K(151424K), 0.0005670 secs]
351.572: [GC (Allocation Failure) 136259K->2717K(145344K), 0.0005670 secs]
351.635: [GC (Allocation Failure) 130169K->2799K(170560K), 0.0010910 secs]
351.712: [GC (Allocation Failure) 155418K->2717K(163648K), 0.0004990 secs]
351.783: [GC (Allocation Failure) 148440K->2913K(157312K), 0.0005950 secs]
351.849: [GC (Allocation Failure) 142149K->2717K(150912K), 0.0004890 secs]
351.911: [GC (Allocation Failure) 135767K->2717K(145024K), 0.0005160 secs]
351.971: [GC (Allocation Failure) 129869K->2717K(139392K), 0.0004930 secs]
352.029: [GC (Allocation Failure) 124182K->2815K(134208K), 0.0007860 secs]
352.087: [GC (Allocation Failure) 118968K->2717K(129024K), 0.0006220 secs]
352.143: [GC (Allocation Failure) 113858K->2913K(124416K), 0.0005820 secs]
352.192: [GC (Allocation Failure) 109238K->2815K(119744K), 0.0005880 secs]
352.242: [GC (Allocation Failure) 104525K->2815K(139776K), 0.0006990 secs]
352.302: [GC (Allocation Failure) 124566K->2815K(134336K), 0.0004960 secs]
352.359: [GC (Allocation Failure) 119257K->2815K(129280K), 0.0004920 secs]
352.414: [GC (Allocation Failure) 114152K->2897K(151360K), 0.0009180 secs]
352.480: [GC (Allocation Failure) 136250K->2799K(177600K), 0.0010000 secs]
352.562: [GC (Allocation Failure) 162491K->2897K(209216K), 0.0007120 secs]
352.653: [GC (Allocation Failure) 194123K->3010K(200576K), 0.0008280 secs]
352.741: [GC (Allocation Failure) 185498K->2815K(192064K), 0.0005010 secs]
352.823: [GC (Allocation Failure) 176943K->2815K(184128K), 0.0004810 secs]
352.903: [GC (Allocation Failure) 169077K->2815K(176576K), 0.0006090 secs]
352.981: [GC (Allocation Failure) 161515K->3010K(169600K), 0.0008170 secs]
353.056: [GC (Allocation Failure) 154529K->2917K(162752K), 0.0004880 secs]
353.127: [GC (Allocation Failure) 147672K->2917K(156288K), 0.0006350 secs]
353.193: [GC (Allocation Failure) 141179K->2917K(150016K), 0.0004940 secs]
353.257: [GC (Allocation Failure) 135074K->3014K(144320K), 0.0007600 secs]
353.319: [GC (Allocation Failure) 129282K->3014K(138752K), 0.0005000 secs]
353.378: [GC (Allocation Failure) 123781K->2901K(133312K), 0.0010130 secs]
353.433: [GC (Allocation Failure) 118267K->2917K(128320K), 0.0005010 secs]
353.486: [GC (Allocation Failure) 113373K->2917K(123520K), 0.0004950 secs]
353.538: [GC (Allocation Failure) 108559K->2998K(144448K), 0.0009470 secs]
353.601: [GC (Allocation Failure) 129465K->2917K(169344K), 0.0005130 secs]
353.673: [GC (Allocation Failure) 154323K->3112K(162688K), 0.0005110 secs]
353.744: [GC (Allocation Failure) 147761K->3210K(156288K), 0.0006610 secs]
353.810: [GC (Allocation Failure) 141376K->3096K(149824K), 0.0006130 secs]
353.874: [GC (Allocation Failure) 135162K->3291K(176064K), 0.0011050 secs]
353.951: [GC (Allocation Failure) 161398K->3210K(168896K), 0.0006140 secs]
354.024: [GC (Allocation Failure) 154244K->3405K(162304K), 0.0007400 secs]
354.096: [GC (Allocation Failure) 147564K->3210K(155648K), 0.0006140 secs]
354.163: [GC (Allocation Failure) 140981K->3194K(149504K), 0.0008510 secs]
354.227: [GC (Allocation Failure) 134775K->3307K(143808K), 0.0005610 secs]
354.285: [GC (Allocation Failure) 129084K->3405K(138368K), 0.0006740 secs]
354.345: [GC (Allocation Failure) 123690K->3291K(161920K), 0.0009410 secs]
354.416: [GC (Allocation Failure) 147348K->3503K(190528K), 0.0006100 secs]
354.498: [GC (Allocation Failure) 175962K->3307K(182464K), 0.0006030 secs]
354.579: [GC (Allocation Failure) 167894K->3389K(214976K), 0.0011670 secs]
354.677: [GC (Allocation Failure) 200411K->3307K(205824K), 0.0005070 secs]
354.770: [GC (Allocation Failure) 191194K->3295K(197184K), 0.0007240 secs]
354.859: [GC (Allocation Failure) 182536K->3311K(188992K), 0.0004750 secs]
354.941: [GC (Allocation Failure) 174406K->3507K(181376K), 0.0006010 secs]
355.019: [GC (Allocation Failure) 166817K->3409K(173952K), 0.0004880 secs]
355.093: [GC (Allocation Failure) 159365K->3409K(166912K), 0.0006950 secs]
355.166: [GC (Allocation Failure) 152279K->3409K(160128K), 0.0005030 secs]
355.236: [GC (Allocation Failure) 145599K->3409K(153792K), 0.0005120 secs]
355.304: [GC (Allocation Failure) 139312K->3491K(147840K), 0.0009490 secs]
355.368: [GC (Allocation Failure) 133391K->3507K(142144K), 0.0007400 secs]
355.428: [GC (Allocation Failure) 127613K->3409K(136576K), 0.0004930 secs]
355.484: [GC (Allocation Failure) 122117K->3393K(160000K), 0.0010150 secs]
355.557: [GC (Allocation Failure) 145490K->3409K(153664K), 0.0006530 secs]
355.624: [GC (Allocation Failure) 139198K->3409K(147648K), 0.0005000 secs]
355.687: [GC (Allocation Failure) 133121K->3409K(141888K), 0.0004930 secs]
355.748: [GC (Allocation Failure) 127419K->3507K(136576K), 0.0007430 secs]
355.809: [GC (Allocation Failure) 122003K->3507K(131264K), 0.0005650 secs]
355.866: [GC (Allocation Failure) 116910K->3604K(126464K), 0.0007110 secs]
355.925: [GC (Allocation Failure) 111988K->3604K(121664K), 0.0006500 secs]
355.974: [GC (Allocation Failure) 107364K->3800K(142336K), 0.0006340 secs]
356.034: [GC (Allocation Failure) 127999K->3686K(166656K), 0.0008280 secs]
356.107: [GC (Allocation Failure) 152451K->3897K(196160K), 0.0007370 secs]
356.194: [GC (Allocation Failure) 181955K->3800K(187968K), 0.0005220 secs]
356.279: [GC (Allocation Failure) 173704K->3800K(180224K), 0.0006260 secs]
356.359: [GC (Allocation Failure) 166029K->3800K(172736K), 0.0004970 secs]
356.434: [GC (Allocation Failure) 158663K->3999K(165952K), 0.0007800 secs]
356.508: [GC (Allocation Failure) 151890K->3804K(159104K), 0.0006440 secs]
356.576: [GC (Allocation Failure) 145008K->3999K(153024K), 0.0008770 secs]
356.641: [GC (Allocation Failure) 138917K->3808K(146816K), 0.0005560 secs]
356.704: [GC (Allocation Failure) 132741K->3905K(141248K), 0.0007670 secs]
356.767: [GC (Allocation Failure) 127134K->3808K(135680K), 0.0004880 secs]
356.827: [GC (Allocation Failure) 121628K->4198K(130752K), 0.0008180 secs]
356.884: [GC (Allocation Failure) 116882K->3987K(125696K), 0.0006400 secs]
356.937: [GC (Allocation Failure) 111787K->4202K(147136K), 0.0008320 secs]
357.001: [GC (Allocation Failure) 133229K->4007K(172416K), 0.0006390 secs]
357.076: [GC (Allocation Failure) 158480K->4007K(165440K), 0.0005220 secs]
357.150: [GC (Allocation Failure) 151506K->4105K(158976K), 0.0009430 secs]
357.220: [GC (Allocation Failure) 145017K->4089K(186752K), 0.0011150 secs]
357.304: [GC (Allocation Failure) 172905K->4202K(220096K), 0.0006510 secs]
357.403: [GC (Allocation Failure) 206239K->4202K(210752K), 0.0005340 secs]
357.495: [GC (Allocation Failure) 196889K->4109K(201792K), 0.0006290 secs]
357.585: [GC (Allocation Failure) 187974K->4190K(193472K), 0.0009000 secs]
357.671: [GC (Allocation Failure) 179693K->4210K(185536K), 0.0006240 secs]
357.753: [GC (Allocation Failure) 171752K->4113K(177792K), 0.0005120 secs]
357.830: [GC (Allocation Failure) 163989K->4210K(170688K), 0.0005050 secs]
357.901: [GC (Allocation Failure) 156817K->4113K(163712K), 0.0005420 secs]
357.970: [GC (Allocation Failure) 149937K->4113K(157184K), 0.0006240 secs]
358.037: [GC (Allocation Failure) 143358K->4210K(151104K), 0.0005440 secs]
358.103: [GC (Allocation Failure) 137271K->4214K(145088K), 0.0005480 secs]
358.163: [GC (Allocation Failure) 131371K->4312K(139584K), 0.0007330 secs]
358.224: [GC (Allocation Failure) 125875K->4214K(134144K), 0.0005960 secs]
358.281: [GC (Allocation Failure) 120465K->4312K(129216K), 0.0005260 secs]
358.338: [GC (Allocation Failure) 115449K->4312K(124288K), 0.0006840 secs]
358.390: [GC (Allocation Failure) 110724K->4410K(119808K), 0.0006350 secs]
358.443: [GC (Allocation Failure) 106220K->4410K(115328K), 0.0004940 secs]
358.490: [GC (Allocation Failure) 101793K->4410K(111168K), 0.0006270 secs]
358.536: [GC (Allocation Failure) 97666K->4511K(129728K), 0.0006250 secs]
358.593: [GC (Allocation Failure) 116240K->4414K(151680K), 0.0006610 secs]
358.657: [GC (Allocation Failure) 138158K->4511K(145728K), 0.0005350 secs]
358.719: [GC (Allocation Failure) 132352K->4511K(140096K), 0.0004910 secs]
358.775: [GC (Allocation Failure) 126743K->4511K(134720K), 0.0004990 secs]
358.831: [GC (Allocation Failure) 121350K->4609K(129728K), 0.0006340 secs]
358.885: [GC (Allocation Failure) 116342K->4511K(124736K), 0.0005020 secs]
358.936: [GC (Allocation Failure) 111328K->4609K(120256K), 0.0005290 secs]
358.986: [GC (Allocation Failure) 106807K->4613K(115776K), 0.0005120 secs]
359.032: [GC (Allocation Failure) 102488K->4711K(111744K), 0.0005220 secs]
359.079: [GC (Allocation Failure) 98459K->4711K(107648K), 0.0005070 secs]
359.123: [GC (Allocation Failure) 94427K->4711K(103872K), 0.0005070 secs]
359.167: [GC (Allocation Failure) 90695K->4808K(120960K), 0.0006430 secs]
359.218: [GC (Allocation Failure) 107692K->4711K(141120K), 0.0006550 secs]
359.279: [GC (Allocation Failure) 127934K->4711K(135680K), 0.0005510 secs]
359.339: [GC (Allocation Failure) 122533K->4792K(159040K), 0.0009110 secs]
359.408: [GC (Allocation Failure) 145901K->4808K(152832K), 0.0005350 secs]
359.473: [GC (Allocation Failure) 139636K->4808K(146880K), 0.0007010 secs]
359.537: [GC (Allocation Failure) 133627K->4711K(140992K), 0.0006120 secs]
359.601: [GC (Allocation Failure) 127834K->4906K(135808K), 0.0007040 secs]
359.659: [GC (Allocation Failure) 122728K->4808K(130560K), 0.0006190 secs]
359.715: [GC (Allocation Failure) 117421K->4812K(125696K), 0.0005330 secs]
359.765: [GC (Allocation Failure) 112610K->4910K(121152K), 0.0005250 secs]
359.816: [GC (Allocation Failure) 107990K->4812K(116608K), 0.0005160 secs]
359.866: [GC (Allocation Failure) 103564K->4910K(112384K), 0.0006450 secs]
359.912: [GC (Allocation Failure) 99438K->5008K(131200K), 0.0005850 secs]
359.969: [GC (Allocation Failure) 118207K->5008K(126144K), 0.0006420 secs]
360.020: [GC (Allocation Failure) 113291K->5109K(121600K), 0.0005330 secs]
360.069: [GC (Allocation Failure) 108682K->5109K(117056K), 0.0005710 secs]
360.118: [GC (Allocation Failure) 104261K->5109K(112832K), 0.0005080 secs]
360.164: [GC (Allocation Failure) 100035K->5109K(131584K), 0.0006440 secs]
360.223: [GC (Allocation Failure) 118803K->5207K(126784K), 0.0006470 secs]
360.277: [GC (Allocation Failure) 113987K->5109K(148096K), 0.0006440 secs]
360.339: [GC (Allocation Failure) 135309K->5207K(142464K), 0.0005820 secs]
360.401: [GC (Allocation Failure) 129614K->5207K(136896K), 0.0005220 secs]
360.458: [GC (Allocation Failure) 124199K->5191K(160320K), 0.0009090 secs]
360.528: [GC (Allocation Failure) 147571K->5305K(154112K), 0.0005830 secs]
360.597: [GC (Allocation Failure) 141395K->5207K(147968K), 0.0006680 secs]
360.663: [GC (Allocation Failure) 135311K->5191K(173632K), 0.0008950 secs]
360.737: [GC (Allocation Failure) 160941K->5289K(204352K), 0.0007980 secs]
360.827: [GC (Allocation Failure) 191699K->5211K(195776K), 0.0006220 secs]
360.913: [GC (Allocation Failure) 183074K->5211K(187648K), 0.0005640 secs]
360.997: [GC (Allocation Failure) 174914K->5309K(180096K), 0.0006020 secs]
361.074: [GC (Allocation Failure) 167354K->5211K(172608K), 0.0006480 secs]
361.154: [GC (Allocation Failure) 159877K->5211K(165632K), 0.0006210 secs]
361.225: [GC (Allocation Failure) 152911K->5293K(159104K), 0.0008010 secs]
361.294: [GC (Allocation Failure) 146396K->5309K(152768K), 0.0005980 secs]
361.358: [GC (Allocation Failure) 140129K->5406K(146944K), 0.0005290 secs]
361.420: [GC (Allocation Failure) 134328K->5406K(141056K), 0.0004870 secs]
361.480: [GC (Allocation Failure) 128629K->5602K(135808K), 0.0005330 secs]
361.534: [GC (Allocation Failure) 123416K->5504K(130560K), 0.0004990 secs]
361.589: [GC (Allocation Failure) 118117K->5602K(125824K), 0.0006410 secs]
361.641: [GC (Allocation Failure) 113394K->5602K(121024K), 0.0005890 secs]
361.694: [GC (Allocation Failure) 108682K->5602K(116608K), 0.0006350 secs]
361.743: [GC (Allocation Failure) 104264K->5602K(112384K), 0.0005100 secs]
361.789: [GC (Allocation Failure) 100037K->5699K(131200K), 0.0006640 secs]
361.844: [GC (Allocation Failure) 118903K->5699K(153408K), 0.0006430 secs]
361.910: [GC (Allocation Failure) 141208K->5699K(147392K), 0.0006430 secs]
361.972: [GC (Allocation Failure) 135204K->5683K(172928K), 0.0009220 secs]
362.049: [GC (Allocation Failure) 160752K->5699K(165952K), 0.0005290 secs]
362.122: [GC (Allocation Failure) 153780K->5797K(159296K), 0.0005270 secs]
362.192: [GC (Allocation Failure) 147198K->5785K(152960K), 0.0009270 secs]
362.259: [GC (Allocation Failure) 140803K->5801K(146944K), 0.0005480 secs]
362.324: [GC (Allocation Failure) 134825K->5903K(141376K), 0.0005400 secs]
362.383: [GC (Allocation Failure) 129231K->5789K(135680K), 0.0009060 secs]
362.443: [GC (Allocation Failure) 123703K->5903K(130688K), 0.0005200 secs]
362.498: [GC (Allocation Failure) 118718K->5903K(125824K), 0.0006240 secs]
362.552: [GC (Allocation Failure) 113793K->5887K(147136K), 0.0009430 secs]
362.616: [GC (Allocation Failure) 135108K->6000K(172608K), 0.0005330 secs]
362.692: [GC (Allocation Failure) 160665K->6098K(165760K), 0.0005360 secs]
362.763: [GC (Allocation Failure) 153799K->6000K(158976K), 0.0004700 secs]
362.833: [GC (Allocation Failure) 147117K->6098K(152768K), 0.0006790 secs]
362.899: [GC (Allocation Failure) 140918K->6098K(146816K), 0.0005150 secs]
362.963: [GC (Allocation Failure) 135032K->6102K(141120K), 0.0006390 secs]
363.027: [GC (Allocation Failure) 129328K->6102K(135680K), 0.0004980 secs]
363.083: [GC (Allocation Failure) 123918K->6200K(130560K), 0.0005210 secs]
363.138: [GC (Allocation Failure) 118819K->6298K(125632K), 0.0006590 secs]
363.191: [GC (Allocation Failure) 114093K->6379K(146944K), 0.0008650 secs]
363.254: [GC (Allocation Failure) 135402K->6493K(172416K), 0.0006540 secs]
363.328: [GC (Allocation Failure) 161048K->6497K(165440K), 0.0005310 secs]
363.400: [GC (Allocation Failure) 153995K->6595K(158784K), 0.0006370 secs]
363.471: [GC (Allocation Failure) 147506K->6774K(152640K), 0.0009500 secs]
363.539: [GC (Allocation Failure) 141400K->6774K(179008K), 0.0009510 secs]
363.615: [GC (Allocation Failure) 168029K->6892K(171840K), 0.0005140 secs]
363.690: [GC (Allocation Failure) 160785K->6892K(164928K), 0.0004770 secs]
363.763: [GC (Allocation Failure) 153895K->6876K(158336K), 0.0009520 secs]
363.834: [GC (Allocation Failure) 147303K->6989K(152064K), 0.0006620 secs]
363.903: [GC (Allocation Failure) 141127K->6989K(146112K), 0.0006570 secs]
363.966: [GC (Allocation Failure) 135207K->7087K(140416K), 0.0005540 secs]
364.026: [GC (Allocation Failure) 129626K->7185K(135104K), 0.0005320 secs]
364.083: [GC (Allocation Failure) 124416K->7266K(129984K), 0.0006800 secs]
364.139: [GC (Allocation Failure) 119382K->7282K(125120K), 0.0005440 secs]
364.190: [GC (Allocation Failure) 114485K->7364K(146176K), 0.0007280 secs]
364.253: [GC (Allocation Failure) 135795K->7478K(140672K), 0.0005210 secs]
364.312: [GC (Allocation Failure) 130214K->7575K(135296K), 0.0005480 secs]
364.368: [GC (Allocation Failure) 125001K->7575K(130176K), 0.0006900 secs]
364.423: [GC (Allocation Failure) 119889K->7673K(125248K), 0.0006390 secs]
364.477: [GC (Allocation Failure) 115078K->7771K(120704K), 0.0005630 secs]
364.526: [GC (Allocation Failure) 110558K->7771K(140992K), 0.0006080 secs]
364.586: [GC (Allocation Failure) 130899K->7872K(165248K), 0.0006500 secs]
364.658: [GC (Allocation Failure) 155263K->7970K(158592K), 0.0006340 secs]
364.725: [GC (Allocation Failure) 148687K->8165K(152384K), 0.0006930 secs]
364.791: [GC (Allocation Failure) 142692K->8165K(146432K), 0.0004850 secs]
364.853: [GC (Allocation Failure) 136694K->8165K(140736K), 0.0006900 secs]
364.913: [GC (Allocation Failure) 130992K->8165K(135296K), 0.0005080 secs]
364.970: [GC (Allocation Failure) 125584K->8361K(130240K), 0.0005450 secs]
365.024: [GC (Allocation Failure) 120669K->8361K(125376K), 0.0006410 secs]
365.075: [GC (Allocation Failure) 115859K->8365K(120768K), 0.0005400 secs]
365.127: [GC (Allocation Failure) 111247K->8446K(140992K), 0.0009820 secs]
365.191: [GC (Allocation Failure) 131671K->8658K(165504K), 0.0006660 secs]
365.263: [GC (Allocation Failure) 156254K->8755K(158912K), 0.0005420 secs]
365.333: [GC (Allocation Failure) 149767K->8755K(152640K), 0.0005570 secs]
365.398: [GC (Allocation Failure) 143469K->8853K(146624K), 0.0006110 secs]
365.459: [GC (Allocation Failure) 137679K->8951K(140992K), 0.0005460 secs]
365.520: [GC (Allocation Failure) 132077K->9048K(135616K), 0.0005210 secs]
365.576: [GC (Allocation Failure) 126766K->9146K(130496K), 0.0005490 secs]
365.631: [GC (Allocation Failure) 121749K->9244K(125568K), 0.0005100 secs]
365.681: [GC (Allocation Failure) 116942K->9423K(146944K), 0.0009020 secs]
365.743: [GC (Allocation Failure) 138350K->9423K(172288K), 0.0010100 secs]
365.818: [GC (Allocation Failure) 163894K->9634K(203008K), 0.0006860 secs]
365.909: [GC (Allocation Failure) 194568K->9634K(194432K), 0.0006580 secs]
365.994: [GC (Allocation Failure) 186113K->9736K(186496K), 0.0005700 secs]
366.075: [GC (Allocation Failure) 178160K->9736K(178688K), 0.0005030 secs]
366.153: [GC (Allocation Failure) 170589K->9838K(171456K), 0.0007150 secs]
366.230: [GC (Allocation Failure) 163430K->9935K(164672K), 0.0006580 secs]
366.300: [GC (Allocation Failure) 156544K->9939K(158080K), 0.0007460 secs]
366.369: [GC (Allocation Failure) 149965K->9842K(151680K), 0.0006630 secs]
366.435: [GC (Allocation Failure) 143680K->9939K(145792K), 0.0005480 secs]
366.498: [GC (Allocation Failure) 137855K->10037K(140288K), 0.0008160 secs]
366.561: [GC (Allocation Failure) 132284K->9923K(164288K), 0.0010670 secs]
366.634: [GC (Allocation Failure) 156339K->9939K(193152K), 0.0006810 secs]
366.723: [GC (Allocation Failure) 185150K->10021K(185216K), 0.0007700 secs]
366.804: [GC (Allocation Failure) 177269K->10025K(209024K), 0.0010730 secs]
366.897: [GC (Allocation Failure) 201049K->10041K(200256K), 0.0006840 secs]
366.985: [GC (Allocation Failure) 192222K->10025K(191680K), 0.0010110 secs]
367.072: [GC (Allocation Failure) 183942K->10236K(184000K), 0.0005540 secs]
367.152: [GC (Allocation Failure) 176207K->10139K(176320K), 0.0007000 secs]
367.226: [GC (Allocation Failure) 168538K->10123K(169152K), 0.0008940 secs]
367.300: [GC (Allocation Failure) 161344K->10334K(162560K), 0.0006010 secs]
367.370: [GC (Allocation Failure) 154790K->10236K(156032K), 0.0007530 secs]
367.439: [GC (Allocation Failure) 148208K->10236K(149760K), 0.0006790 secs]
367.505: [GC (Allocation Failure) 142103K->10318K(144000K), 0.0009060 secs]
367.569: [GC (Allocation Failure) 136390K->10236K(138368K), 0.0007470 secs]
367.630: [GC (Allocation Failure) 130712K->10318K(162240K), 0.0011360 secs]
367.700: [GC (Allocation Failure) 154575K->10236K(190592K), 0.0005970 secs]
367.785: [GC (Allocation Failure) 182887K->10334K(182848K), 0.0007140 secs]
367.866: [GC (Allocation Failure) 175122K->10236K(175232K), 0.0005400 secs]
367.941: [GC (Allocation Failure) 167557K->10334K(168256K), 0.0006500 secs]
368.013: [GC (Allocation Failure) 160565K->10236K(161408K), 0.0006990 secs]
368.082: [GC (Allocation Failure) 153703K->10236K(155008K), 0.0005500 secs]
368.152: [GC (Allocation Failure) 147316K->10338K(149056K), 0.0007060 secs]
368.218: [GC (Allocation Failure) 141325K->10224K(174784K), 0.0011760 secs]
368.294: [GC (Allocation Failure) 167066K->10240K(167680K), 0.0007030 secs]
368.367: [GC (Allocation Failure) 159995K->10342K(161088K), 0.0007490 secs]
368.440: [GC (Allocation Failure) 153425K->10244K(154560K), 0.0006760 secs]
368.508: [GC (Allocation Failure) 146930K->10346K(148608K), 0.0006030 secs]
368.570: [GC (Allocation Failure) 140947K->10248K(142720K), 0.0005480 secs]
368.632: [GC (Allocation Failure) 135051K->10248K(137216K), 0.0005550 secs]
368.691: [GC (Allocation Failure) 129544K->10248K(132032K), 0.0007270 secs]
368.747: [GC (Allocation Failure) 124330K->10346K(127168K), 0.0007210 secs]
368.800: [GC (Allocation Failure) 119504K->10248K(122304K), 0.0005560 secs]
368.853: [GC (Allocation Failure) 114609K->10248K(117824K), 0.0007030 secs]
368.902: [GC (Allocation Failure) 110176K->10346K(137728K), 0.0006890 secs]
368.959: [GC (Allocation Failure) 130032K->10346K(161344K), 0.0005870 secs]
369.030: [GC (Allocation Failure) 153616K->10346K(154752K), 0.0005950 secs]
369.096: [GC (Allocation Failure) 147232K->10444K(148736K), 0.0006850 secs]
369.161: [GC (Allocation Failure) 141323K->10444K(142976K), 0.0007140 secs]
369.223: [GC (Allocation Failure) 135537K->10541K(137600K), 0.0005770 secs]
369.281: [GC (Allocation Failure) 130128K->10444K(132224K), 0.0005450 secs]
369.335: [GC (Allocation Failure) 124725K->10525K(154880K), 0.0008860 secs]
369.402: [GC (Allocation Failure) 147397K->10444K(181760K), 0.0006960 secs]
369.483: [GC (Allocation Failure) 174326K->10444K(174336K), 0.0006820 secs]
369.557: [GC (Allocation Failure) 166882K->10541K(167424K), 0.0006620 secs]
369.631: [GC (Allocation Failure) 159892K->10428K(196736K), 0.0010570 secs]
369.716: [GC (Allocation Failure) 189270K->10444K(188544K), 0.0006050 secs]
369.800: [GC (Allocation Failure) 181039K->10444K(180800K), 0.0007560 secs]
369.881: [GC (Allocation Failure) 173363K->10428K(173440K), 0.0010570 secs]
369.961: [GC (Allocation Failure) 165985K->10541K(166592K), 0.0007400 secs]
370.032: [GC (Allocation Failure) 159122K->10541K(159744K), 0.0005310 secs]
370.100: [GC (Allocation Failure) 152436K->10737K(153600K), 0.0005600 secs]
370.166: [GC (Allocation Failure) 146341K->10721K(180224K), 0.0010590 secs]
370.246: [GC (Allocation Failure) 172954K->10623K(201984K), 0.0010600 secs]
370.335: [GC (Allocation Failure) 194474K->10721K(212352K), 0.0013560 secs]
370.434: [GC (Allocation Failure) 204974K->10623K(212352K), 0.0008650 secs]
370.529: [GC (Allocation Failure) 204901K->10834K(250624K), 0.0009030 secs]
370.661: [GC (Allocation Failure) 243337K->10721K(239680K), 0.0013360 secs]
370.772: [GC (Allocation Failure) 232415K->10725K(250304K), 0.0013110 secs]
370.887: [GC (Allocation Failure) 243129K->10725K(239488K), 0.0007970 secs]
370.998: [GC (Allocation Failure) 232316K->10936K(229184K), 0.0007300 secs]
371.099: [GC (Allocation Failure) 222211K->11018K(219456K), 0.0010830 secs]
371.200: [GC (Allocation Failure) 212468K->11018K(210176K), 0.0007810 secs]
371.293: [GC (Allocation Failure) 203229K->11034K(201408K), 0.0006390 secs]
371.387: [GC (Allocation Failure) 194391K->11034K(192896K), 0.0006760 secs]
371.471: [GC (Allocation Failure) 186057K->11034K(184896K), 0.0005550 secs]
371.551: [GC (Allocation Failure) 178068K->11034K(177344K), 0.0005500 secs]
371.630: [GC (Allocation Failure) 170505K->11131K(170304K), 0.0007280 secs]
371.706: [GC (Allocation Failure) 163425K->11131K(163328K), 0.0007110 secs]
371.777: [GC (Allocation Failure) 156564K->11229K(156928K), 0.0005770 secs]
371.845: [GC (Allocation Failure) 150086K->11115K(150592K), 0.0010590 secs]
371.913: [GC (Allocation Failure) 143777K->11131K(144704K), 0.0007160 secs]
371.974: [GC (Allocation Failure) 137894K->11131K(139136K), 0.0007350 secs]
372.032: [GC (Allocation Failure) 132378K->11131K(133824K), 0.0005480 secs]
372.087: [GC (Allocation Failure) 127085K->11233K(128896K), 0.0007190 secs]
372.142: [GC (Allocation Failure) 122074K->11119K(150720K), 0.0010780 secs]
372.207: [GC (Allocation Failure) 143975K->11135K(176960K), 0.0005310 secs]
372.281: [GC (Allocation Failure) 170224K->11237K(169920K), 0.0005780 secs]
372.357: [GC (Allocation Failure) 163152K->11237K(162944K), 0.0005770 secs]
372.425: [GC (Allocation Failure) 156271K->11335K(156608K), 0.0007630 secs]
372.492: [GC (Allocation Failure) 149898K->11339K(150336K), 0.0007160 secs]
372.558: [GC (Allocation Failure) 143797K->11436K(144576K), 0.0007300 secs]
372.619: [GC (Allocation Failure) 137999K->11420K(169472K), 0.0007490 secs]
372.693: [GC (Allocation Failure) 162954K->11420K(199360K), 0.0011460 secs]
372.781: [GC (Allocation Failure) 192828K->11436K(235008K), 0.0007080 secs]
372.888: [GC (Allocation Failure) 228510K->11436K(224960K), 0.0005650 secs]
372.985: [GC (Allocation Failure) 218459K->11518K(215488K), 0.0008320 secs]
373.079: [GC (Allocation Failure) 209030K->11534K(206464K), 0.0006700 secs]
373.170: [GC (Allocation Failure) 200002K->11534K(197696K), 0.0005320 secs]
373.257: [GC (Allocation Failure) 191356K->11632K(189632K), 0.0007370 secs]
373.340: [GC (Allocation Failure) 183205K->11632K(181696K), 0.0005790 secs]
373.419: [GC (Allocation Failure) 175436K->11636K(174272K), 0.0005500 secs]
373.493: [GC (Allocation Failure) 167972K->11733K(167360K), 0.0005620 secs]
373.566: [GC (Allocation Failure) 161103K->11737K(160640K), 0.0005700 secs]
373.635: [GC (Allocation Failure) 154320K->11640K(154112K), 0.0005020 secs]
373.698: [GC (Allocation Failure) 147934K->11835K(148224K), 0.0006440 secs]
373.763: [GC (Allocation Failure) 142037K->11737K(142336K), 0.0006250 secs]
373.822: [GC (Allocation Failure) 136142K->11737K(136896K), 0.0007300 secs]
373.881: [GC (Allocation Failure) 130739K->11835K(131840K), 0.0007340 secs]
373.935: [GC (Allocation Failure) 125622K->11835K(126912K), 0.0005740 secs]
373.987: [GC (Allocation Failure) 120712K->11835K(122048K), 0.0006700 secs]
374.038: [GC (Allocation Failure) 116091K->11933K(142656K), 0.0006250 secs]
374.098: [GC (Allocation Failure) 136729K->11933K(167232K), 0.0007040 secs]
374.170: [GC (Allocation Failure) 161285K->11933K(160512K), 0.0007160 secs]
374.238: [GC (Allocation Failure) 154521K->12030K(154304K), 0.0007240 secs]
374.302: [GC (Allocation Failure) 148336K->11937K(148096K), 0.0007620 secs]
374.366: [GC (Allocation Failure) 142141K->12116K(173888K), 0.0011360 secs]
374.446: [GC (Allocation Failure) 168060K->12132K(204736K), 0.0007760 secs]
374.538: [GC (Allocation Failure) 198838K->12038K(196032K), 0.0006870 secs]
374.625: [GC (Allocation Failure) 190193K->12136K(188032K), 0.0007410 secs]
374.710: [GC (Allocation Failure) 182130K->12120K(221504K), 0.0010690 secs]
374.811: [GC (Allocation Failure) 215639K->12038K(212032K), 0.0007270 secs]
374.907: [GC (Allocation Failure) 206209K->12022K(203136K), 0.0007660 secs]
374.996: [GC (Allocation Failure) 197250K->12140K(194816K), 0.0007530 secs]
375.083: [GC (Allocation Failure) 188921K->12042K(186624K), 0.0006100 secs]
375.164: [GC (Allocation Failure) 180776K->12140K(179072K), 0.0005810 secs]
375.244: [GC (Allocation Failure) 173196K->12046K(171648K), 0.0007270 secs]
375.320: [GC (Allocation Failure) 165823K->12144K(164864K), 0.0005850 secs]
375.391: [GC (Allocation Failure) 158953K->12128K(158208K), 0.0010460 secs]
375.459: [GC (Allocation Failure) 152354K->12046K(151872K), 0.0005630 secs]
375.524: [GC (Allocation Failure) 145977K->12128K(145984K), 0.0007950 secs]
375.587: [GC (Allocation Failure) 140160K->12046K(140288K), 0.0007260 secs]
375.648: [GC (Allocation Failure) 134387K->12144K(135040K), 0.0005530 secs]
375.707: [GC (Allocation Failure) 129177K->12046K(129792K), 0.0007730 secs]
375.762: [GC (Allocation Failure) 123969K->12128K(151936K), 0.0007780 secs]
375.826: [GC (Allocation Failure) 146064K->12050K(178304K), 0.0007430 secs]
375.906: [GC (Allocation Failure) 172424K->12034K(209984K), 0.0010980 secs]
375.997: [GC (Allocation Failure) 204138K->12148K(201280K), 0.0005920 secs]
376.089: [GC (Allocation Failure) 195403K->12050K(192768K), 0.0007080 secs]
376.175: [GC (Allocation Failure) 186958K->12050K(184832K), 0.0007270 secs]
376.257: [GC (Allocation Failure) 179002K->12148K(177408K), 0.0005830 secs]
376.335: [GC (Allocation Failure) 171530K->12132K(170176K), 0.0011220 secs]
376.411: [GC (Allocation Failure) 164340K->12050K(163264K), 0.0006630 secs]
376.483: [GC (Allocation Failure) 157395K->12148K(156864K), 0.0007290 secs]
376.551: [GC (Allocation Failure) 151000K->12034K(150528K), 0.0007590 secs]
376.618: [GC (Allocation Failure) 144694K->12050K(144640K), 0.0007290 secs]
376.679: [GC (Allocation Failure) 138810K->12050K(139072K), 0.0007480 secs]
376.738: [GC (Allocation Failure) 133214K->12132K(163072K), 0.0011090 secs]
376.808: [GC (Allocation Failure) 157188K->12152K(191808K), 0.0006290 secs]
376.893: [GC (Allocation Failure) 185894K->12152K(226048K), 0.0007720 secs]
376.996: [GC (Allocation Failure) 220189K->12054K(216256K), 0.0006880 secs]
377.093: [GC (Allocation Failure) 210433K->12250K(207296K), 0.0006460 secs]
377.186: [GC (Allocation Failure) 201504K->12234K(198528K), 0.0010900 secs]
377.277: [GC (Allocation Failure) 192812K->12250K(190336K), 0.0006060 secs]
377.363: [GC (Allocation Failure) 184594K->12254K(182400K), 0.0005950 secs]
377.446: [GC (Allocation Failure) 176753K->12351K(175104K), 0.0006650 secs]
377.522: [GC (Allocation Failure) 169374K->12351K(167872K), 0.0005730 secs]
377.596: [GC (Allocation Failure) 162298K->12433K(161216K), 0.0011100 secs]
377.669: [GC (Allocation Failure) 155710K->12449K(154880K), 0.0007080 secs]
377.737: [GC (Allocation Failure) 149337K->12335K(181760K), 0.0011530 secs]
377.815: [GC (Allocation Failure) 176147K->12449K(174336K), 0.0005710 secs]
377.890: [GC (Allocation Failure) 168890K->12547K(167424K), 0.0007650 secs]
377.964: [GC (Allocation Failure) 161905K->12547K(160576K), 0.0005800 secs]
378.034: [GC (Allocation Failure) 155223K->12649K(154304K), 0.0005980 secs]
378.101: [GC (Allocation Failure) 148935K->12551K(148096K), 0.0005610 secs]
378.165: [GC (Allocation Failure) 142759K->12649K(142464K), 0.0005960 secs]
378.225: [GC (Allocation Failure) 137048K->12649K(136896K), 0.0006500 secs]
378.283: [GC (Allocation Failure) 131635K->12649K(131712K), 0.0007380 secs]
378.340: [GC (Allocation Failure) 126439K->12649K(126784K), 0.0005720 secs]
378.393: [GC (Allocation Failure) 121521K->12653K(148288K), 0.0007490 secs]
378.458: [GC (Allocation Failure) 143050K->12734K(174144K), 0.0011130 secs]
378.533: [GC (Allocation Failure) 168880K->12653K(204928K), 0.0006800 secs]
378.628: [GC (Allocation Failure) 199656K->12750K(196480K), 0.0006980 secs]
378.715: [GC (Allocation Failure) 191201K->12750K(188352K), 0.0006690 secs]
378.799: [GC (Allocation Failure) 183048K->12653K(180416K), 0.0005220 secs]
378.878: [GC (Allocation Failure) 175180K->12738K(173120K), 0.0010930 secs]
378.957: [GC (Allocation Failure) 167999K->12738K(203776K), 0.0011210 secs]
379.045: [GC (Allocation Failure) 198652K->12754K(195264K), 0.0005890 secs]
379.132: [GC (Allocation Failure) 190115K->12836K(187264K), 0.0008140 secs]
379.214: [GC (Allocation Failure) 182139K->12754K(179520K), 0.0005830 secs]
379.296: [GC (Allocation Failure) 174400K->12852K(172352K), 0.0005490 secs]
379.369: [GC (Allocation Failure) 167130K->12852K(165376K), 0.0007170 secs]
379.440: [GC (Allocation Failure) 160153K->12738K(158528K), 0.0007710 secs]
379.507: [GC (Allocation Failure) 153454K->12852K(152384K), 0.0007220 secs]
379.575: [GC (Allocation Failure) 147366K->12950K(146560K), 0.0005870 secs]
379.635: [GC (Allocation Failure) 141483K->12950K(140864K), 0.0006710 secs]
379.695: [GC (Allocation Failure) 135780K->12950K(135296K), 0.0005530 secs]
379.753: [GC (Allocation Failure) 130365K->13047K(158528K), 0.0008910 secs]
379.825: [GC (Allocation Failure) 153685K->13145K(186368K), 0.0007550 secs]
379.909: [GC (Allocation Failure) 181478K->13047K(219456K), 0.0010390 secs]
380.009: [GC (Allocation Failure) 214591K->13145K(210176K), 0.0007950 secs]
380.104: [GC (Allocation Failure) 205448K->13145K(201344K), 0.0007670 secs]
380.195: [GC (Allocation Failure) 196599K->13243K(193088K), 0.0005930 secs]
380.278: [GC (Allocation Failure) 188342K->13227K(185024K), 0.0011530 secs]
380.359: [GC (Allocation Failure) 180276K->13243K(177408K), 0.0005540 secs]
380.435: [GC (Allocation Failure) 172730K->13243K(170176K), 0.0005800 secs]
380.508: [GC (Allocation Failure) 165541K->13243K(163328K), 0.0008660 secs]
380.584: [GC (Allocation Failure) 158668K->13243K(156800K), 0.0005860 secs]
380.652: [GC (Allocation Failure) 152090K->13340K(150720K), 0.0005600 secs]
380.714: [GC (Allocation Failure) 145998K->13340K(144832K), 0.0005900 secs]
380.776: [GC (Allocation Failure) 140101K->13340K(139072K), 0.0005600 secs]
380.835: [GC (Allocation Failure) 134597K->13536K(133952K), 0.0007670 secs]
380.895: [GC (Allocation Failure) 129493K->13536K(128896K), 0.0005430 secs]
380.950: [GC (Allocation Failure) 124375K->13536K(124096K), 0.0007880 secs]
381.005: [GC (Allocation Failure) 119560K->13438K(119360K), 0.0005190 secs]
381.055: [GC (Allocation Failure) 114949K->13637K(115200K), 0.0005840 secs]
381.100: [GC (Allocation Failure) 110825K->13540K(134208K), 0.0005600 secs]
381.159: [GC (Allocation Failure) 129887K->13544K(129152K), 0.0005870 secs]
381.210: [GC (Allocation Failure) 124777K->13544K(124352K), 0.0005700 secs]
381.262: [GC (Allocation Failure) 119963K->13641K(145472K), 0.0007870 secs]
381.327: [GC (Allocation Failure) 141101K->13544K(170496K), 0.0007290 secs]
381.400: [GC (Allocation Failure) 166155K->13641K(163776K), 0.0005960 secs]
381.474: [GC (Allocation Failure) 159372K->13544K(157120K), 0.0005570 secs]
381.543: [GC (Allocation Failure) 152771K->13641K(151040K), 0.0005920 secs]
381.606: [GC (Allocation Failure) 146697K->13641K(145024K), 0.0007310 secs]
381.668: [GC (Allocation Failure) 140783K->13739K(139520K), 0.0007520 secs]
381.729: [GC (Allocation Failure) 135197K->13723K(163456K), 0.0011010 secs]
381.801: [GC (Allocation Failure) 159253K->13641K(192064K), 0.0006170 secs]
381.887: [GC (Allocation Failure) 187775K->13645K(184128K), 0.0005750 secs]
381.967: [GC (Allocation Failure) 179910K->13645K(176576K), 0.0005850 secs]
382.046: [GC (Allocation Failure) 172333K->13743K(169536K), 0.0006610 secs]
382.118: [GC (Allocation Failure) 165266K->13743K(162752K), 0.0007720 secs]
382.189: [GC (Allocation Failure) 158496K->13747K(156096K), 0.0006110 secs]
382.257: [GC (Allocation Failure) 151996K->13942K(150144K), 0.0005870 secs]
382.321: [GC (Allocation Failure) 146010K->13942K(144320K), 0.0007510 secs]
382.383: [GC (Allocation Failure) 140209K->13845K(138624K), 0.0005720 secs]
382.439: [GC (Allocation Failure) 134594K->13926K(133376K), 0.0007930 secs]
382.496: [GC (Allocation Failure) 129380K->13845K(128320K), 0.0006210 secs]
382.552: [GC (Allocation Failure) 124295K->13829K(150208K), 0.0011340 secs]
382.616: [GC (Allocation Failure) 146091K->13845K(176320K), 0.0005750 secs]
382.692: [GC (Allocation Failure) 172250K->13845K(207616K), 0.0007410 secs]
382.789: [GC (Allocation Failure) 203603K->13942K(199040K), 0.0007680 secs]
382.877: [GC (Allocation Failure) 194934K->13926K(227200K), 0.0011730 secs]
382.981: [GC (Allocation Failure) 223126K->13845K(217472K), 0.0006690 secs]
383.077: [GC (Allocation Failure) 213419K->13942K(208256K), 0.0007160 secs]
383.169: [GC (Allocation Failure) 204268K->13930K(199552K), 0.0011560 secs]
383.260: [GC (Allocation Failure) 195613K->14044K(191360K), 0.0005970 secs]
383.342: [GC (Allocation Failure) 187383K->14044K(183488K), 0.0009010 secs]
383.425: [GC (Allocation Failure) 179518K->14048K(175808K), 0.0007010 secs]
383.503: [GC (Allocation Failure) 172052K->14243K(168896K), 0.0007800 secs]
383.578: [GC (Allocation Failure) 165074K->14146K(161984K), 0.0007410 secs]
383.649: [GC (Allocation Failure) 158193K->14146K(155520K), 0.0007430 secs]
383.715: [GC (Allocation Failure) 151718K->14146K(149376K), 0.0007590 secs]
383.778: [GC (Allocation Failure) 145627K->14146K(143552K), 0.0005910 secs]
383.838: [GC (Allocation Failure) 139829K->14243K(138176K), 0.0006620 secs]
383.897: [GC (Allocation Failure) 134422K->14146K(132800K), 0.0006780 secs]
383.953: [GC (Allocation Failure) 129017K->14243K(127808K), 0.0005970 secs]
384.006: [GC (Allocation Failure) 124107K->14341K(123200K), 0.0006110 secs]
384.057: [GC (Allocation Failure) 119472K->14341K(143744K), 0.0007400 secs]
384.117: [GC (Allocation Failure) 140220K->14439K(168640K), 0.0006750 secs]
384.193: [GC (Allocation Failure) 165162K->14439K(198400K), 0.0009960 secs]
384.283: [GC (Allocation Failure) 194946K->14520K(224640K), 0.0011620 secs]
384.383: [GC (Allocation Failure) 221095K->14634K(234240K), 0.0007460 secs]
384.494: [GC (Allocation Failure) 230730K->14427K(234240K), 0.0013150 secs]
384.604: [GC (Allocation Failure) 230606K->14540K(224128K), 0.0009110 secs]
384.706: [GC (Allocation Failure) 220608K->14638K(214656K), 0.0006840 secs]
384.800: [GC (Allocation Failure) 211174K->14540K(205248K), 0.0007650 secs]
384.890: [GC (Allocation Failure) 202029K->14935K(197056K), 0.0009210 secs]
384.978: [GC (Allocation Failure) 193877K->14740K(188672K), 0.0007440 secs]
385.060: [GC (Allocation Failure) 185527K->14740K(180928K), 0.0005850 secs]
385.139: [GC (Allocation Failure) 177757K->14821K(173632K), 0.0008440 secs]
385.214: [GC (Allocation Failure) 170479K->14821K(166592K), 0.0009950 secs]
385.286: [GC (Allocation Failure) 163492K->14740K(159872K), 0.0005730 secs]
385.354: [GC (Allocation Failure) 156735K->14935K(153728K), 0.0007740 secs]
385.419: [GC (Allocation Failure) 150544K->14837K(147648K), 0.0005770 secs]
385.484: [GC (Allocation Failure) 144443K->14837K(141952K), 0.0007150 secs]
385.545: [GC (Allocation Failure) 138743K->14837K(136384K), 0.0006000 secs]
385.603: [GC (Allocation Failure) 133349K->14919K(159872K), 0.0009710 secs]
385.672: [GC (Allocation Failure) 156811K->14935K(187968K), 0.0008240 secs]
385.752: [GC (Allocation Failure) 184840K->14837K(180096K), 0.0006120 secs]
385.831: [GC (Allocation Failure) 177074K->14935K(172864K), 0.0007860 secs]
385.907: [GC (Allocation Failure) 169810K->14935K(165888K), 0.0006550 secs]
385.979: [GC (Allocation Failure) 162826K->14837K(159104K), 0.0007570 secs]
386.048: [GC (Allocation Failure) 156037K->14919K(187072K), 0.0014280 secs]
386.132: [GC (Allocation Failure) 184032K->14837K(220352K), 0.0005980 secs]
386.229: [GC (Allocation Failure) 217280K->14935K(211136K), 0.0006930 secs]
386.322: [GC (Allocation Failure) 208028K->14935K(202112K), 0.0005990 secs]
386.413: [GC (Allocation Failure) 199182K->14935K(193664K), 0.0005890 secs]
386.497: [GC (Allocation Failure) 190735K->15033K(185792K), 0.0006750 secs]
386.578: [GC (Allocation Failure) 182771K->15033K(178176K), 0.0009280 secs]
386.657: [GC (Allocation Failure) 175199K->14935K(170752K), 0.0007200 secs]
386.733: [GC (Allocation Failure) 167838K->15033K(163968K), 0.0006150 secs]
386.804: [GC (Allocation Failure) 161049K->15033K(157440K), 0.0007950 secs]
386.875: [GC (Allocation Failure) 154570K->15114K(185088K), 0.0014340 secs]
386.958: [GC (Allocation Failure) 182261K->15130K(218112K), 0.0006630 secs]
387.055: [GC (Allocation Failure) 215196K->15228K(208960K), 0.0007440 secs]
387.147: [GC (Allocation Failure) 206061K->15130K(199808K), 0.0007780 secs]
387.235: [GC (Allocation Failure) 197218K->15423K(191936K), 0.0007380 secs]
387.320: [GC (Allocation Failure) 189157K->15326K(183744K), 0.0005990 secs]
387.400: [GC (Allocation Failure) 181199K->15423K(176384K), 0.0006730 secs]
387.475: [GC (Allocation Failure) 173737K->15423K(169216K), 0.0005890 secs]
387.548: [GC (Allocation Failure) 166635K->15521K(162496K), 0.0007950 secs]
387.621: [GC (Allocation Failure) 159967K->15326K(155840K), 0.0005520 secs]
387.687: [GC (Allocation Failure) 153290K->15310K(183104K), 0.0013320 secs]
387.768: [GC (Allocation Failure) 180492K->15423K(175744K), 0.0006130 secs]
387.845: [GC (Allocation Failure) 173138K->15423K(206784K), 0.0009180 secs]
387.937: [GC (Allocation Failure) 204178K->15407K(243904K), 0.0013000 secs]
388.056: [GC (Allocation Failure) 241323K->15423K(233472K), 0.0009090 secs]
388.163: [GC (Allocation Failure) 230826K->15326K(223360K), 0.0007460 secs]
388.264: [GC (Allocation Failure) 220787K->15521K(214080K), 0.0006940 secs]
388.358: [GC (Allocation Failure) 211476K->15521K(204992K), 0.0008770 secs]
388.449: [GC (Allocation Failure) 202518K->15521K(196416K), 0.0008680 secs]
388.537: [GC (Allocation Failure) 193873K->15521K(188160K), 0.0008620 secs]
388.621: [GC (Allocation Failure) 185808K->15521K(180416K), 0.0006260 secs]
388.700: [GC (Allocation Failure) 178046K->15521K(173056K), 0.0008780 secs]
388.775: [GC (Allocation Failure) 170676K->15716K(166272K), 0.0009840 secs]
388.848: [GC (Allocation Failure) 163893K->15619K(159552K), 0.0005970 secs]
388.915: [GC (Allocation Failure) 157116K->15716K(153280K), 0.0006670 secs]
388.983: [GC (Allocation Failure) 150924K->15619K(147072K), 0.0005900 secs]
389.046: [GC (Allocation Failure) 144741K->15700K(172608K), 0.0009910 secs]
389.121: [GC (Allocation Failure) 170371K->15720K(165696K), 0.0007100 secs]
389.193: [GC (Allocation Failure) 163411K->15607K(194752K), 0.0013770 secs]
389.280: [GC (Allocation Failure) 192488K->15623K(229632K), 0.0008380 secs]
389.387: [GC (Allocation Failure) 227383K->15818K(220032K), 0.0006930 secs]
389.481: [GC (Allocation Failure) 217757K->15627K(210560K), 0.0006060 secs]
389.574: [GC (Allocation Failure) 208323K->15708K(201792K), 0.0012790 secs]
389.665: [GC (Allocation Failure) 199566K->15611K(237952K), 0.0012390 secs]
389.772: [GC (Allocation Failure) 235631K->15724K(227840K), 0.0006900 secs]
389.875: [GC (Allocation Failure) 225507K->15627K(217984K), 0.0006030 secs]
389.970: [GC (Allocation Failure) 215691K->15724K(208896K), 0.0009070 secs]
390.061: [GC (Allocation Failure) 206547K->15611K(200000K), 0.0010480 secs]
390.154: [GC (Allocation Failure) 197696K->15826K(191872K), 0.0009520 secs]
390.237: [GC (Allocation Failure) 189569K->15728K(183872K), 0.0005900 secs]
390.317: [GC (Allocation Failure) 181600K->15826K(176448K), 0.0009200 secs]
390.395: [GC (Allocation Failure) 174133K->15631K(169088K), 0.0007230 secs]
390.470: [GC (Allocation Failure) 166862K->15728K(162432K), 0.0008910 secs]
390.542: [GC (Allocation Failure) 160081K->15631K(155840K), 0.0007640 secs]
390.611: [GC (Allocation Failure) 153604K->15631K(149696K), 0.0006020 secs]
390.678: [GC (Allocation Failure) 147405K->15728K(144000K), 0.0006230 secs]
390.740: [GC (Allocation Failure) 141712K->15830K(138496K), 0.0007170 secs]
390.799: [GC (Allocation Failure) 136208K->15635K(133056K), 0.0007240 secs]
390.856: [GC (Allocation Failure) 130790K->15736K(155904K), 0.0009350 secs]
390.924: [GC (Allocation Failure) 153608K->15736K(183040K), 0.0005870 secs]
391.006: [GC (Allocation Failure) 180714K->15736K(215552K), 0.0008850 secs]
391.104: [GC (Allocation Failure) 213245K->15639K(206336K), 0.0006620 secs]
391.197: [GC (Allocation Failure) 204116K->15639K(197696K), 0.0006120 secs]
391.287: [GC (Allocation Failure) 195462K->15639K(189504K), 0.0006040 secs]
391.371: [GC (Allocation Failure) 187207K->15623K(181696K), 0.0013530 secs]
391.451: [GC (Allocation Failure) 179424K->15834K(174464K), 0.0008800 secs]
391.527: [GC (Allocation Failure) 172173K->15639K(167232K), 0.0006010 secs]
391.597: [GC (Allocation Failure) 164997K->15639K(160512K), 0.0006670 secs]
391.665: [GC (Allocation Failure) 158233K->15834K(154368K), 0.0006920 secs]
391.732: [GC (Allocation Failure) 152131K->15639K(148096K), 0.0006160 secs]
391.794: [GC (Allocation Failure) 145838K->15834K(142528K), 0.0007710 secs]
391.858: [GC (Allocation Failure) 140237K->15720K(166912K), 0.0008610 secs]
391.930: [GC (Allocation Failure) 164689K->15834K(160384K), 0.0006640 secs]
391.999: [GC (Allocation Failure) 158115K->15736K(153856K), 0.0007840 secs]
392.065: [GC (Allocation Failure) 151728K->15834K(180800K), 0.0012140 secs]
392.145: [GC (Allocation Failure) 178566K->15818K(212928K), 0.0012350 secs]
392.242: [GC (Allocation Failure) 210780K->15838K(251456K), 0.0006660 secs]
392.359: [GC (Allocation Failure) 249218K->15740K(240448K), 0.0007560 secs]
392.467: [GC (Allocation Failure) 238313K->15822K(230208K), 0.0010010 secs]
392.572: [GC (Allocation Failure) 228090K->15842K(220480K), 0.0007380 secs]
392.676: [GC (Allocation Failure) 218272K->15826K(211072K), 0.0014730 secs]
392.770: [GC (Allocation Failure) 208919K->15744K(202112K), 0.0007730 secs]
392.861: [GC (Allocation Failure) 199906K->15842K(193792K), 0.0008860 secs]
392.951: [GC (Allocation Failure) 191623K->15846K(185664K), 0.0006020 secs]
393.034: [GC (Allocation Failure) 183594K->15846K(178048K), 0.0006000 secs]
393.110: [GC (Allocation Failure) 176020K->15846K(170816K), 0.0006720 secs]
393.186: [GC (Allocation Failure) 168736K->15948K(164096K), 0.0009040 secs]
393.259: [GC (Allocation Failure) 161971K->15850K(157440K), 0.0007580 secs]
393.326: [GC (Allocation Failure) 155381K->15834K(151232K), 0.0009320 secs]
393.391: [GC (Allocation Failure) 149178K->15932K(177600K), 0.0008070 secs]
393.470: [GC (Allocation Failure) 175609K->15854K(209024K), 0.0014040 secs]
393.561: [GC (Allocation Failure) 206986K->15952K(246848K), 0.0007120 secs]
393.672: [GC (Allocation Failure) 244722K->16049K(236288K), 0.0008940 secs]
393.780: [GC (Allocation Failure) 234195K->15952K(225792K), 0.0007820 secs]
393.882: [GC (Allocation Failure) 224077K->16342K(216576K), 0.0007600 secs]
393.980: [GC (Allocation Failure) 214841K->16245K(207360K), 0.0008450 secs]
394.072: [GC (Allocation Failure) 205611K->16151K(198528K), 0.0006160 secs]
394.160: [GC (Allocation Failure) 196748K->16151K(190272K), 0.0006140 secs]
394.242: [GC (Allocation Failure) 188489K->16151K(182400K), 0.0006100 secs]
394.322: [GC (Allocation Failure) 180649K->16151K(174976K), 0.0005860 secs]
394.398: [GC (Allocation Failure) 173263K->16346K(168064K), 0.0006890 secs]
394.469: [GC (Allocation Failure) 166297K->16346K(161280K), 0.0007150 secs]
394.543: [GC (Allocation Failure) 159622K->16346K(154880K), 0.0007140 secs]
394.610: [GC (Allocation Failure) 153231K->16253K(148672K), 0.0006860 secs]
394.674: [GC (Allocation Failure) 147041K->16350K(143040K), 0.0008930 secs]
394.734: [GC (Allocation Failure) 141345K->16350K(137536K), 0.0005940 secs]
394.793: [GC (Allocation Failure) 135844K->16350K(132288K), 0.0006750 secs]
394.849: [GC (Allocation Failure) 130630K->16253K(154752K), 0.0007690 secs]
394.916: [GC (Allocation Failure) 153134K->16354K(181888K), 0.0007710 secs]
394.998: [GC (Allocation Failure) 180162K->16257K(174336K), 0.0006850 secs]
395.075: [GC (Allocation Failure) 172685K->16257K(167296K), 0.0006220 secs]
395.145: [GC (Allocation Failure) 165612K->16257K(160576K), 0.0006140 secs]
395.214: [GC (Allocation Failure) 158940K->16354K(154304K), 0.0008640 secs]
395.284: [GC (Allocation Failure) 152658K->16354K(148096K), 0.0006040 secs]
395.345: [GC (Allocation Failure) 146559K->16452K(173888K), 0.0011910 secs]
395.420: [GC (Allocation Failure) 172300K->16354K(204544K), 0.0007790 secs]
395.512: [GC (Allocation Failure) 202960K->16554K(196160K), 0.0006850 secs]
395.597: [GC (Allocation Failure) 194605K->16440K(231104K), 0.0011970 secs]
395.699: [GC (Allocation Failure) 229680K->16651K(221440K), 0.0007050 secs]
395.796: [GC (Allocation Failure) 219975K->16460K(211840K), 0.0007910 secs]
395.889: [GC (Allocation Failure) 210429K->16558K(203072K), 0.0008010 secs]
395.985: [GC (Allocation Failure) 201594K->16542K(194560K), 0.0012450 secs]
396.071: [GC (Allocation Failure) 193130K->16655K(186624K), 0.0007990 secs]
396.153: [GC (Allocation Failure) 185176K->16542K(178816K), 0.0008520 secs]
396.235: [GC (Allocation Failure) 177396K->16448K(210496K), 0.0013880 secs]
396.330: [GC (Allocation Failure) 209053K->16464K(201664K), 0.0005990 secs]
396.421: [GC (Allocation Failure) 200215K->16562K(193408K), 0.0008100 secs]
396.509: [GC (Allocation Failure) 191973K->16562K(185408K), 0.0009080 secs]
396.592: [GC (Allocation Failure) 183918K->16464K(177664K), 0.0006210 secs]
396.668: [GC (Allocation Failure) 176248K->16464K(170432K), 0.0005860 secs]
396.741: [GC (Allocation Failure) 168979K->16562K(163712K), 0.0008200 secs]
396.811: [GC (Allocation Failure) 162201K->16464K(157056K), 0.0006110 secs]
396.880: [GC (Allocation Failure) 155602K->16562K(150976K), 0.0008980 secs]
396.945: [GC (Allocation Failure) 149514K->16562K(144960K), 0.0007070 secs]
397.006: [GC (Allocation Failure) 143623K->16566K(139392K), 0.0006160 secs]
397.065: [GC (Allocation Failure) 138011K->16566K(134080K), 0.0006160 secs]
397.121: [GC (Allocation Failure) 132720K->16566K(129024K), 0.0005910 secs]
397.175: [GC (Allocation Failure) 127693K->16663K(151104K), 0.0007830 secs]
397.238: [GC (Allocation Failure) 149715K->16663K(145216K), 0.0006340 secs]
397.301: [GC (Allocation Failure) 143814K->16663K(139392K), 0.0006530 secs]
397.362: [GC (Allocation Failure) 138220K->16761K(163392K), 0.0007950 secs]
397.434: [GC (Allocation Failure) 162280K->16859K(156992K), 0.0006150 secs]
397.502: [GC (Allocation Failure) 155809K->16843K(184384K), 0.0012630 secs]
397.583: [GC (Allocation Failure) 183305K->16859K(217152K), 0.0005900 secs]
397.678: [GC (Allocation Failure) 216145K->16960K(208128K), 0.0008100 secs]
397.774: [GC (Allocation Failure) 207104K->16863K(199296K), 0.0007690 secs]
397.865: [GC (Allocation Failure) 198252K->16863K(190976K), 0.0008290 secs]
397.951: [GC (Allocation Failure) 189903K->16960K(183232K), 0.0008020 secs]
398.032: [GC (Allocation Failure) 182152K->16863K(175616K), 0.0006160 secs]
398.108: [GC (Allocation Failure) 174582K->17058K(168512K), 0.0007620 secs]
398.180: [GC (Allocation Failure) 167690K->17058K(161728K), 0.0006110 secs]
398.252: [GC (Allocation Failure) 160915K->17058K(155328K), 0.0009750 secs]
398.323: [GC (Allocation Failure) 154527K->17156K(149376K), 0.0008100 secs]
398.387: [GC (Allocation Failure) 148544K->17058K(143424K), 0.0007750 secs]
398.451: [GC (Allocation Failure) 142551K->17156K(138048K), 0.0007090 secs]
398.508: [GC (Allocation Failure) 137137K->17058K(161600K), 0.0007560 secs]
398.579: [GC (Allocation Failure) 160728K->17058K(155200K), 0.0006300 secs]
398.647: [GC (Allocation Failure) 154329K->17156K(149248K), 0.0006180 secs]
398.709: [GC (Allocation Failure) 148341K->17058K(143296K), 0.0006470 secs]
398.770: [GC (Allocation Failure) 142449K->17058K(168000K), 0.0007940 secs]
398.845: [GC (Allocation Failure) 167109K->17156K(197760K), 0.0009070 secs]
398.931: [GC (Allocation Failure) 196884K->17058K(189440K), 0.0005940 secs]
399.017: [GC (Allocation Failure) 188625K->17058K(181632K), 0.0008110 secs]
399.095: [GC (Allocation Failure) 180770K->17058K(174208K), 0.0006690 secs]
399.171: [GC (Allocation Failure) 173405K->17156K(167296K), 0.0006150 secs]
399.243: [GC (Allocation Failure) 166413K->17042K(196480K), 0.0012160 secs]
399.330: [GC (Allocation Failure) 195787K->17237K(231936K), 0.0012440 secs]
399.436: [GC (Allocation Failure) 231169K->17144K(246528K), 0.0013140 secs]
399.547: [GC (Allocation Failure) 245622K->17257K(235840K), 0.0006580 secs]
399.652: [GC (Allocation Failure) 235030K->17261K(225408K), 0.0006440 secs]
399.752: [GC (Allocation Failure) 224993K->17554K(216128K), 0.0005870 secs]
399.850: [GC (Allocation Failure) 215638K->17538K(206976K), 0.0012750 secs]
399.943: [GC (Allocation Failure) 206502K->17457K(198272K), 0.0008020 secs]
400.031: [GC (Allocation Failure) 197865K->17461K(190016K), 0.0007910 secs]
400.114: [GC (Allocation Failure) 189525K->17558K(182336K), 0.0008180 secs]
400.197: [GC (Allocation Failure) 181867K->17558K(174784K), 0.0006340 secs]
400.272: [GC (Allocation Failure) 174486K->17558K(167680K), 0.0006270 secs]
400.343: [GC (Allocation Failure) 167309K->17558K(160960K), 0.0008090 secs]
400.414: [GC (Allocation Failure) 160636K->17562K(154560K), 0.0008070 secs]
400.479: [GC (Allocation Failure) 154235K->17644K(148544K), 0.0008820 secs]
400.540: [GC (Allocation Failure) 148236K->17562K(174272K), 0.0007150 secs]
400.616: [GC (Allocation Failure) 173902K->17660K(167360K), 0.0006080 secs]
400.691: [GC (Allocation Failure) 167027K->17660K(160640K), 0.0008430 secs]
400.759: [GC (Allocation Failure) 160245K->17562K(154112K), 0.0007930 secs]
400.760: [Full GC (Ergonomics) 17562K->847K(153920K), 0.0095710 secs]
400.838: [GC (Allocation Failure) 137131K->1172K(148032K), 0.0004890 secs]
400.900: [GC (Allocation Failure) 131372K->1075K(142144K), 0.0004620 secs]
400.961: [GC (Allocation Failure) 125487K->1075K(136704K), 0.0005070 secs]
401.017: [GC (Allocation Failure) 120072K->1176K(131648K), 0.0005770 secs]
401.072: [GC (Allocation Failure) 114951K->1176K(126720K), 0.0005080 secs]
401.126: [GC (Allocation Failure) 110048K->1160K(121728K), 0.0006010 secs]
401.177: [GC (Allocation Failure) 105326K->1372K(117504K), 0.0004830 secs]
401.227: [GC (Allocation Failure) 101015K->1372K(113280K), 0.0004720 secs]
401.271: [GC (Allocation Failure) 96787K->1274K(109120K), 0.0005760 secs]
401.315: [GC (Allocation Failure) 92661K->1274K(105280K), 0.0005090 secs]
401.359: [GC (Allocation Failure) 88831K->1372K(101760K), 0.0005350 secs]
401.400: [GC (Allocation Failure) 85295K->1372K(98176K), 0.0005180 secs]
401.440: [GC (Allocation Failure) 81858K->1372K(114048K), 0.0005350 secs]
401.488: [GC (Allocation Failure) 97675K->1372K(109952K), 0.0004710 secs]
401.531: [GC (Allocation Failure) 93645K->1453K(128256K), 0.0006150 secs]
401.583: [GC (Allocation Failure) 111909K->1453K(150080K), 0.0007750 secs]
401.648: [GC (Allocation Failure) 133721K->1453K(176192K), 0.0007010 secs]
401.725: [GC (Allocation Failure) 159855K->1469K(168960K), 0.0006050 secs]
401.802: [GC (Allocation Failure) 152696K->1453K(162176K), 0.0005900 secs]
401.870: [GC (Allocation Failure) 145902K->1469K(155712K), 0.0004640 secs]
401.936: [GC (Allocation Failure) 139433K->1473K(149568K), 0.0004790 secs]
402.001: [GC (Allocation Failure) 133345K->1571K(143872K), 0.0006190 secs]
402.062: [GC (Allocation Failure) 127643K->1575K(138304K), 0.0005050 secs]
402.120: [GC (Allocation Failure) 122050K->1575K(132864K), 0.0004590 secs]
402.176: [GC (Allocation Failure) 116742K->1770K(128064K), 0.0005930 secs]
402.231: [GC (Allocation Failure) 112026K->1770K(123264K), 0.0005480 secs]
402.281: [GC (Allocation Failure) 107209K->1661K(118592K), 0.0005950 secs]
402.330: [GC (Allocation Failure) 102581K->1774K(114304K), 0.0004840 secs]
402.377: [GC (Allocation Failure) 98361K->1778K(110208K), 0.0005960 secs]
402.421: [GC (Allocation Failure) 94246K->1974K(128704K), 0.0006030 secs]
402.476: [GC (Allocation Failure) 112821K->1876K(123840K), 0.0005560 secs]
402.531: [GC (Allocation Failure) 107913K->1778K(119168K), 0.0005220 secs]
402.582: [GC (Allocation Failure) 103189K->1762K(139200K), 0.0006800 secs]
402.642: [GC (Allocation Failure) 123219K->1778K(133888K), 0.0004780 secs]
402.697: [GC (Allocation Failure) 117925K->1778K(128832K), 0.0004680 secs]
402.751: [GC (Allocation Failure) 112915K->1876K(124160K), 0.0005730 secs]
402.806: [GC (Allocation Failure) 108198K->1876K(119552K), 0.0005040 secs]
402.854: [GC (Allocation Failure) 103579K->1778K(115008K), 0.0004980 secs]
402.901: [GC (Allocation Failure) 99163K->1974K(111040K), 0.0006020 secs]
402.947: [GC (Allocation Failure) 95129K->1958K(129408K), 0.0006180 secs]
403.002: [GC (Allocation Failure) 113593K->1974K(151488K), 0.0006260 secs]
403.067: [GC (Allocation Failure) 135615K->1978K(145408K), 0.0004950 secs]
403.130: [GC (Allocation Failure) 129633K->1978K(139776K), 0.0004880 secs]
403.187: [GC (Allocation Failure) 124025K->1978K(134400K), 0.0004870 secs]
403.243: [GC (Allocation Failure) 118709K->1978K(129280K), 0.0004750 secs]
403.298: [GC (Allocation Failure) 113511K->2076K(124544K), 0.0007040 secs]
403.348: [GC (Allocation Failure) 108790K->2080K(119936K), 0.0006050 secs]
403.397: [GC (Allocation Failure) 104155K->1982K(115392K), 0.0004420 secs]
403.444: [GC (Allocation Failure) 99756K->2177K(111424K), 0.0004940 secs]
403.488: [GC (Allocation Failure) 95727K->2177K(107456K), 0.0005740 secs]
403.531: [GC (Allocation Failure) 91802K->2165K(125120K), 0.0008320 secs]
403.584: [GC (Allocation Failure) 109472K->2181K(146240K), 0.0004610 secs]
403.644: [GC (Allocation Failure) 130717K->2263K(171648K), 0.0006370 secs]
403.715: [GC (Allocation Failure) 156153K->2279K(164800K), 0.0004620 secs]
403.790: [GC (Allocation Failure) 149190K->2181K(158080K), 0.0006330 secs]
403.857: [GC (Allocation Failure) 142505K->2185K(151808K), 0.0005890 secs]
403.926: [GC (Allocation Failure) 136326K->2283K(145984K), 0.0006150 secs]
403.986: [GC (Allocation Failure) 130421K->2283K(140224K), 0.0004880 secs]
404.046: [GC (Allocation Failure) 124824K->2283K(134848K), 0.0006000 secs]
404.103: [GC (Allocation Failure) 119419K->2283K(129728K), 0.0004790 secs]
404.156: [GC (Allocation Failure) 114304K->2267K(124864K), 0.0008080 secs]
404.209: [GC (Allocation Failure) 109375K->2283K(120256K), 0.0005860 secs]
404.258: [GC (Allocation Failure) 104870K->2267K(140480K), 0.0008190 secs]
404.317: [GC (Allocation Failure) 124997K->2381K(135232K), 0.0004830 secs]
404.374: [GC (Allocation Failure) 119809K->2283K(129984K), 0.0006050 secs]
404.429: [GC (Allocation Failure) 114506K->2287K(125120K), 0.0005730 secs]
404.482: [GC (Allocation Failure) 109692K->2385K(120640K), 0.0006120 secs]
404.532: [GC (Allocation Failure) 105167K->2385K(116032K), 0.0004770 secs]
404.582: [GC (Allocation Failure) 100749K->2482K(111936K), 0.0004740 secs]
404.627: [GC (Allocation Failure) 96719K->2580K(108096K), 0.0005650 secs]
404.672: [GC (Allocation Failure) 92880K->2482K(104192K), 0.0005050 secs]
404.712: [GC (Allocation Failure) 88953K->2482K(100608K), 0.0004700 secs]
404.754: [GC (Allocation Failure) 85419K->2580K(117120K), 0.0005630 secs]
404.803: [GC (Allocation Failure) 101828K->2482K(136512K), 0.0005270 secs]
404.860: [GC (Allocation Failure) 121377K->2580K(131392K), 0.0005070 secs]
404.915: [GC (Allocation Failure) 116274K->2662K(153920K), 0.0008270 secs]
404.982: [GC (Allocation Failure) 138852K->2678K(147904K), 0.0005550 secs]
405.046: [GC (Allocation Failure) 132781K->2678K(142016K), 0.0005650 secs]
405.106: [GC (Allocation Failure) 126988K->2678K(136576K), 0.0006170 secs]
405.162: [GC (Allocation Failure) 121573K->2678K(131392K), 0.0004830 secs]
405.219: [GC (Allocation Failure) 116372K->2759K(126528K), 0.0008400 secs]
405.271: [GC (Allocation Failure) 111538K->2682K(121792K), 0.0004500 secs]
405.320: [GC (Allocation Failure) 106744K->2779K(117440K), 0.0005130 secs]
405.368: [GC (Allocation Failure) 102410K->2783K(113024K), 0.0004880 secs]
405.414: [GC (Allocation Failure) 98197K->2881K(109056K), 0.0004860 secs]
405.459: [GC (Allocation Failure) 94266K->2885K(105216K), 0.0005350 secs]
405.502: [GC (Allocation Failure) 90342K->2885K(122496K), 0.0006200 secs]
405.553: [GC (Allocation Failure) 107622K->2885K(118016K), 0.0004840 secs]
405.600: [GC (Allocation Failure) 103219K->2983K(113856K), 0.0005080 secs]
405.646: [GC (Allocation Failure) 98993K->2869K(132608K), 0.0008100 secs]
405.704: [GC (Allocation Failure) 117934K->3080K(155584K), 0.0004900 secs]
405.772: [GC (Allocation Failure) 140846K->3080K(149440K), 0.0004980 secs]
405.834: [GC (Allocation Failure) 134660K->2983K(143488K), 0.0006180 secs]
405.902: [GC (Allocation Failure) 128762K->3080K(137920K), 0.0006670 secs]
405.960: [GC (Allocation Failure) 123256K->3178K(132800K), 0.0006130 secs]
406.020: [GC (Allocation Failure) 118138K->3178K(127680K), 0.0005030 secs]
406.074: [GC (Allocation Failure) 113141K->3178K(122944K), 0.0004910 secs]
406.124: [GC (Allocation Failure) 108423K->3276K(118528K), 0.0006030 secs]
406.174: [GC (Allocation Failure) 103997K->3178K(114112K), 0.0005680 secs]
406.222: [GC (Allocation Failure) 99576K->3276K(110016K), 0.0005970 secs]
406.268: [GC (Allocation Failure) 95548K->3276K(106112K), 0.0004960 secs]
406.310: [GC (Allocation Failure) 91718K->3276K(102400K), 0.0005350 secs]
406.352: [GC (Allocation Failure) 87982K->3280K(119104K), 0.0004980 secs]
406.400: [GC (Allocation Failure) 104688K->3280K(139072K), 0.0006010 secs]
406.459: [GC (Allocation Failure) 124638K->3377K(133888K), 0.0006300 secs]
406.517: [GC (Allocation Failure) 119426K->3280K(128640K), 0.0005680 secs]
406.574: [GC (Allocation Failure) 114320K->3377K(123904K), 0.0004790 secs]
406.627: [GC (Allocation Failure) 109603K->3475K(119488K), 0.0004640 secs]
406.676: [GC (Allocation Failure) 105083K->3475K(115136K), 0.0006430 secs]
406.723: [GC (Allocation Failure) 100760K->3475K(110784K), 0.0004730 secs]
406.767: [GC (Allocation Failure) 96635K->3670K(107072K), 0.0005030 secs]
406.809: [GC (Allocation Failure) 92897K->3674K(103360K), 0.0004680 secs]
406.850: [GC (Allocation Failure) 89163K->3658K(120256K), 0.0008910 secs]
406.900: [GC (Allocation Failure) 106148K->3577K(140480K), 0.0005690 secs]
406.957: [GC (Allocation Failure) 126314K->3674K(164864K), 0.0006240 secs]
407.030: [GC (Allocation Failure) 150680K->3674K(193728K), 0.0005750 secs]
407.115: [GC (Allocation Failure) 179667K->3658K(185728K), 0.0008630 secs]
407.195: [GC (Allocation Failure) 171699K->3674K(178112K), 0.0005250 secs]
407.271: [GC (Allocation Failure) 164044K->3658K(170880K), 0.0006280 secs]
407.344: [GC (Allocation Failure) 156853K->3776K(164096K), 0.0005270 secs]
407.415: [GC (Allocation Failure) 149996K->3776K(157568K), 0.0005170 secs]
407.480: [GC (Allocation Failure) 143506K->3760K(151104K), 0.0006500 secs]
407.547: [GC (Allocation Failure) 137309K->3874K(145344K), 0.0004880 secs]
407.607: [GC (Allocation Failure) 131522K->3971K(139840K), 0.0005450 secs]
407.666: [GC (Allocation Failure) 126019K->3955K(134400K), 0.0007600 secs]
407.723: [GC (Allocation Failure) 120598K->3874K(129280K), 0.0004630 secs]
407.777: [GC (Allocation Failure) 115405K->3971K(124544K), 0.0005270 secs]
407.827: [GC (Allocation Failure) 110688K->3971K(119808K), 0.0005270 secs]
407.876: [GC (Allocation Failure) 106070K->3971K(115456K), 0.0006220 secs]
407.923: [GC (Allocation Failure) 101744K->4053K(134784K), 0.0006630 secs]
407.979: [GC (Allocation Failure) 121083K->3971K(129600K), 0.0005070 secs]
408.033: [GC (Allocation Failure) 115899K->4069K(124864K), 0.0005930 secs]
408.085: [GC (Allocation Failure) 111081K->3971K(120128K), 0.0006380 secs]
408.135: [GC (Allocation Failure) 106366K->3971K(115712K), 0.0005210 secs]
408.183: [GC (Allocation Failure) 101938K->4069K(111680K), 0.0005790 secs]
408.230: [GC (Allocation Failure) 97912K->3975K(130112K), 0.0005890 secs]
408.286: [GC (Allocation Failure) 116391K->3975K(125248K), 0.0005090 secs]
408.338: [GC (Allocation Failure) 111478K->3975K(120640K), 0.0004930 secs]
408.387: [GC (Allocation Failure) 106942K->3975K(116224K), 0.0006110 secs]
408.436: [GC (Allocation Failure) 102439K->3975K(112000K), 0.0005190 secs]
408.483: [GC (Allocation Failure) 98307K->3959K(130624K), 0.0006330 secs]
408.536: [GC (Allocation Failure) 116868K->4057K(152960K), 0.0006320 secs]
408.606: [GC (Allocation Failure) 139273K->4073K(147008K), 0.0005250 secs]
408.669: [GC (Allocation Failure) 133279K->3959K(172224K), 0.0008190 secs]
408.745: [GC (Allocation Failure) 158631K->4073K(165376K), 0.0005140 secs]
408.816: [GC (Allocation Failure) 151758K->4171K(158912K), 0.0005020 secs]
408.882: [GC (Allocation Failure) 145257K->4171K(152640K), 0.0006570 secs]
408.948: [GC (Allocation Failure) 138999K->4175K(146496K), 0.0004800 secs]
409.008: [GC (Allocation Failure) 133006K->4272K(140864K), 0.0004950 secs]
409.068: [GC (Allocation Failure) 127395K->4370K(135616K), 0.0004950 secs]
409.123: [GC (Allocation Failure) 122181K->4272K(130368K), 0.0005150 secs]
409.182: [GC (Allocation Failure) 116887K->4354K(125568K), 0.0008690 secs]
409.234: [GC (Allocation Failure) 112143K->4370K(120960K), 0.0006470 secs]
409.285: [GC (Allocation Failure) 107452K->4272K(116416K), 0.0004680 secs]
409.331: [GC (Allocation Failure) 102936K->4256K(135872K), 0.0006410 secs]
409.389: [GC (Allocation Failure) 122373K->4272K(130688K), 0.0006240 secs]
409.443: [GC (Allocation Failure) 117279K->4272K(125760K), 0.0004920 secs]
409.496: [GC (Allocation Failure) 112362K->4272K(121088K), 0.0005040 secs]
409.546: [GC (Allocation Failure) 107651K->4272K(116672K), 0.0004950 secs]
409.593: [GC (Allocation Failure) 103227K->4370K(112448K), 0.0005030 secs]
409.640: [GC (Allocation Failure) 99091K->4468K(108544K), 0.0006440 secs]
409.687: [GC (Allocation Failure) 95165K->4358K(126208K), 0.0008650 secs]
409.742: [GC (Allocation Failure) 112946K->4569K(147904K), 0.0006380 secs]
409.805: [GC (Allocation Failure) 134671K->4569K(173568K), 0.0005240 secs]
409.879: [GC (Allocation Failure) 160320K->4472K(166400K), 0.0005220 secs]
409.950: [GC (Allocation Failure) 153140K->4569K(159744K), 0.0005290 secs]
410.019: [GC (Allocation Failure) 146557K->4573K(153408K), 0.0005010 secs]
410.085: [GC (Allocation Failure) 140273K->4671K(147520K), 0.0006010 secs]
410.148: [GC (Allocation Failure) 134380K->4671K(141760K), 0.0005380 secs]
410.208: [GC (Allocation Failure) 128584K->4573K(136128K), 0.0005720 secs]
410.267: [GC (Allocation Failure) 123083K->4671K(131008K), 0.0004940 secs]
410.321: [GC (Allocation Failure) 117971K->4769K(126208K), 0.0005040 secs]
410.373: [GC (Allocation Failure) 113153K->4671K(121408K), 0.0006920 secs]
410.425: [GC (Allocation Failure) 108343K->4753K(141952K), 0.0008720 secs]
410.486: [GC (Allocation Failure) 128962K->4769K(136576K), 0.0005770 secs]
410.546: [GC (Allocation Failure) 123473K->4769K(131264K), 0.0006100 secs]
410.601: [GC (Allocation Failure) 118364K->4866K(126464K), 0.0006390 secs]
410.654: [GC (Allocation Failure) 113453K->4769K(121664K), 0.0004850 secs]
410.705: [GC (Allocation Failure) 108740K->4769K(117184K), 0.0005090 secs]
410.753: [GC (Allocation Failure) 104214K->4769K(112960K), 0.0006270 secs]
410.802: [GC (Allocation Failure) 99993K->4866K(131904K), 0.0006680 secs]
410.858: [GC (Allocation Failure) 118953K->4773K(126848K), 0.0005390 secs]
410.911: [GC (Allocation Failure) 113944K->4968K(148608K), 0.0008190 secs]
410.975: [GC (Allocation Failure) 135653K->4952K(174208K), 0.0008770 secs]
411.051: [GC (Allocation Failure) 161488K->4968K(205056K), 0.0005060 secs]
411.141: [GC (Allocation Failure) 192263K->4968K(196480K), 0.0005150 secs]
411.227: [GC (Allocation Failure) 183707K->5066K(188416K), 0.0005360 secs]
411.308: [GC (Allocation Failure) 175652K->5066K(180544K), 0.0005170 secs]
411.388: [GC (Allocation Failure) 167892K->5066K(173184K), 0.0006290 secs]
411.464: [GC (Allocation Failure) 160533K->5167K(166336K), 0.0007120 secs]
411.538: [GC (Allocation Failure) 153649K->5167K(159680K), 0.0005670 secs]
411.608: [GC (Allocation Failure) 146967K->5070K(153152K), 0.0005930 secs]
411.675: [GC (Allocation Failure) 140569K->5265K(147328K), 0.0005080 secs]
411.739: [GC (Allocation Failure) 134781K->5265K(141632K), 0.0006050 secs]
411.803: [GC (Allocation Failure) 129075K->5265K(136192K), 0.0006540 secs]
411.864: [GC (Allocation Failure) 123583K->5265K(130816K), 0.0006020 secs]
411.923: [GC (Allocation Failure) 118472K->5460K(126080K), 0.0006570 secs]
411.976: [GC (Allocation Failure) 113654K->5363K(121280K), 0.0005260 secs]
412.026: [GC (Allocation Failure) 108930K->5363K(116864K), 0.0005640 secs]
412.076: [GC (Allocation Failure) 104516K->5460K(112768K), 0.0005200 secs]
412.122: [GC (Allocation Failure) 100383K->5444K(131456K), 0.0006930 secs]
412.176: [GC (Allocation Failure) 119135K->5363K(153856K), 0.0007580 secs]
412.242: [GC (Allocation Failure) 141555K->5363K(180672K), 0.0006350 secs]
412.320: [GC (Allocation Failure) 168278K->5363K(173312K), 0.0006470 secs]
412.398: [GC (Allocation Failure) 160915K->5444K(166336K), 0.0009430 secs]
412.471: [GC (Allocation Failure) 154024K->5460K(159744K), 0.0004870 secs]
412.540: [GC (Allocation Failure) 147368K->5460K(153408K), 0.0006740 secs]
412.607: [GC (Allocation Failure) 141069K->5460K(147200K), 0.0004800 secs]
412.668: [GC (Allocation Failure) 134970K->5656K(141696K), 0.0005850 secs]
412.729: [GC (Allocation Failure) 129477K->5656K(136256K), 0.0006160 secs]
412.788: [GC (Allocation Failure) 124068K->5558K(130944K), 0.0005240 secs]
412.844: [GC (Allocation Failure) 118761K->5558K(126016K), 0.0006120 secs]
412.899: [GC (Allocation Failure) 113837K->5558K(121344K), 0.0005130 secs]
412.947: [GC (Allocation Failure) 109209K->5644K(141824K), 0.0009140 secs]
413.010: [GC (Allocation Failure) 129657K->5660K(136448K), 0.0005440 secs]
413.067: [GC (Allocation Failure) 124258K->5644K(159744K), 0.0009420 secs]
413.137: [GC (Allocation Failure) 147637K->5757K(187840K), 0.0005450 secs]
413.216: [GC (Allocation Failure) 175758K->5757K(179968K), 0.0006500 secs]
413.295: [GC (Allocation Failure) 167985K->5757K(172608K), 0.0005190 secs]
413.372: [GC (Allocation Failure) 160618K->5757K(165632K), 0.0005200 secs]
413.447: [GC (Allocation Failure) 153647K->5839K(159040K), 0.0009410 secs]
413.518: [GC (Allocation Failure) 147138K->5855K(152832K), 0.0006320 secs]
413.585: [GC (Allocation Failure) 140877K->5839K(146752K), 0.0008330 secs]
413.648: [GC (Allocation Failure) 134863K->5757K(140992K), 0.0005890 secs]
413.712: [GC (Allocation Failure) 128988K->5757K(135552K), 0.0006490 secs]
413.769: [GC (Allocation Failure) 123586K->5855K(130560K), 0.0006360 secs]
413.826: [GC (Allocation Failure) 118559K->5741K(152704K), 0.0009360 secs]
413.894: [GC (Allocation Failure) 140756K->5757K(146688K), 0.0004990 secs]
413.958: [GC (Allocation Failure) 134778K->5855K(141120K), 0.0006770 secs]
414.022: [GC (Allocation Failure) 129183K->5757K(135552K), 0.0006270 secs]
414.080: [GC (Allocation Failure) 123574K->5855K(130560K), 0.0005430 secs]
414.135: [GC (Allocation Failure) 118568K->5757K(125568K), 0.0004970 secs]
414.188: [GC (Allocation Failure) 113647K->5757K(120896K), 0.0005660 secs]
414.238: [GC (Allocation Failure) 108939K->5757K(116480K), 0.0005730 secs]
414.288: [GC (Allocation Failure) 104514K->5855K(112384K), 0.0006640 secs]
414.335: [GC (Allocation Failure) 100384K->5855K(108224K), 0.0005110 secs]
414.380: [GC (Allocation Failure) 96359K->5855K(126080K), 0.0006350 secs]
414.434: [GC (Allocation Failure) 114241K->5937K(147584K), 0.0009180 secs]
414.498: [GC (Allocation Failure) 135733K->5859K(173120K), 0.0005130 secs]
414.576: [GC (Allocation Failure) 161312K->5859K(166144K), 0.0006810 secs]
414.650: [GC (Allocation Failure) 154330K->5961K(159616K), 0.0005970 secs]
414.720: [GC (Allocation Failure) 147756K->5863K(153088K), 0.0004860 secs]
414.785: [GC (Allocation Failure) 141280K->5961K(147136K), 0.0006880 secs]
414.849: [GC (Allocation Failure) 135380K->6058K(141568K), 0.0005110 secs]
414.907: [GC (Allocation Failure) 129775K->5961K(136000K), 0.0006770 secs]
414.967: [GC (Allocation Failure) 124273K->5945K(130816K), 0.0009000 secs]
415.022: [GC (Allocation Failure) 119048K->6058K(126016K), 0.0005290 secs]
415.074: [GC (Allocation Failure) 114247K->5945K(147264K), 0.0007640 secs]
415.136: [GC (Allocation Failure) 135458K->5945K(172800K), 0.0009340 secs]
415.212: [GC (Allocation Failure) 161012K->5961K(203328K), 0.0005760 secs]
415.302: [GC (Allocation Failure) 191566K->6058K(194944K), 0.0006020 secs]
415.389: [GC (Allocation Failure) 183137K->6042K(186624K), 0.0008330 secs]
415.470: [GC (Allocation Failure) 175051K->6351K(179264K), 0.0006900 secs]
415.549: [GC (Allocation Failure) 167698K->6254K(171904K), 0.0006630 secs]
415.624: [GC (Allocation Failure) 160327K->6254K(164992K), 0.0005570 secs]
415.696: [GC (Allocation Failure) 153359K->6140K(158272K), 0.0009090 secs]
415.764: [GC (Allocation Failure) 146660K->6156K(152000K), 0.0005220 secs]
415.831: [GC (Allocation Failure) 140480K->6254K(146176K), 0.0005190 secs]
415.895: [GC (Allocation Failure) 134584K->6238K(140480K), 0.0009770 secs]
415.958: [GC (Allocation Failure) 128972K->6160K(135040K), 0.0004730 secs]
416.017: [GC (Allocation Failure) 123494K->6160K(129920K), 0.0006210 secs]
416.075: [GC (Allocation Failure) 118377K->6160K(125056K), 0.0006470 secs]
416.127: [GC (Allocation Failure) 113463K->6160K(120448K), 0.0006250 secs]
416.177: [GC (Allocation Failure) 108848K->6258K(116160K), 0.0005620 secs]
416.227: [GC (Allocation Failure) 104618K->6160K(111872K), 0.0005310 secs]
416.272: [GC (Allocation Failure) 100297K->6160K(107904K), 0.0005080 secs]
416.315: [GC (Allocation Failure) 96367K->6160K(125696K), 0.0006570 secs]
416.368: [GC (Allocation Failure) 114157K->6258K(147136K), 0.0005830 secs]
416.431: [GC (Allocation Failure) 135582K->6258K(141440K), 0.0006810 secs]
416.492: [GC (Allocation Failure) 129881K->6258K(135808K), 0.0006060 secs]
416.551: [GC (Allocation Failure) 124371K->6437K(159296K), 0.0008140 secs]
416.620: [GC (Allocation Failure) 147934K->6453K(153024K), 0.0006540 secs]
416.685: [GC (Allocation Failure) 141664K->6457K(147008K), 0.0006980 secs]
416.752: [GC (Allocation Failure) 135578K->6555K(141120K), 0.0006710 secs]
416.812: [GC (Allocation Failure) 130074K->6652K(135744K), 0.0005900 secs]
416.871: [GC (Allocation Failure) 124665K->6754K(130688K), 0.0005290 secs]
416.930: [GC (Allocation Failure) 119568K->6754K(125760K), 0.0005840 secs]
416.982: [GC (Allocation Failure) 114645K->6754K(120896K), 0.0005210 secs]
417.034: [GC (Allocation Failure) 110031K->6836K(141376K), 0.0009420 secs]
417.093: [GC (Allocation Failure) 130452K->6852K(165760K), 0.0005240 secs]
417.164: [GC (Allocation Failure) 154936K->6953K(159232K), 0.0006790 secs]
417.231: [GC (Allocation Failure) 148352K->6856K(152768K), 0.0005140 secs]
417.296: [GC (Allocation Failure) 141870K->6856K(146752K), 0.0005360 secs]
417.357: [GC (Allocation Failure) 135878K->6953K(141184K), 0.0006710 secs]
417.419: [GC (Allocation Failure) 130277K->6856K(135616K), 0.0005550 secs]
417.476: [GC (Allocation Failure) 124781K->6840K(158848K), 0.0009450 secs]
417.545: [GC (Allocation Failure) 147955K->6856K(152576K), 0.0006690 secs]
417.611: [GC (Allocation Failure) 141680K->6840K(179200K), 0.0009540 secs]
417.689: [GC (Allocation Failure) 168293K->6937K(171968K), 0.0007280 secs]
417.764: [GC (Allocation Failure) 161120K->6856K(164992K), 0.0006090 secs]
417.836: [GC (Allocation Failure) 154146K->6957K(158528K), 0.0005550 secs]
417.905: [GC (Allocation Failure) 147678K->6957K(152064K), 0.0005040 secs]
417.972: [GC (Allocation Failure) 141383K->7157K(146304K), 0.0006930 secs]
418.036: [GC (Allocation Failure) 135592K->7059K(140480K), 0.0005340 secs]
418.093: [GC (Allocation Failure) 129793K->7157K(135232K), 0.0005760 secs]
418.152: [GC (Allocation Failure) 124587K->7059K(129984K), 0.0006210 secs]
418.207: [GC (Allocation Failure) 119286K->7059K(125120K), 0.0005900 secs]
418.259: [GC (Allocation Failure) 114467K->7157K(120640K), 0.0005920 secs]
418.310: [GC (Allocation Failure) 109942K->7157K(116224K), 0.0005680 secs]
418.361: [GC (Allocation Failure) 105527K->7059K(111872K), 0.0004880 secs]
418.407: [GC (Allocation Failure) 101279K->7254K(130688K), 0.0006800 secs]
418.463: [GC (Allocation Failure) 120061K->7242K(152896K), 0.0008160 secs]
418.529: [GC (Allocation Failure) 142359K->7161K(179456K), 0.0005570 secs]
418.608: [GC (Allocation Failure) 168895K->7161K(172160K), 0.0008390 secs]
418.684: [GC (Allocation Failure) 161628K->7161K(165184K), 0.0005370 secs]
418.754: [GC (Allocation Failure) 154655K->7258K(158720K), 0.0005920 secs]
418.824: [GC (Allocation Failure) 148175K->7242K(152384K), 0.0007350 secs]
418.891: [GC (Allocation Failure) 141863K->7262K(146368K), 0.0005610 secs]
418.954: [GC (Allocation Failure) 135889K->7262K(140672K), 0.0005390 secs]
419.016: [GC (Allocation Failure) 130188K->7360K(135424K), 0.0007020 secs]
419.075: [GC (Allocation Failure) 124982K->7262K(130176K), 0.0006960 secs]
419.129: [GC (Allocation Failure) 119681K->7262K(125312K), 0.0006360 secs]
419.182: [GC (Allocation Failure) 114846K->7344K(146624K), 0.0009750 secs]
419.248: [GC (Allocation Failure) 136163K->7262K(171968K), 0.0006810 secs]
419.324: [GC (Allocation Failure) 161542K->7262K(164992K), 0.0005310 secs]
419.399: [GC (Allocation Failure) 154561K->7360K(158528K), 0.0006590 secs]
419.465: [GC (Allocation Failure) 148077K->7360K(152256K), 0.0005710 secs]
419.532: [GC (Allocation Failure) 141780K->7360K(146112K), 0.0005080 secs]
419.595: [GC (Allocation Failure) 135797K->7555K(140608K), 0.0005910 secs]
419.655: [GC (Allocation Failure) 130283K->7555K(135232K), 0.0006460 secs]
419.711: [GC (Allocation Failure) 124987K->7462K(129984K), 0.0006680 secs]
419.766: [GC (Allocation Failure) 119772K->7559K(125120K), 0.0006710 secs]
419.819: [GC (Allocation Failure) 114967K->7559K(120512K), 0.0006720 secs]
419.872: [GC (Allocation Failure) 110343K->7559K(140800K), 0.0007060 secs]
419.933: [GC (Allocation Failure) 130686K->7657K(135552K), 0.0005570 secs]
419.990: [GC (Allocation Failure) 125377K->7657K(130304K), 0.0005210 secs]
420.042: [GC (Allocation Failure) 120268K->7755K(125568K), 0.0006160 secs]
420.094: [GC (Allocation Failure) 115451K->7755K(120768K), 0.0005330 secs]
420.145: [GC (Allocation Failure) 110838K->7755K(141120K), 0.0006920 secs]
420.207: [GC (Allocation Failure) 131175K->7856K(135808K), 0.0005840 secs]
420.267: [GC (Allocation Failure) 125778K->7759K(130560K), 0.0006860 secs]
420.321: [GC (Allocation Failure) 120567K->7759K(125632K), 0.0005220 secs]
420.373: [GC (Allocation Failure) 115651K->7743K(147008K), 0.0009760 secs]
420.434: [GC (Allocation Failure) 137057K->7759K(172544K), 0.0005280 secs]
420.510: [GC (Allocation Failure) 162623K->7743K(165568K), 0.0007120 secs]
420.584: [GC (Allocation Failure) 155627K->7856K(158912K), 0.0006840 secs]
420.652: [GC (Allocation Failure) 149063K->7856K(152640K), 0.0005280 secs]
420.716: [GC (Allocation Failure) 142769K->7954K(146624K), 0.0006810 secs]
420.783: [GC (Allocation Failure) 136878K->8052K(141056K), 0.0006920 secs]
420.845: [GC (Allocation Failure) 131281K->8052K(135424K), 0.0005330 secs]
420.902: [GC (Allocation Failure) 125782K->8231K(158848K), 0.0009990 secs]
420.972: [GC (Allocation Failure) 149337K->8247K(186560K), 0.0006960 secs]
421.052: [GC (Allocation Failure) 177065K->8345K(179008K), 0.0005390 secs]
421.130: [GC (Allocation Failure) 169501K->8345K(171520K), 0.0006010 secs]
421.202: [GC (Allocation Failure) 162226K->8524K(164736K), 0.0008960 secs]
421.273: [GC (Allocation Failure) 155530K->8540K(158208K), 0.0006690 secs]
421.344: [GC (Allocation Failure) 148869K->8540K(151936K), 0.0007350 secs]
421.411: [GC (Allocation Failure) 142677K->8443K(145792K), 0.0006490 secs]
421.474: [GC (Allocation Failure) 136583K->8540K(140224K), 0.0005980 secs]
421.534: [GC (Allocation Failure) 131078K->8638K(134976K), 0.0006810 secs]
421.592: [GC (Allocation Failure) 125773K->8638K(129856K), 0.0007180 secs]
421.647: [GC (Allocation Failure) 120648K->8642K(124800K), 0.0005020 secs]
421.700: [GC (Allocation Failure) 115754K->8821K(146112K), 0.0010050 secs]
421.764: [GC (Allocation Failure) 137158K->8837K(171520K), 0.0006810 secs]
421.839: [GC (Allocation Failure) 162526K->8825K(194240K), 0.0007510 secs]
421.926: [GC (Allocation Failure) 185113K->8841K(186048K), 0.0006770 secs]
422.008: [GC (Allocation Failure) 177066K->8939K(178496K), 0.0008560 secs]
422.087: [GC (Allocation Failure) 169508K->8943K(171072K), 0.0007130 secs]
422.165: [GC (Allocation Failure) 162337K->8943K(164160K), 0.0005730 secs]
422.236: [GC (Allocation Failure) 155356K->8943K(157632K), 0.0005460 secs]
422.302: [GC (Allocation Failure) 148869K->8943K(151424K), 0.0005520 secs]
422.367: [GC (Allocation Failure) 142683K->9029K(145536K), 0.0008020 secs]
422.428: [GC (Allocation Failure) 136776K->9142K(140032K), 0.0007850 secs]
422.487: [GC (Allocation Failure) 131292K->8947K(134400K), 0.0006410 secs]
422.547: [GC (Allocation Failure) 125690K->9142K(129472K), 0.0006110 secs]
422.601: [GC (Allocation Failure) 120775K->9049K(151360K), 0.0007580 secs]
422.665: [GC (Allocation Failure) 142694K->9146K(177856K), 0.0008480 secs]
422.742: [GC (Allocation Failure) 169121K->9049K(170496K), 0.0006040 secs]
422.816: [GC (Allocation Failure) 161857K->9146K(163776K), 0.0007170 secs]
422.886: [GC (Allocation Failure) 155068K->9146K(157248K), 0.0007550 secs]
422.954: [GC (Allocation Failure) 148587K->9134K(184704K), 0.0012770 secs]
423.035: [GC (Allocation Failure) 176089K->9053K(199104K), 0.0007300 secs]
423.125: [GC (Allocation Failure) 190335K->9248K(190912K), 0.0007980 secs]
423.210: [GC (Allocation Failure) 182290K->9053K(182656K), 0.0006890 secs]
423.293: [GC (Allocation Failure) 174236K->9346K(175616K), 0.0006600 secs]
423.370: [GC (Allocation Failure) 166974K->9346K(168384K), 0.0006940 secs]
423.445: [GC (Allocation Failure) 159890K->9346K(161600K), 0.0005810 secs]
423.515: [GC (Allocation Failure) 153111K->9248K(155072K), 0.0005290 secs]
423.581: [GC (Allocation Failure) 146620K->9350K(149120K), 0.0005910 secs]
423.646: [GC (Allocation Failure) 140622K->9252K(143168K), 0.0008120 secs]
423.708: [GC (Allocation Failure) 134740K->9350K(137792K), 0.0007140 secs]
423.769: [GC (Allocation Failure) 129332K->9236K(161344K), 0.0010210 secs]
423.839: [GC (Allocation Failure) 152897K->9252K(154944K), 0.0005620 secs]
423.906: [GC (Allocation Failure) 146436K->9252K(148864K), 0.0005540 secs]
423.970: [GC (Allocation Failure) 140428K->9334K(174784K), 0.0010440 secs]
424.046: [GC (Allocation Failure) 166362K->9350K(167744K), 0.0005210 secs]
424.118: [GC (Allocation Failure) 159297K->9354K(161024K), 0.0006440 secs]
424.186: [GC (Allocation Failure) 152525K->9240K(154368K), 0.0007240 secs]
424.252: [GC (Allocation Failure) 146027K->9354K(148672K), 0.0005360 secs]
424.314: [GC (Allocation Failure) 140056K->9354K(142656K), 0.0007340 secs]
424.374: [GC (Allocation Failure) 134341K->9354K(137152K), 0.0005480 secs]
424.433: [GC (Allocation Failure) 128839K->9354K(131904K), 0.0005700 secs]
424.487: [GC (Allocation Failure) 123541K->9354K(126912K), 0.0005460 secs]
424.542: [GC (Allocation Failure) 118527K->9451K(122304K), 0.0007080 secs]
424.596: [GC (Allocation Failure) 113907K->9354K(117696K), 0.0007350 secs]
424.646: [GC (Allocation Failure) 109290K->9451K(113408K), 0.0005330 secs]
424.692: [GC (Allocation Failure) 105163K->9549K(132480K), 0.0006660 secs]
424.747: [GC (Allocation Failure) 124228K->9455K(154944K), 0.0005320 secs]
424.815: [GC (Allocation Failure) 146717K->9553K(148992K), 0.0005630 secs]
424.879: [GC (Allocation Failure) 140733K->9455K(143040K), 0.0006850 secs]
424.939: [GC (Allocation Failure) 134741K->9553K(137664K), 0.0005760 secs]
424.996: [GC (Allocation Failure) 129346K->9553K(132288K), 0.0005980 secs]
425.053: [GC (Allocation Failure) 124133K->9553K(127296K), 0.0005820 secs]
425.106: [GC (Allocation Failure) 119123K->9651K(122688K), 0.0007080 secs]
425.155: [GC (Allocation Failure) 114499K->9553K(118080K), 0.0005630 secs]
425.206: [GC (Allocation Failure) 109885K->9651K(137920K), 0.0007250 secs]
425.264: [GC (Allocation Failure) 129833K->9651K(161600K), 0.0005460 secs]
425.336: [GC (Allocation Failure) 153509K->9651K(155200K), 0.0007110 secs]
425.404: [GC (Allocation Failure) 147110K->9748K(149184K), 0.0005620 secs]
425.466: [GC (Allocation Failure) 141132K->9651K(143168K), 0.0005070 secs]
425.527: [GC (Allocation Failure) 135135K->9846K(137856K), 0.0005450 secs]
425.585: [GC (Allocation Failure) 129826K->9846K(132608K), 0.0007060 secs]
425.640: [GC (Allocation Failure) 124621K->9748K(127488K), 0.0005910 secs]
425.693: [GC (Allocation Failure) 119511K->9846K(122752K), 0.0006170 secs]
425.746: [GC (Allocation Failure) 114903K->9850K(118208K), 0.0005440 secs]
425.795: [GC (Allocation Failure) 110378K->9948K(114048K), 0.0006130 secs]
425.842: [GC (Allocation Failure) 106146K->9850K(132928K), 0.0005750 secs]
425.896: [GC (Allocation Failure) 125021K->9850K(155712K), 0.0007210 secs]
425.962: [GC (Allocation Failure) 147818K->9850K(182912K), 0.0007070 secs]
426.043: [GC (Allocation Failure) 175038K->9948K(175552K), 0.0005910 secs]
426.121: [GC (Allocation Failure) 167664K->9850K(168320K), 0.0006930 secs]
426.194: [GC (Allocation Failure) 160484K->9948K(161536K), 0.0007000 secs]
426.262: [GC (Allocation Failure) 153813K->10045K(155264K), 0.0007200 secs]
426.329: [GC (Allocation Failure) 147513K->9948K(148928K), 0.0005760 secs]
426.393: [GC (Allocation Failure) 141228K->10045K(143168K), 0.0005610 secs]
426.455: [GC (Allocation Failure) 135538K->10143K(137792K), 0.0005860 secs]
426.512: [GC (Allocation Failure) 130131K->10049K(132416K), 0.0005880 secs]
426.567: [GC (Allocation Failure) 124719K->10147K(127424K), 0.0005550 secs]
426.622: [GC (Allocation Failure) 119813K->10245K(122816K), 0.0006440 secs]
426.675: [GC (Allocation Failure) 115218K->10229K(143296K), 0.0008690 secs]
426.738: [GC (Allocation Failure) 135908K->10342K(168192K), 0.0007010 secs]
426.810: [GC (Allocation Failure) 160783K->10440K(161536K), 0.0005520 secs]
426.881: [GC (Allocation Failure) 154113K->10440K(155136K), 0.0005800 secs]
426.946: [GC (Allocation Failure) 147719K->10342K(148864K), 0.0005120 secs]
427.009: [GC (Allocation Failure) 141514K->10538K(143232K), 0.0005700 secs]
427.071: [GC (Allocation Failure) 135926K->10538K(137728K), 0.0006630 secs]
427.130: [GC (Allocation Failure) 130423K->10542K(132480K), 0.0007420 secs]
427.186: [GC (Allocation Failure) 125224K->10428K(154880K), 0.0008840 secs]
427.253: [GC (Allocation Failure) 147708K->10639K(182208K), 0.0006730 secs]
427.335: [GC (Allocation Failure) 175036K->10542K(174656K), 0.0007280 secs]
427.418: [GC (Allocation Failure) 167471K->10639K(167680K), 0.0007350 secs]
427.492: [GC (Allocation Failure) 160496K->10546K(160832K), 0.0005590 secs]
427.562: [GC (Allocation Failure) 153714K->10643K(154560K), 0.0007060 secs]
427.628: [GC (Allocation Failure) 147337K->10546K(148352K), 0.0007160 secs]
427.692: [GC (Allocation Failure) 141137K->10643K(142720K), 0.0006520 secs]
427.752: [GC (Allocation Failure) 135540K->10546K(137088K), 0.0005440 secs]
427.811: [GC (Allocation Failure) 129932K->10643K(131968K), 0.0007090 secs]
427.866: [GC (Allocation Failure) 124727K->10546K(126848K), 0.0005360 secs]
427.920: [GC (Allocation Failure) 119727K->10643K(122240K), 0.0007310 secs]
427.972: [GC (Allocation Failure) 114994K->10643K(142720K), 0.0006350 secs]
428.033: [GC (Allocation Failure) 135642K->10741K(137344K), 0.0005830 secs]
428.091: [GC (Allocation Failure) 130227K->10741K(131968K), 0.0006940 secs]
428.148: [GC (Allocation Failure) 125024K->10729K(154560K), 0.0010610 secs]
428.215: [GC (Allocation Failure) 147618K->10827K(181632K), 0.0008030 secs]
428.294: [GC (Allocation Failure) 174634K->10729K(187264K), 0.0011020 secs]
428.380: [GC (Allocation Failure) 180048K->10827K(214144K), 0.0013210 secs]
428.492: [GC (Allocation Failure) 207063K->10729K(214144K), 0.0012950 secs]
428.592: [GC (Allocation Failure) 206964K->10940K(252864K), 0.0007670 secs]
428.731: [GC (Allocation Failure) 245897K->10847K(241856K), 0.0009690 secs]
428.839: [GC (Allocation Failure) 234899K->10749K(231232K), 0.0007520 secs]
428.940: [GC (Allocation Failure) 224374K->10847K(221376K), 0.0005660 secs]
429.040: [GC (Allocation Failure) 214544K->10944K(212096K), 0.0005900 secs]
429.133: [GC (Allocation Failure) 205219K->10847K(203008K), 0.0005710 secs]
429.222: [GC (Allocation Failure) 196174K->10847K(194496K), 0.0007300 secs]
429.308: [GC (Allocation Failure) 187625K->10944K(186560K), 0.0006640 secs]
429.390: [GC (Allocation Failure) 179665K->10847K(178752K), 0.0006150 secs]
429.468: [GC (Allocation Failure) 171894K->10944K(171584K), 0.0007560 secs]
429.546: [GC (Allocation Failure) 164731K->10847K(164544K), 0.0007220 secs]
429.618: [GC (Allocation Failure) 157657K->10847K(157952K), 0.0005530 secs]
429.686: [GC (Allocation Failure) 151074K->10948K(151808K), 0.0007090 secs]
429.750: [GC (Allocation Failure) 144880K->10835K(145728K), 0.0010860 secs]
429.815: [GC (Allocation Failure) 138871K->10948K(140096K), 0.0007340 secs]
429.875: [GC (Allocation Failure) 133379K->11046K(164352K), 0.0007560 secs]
429.946: [GC (Allocation Failure) 157545K->11050K(157632K), 0.0006090 secs]
430.013: [GC (Allocation Failure) 150973K->11050K(151424K), 0.0006360 secs]
430.080: [GC (Allocation Failure) 144791K->11148K(145600K), 0.0007230 secs]
430.141: [GC (Allocation Failure) 138891K->11152K(139968K), 0.0006280 secs]
430.202: [GC (Allocation Failure) 133297K->11054K(134400K), 0.0006910 secs]
430.261: [GC (Allocation Failure) 127790K->11152K(129344K), 0.0007020 secs]
430.315: [GC (Allocation Failure) 122781K->11152K(124480K), 0.0005640 secs]
430.369: [GC (Allocation Failure) 117878K->11249K(145728K), 0.0010000 secs]
430.432: [GC (Allocation Failure) 139178K->11140K(170880K), 0.0010630 secs]
430.507: [GC (Allocation Failure) 164343K->11237K(201216K), 0.0007940 secs]
430.600: [GC (Allocation Failure) 194704K->11156K(237312K), 0.0005860 secs]
430.706: [GC (Allocation Failure) 230781K->11253K(227264K), 0.0007610 secs]
430.808: [GC (Allocation Failure) 220655K->11156K(217472K), 0.0005560 secs]
430.904: [GC (Allocation Failure) 210914K->11253K(208384K), 0.0005790 secs]
430.998: [GC (Allocation Failure) 201788K->11156K(199488K), 0.0005480 secs]
431.085: [GC (Allocation Failure) 192938K->11156K(191168K), 0.0005720 secs]
431.169: [GC (Allocation Failure) 184589K->11257K(183424K), 0.0005490 secs]
431.248: [GC (Allocation Failure) 176837K->11160K(175808K), 0.0005890 secs]
431.323: [GC (Allocation Failure) 169267K->11257K(168704K), 0.0005680 secs]
431.395: [GC (Allocation Failure) 162296K->11257K(161920K), 0.0005710 secs]
431.465: [GC (Allocation Failure) 155416K->11359K(155584K), 0.0005670 secs]
431.532: [GC (Allocation Failure) 149132K->11359K(149440K), 0.0007540 secs]
431.595: [GC (Allocation Failure) 142938K->11261K(143424K), 0.0005310 secs]
431.656: [GC (Allocation Failure) 137042K->11359K(137920K), 0.0005620 secs]
431.712: [GC (Allocation Failure) 131532K->11457K(132800K), 0.0005960 secs]
431.766: [GC (Allocation Failure) 126432K->11457K(127808K), 0.0005850 secs]
431.819: [GC (Allocation Failure) 121421K->11363K(122880K), 0.0005500 secs]
431.872: [GC (Allocation Failure) 116608K->11558K(118528K), 0.0007350 secs]
431.924: [GC (Allocation Failure) 112285K->11461K(138240K), 0.0007260 secs]
431.984: [GC (Allocation Failure) 132022K->11558K(162176K), 0.0007520 secs]
432.055: [GC (Allocation Failure) 155912K->11445K(190592K), 0.0010630 secs]
432.140: [GC (Allocation Failure) 184290K->11558K(224832K), 0.0007720 secs]
432.243: [GC (Allocation Failure) 218514K->11562K(215168K), 0.0007270 secs]
432.340: [GC (Allocation Failure) 208978K->11562K(206080K), 0.0007470 secs]
432.433: [GC (Allocation Failure) 199927K->11648K(197504K), 0.0011390 secs]
432.521: [GC (Allocation Failure) 191372K->11566K(189248K), 0.0006550 secs]
432.605: [GC (Allocation Failure) 183129K->11566K(181440K), 0.0007580 secs]
432.684: [GC (Allocation Failure) 175284K->11550K(174016K), 0.0011050 secs]
432.761: [GC (Allocation Failure) 167892K->11664K(167104K), 0.0006780 secs]
432.836: [GC (Allocation Failure) 160926K->11566K(160256K), 0.0005820 secs]
432.903: [GC (Allocation Failure) 154149K->11648K(153984K), 0.0007600 secs]
432.968: [GC (Allocation Failure) 147850K->11648K(180864K), 0.0011180 secs]
433.046: [GC (Allocation Failure) 174763K->11664K(173440K), 0.0005860 secs]
433.119: [GC (Allocation Failure) 167407K->11664K(166400K), 0.0006630 secs]
433.192: [GC (Allocation Failure) 160342K->11746K(159808K), 0.0008040 secs]
433.262: [GC (Allocation Failure) 153744K->11668K(153408K), 0.0007340 secs]
433.326: [GC (Allocation Failure) 147378K->11766K(147520K), 0.0006290 secs]
433.388: [GC (Allocation Failure) 141476K->11766K(141760K), 0.0006020 secs]
433.450: [GC (Allocation Failure) 135686K->11668K(136128K), 0.0007060 secs]
433.507: [GC (Allocation Failure) 130178K->11766K(131008K), 0.0005580 secs]
433.564: [GC (Allocation Failure) 125070K->11847K(153472K), 0.0008050 secs]
433.630: [GC (Allocation Failure) 147547K->11770K(180224K), 0.0007430 secs]
433.711: [GC (Allocation Failure) 174307K->11770K(172864K), 0.0007170 secs]
433.789: [GC (Allocation Failure) 166920K->11851K(203520K), 0.0010280 secs]
433.882: [GC (Allocation Failure) 197584K->11867K(195072K), 0.0007000 secs]
433.972: [GC (Allocation Failure) 189055K->11770K(186880K), 0.0006600 secs]
434.052: [GC (Allocation Failure) 180982K->11770K(179200K), 0.0005540 secs]
434.135: [GC (Allocation Failure) 173223K->11867K(172032K), 0.0005820 secs]
434.208: [GC (Allocation Failure) 166052K->11770K(164992K), 0.0006360 secs]
434.280: [GC (Allocation Failure) 159074K->11867K(158528K), 0.0007400 secs]
434.348: [GC (Allocation Failure) 152581K->11867K(152128K), 0.0006550 secs]
434.413: [GC (Allocation Failure) 146290K->11965K(146304K), 0.0006450 secs]
434.476: [GC (Allocation Failure) 140395K->11867K(140480K), 0.0006190 secs]
434.537: [GC (Allocation Failure) 134596K->11965K(135232K), 0.0007920 secs]
434.598: [GC (Allocation Failure) 129392K->11867K(129984K), 0.0007090 secs]
434.655: [GC (Allocation Failure) 124181K->11965K(125248K), 0.0005870 secs]
434.704: [GC (Allocation Failure) 119374K->11867K(120512K), 0.0005730 secs]
434.755: [GC (Allocation Failure) 114657K->11867K(116096K), 0.0005770 secs]
434.803: [GC (Allocation Failure) 110233K->11965K(135680K), 0.0007300 secs]
434.860: [GC (Allocation Failure) 129791K->11867K(158848K), 0.0007490 secs]
434.931: [GC (Allocation Failure) 152974K->11867K(186688K), 0.0007320 secs]
435.013: [GC (Allocation Failure) 180881K->11867K(179008K), 0.0006760 secs]
435.092: [GC (Allocation Failure) 173126K->11969K(171840K), 0.0005840 secs]
435.164: [GC (Allocation Failure) 165952K->11871K(164800K), 0.0006530 secs]
435.242: [GC (Allocation Failure) 158981K->11969K(158208K), 0.0006100 secs]
435.310: [GC (Allocation Failure) 152495K->12071K(152064K), 0.0006940 secs]
435.377: [GC (Allocation Failure) 146293K->12071K(145984K), 0.0005850 secs]
435.437: [GC (Allocation Failure) 140316K->12071K(140352K), 0.0006230 secs]
435.499: [GC (Allocation Failure) 134708K->12071K(134976K), 0.0009990 secs]
435.555: [GC (Allocation Failure) 129305K->12172K(158272K), 0.0007500 secs]
435.624: [GC (Allocation Failure) 152595K->12075K(151808K), 0.0005380 secs]
435.691: [GC (Allocation Failure) 146209K->12254K(178432K), 0.0011330 secs]
435.768: [GC (Allocation Failure) 172910K->12172K(210048K), 0.0005850 secs]
435.864: [GC (Allocation Failure) 204479K->12270K(201344K), 0.0007780 secs]
435.953: [GC (Allocation Failure) 195737K->12172K(192832K), 0.0007260 secs]
436.040: [GC (Allocation Failure) 187278K->12172K(184832K), 0.0005890 secs]
436.119: [GC (Allocation Failure) 179320K->12270K(177408K), 0.0005640 secs]
436.195: [GC (Allocation Failure) 171855K->12270K(170176K), 0.0007630 secs]
436.269: [GC (Allocation Failure) 164580K->12270K(163136K), 0.0006830 secs]
436.342: [GC (Allocation Failure) 157801K->12372K(156672K), 0.0007290 secs]
436.409: [GC (Allocation Failure) 151313K->12356K(184064K), 0.0011350 secs]
436.488: [GC (Allocation Failure) 178717K->12473K(176640K), 0.0006010 secs]
436.561: [GC (Allocation Failure) 171270K->12473K(169344K), 0.0006450 secs]
436.634: [GC (Allocation Failure) 164102K->12473K(162560K), 0.0005790 secs]
436.703: [GC (Allocation Failure) 157317K->12473K(156096K), 0.0006360 secs]
436.770: [GC (Allocation Failure) 150817K->12473K(149952K), 0.0007640 secs]
436.836: [GC (Allocation Failure) 144744K->12457K(176064K), 0.0011250 secs]
436.916: [GC (Allocation Failure) 170761K->12571K(169024K), 0.0006070 secs]
436.990: [GC (Allocation Failure) 163802K->12457K(198592K), 0.0011330 secs]
437.077: [GC (Allocation Failure) 193470K->12571K(190656K), 0.0006290 secs]
437.161: [GC (Allocation Failure) 185319K->12575K(182592K), 0.0006750 secs]
437.242: [GC (Allocation Failure) 177466K->12575K(175104K), 0.0007460 secs]
437.320: [GC (Allocation Failure) 169998K->12575K(168000K), 0.0005560 secs]
437.390: [GC (Allocation Failure) 162830K->12677K(161408K), 0.0007530 secs]
437.462: [GC (Allocation Failure) 156239K->12563K(189440K), 0.0011120 secs]
437.548: [GC (Allocation Failure) 184422K->12758K(181824K), 0.0008270 secs]
437.628: [GC (Allocation Failure) 176850K->12778K(174464K), 0.0007160 secs]
437.704: [GC (Allocation Failure) 169412K->12778K(167424K), 0.0006000 secs]
437.776: [GC (Allocation Failure) 162337K->12782K(160512K), 0.0005700 secs]
437.846: [GC (Allocation Failure) 155665K->12978K(154304K), 0.0006600 secs]
437.912: [GC (Allocation Failure) 149468K->12880K(148096K), 0.0005810 secs]
437.977: [GC (Allocation Failure) 143281K->12978K(142464K), 0.0007790 secs]
438.036: [GC (Allocation Failure) 137583K->12978K(136832K), 0.0005820 secs]
438.095: [GC (Allocation Failure) 132073K->13079K(131776K), 0.0006570 secs]
438.154: [GC (Allocation Failure) 126974K->12966K(154176K), 0.0011440 secs]
438.222: [GC (Allocation Failure) 149452K->13079K(181248K), 0.0007390 secs]
438.305: [GC (Allocation Failure) 176486K->12982K(213312K), 0.0007460 secs]
438.398: [GC (Allocation Failure) 208617K->13063K(234112K), 0.0012040 secs]
438.505: [GC (Allocation Failure) 229247K->13177K(224064K), 0.0008460 secs]
438.606: [GC (Allocation Failure) 219336K->13083K(214464K), 0.0008840 secs]
438.704: [GC (Allocation Failure) 209722K->12970K(251648K), 0.0012780 secs]
438.826: [GC (Allocation Failure) 246943K->13067K(240832K), 0.0008990 secs]
438.933: [GC (Allocation Failure) 236138K->13083K(230400K), 0.0007440 secs]
439.034: [GC (Allocation Failure) 225731K->13185K(220672K), 0.0007790 secs]
439.134: [GC (Allocation Failure) 216006K->13185K(211200K), 0.0007710 secs]
439.228: [GC (Allocation Failure) 206670K->13185K(202304K), 0.0005940 secs]
439.316: [GC (Allocation Failure) 197729K->13185K(193856K), 0.0005910 secs]
439.403: [GC (Allocation Failure) 189369K->13283K(185984K), 0.0006190 secs]
439.485: [GC (Allocation Failure) 181416K->13189K(178240K), 0.0007710 secs]
439.562: [GC (Allocation Failure) 173750K->13189K(171008K), 0.0006140 secs]
439.637: [GC (Allocation Failure) 166482K->13189K(164096K), 0.0005830 secs]
439.705: [GC (Allocation Failure) 159608K->13189K(157568K), 0.0005990 secs]
439.775: [GC (Allocation Failure) 153011K->13287K(151488K), 0.0007500 secs]
439.843: [GC (Allocation Failure) 146919K->13287K(145536K), 0.0007840 secs]
439.906: [GC (Allocation Failure) 140936K->13193K(139712K), 0.0006310 secs]
439.964: [GC (Allocation Failure) 135233K->13291K(134400K), 0.0007580 secs]
440.020: [GC (Allocation Failure) 130023K->13291K(129280K), 0.0005900 secs]
440.074: [GC (Allocation Failure) 124816K->13388K(124544K), 0.0005990 secs]
440.124: [GC (Allocation Failure) 120102K->13388K(145472K), 0.0006810 secs]
440.185: [GC (Allocation Failure) 141147K->13486K(170816K), 0.0007350 secs]
440.259: [GC (Allocation Failure) 166488K->13388K(200832K), 0.0007410 secs]
440.349: [GC (Allocation Failure) 196554K->13388K(192448K), 0.0005970 secs]
440.433: [GC (Allocation Failure) 188103K->13388K(184512K), 0.0005860 secs]
440.516: [GC (Allocation Failure) 180148K->13474K(177024K), 0.0008510 secs]
440.592: [GC (Allocation Failure) 172761K->13392K(169792K), 0.0007520 secs]
440.669: [GC (Allocation Failure) 165501K->13396K(162944K), 0.0007980 secs]
440.741: [GC (Allocation Failure) 158626K->13396K(156416K), 0.0005860 secs]
440.809: [GC (Allocation Failure) 152146K->13400K(150272K), 0.0006670 secs]
440.876: [GC (Allocation Failure) 145955K->13482K(144448K), 0.0007970 secs]
440.935: [GC (Allocation Failure) 140152K->13384K(169408K), 0.0011700 secs]
441.012: [GC (Allocation Failure) 165111K->13400K(199360K), 0.0005450 secs]
441.100: [GC (Allocation Failure) 195085K->13498K(191168K), 0.0006170 secs]
441.184: [GC (Allocation Failure) 186846K->13498K(183104K), 0.0005730 secs]
441.268: [GC (Allocation Failure) 178969K->13693K(175808K), 0.0006070 secs]
441.343: [GC (Allocation Failure) 171615K->13596K(168576K), 0.0005820 secs]
441.418: [GC (Allocation Failure) 164424K->13677K(161856K), 0.0008440 secs]
441.487: [GC (Allocation Failure) 157730K->13693K(155456K), 0.0007580 secs]
441.555: [GC (Allocation Failure) 151265K->13693K(149312K), 0.0007940 secs]
441.618: [GC (Allocation Failure) 145171K->13693K(143296K), 0.0005810 secs]
441.678: [GC (Allocation Failure) 139378K->13791K(137856K), 0.0007670 secs]
441.738: [GC (Allocation Failure) 133965K->13877K(161664K), 0.0010550 secs]
441.808: [GC (Allocation Failure) 157738K->13893K(190144K), 0.0008050 secs]
441.890: [GC (Allocation Failure) 186154K->13795K(224000K), 0.0006200 secs]
441.992: [GC (Allocation Failure) 220050K->13893K(214592K), 0.0006110 secs]
442.087: [GC (Allocation Failure) 210616K->13877K(205504K), 0.0011370 secs]
442.178: [GC (Allocation Failure) 201560K->13877K(196928K), 0.0008540 secs]
442.268: [GC (Allocation Failure) 193018K->13795K(188672K), 0.0005880 secs]
442.349: [GC (Allocation Failure) 184781K->13795K(180928K), 0.0007180 secs]
442.429: [GC (Allocation Failure) 177006K->13893K(173696K), 0.0006020 secs]
442.505: [GC (Allocation Failure) 169746K->13893K(166656K), 0.0006200 secs]
442.575: [GC (Allocation Failure) 162667K->13893K(159808K), 0.0006400 secs]
442.643: [GC (Allocation Failure) 156077K->13990K(153536K), 0.0005940 secs]
442.708: [GC (Allocation Failure) 149796K->13990K(147520K), 0.0007920 secs]
442.771: [GC (Allocation Failure) 143803K->14088K(141888K), 0.0006910 secs]
442.834: [GC (Allocation Failure) 138106K->14088K(136320K), 0.0006040 secs]
442.892: [GC (Allocation Failure) 132698K->14088K(131136K), 0.0005890 secs]
442.945: [GC (Allocation Failure) 127491K->14088K(153536K), 0.0008230 secs]
443.012: [GC (Allocation Failure) 149896K->14092K(147520K), 0.0005970 secs]
443.078: [GC (Allocation Failure) 143903K->14174K(173248K), 0.0011810 secs]
443.159: [GC (Allocation Failure) 169632K->14194K(203968K), 0.0008180 secs]
443.251: [GC (Allocation Failure) 200303K->14194K(240512K), 0.0007500 secs]
443.358: [GC (Allocation Failure) 236971K->14194K(230144K), 0.0007730 secs]
443.463: [GC (Allocation Failure) 226657K->14178K(220288K), 0.0008280 secs]
443.562: [GC (Allocation Failure) 216708K->14295K(211072K), 0.0007140 secs]
443.655: [GC (Allocation Failure) 207481K->14295K(201984K), 0.0005640 secs]
443.746: [GC (Allocation Failure) 198635K->14491K(193728K), 0.0006920 secs]
443.835: [GC (Allocation Failure) 190383K->14491K(185728K), 0.0007450 secs]
443.917: [GC (Allocation Failure) 182426K->14393K(177984K), 0.0008460 secs]
443.998: [GC (Allocation Failure) 174664K->14495K(170752K), 0.0005960 secs]
444.070: [GC (Allocation Failure) 167491K->14495K(163840K), 0.0006740 secs]
444.143: [GC (Allocation Failure) 160611K->14592K(157440K), 0.0006120 secs]
444.211: [GC (Allocation Failure) 154215K->14495K(151104K), 0.0006950 secs]
444.278: [GC (Allocation Failure) 147931K->14499K(145216K), 0.0007620 secs]
444.343: [GC (Allocation Failure) 142031K->14499K(139584K), 0.0005950 secs]
444.401: [GC (Allocation Failure) 136346K->14503K(134208K), 0.0007700 secs]
444.457: [GC (Allocation Failure) 131045K->14503K(129152K), 0.0006060 secs]
444.512: [GC (Allocation Failure) 125938K->14487K(151168K), 0.0008170 secs]
444.575: [GC (Allocation Failure) 147922K->14487K(177600K), 0.0012040 secs]
444.657: [GC (Allocation Failure) 174366K->14600K(209152K), 0.0006030 secs]
444.751: [GC (Allocation Failure) 206023K->14698K(200512K), 0.0006210 secs]
444.836: [GC (Allocation Failure) 197373K->14600K(191936K), 0.0005630 secs]
444.922: [GC (Allocation Failure) 188915K->14682K(184064K), 0.0011920 secs]
445.004: [GC (Allocation Failure) 181044K->14796K(176640K), 0.0007500 secs]
445.082: [GC (Allocation Failure) 173591K->14796K(169472K), 0.0007030 secs]
445.156: [GC (Allocation Failure) 166430K->14698K(162368K), 0.0007080 secs]
445.226: [GC (Allocation Failure) 159543K->14878K(191296K), 0.0011460 secs]
445.311: [GC (Allocation Failure) 188312K->14991K(183360K), 0.0006090 secs]
445.390: [GC (Allocation Failure) 180477K->14975K(175808K), 0.0008740 secs]
445.467: [GC (Allocation Failure) 172992K->14995K(168640K), 0.0005780 secs]
445.541: [GC (Allocation Failure) 165927K->15093K(161984K), 0.0008370 secs]
445.609: [GC (Allocation Failure) 159241K->14995K(155392K), 0.0007010 secs]
445.678: [GC (Allocation Failure) 152668K->15093K(149376K), 0.0008080 secs]
445.742: [GC (Allocation Failure) 146674K->14995K(175232K), 0.0008280 secs]
445.820: [GC (Allocation Failure) 172511K->15077K(206336K), 0.0008600 secs]
445.909: [GC (Allocation Failure) 203650K->14979K(239040K), 0.0009980 secs]
446.014: [GC (Allocation Failure) 236170K->15093K(228800K), 0.0006380 secs]
446.116: [GC (Allocation Failure) 226074K->14995K(218688K), 0.0006640 secs]
446.213: [GC (Allocation Failure) 216150K->15288K(209728K), 0.0005990 secs]
446.305: [GC (Allocation Failure) 207206K->15191K(200768K), 0.0006470 secs]
446.395: [GC (Allocation Failure) 198244K->15272K(192448K), 0.0010250 secs]
446.479: [GC (Allocation Failure) 189986K->15288K(184576K), 0.0007480 secs]
446.563: [GC (Allocation Failure) 182045K->15288K(177024K), 0.0008780 secs]
446.640: [GC (Allocation Failure) 174479K->15191K(169728K), 0.0005840 secs]
446.714: [GC (Allocation Failure) 167210K->15288K(163008K), 0.0006240 secs]
446.784: [GC (Allocation Failure) 160424K->15191K(156416K), 0.0007450 secs]
446.850: [GC (Allocation Failure) 153940K->15175K(150272K), 0.0008530 secs]
446.914: [GC (Allocation Failure) 147739K->15288K(144512K), 0.0006160 secs]
446.975: [GC (Allocation Failure) 141954K->15175K(169344K), 0.0008620 secs]
447.051: [GC (Allocation Failure) 166805K->15288K(162560K), 0.0005980 secs]
447.121: [GC (Allocation Failure) 160125K->15386K(156224K), 0.0008470 secs]
447.190: [GC (Allocation Failure) 153738K->15374K(183488K), 0.0009800 secs]
447.270: [GC (Allocation Failure) 181055K->15390K(176064K), 0.0006420 secs]
447.345: [GC (Allocation Failure) 173597K->15390K(168768K), 0.0005990 secs]
447.415: [GC (Allocation Failure) 166420K->15394K(161984K), 0.0006180 secs]
447.485: [GC (Allocation Failure) 159657K->15394K(155520K), 0.0006170 secs]
447.553: [GC (Allocation Failure) 153165K->15394K(149376K), 0.0006100 secs]
447.621: [GC (Allocation Failure) 147086K->15394K(143552K), 0.0008080 secs]
447.681: [GC (Allocation Failure) 141272K->15492K(138112K), 0.0006330 secs]
447.741: [GC (Allocation Failure) 135768K->15492K(132736K), 0.0007840 secs]
447.796: [GC (Allocation Failure) 130550K->15492K(127744K), 0.0006160 secs]
447.849: [GC (Allocation Failure) 125548K->15492K(149440K), 0.0008090 secs]
447.916: [GC (Allocation Failure) 147171K->15492K(175424K), 0.0006080 secs]
447.992: [GC (Allocation Failure) 173201K->15589K(168320K), 0.0007100 secs]
448.066: [GC (Allocation Failure) 166230K->15589K(161536K), 0.0007370 secs]
448.137: [GC (Allocation Failure) 159447K->15589K(155136K), 0.0006170 secs]
448.203: [GC (Allocation Failure) 153061K->15687K(149120K), 0.0006180 secs]
448.268: [GC (Allocation Failure) 146973K->15687K(143104K), 0.0007620 secs]
448.331: [GC (Allocation Failure) 141171K->15785K(137664K), 0.0007890 secs]
448.392: [GC (Allocation Failure) 135761K->15882K(161472K), 0.0007960 secs]
448.463: [GC (Allocation Failure) 159554K->15886K(155072K), 0.0006290 secs]
448.529: [GC (Allocation Failure) 153156K->15789K(148672K), 0.0005900 secs]
448.593: [GC (Allocation Failure) 146973K->16082K(143232K), 0.0007570 secs]
448.654: [GC (Allocation Failure) 141375K->15988K(137536K), 0.0005960 secs]
448.712: [GC (Allocation Failure) 135858K->15988K(132288K), 0.0006280 secs]
448.766: [GC (Allocation Failure) 130564K->15988K(127296K), 0.0006370 secs]
448.819: [GC (Allocation Failure) 125559K->16090K(149056K), 0.0008400 secs]
448.885: [GC (Allocation Failure) 147270K->15992K(174848K), 0.0007130 secs]
448.964: [GC (Allocation Failure) 173120K->16090K(205952K), 0.0008110 secs]
449.057: [GC (Allocation Failure) 204172K->16090K(197184K), 0.0008180 secs]
449.142: [GC (Allocation Failure) 195524K->16191K(189120K), 0.0006110 secs]
449.224: [GC (Allocation Failure) 187466K->16078K(222784K), 0.0012180 secs]
449.323: [GC (Allocation Failure) 221141K->16191K(213440K), 0.0006270 secs]
449.419: [GC (Allocation Failure) 211747K->16191K(204288K), 0.0008290 secs]
449.513: [GC (Allocation Failure) 202792K->16191K(195712K), 0.0008100 secs]
449.602: [GC (Allocation Failure) 194153K->16289K(187712K), 0.0008180 secs]
449.687: [GC (Allocation Failure) 186183K->16195K(179840K), 0.0006320 secs]
449.766: [GC (Allocation Failure) 178327K->16195K(172480K), 0.0007770 secs]
449.841: [GC (Allocation Failure) 170958K->16277K(203008K), 0.0012670 secs]
449.931: [GC (Allocation Failure) 201512K->16195K(194432K), 0.0006220 secs]
450.015: [GC (Allocation Failure) 192876K->16179K(229312K), 0.0012450 secs]
450.117: [GC (Allocation Failure) 227748K->16297K(219648K), 0.0007910 secs]
450.216: [GC (Allocation Failure) 218128K->16297K(210368K), 0.0006470 secs]
450.307: [GC (Allocation Failure) 208802K->16183K(201280K), 0.0008630 secs]
450.397: [GC (Allocation Failure) 199844K->16395K(193152K), 0.0008070 secs]
450.483: [GC (Allocation Failure) 191702K->16395K(185152K), 0.0006150 secs]
450.561: [GC (Allocation Failure) 183747K->16301K(177408K), 0.0007230 secs]
450.639: [GC (Allocation Failure) 175984K->16399K(170176K), 0.0006160 secs]
450.716: [GC (Allocation Failure) 168906K->16496K(163456K), 0.0008440 secs]
450.786: [GC (Allocation Failure) 162123K->16496K(156800K), 0.0006100 secs]
450.851: [GC (Allocation Failure) 155545K->16496K(150592K), 0.0006100 secs]
450.915: [GC (Allocation Failure) 149348K->16496K(144704K), 0.0008050 secs]
450.975: [GC (Allocation Failure) 143452K->16496K(139136K), 0.0006040 secs]
451.031: [GC (Allocation Failure) 137947K->16496K(133824K), 0.0006100 secs]
451.088: [GC (Allocation Failure) 132635K->16496K(128768K), 0.0006210 secs]
451.142: [GC (Allocation Failure) 127535K->16496K(150720K), 0.0007860 secs]
451.208: [GC (Allocation Failure) 149551K->16496K(144832K), 0.0006240 secs]
451.270: [GC (Allocation Failure) 143660K->16480K(169920K), 0.0008610 secs]
451.345: [GC (Allocation Failure) 168681K->16578K(200064K), 0.0013080 secs]
451.435: [GC (Allocation Failure) 198857K->16496K(228608K), 0.0008230 secs]
451.539: [GC (Allocation Failure) 227366K->16496K(218880K), 0.0006320 secs]
451.641: [GC (Allocation Failure) 217641K->16578K(228416K), 0.0014070 secs]
451.742: [GC (Allocation Failure) 227339K->16692K(218752K), 0.0008120 secs]
451.844: [GC (Allocation Failure) 217746K->16789K(209408K), 0.0006900 secs]
451.938: [GC (Allocation Failure) 208508K->16985K(200768K), 0.0006410 secs]
452.030: [GC (Allocation Failure) 199868K->16887K(192256K), 0.0006690 secs]
452.112: [GC (Allocation Failure) 191414K->16887K(184320K), 0.0007060 secs]
452.194: [GC (Allocation Failure) 183456K->16985K(176768K), 0.0008050 secs]
452.272: [GC (Allocation Failure) 176082K->16985K(169600K), 0.0007000 secs]
452.347: [GC (Allocation Failure) 168899K->16985K(162752K), 0.0007910 secs]
452.418: [GC (Allocation Failure) 162027K->16989K(156288K), 0.0008190 secs]
452.485: [GC (Allocation Failure) 155549K->16989K(150080K), 0.0006430 secs]
452.556: [GC (Allocation Failure) 149449K->17086K(144256K), 0.0007980 secs]
452.618: [GC (Allocation Failure) 143653K->17086K(138688K), 0.0007620 secs]
452.678: [GC (Allocation Failure) 138050K->17168K(162688K), 0.0012870 secs]
452.748: [GC (Allocation Failure) 162108K->17086K(191040K), 0.0006100 secs]
452.831: [GC (Allocation Failure) 190605K->17282K(225600K), 0.0007850 secs]
452.932: [GC (Allocation Failure) 225011K->17282K(215872K), 0.0006080 secs]
453.030: [GC (Allocation Failure) 215484K->17379K(206848K), 0.0006440 secs]
453.122: [GC (Allocation Failure) 206431K->17379K(198016K), 0.0005950 secs]
453.123: [Full GC (Ergonomics) 17379K->945K(198144K), 0.0075950 secs]
453.221: [GC (Allocation Failure) 181348K->1270K(190080K), 0.0006370 secs]
453.303: [GC (Allocation Failure) 173337K->1172K(182144K), 0.0005080 secs]
453.387: [GC (Allocation Failure) 165471K->1156K(174720K), 0.0007710 secs]
453.464: [GC (Allocation Failure) 157995K->1172K(167616K), 0.0004710 secs]
453.538: [GC (Allocation Failure) 150930K->1172K(160896K), 0.0005610 secs]
453.610: [GC (Allocation Failure) 144249K->1172K(154496K), 0.0005480 secs]
453.677: [GC (Allocation Failure) 137856K->1270K(148544K), 0.0005150 secs]
453.739: [GC (Allocation Failure) 131867K->1172K(142592K), 0.0004340 secs]
453.799: [GC (Allocation Failure) 125970K->1270K(137152K), 0.0004510 secs]
453.857: [GC (Allocation Failure) 120564K->1270K(131904K), 0.0004730 secs]
453.911: [GC (Allocation Failure) 115357K->1372K(127040K), 0.0005570 secs]
453.965: [GC (Allocation Failure) 110453K->1372K(122112K), 0.0004700 secs]
454.017: [GC (Allocation Failure) 105732K->1571K(117824K), 0.0006380 secs]
454.065: [GC (Allocation Failure) 101413K->1571K(113408K), 0.0004500 secs]
454.111: [GC (Allocation Failure) 97186K->1571K(109376K), 0.0005150 secs]
454.156: [GC (Allocation Failure) 93142K->1571K(105536K), 0.0005550 secs]
454.200: [GC (Allocation Failure) 89225K->1571K(101888K), 0.0005780 secs]
454.241: [GC (Allocation Failure) 85584K->1669K(98368K), 0.0004760 secs]
454.281: [GC (Allocation Failure) 82149K->1669K(114304K), 0.0005760 secs]
454.330: [GC (Allocation Failure) 98163K->1669K(133376K), 0.0005550 secs]
454.386: [GC (Allocation Failure) 117227K->1669K(128320K), 0.0005130 secs]
454.440: [GC (Allocation Failure) 112122K->1673K(123456K), 0.0005190 secs]
454.492: [GC (Allocation Failure) 107313K->1868K(118976K), 0.0005190 secs]
454.541: [GC (Allocation Failure) 102982K->1868K(114624K), 0.0004200 secs]
454.587: [GC (Allocation Failure) 98659K->1966K(110528K), 0.0005930 secs]
454.633: [GC (Allocation Failure) 94632K->1966K(106560K), 0.0004400 secs]
454.675: [GC (Allocation Failure) 90796K->2063K(102912K), 0.0004800 secs]
454.717: [GC (Allocation Failure) 87164K->2063K(119680K), 0.0005370 secs]
454.766: [GC (Allocation Failure) 103949K->2161K(139840K), 0.0007980 secs]
454.825: [GC (Allocation Failure) 124203K->2259K(163904K), 0.0005000 secs]
454.895: [GC (Allocation Failure) 148393K->2340K(157440K), 0.0005930 secs]
454.964: [GC (Allocation Failure) 141980K->2454K(151232K), 0.0005390 secs]
455.027: [GC (Allocation Failure) 135799K->2454K(145344K), 0.0004650 secs]
455.090: [GC (Allocation Failure) 130002K->2454K(139648K), 0.0005360 secs]
455.151: [GC (Allocation Failure) 124305K->2552K(134336K), 0.0004610 secs]
455.207: [GC (Allocation Failure) 119084K->2552K(129280K), 0.0004420 secs]
455.261: [GC (Allocation Failure) 113985K->2552K(124416K), 0.0006040 secs]
455.314: [GC (Allocation Failure) 109171K->2747K(119744K), 0.0005620 secs]
455.364: [GC (Allocation Failure) 104748K->2942K(115456K), 0.0004970 secs]
455.412: [GC (Allocation Failure) 100518K->2942K(111296K), 0.0005350 secs]
455.459: [GC (Allocation Failure) 96395K->3028K(129856K), 0.0007310 secs]
455.513: [GC (Allocation Failure) 114953K->2946K(124736K), 0.0004790 secs]
455.567: [GC (Allocation Failure) 110058K->3142K(120448K), 0.0005470 secs]
455.618: [GC (Allocation Failure) 105630K->3239K(140672K), 0.0006160 secs]
455.678: [GC (Allocation Failure) 125972K->3126K(164800K), 0.0008420 secs]
455.750: [GC (Allocation Failure) 150131K->3142K(158144K), 0.0004540 secs]
455.818: [GC (Allocation Failure) 143554K->3337K(152064K), 0.0005140 secs]
455.884: [GC (Allocation Failure) 137480K->3239K(145984K), 0.0004490 secs]
455.946: [GC (Allocation Failure) 131374K->3239K(140352K), 0.0004820 secs]
456.004: [GC (Allocation Failure) 125777K->3321K(135040K), 0.0006020 secs]
456.067: [GC (Allocation Failure) 120446K->3337K(129984K), 0.0006500 secs]
456.126: [GC (Allocation Failure) 115359K->3341K(124800K), 0.0006440 secs]
456.178: [GC (Allocation Failure) 110449K->3634K(120576K), 0.0005440 secs]
456.229: [GC (Allocation Failure) 106133K->3540K(115968K), 0.0006220 secs]
456.278: [GC (Allocation Failure) 101709K->3638K(111936K), 0.0005020 secs]
456.324: [GC (Allocation Failure) 97589K->3638K(107840K), 0.0006230 secs]
456.368: [GC (Allocation Failure) 93652K->3736K(125760K), 0.0005690 secs]
456.422: [GC (Allocation Failure) 111539K->3638K(120960K), 0.0005050 secs]
456.470: [GC (Allocation Failure) 106724K->3736K(116672K), 0.0005510 secs]
456.517: [GC (Allocation Failure) 102398K->3736K(112320K), 0.0005420 secs]
456.562: [GC (Allocation Failure) 98259K->3833K(108416K), 0.0005190 secs]
456.608: [GC (Allocation Failure) 94240K->3833K(126144K), 0.0006050 secs]
456.664: [GC (Allocation Failure) 112121K->3931K(121600K), 0.0004990 secs]
456.713: [GC (Allocation Failure) 107608K->3837K(116992K), 0.0004850 secs]
456.761: [GC (Allocation Failure) 102986K->3935K(136704K), 0.0006740 secs]
456.819: [GC (Allocation Failure) 122643K->3935K(131392K), 0.0005340 secs]
456.874: [GC (Allocation Failure) 117527K->4033K(126592K), 0.0006230 secs]
456.926: [GC (Allocation Failure) 112620K->3935K(121792K), 0.0006000 secs]
456.978: [GC (Allocation Failure) 107897K->3935K(117312K), 0.0005010 secs]
457.026: [GC (Allocation Failure) 103379K->3919K(136960K), 0.0008290 secs]
457.085: [GC (Allocation Failure) 123015K->3919K(160512K), 0.0008530 secs]
457.158: [GC (Allocation Failure) 146595K->3919K(188672K), 0.0008460 secs]
457.243: [GC (Allocation Failure) 174799K->4033K(181056K), 0.0005020 secs]
457.321: [GC (Allocation Failure) 167161K->4033K(173568K), 0.0005970 secs]
457.396: [GC (Allocation Failure) 159787K->4037K(166528K), 0.0004890 secs]
457.468: [GC (Allocation Failure) 152709K->4135K(160000K), 0.0006060 secs]
457.537: [GC (Allocation Failure) 146127K->4037K(153536K), 0.0005590 secs]
457.603: [GC (Allocation Failure) 139737K->4135K(147520K), 0.0004950 secs]
457.666: [GC (Allocation Failure) 133833K->4232K(141888K), 0.0005230 secs]
457.728: [GC (Allocation Failure) 128138K->4135K(136256K), 0.0005630 secs]
457.784: [GC (Allocation Failure) 122641K->4232K(131136K), 0.0005490 secs]
457.842: [GC (Allocation Failure) 117534K->4330K(126336K), 0.0004920 secs]
457.895: [GC (Allocation Failure) 112716K->4232K(121536K), 0.0006370 secs]
457.945: [GC (Allocation Failure) 107901K->4334K(117056K), 0.0006550 secs]
457.993: [GC (Allocation Failure) 103585K->4432K(112960K), 0.0005980 secs]
458.042: [GC (Allocation Failure) 99457K->4334K(131520K), 0.0005890 secs]
458.096: [GC (Allocation Failure) 118117K->4432K(126656K), 0.0005010 secs]
458.150: [GC (Allocation Failure) 113206K->4513K(148224K), 0.0007810 secs]
458.212: [GC (Allocation Failure) 134811K->4533K(174016K), 0.0006460 secs]
458.288: [GC (Allocation Failure) 160584K->4517K(204672K), 0.0008300 secs]
458.382: [GC (Allocation Failure) 191321K->4533K(196096K), 0.0005600 secs]
458.468: [GC (Allocation Failure) 182801K->4533K(187968K), 0.0005090 secs]
458.553: [GC (Allocation Failure) 174629K->4631K(180352K), 0.0006300 secs]
458.631: [GC (Allocation Failure) 166969K->4615K(172736K), 0.0008630 secs]
458.705: [GC (Allocation Failure) 159676K->4826K(166016K), 0.0005640 secs]
458.778: [GC (Allocation Failure) 152912K->4729K(159232K), 0.0006120 secs]
458.846: [GC (Allocation Failure) 146119K->4810K(152960K), 0.0006680 secs]
458.911: [GC (Allocation Failure) 139819K->4810K(146944K), 0.0008680 secs]
458.974: [GC (Allocation Failure) 133827K->4733K(141184K), 0.0005430 secs]
459.032: [GC (Allocation Failure) 128056K->4830K(135872K), 0.0005950 secs]
459.089: [GC (Allocation Failure) 122747K->4830K(130752K), 0.0005260 secs]
459.145: [GC (Allocation Failure) 117634K->4834K(125632K), 0.0006060 secs]
459.197: [GC (Allocation Failure) 112732K->5030K(121152K), 0.0005140 secs]
459.249: [GC (Allocation Failure) 108199K->5034K(116736K), 0.0005930 secs]
459.298: [GC (Allocation Failure) 103788K->4936K(112384K), 0.0005190 secs]
459.342: [GC (Allocation Failure) 99466K->4936K(108352K), 0.0006180 secs]
459.388: [GC (Allocation Failure) 95435K->5022K(126272K), 0.0007770 secs]
459.440: [GC (Allocation Failure) 113413K->4940K(147584K), 0.0005120 secs]
459.504: [GC (Allocation Failure) 134646K->4940K(141824K), 0.0005100 secs]
459.562: [GC (Allocation Failure) 128951K->4940K(136384K), 0.0005160 secs]
459.617: [GC (Allocation Failure) 123450K->4940K(131200K), 0.0005110 secs]
459.673: [GC (Allocation Failure) 118325K->4940K(126272K), 0.0005110 secs]
459.726: [GC (Allocation Failure) 113341K->5038K(121728K), 0.0006270 secs]
459.778: [GC (Allocation Failure) 108808K->5022K(141952K), 0.0007740 secs]
459.837: [GC (Allocation Failure) 129234K->5237K(166720K), 0.0006620 secs]
459.909: [GC (Allocation Failure) 154005K->5237K(160064K), 0.0005560 secs]
459.979: [GC (Allocation Failure) 147323K->5237K(153728K), 0.0005820 secs]
460.044: [GC (Allocation Failure) 140950K->5123K(147456K), 0.0006460 secs]
460.107: [GC (Allocation Failure) 134828K->5237K(141824K), 0.0004890 secs]
460.167: [GC (Allocation Failure) 129250K->5221K(136384K), 0.0007490 secs]
460.224: [GC (Allocation Failure) 123732K->5237K(131200K), 0.0005480 secs]
460.282: [GC (Allocation Failure) 118641K->5237K(126272K), 0.0006180 secs]
460.337: [GC (Allocation Failure) 113626K->5335K(121728K), 0.0006480 secs]
460.387: [GC (Allocation Failure) 109099K->5335K(117120K), 0.0006270 secs]
460.436: [GC (Allocation Failure) 104571K->5432K(113024K), 0.0005850 secs]
460.481: [GC (Allocation Failure) 100458K->5339K(131712K), 0.0006190 secs]
460.542: [GC (Allocation Failure) 119227K->5436K(154304K), 0.0006680 secs]
460.608: [GC (Allocation Failure) 141742K->5323K(148096K), 0.0006500 secs]
460.671: [GC (Allocation Failure) 135530K->5436K(142464K), 0.0005400 secs]
460.730: [GC (Allocation Failure) 129936K->5339K(136832K), 0.0006220 secs]
460.789: [GC (Allocation Failure) 124346K->5436K(131776K), 0.0006670 secs]
460.844: [GC (Allocation Failure) 119228K->5424K(154176K), 0.0008570 secs]
460.912: [GC (Allocation Failure) 141714K->5343K(180992K), 0.0006710 secs]
460.992: [GC (Allocation Failure) 168460K->5343K(173632K), 0.0005110 secs]
461.068: [GC (Allocation Failure) 161094K->5440K(166720K), 0.0006270 secs]
461.142: [GC (Allocation Failure) 154215K->5444K(159936K), 0.0006340 secs]
461.211: [GC (Allocation Failure) 147535K->5526K(153664K), 0.0009100 secs]
461.279: [GC (Allocation Failure) 141333K->5542K(147712K), 0.0004920 secs]
461.342: [GC (Allocation Failure) 135251K->5542K(141952K), 0.0006700 secs]
461.401: [GC (Allocation Failure) 129555K->5542K(136320K), 0.0007400 secs]
461.458: [GC (Allocation Failure) 124050K->5737K(131328K), 0.0005210 secs]
461.512: [GC (Allocation Failure) 119140K->5737K(126400K), 0.0005040 secs]
461.567: [GC (Allocation Failure) 114128K->5624K(147648K), 0.0009190 secs]
461.632: [GC (Allocation Failure) 135437K->5737K(173248K), 0.0007990 secs]
461.711: [GC (Allocation Failure) 161187K->5835K(166400K), 0.0006460 secs]
461.783: [GC (Allocation Failure) 154218K->5835K(159616K), 0.0006350 secs]
461.855: [GC (Allocation Failure) 147638K->5835K(153280K), 0.0005110 secs]
461.922: [GC (Allocation Failure) 141246K->5839K(147264K), 0.0008230 secs]
461.983: [GC (Allocation Failure) 135240K->5937K(141696K), 0.0005350 secs]
462.043: [GC (Allocation Failure) 129657K->5839K(136128K), 0.0006120 secs]
462.102: [GC (Allocation Failure) 124155K->5843K(130944K), 0.0005350 secs]
462.154: [GC (Allocation Failure) 118943K->5941K(126144K), 0.0005220 secs]
462.208: [GC (Allocation Failure) 114127K->5843K(121344K), 0.0005110 secs]
462.258: [GC (Allocation Failure) 109323K->5941K(116928K), 0.0005040 secs]
462.308: [GC (Allocation Failure) 104993K->6038K(112832K), 0.0006750 secs]
462.355: [GC (Allocation Failure) 100872K->5941K(108672K), 0.0006220 secs]
462.401: [GC (Allocation Failure) 96739K->5941K(104832K), 0.0004980 secs]
462.443: [GC (Allocation Failure) 92906K->6022K(122112K), 0.0007920 secs]
462.496: [GC (Allocation Failure) 110276K->5941K(142656K), 0.0005150 secs]
462.556: [GC (Allocation Failure) 130741K->5941K(167296K), 0.0005670 secs]
462.630: [GC (Allocation Failure) 155407K->6038K(160704K), 0.0005910 secs]
462.702: [GC (Allocation Failure) 148808K->5941K(154112K), 0.0004810 secs]
462.769: [GC (Allocation Failure) 142231K->6136K(148224K), 0.0006870 secs]
462.831: [GC (Allocation Failure) 136432K->6136K(142464K), 0.0004920 secs]
462.890: [GC (Allocation Failure) 130639K->6038K(136832K), 0.0006640 secs]
462.951: [GC (Allocation Failure) 125035K->6136K(131648K), 0.0006260 secs]
463.009: [GC (Allocation Failure) 119925K->6234K(126848K), 0.0006640 secs]
463.061: [GC (Allocation Failure) 115115K->6234K(121984K), 0.0005190 secs]
463.109: [GC (Allocation Failure) 110394K->6331K(117632K), 0.0006380 secs]
463.160: [GC (Allocation Failure) 105962K->6331K(113280K), 0.0005160 secs]
463.206: [GC (Allocation Failure) 101748K->6335K(132160K), 0.0006380 secs]
463.262: [GC (Allocation Failure) 120618K->6433K(127296K), 0.0006000 secs]
463.314: [GC (Allocation Failure) 115808K->6335K(148736K), 0.0006670 secs]
463.379: [GC (Allocation Failure) 137224K->6335K(142912K), 0.0005050 secs]
463.438: [GC (Allocation Failure) 131421K->6417K(167680K), 0.0009470 secs]
463.512: [GC (Allocation Failure) 156172K->6433K(161024K), 0.0004910 secs]
463.583: [GC (Allocation Failure) 149513K->6433K(154624K), 0.0005500 secs]
463.648: [GC (Allocation Failure) 143116K->6335K(148352K), 0.0006030 secs]
463.712: [GC (Allocation Failure) 136929K->6515K(142720K), 0.0009340 secs]
463.773: [GC (Allocation Failure) 131307K->6531K(137280K), 0.0005810 secs]
463.833: [GC (Allocation Failure) 125828K->6515K(160768K), 0.0009950 secs]
463.901: [GC (Allocation Failure) 149400K->6531K(188928K), 0.0006250 secs]
463.986: [GC (Allocation Failure) 177599K->6531K(181120K), 0.0006580 secs]
464.067: [GC (Allocation Failure) 169852K->6531K(173696K), 0.0006440 secs]
464.142: [GC (Allocation Failure) 162376K->6531K(166656K), 0.0005280 secs]
464.213: [GC (Allocation Failure) 155298K->6531K(160000K), 0.0005880 secs]
464.284: [GC (Allocation Failure) 148711K->6632K(153792K), 0.0005360 secs]
464.350: [GC (Allocation Failure) 142434K->6632K(147648K), 0.0005930 secs]
464.414: [GC (Allocation Failure) 136451K->6632K(141888K), 0.0006800 secs]
464.475: [GC (Allocation Failure) 130647K->6616K(136448K), 0.0009200 secs]
464.537: [GC (Allocation Failure) 125224K->6730K(131392K), 0.0006650 secs]
464.595: [GC (Allocation Failure) 120124K->6730K(126272K), 0.0006060 secs]
464.650: [GC (Allocation Failure) 115219K->6925K(121792K), 0.0005480 secs]
464.704: [GC (Allocation Failure) 110792K->6832K(117184K), 0.0006420 secs]
464.755: [GC (Allocation Failure) 106177K->6929K(136896K), 0.0006670 secs]
464.816: [GC (Allocation Failure) 125831K->6913K(160320K), 0.0009010 secs]
464.887: [GC (Allocation Failure) 149297K->6816K(188416K), 0.0009570 secs]
464.968: [GC (Allocation Failure) 177410K->6832K(201344K), 0.0006940 secs]
465.058: [GC (Allocation Failure) 190189K->6816K(201408K), 0.0009540 secs]
465.147: [GC (Allocation Failure) 190176K->6929K(192960K), 0.0007520 secs]
465.229: [GC (Allocation Failure) 181932K->7027K(185024K), 0.0006320 secs]
465.309: [GC (Allocation Failure) 173973K->6832K(177088K), 0.0005430 secs]
465.386: [GC (Allocation Failure) 166317K->7222K(170240K), 0.0008300 secs]
465.461: [GC (Allocation Failure) 159430K->7027K(163200K), 0.0007030 secs]
465.532: [GC (Allocation Failure) 152352K->7125K(156800K), 0.0005970 secs]
465.598: [GC (Allocation Failure) 145973K->7011K(150464K), 0.0009350 secs]
465.663: [GC (Allocation Failure) 139668K->7011K(176640K), 0.0010810 secs]
465.741: [GC (Allocation Failure) 165812K->7027K(169472K), 0.0005410 secs]
465.814: [GC (Allocation Failure) 158648K->7125K(162752K), 0.0007670 secs]
465.884: [GC (Allocation Failure) 151874K->7027K(156160K), 0.0005120 secs]
465.951: [GC (Allocation Failure) 145382K->7011K(183488K), 0.0010950 secs]
466.034: [GC (Allocation Failure) 172683K->7027K(176000K), 0.0005100 secs]
466.114: [GC (Allocation Failure) 165230K->7125K(168960K), 0.0007400 secs]
466.190: [GC (Allocation Failure) 158164K->7222K(162048K), 0.0005750 secs]
466.260: [GC (Allocation Failure) 151382K->7320K(155712K), 0.0007500 secs]
466.329: [GC (Allocation Failure) 145090K->7222K(149440K), 0.0006350 secs]
466.394: [GC (Allocation Failure) 138801K->7418K(143808K), 0.0005950 secs]
466.457: [GC (Allocation Failure) 133198K->7304K(138048K), 0.0009110 secs]
466.517: [GC (Allocation Failure) 127477K->7418K(161920K), 0.0008010 secs]
466.588: [GC (Allocation Failure) 151375K->7418K(155456K), 0.0006830 secs]
466.654: [GC (Allocation Failure) 144894K->7418K(149312K), 0.0006770 secs]
466.719: [GC (Allocation Failure) 138799K->7418K(143360K), 0.0005420 secs]
466.778: [GC (Allocation Failure) 132904K->7515K(137984K), 0.0007870 secs]
466.835: [GC (Allocation Failure) 127490K->7515K(132736K), 0.0005220 secs]
466.890: [GC (Allocation Failure) 122296K->7617K(127808K), 0.0006240 secs]
466.943: [GC (Allocation Failure) 117380K->7406K(149376K), 0.0010330 secs]
467.006: [GC (Allocation Failure) 138977K->7621K(175616K), 0.0006350 secs]
467.083: [GC (Allocation Failure) 165242K->7523K(206656K), 0.0006140 secs]
467.180: [GC (Allocation Failure) 196198K->7507K(233024K), 0.0011300 secs]
467.301: [GC (Allocation Failure) 222416K->7527K(222912K), 0.0007550 secs]
467.400: [GC (Allocation Failure) 212511K->7430K(213312K), 0.0005350 secs]
467.496: [GC (Allocation Failure) 202886K->7515K(204352K), 0.0011930 secs]
467.587: [GC (Allocation Failure) 193917K->7531K(195840K), 0.0007040 secs]
467.673: [GC (Allocation Failure) 185393K->7438K(187584K), 0.0007130 secs]
467.756: [GC (Allocation Failure) 177148K->7633K(180032K), 0.0007440 secs]
467.837: [GC (Allocation Failure) 169665K->7422K(172480K), 0.0009750 secs]
467.913: [GC (Allocation Failure) 162089K->7535K(165632K), 0.0007030 secs]
467.985: [GC (Allocation Failure) 155217K->7535K(159040K), 0.0006600 secs]
468.053: [GC (Allocation Failure) 148645K->7633K(152832K), 0.0006260 secs]
468.120: [GC (Allocation Failure) 142461K->7535K(146624K), 0.0006530 secs]
468.183: [GC (Allocation Failure) 136360K->7633K(141056K), 0.0007840 secs]
468.243: [GC (Allocation Failure) 130763K->7633K(135680K), 0.0006580 secs]
468.304: [GC (Allocation Failure) 125356K->7731K(130624K), 0.0007730 secs]
468.358: [GC (Allocation Failure) 120344K->7633K(152640K), 0.0006420 secs]
468.424: [GC (Allocation Failure) 142452K->7828K(146816K), 0.0006450 secs]
468.486: [GC (Allocation Failure) 136652K->7633K(140928K), 0.0006510 secs]
468.548: [GC (Allocation Failure) 130761K->7828K(165376K), 0.0007820 secs]
468.620: [GC (Allocation Failure) 155128K->7633K(158592K), 0.0005170 secs]
468.689: [GC (Allocation Failure) 148359K->7731K(152448K), 0.0008470 secs]
468.753: [GC (Allocation Failure) 142256K->7731K(146496K), 0.0006520 secs]
468.818: [GC (Allocation Failure) 136258K->7731K(140800K), 0.0007240 secs]
468.877: [GC (Allocation Failure) 130568K->7719K(164928K), 0.0007590 secs]
468.948: [GC (Allocation Failure) 154722K->7719K(193984K), 0.0012180 secs]
469.036: [GC (Allocation Failure) 183789K->7735K(228800K), 0.0005510 secs]
469.139: [GC (Allocation Failure) 218598K->7832K(219136K), 0.0007630 secs]
469.236: [GC (Allocation Failure) 208980K->7637K(209472K), 0.0005760 secs]
469.329: [GC (Allocation Failure) 199436K->7816K(201088K), 0.0010940 secs]
469.418: [GC (Allocation Failure) 190780K->7836K(192448K), 0.0006840 secs]
469.505: [GC (Allocation Failure) 182439K->8032K(184704K), 0.0008690 secs]
469.586: [GC (Allocation Failure) 174677K->7934K(177088K), 0.0006610 secs]
469.663: [GC (Allocation Failure) 167027K->7820K(169792K), 0.0007880 secs]
469.736: [GC (Allocation Failure) 159745K->7836K(162944K), 0.0005950 secs]
469.808: [GC (Allocation Failure) 152982K->7918K(191616K), 0.0012250 secs]
469.895: [GC (Allocation Failure) 181648K->8032K(183808K), 0.0007510 secs]
469.977: [GC (Allocation Failure) 173796K->7820K(176128K), 0.0008440 secs]
470.054: [GC (Allocation Failure) 166118K->7934K(169088K), 0.0005760 secs]
470.127: [GC (Allocation Failure) 159068K->7934K(162304K), 0.0006060 secs]
470.198: [GC (Allocation Failure) 152292K->7820K(155712K), 0.0009580 secs]
470.265: [GC (Allocation Failure) 145687K->7918K(182976K), 0.0008760 secs]
470.342: [GC (Allocation Failure) 173000K->7934K(175552K), 0.0005320 secs]
470.416: [GC (Allocation Failure) 165552K->8032K(168512K), 0.0008070 secs]
470.490: [GC (Allocation Failure) 158559K->7918K(198016K), 0.0009660 secs]
470.578: [GC (Allocation Failure) 188136K->8016K(233664K), 0.0012680 secs]
470.683: [GC (Allocation Failure) 223807K->8032K(223744K), 0.0006650 secs]
470.785: [GC (Allocation Failure) 213805K->8129K(214272K), 0.0008910 secs]
470.879: [GC (Allocation Failure) 204384K->7934K(205056K), 0.0006260 secs]
470.972: [GC (Allocation Failure) 195129K->8133K(196672K), 0.0006370 secs]
471.060: [GC (Allocation Failure) 186783K->8020K(188416K), 0.0009980 secs]
471.149: [GC (Allocation Failure) 178517K->8036K(180736K), 0.0007760 secs]
471.229: [GC (Allocation Failure) 170771K->7938K(173248K), 0.0006120 secs]
471.306: [GC (Allocation Failure) 163387K->8040K(166400K), 0.0007970 secs]
471.380: [GC (Allocation Failure) 156423K->7942K(159616K), 0.0005240 secs]
471.449: [GC (Allocation Failure) 149741K->8137K(153472K), 0.0006270 secs]
471.514: [GC (Allocation Failure) 143544K->8040K(147392K), 0.0005370 secs]
471.578: [GC (Allocation Failure) 137462K->7942K(141568K), 0.0005240 secs]
471.638: [GC (Allocation Failure) 131660K->8044K(136256K), 0.0005520 secs]
471.693: [GC (Allocation Failure) 126362K->8044K(131072K), 0.0006960 secs]
471.749: [GC (Allocation Failure) 121145K->7946K(126016K), 0.0005210 secs]
471.801: [GC (Allocation Failure) 116135K->8141K(147584K), 0.0008780 secs]
471.866: [GC (Allocation Failure) 137660K->8044K(173056K), 0.0006420 secs]
471.941: [GC (Allocation Failure) 163100K->8141K(166144K), 0.0006430 secs]
472.015: [GC (Allocation Failure) 156230K->7946K(159296K), 0.0006160 secs]
472.082: [GC (Allocation Failure) 149443K->7946K(152960K), 0.0005290 secs]
472.148: [GC (Allocation Failure) 143065K->8048K(147072K), 0.0006140 secs]
472.210: [GC (Allocation Failure) 137167K->8048K(141376K), 0.0007460 secs]
472.269: [GC (Allocation Failure) 131474K->8048K(135808K), 0.0006080 secs]
472.329: [GC (Allocation Failure) 125969K->8129K(159168K), 0.0010080 secs]
472.400: [GC (Allocation Failure) 149437K->8145K(187072K), 0.0006740 secs]
472.483: [GC (Allocation Failure) 177268K->8048K(179264K), 0.0006870 secs]
472.562: [GC (Allocation Failure) 169499K->8149K(172096K), 0.0006720 secs]
472.640: [GC (Allocation Failure) 162325K->8052K(165056K), 0.0006200 secs]
472.712: [GC (Allocation Failure) 155259K->8056K(158464K), 0.0005120 secs]
472.778: [GC (Allocation Failure) 148673K->8153K(152320K), 0.0005500 secs]
472.842: [GC (Allocation Failure) 142480K->8056K(146240K), 0.0006020 secs]
472.905: [GC (Allocation Failure) 136491K->8153K(140672K), 0.0007140 secs]
472.965: [GC (Allocation Failure) 130873K->8153K(135168K), 0.0006060 secs]
473.022: [GC (Allocation Failure) 125483K->8153K(130048K), 0.0006820 secs]
473.076: [GC (Allocation Failure) 120369K->8153K(125184K), 0.0005360 secs]
473.127: [GC (Allocation Failure) 115462K->8153K(120576K), 0.0005280 secs]
473.176: [GC (Allocation Failure) 110937K->8153K(116160K), 0.0006770 secs]
473.227: [GC (Allocation Failure) 106517K->8235K(135680K), 0.0009940 secs]
473.283: [GC (Allocation Failure) 126052K->8153K(158912K), 0.0005250 secs]
473.350: [GC (Allocation Failure) 149255K->8153K(152640K), 0.0005300 secs]
473.417: [GC (Allocation Failure) 142978K->8153K(146624K), 0.0005330 secs]
473.479: [GC (Allocation Failure) 136978K->8251K(141056K), 0.0006890 secs]
473.541: [GC (Allocation Failure) 131380K->8153K(135488K), 0.0005600 secs]
473.598: [GC (Allocation Failure) 125875K->8251K(130432K), 0.0005190 secs]
473.650: [GC (Allocation Failure) 120863K->8235K(152640K), 0.0009740 secs]
473.717: [GC (Allocation Failure) 143056K->8251K(179264K), 0.0006750 secs]
473.795: [GC (Allocation Failure) 169699K->8349K(172096K), 0.0005170 secs]
473.869: [GC (Allocation Failure) 162429K->8349K(165184K), 0.0006570 secs]
473.941: [GC (Allocation Failure) 155538K->8349K(158400K), 0.0006190 secs]
474.008: [GC (Allocation Failure) 148965K->8446K(152192K), 0.0006640 secs]
474.073: [GC (Allocation Failure) 142769K->8544K(146368K), 0.0005310 secs]
474.138: [GC (Allocation Failure) 136972K->8446K(140544K), 0.0005440 secs]
474.197: [GC (Allocation Failure) 131175K->8544K(135168K), 0.0005400 secs]
474.254: [GC (Allocation Failure) 125873K->8642K(130176K), 0.0006570 secs]
474.308: [GC (Allocation Failure) 120866K->8626K(152256K), 0.0008070 secs]
474.377: [GC (Allocation Failure) 142959K->8544K(178688K), 0.0010290 secs]
474.455: [GC (Allocation Failure) 169403K->8642K(210496K), 0.0006340 secs]
474.551: [GC (Allocation Failure) 201148K->8528K(201536K), 0.0007250 secs]
474.641: [GC (Allocation Failure) 192189K->8626K(193216K), 0.0009860 secs]
474.729: [GC (Allocation Failure) 183933K->8642K(185280K), 0.0007110 secs]
474.813: [GC (Allocation Failure) 175987K->8544K(177536K), 0.0005090 secs]
474.893: [GC (Allocation Failure) 168226K->8642K(170432K), 0.0005650 secs]
474.964: [GC (Allocation Failure) 161063K->8642K(163456K), 0.0007620 secs]
475.036: [GC (Allocation Failure) 154268K->8642K(156928K), 0.0005360 secs]
475.103: [GC (Allocation Failure) 147776K->8642K(150720K), 0.0007150 secs]
475.168: [GC (Allocation Failure) 141495K->8626K(144832K), 0.0009900 secs]
475.232: [GC (Allocation Failure) 135597K->8646K(139264K), 0.0005320 secs]
475.289: [GC (Allocation Failure) 130092K->8743K(134080K), 0.0006960 secs]
475.346: [GC (Allocation Failure) 124899K->8646K(128832K), 0.0006180 secs]
475.400: [GC (Allocation Failure) 119670K->8743K(124096K), 0.0006630 secs]
475.455: [GC (Allocation Failure) 114974K->8841K(145216K), 0.0006690 secs]
475.516: [GC (Allocation Failure) 136099K->8727K(170176K), 0.0007200 secs]
475.588: [GC (Allocation Failure) 161038K->8743K(163328K), 0.0005160 secs]
475.660: [GC (Allocation Failure) 154263K->8841K(156928K), 0.0005600 secs]
475.727: [GC (Allocation Failure) 147785K->8845K(150592K), 0.0005930 secs]
475.788: [GC (Allocation Failure) 141601K->8845K(144704K), 0.0005450 secs]
475.850: [GC (Allocation Failure) 135705K->8927K(139200K), 0.0009910 secs]
475.912: [GC (Allocation Failure) 130183K->8943K(133952K), 0.0005560 secs]
475.971: [GC (Allocation Failure) 124894K->8927K(156736K), 0.0009600 secs]
476.038: [GC (Allocation Failure) 147776K->8943K(184128K), 0.0005350 secs]
476.123: [GC (Allocation Failure) 175214K->8943K(176576K), 0.0006790 secs]
476.199: [GC (Allocation Failure) 167635K->9040K(169536K), 0.0005460 secs]
476.272: [GC (Allocation Failure) 160563K->9040K(162560K), 0.0005120 secs]
476.342: [GC (Allocation Failure) 153784K->9138K(156160K), 0.0005220 secs]
476.411: [GC (Allocation Failure) 147500K->9138K(150016K), 0.0006630 secs]
476.476: [GC (Allocation Failure) 141303K->9236K(144320K), 0.0007180 secs]
476.540: [GC (Allocation Failure) 135610K->9236K(138560K), 0.0006710 secs]
476.602: [GC (Allocation Failure) 130005K->9337K(133312K), 0.0006130 secs]
476.658: [GC (Allocation Failure) 124801K->9435K(128384K), 0.0005440 secs]
476.713: [GC (Allocation Failure) 119888K->9435K(123584K), 0.0007220 secs]
476.763: [GC (Allocation Failure) 115074K->9321K(144256K), 0.0008200 secs]
476.825: [GC (Allocation Failure) 135876K->9419K(169408K), 0.0009480 secs]
476.900: [GC (Allocation Failure) 161031K->9533K(199424K), 0.0006940 secs]
476.991: [GC (Allocation Failure) 191032K->9435K(190976K), 0.0007180 secs]
477.076: [GC (Allocation Failure) 182559K->9419K(183104K), 0.0006330 secs]
477.157: [GC (Allocation Failure) 174698K->9439K(175616K), 0.0005410 secs]
477.233: [GC (Allocation Failure) 167261K->9439K(168512K), 0.0007220 secs]
477.305: [GC (Allocation Failure) 160087K->9537K(161856K), 0.0005720 secs]
477.374: [GC (Allocation Failure) 153387K->9537K(155200K), 0.0005150 secs]
477.441: [GC (Allocation Failure) 146914K->9732K(149248K), 0.0005600 secs]
477.503: [GC (Allocation Failure) 141014K->9732K(143424K), 0.0006510 secs]
477.566: [GC (Allocation Failure) 135218K->9618K(137792K), 0.0010300 secs]
477.627: [GC (Allocation Failure) 129592K->9732K(132544K), 0.0005390 secs]
477.684: [GC (Allocation Failure) 124410K->9732K(127552K), 0.0006910 secs]
477.740: [GC (Allocation Failure) 119397K->9732K(122816K), 0.0005470 secs]
477.790: [GC (Allocation Failure) 114678K->9732K(118272K), 0.0005600 secs]
477.839: [GC (Allocation Failure) 110161K->9732K(113984K), 0.0005250 secs]
477.886: [GC (Allocation Failure) 105842K->9732K(109888K), 0.0005380 secs]
477.934: [GC (Allocation Failure) 101810K->9830K(128064K), 0.0007010 secs]
477.986: [GC (Allocation Failure) 120082K->9927K(149952K), 0.0005520 secs]
478.051: [GC (Allocation Failure) 141901K->9830K(143936K), 0.0005080 secs]
478.110: [GC (Allocation Failure) 136000K->9911K(168896K), 0.0008450 secs]
478.182: [GC (Allocation Failure) 160941K->10025K(162240K), 0.0005220 secs]
478.252: [GC (Allocation Failure) 154278K->10029K(155776K), 0.0005850 secs]
478.316: [GC (Allocation Failure) 147803K->10029K(149312K), 0.0005200 secs]
478.380: [GC (Allocation Failure) 141709K->10322K(143872K), 0.0005940 secs]
478.442: [GC (Allocation Failure) 136209K->10208K(138112K), 0.0007340 secs]
478.502: [GC (Allocation Failure) 130479K->10224K(132864K), 0.0007000 secs]
478.558: [GC (Allocation Failure) 125293K->10322K(128000K), 0.0005350 secs]
478.611: [GC (Allocation Failure) 120381K->10322K(123264K), 0.0007330 secs]
478.663: [GC (Allocation Failure) 115569K->10224K(118528K), 0.0005090 secs]
478.713: [GC (Allocation Failure) 110946K->10404K(138560K), 0.0010470 secs]
478.773: [GC (Allocation Failure) 131073K->10420K(162496K), 0.0006400 secs]
478.844: [GC (Allocation Failure) 154967K->10322K(190848K), 0.0005590 secs]
478.929: [GC (Allocation Failure) 183365K->10420K(183104K), 0.0005600 secs]
479.009: [GC (Allocation Failure) 175602K->10326K(175488K), 0.0005780 secs]
479.083: [GC (Allocation Failure) 167946K->10326K(168384K), 0.0005430 secs]
479.157: [GC (Allocation Failure) 160874K->10310K(161600K), 0.0010410 secs]
479.227: [GC (Allocation Failure) 154072K->10424K(155328K), 0.0005660 secs]
479.295: [GC (Allocation Failure) 147800K->10424K(149248K), 0.0006320 secs]
479.358: [GC (Allocation Failure) 141711K->10424K(143232K), 0.0005340 secs]
479.418: [GC (Allocation Failure) 135902K->10522K(137792K), 0.0005940 secs]
479.475: [GC (Allocation Failure) 130502K->10619K(132672K), 0.0005560 secs]
479.530: [GC (Allocation Failure) 125288K->10522K(127552K), 0.0007330 secs]
479.586: [GC (Allocation Failure) 120282K->10619K(122816K), 0.0005740 secs]
479.636: [GC (Allocation Failure) 115565K->10717K(118400K), 0.0006350 secs]
479.683: [GC (Allocation Failure) 111145K->10701K(138176K), 0.0009950 secs]
479.744: [GC (Allocation Failure) 130974K->10717K(161984K), 0.0005770 secs]
479.811: [GC (Allocation Failure) 154771K->10701K(190336K), 0.0009520 secs]
479.898: [GC (Allocation Failure) 183151K->10717K(216896K), 0.0006190 secs]
479.995: [GC (Allocation Failure) 209603K->10717K(207552K), 0.0005320 secs]
480.091: [GC (Allocation Failure) 200459K->10912K(199040K), 0.0009090 secs]
480.177: [GC (Allocation Failure) 191915K->10912K(190592K), 0.0007530 secs]
480.263: [GC (Allocation Failure) 183662K->11108K(182912K), 0.0007810 secs]
480.342: [GC (Allocation Failure) 175997K->11108K(175232K), 0.0005980 secs]
480.419: [GC (Allocation Failure) 168529K->11303K(168320K), 0.0008410 secs]
480.493: [GC (Allocation Failure) 161547K->11108K(161408K), 0.0006860 secs]
480.567: [GC (Allocation Failure) 154668K->11303K(155200K), 0.0006640 secs]
480.634: [GC (Allocation Failure) 148487K->11205K(149056K), 0.0006940 secs]
480.699: [GC (Allocation Failure) 142295K->11401K(143296K), 0.0007940 secs]
480.760: [GC (Allocation Failure) 136693K->11189K(167872K), 0.0010090 secs]
480.832: [GC (Allocation Failure) 161238K->11405K(197632K), 0.0007610 secs]
480.917: [GC (Allocation Failure) 191039K->11307K(189376K), 0.0005900 secs]
481.001: [GC (Allocation Failure) 182683K->11405K(181632K), 0.0008380 secs]
481.082: [GC (Allocation Failure) 175009K->11209K(174016K), 0.0006110 secs]
481.156: [GC (Allocation Failure) 167352K->11405K(167168K), 0.0006610 secs]
481.229: [GC (Allocation Failure) 160570K->11291K(160320K), 0.0010760 secs]
481.301: [GC (Allocation Failure) 153680K->11209K(153920K), 0.0006000 secs]
481.365: [GC (Allocation Failure) 147295K->11307K(147968K), 0.0006900 secs]
481.431: [GC (Allocation Failure) 141315K->11209K(142080K), 0.0005680 secs]
481.492: [GC (Allocation Failure) 135418K->11209K(136640K), 0.0005630 secs]
481.553: [GC (Allocation Failure) 130010K->11405K(131648K), 0.0006520 secs]
481.607: [GC (Allocation Failure) 125000K->11405K(126656K), 0.0007370 secs]
481.659: [GC (Allocation Failure) 120090K->11405K(148096K), 0.0006290 secs]
