0.076: [GC (Allocation Failure) 16101K->296K(61824K), 0.0012140 secs]
0.092: [GC (Allocation Failure) 16383K->349K(77952K), 0.0006590 secs]
0.119: [GC (Allocation Failure) 32579K->341K(77952K), 0.0007160 secs]
0.169: [GC (Allocation Failure) 32569K->341K(110208K), 0.0006550 secs]
0.225: [GC (Allocation Failure) 64846K->341K(110208K), 0.0007260 secs]
0.267: [GC (Allocation Failure) 64816K->349K(172416K), 0.0006400 secs]
0.370: [GC (Allocation Failure) 129355K->337K(172416K), 0.0008420 secs]
0.450: [GC (Allocation Failure) 129341K->337K(301440K), 0.0002570 secs]
0.718: [GC (Allocation Failure) 258275K->337K(288960K), 0.0002310 secs]
0.825: [GC (Allocation Failure) 246201K->337K(277440K), 0.0003010 secs]
0.951: [GC (Allocation Failure) 234681K->337K(266944K), 0.0002060 secs]
1.048: [GC (Allocation Failure) 223725K->337K(256128K), 0.0002610 secs]
1.145: [GC (Allocation Failure) 213389K->337K(246720K), 0.0003210 secs]
1.242: [GC (Allocation Failure) 203518K->337K(236864K), 0.0003100 secs]
1.327: [GC (Allocation Failure) 194127K->337K(228416K), 0.0002740 secs]
1.412: [GC (Allocation Failure) 185223K->337K(219520K), 0.0002770 secs]
1.493: [GC (Allocation Failure) 176776K->337K(211904K), 0.0002130 secs]
1.566: [GC (Allocation Failure) 168712K->337K(203776K), 0.0002630 secs]
1.636: [GC (Allocation Failure) 161040K->337K(196864K), 0.0002050 secs]
1.769: [GC (Allocation Failure) 153710K->337K(189568K), 0.0002780 secs]
1.834: [GC (Allocation Failure) 146819K->337K(183360K), 0.0002050 secs]
1.910: [GC (Allocation Failure) 140225K->337K(176704K), 0.0002560 secs]
2.007: [GC (Allocation Failure) 133969K->337K(171072K), 0.0002120 secs]
2.067: [GC (Allocation Failure) 128010K->337K(165120K), 0.0002600 secs]
2.125: [GC (Allocation Failure) 122340K->337K(160000K), 0.0002150 secs]
2.180: [GC (Allocation Failure) 116967K->337K(154624K), 0.0002620 secs]
2.232: [GC (Allocation Failure) 111888K->337K(150016K), 0.0002060 secs]
2.283: [GC (Allocation Failure) 106999K->337K(145152K), 0.0002500 secs]
2.347: [GC (Allocation Failure) 102408K->337K(140992K), 0.0003170 secs]
2.390: [GC (Allocation Failure) 98057K->337K(136640K), 0.0002480 secs]
2.441: [GC (Allocation Failure) 93905K->337K(132864K), 0.0002050 secs]
2.486: [GC (Allocation Failure) 89900K->337K(128896K), 0.0002680 secs]
2.638: [GC (Allocation Failure) 86135K->337K(125440K), 0.0002800 secs]
2.686: [GC (Allocation Failure) 82569K->337K(121920K), 0.0002510 secs]
2.721: [GC (Allocation Failure) 79150K->337K(118784K), 0.0002050 secs]
2.758: [GC (Allocation Failure) 75878K->337K(115584K), 0.0002380 secs]
2.882: [GC (Allocation Failure) 72845K->337K(112768K), 0.0002160 secs]
2.913: [GC (Allocation Failure) 69866K->337K(109824K), 0.0002340 secs]
2.946: [GC (Allocation Failure) 67082K->337K(107200K), 0.0002000 secs]
2.978: [GC (Allocation Failure) 64395K->337K(104640K), 0.0002480 secs]
3.006: [GC (Allocation Failure) 61900K->337K(102272K), 0.0002040 secs]
3.120: [GC (Allocation Failure) 59458K->337K(99904K), 0.0003070 secs]
3.180: [GC (Allocation Failure) 57163K->337K(97792K), 0.0002060 secs]
3.204: [GC (Allocation Failure) 54965K->337K(95680K), 0.0002420 secs]
3.275: [GC (Allocation Failure) 52913K->337K(93760K), 0.0002130 secs]
3.298: [GC (Allocation Failure) 50959K->337K(91840K), 0.0002360 secs]
3.413: [GC (Allocation Failure) 49099K->337K(90048K), 0.0002060 secs]
3.443: [GC (Allocation Failure) 47292K->337K(88320K), 0.0002000 secs]
3.482: [GC (Allocation Failure) 45583K->337K(86656K), 0.0002250 secs]
3.501: [GC (Allocation Failure) 43873K->337K(85120K), 0.0002790 secs]
3.524: [GC (Allocation Failure) 42359K->337K(83648K), 0.0002130 secs]
3.542: [GC (Allocation Failure) 40894K->337K(82240K), 0.0002050 secs]
3.560: [GC (Allocation Failure) 39477K->337K(80896K), 0.0002060 secs]
3.616: [GC (Allocation Failure) 38158K->337K(79616K), 0.0002270 secs]
3.637: [GC (Allocation Failure) 36836K->337K(78400K), 0.0002190 secs]
3.657: [GC (Allocation Failure) 35663K->337K(77248K), 0.0002100 secs]
3.677: [GC (Allocation Failure) 34491K->337K(76096K), 0.0002270 secs]
3.697: [GC (Allocation Failure) 33319K->337K(75008K), 0.0002120 secs]
3.716: [GC (Allocation Failure) 32244K->337K(73984K), 0.0002230 secs]
3.770: [GC (Allocation Failure) 31219K->337K(73024K), 0.0002230 secs]
3.783: [GC (Allocation Failure) 30242K->337K(72064K), 0.0002160 secs]
3.819: [GC (Allocation Failure) 29314K->337K(71168K), 0.0002230 secs]
3.833: [GC (Allocation Failure) 28386K->337K(76800K), 0.0002760 secs]
3.852: [GC (Allocation Failure) 34051K->337K(83584K), 0.0002010 secs]
3.922: [GC (Allocation Failure) 40845K->337K(82176K), 0.0002070 secs]
4.023: [GC (Allocation Failure) 39428K->337K(80832K), 0.0002160 secs]
4.046: [GC (Allocation Failure) 38061K->337K(79552K), 0.0002010 secs]
4.084: [GC (Allocation Failure) 36787K->337K(78336K), 0.0002280 secs]
4.110: [GC (Allocation Failure) 35566K->337K(77184K), 0.0002180 secs]
4.131: [GC (Allocation Failure) 34442K->337K(76032K), 0.0002080 secs]
4.172: [GC (Allocation Failure) 33270K->337K(74944K), 0.0002070 secs]
4.282: [GC (Allocation Failure) 32195K->337K(73920K), 0.0002260 secs]
4.303: [GC (Allocation Failure) 31170K->337K(72960K), 0.0002090 secs]
4.324: [GC (Allocation Failure) 30193K->337K(72000K), 0.0002140 secs]
4.342: [GC (Allocation Failure) 29265K->337K(71104K), 0.0002770 secs]
4.372: [GC (Allocation Failure) 28337K->337K(70272K), 0.0002200 secs]
4.388: [GC (Allocation Failure) 27506K->337K(69440K), 0.0002150 secs]
4.403: [GC (Allocation Failure) 26676K->337K(68672K), 0.0002040 secs]
4.465: [GC (Allocation Failure) 25895K->337K(67904K), 0.0002090 secs]
4.610: [GC (Allocation Failure) 25162K->337K(67200K), 0.0002190 secs]
4.632: [GC (Allocation Failure) 24425K->337K(66496K), 0.0002880 secs]
4.651: [GC (Allocation Failure) 23741K->337K(65856K), 0.0002050 secs]
4.665: [GC (Allocation Failure) 23106K->337K(70464K), 0.0002800 secs]
4.724: [GC (Allocation Failure) 27702K->337K(69632K), 0.0002180 secs]
4.743: [GC (Allocation Failure) 26871K->337K(68864K), 0.0002160 secs]
4.764: [GC (Allocation Failure) 26090K->337K(68096K), 0.0002150 secs]
4.878: [GC (Allocation Failure) 25357K->337K(67392K), 0.0002240 secs]
4.896: [GC (Allocation Failure) 24621K->337K(66688K), 0.0002080 secs]
4.915: [GC (Allocation Failure) 23937K->337K(66048K), 0.0002150 secs]
4.930: [GC (Allocation Failure) 23302K->337K(65408K), 0.0002190 secs]
4.943: [GC (Allocation Failure) 22667K->337K(69888K), 0.0002060 secs]
5.020: [GC (Allocation Failure) 27116K->337K(69056K), 0.0002160 secs]
5.070: [GC (Allocation Failure) 26285K->337K(68288K), 0.0002210 secs]
5.116: [GC (Allocation Failure) 25553K->337K(67520K), 0.0002260 secs]
5.133: [GC (Allocation Failure) 24767K->337K(66816K), 0.0002150 secs]
5.171: [GC (Allocation Failure) 24035K->337K(66112K), 0.0002190 secs]
5.223: [GC (Allocation Failure) 23351K->337K(65472K), 0.0002150 secs]
5.237: [GC (Allocation Failure) 22716K->337K(64832K), 0.0002330 secs]
5.250: [GC (Allocation Failure) 22081K->337K(64256K), 0.0002050 secs]
5.291: [GC (Allocation Failure) 21495K->337K(63680K), 0.0002180 secs]
5.303: [GC (Allocation Failure) 20909K->337K(63104K), 0.0002060 secs]
5.367: [GC (Allocation Failure) 20322K->337K(62592K), 0.0002070 secs]
5.436: [GC (Allocation Failure) 19834K->337K(62080K), 0.0002100 secs]
5.474: [GC (Allocation Failure) 19297K->337K(61568K), 0.0002160 secs]
5.486: [GC (Allocation Failure) 18808K->337K(61120K), 0.0002340 secs]
5.497: [GC (Allocation Failure) 18369K->337K(64768K), 0.0002070 secs]
5.514: [GC (Allocation Failure) 22032K->337K(69120K), 0.0002170 secs]
5.572: [GC (Allocation Failure) 26383K->337K(68352K), 0.0002070 secs]
5.592: [GC (Allocation Failure) 25602K->337K(67584K), 0.0002050 secs]
5.620: [GC (Allocation Failure) 24816K->337K(66880K), 0.0002180 secs]
5.634: [GC (Allocation Failure) 24132K->337K(66176K), 0.0002060 secs]
5.666: [GC (Allocation Failure) 23400K->337K(65536K), 0.0002800 secs]
5.769: [GC (Allocation Failure) 22765K->337K(64896K), 0.0002280 secs]
5.786: [GC (Allocation Failure) 22130K->337K(64320K), 0.0002250 secs]
5.872: [GC (Allocation Failure) 21543K->337K(63744K), 0.0002270 secs]
5.889: [GC (Allocation Failure) 21006K->337K(63168K), 0.0002300 secs]
5.905: [GC (Allocation Failure) 20420K->337K(62656K), 0.0002130 secs]
5.917: [GC (Allocation Failure) 19883K->337K(66624K), 0.0002060 secs]
5.966: [GC (Allocation Failure) 23888K->337K(65984K), 0.0002910 secs]
6.071: [GC (Allocation Failure) 23204K->337K(65344K), 0.0002250 secs]
6.109: [GC (Allocation Failure) 22569K->337K(64704K), 0.0002050 secs]
6.172: [GC (Allocation Failure) 21934K->337K(64128K), 0.0002160 secs]
6.186: [GC (Allocation Failure) 21348K->337K(63552K), 0.0002160 secs]
6.223: [GC (Allocation Failure) 20811K->337K(63040K), 0.0002280 secs]
6.236: [GC (Allocation Failure) 20274K->337K(62528K), 0.0002030 secs]
6.390: [GC (Allocation Failure) 19785K->337K(62016K), 0.0002080 secs]
6.420: [GC (Allocation Failure) 19248K->337K(61568K), 0.0002240 secs]
6.432: [GC (Allocation Failure) 18808K->337K(61120K), 0.0002130 secs]
6.467: [GC (Allocation Failure) 18369K->337K(60672K), 0.0002160 secs]
6.477: [GC (Allocation Failure) 17929K->337K(64192K), 0.0002060 secs]
6.519: [GC (Allocation Failure) 21446K->337K(63616K), 0.0002120 secs]
6.535: [GC (Allocation Failure) 20860K->337K(63104K), 0.0002070 secs]
6.607: [GC (Allocation Failure) 20322K->337K(62592K), 0.0002030 secs]
6.673: [GC (Allocation Failure) 19834K->337K(62080K), 0.0002170 secs]
6.685: [GC (Allocation Failure) 19297K->337K(61568K), 0.0002330 secs]
6.700: [GC (Allocation Failure) 18808K->337K(61120K), 0.0002020 secs]
6.716: [GC (Allocation Failure) 18369K->337K(64768K), 0.0002260 secs]
6.771: [GC (Allocation Failure) 22032K->337K(64192K), 0.0002170 secs]
6.784: [GC (Allocation Failure) 21446K->337K(68416K), 0.0002290 secs]
6.803: [GC (Allocation Failure) 25650K->337K(67648K), 0.0002040 secs]
6.819: [GC (Allocation Failure) 24865K->337K(72576K), 0.0002320 secs]
6.836: [GC (Allocation Failure) 29802K->337K(78528K), 0.0002050 secs]
6.874: [GC (Allocation Failure) 35761K->337K(77312K), 0.0002080 secs]
6.932: [GC (Allocation Failure) 34540K->337K(76160K), 0.0002230 secs]
6.955: [GC (Allocation Failure) 33417K->337K(75072K), 0.0002100 secs]
6.974: [GC (Allocation Failure) 32293K->337K(74048K), 0.0002060 secs]
6.992: [GC (Allocation Failure) 31267K->337K(73088K), 0.0002050 secs]
7.029: [GC (Allocation Failure) 30339K->337K(72128K), 0.0002160 secs]
7.045: [GC (Allocation Failure) 29362K->337K(71232K), 0.0002180 secs]
7.078: [GC (Allocation Failure) 28483K->337K(70400K), 0.0002140 secs]
7.094: [GC (Allocation Failure) 27653K->337K(69568K), 0.0002110 secs]
7.110: [GC (Allocation Failure) 26823K->337K(68800K), 0.0002160 secs]
7.129: [GC (Allocation Failure) 26041K->337K(68032K), 0.0002030 secs]
7.145: [GC (Allocation Failure) 25260K->337K(73024K), 0.0002200 secs]
7.176: [GC (Allocation Failure) 30242K->337K(72064K), 0.0002150 secs]
7.199: [GC (Allocation Failure) 29314K->337K(71168K), 0.0002050 secs]
7.216: [GC (Allocation Failure) 28386K->337K(70336K), 0.0002170 secs]
7.232: [GC (Allocation Failure) 27555K->337K(69504K), 0.0002160 secs]
7.252: [GC (Allocation Failure) 26725K->337K(68736K), 0.0002150 secs]
7.274: [GC (Allocation Failure) 25992K->337K(67968K), 0.0002140 secs]
7.294: [GC (Allocation Failure) 25211K->337K(67264K), 0.0002140 secs]
7.313: [GC (Allocation Failure) 24523K->337K(66560K), 0.0002150 secs]
7.371: [GC (Allocation Failure) 23790K->337K(65920K), 0.0002760 secs]
7.407: [GC (Allocation Failure) 23155K->337K(65280K), 0.0002080 secs]
7.420: [GC (Allocation Failure) 22520K->337K(69760K), 0.0002740 secs]
7.453: [GC (Allocation Failure) 27018K->337K(68992K), 0.0002200 secs]
7.475: [GC (Allocation Failure) 26236K->337K(68224K), 0.0002280 secs]
7.493: [GC (Allocation Failure) 25455K->337K(67520K), 0.0002060 secs]
7.509: [GC (Allocation Failure) 24767K->337K(66816K), 0.0002060 secs]
7.576: [GC (Allocation Failure) 24035K->337K(66112K), 0.0002250 secs]
7.595: [GC (Allocation Failure) 23351K->337K(65472K), 0.0002040 secs]
7.609: [GC (Allocation Failure) 22716K->337K(64832K), 0.0002200 secs]
7.672: [GC (Allocation Failure) 22081K->337K(64256K), 0.0002270 secs]
7.684: [GC (Allocation Failure) 21495K->337K(63680K), 0.0002050 secs]
7.821: [GC (Allocation Failure) 20909K->337K(63104K), 0.0002050 secs]
7.871: [GC (Allocation Failure) 20322K->337K(62592K), 0.0002050 secs]
7.924: [GC (Allocation Failure) 19834K->337K(62080K), 0.0002160 secs]
7.936: [GC (Allocation Failure) 19297K->337K(61568K), 0.0002290 secs]
7.951: [GC (Allocation Failure) 18808K->337K(61120K), 0.0002040 secs]
7.966: [GC (Allocation Failure) 18369K->337K(60672K), 0.0002080 secs]
7.977: [GC (Allocation Failure) 17929K->337K(64192K), 0.0002220 secs]
8.015: [GC (Allocation Failure) 21446K->337K(68416K), 0.0002230 secs]
8.030: [GC (Allocation Failure) 25650K->337K(73536K), 0.0002280 secs]
8.119: [GC (Allocation Failure) 30779K->337K(72576K), 0.0002390 secs]
8.141: [GC (Allocation Failure) 29802K->337K(71680K), 0.0002190 secs]
8.163: [GC (Allocation Failure) 28923K->337K(70784K), 0.0002220 secs]
8.185: [GC (Allocation Failure) 28044K->337K(69952K), 0.0002070 secs]
8.202: [GC (Allocation Failure) 27213K->337K(69120K), 0.0002290 secs]
8.217: [GC (Allocation Failure) 26383K->337K(68352K), 0.0002060 secs]
8.232: [GC (Allocation Failure) 25602K->337K(73408K), 0.0002050 secs]
8.280: [GC (Allocation Failure) 30632K->337K(72448K), 0.0002260 secs]
8.303: [GC (Allocation Failure) 29704K->337K(71552K), 0.0002040 secs]
8.321: [GC (Allocation Failure) 28776K->337K(70656K), 0.0002300 secs]
8.341: [GC (Allocation Failure) 27897K->337K(69824K), 0.0002150 secs]
8.380: [GC (Allocation Failure) 27067K->337K(68992K), 0.0002350 secs]
8.400: [GC (Allocation Failure) 26236K->337K(68224K), 0.0002060 secs]
8.472: [GC (Allocation Failure) 25455K->337K(67520K), 0.0002780 secs]
8.523: [GC (Allocation Failure) 24767K->337K(66816K), 0.0002070 secs]
8.678: [GC (Allocation Failure) 24035K->337K(66112K), 0.0002200 secs]
8.696: [GC (Allocation Failure) 23351K->337K(65472K), 0.0002330 secs]
8.710: [GC (Allocation Failure) 22716K->337K(64832K), 0.0002030 secs]
8.772: [GC (Allocation Failure) 22081K->337K(64256K), 0.0002150 secs]
8.826: [GC (Allocation Failure) 21495K->337K(63680K), 0.0002150 secs]
8.843: [GC (Allocation Failure) 20909K->337K(63104K), 0.0002220 secs]
8.859: [GC (Allocation Failure) 20322K->337K(62592K), 0.0002170 secs]
8.877: [GC (Allocation Failure) 19834K->337K(62080K), 0.0002180 secs]
8.890: [GC (Allocation Failure) 19297K->337K(65920K), 0.0002150 secs]
8.974: [GC (Allocation Failure) 23155K->337K(65280K), 0.0002190 secs]
8.991: [GC (Allocation Failure) 22520K->337K(64640K), 0.0002050 secs]
9.008: [GC (Allocation Failure) 21885K->337K(68992K), 0.0002840 secs]
9.025: [GC (Allocation Failure) 26236K->337K(74176K), 0.0002180 secs]
9.047: [GC (Allocation Failure) 31414K->337K(80448K), 0.0002170 secs]
9.085: [GC (Allocation Failure) 37670K->337K(79168K), 0.0002080 secs]
9.108: [GC (Allocation Failure) 36396K->337K(77952K), 0.0002030 secs]
9.177: [GC (Allocation Failure) 35175K->337K(76800K), 0.0002140 secs]
9.284: [GC (Allocation Failure) 34051K->337K(75712K), 0.0002910 secs]
9.304: [GC (Allocation Failure) 32977K->337K(74624K), 0.0002760 secs]
9.414: [GC (Allocation Failure) 31854K->337K(73600K), 0.0002340 secs]
9.433: [GC (Allocation Failure) 30828K->337K(72640K), 0.0002020 secs]
9.484: [GC (Allocation Failure) 29900K->337K(71744K), 0.0002080 secs]
9.505: [GC (Allocation Failure) 28972K->337K(70848K), 0.0002060 secs]
9.522: [GC (Allocation Failure) 28093K->337K(70016K), 0.0002530 secs]
9.538: [GC (Allocation Failure) 27262K->337K(69184K), 0.0002050 secs]
9.578: [GC (Allocation Failure) 26432K->337K(68416K), 0.0002210 secs]
9.603: [GC (Allocation Failure) 25650K->337K(67648K), 0.0002110 secs]
9.676: [GC (Allocation Failure) 24865K->337K(66944K), 0.0002260 secs]
9.692: [GC (Allocation Failure) 24181K->337K(66240K), 0.0002770 secs]
9.825: [GC (Allocation Failure) 23497K->337K(65600K), 0.0002070 secs]
9.874: [GC (Allocation Failure) 22862K->337K(64960K), 0.0002440 secs]
9.888: [GC (Allocation Failure) 22178K->337K(64384K), 0.0002070 secs]
9.928: [GC (Allocation Failure) 21641K->337K(63808K), 0.0002260 secs]
9.941: [GC (Allocation Failure) 21055K->337K(63232K), 0.0002180 secs]
9.974: [GC (Allocation Failure) 20469K->337K(62720K), 0.0002420 secs]
9.990: [GC (Allocation Failure) 19980K->337K(62208K), 0.0002220 secs]
10.112: [GC (Allocation Failure) 19443K->337K(61696K), 0.0002170 secs]
10.177: [GC (Allocation Failure) 18955K->337K(61248K), 0.0002160 secs]
10.191: [GC (Allocation Failure) 18466K->337K(60800K), 0.0002230 secs]
10.203: [GC (Allocation Failure) 18027K->337K(60352K), 0.0002150 secs]
10.223: [GC (Allocation Failure) 17587K->337K(59968K), 0.0002270 secs]
10.233: [GC (Allocation Failure) 17196K->337K(63360K), 0.0002070 secs]
10.276: [GC (Allocation Failure) 20615K->337K(62848K), 0.0002160 secs]
10.288: [GC (Allocation Failure) 20078K->337K(66816K), 0.0002200 secs]
10.378: [GC (Allocation Failure) 24035K->337K(66112K), 0.0002860 secs]
10.428: [GC (Allocation Failure) 23351K->337K(65472K), 0.0002290 secs]
10.442: [GC (Allocation Failure) 22716K->337K(64832K), 0.0002160 secs]
10.477: [GC (Allocation Failure) 22081K->337K(64256K), 0.0002460 secs]
10.496: [GC (Allocation Failure) 21495K->337K(63680K), 0.0002170 secs]
10.528: [GC (Allocation Failure) 20909K->337K(63104K), 0.0002090 secs]
10.545: [GC (Allocation Failure) 20322K->337K(62592K), 0.0002280 secs]
10.561: [GC (Allocation Failure) 19834K->337K(62080K), 0.0002190 secs]
10.724: [GC (Allocation Failure) 19297K->337K(61568K), 0.0002150 secs]
10.776: [GC (Allocation Failure) 18808K->337K(61120K), 0.0002280 secs]
10.791: [GC (Allocation Failure) 18369K->337K(60672K), 0.0002180 secs]
10.823: [GC (Allocation Failure) 17929K->337K(60224K), 0.0002170 secs]
10.833: [GC (Allocation Failure) 17441K->337K(63680K), 0.0002160 secs]
10.845: [GC (Allocation Failure) 20909K->337K(67840K), 0.0002060 secs]
10.878: [GC (Allocation Failure) 25062K->337K(72832K), 0.0002520 secs]
10.901: [GC (Allocation Failure) 30095K->337K(71872K), 0.0002080 secs]
11.034: [GC (Allocation Failure) 29118K->337K(70976K), 0.0002120 secs]
11.056: [GC (Allocation Failure) 28239K->337K(70144K), 0.0002070 secs]
11.112: [GC (Allocation Failure) 27409K->337K(69312K), 0.0002050 secs]
11.277: [GC (Allocation Failure) 26530K->337K(68544K), 0.0002280 secs]
11.289: [GC (Allocation Failure) 25797K->337K(67776K), 0.0002050 secs]
11.376: [GC (Allocation Failure) 25011K->337K(67072K), 0.0002040 secs]
11.391: [GC (Allocation Failure) 24328K->337K(71872K), 0.0003690 secs]
11.406: [GC (Allocation Failure) 29118K->337K(77632K), 0.0002060 secs]
11.426: [GC (Allocation Failure) 34882K->337K(84544K), 0.0002190 secs]
11.445: [GC (Allocation Failure) 41773K->337K(92864K), 0.0002090 secs]
11.485: [GC (Allocation Failure) 50129K->337K(91008K), 0.0002080 secs]
11.587: [GC (Allocation Failure) 48269K->337K(89216K), 0.0002180 secs]
11.608: [GC (Allocation Failure) 46462K->337K(87552K), 0.0002190 secs]
11.631: [GC (Allocation Failure) 44801K->337K(85952K), 0.0002250 secs]
11.679: [GC (Allocation Failure) 43189K->337K(84416K), 0.0002200 secs]
11.701: [GC (Allocation Failure) 41675K->337K(82944K), 0.0002040 secs]
11.723: [GC (Allocation Failure) 40161K->337K(81536K), 0.0002150 secs]
11.744: [GC (Allocation Failure) 38793K->337K(80192K), 0.0002320 secs]
11.763: [GC (Allocation Failure) 37426K->337K(78912K), 0.0002130 secs]
11.783: [GC (Allocation Failure) 36152K->337K(77696K), 0.0002230 secs]
11.879: [GC (Allocation Failure) 34931K->337K(76544K), 0.0002040 secs]
11.932: [GC (Allocation Failure) 33807K->337K(75456K), 0.0002190 secs]
11.947: [GC (Allocation Failure) 32684K->337K(74432K), 0.0002710 secs]
11.974: [GC (Allocation Failure) 31658K->337K(73408K), 0.0002160 secs]
12.027: [GC (Allocation Failure) 30632K->337K(72448K), 0.0002190 secs]
12.043: [GC (Allocation Failure) 29704K->337K(71552K), 0.0002150 secs]
12.056: [GC (Allocation Failure) 28776K->337K(70656K), 0.0002010 secs]
12.070: [GC (Allocation Failure) 27897K->337K(76224K), 0.0002190 secs]
12.089: [GC (Allocation Failure) 33465K->337K(82880K), 0.0002740 secs]
12.107: [GC (Allocation Failure) 40112K->337K(90880K), 0.0002050 secs]
12.135: [GC (Allocation Failure) 48122K->337K(89152K), 0.0002210 secs]
12.184: [GC (Allocation Failure) 46413K->337K(87488K), 0.0002190 secs]
12.204: [GC (Allocation Failure) 44752K->337K(85888K), 0.0002050 secs]
12.226: [GC (Allocation Failure) 43140K->337K(84352K), 0.0002210 secs]
12.277: [GC (Allocation Failure) 41577K->337K(82880K), 0.0003220 secs]
12.331: [GC (Allocation Failure) 40112K->337K(81472K), 0.0002060 secs]
12.348: [GC (Allocation Failure) 38696K->337K(80128K), 0.0002050 secs]
12.368: [GC (Allocation Failure) 37375K->337K(78848K), 0.0002250 secs]
12.394: [GC (Allocation Failure) 36103K->337K(77632K), 0.0002230 secs]
12.414: [GC (Allocation Failure) 34882K->337K(76480K), 0.0002710 secs]
12.433: [GC (Allocation Failure) 33710K->337K(75392K), 0.0002010 secs]
12.481: [GC (Allocation Failure) 32635K->337K(74368K), 0.0002080 secs]
12.495: [GC (Allocation Failure) 31609K->337K(73344K), 0.0002050 secs]
12.532: [GC (Allocation Failure) 30584K->337K(72384K), 0.0002240 secs]
12.549: [GC (Allocation Failure) 29607K->337K(71488K), 0.0002290 secs]
12.564: [GC (Allocation Failure) 28728K->337K(70592K), 0.0002040 secs]
12.611: [GC (Allocation Failure) 27848K->337K(69760K), 0.0002230 secs]
12.623: [GC (Allocation Failure) 27018K->337K(75136K), 0.0002670 secs]
12.682: [GC (Allocation Failure) 32391K->337K(74112K), 0.0002290 secs]
12.700: [GC (Allocation Failure) 31365K->337K(73152K), 0.0002140 secs]
12.732: [GC (Allocation Failure) 30388K->337K(72192K), 0.0002130 secs]
12.749: [GC (Allocation Failure) 29411K->337K(71296K), 0.0002310 secs]
12.765: [GC (Allocation Failure) 28532K->337K(70400K), 0.0001950 secs]
12.781: [GC (Allocation Failure) 27653K->337K(69568K), 0.0002050 secs]
12.793: [GC (Allocation Failure) 26823K->337K(74880K), 0.0002280 secs]
12.811: [GC (Allocation Failure) 32098K->337K(81280K), 0.0002190 secs]
12.880: [GC (Allocation Failure) 38500K->337K(80000K), 0.0002360 secs]
12.901: [GC (Allocation Failure) 37226K->337K(78720K), 0.0002140 secs]
12.921: [GC (Allocation Failure) 35956K->337K(77504K), 0.0002150 secs]
12.937: [GC (Allocation Failure) 34735K->337K(76352K), 0.0002070 secs]
13.034: [GC (Allocation Failure) 33612K->337K(75264K), 0.0002240 secs]
13.048: [GC (Allocation Failure) 32488K->337K(74240K), 0.0002300 secs]
13.062: [GC (Allocation Failure) 31463K->337K(80512K), 0.0002180 secs]
13.115: [GC (Allocation Failure) 37768K->337K(79232K), 0.0002150 secs]
13.135: [GC (Allocation Failure) 36494K->337K(78016K), 0.0002040 secs]
13.154: [GC (Allocation Failure) 35273K->337K(76864K), 0.0002240 secs]
13.175: [GC (Allocation Failure) 34100K->337K(75776K), 0.0002230 secs]
13.193: [GC (Allocation Failure) 33026K->337K(74688K), 0.0002300 secs]
13.277: [GC (Allocation Failure) 31951K->337K(73664K), 0.0002700 secs]
13.328: [GC (Allocation Failure) 30925K->337K(72704K), 0.0002140 secs]
13.383: [GC (Allocation Failure) 29949K->337K(71808K), 0.0002160 secs]
13.396: [GC (Allocation Failure) 29069K->337K(70912K), 0.0002190 secs]
13.433: [GC (Allocation Failure) 28141K->337K(70080K), 0.0002280 secs]
13.446: [GC (Allocation Failure) 27311K->337K(75520K), 0.0003900 secs]
13.477: [GC (Allocation Failure) 32782K->337K(82048K), 0.0002160 secs]
13.498: [GC (Allocation Failure) 39282K->337K(89856K), 0.0002250 secs]
13.523: [GC (Allocation Failure) 47097K->337K(88128K), 0.0002030 secs]
13.616: [GC (Allocation Failure) 45387K->337K(86528K), 0.0002050 secs]
13.639: [GC (Allocation Failure) 43775K->337K(84992K), 0.0002150 secs]
13.658: [GC (Allocation Failure) 42212K->337K(83520K), 0.0002060 secs]
13.680: [GC (Allocation Failure) 40747K->337K(82112K), 0.0002120 secs]
13.698: [GC (Allocation Failure) 39331K->337K(80768K), 0.0002200 secs]
13.714: [GC (Allocation Failure) 38012K->337K(79488K), 0.0002120 secs]
13.782: [GC (Allocation Failure) 36738K->337K(78272K), 0.0002160 secs]
13.801: [GC (Allocation Failure) 35517K->337K(77120K), 0.0002240 secs]
13.885: [GC (Allocation Failure) 34345K->337K(75968K), 0.0002230 secs]
13.904: [GC (Allocation Failure) 33221K->337K(74880K), 0.0002220 secs]
13.982: [GC (Allocation Failure) 32098K->337K(73856K), 0.0002170 secs]
13.995: [GC (Allocation Failure) 31121K->337K(72896K), 0.0002180 secs]
14.012: [GC (Allocation Failure) 30144K->337K(71936K), 0.0002050 secs]
14.025: [GC (Allocation Failure) 29167K->337K(77760K), 0.0002190 secs]
14.074: [GC (Allocation Failure) 34980K->337K(76608K), 0.0002300 secs]
14.109: [GC (Allocation Failure) 33856K->337K(75520K), 0.0002080 secs]
14.132: [GC (Allocation Failure) 32782K->337K(74496K), 0.0002190 secs]
14.181: [GC (Allocation Failure) 31756K->337K(73472K), 0.0002150 secs]
14.195: [GC (Allocation Failure) 30730K->337K(72512K), 0.0002050 secs]
14.280: [GC (Allocation Failure) 29753K->337K(71616K), 0.0002280 secs]
14.293: [GC (Allocation Failure) 28874K->337K(70720K), 0.0002680 secs]
14.306: [GC (Allocation Failure) 27946K->337K(76288K), 0.0002190 secs]
14.332: [GC (Allocation Failure) 33514K->337K(75200K), 0.0002280 secs]
14.346: [GC (Allocation Failure) 32440K->337K(81664K), 0.0002310 secs]
14.385: [GC (Allocation Failure) 38891K->337K(80320K), 0.0002260 secs]
14.401: [GC (Allocation Failure) 37572K->337K(79040K), 0.0002080 secs]
14.421: [GC (Allocation Failure) 36298K->337K(77824K), 0.0002230 secs]
14.474: [GC (Allocation Failure) 35077K->337K(76672K), 0.0002170 secs]
14.489: [GC (Allocation Failure) 33905K->337K(75584K), 0.0002060 secs]
14.532: [GC (Allocation Failure) 32830K->337K(74560K), 0.0002070 secs]
14.581: [GC (Allocation Failure) 31805K->337K(73536K), 0.0002150 secs]
14.599: [GC (Allocation Failure) 30779K->337K(72576K), 0.0002140 secs]
14.616: [GC (Allocation Failure) 29802K->337K(71680K), 0.0002130 secs]
14.633: [GC (Allocation Failure) 28923K->337K(70784K), 0.0002290 secs]
14.650: [GC (Allocation Failure) 28044K->337K(69952K), 0.0002120 secs]
14.780: [GC (Allocation Failure) 27213K->337K(69120K), 0.0002020 secs]
14.830: [GC (Allocation Failure) 26383K->337K(68352K), 0.0002730 secs]
14.879: [GC (Allocation Failure) 25602K->337K(67584K), 0.0002050 secs]
14.933: [GC (Allocation Failure) 24816K->337K(66880K), 0.0002260 secs]
14.948: [GC (Allocation Failure) 24132K->337K(66176K), 0.0002140 secs]
15.073: [GC (Allocation Failure) 23400K->337K(65536K), 0.0002090 secs]
15.087: [GC (Allocation Failure) 22765K->337K(64896K), 0.0003290 secs]
15.097: [GC (Allocation Failure) 22130K->337K(69312K), 0.0002190 secs]
15.112: [GC (Allocation Failure) 26530K->337K(74560K), 0.0002170 secs]
15.126: [GC (Allocation Failure) 31805K->337K(80896K), 0.0002170 secs]
15.147: [GC (Allocation Failure) 38158K->337K(88512K), 0.0002140 secs]
15.172: [GC (Allocation Failure) 45729K->337K(97600K), 0.0002130 secs]
15.200: [GC (Allocation Failure) 54818K->337K(95552K), 0.0002220 secs]
15.223: [GC (Allocation Failure) 52815K->337K(93568K), 0.0002160 secs]
15.245: [GC (Allocation Failure) 50813K->337K(91712K), 0.0002060 secs]
15.291: [GC (Allocation Failure) 48953K->337K(89920K), 0.0002270 secs]
15.312: [GC (Allocation Failure) 47146K->337K(88192K), 0.0002070 secs]
15.331: [GC (Allocation Failure) 45436K->337K(86592K), 0.0002030 secs]
15.383: [GC (Allocation Failure) 43824K->337K(85056K), 0.0002210 secs]
15.406: [GC (Allocation Failure) 42310K->337K(83584K), 0.0002260 secs]
15.428: [GC (Allocation Failure) 40845K->337K(82176K), 0.0002200 secs]
15.446: [GC (Allocation Failure) 39428K->337K(80832K), 0.0002030 secs]
15.486: [GC (Allocation Failure) 38061K->337K(79552K), 0.0002080 secs]
15.506: [GC (Allocation Failure) 36787K->337K(78336K), 0.0002170 secs]
15.525: [GC (Allocation Failure) 35566K->337K(77184K), 0.0002150 secs]
15.585: [GC (Allocation Failure) 34442K->337K(76032K), 0.0002070 secs]
15.599: [GC (Allocation Failure) 33270K->337K(74944K), 0.0002080 secs]
15.619: [GC (Allocation Failure) 32195K->337K(73920K), 0.0002020 secs]
15.642: [GC (Allocation Failure) 31170K->337K(72960K), 0.0002590 secs]
15.658: [GC (Allocation Failure) 30193K->337K(72000K), 0.0002040 secs]
15.671: [GC (Allocation Failure) 29265K->337K(77824K), 0.0002630 secs]
15.720: [GC (Allocation Failure) 35077K->337K(76672K), 0.0002180 secs]
15.738: [GC (Allocation Failure) 33905K->337K(83392K), 0.0003450 secs]
15.760: [GC (Allocation Failure) 40649K->337K(91456K), 0.0002140 secs]
15.782: [GC (Allocation Failure) 48709K->337K(101184K), 0.0002280 secs]
15.807: [GC (Allocation Failure) 58433K->337K(98944K), 0.0002050 secs]
15.890: [GC (Allocation Failure) 56186K->337K(96832K), 0.0002090 secs]
15.947: [GC (Allocation Failure) 54085K->337K(94784K), 0.0002240 secs]
15.970: [GC (Allocation Failure) 52034K->337K(92864K), 0.0002030 secs]
15.992: [GC (Allocation Failure) 50129K->337K(91008K), 0.0002060 secs]
16.045: [GC (Allocation Failure) 48269K->337K(89216K), 0.0002250 secs]
16.065: [GC (Allocation Failure) 46462K->337K(87552K), 0.0002070 secs]
16.090: [GC (Allocation Failure) 44801K->337K(85952K), 0.0002280 secs]
16.108: [GC (Allocation Failure) 43189K->337K(84416K), 0.0002170 secs]
16.238: [GC (Allocation Failure) 41675K->337K(82944K), 0.0002160 secs]
16.256: [GC (Allocation Failure) 40161K->337K(81536K), 0.0002020 secs]
16.337: [GC (Allocation Failure) 38793K->337K(80192K), 0.0002040 secs]
16.380: [GC (Allocation Failure) 37426K->337K(78912K), 0.0002130 secs]
16.396: [GC (Allocation Failure) 36152K->337K(77696K), 0.0003470 secs]
16.415: [GC (Allocation Failure) 34931K->337K(76544K), 0.0002190 secs]
16.435: [GC (Allocation Failure) 33807K->337K(75456K), 0.0002070 secs]
16.449: [GC (Allocation Failure) 32684K->337K(81984K), 0.0002060 secs]
16.488: [GC (Allocation Failure) 39233K->337K(80640K), 0.0002150 secs]
16.505: [GC (Allocation Failure) 37865K->337K(79360K), 0.0002180 secs]
16.535: [GC (Allocation Failure) 36591K->337K(78144K), 0.0002190 secs]
16.590: [GC (Allocation Failure) 35370K->337K(76992K), 0.0002270 secs]
16.605: [GC (Allocation Failure) 34247K->337K(75904K), 0.0002060 secs]
16.635: [GC (Allocation Failure) 33123K->337K(74816K), 0.0002150 secs]
16.649: [GC (Allocation Failure) 32049K->337K(73792K), 0.0002070 secs]
16.782: [GC (Allocation Failure) 31023K->337K(72832K), 0.0002260 secs]
16.800: [GC (Allocation Failure) 30095K->337K(71872K), 0.0002210 secs]
16.816: [GC (Allocation Failure) 29118K->337K(70976K), 0.0002170 secs]
16.833: [GC (Allocation Failure) 28239K->337K(70144K), 0.0002150 secs]
16.845: [GC (Allocation Failure) 27409K->337K(75584K), 0.0002170 secs]
16.859: [GC (Allocation Failure) 32830K->337K(82112K), 0.0002060 secs]
16.892: [GC (Allocation Failure) 39331K->337K(89920K), 0.0002250 secs]
16.913: [GC (Allocation Failure) 47146K->337K(88192K), 0.0002080 secs]
16.932: [GC (Allocation Failure) 45436K->337K(86592K), 0.0002080 secs]
17.078: [GC (Allocation Failure) 43824K->337K(85056K), 0.0002200 secs]
17.117: [GC (Allocation Failure) 42310K->337K(83584K), 0.0002030 secs]
17.139: [GC (Allocation Failure) 40845K->337K(82176K), 0.0002160 secs]
17.157: [GC (Allocation Failure) 39428K->337K(80832K), 0.0002060 secs]
17.177: [GC (Allocation Failure) 38061K->337K(79552K), 0.0002130 secs]
17.238: [GC (Allocation Failure) 36787K->337K(78336K), 0.0002170 secs]
17.253: [GC (Allocation Failure) 35566K->337K(77184K), 0.0002060 secs]
17.273: [GC (Allocation Failure) 34442K->337K(76032K), 0.0002290 secs]
17.292: [GC (Allocation Failure) 33270K->337K(74944K), 0.0002070 secs]
17.353: [GC (Allocation Failure) 32195K->337K(73920K), 0.0002240 secs]
17.371: [GC (Allocation Failure) 31170K->337K(72960K), 0.0002250 secs]
17.389: [GC (Allocation Failure) 30193K->337K(72000K), 0.0002140 secs]
17.402: [GC (Allocation Failure) 29265K->337K(77824K), 0.0002190 secs]
17.426: [GC (Allocation Failure) 35077K->337K(76672K), 0.0002240 secs]
17.445: [GC (Allocation Failure) 33905K->337K(75584K), 0.0002140 secs]
17.465: [GC (Allocation Failure) 32830K->337K(74560K), 0.0002630 secs]
17.490: [GC (Allocation Failure) 31805K->337K(73536K), 0.0002250 secs]
17.508: [GC (Allocation Failure) 30779K->337K(72576K), 0.0002040 secs]
17.522: [GC (Allocation Failure) 29802K->337K(78528K), 0.0002290 secs]
17.542: [GC (Allocation Failure) 35761K->337K(85632K), 0.0002330 secs]
17.565: [GC (Allocation Failure) 42896K->337K(84096K), 0.0002040 secs]
17.588: [GC (Allocation Failure) 41333K->337K(82624K), 0.0002180 secs]
17.680: [GC (Allocation Failure) 39868K->337K(81280K), 0.0002320 secs]
17.702: [GC (Allocation Failure) 38500K->337K(80000K), 0.0002390 secs]
17.727: [GC (Allocation Failure) 37226K->337K(78720K), 0.0002190 secs]
17.747: [GC (Allocation Failure) 35956K->337K(77504K), 0.0002040 secs]
17.791: [GC (Allocation Failure) 34735K->337K(76352K), 0.0002040 secs]
17.810: [GC (Allocation Failure) 33612K->337K(75264K), 0.0002020 secs]
17.825: [GC (Allocation Failure) 32488K->337K(74240K), 0.0002150 secs]
17.936: [GC (Allocation Failure) 31463K->337K(73216K), 0.0002280 secs]
17.954: [GC (Allocation Failure) 30437K->337K(72256K), 0.0002150 secs]
17.987: [GC (Allocation Failure) 29509K->337K(71360K), 0.0003280 secs]
18.022: [GC (Allocation Failure) 28581K->337K(70464K), 0.0002170 secs]
18.034: [GC (Allocation Failure) 27702K->337K(75968K), 0.0002870 secs]
18.085: [GC (Allocation Failure) 33221K->337K(74880K), 0.0002170 secs]
18.103: [GC (Allocation Failure) 32098K->337K(73856K), 0.0002030 secs]
18.116: [GC (Allocation Failure) 31121K->337K(80064K), 0.0002160 secs]
18.132: [GC (Allocation Failure) 37324K->337K(87488K), 0.0002070 secs]
18.152: [GC (Allocation Failure) 44752K->337K(96384K), 0.0002050 secs]
18.250: [GC (Allocation Failure) 53646K->337K(94400K), 0.0002250 secs]
18.273: [GC (Allocation Failure) 51643K->337K(92480K), 0.0002150 secs]
18.294: [GC (Allocation Failure) 49738K->337K(90624K), 0.0002280 secs]
18.315: [GC (Allocation Failure) 47878K->337K(88896K), 0.0002050 secs]
18.335: [GC (Allocation Failure) 46120K->337K(87232K), 0.0002040 secs]
18.354: [GC (Allocation Failure) 44459K->337K(85632K), 0.0002290 secs]
18.396: [GC (Allocation Failure) 42896K->337K(84096K), 0.0002140 secs]
18.418: [GC (Allocation Failure) 41333K->337K(82624K), 0.0002070 secs]
18.440: [GC (Allocation Failure) 39868K->337K(81280K), 0.0002040 secs]
18.458: [GC (Allocation Failure) 38500K->337K(80000K), 0.0002060 secs]
18.479: [GC (Allocation Failure) 37226K->337K(78720K), 0.0002110 secs]
18.499: [GC (Allocation Failure) 35956K->337K(77504K), 0.0002160 secs]
18.514: [GC (Allocation Failure) 34735K->337K(76352K), 0.0002060 secs]
18.528: [GC (Allocation Failure) 33612K->337K(83008K), 0.0002070 secs]
18.546: [GC (Allocation Failure) 40259K->337K(91008K), 0.0002040 secs]
18.567: [GC (Allocation Failure) 48269K->337K(89216K), 0.0002050 secs]
18.619: [GC (Allocation Failure) 46462K->337K(87552K), 0.0002280 secs]
18.639: [GC (Allocation Failure) 44801K->337K(85952K), 0.0002050 secs]
18.681: [GC (Allocation Failure) 43189K->337K(84416K), 0.0002150 secs]
18.699: [GC (Allocation Failure) 41675K->337K(82944K), 0.0002260 secs]
18.717: [GC (Allocation Failure) 40161K->337K(81536K), 0.0002040 secs]
18.745: [GC (Allocation Failure) 38793K->337K(80192K), 0.0002430 secs]
18.767: [GC (Allocation Failure) 37426K->337K(78912K), 0.0002140 secs]
18.790: [GC (Allocation Failure) 36152K->337K(77696K), 0.0002070 secs]
18.806: [GC (Allocation Failure) 34931K->337K(76544K), 0.0002240 secs]
18.821: [GC (Allocation Failure) 33807K->337K(75456K), 0.0002090 secs]
18.839: [GC (Allocation Failure) 32684K->337K(74432K), 0.0002160 secs]
18.877: [GC (Allocation Failure) 31658K->337K(73408K), 0.0002210 secs]
18.941: [GC (Allocation Failure) 30632K->337K(72448K), 0.0002250 secs]
18.958: [GC (Allocation Failure) 29704K->337K(71552K), 0.0002040 secs]
18.971: [GC (Allocation Failure) 28776K->337K(70656K), 0.0002300 secs]
18.988: [GC (Allocation Failure) 27897K->337K(76224K), 0.0002050 secs]
19.081: [GC (Allocation Failure) 33465K->337K(75136K), 0.0002380 secs]
19.096: [GC (Allocation Failure) 32391K->337K(74112K), 0.0002610 secs]
19.138: [GC (Allocation Failure) 31365K->337K(73152K), 0.0002270 secs]
19.151: [GC (Allocation Failure) 30388K->337K(72192K), 0.0002050 secs]
19.187: [GC (Allocation Failure) 29411K->337K(71296K), 0.0002100 secs]
19.241: [GC (Allocation Failure) 28532K->337K(70400K), 0.0002160 secs]
19.257: [GC (Allocation Failure) 27653K->337K(69568K), 0.0002120 secs]
19.269: [GC (Allocation Failure) 26823K->337K(68800K), 0.0002070 secs]
19.283: [GC (Allocation Failure) 26041K->337K(73984K), 0.0002280 secs]
19.300: [GC (Allocation Failure) 31219K->337K(80192K), 0.0002140 secs]
19.391: [GC (Allocation Failure) 37426K->337K(78912K), 0.0002090 secs]
19.443: [GC (Allocation Failure) 36152K->337K(77696K), 0.0002160 secs]
19.459: [GC (Allocation Failure) 34931K->337K(76544K), 0.0002140 secs]
19.474: [GC (Allocation Failure) 33807K->337K(75456K), 0.0002050 secs]
19.492: [GC (Allocation Failure) 32684K->337K(74432K), 0.0002040 secs]
19.510: [GC (Allocation Failure) 31658K->337K(73408K), 0.0002390 secs]
19.524: [GC (Allocation Failure) 30632K->337K(79488K), 0.0002080 secs]
19.540: [GC (Allocation Failure) 36738K->337K(86784K), 0.0002050 secs]
19.617: [GC (Allocation Failure) 44020K->337K(85248K), 0.0002200 secs]
19.640: [GC (Allocation Failure) 42505K->337K(83776K), 0.0002100 secs]
19.661: [GC (Allocation Failure) 41040K->337K(82368K), 0.0002140 secs]
19.679: [GC (Allocation Failure) 39624K->337K(81024K), 0.0002160 secs]
19.699: [GC (Allocation Failure) 38256K->337K(79744K), 0.0002140 secs]
19.716: [GC (Allocation Failure) 36982K->337K(78528K), 0.0002060 secs]
19.731: [GC (Allocation Failure) 35761K->337K(85632K), 0.0002060 secs]
19.798: [GC (Allocation Failure) 42896K->337K(84096K), 0.0002250 secs]
19.820: [GC (Allocation Failure) 41333K->337K(82624K), 0.0002170 secs]
19.841: [GC (Allocation Failure) 39868K->337K(81280K), 0.0002130 secs]
19.862: [GC (Allocation Failure) 38500K->337K(80000K), 0.0002070 secs]
19.883: [GC (Allocation Failure) 37226K->337K(78720K), 0.0002160 secs]
19.902: [GC (Allocation Failure) 35956K->337K(77504K), 0.0002130 secs]
19.918: [GC (Allocation Failure) 34735K->337K(76352K), 0.0002140 secs]
19.933: [GC (Allocation Failure) 33612K->337K(83008K), 0.0002070 secs]
19.991: [GC (Allocation Failure) 40259K->337K(81600K), 0.0002230 secs]
20.043: [GC (Allocation Failure) 38842K->337K(80256K), 0.0002080 secs]
20.093: [GC (Allocation Failure) 37475K->337K(78976K), 0.0002160 secs]
20.109: [GC (Allocation Failure) 36201K->337K(77760K), 0.0002770 secs]
20.141: [GC (Allocation Failure) 34980K->337K(76608K), 0.0002220 secs]
20.160: [GC (Allocation Failure) 33856K->337K(75520K), 0.0002070 secs]
20.174: [GC (Allocation Failure) 32782K->337K(74496K), 0.0002150 secs]
20.290: [GC (Allocation Failure) 31756K->337K(73472K), 0.0002310 secs]
20.308: [GC (Allocation Failure) 30730K->337K(72512K), 0.0002170 secs]
20.321: [GC (Allocation Failure) 29753K->337K(71616K), 0.0002180 secs]
20.343: [GC (Allocation Failure) 28874K->337K(70720K), 0.0002250 secs]
20.359: [GC (Allocation Failure) 27946K->337K(76288K), 0.0002400 secs]
20.395: [GC (Allocation Failure) 33514K->337K(75200K), 0.0002170 secs]
20.414: [GC (Allocation Failure) 32440K->337K(74176K), 0.0002240 secs]
20.429: [GC (Allocation Failure) 31414K->337K(80448K), 0.0002770 secs]
20.450: [GC (Allocation Failure) 37670K->337K(87936K), 0.0002180 secs]
20.482: [GC (Allocation Failure) 45192K->337K(86336K), 0.0002050 secs]
20.505: [GC (Allocation Failure) 43580K->337K(84800K), 0.0002160 secs]
20.599: [GC (Allocation Failure) 42017K->337K(83328K), 0.0002190 secs]
20.621: [GC (Allocation Failure) 40552K->337K(81920K), 0.0002140 secs]
20.642: [GC (Allocation Failure) 39184K->337K(80576K), 0.0002050 secs]
20.663: [GC (Allocation Failure) 37816K->337K(79296K), 0.0002220 secs]
20.693: [GC (Allocation Failure) 36543K->337K(78080K), 0.0002180 secs]
20.712: [GC (Allocation Failure) 35321K->337K(76928K), 0.0002050 secs]
20.846: [GC (Allocation Failure) 34149K->337K(75840K), 0.0002190 secs]
20.861: [GC (Allocation Failure) 33075K->337K(74752K), 0.0002060 secs]
20.891: [GC (Allocation Failure) 32000K->337K(73728K), 0.0002150 secs]
20.945: [GC (Allocation Failure) 30974K->337K(72768K), 0.0002230 secs]
20.962: [GC (Allocation Failure) 29997K->337K(71808K), 0.0002280 secs]
20.990: [GC (Allocation Failure) 29069K->337K(70912K), 0.0002170 secs]
21.002: [GC (Allocation Failure) 28141K->337K(70080K), 0.0002160 secs]
21.018: [GC (Allocation Failure) 27311K->337K(69248K), 0.0002140 secs]
21.034: [GC (Allocation Failure) 26481K->337K(74496K), 0.0002140 secs]
21.052: [GC (Allocation Failure) 31756K->337K(80832K), 0.0002180 secs]
21.111: [GC (Allocation Failure) 38061K->337K(79552K), 0.0002170 secs]
21.131: [GC (Allocation Failure) 36787K->337K(78336K), 0.0002010 secs]
21.151: [GC (Allocation Failure) 35566K->337K(77184K), 0.0002130 secs]
21.166: [GC (Allocation Failure) 34442K->337K(76032K), 0.0002050 secs]
21.189: [GC (Allocation Failure) 33270K->337K(74944K), 0.0002270 secs]
21.208: [GC (Allocation Failure) 32195K->337K(81344K), 0.0002790 secs]
21.228: [GC (Allocation Failure) 38598K->337K(80000K), 0.0002080 secs]
21.248: [GC (Allocation Failure) 37226K->337K(78720K), 0.0002160 secs]
21.267: [GC (Allocation Failure) 35956K->337K(77504K), 0.0002240 secs]
21.293: [GC (Allocation Failure) 34735K->337K(76352K), 0.0002140 secs]
21.312: [GC (Allocation Failure) 33612K->337K(75264K), 0.0002050 secs]
21.327: [GC (Allocation Failure) 32488K->337K(81728K), 0.0002210 secs]
21.413: [GC (Allocation Failure) 38989K->337K(80384K), 0.0003730 secs]
21.442: [GC (Allocation Failure) 37621K->337K(79104K), 0.0002040 secs]
21.458: [GC (Allocation Failure) 36347K->337K(77888K), 0.0002190 secs]
21.494: [GC (Allocation Failure) 35126K->337K(76736K), 0.0002200 secs]
21.512: [GC (Allocation Failure) 33954K->337K(75648K), 0.0002750 secs]
21.527: [GC (Allocation Failure) 32879K->337K(82176K), 0.0002190 secs]
21.548: [GC (Allocation Failure) 39428K->337K(80832K), 0.0002170 secs]
21.591: [GC (Allocation Failure) 38061K->337K(79552K), 0.0002070 secs]
21.611: [GC (Allocation Failure) 36787K->337K(78336K), 0.0002750 secs]
21.628: [GC (Allocation Failure) 35566K->337K(77184K), 0.0002170 secs]
21.644: [GC (Allocation Failure) 34442K->337K(84032K), 0.0002180 secs]
21.666: [GC (Allocation Failure) 41284K->337K(82624K), 0.0002160 secs]
21.691: [GC (Allocation Failure) 39868K->337K(81280K), 0.0002170 secs]
21.708: [GC (Allocation Failure) 38500K->337K(80000K), 0.0002070 secs]
21.724: [GC (Allocation Failure) 37226K->337K(78720K), 0.0002050 secs]
21.740: [GC (Allocation Failure) 35956K->337K(85888K), 0.0002040 secs]
21.762: [GC (Allocation Failure) 43140K->337K(94464K), 0.0002600 secs]
21.801: [GC (Allocation Failure) 51692K->337K(92544K), 0.0002140 secs]
21.826: [GC (Allocation Failure) 49787K->337K(90688K), 0.0002010 secs]
21.849: [GC (Allocation Failure) 47927K->337K(88960K), 0.0002740 secs]
21.999: [GC (Allocation Failure) 46218K->337K(87296K), 0.0002190 secs]
22.018: [GC (Allocation Failure) 44557K->337K(85696K), 0.0002070 secs]
22.041: [GC (Allocation Failure) 42945K->337K(84160K), 0.0002180 secs]
22.101: [GC (Allocation Failure) 41382K->337K(82688K), 0.0002040 secs]
22.118: [GC (Allocation Failure) 39917K->337K(81344K), 0.0002770 secs]
22.146: [GC (Allocation Failure) 38598K->337K(80000K), 0.0002280 secs]
22.162: [GC (Allocation Failure) 37226K->337K(78720K), 0.0002050 secs]
22.194: [GC (Allocation Failure) 35956K->337K(77504K), 0.0002130 secs]
22.222: [GC (Allocation Failure) 34735K->337K(76352K), 0.0002320 secs]
22.237: [GC (Allocation Failure) 33612K->337K(75264K), 0.0002050 secs]
22.255: [GC (Allocation Failure) 32488K->337K(74240K), 0.0002140 secs]
22.347: [GC (Allocation Failure) 31463K->337K(73216K), 0.0002080 secs]
22.361: [GC (Allocation Failure) 30437K->337K(72256K), 0.0002270 secs]
22.373: [GC (Allocation Failure) 29509K->337K(78144K), 0.0002050 secs]
22.390: [GC (Allocation Failure) 35370K->337K(85184K), 0.0002180 secs]
22.408: [GC (Allocation Failure) 42408K->337K(93632K), 0.0002060 secs]
22.451: [GC (Allocation Failure) 50862K->337K(91776K), 0.0002080 secs]
22.481: [GC (Allocation Failure) 49002K->337K(89984K), 0.0002150 secs]
22.604: [GC (Allocation Failure) 47243K->337K(88256K), 0.0002230 secs]
22.624: [GC (Allocation Failure) 45485K->337K(86592K), 0.0002080 secs]
22.702: [GC (Allocation Failure) 43824K->337K(85056K), 0.0002160 secs]
22.725: [GC (Allocation Failure) 42310K->337K(83584K), 0.0002030 secs]
22.747: [GC (Allocation Failure) 40845K->337K(82176K), 0.0002140 secs]
22.764: [GC (Allocation Failure) 39428K->337K(80832K), 0.0002160 secs]
22.785: [GC (Allocation Failure) 38061K->337K(79552K), 0.0002240 secs]
22.945: [GC (Allocation Failure) 36787K->337K(78336K), 0.0002200 secs]
22.961: [GC (Allocation Failure) 35566K->337K(77184K), 0.0002070 secs]
22.980: [GC (Allocation Failure) 34442K->337K(76032K), 0.0002220 secs]
23.048: [GC (Allocation Failure) 33270K->337K(74944K), 0.0002210 secs]
23.062: [GC (Allocation Failure) 32195K->337K(73920K), 0.0002070 secs]
23.112: [GC (Allocation Failure) 31170K->337K(72960K), 0.0002150 secs]
23.129: [GC (Allocation Failure) 30193K->337K(72000K), 0.0002170 secs]
23.142: [GC (Allocation Failure) 29265K->337K(77824K), 0.0002990 secs]
23.196: [GC (Allocation Failure) 35077K->337K(76672K), 0.0002160 secs]
23.214: [GC (Allocation Failure) 33905K->337K(75584K), 0.0002400 secs]
23.245: [GC (Allocation Failure) 32830K->337K(74560K), 0.0002170 secs]
23.294: [GC (Allocation Failure) 31805K->337K(73536K), 0.0002160 secs]
23.378: [GC (Allocation Failure) 30779K->337K(72576K), 0.0002200 secs]
23.395: [GC (Allocation Failure) 29802K->337K(71680K), 0.0002130 secs]
23.412: [GC (Allocation Failure) 28923K->337K(70784K), 0.0002030 secs]
23.436: [GC (Allocation Failure) 28044K->337K(69952K), 0.0002140 secs]
23.474: [GC (Allocation Failure) 27213K->337K(69120K), 0.0002150 secs]
23.490: [GC (Allocation Failure) 26383K->337K(68352K), 0.0002100 secs]
23.505: [GC (Allocation Failure) 25602K->337K(67584K), 0.0002130 secs]
23.520: [GC (Allocation Failure) 24816K->337K(72512K), 0.0002130 secs]
23.533: [GC (Allocation Failure) 29753K->337K(78400K), 0.0002180 secs]
23.594: [GC (Allocation Failure) 35663K->337K(77248K), 0.0002180 secs]
23.609: [GC (Allocation Failure) 34491K->337K(76096K), 0.0002070 secs]
23.623: [GC (Allocation Failure) 33319K->337K(82752K), 0.0002060 secs]
23.695: [GC (Allocation Failure) 40014K->337K(81344K), 0.0002050 secs]
23.748: [GC (Allocation Failure) 38598K->337K(80000K), 0.0002180 secs]
23.764: [GC (Allocation Failure) 37226K->337K(78720K), 0.0002170 secs]
23.801: [GC (Allocation Failure) 35956K->337K(77504K), 0.0002840 secs]
23.817: [GC (Allocation Failure) 34735K->337K(76352K), 0.0002180 secs]
23.831: [GC (Allocation Failure) 33612K->337K(83008K), 0.0002740 secs]
23.881: [GC (Allocation Failure) 40259K->337K(81600K), 0.0002180 secs]
23.899: [GC (Allocation Failure) 38842K->337K(80256K), 0.0002040 secs]
23.919: [GC (Allocation Failure) 37475K->337K(78976K), 0.0002030 secs]
23.935: [GC (Allocation Failure) 36201K->337K(77760K), 0.0002160 secs]
23.978: [GC (Allocation Failure) 34980K->337K(76608K), 0.0003400 secs]
23.994: [GC (Allocation Failure) 33856K->337K(75520K), 0.0002170 secs]
24.009: [GC (Allocation Failure) 32782K->337K(82048K), 0.0002080 secs]
24.079: [GC (Allocation Failure) 39282K->337K(80704K), 0.0002160 secs]
24.095: [GC (Allocation Failure) 37963K->337K(79424K), 0.0002060 secs]
24.115: [GC (Allocation Failure) 36689K->337K(78208K), 0.0002130 secs]
24.151: [GC (Allocation Failure) 35468K->337K(77056K), 0.0002090 secs]
24.170: [GC (Allocation Failure) 34296K->337K(75904K), 0.0002140 secs]
24.189: [GC (Allocation Failure) 33123K->337K(74816K), 0.0002180 secs]
24.277: [GC (Allocation Failure) 32049K->337K(73792K), 0.0002140 secs]
24.290: [GC (Allocation Failure) 31023K->337K(72832K), 0.0002060 secs]
24.303: [GC (Allocation Failure) 30095K->337K(78784K), 0.0002160 secs]
24.323: [GC (Allocation Failure) 36005K->337K(77568K), 0.0002020 secs]
24.338: [GC (Allocation Failure) 34833K->337K(84480K), 0.0002380 secs]
24.356: [GC (Allocation Failure) 41724K->337K(92800K), 0.0002050 secs]
24.378: [GC (Allocation Failure) 50031K->337K(90944K), 0.0002070 secs]
24.399: [GC (Allocation Failure) 48171K->337K(89216K), 0.0002160 secs]
24.423: [GC (Allocation Failure) 46462K->337K(87552K), 0.0002040 secs]
24.443: [GC (Allocation Failure) 44801K->337K(85952K), 0.0002170 secs]
24.462: [GC (Allocation Failure) 43189K->337K(84416K), 0.0002060 secs]
24.483: [GC (Allocation Failure) 41675K->337K(82944K), 0.0002120 secs]
24.600: [GC (Allocation Failure) 40161K->337K(81536K), 0.0002060 secs]
24.654: [GC (Allocation Failure) 38793K->337K(80192K), 0.0002130 secs]
24.674: [GC (Allocation Failure) 37426K->337K(78912K), 0.0002050 secs]
24.699: [GC (Allocation Failure) 36152K->337K(77696K), 0.0002050 secs]
24.752: [GC (Allocation Failure) 34931K->337K(76544K), 0.0002250 secs]
24.771: [GC (Allocation Failure) 33807K->337K(75456K), 0.0002130 secs]
24.787: [GC (Allocation Failure) 32684K->337K(74432K), 0.0002010 secs]
24.800: [GC (Allocation Failure) 31658K->337K(73408K), 0.0002070 secs]
24.901: [GC (Allocation Failure) 30632K->337K(72448K), 0.0002250 secs]
24.918: [GC (Allocation Failure) 29704K->337K(71552K), 0.0002290 secs]
24.946: [GC (Allocation Failure) 28776K->337K(70656K), 0.0002170 secs]
24.962: [GC (Allocation Failure) 27897K->337K(69824K), 0.0002100 secs]
24.978: [GC (Allocation Failure) 27067K->337K(68992K), 0.0002480 secs]
25.045: [GC (Allocation Failure) 26236K->337K(68224K), 0.0002170 secs]
25.194: [GC (Allocation Failure) 25455K->337K(67520K), 0.0002330 secs]
25.205: [GC (Allocation Failure) 24767K->337K(66816K), 0.0002180 secs]
25.244: [GC (Allocation Failure) 24035K->337K(66112K), 0.0002060 secs]
25.269: [GC (Allocation Failure) 23351K->337K(65472K), 0.0002070 secs]
25.298: [GC (Allocation Failure) 22716K->337K(64832K), 0.0002150 secs]
25.311: [GC (Allocation Failure) 22081K->337K(64256K), 0.0002410 secs]
25.347: [GC (Allocation Failure) 21495K->337K(63680K), 0.0002270 secs]
25.360: [GC (Allocation Failure) 20909K->337K(67840K), 0.0003900 secs]
25.372: [GC (Allocation Failure) 25062K->337K(72832K), 0.0002630 secs]
25.408: [GC (Allocation Failure) 30095K->337K(78784K), 0.0002180 secs]
25.425: [GC (Allocation Failure) 36005K->337K(85952K), 0.0002780 secs]
25.453: [GC (Allocation Failure) 43189K->337K(94528K), 0.0002160 secs]
25.484: [GC (Allocation Failure) 51790K->337K(104832K), 0.0002240 secs]
25.515: [GC (Allocation Failure) 62051K->337K(102400K), 0.0002160 secs]
25.542: [GC (Allocation Failure) 59654K->337K(100096K), 0.0002070 secs]
25.613: [GC (Allocation Failure) 57358K->337K(97920K), 0.0002250 secs]
25.637: [GC (Allocation Failure) 55160K->337K(95808K), 0.0002060 secs]
25.686: [GC (Allocation Failure) 53060K->337K(93824K), 0.0002540 secs]
25.712: [GC (Allocation Failure) 51057K->337K(91904K), 0.0002040 secs]
25.810: [GC (Allocation Failure) 49148K->337K(90112K), 0.0002180 secs]
25.830: [GC (Allocation Failure) 47341K->337K(88384K), 0.0002970 secs]
25.858: [GC (Allocation Failure) 45631K->337K(86720K), 0.0002180 secs]
25.881: [GC (Allocation Failure) 43971K->337K(85184K), 0.0002100 secs]
25.903: [GC (Allocation Failure) 42408K->337K(83712K), 0.0002210 secs]
25.925: [GC (Allocation Failure) 40942K->337K(82304K), 0.0002200 secs]
25.943: [GC (Allocation Failure) 39526K->337K(80960K), 0.0002140 secs]
25.959: [GC (Allocation Failure) 38207K->337K(79680K), 0.0002040 secs]
25.975: [GC (Allocation Failure) 36933K->337K(78464K), 0.0002040 secs]
25.997: [GC (Allocation Failure) 35712K->337K(77312K), 0.0002230 secs]
26.016: [GC (Allocation Failure) 34540K->337K(84160K), 0.0002750 secs]
26.034: [GC (Allocation Failure) 41382K->337K(92416K), 0.0002620 secs]
26.056: [GC (Allocation Failure) 49637K->337K(102336K), 0.0002780 secs]
26.115: [GC (Allocation Failure) 59556K->337K(100032K), 0.0002240 secs]
26.144: [GC (Allocation Failure) 57260K->337K(97856K), 0.0002110 secs]
26.172: [GC (Allocation Failure) 55111K->337K(95744K), 0.0002130 secs]
26.208: [GC (Allocation Failure) 52962K->337K(93760K), 0.0002770 secs]
26.289: [GC (Allocation Failure) 51008K->337K(91840K), 0.0002260 secs]
26.311: [GC (Allocation Failure) 49099K->337K(90048K), 0.0002150 secs]
26.331: [GC (Allocation Failure) 47292K->337K(88320K), 0.0002040 secs]
26.355: [GC (Allocation Failure) 45583K->337K(86656K), 0.0002150 secs]
26.405: [GC (Allocation Failure) 43873K->337K(85120K), 0.0002250 secs]
26.457: [GC (Allocation Failure) 42359K->337K(83648K), 0.0003270 secs]
26.475: [GC (Allocation Failure) 40894K->337K(82240K), 0.0002160 secs]
26.493: [GC (Allocation Failure) 39477K->337K(80896K), 0.0002070 secs]
26.527: [GC (Allocation Failure) 38158K->337K(79616K), 0.0002250 secs]
26.547: [GC (Allocation Failure) 36836K->337K(78400K), 0.0002160 secs]
26.614: [GC (Allocation Failure) 35663K->337K(77248K), 0.0002300 secs]
26.630: [GC (Allocation Failure) 34491K->337K(76096K), 0.0002060 secs]
26.704: [GC (Allocation Failure) 33319K->337K(75008K), 0.0002270 secs]
26.723: [GC (Allocation Failure) 32244K->337K(73984K), 0.0002150 secs]
26.737: [GC (Allocation Failure) 31219K->337K(73024K), 0.0002160 secs]
26.754: [GC (Allocation Failure) 30242K->337K(72064K), 0.0002170 secs]
26.799: [GC (Allocation Failure) 29314K->337K(71168K), 0.0002040 secs]
26.948: [GC (Allocation Failure) 28386K->337K(70336K), 0.0002280 secs]
26.960: [GC (Allocation Failure) 27555K->337K(69504K), 0.0002060 secs]
26.976: [GC (Allocation Failure) 26725K->337K(68736K), 0.0002240 secs]
27.051: [GC (Allocation Failure) 25992K->337K(67968K), 0.0002260 secs]
27.067: [GC (Allocation Failure) 25211K->337K(67264K), 0.0002750 secs]
27.081: [GC (Allocation Failure) 24523K->337K(72128K), 0.0002180 secs]
27.095: [GC (Allocation Failure) 29362K->337K(77952K), 0.0002070 secs]
27.198: [GC (Allocation Failure) 35175K->337K(76800K), 0.0002060 secs]
27.213: [GC (Allocation Failure) 34051K->337K(75712K), 0.0002080 secs]
27.297: [GC (Allocation Failure) 32977K->337K(74624K), 0.0002060 secs]
27.348: [GC (Allocation Failure) 31854K->337K(73600K), 0.0002270 secs]
27.362: [GC (Allocation Failure) 30828K->337K(72640K), 0.0002190 secs]
27.375: [GC (Allocation Failure) 29900K->337K(71744K), 0.0002060 secs]
27.392: [GC (Allocation Failure) 28972K->337K(70848K), 0.0002010 secs]
27.404: [GC (Allocation Failure) 28093K->337K(76416K), 0.0002170 secs]
27.423: [GC (Allocation Failure) 33661K->337K(83136K), 0.0002040 secs]
27.446: [GC (Allocation Failure) 40356K->337K(91200K), 0.0002240 secs]
27.471: [GC (Allocation Failure) 48464K->337K(89408K), 0.0002200 secs]
27.492: [GC (Allocation Failure) 46657K->337K(87744K), 0.0002070 secs]
27.515: [GC (Allocation Failure) 44996K->337K(86144K), 0.0002030 secs]
27.537: [GC (Allocation Failure) 43385K->337K(84608K), 0.0002050 secs]
27.555: [GC (Allocation Failure) 41870K->337K(83136K), 0.0002060 secs]
27.573: [GC (Allocation Failure) 40356K->337K(81728K), 0.0002090 secs]
27.603: [GC (Allocation Failure) 38989K->337K(80384K), 0.0002090 secs]
27.653: [GC (Allocation Failure) 37621K->337K(79104K), 0.0002190 secs]
27.674: [GC (Allocation Failure) 36347K->337K(77888K), 0.0002360 secs]
27.693: [GC (Allocation Failure) 35126K->337K(76736K), 0.0002040 secs]
27.708: [GC (Allocation Failure) 33954K->337K(83520K), 0.0002760 secs]
27.809: [GC (Allocation Failure) 40747K->337K(82112K), 0.0002170 secs]
27.827: [GC (Allocation Failure) 39331K->337K(80768K), 0.0002190 secs]
27.843: [GC (Allocation Failure) 38012K->337K(79488K), 0.0002050 secs]
27.879: [GC (Allocation Failure) 36738K->337K(78272K), 0.0002290 secs]
27.895: [GC (Allocation Failure) 35517K->337K(77120K), 0.0002170 secs]
27.957: [GC (Allocation Failure) 34345K->337K(75968K), 0.0002270 secs]
27.976: [GC (Allocation Failure) 33221K->337K(74880K), 0.0002140 secs]
27.990: [GC (Allocation Failure) 32098K->337K(73856K), 0.0002190 secs]
28.007: [GC (Allocation Failure) 31121K->337K(72896K), 0.0002240 secs]
28.100: [GC (Allocation Failure) 30144K->337K(71936K), 0.0002090 secs]
28.155: [GC (Allocation Failure) 29167K->337K(71040K), 0.0002150 secs]
28.167: [GC (Allocation Failure) 28288K->337K(76672K), 0.0003240 secs]
28.207: [GC (Allocation Failure) 33905K->337K(75584K), 0.0002270 secs]
28.225: [GC (Allocation Failure) 32830K->337K(82112K), 0.0002740 secs]
28.242: [GC (Allocation Failure) 39331K->337K(89920K), 0.0002370 secs]
28.383: [GC (Allocation Failure) 47146K->337K(88192K), 0.0002070 secs]
28.408: [GC (Allocation Failure) 45436K->337K(86592K), 0.0002180 secs]
28.427: [GC (Allocation Failure) 43824K->337K(85056K), 0.0002080 secs]
28.446: [GC (Allocation Failure) 42310K->337K(83584K), 0.0002040 secs]
28.464: [GC (Allocation Failure) 40845K->337K(82176K), 0.0002070 secs]
28.485: [GC (Allocation Failure) 39428K->337K(80832K), 0.0002510 secs]
28.615: [GC (Allocation Failure) 38061K->337K(79552K), 0.0002160 secs]
28.631: [GC (Allocation Failure) 36787K->337K(78336K), 0.0002150 secs]
28.708: [GC (Allocation Failure) 35566K->337K(77184K), 0.0002140 secs]
28.723: [GC (Allocation Failure) 34442K->337K(76032K), 0.0002050 secs]
28.739: [GC (Allocation Failure) 33270K->337K(74944K), 0.0002110 secs]
28.753: [GC (Allocation Failure) 32195K->337K(73920K), 0.0002050 secs]
28.766: [GC (Allocation Failure) 31170K->337K(80128K), 0.0002160 secs]
28.803: [GC (Allocation Failure) 37375K->337K(78848K), 0.0002100 secs]
28.822: [GC (Allocation Failure) 36103K->337K(86016K), 0.0002810 secs]
28.841: [GC (Allocation Failure) 43238K->337K(94656K), 0.0002170 secs]
28.864: [GC (Allocation Failure) 51887K->337K(92736K), 0.0002080 secs]
28.964: [GC (Allocation Failure) 49983K->337K(90880K), 0.0002250 secs]
28.985: [GC (Allocation Failure) 48122K->337K(89152K), 0.0002060 secs]
29.059: [GC (Allocation Failure) 46413K->337K(87488K), 0.0002260 secs]
29.078: [GC (Allocation Failure) 44752K->337K(85888K), 0.0002060 secs]
29.101: [GC (Allocation Failure) 43140K->337K(84352K), 0.0002140 secs]
29.119: [GC (Allocation Failure) 41577K->337K(82880K), 0.0002040 secs]
29.139: [GC (Allocation Failure) 40112K->337K(81472K), 0.0002010 secs]
29.256: [GC (Allocation Failure) 38696K->337K(80128K), 0.0002080 secs]
29.306: [GC (Allocation Failure) 37375K->337K(78848K), 0.0002780 secs]
29.355: [GC (Allocation Failure) 36103K->337K(77632K), 0.0002150 secs]
29.370: [GC (Allocation Failure) 34882K->337K(76480K), 0.0002070 secs]
29.404: [GC (Allocation Failure) 33710K->337K(75392K), 0.0002180 secs]
29.419: [GC (Allocation Failure) 32635K->337K(74368K), 0.0002040 secs]
29.433: [GC (Allocation Failure) 31609K->337K(73344K), 0.0001990 secs]
29.447: [GC (Allocation Failure) 30584K->337K(72384K), 0.0001990 secs]
29.472: [GC (Allocation Failure) 29607K->337K(71488K), 0.0002200 secs]
29.552: [GC (Allocation Failure) 28728K->337K(70592K), 0.0002170 secs]
29.564: [GC (Allocation Failure) 27848K->337K(69760K), 0.0002030 secs]
29.599: [GC (Allocation Failure) 27018K->337K(68992K), 0.0002240 secs]
29.655: [GC (Allocation Failure) 26236K->337K(68224K), 0.0002220 secs]
29.667: [GC (Allocation Failure) 25455K->337K(67520K), 0.0002200 secs]
29.682: [GC (Allocation Failure) 24767K->337K(72448K), 0.0002140 secs]
29.700: [GC (Allocation Failure) 29704K->337K(78336K), 0.0002180 secs]
29.716: [GC (Allocation Failure) 35566K->337K(85440K), 0.0002050 secs]
29.859: [GC (Allocation Failure) 42701K->337K(83968K), 0.0002150 secs]
29.881: [GC (Allocation Failure) 41187K->337K(82560K), 0.0002080 secs]
29.898: [GC (Allocation Failure) 39819K->337K(81216K), 0.0002440 secs]
29.919: [GC (Allocation Failure) 38451K->337K(79936K), 0.0002170 secs]
29.956: [GC (Allocation Failure) 37177K->337K(78656K), 0.0002190 secs]
29.976: [GC (Allocation Failure) 35908K->337K(77440K), 0.0002160 secs]
30.003: [GC (Allocation Failure) 34686K->337K(76288K), 0.0002040 secs]
30.073: [GC (Allocation Failure) 33514K->337K(75200K), 0.0002180 secs]
30.091: [GC (Allocation Failure) 32440K->337K(74176K), 0.0002050 secs]
30.104: [GC (Allocation Failure) 31414K->337K(73152K), 0.0002080 secs]
30.154: [GC (Allocation Failure) 30388K->337K(72192K), 0.0002060 secs]
30.203: [GC (Allocation Failure) 29411K->337K(71296K), 0.0002040 secs]
30.257: [GC (Allocation Failure) 28532K->337K(70400K), 0.0002260 secs]
30.273: [GC (Allocation Failure) 27653K->337K(69568K), 0.0002150 secs]
30.403: [GC (Allocation Failure) 26823K->337K(68800K), 0.0002050 secs]
30.456: [GC (Allocation Failure) 26041K->337K(68032K), 0.0002230 secs]
30.468: [GC (Allocation Failure) 25260K->337K(67328K), 0.0002190 secs]
30.483: [GC (Allocation Failure) 24572K->337K(66624K), 0.0002240 secs]
30.505: [GC (Allocation Failure) 23888K->337K(65984K), 0.0002250 secs]
30.516: [GC (Allocation Failure) 23204K->337K(70592K), 0.0002160 secs]
30.553: [GC (Allocation Failure) 27848K->337K(69760K), 0.0002270 secs]
30.565: [GC (Allocation Failure) 27018K->337K(75136K), 0.0002050 secs]
30.583: [GC (Allocation Failure) 32391K->337K(81600K), 0.0002170 secs]
30.612: [GC (Allocation Failure) 38842K->337K(80256K), 0.0002180 secs]
30.629: [GC (Allocation Failure) 37475K->337K(87744K), 0.0002060 secs]
30.682: [GC (Allocation Failure) 44996K->337K(86144K), 0.0002240 secs]
30.705: [GC (Allocation Failure) 43385K->337K(84608K), 0.0002130 secs]
30.764: [GC (Allocation Failure) 41870K->337K(83136K), 0.0002040 secs]
30.785: [GC (Allocation Failure) 40356K->337K(81728K), 0.0002060 secs]
30.806: [GC (Allocation Failure) 38989K->337K(80384K), 0.0002090 secs]
30.827: [GC (Allocation Failure) 37621K->337K(79104K), 0.0002160 secs]
30.847: [GC (Allocation Failure) 36347K->337K(77888K), 0.0002030 secs]
30.862: [GC (Allocation Failure) 35126K->337K(76736K), 0.0002060 secs]
30.881: [GC (Allocation Failure) 33954K->337K(75648K), 0.0002270 secs]
30.907: [GC (Allocation Failure) 32879K->337K(74560K), 0.0002130 secs]
30.921: [GC (Allocation Failure) 31805K->337K(73536K), 0.0002040 secs]
30.956: [GC (Allocation Failure) 30779K->337K(72576K), 0.0002280 secs]
30.969: [GC (Allocation Failure) 29802K->337K(71680K), 0.0002060 secs]
31.058: [GC (Allocation Failure) 28923K->337K(70784K), 0.0002030 secs]
31.075: [GC (Allocation Failure) 28044K->337K(69952K), 0.0002310 secs]
31.087: [GC (Allocation Failure) 27213K->337K(75328K), 0.0002050 secs]
31.105: [GC (Allocation Failure) 32586K->337K(81792K), 0.0002140 secs]
31.159: [GC (Allocation Failure) 39038K->337K(80448K), 0.0002720 secs]
31.205: [GC (Allocation Failure) 37670K->337K(79168K), 0.0002150 secs]
31.222: [GC (Allocation Failure) 36396K->337K(77952K), 0.0002050 secs]
31.258: [GC (Allocation Failure) 35175K->337K(76800K), 0.0002070 secs]
31.277: [GC (Allocation Failure) 34051K->337K(75712K), 0.0002720 secs]
31.292: [GC (Allocation Failure) 32977K->337K(74624K), 0.0002160 secs]
31.305: [GC (Allocation Failure) 31854K->337K(80960K), 0.0002070 secs]
31.322: [GC (Allocation Failure) 38207K->337K(88576K), 0.0002050 secs]
31.342: [GC (Allocation Failure) 45827K->337K(97728K), 0.0002070 secs]
31.390: [GC (Allocation Failure) 54965K->337K(95680K), 0.0002420 secs]
31.413: [GC (Allocation Failure) 52913K->337K(93696K), 0.0002060 secs]
31.473: [GC (Allocation Failure) 50959K->337K(91840K), 0.0003350 secs]
31.494: [GC (Allocation Failure) 49099K->337K(90048K), 0.0002290 secs]
31.567: [GC (Allocation Failure) 47292K->337K(88320K), 0.0002170 secs]
31.587: [GC (Allocation Failure) 45583K->337K(86656K), 0.0002170 secs]
31.606: [GC (Allocation Failure) 43873K->337K(85120K), 0.0002050 secs]
31.628: [GC (Allocation Failure) 42359K->337K(83648K), 0.0002250 secs]
31.660: [GC (Allocation Failure) 40894K->337K(82240K), 0.0002130 secs]
31.677: [GC (Allocation Failure) 39477K->337K(80896K), 0.0002060 secs]
31.698: [GC (Allocation Failure) 38158K->337K(79616K), 0.0002010 secs]
31.718: [GC (Allocation Failure) 36836K->337K(78400K), 0.0002220 secs]
31.738: [GC (Allocation Failure) 35663K->337K(77248K), 0.0002330 secs]
31.862: [GC (Allocation Failure) 34491K->337K(76096K), 0.0002220 secs]
31.881: [GC (Allocation Failure) 33319K->337K(75008K), 0.0002090 secs]
31.899: [GC (Allocation Failure) 32244K->337K(73984K), 0.0002150 secs]
31.913: [GC (Allocation Failure) 31219K->337K(73024K), 0.0002190 secs]
31.930: [GC (Allocation Failure) 30242K->337K(72064K), 0.0001940 secs]
31.947: [GC (Allocation Failure) 29314K->337K(71168K), 0.0002120 secs]
31.960: [GC (Allocation Failure) 28386K->337K(76800K), 0.0002200 secs]
32.009: [GC (Allocation Failure) 34051K->337K(75712K), 0.0002300 secs]
32.024: [GC (Allocation Failure) 32977K->337K(82240K), 0.0003260 secs]
32.080: [GC (Allocation Failure) 39477K->337K(90112K), 0.0003390 secs]
32.102: [GC (Allocation Failure) 47341K->337K(88384K), 0.0002320 secs]
32.122: [GC (Allocation Failure) 45631K->337K(86720K), 0.0002070 secs]
32.141: [GC (Allocation Failure) 43971K->337K(85184K), 0.0002040 secs]
32.213: [GC (Allocation Failure) 42408K->337K(83712K), 0.0002170 secs]
32.231: [GC (Allocation Failure) 40942K->337K(82304K), 0.0002060 secs]
32.265: [GC (Allocation Failure) 39526K->337K(80960K), 0.0002260 secs]
32.286: [GC (Allocation Failure) 38207K->337K(79680K), 0.0002130 secs]
32.306: [GC (Allocation Failure) 36933K->337K(78464K), 0.0002240 secs]
32.355: [GC (Allocation Failure) 35712K->337K(77312K), 0.0002250 secs]
32.370: [GC (Allocation Failure) 34540K->337K(76160K), 0.0002200 secs]
32.385: [GC (Allocation Failure) 33417K->337K(75072K), 0.0002050 secs]
32.403: [GC (Allocation Failure) 32293K->337K(74048K), 0.0002060 secs]
32.421: [GC (Allocation Failure) 31267K->337K(73088K), 0.0002150 secs]
32.435: [GC (Allocation Failure) 30339K->337K(79104K), 0.0002060 secs]
32.474: [GC (Allocation Failure) 36347K->337K(77888K), 0.0002190 secs]
32.491: [GC (Allocation Failure) 35126K->337K(76736K), 0.0002020 secs]
32.559: [GC (Allocation Failure) 33954K->337K(75648K), 0.0002070 secs]
32.709: [GC (Allocation Failure) 32879K->337K(74560K), 0.0002180 secs]
32.727: [GC (Allocation Failure) 31805K->337K(73536K), 0.0002140 secs]
32.745: [GC (Allocation Failure) 30779K->337K(72576K), 0.0002030 secs]
32.762: [GC (Allocation Failure) 29802K->337K(71680K), 0.0002120 secs]
32.779: [GC (Allocation Failure) 28923K->337K(70784K), 0.0002140 secs]
32.811: [GC (Allocation Failure) 28044K->337K(69952K), 0.0002070 secs]
32.823: [GC (Allocation Failure) 27213K->337K(75328K), 0.0002320 secs]
32.842: [GC (Allocation Failure) 32586K->337K(81792K), 0.0002050 secs]
32.859: [GC (Allocation Failure) 39038K->337K(89536K), 0.0002060 secs]
33.016: [GC (Allocation Failure) 46755K->337K(87872K), 0.0002170 secs]
33.039: [GC (Allocation Failure) 45094K->337K(86272K), 0.0002070 secs]
33.059: [GC (Allocation Failure) 43531K->337K(84736K), 0.0002170 secs]
33.081: [GC (Allocation Failure) 41968K->337K(83264K), 0.0002170 secs]
33.112: [GC (Allocation Failure) 40503K->337K(81856K), 0.0002290 secs]
33.129: [GC (Allocation Failure) 39086K->337K(80512K), 0.0002050 secs]
33.166: [GC (Allocation Failure) 37768K->337K(79232K), 0.0002230 secs]
33.182: [GC (Allocation Failure) 36494K->337K(78016K), 0.0002050 secs]
33.207: [GC (Allocation Failure) 35273K->337K(76864K), 0.0002040 secs]
33.315: [GC (Allocation Failure) 34100K->337K(75776K), 0.0002200 secs]
33.333: [GC (Allocation Failure) 33026K->337K(74688K), 0.0002240 secs]
33.352: [GC (Allocation Failure) 31951K->337K(73664K), 0.0002210 secs]
33.366: [GC (Allocation Failure) 30925K->337K(72704K), 0.0002150 secs]
33.409: [GC (Allocation Failure) 29949K->337K(71808K), 0.0002270 secs]
33.422: [GC (Allocation Failure) 29069K->337K(70912K), 0.0002220 secs]
33.444: [GC (Allocation Failure) 28141K->337K(70080K), 0.0002180 secs]
33.456: [GC (Allocation Failure) 27311K->337K(75520K), 0.0002570 secs]
33.473: [GC (Allocation Failure) 32782K->337K(82048K), 0.0002290 secs]
33.490: [GC (Allocation Failure) 39282K->337K(89856K), 0.0002150 secs]
33.511: [GC (Allocation Failure) 47097K->337K(99264K), 0.0002040 secs]
33.623: [GC (Allocation Failure) 56528K->337K(97088K), 0.0002240 secs]
33.651: [GC (Allocation Failure) 54330K->337K(95040K), 0.0002060 secs]
33.719: [GC (Allocation Failure) 52278K->337K(93120K), 0.0002110 secs]
33.741: [GC (Allocation Failure) 50373K->337K(91264K), 0.0002080 secs]
33.768: [GC (Allocation Failure) 48513K->337K(89472K), 0.0002070 secs]
33.871: [GC (Allocation Failure) 46706K->337K(87808K), 0.0002150 secs]
33.894: [GC (Allocation Failure) 45045K->337K(86208K), 0.0002160 secs]
33.913: [GC (Allocation Failure) 43433K->337K(84672K), 0.0002080 secs]
33.969: [GC (Allocation Failure) 41919K->337K(83200K), 0.0002270 secs]
33.990: [GC (Allocation Failure) 40454K->337K(81792K), 0.0002230 secs]
34.167: [GC (Allocation Failure) 39038K->337K(80448K), 0.0002150 secs]
34.184: [GC (Allocation Failure) 37670K->337K(79168K), 0.0002030 secs]
34.267: [GC (Allocation Failure) 36396K->337K(77952K), 0.0002270 secs]
34.286: [GC (Allocation Failure) 35175K->337K(76800K), 0.0002770 secs]
34.301: [GC (Allocation Failure) 34051K->337K(75712K), 0.0002190 secs]
34.406: [GC (Allocation Failure) 32977K->337K(74624K), 0.0002120 secs]
34.461: [GC (Allocation Failure) 31854K->337K(73600K), 0.0002200 secs]
34.479: [GC (Allocation Failure) 30828K->337K(72640K), 0.0002150 secs]
34.515: [GC (Allocation Failure) 29900K->337K(71744K), 0.0002210 secs]
34.528: [GC (Allocation Failure) 28972K->337K(70848K), 0.0002210 secs]
34.560: [GC (Allocation Failure) 28093K->337K(70016K), 0.0002330 secs]
34.576: [GC (Allocation Failure) 27262K->337K(69184K), 0.0002040 secs]
34.588: [GC (Allocation Failure) 26432K->337K(74432K), 0.0002200 secs]
34.609: [GC (Allocation Failure) 31658K->337K(80704K), 0.0002290 secs]
34.629: [GC (Allocation Failure) 37963K->337K(79424K), 0.0002170 secs]
34.645: [GC (Allocation Failure) 36689K->337K(86720K), 0.0002070 secs]
34.664: [GC (Allocation Failure) 43971K->337K(95488K), 0.0002180 secs]
34.775: [GC (Allocation Failure) 52718K->337K(93504K), 0.0002150 secs]
34.798: [GC (Allocation Failure) 50764K->337K(91648K), 0.0002760 secs]
34.873: [GC (Allocation Failure) 48904K->337K(89856K), 0.0002180 secs]
34.898: [GC (Allocation Failure) 47097K->337K(88128K), 0.0002110 secs]
34.922: [GC (Allocation Failure) 45387K->337K(86528K), 0.0002160 secs]
35.071: [GC (Allocation Failure) 43775K->337K(84992K), 0.0002120 secs]
35.093: [GC (Allocation Failure) 42212K->337K(83520K), 0.0002200 secs]
35.115: [GC (Allocation Failure) 40747K->337K(82112K), 0.0002050 secs]
35.133: [GC (Allocation Failure) 39331K->337K(80768K), 0.0002170 secs]
35.150: [GC (Allocation Failure) 38012K->337K(79488K), 0.0002050 secs]
35.165: [GC (Allocation Failure) 36738K->337K(78272K), 0.0002150 secs]
35.282: [GC (Allocation Failure) 35517K->337K(77120K), 0.0002450 secs]
35.298: [GC (Allocation Failure) 34345K->337K(75968K), 0.0002960 secs]
35.367: [GC (Allocation Failure) 33221K->337K(74880K), 0.0002260 secs]
35.382: [GC (Allocation Failure) 32098K->337K(73856K), 0.0002200 secs]
35.406: [GC (Allocation Failure) 31121K->337K(72896K), 0.0002660 secs]
35.436: [GC (Allocation Failure) 30144K->337K(71936K), 0.0002740 secs]
35.466: [GC (Allocation Failure) 29167K->337K(71040K), 0.0002450 secs]
35.479: [GC (Allocation Failure) 28288K->337K(70208K), 0.0002040 secs]
35.519: [GC (Allocation Failure) 27458K->337K(69376K), 0.0002150 secs]
35.530: [GC (Allocation Failure) 26627K->337K(74688K), 0.0002060 secs]
35.612: [GC (Allocation Failure) 31951K->337K(73664K), 0.0002130 secs]
35.666: [GC (Allocation Failure) 30925K->337K(72704K), 0.0002260 secs]
35.679: [GC (Allocation Failure) 29949K->337K(71808K), 0.0002230 secs]
35.708: [GC (Allocation Failure) 29069K->337K(70912K), 0.0002180 secs]
35.720: [GC (Allocation Failure) 28141K->337K(70080K), 0.0002070 secs]
35.736: [GC (Allocation Failure) 27311K->337K(75520K), 0.0002280 secs]
35.767: [GC (Allocation Failure) 32782K->337K(74496K), 0.0002170 secs]
35.785: [GC (Allocation Failure) 31756K->337K(73472K), 0.0002250 secs]
35.916: [GC (Allocation Failure) 30730K->337K(72512K), 0.0002210 secs]
35.929: [GC (Allocation Failure) 29753K->337K(71616K), 0.0002210 secs]
36.012: [GC (Allocation Failure) 28874K->337K(70720K), 0.0002170 secs]
36.029: [GC (Allocation Failure) 27946K->337K(69888K), 0.0002060 secs]
36.040: [GC (Allocation Failure) 27116K->337K(75264K), 0.0002100 secs]
36.067: [GC (Allocation Failure) 32488K->337K(74240K), 0.0002140 secs]
36.085: [GC (Allocation Failure) 31463K->337K(73216K), 0.0002150 secs]
36.112: [GC (Allocation Failure) 30437K->337K(72256K), 0.0002150 secs]
36.129: [GC (Allocation Failure) 29509K->337K(71360K), 0.0002130 secs]
36.141: [GC (Allocation Failure) 28581K->337K(77056K), 0.0002180 secs]
36.169: [GC (Allocation Failure) 34296K->337K(75904K), 0.0002310 secs]
36.188: [GC (Allocation Failure) 33123K->337K(74816K), 0.0002150 secs]
36.264: [GC (Allocation Failure) 32049K->337K(73792K), 0.0002170 secs]
36.281: [GC (Allocation Failure) 31023K->337K(72832K), 0.0002030 secs]
36.299: [GC (Allocation Failure) 30095K->337K(71872K), 0.0002140 secs]
36.316: [GC (Allocation Failure) 29118K->337K(70976K), 0.0002280 secs]
36.362: [GC (Allocation Failure) 28239K->337K(70144K), 0.0002510 secs]
36.374: [GC (Allocation Failure) 27409K->337K(75584K), 0.0002180 secs]
36.388: [GC (Allocation Failure) 32830K->337K(82112K), 0.0002080 secs]
36.518: [GC (Allocation Failure) 39331K->337K(80768K), 0.0012090 secs]
36.536: [GC (Allocation Failure) 38012K->337K(79488K), 0.0002150 secs]
36.611: [GC (Allocation Failure) 36738K->337K(78272K), 0.0002220 secs]
36.678: [GC (Allocation Failure) 35517K->337K(77120K), 0.0002190 secs]
36.693: [GC (Allocation Failure) 34345K->337K(75968K), 0.0002170 secs]
36.719: [GC (Allocation Failure) 33221K->337K(74880K), 0.0002280 secs]
36.734: [GC (Allocation Failure) 32098K->337K(73856K), 0.0002900 secs]
36.751: [GC (Allocation Failure) 31121K->337K(80064K), 0.0002170 secs]
36.819: [GC (Allocation Failure) 37324K->337K(78784K), 0.0002240 secs]
36.870: [GC (Allocation Failure) 36005K->337K(77568K), 0.0002620 secs]
36.886: [GC (Allocation Failure) 34833K->337K(76416K), 0.0002080 secs]
36.919: [GC (Allocation Failure) 33661K->337K(75328K), 0.0002270 secs]
36.933: [GC (Allocation Failure) 32586K->337K(74304K), 0.0002060 secs]
36.965: [GC (Allocation Failure) 31560K->337K(73280K), 0.0002810 secs]
36.983: [GC (Allocation Failure) 30535K->337K(72320K), 0.0002140 secs]
37.068: [GC (Allocation Failure) 29558K->337K(71424K), 0.0002210 secs]
37.081: [GC (Allocation Failure) 28679K->337K(70528K), 0.0002200 secs]
37.093: [GC (Allocation Failure) 27751K->337K(76032K), 0.0002080 secs]
37.165: [GC (Allocation Failure) 33270K->337K(74944K), 0.0002070 secs]
37.211: [GC (Allocation Failure) 32195K->337K(73920K), 0.0002090 secs]
37.272: [GC (Allocation Failure) 31170K->337K(72960K), 0.0002200 secs]
37.285: [GC (Allocation Failure) 30193K->337K(72000K), 0.0002080 secs]
37.313: [GC (Allocation Failure) 29265K->337K(71104K), 0.0002190 secs]
37.330: [GC (Allocation Failure) 28337K->337K(70272K), 0.0002450 secs]
37.343: [GC (Allocation Failure) 27506K->337K(75712K), 0.0002090 secs]
37.409: [GC (Allocation Failure) 32977K->337K(74624K), 0.0002180 secs]
37.428: [GC (Allocation Failure) 31854K->337K(73600K), 0.0002160 secs]
37.442: [GC (Allocation Failure) 30828K->337K(72640K), 0.0002200 secs]
37.455: [GC (Allocation Failure) 29900K->337K(78592K), 0.0002020 secs]
37.475: [GC (Allocation Failure) 35810K->337K(85696K), 0.0002140 secs]
37.494: [GC (Allocation Failure) 42945K->337K(94272K), 0.0002210 secs]
37.516: [GC (Allocation Failure) 51497K->337K(92352K), 0.0002070 secs]
37.620: [GC (Allocation Failure) 49588K->337K(90496K), 0.0002240 secs]
37.641: [GC (Allocation Failure) 47732K->337K(88768K), 0.0002080 secs]
37.661: [GC (Allocation Failure) 46022K->337K(87104K), 0.0002070 secs]
37.680: [GC (Allocation Failure) 44362K->337K(85504K), 0.0002180 secs]
37.702: [GC (Allocation Failure) 42750K->337K(83968K), 0.0002020 secs]
37.720: [GC (Allocation Failure) 41187K->337K(82560K), 0.0002050 secs]
37.773: [GC (Allocation Failure) 39819K->337K(81216K), 0.0002250 secs]
37.790: [GC (Allocation Failure) 38451K->337K(79936K), 0.0002070 secs]
37.810: [GC (Allocation Failure) 37177K->337K(78656K), 0.0002160 secs]
37.874: [GC (Allocation Failure) 35908K->337K(77440K), 0.0002280 secs]
37.967: [GC (Allocation Failure) 34686K->337K(76288K), 0.0002090 secs]
38.018: [GC (Allocation Failure) 33514K->337K(75200K), 0.0002160 secs]
38.036: [GC (Allocation Failure) 32440K->337K(74176K), 0.0002140 secs]
38.063: [GC (Allocation Failure) 31414K->337K(73152K), 0.0002140 secs]
38.081: [GC (Allocation Failure) 30388K->337K(72192K), 0.0002170 secs]
38.115: [GC (Allocation Failure) 29411K->337K(71296K), 0.0002200 secs]
38.132: [GC (Allocation Failure) 28532K->337K(70400K), 0.0002180 secs]
38.219: [GC (Allocation Failure) 27653K->337K(69568K), 0.0002090 secs]
38.231: [GC (Allocation Failure) 26823K->337K(68800K), 0.0002310 secs]
38.246: [GC (Allocation Failure) 26041K->337K(68032K), 0.0002180 secs]
38.318: [GC (Allocation Failure) 25260K->337K(67328K), 0.0002040 secs]
38.329: [GC (Allocation Failure) 24572K->337K(72192K), 0.0002220 secs]
38.366: [GC (Allocation Failure) 29411K->337K(71296K), 0.0002780 secs]
38.416: [GC (Allocation Failure) 28532K->337K(70400K), 0.0002170 secs]
38.430: [GC (Allocation Failure) 27653K->337K(69568K), 0.0002210 secs]
38.470: [GC (Allocation Failure) 26823K->337K(68800K), 0.0002870 secs]
38.515: [GC (Allocation Failure) 26041K->337K(68032K), 0.0002170 secs]
38.526: [GC (Allocation Failure) 25260K->337K(67328K), 0.0002070 secs]
38.540: [GC (Allocation Failure) 24572K->337K(72192K), 0.0002140 secs]
38.616: [GC (Allocation Failure) 29411K->337K(71296K), 0.0002190 secs]
38.670: [GC (Allocation Failure) 28532K->337K(70400K), 0.0002210 secs]
38.686: [GC (Allocation Failure) 27653K->337K(69568K), 0.0002170 secs]
38.698: [GC (Allocation Failure) 26823K->337K(68800K), 0.0002060 secs]
38.713: [GC (Allocation Failure) 26041K->337K(73984K), 0.0002140 secs]
38.821: [GC (Allocation Failure) 31219K->337K(73024K), 0.0002070 secs]
38.834: [GC (Allocation Failure) 30242K->337K(72064K), 0.0002190 secs]
38.870: [GC (Allocation Failure) 29314K->337K(71168K), 0.0002160 secs]
38.883: [GC (Allocation Failure) 28386K->337K(76800K), 0.0002340 secs]
38.902: [GC (Allocation Failure) 34051K->337K(75712K), 0.0002040 secs]
38.916: [GC (Allocation Failure) 32977K->337K(82240K), 0.0002090 secs]
38.975: [GC (Allocation Failure) 39477K->337K(80896K), 0.0002150 secs]
38.992: [GC (Allocation Failure) 38158K->337K(88512K), 0.0003250 secs]
39.114: [GC (Allocation Failure) 45729K->337K(86848K), 0.0002430 secs]
39.133: [GC (Allocation Failure) 44068K->337K(85312K), 0.0002060 secs]
39.154: [GC (Allocation Failure) 42554K->337K(83840K), 0.0002010 secs]
39.172: [GC (Allocation Failure) 41089K->337K(82432K), 0.0002070 secs]
39.218: [GC (Allocation Failure) 39673K->337K(81088K), 0.0002160 secs]
39.275: [GC (Allocation Failure) 38305K->337K(79808K), 0.0002220 secs]
39.295: [GC (Allocation Failure) 37031K->337K(78592K), 0.0002330 secs]
39.311: [GC (Allocation Failure) 35810K->337K(77376K), 0.0002190 secs]
39.374: [GC (Allocation Failure) 34638K->337K(76224K), 0.0002300 secs]
39.389: [GC (Allocation Failure) 33465K->337K(75136K), 0.0002760 secs]
39.408: [GC (Allocation Failure) 32391K->337K(74112K), 0.0002150 secs]
39.445: [GC (Allocation Failure) 31365K->337K(73152K), 0.0002040 secs]
39.462: [GC (Allocation Failure) 30388K->337K(72192K), 0.0002160 secs]
39.479: [GC (Allocation Failure) 29411K->337K(71296K), 0.0002140 secs]
39.496: [GC (Allocation Failure) 28532K->337K(70400K), 0.0002220 secs]
39.515: [GC (Allocation Failure) 27653K->337K(69568K), 0.0002070 secs]
39.607: [GC (Allocation Failure) 26823K->337K(68800K), 0.0002060 secs]
39.666: [GC (Allocation Failure) 26041K->337K(68032K), 0.0003170 secs]
39.681: [GC (Allocation Failure) 25260K->337K(67328K), 0.0002140 secs]
39.765: [GC (Allocation Failure) 24572K->337K(66624K), 0.0002200 secs]
39.780: [GC (Allocation Failure) 23888K->337K(65984K), 0.0002030 secs]
39.819: [GC (Allocation Failure) 23204K->337K(65344K), 0.0002080 secs]
39.833: [GC (Allocation Failure) 22569K->337K(64704K), 0.0002310 secs]
39.968: [GC (Allocation Failure) 21934K->337K(64128K), 0.0002160 secs]
39.978: [GC (Allocation Failure) 21348K->337K(68352K), 0.0002580 secs]
39.989: [GC (Allocation Failure) 25602K->337K(73408K), 0.0002060 secs]
40.019: [GC (Allocation Failure) 30632K->337K(79488K), 0.0002170 secs]
40.035: [GC (Allocation Failure) 36738K->337K(86784K), 0.0002070 secs]
40.074: [GC (Allocation Failure) 44020K->337K(85248K), 0.0002410 secs]
40.093: [GC (Allocation Failure) 42505K->337K(83776K), 0.0002120 secs]
40.123: [GC (Allocation Failure) 41040K->337K(82368K), 0.0002150 secs]
40.144: [GC (Allocation Failure) 39624K->337K(81024K), 0.0002140 secs]
40.272: [GC (Allocation Failure) 38256K->337K(79744K), 0.0002080 secs]
40.322: [GC (Allocation Failure) 36982K->337K(78528K), 0.0002170 secs]
40.375: [GC (Allocation Failure) 35761K->337K(77312K), 0.0002250 secs]
40.390: [GC (Allocation Failure) 34540K->337K(76160K), 0.0002060 secs]
40.417: [GC (Allocation Failure) 33417K->337K(75072K), 0.0002820 secs]
40.437: [GC (Allocation Failure) 32293K->337K(74048K), 0.0002170 secs]
40.450: [GC (Allocation Failure) 31267K->337K(73088K), 0.0002180 secs]
40.467: [GC (Allocation Failure) 30339K->337K(72128K), 0.0002160 secs]
40.569: [GC (Allocation Failure) 29362K->337K(71232K), 0.0002180 secs]
40.585: [GC (Allocation Failure) 28483K->337K(70400K), 0.0002080 secs]
40.601: [GC (Allocation Failure) 27653K->337K(69568K), 0.0002430 secs]
40.671: [GC (Allocation Failure) 26823K->337K(68800K), 0.0002150 secs]
40.683: [GC (Allocation Failure) 26041K->337K(68032K), 0.0002210 secs]
40.698: [GC (Allocation Failure) 25260K->337K(73024K), 0.0002510 secs]
40.712: [GC (Allocation Failure) 30242K->337K(79040K), 0.0002060 secs]
40.822: [GC (Allocation Failure) 36298K->337K(77824K), 0.0002290 secs]
40.837: [GC (Allocation Failure) 35077K->337K(76672K), 0.0002090 secs]
40.852: [GC (Allocation Failure) 33905K->337K(83392K), 0.0002050 secs]
40.876: [GC (Allocation Failure) 40649K->337K(81984K), 0.0002190 secs]
40.897: [GC (Allocation Failure) 39233K->337K(80640K), 0.0002160 secs]
40.919: [GC (Allocation Failure) 37865K->337K(79360K), 0.0002170 secs]
40.939: [GC (Allocation Failure) 36591K->337K(78144K), 0.0002160 secs]
40.976: [GC (Allocation Failure) 35370K->337K(76992K), 0.0002150 secs]
40.991: [GC (Allocation Failure) 34247K->337K(75904K), 0.0002030 secs]
41.073: [GC (Allocation Failure) 33123K->337K(74816K), 0.0002200 secs]
41.109: [GC (Allocation Failure) 32049K->337K(73792K), 0.0002160 secs]
41.126: [GC (Allocation Failure) 31023K->337K(72832K), 0.0002040 secs]
41.143: [GC (Allocation Failure) 30095K->337K(71872K), 0.0002210 secs]
41.160: [GC (Allocation Failure) 29118K->337K(70976K), 0.0002020 secs]
41.219: [GC (Allocation Failure) 28239K->337K(70144K), 0.0002760 secs]
41.269: [GC (Allocation Failure) 27409K->337K(69312K), 0.0002210 secs]
41.280: [GC (Allocation Failure) 26530K->337K(68544K), 0.0002070 secs]
41.291: [GC (Allocation Failure) 25797K->337K(73664K), 0.0002080 secs]
41.307: [GC (Allocation Failure) 30925K->337K(79808K), 0.0002020 secs]
41.377: [GC (Allocation Failure) 37031K->337K(78592K), 0.0002180 secs]
41.423: [GC (Allocation Failure) 35810K->337K(77376K), 0.0002930 secs]
41.439: [GC (Allocation Failure) 34638K->337K(76224K), 0.0002090 secs]
41.472: [GC (Allocation Failure) 33465K->337K(75136K), 0.0002180 secs]
41.490: [GC (Allocation Failure) 32391K->337K(74112K), 0.0002150 secs]
41.507: [GC (Allocation Failure) 31365K->337K(73152K), 0.0002120 secs]
41.570: [GC (Allocation Failure) 30388K->337K(72192K), 0.0003430 secs]
41.583: [GC (Allocation Failure) 29411K->337K(71296K), 0.0002060 secs]
41.620: [GC (Allocation Failure) 28532K->337K(70400K), 0.0002280 secs]
41.634: [GC (Allocation Failure) 27653K->337K(69568K), 0.0002100 secs]
41.646: [GC (Allocation Failure) 26823K->337K(74880K), 0.0002300 secs]
41.676: [GC (Allocation Failure) 32098K->337K(81280K), 0.0002440 secs]
41.697: [GC (Allocation Failure) 38500K->337K(80000K), 0.0002260 secs]
41.719: [GC (Allocation Failure) 37226K->337K(78720K), 0.0002180 secs]
41.734: [GC (Allocation Failure) 35956K->337K(85888K), 0.0002060 secs]
41.757: [GC (Allocation Failure) 43140K->337K(84352K), 0.0002190 secs]
41.775: [GC (Allocation Failure) 41577K->337K(82880K), 0.0002180 secs]
41.797: [GC (Allocation Failure) 40112K->337K(81472K), 0.0002150 secs]
41.818: [GC (Allocation Failure) 38696K->337K(80128K), 0.0002260 secs]
41.878: [GC (Allocation Failure) 37375K->337K(78848K), 0.0002270 secs]
41.893: [GC (Allocation Failure) 36103K->337K(77632K), 0.0002080 secs]
41.909: [GC (Allocation Failure) 34882K->337K(76480K), 0.0002040 secs]
42.019: [GC (Allocation Failure) 33710K->337K(75392K), 0.0002340 secs]
42.034: [GC (Allocation Failure) 32635K->337K(74368K), 0.0002110 secs]
42.052: [GC (Allocation Failure) 31609K->337K(73344K), 0.0002270 secs]
42.112: [GC (Allocation Failure) 30584K->337K(72384K), 0.0002140 secs]
42.129: [GC (Allocation Failure) 29607K->337K(71488K), 0.0002150 secs]
42.146: [GC (Allocation Failure) 28728K->337K(70592K), 0.0002190 secs]
42.162: [GC (Allocation Failure) 27848K->337K(69760K), 0.0002150 secs]
42.174: [GC (Allocation Failure) 27018K->337K(75136K), 0.0002050 secs]
42.326: [GC (Allocation Failure) 32391K->337K(74112K), 0.0002300 secs]
42.344: [GC (Allocation Failure) 31365K->337K(73152K), 0.0002040 secs]
42.421: [GC (Allocation Failure) 30388K->337K(72192K), 0.0002300 secs]
42.434: [GC (Allocation Failure) 29411K->337K(71296K), 0.0002150 secs]
42.447: [GC (Allocation Failure) 28532K->337K(76992K), 0.0002070 secs]
42.466: [GC (Allocation Failure) 34247K->337K(83776K), 0.0002060 secs]
42.487: [GC (Allocation Failure) 41040K->337K(82368K), 0.0002130 secs]
42.505: [GC (Allocation Failure) 39624K->337K(81024K), 0.0002080 secs]
42.525: [GC (Allocation Failure) 38256K->337K(88640K), 0.0002780 secs]
42.583: [GC (Allocation Failure) 45876K->337K(86976K), 0.0002210 secs]
42.602: [GC (Allocation Failure) 44215K->337K(85376K), 0.0002220 secs]
42.620: [GC (Allocation Failure) 42603K->337K(83904K), 0.0002080 secs]
42.638: [GC (Allocation Failure) 41138K->337K(82496K), 0.0002060 secs]
42.659: [GC (Allocation Failure) 39721K->337K(81152K), 0.0002140 secs]
42.725: [GC (Allocation Failure) 38403K->337K(79872K), 0.0002200 secs]
42.741: [GC (Allocation Failure) 37129K->337K(78656K), 0.0002070 secs]
42.759: [GC (Allocation Failure) 35908K->337K(77440K), 0.0002720 secs]
42.778: [GC (Allocation Failure) 34686K->337K(76288K), 0.0002180 secs]
42.796: [GC (Allocation Failure) 33514K->337K(75200K), 0.0002150 secs]
42.820: [GC (Allocation Failure) 32440K->337K(74176K), 0.0002280 secs]
42.834: [GC (Allocation Failure) 31414K->337K(80448K), 0.0002050 secs]
42.875: [GC (Allocation Failure) 37670K->337K(79168K), 0.0002330 secs]
42.896: [GC (Allocation Failure) 36396K->337K(77952K), 0.0002080 secs]
42.922: [GC (Allocation Failure) 35175K->337K(76800K), 0.0002220 secs]
42.978: [GC (Allocation Failure) 34051K->337K(75712K), 0.0002160 secs]
42.993: [GC (Allocation Failure) 32977K->337K(74624K), 0.0002080 secs]
43.006: [GC (Allocation Failure) 31854K->337K(73600K), 0.0002060 secs]
43.076: [GC (Allocation Failure) 30828K->337K(72640K), 0.0002330 secs]
43.090: [GC (Allocation Failure) 29900K->337K(71744K), 0.0002060 secs]
43.106: [GC (Allocation Failure) 28972K->337K(70848K), 0.0002040 secs]
43.119: [GC (Allocation Failure) 28093K->337K(76416K), 0.0002190 secs]
43.174: [GC (Allocation Failure) 33661K->337K(75328K), 0.0002300 secs]
43.193: [GC (Allocation Failure) 32586K->337K(74304K), 0.0002040 secs]
43.209: [GC (Allocation Failure) 31560K->337K(73280K), 0.0002040 secs]
43.223: [GC (Allocation Failure) 30535K->337K(79360K), 0.0002070 secs]
43.243: [GC (Allocation Failure) 36591K->337K(86656K), 0.0002200 secs]
43.266: [GC (Allocation Failure) 43873K->337K(85120K), 0.0002160 secs]
43.325: [GC (Allocation Failure) 42359K->337K(83648K), 0.0002790 secs]
43.409: [GC (Allocation Failure) 40894K->337K(82240K), 0.0002240 secs]
43.427: [GC (Allocation Failure) 39477K->337K(80896K), 0.0002770 secs]
43.463: [GC (Allocation Failure) 38158K->337K(79616K), 0.0002080 secs]
43.526: [GC (Allocation Failure) 36836K->337K(78400K), 0.0002300 secs]
43.542: [GC (Allocation Failure) 35663K->337K(77248K), 0.0002070 secs]
43.579: [GC (Allocation Failure) 34491K->337K(76096K), 0.0002160 secs]
43.597: [GC (Allocation Failure) 33319K->337K(75008K), 0.0002110 secs]
43.616: [GC (Allocation Failure) 32244K->337K(73984K), 0.0002130 secs]
43.630: [GC (Allocation Failure) 31219K->337K(73024K), 0.0002060 secs]
43.777: [GC (Allocation Failure) 30242K->337K(72064K), 0.0002260 secs]
43.794: [GC (Allocation Failure) 29314K->337K(71168K), 0.0002270 secs]
43.855: [GC (Allocation Failure) 28386K->337K(70336K), 0.0003220 secs]
43.874: [GC (Allocation Failure) 27555K->337K(69504K), 0.0002430 secs]
43.886: [GC (Allocation Failure) 26725K->337K(74816K), 0.0002070 secs]
44.021: [GC (Allocation Failure) 32049K->337K(73792K), 0.0002110 secs]
44.072: [GC (Allocation Failure) 31023K->337K(72832K), 0.0002230 secs]
44.108: [GC (Allocation Failure) 30095K->337K(71872K), 0.0002020 secs]
44.127: [GC (Allocation Failure) 29118K->337K(70976K), 0.0002200 secs]
44.144: [GC (Allocation Failure) 28239K->337K(70144K), 0.0002200 secs]
44.156: [GC (Allocation Failure) 27409K->337K(69312K), 0.0002070 secs]
44.172: [GC (Allocation Failure) 26530K->337K(74560K), 0.0002330 secs]
44.190: [GC (Allocation Failure) 31805K->337K(80896K), 0.0002090 secs]
44.328: [GC (Allocation Failure) 38158K->337K(79616K), 0.0002280 secs]
44.344: [GC (Allocation Failure) 36836K->337K(78400K), 0.0002070 secs]
44.381: [GC (Allocation Failure) 35663K->337K(77248K), 0.0002260 secs]
44.400: [GC (Allocation Failure) 34491K->337K(76096K), 0.0002170 secs]
44.418: [GC (Allocation Failure) 33319K->337K(75008K), 0.0002350 secs]
44.437: [GC (Allocation Failure) 32244K->337K(73984K), 0.0002180 secs]
44.451: [GC (Allocation Failure) 31219K->337K(80192K), 0.0002220 secs]
44.475: [GC (Allocation Failure) 37426K->337K(78912K), 0.0002310 secs]
44.491: [GC (Allocation Failure) 36152K->337K(86080K), 0.0002050 secs]
44.530: [GC (Allocation Failure) 43336K->337K(84544K), 0.0002280 secs]
44.549: [GC (Allocation Failure) 41773K->337K(83072K), 0.0002080 secs]
44.570: [GC (Allocation Failure) 40307K->337K(81664K), 0.0002040 secs]
44.591: [GC (Allocation Failure) 38891K->337K(80320K), 0.0002160 secs]
44.608: [GC (Allocation Failure) 37572K->337K(79040K), 0.0002220 secs]
44.628: [GC (Allocation Failure) 36298K->337K(86272K), 0.0002750 secs]
44.647: [GC (Allocation Failure) 43531K->337K(94912K), 0.0002720 secs]
44.686: [GC (Allocation Failure) 52132K->337K(92992K), 0.0002440 secs]
44.712: [GC (Allocation Failure) 50227K->337K(91136K), 0.0002030 secs]
44.783: [GC (Allocation Failure) 48367K->337K(89344K), 0.0002740 secs]
44.887: [GC (Allocation Failure) 46608K->337K(87680K), 0.0002340 secs]
44.907: [GC (Allocation Failure) 44899K->337K(86080K), 0.0002750 secs]
44.985: [GC (Allocation Failure) 43336K->337K(84544K), 0.0002170 secs]
45.003: [GC (Allocation Failure) 41773K->337K(83072K), 0.0002740 secs]
45.033: [GC (Allocation Failure) 40307K->337K(81664K), 0.0002180 secs]
45.054: [GC (Allocation Failure) 38891K->337K(80320K), 0.0002090 secs]
45.071: [GC (Allocation Failure) 37572K->337K(79040K), 0.0002060 secs]
45.091: [GC (Allocation Failure) 36298K->337K(77824K), 0.0002170 secs]
45.110: [GC (Allocation Failure) 35077K->337K(76672K), 0.0002040 secs]
45.129: [GC (Allocation Failure) 33905K->337K(75584K), 0.0002190 secs]
45.148: [GC (Allocation Failure) 32830K->337K(74560K), 0.0002050 secs]
45.226: [GC (Allocation Failure) 31805K->337K(73536K), 0.0002370 secs]
45.240: [GC (Allocation Failure) 30779K->337K(72576K), 0.0002050 secs]
45.253: [GC (Allocation Failure) 29802K->337K(78528K), 0.0002090 secs]
45.269: [GC (Allocation Failure) 35761K->337K(85632K), 0.0002100 secs]
45.331: [GC (Allocation Failure) 42896K->337K(84096K), 0.0002230 secs]
45.353: [GC (Allocation Failure) 41333K->337K(82624K), 0.0002130 secs]
45.375: [GC (Allocation Failure) 39868K->337K(81280K), 0.0002220 secs]
45.396: [GC (Allocation Failure) 38500K->337K(80000K), 0.0002230 secs]
45.417: [GC (Allocation Failure) 37226K->337K(78720K), 0.0002180 secs]
45.440: [GC (Allocation Failure) 35956K->337K(77504K), 0.0002130 secs]
45.470: [GC (Allocation Failure) 34735K->337K(76352K), 0.0003410 secs]
45.490: [GC (Allocation Failure) 33612K->337K(75264K), 0.0002060 secs]
45.505: [GC (Allocation Failure) 32488K->337K(74240K), 0.0002070 secs]
45.580: [GC (Allocation Failure) 31463K->337K(73216K), 0.0002170 secs]
45.594: [GC (Allocation Failure) 30437K->337K(72256K), 0.0002500 secs]
45.622: [GC (Allocation Failure) 29509K->337K(71360K), 0.0002090 secs]
45.675: [GC (Allocation Failure) 28581K->337K(70464K), 0.0002190 secs]
45.691: [GC (Allocation Failure) 27702K->337K(69632K), 0.0002140 secs]
45.707: [GC (Allocation Failure) 26871K->337K(68864K), 0.0002030 secs]
45.722: [GC (Allocation Failure) 26090K->337K(68096K), 0.0002300 secs]
45.774: [GC (Allocation Failure) 25357K->337K(67392K), 0.0002340 secs]
45.785: [GC (Allocation Failure) 24621K->337K(72256K), 0.0002060 secs]
45.826: [GC (Allocation Failure) 29509K->337K(71360K), 0.0002070 secs]
45.876: [GC (Allocation Failure) 28581K->337K(70464K), 0.0002060 secs]
45.925: [GC (Allocation Failure) 27702K->337K(69632K), 0.0002780 secs]
46.075: [GC (Allocation Failure) 26871K->337K(68864K), 0.0002270 secs]
46.087: [GC (Allocation Failure) 26090K->337K(68096K), 0.0002050 secs]
46.102: [GC (Allocation Failure) 25357K->337K(67392K), 0.0002030 secs]
46.114: [GC (Allocation Failure) 24621K->337K(72256K), 0.0002080 secs]
46.130: [GC (Allocation Failure) 29509K->337K(78144K), 0.0002060 secs]
46.150: [GC (Allocation Failure) 35370K->337K(85184K), 0.0002370 secs]
46.170: [GC (Allocation Failure) 42408K->337K(93632K), 0.0002120 secs]
46.192: [GC (Allocation Failure) 50862K->337K(91776K), 0.0002060 secs]
46.235: [GC (Allocation Failure) 49002K->337K(89984K), 0.0002170 secs]
46.285: [GC (Allocation Failure) 47243K->337K(88256K), 0.0002350 secs]
46.309: [GC (Allocation Failure) 45485K->337K(86592K), 0.0002050 secs]
46.328: [GC (Allocation Failure) 43824K->337K(85056K), 0.0002180 secs]
46.347: [GC (Allocation Failure) 42310K->337K(83584K), 0.0002060 secs]
46.385: [GC (Allocation Failure) 40845K->337K(82176K), 0.0002280 secs]
46.403: [GC (Allocation Failure) 39428K->337K(80832K), 0.0002190 secs]
46.427: [GC (Allocation Failure) 38061K->337K(79552K), 0.0002260 secs]
46.447: [GC (Allocation Failure) 36787K->337K(78336K), 0.0002770 secs]
46.464: [GC (Allocation Failure) 35566K->337K(77184K), 0.0002070 secs]
46.479: [GC (Allocation Failure) 34442K->337K(84032K), 0.0002070 secs]
46.529: [GC (Allocation Failure) 41284K->337K(82624K), 0.0002160 secs]
46.550: [GC (Allocation Failure) 39868K->337K(81280K), 0.0002100 secs]
46.571: [GC (Allocation Failure) 38500K->337K(80000K), 0.0003360 secs]
46.591: [GC (Allocation Failure) 37226K->337K(78720K), 0.0002200 secs]
46.684: [GC (Allocation Failure) 35956K->337K(77504K), 0.0002150 secs]
46.700: [GC (Allocation Failure) 34735K->337K(76352K), 0.0002060 secs]
46.729: [GC (Allocation Failure) 33612K->337K(75264K), 0.0002200 secs]
46.779: [GC (Allocation Failure) 32488K->337K(74240K), 0.0002170 secs]
46.796: [GC (Allocation Failure) 31463K->337K(73216K), 0.0002170 secs]
46.810: [GC (Allocation Failure) 30437K->337K(79296K), 0.0011540 secs]
46.846: [GC (Allocation Failure) 36543K->337K(86592K), 0.0002230 secs]
46.870: [GC (Allocation Failure) 43824K->337K(95296K), 0.0002040 secs]
46.938: [GC (Allocation Failure) 52522K->337K(105792K), 0.0002820 secs]
46.992: [GC (Allocation Failure) 63028K->337K(118336K), 0.0002210 secs]
47.029: [GC (Allocation Failure) 75585K->337K(115264K), 0.0002050 secs]
47.065: [GC (Allocation Failure) 72504K->337K(112320K), 0.0002140 secs]
47.099: [GC (Allocation Failure) 69573K->337K(109568K), 0.0002150 secs]
47.129: [GC (Allocation Failure) 66789K->337K(106944K), 0.0002070 secs]
47.247: [GC (Allocation Failure) 64200K->337K(104448K), 0.0002180 secs]
47.274: [GC (Allocation Failure) 61705K->337K(102080K), 0.0002410 secs]
47.300: [GC (Allocation Failure) 59312K->337K(99776K), 0.0002170 secs]
47.344: [GC (Allocation Failure) 57016K->337K(97600K), 0.0002280 secs]
47.372: [GC (Allocation Failure) 54818K->337K(95552K), 0.0002150 secs]
47.446: [GC (Allocation Failure) 52815K->337K(93568K), 0.0002220 secs]
47.469: [GC (Allocation Failure) 50813K->337K(91712K), 0.0002070 secs]
47.524: [GC (Allocation Failure) 48953K->337K(89920K), 0.0002220 secs]
47.586: [GC (Allocation Failure) 47146K->337K(88192K), 0.0002310 secs]
47.606: [GC (Allocation Failure) 45436K->337K(86592K), 0.0002160 secs]
47.630: [GC (Allocation Failure) 43824K->337K(85056K), 0.0002090 secs]
47.653: [GC (Allocation Failure) 42310K->337K(83584K), 0.0002270 secs]
47.684: [GC (Allocation Failure) 40845K->337K(82176K), 0.0002080 secs]
47.730: [GC (Allocation Failure) 39428K->337K(80832K), 0.0002200 secs]
47.750: [GC (Allocation Failure) 38061K->337K(79552K), 0.0002190 secs]
47.836: [GC (Allocation Failure) 36787K->337K(78336K), 0.0002100 secs]
47.856: [GC (Allocation Failure) 35566K->337K(77184K), 0.0002060 secs]
47.871: [GC (Allocation Failure) 34442K->337K(76032K), 0.0002340 secs]
47.890: [GC (Allocation Failure) 33270K->337K(74944K), 0.0002040 secs]
47.904: [GC (Allocation Failure) 32195K->337K(73920K), 0.0002050 secs]
47.930: [GC (Allocation Failure) 31170K->337K(72960K), 0.0002800 secs]
47.983: [GC (Allocation Failure) 30193K->337K(72000K), 0.0002260 secs]
47.996: [GC (Allocation Failure) 29265K->337K(71104K), 0.0002050 secs]
48.026: [GC (Allocation Failure) 28337K->337K(70272K), 0.0002420 secs]
48.042: [GC (Allocation Failure) 27506K->337K(69440K), 0.0002390 secs]
48.058: [GC (Allocation Failure) 26676K->337K(74752K), 0.0003030 secs]
48.112: [GC (Allocation Failure) 32000K->337K(73728K), 0.0002100 secs]
48.130: [GC (Allocation Failure) 30974K->337K(72768K), 0.0002230 secs]
48.147: [GC (Allocation Failure) 29997K->337K(71808K), 0.0002140 secs]
48.160: [GC (Allocation Failure) 29069K->337K(77568K), 0.0002230 secs]
48.180: [GC (Allocation Failure) 34833K->337K(84480K), 0.0002160 secs]
48.202: [GC (Allocation Failure) 41724K->337K(92800K), 0.0002250 secs]
48.228: [GC (Allocation Failure) 50031K->337K(102784K), 0.0002870 secs]
48.255: [GC (Allocation Failure) 60044K->337K(100480K), 0.0002060 secs]
48.408: [GC (Allocation Failure) 57700K->337K(98240K), 0.0002180 secs]
48.437: [GC (Allocation Failure) 55502K->337K(96128K), 0.0002190 secs]
48.464: [GC (Allocation Failure) 53353K->337K(94144K), 0.0002060 secs]
48.543: [GC (Allocation Failure) 51399K->337K(92224K), 0.0002040 secs]
48.567: [GC (Allocation Failure) 49441K->337K(90432K), 0.0002030 secs]
48.616: [GC (Allocation Failure) 47683K->337K(88704K), 0.0002340 secs]
48.636: [GC (Allocation Failure) 45925K->337K(87040K), 0.0002060 secs]
48.741: [GC (Allocation Failure) 44264K->337K(85440K), 0.0002170 secs]
48.763: [GC (Allocation Failure) 42701K->337K(83968K), 0.0002050 secs]
48.833: [GC (Allocation Failure) 41187K->337K(82560K), 0.0002840 secs]
48.880: [GC (Allocation Failure) 39819K->337K(81216K), 0.0002310 secs]
48.898: [GC (Allocation Failure) 38451K->337K(79936K), 0.0002250 secs]
48.918: [GC (Allocation Failure) 37177K->337K(78656K), 0.0002050 secs]
48.933: [GC (Allocation Failure) 35908K->337K(77440K), 0.0002080 secs]
48.948: [GC (Allocation Failure) 34686K->337K(76288K), 0.0002070 secs]
49.032: [GC (Allocation Failure) 33514K->337K(75200K), 0.0002180 secs]
49.047: [GC (Allocation Failure) 32440K->337K(74176K), 0.0002060 secs]
49.064: [GC (Allocation Failure) 31414K->337K(73152K), 0.0002140 secs]
49.082: [GC (Allocation Failure) 30388K->337K(79168K), 0.0002770 secs]
49.098: [GC (Allocation Failure) 36396K->337K(86400K), 0.0002210 secs]
49.137: [GC (Allocation Failure) 43629K->337K(84864K), 0.0002200 secs]
49.156: [GC (Allocation Failure) 42115K->337K(83392K), 0.0002060 secs]
49.240: [GC (Allocation Failure) 40649K->337K(81984K), 0.0002350 secs]
49.259: [GC (Allocation Failure) 39233K->337K(80640K), 0.0002310 secs]
49.280: [GC (Allocation Failure) 37865K->337K(79360K), 0.0002060 secs]
49.296: [GC (Allocation Failure) 36591K->337K(78144K), 0.0002070 secs]
49.382: [GC (Allocation Failure) 35370K->337K(76992K), 0.0002190 secs]
49.410: [GC (Allocation Failure) 34247K->337K(75904K), 0.0002630 secs]
49.429: [GC (Allocation Failure) 33123K->337K(74816K), 0.0002740 secs]
49.448: [GC (Allocation Failure) 32049K->337K(73792K), 0.0002190 secs]
49.462: [GC (Allocation Failure) 31023K->337K(79936K), 0.0002110 secs]
49.485: [GC (Allocation Failure) 37177K->337K(78656K), 0.0002340 secs]
49.505: [GC (Allocation Failure) 35908K->337K(77440K), 0.0002250 secs]
49.538: [GC (Allocation Failure) 34686K->337K(76288K), 0.0002270 secs]
49.556: [GC (Allocation Failure) 33514K->337K(75200K), 0.0002160 secs]
49.609: [GC (Allocation Failure) 32440K->337K(74176K), 0.0002810 secs]
49.636: [GC (Allocation Failure) 31414K->337K(73152K), 0.0002060 secs]
49.654: [GC (Allocation Failure) 30388K->337K(72192K), 0.0002200 secs]
49.669: [GC (Allocation Failure) 29411K->337K(71296K), 0.0002130 secs]
49.685: [GC (Allocation Failure) 28532K->337K(70400K), 0.0002060 secs]
49.702: [GC (Allocation Failure) 27653K->337K(75904K), 0.0002160 secs]
49.719: [GC (Allocation Failure) 33123K->337K(82496K), 0.0002130 secs]
49.840: [GC (Allocation Failure) 39721K->337K(81152K), 0.0002230 secs]
49.861: [GC (Allocation Failure) 38403K->337K(79872K), 0.0002090 secs]
49.882: [GC (Allocation Failure) 37129K->337K(78656K), 0.0002040 secs]
49.898: [GC (Allocation Failure) 35908K->337K(77440K), 0.0002080 secs]
49.934: [GC (Allocation Failure) 34686K->337K(76288K), 0.0002270 secs]
49.984: [GC (Allocation Failure) 33514K->337K(75200K), 0.0002170 secs]
49.998: [GC (Allocation Failure) 32440K->337K(74176K), 0.0002070 secs]
50.015: [GC (Allocation Failure) 31414K->337K(73152K), 0.0002470 secs]
50.036: [GC (Allocation Failure) 30388K->337K(72192K), 0.0002070 secs]
50.108: [GC (Allocation Failure) 29411K->337K(71296K), 0.0002220 secs]
50.132: [GC (Allocation Failure) 28532K->337K(70400K), 0.0002180 secs]
50.182: [GC (Allocation Failure) 27653K->337K(69568K), 0.0002190 secs]
50.235: [GC (Allocation Failure) 26823K->337K(68800K), 0.0002140 secs]
50.247: [GC (Allocation Failure) 26041K->337K(73984K), 0.0003250 secs]
50.283: [GC (Allocation Failure) 31219K->337K(73024K), 0.0002180 secs]
50.431: [GC (Allocation Failure) 30242K->337K(72064K), 0.0002100 secs]
50.530: [GC (Allocation Failure) 29314K->337K(71168K), 0.0002090 secs]
50.586: [GC (Allocation Failure) 28386K->337K(70336K), 0.0002650 secs]
50.603: [GC (Allocation Failure) 27555K->337K(69504K), 0.0002040 secs]
50.615: [GC (Allocation Failure) 26725K->337K(68736K), 0.0002310 secs]
50.626: [GC (Allocation Failure) 25992K->337K(73920K), 0.0002170 secs]
50.640: [GC (Allocation Failure) 31170K->337K(80128K), 0.0002080 secs]
50.660: [GC (Allocation Failure) 37375K->337K(87552K), 0.0002170 secs]
50.694: [GC (Allocation Failure) 44801K->337K(96448K), 0.0003130 secs]
50.719: [GC (Allocation Failure) 53695K->337K(94400K), 0.0002050 secs]
50.793: [GC (Allocation Failure) 51643K->337K(92480K), 0.0002070 secs]
50.846: [GC (Allocation Failure) 49738K->337K(90624K), 0.0002160 secs]
50.870: [GC (Allocation Failure) 47878K->337K(88896K), 0.0002200 secs]
50.895: [GC (Allocation Failure) 46120K->337K(87232K), 0.0002250 secs]
51.040: [GC (Allocation Failure) 44459K->337K(85632K), 0.0002190 secs]
51.059: [GC (Allocation Failure) 42896K->337K(84096K), 0.0002060 secs]
51.077: [GC (Allocation Failure) 41333K->337K(82624K), 0.0002060 secs]
51.116: [GC (Allocation Failure) 39868K->337K(81280K), 0.0002260 secs]
51.137: [GC (Allocation Failure) 38500K->337K(80000K), 0.0002120 secs]
51.157: [GC (Allocation Failure) 37226K->337K(78720K), 0.0002150 secs]
51.238: [GC (Allocation Failure) 35956K->337K(77504K), 0.0002280 secs]
51.257: [GC (Allocation Failure) 34735K->337K(76352K), 0.0002050 secs]
51.289: [GC (Allocation Failure) 33612K->337K(75264K), 0.0002220 secs]
51.304: [GC (Allocation Failure) 32488K->337K(74240K), 0.0002230 secs]
51.337: [GC (Allocation Failure) 31463K->337K(73216K), 0.0002460 secs]
51.351: [GC (Allocation Failure) 30437K->337K(72256K), 0.0002660 secs]
51.374: [GC (Allocation Failure) 29509K->337K(71360K), 0.0002170 secs]
51.405: [GC (Allocation Failure) 28581K->337K(70464K), 0.0002280 secs]
51.417: [GC (Allocation Failure) 27702K->337K(75968K), 0.0002070 secs]
51.432: [GC (Allocation Failure) 33221K->337K(82560K), 0.0003010 secs]
51.460: [GC (Allocation Failure) 39819K->337K(90496K), 0.0002300 secs]
51.485: [GC (Allocation Failure) 47732K->337K(88768K), 0.0002050 secs]
51.509: [GC (Allocation Failure) 46022K->337K(87104K), 0.0002170 secs]
51.533: [GC (Allocation Failure) 44362K->337K(85504K), 0.0002230 secs]
51.552: [GC (Allocation Failure) 42750K->337K(83968K), 0.0002190 secs]
51.571: [GC (Allocation Failure) 41187K->337K(82560K), 0.0002520 secs]
51.589: [GC (Allocation Failure) 39819K->337K(81216K), 0.0002190 secs]
51.610: [GC (Allocation Failure) 38451K->337K(79936K), 0.0002050 secs]
51.627: [GC (Allocation Failure) 37177K->337K(78656K), 0.0002030 secs]
51.678: [GC (Allocation Failure) 35908K->337K(77440K), 0.0002630 secs]
51.698: [GC (Allocation Failure) 34686K->337K(76288K), 0.0002060 secs]
51.717: [GC (Allocation Failure) 33514K->337K(75200K), 0.0002150 secs]
51.735: [GC (Allocation Failure) 32440K->337K(74176K), 0.0002060 secs]
51.885: [GC (Allocation Failure) 31414K->337K(73152K), 0.0002300 secs]
51.899: [GC (Allocation Failure) 30388K->337K(72192K), 0.0002080 secs]
51.912: [GC (Allocation Failure) 29411K->337K(71296K), 0.0002060 secs]
51.924: [GC (Allocation Failure) 28532K->337K(76992K), 0.0002090 secs]
51.991: [GC (Allocation Failure) 34247K->337K(75904K), 0.0002160 secs]
52.009: [GC (Allocation Failure) 33123K->337K(74816K), 0.0002090 secs]
52.027: [GC (Allocation Failure) 32049K->337K(73792K), 0.0002270 secs]
52.041: [GC (Allocation Failure) 31023K->337K(79936K), 0.0002070 secs]
52.119: [GC (Allocation Failure) 37177K->337K(78656K), 0.0002300 secs]
52.136: [GC (Allocation Failure) 35908K->337K(77440K), 0.0002330 secs]
52.151: [GC (Allocation Failure) 34686K->337K(76288K), 0.0002070 secs]
52.166: [GC (Allocation Failure) 33514K->337K(82944K), 0.0002150 secs]
52.240: [GC (Allocation Failure) 40161K->337K(81536K), 0.0002190 secs]
52.257: [GC (Allocation Failure) 38793K->337K(80192K), 0.0002120 secs]
52.278: [GC (Allocation Failure) 37426K->337K(87616K), 0.0003270 secs]
52.303: [GC (Allocation Failure) 44850K->337K(86016K), 0.0002060 secs]
52.321: [GC (Allocation Failure) 43238K->337K(84480K), 0.0002080 secs]
52.381: [GC (Allocation Failure) 41724K->337K(83008K), 0.0002200 secs]
52.398: [GC (Allocation Failure) 40259K->337K(81600K), 0.0002050 secs]
52.419: [GC (Allocation Failure) 38842K->337K(89344K), 0.0003590 secs]
52.441: [GC (Allocation Failure) 46608K->337K(87680K), 0.0002210 secs]
52.492: [GC (Allocation Failure) 44899K->337K(86080K), 0.0002100 secs]
52.543: [GC (Allocation Failure) 43336K->337K(84544K), 0.0002190 secs]
52.562: [GC (Allocation Failure) 41773K->337K(83072K), 0.0002180 secs]
52.583: [GC (Allocation Failure) 40307K->337K(81664K), 0.0002050 secs]
52.604: [GC (Allocation Failure) 38891K->337K(80320K), 0.0002170 secs]
52.621: [GC (Allocation Failure) 37572K->337K(79040K), 0.0002080 secs]
52.641: [GC (Allocation Failure) 36298K->337K(77824K), 0.0002160 secs]
52.660: [GC (Allocation Failure) 35077K->337K(76672K), 0.0002190 secs]
52.742: [GC (Allocation Failure) 33905K->337K(75584K), 0.0002210 secs]
52.761: [GC (Allocation Failure) 32830K->337K(74560K), 0.0002190 secs]
52.775: [GC (Allocation Failure) 31805K->337K(73536K), 0.0002070 secs]
52.788: [GC (Allocation Failure) 30779K->337K(79680K), 0.0002080 secs]
52.841: [GC (Allocation Failure) 36933K->337K(78464K), 0.0002290 secs]
52.857: [GC (Allocation Failure) 35712K->337K(77312K), 0.0002110 secs]
52.873: [GC (Allocation Failure) 34540K->337K(76160K), 0.0002030 secs]
52.935: [GC (Allocation Failure) 33417K->337K(75072K), 0.0002210 secs]
52.953: [GC (Allocation Failure) 32293K->337K(74048K), 0.0002060 secs]
52.971: [GC (Allocation Failure) 31267K->337K(73088K), 0.0002270 secs]
52.987: [GC (Allocation Failure) 30339K->337K(72128K), 0.0002160 secs]
53.040: [GC (Allocation Failure) 29362K->337K(71232K), 0.0002160 secs]
53.053: [GC (Allocation Failure) 28483K->337K(76864K), 0.0003260 secs]
53.110: [GC (Allocation Failure) 34100K->337K(75776K), 0.0002350 secs]
53.129: [GC (Allocation Failure) 33026K->337K(74688K), 0.0002130 secs]
53.147: [GC (Allocation Failure) 31951K->337K(73664K), 0.0002150 secs]
53.161: [GC (Allocation Failure) 30925K->337K(79808K), 0.0002210 secs]
53.177: [GC (Allocation Failure) 37031K->337K(87168K), 0.0002070 secs]
53.347: [GC (Allocation Failure) 44410K->337K(85568K), 0.0002170 secs]
53.369: [GC (Allocation Failure) 42799K->337K(84032K), 0.0002080 secs]
53.388: [GC (Allocation Failure) 41284K->337K(82624K), 0.0002060 secs]
53.414: [GC (Allocation Failure) 39868K->337K(81280K), 0.0002210 secs]
53.435: [GC (Allocation Failure) 38500K->337K(80000K), 0.0002030 secs]
53.456: [GC (Allocation Failure) 37226K->337K(78720K), 0.0002160 secs]
53.474: [GC (Allocation Failure) 35956K->337K(77504K), 0.0002240 secs]
53.489: [GC (Allocation Failure) 34735K->337K(76352K), 0.0002060 secs]
53.504: [GC (Allocation Failure) 33612K->337K(83008K), 0.0002050 secs]
53.522: [GC (Allocation Failure) 40259K->337K(91008K), 0.0002080 secs]
53.543: [GC (Allocation Failure) 48269K->337K(89216K), 0.0002050 secs]
53.619: [GC (Allocation Failure) 46462K->337K(87552K), 0.0002350 secs]
53.644: [GC (Allocation Failure) 44801K->337K(85952K), 0.0002090 secs]
53.693: [GC (Allocation Failure) 43189K->337K(84416K), 0.0002210 secs]
53.715: [GC (Allocation Failure) 41675K->337K(82944K), 0.0002780 secs]
53.737: [GC (Allocation Failure) 40161K->337K(81536K), 0.0002230 secs]
53.759: [GC (Allocation Failure) 38793K->337K(80192K), 0.0002050 secs]
53.779: [GC (Allocation Failure) 37426K->337K(78912K), 0.0002140 secs]
53.799: [GC (Allocation Failure) 36152K->337K(77696K), 0.0002860 secs]
53.815: [GC (Allocation Failure) 34931K->337K(76544K), 0.0002160 secs]
53.830: [GC (Allocation Failure) 33807K->337K(83264K), 0.0002070 secs]
53.852: [GC (Allocation Failure) 40503K->337K(91328K), 0.0002270 secs]
53.900: [GC (Allocation Failure) 48562K->337K(89536K), 0.0002160 secs]
53.920: [GC (Allocation Failure) 46755K->337K(87872K), 0.0002320 secs]
53.944: [GC (Allocation Failure) 45094K->337K(86272K), 0.0002200 secs]
53.978: [GC (Allocation Failure) 43531K->337K(84736K), 0.0002210 secs]
54.000: [GC (Allocation Failure) 41968K->337K(83264K), 0.0002160 secs]
54.018: [GC (Allocation Failure) 40503K->337K(81856K), 0.0002460 secs]
54.042: [GC (Allocation Failure) 39086K->337K(80512K), 0.0002300 secs]
54.059: [GC (Allocation Failure) 37768K->337K(79232K), 0.0002090 secs]
54.079: [GC (Allocation Failure) 36494K->337K(78016K), 0.0002660 secs]
54.099: [GC (Allocation Failure) 35273K->337K(76864K), 0.0002170 secs]
54.141: [GC (Allocation Failure) 34100K->337K(75776K), 0.0002100 secs]
54.159: [GC (Allocation Failure) 33026K->337K(74688K), 0.0002230 secs]
54.175: [GC (Allocation Failure) 31951K->337K(73664K), 0.0002020 secs]
54.189: [GC (Allocation Failure) 30925K->337K(79808K), 0.0002080 secs]
54.242: [GC (Allocation Failure) 37031K->337K(78592K), 0.0002310 secs]
54.258: [GC (Allocation Failure) 35810K->337K(77376K), 0.0002040 secs]
54.294: [GC (Allocation Failure) 34638K->337K(76224K), 0.0002810 secs]
54.309: [GC (Allocation Failure) 33465K->337K(75136K), 0.0002180 secs]
54.326: [GC (Allocation Failure) 32391K->337K(81600K), 0.0002130 secs]
54.396: [GC (Allocation Failure) 38842K->337K(80256K), 0.0002200 secs]
54.416: [GC (Allocation Failure) 37475K->337K(78976K), 0.0002760 secs]
54.432: [GC (Allocation Failure) 36201K->337K(77760K), 0.0002070 secs]
54.491: [GC (Allocation Failure) 34980K->337K(76608K), 0.0002070 secs]
54.541: [GC (Allocation Failure) 33856K->337K(75520K), 0.0002210 secs]
54.559: [GC (Allocation Failure) 32782K->337K(74496K), 0.0002170 secs]
54.576: [GC (Allocation Failure) 31756K->337K(73472K), 0.0002020 secs]
54.643: [GC (Allocation Failure) 30730K->337K(72512K), 0.0002110 secs]
54.656: [GC (Allocation Failure) 29753K->337K(71616K), 0.0002180 secs]
54.673: [GC (Allocation Failure) 28874K->337K(70720K), 0.0002250 secs]
54.692: [GC (Allocation Failure) 27946K->337K(69888K), 0.0002330 secs]
54.704: [GC (Allocation Failure) 27116K->337K(75264K), 0.0002060 secs]
54.745: [GC (Allocation Failure) 32488K->337K(74240K), 0.0002290 secs]
54.763: [GC (Allocation Failure) 31463K->337K(73216K), 0.0002180 secs]
54.841: [GC (Allocation Failure) 30437K->337K(72256K), 0.0002310 secs]
54.858: [GC (Allocation Failure) 29509K->337K(71360K), 0.0002740 secs]
54.893: [GC (Allocation Failure) 28581K->337K(70464K), 0.0002120 secs]
54.905: [GC (Allocation Failure) 27702K->337K(69632K), 0.0002230 secs]
54.917: [GC (Allocation Failure) 26871K->337K(74944K), 0.0002100 secs]
54.935: [GC (Allocation Failure) 32195K->337K(81344K), 0.0002060 secs]
54.956: [GC (Allocation Failure) 38598K->337K(89024K), 0.0002270 secs]
55.047: [GC (Allocation Failure) 46266K->337K(87360K), 0.0002080 secs]
55.100: [GC (Allocation Failure) 44606K->337K(85760K), 0.0002150 secs]
55.123: [GC (Allocation Failure) 42994K->337K(84224K), 0.0002130 secs]
55.141: [GC (Allocation Failure) 41480K->337K(82752K), 0.0002200 secs]
55.162: [GC (Allocation Failure) 40014K->337K(81344K), 0.0002110 secs]
55.193: [GC (Allocation Failure) 38598K->337K(80000K), 0.0002080 secs]
55.240: [GC (Allocation Failure) 37226K->337K(78720K), 0.0002840 secs]
55.347: [GC (Allocation Failure) 35956K->337K(77504K), 0.0002280 secs]
55.363: [GC (Allocation Failure) 34735K->337K(76352K), 0.0002160 secs]
55.392: [GC (Allocation Failure) 33612K->337K(75264K), 0.0002170 secs]
55.410: [GC (Allocation Failure) 32488K->337K(74240K), 0.0002200 secs]
55.429: [GC (Allocation Failure) 31463K->337K(73216K), 0.0002100 secs]
55.443: [GC (Allocation Failure) 30437K->337K(72256K), 0.0002180 secs]
55.456: [GC (Allocation Failure) 29509K->337K(78144K), 0.0002740 secs]
55.497: [GC (Allocation Failure) 35370K->337K(76992K), 0.0002190 secs]
55.514: [GC (Allocation Failure) 34247K->337K(83776K), 0.0002700 secs]
55.564: [GC (Allocation Failure) 41040K->337K(82368K), 0.0002410 secs]
55.583: [GC (Allocation Failure) 39624K->337K(81024K), 0.0002330 secs]
55.604: [GC (Allocation Failure) 38256K->337K(79744K), 0.0002270 secs]
55.647: [GC (Allocation Failure) 36982K->337K(78528K), 0.0002200 secs]
55.663: [GC (Allocation Failure) 35761K->337K(77312K), 0.0002060 secs]
55.700: [GC (Allocation Failure) 34540K->337K(76160K), 0.0002280 secs]
55.719: [GC (Allocation Failure) 33417K->337K(75072K), 0.0002060 secs]
55.733: [GC (Allocation Failure) 32293K->337K(74048K), 0.0002330 secs]
55.747: [GC (Allocation Failure) 31267K->337K(80256K), 0.0002060 secs]
55.852: [GC (Allocation Failure) 37475K->337K(78976K), 0.0002150 secs]
55.868: [GC (Allocation Failure) 36201K->337K(77760K), 0.0002180 secs]
55.947: [GC (Allocation Failure) 34980K->337K(76608K), 0.0002200 secs]
55.966: [GC (Allocation Failure) 33856K->337K(75520K), 0.0002190 secs]
55.980: [GC (Allocation Failure) 32782K->337K(74496K), 0.0002100 secs]
56.038: [GC (Allocation Failure) 31756K->337K(73472K), 0.0002380 secs]
56.056: [GC (Allocation Failure) 30730K->337K(72512K), 0.0002170 secs]
56.108: [GC (Allocation Failure) 29753K->337K(71616K), 0.0002340 secs]
56.124: [GC (Allocation Failure) 28874K->337K(70720K), 0.0002040 secs]
56.141: [GC (Allocation Failure) 27946K->337K(69888K), 0.0002240 secs]
56.153: [GC (Allocation Failure) 27116K->337K(75264K), 0.0002320 secs]
56.171: [GC (Allocation Failure) 32488K->337K(81728K), 0.0002060 secs]
56.192: [GC (Allocation Failure) 38989K->337K(89472K), 0.0002220 secs]
56.217: [GC (Allocation Failure) 46706K->337K(87808K), 0.0002050 secs]
56.241: [GC (Allocation Failure) 45045K->337K(86208K), 0.0002160 secs]
56.260: [GC (Allocation Failure) 43433K->337K(84672K), 0.0002750 secs]
56.304: [GC (Allocation Failure) 41919K->337K(83200K), 0.0002130 secs]
56.326: [GC (Allocation Failure) 40454K->337K(81792K), 0.0002050 secs]
56.344: [GC (Allocation Failure) 39038K->337K(80448K), 0.0002160 secs]
56.364: [GC (Allocation Failure) 37670K->337K(79168K), 0.0002050 secs]
56.380: [GC (Allocation Failure) 36396K->337K(77952K), 0.0002220 secs]
56.445: [GC (Allocation Failure) 35175K->337K(76800K), 0.0002210 secs]
56.460: [GC (Allocation Failure) 34051K->337K(75712K), 0.0002200 secs]
56.478: [GC (Allocation Failure) 32977K->337K(74624K), 0.0002200 secs]
56.524: [GC (Allocation Failure) 31854K->337K(73600K), 0.0002130 secs]
56.538: [GC (Allocation Failure) 30828K->337K(72640K), 0.0002330 secs]
56.552: [GC (Allocation Failure) 29900K->337K(78592K), 0.0002060 secs]
56.615: [GC (Allocation Failure) 35810K->337K(77376K), 0.0003810 secs]
56.633: [GC (Allocation Failure) 34638K->337K(76224K), 0.0002210 secs]
56.674: [GC (Allocation Failure) 33465K->337K(75136K), 0.0002240 secs]
56.751: [GC (Allocation Failure) 32391K->337K(74112K), 0.0002180 secs]
56.769: [GC (Allocation Failure) 31365K->337K(73152K), 0.0002160 secs]
56.787: [GC (Allocation Failure) 30388K->337K(72192K), 0.0002200 secs]
56.804: [GC (Allocation Failure) 29411K->337K(71296K), 0.0002220 secs]
56.821: [GC (Allocation Failure) 28532K->337K(70400K), 0.0002160 secs]
56.837: [GC (Allocation Failure) 27653K->337K(75904K), 0.0002190 secs]
56.997: [GC (Allocation Failure) 33123K->337K(74816K), 0.0002180 secs]
57.011: [GC (Allocation Failure) 32049K->337K(73792K), 0.0002050 secs]
57.101: [GC (Allocation Failure) 31023K->337K(72832K), 0.0002240 secs]
57.118: [GC (Allocation Failure) 30095K->337K(71872K), 0.0002090 secs]
57.133: [GC (Allocation Failure) 29118K->337K(70976K), 0.0002020 secs]
57.150: [GC (Allocation Failure) 28239K->337K(70144K), 0.0002180 secs]
57.162: [GC (Allocation Failure) 27409K->337K(75584K), 0.0002510 secs]
57.177: [GC (Allocation Failure) 32830K->337K(82112K), 0.0002080 secs]
57.201: [GC (Allocation Failure) 39331K->337K(89920K), 0.0002220 secs]
57.248: [GC (Allocation Failure) 47146K->337K(88192K), 0.0002060 secs]
57.304: [GC (Allocation Failure) 45436K->337K(86592K), 0.0002100 secs]
57.357: [GC (Allocation Failure) 43824K->337K(85056K), 0.0002270 secs]
57.379: [GC (Allocation Failure) 42310K->337K(83584K), 0.0002260 secs]
57.414: [GC (Allocation Failure) 40845K->337K(82176K), 0.0002280 secs]
57.432: [GC (Allocation Failure) 39428K->337K(80832K), 0.0002930 secs]
57.600: [GC (Allocation Failure) 38061K->337K(79552K), 0.0002100 secs]
57.647: [GC (Allocation Failure) 36787K->337K(78336K), 0.0002110 secs]
57.703: [GC (Allocation Failure) 35566K->337K(77184K), 0.0002200 secs]
57.718: [GC (Allocation Failure) 34442K->337K(76032K), 0.0002200 secs]
57.753: [GC (Allocation Failure) 33270K->337K(74944K), 0.0002290 secs]
57.767: [GC (Allocation Failure) 32195K->337K(73920K), 0.0002060 secs]
57.780: [GC (Allocation Failure) 31170K->337K(72960K), 0.0002090 secs]
57.794: [GC (Allocation Failure) 30193K->337K(78976K), 0.0002090 secs]
57.904: [GC (Allocation Failure) 36201K->337K(77760K), 0.0002180 secs]
57.924: [GC (Allocation Failure) 34980K->337K(76608K), 0.0002080 secs]
57.939: [GC (Allocation Failure) 33856K->337K(75520K), 0.0002320 secs]
57.957: [GC (Allocation Failure) 32782K->337K(82048K), 0.0002770 secs]
57.979: [GC (Allocation Failure) 39282K->337K(89856K), 0.0002210 secs]
58.003: [GC (Allocation Failure) 47097K->337K(88128K), 0.0002140 secs]
58.023: [GC (Allocation Failure) 45387K->337K(86528K), 0.0002070 secs]
58.093: [GC (Allocation Failure) 43775K->337K(84992K), 0.0002150 secs]
58.116: [GC (Allocation Failure) 42212K->337K(83520K), 0.0002110 secs]
58.138: [GC (Allocation Failure) 40747K->337K(82112K), 0.0002130 secs]
58.185: [GC (Allocation Failure) 39331K->337K(80768K), 0.0002100 secs]
58.205: [GC (Allocation Failure) 38012K->337K(79488K), 0.0002170 secs]
58.251: [GC (Allocation Failure) 36738K->337K(78272K), 0.0002060 secs]
58.304: [GC (Allocation Failure) 35517K->337K(77120K), 0.0002180 secs]
58.319: [GC (Allocation Failure) 34345K->337K(75968K), 0.0002160 secs]
58.334: [GC (Allocation Failure) 33221K->337K(74880K), 0.0002070 secs]
58.352: [GC (Allocation Failure) 32098K->337K(73856K), 0.0002240 secs]
58.376: [GC (Allocation Failure) 31121K->337K(72896K), 0.0002250 secs]
58.390: [GC (Allocation Failure) 30144K->337K(78912K), 0.0002290 secs]
58.406: [GC (Allocation Failure) 36152K->337K(86080K), 0.0002060 secs]
58.428: [GC (Allocation Failure) 43336K->337K(94720K), 0.0003170 secs]
58.456: [GC (Allocation Failure) 51985K->337K(92800K), 0.0002080 secs]
58.483: [GC (Allocation Failure) 50031K->337K(90944K), 0.0002160 secs]
58.508: [GC (Allocation Failure) 48171K->337K(89216K), 0.0002260 secs]
58.555: [GC (Allocation Failure) 46462K->337K(87552K), 0.0002170 secs]
58.579: [GC (Allocation Failure) 44801K->337K(85952K), 0.0002160 secs]
58.617: [GC (Allocation Failure) 43189K->337K(84416K), 0.0002270 secs]
58.635: [GC (Allocation Failure) 41675K->337K(82944K), 0.0002190 secs]
58.653: [GC (Allocation Failure) 40161K->337K(81536K), 0.0002080 secs]
58.670: [GC (Allocation Failure) 38793K->337K(80192K), 0.0002070 secs]
58.686: [GC (Allocation Failure) 37426K->337K(78912K), 0.0002020 secs]
58.702: [GC (Allocation Failure) 36152K->337K(77696K), 0.0002150 secs]
58.721: [GC (Allocation Failure) 34931K->337K(76544K), 0.0002040 secs]
58.740: [GC (Allocation Failure) 33807K->337K(75456K), 0.0002140 secs]
58.755: [GC (Allocation Failure) 32684K->337K(81984K), 0.0002210 secs]
58.776: [GC (Allocation Failure) 39233K->337K(89792K), 0.0002190 secs]
58.851: [GC (Allocation Failure) 47048K->337K(88064K), 0.0002240 secs]
58.875: [GC (Allocation Failure) 45290K->337K(86464K), 0.0002180 secs]
58.909: [GC (Allocation Failure) 43727K->337K(84928K), 0.0002130 secs]
58.928: [GC (Allocation Failure) 42164K->337K(83456K), 0.0002090 secs]
59.058: [GC (Allocation Failure) 40698K->337K(82048K), 0.0002180 secs]
59.079: [GC (Allocation Failure) 39282K->337K(80704K), 0.0002160 secs]
59.096: [GC (Allocation Failure) 37963K->337K(79424K), 0.0002180 secs]
59.156: [GC (Allocation Failure) 36689K->337K(78208K), 0.0002260 secs]
59.176: [GC (Allocation Failure) 35468K->337K(77056K), 0.0002270 secs]
59.201: [GC (Allocation Failure) 34296K->337K(75904K), 0.0002180 secs]
59.355: [GC (Allocation Failure) 33123K->337K(74816K), 0.0002170 secs]
59.373: [GC (Allocation Failure) 32049K->337K(73792K), 0.0002210 secs]
59.400: [GC (Allocation Failure) 31023K->337K(72832K), 0.0002780 secs]
59.447: [GC (Allocation Failure) 30095K->337K(71872K), 0.0002270 secs]
59.464: [GC (Allocation Failure) 29118K->337K(70976K), 0.0002150 secs]
59.527: [GC (Allocation Failure) 28239K->337K(70144K), 0.0002190 secs]
59.539: [GC (Allocation Failure) 27409K->337K(69312K), 0.0002170 secs]
59.555: [GC (Allocation Failure) 26530K->337K(68544K), 0.0002160 secs]
59.602: [GC (Allocation Failure) 25797K->337K(67776K), 0.0002380 secs]
59.617: [GC (Allocation Failure) 25011K->337K(67072K), 0.0002070 secs]
59.640: [GC (Allocation Failure) 24328K->337K(66368K), 0.0002120 secs]
59.701: [GC (Allocation Failure) 23595K->337K(65728K), 0.0002170 secs]
59.715: [GC (Allocation Failure) 22960K->337K(65088K), 0.0002340 secs]
59.747: [GC (Allocation Failure) 22325K->337K(64512K), 0.0002180 secs]
59.756: [GC (Allocation Failure) 21739K->337K(68800K), 0.0002090 secs]
59.878: [GC (Allocation Failure) 26041K->337K(68032K), 0.0002240 secs]
59.890: [GC (Allocation Failure) 25260K->337K(73024K), 0.0002220 secs]
59.951: [GC (Allocation Failure) 30242K->337K(72064K), 0.0002190 secs]
59.964: [GC (Allocation Failure) 29314K->337K(71168K), 0.0002080 secs]
59.980: [GC (Allocation Failure) 28386K->337K(76800K), 0.0002170 secs]
60.006: [GC (Allocation Failure) 34051K->337K(75712K), 0.0002200 secs]
60.021: [GC (Allocation Failure) 32977K->337K(82240K), 0.0002080 secs]
60.052: [GC (Allocation Failure) 39477K->337K(80896K), 0.0002210 secs]
60.079: [GC (Allocation Failure) 38158K->337K(79616K), 0.0002150 secs]
60.099: [GC (Allocation Failure) 36836K->337K(78400K), 0.0002070 secs]
60.119: [GC (Allocation Failure) 35663K->337K(77248K), 0.0002730 secs]
60.138: [GC (Allocation Failure) 34491K->337K(76096K), 0.0002180 secs]
60.156: [GC (Allocation Failure) 33319K->337K(75008K), 0.0002240 secs]
60.206: [GC (Allocation Failure) 32244K->337K(73984K), 0.0002220 secs]
60.220: [GC (Allocation Failure) 31219K->337K(73024K), 0.0002200 secs]
60.237: [GC (Allocation Failure) 30242K->337K(79040K), 0.0002760 secs]
60.253: [GC (Allocation Failure) 36298K->337K(86272K), 0.0002190 secs]
60.276: [GC (Allocation Failure) 43531K->337K(94912K), 0.0002160 secs]
60.315: [GC (Allocation Failure) 52132K->337K(92992K), 0.0002190 secs]
60.338: [GC (Allocation Failure) 50227K->337K(91136K), 0.0002140 secs]
60.363: [GC (Allocation Failure) 48367K->337K(89344K), 0.0002040 secs]
60.508: [GC (Allocation Failure) 46608K->337K(87680K), 0.0002200 secs]
60.531: [GC (Allocation Failure) 44899K->337K(86080K), 0.0002050 secs]
60.611: [GC (Allocation Failure) 43336K->337K(84544K), 0.0002080 secs]
60.630: [GC (Allocation Failure) 41773K->337K(83072K), 0.0003260 secs]
60.658: [GC (Allocation Failure) 40307K->337K(81664K), 0.0002200 secs]
60.679: [GC (Allocation Failure) 38891K->337K(80320K), 0.0002160 secs]
60.709: [GC (Allocation Failure) 37572K->337K(79040K), 0.0002330 secs]
60.726: [GC (Allocation Failure) 36298K->337K(77824K), 0.0002970 secs]
60.742: [GC (Allocation Failure) 35077K->337K(76672K), 0.0002050 secs]
60.808: [GC (Allocation Failure) 33905K->337K(75584K), 0.0002270 secs]
60.826: [GC (Allocation Failure) 32830K->337K(74560K), 0.0002330 secs]
60.842: [GC (Allocation Failure) 31805K->337K(73536K), 0.0002180 secs]
60.855: [GC (Allocation Failure) 30779K->337K(79680K), 0.0002080 secs]
60.905: [GC (Allocation Failure) 36933K->337K(78464K), 0.0002200 secs]
60.924: [GC (Allocation Failure) 35712K->337K(77312K), 0.0002060 secs]
61.058: [GC (Allocation Failure) 34540K->337K(76160K), 0.0002060 secs]
61.077: [GC (Allocation Failure) 33417K->337K(75072K), 0.0002330 secs]
61.157: [GC (Allocation Failure) 32293K->337K(74048K), 0.0002150 secs]
61.175: [GC (Allocation Failure) 31267K->337K(73088K), 0.0002050 secs]
61.188: [GC (Allocation Failure) 30339K->337K(72128K), 0.0002240 secs]
61.205: [GC (Allocation Failure) 29362K->337K(71232K), 0.0002200 secs]
61.249: [GC (Allocation Failure) 28483K->337K(70400K), 0.0002110 secs]
61.265: [GC (Allocation Failure) 27653K->337K(69568K), 0.0002380 secs]
61.277: [GC (Allocation Failure) 26823K->337K(74880K), 0.0002090 secs]
61.350: [GC (Allocation Failure) 32098K->337K(73856K), 0.0002150 secs]
61.364: [GC (Allocation Failure) 31121K->337K(72896K), 0.0002180 secs]
61.404: [GC (Allocation Failure) 30144K->337K(71936K), 0.0002790 secs]
61.436: [GC (Allocation Failure) 29167K->337K(71040K), 0.0002320 secs]
61.453: [GC (Allocation Failure) 28288K->337K(70208K), 0.0002050 secs]
61.505: [GC (Allocation Failure) 27458K->337K(69376K), 0.0002140 secs]
61.517: [GC (Allocation Failure) 26627K->337K(68608K), 0.0002210 secs]
61.610: [GC (Allocation Failure) 25846K->337K(67840K), 0.0002230 secs]
61.621: [GC (Allocation Failure) 25062K->337K(72832K), 0.0002670 secs]
61.643: [GC (Allocation Failure) 30095K->337K(78784K), 0.0002150 secs]
61.659: [GC (Allocation Failure) 36005K->337K(85952K), 0.0002060 secs]
61.709: [GC (Allocation Failure) 43189K->337K(84416K), 0.0002190 secs]
61.731: [GC (Allocation Failure) 41675K->337K(82944K), 0.0002140 secs]
61.757: [GC (Allocation Failure) 40161K->337K(81536K), 0.0002300 secs]
61.774: [GC (Allocation Failure) 38793K->337K(80192K), 0.0002050 secs]
61.806: [GC (Allocation Failure) 37426K->337K(78912K), 0.0002190 secs]
61.822: [GC (Allocation Failure) 36152K->337K(77696K), 0.0002060 secs]
61.858: [GC (Allocation Failure) 34931K->337K(76544K), 0.0002200 secs]
61.878: [GC (Allocation Failure) 33807K->337K(75456K), 0.0002180 secs]
61.954: [GC (Allocation Failure) 32684K->337K(74432K), 0.0002090 secs]
62.008: [GC (Allocation Failure) 31658K->337K(73408K), 0.0002220 secs]
62.022: [GC (Allocation Failure) 30632K->337K(72448K), 0.0002330 secs]
62.036: [GC (Allocation Failure) 29704K->337K(71552K), 0.0002080 secs]
62.103: [GC (Allocation Failure) 28776K->337K(70656K), 0.0002100 secs]
62.150: [GC (Allocation Failure) 27897K->337K(69824K), 0.0002170 secs]
62.166: [GC (Allocation Failure) 27067K->337K(68992K), 0.0002330 secs]
62.256: [GC (Allocation Failure) 26236K->337K(68224K), 0.0002190 secs]
62.267: [GC (Allocation Failure) 25455K->337K(67520K), 0.0002320 secs]
62.282: [GC (Allocation Failure) 24767K->337K(66816K), 0.0002060 secs]
62.301: [GC (Allocation Failure) 24035K->337K(66112K), 0.0002210 secs]
62.311: [GC (Allocation Failure) 23351K->337K(70720K), 0.0002060 secs]
62.351: [GC (Allocation Failure) 27946K->337K(76288K), 0.0002270 secs]
62.370: [GC (Allocation Failure) 33514K->337K(82944K), 0.0002310 secs]
62.454: [GC (Allocation Failure) 40161K->337K(81536K), 0.0002160 secs]
62.475: [GC (Allocation Failure) 38793K->337K(80192K), 0.0002170 secs]
62.496: [GC (Allocation Failure) 37426K->337K(78912K), 0.0002140 secs]
62.553: [GC (Allocation Failure) 36152K->337K(77696K), 0.0002080 secs]
62.569: [GC (Allocation Failure) 34931K->337K(76544K), 0.0002790 secs]
62.606: [GC (Allocation Failure) 33807K->337K(75456K), 0.0002190 secs]
62.624: [GC (Allocation Failure) 32684K->337K(74432K), 0.0002050 secs]
62.658: [GC (Allocation Failure) 31658K->337K(73408K), 0.0002210 secs]
62.672: [GC (Allocation Failure) 30632K->337K(72448K), 0.0002080 secs]
62.704: [GC (Allocation Failure) 29704K->337K(71552K), 0.0002660 secs]
62.803: [GC (Allocation Failure) 28776K->337K(70656K), 0.0002170 secs]
62.819: [GC (Allocation Failure) 27897K->337K(69824K), 0.0002170 secs]
62.835: [GC (Allocation Failure) 27067K->337K(68992K), 0.0002290 secs]
62.847: [GC (Allocation Failure) 26236K->337K(74176K), 0.0002740 secs]
62.905: [GC (Allocation Failure) 31414K->337K(73152K), 0.0002080 secs]
62.958: [GC (Allocation Failure) 30388K->337K(72192K), 0.0002190 secs]
62.975: [GC (Allocation Failure) 29411K->337K(71296K), 0.0002060 secs]
62.991: [GC (Allocation Failure) 28532K->337K(70400K), 0.0002160 secs]
63.104: [GC (Allocation Failure) 27653K->337K(69568K), 0.0002750 secs]
63.157: [GC (Allocation Failure) 26823K->337K(68800K), 0.0002190 secs]
63.169: [GC (Allocation Failure) 26041K->337K(68032K), 0.0002350 secs]
63.184: [GC (Allocation Failure) 25260K->337K(73024K), 0.0002180 secs]
63.198: [GC (Allocation Failure) 30242K->337K(79040K), 0.0002450 secs]
63.218: [GC (Allocation Failure) 36298K->337K(86272K), 0.0002190 secs]
63.254: [GC (Allocation Failure) 43531K->337K(84736K), 0.0002530 secs]
63.277: [GC (Allocation Failure) 41968K->337K(83264K), 0.0002070 secs]
63.295: [GC (Allocation Failure) 40503K->337K(81856K), 0.0002180 secs]
63.312: [GC (Allocation Failure) 39086K->337K(80512K), 0.0002070 secs]
63.332: [GC (Allocation Failure) 37768K->337K(79232K), 0.0002130 secs]
63.348: [GC (Allocation Failure) 36494K->337K(78016K), 0.0002050 secs]
63.377: [GC (Allocation Failure) 35273K->337K(76864K), 0.0002180 secs]
63.392: [GC (Allocation Failure) 34100K->337K(75776K), 0.0002050 secs]
63.406: [GC (Allocation Failure) 33026K->337K(82368K), 0.0002180 secs]
63.426: [GC (Allocation Failure) 39624K->337K(90240K), 0.0002060 secs]
63.464: [GC (Allocation Failure) 47488K->337K(88512K), 0.0002320 secs]
63.488: [GC (Allocation Failure) 45729K->337K(86848K), 0.0002070 secs]
63.512: [GC (Allocation Failure) 44068K->337K(85312K), 0.0002170 secs]
63.530: [GC (Allocation Failure) 42554K->337K(83840K), 0.0002280 secs]
63.552: [GC (Allocation Failure) 41089K->337K(82432K), 0.0002150 secs]
63.612: [GC (Allocation Failure) 39673K->337K(81088K), 0.0003230 secs]
63.652: [GC (Allocation Failure) 38305K->337K(79808K), 0.0002190 secs]
63.668: [GC (Allocation Failure) 37031K->337K(78592K), 0.0002070 secs]
63.688: [GC (Allocation Failure) 35810K->337K(77376K), 0.0002740 secs]
63.704: [GC (Allocation Failure) 34638K->337K(76224K), 0.0002150 secs]
63.722: [GC (Allocation Failure) 33465K->337K(75136K), 0.0002090 secs]
63.737: [GC (Allocation Failure) 32391K->337K(81600K), 0.0002300 secs]
63.758: [GC (Allocation Failure) 38842K->337K(89344K), 0.0002270 secs]
63.817: [GC (Allocation Failure) 46608K->337K(87680K), 0.0002250 secs]
63.837: [GC (Allocation Failure) 44899K->337K(86080K), 0.0002080 secs]
63.860: [GC (Allocation Failure) 43336K->337K(84544K), 0.0002150 secs]
63.965: [GC (Allocation Failure) 41773K->337K(83072K), 0.0002200 secs]
63.983: [GC (Allocation Failure) 40307K->337K(81664K), 0.0002070 secs]
64.000: [GC (Allocation Failure) 38891K->337K(80320K), 0.0002070 secs]
64.021: [GC (Allocation Failure) 37572K->337K(79040K), 0.0002150 secs]
64.063: [GC (Allocation Failure) 36298K->337K(77824K), 0.0002130 secs]
64.082: [GC (Allocation Failure) 35077K->337K(76672K), 0.0002080 secs]
64.101: [GC (Allocation Failure) 33905K->337K(75584K), 0.0002050 secs]
64.120: [GC (Allocation Failure) 32830K->337K(74560K), 0.0002240 secs]
64.261: [GC (Allocation Failure) 31805K->337K(73536K), 0.0002130 secs]
64.279: [GC (Allocation Failure) 30779K->337K(72576K), 0.0002290 secs]
64.356: [GC (Allocation Failure) 29802K->337K(71680K), 0.0002180 secs]
64.369: [GC (Allocation Failure) 28923K->337K(70784K), 0.0002070 secs]
64.381: [GC (Allocation Failure) 28044K->337K(76352K), 0.0002170 secs]
64.396: [GC (Allocation Failure) 33612K->337K(83008K), 0.0002060 secs]
64.414: [GC (Allocation Failure) 40259K->337K(91008K), 0.0002070 secs]
64.435: [GC (Allocation Failure) 48269K->337K(89216K), 0.0002040 secs]
64.460: [GC (Allocation Failure) 46462K->337K(87552K), 0.0002160 secs]
64.556: [GC (Allocation Failure) 44801K->337K(85952K), 0.0002100 secs]
64.613: [GC (Allocation Failure) 43189K->337K(84416K), 0.0002300 secs]
64.635: [GC (Allocation Failure) 41675K->337K(82944K), 0.0002050 secs]
64.657: [GC (Allocation Failure) 40161K->337K(81536K), 0.0002160 secs]
64.678: [GC (Allocation Failure) 38793K->337K(80192K), 0.0002090 secs]
64.699: [GC (Allocation Failure) 37426K->337K(78912K), 0.0002130 secs]
64.718: [GC (Allocation Failure) 36152K->337K(77696K), 0.0002240 secs]
64.852: [GC (Allocation Failure) 34931K->337K(76544K), 0.0002120 secs]
64.867: [GC (Allocation Failure) 33807K->337K(75456K), 0.0002070 secs]
64.885: [GC (Allocation Failure) 32684K->337K(74432K), 0.0002260 secs]
64.908: [GC (Allocation Failure) 31658K->337K(73408K), 0.0002180 secs]
64.926: [GC (Allocation Failure) 30632K->337K(72448K), 0.0002050 secs]
64.961: [GC (Allocation Failure) 29704K->337K(71552K), 0.0002200 secs]
64.974: [GC (Allocation Failure) 28776K->337K(70656K), 0.0002220 secs]
64.991: [GC (Allocation Failure) 27897K->337K(76224K), 0.0002200 secs]
65.009: [GC (Allocation Failure) 33465K->337K(82880K), 0.0002320 secs]
65.031: [GC (Allocation Failure) 40112K->337K(81472K), 0.0002050 secs]
65.116: [GC (Allocation Failure) 38696K->337K(80128K), 0.0002140 secs]
65.132: [GC (Allocation Failure) 37375K->337K(78848K), 0.0002050 secs]
65.165: [GC (Allocation Failure) 36103K->337K(77632K), 0.0002140 secs]
65.184: [GC (Allocation Failure) 34882K->337K(76480K), 0.0002140 secs]
65.203: [GC (Allocation Failure) 33710K->337K(75392K), 0.0002740 secs]
65.222: [GC (Allocation Failure) 32635K->337K(74368K), 0.0002170 secs]
65.236: [GC (Allocation Failure) 31609K->337K(80640K), 0.0002330 secs]
65.257: [GC (Allocation Failure) 37865K->337K(88192K), 0.0002060 secs]
65.281: [GC (Allocation Failure) 45436K->337K(86592K), 0.0002150 secs]
65.301: [GC (Allocation Failure) 43824K->337K(85056K), 0.0002070 secs]
65.319: [GC (Allocation Failure) 42310K->337K(83584K), 0.0002060 secs]
65.337: [GC (Allocation Failure) 40845K->337K(82176K), 0.0002050 secs]
65.363: [GC (Allocation Failure) 39428K->337K(80832K), 0.0002260 secs]
65.384: [GC (Allocation Failure) 38061K->337K(79552K), 0.0002140 secs]
65.413: [GC (Allocation Failure) 36787K->337K(78336K), 0.0002230 secs]
65.434: [GC (Allocation Failure) 35566K->337K(77184K), 0.0002010 secs]
65.514: [GC (Allocation Failure) 34442K->337K(76032K), 0.0002450 secs]
65.529: [GC (Allocation Failure) 33270K->337K(74944K), 0.0002060 secs]
65.563: [GC (Allocation Failure) 32195K->337K(73920K), 0.0002160 secs]
65.581: [GC (Allocation Failure) 31170K->337K(72960K), 0.0002080 secs]
65.595: [GC (Allocation Failure) 30193K->337K(72000K), 0.0002160 secs]
65.652: [GC (Allocation Failure) 29265K->337K(71104K), 0.0002120 secs]
65.664: [GC (Allocation Failure) 28337K->337K(70272K), 0.0002070 secs]
65.680: [GC (Allocation Failure) 27506K->337K(75712K), 0.0002780 secs]
65.695: [GC (Allocation Failure) 32977K->337K(82240K), 0.0002060 secs]
65.755: [GC (Allocation Failure) 39477K->337K(80896K), 0.0002190 secs]
65.776: [GC (Allocation Failure) 38158K->337K(79616K), 0.0002050 secs]
65.816: [GC (Allocation Failure) 36836K->337K(78400K), 0.0002080 secs]
65.835: [GC (Allocation Failure) 35663K->337K(77248K), 0.0002060 secs]
65.855: [GC (Allocation Failure) 34491K->337K(76096K), 0.0002210 secs]
65.874: [GC (Allocation Failure) 33319K->337K(75008K), 0.0002300 secs]
66.010: [GC (Allocation Failure) 32244K->337K(73984K), 0.0002860 secs]
66.053: [GC (Allocation Failure) 31219K->337K(73024K), 0.0002780 secs]
66.107: [GC (Allocation Failure) 30242K->337K(72064K), 0.0002200 secs]
66.120: [GC (Allocation Failure) 29314K->337K(71168K), 0.0002200 secs]
66.136: [GC (Allocation Failure) 28386K->337K(70336K), 0.0002170 secs]
66.158: [GC (Allocation Failure) 27555K->337K(69504K), 0.0002290 secs]
66.174: [GC (Allocation Failure) 26725K->337K(74816K), 0.0002780 secs]
66.192: [GC (Allocation Failure) 32049K->337K(81216K), 0.0002160 secs]
66.210: [GC (Allocation Failure) 38451K->337K(88896K), 0.0002210 secs]
66.230: [GC (Allocation Failure) 46120K->337K(98112K), 0.0002070 secs]
66.325: [GC (Allocation Failure) 55355K->337K(96000K), 0.0002280 secs]
66.352: [GC (Allocation Failure) 53255K->337K(94016K), 0.0002270 secs]
66.419: [GC (Allocation Failure) 51252K->337K(92096K), 0.0002180 secs]
66.440: [GC (Allocation Failure) 49344K->337K(90304K), 0.0002770 secs]
66.468: [GC (Allocation Failure) 47536K->337K(88576K), 0.0002220 secs]
66.529: [GC (Allocation Failure) 45827K->337K(86912K), 0.0002170 secs]
66.553: [GC (Allocation Failure) 44166K->337K(85312K), 0.0002110 secs]
66.572: [GC (Allocation Failure) 42554K->337K(83840K), 0.0002070 secs]
66.615: [GC (Allocation Failure) 41089K->337K(82432K), 0.0002170 secs]
66.632: [GC (Allocation Failure) 39673K->337K(81088K), 0.0003490 secs]
66.649: [GC (Allocation Failure) 38305K->337K(79808K), 0.0002050 secs]
66.665: [GC (Allocation Failure) 37031K->337K(87168K), 0.0002060 secs]
66.720: [GC (Allocation Failure) 44410K->337K(85568K), 0.0002170 secs]
66.743: [GC (Allocation Failure) 42799K->337K(84032K), 0.0002190 secs]
66.762: [GC (Allocation Failure) 41284K->337K(82624K), 0.0002160 secs]
66.779: [GC (Allocation Failure) 39868K->337K(81280K), 0.0002060 secs]
66.796: [GC (Allocation Failure) 38500K->337K(80000K), 0.0002060 secs]
66.858: [GC (Allocation Failure) 37226K->337K(78720K), 0.0002140 secs]
66.878: [GC (Allocation Failure) 35956K->337K(77504K), 0.0002260 secs]
66.894: [GC (Allocation Failure) 34735K->337K(76352K), 0.0002220 secs]
66.908: [GC (Allocation Failure) 33612K->337K(75264K), 0.0002090 secs]
66.965: [GC (Allocation Failure) 32488K->337K(74240K), 0.0002280 secs]
66.984: [GC (Allocation Failure) 31463K->337K(73216K), 0.0002040 secs]
67.015: [GC (Allocation Failure) 30437K->337K(72256K), 0.0002040 secs]
67.032: [GC (Allocation Failure) 29509K->337K(71360K), 0.0002060 secs]
67.044: [GC (Allocation Failure) 28581K->337K(77056K), 0.0002220 secs]
67.067: [GC (Allocation Failure) 34296K->337K(83904K), 0.0002860 secs]
67.089: [GC (Allocation Failure) 41138K->337K(82496K), 0.0002110 secs]
67.107: [GC (Allocation Failure) 39721K->337K(81152K), 0.0002070 secs]
67.169: [GC (Allocation Failure) 38403K->337K(79872K), 0.0002880 secs]
67.189: [GC (Allocation Failure) 37129K->337K(78656K), 0.0002140 secs]
67.205: [GC (Allocation Failure) 35908K->337K(77440K), 0.0002190 secs]
67.221: [GC (Allocation Failure) 34686K->337K(76288K), 0.0002060 secs]
67.257: [GC (Allocation Failure) 33514K->337K(75200K), 0.0002250 secs]
67.272: [GC (Allocation Failure) 32440K->337K(74176K), 0.0002080 secs]
67.290: [GC (Allocation Failure) 31414K->337K(73152K), 0.0002280 secs]
67.311: [GC (Allocation Failure) 30388K->337K(72192K), 0.0002180 secs]
67.324: [GC (Allocation Failure) 29411K->337K(78016K), 0.0002090 secs]
67.340: [GC (Allocation Failure) 35273K->337K(85056K), 0.0002100 secs]
67.414: [GC (Allocation Failure) 42310K->337K(83584K), 0.0002170 secs]
67.434: [GC (Allocation Failure) 40845K->337K(82176K), 0.0002020 secs]
67.452: [GC (Allocation Failure) 39428K->337K(80832K), 0.0002180 secs]
67.472: [GC (Allocation Failure) 38061K->337K(79552K), 0.0002760 secs]
67.488: [GC (Allocation Failure) 36787K->337K(86848K), 0.0002200 secs]
67.508: [GC (Allocation Failure) 44068K->337K(95616K), 0.0002070 secs]
67.531: [GC (Allocation Failure) 52864K->337K(93632K), 0.0002040 secs]
67.557: [GC (Allocation Failure) 50862K->337K(91776K), 0.0002040 secs]
67.578: [GC (Allocation Failure) 49002K->337K(89984K), 0.0002380 secs]
67.603: [GC (Allocation Failure) 47243K->337K(88256K), 0.0002260 secs]
67.718: [GC (Allocation Failure) 45485K->337K(86592K), 0.0002070 secs]
67.768: [GC (Allocation Failure) 43824K->337K(85056K), 0.0002200 secs]
67.786: [GC (Allocation Failure) 42310K->337K(83584K), 0.0002070 secs]
67.804: [GC (Allocation Failure) 40845K->337K(82176K), 0.0002060 secs]
67.825: [GC (Allocation Failure) 39428K->337K(80832K), 0.0002190 secs]
67.847: [GC (Allocation Failure) 38061K->337K(79552K), 0.0002070 secs]
68.015: [GC (Allocation Failure) 36787K->337K(78336K), 0.0002170 secs]
68.031: [GC (Allocation Failure) 35566K->337K(77184K), 0.0002070 secs]
68.062: [GC (Allocation Failure) 34442K->337K(76032K), 0.0002180 secs]
68.077: [GC (Allocation Failure) 33270K->337K(74944K), 0.0002270 secs]
68.102: [GC (Allocation Failure) 32195K->337K(73920K), 0.0002140 secs]
68.167: [GC (Allocation Failure) 31170K->337K(72960K), 0.0002120 secs]
68.184: [GC (Allocation Failure) 30193K->337K(72000K), 0.0002140 secs]
68.197: [GC (Allocation Failure) 29265K->337K(71104K), 0.0002210 secs]
68.215: [GC (Allocation Failure) 28337K->337K(70272K), 0.0002160 secs]
68.227: [GC (Allocation Failure) 27506K->337K(75712K), 0.0002070 secs]
68.281: [GC (Allocation Failure) 32977K->337K(74624K), 0.0002320 secs]
68.299: [GC (Allocation Failure) 31854K->337K(73600K), 0.0002160 secs]
68.363: [GC (Allocation Failure) 30828K->337K(72640K), 0.0002050 secs]
68.416: [GC (Allocation Failure) 29900K->337K(71744K), 0.0002160 secs]
68.429: [GC (Allocation Failure) 28972K->337K(70848K), 0.0002310 secs]
68.446: [GC (Allocation Failure) 28093K->337K(70016K), 0.0002050 secs]
68.458: [GC (Allocation Failure) 27262K->337K(75456K), 0.0002100 secs]
68.473: [GC (Allocation Failure) 32684K->337K(81984K), 0.0002100 secs]
68.565: [GC (Allocation Failure) 39233K->337K(80640K), 0.0002170 secs]
68.581: [GC (Allocation Failure) 37865K->337K(79360K), 0.0002080 secs]
68.670: [GC (Allocation Failure) 36591K->337K(78144K), 0.0002200 secs]
68.690: [GC (Allocation Failure) 35370K->337K(76992K), 0.0002100 secs]
68.705: [GC (Allocation Failure) 34247K->337K(75904K), 0.0002220 secs]
68.769: [GC (Allocation Failure) 33123K->337K(74816K), 0.0002310 secs]
68.787: [GC (Allocation Failure) 32049K->337K(73792K), 0.0002060 secs]
68.801: [GC (Allocation Failure) 31023K->337K(72832K), 0.0002300 secs]
68.814: [GC (Allocation Failure) 30095K->337K(78784K), 0.0002300 secs]
68.909: [GC (Allocation Failure) 36005K->337K(77568K), 0.0002280 secs]
68.928: [GC (Allocation Failure) 34833K->337K(76416K), 0.0002050 secs]
68.943: [GC (Allocation Failure) 33661K->337K(75328K), 0.0002210 secs]
68.973: [GC (Allocation Failure) 32586K->337K(74304K), 0.0002350 secs]
68.987: [GC (Allocation Failure) 31560K->337K(73280K), 0.0002060 secs]
69.018: [GC (Allocation Failure) 30535K->337K(72320K), 0.0002230 secs]
69.031: [GC (Allocation Failure) 29558K->337K(71424K), 0.0002060 secs]
69.067: [GC (Allocation Failure) 28679K->337K(70528K), 0.0002250 secs]
69.083: [GC (Allocation Failure) 27751K->337K(69696K), 0.0002150 secs]
69.110: [GC (Allocation Failure) 26920K->337K(68928K), 0.0002130 secs]
69.126: [GC (Allocation Failure) 26188K->337K(68160K), 0.0002060 secs]
69.141: [GC (Allocation Failure) 25406K->337K(73216K), 0.0002180 secs]
69.218: [GC (Allocation Failure) 30437K->337K(72256K), 0.0002100 secs]
69.235: [GC (Allocation Failure) 29509K->337K(71360K), 0.0002090 secs]
69.249: [GC (Allocation Failure) 28581K->337K(70464K), 0.0002060 secs]
69.262: [GC (Allocation Failure) 27702K->337K(75968K), 0.0002290 secs]
69.277: [GC (Allocation Failure) 33221K->337K(82560K), 0.0002090 secs]
69.308: [GC (Allocation Failure) 39819K->337K(81216K), 0.0002150 secs]
69.325: [GC (Allocation Failure) 38451K->337K(88896K), 0.0002180 secs]
69.345: [GC (Allocation Failure) 46120K->337K(87232K), 0.0002020 secs]
69.370: [GC (Allocation Failure) 44459K->337K(85632K), 0.0002190 secs]
69.389: [GC (Allocation Failure) 42896K->337K(84096K), 0.0002190 secs]
69.407: [GC (Allocation Failure) 41333K->337K(82624K), 0.0002060 secs]
69.425: [GC (Allocation Failure) 39868K->337K(90560K), 0.0002790 secs]
69.460: [GC (Allocation Failure) 47781K->337K(88832K), 0.0002100 secs]
69.521: [GC (Allocation Failure) 46071K->337K(87168K), 0.0002070 secs]
69.574: [GC (Allocation Failure) 44410K->337K(85568K), 0.0002160 secs]
69.594: [GC (Allocation Failure) 42799K->337K(84032K), 0.0002070 secs]
69.612: [GC (Allocation Failure) 41284K->337K(82624K), 0.0002060 secs]
69.630: [GC (Allocation Failure) 39868K->337K(81280K), 0.0002060 secs]
69.666: [GC (Allocation Failure) 38500K->337K(80000K), 0.0002570 secs]
69.687: [GC (Allocation Failure) 37226K->337K(78720K), 0.0002170 secs]
69.760: [GC (Allocation Failure) 35956K->337K(77504K), 0.0002200 secs]
69.779: [GC (Allocation Failure) 34735K->337K(76352K), 0.0002070 secs]
69.866: [GC (Allocation Failure) 33612K->337K(75264K), 0.0002090 secs]
69.916: [GC (Allocation Failure) 32488K->337K(74240K), 0.0002280 secs]
69.933: [GC (Allocation Failure) 31463K->337K(73216K), 0.0002760 secs]
69.947: [GC (Allocation Failure) 30437K->337K(72256K), 0.0002150 secs]
69.969: [GC (Allocation Failure) 29509K->337K(71360K), 0.0002160 secs]
69.981: [GC (Allocation Failure) 28581K->337K(77056K), 0.0002070 secs]
70.017: [GC (Allocation Failure) 34296K->337K(75904K), 0.0002200 secs]
70.066: [GC (Allocation Failure) 33123K->337K(74816K), 0.0002170 secs]
70.084: [GC (Allocation Failure) 32049K->337K(73792K), 0.0002200 secs]
70.116: [GC (Allocation Failure) 31023K->337K(72832K), 0.0002070 secs]
70.166: [GC (Allocation Failure) 30095K->337K(71872K), 0.0002210 secs]
70.182: [GC (Allocation Failure) 29118K->337K(70976K), 0.0002220 secs]
70.199: [GC (Allocation Failure) 28239K->337K(70144K), 0.0002160 secs]
70.214: [GC (Allocation Failure) 27409K->337K(69312K), 0.0002330 secs]
70.230: [GC (Allocation Failure) 26530K->337K(74560K), 0.0002160 secs]
70.244: [GC (Allocation Failure) 31805K->337K(80896K), 0.0002070 secs]
70.269: [GC (Allocation Failure) 38158K->337K(79616K), 0.0002210 secs]
70.368: [GC (Allocation Failure) 36836K->337K(78400K), 0.0002200 secs]
70.384: [GC (Allocation Failure) 35663K->337K(77248K), 0.0002090 secs]
70.421: [GC (Allocation Failure) 34491K->337K(76096K), 0.0002860 secs]
70.440: [GC (Allocation Failure) 33319K->337K(75008K), 0.0002160 secs]
70.465: [GC (Allocation Failure) 32244K->337K(73984K), 0.0002830 secs]
70.483: [GC (Allocation Failure) 31219K->337K(73024K), 0.0002060 secs]
70.564: [GC (Allocation Failure) 30242K->337K(72064K), 0.0002080 secs]
70.581: [GC (Allocation Failure) 29314K->337K(71168K), 0.0002330 secs]
70.594: [GC (Allocation Failure) 28386K->337K(70336K), 0.0002160 secs]
70.665: [GC (Allocation Failure) 27555K->337K(69504K), 0.0002190 secs]
70.680: [GC (Allocation Failure) 26725K->337K(68736K), 0.0002170 secs]
70.696: [GC (Allocation Failure) 25992K->337K(67968K), 0.0002200 secs]
70.712: [GC (Allocation Failure) 25211K->337K(72960K), 0.0002220 secs]
70.730: [GC (Allocation Failure) 30193K->337K(78976K), 0.0002190 secs]
70.746: [GC (Allocation Failure) 36201K->337K(86208K), 0.0002080 secs]
70.775: [GC (Allocation Failure) 43433K->337K(84672K), 0.0002270 secs]
70.798: [GC (Allocation Failure) 41919K->337K(83200K), 0.0002300 secs]
70.820: [GC (Allocation Failure) 40454K->337K(81792K), 0.0002070 secs]
70.864: [GC (Allocation Failure) 39038K->337K(80448K), 0.0002200 secs]
70.885: [GC (Allocation Failure) 37670K->337K(79168K), 0.0002160 secs]
70.962: [GC (Allocation Failure) 36396K->337K(77952K), 0.0002100 secs]
71.022: [GC (Allocation Failure) 35175K->337K(76800K), 0.0002250 secs]
71.037: [GC (Allocation Failure) 34051K->337K(75712K), 0.0002080 secs]
71.053: [GC (Allocation Failure) 32977K->337K(74624K), 0.0002020 secs]
71.071: [GC (Allocation Failure) 31854K->337K(73600K), 0.0002180 secs]
71.085: [GC (Allocation Failure) 30828K->337K(79744K), 0.0002200 secs]
71.103: [GC (Allocation Failure) 36982K->337K(78528K), 0.0002060 secs]
71.123: [GC (Allocation Failure) 35761K->337K(77312K), 0.0002210 secs]
71.138: [GC (Allocation Failure) 34540K->337K(84160K), 0.0002210 secs]
71.161: [GC (Allocation Failure) 41382K->337K(82688K), 0.0002170 secs]
71.178: [GC (Allocation Failure) 39917K->337K(90624K), 0.0002230 secs]
71.199: [GC (Allocation Failure) 47878K->337K(88896K), 0.0002080 secs]
71.274: [GC (Allocation Failure) 46120K->337K(87232K), 0.0002320 secs]
71.293: [GC (Allocation Failure) 44459K->337K(85632K), 0.0002140 secs]
71.312: [GC (Allocation Failure) 42896K->337K(84096K), 0.0002080 secs]
71.330: [GC (Allocation Failure) 41333K->337K(82624K), 0.0002060 secs]
71.375: [GC (Allocation Failure) 39868K->337K(81280K), 0.0002270 secs]
71.396: [GC (Allocation Failure) 38500K->337K(80000K), 0.0002020 secs]
71.417: [GC (Allocation Failure) 37226K->337K(78720K), 0.0002170 secs]
71.438: [GC (Allocation Failure) 35956K->337K(77504K), 0.0002060 secs]
71.454: [GC (Allocation Failure) 34735K->337K(76352K), 0.0002230 secs]
71.521: [GC (Allocation Failure) 33612K->337K(75264K), 0.0002320 secs]
71.568: [GC (Allocation Failure) 32488K->337K(74240K), 0.0002300 secs]
71.586: [GC (Allocation Failure) 31463K->337K(73216K), 0.0002570 secs]
71.621: [GC (Allocation Failure) 30437K->337K(72256K), 0.0002150 secs]
71.639: [GC (Allocation Failure) 29509K->337K(78144K), 0.0003860 secs]
71.656: [GC (Allocation Failure) 35370K->337K(85184K), 0.0002190 secs]
71.679: [GC (Allocation Failure) 42408K->337K(93632K), 0.0002290 secs]
71.770: [GC (Allocation Failure) 50862K->337K(91776K), 0.0002220 secs]
71.795: [GC (Allocation Failure) 49002K->337K(89984K), 0.0002210 secs]
71.875: [GC (Allocation Failure) 47243K->337K(88256K), 0.0002210 secs]
71.899: [GC (Allocation Failure) 45485K->337K(86592K), 0.0002150 secs]
71.918: [GC (Allocation Failure) 43824K->337K(85056K), 0.0002060 secs]
71.936: [GC (Allocation Failure) 42310K->337K(83584K), 0.0002070 secs]
71.973: [GC (Allocation Failure) 40845K->337K(82176K), 0.0002210 secs]
72.065: [GC (Allocation Failure) 39428K->337K(80832K), 0.0002090 secs]
72.115: [GC (Allocation Failure) 38061K->337K(79552K), 0.0002180 secs]
72.131: [GC (Allocation Failure) 36787K->337K(78336K), 0.0002190 secs]
72.147: [GC (Allocation Failure) 35566K->337K(77184K), 0.0002070 secs]
72.174: [GC (Allocation Failure) 34442K->337K(76032K), 0.0002170 secs]
72.189: [GC (Allocation Failure) 33270K->337K(74944K), 0.0002080 secs]
72.205: [GC (Allocation Failure) 32195K->337K(73920K), 0.0002040 secs]
72.276: [GC (Allocation Failure) 31170K->337K(72960K), 0.0002080 secs]
72.293: [GC (Allocation Failure) 30193K->337K(72000K), 0.0002050 secs]
72.306: [GC (Allocation Failure) 29265K->337K(77824K), 0.0002300 secs]
72.354: [GC (Allocation Failure) 35077K->337K(76672K), 0.0002220 secs]
72.373: [GC (Allocation Failure) 33905K->337K(75584K), 0.0002040 secs]
72.424: [GC (Allocation Failure) 32830K->337K(74560K), 0.0002110 secs]
72.438: [GC (Allocation Failure) 31805K->337K(73536K), 0.0002570 secs]
72.452: [GC (Allocation Failure) 30779K->337K(72576K), 0.0002050 secs]
72.472: [GC (Allocation Failure) 29802K->337K(71680K), 0.0002150 secs]
72.489: [GC (Allocation Failure) 28923K->337K(70784K), 0.0002040 secs]
72.505: [GC (Allocation Failure) 28044K->337K(76352K), 0.0002130 secs]
72.524: [GC (Allocation Failure) 33612K->337K(75264K), 0.0002040 secs]
72.539: [GC (Allocation Failure) 32488K->337K(81728K), 0.0002070 secs]
72.616: [GC (Allocation Failure) 38989K->337K(80384K), 0.0002250 secs]
72.636: [GC (Allocation Failure) 37621K->337K(79104K), 0.0002150 secs]
72.656: [GC (Allocation Failure) 36347K->337K(77888K), 0.0002020 secs]
72.721: [GC (Allocation Failure) 35126K->337K(76736K), 0.0002070 secs]
72.770: [GC (Allocation Failure) 33954K->337K(75648K), 0.0002170 secs]
72.789: [GC (Allocation Failure) 32879K->337K(74560K), 0.0002060 secs]
72.820: [GC (Allocation Failure) 31805K->337K(73536K), 0.0002190 secs]
72.833: [GC (Allocation Failure) 30779K->337K(72576K), 0.0002070 secs]
72.866: [GC (Allocation Failure) 29802K->337K(71680K), 0.0002320 secs]
72.883: [GC (Allocation Failure) 28923K->337K(70784K), 0.0002190 secs]
72.900: [GC (Allocation Failure) 28044K->337K(69952K), 0.0002150 secs]
72.912: [GC (Allocation Failure) 27213K->337K(75328K), 0.0002230 secs]
72.930: [GC (Allocation Failure) 32586K->337K(81792K), 0.0002320 secs]
72.966: [GC (Allocation Failure) 39038K->337K(80448K), 0.0002750 secs]
73.023: [GC (Allocation Failure) 37670K->337K(79168K), 0.0002190 secs]
73.043: [GC (Allocation Failure) 36396K->337K(77952K), 0.0002250 secs]
73.072: [GC (Allocation Failure) 35175K->337K(76800K), 0.0002070 secs]
73.125: [GC (Allocation Failure) 34051K->337K(75712K), 0.0002140 secs]
73.139: [GC (Allocation Failure) 32977K->337K(74624K), 0.0002180 secs]
73.267: [GC (Allocation Failure) 31854K->337K(73600K), 0.0002200 secs]
73.281: [GC (Allocation Failure) 30828K->337K(72640K), 0.0002100 secs]
73.324: [GC (Allocation Failure) 29900K->337K(71744K), 0.0002180 secs]
73.337: [GC (Allocation Failure) 28972K->337K(70848K), 0.0002350 secs]
73.353: [GC (Allocation Failure) 28093K->337K(70016K), 0.0002130 secs]
73.369: [GC (Allocation Failure) 27262K->337K(75456K), 0.0002050 secs]
73.384: [GC (Allocation Failure) 32684K->337K(81984K), 0.0002220 secs]
73.413: [GC (Allocation Failure) 39233K->337K(80640K), 0.0002450 secs]
73.430: [GC (Allocation Failure) 37865K->337K(88192K), 0.0002850 secs]
73.471: [GC (Allocation Failure) 45436K->337K(86592K), 0.0002180 secs]
73.490: [GC (Allocation Failure) 43824K->337K(85056K), 0.0002090 secs]
73.575: [GC (Allocation Failure) 42310K->337K(83584K), 0.0002080 secs]
73.616: [GC (Allocation Failure) 40845K->337K(82176K), 0.0002250 secs]
73.634: [GC (Allocation Failure) 39428K->337K(80832K), 0.0002060 secs]
73.678: [GC (Allocation Failure) 38061K->337K(79552K), 0.0002250 secs]
73.694: [GC (Allocation Failure) 36787K->337K(78336K), 0.0002070 secs]
73.709: [GC (Allocation Failure) 35566K->337K(77184K), 0.0002050 secs]
73.826: [GC (Allocation Failure) 34442K->337K(76032K), 0.0002240 secs]
73.841: [GC (Allocation Failure) 33270K->337K(74944K), 0.0002350 secs]
73.857: [GC (Allocation Failure) 32195K->337K(73920K), 0.0002020 secs]
73.925: [GC (Allocation Failure) 31170K->337K(72960K), 0.0002160 secs]
73.942: [GC (Allocation Failure) 30193K->337K(72000K), 0.0002300 secs]
73.970: [GC (Allocation Failure) 29265K->337K(71104K), 0.0002260 secs]
74.063: [GC (Allocation Failure) 28337K->337K(70272K), 0.0002090 secs]
74.106: [GC (Allocation Failure) 27506K->337K(69440K), 0.0002190 secs]
74.122: [GC (Allocation Failure) 26676K->337K(68672K), 0.0002760 secs]
74.137: [GC (Allocation Failure) 25895K->337K(67904K), 0.0002250 secs]
74.148: [GC (Allocation Failure) 25162K->337K(72896K), 0.0002210 secs]
74.166: [GC (Allocation Failure) 30144K->337K(78912K), 0.0002150 secs]
74.186: [GC (Allocation Failure) 36152K->337K(86080K), 0.0002040 secs]
74.205: [GC (Allocation Failure) 43336K->337K(94720K), 0.0002190 secs]
74.228: [GC (Allocation Failure) 51985K->337K(92800K), 0.0002050 secs]
74.250: [GC (Allocation Failure) 50031K->337K(90944K), 0.0002080 secs]
74.271: [GC (Allocation Failure) 48171K->337K(89216K), 0.0002060 secs]
74.379: [GC (Allocation Failure) 46462K->337K(87552K), 0.0002220 secs]
74.432: [GC (Allocation Failure) 44801K->337K(85952K), 0.0002220 secs]
74.454: [GC (Allocation Failure) 43189K->337K(84416K), 0.0002010 secs]
74.472: [GC (Allocation Failure) 41675K->337K(82944K), 0.0002080 secs]
74.530: [GC (Allocation Failure) 40161K->337K(81536K), 0.0002280 secs]
74.551: [GC (Allocation Failure) 38793K->337K(80192K), 0.0002160 secs]
74.571: [GC (Allocation Failure) 37426K->337K(78912K), 0.0002160 secs]
74.591: [GC (Allocation Failure) 36152K->337K(77696K), 0.0002040 secs]
74.607: [GC (Allocation Failure) 34931K->337K(76544K), 0.0002310 secs]
74.622: [GC (Allocation Failure) 33807K->337K(75456K), 0.0002080 secs]
74.673: [GC (Allocation Failure) 32684K->337K(74432K), 0.0002190 secs]
74.691: [GC (Allocation Failure) 31658K->337K(73408K), 0.0002160 secs]
74.705: [GC (Allocation Failure) 30632K->337K(72448K), 0.0002220 secs]
74.718: [GC (Allocation Failure) 29704K->337K(78336K), 0.0002070 secs]
74.778: [GC (Allocation Failure) 35566K->337K(77184K), 0.0002250 secs]
74.793: [GC (Allocation Failure) 34442K->337K(84032K), 0.0002800 secs]
74.831: [GC (Allocation Failure) 41284K->337K(82624K), 0.0002260 secs]
74.852: [GC (Allocation Failure) 39868K->337K(81280K), 0.0002180 secs]
74.873: [GC (Allocation Failure) 38500K->337K(80000K), 0.0002250 secs]
74.979: [GC (Allocation Failure) 37226K->337K(78720K), 0.0002260 secs]
74.999: [GC (Allocation Failure) 35956K->337K(77504K), 0.0002180 secs]
75.015: [GC (Allocation Failure) 34735K->337K(76352K), 0.0002180 secs]
75.077: [GC (Allocation Failure) 33612K->337K(75264K), 0.0002170 secs]
75.091: [GC (Allocation Failure) 32488K->337K(74240K), 0.0002160 secs]
75.105: [GC (Allocation Failure) 31463K->337K(73216K), 0.0002060 secs]
75.122: [GC (Allocation Failure) 30437K->337K(79296K), 0.0002190 secs]
75.173: [GC (Allocation Failure) 36543K->337K(78080K), 0.0002190 secs]
75.271: [GC (Allocation Failure) 35321K->337K(76928K), 0.0002250 secs]
75.286: [GC (Allocation Failure) 34149K->337K(75840K), 0.0002240 secs]
75.304: [GC (Allocation Failure) 33075K->337K(74752K), 0.0002070 secs]
75.405: [GC (Allocation Failure) 32000K->337K(73728K), 0.0002340 secs]
75.419: [GC (Allocation Failure) 30974K->337K(72768K), 0.0002760 secs]
75.438: [GC (Allocation Failure) 29997K->337K(71808K), 0.0002170 secs]
75.451: [GC (Allocation Failure) 29069K->337K(77568K), 0.0002070 secs]
75.579: [GC (Allocation Failure) 34833K->337K(76416K), 0.0002170 secs]
75.594: [GC (Allocation Failure) 33661K->337K(75328K), 0.0002550 secs]
75.628: [GC (Allocation Failure) 32586K->337K(74304K), 0.0002260 secs]
75.647: [GC (Allocation Failure) 31560K->337K(73280K), 0.0002150 secs]
75.665: [GC (Allocation Failure) 30535K->337K(72320K), 0.0002290 secs]
75.723: [GC (Allocation Failure) 29558K->337K(71424K), 0.0002210 secs]
75.739: [GC (Allocation Failure) 28679K->337K(70528K), 0.0002060 secs]
75.875: [GC (Allocation Failure) 27751K->337K(69696K), 0.0002210 secs]
75.887: [GC (Allocation Failure) 26920K->337K(68928K), 0.0002770 secs]
75.900: [GC (Allocation Failure) 26188K->337K(74112K), 0.0002220 secs]
75.924: [GC (Allocation Failure) 31365K->337K(80320K), 0.0002190 secs]
75.944: [GC (Allocation Failure) 37572K->337K(79040K), 0.0002120 secs]
75.960: [GC (Allocation Failure) 36298K->337K(86272K), 0.0002200 secs]
76.122: [GC (Allocation Failure) 43531K->337K(84736K), 0.0002320 secs]
76.141: [GC (Allocation Failure) 41968K->337K(83264K), 0.0002220 secs]
76.233: [GC (Allocation Failure) 40503K->337K(81856K), 0.0002370 secs]
76.254: [GC (Allocation Failure) 39086K->337K(80512K), 0.0002050 secs]
76.271: [GC (Allocation Failure) 37768K->337K(79232K), 0.0002740 secs]
76.381: [GC (Allocation Failure) 36494K->337K(78016K), 0.0003390 secs]
76.402: [GC (Allocation Failure) 35273K->337K(76864K), 0.0002070 secs]
76.421: [GC (Allocation Failure) 34100K->337K(75776K), 0.0002180 secs]
76.440: [GC (Allocation Failure) 33026K->337K(74688K), 0.0002210 secs]
76.459: [GC (Allocation Failure) 31951K->337K(73664K), 0.0002110 secs]
76.473: [GC (Allocation Failure) 30925K->337K(72704K), 0.0002090 secs]
76.524: [GC (Allocation Failure) 29949K->337K(71808K), 0.0002270 secs]
76.537: [GC (Allocation Failure) 29069K->337K(70912K), 0.0002100 secs]
76.574: [GC (Allocation Failure) 28141K->337K(70080K), 0.0002090 secs]
76.610: [GC (Allocation Failure) 27311K->337K(69248K), 0.0002190 secs]
76.626: [GC (Allocation Failure) 26481K->337K(68480K), 0.0002320 secs]
76.642: [GC (Allocation Failure) 25699K->337K(73600K), 0.0004430 secs]
76.682: [GC (Allocation Failure) 30828K->337K(79744K), 0.0002160 secs]
76.699: [GC (Allocation Failure) 36982K->337K(87104K), 0.0002070 secs]
76.731: [GC (Allocation Failure) 44362K->337K(85504K), 0.0002150 secs]
76.784: [GC (Allocation Failure) 42750K->337K(83968K), 0.0002260 secs]
76.802: [GC (Allocation Failure) 41187K->337K(82560K), 0.0002070 secs]
76.833: [GC (Allocation Failure) 39819K->337K(81216K), 0.0002270 secs]
76.850: [GC (Allocation Failure) 38451K->337K(79936K), 0.0002070 secs]
76.871: [GC (Allocation Failure) 37177K->337K(78656K), 0.0002170 secs]
76.895: [GC (Allocation Failure) 35908K->337K(77440K), 0.0002100 secs]
76.973: [GC (Allocation Failure) 34686K->337K(76288K), 0.0002220 secs]
76.992: [GC (Allocation Failure) 33514K->337K(75200K), 0.0002080 secs]
77.076: [GC (Allocation Failure) 32440K->337K(74176K), 0.0002810 secs]
77.126: [GC (Allocation Failure) 31414K->337K(73152K), 0.0002090 secs]
77.179: [GC (Allocation Failure) 30388K->337K(72192K), 0.0002260 secs]
77.196: [GC (Allocation Failure) 29411K->337K(71296K), 0.0002150 secs]
77.275: [GC (Allocation Failure) 28532K->337K(70400K), 0.0002190 secs]
77.287: [GC (Allocation Failure) 27653K->337K(69568K), 0.0002060 secs]
77.324: [GC (Allocation Failure) 26823K->337K(68800K), 0.0002070 secs]
77.376: [GC (Allocation Failure) 26041K->337K(68032K), 0.0002170 secs]
77.387: [GC (Allocation Failure) 25260K->337K(67328K), 0.0002180 secs]
77.403: [GC (Allocation Failure) 24572K->337K(72192K), 0.0002720 secs]
77.426: [GC (Allocation Failure) 29411K->337K(71296K), 0.0002220 secs]
77.439: [GC (Allocation Failure) 28532K->337K(76992K), 0.0002120 secs]
77.458: [GC (Allocation Failure) 34247K->337K(83776K), 0.0002030 secs]
77.480: [GC (Allocation Failure) 41040K->337K(82368K), 0.0002190 secs]
77.502: [GC (Allocation Failure) 39624K->337K(81024K), 0.0002050 secs]
77.519: [GC (Allocation Failure) 38256K->337K(79744K), 0.0002170 secs]
77.539: [GC (Allocation Failure) 36982K->337K(78528K), 0.0002160 secs]
77.615: [GC (Allocation Failure) 35761K->337K(77312K), 0.0003230 secs]
77.678: [GC (Allocation Failure) 34540K->337K(76160K), 0.0002180 secs]
77.696: [GC (Allocation Failure) 33417K->337K(75072K), 0.0002140 secs]
77.710: [GC (Allocation Failure) 32293K->337K(74048K), 0.0002160 secs]
77.724: [GC (Allocation Failure) 31267K->337K(80256K), 0.0002080 secs]
77.771: [GC (Allocation Failure) 37475K->337K(78976K), 0.0002080 secs]
77.883: [GC (Allocation Failure) 36201K->337K(77760K), 0.0002300 secs]
77.903: [GC (Allocation Failure) 34980K->337K(76608K), 0.0002040 secs]
77.978: [GC (Allocation Failure) 33856K->337K(75520K), 0.0002770 secs]
78.028: [GC (Allocation Failure) 32782K->337K(74496K), 0.0002180 secs]
78.041: [GC (Allocation Failure) 31756K->337K(73472K), 0.0002190 secs]
78.060: [GC (Allocation Failure) 30730K->337K(72512K), 0.0002010 secs]
78.075: [GC (Allocation Failure) 29753K->337K(71616K), 0.0002360 secs]
78.092: [GC (Allocation Failure) 28874K->337K(77376K), 0.0002770 secs]
78.115: [GC (Allocation Failure) 34638K->337K(84288K), 0.0002160 secs]
78.133: [GC (Allocation Failure) 41529K->337K(82816K), 0.0002100 secs]
78.150: [GC (Allocation Failure) 40063K->337K(81408K), 0.0002060 secs]
78.172: [GC (Allocation Failure) 38647K->337K(80064K), 0.0002310 secs]
78.189: [GC (Allocation Failure) 37324K->337K(87488K), 0.0002080 secs]
78.208: [GC (Allocation Failure) 44752K->337K(85888K), 0.0002060 secs]
78.282: [GC (Allocation Failure) 43140K->337K(84352K), 0.0002160 secs]
78.300: [GC (Allocation Failure) 41577K->337K(82880K), 0.0002070 secs]
78.335: [GC (Allocation Failure) 40112K->337K(81472K), 0.0002160 secs]
78.357: [GC (Allocation Failure) 38696K->337K(80128K), 0.0002100 secs]
78.373: [GC (Allocation Failure) 37375K->337K(78848K), 0.0002780 secs]
78.484: [GC (Allocation Failure) 36103K->337K(77632K), 0.0002180 secs]
78.503: [GC (Allocation Failure) 34882K->337K(76480K), 0.0002140 secs]
78.522: [GC (Allocation Failure) 33710K->337K(75392K), 0.0002170 secs]
78.578: [GC (Allocation Failure) 32635K->337K(74368K), 0.0002190 secs]
78.596: [GC (Allocation Failure) 31609K->337K(73344K), 0.0002050 secs]
78.613: [GC (Allocation Failure) 30584K->337K(72384K), 0.0002130 secs]
78.631: [GC (Allocation Failure) 29607K->337K(71488K), 0.0002140 secs]
78.675: [GC (Allocation Failure) 28728K->337K(70592K), 0.0002110 secs]
78.692: [GC (Allocation Failure) 27848K->337K(69760K), 0.0002110 secs]
78.704: [GC (Allocation Failure) 27018K->337K(75136K), 0.0002730 secs]
78.733: [GC (Allocation Failure) 32391K->337K(81600K), 0.0002200 secs]
78.750: [GC (Allocation Failure) 38842K->337K(89344K), 0.0003220 secs]
78.835: [GC (Allocation Failure) 46608K->337K(87680K), 0.0002070 secs]
78.876: [GC (Allocation Failure) 44899K->337K(86080K), 0.0002390 secs]
78.900: [GC (Allocation Failure) 43336K->337K(84544K), 0.0002160 secs]
78.975: [GC (Allocation Failure) 41773K->337K(83072K), 0.0002830 secs]
79.033: [GC (Allocation Failure) 40307K->337K(81664K), 0.0002210 secs]
79.050: [GC (Allocation Failure) 38891K->337K(80320K), 0.0002080 secs]
79.082: [GC (Allocation Failure) 37572K->337K(79040K), 0.0002220 secs]
79.131: [GC (Allocation Failure) 36298K->337K(77824K), 0.0002170 secs]
79.180: [GC (Allocation Failure) 35077K->337K(76672K), 0.0002780 secs]
79.273: [GC (Allocation Failure) 33905K->337K(75584K), 0.0002190 secs]
79.287: [GC (Allocation Failure) 32830K->337K(74560K), 0.0002060 secs]
79.333: [GC (Allocation Failure) 31805K->337K(73536K), 0.0002280 secs]
79.351: [GC (Allocation Failure) 30779K->337K(72576K), 0.0002150 secs]
79.369: [GC (Allocation Failure) 29802K->337K(71680K), 0.0002050 secs]
79.385: [GC (Allocation Failure) 28923K->337K(70784K), 0.0002340 secs]
79.403: [GC (Allocation Failure) 28044K->337K(69952K), 0.0002170 secs]
79.415: [GC (Allocation Failure) 27213K->337K(75328K), 0.0002070 secs]
79.461: [GC (Allocation Failure) 32586K->337K(74304K), 0.0002090 secs]
79.483: [GC (Allocation Failure) 31560K->337K(73280K), 0.0002180 secs]
79.497: [GC (Allocation Failure) 30535K->337K(72320K), 0.0002090 secs]
79.533: [GC (Allocation Failure) 29558K->337K(71424K), 0.0002160 secs]
79.546: [GC (Allocation Failure) 28679K->337K(77120K), 0.0002350 secs]
79.565: [GC (Allocation Failure) 34345K->337K(83968K), 0.0002730 secs]
79.584: [GC (Allocation Failure) 41187K->337K(92160K), 0.0002080 secs]
79.637: [GC (Allocation Failure) 49392K->337K(90368K), 0.0002070 secs]
79.687: [GC (Allocation Failure) 47585K->337K(88640K), 0.0002170 secs]
79.710: [GC (Allocation Failure) 45876K->337K(86976K), 0.0002040 secs]
79.730: [GC (Allocation Failure) 44215K->337K(85376K), 0.0002190 secs]
79.748: [GC (Allocation Failure) 42603K->337K(83904K), 0.0002040 secs]
79.784: [GC (Allocation Failure) 41138K->337K(82496K), 0.0002190 secs]
79.805: [GC (Allocation Failure) 39721K->337K(81152K), 0.0002050 secs]
79.825: [GC (Allocation Failure) 38403K->337K(79872K), 0.0002110 secs]
79.842: [GC (Allocation Failure) 37129K->337K(78656K), 0.0002090 secs]
79.882: [GC (Allocation Failure) 35908K->337K(77440K), 0.0003360 secs]
79.935: [GC (Allocation Failure) 34686K->337K(76288K), 0.0002130 secs]
79.954: [GC (Allocation Failure) 33514K->337K(75200K), 0.0002150 secs]
79.973: [GC (Allocation Failure) 32440K->337K(74176K), 0.0002160 secs]
80.030: [GC (Allocation Failure) 31414K->337K(73152K), 0.0002740 secs]
80.076: [GC (Allocation Failure) 30388K->337K(72192K), 0.0002200 secs]
80.093: [GC (Allocation Failure) 29411K->337K(71296K), 0.0002040 secs]
80.110: [GC (Allocation Failure) 28532K->337K(70400K), 0.0002360 secs]
80.126: [GC (Allocation Failure) 27653K->337K(69568K), 0.0002190 secs]
80.139: [GC (Allocation Failure) 26823K->337K(74880K), 0.0002210 secs]
80.173: [GC (Allocation Failure) 32098K->337K(73856K), 0.0002310 secs]
80.190: [GC (Allocation Failure) 31121K->337K(72896K), 0.0002060 secs]
80.280: [GC (Allocation Failure) 30144K->337K(71936K), 0.0002760 secs]
80.329: [GC (Allocation Failure) 29167K->337K(71040K), 0.0002290 secs]
80.346: [GC (Allocation Failure) 28288K->337K(70208K), 0.0002170 secs]
80.378: [GC (Allocation Failure) 27458K->337K(69376K), 0.0002190 secs]
80.390: [GC (Allocation Failure) 26627K->337K(68608K), 0.0002300 secs]
80.406: [GC (Allocation Failure) 25846K->337K(73728K), 0.0002150 secs]
80.473: [GC (Allocation Failure) 30974K->337K(72768K), 0.0002220 secs]
80.487: [GC (Allocation Failure) 29997K->337K(71808K), 0.0002070 secs]
80.503: [GC (Allocation Failure) 29069K->337K(77568K), 0.0002230 secs]
80.586: [GC (Allocation Failure) 34833K->337K(76416K), 0.0002090 secs]
80.601: [GC (Allocation Failure) 33661K->337K(75328K), 0.0002070 secs]
80.635: [GC (Allocation Failure) 32586K->337K(74304K), 0.0002220 secs]
80.653: [GC (Allocation Failure) 31560K->337K(73280K), 0.0002080 secs]
80.667: [GC (Allocation Failure) 30535K->337K(72320K), 0.0002180 secs]
80.784: [GC (Allocation Failure) 29558K->337K(71424K), 0.0002260 secs]
80.797: [GC (Allocation Failure) 28679K->337K(70528K), 0.0002210 secs]
80.809: [GC (Allocation Failure) 27751K->337K(76032K), 0.0002080 secs]
80.828: [GC (Allocation Failure) 33270K->337K(82624K), 0.0002180 secs]
80.849: [GC (Allocation Failure) 39868K->337K(90560K), 0.0002260 secs]
80.892: [GC (Allocation Failure) 47781K->337K(88832K), 0.0002160 secs]
80.913: [GC (Allocation Failure) 46071K->337K(87168K), 0.0002090 secs]
80.936: [GC (Allocation Failure) 44410K->337K(85568K), 0.0002160 secs]
81.113: [GC (Allocation Failure) 42799K->337K(84032K), 0.0002200 secs]
81.135: [GC (Allocation Failure) 41284K->337K(82624K), 0.0002180 secs]
81.185: [GC (Allocation Failure) 39868K->337K(81280K), 0.0002090 secs]
81.235: [GC (Allocation Failure) 38500K->337K(80000K), 0.0002070 secs]
81.280: [GC (Allocation Failure) 37226K->337K(78720K), 0.0002210 secs]
81.300: [GC (Allocation Failure) 35956K->337K(77504K), 0.0002170 secs]
81.316: [GC (Allocation Failure) 34735K->337K(76352K), 0.0002230 secs]
81.330: [GC (Allocation Failure) 33612K->337K(75264K), 0.0002050 secs]
81.378: [GC (Allocation Failure) 32488K->337K(74240K), 0.0002610 secs]
81.397: [GC (Allocation Failure) 31463K->337K(73216K), 0.0002040 secs]
81.410: [GC (Allocation Failure) 30437K->337K(72256K), 0.0002370 secs]
81.423: [GC (Allocation Failure) 29509K->337K(78144K), 0.0002900 secs]
81.442: [GC (Allocation Failure) 35370K->337K(85184K), 0.0002030 secs]
81.460: [GC (Allocation Failure) 42408K->337K(93632K), 0.0002090 secs]
81.487: [GC (Allocation Failure) 50862K->337K(91776K), 0.0002050 secs]
81.508: [GC (Allocation Failure) 49002K->337K(89984K), 0.0002190 secs]
81.533: [GC (Allocation Failure) 47243K->337K(88256K), 0.0002160 secs]
81.614: [GC (Allocation Failure) 45485K->337K(86592K), 0.0002770 secs]
81.684: [GC (Allocation Failure) 43824K->337K(85056K), 0.0003440 secs]
81.706: [GC (Allocation Failure) 42310K->337K(83584K), 0.0002160 secs]
81.728: [GC (Allocation Failure) 40845K->337K(82176K), 0.0002080 secs]
81.745: [GC (Allocation Failure) 39428K->337K(80832K), 0.0002100 secs]
81.789: [GC (Allocation Failure) 38061K->337K(79552K), 0.0002220 secs]
81.805: [GC (Allocation Failure) 36787K->337K(78336K), 0.0002180 secs]
81.821: [GC (Allocation Failure) 35566K->337K(77184K), 0.0002080 secs]
81.938: [GC (Allocation Failure) 34442K->337K(76032K), 0.0002260 secs]
81.953: [GC (Allocation Failure) 33270K->337K(74944K), 0.0002210 secs]
81.969: [GC (Allocation Failure) 32195K->337K(73920K), 0.0002020 secs]
82.037: [GC (Allocation Failure) 31170K->337K(72960K), 0.0002140 secs]
82.054: [GC (Allocation Failure) 30193K->337K(72000K), 0.0002340 secs]
82.067: [GC (Allocation Failure) 29265K->337K(71104K), 0.0002160 secs]
82.080: [GC (Allocation Failure) 28337K->337K(76736K), 0.0002070 secs]
82.174: [GC (Allocation Failure) 33954K->337K(75648K), 0.0002460 secs]
82.192: [GC (Allocation Failure) 32879K->337K(74560K), 0.0002260 secs]
82.237: [GC (Allocation Failure) 31805K->337K(73536K), 0.0002280 secs]
82.255: [GC (Allocation Failure) 30779K->337K(72576K), 0.0002150 secs]
82.332: [GC (Allocation Failure) 29802K->337K(71680K), 0.0002090 secs]
82.345: [GC (Allocation Failure) 28923K->337K(70784K), 0.0002070 secs]
82.357: [GC (Allocation Failure) 28044K->337K(76352K), 0.0002790 secs]
82.388: [GC (Allocation Failure) 33612K->337K(83008K), 0.0002160 secs]
82.410: [GC (Allocation Failure) 40259K->337K(81600K), 0.0002040 secs]
82.481: [GC (Allocation Failure) 38842K->337K(80256K), 0.0002130 secs]
82.497: [GC (Allocation Failure) 37475K->337K(78976K), 0.0002210 secs]
82.517: [GC (Allocation Failure) 36201K->337K(77760K), 0.0002050 secs]
82.537: [GC (Allocation Failure) 34980K->337K(76608K), 0.0002260 secs]
82.585: [GC (Allocation Failure) 33856K->337K(75520K), 0.0002790 secs]
82.612: [GC (Allocation Failure) 32782K->337K(74496K), 0.0002160 secs]
82.631: [GC (Allocation Failure) 31756K->337K(73472K), 0.0002140 secs]
82.676: [GC (Allocation Failure) 30730K->337K(72512K), 0.0002210 secs]
82.833: [GC (Allocation Failure) 29753K->337K(71616K), 0.0002200 secs]
82.850: [GC (Allocation Failure) 28874K->337K(70720K), 0.0002040 secs]
82.866: [GC (Allocation Failure) 27946K->337K(69888K), 0.0002090 secs]
82.879: [GC (Allocation Failure) 27116K->337K(75264K), 0.0002770 secs]
82.939: [GC (Allocation Failure) 32488K->337K(74240K), 0.0002310 secs]
82.956: [GC (Allocation Failure) 31463K->337K(73216K), 0.0002060 secs]
82.970: [GC (Allocation Failure) 30437K->337K(79296K), 0.0002230 secs]
83.075: [GC (Allocation Failure) 36543K->337K(78080K), 0.0002220 secs]
83.110: [GC (Allocation Failure) 35321K->337K(76928K), 0.0002080 secs]
83.190: [GC (Allocation Failure) 34149K->337K(75840K), 0.0002280 secs]
83.204: [GC (Allocation Failure) 33075K->337K(74752K), 0.0002070 secs]
83.221: [GC (Allocation Failure) 32000K->337K(73728K), 0.0002140 secs]
83.238: [GC (Allocation Failure) 30974K->337K(72768K), 0.0002240 secs]
83.378: [GC (Allocation Failure) 29997K->337K(71808K), 0.0002270 secs]
83.391: [GC (Allocation Failure) 29069K->337K(70912K), 0.0002200 secs]
83.439: [GC (Allocation Failure) 28141K->337K(70080K), 0.0002270 secs]
83.451: [GC (Allocation Failure) 27311K->337K(69248K), 0.0002050 secs]
83.462: [GC (Allocation Failure) 26481K->337K(74496K), 0.0002080 secs]
83.485: [GC (Allocation Failure) 31756K->337K(80832K), 0.0002080 secs]
83.538: [GC (Allocation Failure) 38061K->337K(79552K), 0.0002180 secs]
83.558: [GC (Allocation Failure) 36787K->337K(78336K), 0.0002050 secs]
83.682: [GC (Allocation Failure) 35566K->337K(77184K), 0.0002140 secs]
83.697: [GC (Allocation Failure) 34442K->337K(76032K), 0.0002060 secs]
83.786: [GC (Allocation Failure) 33270K->337K(74944K), 0.0002200 secs]
83.836: [GC (Allocation Failure) 32195K->337K(73920K), 0.0002200 secs]
83.853: [GC (Allocation Failure) 31170K->337K(72960K), 0.0002180 secs]
83.870: [GC (Allocation Failure) 30193K->337K(72000K), 0.0002160 secs]
83.883: [GC (Allocation Failure) 29265K->337K(71104K), 0.0002230 secs]
83.988: [GC (Allocation Failure) 28337K->337K(70272K), 0.0002300 secs]
84.001: [GC (Allocation Failure) 27506K->337K(75712K), 0.0002680 secs]
84.020: [GC (Allocation Failure) 32977K->337K(82240K), 0.0002190 secs]
84.042: [GC (Allocation Failure) 39477K->337K(80896K), 0.0002210 secs]
84.059: [GC (Allocation Failure) 38158K->337K(79616K), 0.0002070 secs]
84.076: [GC (Allocation Failure) 36836K->337K(86976K), 0.0002100 secs]
84.099: [GC (Allocation Failure) 44215K->337K(85376K), 0.0002070 secs]
84.122: [GC (Allocation Failure) 42603K->337K(83904K), 0.0002110 secs]
84.144: [GC (Allocation Failure) 41138K->337K(82496K), 0.0002080 secs]
84.162: [GC (Allocation Failure) 39721K->337K(81152K), 0.0002470 secs]
84.280: [GC (Allocation Failure) 38403K->337K(79872K), 0.0002320 secs]
84.301: [GC (Allocation Failure) 37129K->337K(78656K), 0.0002330 secs]
84.392: [GC (Allocation Failure) 35908K->337K(77440K), 0.0002230 secs]
84.411: [GC (Allocation Failure) 34686K->337K(76288K), 0.0002090 secs]
84.430: [GC (Allocation Failure) 33514K->337K(75200K), 0.0002150 secs]
84.448: [GC (Allocation Failure) 32440K->337K(74176K), 0.0002270 secs]
84.477: [GC (Allocation Failure) 31414K->337K(73152K), 0.0002170 secs]
84.540: [GC (Allocation Failure) 30388K->337K(72192K), 0.0002250 secs]
84.557: [GC (Allocation Failure) 29411K->337K(71296K), 0.0002270 secs]
84.589: [GC (Allocation Failure) 28532K->337K(70400K), 0.0002100 secs]
84.606: [GC (Allocation Failure) 27653K->337K(69568K), 0.0002250 secs]
84.618: [GC (Allocation Failure) 26823K->337K(74880K), 0.0002900 secs]
84.637: [GC (Allocation Failure) 32098K->337K(81280K), 0.0002360 secs]
84.654: [GC (Allocation Failure) 38500K->337K(88960K), 0.0002080 secs]
84.693: [GC (Allocation Failure) 46218K->337K(87296K), 0.0002070 secs]
84.842: [GC (Allocation Failure) 44557K->337K(85696K), 0.0002190 secs]
84.865: [GC (Allocation Failure) 42945K->337K(94272K), 0.0007740 secs]
84.890: [GC (Allocation Failure) 51497K->337K(104512K), 0.0002090 secs]
84.950: [GC (Allocation Failure) 61754K->337K(102080K), 0.0002230 secs]
84.976: [GC (Allocation Failure) 59312K->337K(99776K), 0.0002200 secs]
85.128: [GC (Allocation Failure) 57016K->337K(97600K), 0.0002150 secs]
85.156: [GC (Allocation Failure) 54818K->337K(95552K), 0.0002100 secs]
85.180: [GC (Allocation Failure) 52815K->337K(93568K), 0.0002080 secs]
85.202: [GC (Allocation Failure) 50813K->337K(91712K), 0.0002070 secs]
85.223: [GC (Allocation Failure) 48953K->337K(89920K), 0.0002060 secs]
85.248: [GC (Allocation Failure) 47146K->337K(88192K), 0.0002050 secs]
85.273: [GC (Allocation Failure) 45436K->337K(86592K), 0.0002230 secs]
85.309: [GC (Allocation Failure) 43824K->337K(85056K), 0.0002100 secs]
85.389: [GC (Allocation Failure) 42310K->337K(83584K), 0.0002190 secs]
85.410: [GC (Allocation Failure) 40845K->337K(82176K), 0.0002990 secs]
85.443: [GC (Allocation Failure) 39428K->337K(80832K), 0.0002100 secs]
85.476: [GC (Allocation Failure) 38061K->337K(79552K), 0.0002200 secs]
85.544: [GC (Allocation Failure) 36787K->337K(78336K), 0.0002230 secs]
85.563: [GC (Allocation Failure) 35566K->337K(77184K), 0.0002810 secs]
85.579: [GC (Allocation Failure) 34442K->337K(76032K), 0.0002190 secs]
85.597: [GC (Allocation Failure) 33270K->337K(74944K), 0.0002200 secs]
85.738: [GC (Allocation Failure) 32195K->337K(73920K), 0.0002110 secs]
85.792: [GC (Allocation Failure) 31170K->337K(72960K), 0.0002260 secs]
85.810: [GC (Allocation Failure) 30193K->337K(72000K), 0.0002190 secs]
85.837: [GC (Allocation Failure) 29265K->337K(71104K), 0.0002180 secs]
85.871: [GC (Allocation Failure) 28337K->337K(70272K), 0.0002270 secs]
85.887: [GC (Allocation Failure) 27506K->337K(69440K), 0.0002180 secs]
85.903: [GC (Allocation Failure) 26676K->337K(68672K), 0.0002200 secs]
85.919: [GC (Allocation Failure) 25895K->337K(67904K), 0.0002020 secs]
85.930: [GC (Allocation Failure) 25162K->337K(72896K), 0.0002200 secs]
85.988: [GC (Allocation Failure) 30144K->337K(71936K), 0.0002320 secs]
86.005: [GC (Allocation Failure) 29167K->337K(71040K), 0.0002040 secs]
86.018: [GC (Allocation Failure) 28288K->337K(76672K), 0.0002340 secs]
86.033: [GC (Allocation Failure) 33905K->337K(83392K), 0.0002070 secs]
86.078: [GC (Allocation Failure) 40649K->337K(81984K), 0.0002380 secs]
86.099: [GC (Allocation Failure) 39233K->337K(89792K), 0.0002760 secs]
86.120: [GC (Allocation Failure) 47048K->337K(88064K), 0.0002210 secs]
86.144: [GC (Allocation Failure) 45290K->337K(86464K), 0.0002050 secs]
86.163: [GC (Allocation Failure) 43727K->337K(84928K), 0.0002100 secs]
86.285: [GC (Allocation Failure) 42164K->337K(83456K), 0.0002340 secs]
86.304: [GC (Allocation Failure) 40698K->337K(82048K), 0.0002230 secs]
86.322: [GC (Allocation Failure) 39282K->337K(80704K), 0.0002080 secs]
86.396: [GC (Allocation Failure) 37963K->337K(79424K), 0.0002220 secs]
86.412: [GC (Allocation Failure) 36689K->337K(78208K), 0.0002080 secs]
86.441: [GC (Allocation Failure) 35468K->337K(77056K), 0.0002070 secs]
86.478: [GC (Allocation Failure) 34296K->337K(75904K), 0.0002390 secs]
86.497: [GC (Allocation Failure) 33123K->337K(74816K), 0.0002210 secs]
86.514: [GC (Allocation Failure) 32049K->337K(73792K), 0.0002320 secs]
86.582: [GC (Allocation Failure) 31023K->337K(72832K), 0.0002110 secs]
86.638: [GC (Allocation Failure) 30095K->337K(71872K), 0.0002170 secs]
86.692: [GC (Allocation Failure) 29118K->337K(70976K), 0.0002270 secs]
86.709: [GC (Allocation Failure) 28239K->337K(70144K), 0.0002170 secs]
86.738: [GC (Allocation Failure) 27409K->337K(69312K), 0.0002200 secs]
86.891: [GC (Allocation Failure) 26530K->337K(68544K), 0.0002260 secs]
86.907: [GC (Allocation Failure) 25797K->337K(67776K), 0.0002280 secs]
86.941: [GC (Allocation Failure) 25011K->337K(67072K), 0.0002100 secs]
86.956: [GC (Allocation Failure) 24328K->337K(66368K), 0.0002260 secs]
86.966: [GC (Allocation Failure) 23595K->337K(71040K), 0.0002190 secs]
86.983: [GC (Allocation Failure) 28288K->337K(76672K), 0.0002180 secs]
87.041: [GC (Allocation Failure) 33905K->337K(75584K), 0.0002090 secs]
87.109: [GC (Allocation Failure) 32830K->337K(74560K), 0.0002080 secs]
87.194: [GC (Allocation Failure) 31805K->337K(73536K), 0.0002200 secs]
87.212: [GC (Allocation Failure) 30779K->337K(72576K), 0.0002160 secs]
87.226: [GC (Allocation Failure) 29802K->337K(71680K), 0.0002030 secs]
87.283: [GC (Allocation Failure) 28923K->337K(70784K), 0.0002190 secs]
87.311: [GC (Allocation Failure) 28044K->337K(69952K), 0.0002310 secs]
87.326: [GC (Allocation Failure) 27213K->337K(69120K), 0.0002030 secs]
87.346: [GC (Allocation Failure) 26383K->337K(68352K), 0.0002810 secs]
87.373: [GC (Allocation Failure) 25602K->337K(67584K), 0.0002080 secs]
87.391: [GC (Allocation Failure) 24816K->337K(66880K), 0.0002190 secs]
87.406: [GC (Allocation Failure) 24132K->337K(71680K), 0.0002510 secs]
87.441: [GC (Allocation Failure) 28923K->337K(70784K), 0.0002180 secs]
87.458: [GC (Allocation Failure) 28044K->337K(69952K), 0.0002290 secs]
87.471: [GC (Allocation Failure) 27213K->337K(75328K), 0.0002780 secs]
87.490: [GC (Allocation Failure) 32586K->337K(81792K), 0.0002760 secs]
87.507: [GC (Allocation Failure) 39038K->337K(89536K), 0.0002070 secs]
87.547: [GC (Allocation Failure) 46755K->337K(87872K), 0.0002180 secs]
87.571: [GC (Allocation Failure) 45094K->337K(86272K), 0.0002070 secs]
87.618: [GC (Allocation Failure) 43531K->337K(84736K), 0.0003270 secs]
87.677: [GC (Allocation Failure) 41968K->337K(83264K), 0.0002050 secs]
87.749: [GC (Allocation Failure) 40503K->337K(81856K), 0.0002170 secs]
87.770: [GC (Allocation Failure) 39086K->337K(80512K), 0.0002150 secs]
87.843: [GC (Allocation Failure) 37768K->337K(79232K), 0.0002080 secs]
87.897: [GC (Allocation Failure) 36494K->337K(78016K), 0.0002180 secs]
87.916: [GC (Allocation Failure) 35273K->337K(76864K), 0.0002150 secs]
87.936: [GC (Allocation Failure) 34100K->337K(75776K), 0.0002160 secs]
87.954: [GC (Allocation Failure) 33026K->337K(74688K), 0.0002330 secs]
88.045: [GC (Allocation Failure) 31951K->337K(73664K), 0.0002140 secs]
88.059: [GC (Allocation Failure) 30925K->337K(72704K), 0.0002200 secs]
88.091: [GC (Allocation Failure) 29949K->337K(71808K), 0.0002180 secs]
88.107: [GC (Allocation Failure) 29069K->337K(70912K), 0.0002200 secs]
88.129: [GC (Allocation Failure) 28141K->337K(70080K), 0.0002130 secs]
88.141: [GC (Allocation Failure) 27311K->337K(75520K), 0.0002090 secs]
88.192: [GC (Allocation Failure) 32782K->337K(74496K), 0.0002070 secs]
88.276: [GC (Allocation Failure) 31756K->337K(73472K), 0.0002230 secs]
88.290: [GC (Allocation Failure) 30730K->337K(72512K), 0.0002490 secs]
88.307: [GC (Allocation Failure) 29753K->337K(71616K), 0.0002140 secs]
88.375: [GC (Allocation Failure) 28874K->337K(70720K), 0.0002180 secs]
88.391: [GC (Allocation Failure) 27946K->337K(69888K), 0.0002720 secs]
88.404: [GC (Allocation Failure) 27116K->337K(75264K), 0.0002200 secs]
88.446: [GC (Allocation Failure) 32488K->337K(74240K), 0.0002310 secs]
88.464: [GC (Allocation Failure) 31463K->337K(73216K), 0.0002030 secs]
88.491: [GC (Allocation Failure) 30437K->337K(72256K), 0.0002070 secs]
88.508: [GC (Allocation Failure) 29509K->337K(71360K), 0.0002060 secs]
88.521: [GC (Allocation Failure) 28581K->337K(77056K), 0.0002190 secs]
88.536: [GC (Allocation Failure) 34296K->337K(83904K), 0.0002090 secs]
88.593: [GC (Allocation Failure) 41138K->337K(82496K), 0.0002160 secs]
88.610: [GC (Allocation Failure) 39721K->337K(81152K), 0.0002210 secs]
88.627: [GC (Allocation Failure) 38403K->337K(79872K), 0.0002050 secs]
88.643: [GC (Allocation Failure) 37129K->337K(87232K), 0.0002080 secs]
88.663: [GC (Allocation Failure) 44459K->337K(85632K), 0.0002050 secs]
88.681: [GC (Allocation Failure) 42896K->337K(84096K), 0.0002070 secs]
88.746: [GC (Allocation Failure) 41333K->337K(82624K), 0.0002500 secs]
88.764: [GC (Allocation Failure) 39868K->337K(81280K), 0.0002090 secs]
88.781: [GC (Allocation Failure) 38500K->337K(80000K), 0.0002160 secs]
88.797: [GC (Allocation Failure) 37226K->337K(78720K), 0.0002090 secs]
88.812: [GC (Allocation Failure) 35956K->337K(85888K), 0.0002080 secs]
88.835: [GC (Allocation Failure) 43140K->337K(84352K), 0.0002040 secs]
88.854: [GC (Allocation Failure) 41577K->337K(82880K), 0.0002200 secs]
88.893: [GC (Allocation Failure) 40112K->337K(81472K), 0.0002340 secs]
88.915: [GC (Allocation Failure) 38696K->337K(80128K), 0.0002070 secs]
88.931: [GC (Allocation Failure) 37375K->337K(78848K), 0.0002070 secs]
88.998: [GC (Allocation Failure) 36103K->337K(77632K), 0.0002160 secs]
89.018: [GC (Allocation Failure) 34882K->337K(76480K), 0.0002120 secs]
89.037: [GC (Allocation Failure) 33710K->337K(75392K), 0.0002160 secs]
89.055: [GC (Allocation Failure) 32635K->337K(74368K), 0.0002040 secs]
89.108: [GC (Allocation Failure) 31609K->337K(73344K), 0.0002080 secs]
89.143: [GC (Allocation Failure) 30584K->337K(72384K), 0.0002310 secs]
89.156: [GC (Allocation Failure) 29607K->337K(71488K), 0.0002060 secs]
89.169: [GC (Allocation Failure) 28728K->337K(70592K), 0.0002070 secs]
89.181: [GC (Allocation Failure) 27848K->337K(76096K), 0.0002050 secs]
89.248: [GC (Allocation Failure) 33319K->337K(75008K), 0.0002170 secs]
89.266: [GC (Allocation Failure) 32244K->337K(73984K), 0.0002200 secs]
89.280: [GC (Allocation Failure) 31219K->337K(80192K), 0.0002040 secs]
89.297: [GC (Allocation Failure) 37426K->337K(87616K), 0.0002070 secs]
89.349: [GC (Allocation Failure) 44850K->337K(86016K), 0.0002290 secs]
89.372: [GC (Allocation Failure) 43238K->337K(84480K), 0.0002250 secs]
89.398: [GC (Allocation Failure) 41724K->337K(83008K), 0.0002350 secs]
89.416: [GC (Allocation Failure) 40259K->337K(81600K), 0.0002070 secs]
89.438: [GC (Allocation Failure) 38842K->337K(80256K), 0.0002050 secs]
89.455: [GC (Allocation Failure) 37475K->337K(78976K), 0.0002080 secs]
89.475: [GC (Allocation Failure) 36201K->337K(77760K), 0.0002750 secs]
89.495: [GC (Allocation Failure) 34980K->337K(76608K), 0.0002050 secs]
89.510: [GC (Allocation Failure) 33856K->337K(83328K), 0.0002320 secs]
89.528: [GC (Allocation Failure) 40552K->337K(91392K), 0.0002050 secs]
89.553: [GC (Allocation Failure) 48611K->337K(89600K), 0.0002180 secs]
89.600: [GC (Allocation Failure) 46853K->337K(87936K), 0.0002080 secs]
89.649: [GC (Allocation Failure) 45192K->337K(86336K), 0.0002190 secs]
89.668: [GC (Allocation Failure) 43580K->337K(84800K), 0.0002070 secs]
89.692: [GC (Allocation Failure) 42017K->337K(83328K), 0.0002210 secs]
89.710: [GC (Allocation Failure) 40552K->337K(81920K), 0.0002090 secs]
89.748: [GC (Allocation Failure) 39184K->337K(80576K), 0.0002220 secs]
89.789: [GC (Allocation Failure) 37816K->337K(79296K), 0.0002080 secs]
89.850: [GC (Allocation Failure) 36543K->337K(78080K), 0.0002430 secs]
89.866: [GC (Allocation Failure) 35321K->337K(76928K), 0.0002060 secs]
89.899: [GC (Allocation Failure) 34149K->337K(75840K), 0.0002160 secs]
89.913: [GC (Allocation Failure) 33075K->337K(74752K), 0.0002200 secs]
89.930: [GC (Allocation Failure) 32000K->337K(73728K), 0.0002170 secs]
89.948: [GC (Allocation Failure) 30974K->337K(72768K), 0.0002050 secs]
89.965: [GC (Allocation Failure) 29997K->337K(71808K), 0.0002160 secs]
89.978: [GC (Allocation Failure) 29069K->337K(77568K), 0.0002230 secs]
90.075: [GC (Allocation Failure) 34833K->337K(76416K), 0.0002170 secs]
90.094: [GC (Allocation Failure) 33661K->337K(75328K), 0.0002150 secs]
90.108: [GC (Allocation Failure) 32586K->337K(74304K), 0.0002080 secs]
90.122: [GC (Allocation Failure) 31560K->337K(80576K), 0.0002110 secs]
90.138: [GC (Allocation Failure) 37816K->337K(88128K), 0.0002310 secs]
90.201: [GC (Allocation Failure) 45387K->337K(86528K), 0.0002160 secs]
90.224: [GC (Allocation Failure) 43775K->337K(84992K), 0.0002100 secs]
90.247: [GC (Allocation Failure) 42212K->337K(83520K), 0.0002230 secs]
90.268: [GC (Allocation Failure) 40747K->337K(82112K), 0.0002060 secs]
90.286: [GC (Allocation Failure) 39331K->337K(80768K), 0.0002140 secs]
90.348: [GC (Allocation Failure) 38012K->337K(79488K), 0.0002190 secs]
90.364: [GC (Allocation Failure) 36738K->337K(78272K), 0.0002070 secs]
90.397: [GC (Allocation Failure) 35517K->337K(77120K), 0.0002190 secs]
90.416: [GC (Allocation Failure) 34345K->337K(75968K), 0.0003270 secs]
90.440: [GC (Allocation Failure) 33221K->337K(74880K), 0.0002330 secs]
90.458: [GC (Allocation Failure) 32098K->337K(73856K), 0.0002190 secs]
90.472: [GC (Allocation Failure) 31121K->337K(80064K), 0.0002230 secs]
90.489: [GC (Allocation Failure) 37324K->337K(87488K), 0.0002080 secs]
90.508: [GC (Allocation Failure) 44752K->337K(96384K), 0.0002070 secs]
90.622: [GC (Allocation Failure) 53646K->337K(94400K), 0.0002260 secs]
90.644: [GC (Allocation Failure) 51643K->337K(92480K), 0.0002080 secs]
90.666: [GC (Allocation Failure) 49738K->337K(90624K), 0.0002070 secs]
90.687: [GC (Allocation Failure) 47878K->337K(88896K), 0.0002070 secs]
90.707: [GC (Allocation Failure) 46120K->337K(87232K), 0.0002160 secs]
90.727: [GC (Allocation Failure) 44459K->337K(85632K), 0.0002050 secs]
90.745: [GC (Allocation Failure) 42896K->337K(84096K), 0.0002180 secs]
90.763: [GC (Allocation Failure) 41333K->337K(82624K), 0.0002060 secs]
90.799: [GC (Allocation Failure) 39868K->337K(81280K), 0.0002170 secs]
90.816: [GC (Allocation Failure) 38500K->337K(80000K), 0.0002070 secs]
90.832: [GC (Allocation Failure) 37226K->337K(78720K), 0.0002020 secs]
90.876: [GC (Allocation Failure) 35956K->337K(77504K), 0.0002110 secs]
90.895: [GC (Allocation Failure) 34735K->337K(76352K), 0.0002770 secs]
90.914: [GC (Allocation Failure) 33612K->337K(75264K), 0.0002250 secs]
90.988: [GC (Allocation Failure) 32488K->337K(74240K), 0.0002190 secs]
91.002: [GC (Allocation Failure) 31463K->337K(73216K), 0.0002080 secs]
91.049: [GC (Allocation Failure) 30437K->337K(72256K), 0.0002240 secs]
91.066: [GC (Allocation Failure) 29509K->337K(71360K), 0.0002050 secs]
91.079: [GC (Allocation Failure) 28581K->337K(77056K), 0.0002310 secs]
91.094: [GC (Allocation Failure) 34296K->337K(83904K), 0.0002190 secs]
91.254: [GC (Allocation Failure) 41138K->337K(82496K), 0.0002490 secs]
91.272: [GC (Allocation Failure) 39721K->337K(81152K), 0.0002740 secs]
91.402: [GC (Allocation Failure) 38403K->337K(79872K), 0.0002190 secs]
91.455: [GC (Allocation Failure) 37129K->337K(78656K), 0.0002330 secs]
91.472: [GC (Allocation Failure) 35908K->337K(77440K), 0.0002320 secs]
91.488: [GC (Allocation Failure) 34686K->337K(76288K), 0.0002070 secs]
91.547: [GC (Allocation Failure) 33514K->337K(75200K), 0.0002190 secs]
91.561: [GC (Allocation Failure) 32440K->337K(74176K), 0.0002070 secs]
91.600: [GC (Allocation Failure) 31414K->337K(73152K), 0.0002180 secs]
91.618: [GC (Allocation Failure) 30388K->337K(72192K), 0.0002080 secs]
91.633: [GC (Allocation Failure) 29411K->337K(71296K), 0.0002120 secs]
91.649: [GC (Allocation Failure) 28532K->337K(70400K), 0.0002150 secs]
91.799: [GC (Allocation Failure) 27653K->337K(69568K), 0.0002200 secs]
91.811: [GC (Allocation Failure) 26823K->337K(68800K), 0.0002210 secs]
91.827: [GC (Allocation Failure) 26041K->337K(73984K), 0.0002060 secs]
91.841: [GC (Allocation Failure) 31219K->337K(80192K), 0.0002160 secs]
91.879: [GC (Allocation Failure) 37426K->337K(87616K), 0.0003360 secs]
91.903: [GC (Allocation Failure) 44850K->337K(86016K), 0.0002060 secs]
91.922: [GC (Allocation Failure) 43238K->337K(84480K), 0.0002190 secs]
91.940: [GC (Allocation Failure) 41724K->337K(83008K), 0.0002060 secs]
92.093: [GC (Allocation Failure) 40259K->337K(81600K), 0.0002150 secs]
92.114: [GC (Allocation Failure) 38842K->337K(80256K), 0.0002050 secs]
