0.081: [GC (Allocation Failure) 16098K->365K(61824K), 0.0007140 secs]
0.156: [GC (Allocation Failure) 16449K->333K(61824K), 0.0010810 secs]
0.206: [GC (Allocation Failure) 16372K->447K(61824K), 0.0006220 secs]
0.220: [GC (Allocation Failure) 16509K->447K(77952K), 0.0007390 secs]
0.247: [GC (Allocation Failure) 32670K->447K(77952K), 0.0007140 secs]
0.270: [GC (Allocation Failure) 32606K->447K(108032K), 0.0006850 secs]
0.321: [GC (Allocation Failure) 64876K->435K(108032K), 0.0007980 secs]
0.389: [GC (Allocation Failure) 64907K->435K(172672K), 0.0002250 secs]
0.496: [GC (Allocation Failure) 129403K->435K(172672K), 0.0003450 secs]
0.572: [GC (Allocation Failure) 129453K->435K(250176K), 0.0002160 secs]
0.750: [GC (Allocation Failure) 206814K->435K(240000K), 0.0002270 secs]
0.863: [GC (Allocation Failure) 197304K->435K(230912K), 0.0002290 secs]
0.972: [GC (Allocation Failure) 188198K->435K(222912K), 0.0002120 secs]
1.074: [GC (Allocation Failure) 179612K->435K(214080K), 0.0002650 secs]
1.148: [GC (Allocation Failure) 171391K->435K(206848K), 0.0002010 secs]
1.218: [GC (Allocation Failure) 163575K->435K(198848K), 0.0002800 secs]
1.289: [GC (Allocation Failure) 156154K->435K(192384K), 0.0002150 secs]
1.353: [GC (Allocation Failure) 149120K->435K(185152K), 0.0002870 secs]
1.417: [GC (Allocation Failure) 142474K->435K(179328K), 0.0002090 secs]
1.480: [GC (Allocation Failure) 136125K->435K(172800K), 0.0002680 secs]
1.539: [GC (Allocation Failure) 130070K->435K(167488K), 0.0002100 secs]
1.593: [GC (Allocation Failure) 124307K->435K(161600K), 0.0002500 secs]
1.653: [GC (Allocation Failure) 118931K->435K(156800K), 0.0002180 secs]
1.703: [GC (Allocation Failure) 113754K->435K(151488K), 0.0002590 secs]
1.750: [GC (Allocation Failure) 108773K->435K(147200K), 0.0001990 secs]
1.794: [GC (Allocation Failure) 104085K->435K(142336K), 0.0002490 secs]
1.893: [GC (Allocation Failure) 99690K->435K(138432K), 0.0002030 secs]
1.934: [GC (Allocation Failure) 95388K->435K(134080K), 0.0003250 secs]
2.089: [GC (Allocation Failure) 91383K->435K(130496K), 0.0002140 secs]
2.131: [GC (Allocation Failure) 87574K->435K(126592K), 0.0002590 secs]
2.168: [GC (Allocation Failure) 83863K->435K(123392K), 0.0002130 secs]
2.203: [GC (Allocation Failure) 80444K->435K(119808K), 0.0002400 secs]
2.383: [GC (Allocation Failure) 77123K->435K(116864K), 0.0002140 secs]
2.415: [GC (Allocation Failure) 73994K->435K(113664K), 0.0002410 secs]
2.481: [GC (Allocation Failure) 70966K->435K(111040K), 0.0002340 secs]
2.533: [GC (Allocation Failure) 68134K->435K(108160K), 0.0002340 secs]
2.562: [GC (Allocation Failure) 65496K->435K(105728K), 0.0002730 secs]
2.605: [GC (Allocation Failure) 62957K->435K(103168K), 0.0002440 secs]
2.631: [GC (Allocation Failure) 60515K->435K(100928K), 0.0002140 secs]
2.686: [GC (Allocation Failure) 58073K->435K(98560K), 0.0003070 secs]
2.725: [GC (Allocation Failure) 55827K->435K(96512K), 0.0002720 secs]
2.751: [GC (Allocation Failure) 53776K->435K(94400K), 0.0002280 secs]
2.823: [GC (Allocation Failure) 51725K->435K(92544K), 0.0002100 secs]
2.844: [GC (Allocation Failure) 49767K->435K(90624K), 0.0002260 secs]
2.867: [GC (Allocation Failure) 47911K->435K(88960K), 0.0003120 secs]
2.896: [GC (Allocation Failure) 46251K->435K(87232K), 0.0002410 secs]
2.916: [GC (Allocation Failure) 44591K->435K(85696K), 0.0002050 secs]
2.934: [GC (Allocation Failure) 42930K->435K(84096K), 0.0002300 secs]
2.952: [GC (Allocation Failure) 41367K->435K(82624K), 0.0002000 secs]
2.973: [GC (Allocation Failure) 39902K->435K(81280K), 0.0002090 secs]
3.021: [GC (Allocation Failure) 38633K->435K(80000K), 0.0001980 secs]
3.037: [GC (Allocation Failure) 37363K->435K(78720K), 0.0002020 secs]
3.070: [GC (Allocation Failure) 35996K->435K(77504K), 0.0002100 secs]
3.085: [GC (Allocation Failure) 34823K->435K(76352K), 0.0002110 secs]
3.101: [GC (Allocation Failure) 33651K->435K(75264K), 0.0001970 secs]
3.119: [GC (Allocation Failure) 32577K->435K(74240K), 0.0002060 secs]
3.136: [GC (Allocation Failure) 31600K->435K(73216K), 0.0002130 secs]
3.150: [GC (Allocation Failure) 30526K->435K(79296K), 0.0002130 secs]
3.221: [GC (Allocation Failure) 36582K->435K(78080K), 0.0002330 secs]
3.237: [GC (Allocation Failure) 35409K->435K(76928K), 0.0002120 secs]
3.256: [GC (Allocation Failure) 34237K->435K(75840K), 0.0001970 secs]
3.276: [GC (Allocation Failure) 33163K->435K(74752K), 0.0002210 secs]
3.315: [GC (Allocation Failure) 32089K->435K(73728K), 0.0002120 secs]
3.328: [GC (Allocation Failure) 31014K->435K(72768K), 0.0002030 secs]
3.364: [GC (Allocation Failure) 30038K->435K(71808K), 0.0002120 secs]
3.381: [GC (Allocation Failure) 29158K->435K(70912K), 0.0002230 secs]
3.513: [GC (Allocation Failure) 28182K->435K(70080K), 0.0002110 secs]
3.529: [GC (Allocation Failure) 27400K->435K(69248K), 0.0001990 secs]
3.602: [GC (Allocation Failure) 26521K->435K(68480K), 0.0002150 secs]
3.613: [GC (Allocation Failure) 25838K->435K(67712K), 0.0001990 secs]
3.662: [GC (Allocation Failure) 25052K->435K(67008K), 0.0002110 secs]
3.677: [GC (Allocation Failure) 24369K->435K(66304K), 0.0002180 secs]
3.732: [GC (Allocation Failure) 23587K->435K(65664K), 0.0002000 secs]
3.746: [GC (Allocation Failure) 23001K->435K(65024K), 0.0002080 secs]
3.761: [GC (Allocation Failure) 22317K->435K(64448K), 0.0002210 secs]
3.775: [GC (Allocation Failure) 21731K->435K(68736K), 0.0002090 secs]
3.817: [GC (Allocation Failure) 26033K->435K(67968K), 0.0002000 secs]
3.828: [GC (Allocation Failure) 25250K->435K(72960K), 0.0002250 secs]
3.841: [GC (Allocation Failure) 30233K->435K(78976K), 0.0002010 secs]
3.857: [GC (Allocation Failure) 36289K->435K(86208K), 0.0001980 secs]
3.876: [GC (Allocation Failure) 43516K->435K(94848K), 0.0002100 secs]
3.928: [GC (Allocation Failure) 52115K->435K(92928K), 0.0002000 secs]
3.950: [GC (Allocation Failure) 50260K->435K(91072K), 0.0002730 secs]
4.093: [GC (Allocation Failure) 48400K->435K(89280K), 0.0002280 secs]
4.117: [GC (Allocation Failure) 46642K->435K(87616K), 0.0002100 secs]
4.141: [GC (Allocation Failure) 44884K->435K(86016K), 0.0002190 secs]
4.188: [GC (Allocation Failure) 43321K->435K(84480K), 0.0002260 secs]
4.206: [GC (Allocation Failure) 41758K->435K(83008K), 0.0002120 secs]
4.270: [GC (Allocation Failure) 40293K->435K(81600K), 0.0002110 secs]
4.290: [GC (Allocation Failure) 38926K->435K(80256K), 0.0001990 secs]
4.412: [GC (Allocation Failure) 37558K->435K(78976K), 0.0002130 secs]
4.432: [GC (Allocation Failure) 36289K->435K(77760K), 0.0002180 secs]
4.468: [GC (Allocation Failure) 35116K->435K(76608K), 0.0002030 secs]
4.485: [GC (Allocation Failure) 33944K->435K(75520K), 0.0002130 secs]
4.499: [GC (Allocation Failure) 32870K->435K(74496K), 0.0002040 secs]
4.513: [GC (Allocation Failure) 31796K->435K(73472K), 0.0002100 secs]
4.538: [GC (Allocation Failure) 30819K->435K(72512K), 0.0002210 secs]
4.553: [GC (Allocation Failure) 29842K->435K(78400K), 0.0002610 secs]
4.570: [GC (Allocation Failure) 35702K->435K(85504K), 0.0002060 secs]
4.603: [GC (Allocation Failure) 42833K->435K(83968K), 0.0002130 secs]
4.622: [GC (Allocation Failure) 41270K->435K(92160K), 0.0003220 secs]
4.672: [GC (Allocation Failure) 49474K->435K(90368K), 0.0002180 secs]
4.693: [GC (Allocation Failure) 47716K->435K(88640K), 0.0002130 secs]
4.717: [GC (Allocation Failure) 45958K->435K(86976K), 0.0002070 secs]
4.776: [GC (Allocation Failure) 44298K->435K(85376K), 0.0002150 secs]
4.798: [GC (Allocation Failure) 42735K->435K(83904K), 0.0002000 secs]
4.820: [GC (Allocation Failure) 41172K->435K(82496K), 0.0002090 secs]
4.841: [GC (Allocation Failure) 39805K->435K(81152K), 0.0002010 secs]
4.909: [GC (Allocation Failure) 38437K->435K(79872K), 0.0002720 secs]
4.941: [GC (Allocation Failure) 37168K->435K(78656K), 0.0002190 secs]
4.956: [GC (Allocation Failure) 35996K->435K(77440K), 0.0002010 secs]
4.971: [GC (Allocation Failure) 34726K->435K(76288K), 0.0002000 secs]
4.985: [GC (Allocation Failure) 33554K->435K(75200K), 0.0002120 secs]
5.018: [GC (Allocation Failure) 32479K->435K(74176K), 0.0002100 secs]
5.035: [GC (Allocation Failure) 31503K->435K(73152K), 0.0001990 secs]
5.071: [GC (Allocation Failure) 30428K->435K(72192K), 0.0002010 secs]
5.084: [GC (Allocation Failure) 29549K->435K(78016K), 0.0003220 secs]
5.121: [GC (Allocation Failure) 35312K->435K(76864K), 0.0002110 secs]
5.139: [GC (Allocation Failure) 34140K->435K(75776K), 0.0001990 secs]
5.271: [GC (Allocation Failure) 33065K->435K(74688K), 0.0001920 secs]
5.321: [GC (Allocation Failure) 31991K->435K(73664K), 0.0002140 secs]
5.339: [GC (Allocation Failure) 31014K->435K(72704K), 0.0002280 secs]
5.354: [GC (Allocation Failure) 30038K->435K(71808K), 0.0002090 secs]
5.413: [GC (Allocation Failure) 29158K->435K(70912K), 0.0002230 secs]
5.426: [GC (Allocation Failure) 28182K->435K(76480K), 0.0002710 secs]
5.441: [GC (Allocation Failure) 33749K->435K(83200K), 0.0002110 secs]
5.463: [GC (Allocation Failure) 40488K->435K(81792K), 0.0002080 secs]
5.527: [GC (Allocation Failure) 39121K->435K(80448K), 0.0002000 secs]
5.544: [GC (Allocation Failure) 37754K->435K(79168K), 0.0002000 secs]
5.588: [GC (Allocation Failure) 36484K->435K(77952K), 0.0002100 secs]
5.607: [GC (Allocation Failure) 35312K->435K(76800K), 0.0002040 secs]
5.625: [GC (Allocation Failure) 34140K->435K(75712K), 0.0002070 secs]
5.639: [GC (Allocation Failure) 33065K->435K(74624K), 0.0002120 secs]
5.673: [GC (Allocation Failure) 31893K->435K(73600K), 0.0003420 secs]
5.686: [GC (Allocation Failure) 30917K->435K(79744K), 0.0002130 secs]
5.713: [GC (Allocation Failure) 37070K->435K(78528K), 0.0002260 secs]
5.733: [GC (Allocation Failure) 35800K->435K(77312K), 0.0002000 secs]
5.748: [GC (Allocation Failure) 34628K->435K(84160K), 0.0002130 secs]
5.769: [GC (Allocation Failure) 41465K->435K(82688K), 0.0002070 secs]
5.790: [GC (Allocation Failure) 40000K->435K(81344K), 0.0002080 secs]
5.828: [GC (Allocation Failure) 38633K->435K(80000K), 0.0002100 secs]
5.844: [GC (Allocation Failure) 37363K->435K(78720K), 0.0001990 secs]
5.876: [GC (Allocation Failure) 35996K->435K(77504K), 0.0002070 secs]
5.892: [GC (Allocation Failure) 34823K->435K(76352K), 0.0002070 secs]
5.925: [GC (Allocation Failure) 33651K->435K(75264K), 0.0002080 secs]
5.943: [GC (Allocation Failure) 32577K->435K(74240K), 0.0002100 secs]
6.071: [GC (Allocation Failure) 31600K->435K(73216K), 0.0002010 secs]
6.124: [GC (Allocation Failure) 30526K->435K(72256K), 0.0002070 secs]
6.137: [GC (Allocation Failure) 29549K->435K(71360K), 0.0002230 secs]
6.150: [GC (Allocation Failure) 28670K->435K(70464K), 0.0002020 secs]
6.166: [GC (Allocation Failure) 27791K->435K(69632K), 0.0002080 secs]
6.181: [GC (Allocation Failure) 26912K->435K(74944K), 0.0001990 secs]
6.225: [GC (Allocation Failure) 32284K->435K(73920K), 0.0002020 secs]
6.242: [GC (Allocation Failure) 31210K->435K(72960K), 0.0002080 secs]
6.258: [GC (Allocation Failure) 30233K->435K(72000K), 0.0002220 secs]
6.270: [GC (Allocation Failure) 29354K->435K(77824K), 0.0002020 secs]
6.285: [GC (Allocation Failure) 35116K->435K(84800K), 0.0001990 secs]
6.339: [GC (Allocation Failure) 42149K->435K(83328K), 0.0003190 secs]
6.411: [GC (Allocation Failure) 40684K->435K(81920K), 0.0002120 secs]
6.475: [GC (Allocation Failure) 39219K->435K(80576K), 0.0001950 secs]
6.524: [GC (Allocation Failure) 37851K->435K(79296K), 0.0002010 secs]
6.595: [GC (Allocation Failure) 36582K->435K(78080K), 0.0002090 secs]
6.630: [GC (Allocation Failure) 35409K->435K(76928K), 0.0002120 secs]
6.646: [GC (Allocation Failure) 34237K->435K(75840K), 0.0002000 secs]
6.665: [GC (Allocation Failure) 33163K->435K(74752K), 0.0002130 secs]
6.679: [GC (Allocation Failure) 32089K->435K(81088K), 0.0003220 secs]
6.725: [GC (Allocation Failure) 38437K->435K(79808K), 0.0002090 secs]
6.745: [GC (Allocation Failure) 37168K->435K(78592K), 0.0002080 secs]
6.764: [GC (Allocation Failure) 35898K->435K(77376K), 0.0001990 secs]
6.783: [GC (Allocation Failure) 34726K->435K(76224K), 0.0001990 secs]
6.822: [GC (Allocation Failure) 33554K->435K(75136K), 0.0002110 secs]
6.840: [GC (Allocation Failure) 32479K->435K(74112K), 0.0001990 secs]
6.858: [GC (Allocation Failure) 31405K->435K(73152K), 0.0002070 secs]
6.874: [GC (Allocation Failure) 30428K->435K(79168K), 0.0003150 secs]
6.893: [GC (Allocation Failure) 36484K->435K(86400K), 0.0002180 secs]
6.916: [GC (Allocation Failure) 43712K->435K(84864K), 0.0001980 secs]
6.938: [GC (Allocation Failure) 42149K->435K(83392K), 0.0002080 secs]
6.956: [GC (Allocation Failure) 40684K->435K(81984K), 0.0002230 secs]
6.974: [GC (Allocation Failure) 39316K->435K(80640K), 0.0001970 secs]
6.991: [GC (Allocation Failure) 37949K->435K(79360K), 0.0002100 secs]
7.028: [GC (Allocation Failure) 36679K->435K(78144K), 0.0002060 secs]
7.044: [GC (Allocation Failure) 35409K->435K(76992K), 0.0002110 secs]
7.073: [GC (Allocation Failure) 34335K->435K(75904K), 0.0002100 secs]
7.091: [GC (Allocation Failure) 33261K->435K(74816K), 0.0001960 secs]
7.122: [GC (Allocation Failure) 32089K->435K(73792K), 0.0002700 secs]
7.222: [GC (Allocation Failure) 31112K->435K(72832K), 0.0002100 secs]
7.276: [GC (Allocation Failure) 30135K->435K(71872K), 0.0002180 secs]
7.289: [GC (Allocation Failure) 29158K->435K(70976K), 0.0002220 secs]
7.301: [GC (Allocation Failure) 28279K->435K(70144K), 0.0001970 secs]
7.321: [GC (Allocation Failure) 27498K->435K(69312K), 0.0002290 secs]
7.336: [GC (Allocation Failure) 26619K->435K(74560K), 0.0001980 secs]
7.350: [GC (Allocation Failure) 31893K->435K(80896K), 0.0002120 secs]
7.376: [GC (Allocation Failure) 38242K->435K(79616K), 0.0002230 secs]
7.395: [GC (Allocation Failure) 36972K->435K(78400K), 0.0001960 secs]
7.524: [GC (Allocation Failure) 35702K->435K(77248K), 0.0002720 secs]
7.574: [GC (Allocation Failure) 34530K->435K(76096K), 0.0002110 secs]
7.592: [GC (Allocation Failure) 33456K->435K(75008K), 0.0001970 secs]
7.607: [GC (Allocation Failure) 32284K->435K(73984K), 0.0002120 secs]
7.624: [GC (Allocation Failure) 31307K->435K(73024K), 0.0002070 secs]
7.637: [GC (Allocation Failure) 30331K->435K(79040K), 0.0002150 secs]
7.657: [GC (Allocation Failure) 36386K->435K(77824K), 0.0001990 secs]
7.676: [GC (Allocation Failure) 35116K->435K(76672K), 0.0001980 secs]
7.695: [GC (Allocation Failure) 33944K->435K(75584K), 0.0002110 secs]
7.709: [GC (Allocation Failure) 32870K->435K(82112K), 0.0002140 secs]
7.726: [GC (Allocation Failure) 39414K->435K(89920K), 0.0003640 secs]
7.747: [GC (Allocation Failure) 47228K->435K(99328K), 0.0002010 secs]
7.800: [GC (Allocation Failure) 56608K->435K(97152K), 0.0002130 secs]
7.823: [GC (Allocation Failure) 54459K->435K(95104K), 0.0002130 secs]
7.886: [GC (Allocation Failure) 52408K->435K(93120K), 0.0002180 secs]
7.908: [GC (Allocation Failure) 50455K->435K(91264K), 0.0002020 secs]
7.984: [GC (Allocation Failure) 48595K->435K(89472K), 0.0002010 secs]
8.005: [GC (Allocation Failure) 46739K->435K(87808K), 0.0002040 secs]
8.032: [GC (Allocation Failure) 45079K->435K(86208K), 0.0002180 secs]
8.055: [GC (Allocation Failure) 43516K->435K(84672K), 0.0002060 secs]
8.083: [GC (Allocation Failure) 41953K->435K(83200K), 0.0002050 secs]
8.101: [GC (Allocation Failure) 40488K->435K(81792K), 0.0002340 secs]
8.121: [GC (Allocation Failure) 39121K->435K(80448K), 0.0002250 secs]
8.180: [GC (Allocation Failure) 37754K->435K(79168K), 0.0002060 secs]
8.200: [GC (Allocation Failure) 36484K->435K(77952K), 0.0002040 secs]
8.220: [GC (Allocation Failure) 35312K->435K(76800K), 0.0002090 secs]
8.238: [GC (Allocation Failure) 34140K->435K(75712K), 0.0001990 secs]
8.274: [GC (Allocation Failure) 33065K->435K(74624K), 0.0002140 secs]
8.414: [GC (Allocation Failure) 31893K->435K(73600K), 0.0002160 secs]
8.427: [GC (Allocation Failure) 30917K->435K(72640K), 0.0002140 secs]
8.473: [GC (Allocation Failure) 29940K->435K(71744K), 0.0002100 secs]
8.490: [GC (Allocation Failure) 29061K->435K(70848K), 0.0002180 secs]
8.522: [GC (Allocation Failure) 28182K->435K(70016K), 0.0002090 secs]
8.534: [GC (Allocation Failure) 27303K->435K(69184K), 0.0002080 secs]
8.545: [GC (Allocation Failure) 26521K->435K(74432K), 0.0001990 secs]
8.561: [GC (Allocation Failure) 31698K->435K(80704K), 0.0002170 secs]
8.598: [GC (Allocation Failure) 38047K->435K(79424K), 0.0002210 secs]
8.615: [GC (Allocation Failure) 36777K->435K(86720K), 0.0003320 secs]
8.672: [GC (Allocation Failure) 44005K->435K(85184K), 0.0002100 secs]
8.707: [GC (Allocation Failure) 42540K->435K(83712K), 0.0002040 secs]
8.725: [GC (Allocation Failure) 41074K->435K(82304K), 0.0002810 secs]
8.782: [GC (Allocation Failure) 39609K->435K(80960K), 0.0002100 secs]
8.802: [GC (Allocation Failure) 38242K->435K(79680K), 0.0001980 secs]
8.818: [GC (Allocation Failure) 36972K->435K(78464K), 0.0002700 secs]
8.896: [GC (Allocation Failure) 35800K->435K(77312K), 0.0002120 secs]
8.911: [GC (Allocation Failure) 34628K->435K(76160K), 0.0002130 secs]
8.930: [GC (Allocation Failure) 33456K->435K(75072K), 0.0001990 secs]
8.948: [GC (Allocation Failure) 32382K->435K(74048K), 0.0002250 secs]
8.966: [GC (Allocation Failure) 31405K->435K(73088K), 0.0002080 secs]
8.984: [GC (Allocation Failure) 30428K->435K(79104K), 0.0002700 secs]
8.999: [GC (Allocation Failure) 36386K->435K(86336K), 0.0002730 secs]
9.084: [GC (Allocation Failure) 43614K->435K(84800K), 0.0002190 secs]
9.106: [GC (Allocation Failure) 42149K->435K(83328K), 0.0002020 secs]
9.123: [GC (Allocation Failure) 40684K->435K(81920K), 0.0002120 secs]
9.140: [GC (Allocation Failure) 39219K->435K(80576K), 0.0002010 secs]
9.156: [GC (Allocation Failure) 37851K->435K(79296K), 0.0002000 secs]
9.176: [GC (Allocation Failure) 36582K->435K(78080K), 0.0002060 secs]
9.278: [GC (Allocation Failure) 35409K->435K(76928K), 0.0001850 secs]
9.296: [GC (Allocation Failure) 34237K->435K(75840K), 0.0002760 secs]
9.315: [GC (Allocation Failure) 33163K->435K(74752K), 0.0002060 secs]
9.329: [GC (Allocation Failure) 32089K->435K(81088K), 0.0003210 secs]
9.378: [GC (Allocation Failure) 38437K->435K(79808K), 0.0002060 secs]
9.398: [GC (Allocation Failure) 37168K->435K(78592K), 0.0002080 secs]
9.418: [GC (Allocation Failure) 35898K->435K(77376K), 0.0001970 secs]
9.540: [GC (Allocation Failure) 34726K->435K(76224K), 0.0003210 secs]
9.630: [GC (Allocation Failure) 33554K->435K(75136K), 0.0002210 secs]
9.648: [GC (Allocation Failure) 32479K->435K(74112K), 0.0002020 secs]
9.664: [GC (Allocation Failure) 31405K->435K(73152K), 0.0002150 secs]
9.679: [GC (Allocation Failure) 30428K->435K(72192K), 0.0001990 secs]
9.698: [GC (Allocation Failure) 29549K->435K(71296K), 0.0001980 secs]
9.712: [GC (Allocation Failure) 28572K->435K(70400K), 0.0002130 secs]
9.736: [GC (Allocation Failure) 27693K->435K(69568K), 0.0002180 secs]
9.790: [GC (Allocation Failure) 26912K->435K(68800K), 0.0002220 secs]
9.809: [GC (Allocation Failure) 26131K->435K(68032K), 0.0002140 secs]
9.829: [GC (Allocation Failure) 25349K->435K(67328K), 0.0002170 secs]
9.878: [GC (Allocation Failure) 24662K->435K(66624K), 0.0002750 secs]
9.931: [GC (Allocation Failure) 23978K->435K(65984K), 0.0002190 secs]
9.946: [GC (Allocation Failure) 23294K->435K(65344K), 0.0002050 secs]
9.976: [GC (Allocation Failure) 22610K->435K(64704K), 0.0002060 secs]
10.030: [GC (Allocation Failure) 22024K->435K(64128K), 0.0002150 secs]
10.046: [GC (Allocation Failure) 21438K->435K(63552K), 0.0002030 secs]
10.061: [GC (Allocation Failure) 20852K->435K(63040K), 0.0002180 secs]
10.074: [GC (Allocation Failure) 20364K->435K(67072K), 0.0002190 secs]
10.097: [GC (Allocation Failure) 24369K->435K(66368K), 0.0002170 secs]
10.128: [GC (Allocation Failure) 23685K->435K(65728K), 0.0002080 secs]
10.177: [GC (Allocation Failure) 23001K->435K(65088K), 0.0002160 secs]
10.190: [GC (Allocation Failure) 22415K->435K(64512K), 0.0002080 secs]
10.203: [GC (Allocation Failure) 21829K->435K(68800K), 0.0002150 secs]
10.218: [GC (Allocation Failure) 26131K->435K(73984K), 0.0002060 secs]
10.281: [GC (Allocation Failure) 31307K->435K(73024K), 0.0002250 secs]
10.303: [GC (Allocation Failure) 30331K->435K(72064K), 0.0002170 secs]
10.321: [GC (Allocation Failure) 29354K->435K(71168K), 0.0002140 secs]
10.337: [GC (Allocation Failure) 28475K->435K(70336K), 0.0002050 secs]
10.353: [GC (Allocation Failure) 27693K->435K(75840K), 0.0002170 secs]
10.413: [GC (Allocation Failure) 33163K->435K(74752K), 0.0002050 secs]
10.484: [GC (Allocation Failure) 32089K->435K(73728K), 0.0002080 secs]
10.532: [GC (Allocation Failure) 31014K->435K(72768K), 0.0002080 secs]
10.581: [GC (Allocation Failure) 30038K->435K(71808K), 0.0002840 secs]
10.603: [GC (Allocation Failure) 29158K->435K(70912K), 0.0002170 secs]
10.620: [GC (Allocation Failure) 28182K->435K(70080K), 0.0002080 secs]
10.662: [GC (Allocation Failure) 27400K->435K(69248K), 0.0002020 secs]
10.699: [GC (Allocation Failure) 26521K->435K(68480K), 0.0003380 secs]
10.717: [GC (Allocation Failure) 25838K->435K(67712K), 0.0002170 secs]
10.736: [GC (Allocation Failure) 25052K->435K(67008K), 0.0002130 secs]
10.755: [GC (Allocation Failure) 24369K->435K(66304K), 0.0002200 secs]
10.773: [GC (Allocation Failure) 23587K->435K(65664K), 0.0002090 secs]
10.791: [GC (Allocation Failure) 23001K->435K(65024K), 0.0002130 secs]
10.831: [GC (Allocation Failure) 22317K->435K(64448K), 0.0002030 secs]
10.845: [GC (Allocation Failure) 21731K->435K(63872K), 0.0002280 secs]
10.861: [GC (Allocation Failure) 21145K->435K(68032K), 0.0002130 secs]
10.883: [GC (Allocation Failure) 25349K->435K(67328K), 0.0002320 secs]
10.898: [GC (Allocation Failure) 24662K->435K(72192K), 0.0002050 secs]
11.036: [GC (Allocation Failure) 29549K->435K(71296K), 0.0002230 secs]
11.053: [GC (Allocation Failure) 28572K->435K(70400K), 0.0002050 secs]
11.134: [GC (Allocation Failure) 27693K->435K(69568K), 0.0002210 secs]
11.154: [GC (Allocation Failure) 26912K->435K(68800K), 0.0002020 secs]
11.174: [GC (Allocation Failure) 26131K->435K(68032K), 0.0002030 secs]
11.299: [GC (Allocation Failure) 25349K->435K(67328K), 0.0002190 secs]
11.314: [GC (Allocation Failure) 24662K->435K(66624K), 0.0002080 secs]
11.383: [GC (Allocation Failure) 23978K->435K(65984K), 0.0002130 secs]
11.398: [GC (Allocation Failure) 23294K->435K(65344K), 0.0002740 secs]
11.428: [GC (Allocation Failure) 22610K->435K(64704K), 0.0002250 secs]
11.441: [GC (Allocation Failure) 22024K->435K(64128K), 0.0002050 secs]
11.481: [GC (Allocation Failure) 21438K->435K(63552K), 0.0002130 secs]
11.497: [GC (Allocation Failure) 20852K->435K(63040K), 0.0002040 secs]
11.510: [GC (Allocation Failure) 20364K->435K(67072K), 0.0002120 secs]
11.524: [GC (Allocation Failure) 24369K->435K(71872K), 0.0002160 secs]
11.587: [GC (Allocation Failure) 29158K->435K(70976K), 0.0002140 secs]
11.608: [GC (Allocation Failure) 28279K->435K(70144K), 0.0002090 secs]
11.629: [GC (Allocation Failure) 27498K->435K(69312K), 0.0002120 secs]
11.645: [GC (Allocation Failure) 26619K->435K(68544K), 0.0002160 secs]
11.664: [GC (Allocation Failure) 25838K->435K(67776K), 0.0002130 secs]
11.679: [GC (Allocation Failure) 25052K->435K(72768K), 0.0002180 secs]
11.697: [GC (Allocation Failure) 30038K->435K(78720K), 0.0002080 secs]
11.740: [GC (Allocation Failure) 35996K->435K(77504K), 0.0002200 secs]
11.761: [GC (Allocation Failure) 34823K->435K(76352K), 0.0002150 secs]
11.784: [GC (Allocation Failure) 33651K->435K(75264K), 0.0002180 secs]
11.803: [GC (Allocation Failure) 32577K->435K(74240K), 0.0002050 secs]
11.888: [GC (Allocation Failure) 31600K->435K(73216K), 0.0002150 secs]
11.907: [GC (Allocation Failure) 30526K->435K(72256K), 0.0002170 secs]
11.928: [GC (Allocation Failure) 29549K->435K(71360K), 0.0002160 secs]
11.948: [GC (Allocation Failure) 28670K->435K(70464K), 0.0002240 secs]
11.966: [GC (Allocation Failure) 27791K->435K(69632K), 0.0002000 secs]
11.981: [GC (Allocation Failure) 26912K->435K(68864K), 0.0002050 secs]
12.031: [GC (Allocation Failure) 26131K->435K(68096K), 0.0002150 secs]
12.136: [GC (Allocation Failure) 25447K->435K(67392K), 0.0002140 secs]
12.154: [GC (Allocation Failure) 24662K->435K(66688K), 0.0002030 secs]
12.172: [GC (Allocation Failure) 23978K->435K(66048K), 0.0002240 secs]
12.230: [GC (Allocation Failure) 23392K->435K(65408K), 0.0002170 secs]
12.247: [GC (Allocation Failure) 22708K->435K(64768K), 0.0002150 secs]
12.279: [GC (Allocation Failure) 22122K->435K(64192K), 0.0002780 secs]
12.329: [GC (Allocation Failure) 21536K->435K(63616K), 0.0002230 secs]
12.344: [GC (Allocation Failure) 20950K->435K(63104K), 0.0002400 secs]
12.410: [GC (Allocation Failure) 20462K->435K(62592K), 0.0002270 secs]
12.428: [GC (Allocation Failure) 19876K->435K(62080K), 0.0002580 secs]
12.478: [GC (Allocation Failure) 19387K->435K(61568K), 0.0002770 secs]
12.496: [GC (Allocation Failure) 18899K->435K(61120K), 0.0002280 secs]
12.507: [GC (Allocation Failure) 18411K->435K(64768K), 0.0002210 secs]
12.591: [GC (Allocation Failure) 22122K->435K(64192K), 0.0002170 secs]
12.608: [GC (Allocation Failure) 21536K->435K(63616K), 0.0002120 secs]
12.621: [GC (Allocation Failure) 20950K->435K(67776K), 0.0002080 secs]
12.662: [GC (Allocation Failure) 25052K->435K(67072K), 0.0002260 secs]
12.676: [GC (Allocation Failure) 24369K->435K(71872K), 0.0002800 secs]
12.788: [GC (Allocation Failure) 29158K->435K(70976K), 0.0003290 secs]
12.809: [GC (Allocation Failure) 28279K->435K(70144K), 0.0002050 secs]
12.830: [GC (Allocation Failure) 27498K->435K(69312K), 0.0002080 secs]
12.847: [GC (Allocation Failure) 26619K->435K(68544K), 0.0002230 secs]
12.884: [GC (Allocation Failure) 25838K->435K(67776K), 0.0002020 secs]
12.902: [GC (Allocation Failure) 25052K->435K(67072K), 0.0002050 secs]
12.931: [GC (Allocation Failure) 24369K->435K(66368K), 0.0002150 secs]
12.949: [GC (Allocation Failure) 23685K->435K(65728K), 0.0002230 secs]
13.002: [GC (Allocation Failure) 23001K->435K(65088K), 0.0002150 secs]
13.017: [GC (Allocation Failure) 22415K->435K(64512K), 0.0002050 secs]
13.033: [GC (Allocation Failure) 21829K->435K(63936K), 0.0002140 secs]
13.050: [GC (Allocation Failure) 21243K->435K(63360K), 0.0002290 secs]
13.067: [GC (Allocation Failure) 20657K->435K(67456K), 0.0002120 secs]
13.086: [GC (Allocation Failure) 24759K->435K(72384K), 0.0002230 secs]
13.138: [GC (Allocation Failure) 29745K->435K(71488K), 0.0002250 secs]
13.155: [GC (Allocation Failure) 28768K->435K(70592K), 0.0002060 secs]
13.171: [GC (Allocation Failure) 27889K->435K(69760K), 0.0002060 secs]
13.285: [GC (Allocation Failure) 27107K->435K(68992K), 0.0002290 secs]
13.301: [GC (Allocation Failure) 26326K->435K(68224K), 0.0002010 secs]
13.315: [GC (Allocation Failure) 25545K->435K(67520K), 0.0002040 secs]
13.386: [GC (Allocation Failure) 24857K->435K(66816K), 0.0002240 secs]
13.405: [GC (Allocation Failure) 24173K->435K(66112K), 0.0002220 secs]
13.432: [GC (Allocation Failure) 23392K->435K(65472K), 0.0002170 secs]
13.485: [GC (Allocation Failure) 22806K->435K(64832K), 0.0002140 secs]
13.497: [GC (Allocation Failure) 22122K->435K(69184K), 0.0002750 secs]
13.543: [GC (Allocation Failure) 26521K->435K(68416K), 0.0003390 secs]
13.564: [GC (Allocation Failure) 25740K->435K(67648K), 0.0002320 secs]
13.586: [GC (Allocation Failure) 24955K->435K(66944K), 0.0002400 secs]
13.633: [GC (Allocation Failure) 24271K->435K(66240K), 0.0002240 secs]
13.646: [GC (Allocation Failure) 23587K->435K(65600K), 0.0002020 secs]
13.698: [GC (Allocation Failure) 22903K->435K(64960K), 0.0002150 secs]
13.714: [GC (Allocation Failure) 22317K->435K(64384K), 0.0002150 secs]
13.739: [GC (Allocation Failure) 21731K->435K(63808K), 0.0002150 secs]
13.753: [GC (Allocation Failure) 21145K->435K(63232K), 0.0002300 secs]
13.768: [GC (Allocation Failure) 20559K->435K(67264K), 0.0002110 secs]
13.784: [GC (Allocation Failure) 24564K->435K(72128K), 0.0002120 secs]
13.805: [GC (Allocation Failure) 29451K->435K(77952K), 0.0002060 secs]
13.831: [GC (Allocation Failure) 35312K->435K(76800K), 0.0002210 secs]
13.855: [GC (Allocation Failure) 34140K->435K(75712K), 0.0002120 secs]
13.876: [GC (Allocation Failure) 33065K->435K(74624K), 0.0002170 secs]
13.941: [GC (Allocation Failure) 31893K->435K(73600K), 0.0002150 secs]
13.959: [GC (Allocation Failure) 30917K->435K(72640K), 0.0002780 secs]
14.035: [GC (Allocation Failure) 29940K->435K(71744K), 0.0002160 secs]
14.086: [GC (Allocation Failure) 29061K->435K(70848K), 0.0001950 secs]
14.143: [GC (Allocation Failure) 28182K->435K(70016K), 0.0002310 secs]
14.170: [GC (Allocation Failure) 27303K->435K(69184K), 0.0002020 secs]
14.201: [GC (Allocation Failure) 26521K->435K(68416K), 0.0002070 secs]
14.238: [GC (Allocation Failure) 25740K->435K(67648K), 0.0002160 secs]
14.258: [GC (Allocation Failure) 24955K->435K(66944K), 0.0002090 secs]
14.273: [GC (Allocation Failure) 24271K->435K(66240K), 0.0002290 secs]
14.287: [GC (Allocation Failure) 23587K->435K(65600K), 0.0002060 secs]
14.304: [GC (Allocation Failure) 22903K->435K(64960K), 0.0002040 secs]
14.317: [GC (Allocation Failure) 22317K->435K(69376K), 0.0002180 secs]
14.332: [GC (Allocation Failure) 26717K->435K(74688K), 0.0002060 secs]
14.350: [GC (Allocation Failure) 31991K->435K(81024K), 0.0002050 secs]
14.376: [GC (Allocation Failure) 38340K->435K(79744K), 0.0002140 secs]
14.415: [GC (Allocation Failure) 37070K->435K(78528K), 0.0002060 secs]
14.440: [GC (Allocation Failure) 35800K->435K(77312K), 0.0002160 secs]
14.464: [GC (Allocation Failure) 34628K->435K(76160K), 0.0002140 secs]
14.484: [GC (Allocation Failure) 33456K->435K(75072K), 0.0002060 secs]
14.503: [GC (Allocation Failure) 32382K->435K(74048K), 0.0002090 secs]
14.521: [GC (Allocation Failure) 31405K->435K(73088K), 0.0002170 secs]
14.587: [GC (Allocation Failure) 30428K->435K(72128K), 0.0002760 secs]
14.625: [GC (Allocation Failure) 29451K->435K(71232K), 0.0003570 secs]
14.642: [GC (Allocation Failure) 28572K->435K(70400K), 0.0002070 secs]
14.667: [GC (Allocation Failure) 27693K->435K(69568K), 0.0002160 secs]
14.688: [GC (Allocation Failure) 26912K->435K(68800K), 0.0002050 secs]
14.708: [GC (Allocation Failure) 26131K->435K(68032K), 0.0002150 secs]
14.741: [GC (Allocation Failure) 25349K->435K(67328K), 0.0002140 secs]
14.756: [GC (Allocation Failure) 24662K->435K(66624K), 0.0002060 secs]
14.788: [GC (Allocation Failure) 23978K->435K(65984K), 0.0002240 secs]
14.803: [GC (Allocation Failure) 23294K->435K(70592K), 0.0003260 secs]
14.842: [GC (Allocation Failure) 27889K->435K(76096K), 0.0003400 secs]
14.862: [GC (Allocation Failure) 33456K->435K(82752K), 0.0002790 secs]
14.898: [GC (Allocation Failure) 40098K->435K(81344K), 0.0002290 secs]
14.925: [GC (Allocation Failure) 38633K->435K(80000K), 0.0002160 secs]
15.012: [GC (Allocation Failure) 37363K->435K(78720K), 0.0002180 secs]
15.032: [GC (Allocation Failure) 35996K->435K(77504K), 0.0002060 secs]
15.056: [GC (Allocation Failure) 34823K->435K(76352K), 0.0002180 secs]
15.089: [GC (Allocation Failure) 33651K->435K(75264K), 0.0002160 secs]
15.108: [GC (Allocation Failure) 32577K->435K(74240K), 0.0002060 secs]
15.140: [GC (Allocation Failure) 31600K->435K(73216K), 0.0002170 secs]
15.162: [GC (Allocation Failure) 30526K->435K(72256K), 0.0002140 secs]
15.180: [GC (Allocation Failure) 29549K->435K(71360K), 0.0002070 secs]
15.196: [GC (Allocation Failure) 28670K->435K(70464K), 0.0002060 secs]
15.240: [GC (Allocation Failure) 27791K->435K(69632K), 0.0002250 secs]
15.260: [GC (Allocation Failure) 26912K->435K(68864K), 0.0002230 secs]
15.302: [GC (Allocation Failure) 26131K->435K(68096K), 0.0002180 secs]
15.320: [GC (Allocation Failure) 25447K->435K(67392K), 0.0002090 secs]
15.336: [GC (Allocation Failure) 24662K->435K(66688K), 0.0002070 secs]
15.349: [GC (Allocation Failure) 23978K->435K(66048K), 0.0002060 secs]
15.363: [GC (Allocation Failure) 23392K->435K(70656K), 0.0002050 secs]
15.383: [GC (Allocation Failure) 27986K->435K(76224K), 0.0002150 secs]
15.406: [GC (Allocation Failure) 33554K->435K(75136K), 0.0002160 secs]
15.493: [GC (Allocation Failure) 32479K->435K(74112K), 0.0002030 secs]
15.516: [GC (Allocation Failure) 31405K->435K(73152K), 0.0002190 secs]
15.538: [GC (Allocation Failure) 30428K->435K(72192K), 0.0002040 secs]
15.555: [GC (Allocation Failure) 29549K->435K(71296K), 0.0002180 secs]
15.576: [GC (Allocation Failure) 28572K->435K(70400K), 0.0002120 secs]
15.691: [GC (Allocation Failure) 27693K->435K(69568K), 0.0002050 secs]
15.712: [GC (Allocation Failure) 26912K->435K(68800K), 0.0002130 secs]
15.732: [GC (Allocation Failure) 26131K->435K(68032K), 0.0002150 secs]
15.786: [GC (Allocation Failure) 25349K->435K(67328K), 0.0002760 secs]
15.936: [GC (Allocation Failure) 24662K->435K(66624K), 0.0002080 secs]
15.990: [GC (Allocation Failure) 23978K->435K(65984K), 0.0002240 secs]
16.004: [GC (Allocation Failure) 23294K->435K(65344K), 0.0002210 secs]
16.035: [GC (Allocation Failure) 22610K->435K(64704K), 0.0002160 secs]
16.047: [GC (Allocation Failure) 22024K->435K(64128K), 0.0002040 secs]
16.084: [GC (Allocation Failure) 21438K->435K(63552K), 0.0002130 secs]
16.102: [GC (Allocation Failure) 20852K->435K(63040K), 0.0002270 secs]
16.114: [GC (Allocation Failure) 20364K->435K(67072K), 0.0002050 secs]
16.128: [GC (Allocation Failure) 24369K->435K(71872K), 0.0002050 secs]
16.149: [GC (Allocation Failure) 29158K->435K(77632K), 0.0002460 secs]
16.208: [GC (Allocation Failure) 34921K->435K(76480K), 0.0002160 secs]
16.227: [GC (Allocation Failure) 33749K->435K(75392K), 0.0002150 secs]
16.250: [GC (Allocation Failure) 32675K->435K(74368K), 0.0002190 secs]
16.393: [GC (Allocation Failure) 31698K->435K(73344K), 0.0002100 secs]
16.414: [GC (Allocation Failure) 30624K->435K(72384K), 0.0002080 secs]
16.445: [GC (Allocation Failure) 29745K->435K(71488K), 0.0002250 secs]
16.465: [GC (Allocation Failure) 28768K->435K(70592K), 0.0002330 secs]
16.482: [GC (Allocation Failure) 27889K->435K(69760K), 0.0002050 secs]
16.519: [GC (Allocation Failure) 27107K->435K(68992K), 0.0002470 secs]
16.541: [GC (Allocation Failure) 26326K->435K(68224K), 0.0002240 secs]
16.588: [GC (Allocation Failure) 25545K->435K(67520K), 0.0002740 secs]
16.636: [GC (Allocation Failure) 24857K->435K(66816K), 0.0002070 secs]
16.661: [GC (Allocation Failure) 24173K->435K(66112K), 0.0002120 secs]
16.688: [GC (Allocation Failure) 23392K->435K(65472K), 0.0002630 secs]
16.838: [GC (Allocation Failure) 22806K->435K(64832K), 0.0002120 secs]
16.852: [GC (Allocation Failure) 22122K->435K(64256K), 0.0003260 secs]
16.911: [GC (Allocation Failure) 21536K->435K(63680K), 0.0003390 secs]
16.926: [GC (Allocation Failure) 20950K->435K(67840K), 0.0002740 secs]
16.942: [GC (Allocation Failure) 25150K->435K(72832K), 0.0002070 secs]
16.990: [GC (Allocation Failure) 30135K->435K(71872K), 0.0002060 secs]
17.144: [GC (Allocation Failure) 29158K->435K(70976K), 0.0002250 secs]
17.165: [GC (Allocation Failure) 28279K->435K(70144K), 0.0002250 secs]
17.239: [GC (Allocation Failure) 27498K->435K(69312K), 0.0002170 secs]
17.258: [GC (Allocation Failure) 26619K->435K(68544K), 0.0002230 secs]
17.293: [GC (Allocation Failure) 25838K->435K(67776K), 0.0002000 secs]
17.308: [GC (Allocation Failure) 25052K->435K(67072K), 0.0002210 secs]
17.388: [GC (Allocation Failure) 24369K->435K(66368K), 0.0002270 secs]
17.405: [GC (Allocation Failure) 23685K->435K(65728K), 0.0002100 secs]
17.441: [GC (Allocation Failure) 23001K->435K(65088K), 0.0002080 secs]
17.459: [GC (Allocation Failure) 22415K->435K(64512K), 0.0002290 secs]
17.477: [GC (Allocation Failure) 21829K->435K(63936K), 0.0002170 secs]
17.586: [GC (Allocation Failure) 21243K->435K(63360K), 0.0002170 secs]
17.603: [GC (Allocation Failure) 20657K->435K(62848K), 0.0002130 secs]
17.615: [GC (Allocation Failure) 20169K->435K(62336K), 0.0002160 secs]
17.640: [GC (Allocation Failure) 19680K->435K(61824K), 0.0002400 secs]
17.658: [GC (Allocation Failure) 19094K->435K(61376K), 0.0002170 secs]
17.673: [GC (Allocation Failure) 18704K->435K(65088K), 0.0002170 secs]
17.691: [GC (Allocation Failure) 22415K->435K(69504K), 0.0002050 secs]
17.740: [GC (Allocation Failure) 26814K->435K(68736K), 0.0002070 secs]
17.789: [GC (Allocation Failure) 26033K->435K(67968K), 0.0003890 secs]
17.841: [GC (Allocation Failure) 25250K->435K(67264K), 0.0002150 secs]
17.859: [GC (Allocation Failure) 24564K->435K(66560K), 0.0002060 secs]
17.874: [GC (Allocation Failure) 23880K->435K(65920K), 0.0002300 secs]
17.888: [GC (Allocation Failure) 23196K->435K(70528K), 0.0002060 secs]
17.909: [GC (Allocation Failure) 27889K->435K(69696K), 0.0002160 secs]
17.929: [GC (Allocation Failure) 27010K->435K(68928K), 0.0002130 secs]
17.994: [GC (Allocation Failure) 26228K->435K(68160K), 0.0002090 secs]
18.010: [GC (Allocation Failure) 25447K->435K(67456K), 0.0002160 secs]
18.024: [GC (Allocation Failure) 24759K->435K(66752K), 0.0002010 secs]
18.042: [GC (Allocation Failure) 24076K->435K(66048K), 0.0002130 secs]
18.088: [GC (Allocation Failure) 23392K->435K(65408K), 0.0002170 secs]
18.105: [GC (Allocation Failure) 22708K->435K(64768K), 0.0002260 secs]
18.117: [GC (Allocation Failure) 22122K->435K(69120K), 0.0002130 secs]
18.136: [GC (Allocation Failure) 26424K->435K(74368K), 0.0002140 secs]
18.158: [GC (Allocation Failure) 31698K->435K(73344K), 0.0002030 secs]
18.292: [GC (Allocation Failure) 30624K->435K(72384K), 0.0002800 secs]
18.342: [GC (Allocation Failure) 29745K->435K(71488K), 0.0002140 secs]
18.363: [GC (Allocation Failure) 28768K->435K(70592K), 0.0002050 secs]
18.391: [GC (Allocation Failure) 27889K->435K(69760K), 0.0002220 secs]
18.406: [GC (Allocation Failure) 27107K->435K(68992K), 0.0002060 secs]
18.440: [GC (Allocation Failure) 26326K->435K(68224K), 0.0002150 secs]
18.507: [GC (Allocation Failure) 25545K->435K(67520K), 0.0002350 secs]
18.524: [GC (Allocation Failure) 24857K->435K(66816K), 0.0002070 secs]
18.598: [GC (Allocation Failure) 24173K->435K(66112K), 0.0002090 secs]
18.615: [GC (Allocation Failure) 23392K->435K(65472K), 0.0002470 secs]
18.664: [GC (Allocation Failure) 22806K->435K(64832K), 0.0002010 secs]
18.692: [GC (Allocation Failure) 22122K->435K(64256K), 0.0002050 secs]
18.704: [GC (Allocation Failure) 21536K->435K(63680K), 0.0002020 secs]
18.890: [GC (Allocation Failure) 20950K->435K(63104K), 0.0001950 secs]
18.906: [GC (Allocation Failure) 20462K->435K(62592K), 0.0002170 secs]
18.922: [GC (Allocation Failure) 19876K->435K(62080K), 0.0002140 secs]
18.986: [GC (Allocation Failure) 19387K->435K(61568K), 0.0002250 secs]
18.997: [GC (Allocation Failure) 18899K->435K(61120K), 0.0002180 secs]
19.136: [GC (Allocation Failure) 18411K->435K(60672K), 0.0002640 secs]
19.185: [GC (Allocation Failure) 18020K->435K(60224K), 0.0002060 secs]
19.236: [GC (Allocation Failure) 17532K->435K(59840K), 0.0002240 secs]
19.249: [GC (Allocation Failure) 17141K->435K(59456K), 0.0002740 secs]
19.263: [GC (Allocation Failure) 16750K->435K(62784K), 0.0002290 secs]
19.279: [GC (Allocation Failure) 20071K->435K(66752K), 0.0002110 secs]
19.342: [GC (Allocation Failure) 24076K->435K(66048K), 0.0002090 secs]
19.360: [GC (Allocation Failure) 23392K->435K(65408K), 0.0002090 secs]
19.374: [GC (Allocation Failure) 22708K->435K(69888K), 0.0002300 secs]
19.394: [GC (Allocation Failure) 27205K->435K(75264K), 0.0002100 secs]
19.449: [GC (Allocation Failure) 32577K->435K(74240K), 0.0002060 secs]
19.471: [GC (Allocation Failure) 31600K->435K(73216K), 0.0002050 secs]
19.490: [GC (Allocation Failure) 30526K->435K(72256K), 0.0002780 secs]
19.540: [GC (Allocation Failure) 29549K->435K(71360K), 0.0002210 secs]
19.592: [GC (Allocation Failure) 28670K->435K(70464K), 0.0003120 secs]
19.708: [GC (Allocation Failure) 27791K->435K(69632K), 0.0002040 secs]
19.791: [GC (Allocation Failure) 26912K->435K(68864K), 0.0002030 secs]
19.810: [GC (Allocation Failure) 26131K->435K(68096K), 0.0002060 secs]
19.825: [GC (Allocation Failure) 25447K->435K(67392K), 0.0002060 secs]
19.894: [GC (Allocation Failure) 24662K->435K(66688K), 0.0002250 secs]
19.912: [GC (Allocation Failure) 23978K->435K(66048K), 0.0002170 secs]
19.930: [GC (Allocation Failure) 23392K->435K(65408K), 0.0002120 secs]
19.944: [GC (Allocation Failure) 22708K->435K(64768K), 0.0002160 secs]
19.961: [GC (Allocation Failure) 22122K->435K(69120K), 0.0002250 secs]
20.042: [GC (Allocation Failure) 26424K->435K(68352K), 0.0002260 secs]
20.061: [GC (Allocation Failure) 25642K->435K(67584K), 0.0002160 secs]
20.075: [GC (Allocation Failure) 24857K->435K(66880K), 0.0002040 secs]
20.106: [GC (Allocation Failure) 24173K->435K(66176K), 0.0002270 secs]
20.123: [GC (Allocation Failure) 23490K->435K(65536K), 0.0002090 secs]
20.150: [GC (Allocation Failure) 22806K->435K(64896K), 0.0002140 secs]
20.165: [GC (Allocation Failure) 22220K->435K(64320K), 0.0002360 secs]
20.188: [GC (Allocation Failure) 21634K->435K(63744K), 0.0002130 secs]
20.198: [GC (Allocation Failure) 21048K->435K(67904K), 0.0002020 secs]
20.215: [GC (Allocation Failure) 25250K->435K(72896K), 0.0002000 secs]
20.345: [GC (Allocation Failure) 30233K->435K(71936K), 0.0002070 secs]
20.363: [GC (Allocation Failure) 29256K->435K(71040K), 0.0002010 secs]
20.378: [GC (Allocation Failure) 28377K->435K(70208K), 0.0002000 secs]
20.441: [GC (Allocation Failure) 27498K->435K(69376K), 0.0002150 secs]
20.454: [GC (Allocation Failure) 26717K->435K(68608K), 0.0002040 secs]
20.538: [GC (Allocation Failure) 25935K->435K(67840K), 0.0002260 secs]
20.556: [GC (Allocation Failure) 25150K->435K(67136K), 0.0002030 secs]
20.569: [GC (Allocation Failure) 24466K->435K(66432K), 0.0002250 secs]
20.581: [GC (Allocation Failure) 23783K->435K(71104K), 0.0002010 secs]
20.599: [GC (Allocation Failure) 28377K->435K(76736K), 0.0002800 secs]
20.617: [GC (Allocation Failure) 34042K->435K(83520K), 0.0002170 secs]
20.642: [GC (Allocation Failure) 40879K->435K(91648K), 0.0002030 secs]
20.672: [GC (Allocation Failure) 48986K->435K(89856K), 0.0002220 secs]
20.707: [GC (Allocation Failure) 47130K->435K(88128K), 0.0002270 secs]
20.736: [GC (Allocation Failure) 45470K->435K(86528K), 0.0002170 secs]
20.758: [GC (Allocation Failure) 43809K->435K(84992K), 0.0002750 secs]
20.904: [GC (Allocation Failure) 42344K->435K(83520K), 0.0002170 secs]
20.925: [GC (Allocation Failure) 40879K->435K(82112K), 0.0002280 secs]
21.002: [GC (Allocation Failure) 39414K->435K(80768K), 0.0002170 secs]
21.026: [GC (Allocation Failure) 38047K->435K(79488K), 0.0002130 secs]
21.045: [GC (Allocation Failure) 36777K->435K(78272K), 0.0002220 secs]
21.140: [GC (Allocation Failure) 35605K->435K(77120K), 0.0002310 secs]
21.161: [GC (Allocation Failure) 34433K->435K(75968K), 0.0002040 secs]
21.179: [GC (Allocation Failure) 33261K->435K(74880K), 0.0002040 secs]
21.249: [GC (Allocation Failure) 32186K->435K(73856K), 0.0002160 secs]
21.268: [GC (Allocation Failure) 31210K->435K(72896K), 0.0002070 secs]
21.295: [GC (Allocation Failure) 30233K->435K(71936K), 0.0001960 secs]
21.309: [GC (Allocation Failure) 29256K->435K(71040K), 0.0002000 secs]
21.341: [GC (Allocation Failure) 28377K->435K(70208K), 0.0002390 secs]
21.360: [GC (Allocation Failure) 27498K->435K(69376K), 0.0002340 secs]
21.378: [GC (Allocation Failure) 26717K->435K(68608K), 0.0002130 secs]
21.411: [GC (Allocation Failure) 25935K->435K(67840K), 0.0002050 secs]
21.428: [GC (Allocation Failure) 25150K->435K(67136K), 0.0002200 secs]
21.443: [GC (Allocation Failure) 24466K->435K(66432K), 0.0002190 secs]
21.491: [GC (Allocation Failure) 23783K->435K(65792K), 0.0002060 secs]
21.545: [GC (Allocation Failure) 23099K->435K(65152K), 0.0002420 secs]
21.558: [GC (Allocation Failure) 22513K->435K(64576K), 0.0002650 secs]
21.574: [GC (Allocation Failure) 21927K->435K(68928K), 0.0002170 secs]
21.641: [GC (Allocation Failure) 26228K->435K(68160K), 0.0002060 secs]
21.738: [GC (Allocation Failure) 25447K->435K(67456K), 0.0002160 secs]
21.755: [GC (Allocation Failure) 24759K->435K(66752K), 0.0002050 secs]
21.768: [GC (Allocation Failure) 24076K->435K(66048K), 0.0002170 secs]
21.780: [GC (Allocation Failure) 23392K->435K(70656K), 0.0002030 secs]
21.798: [GC (Allocation Failure) 27986K->435K(76224K), 0.0002130 secs]
21.846: [GC (Allocation Failure) 33554K->435K(75136K), 0.0002150 secs]
21.866: [GC (Allocation Failure) 32479K->435K(74112K), 0.0002050 secs]
21.895: [GC (Allocation Failure) 31405K->435K(73152K), 0.0002150 secs]
21.910: [GC (Allocation Failure) 30428K->435K(72192K), 0.0002030 secs]
21.929: [GC (Allocation Failure) 29549K->435K(71296K), 0.0002030 secs]
21.943: [GC (Allocation Failure) 28572K->435K(76992K), 0.0002160 secs]
22.048: [GC (Allocation Failure) 34335K->435K(75904K), 0.0002370 secs]
22.063: [GC (Allocation Failure) 33261K->435K(74816K), 0.0002630 secs]
22.079: [GC (Allocation Failure) 32089K->435K(81216K), 0.0002080 secs]
22.097: [GC (Allocation Failure) 38535K->435K(88896K), 0.0002170 secs]
22.116: [GC (Allocation Failure) 46251K->435K(87232K), 0.0002020 secs]
22.140: [GC (Allocation Failure) 44591K->435K(85632K), 0.0002160 secs]
22.198: [GC (Allocation Failure) 42930K->435K(84096K), 0.0002120 secs]
22.342: [GC (Allocation Failure) 41367K->435K(82624K), 0.0002170 secs]
22.359: [GC (Allocation Failure) 39902K->435K(81280K), 0.0002720 secs]
22.413: [GC (Allocation Failure) 38633K->435K(80000K), 0.0002220 secs]
22.429: [GC (Allocation Failure) 37363K->435K(78720K), 0.0002130 secs]
22.448: [GC (Allocation Failure) 35996K->435K(77504K), 0.0002020 secs]
22.463: [GC (Allocation Failure) 34823K->435K(76352K), 0.0002150 secs]
22.480: [GC (Allocation Failure) 33651K->435K(75264K), 0.0002080 secs]
22.515: [GC (Allocation Failure) 32577K->435K(74240K), 0.0002230 secs]
22.593: [GC (Allocation Failure) 31600K->435K(73216K), 0.0002010 secs]
22.622: [GC (Allocation Failure) 30526K->435K(72256K), 0.0002470 secs]
22.636: [GC (Allocation Failure) 29549K->435K(71360K), 0.0002620 secs]
22.659: [GC (Allocation Failure) 28670K->435K(70464K), 0.0002150 secs]
22.675: [GC (Allocation Failure) 27791K->435K(69632K), 0.0002020 secs]
22.691: [GC (Allocation Failure) 26912K->435K(74944K), 0.0002220 secs]
22.748: [GC (Allocation Failure) 32284K->435K(73920K), 0.0002180 secs]
22.765: [GC (Allocation Failure) 31210K->435K(72960K), 0.0002120 secs]
22.793: [GC (Allocation Failure) 30233K->435K(72000K), 0.0002920 secs]
22.817: [GC (Allocation Failure) 29354K->435K(71104K), 0.0002130 secs]
22.830: [GC (Allocation Failure) 28377K->435K(76736K), 0.0002180 secs]
22.907: [GC (Allocation Failure) 34042K->435K(75648K), 0.0002050 secs]
22.935: [GC (Allocation Failure) 32968K->435K(74560K), 0.0002230 secs]
22.953: [GC (Allocation Failure) 31893K->435K(73536K), 0.0002370 secs]
22.970: [GC (Allocation Failure) 30819K->435K(72576K), 0.0002100 secs]
22.987: [GC (Allocation Failure) 29842K->435K(71680K), 0.0002150 secs]
23.043: [GC (Allocation Failure) 28963K->435K(70784K), 0.0002060 secs]
23.096: [GC (Allocation Failure) 28084K->435K(69952K), 0.0002090 secs]
23.112: [GC (Allocation Failure) 27303K->435K(69120K), 0.0002020 secs]
23.192: [GC (Allocation Failure) 26424K->435K(68352K), 0.0002760 secs]
23.241: [GC (Allocation Failure) 25642K->435K(67584K), 0.0002110 secs]
23.295: [GC (Allocation Failure) 24857K->435K(66880K), 0.0002060 secs]
23.310: [GC (Allocation Failure) 24173K->435K(66176K), 0.0002710 secs]
23.320: [GC (Allocation Failure) 23490K->435K(70848K), 0.0003200 secs]
23.347: [GC (Allocation Failure) 28182K->435K(76416K), 0.0002410 secs]
23.366: [GC (Allocation Failure) 33749K->435K(83136K), 0.0002300 secs]
23.385: [GC (Allocation Failure) 40488K->435K(91200K), 0.0002300 secs]
23.502: [GC (Allocation Failure) 48498K->435K(89408K), 0.0002310 secs]
23.526: [GC (Allocation Failure) 46739K->435K(87744K), 0.0002040 secs]
23.550: [GC (Allocation Failure) 45079K->435K(86144K), 0.0002120 secs]
23.569: [GC (Allocation Failure) 43419K->435K(84608K), 0.0002020 secs]
23.587: [GC (Allocation Failure) 41953K->435K(83136K), 0.0002140 secs]
23.649: [GC (Allocation Failure) 40488K->435K(81728K), 0.0002370 secs]
23.718: [GC (Allocation Failure) 39023K->435K(80384K), 0.0002040 secs]
23.738: [GC (Allocation Failure) 37656K->435K(79104K), 0.0002120 secs]
23.801: [GC (Allocation Failure) 36386K->435K(77888K), 0.0002040 secs]
23.817: [GC (Allocation Failure) 35214K->435K(76736K), 0.0003230 secs]
23.851: [GC (Allocation Failure) 34042K->435K(75648K), 0.0002420 secs]
23.870: [GC (Allocation Failure) 32968K->435K(74560K), 0.0002270 secs]
23.884: [GC (Allocation Failure) 31893K->435K(80896K), 0.0002680 secs]
23.909: [GC (Allocation Failure) 38242K->435K(79616K), 0.0002140 secs]
23.948: [GC (Allocation Failure) 36972K->435K(78400K), 0.0002030 secs]
23.982: [GC (Allocation Failure) 35702K->435K(77248K), 0.0002020 secs]
24.001: [GC (Allocation Failure) 34530K->435K(76096K), 0.0002130 secs]
24.015: [GC (Allocation Failure) 33456K->435K(75008K), 0.0002030 secs]
24.032: [GC (Allocation Failure) 32284K->435K(73984K), 0.0001990 secs]
24.099: [GC (Allocation Failure) 31307K->435K(73024K), 0.0002040 secs]
24.113: [GC (Allocation Failure) 30331K->435K(79040K), 0.0003340 secs]
24.200: [GC (Allocation Failure) 36386K->435K(77824K), 0.0002170 secs]
24.247: [GC (Allocation Failure) 35116K->435K(76672K), 0.0002140 secs]
24.266: [GC (Allocation Failure) 33944K->435K(75584K), 0.0002100 secs]
24.280: [GC (Allocation Failure) 32870K->435K(74560K), 0.0002170 secs]
24.298: [GC (Allocation Failure) 31893K->435K(73536K), 0.0002110 secs]
24.346: [GC (Allocation Failure) 30819K->435K(72576K), 0.0003190 secs]
24.396: [GC (Allocation Failure) 29842K->435K(71680K), 0.0002040 secs]
24.449: [GC (Allocation Failure) 28963K->435K(70784K), 0.0002120 secs]
24.465: [GC (Allocation Failure) 28084K->435K(69952K), 0.0002290 secs]
24.481: [GC (Allocation Failure) 27303K->435K(69120K), 0.0002080 secs]
24.494: [GC (Allocation Failure) 26424K->435K(74368K), 0.0003220 secs]
24.511: [GC (Allocation Failure) 31698K->435K(80640K), 0.0002110 secs]
24.541: [GC (Allocation Failure) 37949K->435K(88192K), 0.0002310 secs]
24.561: [GC (Allocation Failure) 45470K->435K(97216K), 0.0002130 secs]
24.620: [GC (Allocation Failure) 54557K->435K(95168K), 0.0002250 secs]
24.643: [GC (Allocation Failure) 52506K->435K(93184K), 0.0002060 secs]
24.669: [GC (Allocation Failure) 50455K->435K(91328K), 0.0002740 secs]
24.694: [GC (Allocation Failure) 48595K->435K(89536K), 0.0002170 secs]
24.718: [GC (Allocation Failure) 46837K->435K(87872K), 0.0002020 secs]
24.752: [GC (Allocation Failure) 45177K->435K(86272K), 0.0002470 secs]
24.775: [GC (Allocation Failure) 43614K->435K(84736K), 0.0001980 secs]
24.793: [GC (Allocation Failure) 42051K->435K(83264K), 0.0002120 secs]
24.811: [GC (Allocation Failure) 40586K->435K(81856K), 0.0002010 secs]
24.918: [GC (Allocation Failure) 39219K->435K(80512K), 0.0002100 secs]
24.939: [GC (Allocation Failure) 37851K->435K(79232K), 0.0002070 secs]
24.955: [GC (Allocation Failure) 36582K->435K(78016K), 0.0002210 secs]
24.999: [GC (Allocation Failure) 35312K->435K(76864K), 0.0002110 secs]
25.052: [GC (Allocation Failure) 34140K->435K(75776K), 0.0002220 secs]
25.067: [GC (Allocation Failure) 33065K->435K(74688K), 0.0002030 secs]
25.080: [GC (Allocation Failure) 31991K->435K(73664K), 0.0002060 secs]
25.094: [GC (Allocation Failure) 31014K->435K(79808K), 0.0002010 secs]
25.254: [GC (Allocation Failure) 37168K->435K(78592K), 0.0002220 secs]
25.273: [GC (Allocation Failure) 35898K->435K(77376K), 0.0002130 secs]
25.292: [GC (Allocation Failure) 34726K->435K(76224K), 0.0002100 secs]
25.311: [GC (Allocation Failure) 33554K->435K(75136K), 0.0002010 secs]
25.325: [GC (Allocation Failure) 32479K->435K(74112K), 0.0002160 secs]
25.348: [GC (Allocation Failure) 31405K->435K(73152K), 0.0002300 secs]
25.361: [GC (Allocation Failure) 30428K->435K(79168K), 0.0002040 secs]
25.404: [GC (Allocation Failure) 36484K->435K(77952K), 0.0002150 secs]
25.423: [GC (Allocation Failure) 35312K->435K(76800K), 0.0002020 secs]
25.442: [GC (Allocation Failure) 34140K->435K(75712K), 0.0002000 secs]
25.456: [GC (Allocation Failure) 33065K->435K(74624K), 0.0002160 secs]
25.539: [GC (Allocation Failure) 31893K->435K(73600K), 0.0002360 secs]
25.553: [GC (Allocation Failure) 30917K->435K(79744K), 0.0002790 secs]
25.569: [GC (Allocation Failure) 37070K->435K(87104K), 0.0002130 secs]
25.608: [GC (Allocation Failure) 44395K->435K(85504K), 0.0002090 secs]
25.626: [GC (Allocation Failure) 42833K->435K(94016K), 0.0002720 secs]
25.656: [GC (Allocation Failure) 51334K->435K(92096K), 0.0002120 secs]
25.677: [GC (Allocation Failure) 49377K->435K(90304K), 0.0002120 secs]
25.723: [GC (Allocation Failure) 47618K->435K(88576K), 0.0002280 secs]
25.748: [GC (Allocation Failure) 45860K->435K(86912K), 0.0002290 secs]
25.768: [GC (Allocation Failure) 44200K->435K(85312K), 0.0002200 secs]
25.790: [GC (Allocation Failure) 42637K->435K(83840K), 0.0002100 secs]
25.812: [GC (Allocation Failure) 41172K->435K(82432K), 0.0002220 secs]
25.902: [GC (Allocation Failure) 39707K->435K(81088K), 0.0002060 secs]
25.955: [GC (Allocation Failure) 38437K->435K(79808K), 0.0002120 secs]
25.971: [GC (Allocation Failure) 37168K->435K(78592K), 0.0002060 secs]
26.101: [GC (Allocation Failure) 35898K->435K(77376K), 0.0001960 secs]
26.136: [GC (Allocation Failure) 34726K->435K(76224K), 0.0002150 secs]
26.151: [GC (Allocation Failure) 33554K->435K(75136K), 0.0002750 secs]
26.199: [GC (Allocation Failure) 32479K->435K(74112K), 0.0002050 secs]
26.253: [GC (Allocation Failure) 31405K->435K(73152K), 0.0002500 secs]
26.270: [GC (Allocation Failure) 30428K->435K(72192K), 0.0002080 secs]
26.283: [GC (Allocation Failure) 29549K->435K(71296K), 0.0002280 secs]
26.299: [GC (Allocation Failure) 28572K->435K(70400K), 0.0002090 secs]
26.337: [GC (Allocation Failure) 27693K->435K(69568K), 0.0002180 secs]
26.348: [GC (Allocation Failure) 26912K->435K(74880K), 0.0002250 secs]
26.362: [GC (Allocation Failure) 32186K->435K(81280K), 0.0002140 secs]
26.406: [GC (Allocation Failure) 38633K->435K(80000K), 0.0002180 secs]
26.423: [GC (Allocation Failure) 37363K->435K(87424K), 0.0002690 secs]
26.509: [GC (Allocation Failure) 44786K->435K(85824K), 0.0002170 secs]
26.531: [GC (Allocation Failure) 43126K->435K(84288K), 0.0002020 secs]
26.600: [GC (Allocation Failure) 41563K->435K(82816K), 0.0002180 secs]
26.618: [GC (Allocation Failure) 40098K->435K(81408K), 0.0002170 secs]
26.681: [GC (Allocation Failure) 38730K->435K(80064K), 0.0002140 secs]
26.698: [GC (Allocation Failure) 37363K->435K(78784K), 0.0002710 secs]
26.741: [GC (Allocation Failure) 36093K->435K(77568K), 0.0002280 secs]
26.760: [GC (Allocation Failure) 34921K->435K(76416K), 0.0002150 secs]
26.779: [GC (Allocation Failure) 33749K->435K(75328K), 0.0002110 secs]
26.794: [GC (Allocation Failure) 32675K->435K(74304K), 0.0002120 secs]
26.846: [GC (Allocation Failure) 31600K->435K(73280K), 0.0002120 secs]
26.896: [GC (Allocation Failure) 30624K->435K(72320K), 0.0002120 secs]
26.913: [GC (Allocation Failure) 29647K->435K(71424K), 0.0002190 secs]
26.926: [GC (Allocation Failure) 28768K->435K(77120K), 0.0002700 secs]
27.006: [GC (Allocation Failure) 34433K->435K(75968K), 0.0002140 secs]
27.020: [GC (Allocation Failure) 33261K->435K(74880K), 0.0002290 secs]
27.034: [GC (Allocation Failure) 32186K->435K(81280K), 0.0002160 secs]
27.051: [GC (Allocation Failure) 38633K->435K(88960K), 0.0002040 secs]
27.070: [GC (Allocation Failure) 46251K->435K(98176K), 0.0002120 secs]
27.114: [GC (Allocation Failure) 55534K->435K(96064K), 0.0002100 secs]
27.138: [GC (Allocation Failure) 53385K->435K(94080K), 0.0002110 secs]
27.164: [GC (Allocation Failure) 51432K->435K(92160K), 0.0002080 secs]
27.262: [GC (Allocation Failure) 49474K->435K(90368K), 0.0002060 secs]
27.282: [GC (Allocation Failure) 47716K->435K(88640K), 0.0002040 secs]
27.322: [GC (Allocation Failure) 45958K->435K(86976K), 0.0002240 secs]
27.356: [GC (Allocation Failure) 44298K->435K(85376K), 0.0002080 secs]
27.405: [GC (Allocation Failure) 42735K->435K(83904K), 0.0002130 secs]
27.423: [GC (Allocation Failure) 41172K->435K(82496K), 0.0002040 secs]
27.440: [GC (Allocation Failure) 39805K->435K(81152K), 0.0002030 secs]
27.545: [GC (Allocation Failure) 38437K->435K(79872K), 0.0002400 secs]
27.562: [GC (Allocation Failure) 37168K->435K(78656K), 0.0002190 secs]
27.582: [GC (Allocation Failure) 35996K->435K(77440K), 0.0002090 secs]
27.601: [GC (Allocation Failure) 34726K->435K(76288K), 0.0002090 secs]
27.656: [GC (Allocation Failure) 33554K->435K(75200K), 0.0002010 secs]
27.670: [GC (Allocation Failure) 32479K->435K(74176K), 0.0002050 secs]
27.688: [GC (Allocation Failure) 31503K->435K(73152K), 0.0002230 secs]
27.854: [GC (Allocation Failure) 30428K->435K(72192K), 0.0003510 secs]
27.868: [GC (Allocation Failure) 29549K->435K(71296K), 0.0002170 secs]
27.953: [GC (Allocation Failure) 28572K->435K(70400K), 0.0002200 secs]
27.970: [GC (Allocation Failure) 27693K->435K(69568K), 0.0002290 secs]
27.986: [GC (Allocation Failure) 26912K->435K(68800K), 0.0002090 secs]
28.003: [GC (Allocation Failure) 26131K->435K(68032K), 0.0002190 secs]
28.019: [GC (Allocation Failure) 25349K->435K(73024K), 0.0002110 secs]
28.120: [GC (Allocation Failure) 30331K->435K(72064K), 0.0002110 secs]
28.132: [GC (Allocation Failure) 29354K->435K(71168K), 0.0002400 secs]
28.145: [GC (Allocation Failure) 28475K->435K(76800K), 0.0002040 secs]
28.160: [GC (Allocation Failure) 34140K->435K(83584K), 0.0002040 secs]
28.181: [GC (Allocation Failure) 40879K->435K(91712K), 0.0002020 secs]
28.228: [GC (Allocation Failure) 48986K->435K(89920K), 0.0002170 secs]
28.252: [GC (Allocation Failure) 47228K->435K(88192K), 0.0002020 secs]
28.276: [GC (Allocation Failure) 45470K->435K(86592K), 0.0002110 secs]
28.299: [GC (Allocation Failure) 43907K->435K(85056K), 0.0002050 secs]
28.410: [GC (Allocation Failure) 42344K->435K(83584K), 0.0002030 secs]
28.460: [GC (Allocation Failure) 40879K->435K(82176K), 0.0002190 secs]
28.478: [GC (Allocation Failure) 39512K->435K(80832K), 0.0002700 secs]
28.521: [GC (Allocation Failure) 38144K->435K(79552K), 0.0002110 secs]
28.539: [GC (Allocation Failure) 36875K->435K(78336K), 0.0002110 secs]
28.554: [GC (Allocation Failure) 35605K->435K(77184K), 0.0002160 secs]
28.569: [GC (Allocation Failure) 34530K->435K(76032K), 0.0002010 secs]
28.594: [GC (Allocation Failure) 33358K->435K(74944K), 0.0002290 secs]
28.613: [GC (Allocation Failure) 32284K->435K(81344K), 0.0002790 secs]
28.634: [GC (Allocation Failure) 38633K->435K(80000K), 0.0002200 secs]
28.655: [GC (Allocation Failure) 37363K->435K(78720K), 0.0002240 secs]
28.675: [GC (Allocation Failure) 35996K->435K(77504K), 0.0002000 secs]
28.690: [GC (Allocation Failure) 34823K->435K(76352K), 0.0002030 secs]
28.747: [GC (Allocation Failure) 33651K->435K(75264K), 0.0002250 secs]
28.766: [GC (Allocation Failure) 32577K->435K(74240K), 0.0002310 secs]
28.803: [GC (Allocation Failure) 31600K->435K(73216K), 0.0002060 secs]
28.852: [GC (Allocation Failure) 30526K->435K(72256K), 0.0002130 secs]
28.910: [GC (Allocation Failure) 29549K->435K(71360K), 0.0002230 secs]
28.926: [GC (Allocation Failure) 28670K->435K(70464K), 0.0002590 secs]
28.939: [GC (Allocation Failure) 27791K->435K(69632K), 0.0002160 secs]
29.000: [GC (Allocation Failure) 26912K->435K(68864K), 0.0002210 secs]
29.011: [GC (Allocation Failure) 26131K->435K(74048K), 0.0002110 secs]
29.053: [GC (Allocation Failure) 31405K->435K(73088K), 0.0002040 secs]
29.106: [GC (Allocation Failure) 30428K->435K(72128K), 0.0002100 secs]
29.121: [GC (Allocation Failure) 29451K->435K(71232K), 0.0002140 secs]
29.156: [GC (Allocation Failure) 28572K->435K(70400K), 0.0002150 secs]
29.172: [GC (Allocation Failure) 27693K->435K(69568K), 0.0002190 secs]
29.304: [GC (Allocation Failure) 26912K->435K(68800K), 0.0002000 secs]
29.317: [GC (Allocation Failure) 26131K->435K(68032K), 0.0001970 secs]
29.331: [GC (Allocation Failure) 25349K->435K(67328K), 0.0002310 secs]
29.346: [GC (Allocation Failure) 24662K->435K(72192K), 0.0002060 secs]
29.402: [GC (Allocation Failure) 29549K->435K(71296K), 0.0002160 secs]
29.452: [GC (Allocation Failure) 28572K->435K(70400K), 0.0002050 secs]
29.580: [GC (Allocation Failure) 27693K->435K(69568K), 0.0002150 secs]
29.592: [GC (Allocation Failure) 26912K->435K(68800K), 0.0002030 secs]
29.603: [GC (Allocation Failure) 26131K->435K(73984K), 0.0002070 secs]
29.658: [GC (Allocation Failure) 31307K->435K(73024K), 0.0002230 secs]
29.671: [GC (Allocation Failure) 30331K->435K(72064K), 0.0002170 secs]
29.703: [GC (Allocation Failure) 29354K->435K(71168K), 0.0002240 secs]
29.716: [GC (Allocation Failure) 28475K->435K(70336K), 0.0002040 secs]
29.728: [GC (Allocation Failure) 27693K->435K(75840K), 0.0002080 secs]
29.742: [GC (Allocation Failure) 33163K->435K(82432K), 0.0002040 secs]
29.790: [GC (Allocation Failure) 39707K->435K(81088K), 0.0002160 secs]
29.811: [GC (Allocation Failure) 38437K->435K(79808K), 0.0002150 secs]
29.906: [GC (Allocation Failure) 37168K->435K(78592K), 0.0002150 secs]
29.922: [GC (Allocation Failure) 35898K->435K(77376K), 0.0002030 secs]
29.936: [GC (Allocation Failure) 34726K->435K(76224K), 0.0002050 secs]
29.951: [GC (Allocation Failure) 33554K->435K(82880K), 0.0002040 secs]
29.968: [GC (Allocation Failure) 40195K->435K(90880K), 0.0002040 secs]
30.011: [GC (Allocation Failure) 48204K->435K(89152K), 0.0002750 secs]
30.140: [GC (Allocation Failure) 46446K->435K(87488K), 0.0002060 secs]
30.214: [GC (Allocation Failure) 44786K->435K(85888K), 0.0002110 secs]
30.233: [GC (Allocation Failure) 43223K->435K(84352K), 0.0002140 secs]
30.255: [GC (Allocation Failure) 41660K->435K(82880K), 0.0002030 secs]
30.276: [GC (Allocation Failure) 40195K->435K(81472K), 0.0002020 secs]
30.297: [GC (Allocation Failure) 38828K->435K(80128K), 0.0002120 secs]
30.345: [GC (Allocation Failure) 37461K->435K(78848K), 0.0002000 secs]
30.361: [GC (Allocation Failure) 36191K->435K(77632K), 0.0002820 secs]
30.412: [GC (Allocation Failure) 34921K->435K(76480K), 0.0002410 secs]
30.431: [GC (Allocation Failure) 33749K->435K(75392K), 0.0002190 secs]
30.510: [GC (Allocation Failure) 32675K->435K(74368K), 0.0002150 secs]
30.524: [GC (Allocation Failure) 31698K->435K(73344K), 0.0002210 secs]
30.538: [GC (Allocation Failure) 30624K->435K(72384K), 0.0002070 secs]
30.554: [GC (Allocation Failure) 29745K->435K(78272K), 0.0002290 secs]
30.574: [GC (Allocation Failure) 35605K->435K(77120K), 0.0002030 secs]
30.599: [GC (Allocation Failure) 34433K->435K(75968K), 0.0002080 secs]
30.614: [GC (Allocation Failure) 33261K->435K(82560K), 0.0003250 secs]
30.633: [GC (Allocation Failure) 39902K->435K(90496K), 0.0002020 secs]
30.654: [GC (Allocation Failure) 47814K->435K(100032K), 0.0002060 secs]
30.685: [GC (Allocation Failure) 57390K->435K(97856K), 0.0002130 secs]
30.713: [GC (Allocation Failure) 55143K->435K(95744K), 0.0002030 secs]
30.814: [GC (Allocation Failure) 53092K->435K(93760K), 0.0002720 secs]
30.864: [GC (Allocation Failure) 51041K->435K(91840K), 0.0002130 secs]
30.885: [GC (Allocation Failure) 49181K->435K(90048K), 0.0002260 secs]
30.909: [GC (Allocation Failure) 47325K->435K(88320K), 0.0001910 secs]
30.933: [GC (Allocation Failure) 45665K->435K(86656K), 0.0002220 secs]
30.952: [GC (Allocation Failure) 44005K->435K(85120K), 0.0002050 secs]
31.024: [GC (Allocation Failure) 42442K->435K(83648K), 0.0002090 secs]
31.110: [GC (Allocation Failure) 40977K->435K(82240K), 0.0002150 secs]
31.163: [GC (Allocation Failure) 39512K->435K(80896K), 0.0002140 secs]
31.183: [GC (Allocation Failure) 38242K->435K(79616K), 0.0002050 secs]
31.199: [GC (Allocation Failure) 36972K->435K(78400K), 0.0002140 secs]
31.411: [GC (Allocation Failure) 35702K->435K(77248K), 0.0002200 secs]
31.430: [GC (Allocation Failure) 34530K->435K(76096K), 0.0002130 secs]
31.461: [GC (Allocation Failure) 33456K->435K(75008K), 0.0002130 secs]
31.475: [GC (Allocation Failure) 32284K->435K(73984K), 0.0002120 secs]
31.492: [GC (Allocation Failure) 31307K->435K(73024K), 0.0002120 secs]
31.505: [GC (Allocation Failure) 30331K->435K(79040K), 0.0002170 secs]
31.525: [GC (Allocation Failure) 36386K->435K(77824K), 0.0002140 secs]
31.608: [GC (Allocation Failure) 35116K->435K(76672K), 0.0002120 secs]
31.622: [GC (Allocation Failure) 33944K->435K(75584K), 0.0002150 secs]
31.711: [GC (Allocation Failure) 32870K->435K(74560K), 0.0001880 secs]
31.725: [GC (Allocation Failure) 31893K->435K(73536K), 0.0002170 secs]
31.738: [GC (Allocation Failure) 30819K->435K(72576K), 0.0002030 secs]
31.760: [GC (Allocation Failure) 29842K->435K(71680K), 0.0002270 secs]
31.773: [GC (Allocation Failure) 28963K->435K(77440K), 0.0003250 secs]
31.912: [GC (Allocation Failure) 34726K->435K(76288K), 0.0002130 secs]
31.930: [GC (Allocation Failure) 33554K->435K(75200K), 0.0002020 secs]
31.944: [GC (Allocation Failure) 32479K->435K(81664K), 0.0002680 secs]
32.014: [GC (Allocation Failure) 39023K->435K(80320K), 0.0002120 secs]
32.034: [GC (Allocation Failure) 37656K->435K(79040K), 0.0002020 secs]
32.063: [GC (Allocation Failure) 36386K->435K(77824K), 0.0002030 secs]
32.082: [GC (Allocation Failure) 35116K->435K(76672K), 0.0002010 secs]
32.124: [GC (Allocation Failure) 33944K->435K(75584K), 0.0003410 secs]
32.209: [GC (Allocation Failure) 32870K->435K(74560K), 0.0002190 secs]
32.222: [GC (Allocation Failure) 31893K->435K(73536K), 0.0002760 secs]
32.307: [GC (Allocation Failure) 30819K->435K(72576K), 0.0002050 secs]
32.360: [GC (Allocation Failure) 29842K->435K(71680K), 0.0002200 secs]
32.373: [GC (Allocation Failure) 28963K->435K(70784K), 0.0002040 secs]
32.509: [GC (Allocation Failure) 28084K->435K(69952K), 0.0002170 secs]
32.525: [GC (Allocation Failure) 27303K->435K(69120K), 0.0002290 secs]
32.536: [GC (Allocation Failure) 26424K->435K(68352K), 0.0002040 secs]
32.588: [GC (Allocation Failure) 25642K->435K(67584K), 0.0002090 secs]
32.599: [GC (Allocation Failure) 24857K->435K(72512K), 0.0002050 secs]
32.632: [GC (Allocation Failure) 29842K->435K(71616K), 0.0002170 secs]
32.645: [GC (Allocation Failure) 28963K->435K(77376K), 0.0002250 secs]
32.660: [GC (Allocation Failure) 34726K->435K(84288K), 0.0002010 secs]
32.678: [GC (Allocation Failure) 41563K->435K(92544K), 0.0002060 secs]
32.704: [GC (Allocation Failure) 49867K->435K(90688K), 0.0002110 secs]
32.729: [GC (Allocation Failure) 48009K->435K(88960K), 0.0002280 secs]
32.818: [GC (Allocation Failure) 46251K->435K(87296K), 0.0002140 secs]
32.837: [GC (Allocation Failure) 44591K->435K(85696K), 0.0002130 secs]
32.860: [GC (Allocation Failure) 43028K->435K(84160K), 0.0003200 secs]
32.883: [GC (Allocation Failure) 41465K->435K(82688K), 0.0002040 secs]
32.911: [GC (Allocation Failure) 40000K->435K(81344K), 0.0002050 secs]
32.927: [GC (Allocation Failure) 38633K->435K(80000K), 0.0002160 secs]
32.945: [GC (Allocation Failure) 37363K->435K(78720K), 0.0002110 secs]
33.024: [GC (Allocation Failure) 35996K->435K(77504K), 0.0002160 secs]
33.043: [GC (Allocation Failure) 34823K->435K(76352K), 0.0002010 secs]
33.113: [GC (Allocation Failure) 33651K->435K(75264K), 0.0002020 secs]
33.131: [GC (Allocation Failure) 32577K->435K(74240K), 0.0002160 secs]
33.149: [GC (Allocation Failure) 31600K->435K(73216K), 0.0002110 secs]
33.208: [GC (Allocation Failure) 30526K->435K(72256K), 0.0002720 secs]
33.323: [GC (Allocation Failure) 29549K->435K(71360K), 0.0002180 secs]
33.335: [GC (Allocation Failure) 28670K->435K(70464K), 0.0002170 secs]
33.351: [GC (Allocation Failure) 27791K->435K(69632K), 0.0002060 secs]
33.366: [GC (Allocation Failure) 26912K->435K(68864K), 0.0002260 secs]
33.382: [GC (Allocation Failure) 26131K->435K(74048K), 0.0002140 secs]
33.399: [GC (Allocation Failure) 31405K->435K(80256K), 0.0002190 secs]
33.430: [GC (Allocation Failure) 37558K->435K(78976K), 0.0002210 secs]
33.450: [GC (Allocation Failure) 36289K->435K(77760K), 0.0002180 secs]
33.514: [GC (Allocation Failure) 35116K->435K(76608K), 0.0002150 secs]
33.533: [GC (Allocation Failure) 33944K->435K(75520K), 0.0002100 secs]
33.547: [GC (Allocation Failure) 32870K->435K(74496K), 0.0002170 secs]
33.606: [GC (Allocation Failure) 31796K->435K(73472K), 0.0002260 secs]
33.624: [GC (Allocation Failure) 30819K->435K(72512K), 0.0002150 secs]
33.640: [GC (Allocation Failure) 29842K->435K(71616K), 0.0002120 secs]
33.708: [GC (Allocation Failure) 28963K->435K(70720K), 0.0002240 secs]
33.721: [GC (Allocation Failure) 27986K->435K(69888K), 0.0001990 secs]
33.761: [GC (Allocation Failure) 27205K->435K(69056K), 0.0002100 secs]
33.777: [GC (Allocation Failure) 26326K->435K(68288K), 0.0002280 secs]
33.788: [GC (Allocation Failure) 25642K->435K(73344K), 0.0002190 secs]
33.809: [GC (Allocation Failure) 30624K->435K(79424K), 0.0002270 secs]
33.829: [GC (Allocation Failure) 36777K->435K(86720K), 0.0002110 secs]
33.848: [GC (Allocation Failure) 44005K->435K(95488K), 0.0003210 secs]
33.921: [GC (Allocation Failure) 52799K->435K(93504K), 0.0002180 secs]
33.943: [GC (Allocation Failure) 50846K->435K(91648K), 0.0002160 secs]
34.017: [GC (Allocation Failure) 48986K->435K(89856K), 0.0002030 secs]
34.066: [GC (Allocation Failure) 47130K->435K(88128K), 0.0002020 secs]
34.120: [GC (Allocation Failure) 45470K->435K(86528K), 0.0002140 secs]
34.139: [GC (Allocation Failure) 43809K->435K(84992K), 0.0002140 secs]
34.157: [GC (Allocation Failure) 42344K->435K(83520K), 0.0002040 secs]
34.179: [GC (Allocation Failure) 40879K->435K(82112K), 0.0002020 secs]
34.205: [GC (Allocation Failure) 39414K->435K(80768K), 0.0002200 secs]
34.225: [GC (Allocation Failure) 38047K->435K(79488K), 0.0002230 secs]
34.316: [GC (Allocation Failure) 36777K->435K(78272K), 0.0002200 secs]
34.332: [GC (Allocation Failure) 35605K->435K(77120K), 0.0002130 secs]
34.365: [GC (Allocation Failure) 34433K->435K(75968K), 0.0002180 secs]
34.379: [GC (Allocation Failure) 33261K->435K(74880K), 0.0002150 secs]
34.407: [GC (Allocation Failure) 32186K->435K(73856K), 0.0002760 secs]
34.510: [GC (Allocation Failure) 31210K->435K(72896K), 0.0002130 secs]
34.524: [GC (Allocation Failure) 30233K->435K(71936K), 0.0002070 secs]
34.536: [GC (Allocation Failure) 29256K->435K(71040K), 0.0002080 secs]
34.592: [GC (Allocation Failure) 28377K->435K(70208K), 0.0002620 secs]
34.605: [GC (Allocation Failure) 27498K->435K(75648K), 0.0002160 secs]
34.619: [GC (Allocation Failure) 32968K->435K(82176K), 0.0002160 secs]
34.640: [GC (Allocation Failure) 39512K->435K(90048K), 0.0002040 secs]
34.661: [GC (Allocation Failure) 47325K->435K(88320K), 0.0002140 secs]
34.701: [GC (Allocation Failure) 45665K->435K(86656K), 0.0003320 secs]
34.720: [GC (Allocation Failure) 44005K->435K(85120K), 0.0002060 secs]
34.742: [GC (Allocation Failure) 42442K->435K(83648K), 0.0002710 secs]
34.764: [GC (Allocation Failure) 40977K->435K(82240K), 0.0002130 secs]
34.781: [GC (Allocation Failure) 39512K->435K(80896K), 0.0002140 secs]
34.798: [GC (Allocation Failure) 38242K->435K(88512K), 0.0002140 secs]
34.871: [GC (Allocation Failure) 45860K->435K(86848K), 0.0002190 secs]
34.890: [GC (Allocation Failure) 44200K->435K(85312K), 0.0002030 secs]
34.912: [GC (Allocation Failure) 42637K->435K(83840K), 0.0002710 secs]
34.934: [GC (Allocation Failure) 41172K->435K(82432K), 0.0002120 secs]
34.952: [GC (Allocation Failure) 39707K->435K(81088K), 0.0002280 secs]
34.968: [GC (Allocation Failure) 38437K->435K(79808K), 0.0002030 secs]
34.988: [GC (Allocation Failure) 37168K->435K(78592K), 0.0002120 secs]
35.117: [GC (Allocation Failure) 35898K->435K(77376K), 0.0002080 secs]
35.136: [GC (Allocation Failure) 34726K->435K(76224K), 0.0002000 secs]
35.212: [GC (Allocation Failure) 33554K->435K(75136K), 0.0002170 secs]
35.262: [GC (Allocation Failure) 32479K->435K(74112K), 0.0002130 secs]
35.279: [GC (Allocation Failure) 31405K->435K(73152K), 0.0002170 secs]
35.326: [GC (Allocation Failure) 30428K->435K(72192K), 0.0002160 secs]
35.343: [GC (Allocation Failure) 29549K->435K(71296K), 0.0002110 secs]
35.360: [GC (Allocation Failure) 28572K->435K(70400K), 0.0003600 secs]
35.410: [GC (Allocation Failure) 27693K->435K(69568K), 0.0002080 secs]
35.460: [GC (Allocation Failure) 26912K->435K(68800K), 0.0002250 secs]
35.475: [GC (Allocation Failure) 26131K->435K(68032K), 0.0002740 secs]
35.490: [GC (Allocation Failure) 25349K->435K(73024K), 0.0002320 secs]
35.503: [GC (Allocation Failure) 30331K->435K(79040K), 0.0002760 secs]
35.552: [GC (Allocation Failure) 36386K->435K(86272K), 0.0002270 secs]
35.574: [GC (Allocation Failure) 43614K->435K(84736K), 0.0002020 secs]
35.592: [GC (Allocation Failure) 42051K->435K(83264K), 0.0002160 secs]
35.610: [GC (Allocation Failure) 40586K->435K(81856K), 0.0002040 secs]
35.720: [GC (Allocation Failure) 39219K->435K(80512K), 0.0002240 secs]
35.741: [GC (Allocation Failure) 37851K->435K(79232K), 0.0002130 secs]
35.818: [GC (Allocation Failure) 36582K->435K(78016K), 0.0002060 secs]
35.837: [GC (Allocation Failure) 35312K->435K(76864K), 0.0002030 secs]
35.856: [GC (Allocation Failure) 34140K->435K(75776K), 0.0002310 secs]
35.939: [GC (Allocation Failure) 33065K->435K(74688K), 0.0002060 secs]
36.013: [GC (Allocation Failure) 31991K->435K(73664K), 0.0002160 secs]
36.066: [GC (Allocation Failure) 31014K->435K(72704K), 0.0002120 secs]
36.083: [GC (Allocation Failure) 30038K->435K(71808K), 0.0002200 secs]
36.096: [GC (Allocation Failure) 29158K->435K(70912K), 0.0002060 secs]
36.112: [GC (Allocation Failure) 28182K->435K(70080K), 0.0002120 secs]
36.265: [GC (Allocation Failure) 27400K->435K(69248K), 0.0002270 secs]
36.280: [GC (Allocation Failure) 26521K->435K(68480K), 0.0002140 secs]
36.291: [GC (Allocation Failure) 25838K->435K(73600K), 0.0002210 secs]
36.363: [GC (Allocation Failure) 30917K->435K(72640K), 0.0002190 secs]
36.406: [GC (Allocation Failure) 29940K->435K(71744K), 0.0002040 secs]
36.422: [GC (Allocation Failure) 29061K->435K(70848K), 0.0002130 secs]
36.434: [GC (Allocation Failure) 28182K->435K(70016K), 0.0002180 secs]
36.446: [GC (Allocation Failure) 27303K->435K(75456K), 0.0002040 secs]
36.467: [GC (Allocation Failure) 32772K->435K(81984K), 0.0002220 secs]
36.484: [GC (Allocation Failure) 39316K->435K(89792K), 0.0002040 secs]
36.508: [GC (Allocation Failure) 47130K->435K(88064K), 0.0002140 secs]
36.529: [GC (Allocation Failure) 45372K->435K(86464K), 0.0002060 secs]
36.627: [GC (Allocation Failure) 43809K->435K(84928K), 0.0002240 secs]
36.645: [GC (Allocation Failure) 42247K->435K(83456K), 0.0002030 secs]
36.663: [GC (Allocation Failure) 40781K->435K(82048K), 0.0002030 secs]
36.684: [GC (Allocation Failure) 39316K->435K(80704K), 0.0002720 secs]
36.704: [GC (Allocation Failure) 38047K->435K(79424K), 0.0002110 secs]
36.720: [GC (Allocation Failure) 36777K->435K(78208K), 0.0002160 secs]
36.869: [GC (Allocation Failure) 35507K->435K(77056K), 0.0002220 secs]
36.888: [GC (Allocation Failure) 34335K->435K(75904K), 0.0002150 secs]
36.902: [GC (Allocation Failure) 33261K->435K(74816K), 0.0002030 secs]
36.932: [GC (Allocation Failure) 32089K->435K(73792K), 0.0002210 secs]
36.946: [GC (Allocation Failure) 31112K->435K(72832K), 0.0002060 secs]
36.963: [GC (Allocation Failure) 30135K->435K(71872K), 0.0002300 secs]
36.980: [GC (Allocation Failure) 29158K->435K(77632K), 0.0002040 secs]
36.999: [GC (Allocation Failure) 34921K->435K(76480K), 0.0002140 secs]
37.015: [GC (Allocation Failure) 33749K->435K(83200K), 0.0002240 secs]
37.032: [GC (Allocation Failure) 40488K->435K(91264K), 0.0002760 secs]
37.072: [GC (Allocation Failure) 48595K->435K(89472K), 0.0002180 secs]
37.170: [GC (Allocation Failure) 46739K->435K(87808K), 0.0002250 secs]
37.190: [GC (Allocation Failure) 45079K->435K(86208K), 0.0002020 secs]
37.208: [GC (Allocation Failure) 43516K->435K(84672K), 0.0002760 secs]
37.272: [GC (Allocation Failure) 41953K->435K(83200K), 0.0002260 secs]
37.290: [GC (Allocation Failure) 40488K->435K(81792K), 0.0002030 secs]
37.413: [GC (Allocation Failure) 39121K->435K(80448K), 0.0002120 secs]
37.429: [GC (Allocation Failure) 37754K->435K(79168K), 0.0002710 secs]
37.516: [GC (Allocation Failure) 36484K->435K(77952K), 0.0002160 secs]
37.570: [GC (Allocation Failure) 35312K->435K(76800K), 0.0002020 secs]
37.589: [GC (Allocation Failure) 34140K->435K(75712K), 0.0002050 secs]
37.716: [GC (Allocation Failure) 33065K->435K(74624K), 0.0003760 secs]
37.734: [GC (Allocation Failure) 31893K->435K(73600K), 0.0002270 secs]
37.765: [GC (Allocation Failure) 30917K->435K(72640K), 0.0002180 secs]
37.814: [GC (Allocation Failure) 29940K->435K(71744K), 0.0002050 secs]
37.868: [GC (Allocation Failure) 29061K->435K(70848K), 0.0009710 secs]
37.881: [GC (Allocation Failure) 28182K->435K(70016K), 0.0002060 secs]
37.893: [GC (Allocation Failure) 27303K->435K(75456K), 0.0002300 secs]
37.907: [GC (Allocation Failure) 32772K->435K(81984K), 0.0002160 secs]
38.018: [GC (Allocation Failure) 39316K->435K(80640K), 0.0002130 secs]
38.039: [GC (Allocation Failure) 37949K->435K(79360K), 0.0002050 secs]
38.118: [GC (Allocation Failure) 36679K->435K(78144K), 0.0002720 secs]
38.136: [GC (Allocation Failure) 35409K->435K(76992K), 0.0002080 secs]
38.167: [GC (Allocation Failure) 34335K->435K(75904K), 0.0002160 secs]
38.185: [GC (Allocation Failure) 33261K->435K(74816K), 0.0002020 secs]
38.320: [GC (Allocation Failure) 32089K->435K(73792K), 0.0002080 secs]
38.333: [GC (Allocation Failure) 31112K->435K(72832K), 0.0002190 secs]
38.365: [GC (Allocation Failure) 30135K->435K(71872K), 0.0002280 secs]
38.382: [GC (Allocation Failure) 29158K->435K(70976K), 0.0002060 secs]
38.399: [GC (Allocation Failure) 28279K->435K(70144K), 0.0002140 secs]
38.468: [GC (Allocation Failure) 27498K->435K(69312K), 0.0002040 secs]
38.480: [GC (Allocation Failure) 26619K->435K(74560K), 0.0003260 secs]
38.534: [GC (Allocation Failure) 31893K->435K(73536K), 0.0002260 secs]
38.552: [GC (Allocation Failure) 30819K->435K(79680K), 0.0002730 secs]
38.568: [GC (Allocation Failure) 36972K->435K(87040K), 0.0002050 secs]
38.612: [GC (Allocation Failure) 44395K->435K(85440K), 0.0002200 secs]
38.635: [GC (Allocation Failure) 42735K->435K(83968K), 0.0002040 secs]
38.664: [GC (Allocation Failure) 41270K->435K(82560K), 0.0002740 secs]
38.721: [GC (Allocation Failure) 39902K->435K(81216K), 0.0002180 secs]
38.737: [GC (Allocation Failure) 38535K->435K(79936K), 0.0002030 secs]
38.769: [GC (Allocation Failure) 37265K->435K(78656K), 0.0002360 secs]
38.872: [GC (Allocation Failure) 35996K->435K(77440K), 0.0002210 secs]
38.889: [GC (Allocation Failure) 34726K->435K(76288K), 0.0002270 secs]
38.918: [GC (Allocation Failure) 33554K->435K(75200K), 0.0002070 secs]
38.934: [GC (Allocation Failure) 32479K->435K(74176K), 0.0002080 secs]
38.966: [GC (Allocation Failure) 31503K->435K(73152K), 0.0002160 secs]
39.017: [GC (Allocation Failure) 30428K->435K(72192K), 0.0002060 secs]
39.030: [GC (Allocation Failure) 29549K->435K(71296K), 0.0002160 secs]
39.169: [GC (Allocation Failure) 28572K->435K(70400K), 0.0002230 secs]
39.185: [GC (Allocation Failure) 27693K->435K(69568K), 0.0002300 secs]
39.201: [GC (Allocation Failure) 26912K->435K(68800K), 0.0002220 secs]
39.218: [GC (Allocation Failure) 26131K->435K(68032K), 0.0002190 secs]
39.233: [GC (Allocation Failure) 25349K->435K(73024K), 0.0002310 secs]
39.247: [GC (Allocation Failure) 30331K->435K(79040K), 0.0002650 secs]
39.267: [GC (Allocation Failure) 36386K->435K(86272K), 0.0002010 secs]
39.286: [GC (Allocation Failure) 43614K->435K(94912K), 0.0002160 secs]
39.312: [GC (Allocation Failure) 52213K->435K(92992K), 0.0002160 secs]
39.338: [GC (Allocation Failure) 50260K->435K(91136K), 0.0002090 secs]
39.363: [GC (Allocation Failure) 48498K->435K(89344K), 0.0002140 secs]
39.473: [GC (Allocation Failure) 46642K->435K(87680K), 0.0002070 secs]
39.527: [GC (Allocation Failure) 44981K->435K(86080K), 0.0002250 secs]
39.546: [GC (Allocation Failure) 43419K->435K(84544K), 0.0002050 secs]
39.567: [GC (Allocation Failure) 41856K->435K(83072K), 0.0002030 secs]
39.589: [GC (Allocation Failure) 40391K->435K(81664K), 0.0002030 secs]
39.610: [GC (Allocation Failure) 39023K->435K(80320K), 0.0002120 secs]
39.630: [GC (Allocation Failure) 37656K->435K(79040K), 0.0002130 secs]
39.736: [GC (Allocation Failure) 36386K->435K(77824K), 0.0002770 secs]
39.791: [GC (Allocation Failure) 35116K->435K(76672K), 0.0002130 secs]
39.809: [GC (Allocation Failure) 33944K->435K(75584K), 0.0002030 secs]
39.824: [GC (Allocation Failure) 32870K->435K(74560K), 0.0002310 secs]
39.841: [GC (Allocation Failure) 31893K->435K(73536K), 0.0002020 secs]
39.859: [GC (Allocation Failure) 30819K->435K(72576K), 0.0002380 secs]
39.921: [GC (Allocation Failure) 29842K->435K(71680K), 0.0002020 secs]
39.933: [GC (Allocation Failure) 28963K->435K(70784K), 0.0002150 secs]
40.070: [GC (Allocation Failure) 28084K->435K(69952K), 0.0002130 secs]
40.086: [GC (Allocation Failure) 27303K->435K(69120K), 0.0002200 secs]
40.098: [GC (Allocation Failure) 26424K->435K(74368K), 0.0002170 secs]
40.115: [GC (Allocation Failure) 31698K->435K(80640K), 0.0002740 secs]
40.133: [GC (Allocation Failure) 37949K->435K(88192K), 0.0002190 secs]
40.178: [GC (Allocation Failure) 45470K->435K(86592K), 0.0002130 secs]
40.201: [GC (Allocation Failure) 43907K->435K(85056K), 0.0002010 secs]
40.227: [GC (Allocation Failure) 42344K->435K(83584K), 0.0002050 secs]
40.245: [GC (Allocation Failure) 40879K->435K(82176K), 0.0002160 secs]
40.266: [GC (Allocation Failure) 39512K->435K(80832K), 0.0002130 secs]
40.283: [GC (Allocation Failure) 38144K->435K(79552K), 0.0002040 secs]
40.337: [GC (Allocation Failure) 36875K->435K(78336K), 0.0002250 secs]
40.355: [GC (Allocation Failure) 35605K->435K(77184K), 0.0002030 secs]
40.374: [GC (Allocation Failure) 34530K->435K(76032K), 0.0002120 secs]
40.411: [GC (Allocation Failure) 33358K->435K(74944K), 0.0002020 secs]
40.425: [GC (Allocation Failure) 32284K->435K(73920K), 0.0002130 secs]
40.439: [GC (Allocation Failure) 31210K->435K(72960K), 0.0002060 secs]
40.468: [GC (Allocation Failure) 30233K->435K(72000K), 0.0002140 secs]
40.485: [GC (Allocation Failure) 29354K->435K(71104K), 0.0002470 secs]
40.537: [GC (Allocation Failure) 28377K->435K(70272K), 0.0002250 secs]
40.550: [GC (Allocation Failure) 27596K->435K(75712K), 0.0002760 secs]
40.569: [GC (Allocation Failure) 33065K->435K(82240K), 0.0002740 secs]
40.605: [GC (Allocation Failure) 39512K->435K(80896K), 0.0002170 secs]
40.626: [GC (Allocation Failure) 38242K->435K(79616K), 0.0002050 secs]
40.642: [GC (Allocation Failure) 36972K->435K(78400K), 0.0002050 secs]
40.658: [GC (Allocation Failure) 35702K->435K(85504K), 0.0002020 secs]
40.680: [GC (Allocation Failure) 42833K->435K(94016K), 0.0002750 secs]
40.706: [GC (Allocation Failure) 51334K->435K(92096K), 0.0001990 secs]
40.731: [GC (Allocation Failure) 49377K->435K(90304K), 0.0002010 secs]
40.776: [GC (Allocation Failure) 47618K->435K(88576K), 0.0002260 secs]
40.795: [GC (Allocation Failure) 45860K->435K(86912K), 0.0002130 secs]
40.818: [GC (Allocation Failure) 44200K->435K(85312K), 0.0002010 secs]
40.837: [GC (Allocation Failure) 42637K->435K(83840K), 0.0002150 secs]
40.854: [GC (Allocation Failure) 41172K->435K(82432K), 0.0002040 secs]
40.927: [GC (Allocation Failure) 39707K->435K(81088K), 0.0002240 secs]
40.947: [GC (Allocation Failure) 38437K->435K(79808K), 0.0002010 secs]
40.964: [GC (Allocation Failure) 37168K->435K(78592K), 0.0002280 secs]
40.979: [GC (Allocation Failure) 35898K->435K(77376K), 0.0002040 secs]
40.994: [GC (Allocation Failure) 34726K->435K(84288K), 0.0002710 secs]
41.024: [GC (Allocation Failure) 41563K->435K(82816K), 0.0002130 secs]
41.045: [GC (Allocation Failure) 40098K->435K(81408K), 0.0002040 secs]
41.062: [GC (Allocation Failure) 38730K->435K(80064K), 0.0002030 secs]
41.082: [GC (Allocation Failure) 37363K->435K(78784K), 0.0002110 secs]
41.101: [GC (Allocation Failure) 36093K->435K(77568K), 0.0002100 secs]
41.121: [GC (Allocation Failure) 34921K->435K(76416K), 0.0002580 secs]
41.140: [GC (Allocation Failure) 33749K->435K(75328K), 0.0002100 secs]
41.224: [GC (Allocation Failure) 32675K->435K(74304K), 0.0002090 secs]
41.242: [GC (Allocation Failure) 31600K->435K(73280K), 0.0002020 secs]
41.256: [GC (Allocation Failure) 30624K->435K(72320K), 0.0001980 secs]
41.321: [GC (Allocation Failure) 29647K->435K(71424K), 0.0001850 secs]
41.333: [GC (Allocation Failure) 28768K->435K(70528K), 0.0002000 secs]
41.345: [GC (Allocation Failure) 27889K->435K(76032K), 0.0002060 secs]
41.359: [GC (Allocation Failure) 33358K->435K(82624K), 0.0002750 secs]
41.527: [GC (Allocation Failure) 39902K->435K(81280K), 0.0002160 secs]
41.548: [GC (Allocation Failure) 38633K->435K(80000K), 0.0002090 secs]
41.564: [GC (Allocation Failure) 37363K->435K(78720K), 0.0002200 secs]
41.626: [GC (Allocation Failure) 35996K->435K(77504K), 0.0002220 secs]
41.641: [GC (Allocation Failure) 34823K->435K(76352K), 0.0002060 secs]
41.735: [GC (Allocation Failure) 33651K->435K(75264K), 0.0002070 secs]
41.749: [GC (Allocation Failure) 32577K->435K(74240K), 0.0002160 secs]
41.762: [GC (Allocation Failure) 31600K->435K(73216K), 0.0002050 secs]
41.779: [GC (Allocation Failure) 30526K->435K(79296K), 0.0002170 secs]
41.827: [GC (Allocation Failure) 36582K->435K(78080K), 0.0002210 secs]
41.842: [GC (Allocation Failure) 35409K->435K(85120K), 0.0002730 secs]
41.879: [GC (Allocation Failure) 42442K->435K(83648K), 0.0002160 secs]
41.900: [GC (Allocation Failure) 40977K->435K(82240K), 0.0002220 secs]
42.077: [GC (Allocation Failure) 39512K->435K(80896K), 0.0002070 secs]
42.098: [GC (Allocation Failure) 38242K->435K(79616K), 0.0002060 secs]
42.114: [GC (Allocation Failure) 36972K->435K(78400K), 0.0002270 secs]
42.130: [GC (Allocation Failure) 35702K->435K(77248K), 0.0002030 secs]
42.144: [GC (Allocation Failure) 34530K->435K(76096K), 0.0002150 secs]
42.176: [GC (Allocation Failure) 33456K->435K(75008K), 0.0002130 secs]
42.190: [GC (Allocation Failure) 32284K->435K(73984K), 0.0002050 secs]
42.225: [GC (Allocation Failure) 31307K->435K(73024K), 0.0002190 secs]
42.238: [GC (Allocation Failure) 30331K->435K(79040K), 0.0002160 secs]
42.373: [GC (Allocation Failure) 36386K->435K(77824K), 0.0002710 secs]
42.412: [GC (Allocation Failure) 35116K->435K(76672K), 0.0002150 secs]
42.431: [GC (Allocation Failure) 33944K->435K(75584K), 0.0002280 secs]
42.472: [GC (Allocation Failure) 32870K->435K(74560K), 0.0002090 secs]
42.522: [GC (Allocation Failure) 31893K->435K(73536K), 0.0002180 secs]
42.550: [GC (Allocation Failure) 30819K->435K(72576K), 0.0003310 secs]
42.593: [GC (Allocation Failure) 29842K->435K(71680K), 0.0002170 secs]
42.628: [GC (Allocation Failure) 28963K->435K(70784K), 0.0002080 secs]
42.673: [GC (Allocation Failure) 28084K->435K(69952K), 0.0002280 secs]
42.689: [GC (Allocation Failure) 27303K->435K(69120K), 0.0002630 secs]
42.701: [GC (Allocation Failure) 26424K->435K(68352K), 0.0002290 secs]
42.716: [GC (Allocation Failure) 25642K->435K(73408K), 0.0002130 secs]
42.738: [GC (Allocation Failure) 30721K->435K(72448K), 0.0002030 secs]
42.751: [GC (Allocation Failure) 29745K->435K(78336K), 0.0003250 secs]
42.777: [GC (Allocation Failure) 35605K->435K(85440K), 0.0002140 secs]
42.799: [GC (Allocation Failure) 42735K->435K(93952K), 0.0002030 secs]
42.822: [GC (Allocation Failure) 51236K->435K(104128K), 0.0002740 secs]
42.929: [GC (Allocation Failure) 61394K->435K(101760K), 0.0003400 secs]
42.954: [GC (Allocation Failure) 59050K->435K(99520K), 0.0002180 secs]
42.979: [GC (Allocation Failure) 56804K->435K(97344K), 0.0002060 secs]
43.032: [GC (Allocation Failure) 54655K->435K(95296K), 0.0002250 secs]
43.059: [GC (Allocation Failure) 52604K->435K(93312K), 0.0002220 secs]
43.081: [GC (Allocation Failure) 50650K->435K(91456K), 0.0002160 secs]
43.233: [GC (Allocation Failure) 48791K->435K(89664K), 0.0002140 secs]
43.253: [GC (Allocation Failure) 46935K->435K(87936K), 0.0002140 secs]
43.272: [GC (Allocation Failure) 45274K->435K(86336K), 0.0002050 secs]
43.327: [GC (Allocation Failure) 43614K->435K(84800K), 0.0002150 secs]
43.345: [GC (Allocation Failure) 42149K->435K(83328K), 0.0002050 secs]
43.367: [GC (Allocation Failure) 40684K->435K(81920K), 0.0002150 secs]
43.413: [GC (Allocation Failure) 39219K->435K(80576K), 0.0002110 secs]
43.434: [GC (Allocation Failure) 37851K->435K(79296K), 0.0002140 secs]
43.489: [GC (Allocation Failure) 36582K->435K(78080K), 0.0002640 secs]
43.536: [GC (Allocation Failure) 35409K->435K(76928K), 0.0002320 secs]
43.555: [GC (Allocation Failure) 34237K->435K(75840K), 0.0002150 secs]
43.574: [GC (Allocation Failure) 33163K->435K(74752K), 0.0002110 secs]
43.623: [GC (Allocation Failure) 32089K->435K(73728K), 0.0002730 secs]
43.677: [GC (Allocation Failure) 31014K->435K(72768K), 0.0002340 secs]
43.693: [GC (Allocation Failure) 30038K->435K(71808K), 0.0002050 secs]
43.706: [GC (Allocation Failure) 29158K->435K(70912K), 0.0002210 secs]
43.723: [GC (Allocation Failure) 28182K->435K(70080K), 0.0001960 secs]
43.740: [GC (Allocation Failure) 27400K->435K(75520K), 0.0002860 secs]
43.759: [GC (Allocation Failure) 32870K->435K(82048K), 0.0002170 secs]
43.777: [GC (Allocation Failure) 39316K->435K(89856K), 0.0002290 secs]
43.801: [GC (Allocation Failure) 47130K->435K(99264K), 0.0002740 secs]
43.830: [GC (Allocation Failure) 56608K->435K(97088K), 0.0002190 secs]
43.854: [GC (Allocation Failure) 54362K->435K(95040K), 0.0002070 secs]
43.885: [GC (Allocation Failure) 52311K->435K(93120K), 0.0002060 secs]
43.914: [GC (Allocation Failure) 50455K->435K(91264K), 0.0002050 secs]
43.935: [GC (Allocation Failure) 48595K->435K(89472K), 0.0002040 secs]
43.959: [GC (Allocation Failure) 46739K->435K(87808K), 0.0002150 secs]
44.133: [GC (Allocation Failure) 45079K->435K(86208K), 0.0002150 secs]
44.155: [GC (Allocation Failure) 43516K->435K(84672K), 0.0002050 secs]
44.245: [GC (Allocation Failure) 41953K->435K(83200K), 0.0002120 secs]
44.262: [GC (Allocation Failure) 40488K->435K(81792K), 0.0002070 secs]
44.283: [GC (Allocation Failure) 39121K->435K(80448K), 0.0002020 secs]
44.299: [GC (Allocation Failure) 37754K->435K(79168K), 0.0002180 secs]
44.334: [GC (Allocation Failure) 36484K->435K(77952K), 0.0002400 secs]
44.354: [GC (Allocation Failure) 35312K->435K(76800K), 0.0002150 secs]
44.373: [GC (Allocation Failure) 34140K->435K(75712K), 0.0002100 secs]
44.432: [GC (Allocation Failure) 33065K->435K(74624K), 0.0002080 secs]
44.446: [GC (Allocation Failure) 31893K->435K(73600K), 0.0002040 secs]
44.481: [GC (Allocation Failure) 30917K->435K(72640K), 0.0002090 secs]
44.494: [GC (Allocation Failure) 29940K->435K(78592K), 0.0002760 secs]
44.540: [GC (Allocation Failure) 35898K->435K(77376K), 0.0002170 secs]
44.559: [GC (Allocation Failure) 34726K->435K(76224K), 0.0002090 secs]
44.577: [GC (Allocation Failure) 33554K->435K(75136K), 0.0002020 secs]
44.594: [GC (Allocation Failure) 32479K->435K(74112K), 0.0002100 secs]
44.661: [GC (Allocation Failure) 31405K->435K(73152K), 0.0002200 secs]
44.678: [GC (Allocation Failure) 30428K->435K(72192K), 0.0002020 secs]
44.691: [GC (Allocation Failure) 29549K->435K(71296K), 0.0002180 secs]
44.731: [GC (Allocation Failure) 28572K->435K(70400K), 0.0002260 secs]
44.747: [GC (Allocation Failure) 27693K->435K(69568K), 0.0002150 secs]
44.763: [GC (Allocation Failure) 26912K->435K(68800K), 0.0002180 secs]
44.907: [GC (Allocation Failure) 26131K->435K(68032K), 0.0002110 secs]
44.923: [GC (Allocation Failure) 25349K->435K(73024K), 0.0004340 secs]
44.937: [GC (Allocation Failure) 30331K->435K(79040K), 0.0002800 secs]
44.980: [GC (Allocation Failure) 36386K->435K(86272K), 0.0002190 secs]
45.033: [GC (Allocation Failure) 43614K->435K(84736K), 0.0002140 secs]
45.055: [GC (Allocation Failure) 42051K->435K(83264K), 0.0002030 secs]
45.127: [GC (Allocation Failure) 40586K->435K(81856K), 0.0002770 secs]
45.186: [GC (Allocation Failure) 39219K->435K(80512K), 0.0002100 secs]
45.206: [GC (Allocation Failure) 37851K->435K(79232K), 0.0002090 secs]
45.222: [GC (Allocation Failure) 36582K->435K(78016K), 0.0002290 secs]
45.238: [GC (Allocation Failure) 35312K->435K(76864K), 0.0002030 secs]
45.252: [GC (Allocation Failure) 34140K->435K(75776K), 0.0002170 secs]
45.283: [GC (Allocation Failure) 33065K->435K(74688K), 0.0002130 secs]
45.301: [GC (Allocation Failure) 31991K->435K(73664K), 0.0002130 secs]
45.319: [GC (Allocation Failure) 31014K->435K(72704K), 0.0002260 secs]
45.338: [GC (Allocation Failure) 30038K->435K(78656K), 0.0002770 secs]
45.408: [GC (Allocation Failure) 35996K->435K(77440K), 0.0002090 secs]
45.435: [GC (Allocation Failure) 34726K->435K(76288K), 0.0002380 secs]
45.454: [GC (Allocation Failure) 33554K->435K(75200K), 0.0002130 secs]
45.533: [GC (Allocation Failure) 32479K->435K(74176K), 0.0002180 secs]
45.547: [GC (Allocation Failure) 31503K->435K(73152K), 0.0002180 secs]
45.606: [GC (Allocation Failure) 30428K->435K(72192K), 0.0002390 secs]
45.619: [GC (Allocation Failure) 29549K->435K(71296K), 0.0002050 secs]
45.635: [GC (Allocation Failure) 28572K->435K(70400K), 0.0002110 secs]
45.732: [GC (Allocation Failure) 27693K->435K(69568K), 0.0002850 secs]
45.781: [GC (Allocation Failure) 26912K->435K(68800K), 0.0002100 secs]
45.797: [GC (Allocation Failure) 26131K->435K(68032K), 0.0002330 secs]
45.831: [GC (Allocation Failure) 25349K->435K(67328K), 0.0002110 secs]
45.842: [GC (Allocation Failure) 24662K->435K(72192K), 0.0003220 secs]
45.882: [GC (Allocation Failure) 29549K->435K(78016K), 0.0002170 secs]
45.902: [GC (Allocation Failure) 35312K->435K(85056K), 0.0002070 secs]
45.924: [GC (Allocation Failure) 42344K->435K(83584K), 0.0002180 secs]
45.942: [GC (Allocation Failure) 40879K->435K(82176K), 0.0002190 secs]
46.087: [GC (Allocation Failure) 39512K->435K(80832K), 0.0002400 secs]
46.104: [GC (Allocation Failure) 38144K->435K(79552K), 0.0002200 secs]
46.120: [GC (Allocation Failure) 36875K->435K(78336K), 0.0002320 secs]
46.141: [GC (Allocation Failure) 35605K->435K(77184K), 0.0002270 secs]
46.181: [GC (Allocation Failure) 34530K->435K(76032K), 0.0002190 secs]
46.231: [GC (Allocation Failure) 33358K->435K(74944K), 0.0002070 secs]
46.380: [GC (Allocation Failure) 32284K->435K(73920K), 0.0002170 secs]
46.393: [GC (Allocation Failure) 31210K->435K(72960K), 0.0002040 secs]
46.406: [GC (Allocation Failure) 30233K->435K(72000K), 0.0002050 secs]
46.423: [GC (Allocation Failure) 29354K->435K(71104K), 0.0002210 secs]
46.479: [GC (Allocation Failure) 28377K->435K(70272K), 0.0002250 secs]
46.494: [GC (Allocation Failure) 27596K->435K(69440K), 0.0002000 secs]
46.510: [GC (Allocation Failure) 26717K->435K(68672K), 0.0002120 secs]
46.521: [GC (Allocation Failure) 26033K->435K(73792K), 0.0002100 secs]
46.540: [GC (Allocation Failure) 31112K->435K(79936K), 0.0002150 secs]
46.612: [GC (Allocation Failure) 37265K->435K(78656K), 0.0002070 secs]
46.628: [GC (Allocation Failure) 35996K->435K(77440K), 0.0002540 secs]
46.643: [GC (Allocation Failure) 34726K->435K(84352K), 0.0002160 secs]
46.666: [GC (Allocation Failure) 41660K->435K(82880K), 0.0002120 secs]
46.734: [GC (Allocation Failure) 40195K->435K(81472K), 0.0002740 secs]
46.783: [GC (Allocation Failure) 38828K->435K(80128K), 0.0002070 secs]
46.912: [GC (Allocation Failure) 37461K->435K(78848K), 0.0002260 secs]
46.928: [GC (Allocation Failure) 36191K->435K(77632K), 0.0002190 secs]
46.943: [GC (Allocation Failure) 34921K->435K(76480K), 0.0002180 secs]
46.958: [GC (Allocation Failure) 33749K->435K(75392K), 0.0002040 secs]
46.976: [GC (Allocation Failure) 32675K->435K(74368K), 0.0002100 secs]
46.990: [GC (Allocation Failure) 31698K->435K(80640K), 0.0002050 secs]
47.034: [GC (Allocation Failure) 37949K->435K(79360K), 0.0002120 secs]
47.049: [GC (Allocation Failure) 36679K->435K(78144K), 0.0002020 secs]
47.068: [GC (Allocation Failure) 35409K->435K(76992K), 0.0001980 secs]
47.140: [GC (Allocation Failure) 34335K->435K(75904K), 0.0002190 secs]
47.155: [GC (Allocation Failure) 33261K->435K(82496K), 0.0003910 secs]
47.238: [GC (Allocation Failure) 39805K->435K(81152K), 0.0002220 secs]
47.259: [GC (Allocation Failure) 38437K->435K(79872K), 0.0002030 secs]
47.334: [GC (Allocation Failure) 37168K->435K(78656K), 0.0002170 secs]
47.353: [GC (Allocation Failure) 35996K->435K(77440K), 0.0002160 secs]
47.373: [GC (Allocation Failure) 34726K->435K(76288K), 0.0002570 secs]
47.445: [GC (Allocation Failure) 33554K->435K(75200K), 0.0002240 secs]
47.459: [GC (Allocation Failure) 32479K->435K(74176K), 0.0002050 secs]
47.482: [GC (Allocation Failure) 31503K->435K(73152K), 0.0002230 secs]
47.495: [GC (Allocation Failure) 30428K->435K(72192K), 0.0002050 secs]
47.512: [GC (Allocation Failure) 29549K->435K(71296K), 0.0002130 secs]
47.524: [GC (Allocation Failure) 28572K->435K(76992K), 0.0002190 secs]
47.539: [GC (Allocation Failure) 34335K->435K(83776K), 0.0002050 secs]
47.590: [GC (Allocation Failure) 41074K->435K(82368K), 0.0002200 secs]
47.607: [GC (Allocation Failure) 39707K->435K(81024K), 0.0002040 secs]
47.638: [GC (Allocation Failure) 38340K->435K(79744K), 0.0002130 secs]
47.658: [GC (Allocation Failure) 37070K->435K(78528K), 0.0002110 secs]
47.674: [GC (Allocation Failure) 35800K->435K(77312K), 0.0002140 secs]
47.693: [GC (Allocation Failure) 34628K->435K(76160K), 0.0002220 secs]
47.741: [GC (Allocation Failure) 33456K->435K(75072K), 0.0002290 secs]
47.759: [GC (Allocation Failure) 32382K->435K(74048K), 0.0002200 secs]
47.777: [GC (Allocation Failure) 31405K->435K(73088K), 0.0002130 secs]
47.836: [GC (Allocation Failure) 30428K->435K(72128K), 0.0002230 secs]
47.852: [GC (Allocation Failure) 29451K->435K(71232K), 0.0002290 secs]
47.865: [GC (Allocation Failure) 28572K->435K(70400K), 0.0002040 secs]
47.877: [GC (Allocation Failure) 27693K->435K(75904K), 0.0002040 secs]
47.895: [GC (Allocation Failure) 33261K->435K(82496K), 0.0002120 secs]
47.917: [GC (Allocation Failure) 39805K->435K(90432K), 0.0002340 secs]
47.939: [GC (Allocation Failure) 47716K->435K(99904K), 0.0002640 secs]
47.973: [GC (Allocation Failure) 57194K->435K(97728K), 0.0002100 secs]
48.001: [GC (Allocation Failure) 55046K->435K(95680K), 0.0002150 secs]
48.093: [GC (Allocation Failure) 52994K->435K(93696K), 0.0002030 secs]
48.115: [GC (Allocation Failure) 51041K->435K(91840K), 0.0002760 secs]
48.142: [GC (Allocation Failure) 49181K->435K(90048K), 0.0002140 secs]
48.166: [GC (Allocation Failure) 47325K->435K(88320K), 0.0002020 secs]
48.189: [GC (Allocation Failure) 45665K->435K(86656K), 0.0002100 secs]
48.208: [GC (Allocation Failure) 44005K->435K(85120K), 0.0002040 secs]
48.230: [GC (Allocation Failure) 42442K->435K(83648K), 0.0002130 secs]
48.252: [GC (Allocation Failure) 40977K->435K(82240K), 0.0002160 secs]
48.269: [GC (Allocation Failure) 39512K->435K(80896K), 0.0002020 secs]
48.285: [GC (Allocation Failure) 38242K->435K(79616K), 0.0002040 secs]
48.389: [GC (Allocation Failure) 36972K->435K(78400K), 0.0002200 secs]
48.408: [GC (Allocation Failure) 35702K->435K(77248K), 0.0002130 secs]
48.488: [GC (Allocation Failure) 34530K->435K(76096K), 0.0002130 secs]
48.502: [GC (Allocation Failure) 33456K->435K(75008K), 0.0002050 secs]
48.520: [GC (Allocation Failure) 32284K->435K(73984K), 0.0001990 secs]
48.554: [GC (Allocation Failure) 31307K->435K(73024K), 0.0002090 secs]
48.567: [GC (Allocation Failure) 30331K->435K(72064K), 0.0002190 secs]
48.582: [GC (Allocation Failure) 29354K->435K(71168K), 0.0002110 secs]
48.599: [GC (Allocation Failure) 28475K->435K(76800K), 0.0002110 secs]
48.623: [GC (Allocation Failure) 34140K->435K(75712K), 0.0002120 secs]
48.638: [GC (Allocation Failure) 33065K->435K(82240K), 0.0002140 secs]
48.659: [GC (Allocation Failure) 39512K->435K(80896K), 0.0002110 secs]
48.686: [GC (Allocation Failure) 38242K->435K(88512K), 0.0003260 secs]
48.743: [GC (Allocation Failure) 45860K->435K(86848K), 0.0002250 secs]
48.762: [GC (Allocation Failure) 44200K->435K(85312K), 0.0002060 secs]
48.784: [GC (Allocation Failure) 42637K->435K(83840K), 0.0002130 secs]
48.806: [GC (Allocation Failure) 41172K->435K(82432K), 0.0002010 secs]
48.824: [GC (Allocation Failure) 39707K->435K(81088K), 0.0002290 secs]
48.840: [GC (Allocation Failure) 38437K->435K(79808K), 0.0002150 secs]
48.860: [GC (Allocation Failure) 37168K->435K(78592K), 0.0002120 secs]
48.916: [GC (Allocation Failure) 35898K->435K(77376K), 0.0002170 secs]
48.937: [GC (Allocation Failure) 34726K->435K(76224K), 0.0002280 secs]
48.956: [GC (Allocation Failure) 33554K->435K(75136K), 0.0002030 secs]
48.970: [GC (Allocation Failure) 32479K->435K(74112K), 0.0002100 secs]
48.983: [GC (Allocation Failure) 31405K->435K(80320K), 0.0002070 secs]
49.036: [GC (Allocation Failure) 37656K->435K(79040K), 0.0002250 secs]
49.056: [GC (Allocation Failure) 36386K->435K(77824K), 0.0002010 secs]
49.075: [GC (Allocation Failure) 35116K->435K(76672K), 0.0002200 secs]
49.139: [GC (Allocation Failure) 33944K->435K(75584K), 0.0002130 secs]
49.153: [GC (Allocation Failure) 32870K->435K(82112K), 0.0002830 secs]
49.287: [GC (Allocation Failure) 39414K->435K(80768K), 0.0002050 secs]
49.341: [GC (Allocation Failure) 38047K->435K(79488K), 0.0002140 secs]
49.356: [GC (Allocation Failure) 36777K->435K(78272K), 0.0002230 secs]
49.376: [GC (Allocation Failure) 35605K->435K(77120K), 0.0002100 secs]
49.539: [GC (Allocation Failure) 34433K->435K(75968K), 0.0002750 secs]
49.553: [GC (Allocation Failure) 33261K->435K(74880K), 0.0002190 secs]
49.589: [GC (Allocation Failure) 32186K->435K(73856K), 0.0002400 secs]
49.607: [GC (Allocation Failure) 31210K->435K(72896K), 0.0002130 secs]
49.625: [GC (Allocation Failure) 30233K->435K(71936K), 0.0002410 secs]
49.687: [GC (Allocation Failure) 29256K->435K(71040K), 0.0002130 secs]
49.700: [GC (Allocation Failure) 28377K->435K(70208K), 0.0002300 secs]
49.712: [GC (Allocation Failure) 27498K->435K(75648K), 0.0002060 secs]
49.748: [GC (Allocation Failure) 32968K->435K(74560K), 0.0002190 secs]
49.762: [GC (Allocation Failure) 31893K->435K(80896K), 0.0002050 secs]
49.790: [GC (Allocation Failure) 38242K->435K(79616K), 0.0002210 secs]
49.837: [GC (Allocation Failure) 36972K->435K(78400K), 0.0002140 secs]
49.852: [GC (Allocation Failure) 35702K->435K(77248K), 0.0002150 secs]
49.908: [GC (Allocation Failure) 34530K->435K(76096K), 0.0002240 secs]
49.922: [GC (Allocation Failure) 33456K->435K(75008K), 0.0002010 secs]
49.940: [GC (Allocation Failure) 32284K->435K(73984K), 0.0002000 secs]
49.954: [GC (Allocation Failure) 31307K->435K(80192K), 0.0002120 secs]
49.970: [GC (Allocation Failure) 37461K->435K(87616K), 0.0002030 secs]
49.989: [GC (Allocation Failure) 44884K->435K(86016K), 0.0002040 secs]
50.137: [GC (Allocation Failure) 43321K->435K(84480K), 0.0002040 secs]
50.159: [GC (Allocation Failure) 41758K->435K(83008K), 0.0002140 secs]
50.176: [GC (Allocation Failure) 40293K->435K(81600K), 0.0002050 secs]
50.196: [GC (Allocation Failure) 38926K->435K(80256K), 0.0002220 secs]
50.238: [GC (Allocation Failure) 37558K->435K(78976K), 0.0002160 secs]
50.287: [GC (Allocation Failure) 36289K->435K(77760K), 0.0002150 secs]
50.306: [GC (Allocation Failure) 35116K->435K(76608K), 0.0002120 secs]
50.322: [GC (Allocation Failure) 33944K->435K(75520K), 0.0002140 secs]
50.336: [GC (Allocation Failure) 32870K->435K(74496K), 0.0002140 secs]
50.350: [GC (Allocation Failure) 31796K->435K(80832K), 0.0002050 secs]
50.438: [GC (Allocation Failure) 38144K->435K(79552K), 0.0002150 secs]
50.454: [GC (Allocation Failure) 36875K->435K(78336K), 0.0002040 secs]
50.472: [GC (Allocation Failure) 35605K->435K(77184K), 0.0002110 secs]
50.491: [GC (Allocation Failure) 34530K->435K(76032K), 0.0002100 secs]
50.535: [GC (Allocation Failure) 33358K->435K(74944K), 0.0002160 secs]
50.587: [GC (Allocation Failure) 32284K->435K(73920K), 0.0002730 secs]
50.606: [GC (Allocation Failure) 31210K->435K(72960K), 0.0002210 secs]
50.623: [GC (Allocation Failure) 30233K->435K(72000K), 0.0002140 secs]
50.673: [GC (Allocation Failure) 29354K->435K(71104K), 0.0002130 secs]
50.689: [GC (Allocation Failure) 28377K->435K(70272K), 0.0002020 secs]
50.701: [GC (Allocation Failure) 27596K->435K(69440K), 0.0002150 secs]
50.713: [GC (Allocation Failure) 26717K->435K(74752K), 0.0002050 secs]
50.731: [GC (Allocation Failure) 32089K->435K(81088K), 0.0002120 secs]
50.793: [GC (Allocation Failure) 38437K->435K(79808K), 0.0002020 secs]
50.809: [GC (Allocation Failure) 37168K->435K(78592K), 0.0002110 secs]
50.824: [GC (Allocation Failure) 35898K->435K(77376K), 0.0002010 secs]
50.839: [GC (Allocation Failure) 34726K->435K(84288K), 0.0002050 secs]
50.857: [GC (Allocation Failure) 41563K->435K(92544K), 0.0002140 secs]
50.880: [GC (Allocation Failure) 49867K->435K(90688K), 0.0001980 secs]
50.951: [GC (Allocation Failure) 48009K->435K(88960K), 0.0002070 secs]
50.973: [GC (Allocation Failure) 46251K->435K(87296K), 0.0002110 secs]
50.992: [GC (Allocation Failure) 44591K->435K(85696K), 0.0002050 secs]
51.015: [GC (Allocation Failure) 43028K->435K(84160K), 0.0002150 secs]
51.033: [GC (Allocation Failure) 41465K->435K(82688K), 0.0002160 secs]
51.050: [GC (Allocation Failure) 40000K->435K(81344K), 0.0002150 secs]
51.090: [GC (Allocation Failure) 38633K->435K(80000K), 0.0002160 secs]
51.110: [GC (Allocation Failure) 37363K->435K(78720K), 0.0001990 secs]
51.125: [GC (Allocation Failure) 35996K->435K(77504K), 0.0002280 secs]
51.144: [GC (Allocation Failure) 34823K->435K(76352K), 0.0002160 secs]
51.291: [GC (Allocation Failure) 33651K->435K(75264K), 0.0002050 secs]
51.310: [GC (Allocation Failure) 32577K->435K(74240K), 0.0002050 secs]
51.327: [GC (Allocation Failure) 31600K->435K(73216K), 0.0002110 secs]
51.342: [GC (Allocation Failure) 30526K->435K(72256K), 0.0002200 secs]
51.357: [GC (Allocation Failure) 29549K->435K(78144K), 0.0002160 secs]
51.372: [GC (Allocation Failure) 35409K->435K(85184K), 0.0002050 secs]
51.390: [GC (Allocation Failure) 42540K->435K(93632K), 0.0002020 secs]
51.412: [GC (Allocation Failure) 50943K->435K(91776K), 0.0002050 secs]
51.449: [GC (Allocation Failure) 49084K->435K(89984K), 0.0002130 secs]
51.469: [GC (Allocation Failure) 47325K->435K(88256K), 0.0002060 secs]
51.493: [GC (Allocation Failure) 45567K->435K(86592K), 0.0002140 secs]
51.519: [GC (Allocation Failure) 43907K->435K(85056K), 0.0002190 secs]
51.542: [GC (Allocation Failure) 42344K->435K(83584K), 0.0002120 secs]
51.559: [GC (Allocation Failure) 40879K->435K(82176K), 0.0002180 secs]
51.640: [GC (Allocation Failure) 39512K->435K(80832K), 0.0002160 secs]
51.690: [GC (Allocation Failure) 38144K->435K(79552K), 0.0002050 secs]
51.737: [GC (Allocation Failure) 36875K->435K(78336K), 0.0002230 secs]
51.889: [GC (Allocation Failure) 35605K->435K(77184K), 0.0002690 secs]
51.911: [GC (Allocation Failure) 34530K->435K(76032K), 0.0002170 secs]
51.929: [GC (Allocation Failure) 33358K->435K(74944K), 0.0002000 secs]
51.944: [GC (Allocation Failure) 32284K->435K(73920K), 0.0002200 secs]
51.957: [GC (Allocation Failure) 31210K->435K(72960K), 0.0002040 secs]
51.970: [GC (Allocation Failure) 30233K->435K(78976K), 0.0002150 secs]
51.985: [GC (Allocation Failure) 36289K->435K(86208K), 0.0002710 secs]
52.047: [GC (Allocation Failure) 43516K->435K(84672K), 0.0002140 secs]
52.069: [GC (Allocation Failure) 41953K->435K(83200K), 0.0002050 secs]
52.087: [GC (Allocation Failure) 40488K->435K(81792K), 0.0002320 secs]
52.108: [GC (Allocation Failure) 39121K->435K(80448K), 0.0002030 secs]
52.124: [GC (Allocation Failure) 37754K->435K(79168K), 0.0002290 secs]
52.141: [GC (Allocation Failure) 36484K->435K(86400K), 0.0002050 secs]
52.197: [GC (Allocation Failure) 43712K->435K(84864K), 0.0002140 secs]
52.219: [GC (Allocation Failure) 42149K->435K(83392K), 0.0002170 secs]
52.237: [GC (Allocation Failure) 40684K->435K(81984K), 0.0002060 secs]
52.292: [GC (Allocation Failure) 39316K->435K(80640K), 0.0002260 secs]
52.312: [GC (Allocation Failure) 37949K->435K(79360K), 0.0002020 secs]
52.332: [GC (Allocation Failure) 36679K->435K(78144K), 0.0002120 secs]
52.347: [GC (Allocation Failure) 35409K->435K(85184K), 0.0002740 secs]
52.411: [GC (Allocation Failure) 42540K->435K(83712K), 0.0002150 secs]
52.443: [GC (Allocation Failure) 41074K->435K(82304K), 0.0002050 secs]
52.496: [GC (Allocation Failure) 39609K->435K(80960K), 0.0002160 secs]
52.517: [GC (Allocation Failure) 38242K->435K(79680K), 0.0002130 secs]
52.547: [GC (Allocation Failure) 36972K->435K(78464K), 0.0002230 secs]
52.563: [GC (Allocation Failure) 35800K->435K(77312K), 0.0002230 secs]
52.593: [GC (Allocation Failure) 34628K->435K(76160K), 0.0002030 secs]
52.607: [GC (Allocation Failure) 33456K->435K(75072K), 0.0002190 secs]
52.621: [GC (Allocation Failure) 32382K->435K(74048K), 0.0002060 secs]
52.643: [GC (Allocation Failure) 31405K->435K(73088K), 0.0002140 secs]
52.661: [GC (Allocation Failure) 30428K->435K(72128K), 0.0002120 secs]
52.742: [GC (Allocation Failure) 29451K->435K(71232K), 0.0002040 secs]
52.754: [GC (Allocation Failure) 28572K->435K(70400K), 0.0002160 secs]
52.837: [GC (Allocation Failure) 27693K->435K(69568K), 0.0002140 secs]
52.849: [GC (Allocation Failure) 26912K->435K(68800K), 0.0002140 secs]
52.887: [GC (Allocation Failure) 26131K->435K(68032K), 0.0002030 secs]
52.907: [GC (Allocation Failure) 25349K->435K(67328K), 0.0002180 secs]
52.918: [GC (Allocation Failure) 24662K->435K(72192K), 0.0002020 secs]
52.943: [GC (Allocation Failure) 29549K->435K(78016K), 0.0003250 secs]
52.962: [GC (Allocation Failure) 35312K->435K(85056K), 0.0002030 secs]
52.985: [GC (Allocation Failure) 42344K->435K(83584K), 0.0002020 secs]
53.043: [GC (Allocation Failure) 40879K->435K(82176K), 0.0002160 secs]
53.093: [GC (Allocation Failure) 39512K->435K(80832K), 0.0002020 secs]
53.146: [GC (Allocation Failure) 38144K->435K(79552K), 0.0002110 secs]
53.166: [GC (Allocation Failure) 36875K->435K(78336K), 0.0002010 secs]
53.195: [GC (Allocation Failure) 35605K->435K(77184K), 0.0002060 secs]
53.214: [GC (Allocation Failure) 34530K->435K(76032K), 0.0002020 secs]
53.232: [GC (Allocation Failure) 33358K->435K(74944K), 0.0002300 secs]
53.340: [GC (Allocation Failure) 32284K->435K(73920K), 0.0002140 secs]
53.358: [GC (Allocation Failure) 31210K->435K(72960K), 0.0002730 secs]
53.375: [GC (Allocation Failure) 30233K->435K(72000K), 0.0002140 secs]
53.388: [GC (Allocation Failure) 29354K->435K(77824K), 0.0002150 secs]
53.403: [GC (Allocation Failure) 35116K->435K(84800K), 0.0002060 secs]
53.444: [GC (Allocation Failure) 42149K->435K(83328K), 0.0002140 secs]
53.466: [GC (Allocation Failure) 40684K->435K(81920K), 0.0002110 secs]
53.487: [GC (Allocation Failure) 39219K->435K(80576K), 0.0002140 secs]
53.507: [GC (Allocation Failure) 37851K->435K(79296K), 0.0002180 secs]
53.523: [GC (Allocation Failure) 36582K->435K(78080K), 0.0002150 secs]
53.542: [GC (Allocation Failure) 35409K->435K(76928K), 0.0002200 secs]
53.645: [GC (Allocation Failure) 34237K->435K(75840K), 0.0002230 secs]
53.664: [GC (Allocation Failure) 33163K->435K(74752K), 0.0002110 secs]
53.690: [GC (Allocation Failure) 32089K->435K(73728K), 0.0002140 secs]
53.704: [GC (Allocation Failure) 31014K->435K(72768K), 0.0002140 secs]
53.717: [GC (Allocation Failure) 30038K->435K(78720K), 0.0002100 secs]
53.736: [GC (Allocation Failure) 35996K->435K(85888K), 0.0002000 secs]
53.763: [GC (Allocation Failure) 43223K->435K(84352K), 0.0002280 secs]
53.781: [GC (Allocation Failure) 41660K->435K(82880K), 0.0002070 secs]
53.857: [GC (Allocation Failure) 40195K->435K(81472K), 0.0002230 secs]
53.877: [GC (Allocation Failure) 38828K->435K(80128K), 0.0002190 secs]
53.898: [GC (Allocation Failure) 37461K->435K(78848K), 0.0002220 secs]
53.947: [GC (Allocation Failure) 36191K->435K(77632K), 0.0002180 secs]
53.966: [GC (Allocation Failure) 34921K->435K(76480K), 0.0002020 secs]
53.992: [GC (Allocation Failure) 33749K->435K(75392K), 0.0002200 secs]
54.010: [GC (Allocation Failure) 32675K->435K(74368K), 0.0002020 secs]
54.023: [GC (Allocation Failure) 31698K->435K(73344K), 0.0002040 secs]
54.044: [GC (Allocation Failure) 30624K->435K(72384K), 0.0002410 secs]
54.058: [GC (Allocation Failure) 29745K->435K(78272K), 0.0002190 secs]
54.143: [GC (Allocation Failure) 35605K->435K(77120K), 0.0002040 secs]
54.196: [GC (Allocation Failure) 34433K->435K(75968K), 0.0002120 secs]
54.211: [GC (Allocation Failure) 33261K->435K(74880K), 0.0002280 secs]
54.225: [GC (Allocation Failure) 32186K->435K(81280K), 0.0031210 secs]
54.294: [GC (Allocation Failure) 38633K->435K(88960K), 0.0002790 secs]
54.341: [GC (Allocation Failure) 46251K->435K(98176K), 0.0002320 secs]
54.369: [GC (Allocation Failure) 55534K->435K(109248K), 0.0002140 secs]
54.401: [GC (Allocation Failure) 66571K->435K(122496K), 0.0002230 secs]
54.512: [GC (Allocation Failure) 79858K->435K(138432K), 0.0002260 secs]
54.558: [GC (Allocation Failure) 95779K->435K(157504K), 0.0002260 secs]
54.628: [GC (Allocation Failure) 114829K->435K(180416K), 0.0002090 secs]
54.697: [GC (Allocation Failure) 137688K->435K(174272K), 0.0002060 secs]
54.789: [GC (Allocation Failure) 131632K->435K(168448K), 0.0002210 secs]
54.846: [GC (Allocation Failure) 125772K->435K(162944K), 0.0002040 secs]
54.930: [GC (Allocation Failure) 120298K->435K(157696K), 0.0002730 secs]
54.987: [GC (Allocation Failure) 115024K->435K(152704K), 0.0002080 secs]
55.079: [GC (Allocation Failure) 110043K->435K(147968K), 0.0002050 secs]
55.128: [GC (Allocation Failure) 105257K->435K(143424K), 0.0002040 secs]
55.175: [GC (Allocation Failure) 100764K->435K(139136K), 0.0002130 secs]
55.420: [GC (Allocation Failure) 96462K->435K(135040K), 0.0002750 secs]
55.469: [GC (Allocation Failure) 92360K->435K(131136K), 0.0002150 secs]
55.507: [GC (Allocation Failure) 88453K->435K(127424K), 0.0002040 secs]
55.562: [GC (Allocation Failure) 84742K->435K(123904K), 0.0002130 secs]
55.601: [GC (Allocation Failure) 81226K->435K(120576K), 0.0002030 secs]
55.663: [GC (Allocation Failure) 77905K->435K(117376K), 0.0002160 secs]
55.699: [GC (Allocation Failure) 74682K->435K(114368K), 0.0002030 secs]
55.734: [GC (Allocation Failure) 71650K->435K(111488K), 0.0002000 secs]
55.765: [GC (Allocation Failure) 68817K->435K(108736K), 0.0002080 secs]
55.812: [GC (Allocation Failure) 66082K->435K(106112K), 0.0002140 secs]
55.843: [GC (Allocation Failure) 63445K->435K(103616K), 0.0002000 secs]
55.874: [GC (Allocation Failure) 60906K->435K(101248K), 0.0002010 secs]
55.910: [GC (Allocation Failure) 58562K->435K(99008K), 0.0002080 secs]
55.934: [GC (Allocation Failure) 56315K->435K(96896K), 0.0002720 secs]
56.007: [GC (Allocation Failure) 54166K->435K(94848K), 0.0002240 secs]
56.034: [GC (Allocation Failure) 52115K->435K(92928K), 0.0002000 secs]
56.056: [GC (Allocation Failure) 50260K->435K(91072K), 0.0002040 secs]
56.101: [GC (Allocation Failure) 48400K->435K(89280K), 0.0002120 secs]
56.121: [GC (Allocation Failure) 46642K->435K(87616K), 0.0002020 secs]
56.141: [GC (Allocation Failure) 44884K->435K(86016K), 0.0001950 secs]
56.253: [GC (Allocation Failure) 43321K->435K(84480K), 0.0002250 secs]
56.275: [GC (Allocation Failure) 41758K->435K(83008K), 0.0002170 secs]
56.293: [GC (Allocation Failure) 40293K->435K(81600K), 0.0002150 secs]
56.342: [GC (Allocation Failure) 38926K->435K(80256K), 0.0002310 secs]
56.362: [GC (Allocation Failure) 37558K->435K(78976K), 0.0002030 secs]
56.381: [GC (Allocation Failure) 36289K->435K(77760K), 0.0002050 secs]
56.400: [GC (Allocation Failure) 35116K->435K(76608K), 0.0002160 secs]
56.418: [GC (Allocation Failure) 33944K->435K(75520K), 0.0002050 secs]
56.495: [GC (Allocation Failure) 32870K->435K(74496K), 0.0002150 secs]
56.509: [GC (Allocation Failure) 31796K->435K(73472K), 0.0002050 secs]
56.522: [GC (Allocation Failure) 30819K->435K(72512K), 0.0002030 secs]
56.594: [GC (Allocation Failure) 29842K->435K(71616K), 0.0002120 secs]
56.607: [GC (Allocation Failure) 28963K->435K(70720K), 0.0002040 secs]
56.631: [GC (Allocation Failure) 27986K->435K(69888K), 0.0002130 secs]
56.643: [GC (Allocation Failure) 27205K->435K(75264K), 0.0002180 secs]
56.664: [GC (Allocation Failure) 32577K->435K(81728K), 0.0002190 secs]
56.681: [GC (Allocation Failure) 39023K->435K(89472K), 0.0002000 secs]
56.805: [GC (Allocation Failure) 46739K->435K(87808K), 0.0002100 secs]
56.828: [GC (Allocation Failure) 45079K->435K(86208K), 0.0002100 secs]
56.851: [GC (Allocation Failure) 43516K->435K(84672K), 0.0002130 secs]
56.874: [GC (Allocation Failure) 41953K->435K(83200K), 0.0002130 secs]
56.891: [GC (Allocation Failure) 40488K->435K(81792K), 0.0002030 secs]
56.953: [GC (Allocation Failure) 39121K->435K(80448K), 0.0002150 secs]
56.970: [GC (Allocation Failure) 37754K->435K(79168K), 0.0002290 secs]
56.985: [GC (Allocation Failure) 36484K->435K(77952K), 0.0002030 secs]
57.001: [GC (Allocation Failure) 35312K->435K(76800K), 0.0002150 secs]
57.015: [GC (Allocation Failure) 34140K->435K(83584K), 0.0002160 secs]
57.103: [GC (Allocation Failure) 40879K->435K(82176K), 0.0002240 secs]
57.121: [GC (Allocation Failure) 39512K->435K(80832K), 0.0002110 secs]
57.198: [GC (Allocation Failure) 38144K->435K(79552K), 0.0002150 secs]
57.214: [GC (Allocation Failure) 36875K->435K(78336K), 0.0002690 secs]
57.251: [GC (Allocation Failure) 35605K->435K(77184K), 0.0002230 secs]
57.270: [GC (Allocation Failure) 34530K->435K(76032K), 0.0002140 secs]
57.335: [GC (Allocation Failure) 33358K->435K(74944K), 0.0002250 secs]
57.354: [GC (Allocation Failure) 32284K->435K(73920K), 0.0002070 secs]
57.372: [GC (Allocation Failure) 31210K->435K(72960K), 0.0002070 secs]
57.389: [GC (Allocation Failure) 30233K->435K(72000K), 0.0002140 secs]
57.402: [GC (Allocation Failure) 29354K->435K(77824K), 0.0002210 secs]
57.417: [GC (Allocation Failure) 35116K->435K(84800K), 0.0002290 secs]
57.435: [GC (Allocation Failure) 42149K->435K(93184K), 0.0002060 secs]
57.460: [GC (Allocation Failure) 50455K->435K(91328K), 0.0002140 secs]
57.483: [GC (Allocation Failure) 48595K->435K(89536K), 0.0002000 secs]
57.507: [GC (Allocation Failure) 46837K->435K(87872K), 0.0002140 secs]
57.526: [GC (Allocation Failure) 45177K->435K(86272K), 0.0002050 secs]
57.552: [GC (Allocation Failure) 43614K->435K(84736K), 0.0002260 secs]
57.574: [GC (Allocation Failure) 42051K->435K(83264K), 0.0002060 secs]
57.596: [GC (Allocation Failure) 40586K->435K(81856K), 0.0002200 secs]
57.617: [GC (Allocation Failure) 39219K->435K(80512K), 0.0002110 secs]
57.638: [GC (Allocation Failure) 37851K->435K(79232K), 0.0002010 secs]
57.653: [GC (Allocation Failure) 36582K->435K(78016K), 0.0002290 secs]
57.669: [GC (Allocation Failure) 35312K->435K(76864K), 0.0002070 secs]
57.698: [GC (Allocation Failure) 34140K->435K(75776K), 0.0002030 secs]
57.739: [GC (Allocation Failure) 33065K->435K(74688K), 0.0002230 secs]
57.757: [GC (Allocation Failure) 31991K->435K(73664K), 0.0002040 secs]
57.775: [GC (Allocation Failure) 31014K->435K(72704K), 0.0002160 secs]
57.792: [GC (Allocation Failure) 30038K->435K(71808K), 0.0002220 secs]
57.945: [GC (Allocation Failure) 29158K->435K(70912K), 0.0002650 secs]
57.973: [GC (Allocation Failure) 28182K->435K(70080K), 0.0002110 secs]
57.985: [GC (Allocation Failure) 27400K->435K(69248K), 0.0002170 secs]
58.020: [GC (Allocation Failure) 26521K->435K(68480K), 0.0002240 secs]
58.033: [GC (Allocation Failure) 25838K->435K(67712K), 0.0002000 secs]
58.098: [GC (Allocation Failure) 25052K->435K(67008K), 0.0002070 secs]
58.113: [GC (Allocation Failure) 24369K->435K(66304K), 0.0002320 secs]
58.127: [GC (Allocation Failure) 23587K->435K(70976K), 0.0002420 secs]
58.147: [GC (Allocation Failure) 28279K->435K(76608K), 0.0002750 secs]
58.168: [GC (Allocation Failure) 33944K->435K(83328K), 0.0002260 secs]
58.186: [GC (Allocation Failure) 40684K->435K(91392K), 0.0002330 secs]
58.212: [GC (Allocation Failure) 48693K->435K(89600K), 0.0002160 secs]
58.232: [GC (Allocation Failure) 46935K->435K(87936K), 0.0002070 secs]
58.303: [GC (Allocation Failure) 45274K->435K(86336K), 0.0002160 secs]
58.326: [GC (Allocation Failure) 43614K->435K(84800K), 0.0002220 secs]
58.352: [GC (Allocation Failure) 42149K->435K(83328K), 0.0002140 secs]
58.373: [GC (Allocation Failure) 40684K->435K(81920K), 0.0002030 secs]
58.401: [GC (Allocation Failure) 39219K->435K(80576K), 0.0003010 secs]
58.541: [GC (Allocation Failure) 37851K->435K(79296K), 0.0002570 secs]
58.559: [GC (Allocation Failure) 36582K->435K(78080K), 0.0003300 secs]
58.589: [GC (Allocation Failure) 35409K->435K(76928K), 0.0002140 secs]
58.604: [GC (Allocation Failure) 34237K->435K(75840K), 0.0002170 secs]
58.618: [GC (Allocation Failure) 33163K->435K(82432K), 0.0002060 secs]
58.653: [GC (Allocation Failure) 39707K->435K(81088K), 0.0002120 secs]
58.673: [GC (Allocation Failure) 38437K->435K(79808K), 0.0002100 secs]
58.704: [GC (Allocation Failure) 37168K->435K(78592K), 0.0002030 secs]
58.721: [GC (Allocation Failure) 35898K->435K(77376K), 0.0002140 secs]
58.853: [GC (Allocation Failure) 34726K->435K(76224K), 0.0002120 secs]
58.872: [GC (Allocation Failure) 33554K->435K(75136K), 0.0002310 secs]
58.886: [GC (Allocation Failure) 32479K->435K(74112K), 0.0002140 secs]
58.938: [GC (Allocation Failure) 31405K->435K(73152K), 0.0002100 secs]
58.956: [GC (Allocation Failure) 30428K->435K(72192K), 0.0002170 secs]
58.969: [GC (Allocation Failure) 29549K->435K(78016K), 0.0002820 secs]
59.000: [GC (Allocation Failure) 35312K->435K(76864K), 0.0002150 secs]
59.103: [GC (Allocation Failure) 34140K->435K(75776K), 0.0002210 secs]
59.118: [GC (Allocation Failure) 33065K->435K(74688K), 0.0002040 secs]
59.132: [GC (Allocation Failure) 31991K->435K(73664K), 0.0002070 secs]
59.145: [GC (Allocation Failure) 31014K->435K(79808K), 0.0002050 secs]
59.205: [GC (Allocation Failure) 37168K->435K(78592K), 0.0002200 secs]
59.224: [GC (Allocation Failure) 35898K->435K(77376K), 0.0002040 secs]
59.243: [GC (Allocation Failure) 34726K->435K(76224K), 0.0002120 secs]
59.361: [GC (Allocation Failure) 33554K->435K(75136K), 0.0002210 secs]
59.375: [GC (Allocation Failure) 32479K->435K(74112K), 0.0002070 secs]
59.389: [GC (Allocation Failure) 31405K->435K(73152K), 0.0001990 secs]
59.402: [GC (Allocation Failure) 30428K->435K(79168K), 0.0002050 secs]
59.455: [GC (Allocation Failure) 36484K->435K(77952K), 0.0002140 secs]
59.475: [GC (Allocation Failure) 35312K->435K(76800K), 0.0002140 secs]
59.500: [GC (Allocation Failure) 34140K->435K(75712K), 0.0002140 secs]
59.518: [GC (Allocation Failure) 33065K->435K(74624K), 0.0002120 secs]
59.549: [GC (Allocation Failure) 31893K->435K(73600K), 0.0002170 secs]
59.699: [GC (Allocation Failure) 30917K->435K(72640K), 0.0002260 secs]
59.715: [GC (Allocation Failure) 29940K->435K(71744K), 0.0002160 secs]
59.762: [GC (Allocation Failure) 29061K->435K(70848K), 0.0002100 secs]
59.775: [GC (Allocation Failure) 28182K->435K(70016K), 0.0002750 secs]
59.797: [GC (Allocation Failure) 27303K->435K(69184K), 0.0002080 secs]
59.809: [GC (Allocation Failure) 26521K->435K(74432K), 0.0002080 secs]
59.853: [GC (Allocation Failure) 31698K->435K(73408K), 0.0002130 secs]
59.867: [GC (Allocation Failure) 30721K->435K(79488K), 0.0002770 secs]
59.906: [GC (Allocation Failure) 36777K->435K(78272K), 0.0002410 secs]
59.922: [GC (Allocation Failure) 35605K->435K(85312K), 0.0002730 secs]
59.945: [GC (Allocation Failure) 42637K->435K(93760K), 0.0002140 secs]
60.008: [GC (Allocation Failure) 51041K->435K(91840K), 0.0002780 secs]
60.057: [GC (Allocation Failure) 49181K->435K(90048K), 0.0002080 secs]
60.106: [GC (Allocation Failure) 47325K->435K(88320K), 0.0002150 secs]
60.126: [GC (Allocation Failure) 45665K->435K(86656K), 0.0002120 secs]
60.149: [GC (Allocation Failure) 44005K->435K(85120K), 0.0002110 secs]
60.304: [GC (Allocation Failure) 42442K->435K(83648K), 0.0002170 secs]
60.358: [GC (Allocation Failure) 40977K->435K(82240K), 0.0002190 secs]
60.375: [GC (Allocation Failure) 39512K->435K(80896K), 0.0002140 secs]
60.391: [GC (Allocation Failure) 38242K->435K(79616K), 0.0002130 secs]
60.411: [GC (Allocation Failure) 36972K->435K(78400K), 0.0002150 secs]
60.452: [GC (Allocation Failure) 35702K->435K(77248K), 0.0002250 secs]
60.467: [GC (Allocation Failure) 34530K->435K(76096K), 0.0002030 secs]
60.485: [GC (Allocation Failure) 33456K->435K(75008K), 0.0002150 secs]
60.501: [GC (Allocation Failure) 32284K->435K(73984K), 0.0002390 secs]
60.553: [GC (Allocation Failure) 31307K->435K(73024K), 0.0002140 secs]
60.566: [GC (Allocation Failure) 30331K->435K(72064K), 0.0002060 secs]
60.596: [GC (Allocation Failure) 29354K->435K(71168K), 0.0002120 secs]
60.613: [GC (Allocation Failure) 28475K->435K(70336K), 0.0002450 secs]
60.629: [GC (Allocation Failure) 27693K->435K(75840K), 0.0002370 secs]
60.645: [GC (Allocation Failure) 33163K->435K(82432K), 0.0002130 secs]
60.663: [GC (Allocation Failure) 39707K->435K(90304K), 0.0002030 secs]
60.708: [GC (Allocation Failure) 47618K->435K(88576K), 0.0002040 secs]
60.857: [GC (Allocation Failure) 45860K->435K(86912K), 0.0002240 secs]
60.910: [GC (Allocation Failure) 44200K->435K(85312K), 0.0002120 secs]
60.929: [GC (Allocation Failure) 42637K->435K(83840K), 0.0002160 secs]
60.956: [GC (Allocation Failure) 41172K->435K(82432K), 0.0002160 secs]
61.008: [GC (Allocation Failure) 39707K->435K(81088K), 0.0002180 secs]
61.029: [GC (Allocation Failure) 38437K->435K(79808K), 0.0002430 secs]
61.045: [GC (Allocation Failure) 37168K->435K(78592K), 0.0002140 secs]
61.144: [GC (Allocation Failure) 35898K->435K(77376K), 0.0002280 secs]
61.164: [GC (Allocation Failure) 34726K->435K(76224K), 0.0002130 secs]
61.183: [GC (Allocation Failure) 33554K->435K(75136K), 0.0002050 secs]
61.197: [GC (Allocation Failure) 32479K->435K(74112K), 0.0002140 secs]
61.210: [GC (Allocation Failure) 31405K->435K(73152K), 0.0002050 secs]
61.255: [GC (Allocation Failure) 30428K->435K(72192K), 0.0002120 secs]
61.268: [GC (Allocation Failure) 29549K->435K(71296K), 0.0002180 secs]
61.300: [GC (Allocation Failure) 28572K->435K(70400K), 0.0002760 secs]
61.404: [GC (Allocation Failure) 27693K->435K(69568K), 0.0002050 secs]
61.450: [GC (Allocation Failure) 26912K->435K(68800K), 0.0002020 secs]
61.499: [GC (Allocation Failure) 26131K->435K(68032K), 0.0002130 secs]
61.514: [GC (Allocation Failure) 25349K->435K(67328K), 0.0002160 secs]
61.552: [GC (Allocation Failure) 24662K->435K(66624K), 0.0002150 secs]
61.567: [GC (Allocation Failure) 23978K->435K(65984K), 0.0002240 secs]
61.598: [GC (Allocation Failure) 23294K->435K(65344K), 0.0002720 secs]
61.749: [GC (Allocation Failure) 22610K->435K(64704K), 0.0001960 secs]
61.798: [GC (Allocation Failure) 22024K->435K(64128K), 0.0002160 secs]
61.848: [GC (Allocation Failure) 21438K->435K(63552K), 0.0002010 secs]
61.897: [GC (Allocation Failure) 20852K->435K(63040K), 0.0002270 secs]
61.910: [GC (Allocation Failure) 20364K->435K(62528K), 0.0002110 secs]
61.930: [GC (Allocation Failure) 19876K->435K(62016K), 0.0002250 secs]
61.938: [GC (Allocation Failure) 19290K->435K(65856K), 0.0002160 secs]
61.948: [GC (Allocation Failure) 23196K->435K(70464K), 0.0002060 secs]
62.054: [GC (Allocation Failure) 27791K->435K(75968K), 0.0002220 secs]
62.069: [GC (Allocation Failure) 33261K->435K(82560K), 0.0002170 secs]
62.089: [GC (Allocation Failure) 39902K->435K(90496K), 0.0002020 secs]
62.113: [GC (Allocation Failure) 47814K->435K(88768K), 0.0002090 secs]
62.137: [GC (Allocation Failure) 46056K->435K(87104K), 0.0002010 secs]
62.158: [GC (Allocation Failure) 44395K->435K(85504K), 0.0002060 secs]
62.180: [GC (Allocation Failure) 42833K->435K(83968K), 0.0002750 secs]
62.198: [GC (Allocation Failure) 41270K->435K(82560K), 0.0002070 secs]
62.310: [GC (Allocation Failure) 39902K->435K(81216K), 0.0002160 secs]
62.327: [GC (Allocation Failure) 38535K->435K(79936K), 0.0002060 secs]
62.405: [GC (Allocation Failure) 37265K->435K(78656K), 0.0002150 secs]
62.424: [GC (Allocation Failure) 35996K->435K(77440K), 0.0002040 secs]
62.443: [GC (Allocation Failure) 34726K->435K(76288K), 0.0002100 secs]
62.462: [GC (Allocation Failure) 33554K->435K(75200K), 0.0002130 secs]
62.535: [GC (Allocation Failure) 32479K->435K(74176K), 0.0002060 secs]
62.553: [GC (Allocation Failure) 31503K->435K(73152K), 0.0002110 secs]
62.566: [GC (Allocation Failure) 30428K->435K(72192K), 0.0002120 secs]
62.583: [GC (Allocation Failure) 29549K->435K(71296K), 0.0002240 secs]
62.595: [GC (Allocation Failure) 28572K->435K(76992K), 0.0002140 secs]
62.654: [GC (Allocation Failure) 34335K->435K(75904K), 0.0002110 secs]
62.671: [GC (Allocation Failure) 33261K->435K(74816K), 0.0002120 secs]
62.689: [GC (Allocation Failure) 32089K->435K(81216K), 0.0002750 secs]
62.706: [GC (Allocation Failure) 38535K->435K(88896K), 0.0002210 secs]
62.760: [GC (Allocation Failure) 46251K->435K(87232K), 0.0002160 secs]
62.889: [GC (Allocation Failure) 44591K->435K(85632K), 0.0002220 secs]
62.911: [GC (Allocation Failure) 42930K->435K(84096K), 0.0002020 secs]
62.933: [GC (Allocation Failure) 41367K->435K(82624K), 0.0002170 secs]
62.952: [GC (Allocation Failure) 39902K->435K(81280K), 0.0002560 secs]
62.969: [GC (Allocation Failure) 38633K->435K(80000K), 0.0002170 secs]
62.989: [GC (Allocation Failure) 37363K->435K(87424K), 0.0002830 secs]
63.008: [GC (Allocation Failure) 44786K->435K(85824K), 0.0002160 secs]
63.026: [GC (Allocation Failure) 43126K->435K(84288K), 0.0002060 secs]
63.058: [GC (Allocation Failure) 41563K->435K(82816K), 0.0002050 secs]
63.140: [GC (Allocation Failure) 40098K->435K(81408K), 0.0002110 secs]
63.157: [GC (Allocation Failure) 38730K->435K(80064K), 0.0002040 secs]
63.206: [GC (Allocation Failure) 37363K->435K(78784K), 0.0002050 secs]
63.260: [GC (Allocation Failure) 36093K->435K(77568K), 0.0002230 secs]
63.279: [GC (Allocation Failure) 34921K->435K(76416K), 0.0002120 secs]
63.305: [GC (Allocation Failure) 33749K->435K(75328K), 0.0002260 secs]
63.321: [GC (Allocation Failure) 32675K->435K(74304K), 0.0002130 secs]
63.355: [GC (Allocation Failure) 31600K->435K(73280K), 0.0002130 secs]
63.410: [GC (Allocation Failure) 30624K->435K(72320K), 0.0002220 secs]
63.427: [GC (Allocation Failure) 29647K->435K(71424K), 0.0002270 secs]
63.440: [GC (Allocation Failure) 28768K->435K(77120K), 0.0002720 secs]
63.509: [GC (Allocation Failure) 34433K->435K(75968K), 0.0002130 secs]
63.523: [GC (Allocation Failure) 33261K->435K(74880K), 0.0002310 secs]
63.537: [GC (Allocation Failure) 32186K->435K(81280K), 0.0002120 secs]
63.609: [GC (Allocation Failure) 38633K->435K(80000K), 0.0002120 secs]
63.625: [GC (Allocation Failure) 37363K->435K(87424K), 0.0002730 secs]
63.741: [GC (Allocation Failure) 44786K->435K(85824K), 0.0002170 secs]
63.764: [GC (Allocation Failure) 43126K->435K(84288K), 0.0002130 secs]
63.809: [GC (Allocation Failure) 41563K->435K(82816K), 0.0002160 secs]
63.862: [GC (Allocation Failure) 40098K->435K(81408K), 0.0002140 secs]
63.879: [GC (Allocation Failure) 38730K->435K(80064K), 0.0002160 secs]
63.899: [GC (Allocation Failure) 37363K->435K(78784K), 0.0002160 secs]
64.060: [GC (Allocation Failure) 36093K->435K(77568K), 0.0002080 secs]
64.080: [GC (Allocation Failure) 34921K->435K(76416K), 0.0002180 secs]
64.098: [GC (Allocation Failure) 33749K->435K(75328K), 0.0002120 secs]
64.156: [GC (Allocation Failure) 32675K->435K(74304K), 0.0002800 secs]
64.209: [GC (Allocation Failure) 31600K->435K(73280K), 0.0002160 secs]
64.226: [GC (Allocation Failure) 30624K->435K(72320K), 0.0002070 secs]
64.244: [GC (Allocation Failure) 29647K->435K(71424K), 0.0003520 secs]
64.267: [GC (Allocation Failure) 28768K->435K(70528K), 0.0002090 secs]
64.283: [GC (Allocation Failure) 27889K->435K(69696K), 0.0002310 secs]
64.295: [GC (Allocation Failure) 27010K->435K(75072K), 0.0002060 secs]
64.309: [GC (Allocation Failure) 32382K->435K(81472K), 0.0002070 secs]
64.325: [GC (Allocation Failure) 38828K->435K(89152K), 0.0002150 secs]
64.345: [GC (Allocation Failure) 46446K->435K(98368K), 0.0002050 secs]
64.420: [GC (Allocation Failure) 55729K->435K(96256K), 0.0002240 secs]
64.443: [GC (Allocation Failure) 53580K->435K(94272K), 0.0002050 secs]
64.469: [GC (Allocation Failure) 51627K->435K(92352K), 0.0002030 secs]
64.491: [GC (Allocation Failure) 49670K->435K(90496K), 0.0002160 secs]
64.511: [GC (Allocation Failure) 47814K->435K(88768K), 0.0002170 secs]
64.571: [GC (Allocation Failure) 46056K->435K(87104K), 0.0002180 secs]
64.592: [GC (Allocation Failure) 44395K->435K(85504K), 0.0002020 secs]
64.638: [GC (Allocation Failure) 42833K->435K(83968K), 0.0002250 secs]
64.657: [GC (Allocation Failure) 41270K->435K(82560K), 0.0002230 secs]
64.679: [GC (Allocation Failure) 39902K->435K(81216K), 0.0002740 secs]
64.695: [GC (Allocation Failure) 38535K->435K(79936K), 0.0002060 secs]
64.758: [GC (Allocation Failure) 37265K->435K(78656K), 0.0002060 secs]
64.812: [GC (Allocation Failure) 35996K->435K(77440K), 0.0002250 secs]
64.831: [GC (Allocation Failure) 34726K->435K(76288K), 0.0002160 secs]
64.849: [GC (Allocation Failure) 33554K->435K(75200K), 0.0002220 secs]
64.911: [GC (Allocation Failure) 32479K->435K(74176K), 0.0002120 secs]
64.924: [GC (Allocation Failure) 31503K->435K(80448K), 0.0003340 secs]
64.959: [GC (Allocation Failure) 37754K->435K(79168K), 0.0002150 secs]
64.975: [GC (Allocation Failure) 36484K->435K(77952K), 0.0002140 secs]
65.012: [GC (Allocation Failure) 35312K->435K(76800K), 0.0002200 secs]
65.031: [GC (Allocation Failure) 34140K->435K(75712K), 0.0002130 secs]
65.061: [GC (Allocation Failure) 33065K->435K(74624K), 0.0002020 secs]
65.075: [GC (Allocation Failure) 31893K->435K(73600K), 0.0002150 secs]
65.110: [GC (Allocation Failure) 30917K->435K(72640K), 0.0002120 secs]
65.124: [GC (Allocation Failure) 29940K->435K(71744K), 0.0002300 secs]
65.137: [GC (Allocation Failure) 29061K->435K(77504K), 0.0002140 secs]
65.155: [GC (Allocation Failure) 34823K->435K(84416K), 0.0002140 secs]
65.178: [GC (Allocation Failure) 41758K->435K(92736K), 0.0002140 secs]
65.200: [GC (Allocation Failure) 50064K->435K(90880K), 0.0002030 secs]
65.220: [GC (Allocation Failure) 48204K->435K(89152K), 0.0002030 secs]
65.240: [GC (Allocation Failure) 46446K->435K(87488K), 0.0002140 secs]
65.263: [GC (Allocation Failure) 44786K->435K(85888K), 0.0002030 secs]
65.282: [GC (Allocation Failure) 43223K->435K(84352K), 0.0002700 secs]
65.315: [GC (Allocation Failure) 41660K->435K(82880K), 0.0002220 secs]
65.336: [GC (Allocation Failure) 40195K->435K(81472K), 0.0002220 secs]
65.361: [GC (Allocation Failure) 38828K->435K(80128K), 0.0002070 secs]
65.413: [GC (Allocation Failure) 37461K->435K(78848K), 0.0002290 secs]
65.433: [GC (Allocation Failure) 36191K->435K(77632K), 0.0002030 secs]
65.459: [GC (Allocation Failure) 34921K->435K(76480K), 0.0003550 secs]
65.508: [GC (Allocation Failure) 33749K->435K(75392K), 0.0002150 secs]
65.522: [GC (Allocation Failure) 32675K->435K(74368K), 0.0002150 secs]
65.540: [GC (Allocation Failure) 31698K->435K(73344K), 0.0002110 secs]
65.580: [GC (Allocation Failure) 30624K->435K(72384K), 0.0002140 secs]
65.598: [GC (Allocation Failure) 29745K->435K(71488K), 0.0002200 secs]
65.656: [GC (Allocation Failure) 28768K->435K(70592K), 0.0002310 secs]
65.668: [GC (Allocation Failure) 27889K->435K(69760K), 0.0002060 secs]
65.768: [GC (Allocation Failure) 27107K->435K(68992K), 0.0002150 secs]
65.781: [GC (Allocation Failure) 26326K->435K(68224K), 0.0002080 secs]
65.794: [GC (Allocation Failure) 25545K->435K(73280K), 0.0002170 secs]
65.861: [GC (Allocation Failure) 30624K->435K(72320K), 0.0002240 secs]
65.878: [GC (Allocation Failure) 29647K->435K(71424K), 0.0002190 secs]
65.891: [GC (Allocation Failure) 28768K->435K(77120K), 0.0002070 secs]
65.909: [GC (Allocation Failure) 34433K->435K(83968K), 0.0002120 secs]
65.928: [GC (Allocation Failure) 41270K->435K(92160K), 0.0002070 secs]
65.953: [GC (Allocation Failure) 49474K->435K(90368K), 0.0002140 secs]
65.973: [GC (Allocation Failure) 47716K->435K(88640K), 0.0002130 secs]
66.114: [GC (Allocation Failure) 45958K->435K(86976K), 0.0002160 secs]
66.140: [GC (Allocation Failure) 44298K->435K(85376K), 0.0002250 secs]
66.158: [GC (Allocation Failure) 42735K->435K(83904K), 0.0002020 secs]
66.216: [GC (Allocation Failure) 41172K->435K(82496K), 0.0002140 secs]
66.237: [GC (Allocation Failure) 39805K->435K(81152K), 0.0002060 secs]
66.257: [GC (Allocation Failure) 38437K->435K(79872K), 0.0002030 secs]
66.274: [GC (Allocation Failure) 37168K->435K(78656K), 0.0002150 secs]
66.293: [GC (Allocation Failure) 35996K->435K(77440K), 0.0002190 secs]
66.313: [GC (Allocation Failure) 34726K->435K(76288K), 0.0002210 secs]
66.332: [GC (Allocation Failure) 33554K->435K(75200K), 0.0002360 secs]
66.407: [GC (Allocation Failure) 32479K->435K(74176K), 0.0002150 secs]
66.462: [GC (Allocation Failure) 31503K->435K(73152K), 0.0002130 secs]
66.479: [GC (Allocation Failure) 30428K->435K(72192K), 0.0002060 secs]
66.492: [GC (Allocation Failure) 29549K->435K(71296K), 0.0002170 secs]
66.509: [GC (Allocation Failure) 28572K->435K(70400K), 0.0002150 secs]
66.570: [GC (Allocation Failure) 27693K->435K(69568K), 0.0002100 secs]
66.585: [GC (Allocation Failure) 26912K->435K(68800K), 0.0002000 secs]
66.600: [GC (Allocation Failure) 26131K->435K(68032K), 0.0002100 secs]
66.615: [GC (Allocation Failure) 25349K->435K(73024K), 0.0003370 secs]
66.629: [GC (Allocation Failure) 30331K->435K(79040K), 0.0002070 secs]
66.646: [GC (Allocation Failure) 36386K->435K(86272K), 0.0002010 secs]
66.672: [GC (Allocation Failure) 43614K->435K(84736K), 0.0002230 secs]
66.763: [GC (Allocation Failure) 42051K->435K(83264K), 0.0002160 secs]
66.812: [GC (Allocation Failure) 40586K->435K(81856K), 0.0002270 secs]
66.829: [GC (Allocation Failure) 39219K->435K(80512K), 0.0002710 secs]
66.937: [GC (Allocation Failure) 37851K->435K(79232K), 0.0002290 secs]
66.957: [GC (Allocation Failure) 36582K->435K(78016K), 0.0001910 secs]
66.976: [GC (Allocation Failure) 35312K->435K(76864K), 0.0002240 secs]
66.994: [GC (Allocation Failure) 34140K->435K(75776K), 0.0002120 secs]
67.009: [GC (Allocation Failure) 33065K->435K(74688K), 0.0002060 secs]
67.023: [GC (Allocation Failure) 31991K->435K(81024K), 0.0002060 secs]
67.043: [GC (Allocation Failure) 38340K->435K(88640K), 0.0002230 secs]
67.115: [GC (Allocation Failure) 45958K->435K(86976K), 0.0002260 secs]
67.134: [GC (Allocation Failure) 44298K->435K(85376K), 0.0002050 secs]
67.268: [GC (Allocation Failure) 42735K->435K(83904K), 0.0002130 secs]
67.290: [GC (Allocation Failure) 41172K->435K(82496K), 0.0002030 secs]
67.338: [GC (Allocation Failure) 39805K->435K(81152K), 0.0002730 secs]
67.362: [GC (Allocation Failure) 38437K->435K(79872K), 0.0002160 secs]
67.413: [GC (Allocation Failure) 37168K->435K(78656K), 0.0002350 secs]
67.428: [GC (Allocation Failure) 35996K->435K(77440K), 0.0002060 secs]
67.461: [GC (Allocation Failure) 34726K->435K(76288K), 0.0002250 secs]
67.476: [GC (Allocation Failure) 33554K->435K(75200K), 0.0002050 secs]
67.494: [GC (Allocation Failure) 32479K->435K(74176K), 0.0002160 secs]
67.510: [GC (Allocation Failure) 31503K->435K(73152K), 0.0002030 secs]
67.559: [GC (Allocation Failure) 30428K->435K(72192K), 0.0002770 secs]
67.612: [GC (Allocation Failure) 29549K->435K(71296K), 0.0002230 secs]
67.625: [GC (Allocation Failure) 28572K->435K(70400K), 0.0002180 secs]
67.637: [GC (Allocation Failure) 27693K->435K(75904K), 0.0002040 secs]
67.655: [GC (Allocation Failure) 33261K->435K(82496K), 0.0002140 secs]
67.676: [GC (Allocation Failure) 39805K->435K(81152K), 0.0002150 secs]
67.717: [GC (Allocation Failure) 38437K->435K(79872K), 0.0002100 secs]
67.733: [GC (Allocation Failure) 37168K->435K(78656K), 0.0002230 secs]
67.752: [GC (Allocation Failure) 35996K->435K(77440K), 0.0002220 secs]
67.776: [GC (Allocation Failure) 34726K->435K(76288K), 0.0002350 secs]
67.790: [GC (Allocation Failure) 33554K->435K(75200K), 0.0002060 secs]
67.811: [GC (Allocation Failure) 32479K->435K(74176K), 0.0002160 secs]
67.828: [GC (Allocation Failure) 31503K->435K(73152K), 0.0002020 secs]
67.906: [GC (Allocation Failure) 30428K->435K(72192K), 0.0002720 secs]
67.937: [GC (Allocation Failure) 29549K->435K(71296K), 0.0002180 secs]
67.950: [GC (Allocation Failure) 28572K->435K(76992K), 0.0003270 secs]
67.972: [GC (Allocation Failure) 34335K->435K(83776K), 0.0002060 secs]
68.114: [GC (Allocation Failure) 41074K->435K(82368K), 0.0002150 secs]
68.135: [GC (Allocation Failure) 39707K->435K(81024K), 0.0002030 secs]
68.178: [GC (Allocation Failure) 38340K->435K(79744K), 0.0002050 secs]
68.197: [GC (Allocation Failure) 37070K->435K(78528K), 0.0002120 secs]
68.213: [GC (Allocation Failure) 35800K->435K(77312K), 0.0002190 secs]
68.232: [GC (Allocation Failure) 34628K->435K(76160K), 0.0002110 secs]
68.262: [GC (Allocation Failure) 33456K->435K(75072K), 0.0002270 secs]
68.275: [GC (Allocation Failure) 32382K->435K(74048K), 0.0002040 secs]
68.411: [GC (Allocation Failure) 31405K->435K(73088K), 0.0002780 secs]
68.461: [GC (Allocation Failure) 30428K->435K(72128K), 0.0002250 secs]
68.477: [GC (Allocation Failure) 29451K->435K(71232K), 0.0002250 secs]
68.510: [GC (Allocation Failure) 28572K->435K(70400K), 0.0002140 secs]
68.563: [GC (Allocation Failure) 27693K->435K(69568K), 0.0002200 secs]
68.577: [GC (Allocation Failure) 26912K->435K(68800K), 0.0002170 secs]
68.595: [GC (Allocation Failure) 26131K->435K(68032K), 0.0002120 secs]
68.610: [GC (Allocation Failure) 25349K->435K(67328K), 0.0002040 secs]
68.621: [GC (Allocation Failure) 24662K->435K(72192K), 0.0003260 secs]
68.673: [GC (Allocation Failure) 29549K->435K(78016K), 0.0002140 secs]
68.692: [GC (Allocation Failure) 35312K->435K(85056K), 0.0002770 secs]
68.715: [GC (Allocation Failure) 42344K->435K(93504K), 0.0002130 secs]
68.737: [GC (Allocation Failure) 50846K->435K(91648K), 0.0002040 secs]
68.758: [GC (Allocation Failure) 48986K->435K(89856K), 0.0002170 secs]
68.822: [GC (Allocation Failure) 47130K->435K(88128K), 0.0002230 secs]
68.846: [GC (Allocation Failure) 45470K->435K(86528K), 0.0002150 secs]
68.867: [GC (Allocation Failure) 43809K->435K(84992K), 0.0002250 secs]
68.885: [GC (Allocation Failure) 42344K->435K(83520K), 0.0002050 secs]
68.907: [GC (Allocation Failure) 40879K->435K(82112K), 0.0002170 secs]
68.928: [GC (Allocation Failure) 39414K->435K(80768K), 0.0002150 secs]
68.948: [GC (Allocation Failure) 38047K->435K(79488K), 0.0002870 secs]
68.966: [GC (Allocation Failure) 36777K->435K(78272K), 0.0002040 secs]
68.985: [GC (Allocation Failure) 35605K->435K(85312K), 0.0002750 secs]
69.003: [GC (Allocation Failure) 42637K->435K(93760K), 0.0002050 secs]
69.074: [GC (Allocation Failure) 51041K->435K(91840K), 0.0002130 secs]
69.099: [GC (Allocation Failure) 49181K->435K(90048K), 0.0002120 secs]
69.172: [GC (Allocation Failure) 47325K->435K(88320K), 0.0002260 secs]
69.196: [GC (Allocation Failure) 45665K->435K(86656K), 0.0002040 secs]
69.216: [GC (Allocation Failure) 44005K->435K(85120K), 0.0002170 secs]
69.238: [GC (Allocation Failure) 42442K->435K(83648K), 0.0002240 secs]
69.267: [GC (Allocation Failure) 40977K->435K(82240K), 0.0002250 secs]
69.288: [GC (Allocation Failure) 39512K->435K(80896K), 0.0002110 secs]
69.366: [GC (Allocation Failure) 38242K->435K(79616K), 0.0002270 secs]
69.386: [GC (Allocation Failure) 36972K->435K(78400K), 0.0002160 secs]
69.405: [GC (Allocation Failure) 35702K->435K(77248K), 0.0002040 secs]
69.424: [GC (Allocation Failure) 34530K->435K(76096K), 0.0002130 secs]
69.439: [GC (Allocation Failure) 33456K->435K(75008K), 0.0002200 secs]
69.457: [GC (Allocation Failure) 32284K->435K(73984K), 0.0002030 secs]
69.470: [GC (Allocation Failure) 31307K->435K(80192K), 0.0002310 secs]
69.487: [GC (Allocation Failure) 37461K->435K(87616K), 0.0002070 secs]
69.506: [GC (Allocation Failure) 44884K->435K(96576K), 0.0002060 secs]
69.529: [GC (Allocation Failure) 53873K->435K(94528K), 0.0002030 secs]
69.625: [GC (Allocation Failure) 51822K->435K(92608K), 0.0002230 secs]
69.649: [GC (Allocation Failure) 49967K->435K(90752K), 0.0001990 secs]
69.670: [GC (Allocation Failure) 48107K->435K(89024K), 0.0002040 secs]
69.719: [GC (Allocation Failure) 46349K->435K(87360K), 0.0002140 secs]
69.738: [GC (Allocation Failure) 44688K->435K(85760K), 0.0002720 secs]
69.794: [GC (Allocation Failure) 43028K->435K(84224K), 0.0002310 secs]
69.816: [GC (Allocation Failure) 41563K->435K(82752K), 0.0002270 secs]
69.871: [GC (Allocation Failure) 40098K->435K(81344K), 0.0002070 secs]
69.891: [GC (Allocation Failure) 38633K->435K(80000K), 0.0002040 secs]
69.908: [GC (Allocation Failure) 37363K->435K(78720K), 0.0002190 secs]
69.936: [GC (Allocation Failure) 35996K->435K(77504K), 0.0002250 secs]
69.955: [GC (Allocation Failure) 34823K->435K(76352K), 0.0002130 secs]
69.970: [GC (Allocation Failure) 33651K->435K(75264K), 0.0002150 secs]
70.018: [GC (Allocation Failure) 32577K->435K(74240K), 0.0002120 secs]
70.035: [GC (Allocation Failure) 31600K->435K(73216K), 0.0002030 secs]
70.048: [GC (Allocation Failure) 30526K->435K(72256K), 0.0002200 secs]
70.164: [GC (Allocation Failure) 29549K->435K(71360K), 0.0002150 secs]
70.181: [GC (Allocation Failure) 28670K->435K(70464K), 0.0002070 secs]
70.193: [GC (Allocation Failure) 27791K->435K(75968K), 0.0002310 secs]
70.211: [GC (Allocation Failure) 33261K->435K(82560K), 0.0002020 secs]
70.228: [GC (Allocation Failure) 39902K->435K(90496K), 0.0002150 secs]
70.249: [GC (Allocation Failure) 47814K->435K(88768K), 0.0002040 secs]
70.320: [GC (Allocation Failure) 46056K->435K(87104K), 0.0002060 secs]
70.343: [GC (Allocation Failure) 44395K->435K(85504K), 0.0002730 secs]
70.361: [GC (Allocation Failure) 42833K->435K(83968K), 0.0002150 secs]
70.382: [GC (Allocation Failure) 41270K->435K(82560K), 0.0002150 secs]
70.400: [GC (Allocation Failure) 39902K->435K(81216K), 0.0002210 secs]
70.420: [GC (Allocation Failure) 38535K->435K(79936K), 0.0002120 secs]
70.470: [GC (Allocation Failure) 37265K->435K(78656K), 0.0002160 secs]
70.486: [GC (Allocation Failure) 35996K->435K(77440K), 0.0002160 secs]
70.501: [GC (Allocation Failure) 34726K->435K(76288K), 0.0002010 secs]
70.515: [GC (Allocation Failure) 33554K->435K(82944K), 0.0002050 secs]
70.536: [GC (Allocation Failure) 40293K->435K(81536K), 0.0002130 secs]
70.569: [GC (Allocation Failure) 38828K->435K(80192K), 0.0002060 secs]
70.589: [GC (Allocation Failure) 37461K->435K(78912K), 0.0002050 secs]
70.605: [GC (Allocation Failure) 36191K->435K(77696K), 0.0002040 secs]
70.624: [GC (Allocation Failure) 35019K->435K(76544K), 0.0002160 secs]
70.665: [GC (Allocation Failure) 33847K->435K(75456K), 0.0002250 secs]
70.683: [GC (Allocation Failure) 32772K->435K(74432K), 0.0002030 secs]
70.697: [GC (Allocation Failure) 31698K->435K(80704K), 0.0002420 secs]
70.713: [GC (Allocation Failure) 38047K->435K(88256K), 0.0002050 secs]
70.736: [GC (Allocation Failure) 45567K->435K(86592K), 0.0002160 secs]
70.760: [GC (Allocation Failure) 43907K->435K(85056K), 0.0002030 secs]
70.782: [GC (Allocation Failure) 42344K->435K(83584K), 0.0002200 secs]
70.800: [GC (Allocation Failure) 40879K->435K(82176K), 0.0002060 secs]
70.868: [GC (Allocation Failure) 39512K->435K(80832K), 0.0002070 secs]
70.913: [GC (Allocation Failure) 38144K->435K(79552K), 0.0002040 secs]
70.933: [GC (Allocation Failure) 36875K->435K(78336K), 0.0002050 secs]
70.949: [GC (Allocation Failure) 35605K->435K(77184K), 0.0002400 secs]
70.964: [GC (Allocation Failure) 34530K->435K(76032K), 0.0002150 secs]
70.978: [GC (Allocation Failure) 33358K->435K(82624K), 0.0002140 secs]
70.999: [GC (Allocation Failure) 39902K->435K(81280K), 0.0002110 secs]
71.068: [GC (Allocation Failure) 38633K->435K(80000K), 0.0002350 secs]
71.117: [GC (Allocation Failure) 37363K->435K(78720K), 0.0002080 secs]
71.171: [GC (Allocation Failure) 35996K->435K(77504K), 0.0002220 secs]
71.186: [GC (Allocation Failure) 34823K->435K(76352K), 0.0002050 secs]
71.320: [GC (Allocation Failure) 33651K->435K(75264K), 0.0002210 secs]
71.338: [GC (Allocation Failure) 32577K->435K(74240K), 0.0002370 secs]
71.375: [GC (Allocation Failure) 31600K->435K(73216K), 0.0002240 secs]
71.392: [GC (Allocation Failure) 30526K->435K(72256K), 0.0002750 secs]
71.405: [GC (Allocation Failure) 29549K->435K(78144K), 0.0002180 secs]
71.467: [GC (Allocation Failure) 35409K->435K(76992K), 0.0002210 secs]
71.535: [GC (Allocation Failure) 34335K->435K(75904K), 0.0002170 secs]
71.550: [GC (Allocation Failure) 33261K->435K(74816K), 0.0002060 secs]
71.620: [GC (Allocation Failure) 32089K->435K(73792K), 0.0002220 secs]
71.633: [GC (Allocation Failure) 31112K->435K(72832K), 0.0002200 secs]
71.665: [GC (Allocation Failure) 30135K->435K(71872K), 0.0002180 secs]
71.715: [GC (Allocation Failure) 29158K->435K(70976K), 0.0002730 secs]
71.769: [GC (Allocation Failure) 28279K->435K(70144K), 0.0002240 secs]
71.785: [GC (Allocation Failure) 27498K->435K(69312K), 0.0002010 secs]
71.904: [GC (Allocation Failure) 26619K->435K(68544K), 0.0002730 secs]
71.964: [GC (Allocation Failure) 25838K->435K(67776K), 0.0002160 secs]
72.017: [GC (Allocation Failure) 25052K->435K(67072K), 0.0002220 secs]
72.032: [GC (Allocation Failure) 24369K->435K(66368K), 0.0002260 secs]
72.063: [GC (Allocation Failure) 23685K->435K(65728K), 0.0002260 secs]
72.077: [GC (Allocation Failure) 23001K->435K(65088K), 0.0002770 secs]
72.090: [GC (Allocation Failure) 22415K->435K(69504K), 0.0002300 secs]
72.102: [GC (Allocation Failure) 26814K->435K(74816K), 0.0002030 secs]
72.170: [GC (Allocation Failure) 32089K->435K(73792K), 0.0002110 secs]
72.183: [GC (Allocation Failure) 31112K->435K(79936K), 0.0002180 secs]
72.269: [GC (Allocation Failure) 37265K->435K(78656K), 0.0002160 secs]
72.322: [GC (Allocation Failure) 35996K->435K(77440K), 0.0002130 secs]
72.341: [GC (Allocation Failure) 34726K->435K(76288K), 0.0002040 secs]
72.360: [GC (Allocation Failure) 33554K->435K(75200K), 0.0002110 secs]
72.467: [GC (Allocation Failure) 32479K->435K(74176K), 0.0002170 secs]
72.521: [GC (Allocation Failure) 31503K->435K(73152K), 0.0002120 secs]
72.538: [GC (Allocation Failure) 30428K->435K(72192K), 0.0002180 secs]
72.551: [GC (Allocation Failure) 29549K->435K(71296K), 0.0002030 secs]
72.568: [GC (Allocation Failure) 28572K->435K(70400K), 0.0002110 secs]
72.591: [GC (Allocation Failure) 27693K->435K(69568K), 0.0002660 secs]
72.604: [GC (Allocation Failure) 26912K->435K(74880K), 0.0002100 secs]
72.629: [GC (Allocation Failure) 32186K->435K(73856K), 0.0002300 secs]
72.642: [GC (Allocation Failure) 31210K->435K(80064K), 0.0002180 secs]
72.673: [GC (Allocation Failure) 37363K->435K(78784K), 0.0002320 secs]
72.689: [GC (Allocation Failure) 36093K->435K(85952K), 0.0002050 secs]
72.712: [GC (Allocation Failure) 43223K->435K(84416K), 0.0002240 secs]
72.772: [GC (Allocation Failure) 41758K->435K(82944K), 0.0002130 secs]
72.793: [GC (Allocation Failure) 40293K->435K(81536K), 0.0002010 secs]
72.813: [GC (Allocation Failure) 38828K->435K(80192K), 0.0002120 secs]
72.870: [GC (Allocation Failure) 37461K->435K(78912K), 0.0002710 secs]
72.921: [GC (Allocation Failure) 36191K->435K(77696K), 0.0003280 secs]
72.936: [GC (Allocation Failure) 35019K->435K(76544K), 0.0002050 secs]
72.974: [GC (Allocation Failure) 33847K->435K(75456K), 0.0003540 secs]
72.993: [GC (Allocation Failure) 32772K->435K(74432K), 0.0002320 secs]
73.007: [GC (Allocation Failure) 31698K->435K(73408K), 0.0002160 secs]
73.024: [GC (Allocation Failure) 30721K->435K(79488K), 0.0002240 secs]
73.070: [GC (Allocation Failure) 36777K->435K(78272K), 0.0002160 secs]
73.119: [GC (Allocation Failure) 35605K->435K(77120K), 0.0002060 secs]
73.138: [GC (Allocation Failure) 34433K->435K(75968K), 0.0002120 secs]
73.152: [GC (Allocation Failure) 33261K->435K(74880K), 0.0002070 secs]
73.166: [GC (Allocation Failure) 32186K->435K(73856K), 0.0002050 secs]
73.179: [GC (Allocation Failure) 31210K->435K(80064K), 0.0002060 secs]
73.199: [GC (Allocation Failure) 37363K->435K(87488K), 0.0002020 secs]
73.218: [GC (Allocation Failure) 44786K->435K(96384K), 0.0002150 secs]
73.241: [GC (Allocation Failure) 53678K->435K(94400K), 0.0002030 secs]
73.343: [GC (Allocation Failure) 51725K->435K(92480K), 0.0002060 secs]
73.418: [GC (Allocation Failure) 49767K->435K(90624K), 0.0002120 secs]
73.439: [GC (Allocation Failure) 47911K->435K(88896K), 0.0002180 secs]
73.474: [GC (Allocation Failure) 46251K->435K(87232K), 0.0002140 secs]
73.497: [GC (Allocation Failure) 44591K->435K(85632K), 0.0002020 secs]
73.520: [GC (Allocation Failure) 42930K->435K(84096K), 0.0002110 secs]
73.542: [GC (Allocation Failure) 41367K->435K(82624K), 0.0002010 secs]
73.622: [GC (Allocation Failure) 39902K->435K(81280K), 0.0002760 secs]
73.675: [GC (Allocation Failure) 38633K->435K(80000K), 0.0002150 secs]
73.692: [GC (Allocation Failure) 37363K->435K(78720K), 0.0002140 secs]
73.724: [GC (Allocation Failure) 35996K->435K(77504K), 0.0002110 secs]
73.740: [GC (Allocation Failure) 34823K->435K(76352K), 0.0002160 secs]
73.773: [GC (Allocation Failure) 33651K->435K(75264K), 0.0002040 secs]
73.791: [GC (Allocation Failure) 32577K->435K(74240K), 0.0002010 secs]
73.805: [GC (Allocation Failure) 31600K->435K(73216K), 0.0002140 secs]
73.906: [GC (Allocation Failure) 30526K->435K(72256K), 0.0002030 secs]
73.938: [GC (Allocation Failure) 29549K->435K(71360K), 0.0002130 secs]
73.954: [GC (Allocation Failure) 28670K->435K(70464K), 0.0002040 secs]
73.966: [GC (Allocation Failure) 27791K->435K(69632K), 0.0002040 secs]
74.017: [GC (Allocation Failure) 26912K->435K(68864K), 0.0002020 secs]
74.070: [GC (Allocation Failure) 26131K->435K(68096K), 0.0002140 secs]
74.082: [GC (Allocation Failure) 25447K->435K(67392K), 0.0002280 secs]
74.096: [GC (Allocation Failure) 24662K->435K(72256K), 0.0002120 secs]
74.138: [GC (Allocation Failure) 29549K->435K(71360K), 0.0002040 secs]
74.154: [GC (Allocation Failure) 28670K->435K(70464K), 0.0002030 secs]
74.167: [GC (Allocation Failure) 27791K->435K(75968K), 0.0003120 secs]
74.190: [GC (Allocation Failure) 33261K->435K(82560K), 0.0002190 secs]
74.208: [GC (Allocation Failure) 39902K->435K(90496K), 0.0002780 secs]
74.288: [GC (Allocation Failure) 47814K->435K(88768K), 0.0002260 secs]
74.312: [GC (Allocation Failure) 46056K->435K(87104K), 0.0002220 secs]
74.375: [GC (Allocation Failure) 44395K->435K(85504K), 0.0002070 secs]
74.415: [GC (Allocation Failure) 42833K->435K(83968K), 0.0002230 secs]
74.433: [GC (Allocation Failure) 41270K->435K(82560K), 0.0002010 secs]
74.454: [GC (Allocation Failure) 39902K->435K(81216K), 0.0002180 secs]
74.473: [GC (Allocation Failure) 38535K->435K(79936K), 0.0002150 secs]
74.526: [GC (Allocation Failure) 37265K->435K(78656K), 0.0002230 secs]
74.542: [GC (Allocation Failure) 35996K->435K(77440K), 0.0002040 secs]
74.571: [GC (Allocation Failure) 34726K->435K(76288K), 0.0002050 secs]
74.596: [GC (Allocation Failure) 33554K->435K(75200K), 0.0002130 secs]
74.610: [GC (Allocation Failure) 32479K->435K(74176K), 0.0002180 secs]
74.663: [GC (Allocation Failure) 31503K->435K(73152K), 0.0002180 secs]
74.676: [GC (Allocation Failure) 30428K->435K(72192K), 0.0002060 secs]
74.693: [GC (Allocation Failure) 29549K->435K(71296K), 0.0002010 secs]
74.706: [GC (Allocation Failure) 28572K->435K(76992K), 0.0002170 secs]
74.740: [GC (Allocation Failure) 34335K->435K(75904K), 0.0002410 secs]
74.755: [GC (Allocation Failure) 33261K->435K(82496K), 0.0002630 secs]
74.772: [GC (Allocation Failure) 39805K->435K(90432K), 0.0002040 secs]
74.797: [GC (Allocation Failure) 47716K->435K(88704K), 0.0002120 secs]
74.880: [GC (Allocation Failure) 46056K->435K(87040K), 0.0002100 secs]
74.899: [GC (Allocation Failure) 44395K->435K(85440K), 0.0002170 secs]
74.918: [GC (Allocation Failure) 42735K->435K(83968K), 0.0002030 secs]
74.984: [GC (Allocation Failure) 41270K->435K(82560K), 0.0002340 secs]
75.002: [GC (Allocation Failure) 39902K->435K(81216K), 0.0002220 secs]
75.023: [GC (Allocation Failure) 38535K->435K(79936K), 0.0002130 secs]
75.043: [GC (Allocation Failure) 37265K->435K(78656K), 0.0002020 secs]
75.058: [GC (Allocation Failure) 35996K->435K(77440K), 0.0002150 secs]
75.073: [GC (Allocation Failure) 34726K->435K(76288K), 0.0002050 secs]
75.088: [GC (Allocation Failure) 33554K->435K(82944K), 0.0002040 secs]
75.178: [GC (Allocation Failure) 40293K->435K(81536K), 0.0002230 secs]
75.199: [GC (Allocation Failure) 38828K->435K(80192K), 0.0002100 secs]
75.223: [GC (Allocation Failure) 37461K->435K(78912K), 0.0002730 secs]
75.374: [GC (Allocation Failure) 36191K->435K(77696K), 0.0002160 secs]
75.393: [GC (Allocation Failure) 35019K->435K(76544K), 0.0002160 secs]
75.476: [GC (Allocation Failure) 33847K->435K(75456K), 0.0002250 secs]
75.494: [GC (Allocation Failure) 32772K->435K(74432K), 0.0002130 secs]
75.525: [GC (Allocation Failure) 31698K->435K(73408K), 0.0002030 secs]
75.538: [GC (Allocation Failure) 30721K->435K(72448K), 0.0002160 secs]
75.555: [GC (Allocation Failure) 29745K->435K(71552K), 0.0002120 secs]
75.574: [GC (Allocation Failure) 28865K->435K(70656K), 0.0002290 secs]
75.586: [GC (Allocation Failure) 27986K->435K(76224K), 0.0002040 secs]
75.601: [GC (Allocation Failure) 33554K->435K(82880K), 0.0002130 secs]
75.618: [GC (Allocation Failure) 40195K->435K(90880K), 0.0002140 secs]
75.639: [GC (Allocation Failure) 48204K->435K(100480K), 0.0002160 secs]
75.733: [GC (Allocation Failure) 57780K->435K(98240K), 0.0002250 secs]
75.785: [GC (Allocation Failure) 55534K->435K(96128K), 0.0002130 secs]
75.813: [GC (Allocation Failure) 53483K->435K(94144K), 0.0002010 secs]
75.835: [GC (Allocation Failure) 51432K->435K(92224K), 0.0002130 secs]
75.856: [GC (Allocation Failure) 49572K->435K(90432K), 0.0002040 secs]
75.946: [GC (Allocation Failure) 47716K->435K(88704K), 0.0002390 secs]
75.970: [GC (Allocation Failure) 46056K->435K(87040K), 0.0002210 secs]
76.031: [GC (Allocation Failure) 44395K->435K(85440K), 0.0002220 secs]
76.054: [GC (Allocation Failure) 42735K->435K(83968K), 0.0002140 secs]
76.126: [GC (Allocation Failure) 41270K->435K(82560K), 0.0002690 secs]
76.189: [GC (Allocation Failure) 39902K->435K(81216K), 0.0002180 secs]
76.206: [GC (Allocation Failure) 38535K->435K(79936K), 0.0002230 secs]
76.275: [GC (Allocation Failure) 37265K->435K(78656K), 0.0002260 secs]
76.294: [GC (Allocation Failure) 35996K->435K(77440K), 0.0002160 secs]
76.340: [GC (Allocation Failure) 34726K->435K(76288K), 0.0002130 secs]
76.358: [GC (Allocation Failure) 33554K->435K(75200K), 0.0002020 secs]
76.372: [GC (Allocation Failure) 32479K->435K(74176K), 0.0002170 secs]
76.526: [GC (Allocation Failure) 31503K->435K(73152K), 0.0002320 secs]
76.544: [GC (Allocation Failure) 30428K->435K(72192K), 0.0002680 secs]
76.572: [GC (Allocation Failure) 29549K->435K(71296K), 0.0002070 secs]
76.589: [GC (Allocation Failure) 28572K->435K(70400K), 0.0002730 secs]
76.605: [GC (Allocation Failure) 27693K->435K(75904K), 0.0002730 secs]
76.620: [GC (Allocation Failure) 33261K->435K(82496K), 0.0002220 secs]
76.668: [GC (Allocation Failure) 39805K->435K(81152K), 0.0002140 secs]
76.688: [GC (Allocation Failure) 38437K->435K(79872K), 0.0002030 secs]
76.741: [GC (Allocation Failure) 37168K->435K(78656K), 0.0002730 secs]
76.829: [GC (Allocation Failure) 35996K->435K(77440K), 0.0002200 secs]
76.848: [GC (Allocation Failure) 34726K->435K(76288K), 0.0002330 secs]
76.866: [GC (Allocation Failure) 33554K->435K(75200K), 0.0002030 secs]
76.881: [GC (Allocation Failure) 32479K->435K(74176K), 0.0002180 secs]
76.923: [GC (Allocation Failure) 31503K->435K(73152K), 0.0002150 secs]
76.976: [GC (Allocation Failure) 30428K->435K(72192K), 0.0002150 secs]
76.989: [GC (Allocation Failure) 29549K->435K(71296K), 0.0002130 secs]
77.006: [GC (Allocation Failure) 28572K->435K(70400K), 0.0002100 secs]
77.025: [GC (Allocation Failure) 27693K->435K(69568K), 0.0002070 secs]
77.041: [GC (Allocation Failure) 26912K->435K(68800K), 0.0002110 secs]
77.056: [GC (Allocation Failure) 26131K->435K(73984K), 0.0002220 secs]
77.074: [GC (Allocation Failure) 31307K->435K(80192K), 0.0002700 secs]
77.126: [GC (Allocation Failure) 37461K->435K(78912K), 0.0002150 secs]
77.175: [GC (Allocation Failure) 36191K->435K(77696K), 0.0002060 secs]
77.225: [GC (Allocation Failure) 35019K->435K(76544K), 0.0002230 secs]
77.239: [GC (Allocation Failure) 33847K->435K(75456K), 0.0002030 secs]
77.253: [GC (Allocation Failure) 32772K->435K(74432K), 0.0002030 secs]
77.271: [GC (Allocation Failure) 31698K->435K(73408K), 0.0002170 secs]
77.386: [GC (Allocation Failure) 30721K->435K(72448K), 0.0002250 secs]
77.402: [GC (Allocation Failure) 29745K->435K(71552K), 0.0002060 secs]
77.419: [GC (Allocation Failure) 28865K->435K(70656K), 0.0002180 secs]
77.432: [GC (Allocation Failure) 27986K->435K(76224K), 0.0002630 secs]
77.474: [GC (Allocation Failure) 33554K->435K(75136K), 0.0002250 secs]
77.492: [GC (Allocation Failure) 32479K->435K(74112K), 0.0002210 secs]
77.528: [GC (Allocation Failure) 31405K->435K(73152K), 0.0002120 secs]
77.545: [GC (Allocation Failure) 30428K->435K(72192K), 0.0002130 secs]
77.558: [GC (Allocation Failure) 29549K->435K(78016K), 0.0002190 secs]
77.573: [GC (Allocation Failure) 35312K->435K(85056K), 0.0002050 secs]
77.591: [GC (Allocation Failure) 42344K->435K(93504K), 0.0002040 secs]
77.637: [GC (Allocation Failure) 50846K->435K(91648K), 0.0002280 secs]
77.661: [GC (Allocation Failure) 48986K->435K(89856K), 0.0002350 secs]
77.681: [GC (Allocation Failure) 47130K->435K(88128K), 0.0002030 secs]
77.700: [GC (Allocation Failure) 45470K->435K(86528K), 0.0002260 secs]
77.721: [GC (Allocation Failure) 43809K->435K(84992K), 0.0002120 secs]
77.743: [GC (Allocation Failure) 42344K->435K(83520K), 0.0002120 secs]
77.779: [GC (Allocation Failure) 40879K->435K(82112K), 0.0002810 secs]
77.827: [GC (Allocation Failure) 39414K->435K(80768K), 0.0002080 secs]
77.890: [GC (Allocation Failure) 38047K->435K(79488K), 0.0002140 secs]
77.906: [GC (Allocation Failure) 36777K->435K(78272K), 0.0002050 secs]
77.925: [GC (Allocation Failure) 35605K->435K(77120K), 0.0002140 secs]
77.980: [GC (Allocation Failure) 34433K->435K(75968K), 0.0003150 secs]
77.994: [GC (Allocation Failure) 33261K->435K(74880K), 0.0002320 secs]
78.008: [GC (Allocation Failure) 32186K->435K(73856K), 0.0002130 secs]
78.074: [GC (Allocation Failure) 31210K->435K(72896K), 0.0002060 secs]
78.087: [GC (Allocation Failure) 30233K->435K(71936K), 0.0002170 secs]
78.100: [GC (Allocation Failure) 29256K->435K(77760K), 0.0002050 secs]
78.126: [GC (Allocation Failure) 35116K->435K(76608K), 0.0002170 secs]
78.280: [GC (Allocation Failure) 33944K->435K(75520K), 0.0002140 secs]
78.294: [GC (Allocation Failure) 32870K->435K(82048K), 0.0003230 secs]
78.329: [GC (Allocation Failure) 39316K->435K(80704K), 0.0002420 secs]
78.345: [GC (Allocation Failure) 38047K->435K(79424K), 0.0002030 secs]
78.365: [GC (Allocation Failure) 36777K->435K(78208K), 0.0002120 secs]
78.430: [GC (Allocation Failure) 35507K->435K(77056K), 0.0002070 secs]
78.449: [GC (Allocation Failure) 34335K->435K(75904K), 0.0002020 secs]
78.464: [GC (Allocation Failure) 33261K->435K(82496K), 0.0003220 secs]
78.580: [GC (Allocation Failure) 39805K->435K(81152K), 0.0001920 secs]
78.628: [GC (Allocation Failure) 38437K->435K(79872K), 0.0002920 secs]
78.666: [GC (Allocation Failure) 37168K->435K(78656K), 0.0002050 secs]
78.682: [GC (Allocation Failure) 35996K->435K(77440K), 0.0002080 secs]
78.731: [GC (Allocation Failure) 34726K->435K(76288K), 0.0002240 secs]
78.749: [GC (Allocation Failure) 33554K->435K(75200K), 0.0002020 secs]
78.763: [GC (Allocation Failure) 32479K->435K(74176K), 0.0002190 secs]
78.880: [GC (Allocation Failure) 31503K->435K(73152K), 0.0002260 secs]
78.897: [GC (Allocation Failure) 30428K->435K(72192K), 0.0002310 secs]
78.977: [GC (Allocation Failure) 29549K->435K(71296K), 0.0002050 secs]
78.989: [GC (Allocation Failure) 28572K->435K(70400K), 0.0002100 secs]
79.001: [GC (Allocation Failure) 27693K->435K(75904K), 0.0002060 secs]
79.030: [GC (Allocation Failure) 33261K->435K(74816K), 0.0002120 secs]
79.044: [GC (Allocation Failure) 32089K->435K(81216K), 0.0002060 secs]
79.062: [GC (Allocation Failure) 38535K->435K(88896K), 0.0002100 secs]
79.086: [GC (Allocation Failure) 46251K->435K(87232K), 0.0002180 secs]
79.106: [GC (Allocation Failure) 44591K->435K(85632K), 0.0002050 secs]
79.135: [GC (Allocation Failure) 42930K->435K(84096K), 0.0002270 secs]
79.158: [GC (Allocation Failure) 41367K->435K(82624K), 0.0002160 secs]
79.234: [GC (Allocation Failure) 39902K->435K(81280K), 0.0002140 secs]
79.254: [GC (Allocation Failure) 38633K->435K(80000K), 0.0002010 secs]
79.271: [GC (Allocation Failure) 37363K->435K(78720K), 0.0002040 secs]
79.290: [GC (Allocation Failure) 35996K->435K(77504K), 0.0002010 secs]
79.305: [GC (Allocation Failure) 34823K->435K(76352K), 0.0002030 secs]
79.328: [GC (Allocation Failure) 33651K->435K(75264K), 0.0002780 secs]
79.342: [GC (Allocation Failure) 32577K->435K(81728K), 0.0002030 secs]
79.413: [GC (Allocation Failure) 39023K->435K(80384K), 0.0002050 secs]
79.433: [GC (Allocation Failure) 37656K->435K(79104K), 0.0002080 secs]
79.449: [GC (Allocation Failure) 36386K->435K(77888K), 0.0002040 secs]
79.468: [GC (Allocation Failure) 35214K->435K(76736K), 0.0002010 secs]
79.483: [GC (Allocation Failure) 34042K->435K(75648K), 0.0002160 secs]
79.527: [GC (Allocation Failure) 32968K->435K(74560K), 0.0002140 secs]
79.541: [GC (Allocation Failure) 31893K->435K(73536K), 0.0002020 secs]
79.580: [GC (Allocation Failure) 30819K->435K(72576K), 0.0002120 secs]
79.597: [GC (Allocation Failure) 29842K->435K(71680K), 0.0002010 secs]
79.610: [GC (Allocation Failure) 28963K->435K(77440K), 0.0002190 secs]
79.625: [GC (Allocation Failure) 34726K->435K(84352K), 0.0002020 secs]
79.647: [GC (Allocation Failure) 41660K->435K(82880K), 0.0002090 secs]
79.730: [GC (Allocation Failure) 40195K->435K(81472K), 0.0002160 secs]
79.785: [GC (Allocation Failure) 38828K->435K(80128K), 0.0002150 secs]
79.805: [GC (Allocation Failure) 37461K->435K(78848K), 0.0002040 secs]
79.821: [GC (Allocation Failure) 36191K->435K(77632K), 0.0002030 secs]
79.878: [GC (Allocation Failure) 34921K->435K(76480K), 0.0002150 secs]
79.893: [GC (Allocation Failure) 33749K->435K(75392K), 0.0002160 secs]
80.027: [GC (Allocation Failure) 32675K->435K(74368K), 0.0002750 secs]
80.081: [GC (Allocation Failure) 31698K->435K(73344K), 0.0002120 secs]
80.099: [GC (Allocation Failure) 30624K->435K(72384K), 0.0002180 secs]
80.112: [GC (Allocation Failure) 29745K->435K(71488K), 0.0002180 secs]
80.128: [GC (Allocation Failure) 28768K->435K(70592K), 0.0002020 secs]
80.144: [GC (Allocation Failure) 27889K->435K(69760K), 0.0002160 secs]
80.159: [GC (Allocation Failure) 27107K->435K(75136K), 0.0002160 secs]
80.174: [GC (Allocation Failure) 32479K->435K(81600K), 0.0001930 secs]
80.334: [GC (Allocation Failure) 38926K->435K(80256K), 0.0002240 secs]
80.350: [GC (Allocation Failure) 37558K->435K(78976K), 0.0002050 secs]
80.380: [GC (Allocation Failure) 36289K->435K(77760K), 0.0002040 secs]
80.414: [GC (Allocation Failure) 35116K->435K(76608K), 0.0002340 secs]
80.433: [GC (Allocation Failure) 33944K->435K(75520K), 0.0002160 secs]
80.478: [GC (Allocation Failure) 32870K->435K(74496K), 0.0002160 secs]
80.591: [GC (Allocation Failure) 31796K->435K(73472K), 0.0002320 secs]
80.609: [GC (Allocation Failure) 30819K->435K(72512K), 0.0002190 secs]
80.663: [GC (Allocation Failure) 29842K->435K(71616K), 0.0002100 secs]
80.676: [GC (Allocation Failure) 28963K->435K(70720K), 0.0002200 secs]
80.730: [GC (Allocation Failure) 27986K->435K(69888K), 0.0002140 secs]
80.742: [GC (Allocation Failure) 27205K->435K(69056K), 0.0002300 secs]
80.754: [GC (Allocation Failure) 26326K->435K(74304K), 0.0002030 secs]
80.767: [GC (Allocation Failure) 31600K->435K(80576K), 0.0002040 secs]
80.784: [GC (Allocation Failure) 37851K->435K(88128K), 0.0002050 secs]
80.884: [GC (Allocation Failure) 45470K->435K(86528K), 0.0002150 secs]
80.934: [GC (Allocation Failure) 43809K->435K(84992K), 0.0002130 secs]
80.952: [GC (Allocation Failure) 42344K->435K(83520K), 0.0002040 secs]
80.973: [GC (Allocation Failure) 40879K->435K(82112K), 0.0003140 secs]
80.998: [GC (Allocation Failure) 39414K->435K(89920K), 0.0003290 secs]
81.035: [GC (Allocation Failure) 47228K->435K(88192K), 0.0002070 secs]
81.093: [GC (Allocation Failure) 45470K->435K(86592K), 0.0002050 secs]
81.144: [GC (Allocation Failure) 43907K->435K(85056K), 0.0002140 secs]
81.165: [GC (Allocation Failure) 42344K->435K(83584K), 0.0002110 secs]
81.183: [GC (Allocation Failure) 40879K->435K(82176K), 0.0002080 secs]
81.232: [GC (Allocation Failure) 39512K->435K(80832K), 0.0002130 secs]
81.252: [GC (Allocation Failure) 38144K->435K(79552K), 0.0002180 secs]
81.272: [GC (Allocation Failure) 36875K->435K(78336K), 0.0002190 secs]
81.288: [GC (Allocation Failure) 35605K->435K(77184K), 0.0002080 secs]
81.303: [GC (Allocation Failure) 34530K->435K(76032K), 0.0002040 secs]
81.317: [GC (Allocation Failure) 33358K->435K(82624K), 0.0002010 secs]
81.338: [GC (Allocation Failure) 39902K->435K(81280K), 0.0002210 secs]
81.393: [GC (Allocation Failure) 38633K->435K(80000K), 0.0002230 secs]
81.409: [GC (Allocation Failure) 37363K->435K(78720K), 0.0002060 secs]
81.432: [GC (Allocation Failure) 35996K->435K(77504K), 0.0002300 secs]
81.451: [GC (Allocation Failure) 34823K->435K(76352K), 0.0002740 secs]
81.466: [GC (Allocation Failure) 33651K->435K(83008K), 0.0002140 secs]
81.487: [GC (Allocation Failure) 40293K->435K(81600K), 0.0002110 secs]
81.536: [GC (Allocation Failure) 38926K->435K(80256K), 0.0002080 secs]
81.553: [GC (Allocation Failure) 37558K->435K(78976K), 0.0002040 secs]
81.581: [GC (Allocation Failure) 36289K->435K(77760K), 0.0002120 secs]
81.631: [GC (Allocation Failure) 35116K->435K(76608K), 0.0002150 secs]
81.645: [GC (Allocation Failure) 33944K->435K(75520K), 0.0002040 secs]
81.663: [GC (Allocation Failure) 32870K->435K(74496K), 0.0002120 secs]
81.684: [GC (Allocation Failure) 31796K->435K(73472K), 0.0002300 secs]
81.701: [GC (Allocation Failure) 30819K->435K(72512K), 0.0002200 secs]
81.783: [GC (Allocation Failure) 29842K->435K(71616K), 0.0002230 secs]
81.795: [GC (Allocation Failure) 28963K->435K(70720K), 0.0002190 secs]
81.882: [GC (Allocation Failure) 27986K->435K(69888K), 0.0002270 secs]
81.894: [GC (Allocation Failure) 27205K->435K(75264K), 0.0003940 secs]
81.934: [GC (Allocation Failure) 32577K->435K(81728K), 0.0002240 secs]
81.955: [GC (Allocation Failure) 39023K->435K(89472K), 0.0002020 secs]
81.975: [GC (Allocation Failure) 46739K->435K(87808K), 0.0002150 secs]
82.086: [GC (Allocation Failure) 45079K->435K(86208K), 0.0002150 secs]
82.104: [GC (Allocation Failure) 43516K->435K(84672K), 0.0002030 secs]
82.122: [GC (Allocation Failure) 41953K->435K(83200K), 0.0002020 secs]
82.143: [GC (Allocation Failure) 40488K->435K(81792K), 0.0002150 secs]
82.161: [GC (Allocation Failure) 39121K->435K(80448K), 0.0002450 secs]
82.205: [GC (Allocation Failure) 37754K->435K(79168K), 0.0002440 secs]
82.226: [GC (Allocation Failure) 36484K->435K(77952K), 0.0002270 secs]
82.245: [GC (Allocation Failure) 35312K->435K(76800K), 0.0002150 secs]
82.265: [GC (Allocation Failure) 34140K->435K(75712K), 0.0002290 secs]
82.280: [GC (Allocation Failure) 33065K->435K(82240K), 0.0003980 secs]
82.334: [GC (Allocation Failure) 39512K->435K(90112K), 0.0002270 secs]
82.354: [GC (Allocation Failure) 47423K->435K(88384K), 0.0002030 secs]
82.387: [GC (Allocation Failure) 45665K->435K(86720K), 0.0002160 secs]
82.409: [GC (Allocation Failure) 44005K->435K(85184K), 0.0002010 secs]
82.435: [GC (Allocation Failure) 42540K->435K(83712K), 0.0002250 secs]
82.457: [GC (Allocation Failure) 41074K->435K(82304K), 0.0002240 secs]
82.484: [GC (Allocation Failure) 39609K->435K(80960K), 0.0002140 secs]
82.500: [GC (Allocation Failure) 38242K->435K(79680K), 0.0002040 secs]
82.517: [GC (Allocation Failure) 36972K->435K(78464K), 0.0002040 secs]
82.591: [GC (Allocation Failure) 35800K->435K(77312K), 0.0002050 secs]
82.620: [GC (Allocation Failure) 34628K->435K(76160K), 0.0002340 secs]
82.639: [GC (Allocation Failure) 33456K->435K(75072K), 0.0002140 secs]
82.661: [GC (Allocation Failure) 32382K->435K(74048K), 0.0002410 secs]
82.674: [GC (Allocation Failure) 31405K->435K(73088K), 0.0002020 secs]
82.687: [GC (Allocation Failure) 30428K->435K(79104K), 0.0002070 secs]
82.737: [GC (Allocation Failure) 36386K->435K(77888K), 0.0002280 secs]
82.752: [GC (Allocation Failure) 35214K->435K(76736K), 0.0002060 secs]
82.771: [GC (Allocation Failure) 34042K->435K(75648K), 0.0002130 secs]
82.789: [GC (Allocation Failure) 32968K->435K(74560K), 0.0002160 secs]
82.907: [GC (Allocation Failure) 31893K->435K(73536K), 0.0002200 secs]
82.981: [GC (Allocation Failure) 30819K->435K(72576K), 0.0002690 secs]
83.003: [GC (Allocation Failure) 29842K->435K(71680K), 0.0002060 secs]
83.016: [GC (Allocation Failure) 28963K->435K(70784K), 0.0002050 secs]
83.028: [GC (Allocation Failure) 28084K->435K(76352K), 0.0002070 secs]
83.046: [GC (Allocation Failure) 33651K->435K(83008K), 0.0002130 secs]
83.085: [GC (Allocation Failure) 40293K->435K(81600K), 0.0002140 secs]
83.106: [GC (Allocation Failure) 38926K->435K(80256K), 0.0002130 secs]
83.122: [GC (Allocation Failure) 37558K->435K(78976K), 0.0002040 secs]
83.138: [GC (Allocation Failure) 36289K->435K(77760K), 0.0002120 secs]
83.237: [GC (Allocation Failure) 35116K->435K(76608K), 0.0002140 secs]
83.256: [GC (Allocation Failure) 33944K->435K(75520K), 0.0002210 secs]
83.270: [GC (Allocation Failure) 32870K->435K(74496K), 0.0002160 secs]
83.332: [GC (Allocation Failure) 31796K->435K(73472K), 0.0002060 secs]
83.386: [GC (Allocation Failure) 30819K->435K(72512K), 0.0002250 secs]
83.403: [GC (Allocation Failure) 29842K->435K(71616K), 0.0002220 secs]
83.493: [GC (Allocation Failure) 28963K->435K(70720K), 0.0002440 secs]
83.505: [GC (Allocation Failure) 27986K->435K(69888K), 0.0002040 secs]
83.534: [GC (Allocation Failure) 27205K->435K(69056K), 0.0002120 secs]
83.550: [GC (Allocation Failure) 26326K->435K(68288K), 0.0002160 secs]
83.561: [GC (Allocation Failure) 25642K->435K(73344K), 0.0002630 secs]
83.582: [GC (Allocation Failure) 30624K->435K(79424K), 0.0002150 secs]
83.634: [GC (Allocation Failure) 36777K->435K(78208K), 0.0002030 secs]
83.684: [GC (Allocation Failure) 35507K->435K(77056K), 0.0002150 secs]
83.702: [GC (Allocation Failure) 34335K->435K(75904K), 0.0002720 secs]
83.717: [GC (Allocation Failure) 33261K->435K(82496K), 0.0002260 secs]
83.734: [GC (Allocation Failure) 39805K->435K(90432K), 0.0002040 secs]
83.793: [GC (Allocation Failure) 47716K->435K(88704K), 0.0002110 secs]
83.816: [GC (Allocation Failure) 46056K->435K(87040K), 0.0002110 secs]
83.836: [GC (Allocation Failure) 44395K->435K(85440K), 0.0002120 secs]
83.854: [GC (Allocation Failure) 42735K->435K(83968K), 0.0002040 secs]
83.876: [GC (Allocation Failure) 41270K->435K(82560K), 0.0002010 secs]
83.893: [GC (Allocation Failure) 39902K->435K(81216K), 0.0002150 secs]
83.914: [GC (Allocation Failure) 38535K->435K(79936K), 0.0002170 secs]
83.934: [GC (Allocation Failure) 37265K->435K(78656K), 0.0002110 secs]
84.084: [GC (Allocation Failure) 35996K->435K(77440K), 0.0002780 secs]
84.138: [GC (Allocation Failure) 34726K->435K(76288K), 0.0002120 secs]
84.157: [GC (Allocation Failure) 33554K->435K(75200K), 0.0002120 secs]
84.171: [GC (Allocation Failure) 32479K->435K(74176K), 0.0002130 secs]
84.189: [GC (Allocation Failure) 31503K->435K(73152K), 0.0002120 secs]
84.236: [GC (Allocation Failure) 30428K->435K(72192K), 0.0002080 secs]
84.249: [GC (Allocation Failure) 29549K->435K(71296K), 0.0002160 secs]
84.293: [GC (Allocation Failure) 28572K->435K(70400K), 0.0002280 secs]
84.305: [GC (Allocation Failure) 27693K->435K(69568K), 0.0002030 secs]
84.337: [GC (Allocation Failure) 26912K->435K(68800K), 0.0002690 secs]
84.352: [GC (Allocation Failure) 26131K->435K(68032K), 0.0002120 secs]
84.404: [GC (Allocation Failure) 25349K->435K(67328K), 0.0002640 secs]
84.430: [GC (Allocation Failure) 24662K->435K(66624K), 0.0002140 secs]
84.480: [GC (Allocation Failure) 23978K->435K(65984K), 0.0002020 secs]
84.534: [GC (Allocation Failure) 23294K->435K(65344K), 0.0002220 secs]
84.548: [GC (Allocation Failure) 22610K->435K(64704K), 0.0002150 secs]
84.562: [GC (Allocation Failure) 22024K->435K(64128K), 0.0002020 secs]
84.575: [GC (Allocation Failure) 21438K->435K(63552K), 0.0001980 secs]
84.590: [GC (Allocation Failure) 20852K->435K(67648K), 0.0002100 secs]
84.604: [GC (Allocation Failure) 24955K->435K(72576K), 0.0002320 secs]
84.620: [GC (Allocation Failure) 29842K->435K(78528K), 0.0002690 secs]
84.636: [GC (Allocation Failure) 35800K->435K(85632K), 0.0002090 secs]
84.665: [GC (Allocation Failure) 42930K->435K(94144K), 0.0002120 secs]
84.746: [GC (Allocation Failure) 51432K->435K(92224K), 0.0002270 secs]
84.770: [GC (Allocation Failure) 49572K->435K(90432K), 0.0002140 secs]
84.844: [GC (Allocation Failure) 47716K->435K(88704K), 0.0002270 secs]
84.869: [GC (Allocation Failure) 46056K->435K(87040K), 0.0002030 secs]
84.888: [GC (Allocation Failure) 44395K->435K(85440K), 0.0002770 secs]
84.990: [GC (Allocation Failure) 42735K->435K(83968K), 0.0002100 secs]
85.012: [GC (Allocation Failure) 41270K->435K(82560K), 0.0002780 secs]
85.029: [GC (Allocation Failure) 39902K->435K(81216K), 0.0002070 secs]
85.073: [GC (Allocation Failure) 38535K->435K(79936K), 0.0002150 secs]
85.089: [GC (Allocation Failure) 37265K->435K(78656K), 0.0002720 secs]
85.181: [GC (Allocation Failure) 35996K->435K(77440K), 0.0002080 secs]
85.196: [GC (Allocation Failure) 34726K->435K(76288K), 0.0002050 secs]
85.235: [GC (Allocation Failure) 33554K->435K(75200K), 0.0002730 secs]
85.289: [GC (Allocation Failure) 32479K->435K(74176K), 0.0002180 secs]
85.303: [GC (Allocation Failure) 31503K->435K(80448K), 0.0003240 secs]
85.387: [GC (Allocation Failure) 37754K->435K(79168K), 0.0002260 secs]
85.403: [GC (Allocation Failure) 36484K->435K(77952K), 0.0002050 secs]
85.418: [GC (Allocation Failure) 35312K->435K(76800K), 0.0002030 secs]
85.439: [GC (Allocation Failure) 34140K->435K(75712K), 0.0002120 secs]
85.454: [GC (Allocation Failure) 33065K->435K(82240K), 0.0002150 secs]
85.474: [GC (Allocation Failure) 39512K->435K(80896K), 0.0002140 secs]
85.541: [GC (Allocation Failure) 38242K->435K(79616K), 0.0002200 secs]
85.558: [GC (Allocation Failure) 36972K->435K(78400K), 0.0002280 secs]
85.574: [GC (Allocation Failure) 35702K->435K(77248K), 0.0002030 secs]
85.589: [GC (Allocation Failure) 34530K->435K(84096K), 0.0002730 secs]
85.639: [GC (Allocation Failure) 41367K->435K(82624K), 0.0002270 secs]
85.660: [GC (Allocation Failure) 39902K->435K(81280K), 0.0002100 secs]
85.688: [GC (Allocation Failure) 38633K->435K(80000K), 0.0002760 secs]
85.795: [GC (Allocation Failure) 37363K->435K(78720K), 0.0002290 secs]
85.814: [GC (Allocation Failure) 35996K->435K(77504K), 0.0002160 secs]
85.829: [GC (Allocation Failure) 34823K->435K(76352K), 0.0002290 secs]
85.848: [GC (Allocation Failure) 33651K->435K(75264K), 0.0002110 secs]
85.911: [GC (Allocation Failure) 32577K->435K(74240K), 0.0002260 secs]
85.929: [GC (Allocation Failure) 31600K->435K(73216K), 0.0002010 secs]
85.943: [GC (Allocation Failure) 30526K->435K(72256K), 0.0002200 secs]
85.984: [GC (Allocation Failure) 29549K->435K(71360K), 0.0002830 secs]
86.138: [GC (Allocation Failure) 28670K->435K(70464K), 0.0002160 secs]
86.150: [GC (Allocation Failure) 27791K->435K(69632K), 0.0002430 secs]
86.200: [GC (Allocation Failure) 26912K->435K(68864K), 0.0002460 secs]
86.216: [GC (Allocation Failure) 26131K->435K(68096K), 0.0002630 secs]
86.228: [GC (Allocation Failure) 25447K->435K(73152K), 0.0002650 secs]
86.289: [GC (Allocation Failure) 30428K->435K(72192K), 0.0002140 secs]
86.302: [GC (Allocation Failure) 29549K->435K(78016K), 0.0002160 secs]
86.317: [GC (Allocation Failure) 35312K->435K(85056K), 0.0002050 secs]
86.335: [GC (Allocation Failure) 42344K->435K(93504K), 0.0002050 secs]
86.444: [GC (Allocation Failure) 50846K->435K(91648K), 0.0002050 secs]
86.494: [GC (Allocation Failure) 48986K->435K(89856K), 0.0002140 secs]
86.602: [GC (Allocation Failure) 47130K->435K(88128K), 0.0002290 secs]
86.623: [GC (Allocation Failure) 45470K->435K(86528K), 0.0002040 secs]
86.642: [GC (Allocation Failure) 43809K->435K(84992K), 0.0002050 secs]
86.669: [GC (Allocation Failure) 42344K->435K(83520K), 0.0002170 secs]
86.686: [GC (Allocation Failure) 40879K->435K(82112K), 0.0002760 secs]
86.740: [GC (Allocation Failure) 39414K->435K(80768K), 0.0002170 secs]
86.756: [GC (Allocation Failure) 38047K->435K(79488K), 0.0002070 secs]
86.773: [GC (Allocation Failure) 36777K->435K(78272K), 0.0002120 secs]
86.788: [GC (Allocation Failure) 35605K->435K(85312K), 0.0002750 secs]
86.841: [GC (Allocation Failure) 42637K->435K(83840K), 0.0002700 secs]
86.873: [GC (Allocation Failure) 41172K->435K(82432K), 0.0002120 secs]
86.894: [GC (Allocation Failure) 39707K->435K(81088K), 0.0002720 secs]
86.915: [GC (Allocation Failure) 38437K->435K(79808K), 0.0002110 secs]
86.940: [GC (Allocation Failure) 37168K->435K(78592K), 0.0002070 secs]
86.960: [GC (Allocation Failure) 35898K->435K(77376K), 0.0002030 secs]
86.979: [GC (Allocation Failure) 34726K->435K(76224K), 0.0002720 secs]
86.998: [GC (Allocation Failure) 33554K->435K(75136K), 0.0002180 secs]
87.013: [GC (Allocation Failure) 32479K->435K(81600K), 0.0002850 secs]
87.090: [GC (Allocation Failure) 38926K->435K(80256K), 0.0002270 secs]
87.110: [GC (Allocation Failure) 37558K->435K(78976K), 0.0002130 secs]
87.136: [GC (Allocation Failure) 36289K->435K(77760K), 0.0002860 secs]
87.292: [GC (Allocation Failure) 35116K->435K(76608K), 0.0002240 secs]
87.311: [GC (Allocation Failure) 33944K->435K(75520K), 0.0002210 secs]
87.392: [GC (Allocation Failure) 32870K->435K(74496K), 0.0002350 secs]
87.410: [GC (Allocation Failure) 31796K->435K(73472K), 0.0002170 secs]
87.428: [GC (Allocation Failure) 30819K->435K(72512K), 0.0002240 secs]
87.495: [GC (Allocation Failure) 29842K->435K(71616K), 0.0002060 secs]
87.604: [GC (Allocation Failure) 28963K->435K(70720K), 0.0002130 secs]
87.616: [GC (Allocation Failure) 27986K->435K(69888K), 0.0002300 secs]
87.690: [GC (Allocation Failure) 27205K->435K(69056K), 0.0002270 secs]
87.706: [GC (Allocation Failure) 26326K->435K(68288K), 0.0002300 secs]
87.735: [GC (Allocation Failure) 25642K->435K(67520K), 0.0002150 secs]
87.750: [GC (Allocation Failure) 24857K->435K(66816K), 0.0002110 secs]
87.885: [GC (Allocation Failure) 24173K->435K(66112K), 0.0003060 secs]
87.935: [GC (Allocation Failure) 23392K->435K(65472K), 0.0002250 secs]
87.948: [GC (Allocation Failure) 22806K->435K(64832K), 0.0002700 secs]
87.958: [GC (Allocation Failure) 22122K->435K(69184K), 0.0002140 secs]
87.969: [GC (Allocation Failure) 26521K->435K(74432K), 0.0002030 secs]
87.987: [GC (Allocation Failure) 31698K->435K(80704K), 0.0003360 secs]
88.025: [GC (Allocation Failure) 38047K->435K(88256K), 0.0002030 secs]
88.148: [GC (Allocation Failure) 45567K->435K(86592K), 0.0002170 secs]
88.171: [GC (Allocation Failure) 43907K->435K(85056K), 0.0002030 secs]
88.194: [GC (Allocation Failure) 42344K->435K(83584K), 0.0002160 secs]
88.212: [GC (Allocation Failure) 40879K->435K(82176K), 0.0002070 secs]
88.246: [GC (Allocation Failure) 39512K->435K(80832K), 0.0002240 secs]
88.262: [GC (Allocation Failure) 38144K->435K(79552K), 0.0002060 secs]
88.278: [GC (Allocation Failure) 36875K->435K(78336K), 0.0002040 secs]
88.297: [GC (Allocation Failure) 35605K->435K(77184K), 0.0002210 secs]
88.336: [GC (Allocation Failure) 34530K->435K(76032K), 0.0002070 secs]
88.411: [GC (Allocation Failure) 33358K->435K(74944K), 0.0002130 secs]
88.425: [GC (Allocation Failure) 32284K->435K(73920K), 0.0002370 secs]
88.438: [GC (Allocation Failure) 31210K->435K(80128K), 0.0002160 secs]
88.454: [GC (Allocation Failure) 37461K->435K(87552K), 0.0002030 secs]
88.540: [GC (Allocation Failure) 44884K->435K(85952K), 0.0002190 secs]
88.595: [GC (Allocation Failure) 43223K->435K(84416K), 0.0002110 secs]
88.634: [GC (Allocation Failure) 41758K->435K(82944K), 0.0002310 secs]
88.656: [GC (Allocation Failure) 40293K->435K(81536K), 0.0002000 secs]
88.676: [GC (Allocation Failure) 38828K->435K(80192K), 0.0002030 secs]
88.696: [GC (Allocation Failure) 37461K->435K(78912K), 0.0002150 secs]
88.712: [GC (Allocation Failure) 36191K->435K(77696K), 0.0002190 secs]
88.741: [GC (Allocation Failure) 35019K->435K(76544K), 0.0002180 secs]
88.790: [GC (Allocation Failure) 33847K->435K(75456K), 0.0002240 secs]
88.804: [GC (Allocation Failure) 32772K->435K(74432K), 0.0002030 secs]
88.843: [GC (Allocation Failure) 31698K->435K(73408K), 0.0002130 secs]
88.857: [GC (Allocation Failure) 30721K->435K(72448K), 0.0002530 secs]
88.873: [GC (Allocation Failure) 29745K->435K(71552K), 0.0002200 secs]
88.892: [GC (Allocation Failure) 28865K->435K(77248K), 0.0002360 secs]
88.912: [GC (Allocation Failure) 34530K->435K(76096K), 0.0002150 secs]
88.927: [GC (Allocation Failure) 33456K->435K(82752K), 0.0002670 secs]
89.046: [GC (Allocation Failure) 40098K->435K(81344K), 0.0002230 secs]
89.067: [GC (Allocation Failure) 38633K->435K(80000K), 0.0002110 secs]
89.137: [GC (Allocation Failure) 37363K->435K(78720K), 0.0002710 secs]
89.191: [GC (Allocation Failure) 35996K->435K(77504K), 0.0002180 secs]
89.340: [GC (Allocation Failure) 34823K->435K(76352K), 0.0002280 secs]
89.358: [GC (Allocation Failure) 33651K->435K(75264K), 0.0002060 secs]
89.396: [GC (Allocation Failure) 32577K->435K(74240K), 0.0002100 secs]
89.413: [GC (Allocation Failure) 31600K->435K(73216K), 0.0002130 secs]
89.444: [GC (Allocation Failure) 30526K->435K(72256K), 0.0002130 secs]
89.456: [GC (Allocation Failure) 29549K->435K(71360K), 0.0002160 secs]
89.469: [GC (Allocation Failure) 28670K->435K(77056K), 0.0002260 secs]
89.496: [GC (Allocation Failure) 34335K->435K(75904K), 0.0002230 secs]
89.511: [GC (Allocation Failure) 33261K->435K(82496K), 0.0002190 secs]
89.544: [GC (Allocation Failure) 39805K->435K(81152K), 0.0002300 secs]
89.561: [GC (Allocation Failure) 38437K->435K(79872K), 0.0002030 secs]
89.593: [GC (Allocation Failure) 37168K->435K(78656K), 0.0002140 secs]
89.612: [GC (Allocation Failure) 35996K->435K(77440K), 0.0002020 secs]
89.632: [GC (Allocation Failure) 34726K->435K(76288K), 0.0002120 secs]
89.650: [GC (Allocation Failure) 33554K->435K(75200K), 0.0002180 secs]
89.664: [GC (Allocation Failure) 32479K->435K(74176K), 0.0002050 secs]
89.694: [GC (Allocation Failure) 31503K->435K(73152K), 0.0002160 secs]
89.712: [GC (Allocation Failure) 30428K->435K(72192K), 0.0002240 secs]
89.725: [GC (Allocation Failure) 29549K->435K(78016K), 0.0002070 secs]
89.788: [GC (Allocation Failure) 35312K->435K(76864K), 0.0002050 secs]
89.891: [GC (Allocation Failure) 34140K->435K(75776K), 0.0002260 secs]
89.909: [GC (Allocation Failure) 33065K->435K(74688K), 0.0002040 secs]
89.927: [GC (Allocation Failure) 31991K->435K(73664K), 0.0002140 secs]
89.945: [GC (Allocation Failure) 31014K->435K(72704K), 0.0002010 secs]
89.962: [GC (Allocation Failure) 30038K->435K(71808K), 0.0002130 secs]
89.975: [GC (Allocation Failure) 29158K->435K(77568K), 0.0002060 secs]
89.990: [GC (Allocation Failure) 34921K->435K(84480K), 0.0002040 secs]
90.008: [GC (Allocation Failure) 41758K->435K(92800K), 0.0002060 secs]
90.029: [GC (Allocation Failure) 50162K->435K(90944K), 0.0002020 secs]
90.141: [GC (Allocation Failure) 48302K->435K(89216K), 0.0002040 secs]
90.202: [GC (Allocation Failure) 46544K->435K(87552K), 0.0002220 secs]
90.225: [GC (Allocation Failure) 44884K->435K(85952K), 0.0002210 secs]
90.246: [GC (Allocation Failure) 43223K->435K(84416K), 0.0002020 secs]
90.296: [GC (Allocation Failure) 41758K->435K(82944K), 0.0002150 secs]
90.317: [GC (Allocation Failure) 40293K->435K(81536K), 0.0002100 secs]
90.345: [GC (Allocation Failure) 38828K->435K(80192K), 0.0002380 secs]
90.361: [GC (Allocation Failure) 37461K->435K(78912K), 0.0002020 secs]
90.378: [GC (Allocation Failure) 36191K->435K(77696K), 0.0002100 secs]
90.393: [GC (Allocation Failure) 35019K->435K(76544K), 0.0002010 secs]
90.497: [GC (Allocation Failure) 33847K->435K(75456K), 0.0002230 secs]
90.515: [GC (Allocation Failure) 32772K->435K(74432K), 0.0002010 secs]
90.593: [GC (Allocation Failure) 31698K->435K(73408K), 0.0002260 secs]
90.610: [GC (Allocation Failure) 30721K->435K(72448K), 0.0002160 secs]
90.623: [GC (Allocation Failure) 29745K->435K(71552K), 0.0002160 secs]
90.645: [GC (Allocation Failure) 28865K->435K(70656K), 0.0002380 secs]
90.657: [GC (Allocation Failure) 27986K->435K(76224K), 0.0002070 secs]
90.672: [GC (Allocation Failure) 33554K->435K(82880K), 0.0002090 secs]
90.689: [GC (Allocation Failure) 40195K->435K(90880K), 0.0002040 secs]
90.741: [GC (Allocation Failure) 48204K->435K(89152K), 0.0002010 secs]
90.799: [GC (Allocation Failure) 46446K->435K(87488K), 0.0002060 secs]
90.852: [GC (Allocation Failure) 44786K->435K(85888K), 0.0002240 secs]
90.870: [GC (Allocation Failure) 43223K->435K(84352K), 0.0002150 secs]
90.892: [GC (Allocation Failure) 41660K->435K(82880K), 0.0002090 secs]
90.942: [GC (Allocation Failure) 40195K->435K(81472K), 0.0002040 secs]
90.963: [GC (Allocation Failure) 38828K->435K(80128K), 0.0002020 secs]
90.983: [GC (Allocation Failure) 37461K->435K(78848K), 0.0002290 secs]
91.000: [GC (Allocation Failure) 36191K->435K(77632K), 0.0002180 secs]
91.015: [GC (Allocation Failure) 34921K->435K(76480K), 0.0002080 secs]
91.048: [GC (Allocation Failure) 33749K->435K(75392K), 0.0002120 secs]
91.062: [GC (Allocation Failure) 32675K->435K(74368K), 0.0002300 secs]
91.079: [GC (Allocation Failure) 31698K->435K(73344K), 0.0002130 secs]
91.100: [GC (Allocation Failure) 30624K->435K(79424K), 0.0002660 secs]
91.148: [GC (Allocation Failure) 36777K->435K(78208K), 0.0002220 secs]
91.168: [GC (Allocation Failure) 35507K->435K(77056K), 0.0002110 secs]
91.194: [GC (Allocation Failure) 34335K->435K(75904K), 0.0002150 secs]
91.339: [GC (Allocation Failure) 33261K->435K(74816K), 0.0002110 secs]
91.353: [GC (Allocation Failure) 32089K->435K(73792K), 0.0002190 secs]
91.393: [GC (Allocation Failure) 31112K->435K(72832K), 0.0002030 secs]
91.442: [GC (Allocation Failure) 30135K->435K(71872K), 0.0002730 secs]
91.492: [GC (Allocation Failure) 29158K->435K(70976K), 0.0002160 secs]
91.504: [GC (Allocation Failure) 28279K->435K(70144K), 0.0002040 secs]
91.581: [GC (Allocation Failure) 27498K->435K(69312K), 0.0002450 secs]
91.596: [GC (Allocation Failure) 26619K->435K(68544K), 0.0002020 secs]
91.608: [GC (Allocation Failure) 25838K->435K(67776K), 0.0002050 secs]
91.622: [GC (Allocation Failure) 25052K->435K(72768K), 0.0002100 secs]
91.697: [GC (Allocation Failure) 30038K->435K(71808K), 0.0002110 secs]
91.709: [GC (Allocation Failure) 29158K->435K(77568K), 0.0002290 secs]
91.724: [GC (Allocation Failure) 34921K->435K(84480K), 0.0002050 secs]
91.742: [GC (Allocation Failure) 41758K->435K(92800K), 0.0002050 secs]
91.764: [GC (Allocation Failure) 50162K->435K(90944K), 0.0002030 secs]
91.805: [GC (Allocation Failure) 48302K->435K(89216K), 0.0002190 secs]
91.826: [GC (Allocation Failure) 46544K->435K(87552K), 0.0002160 secs]
91.845: [GC (Allocation Failure) 44884K->435K(85952K), 0.0002030 secs]
91.867: [GC (Allocation Failure) 43223K->435K(84416K), 0.0002030 secs]
91.887: [GC (Allocation Failure) 41758K->435K(82944K), 0.0002040 secs]
91.904: [GC (Allocation Failure) 40293K->435K(81536K), 0.0002120 secs]
92.001: [GC (Allocation Failure) 38828K->435K(80192K), 0.0002110 secs]
92.021: [GC (Allocation Failure) 37461K->435K(78912K), 0.0002140 secs]
92.037: [GC (Allocation Failure) 36191K->435K(77696K), 0.0002410 secs]
92.099: [GC (Allocation Failure) 35019K->435K(76544K), 0.0002110 secs]
92.114: [GC (Allocation Failure) 33847K->435K(75456K), 0.0002720 secs]
92.201: [GC (Allocation Failure) 32772K->435K(74432K), 0.0002300 secs]
92.218: [GC (Allocation Failure) 31698K->435K(73408K), 0.0002140 secs]
92.298: [GC (Allocation Failure) 30721K->435K(72448K), 0.0002080 secs]
92.311: [GC (Allocation Failure) 29745K->435K(71552K), 0.0002210 secs]
92.347: [GC (Allocation Failure) 28865K->435K(70656K), 0.0002240 secs]
92.359: [GC (Allocation Failure) 27986K->435K(69824K), 0.0002210 secs]
92.412: [GC (Allocation Failure) 27107K->435K(68992K), 0.0002230 secs]
92.427: [GC (Allocation Failure) 26326K->435K(68224K), 0.0002120 secs]
92.446: [GC (Allocation Failure) 25545K->435K(67520K), 0.0002330 secs]
92.457: [GC (Allocation Failure) 24857K->435K(72448K), 0.0002040 secs]
92.494: [GC (Allocation Failure) 29745K->435K(71552K), 0.0002240 secs]
92.506: [GC (Allocation Failure) 28865K->435K(77248K), 0.0002040 secs]
92.536: [GC (Allocation Failure) 34530K->435K(76096K), 0.0002250 secs]
92.554: [GC (Allocation Failure) 33456K->435K(75008K), 0.0002090 secs]
92.594: [GC (Allocation Failure) 32284K->435K(73984K), 0.0003250 secs]
92.614: [GC (Allocation Failure) 31307K->435K(73024K), 0.0002030 secs]
92.646: [GC (Allocation Failure) 30331K->435K(72064K), 0.0001960 secs]
92.659: [GC (Allocation Failure) 29354K->435K(71168K), 0.0002020 secs]
92.689: [GC (Allocation Failure) 28475K->435K(70336K), 0.0002470 secs]
92.706: [GC (Allocation Failure) 27693K->435K(75840K), 0.0002690 secs]
92.739: [GC (Allocation Failure) 33163K->435K(74752K), 0.0002130 secs]
92.753: [GC (Allocation Failure) 32089K->435K(73728K), 0.0002040 secs]
92.766: [GC (Allocation Failure) 31014K->435K(79872K), 0.0002040 secs]
92.797: [GC (Allocation Failure) 37168K->435K(78656K), 0.0002040 secs]
92.847: [GC (Allocation Failure) 35996K->435K(77440K), 0.0002040 secs]
92.900: [GC (Allocation Failure) 34726K->435K(76288K), 0.0002210 secs]
92.919: [GC (Allocation Failure) 33554K->435K(75200K), 0.0002010 secs]
92.933: [GC (Allocation Failure) 32479K->435K(74176K), 0.0002150 secs]
93.006: [GC (Allocation Failure) 31503K->435K(73152K), 0.0003150 secs]
93.019: [GC (Allocation Failure) 30428K->435K(72192K), 0.0002390 secs]
93.032: [GC (Allocation Failure) 29549K->435K(78016K), 0.0002000 secs]
93.048: [GC (Allocation Failure) 35312K->435K(85056K), 0.0002080 secs]
93.066: [GC (Allocation Failure) 42344K->435K(93504K), 0.0002050 secs]
93.089: [GC (Allocation Failure) 50846K->435K(91648K), 0.0002000 secs]
93.142: [GC (Allocation Failure) 48986K->435K(89856K), 0.0002150 secs]
93.166: [GC (Allocation Failure) 47130K->435K(88128K), 0.0002020 secs]
93.205: [GC (Allocation Failure) 45470K->435K(86528K), 0.0002050 secs]
93.224: [GC (Allocation Failure) 43809K->435K(84992K), 0.0003340 secs]
93.255: [GC (Allocation Failure) 42344K->435K(83520K), 0.0002170 secs]
93.272: [GC (Allocation Failure) 40879K->435K(82112K), 0.0002280 secs]
93.289: [GC (Allocation Failure) 39414K->435K(80768K), 0.0002020 secs]
93.305: [GC (Allocation Failure) 38047K->435K(79488K), 0.0002040 secs]
93.325: [GC (Allocation Failure) 36777K->435K(78272K), 0.0002160 secs]
93.348: [GC (Allocation Failure) 35605K->435K(77120K), 0.0002130 secs]
93.367: [GC (Allocation Failure) 34433K->435K(75968K), 0.0002020 secs]
93.381: [GC (Allocation Failure) 33261K->435K(82560K), 0.0002240 secs]
93.403: [GC (Allocation Failure) 39902K->435K(81216K), 0.0002170 secs]
93.420: [GC (Allocation Failure) 38535K->435K(79936K), 0.0002080 secs]
93.436: [GC (Allocation Failure) 37265K->435K(87360K), 0.0002050 secs]
93.455: [GC (Allocation Failure) 44688K->435K(85760K), 0.0002070 secs]
93.477: [GC (Allocation Failure) 43028K->435K(84224K), 0.0002220 secs]
93.554: [GC (Allocation Failure) 41563K->435K(82752K), 0.0002130 secs]
93.572: [GC (Allocation Failure) 40098K->435K(81344K), 0.0003220 secs]
93.604: [GC (Allocation Failure) 38633K->435K(80000K), 0.0002310 secs]
93.621: [GC (Allocation Failure) 37363K->435K(87424K), 0.0003110 secs]
93.656: [GC (Allocation Failure) 44786K->435K(85824K), 0.0002710 secs]
93.679: [GC (Allocation Failure) 43126K->435K(84288K), 0.0002150 secs]
93.754: [GC (Allocation Failure) 41563K->435K(82816K), 0.0002000 secs]
93.771: [GC (Allocation Failure) 40098K->435K(81408K), 0.0002760 secs]
93.803: [GC (Allocation Failure) 38730K->435K(80064K), 0.0002200 secs]
93.819: [GC (Allocation Failure) 37363K->435K(78784K), 0.0002050 secs]
93.835: [GC (Allocation Failure) 36093K->435K(77568K), 0.0002140 secs]
93.916: [GC (Allocation Failure) 34921K->435K(76416K), 0.0002250 secs]
93.933: [GC (Allocation Failure) 33749K->435K(75328K), 0.0002000 secs]
93.947: [GC (Allocation Failure) 32675K->435K(81792K), 0.0002760 secs]
94.004: [GC (Allocation Failure) 39121K->435K(80448K), 0.0002220 secs]
94.020: [GC (Allocation Failure) 37754K->435K(79168K), 0.0002150 secs]
94.049: [GC (Allocation Failure) 36484K->435K(77952K), 0.0002140 secs]
94.064: [GC (Allocation Failure) 35312K->435K(76800K), 0.0002110 secs]
94.102: [GC (Allocation Failure) 34140K->435K(75712K), 0.0002830 secs]
94.116: [GC (Allocation Failure) 33065K->435K(82240K), 0.0002270 secs]
94.137: [GC (Allocation Failure) 39512K->435K(80896K), 0.0002170 secs]
94.210: [GC (Allocation Failure) 38242K->435K(79616K), 0.0002270 secs]
94.225: [GC (Allocation Failure) 36972K->435K(78400K), 0.0002730 secs]
94.310: [GC (Allocation Failure) 35702K->435K(77248K), 0.0002260 secs]
94.329: [GC (Allocation Failure) 34530K->435K(76096K), 0.0002210 secs]
94.344: [GC (Allocation Failure) 33456K->435K(75008K), 0.0002060 secs]
94.401: [GC (Allocation Failure) 32284K->435K(73984K), 0.0002210 secs]
94.415: [GC (Allocation Failure) 31307K->435K(73024K), 0.0002060 secs]
94.432: [GC (Allocation Failure) 30331K->435K(72064K), 0.0002150 secs]
94.444: [GC (Allocation Failure) 29354K->435K(77888K), 0.0002250 secs]
94.464: [GC (Allocation Failure) 35214K->435K(84864K), 0.0002220 secs]
94.556: [GC (Allocation Failure) 42149K->435K(83392K), 0.0002130 secs]
94.573: [GC (Allocation Failure) 40684K->435K(81984K), 0.0002730 secs]
94.598: [GC (Allocation Failure) 39316K->435K(80640K), 0.0002200 secs]
94.615: [GC (Allocation Failure) 37949K->435K(79360K), 0.0002420 secs]
94.650: [GC (Allocation Failure) 36679K->435K(78144K), 0.0002170 secs]
94.665: [GC (Allocation Failure) 35409K->435K(76992K), 0.0002040 secs]
94.699: [GC (Allocation Failure) 34335K->435K(75904K), 0.0002180 secs]
94.717: [GC (Allocation Failure) 33261K->435K(74816K), 0.0002060 secs]
94.731: [GC (Allocation Failure) 32089K->435K(73792K), 0.0002200 secs]
94.748: [GC (Allocation Failure) 31112K->435K(79936K), 0.0002180 secs]
94.854: [GC (Allocation Failure) 37265K->435K(78656K), 0.0002280 secs]
94.871: [GC (Allocation Failure) 35996K->435K(77440K), 0.0002300 secs]
94.886: [GC (Allocation Failure) 34726K->435K(76288K), 0.0002030 secs]
94.900: [GC (Allocation Failure) 33554K->435K(82944K), 0.0002030 secs]
94.955: [GC (Allocation Failure) 40293K->435K(81536K), 0.0002110 secs]
94.976: [GC (Allocation Failure) 38828K->435K(80192K), 0.0002000 secs]
94.996: [GC (Allocation Failure) 37461K->435K(78912K), 0.0002110 secs]
95.154: [GC (Allocation Failure) 36191K->435K(77696K), 0.0002110 secs]
95.169: [GC (Allocation Failure) 35019K->435K(76544K), 0.0002020 secs]
95.203: [GC (Allocation Failure) 33847K->435K(75456K), 0.0002110 secs]
95.222: [GC (Allocation Failure) 32772K->435K(74432K), 0.0002020 secs]
95.235: [GC (Allocation Failure) 31698K->435K(80704K), 0.0003200 secs]
95.341: [GC (Allocation Failure) 38047K->435K(79424K), 0.0002280 secs]
95.361: [GC (Allocation Failure) 36777K->435K(78208K), 0.0002130 secs]
95.380: [GC (Allocation Failure) 35507K->435K(77056K), 0.0002020 secs]
95.400: [GC (Allocation Failure) 34335K->435K(75904K), 0.0002140 secs]
95.414: [GC (Allocation Failure) 33261K->435K(82496K), 0.0002170 secs]
95.431: [GC (Allocation Failure) 39805K->435K(90432K), 0.0002180 secs]
95.509: [GC (Allocation Failure) 47716K->435K(88704K), 0.0002220 secs]
95.533: [GC (Allocation Failure) 46056K->435K(87040K), 0.0002110 secs]
95.554: [GC (Allocation Failure) 44395K->435K(85440K), 0.0002740 secs]
95.703: [GC (Allocation Failure) 42735K->435K(83968K), 0.0002190 secs]
95.747: [GC (Allocation Failure) 41270K->435K(82560K), 0.0002200 secs]
95.764: [GC (Allocation Failure) 39902K->435K(81216K), 0.0002050 secs]
95.784: [GC (Allocation Failure) 38535K->435K(79936K), 0.0002110 secs]
95.808: [GC (Allocation Failure) 37265K->435K(78656K), 0.0002100 secs]
95.827: [GC (Allocation Failure) 35996K->435K(77440K), 0.0002130 secs]
95.847: [GC (Allocation Failure) 34726K->435K(76288K), 0.0002160 secs]
95.865: [GC (Allocation Failure) 33554K->435K(75200K), 0.0002040 secs]
95.879: [GC (Allocation Failure) 32479K->435K(74176K), 0.0002070 secs]
95.900: [GC (Allocation Failure) 31503K->435K(80448K), 0.0002810 secs]
95.920: [GC (Allocation Failure) 37754K->435K(79168K), 0.0002020 secs]
95.940: [GC (Allocation Failure) 36484K->435K(77952K), 0.0002100 secs]
95.959: [GC (Allocation Failure) 35312K->435K(76800K), 0.0002090 secs]
96.001: [GC (Allocation Failure) 34140K->435K(75712K), 0.0002250 secs]
96.019: [GC (Allocation Failure) 33065K->435K(74624K), 0.0002710 secs]
96.033: [GC (Allocation Failure) 31893K->435K(80960K), 0.0002450 secs]
96.049: [GC (Allocation Failure) 38242K->435K(88576K), 0.0002040 secs]
96.109: [GC (Allocation Failure) 45860K->435K(86912K), 0.0002190 secs]
96.129: [GC (Allocation Failure) 44200K->435K(85312K), 0.0002240 secs]
96.151: [GC (Allocation Failure) 42637K->435K(83840K), 0.0002130 secs]
96.173: [GC (Allocation Failure) 41172K->435K(82432K), 0.0002020 secs]
96.190: [GC (Allocation Failure) 39707K->435K(81088K), 0.0002120 secs]
96.207: [GC (Allocation Failure) 38437K->435K(79808K), 0.0002040 secs]
96.226: [GC (Allocation Failure) 37168K->435K(78592K), 0.0002110 secs]
96.252: [GC (Allocation Failure) 35898K->435K(77376K), 0.0002180 secs]
96.301: [GC (Allocation Failure) 34726K->435K(76224K), 0.0002130 secs]
96.316: [GC (Allocation Failure) 33554K->435K(75136K), 0.0002150 secs]
96.404: [GC (Allocation Failure) 32479K->435K(74112K), 0.0002110 secs]
96.422: [GC (Allocation Failure) 31405K->435K(73152K), 0.0002010 secs]
96.449: [GC (Allocation Failure) 30428K->435K(72192K), 0.0002750 secs]
96.590: [GC (Allocation Failure) 29549K->435K(71296K), 0.0002090 secs]
96.603: [GC (Allocation Failure) 28572K->435K(70400K), 0.0002780 secs]
96.625: [GC (Allocation Failure) 27693K->435K(69568K), 0.0002220 secs]
96.637: [GC (Allocation Failure) 26912K->435K(74880K), 0.0002140 secs]
96.655: [GC (Allocation Failure) 32186K->435K(81280K), 0.0002120 secs]
96.687: [GC (Allocation Failure) 38633K->435K(80000K), 0.0002020 secs]
96.703: [GC (Allocation Failure) 37363K->435K(87424K), 0.0002730 secs]
96.740: [GC (Allocation Failure) 44786K->435K(85824K), 0.0002260 secs]
96.758: [GC (Allocation Failure) 43126K->435K(84288K), 0.0002050 secs]
96.859: [GC (Allocation Failure) 41563K->435K(82816K), 0.0002220 secs]
96.876: [GC (Allocation Failure) 40098K->435K(81408K), 0.0002160 secs]
96.913: [GC (Allocation Failure) 38730K->435K(80064K), 0.0002130 secs]
96.929: [GC (Allocation Failure) 37363K->435K(78784K), 0.0002160 secs]
96.953: [GC (Allocation Failure) 36093K->435K(77568K), 0.0002270 secs]
96.968: [GC (Allocation Failure) 34921K->435K(76416K), 0.0002120 secs]
96.982: [GC (Allocation Failure) 33749K->435K(75328K), 0.0002020 secs]
97.002: [GC (Allocation Failure) 32675K->435K(74304K), 0.0002160 secs]
97.022: [GC (Allocation Failure) 31600K->435K(73280K), 0.0002260 secs]
97.037: [GC (Allocation Failure) 30624K->435K(79360K), 0.0002320 secs]
97.058: [GC (Allocation Failure) 36679K->435K(86656K), 0.0002210 secs]
97.112: [GC (Allocation Failure) 44005K->435K(85120K), 0.0002150 secs]
97.134: [GC (Allocation Failure) 42442K->435K(83648K), 0.0002130 secs]
97.205: [GC (Allocation Failure) 40977K->435K(82240K), 0.0002160 secs]
97.226: [GC (Allocation Failure) 39512K->435K(80896K), 0.0002110 secs]
97.246: [GC (Allocation Failure) 38242K->435K(79616K), 0.0002030 secs]
97.262: [GC (Allocation Failure) 36972K->435K(78400K), 0.0002160 secs]
97.303: [GC (Allocation Failure) 35702K->435K(77248K), 0.0002060 secs]
97.411: [GC (Allocation Failure) 34530K->435K(76096K), 0.0002110 secs]
97.426: [GC (Allocation Failure) 33456K->435K(75008K), 0.0002710 secs]
97.456: [GC (Allocation Failure) 32284K->435K(73984K), 0.0002230 secs]
97.469: [GC (Allocation Failure) 31307K->435K(73024K), 0.0002200 secs]
97.501: [GC (Allocation Failure) 30331K->435K(72064K), 0.0002240 secs]
97.517: [GC (Allocation Failure) 29354K->435K(71168K), 0.0002110 secs]
97.554: [GC (Allocation Failure) 28475K->435K(70336K), 0.0002040 secs]
97.569: [GC (Allocation Failure) 27693K->435K(69504K), 0.0002200 secs]
97.581: [GC (Allocation Failure) 26814K->435K(74816K), 0.0002220 secs]
97.602: [GC (Allocation Failure) 32089K->435K(81216K), 0.0002260 secs]
97.622: [GC (Allocation Failure) 38535K->435K(88896K), 0.0002190 secs]
97.758: [GC (Allocation Failure) 46251K->435K(87232K), 0.0002250 secs]
97.781: [GC (Allocation Failure) 44591K->435K(85632K), 0.0002150 secs]
97.819: [GC (Allocation Failure) 42930K->435K(84096K), 0.0002230 secs]
97.842: [GC (Allocation Failure) 41367K->435K(82624K), 0.0002260 secs]
97.859: [GC (Allocation Failure) 39902K->435K(81280K), 0.0002060 secs]
97.876: [GC (Allocation Failure) 38633K->435K(80000K), 0.0002040 secs]
97.894: [GC (Allocation Failure) 37363K->435K(78720K), 0.0002110 secs]
98.054: [GC (Allocation Failure) 35996K->435K(77504K), 0.0003500 secs]
98.073: [GC (Allocation Failure) 34823K->435K(76352K), 0.0003350 secs]
98.088: [GC (Allocation Failure) 33651K->435K(83008K), 0.0002060 secs]
98.142: [GC (Allocation Failure) 40293K->435K(81600K), 0.0002390 secs]
98.160: [GC (Allocation Failure) 38926K->435K(80256K), 0.0002190 secs]
98.180: [GC (Allocation Failure) 37558K->435K(78976K), 0.0002090 secs]
98.214: [GC (Allocation Failure) 36289K->435K(77760K), 0.0002220 secs]
98.233: [GC (Allocation Failure) 35116K->435K(76608K), 0.0002160 secs]
98.258: [GC (Allocation Failure) 33944K->435K(75520K), 0.0002020 secs]
98.272: [GC (Allocation Failure) 32870K->435K(74496K), 0.0002040 secs]
98.308: [GC (Allocation Failure) 31796K->435K(73472K), 0.0002170 secs]
98.342: [GC (Allocation Failure) 30819K->435K(72512K), 0.0002250 secs]
98.360: [GC (Allocation Failure) 29842K->435K(71616K), 0.0002620 secs]
98.372: [GC (Allocation Failure) 28963K->435K(77376K), 0.0002170 secs]
98.387: [GC (Allocation Failure) 34726K->435K(84288K), 0.0002050 secs]
98.410: [GC (Allocation Failure) 41563K->435K(92544K), 0.0002190 secs]
98.432: [GC (Allocation Failure) 49867K->435K(102464K), 0.0002730 secs]
98.464: [GC (Allocation Failure) 59734K->435K(100160K), 0.0002140 secs]
98.493: [GC (Allocation Failure) 57487K->435K(97984K), 0.0002130 secs]
98.606: [GC (Allocation Failure) 55339K->435K(95872K), 0.0002070 secs]
98.629: [GC (Allocation Failure) 53190K->435K(93888K), 0.0002120 secs]
98.655: [GC (Allocation Failure) 51236K->435K(91968K), 0.0001980 secs]
98.677: [GC (Allocation Failure) 49279K->435K(90176K), 0.0002020 secs]
98.714: [GC (Allocation Failure) 47521K->435K(88448K), 0.0002110 secs]
98.734: [GC (Allocation Failure) 45763K->435K(86784K), 0.0002120 secs]
98.752: [GC (Allocation Failure) 44102K->435K(85248K), 0.0002030 secs]
98.771: [GC (Allocation Failure) 42540K->435K(83776K), 0.0002150 secs]
98.812: [GC (Allocation Failure) 41074K->435K(82368K), 0.0002260 secs]
98.830: [GC (Allocation Failure) 39707K->435K(81024K), 0.0003200 secs]
98.870: [GC (Allocation Failure) 38340K->435K(79744K), 0.0002020 secs]
98.908: [GC (Allocation Failure) 37070K->435K(78528K), 0.0002150 secs]
98.927: [GC (Allocation Failure) 35800K->435K(77312K), 0.0002720 secs]
98.942: [GC (Allocation Failure) 34628K->435K(76160K), 0.0002150 secs]
98.961: [GC (Allocation Failure) 33456K->435K(75072K), 0.0002260 secs]
99.009: [GC (Allocation Failure) 32382K->435K(74048K), 0.0002150 secs]
99.026: [GC (Allocation Failure) 31405K->435K(73088K), 0.0002040 secs]
99.043: [GC (Allocation Failure) 30428K->435K(72128K), 0.0002300 secs]
99.060: [GC (Allocation Failure) 29451K->435K(71232K), 0.0002120 secs]
99.072: [GC (Allocation Failure) 28572K->435K(76864K), 0.0002060 secs]
99.087: [GC (Allocation Failure) 34140K->435K(83648K), 0.0002060 secs]
99.104: [GC (Allocation Failure) 40977K->435K(91776K), 0.0002050 secs]
99.129: [GC (Allocation Failure) 49084K->435K(89984K), 0.0002110 secs]
99.165: [GC (Allocation Failure) 47325K->435K(88256K), 0.0002230 secs]
99.185: [GC (Allocation Failure) 45567K->435K(86592K), 0.0002030 secs]
99.259: [GC (Allocation Failure) 43907K->435K(85056K), 0.0002250 secs]
99.277: [GC (Allocation Failure) 42344K->435K(83584K), 0.0002040 secs]
99.298: [GC (Allocation Failure) 40879K->435K(82176K), 0.0002120 secs]
99.315: [GC (Allocation Failure) 39512K->435K(80832K), 0.0002160 secs]
99.333: [GC (Allocation Failure) 38144K->435K(79552K), 0.0002040 secs]
99.360: [GC (Allocation Failure) 36875K->435K(78336K), 0.0002220 secs]
99.375: [GC (Allocation Failure) 35605K->435K(77184K), 0.0002160 secs]
99.390: [GC (Allocation Failure) 34530K->435K(84032K), 0.0002090 secs]
99.414: [GC (Allocation Failure) 41367K->435K(82624K), 0.0002150 secs]
99.435: [GC (Allocation Failure) 39902K->435K(81280K), 0.0002060 secs]
99.456: [GC (Allocation Failure) 38633K->435K(80000K), 0.0002830 secs]
99.473: [GC (Allocation Failure) 37363K->435K(87424K), 0.0002290 secs]
99.510: [GC (Allocation Failure) 44786K->435K(85824K), 0.0002040 secs]
99.559: [GC (Allocation Failure) 43126K->435K(84288K), 0.0002260 secs]
99.577: [GC (Allocation Failure) 41563K->435K(82816K), 0.0002050 secs]
99.598: [GC (Allocation Failure) 40098K->435K(81408K), 0.0002120 secs]
99.788: [GC (Allocation Failure) 38730K->435K(80064K), 0.0002140 secs]
99.861: [GC (Allocation Failure) 37363K->435K(78784K), 0.0002450 secs]
99.880: [GC (Allocation Failure) 36093K->435K(77568K), 0.0002790 secs]
99.900: [GC (Allocation Failure) 34921K->435K(76416K), 0.0002170 secs]
99.918: [GC (Allocation Failure) 33749K->435K(75328K), 0.0002760 secs]
99.933: [GC (Allocation Failure) 32675K->435K(81792K), 0.0002220 secs]
100.062: [GC (Allocation Failure) 39121K->435K(80448K), 0.0002290 secs]
100.079: [GC (Allocation Failure) 37754K->435K(79168K), 0.0002180 secs]
100.095: [GC (Allocation Failure) 36484K->435K(77952K), 0.0002030 secs]
100.110: [GC (Allocation Failure) 35312K->435K(76800K), 0.0002030 secs]
100.156: [GC (Allocation Failure) 34140K->435K(75712K), 0.0002060 secs]
100.202: [GC (Allocation Failure) 33065K->435K(74624K), 0.0002130 secs]
100.218: [GC (Allocation Failure) 31893K->435K(73600K), 0.0002180 secs]
100.235: [GC (Allocation Failure) 30917K->435K(72640K), 0.0002040 secs]
100.248: [GC (Allocation Failure) 29940K->435K(71744K), 0.0002050 secs]
100.260: [GC (Allocation Failure) 29061K->435K(77504K), 0.0002090 secs]
100.279: [GC (Allocation Failure) 34823K->435K(84416K), 0.0002240 secs]
100.320: [GC (Allocation Failure) 41758K->435K(82944K), 0.0002210 secs]
100.337: [GC (Allocation Failure) 40293K->435K(81536K), 0.0002040 secs]
100.409: [GC (Allocation Failure) 38828K->435K(80192K), 0.0002350 secs]
100.425: [GC (Allocation Failure) 37461K->435K(78912K), 0.0002250 secs]
100.461: [GC (Allocation Failure) 36191K->435K(77696K), 0.0002120 secs]
100.476: [GC (Allocation Failure) 35019K->435K(76544K), 0.0002770 secs]
100.510: [GC (Allocation Failure) 33847K->435K(75456K), 0.0002160 secs]
100.528: [GC (Allocation Failure) 32772K->435K(74432K), 0.0002140 secs]
100.594: [GC (Allocation Failure) 31698K->435K(73408K), 0.0002240 secs]
100.612: [GC (Allocation Failure) 30721K->435K(72448K), 0.0002050 secs]
100.626: [GC (Allocation Failure) 29745K->435K(71552K), 0.0002340 secs]
100.638: [GC (Allocation Failure) 28865K->435K(77248K), 0.0002050 secs]
100.661: [GC (Allocation Failure) 34530K->435K(84096K), 0.0002140 secs]
100.699: [GC (Allocation Failure) 41367K->435K(82624K), 0.0003280 secs]
100.717: [GC (Allocation Failure) 39902K->435K(90560K), 0.0003260 secs]
100.767: [GC (Allocation Failure) 47911K->435K(88832K), 0.0002130 secs]
100.787: [GC (Allocation Failure) 46153K->435K(87168K), 0.0002140 secs]
100.806: [GC (Allocation Failure) 44493K->435K(85568K), 0.0002050 secs]
100.915: [GC (Allocation Failure) 42930K->435K(84032K), 0.0002310 secs]
100.938: [GC (Allocation Failure) 41367K->435K(82624K), 0.0002300 secs]
100.956: [GC (Allocation Failure) 39902K->435K(81280K), 0.0003210 secs]
101.009: [GC (Allocation Failure) 38633K->435K(80000K), 0.0002160 secs]
101.063: [GC (Allocation Failure) 37363K->435K(78720K), 0.0002220 secs]
101.078: [GC (Allocation Failure) 35996K->435K(77504K), 0.0002060 secs]
101.140: [GC (Allocation Failure) 34823K->435K(76352K), 0.0002410 secs]
101.155: [GC (Allocation Failure) 33651K->435K(75264K), 0.0002620 secs]
101.211: [GC (Allocation Failure) 32577K->435K(74240K), 0.0002120 secs]
101.229: [GC (Allocation Failure) 31600K->435K(73216K), 0.0002320 secs]
101.242: [GC (Allocation Failure) 30526K->435K(72256K), 0.0002020 secs]
101.259: [GC (Allocation Failure) 29549K->435K(71360K), 0.0002080 secs]
101.309: [GC (Allocation Failure) 28670K->435K(70464K), 0.0002060 secs]
101.321: [GC (Allocation Failure) 27791K->435K(75968K), 0.0002260 secs]
101.340: [GC (Allocation Failure) 33261K->435K(82560K), 0.0002220 secs]
101.419: [GC (Allocation Failure) 39902K->435K(81216K), 0.0002250 secs]
101.436: [GC (Allocation Failure) 38535K->435K(79936K), 0.0002050 secs]
101.464: [GC (Allocation Failure) 37265K->435K(78656K), 0.0002410 secs]
101.480: [GC (Allocation Failure) 35996K->435K(77440K), 0.0002650 secs]
101.512: [GC (Allocation Failure) 34726K->435K(76288K), 0.0002110 secs]
101.531: [GC (Allocation Failure) 33554K->435K(75200K), 0.0002310 secs]
101.545: [GC (Allocation Failure) 32479K->435K(74176K), 0.0002040 secs]
101.611: [GC (Allocation Failure) 31503K->435K(73152K), 0.0002130 secs]
101.628: [GC (Allocation Failure) 30428K->435K(72192K), 0.0002200 secs]
101.641: [GC (Allocation Failure) 29549K->435K(78016K), 0.0002140 secs]
101.656: [GC (Allocation Failure) 35312K->435K(85056K), 0.0002040 secs]
101.739: [GC (Allocation Failure) 42344K->435K(83584K), 0.0002280 secs]
101.761: [GC (Allocation Failure) 40879K->435K(82176K), 0.0002150 secs]
101.778: [GC (Allocation Failure) 39512K->435K(80832K), 0.0002200 secs]
101.798: [GC (Allocation Failure) 38144K->435K(79552K), 0.0002100 secs]
101.820: [GC (Allocation Failure) 36875K->435K(78336K), 0.0002190 secs]
101.908: [GC (Allocation Failure) 35605K->435K(77184K), 0.0002170 secs]
101.923: [GC (Allocation Failure) 34530K->435K(76032K), 0.0002050 secs]
101.962: [GC (Allocation Failure) 33358K->435K(74944K), 0.0002140 secs]
101.976: [GC (Allocation Failure) 32284K->435K(73920K), 0.0002140 secs]
101.989: [GC (Allocation Failure) 31210K->435K(72960K), 0.0002030 secs]
102.002: [GC (Allocation Failure) 30233K->435K(78976K), 0.0002050 secs]
102.110: [GC (Allocation Failure) 36289K->435K(77760K), 0.0002050 secs]
102.213: [GC (Allocation Failure) 35116K->435K(76608K), 0.0002130 secs]
102.231: [GC (Allocation Failure) 33944K->435K(75520K), 0.0002130 secs]
102.246: [GC (Allocation Failure) 32870K->435K(74496K), 0.0002150 secs]
102.335: [GC (Allocation Failure) 31796K->435K(73472K), 0.0002300 secs]
102.352: [GC (Allocation Failure) 30819K->435K(72512K), 0.0002130 secs]
102.369: [GC (Allocation Failure) 29842K->435K(71616K), 0.0002160 secs]
102.382: [GC (Allocation Failure) 28963K->435K(70720K), 0.0002030 secs]
102.395: [GC (Allocation Failure) 27986K->435K(76288K), 0.0002120 secs]
102.463: [GC (Allocation Failure) 33554K->435K(75200K), 0.0002150 secs]
102.477: [GC (Allocation Failure) 32479K->435K(74176K), 0.0002020 secs]
102.512: [GC (Allocation Failure) 31503K->435K(73152K), 0.0002110 secs]
102.530: [GC (Allocation Failure) 30428K->435K(72192K), 0.0002130 secs]
102.592: [GC (Allocation Failure) 29549K->435K(71296K), 0.0002030 secs]
102.615: [GC (Allocation Failure) 28572K->435K(70400K), 0.0002530 secs]
102.632: [GC (Allocation Failure) 27693K->435K(69568K), 0.0002210 secs]
102.661: [GC (Allocation Failure) 26912K->435K(68800K), 0.0002100 secs]
102.676: [GC (Allocation Failure) 26131K->435K(68032K), 0.0002360 secs]
102.732: [GC (Allocation Failure) 25349K->435K(67328K), 0.0002250 secs]
102.742: [GC (Allocation Failure) 24662K->435K(72192K), 0.0002070 secs]
102.757: [GC (Allocation Failure) 29549K->435K(78016K), 0.0002230 secs]
102.773: [GC (Allocation Failure) 35312K->435K(85056K), 0.0002160 secs]
102.817: [GC (Allocation Failure) 42344K->435K(83584K), 0.0002100 secs]
102.835: [GC (Allocation Failure) 40879K->435K(91712K), 0.0003210 secs]
102.945: [GC (Allocation Failure) 48986K->435K(89920K), 0.0002790 secs]
102.970: [GC (Allocation Failure) 47228K->435K(88192K), 0.0002010 secs]
102.993: [GC (Allocation Failure) 45470K->435K(86592K), 0.0002010 secs]
103.019: [GC (Allocation Failure) 43907K->435K(85056K), 0.0002190 secs]
103.041: [GC (Allocation Failure) 42344K->435K(83584K), 0.0002030 secs]
103.059: [GC (Allocation Failure) 40879K->435K(82176K), 0.0002680 secs]
103.082: [GC (Allocation Failure) 39512K->435K(80832K), 0.0002310 secs]
103.102: [GC (Allocation Failure) 38144K->435K(79552K), 0.0002010 secs]
103.121: [GC (Allocation Failure) 36875K->435K(78336K), 0.0002130 secs]
103.136: [GC (Allocation Failure) 35605K->435K(77184K), 0.0002060 secs]
103.264: [GC (Allocation Failure) 34530K->435K(76032K), 0.0002110 secs]
103.283: [GC (Allocation Failure) 33358K->435K(74944K), 0.0002160 secs]
103.297: [GC (Allocation Failure) 32284K->435K(73920K), 0.0002030 secs]
103.359: [GC (Allocation Failure) 31210K->435K(72960K), 0.0002160 secs]
103.413: [GC (Allocation Failure) 30233K->435K(72000K), 0.0002380 secs]
103.425: [GC (Allocation Failure) 29354K->435K(71104K), 0.0002690 secs]
103.485: [GC (Allocation Failure) 28377K->435K(70272K), 0.0002320 secs]
103.501: [GC (Allocation Failure) 27596K->435K(69440K), 0.0002020 secs]
103.536: [GC (Allocation Failure) 26717K->435K(68672K), 0.0002300 secs]
103.552: [GC (Allocation Failure) 26033K->435K(67904K), 0.0002140 secs]
103.611: [GC (Allocation Failure) 25250K->435K(67200K), 0.0002120 secs]
103.622: [GC (Allocation Failure) 24466K->435K(72064K), 0.0003220 secs]
103.663: [GC (Allocation Failure) 29354K->435K(77888K), 0.0002250 secs]
103.678: [GC (Allocation Failure) 35214K->435K(84864K), 0.0002050 secs]
103.714: [GC (Allocation Failure) 42149K->435K(83392K), 0.0002230 secs]
103.736: [GC (Allocation Failure) 40684K->435K(81984K), 0.0002140 secs]
103.819: [GC (Allocation Failure) 39316K->435K(80640K), 0.0002120 secs]
103.867: [GC (Allocation Failure) 37949K->435K(79360K), 0.0002170 secs]
103.887: [GC (Allocation Failure) 36679K->435K(78144K), 0.0002040 secs]
103.903: [GC (Allocation Failure) 35409K->435K(76992K), 0.0002170 secs]
103.940: [GC (Allocation Failure) 34335K->435K(75904K), 0.0002290 secs]
103.955: [GC (Allocation Failure) 33261K->435K(74816K), 0.0002230 secs]
103.973: [GC (Allocation Failure) 32089K->435K(73792K), 0.0002230 secs]
104.114: [GC (Allocation Failure) 31112K->435K(72832K), 0.0002120 secs]
104.127: [GC (Allocation Failure) 30135K->435K(78784K), 0.0003250 secs]
104.214: [GC (Allocation Failure) 36093K->435K(77568K), 0.0002150 secs]
104.262: [GC (Allocation Failure) 34921K->435K(76416K), 0.0002150 secs]
104.276: [GC (Allocation Failure) 33749K->435K(75328K), 0.0002070 secs]
104.294: [GC (Allocation Failure) 32675K->435K(74304K), 0.0002030 secs]
104.320: [GC (Allocation Failure) 31600K->435K(73280K), 0.0002170 secs]
104.337: [GC (Allocation Failure) 30624K->435K(72320K), 0.0002200 secs]
104.354: [GC (Allocation Failure) 29647K->435K(71424K), 0.0002190 secs]
104.367: [GC (Allocation Failure) 28768K->435K(77120K), 0.0002190 secs]
104.411: [GC (Allocation Failure) 34433K->435K(75968K), 0.0002140 secs]
104.430: [GC (Allocation Failure) 33261K->435K(74880K), 0.0002120 secs]
104.465: [GC (Allocation Failure) 32186K->435K(73856K), 0.0002050 secs]
104.483: [GC (Allocation Failure) 31210K->435K(72896K), 0.0002030 secs]
104.498: [GC (Allocation Failure) 30233K->435K(71936K), 0.0002010 secs]
104.514: [GC (Allocation Failure) 29256K->435K(71040K), 0.0002120 secs]
104.527: [GC (Allocation Failure) 28377K->435K(76672K), 0.0002180 secs]
104.541: [GC (Allocation Failure) 33944K->435K(83392K), 0.0002040 secs]
104.563: [GC (Allocation Failure) 40684K->435K(91456K), 0.0002120 secs]
104.603: [GC (Allocation Failure) 48791K->435K(89664K), 0.0002020 secs]
104.623: [GC (Allocation Failure) 46935K->435K(87936K), 0.0002770 secs]
104.666: [GC (Allocation Failure) 45274K->435K(86336K), 0.0002020 secs]
104.716: [GC (Allocation Failure) 43614K->435K(84800K), 0.0002260 secs]
104.734: [GC (Allocation Failure) 42149K->435K(83328K), 0.0002030 secs]
104.770: [GC (Allocation Failure) 40684K->435K(81920K), 0.0002150 secs]
104.790: [GC (Allocation Failure) 39219K->435K(80576K), 0.0002070 secs]
104.811: [GC (Allocation Failure) 37851K->435K(79296K), 0.0002030 secs]
104.827: [GC (Allocation Failure) 36582K->435K(78080K), 0.0002190 secs]
104.864: [GC (Allocation Failure) 35409K->435K(76928K), 0.0002280 secs]
104.882: [GC (Allocation Failure) 34237K->435K(75840K), 0.0002020 secs]
105.013: [GC (Allocation Failure) 33163K->435K(74752K), 0.0002790 secs]
105.062: [GC (Allocation Failure) 32089K->435K(73728K), 0.0002070 secs]
105.116: [GC (Allocation Failure) 31014K->435K(72768K), 0.0002150 secs]
105.133: [GC (Allocation Failure) 30038K->435K(71808K), 0.0002070 secs]
105.146: [GC (Allocation Failure) 29158K->435K(70912K), 0.0002160 secs]
105.209: [GC (Allocation Failure) 28182K->435K(70080K), 0.0002160 secs]
105.221: [GC (Allocation Failure) 27400K->435K(69248K), 0.0002160 secs]
105.233: [GC (Allocation Failure) 26521K->435K(74496K), 0.0002160 secs]
105.246: [GC (Allocation Failure) 31796K->435K(80832K), 0.0002030 secs]
105.319: [GC (Allocation Failure) 38144K->435K(79552K), 0.0002130 secs]
105.339: [GC (Allocation Failure) 36875K->435K(78336K), 0.0002040 secs]
105.368: [GC (Allocation Failure) 35605K->435K(77184K), 0.0002070 secs]
105.387: [GC (Allocation Failure) 34530K->435K(76032K), 0.0002030 secs]
105.404: [GC (Allocation Failure) 33358K->435K(82624K), 0.0003730 secs]
105.426: [GC (Allocation Failure) 39902K->435K(90560K), 0.0002120 secs]
105.529: [GC (Allocation Failure) 47911K->435K(88832K), 0.0002050 secs]
105.549: [GC (Allocation Failure) 46153K->435K(87168K), 0.0002730 secs]
105.672: [GC (Allocation Failure) 44493K->435K(85568K), 0.0002150 secs]
105.694: [GC (Allocation Failure) 42930K->435K(84032K), 0.0002010 secs]
105.742: [GC (Allocation Failure) 41367K->435K(82624K), 0.0002060 secs]
105.760: [GC (Allocation Failure) 39902K->435K(81280K), 0.0002050 secs]
105.861: [GC (Allocation Failure) 38633K->435K(80000K), 0.0002220 secs]
105.877: [GC (Allocation Failure) 37363K->435K(78720K), 0.0002160 secs]
105.897: [GC (Allocation Failure) 35996K->435K(77504K), 0.0002550 secs]
105.915: [GC (Allocation Failure) 34823K->435K(76352K), 0.0002280 secs]
105.933: [GC (Allocation Failure) 33651K->435K(75264K), 0.0002040 secs]
105.967: [GC (Allocation Failure) 32577K->435K(74240K), 0.0002060 secs]
105.985: [GC (Allocation Failure) 31600K->435K(73216K), 0.0002050 secs]
105.998: [GC (Allocation Failure) 30526K->435K(72256K), 0.0002180 secs]
106.162: [GC (Allocation Failure) 29549K->435K(71360K), 0.0002220 secs]
106.175: [GC (Allocation Failure) 28670K->435K(70464K), 0.0002140 secs]
106.225: [GC (Allocation Failure) 27791K->435K(69632K), 0.0002730 secs]
106.241: [GC (Allocation Failure) 26912K->435K(68864K), 0.0002340 secs]
106.257: [GC (Allocation Failure) 26131K->435K(74048K), 0.0002840 secs]
106.274: [GC (Allocation Failure) 31405K->435K(80256K), 0.0002140 secs]
106.290: [GC (Allocation Failure) 37558K->435K(87744K), 0.0003240 secs]
106.319: [GC (Allocation Failure) 45079K->435K(96704K), 0.0002130 secs]
106.344: [GC (Allocation Failure) 53971K->435K(107456K), 0.0002260 secs]
106.371: [GC (Allocation Failure) 64813K->435K(104896K), 0.0002160 secs]
106.477: [GC (Allocation Failure) 62176K->435K(102464K), 0.0002050 secs]
106.576: [GC (Allocation Failure) 59734K->435K(100160K), 0.0002160 secs]
106.605: [GC (Allocation Failure) 57487K->435K(97984K), 0.0002190 secs]
106.630: [GC (Allocation Failure) 55339K->435K(95872K), 0.0002230 secs]
106.658: [GC (Allocation Failure) 53190K->435K(93888K), 0.0002060 secs]
106.680: [GC (Allocation Failure) 51236K->435K(91968K), 0.0002170 secs]
106.705: [GC (Allocation Failure) 49279K->435K(90176K), 0.0002090 secs]
106.775: [GC (Allocation Failure) 47521K->435K(88448K), 0.0002800 secs]
106.795: [GC (Allocation Failure) 45763K->435K(86784K), 0.0002270 secs]
106.814: [GC (Allocation Failure) 44102K->435K(85248K), 0.0002040 secs]
106.873: [GC (Allocation Failure) 42540K->435K(83776K), 0.0002110 secs]
106.891: [GC (Allocation Failure) 41074K->435K(82368K), 0.0002180 secs]
106.909: [GC (Allocation Failure) 39707K->435K(81024K), 0.0002200 secs]
106.941: [GC (Allocation Failure) 38340K->435K(79744K), 0.0002130 secs]
106.961: [GC (Allocation Failure) 37070K->435K(78528K), 0.0002010 secs]
106.977: [GC (Allocation Failure) 35800K->435K(77312K), 0.0002110 secs]
106.995: [GC (Allocation Failure) 34628K->435K(76160K), 0.0002110 secs]
107.065: [GC (Allocation Failure) 33456K->435K(75072K), 0.0002150 secs]
107.119: [GC (Allocation Failure) 32382K->435K(74048K), 0.0002120 secs]
107.137: [GC (Allocation Failure) 31405K->435K(73088K), 0.0002030 secs]
107.168: [GC (Allocation Failure) 30428K->435K(72128K), 0.0002030 secs]
107.185: [GC (Allocation Failure) 29451K->435K(71232K), 0.0002050 secs]
107.198: [GC (Allocation Failure) 28572K->435K(70400K), 0.0002180 secs]
107.217: [GC (Allocation Failure) 27693K->435K(69568K), 0.0002110 secs]
107.233: [GC (Allocation Failure) 26912K->435K(68800K), 0.0002040 secs]
107.313: [GC (Allocation Failure) 26131K->435K(68032K), 0.0003610 secs]
107.362: [GC (Allocation Failure) 25349K->435K(67328K), 0.0002120 secs]
107.373: [GC (Allocation Failure) 24662K->435K(66624K), 0.0002020 secs]
107.383: [GC (Allocation Failure) 23978K->435K(71360K), 0.0002040 secs]
107.419: [GC (Allocation Failure) 28670K->435K(70464K), 0.0002140 secs]
107.431: [GC (Allocation Failure) 27791K->435K(75968K), 0.0002790 secs]
107.466: [GC (Allocation Failure) 33261K->435K(82560K), 0.0002060 secs]
107.524: [GC (Allocation Failure) 39902K->435K(81216K), 0.0002050 secs]
107.618: [GC (Allocation Failure) 38535K->435K(79936K), 0.0002150 secs]
107.634: [GC (Allocation Failure) 37265K->435K(78656K), 0.0002060 secs]
107.667: [GC (Allocation Failure) 35996K->435K(77440K), 0.0002040 secs]
107.721: [GC (Allocation Failure) 34726K->435K(76288K), 0.0002560 secs]
107.739: [GC (Allocation Failure) 33554K->435K(75200K), 0.0002090 secs]
107.753: [GC (Allocation Failure) 32479K->435K(74176K), 0.0002270 secs]
107.771: [GC (Allocation Failure) 31503K->435K(80448K), 0.0002720 secs]
107.787: [GC (Allocation Failure) 37754K->435K(87936K), 0.0002050 secs]
107.827: [GC (Allocation Failure) 45274K->435K(86336K), 0.0002120 secs]
107.850: [GC (Allocation Failure) 43614K->435K(84800K), 0.0002140 secs]
107.872: [GC (Allocation Failure) 42149K->435K(83328K), 0.0002210 secs]
107.914: [GC (Allocation Failure) 40684K->435K(81920K), 0.0002130 secs]
107.935: [GC (Allocation Failure) 39219K->435K(80576K), 0.0002120 secs]
107.973: [GC (Allocation Failure) 37851K->435K(79296K), 0.0002420 secs]
107.989: [GC (Allocation Failure) 36582K->435K(78080K), 0.0002140 secs]
108.008: [GC (Allocation Failure) 35409K->435K(76928K), 0.0002130 secs]
108.023: [GC (Allocation Failure) 34237K->435K(75840K), 0.0002060 secs]
108.071: [GC (Allocation Failure) 33163K->435K(74752K), 0.0003200 secs]
108.084: [GC (Allocation Failure) 32089K->435K(81088K), 0.0002800 secs]
108.114: [GC (Allocation Failure) 38437K->435K(79808K), 0.0002430 secs]
108.131: [GC (Allocation Failure) 37168K->435K(87168K), 0.0002720 secs]
108.172: [GC (Allocation Failure) 44493K->435K(85568K), 0.0002150 secs]
108.190: [GC (Allocation Failure) 42930K->435K(84032K), 0.0002030 secs]
108.221: [GC (Allocation Failure) 41367K->435K(82624K), 0.0002240 secs]
108.242: [GC (Allocation Failure) 39902K->435K(81280K), 0.0002010 secs]
108.262: [GC (Allocation Failure) 38633K->435K(80000K), 0.0002120 secs]
108.323: [GC (Allocation Failure) 37363K->435K(78720K), 0.0002130 secs]
108.338: [GC (Allocation Failure) 35996K->435K(77504K), 0.0002020 secs]
108.408: [GC (Allocation Failure) 34823K->435K(76352K), 0.0002190 secs]
108.468: [GC (Allocation Failure) 33651K->435K(75264K), 0.0002050 secs]
108.517: [GC (Allocation Failure) 32577K->435K(74240K), 0.0002080 secs]
108.538: [GC (Allocation Failure) 31600K->435K(73216K), 0.0002210 secs]
108.551: [GC (Allocation Failure) 30526K->435K(72256K), 0.0002040 secs]
108.567: [GC (Allocation Failure) 29549K->435K(71360K), 0.0001970 secs]
108.592: [GC (Allocation Failure) 28670K->435K(70464K), 0.0003230 secs]
108.608: [GC (Allocation Failure) 27791K->435K(69632K), 0.0002070 secs]
108.628: [GC (Allocation Failure) 26912K->435K(68864K), 0.0002250 secs]
108.643: [GC (Allocation Failure) 26131K->435K(74048K), 0.0002280 secs]
108.674: [GC (Allocation Failure) 31405K->435K(73088K), 0.0002070 secs]
108.691: [GC (Allocation Failure) 30428K->435K(72128K), 0.0002310 secs]
108.726: [GC (Allocation Failure) 29451K->435K(71232K), 0.0002230 secs]
108.739: [GC (Allocation Failure) 28572K->435K(76864K), 0.0002210 secs]
108.754: [GC (Allocation Failure) 34140K->435K(83648K), 0.0002050 secs]
108.771: [GC (Allocation Failure) 40977K->435K(91776K), 0.0002040 secs]
108.825: [GC (Allocation Failure) 49084K->435K(89984K), 0.0002250 secs]
108.874: [GC (Allocation Failure) 47325K->435K(88256K), 0.0002130 secs]
108.897: [GC (Allocation Failure) 45567K->435K(86592K), 0.0002120 secs]
109.030: [GC (Allocation Failure) 43907K->435K(85056K), 0.0002080 secs]
109.076: [GC (Allocation Failure) 42344K->435K(83584K), 0.0002260 secs]
109.094: [GC (Allocation Failure) 40879K->435K(82176K), 0.0002060 secs]
109.170: [GC (Allocation Failure) 39512K->435K(80832K), 0.0002160 secs]
109.191: [GC (Allocation Failure) 38144K->435K(79552K), 0.0002050 secs]
109.220: [GC (Allocation Failure) 36875K->435K(78336K), 0.0002270 secs]
109.239: [GC (Allocation Failure) 35605K->435K(77184K), 0.0002140 secs]
109.258: [GC (Allocation Failure) 34530K->435K(76032K), 0.0002140 secs]
109.276: [GC (Allocation Failure) 33358K->435K(74944K), 0.0002020 secs]
109.368: [GC (Allocation Failure) 32284K->435K(73920K), 0.0002070 secs]
109.410: [GC (Allocation Failure) 31210K->435K(72960K), 0.0002110 secs]
109.471: [GC (Allocation Failure) 30233K->435K(72000K), 0.0002160 secs]
109.484: [GC (Allocation Failure) 29354K->435K(71104K), 0.0002180 secs]
109.517: [GC (Allocation Failure) 28377K->435K(70272K), 0.0003190 secs]
109.670: [GC (Allocation Failure) 27596K->435K(69440K), 0.0002030 secs]
109.685: [GC (Allocation Failure) 26717K->435K(68672K), 0.0002380 secs]
109.716: [GC (Allocation Failure) 26033K->435K(67904K), 0.0002140 secs]
109.731: [GC (Allocation Failure) 25250K->435K(67200K), 0.0002190 secs]
109.769: [GC (Allocation Failure) 24466K->435K(66496K), 0.0002200 secs]
109.785: [GC (Allocation Failure) 23783K->435K(65856K), 0.0002250 secs]
109.826: [GC (Allocation Failure) 23196K->435K(65216K), 0.0002110 secs]
109.836: [GC (Allocation Failure) 22513K->435K(69696K), 0.0003240 secs]
109.871: [GC (Allocation Failure) 27010K->435K(75072K), 0.0002250 secs]
109.889: [GC (Allocation Failure) 32382K->435K(81472K), 0.0002280 secs]
109.926: [GC (Allocation Failure) 38828K->435K(80128K), 0.0002220 secs]
109.946: [GC (Allocation Failure) 37461K->435K(78848K), 0.0002210 secs]
110.020: [GC (Allocation Failure) 36191K->435K(77632K), 0.0002170 secs]
110.074: [GC (Allocation Failure) 34921K->435K(76480K), 0.0002120 secs]
110.092: [GC (Allocation Failure) 33749K->435K(75392K), 0.0002100 secs]
110.107: [GC (Allocation Failure) 32675K->435K(74368K), 0.0002230 secs]
110.124: [GC (Allocation Failure) 31698K->435K(73344K), 0.0002110 secs]
110.217: [GC (Allocation Failure) 30624K->435K(72384K), 0.0002000 secs]
110.229: [GC (Allocation Failure) 29745K->435K(71488K), 0.0002110 secs]
110.246: [GC (Allocation Failure) 28768K->435K(70592K), 0.0002120 secs]
110.321: [GC (Allocation Failure) 27889K->435K(69760K), 0.0002120 secs]
110.337: [GC (Allocation Failure) 27107K->435K(75136K), 0.0003030 secs]
110.351: [GC (Allocation Failure) 32479K->435K(81600K), 0.0002200 secs]
110.372: [GC (Allocation Failure) 38926K->435K(89344K), 0.0002030 secs]
110.397: [GC (Allocation Failure) 46642K->435K(87680K), 0.0002720 secs]
110.416: [GC (Allocation Failure) 44981K->435K(86080K), 0.0002050 secs]
110.439: [GC (Allocation Failure) 43419K->435K(84544K), 0.0002020 secs]
110.457: [GC (Allocation Failure) 41856K->435K(83072K), 0.0002020 secs]
110.527: [GC (Allocation Failure) 40391K->435K(81664K), 0.0002180 secs]
110.548: [GC (Allocation Failure) 39023K->435K(80320K), 0.0002030 secs]
110.568: [GC (Allocation Failure) 37656K->435K(79040K), 0.0002190 secs]
110.596: [GC (Allocation Failure) 36386K->435K(77824K), 0.0002430 secs]
110.611: [GC (Allocation Failure) 35116K->435K(76672K), 0.0002040 secs]
110.626: [GC (Allocation Failure) 33944K->435K(75584K), 0.0002040 secs]
110.661: [GC (Allocation Failure) 32870K->435K(74560K), 0.0002340 secs]
110.679: [GC (Allocation Failure) 31893K->435K(73536K), 0.0002030 secs]
110.696: [GC (Allocation Failure) 30819K->435K(72576K), 0.0002240 secs]
110.713: [GC (Allocation Failure) 29842K->435K(71680K), 0.0002130 secs]
110.726: [GC (Allocation Failure) 28963K->435K(77440K), 0.0002280 secs]
110.741: [GC (Allocation Failure) 34726K->435K(84352K), 0.0002040 secs]
110.824: [GC (Allocation Failure) 41660K->435K(82880K), 0.0002150 secs]
110.841: [GC (Allocation Failure) 40195K->435K(81472K), 0.0002130 secs]
110.867: [GC (Allocation Failure) 38828K->435K(80128K), 0.0002200 secs]
110.887: [GC (Allocation Failure) 37461K->435K(78848K), 0.0002030 secs]
110.903: [GC (Allocation Failure) 36191K->435K(86016K), 0.0002770 secs]
110.929: [GC (Allocation Failure) 43321K->435K(84480K), 0.0002240 secs]
110.951: [GC (Allocation Failure) 41758K->435K(83008K), 0.0002100 secs]
111.033: [GC (Allocation Failure) 40293K->435K(81600K), 0.0002080 secs]
111.049: [GC (Allocation Failure) 38926K->435K(80256K), 0.0002170 secs]
111.069: [GC (Allocation Failure) 37558K->435K(78976K), 0.0002150 secs]
111.089: [GC (Allocation Failure) 36289K->435K(77760K), 0.0002120 secs]
111.126: [GC (Allocation Failure) 35116K->435K(76608K), 0.0002090 secs]
111.145: [GC (Allocation Failure) 33944K->435K(75520K), 0.0002020 secs]
111.159: [GC (Allocation Failure) 32870K->435K(82048K), 0.0002730 secs]
111.227: [GC (Allocation Failure) 39316K->435K(80704K), 0.0002140 secs]
111.248: [GC (Allocation Failure) 38047K->435K(79424K), 0.0002130 secs]
111.264: [GC (Allocation Failure) 36777K->435K(78208K), 0.0002050 secs]
111.279: [GC (Allocation Failure) 35507K->435K(77056K), 0.0002030 secs]
111.376: [GC (Allocation Failure) 34335K->435K(75904K), 0.0002020 secs]
111.390: [GC (Allocation Failure) 33261K->435K(82496K), 0.0003240 secs]
111.413: [GC (Allocation Failure) 39805K->435K(90432K), 0.0003660 secs]
111.439: [GC (Allocation Failure) 47716K->435K(99904K), 0.0002070 secs]
111.467: [GC (Allocation Failure) 57194K->435K(97728K), 0.0002140 secs]
111.495: [GC (Allocation Failure) 55046K->435K(95680K), 0.0002030 secs]
111.518: [GC (Allocation Failure) 52994K->435K(93696K), 0.0002010 secs]
111.542: [GC (Allocation Failure) 51041K->435K(91840K), 0.0002150 secs]
111.563: [GC (Allocation Failure) 49181K->435K(90048K), 0.0002150 secs]
111.588: [GC (Allocation Failure) 47325K->435K(88320K), 0.0002100 secs]
111.681: [GC (Allocation Failure) 45665K->435K(86656K), 0.0002020 secs]
111.700: [GC (Allocation Failure) 44005K->435K(85120K), 0.0002170 secs]
111.721: [GC (Allocation Failure) 42442K->435K(83648K), 0.0002020 secs]
111.779: [GC (Allocation Failure) 40977K->435K(82240K), 0.0002060 secs]
111.796: [GC (Allocation Failure) 39512K->435K(80896K), 0.0002050 secs]
111.824: [GC (Allocation Failure) 38242K->435K(79616K), 0.0002080 secs]
111.917: [GC (Allocation Failure) 36972K->435K(78400K), 0.0002250 secs]
111.937: [GC (Allocation Failure) 35702K->435K(77248K), 0.0002140 secs]
111.956: [GC (Allocation Failure) 34530K->435K(76096K), 0.0002670 secs]
111.972: [GC (Allocation Failure) 33456K->435K(75008K), 0.0002740 secs]
111.990: [GC (Allocation Failure) 32284K->435K(73984K), 0.0002040 secs]
112.022: [GC (Allocation Failure) 31307K->435K(73024K), 0.0002240 secs]
112.039: [GC (Allocation Failure) 30331K->435K(72064K), 0.0002150 secs]
112.051: [GC (Allocation Failure) 29354K->435K(77888K), 0.0002190 secs]
112.077: [GC (Allocation Failure) 35214K->435K(76736K), 0.0002230 secs]
112.092: [GC (Allocation Failure) 34042K->435K(83520K), 0.0002050 secs]
112.130: [GC (Allocation Failure) 40879K->435K(82112K), 0.0002170 secs]
112.151: [GC (Allocation Failure) 39414K->435K(80768K), 0.0002010 secs]
112.175: [GC (Allocation Failure) 38047K->435K(79488K), 0.0002720 secs]
112.235: [GC (Allocation Failure) 36777K->435K(78272K), 0.0002320 secs]
112.250: [GC (Allocation Failure) 35605K->435K(77120K), 0.0002050 secs]
112.323: [GC (Allocation Failure) 34433K->435K(75968K), 0.0002080 secs]
112.373: [GC (Allocation Failure) 33261K->435K(74880K), 0.0002140 secs]
112.409: [GC (Allocation Failure) 32186K->435K(73856K), 0.0002210 secs]
112.426: [GC (Allocation Failure) 31210K->435K(72896K), 0.0002220 secs]
112.538: [GC (Allocation Failure) 30233K->435K(71936K), 0.0002390 secs]
112.555: [GC (Allocation Failure) 29256K->435K(71040K), 0.0002610 secs]
112.567: [GC (Allocation Failure) 28377K->435K(70208K), 0.0002210 secs]
112.593: [GC (Allocation Failure) 27498K->435K(69376K), 0.0002120 secs]
112.608: [GC (Allocation Failure) 26717K->435K(68608K), 0.0002150 secs]
112.628: [GC (Allocation Failure) 25935K->435K(73728K), 0.0004000 secs]
112.646: [GC (Allocation Failure) 31014K->435K(79872K), 0.0003170 secs]
112.679: [GC (Allocation Failure) 37168K->435K(87232K), 0.0002180 secs]
112.698: [GC (Allocation Failure) 44591K->435K(96064K), 0.0002070 secs]
112.739: [GC (Allocation Failure) 53385K->435K(94080K), 0.0002090 secs]
112.786: [GC (Allocation Failure) 51432K->435K(92160K), 0.0002410 secs]
112.807: [GC (Allocation Failure) 49474K->435K(90368K), 0.0002060 secs]
112.832: [GC (Allocation Failure) 47716K->435K(88640K), 0.0002110 secs]
112.883: [GC (Allocation Failure) 45958K->435K(86976K), 0.0002070 secs]
112.906: [GC (Allocation Failure) 44298K->435K(85376K), 0.0002060 secs]
112.928: [GC (Allocation Failure) 42735K->435K(83904K), 0.0002070 secs]
112.977: [GC (Allocation Failure) 41172K->435K(82496K), 0.0002040 secs]
113.126: [GC (Allocation Failure) 39805K->435K(81152K), 0.0002660 secs]
113.154: [GC (Allocation Failure) 38437K->435K(79872K), 0.0002410 secs]
113.171: [GC (Allocation Failure) 37168K->435K(78656K), 0.0002210 secs]
113.190: [GC (Allocation Failure) 35996K->435K(77440K), 0.0002240 secs]
113.228: [GC (Allocation Failure) 34726K->435K(76288K), 0.0002120 secs]
113.247: [GC (Allocation Failure) 33554K->435K(75200K), 0.0002030 secs]
113.261: [GC (Allocation Failure) 32479K->435K(74176K), 0.0002160 secs]
113.428: [GC (Allocation Failure) 31503K->435K(73152K), 0.0002220 secs]
113.445: [GC (Allocation Failure) 30428K->435K(72192K), 0.0002200 secs]
113.458: [GC (Allocation Failure) 29549K->435K(71296K), 0.0002140 secs]
113.474: [GC (Allocation Failure) 28572K->435K(70400K), 0.0002120 secs]
113.526: [GC (Allocation Failure) 27693K->435K(69568K), 0.0002070 secs]
113.542: [GC (Allocation Failure) 26912K->435K(68800K), 0.0002140 secs]
113.575: [GC (Allocation Failure) 26131K->435K(68032K), 0.0002200 secs]
113.590: [GC (Allocation Failure) 25349K->435K(67328K), 0.0002040 secs]
113.601: [GC (Allocation Failure) 24662K->435K(72192K), 0.0002140 secs]
113.618: [GC (Allocation Failure) 29549K->435K(78016K), 0.0002140 secs]
113.637: [GC (Allocation Failure) 35312K->435K(85056K), 0.0002120 secs]
113.732: [GC (Allocation Failure) 42344K->435K(83584K), 0.0002090 secs]
113.750: [GC (Allocation Failure) 40879K->435K(82176K), 0.0002720 secs]
113.828: [GC (Allocation Failure) 39512K->435K(80832K), 0.0002270 secs]
113.848: [GC (Allocation Failure) 38144K->435K(79552K), 0.0002220 secs]
113.876: [GC (Allocation Failure) 36875K->435K(78336K), 0.0002190 secs]
113.933: [GC (Allocation Failure) 35605K->435K(77184K), 0.0002350 secs]
113.947: [GC (Allocation Failure) 34530K->435K(76032K), 0.0002050 secs]
114.029: [GC (Allocation Failure) 33358K->435K(74944K), 0.0002140 secs]
114.043: [GC (Allocation Failure) 32284K->435K(73920K), 0.0002190 secs]
114.078: [GC (Allocation Failure) 31210K->435K(72960K), 0.0002270 secs]
114.096: [GC (Allocation Failure) 30233K->435K(72000K), 0.0002190 secs]
114.109: [GC (Allocation Failure) 29354K->435K(71104K), 0.0002030 secs]
114.273: [GC (Allocation Failure) 28377K->435K(70272K), 0.0002160 secs]
114.328: [GC (Allocation Failure) 27596K->435K(69440K), 0.0003920 secs]
114.376: [GC (Allocation Failure) 26717K->435K(68672K), 0.0002250 secs]
114.388: [GC (Allocation Failure) 26033K->435K(67904K), 0.0002200 secs]
114.426: [GC (Allocation Failure) 25250K->435K(67200K), 0.0002190 secs]
114.437: [GC (Allocation Failure) 24466K->435K(72064K), 0.0002340 secs]
114.453: [GC (Allocation Failure) 29354K->435K(77888K), 0.0002110 secs]
114.481: [GC (Allocation Failure) 35214K->435K(84864K), 0.0002740 secs]
114.504: [GC (Allocation Failure) 42149K->435K(83392K), 0.0002020 secs]
114.521: [GC (Allocation Failure) 40684K->435K(81984K), 0.0002140 secs]
114.542: [GC (Allocation Failure) 39316K->435K(80640K), 0.0002070 secs]
114.615: [GC (Allocation Failure) 37949K->435K(79360K), 0.0003090 secs]
114.636: [GC (Allocation Failure) 36679K->435K(78144K), 0.0002100 secs]
114.651: [GC (Allocation Failure) 35409K->435K(76992K), 0.0002050 secs]
114.676: [GC (Allocation Failure) 34335K->435K(75904K), 0.0002060 secs]
114.726: [GC (Allocation Failure) 33261K->435K(74816K), 0.0002760 secs]
114.875: [GC (Allocation Failure) 32089K->435K(73792K), 0.0002180 secs]
114.892: [GC (Allocation Failure) 31112K->435K(72832K), 0.0002080 secs]
114.978: [GC (Allocation Failure) 30135K->435K(71872K), 0.0002060 secs]
114.991: [GC (Allocation Failure) 29158K->435K(70976K), 0.0002300 secs]
115.003: [GC (Allocation Failure) 28279K->435K(70144K), 0.0002180 secs]
115.024: [GC (Allocation Failure) 27498K->435K(69312K), 0.0002030 secs]
115.040: [GC (Allocation Failure) 26619K->435K(74560K), 0.0002200 secs]
115.136: [GC (Allocation Failure) 31893K->435K(73536K), 0.0002300 secs]
115.154: [GC (Allocation Failure) 30819K->435K(72576K), 0.0002300 secs]
115.171: [GC (Allocation Failure) 29842K->435K(71680K), 0.0002220 secs]
115.224: [GC (Allocation Failure) 28963K->435K(70784K), 0.0002150 secs]
115.240: [GC (Allocation Failure) 28084K->435K(69952K), 0.0002260 secs]
115.278: [GC (Allocation Failure) 27303K->435K(69120K), 0.0002160 secs]
115.290: [GC (Allocation Failure) 26424K->435K(74368K), 0.0003240 secs]
115.326: [GC (Allocation Failure) 31698K->435K(80640K), 0.0002190 secs]
115.409: [GC (Allocation Failure) 37949K->435K(79360K), 0.0002040 secs]
115.478: [GC (Allocation Failure) 36679K->435K(78144K), 0.0002150 secs]
115.497: [GC (Allocation Failure) 35409K->435K(76992K), 0.0002000 secs]
115.516: [GC (Allocation Failure) 34335K->435K(75904K), 0.0002120 secs]
115.530: [GC (Allocation Failure) 33261K->435K(74816K), 0.0002170 secs]
115.548: [GC (Allocation Failure) 32089K->435K(73792K), 0.0002120 secs]
115.576: [GC (Allocation Failure) 31112K->435K(72832K), 0.0002120 secs]
115.593: [GC (Allocation Failure) 30135K->435K(71872K), 0.0002020 secs]
115.725: [GC (Allocation Failure) 29158K->435K(70976K), 0.0002220 secs]
115.737: [GC (Allocation Failure) 28279K->435K(70144K), 0.0002030 secs]
115.749: [GC (Allocation Failure) 27498K->435K(75584K), 0.0002120 secs]
115.767: [GC (Allocation Failure) 32870K->435K(82112K), 0.0002130 secs]
115.788: [GC (Allocation Failure) 39414K->435K(80768K), 0.0002120 secs]
115.808: [GC (Allocation Failure) 38047K->435K(79488K), 0.0002120 secs]
115.826: [GC (Allocation Failure) 36777K->435K(78272K), 0.0002140 secs]
115.845: [GC (Allocation Failure) 35605K->435K(77120K), 0.0002150 secs]
115.860: [GC (Allocation Failure) 34433K->435K(83968K), 0.0002080 secs]
115.881: [GC (Allocation Failure) 41270K->435K(92160K), 0.0002220 secs]
115.944: [GC (Allocation Failure) 49474K->435K(90368K), 0.0002170 secs]
115.965: [GC (Allocation Failure) 47716K->435K(88640K), 0.0002130 secs]
115.988: [GC (Allocation Failure) 45958K->435K(86976K), 0.0002210 secs]
116.032: [GC (Allocation Failure) 44298K->435K(85376K), 0.0002250 secs]
116.051: [GC (Allocation Failure) 42735K->435K(83904K), 0.0002120 secs]
116.068: [GC (Allocation Failure) 41172K->435K(82496K), 0.0002140 secs]
116.130: [GC (Allocation Failure) 39805K->435K(81152K), 0.0002140 secs]
116.180: [GC (Allocation Failure) 38437K->435K(79872K), 0.0002270 secs]
116.200: [GC (Allocation Failure) 37168K->435K(78656K), 0.0002150 secs]
116.239: [GC (Allocation Failure) 35996K->435K(77440K), 0.0002060 secs]
116.258: [GC (Allocation Failure) 34726K->435K(76288K), 0.0002060 secs]
116.277: [GC (Allocation Failure) 33554K->435K(75200K), 0.0002210 secs]
116.332: [GC (Allocation Failure) 32479K->435K(74176K), 0.0002090 secs]
116.346: [GC (Allocation Failure) 31503K->435K(73152K), 0.0002290 secs]
116.359: [GC (Allocation Failure) 30428K->435K(72192K), 0.0002040 secs]
116.410: [GC (Allocation Failure) 29549K->435K(71296K), 0.0002190 secs]
116.426: [GC (Allocation Failure) 28572K->435K(70400K), 0.0002630 secs]
116.479: [GC (Allocation Failure) 27693K->435K(69568K), 0.0002210 secs]
116.495: [GC (Allocation Failure) 26912K->435K(68800K), 0.0002290 secs]
116.511: [GC (Allocation Failure) 26131K->435K(68032K), 0.0002110 secs]
116.526: [GC (Allocation Failure) 25349K->435K(73024K), 0.0002250 secs]
116.594: [GC (Allocation Failure) 30331K->435K(72064K), 0.0002050 secs]
116.607: [GC (Allocation Failure) 29354K->435K(77888K), 0.0003230 secs]
116.634: [GC (Allocation Failure) 35214K->435K(84864K), 0.0002160 secs]
116.657: [GC (Allocation Failure) 42149K->435K(83392K), 0.0002020 secs]
116.675: [GC (Allocation Failure) 40684K->435K(81984K), 0.0002070 secs]
116.696: [GC (Allocation Failure) 39316K->435K(80640K), 0.0002020 secs]
116.713: [GC (Allocation Failure) 37949K->435K(79360K), 0.0002150 secs]
116.728: [GC (Allocation Failure) 36679K->435K(86656K), 0.0002060 secs]
116.787: [GC (Allocation Failure) 44005K->435K(85120K), 0.0002110 secs]
116.806: [GC (Allocation Failure) 42442K->435K(83648K), 0.0002150 secs]
116.823: [GC (Allocation Failure) 40977K->435K(82240K), 0.0002050 secs]
116.844: [GC (Allocation Failure) 39512K->435K(80896K), 0.0002110 secs]
116.913: [GC (Allocation Failure) 38242K->435K(79616K), 0.0002190 secs]
116.929: [GC (Allocation Failure) 36972K->435K(78400K), 0.0002230 secs]
116.984: [GC (Allocation Failure) 35702K->435K(77248K), 0.0002170 secs]
117.003: [GC (Allocation Failure) 34530K->435K(76096K), 0.0002000 secs]
117.018: [GC (Allocation Failure) 33456K->435K(82752K), 0.0003210 secs]
117.046: [GC (Allocation Failure) 40098K->435K(90688K), 0.0002890 secs]
117.072: [GC (Allocation Failure) 48009K->435K(88960K), 0.0002240 secs]
117.096: [GC (Allocation Failure) 46251K->435K(87296K), 0.0002190 secs]
117.115: [GC (Allocation Failure) 44591K->435K(85696K), 0.0002040 secs]
117.137: [GC (Allocation Failure) 43028K->435K(84160K), 0.0002130 secs]
117.187: [GC (Allocation Failure) 41465K->435K(82688K), 0.0002110 secs]
117.208: [GC (Allocation Failure) 40000K->435K(81344K), 0.0002050 secs]
117.229: [GC (Allocation Failure) 38633K->435K(80000K), 0.0002050 secs]
117.281: [GC (Allocation Failure) 37363K->435K(78720K), 0.0002150 secs]
117.335: [GC (Allocation Failure) 35996K->435K(77504K), 0.0002220 secs]
117.349: [GC (Allocation Failure) 34823K->435K(76352K), 0.0002040 secs]
117.411: [GC (Allocation Failure) 33651K->435K(75264K), 0.0002400 secs]
117.429: [GC (Allocation Failure) 32577K->435K(74240K), 0.0002340 secs]
117.479: [GC (Allocation Failure) 31600K->435K(73216K), 0.0002060 secs]
117.533: [GC (Allocation Failure) 30526K->435K(72256K), 0.0002220 secs]
117.546: [GC (Allocation Failure) 29549K->435K(71360K), 0.0002190 secs]
117.631: [GC (Allocation Failure) 28670K->435K(70464K), 0.0002170 secs]
117.643: [GC (Allocation Failure) 27791K->435K(69632K), 0.0002320 secs]
117.655: [GC (Allocation Failure) 26912K->435K(74944K), 0.0002050 secs]
117.673: [GC (Allocation Failure) 32284K->435K(81344K), 0.0002120 secs]
117.737: [GC (Allocation Failure) 38633K->435K(80000K), 0.0002150 secs]
117.757: [GC (Allocation Failure) 37363K->435K(78720K), 0.0002100 secs]
117.831: [GC (Allocation Failure) 35996K->435K(77504K), 0.0002150 secs]
117.881: [GC (Allocation Failure) 34823K->435K(76352K), 0.0002160 secs]
117.899: [GC (Allocation Failure) 33651K->435K(75264K), 0.0002170 secs]
117.934: [GC (Allocation Failure) 32577K->435K(74240K), 0.0002100 secs]
117.951: [GC (Allocation Failure) 31600K->435K(73216K), 0.0002020 secs]
118.022: [GC (Allocation Failure) 30526K->435K(72256K), 0.0002050 secs]
118.083: [GC (Allocation Failure) 29549K->435K(71360K), 0.0002220 secs]
118.099: [GC (Allocation Failure) 28670K->435K(70464K), 0.0002300 secs]
118.111: [GC (Allocation Failure) 27791K->435K(69632K), 0.0002050 secs]
118.123: [GC (Allocation Failure) 26912K->435K(74944K), 0.0002020 secs]
118.180: [GC (Allocation Failure) 32284K->435K(73920K), 0.0002550 secs]
118.194: [GC (Allocation Failure) 31210K->435K(72960K), 0.0002010 secs]
118.230: [GC (Allocation Failure) 30233K->435K(72000K), 0.0002040 secs]
118.327: [GC (Allocation Failure) 29354K->435K(71104K), 0.0002090 secs]
118.340: [GC (Allocation Failure) 28377K->435K(76736K), 0.0003240 secs]
118.386: [GC (Allocation Failure) 34042K->435K(75648K), 0.0002400 secs]
118.404: [GC (Allocation Failure) 32968K->435K(74560K), 0.0002420 secs]
118.418: [GC (Allocation Failure) 31893K->435K(80896K), 0.0002170 secs]
118.435: [GC (Allocation Failure) 38242K->435K(88512K), 0.0002050 secs]
118.454: [GC (Allocation Failure) 45860K->435K(97600K), 0.0002040 secs]
118.482: [GC (Allocation Failure) 54948K->435K(95552K), 0.0002010 secs]
118.509: [GC (Allocation Failure) 52897K->435K(93568K), 0.0002750 secs]
118.531: [GC (Allocation Failure) 50846K->435K(91712K), 0.0002160 secs]
118.552: [GC (Allocation Failure) 48986K->435K(89920K), 0.0002040 secs]
118.572: [GC (Allocation Failure) 47228K->435K(88192K), 0.0002750 secs]
118.601: [GC (Allocation Failure) 45470K->435K(86592K), 0.0002160 secs]
118.630: [GC (Allocation Failure) 43907K->435K(85056K), 0.0002130 secs]
118.660: [GC (Allocation Failure) 42344K->435K(83584K), 0.0002170 secs]
118.681: [GC (Allocation Failure) 40879K->435K(82176K), 0.0002120 secs]
118.734: [GC (Allocation Failure) 39512K->435K(80832K), 0.0002740 secs]
118.787: [GC (Allocation Failure) 38144K->435K(79552K), 0.0002150 secs]
118.807: [GC (Allocation Failure) 36875K->435K(78336K), 0.0002120 secs]
118.908: [GC (Allocation Failure) 35605K->435K(77184K), 0.0002170 secs]
118.982: [GC (Allocation Failure) 34530K->435K(76032K), 0.0002050 secs]
119.036: [GC (Allocation Failure) 33358K->435K(74944K), 0.0002230 secs]
119.050: [GC (Allocation Failure) 32284K->435K(73920K), 0.0002020 secs]
119.081: [GC (Allocation Failure) 31210K->435K(72960K), 0.0002120 secs]
119.094: [GC (Allocation Failure) 30233K->435K(72000K), 0.0002040 secs]
119.234: [GC (Allocation Failure) 29354K->435K(71104K), 0.0002220 secs]
119.247: [GC (Allocation Failure) 28377K->435K(70272K), 0.0002180 secs]
119.333: [GC (Allocation Failure) 27596K->435K(69440K), 0.0002130 secs]
119.349: [GC (Allocation Failure) 26717K->435K(68672K), 0.0002150 secs]
119.379: [GC (Allocation Failure) 26033K->435K(67904K), 0.0002210 secs]
119.394: [GC (Allocation Failure) 25250K->435K(67200K), 0.0002020 secs]
119.405: [GC (Allocation Failure) 24466K->435K(72064K), 0.0002260 secs]
119.438: [GC (Allocation Failure) 29354K->435K(71168K), 0.0002420 secs]
119.450: [GC (Allocation Failure) 28475K->435K(76800K), 0.0002070 secs]
119.533: [GC (Allocation Failure) 34140K->435K(75712K), 0.0002060 secs]
119.582: [GC (Allocation Failure) 33065K->435K(74624K), 0.0002160 secs]
119.600: [GC (Allocation Failure) 31893K->435K(73600K), 0.0002140 secs]
119.631: [GC (Allocation Failure) 30917K->435K(72640K), 0.0002060 secs]
119.681: [GC (Allocation Failure) 29940K->435K(71744K), 0.0002170 secs]
119.788: [GC (Allocation Failure) 29061K->435K(70848K), 0.0002120 secs]
119.800: [GC (Allocation Failure) 28182K->435K(70016K), 0.0002400 secs]
119.812: [GC (Allocation Failure) 27303K->435K(69184K), 0.0002080 secs]
119.856: [GC (Allocation Failure) 26521K->435K(68416K), 0.0002150 secs]
119.869: [GC (Allocation Failure) 25740K->435K(67648K), 0.0002120 secs]
119.904: [GC (Allocation Failure) 24955K->435K(66944K), 0.0002150 secs]
119.914: [GC (Allocation Failure) 24271K->435K(71744K), 0.0002170 secs]
119.926: [GC (Allocation Failure) 29061K->435K(77504K), 0.0002010 secs]
119.945: [GC (Allocation Failure) 34823K->435K(84416K), 0.0002020 secs]
119.967: [GC (Allocation Failure) 41758K->435K(92736K), 0.0002220 secs]
119.990: [GC (Allocation Failure) 50064K->435K(90880K), 0.0002040 secs]
120.093: [GC (Allocation Failure) 48204K->435K(89152K), 0.0002130 secs]
120.117: [GC (Allocation Failure) 46446K->435K(87488K), 0.0002110 secs]
120.136: [GC (Allocation Failure) 44786K->435K(85888K), 0.0002160 secs]
120.159: [GC (Allocation Failure) 43223K->435K(84352K), 0.0002030 secs]
120.177: [GC (Allocation Failure) 41660K->435K(82880K), 0.0002130 secs]
120.194: [GC (Allocation Failure) 40195K->435K(81472K), 0.0002030 secs]
120.236: [GC (Allocation Failure) 38828K->435K(80128K), 0.0002140 secs]
120.252: [GC (Allocation Failure) 37461K->435K(78848K), 0.0002160 secs]
120.269: [GC (Allocation Failure) 36191K->435K(77632K), 0.0002020 secs]
120.288: [GC (Allocation Failure) 34921K->435K(76480K), 0.0002150 secs]
120.307: [GC (Allocation Failure) 33749K->435K(75392K), 0.0002040 secs]
120.321: [GC (Allocation Failure) 32675K->435K(74368K), 0.0002020 secs]
120.383: [GC (Allocation Failure) 31698K->435K(73344K), 0.0002150 secs]
120.432: [GC (Allocation Failure) 30624K->435K(72384K), 0.0002050 secs]
120.486: [GC (Allocation Failure) 29745K->435K(71488K), 0.0002170 secs]
120.499: [GC (Allocation Failure) 28768K->435K(70592K), 0.0002190 secs]
120.535: [GC (Allocation Failure) 27889K->435K(69760K), 0.0002100 secs]
120.551: [GC (Allocation Failure) 27107K->435K(68992K), 0.0002310 secs]
120.585: [GC (Allocation Failure) 26326K->435K(68224K), 0.0002530 secs]
120.601: [GC (Allocation Failure) 25545K->435K(67520K), 0.0002240 secs]
120.612: [GC (Allocation Failure) 24857K->435K(72448K), 0.0002160 secs]
120.630: [GC (Allocation Failure) 29745K->435K(78336K), 0.0001970 secs]
120.662: [GC (Allocation Failure) 35605K->435K(77184K), 0.0002130 secs]
120.683: [GC (Allocation Failure) 34530K->435K(76032K), 0.0002140 secs]
120.701: [GC (Allocation Failure) 33358K->435K(74944K), 0.0002030 secs]
120.716: [GC (Allocation Failure) 32284K->435K(81344K), 0.0002180 secs]
120.747: [GC (Allocation Failure) 38633K->435K(80000K), 0.0002410 secs]
120.764: [GC (Allocation Failure) 37363K->435K(87424K), 0.0002640 secs]
120.793: [GC (Allocation Failure) 44786K->435K(85824K), 0.0002110 secs]
120.816: [GC (Allocation Failure) 43126K->435K(84288K), 0.0002290 secs]
120.915: [GC (Allocation Failure) 41563K->435K(82816K), 0.0002150 secs]
120.936: [GC (Allocation Failure) 40098K->435K(81408K), 0.0002130 secs]
120.952: [GC (Allocation Failure) 38730K->435K(80064K), 0.0002040 secs]
120.970: [GC (Allocation Failure) 37363K->435K(78784K), 0.0002120 secs]
120.990: [GC (Allocation Failure) 36093K->435K(77568K), 0.0002100 secs]
121.009: [GC (Allocation Failure) 34921K->435K(76416K), 0.0002120 secs]
121.026: [GC (Allocation Failure) 33749K->435K(75328K), 0.0002050 secs]
121.040: [GC (Allocation Failure) 32675K->435K(81792K), 0.0002400 secs]
121.061: [GC (Allocation Failure) 39121K->435K(89536K), 0.0002730 secs]
121.086: [GC (Allocation Failure) 46837K->435K(87872K), 0.0002150 secs]
121.105: [GC (Allocation Failure) 45177K->435K(86272K), 0.0002060 secs]
121.143: [GC (Allocation Failure) 43614K->435K(84736K), 0.0002140 secs]
121.161: [GC (Allocation Failure) 42051K->435K(83264K), 0.0002730 secs]
121.288: [GC (Allocation Failure) 40586K->435K(81856K), 0.0002080 secs]
121.342: [GC (Allocation Failure) 39219K->435K(80512K), 0.0002240 secs]
121.362: [GC (Allocation Failure) 37851K->435K(79232K), 0.0002040 secs]
121.378: [GC (Allocation Failure) 36582K->435K(78016K), 0.0002050 secs]
121.408: [GC (Allocation Failure) 35312K->435K(76864K), 0.0002070 secs]
121.535: [GC (Allocation Failure) 34140K->435K(75776K), 0.0002200 secs]
121.589: [GC (Allocation Failure) 33065K->435K(74688K), 0.0002240 secs]
121.607: [GC (Allocation Failure) 31991K->435K(73664K), 0.0002040 secs]
121.625: [GC (Allocation Failure) 31014K->435K(72704K), 0.0002200 secs]
121.688: [GC (Allocation Failure) 30038K->435K(71808K), 0.0002200 secs]
121.701: [GC (Allocation Failure) 29158K->435K(77568K), 0.0003250 secs]
121.841: [GC (Allocation Failure) 34921K->435K(76416K), 0.0002450 secs]
121.861: [GC (Allocation Failure) 33749K->435K(75328K), 0.0002310 secs]
121.875: [GC (Allocation Failure) 32675K->435K(74304K), 0.0002180 secs]
121.888: [GC (Allocation Failure) 31600K->435K(80576K), 0.0002140 secs]
121.913: [GC (Allocation Failure) 37851K->435K(88128K), 0.0002650 secs]
121.950: [GC (Allocation Failure) 45470K->435K(86528K), 0.0002240 secs]
121.970: [GC (Allocation Failure) 43809K->435K(84992K), 0.0002070 secs]
122.143: [GC (Allocation Failure) 42344K->435K(83520K), 0.0002400 secs]
122.161: [GC (Allocation Failure) 40879K->435K(82112K), 0.0002170 secs]
122.179: [GC (Allocation Failure) 39414K->435K(80768K), 0.0002050 secs]
122.195: [GC (Allocation Failure) 38047K->435K(79488K), 0.0002030 secs]
122.239: [GC (Allocation Failure) 36777K->435K(78272K), 0.0002090 secs]
122.258: [GC (Allocation Failure) 35605K->435K(77120K), 0.0002750 secs]
122.273: [GC (Allocation Failure) 34433K->435K(75968K), 0.0002190 secs]
122.343: [GC (Allocation Failure) 33261K->435K(74880K), 0.0002230 secs]
122.361: [GC (Allocation Failure) 32186K->435K(73856K), 0.0002390 secs]
122.386: [GC (Allocation Failure) 31210K->435K(72896K), 0.0002290 secs]
122.399: [GC (Allocation Failure) 30233K->435K(71936K), 0.0002050 secs]
122.489: [GC (Allocation Failure) 29256K->435K(71040K), 0.0002210 secs]
122.501: [GC (Allocation Failure) 28377K->435K(70208K), 0.0002190 secs]
122.513: [GC (Allocation Failure) 27498K->435K(75648K), 0.0002140 secs]
122.527: [GC (Allocation Failure) 32968K->435K(82176K), 0.0002150 secs]
122.590: [GC (Allocation Failure) 39512K->435K(80832K), 0.0002040 secs]
122.610: [GC (Allocation Failure) 38144K->435K(79552K), 0.0002140 secs]
122.666: [GC (Allocation Failure) 36875K->435K(78336K), 0.0002040 secs]
122.682: [GC (Allocation Failure) 35605K->435K(77184K), 0.0002050 secs]
122.740: [GC (Allocation Failure) 34530K->435K(76032K), 0.0002240 secs]
122.758: [GC (Allocation Failure) 33358K->435K(74944K), 0.0002090 secs]
122.786: [GC (Allocation Failure) 32284K->435K(73920K), 0.0002730 secs]
122.840: [GC (Allocation Failure) 31210K->435K(72960K), 0.0002250 secs]
122.857: [GC (Allocation Failure) 30233K->435K(72000K), 0.0002100 secs]
122.905: [GC (Allocation Failure) 29354K->435K(71104K), 0.0002150 secs]
122.988: [GC (Allocation Failure) 28377K->435K(70272K), 0.0002230 secs]
123.000: [GC (Allocation Failure) 27596K->435K(69440K), 0.0002060 secs]
123.012: [GC (Allocation Failure) 26717K->435K(68672K), 0.0002030 secs]
123.044: [GC (Allocation Failure) 26033K->435K(67904K), 0.0002210 secs]
123.055: [GC (Allocation Failure) 25250K->435K(72896K), 0.0002230 secs]
123.068: [GC (Allocation Failure) 30233K->435K(78912K), 0.0002270 secs]
123.088: [GC (Allocation Failure) 36191K->435K(86080K), 0.0002160 secs]
123.107: [GC (Allocation Failure) 43419K->435K(94720K), 0.0002060 secs]
123.149: [GC (Allocation Failure) 52018K->435K(92800K), 0.0002240 secs]
123.173: [GC (Allocation Failure) 50162K->435K(90944K), 0.0002100 secs]
123.194: [GC (Allocation Failure) 48302K->435K(100544K), 0.0003760 secs]
123.223: [GC (Allocation Failure) 57878K->435K(112064K), 0.0002740 secs]
123.253: [GC (Allocation Failure) 69403K->435K(109312K), 0.0002050 secs]
123.354: [GC (Allocation Failure) 66668K->435K(106688K), 0.0002200 secs]
123.386: [GC (Allocation Failure) 64031K->435K(104192K), 0.0002020 secs]
123.416: [GC (Allocation Failure) 61492K->435K(101824K), 0.0002030 secs]
123.447: [GC (Allocation Failure) 59148K->435K(99520K), 0.0002180 secs]
123.474: [GC (Allocation Failure) 56804K->435K(97344K), 0.0002140 secs]
123.501: [GC (Allocation Failure) 54655K->435K(95296K), 0.0002230 secs]
123.552: [GC (Allocation Failure) 52604K->435K(93312K), 0.0002160 secs]
123.646: [GC (Allocation Failure) 50650K->435K(91456K), 0.0002130 secs]
123.666: [GC (Allocation Failure) 48791K->435K(89664K), 0.0002030 secs]
123.690: [GC (Allocation Failure) 46935K->435K(87936K), 0.0002040 secs]
123.714: [GC (Allocation Failure) 45274K->435K(86336K), 0.0002120 secs]
123.733: [GC (Allocation Failure) 43614K->435K(84800K), 0.0002030 secs]
123.892: [GC (Allocation Failure) 42149K->435K(83328K), 0.0002240 secs]
123.913: [GC (Allocation Failure) 40684K->435K(81920K), 0.0002120 secs]
123.934: [GC (Allocation Failure) 39219K->435K(80576K), 0.0002160 secs]
123.955: [GC (Allocation Failure) 37851K->435K(79296K), 0.0002130 secs]
123.990: [GC (Allocation Failure) 36582K->435K(78080K), 0.0002740 secs]
124.043: [GC (Allocation Failure) 35409K->435K(76928K), 0.0002140 secs]
124.058: [GC (Allocation Failure) 34237K->435K(75840K), 0.0002160 secs]
124.189: [GC (Allocation Failure) 33163K->435K(74752K), 0.0002340 secs]
124.206: [GC (Allocation Failure) 32089K->435K(73728K), 0.0002010 secs]
124.224: [GC (Allocation Failure) 31014K->435K(72768K), 0.0002120 secs]
124.241: [GC (Allocation Failure) 30038K->435K(71808K), 0.0002040 secs]
124.291: [GC (Allocation Failure) 29158K->435K(70912K), 0.0002130 secs]
124.303: [GC (Allocation Failure) 28182K->435K(70080K), 0.0002310 secs]
124.319: [GC (Allocation Failure) 27400K->435K(69248K), 0.0002110 secs]
124.336: [GC (Allocation Failure) 26521K->435K(74496K), 0.0003250 secs]
124.410: [GC (Allocation Failure) 31796K->435K(73472K), 0.0003360 secs]
124.425: [GC (Allocation Failure) 30819K->435K(79552K), 0.0002050 secs]
124.445: [GC (Allocation Failure) 36875K->435K(78336K), 0.0002030 secs]
124.461: [GC (Allocation Failure) 35605K->435K(85440K), 0.0002400 secs]
124.493: [GC (Allocation Failure) 42735K->435K(83968K), 0.0002730 secs]
124.547: [GC (Allocation Failure) 41270K->435K(82560K), 0.0002240 secs]
124.564: [GC (Allocation Failure) 39902K->435K(81216K), 0.0002140 secs]
124.593: [GC (Allocation Failure) 38535K->435K(79936K), 0.0002030 secs]
124.613: [GC (Allocation Failure) 37265K->435K(78656K), 0.0002140 secs]
124.629: [GC (Allocation Failure) 35996K->435K(77440K), 0.0002050 secs]
124.650: [GC (Allocation Failure) 34726K->435K(76288K), 0.0002210 secs]
124.669: [GC (Allocation Failure) 33554K->435K(82944K), 0.0002790 secs]
124.687: [GC (Allocation Failure) 40293K->435K(90944K), 0.0002340 secs]
124.711: [GC (Allocation Failure) 48302K->435K(89216K), 0.0002110 secs]
124.746: [GC (Allocation Failure) 46544K->435K(87552K), 0.0002170 secs]
124.765: [GC (Allocation Failure) 44884K->435K(85952K), 0.0002150 secs]
124.844: [GC (Allocation Failure) 43223K->435K(84416K), 0.0002130 secs]
124.862: [GC (Allocation Failure) 41758K->435K(82944K), 0.0002010 secs]
124.883: [GC (Allocation Failure) 40293K->435K(81536K), 0.0002140 secs]
124.904: [GC (Allocation Failure) 38828K->435K(80192K), 0.0002130 secs]
124.924: [GC (Allocation Failure) 37461K->435K(78912K), 0.0002210 secs]
124.941: [GC (Allocation Failure) 36191K->435K(77696K), 0.0002130 secs]
125.045: [GC (Allocation Failure) 35019K->435K(76544K), 0.0002230 secs]
125.060: [GC (Allocation Failure) 33847K->435K(75456K), 0.0002210 secs]
125.094: [GC (Allocation Failure) 32772K->435K(74432K), 0.0002400 secs]
125.109: [GC (Allocation Failure) 31698K->435K(73408K), 0.0002270 secs]
125.126: [GC (Allocation Failure) 30721K->435K(72448K), 0.0002100 secs]
125.192: [GC (Allocation Failure) 29745K->435K(71552K), 0.0002110 secs]
125.209: [GC (Allocation Failure) 28865K->435K(70656K), 0.0002030 secs]
125.221: [GC (Allocation Failure) 27986K->435K(76224K), 0.0002160 secs]
125.245: [GC (Allocation Failure) 33554K->435K(75136K), 0.0002260 secs]
125.260: [GC (Allocation Failure) 32479K->435K(81600K), 0.0002700 secs]
125.281: [GC (Allocation Failure) 38926K->435K(89344K), 0.0002010 secs]
125.305: [GC (Allocation Failure) 46642K->435K(87680K), 0.0002100 secs]
125.325: [GC (Allocation Failure) 44981K->435K(86080K), 0.0002030 secs]
125.395: [GC (Allocation Failure) 43419K->435K(84544K), 0.0002030 secs]
125.449: [GC (Allocation Failure) 41856K->435K(83072K), 0.0002130 secs]
125.471: [GC (Allocation Failure) 40391K->435K(81664K), 0.0002160 secs]
125.541: [GC (Allocation Failure) 39023K->435K(80320K), 0.0002090 secs]
125.562: [GC (Allocation Failure) 37656K->435K(79040K), 0.0002030 secs]
125.578: [GC (Allocation Failure) 36386K->435K(77824K), 0.0002010 secs]
125.630: [GC (Allocation Failure) 35116K->435K(76672K), 0.0002030 secs]
125.691: [GC (Allocation Failure) 33944K->435K(75584K), 0.0002260 secs]
125.709: [GC (Allocation Failure) 32870K->435K(74560K), 0.0002120 secs]
125.723: [GC (Allocation Failure) 31893K->435K(73536K), 0.0002040 secs]
125.744: [GC (Allocation Failure) 30819K->435K(72576K), 0.0002390 secs]
125.761: [GC (Allocation Failure) 29842K->435K(71680K), 0.0002090 secs]
125.850: [GC (Allocation Failure) 28963K->435K(70784K), 0.0002090 secs]
125.866: [GC (Allocation Failure) 28084K->435K(69952K), 0.0002330 secs]
125.882: [GC (Allocation Failure) 27303K->435K(69120K), 0.0002200 secs]
125.940: [GC (Allocation Failure) 26424K->435K(68352K), 0.0002230 secs]
125.952: [GC (Allocation Failure) 25642K->435K(67584K), 0.0002070 secs]
125.988: [GC (Allocation Failure) 24857K->435K(66880K), 0.0002040 secs]
126.037: [GC (Allocation Failure) 24173K->435K(66176K), 0.0002120 secs]
126.048: [GC (Allocation Failure) 23490K->435K(70848K), 0.0002150 secs]
126.064: [GC (Allocation Failure) 28182K->435K(76416K), 0.0002110 secs]
126.139: [GC (Allocation Failure) 33749K->435K(75328K), 0.0002020 secs]
126.154: [GC (Allocation Failure) 32675K->435K(74304K), 0.0002150 secs]
126.167: [GC (Allocation Failure) 31600K->435K(80576K), 0.0002070 secs]
126.244: [GC (Allocation Failure) 37851K->435K(79296K), 0.0002130 secs]
126.263: [GC (Allocation Failure) 36582K->435K(78080K), 0.0002030 secs]
126.293: [GC (Allocation Failure) 35409K->435K(76928K), 0.0002240 secs]
126.311: [GC (Allocation Failure) 34237K->435K(75840K), 0.0002030 secs]
126.328: [GC (Allocation Failure) 33163K->435K(74752K), 0.0002000 secs]
126.341: [GC (Allocation Failure) 32089K->435K(73728K), 0.0002050 secs]
126.355: [GC (Allocation Failure) 31014K->435K(79872K), 0.0002040 secs]
126.375: [GC (Allocation Failure) 37168K->435K(87232K), 0.0002140 secs]
126.397: [GC (Allocation Failure) 44591K->435K(96064K), 0.0002710 secs]
126.501: [GC (Allocation Failure) 53385K->435K(94080K), 0.0002370 secs]
126.527: [GC (Allocation Failure) 51432K->435K(92160K), 0.0002120 secs]
126.548: [GC (Allocation Failure) 49474K->435K(90368K), 0.0002030 secs]
126.599: [GC (Allocation Failure) 47716K->435K(88640K), 0.0002060 secs]
126.640: [GC (Allocation Failure) 45958K->435K(86976K), 0.0002130 secs]
126.664: [GC (Allocation Failure) 44298K->435K(85376K), 0.0002070 secs]
126.687: [GC (Allocation Failure) 42735K->435K(83904K), 0.0002120 secs]
126.746: [GC (Allocation Failure) 41172K->435K(82496K), 0.0002770 secs]
126.799: [GC (Allocation Failure) 39805K->435K(81152K), 0.0002210 secs]
126.820: [GC (Allocation Failure) 38437K->435K(79872K), 0.0002080 secs]
126.837: [GC (Allocation Failure) 37168K->435K(78656K), 0.0002380 secs]
126.856: [GC (Allocation Failure) 35996K->435K(77440K), 0.0002040 secs]
126.875: [GC (Allocation Failure) 34726K->435K(76288K), 0.0002120 secs]
126.894: [GC (Allocation Failure) 33554K->435K(75200K), 0.0002010 secs]
126.908: [GC (Allocation Failure) 32479K->435K(74176K), 0.0002290 secs]
126.926: [GC (Allocation Failure) 31503K->435K(73152K), 0.0002020 secs]
126.943: [GC (Allocation Failure) 30428K->435K(79168K), 0.0002300 secs]
126.962: [GC (Allocation Failure) 36484K->435K(86400K), 0.0002150 secs]
126.985: [GC (Allocation Failure) 43712K->435K(84864K), 0.0002190 secs]
127.008: [GC (Allocation Failure) 42149K->435K(83392K), 0.0002020 secs]
127.026: [GC (Allocation Failure) 40684K->435K(91456K), 0.0002730 secs]
127.055: [GC (Allocation Failure) 48791K->435K(89664K), 0.0002120 secs]
127.149: [GC (Allocation Failure) 46935K->435K(87936K), 0.0002160 secs]
127.168: [GC (Allocation Failure) 45274K->435K(86336K), 0.0002060 secs]
127.201: [GC (Allocation Failure) 43614K->435K(84800K), 0.0002220 secs]
127.224: [GC (Allocation Failure) 42149K->435K(83328K), 0.0002240 secs]
127.251: [GC (Allocation Failure) 40684K->435K(81920K), 0.0002360 secs]
127.273: [GC (Allocation Failure) 39219K->435K(80576K), 0.0002590 secs]
127.300: [GC (Allocation Failure) 37851K->435K(79296K), 0.0002350 secs]
127.316: [GC (Allocation Failure) 36582K->435K(78080K), 0.0003000 secs]
127.398: [GC (Allocation Failure) 35409K->435K(76928K), 0.0002190 secs]
127.413: [GC (Allocation Failure) 34237K->435K(75840K), 0.0002690 secs]
127.443: [GC (Allocation Failure) 33163K->435K(74752K), 0.0002040 secs]
127.493: [GC (Allocation Failure) 32089K->435K(73728K), 0.0002760 secs]
127.622: [GC (Allocation Failure) 31014K->435K(72768K), 0.0002260 secs]
127.640: [GC (Allocation Failure) 30038K->435K(71808K), 0.0002670 secs]
127.692: [GC (Allocation Failure) 29158K->435K(70912K), 0.0002050 secs]
127.745: [GC (Allocation Failure) 28182K->435K(70080K), 0.0002100 secs]
127.757: [GC (Allocation Failure) 27400K->435K(75520K), 0.0003220 secs]
127.794: [GC (Allocation Failure) 32870K->435K(74496K), 0.0002140 secs]
127.807: [GC (Allocation Failure) 31796K->435K(80832K), 0.0002150 secs]
127.827: [GC (Allocation Failure) 38144K->435K(79552K), 0.0002010 secs]
127.849: [GC (Allocation Failure) 36875K->435K(78336K), 0.0002220 secs]
127.864: [GC (Allocation Failure) 35605K->435K(85440K), 0.0002330 secs]
127.882: [GC (Allocation Failure) 42735K->435K(93952K), 0.0002050 secs]
127.947: [GC (Allocation Failure) 51236K->435K(92032K), 0.0002220 secs]
127.972: [GC (Allocation Failure) 49377K->435K(90240K), 0.0002030 secs]
127.993: [GC (Allocation Failure) 47521K->435K(88512K), 0.0002150 secs]
128.013: [GC (Allocation Failure) 45860K->435K(86848K), 0.0002260 secs]
128.036: [GC (Allocation Failure) 44200K->435K(85312K), 0.0002150 secs]
128.054: [GC (Allocation Failure) 42637K->435K(83840K), 0.0002050 secs]
128.098: [GC (Allocation Failure) 41172K->435K(82432K), 0.0002150 secs]
128.119: [GC (Allocation Failure) 39707K->435K(81088K), 0.0002010 secs]
128.252: [GC (Allocation Failure) 38437K->435K(79808K), 0.0003560 secs]
128.268: [GC (Allocation Failure) 37168K->435K(78592K), 0.0002050 secs]
128.284: [GC (Allocation Failure) 35898K->435K(77376K), 0.0002070 secs]
128.346: [GC (Allocation Failure) 34726K->435K(76224K), 0.0002330 secs]
128.360: [GC (Allocation Failure) 33554K->435K(75136K), 0.0002070 secs]
128.394: [GC (Allocation Failure) 32479K->435K(74112K), 0.0002270 secs]
128.408: [GC (Allocation Failure) 31405K->435K(73152K), 0.0002050 secs]
128.538: [GC (Allocation Failure) 30428K->435K(72192K), 0.0002240 secs]
128.551: [GC (Allocation Failure) 29549K->435K(71296K), 0.0002210 secs]
128.594: [GC (Allocation Failure) 28572K->435K(70400K), 0.0002400 secs]
128.611: [GC (Allocation Failure) 27693K->435K(69568K), 0.0002640 secs]
128.627: [GC (Allocation Failure) 26912K->435K(68800K), 0.0002180 secs]
128.646: [GC (Allocation Failure) 26131K->435K(68032K), 0.0002120 secs]
128.661: [GC (Allocation Failure) 25349K->435K(73024K), 0.0002150 secs]
128.675: [GC (Allocation Failure) 30331K->435K(79040K), 0.0002020 secs]
128.694: [GC (Allocation Failure) 36386K->435K(86272K), 0.0002120 secs]
128.713: [GC (Allocation Failure) 43614K->435K(94912K), 0.0002160 secs]
128.807: [GC (Allocation Failure) 52213K->435K(92992K), 0.0002230 secs]
128.828: [GC (Allocation Failure) 50260K->435K(91136K), 0.0002280 secs]
128.853: [GC (Allocation Failure) 48498K->435K(89344K), 0.0002020 secs]
128.905: [GC (Allocation Failure) 46642K->435K(87680K), 0.0002090 secs]
128.925: [GC (Allocation Failure) 44981K->435K(86080K), 0.0003210 secs]
129.057: [GC (Allocation Failure) 43419K->435K(84544K), 0.0002110 secs]
129.075: [GC (Allocation Failure) 41856K->435K(83072K), 0.0002170 secs]
129.092: [GC (Allocation Failure) 40391K->435K(81664K), 0.0002070 secs]
129.138: [GC (Allocation Failure) 39023K->435K(80320K), 0.0002140 secs]
129.201: [GC (Allocation Failure) 37656K->435K(79040K), 0.0002260 secs]
129.217: [GC (Allocation Failure) 36386K->435K(77824K), 0.0002130 secs]
129.232: [GC (Allocation Failure) 35116K->435K(76672K), 0.0002010 secs]
129.335: [GC (Allocation Failure) 33944K->435K(75584K), 0.0002300 secs]
129.354: [GC (Allocation Failure) 32870K->435K(74560K), 0.0002150 secs]
129.368: [GC (Allocation Failure) 31893K->435K(73536K), 0.0002170 secs]
129.399: [GC (Allocation Failure) 30819K->435K(72576K), 0.0002270 secs]
129.417: [GC (Allocation Failure) 29842K->435K(71680K), 0.0002310 secs]
129.430: [GC (Allocation Failure) 28963K->435K(77440K), 0.0002040 secs]
129.446: [GC (Allocation Failure) 34726K->435K(84352K), 0.0002020 secs]
129.467: [GC (Allocation Failure) 41660K->435K(92608K), 0.0002760 secs]
129.493: [GC (Allocation Failure) 49967K->435K(90752K), 0.0002210 secs]
129.514: [GC (Allocation Failure) 48107K->435K(89024K), 0.0002070 secs]
129.556: [GC (Allocation Failure) 46349K->435K(87360K), 0.0002230 secs]
129.580: [GC (Allocation Failure) 44688K->435K(85760K), 0.0002010 secs]
129.598: [GC (Allocation Failure) 43028K->435K(84224K), 0.0002040 secs]
129.700: [GC (Allocation Failure) 41563K->435K(82752K), 0.0002160 secs]
129.721: [GC (Allocation Failure) 40098K->435K(81344K), 0.0002100 secs]
129.788: [GC (Allocation Failure) 38633K->435K(80000K), 0.0002750 secs]
129.848: [GC (Allocation Failure) 37363K->435K(78720K), 0.0002180 secs]
129.868: [GC (Allocation Failure) 35996K->435K(77504K), 0.0002020 secs]
129.883: [GC (Allocation Failure) 34823K->435K(76352K), 0.0002280 secs]
129.901: [GC (Allocation Failure) 33651K->435K(75264K), 0.0002140 secs]
129.920: [GC (Allocation Failure) 32577K->435K(74240K), 0.0002260 secs]
129.950: [GC (Allocation Failure) 31600K->435K(73216K), 0.0002070 secs]
129.964: [GC (Allocation Failure) 30526K->435K(72256K), 0.0002160 secs]
130.049: [GC (Allocation Failure) 29549K->435K(71360K), 0.0002310 secs]
130.066: [GC (Allocation Failure) 28670K->435K(70464K), 0.0002160 secs]
130.079: [GC (Allocation Failure) 27791K->435K(69632K), 0.0002040 secs]
130.090: [GC (Allocation Failure) 26912K->435K(74944K), 0.0002040 secs]
130.245: [GC (Allocation Failure) 32284K->435K(73920K), 0.0002110 secs]
130.262: [GC (Allocation Failure) 31210K->435K(72960K), 0.0002070 secs]
130.279: [GC (Allocation Failure) 30233K->435K(72000K), 0.0002320 secs]
130.293: [GC (Allocation Failure) 29354K->435K(77824K), 0.0002360 secs]
130.308: [GC (Allocation Failure) 35116K->435K(84800K), 0.0002160 secs]
130.326: [GC (Allocation Failure) 42149K->435K(93184K), 0.0002150 secs]
130.359: [GC (Allocation Failure) 50455K->435K(91328K), 0.0002160 secs]
130.384: [GC (Allocation Failure) 48595K->435K(89536K), 0.0002100 secs]
130.413: [GC (Allocation Failure) 46837K->435K(87872K), 0.0002140 secs]
130.434: [GC (Allocation Failure) 45177K->435K(86272K), 0.0002020 secs]
130.452: [GC (Allocation Failure) 43614K->435K(84736K), 0.0002130 secs]
130.474: [GC (Allocation Failure) 42051K->435K(83264K), 0.0002120 secs]
130.502: [GC (Allocation Failure) 40586K->435K(81856K), 0.0003210 secs]
130.554: [GC (Allocation Failure) 39219K->435K(80512K), 0.0002140 secs]
130.575: [GC (Allocation Failure) 37851K->435K(79232K), 0.0002040 secs]
130.596: [GC (Allocation Failure) 36582K->435K(78016K), 0.0002030 secs]
130.630: [GC (Allocation Failure) 35312K->435K(76864K), 0.0002150 secs]
130.646: [GC (Allocation Failure) 34140K->435K(75776K), 0.0002800 secs]
130.683: [GC (Allocation Failure) 33065K->435K(74688K), 0.0002180 secs]
130.701: [GC (Allocation Failure) 31991K->435K(73664K), 0.0002210 secs]
130.719: [GC (Allocation Failure) 31014K->435K(72704K), 0.0002150 secs]
130.734: [GC (Allocation Failure) 30038K->435K(71808K), 0.0002160 secs]
130.850: [GC (Allocation Failure) 29158K->435K(70912K), 0.0002070 secs]
130.863: [GC (Allocation Failure) 28182K->435K(70080K), 0.0002190 secs]
130.905: [GC (Allocation Failure) 27400K->435K(69248K), 0.0002970 secs]
130.932: [GC (Allocation Failure) 26521K->435K(68480K), 0.0002150 secs]
130.947: [GC (Allocation Failure) 25838K->435K(67712K), 0.0002020 secs]
130.958: [GC (Allocation Failure) 25052K->435K(72640K), 0.0002270 secs]
130.975: [GC (Allocation Failure) 29940K->435K(78592K), 0.0002010 secs]
130.999: [GC (Allocation Failure) 35898K->435K(85696K), 0.0002750 secs]
131.153: [GC (Allocation Failure) 43028K->435K(84160K), 0.0002150 secs]
131.206: [GC (Allocation Failure) 41465K->435K(82688K), 0.0002190 secs]
131.227: [GC (Allocation Failure) 40000K->435K(81344K), 0.0002030 secs]
131.248: [GC (Allocation Failure) 38633K->435K(80000K), 0.0002010 secs]
131.300: [GC (Allocation Failure) 37363K->435K(78720K), 0.0002480 secs]
131.320: [GC (Allocation Failure) 35996K->435K(77504K), 0.0002100 secs]
131.404: [GC (Allocation Failure) 34823K->435K(76352K), 0.0002040 secs]
131.418: [GC (Allocation Failure) 33651K->435K(75264K), 0.0002160 secs]
131.432: [GC (Allocation Failure) 32577K->435K(74240K), 0.0002050 secs]
131.453: [GC (Allocation Failure) 31600K->435K(73216K), 0.0002080 secs]
131.471: [GC (Allocation Failure) 30526K->435K(79296K), 0.0002750 secs]
131.486: [GC (Allocation Failure) 36582K->435K(86592K), 0.0002160 secs]
131.505: [GC (Allocation Failure) 43907K->435K(95296K), 0.0002050 secs]
131.561: [GC (Allocation Failure) 52604K->435K(93312K), 0.0002220 secs]
131.583: [GC (Allocation Failure) 50650K->435K(91456K), 0.0002040 secs]
131.604: [GC (Allocation Failure) 48791K->435K(89664K), 0.0002050 secs]
131.709: [GC (Allocation Failure) 46935K->435K(87936K), 0.0002220 secs]
131.733: [GC (Allocation Failure) 45274K->435K(86336K), 0.0002470 secs]
131.754: [GC (Allocation Failure) 43614K->435K(84800K), 0.0002270 secs]
131.772: [GC (Allocation Failure) 42149K->435K(83328K), 0.0002060 secs]
131.794: [GC (Allocation Failure) 40684K->435K(81920K), 0.0002150 secs]
131.853: [GC (Allocation Failure) 39219K->435K(80576K), 0.0002030 secs]
131.909: [GC (Allocation Failure) 37851K->435K(79296K), 0.0002160 secs]
131.925: [GC (Allocation Failure) 36582K->435K(78080K), 0.0002080 secs]
131.955: [GC (Allocation Failure) 35409K->435K(76928K), 0.0002420 secs]
131.971: [GC (Allocation Failure) 34237K->435K(75840K), 0.0002660 secs]
131.986: [GC (Allocation Failure) 33163K->435K(74752K), 0.0002030 secs]
132.049: [GC (Allocation Failure) 32089K->435K(73728K), 0.0002050 secs]
132.103: [GC (Allocation Failure) 31014K->435K(72768K), 0.0002220 secs]
132.120: [GC (Allocation Failure) 30038K->435K(71808K), 0.0002250 secs]
132.133: [GC (Allocation Failure) 29158K->435K(70912K), 0.0002160 secs]
132.149: [GC (Allocation Failure) 28182K->435K(70080K), 0.0002030 secs]
132.161: [GC (Allocation Failure) 27400K->435K(75520K), 0.0002290 secs]
132.179: [GC (Allocation Failure) 32870K->435K(82048K), 0.0002110 secs]
132.207: [GC (Allocation Failure) 39316K->435K(89856K), 0.0002360 secs]
132.228: [GC (Allocation Failure) 47130K->435K(88128K), 0.0002200 secs]
132.259: [GC (Allocation Failure) 45470K->435K(86528K), 0.0002120 secs]
132.278: [GC (Allocation Failure) 43809K->435K(84992K), 0.0002750 secs]
132.358: [GC (Allocation Failure) 42344K->435K(83520K), 0.0002150 secs]
132.376: [GC (Allocation Failure) 40879K->435K(82112K), 0.0002730 secs]
132.403: [GC (Allocation Failure) 39414K->435K(80768K), 0.0002250 secs]
132.419: [GC (Allocation Failure) 38047K->435K(79488K), 0.0002040 secs]
132.436: [GC (Allocation Failure) 36777K->435K(78272K), 0.0002010 secs]
132.451: [GC (Allocation Failure) 35605K->435K(85312K), 0.0002200 secs]
132.474: [GC (Allocation Failure) 42637K->435K(83840K), 0.0002040 secs]
132.496: [GC (Allocation Failure) 41172K->435K(82432K), 0.0002230 secs]
132.579: [GC (Allocation Failure) 39707K->435K(81088K), 0.0002170 secs]
132.600: [GC (Allocation Failure) 38437K->435K(79808K), 0.0002140 secs]
132.631: [GC (Allocation Failure) 37168K->435K(78592K), 0.0002320 secs]
132.648: [GC (Allocation Failure) 35898K->435K(77376K), 0.0002780 secs]
132.687: [GC (Allocation Failure) 34726K->435K(76224K), 0.0002210 secs]
132.705: [GC (Allocation Failure) 33554K->435K(75136K), 0.0002050 secs]
132.719: [GC (Allocation Failure) 32479K->435K(74112K), 0.0002130 secs]
132.732: [GC (Allocation Failure) 31405K->435K(80320K), 0.0002060 secs]
132.853: [GC (Allocation Failure) 37656K->435K(79040K), 0.0002190 secs]
132.902: [GC (Allocation Failure) 36386K->435K(77824K), 0.0002070 secs]
132.956: [GC (Allocation Failure) 35116K->435K(76672K), 0.0002130 secs]
132.975: [GC (Allocation Failure) 33944K->435K(75584K), 0.0002030 secs]
132.989: [GC (Allocation Failure) 32870K->435K(74560K), 0.0002160 secs]
133.023: [GC (Allocation Failure) 31893K->435K(73536K), 0.0002190 secs]
133.070: [GC (Allocation Failure) 30819K->435K(72576K), 0.0002340 secs]
133.087: [GC (Allocation Failure) 29842K->435K(71680K), 0.0002670 secs]
133.153: [GC (Allocation Failure) 28963K->435K(70784K), 0.0002180 secs]
133.169: [GC (Allocation Failure) 28084K->435K(69952K), 0.0002260 secs]
133.203: [GC (Allocation Failure) 27303K->435K(69120K), 0.0002030 secs]
133.215: [GC (Allocation Failure) 26424K->435K(68352K), 0.0002320 secs]
133.230: [GC (Allocation Failure) 25642K->435K(73408K), 0.0002110 secs]
133.254: [GC (Allocation Failure) 30721K->435K(79488K), 0.0003530 secs]
133.271: [GC (Allocation Failure) 36777K->435K(86784K), 0.0002170 secs]
133.306: [GC (Allocation Failure) 44102K->435K(85248K), 0.0002150 secs]
133.411: [GC (Allocation Failure) 42540K->435K(83776K), 0.0002260 secs]
133.432: [GC (Allocation Failure) 41074K->435K(82368K), 0.0002040 secs]
133.449: [GC (Allocation Failure) 39707K->435K(81024K), 0.0002020 secs]
133.508: [GC (Allocation Failure) 38340K->435K(79744K), 0.0002220 secs]
133.528: [GC (Allocation Failure) 37070K->435K(78528K), 0.0002720 secs]
133.544: [GC (Allocation Failure) 35800K->435K(77312K), 0.0002210 secs]
133.603: [GC (Allocation Failure) 34628K->435K(76160K), 0.0002190 secs]
133.743: [GC (Allocation Failure) 33456K->435K(75072K), 0.0002250 secs]
133.762: [GC (Allocation Failure) 32382K->435K(74048K), 0.0002140 secs]
133.780: [GC (Allocation Failure) 31405K->435K(73088K), 0.0002260 secs]
133.797: [GC (Allocation Failure) 30428K->435K(72128K), 0.0002120 secs]
133.815: [GC (Allocation Failure) 29451K->435K(71232K), 0.0002170 secs]
133.827: [GC (Allocation Failure) 28572K->435K(76864K), 0.0002650 secs]
133.854: [GC (Allocation Failure) 34140K->435K(83648K), 0.0002090 secs]
133.906: [GC (Allocation Failure) 40977K->435K(82240K), 0.0002150 secs]
133.926: [GC (Allocation Failure) 39512K->435K(80896K), 0.0002140 secs]
133.944: [GC (Allocation Failure) 38242K->435K(79616K), 0.0002150 secs]
133.960: [GC (Allocation Failure) 36972K->435K(78400K), 0.0002060 secs]
133.975: [GC (Allocation Failure) 35702K->435K(77248K), 0.0002020 secs]
133.990: [GC (Allocation Failure) 34530K->435K(84096K), 0.0002140 secs]
134.008: [GC (Allocation Failure) 41367K->435K(92352K), 0.0002060 secs]
134.060: [GC (Allocation Failure) 49670K->435K(90496K), 0.0002260 secs]
134.080: [GC (Allocation Failure) 47814K->435K(88768K), 0.0002150 secs]
134.141: [GC (Allocation Failure) 46056K->435K(87104K), 0.0002190 secs]
134.207: [GC (Allocation Failure) 44395K->435K(85504K), 0.0002140 secs]
134.267: [GC (Allocation Failure) 42833K->435K(83968K), 0.0002150 secs]
134.285: [GC (Allocation Failure) 41270K->435K(82560K), 0.0002770 secs]
134.342: [GC (Allocation Failure) 39902K->435K(81216K), 0.0002310 secs]
134.371: [GC (Allocation Failure) 38535K->435K(79936K), 0.0002150 secs]
134.409: [GC (Allocation Failure) 37265K->435K(78656K), 0.0002470 secs]
134.424: [GC (Allocation Failure) 35996K->435K(77440K), 0.0002030 secs]
134.454: [GC (Allocation Failure) 34726K->435K(76288K), 0.0002140 secs]
134.592: [GC (Allocation Failure) 33554K->435K(75200K), 0.0002300 secs]
134.610: [GC (Allocation Failure) 32479K->435K(74176K), 0.0002730 secs]
134.624: [GC (Allocation Failure) 31503K->435K(73152K), 0.0002300 secs]
134.637: [GC (Allocation Failure) 30428K->435K(79168K), 0.0002050 secs]
134.663: [GC (Allocation Failure) 36484K->435K(77952K), 0.0002300 secs]
134.679: [GC (Allocation Failure) 35312K->435K(76800K), 0.0002040 secs]
134.693: [GC (Allocation Failure) 34140K->435K(83584K), 0.0002020 secs]
134.715: [GC (Allocation Failure) 40879K->435K(82176K), 0.0002130 secs]
134.732: [GC (Allocation Failure) 39512K->435K(90048K), 0.0002170 secs]
134.756: [GC (Allocation Failure) 47325K->435K(88320K), 0.0002120 secs]
134.856: [GC (Allocation Failure) 45665K->435K(86656K), 0.0002220 secs]
134.879: [GC (Allocation Failure) 44005K->435K(85120K), 0.0002020 secs]
134.897: [GC (Allocation Failure) 42442K->435K(83648K), 0.0002050 secs]
134.961: [GC (Allocation Failure) 40977K->435K(82240K), 0.0002150 secs]
134.978: [GC (Allocation Failure) 39512K->435K(80896K), 0.0002160 secs]
135.006: [GC (Allocation Failure) 38242K->435K(79616K), 0.0002040 secs]
135.061: [GC (Allocation Failure) 36972K->435K(78400K), 0.0002300 secs]
135.080: [GC (Allocation Failure) 35702K->435K(77248K), 0.0002320 secs]
135.100: [GC (Allocation Failure) 34530K->435K(76096K), 0.0002020 secs]
135.114: [GC (Allocation Failure) 33456K->435K(75008K), 0.0002170 secs]
135.132: [GC (Allocation Failure) 32284K->435K(73984K), 0.0002120 secs]
135.158: [GC (Allocation Failure) 31307K->435K(73024K), 0.0002180 secs]
135.172: [GC (Allocation Failure) 30331K->435K(79040K), 0.0003980 secs]
135.260: [GC (Allocation Failure) 36386K->435K(86272K), 0.0002190 secs]
135.279: [GC (Allocation Failure) 43614K->435K(94912K), 0.0002180 secs]
135.316: [GC (Allocation Failure) 52213K->435K(92992K), 0.0002220 secs]
135.338: [GC (Allocation Failure) 50260K->435K(91136K), 0.0002710 secs]
135.413: [GC (Allocation Failure) 48498K->435K(89344K), 0.0002080 secs]
135.466: [GC (Allocation Failure) 46642K->435K(87680K), 0.0002180 secs]
135.489: [GC (Allocation Failure) 44981K->435K(86080K), 0.0002040 secs]
135.508: [GC (Allocation Failure) 43419K->435K(84544K), 0.0002050 secs]
135.559: [GC (Allocation Failure) 41856K->435K(83072K), 0.0002150 secs]
135.576: [GC (Allocation Failure) 40391K->435K(81664K), 0.0002150 secs]
135.608: [GC (Allocation Failure) 39023K->435K(80320K), 0.0002190 secs]
135.656: [GC (Allocation Failure) 37656K->435K(79040K), 0.0002050 secs]
135.736: [GC (Allocation Failure) 36386K->435K(77824K), 0.0002180 secs]
135.810: [GC (Allocation Failure) 35116K->435K(76672K), 0.0002240 secs]
135.829: [GC (Allocation Failure) 33944K->435K(75584K), 0.0002340 secs]
135.859: [GC (Allocation Failure) 32870K->435K(74560K), 0.0002060 secs]
135.873: [GC (Allocation Failure) 31893K->435K(73536K), 0.0002120 secs]
135.886: [GC (Allocation Failure) 30819K->435K(72576K), 0.0002040 secs]
135.908: [GC (Allocation Failure) 29842K->435K(71680K), 0.0002400 secs]
135.921: [GC (Allocation Failure) 28963K->435K(77440K), 0.0002150 secs]
135.936: [GC (Allocation Failure) 34726K->435K(84352K), 0.0002150 secs]
135.959: [GC (Allocation Failure) 41660K->435K(92608K), 0.0002150 secs]
136.062: [GC (Allocation Failure) 49967K->435K(90752K), 0.0002020 secs]
136.116: [GC (Allocation Failure) 48107K->435K(89024K), 0.0002160 secs]
136.136: [GC (Allocation Failure) 46349K->435K(87360K), 0.0002170 secs]
136.160: [GC (Allocation Failure) 44688K->435K(85760K), 0.0002140 secs]
136.183: [GC (Allocation Failure) 43028K->435K(84224K), 0.0002740 secs]
136.205: [GC (Allocation Failure) 41563K->435K(82752K), 0.0002100 secs]
136.222: [GC (Allocation Failure) 40098K->435K(81344K), 0.0002150 secs]
136.260: [GC (Allocation Failure) 38633K->435K(80000K), 0.0003270 secs]
136.341: [GC (Allocation Failure) 37363K->435K(78720K), 0.0002520 secs]
136.357: [GC (Allocation Failure) 35996K->435K(77504K), 0.0002260 secs]
136.407: [GC (Allocation Failure) 34823K->435K(76352K), 0.0002790 secs]
136.456: [GC (Allocation Failure) 33651K->435K(75264K), 0.0002730 secs]
136.509: [GC (Allocation Failure) 32577K->435K(74240K), 0.0002130 secs]
136.527: [GC (Allocation Failure) 31600K->435K(73216K), 0.0002060 secs]
136.540: [GC (Allocation Failure) 30526K->435K(72256K), 0.0002190 secs]
136.598: [GC (Allocation Failure) 29549K->435K(71360K), 0.0002120 secs]
136.614: [GC (Allocation Failure) 28670K->435K(70464K), 0.0002110 secs]
136.655: [GC (Allocation Failure) 27791K->435K(69632K), 0.0002160 secs]
136.703: [GC (Allocation Failure) 26912K->435K(68864K), 0.0002070 secs]
136.732: [GC (Allocation Failure) 26131K->435K(68096K), 0.0002120 secs]
136.743: [GC (Allocation Failure) 25447K->435K(67392K), 0.0002140 secs]
136.758: [GC (Allocation Failure) 24662K->435K(66688K), 0.0002120 secs]
136.772: [GC (Allocation Failure) 23978K->435K(71424K), 0.0002190 secs]
136.785: [GC (Allocation Failure) 28768K->435K(77120K), 0.0002040 secs]
136.807: [GC (Allocation Failure) 34433K->435K(83968K), 0.0002640 secs]
136.910: [GC (Allocation Failure) 41270K->435K(82560K), 0.0002060 secs]
137.009: [GC (Allocation Failure) 39902K->435K(81216K), 0.0002260 secs]
137.030: [GC (Allocation Failure) 38535K->435K(79936K), 0.0002020 secs]
137.058: [GC (Allocation Failure) 37265K->435K(78656K), 0.0002770 secs]
137.112: [GC (Allocation Failure) 35996K->435K(77440K), 0.0002130 secs]
137.130: [GC (Allocation Failure) 34726K->435K(76288K), 0.0002030 secs]
137.261: [GC (Allocation Failure) 33554K->435K(75200K), 0.0002170 secs]
137.275: [GC (Allocation Failure) 32479K->435K(74176K), 0.0002180 secs]
137.293: [GC (Allocation Failure) 31503K->435K(73152K), 0.0002250 secs]
137.342: [GC (Allocation Failure) 30428K->435K(72192K), 0.0002260 secs]
137.355: [GC (Allocation Failure) 29549K->435K(71296K), 0.0002730 secs]
137.372: [GC (Allocation Failure) 28572K->435K(76992K), 0.0002160 secs]
137.391: [GC (Allocation Failure) 34335K->435K(83776K), 0.0002130 secs]
137.409: [GC (Allocation Failure) 41074K->435K(91968K), 0.0002220 secs]
137.474: [GC (Allocation Failure) 49279K->435K(90176K), 0.0002280 secs]
137.495: [GC (Allocation Failure) 47521K->435K(88448K), 0.0002090 secs]
137.588: [GC (Allocation Failure) 45763K->435K(86784K), 0.0002180 secs]
137.607: [GC (Allocation Failure) 44102K->435K(85248K), 0.0002160 secs]
137.625: [GC (Allocation Failure) 42540K->435K(83776K), 0.0002030 secs]
137.647: [GC (Allocation Failure) 41074K->435K(82368K), 0.0002090 secs]
137.742: [GC (Allocation Failure) 39707K->435K(81024K), 0.0002030 secs]
137.758: [GC (Allocation Failure) 38340K->435K(79744K), 0.0002140 secs]
137.774: [GC (Allocation Failure) 37070K->435K(78528K), 0.0002040 secs]
137.864: [GC (Allocation Failure) 35800K->435K(77312K), 0.0002140 secs]
137.879: [GC (Allocation Failure) 34628K->435K(76160K), 0.0002060 secs]
137.911: [GC (Allocation Failure) 33456K->435K(75072K), 0.0002040 secs]
137.929: [GC (Allocation Failure) 32382K->435K(74048K), 0.0002240 secs]
137.957: [GC (Allocation Failure) 31405K->435K(73088K), 0.0002060 secs]
138.022: [GC (Allocation Failure) 30428K->435K(72128K), 0.0002050 secs]
138.110: [GC (Allocation Failure) 29451K->435K(71232K), 0.0002210 secs]
138.123: [GC (Allocation Failure) 28572K->435K(70400K), 0.0002180 secs]
138.135: [GC (Allocation Failure) 27693K->435K(69568K), 0.0002020 secs]
138.147: [GC (Allocation Failure) 26912K->435K(74880K), 0.0002150 secs]
138.208: [GC (Allocation Failure) 32186K->435K(73856K), 0.0002150 secs]
138.261: [GC (Allocation Failure) 31210K->435K(72896K), 0.0003360 secs]
138.278: [GC (Allocation Failure) 30233K->435K(71936K), 0.0002080 secs]
138.294: [GC (Allocation Failure) 29256K->435K(71040K), 0.0002110 secs]
138.409: [GC (Allocation Failure) 28377K->435K(70208K), 0.0002220 secs]
138.425: [GC (Allocation Failure) 27498K->435K(69376K), 0.0002150 secs]
138.460: [GC (Allocation Failure) 26717K->435K(68608K), 0.0002140 secs]
138.475: [GC (Allocation Failure) 25935K->435K(67840K), 0.0002280 secs]
138.491: [GC (Allocation Failure) 25150K->435K(67136K), 0.0002110 secs]
138.555: [GC (Allocation Failure) 24466K->435K(66432K), 0.0002260 secs]
138.565: [GC (Allocation Failure) 23783K->435K(71104K), 0.0002030 secs]
138.595: [GC (Allocation Failure) 28377K->435K(70272K), 0.0002130 secs]
138.606: [GC (Allocation Failure) 27596K->435K(75712K), 0.0002100 secs]
138.634: [GC (Allocation Failure) 33065K->435K(74624K), 0.0002240 secs]
138.648: [GC (Allocation Failure) 31893K->435K(80960K), 0.0003490 secs]
138.666: [GC (Allocation Failure) 38242K->435K(88576K), 0.0002090 secs]
138.714: [GC (Allocation Failure) 45860K->435K(86912K), 0.0002160 secs]
138.737: [GC (Allocation Failure) 44200K->435K(85312K), 0.0002030 secs]
138.756: [GC (Allocation Failure) 42637K->435K(83840K), 0.0002060 secs]
138.812: [GC (Allocation Failure) 41172K->435K(82432K), 0.0002160 secs]
138.833: [GC (Allocation Failure) 39707K->435K(81088K), 0.0002110 secs]
138.965: [GC (Allocation Failure) 38437K->435K(79808K), 0.0002080 secs]
138.981: [GC (Allocation Failure) 37168K->435K(78592K), 0.0002140 secs]
138.996: [GC (Allocation Failure) 35898K->435K(77376K), 0.0002030 secs]
139.011: [GC (Allocation Failure) 34726K->435K(76224K), 0.0002010 secs]
139.064: [GC (Allocation Failure) 33554K->435K(75136K), 0.0002170 secs]
139.079: [GC (Allocation Failure) 32479K->435K(74112K), 0.0002170 secs]
139.092: [GC (Allocation Failure) 31405K->435K(80320K), 0.0002050 secs]
139.108: [GC (Allocation Failure) 37656K->435K(87808K), 0.0002050 secs]
139.127: [GC (Allocation Failure) 45079K->435K(86208K), 0.0002050 secs]
139.146: [GC (Allocation Failure) 43516K->435K(84672K), 0.0002020 secs]
139.263: [GC (Allocation Failure) 41953K->435K(83200K), 0.0002260 secs]
139.285: [GC (Allocation Failure) 40488K->435K(81792K), 0.0002240 secs]
139.362: [GC (Allocation Failure) 39121K->435K(80448K), 0.0002160 secs]
139.382: [GC (Allocation Failure) 37754K->435K(79168K), 0.0002050 secs]
139.409: [GC (Allocation Failure) 36484K->435K(77952K), 0.0002250 secs]
139.424: [GC (Allocation Failure) 35312K->435K(76800K), 0.0002040 secs]
139.438: [GC (Allocation Failure) 34140K->435K(75712K), 0.0002020 secs]
139.456: [GC (Allocation Failure) 33065K->435K(74624K), 0.0002020 secs]
139.470: [GC (Allocation Failure) 31893K->435K(80960K), 0.0002280 secs]
139.487: [GC (Allocation Failure) 38242K->435K(88576K), 0.0002050 secs]
139.506: [GC (Allocation Failure) 45860K->435K(97728K), 0.0002040 secs]
139.549: [GC (Allocation Failure) 55046K->435K(95680K), 0.0002090 secs]
139.572: [GC (Allocation Failure) 52994K->435K(93696K), 0.0002700 secs]
139.668: [GC (Allocation Failure) 51041K->435K(91840K), 0.0002050 secs]
139.721: [GC (Allocation Failure) 49181K->435K(90048K), 0.0002210 secs]
139.742: [GC (Allocation Failure) 47325K->435K(88320K), 0.0002040 secs]
139.761: [GC (Allocation Failure) 45665K->435K(86656K), 0.0002030 secs]
139.785: [GC (Allocation Failure) 44005K->435K(85120K), 0.0002090 secs]
139.803: [GC (Allocation Failure) 42442K->435K(83648K), 0.0002040 secs]
139.865: [GC (Allocation Failure) 40977K->435K(82240K), 0.0002100 secs]
139.886: [GC (Allocation Failure) 39512K->435K(80896K), 0.0002740 secs]
139.907: [GC (Allocation Failure) 38242K->435K(79616K), 0.0002230 secs]
139.966: [GC (Allocation Failure) 36972K->435K(78400K), 0.0002140 secs]
139.985: [GC (Allocation Failure) 35702K->435K(77248K), 0.0002090 secs]
140.004: [GC (Allocation Failure) 34530K->435K(76096K), 0.0002140 secs]
140.019: [GC (Allocation Failure) 33456K->435K(75008K), 0.0002050 secs]
140.160: [GC (Allocation Failure) 32284K->435K(73984K), 0.0002150 secs]
140.214: [GC (Allocation Failure) 31307K->435K(73024K), 0.0002220 secs]
140.227: [GC (Allocation Failure) 30331K->435K(72064K), 0.0002170 secs]
140.242: [GC (Allocation Failure) 29354K->435K(71168K), 0.0002110 secs]
140.265: [GC (Allocation Failure) 28475K->435K(70336K), 0.0002310 secs]
140.336: [GC (Allocation Failure) 27693K->435K(69504K), 0.0002060 secs]
140.363: [GC (Allocation Failure) 26814K->435K(68736K), 0.0002250 secs]
140.374: [GC (Allocation Failure) 26033K->435K(67968K), 0.0002050 secs]
140.407: [GC (Allocation Failure) 25250K->435K(67264K), 0.0002250 secs]
140.422: [GC (Allocation Failure) 24564K->435K(66560K), 0.0002210 secs]
140.507: [GC (Allocation Failure) 23880K->435K(65920K), 0.0002090 secs]
140.557: [GC (Allocation Failure) 23196K->435K(65280K), 0.0002040 secs]
140.591: [GC (Allocation Failure) 22610K->435K(64640K), 0.0002180 secs]
140.607: [GC (Allocation Failure) 21927K->435K(64064K), 0.0002050 secs]
140.620: [GC (Allocation Failure) 21341K->435K(68288K), 0.0002730 secs]
140.631: [GC (Allocation Failure) 25642K->435K(73344K), 0.0002310 secs]
140.644: [GC (Allocation Failure) 30624K->435K(79424K), 0.0002040 secs]
140.665: [GC (Allocation Failure) 36777K->435K(86720K), 0.0002150 secs]
140.683: [GC (Allocation Failure) 44005K->435K(95488K), 0.0002070 secs]
140.720: [GC (Allocation Failure) 52799K->435K(93504K), 0.0002030 secs]
140.746: [GC (Allocation Failure) 50846K->435K(91648K), 0.0002700 secs]
140.771: [GC (Allocation Failure) 48986K->435K(89856K), 0.0002170 secs]
140.791: [GC (Allocation Failure) 47130K->435K(88128K), 0.0002030 secs]
140.810: [GC (Allocation Failure) 45470K->435K(86528K), 0.0002040 secs]
140.866: [GC (Allocation Failure) 43809K->435K(84992K), 0.0002030 secs]
140.915: [GC (Allocation Failure) 42344K->435K(83520K), 0.0002130 secs]
140.932: [GC (Allocation Failure) 40879K->435K(82112K), 0.0002050 secs]
140.949: [GC (Allocation Failure) 39414K->435K(80768K), 0.0002010 secs]
141.018: [GC (Allocation Failure) 38047K->435K(79488K), 0.0002170 secs]
141.034: [GC (Allocation Failure) 36777K->435K(78272K), 0.0002700 secs]
141.069: [GC (Allocation Failure) 35605K->435K(77120K), 0.0002460 secs]
141.084: [GC (Allocation Failure) 34433K->435K(75968K), 0.0002210 secs]
141.102: [GC (Allocation Failure) 33261K->435K(74880K), 0.0002130 secs]
141.120: [GC (Allocation Failure) 32186K->435K(73856K), 0.0002170 secs]
141.138: [GC (Allocation Failure) 31210K->435K(72896K), 0.0002040 secs]
141.153: [GC (Allocation Failure) 30233K->435K(78912K), 0.0002370 secs]
141.168: [GC (Allocation Failure) 36191K->435K(86080K), 0.0002070 secs]
141.321: [GC (Allocation Failure) 43419K->435K(84544K), 0.0002130 secs]
141.339: [GC (Allocation Failure) 41856K->435K(83072K), 0.0002160 secs]
141.356: [GC (Allocation Failure) 40391K->435K(81664K), 0.0002150 secs]
141.373: [GC (Allocation Failure) 39023K->435K(80320K), 0.0002140 secs]
141.413: [GC (Allocation Failure) 37656K->435K(79040K), 0.0002210 secs]
141.429: [GC (Allocation Failure) 36386K->435K(77824K), 0.0002040 secs]
141.465: [GC (Allocation Failure) 35116K->435K(76672K), 0.0003010 secs]
141.543: [GC (Allocation Failure) 33944K->435K(75584K), 0.0002210 secs]
141.572: [GC (Allocation Failure) 32870K->435K(74560K), 0.0002130 secs]
141.586: [GC (Allocation Failure) 31893K->435K(73536K), 0.0002760 secs]
141.612: [GC (Allocation Failure) 30819K->435K(72576K), 0.0002170 secs]
141.625: [GC (Allocation Failure) 29842K->435K(78528K), 0.0002050 secs]
141.668: [GC (Allocation Failure) 35800K->435K(77312K), 0.0002180 secs]
141.683: [GC (Allocation Failure) 34628K->435K(76160K), 0.0002070 secs]
141.717: [GC (Allocation Failure) 33456K->435K(75072K), 0.0002140 secs]
141.735: [GC (Allocation Failure) 32382K->435K(74048K), 0.0002140 secs]
141.753: [GC (Allocation Failure) 31405K->435K(73088K), 0.0002170 secs]
141.770: [GC (Allocation Failure) 30428K->435K(72128K), 0.0002150 secs]
141.787: [GC (Allocation Failure) 29451K->435K(77952K), 0.0002300 secs]
141.807: [GC (Allocation Failure) 35312K->435K(84928K), 0.0002310 secs]
141.826: [GC (Allocation Failure) 42247K->435K(83456K), 0.0002200 secs]
141.871: [GC (Allocation Failure) 40781K->435K(82048K), 0.0002230 secs]
141.888: [GC (Allocation Failure) 39316K->435K(80704K), 0.0002050 secs]
141.938: [GC (Allocation Failure) 38047K->435K(79424K), 0.0002300 secs]
141.958: [GC (Allocation Failure) 36777K->435K(78208K), 0.0002130 secs]
141.977: [GC (Allocation Failure) 35507K->435K(77056K), 0.0002120 secs]
141.996: [GC (Allocation Failure) 34335K->435K(75904K), 0.0002220 secs]
142.167: [GC (Allocation Failure) 33261K->435K(74816K), 0.0002200 secs]
142.182: [GC (Allocation Failure) 32089K->435K(81216K), 0.0003210 secs]
142.217: [GC (Allocation Failure) 38535K->435K(79936K), 0.0002320 secs]
142.267: [GC (Allocation Failure) 37265K->435K(78656K), 0.0002170 secs]
142.319: [GC (Allocation Failure) 35996K->435K(77440K), 0.0002240 secs]
142.338: [GC (Allocation Failure) 34726K->435K(76288K), 0.0002040 secs]
142.354: [GC (Allocation Failure) 33554K->435K(75200K), 0.0002110 secs]
142.464: [GC (Allocation Failure) 32479K->435K(74176K), 0.0002050 secs]
142.518: [GC (Allocation Failure) 31503K->435K(73152K), 0.0002140 secs]
142.535: [GC (Allocation Failure) 30428K->435K(72192K), 0.0002120 secs]
142.548: [GC (Allocation Failure) 29549K->435K(71296K), 0.0002170 secs]
142.564: [GC (Allocation Failure) 28572K->435K(70400K), 0.0002110 secs]
142.591: [GC (Allocation Failure) 27693K->435K(69568K), 0.0002250 secs]
142.612: [GC (Allocation Failure) 26912K->435K(68800K), 0.0002760 secs]
142.624: [GC (Allocation Failure) 26131K->435K(73984K), 0.0002210 secs]
142.642: [GC (Allocation Failure) 31307K->435K(80192K), 0.0002040 secs]
142.661: [GC (Allocation Failure) 37461K->435K(87616K), 0.0002040 secs]
142.684: [GC (Allocation Failure) 44884K->435K(86016K), 0.0002170 secs]
142.707: [GC (Allocation Failure) 43321K->435K(84480K), 0.0002140 secs]
142.768: [GC (Allocation Failure) 41758K->435K(83008K), 0.0002160 secs]
142.790: [GC (Allocation Failure) 40293K->435K(81600K), 0.0002160 secs]
142.867: [GC (Allocation Failure) 38926K->435K(80256K), 0.0002050 secs]
142.913: [GC (Allocation Failure) 37558K->435K(78976K), 0.0002130 secs]
142.936: [GC (Allocation Failure) 36289K->435K(77760K), 0.0002240 secs]
143.070: [GC (Allocation Failure) 35116K->435K(76608K), 0.0002190 secs]
143.088: [GC (Allocation Failure) 33944K->435K(75520K), 0.0002060 secs]
143.119: [GC (Allocation Failure) 32870K->435K(74496K), 0.0002120 secs]
143.137: [GC (Allocation Failure) 31796K->435K(73472K), 0.0002030 secs]
143.154: [GC (Allocation Failure) 30819K->435K(72512K), 0.0002250 secs]
143.171: [GC (Allocation Failure) 29842K->435K(71616K), 0.0002100 secs]
143.184: [GC (Allocation Failure) 28963K->435K(77376K), 0.0002180 secs]
143.199: [GC (Allocation Failure) 34726K->435K(84288K), 0.0002770 secs]
143.222: [GC (Allocation Failure) 41563K->435K(92544K), 0.0002210 secs]
143.244: [GC (Allocation Failure) 49867K->435K(102464K), 0.0002740 secs]
143.277: [GC (Allocation Failure) 59734K->435K(114368K), 0.0002870 secs]
143.320: [GC (Allocation Failure) 71650K->435K(111488K), 0.0002760 secs]
143.350: [GC (Allocation Failure) 68817K->435K(108736K), 0.0002180 secs]
143.382: [GC (Allocation Failure) 66082K->435K(106112K), 0.0002040 secs]
143.414: [GC (Allocation Failure) 63445K->435K(103616K), 0.0002120 secs]
143.444: [GC (Allocation Failure) 60906K->435K(101248K), 0.0002180 secs]
143.475: [GC (Allocation Failure) 58562K->435K(99008K), 0.0002170 secs]
143.499: [GC (Allocation Failure) 56315K->435K(96896K), 0.0002780 secs]
143.524: [GC (Allocation Failure) 54166K->435K(94848K), 0.0002080 secs]
143.583: [GC (Allocation Failure) 52115K->435K(92928K), 0.0002180 secs]
143.605: [GC (Allocation Failure) 50260K->435K(91072K), 0.0002140 secs]
143.626: [GC (Allocation Failure) 48400K->435K(89280K), 0.0002020 secs]
143.646: [GC (Allocation Failure) 46642K->435K(87616K), 0.0002040 secs]
143.665: [GC (Allocation Failure) 44884K->435K(86016K), 0.0002150 secs]
143.724: [GC (Allocation Failure) 43321K->435K(84480K), 0.0002220 secs]
143.746: [GC (Allocation Failure) 41758K->435K(83008K), 0.0002110 secs]
143.877: [GC (Allocation Failure) 40293K->435K(81600K), 0.0002120 secs]
143.894: [GC (Allocation Failure) 38926K->435K(80256K), 0.0002730 secs]
143.968: [GC (Allocation Failure) 37558K->435K(78976K), 0.0002190 secs]
143.983: [GC (Allocation Failure) 36289K->435K(77760K), 0.0002080 secs]
144.021: [GC (Allocation Failure) 35116K->435K(76608K), 0.0002230 secs]
144.039: [GC (Allocation Failure) 33944K->435K(75520K), 0.0002110 secs]
144.070: [GC (Allocation Failure) 32870K->435K(74496K), 0.0002030 secs]
144.088: [GC (Allocation Failure) 31796K->435K(73472K), 0.0002010 secs]
144.138: [GC (Allocation Failure) 30819K->435K(72512K), 0.0002160 secs]
144.152: [GC (Allocation Failure) 29842K->435K(71616K), 0.0002260 secs]
144.219: [GC (Allocation Failure) 28963K->435K(70720K), 0.0002220 secs]
144.231: [GC (Allocation Failure) 27986K->435K(69888K), 0.0002200 secs]
144.318: [GC (Allocation Failure) 27205K->435K(69056K), 0.0002210 secs]
144.333: [GC (Allocation Failure) 26326K->435K(68288K), 0.0002170 secs]
144.363: [GC (Allocation Failure) 25642K->435K(67520K), 0.0002040 secs]
144.391: [GC (Allocation Failure) 24857K->435K(66816K), 0.0002120 secs]
144.403: [GC (Allocation Failure) 24173K->435K(66112K), 0.0002300 secs]
144.417: [GC (Allocation Failure) 23392K->435K(70720K), 0.0002110 secs]
144.518: [GC (Allocation Failure) 27986K->435K(69888K), 0.0002100 secs]
144.530: [GC (Allocation Failure) 27205K->435K(75264K), 0.0003220 secs]
144.579: [GC (Allocation Failure) 32577K->435K(81728K), 0.0003330 secs]
144.602: [GC (Allocation Failure) 39023K->435K(89472K), 0.0002190 secs]
144.623: [GC (Allocation Failure) 46739K->435K(87808K), 0.0002170 secs]
144.642: [GC (Allocation Failure) 45079K->435K(86208K), 0.0002040 secs]
144.666: [GC (Allocation Failure) 43516K->435K(84672K), 0.0002120 secs]
144.739: [GC (Allocation Failure) 41953K->435K(83200K), 0.0002070 secs]
144.771: [GC (Allocation Failure) 40488K->435K(81792K), 0.0002270 secs]
144.791: [GC (Allocation Failure) 39121K->435K(80448K), 0.0002210 secs]
144.873: [GC (Allocation Failure) 37754K->435K(79168K), 0.0002130 secs]
144.893: [GC (Allocation Failure) 36484K->435K(77952K), 0.0002060 secs]
144.918: [GC (Allocation Failure) 35312K->435K(76800K), 0.0002130 secs]
145.073: [GC (Allocation Failure) 34140K->435K(75712K), 0.0003360 secs]
145.087: [GC (Allocation Failure) 33065K->435K(74624K), 0.0003280 secs]
145.117: [GC (Allocation Failure) 31893K->435K(73600K), 0.0002140 secs]
145.135: [GC (Allocation Failure) 30917K->435K(72640K), 0.0002010 secs]
145.166: [GC (Allocation Failure) 29940K->435K(71744K), 0.0002160 secs]
145.220: [GC (Allocation Failure) 29061K->435K(70848K), 0.0002120 secs]
145.232: [GC (Allocation Failure) 28182K->435K(76416K), 0.0003230 secs]
145.267: [GC (Allocation Failure) 33749K->435K(75328K), 0.0002130 secs]
145.282: [GC (Allocation Failure) 32675K->435K(81792K), 0.0002170 secs]
145.302: [GC (Allocation Failure) 39121K->435K(80448K), 0.0002010 secs]
145.319: [GC (Allocation Failure) 37754K->435K(79168K), 0.0001990 secs]
145.340: [GC (Allocation Failure) 36484K->435K(77952K), 0.0002150 secs]
145.359: [GC (Allocation Failure) 35312K->435K(76800K), 0.0002030 secs]
145.378: [GC (Allocation Failure) 34140K->435K(75712K), 0.0002160 secs]
145.393: [GC (Allocation Failure) 33065K->435K(82240K), 0.0002160 secs]
145.414: [GC (Allocation Failure) 39512K->435K(80896K), 0.0002030 secs]
145.434: [GC (Allocation Failure) 38242K->435K(79616K), 0.0002140 secs]
145.450: [GC (Allocation Failure) 36972K->435K(86976K), 0.0002150 secs]
145.469: [GC (Allocation Failure) 44298K->435K(85376K), 0.0002050 secs]
145.522: [GC (Allocation Failure) 42735K->435K(83904K), 0.0002140 secs]
145.540: [GC (Allocation Failure) 41172K->435K(82496K), 0.0002050 secs]
145.557: [GC (Allocation Failure) 39805K->435K(90432K), 0.0002700 secs]
145.594: [GC (Allocation Failure) 47716K->435K(88704K), 0.0002420 secs]
145.618: [GC (Allocation Failure) 46056K->435K(87040K), 0.0002200 secs]
145.677: [GC (Allocation Failure) 44395K->435K(85440K), 0.0002840 secs]
145.700: [GC (Allocation Failure) 42735K->435K(83968K), 0.0002060 secs]
145.718: [GC (Allocation Failure) 41270K->435K(82560K), 0.0002010 secs]
145.738: [GC (Allocation Failure) 39902K->435K(81216K), 0.0002050 secs]
145.775: [GC (Allocation Failure) 38535K->435K(79936K), 0.0002120 secs]
145.795: [GC (Allocation Failure) 37265K->435K(78656K), 0.0002130 secs]
145.811: [GC (Allocation Failure) 35996K->435K(77440K), 0.0002030 secs]
145.826: [GC (Allocation Failure) 34726K->435K(76288K), 0.0002030 secs]
145.840: [GC (Allocation Failure) 33554K->435K(82944K), 0.0002050 secs]
145.886: [GC (Allocation Failure) 40293K->435K(81536K), 0.0002220 secs]
145.914: [GC (Allocation Failure) 38828K->435K(80192K), 0.0002130 secs]
145.934: [GC (Allocation Failure) 37461K->435K(78912K), 0.0002220 secs]
145.979: [GC (Allocation Failure) 36191K->435K(77696K), 0.0002240 secs]
145.994: [GC (Allocation Failure) 35019K->435K(76544K), 0.0002060 secs]
146.023: [GC (Allocation Failure) 33847K->435K(75456K), 0.0002120 secs]
146.042: [GC (Allocation Failure) 32772K->435K(74432K), 0.0002130 secs]
146.073: [GC (Allocation Failure) 31698K->435K(73408K), 0.0002300 secs]
146.086: [GC (Allocation Failure) 30721K->435K(79488K), 0.0002730 secs]
146.221: [GC (Allocation Failure) 36777K->435K(78272K), 0.0002150 secs]
146.240: [GC (Allocation Failure) 35605K->435K(77120K), 0.0002000 secs]
146.271: [GC (Allocation Failure) 34433K->435K(75968K), 0.0002280 secs]
146.289: [GC (Allocation Failure) 33261K->435K(74880K), 0.0002250 secs]
146.321: [GC (Allocation Failure) 32186K->435K(73856K), 0.0002040 secs]
146.338: [GC (Allocation Failure) 31210K->435K(72896K), 0.0002130 secs]
146.372: [GC (Allocation Failure) 30233K->435K(71936K), 0.0002120 secs]
146.389: [GC (Allocation Failure) 29256K->435K(71040K), 0.0002020 secs]
146.402: [GC (Allocation Failure) 28377K->435K(76672K), 0.0002280 secs]
146.416: [GC (Allocation Failure) 33944K->435K(83392K), 0.0002140 secs]
146.527: [GC (Allocation Failure) 40684K->435K(81984K), 0.0002120 secs]
146.544: [GC (Allocation Failure) 39316K->435K(80640K), 0.0002740 secs]
146.598: [GC (Allocation Failure) 37949K->435K(79360K), 0.0002190 secs]
146.615: [GC (Allocation Failure) 36679K->435K(78144K), 0.0002260 secs]
146.666: [GC (Allocation Failure) 35409K->435K(76992K), 0.0002180 secs]
146.820: [GC (Allocation Failure) 34335K->435K(75904K), 0.0002780 secs]
146.851: [GC (Allocation Failure) 33261K->435K(74816K), 0.0002220 secs]
146.907: [GC (Allocation Failure) 32089K->435K(73792K), 0.0002030 secs]
146.973: [GC (Allocation Failure) 31112K->435K(72832K), 0.0002230 secs]
146.986: [GC (Allocation Failure) 30135K->435K(71872K), 0.0002040 secs]
147.003: [GC (Allocation Failure) 29158K->435K(70976K), 0.0002020 secs]
147.019: [GC (Allocation Failure) 28279K->435K(70144K), 0.0002300 secs]
147.035: [GC (Allocation Failure) 27498K->435K(69312K), 0.0002110 secs]
147.073: [GC (Allocation Failure) 26619K->435K(68544K), 0.0002460 secs]
147.121: [GC (Allocation Failure) 25838K->435K(67776K), 0.0002080 secs]
147.132: [GC (Allocation Failure) 25052K->435K(67072K), 0.0002200 secs]
147.221: [GC (Allocation Failure) 24369K->435K(66368K), 0.0002300 secs]
147.232: [GC (Allocation Failure) 23685K->435K(71040K), 0.0002660 secs]
147.272: [GC (Allocation Failure) 28377K->435K(70208K), 0.0002270 secs]
147.288: [GC (Allocation Failure) 27498K->435K(69376K), 0.0002040 secs]
147.332: [GC (Allocation Failure) 26717K->435K(68608K), 0.0003850 secs]
147.404: [GC (Allocation Failure) 25935K->435K(67840K), 0.0002820 secs]
147.415: [GC (Allocation Failure) 25150K->435K(67136K), 0.0002180 secs]
147.469: [GC (Allocation Failure) 24466K->435K(66432K), 0.0002590 secs]
147.479: [GC (Allocation Failure) 23783K->435K(71104K), 0.0002070 secs]
147.519: [GC (Allocation Failure) 28377K->435K(70272K), 0.0002260 secs]
147.535: [GC (Allocation Failure) 27596K->435K(69440K), 0.0002160 secs]
147.550: [GC (Allocation Failure) 26717K->435K(74752K), 0.0002130 secs]
147.565: [GC (Allocation Failure) 32089K->435K(81088K), 0.0002240 secs]
147.673: [GC (Allocation Failure) 38437K->435K(79808K), 0.0002130 secs]
147.693: [GC (Allocation Failure) 37168K->435K(78592K), 0.0002110 secs]
147.740: [GC (Allocation Failure) 35898K->435K(77376K), 0.0002100 secs]
147.757: [GC (Allocation Failure) 34726K->435K(76224K), 0.0002080 secs]
147.775: [GC (Allocation Failure) 33554K->435K(75136K), 0.0002120 secs]
147.790: [GC (Allocation Failure) 32479K->435K(74112K), 0.0002160 secs]
147.803: [GC (Allocation Failure) 31405K->435K(80320K), 0.0002060 secs]
147.819: [GC (Allocation Failure) 37656K->435K(87808K), 0.0002040 secs]
147.944: [GC (Allocation Failure) 45079K->435K(86208K), 0.0002280 secs]
147.968: [GC (Allocation Failure) 43516K->435K(84672K), 0.0002390 secs]
148.029: [GC (Allocation Failure) 41953K->435K(83200K), 0.0002100 secs]
148.047: [GC (Allocation Failure) 40488K->435K(81792K), 0.0002720 secs]
148.077: [GC (Allocation Failure) 39121K->435K(80448K), 0.0002090 secs]
148.093: [GC (Allocation Failure) 37754K->435K(79168K), 0.0002700 secs]
148.123: [GC (Allocation Failure) 36484K->435K(77952K), 0.0002150 secs]
148.278: [GC (Allocation Failure) 35312K->435K(76800K), 0.0003240 secs]
148.297: [GC (Allocation Failure) 34140K->435K(75712K), 0.0002200 secs]
148.311: [GC (Allocation Failure) 33065K->435K(74624K), 0.0002170 secs]
148.329: [GC (Allocation Failure) 31893K->435K(73600K), 0.0002180 secs]
148.342: [GC (Allocation Failure) 30917K->435K(79744K), 0.0002170 secs]
148.358: [GC (Allocation Failure) 37070K->435K(87104K), 0.0002140 secs]
148.381: [GC (Allocation Failure) 44395K->435K(85504K), 0.0002000 secs]
148.400: [GC (Allocation Failure) 42833K->435K(94016K), 0.0002310 secs]
148.422: [GC (Allocation Failure) 51334K->435K(92096K), 0.0002150 secs]
148.443: [GC (Allocation Failure) 49377K->435K(90304K), 0.0002050 secs]
148.579: [GC (Allocation Failure) 47618K->435K(88576K), 0.0002030 secs]
148.615: [GC (Allocation Failure) 45860K->435K(86912K), 0.0002580 secs]
148.634: [GC (Allocation Failure) 44200K->435K(85312K), 0.0002050 secs]
148.670: [GC (Allocation Failure) 42637K->435K(83840K), 0.0002120 secs]
148.692: [GC (Allocation Failure) 41172K->435K(82432K), 0.0002220 secs]
148.709: [GC (Allocation Failure) 39707K->435K(81088K), 0.0002120 secs]
148.726: [GC (Allocation Failure) 38437K->435K(79808K), 0.0002150 secs]
148.745: [GC (Allocation Failure) 37168K->435K(78592K), 0.0002120 secs]
148.783: [GC (Allocation Failure) 35898K->435K(77376K), 0.0002170 secs]
148.803: [GC (Allocation Failure) 34726K->435K(76224K), 0.0002010 secs]
148.821: [GC (Allocation Failure) 33554K->435K(75136K), 0.0002030 secs]
148.835: [GC (Allocation Failure) 32479K->435K(74112K), 0.0002140 secs]
148.906: [GC (Allocation Failure) 31405K->435K(73152K), 0.0002140 secs]
148.923: [GC (Allocation Failure) 30428K->435K(72192K), 0.0002120 secs]
148.936: [GC (Allocation Failure) 29549K->435K(78016K), 0.0002280 secs]
148.951: [GC (Allocation Failure) 35312K->435K(85056K), 0.0002050 secs]
148.970: [GC (Allocation Failure) 42344K->435K(93504K), 0.0002030 secs]
149.135: [GC (Allocation Failure) 50846K->435K(91648K), 0.0002220 secs]
149.159: [GC (Allocation Failure) 48986K->435K(89856K), 0.0002040 secs]
149.180: [GC (Allocation Failure) 47130K->435K(88128K), 0.0002150 secs]
149.199: [GC (Allocation Failure) 45470K->435K(86528K), 0.0002030 secs]
149.222: [GC (Allocation Failure) 43809K->435K(84992K), 0.0002100 secs]
149.281: [GC (Allocation Failure) 42344K->435K(83520K), 0.0002020 secs]
149.299: [GC (Allocation Failure) 40879K->435K(82112K), 0.0003240 secs]
149.430: [GC (Allocation Failure) 39414K->435K(80768K), 0.0002840 secs]
149.451: [GC (Allocation Failure) 38047K->435K(79488K), 0.0002130 secs]
149.497: [GC (Allocation Failure) 36777K->435K(78272K), 0.0002200 secs]
149.529: [GC (Allocation Failure) 35605K->435K(77120K), 0.0002130 secs]
149.544: [GC (Allocation Failure) 34433K->435K(75968K), 0.0002180 secs]
149.560: [GC (Allocation Failure) 33261K->435K(74880K), 0.0001990 secs]
149.727: [GC (Allocation Failure) 32186K->435K(73856K), 0.0002080 secs]
149.745: [GC (Allocation Failure) 31210K->435K(72896K), 0.0002320 secs]
149.760: [GC (Allocation Failure) 30233K->435K(71936K), 0.0002020 secs]
149.785: [GC (Allocation Failure) 29256K->435K(71040K), 0.0002230 secs]
149.802: [GC (Allocation Failure) 28377K->435K(70208K), 0.0002160 secs]
149.818: [GC (Allocation Failure) 27498K->435K(69376K), 0.0002170 secs]
149.833: [GC (Allocation Failure) 26717K->435K(74688K), 0.0002190 secs]
149.875: [GC (Allocation Failure) 31991K->435K(73664K), 0.0002180 secs]
149.888: [GC (Allocation Failure) 31014K->435K(79808K), 0.0002190 secs]
149.908: [GC (Allocation Failure) 37168K->435K(87168K), 0.0002240 secs]
149.933: [GC (Allocation Failure) 44493K->435K(85568K), 0.0002140 secs]
149.956: [GC (Allocation Failure) 42930K->435K(84032K), 0.0002210 secs]
149.982: [GC (Allocation Failure) 41367K->435K(82624K), 0.0002030 secs]
150.000: [GC (Allocation Failure) 39902K->435K(81280K), 0.0002750 secs]
150.077: [GC (Allocation Failure) 38633K->435K(80000K), 0.0002140 secs]
150.097: [GC (Allocation Failure) 37363K->435K(78720K), 0.0002040 secs]
150.130: [GC (Allocation Failure) 35996K->435K(77504K), 0.0002040 secs]
150.145: [GC (Allocation Failure) 34823K->435K(76352K), 0.0002030 secs]
150.179: [GC (Allocation Failure) 33651K->435K(75264K), 0.0002130 secs]
150.197: [GC (Allocation Failure) 32577K->435K(74240K), 0.0002120 secs]
150.215: [GC (Allocation Failure) 31600K->435K(73216K), 0.0002100 secs]
150.272: [GC (Allocation Failure) 30526K->435K(72256K), 0.0002070 secs]
150.285: [GC (Allocation Failure) 29549K->435K(71360K), 0.0002020 secs]
150.327: [GC (Allocation Failure) 28670K->435K(70464K), 0.0002120 secs]
150.339: [GC (Allocation Failure) 27791K->435K(69632K), 0.0002200 secs]
150.373: [GC (Allocation Failure) 26912K->435K(68864K), 0.0002340 secs]
150.384: [GC (Allocation Failure) 26131K->435K(74048K), 0.0002050 secs]
150.397: [GC (Allocation Failure) 31405K->435K(80256K), 0.0002160 secs]
150.417: [GC (Allocation Failure) 37558K->435K(87744K), 0.0002110 secs]
150.584: [GC (Allocation Failure) 45079K->435K(86144K), 0.0002060 secs]
150.603: [GC (Allocation Failure) 43419K->435K(84608K), 0.0002210 secs]
150.633: [GC (Allocation Failure) 41953K->435K(83136K), 0.0002360 secs]
150.654: [GC (Allocation Failure) 40488K->435K(81728K), 0.0002000 secs]
150.677: [GC (Allocation Failure) 39023K->435K(80384K), 0.0002230 secs]
150.697: [GC (Allocation Failure) 37656K->435K(79104K), 0.0002240 secs]
150.731: [GC (Allocation Failure) 36386K->435K(77888K), 0.0002130 secs]
150.746: [GC (Allocation Failure) 35214K->435K(76736K), 0.0002150 secs]
150.762: [GC (Allocation Failure) 34042K->435K(75648K), 0.0002110 secs]
150.875: [GC (Allocation Failure) 32968K->435K(74560K), 0.0002020 secs]
150.889: [GC (Allocation Failure) 31893K->435K(73536K), 0.0002100 secs]
150.975: [GC (Allocation Failure) 30819K->435K(72576K), 0.0002270 secs]
150.987: [GC (Allocation Failure) 29842K->435K(71680K), 0.0002040 secs]
151.004: [GC (Allocation Failure) 28963K->435K(70784K), 0.0002140 secs]
151.020: [GC (Allocation Failure) 28084K->435K(69952K), 0.0002020 secs]
151.036: [GC (Allocation Failure) 27303K->435K(75328K), 0.0002210 secs]
151.050: [GC (Allocation Failure) 32675K->435K(81792K), 0.0002210 secs]
151.072: [GC (Allocation Failure) 39121K->435K(89536K), 0.0002100 secs]
151.096: [GC (Allocation Failure) 46837K->435K(87872K), 0.0002160 secs]
151.116: [GC (Allocation Failure) 45177K->435K(86272K), 0.0002160 secs]
151.138: [GC (Allocation Failure) 43614K->435K(84736K), 0.0002120 secs]
151.184: [GC (Allocation Failure) 42051K->435K(83264K), 0.0002060 secs]
151.230: [GC (Allocation Failure) 40586K->435K(81856K), 0.0002150 secs]
151.279: [GC (Allocation Failure) 39219K->435K(80512K), 0.0002060 secs]
151.328: [GC (Allocation Failure) 37851K->435K(79232K), 0.0002050 secs]
151.408: [GC (Allocation Failure) 36582K->435K(78016K), 0.0002260 secs]
151.427: [GC (Allocation Failure) 35312K->435K(76864K), 0.0002710 secs]
151.446: [GC (Allocation Failure) 34140K->435K(75776K), 0.0002140 secs]
151.460: [GC (Allocation Failure) 33065K->435K(74688K), 0.0002270 secs]
151.474: [GC (Allocation Failure) 31991K->435K(81024K), 0.0002150 secs]
151.495: [GC (Allocation Failure) 38340K->435K(79744K), 0.0002200 secs]
151.532: [GC (Allocation Failure) 37070K->435K(78528K), 0.0002230 secs]
151.548: [GC (Allocation Failure) 35800K->435K(77312K), 0.0002060 secs]
151.581: [GC (Allocation Failure) 34628K->435K(76160K), 0.0002170 secs]
151.596: [GC (Allocation Failure) 33456K->435K(82816K), 0.0002740 secs]
151.634: [GC (Allocation Failure) 40098K->435K(81408K), 0.0002140 secs]
151.651: [GC (Allocation Failure) 38730K->435K(89088K), 0.0003240 secs]
151.737: [GC (Allocation Failure) 46446K->435K(87424K), 0.0002410 secs]
151.756: [GC (Allocation Failure) 44786K->435K(85824K), 0.0002050 secs]
151.831: [GC (Allocation Failure) 43126K->435K(84288K), 0.0002760 secs]
151.882: [GC (Allocation Failure) 41563K->435K(82816K), 0.0002170 secs]
151.903: [GC (Allocation Failure) 40098K->435K(81408K), 0.0002150 secs]
151.920: [GC (Allocation Failure) 38730K->435K(80064K), 0.0002020 secs]
151.983: [GC (Allocation Failure) 37363K->435K(78784K), 0.0002150 secs]
151.998: [GC (Allocation Failure) 36093K->435K(77568K), 0.0002140 secs]
152.032: [GC (Allocation Failure) 34921K->435K(76416K), 0.0002140 secs]
152.051: [GC (Allocation Failure) 33749K->435K(75328K), 0.0002080 secs]
152.065: [GC (Allocation Failure) 32675K->435K(74304K), 0.0002150 secs]
152.079: [GC (Allocation Failure) 31600K->435K(80576K), 0.0002070 secs]
152.095: [GC (Allocation Failure) 37851K->435K(88128K), 0.0002050 secs]
152.114: [GC (Allocation Failure) 45470K->435K(86528K), 0.0002020 secs]
152.137: [GC (Allocation Failure) 43809K->435K(84992K), 0.0002130 secs]
152.159: [GC (Allocation Failure) 42344K->435K(83520K), 0.0002090 secs]
152.289: [GC (Allocation Failure) 40879K->435K(82112K), 0.0002170 secs]
152.310: [GC (Allocation Failure) 39414K->435K(80768K), 0.0002260 secs]
152.380: [GC (Allocation Failure) 38047K->435K(79488K), 0.0002090 secs]
152.429: [GC (Allocation Failure) 36777K->435K(78272K), 0.0002030 secs]
152.483: [GC (Allocation Failure) 35605K->435K(77120K), 0.0002240 secs]
152.497: [GC (Allocation Failure) 34433K->435K(75968K), 0.0002040 secs]
152.514: [GC (Allocation Failure) 33261K->435K(74880K), 0.0002120 secs]
152.532: [GC (Allocation Failure) 32186K->435K(73856K), 0.0002030 secs]
152.549: [GC (Allocation Failure) 31210K->435K(72896K), 0.0002130 secs]
152.564: [GC (Allocation Failure) 30233K->435K(71936K), 0.0002270 secs]
152.594: [GC (Allocation Failure) 29256K->435K(71040K), 0.0002150 secs]
152.606: [GC (Allocation Failure) 28377K->435K(76672K), 0.0002170 secs]
152.631: [GC (Allocation Failure) 33944K->435K(75584K), 0.0002200 secs]
152.661: [GC (Allocation Failure) 32870K->435K(74560K), 0.0002400 secs]
152.679: [GC (Allocation Failure) 31893K->435K(73536K), 0.0002030 secs]
152.697: [GC (Allocation Failure) 30819K->435K(72576K), 0.0002020 secs]
152.714: [GC (Allocation Failure) 29842K->435K(71680K), 0.0002030 secs]
152.733: [GC (Allocation Failure) 28963K->435K(70784K), 0.0002040 secs]
152.780: [GC (Allocation Failure) 28084K->435K(69952K), 0.0002140 secs]
152.796: [GC (Allocation Failure) 27303K->435K(69120K), 0.0002030 secs]
152.808: [GC (Allocation Failure) 26424K->435K(74368K), 0.0002070 secs]
152.828: [GC (Allocation Failure) 31698K->435K(80640K), 0.0002730 secs]
152.849: [GC (Allocation Failure) 37949K->435K(88192K), 0.0002130 secs]
152.914: [GC (Allocation Failure) 45470K->435K(86592K), 0.0002150 secs]
152.937: [GC (Allocation Failure) 43907K->435K(85056K), 0.0002130 secs]
152.959: [GC (Allocation Failure) 42344K->435K(83584K), 0.0002110 secs]
153.031: [GC (Allocation Failure) 40879K->435K(82176K), 0.0002220 secs]
153.048: [GC (Allocation Failure) 39512K->435K(80832K), 0.0003360 secs]
153.086: [GC (Allocation Failure) 38144K->435K(79552K), 0.0002190 secs]
153.106: [GC (Allocation Failure) 36875K->435K(78336K), 0.0002270 secs]
153.121: [GC (Allocation Failure) 35605K->435K(77184K), 0.0002050 secs]
153.136: [GC (Allocation Failure) 34530K->435K(76032K), 0.0002040 secs]
153.150: [GC (Allocation Failure) 33358K->435K(82624K), 0.0002160 secs]
153.186: [GC (Allocation Failure) 39902K->435K(81280K), 0.0002060 secs]
153.231: [GC (Allocation Failure) 38633K->435K(80000K), 0.0002260 secs]
153.251: [GC (Allocation Failure) 37363K->435K(78720K), 0.0002040 secs]
153.267: [GC (Allocation Failure) 35996K->435K(77504K), 0.0002150 secs]
153.285: [GC (Allocation Failure) 34823K->435K(84416K), 0.0003300 secs]
153.336: [GC (Allocation Failure) 41758K->435K(82944K), 0.0002200 secs]
153.354: [GC (Allocation Failure) 40293K->435K(90944K), 0.0002740 secs]
153.413: [GC (Allocation Failure) 48302K->435K(89216K), 0.0002150 secs]
153.490: [GC (Allocation Failure) 46544K->435K(87552K), 0.0002200 secs]
153.513: [GC (Allocation Failure) 44884K->435K(85952K), 0.0002150 secs]
153.532: [GC (Allocation Failure) 43223K->435K(84416K), 0.0002160 secs]
153.549: [GC (Allocation Failure) 41758K->435K(82944K), 0.0002130 secs]
153.570: [GC (Allocation Failure) 40293K->435K(81536K), 0.0002090 secs]
153.606: [GC (Allocation Failure) 38828K->435K(80192K), 0.0002270 secs]
153.627: [GC (Allocation Failure) 37461K->435K(78912K), 0.0002210 secs]
153.643: [GC (Allocation Failure) 36191K->435K(77696K), 0.0002640 secs]
153.740: [GC (Allocation Failure) 35019K->435K(76544K), 0.0002240 secs]
153.754: [GC (Allocation Failure) 33847K->435K(75456K), 0.0002160 secs]
153.830: [GC (Allocation Failure) 32772K->435K(74432K), 0.0002120 secs]
153.847: [GC (Allocation Failure) 31698K->435K(73408K), 0.0002010 secs]
153.861: [GC (Allocation Failure) 30721K->435K(72448K), 0.0002480 secs]
153.877: [GC (Allocation Failure) 29745K->435K(71552K), 0.0002010 secs]
153.894: [GC (Allocation Failure) 28865K->435K(77248K), 0.0002180 secs]
153.913: [GC (Allocation Failure) 34530K->435K(84096K), 0.0002050 secs]
153.934: [GC (Allocation Failure) 41367K->435K(82624K), 0.0002170 secs]
153.951: [GC (Allocation Failure) 39902K->435K(81280K), 0.0002060 secs]
154.082: [GC (Allocation Failure) 38633K->435K(80000K), 0.0002170 secs]
154.102: [GC (Allocation Failure) 37363K->435K(78720K), 0.0002130 secs]
154.118: [GC (Allocation Failure) 35996K->435K(77504K), 0.0002030 secs]
154.136: [GC (Allocation Failure) 34823K->435K(76352K), 0.0002100 secs]
154.184: [GC (Allocation Failure) 33651K->435K(75264K), 0.0002070 secs]
154.203: [GC (Allocation Failure) 32577K->435K(74240K), 0.0002130 secs]
154.220: [GC (Allocation Failure) 31600K->435K(73216K), 0.0002230 secs]
154.288: [GC (Allocation Failure) 30526K->435K(72256K), 0.0002150 secs]
154.300: [GC (Allocation Failure) 29549K->435K(78144K), 0.0003350 secs]
154.336: [GC (Allocation Failure) 35409K->435K(76992K), 0.0002190 secs]
154.385: [GC (Allocation Failure) 34335K->435K(75904K), 0.0002950 secs]
154.407: [GC (Allocation Failure) 33261K->435K(74816K), 0.0002860 secs]
154.480: [GC (Allocation Failure) 32089K->435K(73792K), 0.0002270 secs]
154.497: [GC (Allocation Failure) 31112K->435K(72832K), 0.0002130 secs]
154.529: [GC (Allocation Failure) 30135K->435K(71872K), 0.0002230 secs]
154.546: [GC (Allocation Failure) 29158K->435K(70976K), 0.0002110 secs]
154.609: [GC (Allocation Failure) 28279K->435K(70144K), 0.0002110 secs]
154.625: [GC (Allocation Failure) 27498K->435K(69312K), 0.0002440 secs]
154.658: [GC (Allocation Failure) 26619K->435K(68544K), 0.0002090 secs]
154.687: [GC (Allocation Failure) 25838K->435K(67776K), 0.0003400 secs]
154.698: [GC (Allocation Failure) 25052K->435K(72768K), 0.0002780 secs]
154.733: [GC (Allocation Failure) 30038K->435K(78720K), 0.0002190 secs]
154.749: [GC (Allocation Failure) 35996K->435K(85888K), 0.0002060 secs]
154.789: [GC (Allocation Failure) 43223K->435K(84352K), 0.0002210 secs]
154.808: [GC (Allocation Failure) 41660K->435K(82880K), 0.0002190 secs]
154.825: [GC (Allocation Failure) 40195K->435K(81472K), 0.0002020 secs]
154.842: [GC (Allocation Failure) 38828K->435K(80128K), 0.0002060 secs]
154.858: [GC (Allocation Failure) 37461K->435K(87552K), 0.0002030 secs]
154.877: [GC (Allocation Failure) 44884K->435K(85952K), 0.0002020 secs]
154.936: [GC (Allocation Failure) 43223K->435K(84416K), 0.0002250 secs]
154.954: [GC (Allocation Failure) 41758K->435K(82944K), 0.0002030 secs]
154.975: [GC (Allocation Failure) 40293K->435K(81536K), 0.0002010 secs]
155.038: [GC (Allocation Failure) 38828K->435K(80192K), 0.0002160 secs]
155.058: [GC (Allocation Failure) 37461K->435K(78912K), 0.0002010 secs]
155.087: [GC (Allocation Failure) 36191K->435K(77696K), 0.0002750 secs]
155.102: [GC (Allocation Failure) 35019K->435K(76544K), 0.0002160 secs]
155.235: [GC (Allocation Failure) 33847K->435K(75456K), 0.0002190 secs]
155.254: [GC (Allocation Failure) 32772K->435K(74432K), 0.0002010 secs]
155.267: [GC (Allocation Failure) 31698K->435K(73408K), 0.0002250 secs]
155.285: [GC (Allocation Failure) 30721K->435K(72448K), 0.0002050 secs]
155.298: [GC (Allocation Failure) 29745K->435K(78336K), 0.0002270 secs]
155.317: [GC (Allocation Failure) 35605K->435K(85440K), 0.0002000 secs]
155.340: [GC (Allocation Failure) 42735K->435K(83968K), 0.0002090 secs]
155.358: [GC (Allocation Failure) 41270K->435K(82560K), 0.0002150 secs]
155.379: [GC (Allocation Failure) 39902K->435K(81216K), 0.0002130 secs]
155.396: [GC (Allocation Failure) 38535K->435K(79936K), 0.0002230 secs]
155.412: [GC (Allocation Failure) 37265K->435K(87360K), 0.0002140 secs]
155.431: [GC (Allocation Failure) 44688K->435K(96256K), 0.0002150 secs]
155.458: [GC (Allocation Failure) 53580K->435K(94272K), 0.0002090 secs]
155.493: [GC (Allocation Failure) 51627K->435K(92352K), 0.0002190 secs]
155.514: [GC (Allocation Failure) 49670K->435K(90496K), 0.0002270 secs]
155.535: [GC (Allocation Failure) 47814K->435K(88768K), 0.0002170 secs]
155.555: [GC (Allocation Failure) 46056K->435K(87104K), 0.0002160 secs]
155.578: [GC (Allocation Failure) 44395K->435K(85504K), 0.0002070 secs]
155.640: [GC (Allocation Failure) 42833K->435K(83968K), 0.0002070 secs]
155.658: [GC (Allocation Failure) 41270K->435K(82560K), 0.0002050 secs]
155.689: [GC (Allocation Failure) 39902K->435K(81216K), 0.0002100 secs]
155.706: [GC (Allocation Failure) 38535K->435K(79936K), 0.0002170 secs]
155.741: [GC (Allocation Failure) 37265K->435K(78656K), 0.0002290 secs]
155.757: [GC (Allocation Failure) 35996K->435K(77440K), 0.0002260 secs]
155.773: [GC (Allocation Failure) 34726K->435K(76288K), 0.0002230 secs]
155.833: [GC (Allocation Failure) 33554K->435K(75200K), 0.0002240 secs]
155.851: [GC (Allocation Failure) 32479K->435K(74176K), 0.0002100 secs]
155.884: [GC (Allocation Failure) 31503K->435K(73152K), 0.0002810 secs]
155.905: [GC (Allocation Failure) 30428K->435K(72192K), 0.0002170 secs]
155.935: [GC (Allocation Failure) 29549K->435K(71296K), 0.0002250 secs]
155.948: [GC (Allocation Failure) 28572K->435K(70400K), 0.0002160 secs]
155.960: [GC (Allocation Failure) 27693K->435K(75904K), 0.0002170 secs]
155.989: [GC (Allocation Failure) 33261K->435K(74816K), 0.0002300 secs]
156.007: [GC (Allocation Failure) 32089K->435K(73792K), 0.0002010 secs]
156.082: [GC (Allocation Failure) 31112K->435K(72832K), 0.0002720 secs]
156.136: [GC (Allocation Failure) 30135K->435K(71872K), 0.0002140 secs]
156.149: [GC (Allocation Failure) 29158K->435K(77632K), 0.0003310 secs]
156.188: [GC (Allocation Failure) 34921K->435K(76480K), 0.0002380 secs]
156.207: [GC (Allocation Failure) 33749K->435K(75392K), 0.0002300 secs]
156.222: [GC (Allocation Failure) 32675K->435K(81856K), 0.0002050 secs]
156.238: [GC (Allocation Failure) 39219K->435K(89664K), 0.0002750 secs]
156.393: [GC (Allocation Failure) 46935K->435K(87936K), 0.0002360 secs]
156.417: [GC (Allocation Failure) 45274K->435K(86336K), 0.0002220 secs]
156.438: [GC (Allocation Failure) 43614K->435K(84800K), 0.0002250 secs]
156.456: [GC (Allocation Failure) 42149K->435K(83328K), 0.0002060 secs]
156.477: [GC (Allocation Failure) 40684K->435K(81920K), 0.0002020 secs]
156.498: [GC (Allocation Failure) 39219K->435K(80576K), 0.0002010 secs]
156.518: [GC (Allocation Failure) 37851K->435K(79296K), 0.0002200 secs]
156.536: [GC (Allocation Failure) 36582K->435K(78080K), 0.0002560 secs]
156.565: [GC (Allocation Failure) 35409K->435K(76928K), 0.0002030 secs]
156.580: [GC (Allocation Failure) 34237K->435K(75840K), 0.0002230 secs]
156.594: [GC (Allocation Failure) 33163K->435K(82432K), 0.0002020 secs]
156.615: [GC (Allocation Failure) 39707K->435K(90304K), 0.0002530 secs]
156.645: [GC (Allocation Failure) 47618K->435K(88576K), 0.0002280 secs]
156.699: [GC (Allocation Failure) 45860K->435K(86912K), 0.0002170 secs]
156.718: [GC (Allocation Failure) 44200K->435K(85312K), 0.0002070 secs]
156.741: [GC (Allocation Failure) 42637K->435K(83840K), 0.0002760 secs]
156.762: [GC (Allocation Failure) 41172K->435K(82432K), 0.0002190 secs]
156.780: [GC (Allocation Failure) 39707K->435K(81088K), 0.0002050 secs]
156.796: [GC (Allocation Failure) 38437K->435K(79808K), 0.0002050 secs]
156.836: [GC (Allocation Failure) 37168K->435K(78592K), 0.0002260 secs]
156.851: [GC (Allocation Failure) 35898K->435K(77376K), 0.0002140 secs]
156.866: [GC (Allocation Failure) 34726K->435K(76224K), 0.0002030 secs]
156.888: [GC (Allocation Failure) 33554K->435K(75136K), 0.0002120 secs]
156.902: [GC (Allocation Failure) 32479K->435K(81600K), 0.0002730 secs]
156.990: [GC (Allocation Failure) 38926K->435K(80256K), 0.0002240 secs]
157.006: [GC (Allocation Failure) 37558K->435K(78976K), 0.0002060 secs]
157.087: [GC (Allocation Failure) 36289K->435K(77760K), 0.0002160 secs]
157.120: [GC (Allocation Failure) 35116K->435K(76608K), 0.0002630 secs]
157.139: [GC (Allocation Failure) 33944K->435K(75520K), 0.0002130 secs]
157.194: [GC (Allocation Failure) 32870K->435K(74496K), 0.0002090 secs]
157.212: [GC (Allocation Failure) 31796K->435K(73472K), 0.0002120 secs]
157.229: [GC (Allocation Failure) 30819K->435K(72512K), 0.0002130 secs]
157.246: [GC (Allocation Failure) 29842K->435K(71616K), 0.0002040 secs]
157.259: [GC (Allocation Failure) 28963K->435K(77376K), 0.0002060 secs]
157.335: [GC (Allocation Failure) 34726K->435K(76224K), 0.0002050 secs]
157.389: [GC (Allocation Failure) 33554K->435K(75136K), 0.0002120 secs]
157.403: [GC (Allocation Failure) 32479K->435K(74112K), 0.0002060 secs]
157.434: [GC (Allocation Failure) 31405K->435K(73152K), 0.0002050 secs]
157.538: [GC (Allocation Failure) 30428K->435K(72192K), 0.0002250 secs]
157.551: [GC (Allocation Failure) 29549K->435K(71296K), 0.0002690 secs]
157.637: [GC (Allocation Failure) 28572K->435K(70400K), 0.0002230 secs]
157.653: [GC (Allocation Failure) 27693K->435K(69568K), 0.0002370 secs]
157.686: [GC (Allocation Failure) 26912K->435K(68800K), 0.0002130 secs]
157.702: [GC (Allocation Failure) 26131K->435K(68032K), 0.0002020 secs]
157.717: [GC (Allocation Failure) 25349K->435K(67328K), 0.0002120 secs]
157.728: [GC (Allocation Failure) 24662K->435K(72192K), 0.0002200 secs]
157.834: [GC (Allocation Failure) 29549K->435K(71296K), 0.0002270 secs]
157.850: [GC (Allocation Failure) 28572K->435K(70400K), 0.0002120 secs]
157.893: [GC (Allocation Failure) 27693K->435K(69568K), 0.0002110 secs]
157.908: [GC (Allocation Failure) 26912K->435K(68800K), 0.0002150 secs]
157.921: [GC (Allocation Failure) 26131K->435K(73984K), 0.0002130 secs]
157.988: [GC (Allocation Failure) 31307K->435K(73024K), 0.0002320 secs]
158.001: [GC (Allocation Failure) 30331K->435K(72064K), 0.0002150 secs]
158.018: [GC (Allocation Failure) 29354K->435K(77888K), 0.0002760 secs]
158.033: [GC (Allocation Failure) 35214K->435K(84864K), 0.0002280 secs]
158.052: [GC (Allocation Failure) 42149K->435K(93248K), 0.0002040 secs]
158.094: [GC (Allocation Failure) 50553K->435K(91392K), 0.0002300 secs]
158.119: [GC (Allocation Failure) 48693K->435K(89600K), 0.0002180 secs]
158.196: [GC (Allocation Failure) 46935K->435K(87936K), 0.0002140 secs]
158.219: [GC (Allocation Failure) 45274K->435K(86336K), 0.0002110 secs]
158.238: [GC (Allocation Failure) 43614K->435K(84800K), 0.0002040 secs]
158.291: [GC (Allocation Failure) 42149K->435K(83328K), 0.0002570 secs]
158.312: [GC (Allocation Failure) 40684K->435K(81920K), 0.0002230 secs]
158.399: [GC (Allocation Failure) 39219K->435K(80576K), 0.0002090 secs]
158.419: [GC (Allocation Failure) 37851K->435K(79296K), 0.0002040 secs]
158.435: [GC (Allocation Failure) 36582K->435K(78080K), 0.0002730 secs]
158.491: [GC (Allocation Failure) 35409K->435K(76928K), 0.0002250 secs]
158.506: [GC (Allocation Failure) 34237K->435K(75840K), 0.0002130 secs]
158.520: [GC (Allocation Failure) 33163K->435K(74752K), 0.0002000 secs]
158.586: [GC (Allocation Failure) 32089K->435K(73728K), 0.0002070 secs]
158.600: [GC (Allocation Failure) 31014K->435K(72768K), 0.0002010 secs]
158.628: [GC (Allocation Failure) 30038K->435K(71808K), 0.0002070 secs]
158.663: [GC (Allocation Failure) 29158K->435K(70912K), 0.0002130 secs]
158.676: [GC (Allocation Failure) 28182K->435K(70080K), 0.0002180 secs]
158.733: [GC (Allocation Failure) 27400K->435K(69248K), 0.0002280 secs]
158.783: [GC (Allocation Failure) 26521K->435K(68480K), 0.0002160 secs]
158.837: [GC (Allocation Failure) 25838K->435K(67712K), 0.0003290 secs]
158.849: [GC (Allocation Failure) 25052K->435K(67008K), 0.0002390 secs]
158.859: [GC (Allocation Failure) 24369K->435K(71808K), 0.0002060 secs]
158.889: [GC (Allocation Failure) 29158K->435K(70912K), 0.0002120 secs]
158.901: [GC (Allocation Failure) 28182K->435K(76480K), 0.0002060 secs]
158.991: [GC (Allocation Failure) 33749K->435K(75392K), 0.0002220 secs]
159.005: [GC (Allocation Failure) 32675K->435K(74368K), 0.0002150 secs]
159.023: [GC (Allocation Failure) 31698K->435K(73344K), 0.0002120 secs]
159.091: [GC (Allocation Failure) 30624K->435K(72384K), 0.0002140 secs]
159.104: [GC (Allocation Failure) 29745K->435K(71488K), 0.0002230 secs]
159.120: [GC (Allocation Failure) 28768K->435K(77184K), 0.0002150 secs]
159.139: [GC (Allocation Failure) 34530K->435K(84032K), 0.0002150 secs]
159.161: [GC (Allocation Failure) 41367K->435K(82624K), 0.0002160 secs]
159.196: [GC (Allocation Failure) 39902K->435K(81280K), 0.0002170 secs]
159.212: [GC (Allocation Failure) 38633K->435K(88960K), 0.0002770 secs]
159.239: [GC (Allocation Failure) 46251K->435K(87296K), 0.0002160 secs]
159.262: [GC (Allocation Failure) 44591K->435K(85696K), 0.0002150 secs]
159.343: [GC (Allocation Failure) 43028K->435K(84160K), 0.0002220 secs]
159.362: [GC (Allocation Failure) 41465K->435K(82688K), 0.0002190 secs]
159.379: [GC (Allocation Failure) 40000K->435K(81344K), 0.0002050 secs]
159.396: [GC (Allocation Failure) 38633K->435K(80000K), 0.0002050 secs]
159.439: [GC (Allocation Failure) 37363K->435K(78720K), 0.0002150 secs]
159.495: [GC (Allocation Failure) 35996K->435K(77504K), 0.0002190 secs]
159.514: [GC (Allocation Failure) 34823K->435K(76352K), 0.0002160 secs]
159.528: [GC (Allocation Failure) 33651K->435K(75264K), 0.0002050 secs]
159.542: [GC (Allocation Failure) 32577K->435K(74240K), 0.0002030 secs]
159.593: [GC (Allocation Failure) 31600K->435K(73216K), 0.0002140 secs]
159.641: [GC (Allocation Failure) 30526K->435K(72256K), 0.0002250 secs]
159.654: [GC (Allocation Failure) 29549K->435K(71360K), 0.0002180 secs]
159.675: [GC (Allocation Failure) 28670K->435K(70464K), 0.0002250 secs]
159.691: [GC (Allocation Failure) 27791K->435K(69632K), 0.0002060 secs]
159.707: [GC (Allocation Failure) 26912K->435K(68864K), 0.0002090 secs]
159.721: [GC (Allocation Failure) 26131K->435K(74048K), 0.0002140 secs]
159.738: [GC (Allocation Failure) 31405K->435K(80256K), 0.0002100 secs]
159.792: [GC (Allocation Failure) 37558K->435K(78976K), 0.0002130 secs]
159.811: [GC (Allocation Failure) 36289K->435K(77760K), 0.0002000 secs]
159.831: [GC (Allocation Failure) 35116K->435K(76608K), 0.0002220 secs]
159.889: [GC (Allocation Failure) 33944K->435K(75520K), 0.0002140 secs]
159.935: [GC (Allocation Failure) 32870K->435K(74496K), 0.0002190 secs]
159.988: [GC (Allocation Failure) 31796K->435K(73472K), 0.0002140 secs]
160.041: [GC (Allocation Failure) 30819K->435K(72512K), 0.0002230 secs]
160.058: [GC (Allocation Failure) 29842K->435K(71616K), 0.0002020 secs]
160.071: [GC (Allocation Failure) 28963K->435K(70720K), 0.0002180 secs]
160.087: [GC (Allocation Failure) 27986K->435K(69888K), 0.0002260 secs]
160.102: [GC (Allocation Failure) 27205K->435K(75264K), 0.0002160 secs]
160.192: [GC (Allocation Failure) 32577K->435K(74240K), 0.0002160 secs]
160.210: [GC (Allocation Failure) 31600K->435K(73216K), 0.0002140 secs]
160.223: [GC (Allocation Failure) 30526K->435K(72256K), 0.0002050 secs]
160.283: [GC (Allocation Failure) 29549K->435K(71360K), 0.0002750 secs]
160.301: [GC (Allocation Failure) 28670K->435K(70464K), 0.0002280 secs]
160.313: [GC (Allocation Failure) 27791K->435K(75968K), 0.0002210 secs]
160.331: [GC (Allocation Failure) 33261K->435K(82560K), 0.0002110 secs]
160.392: [GC (Allocation Failure) 39902K->435K(81216K), 0.0002110 secs]
160.445: [GC (Allocation Failure) 38535K->435K(79936K), 0.0002240 secs]
160.466: [GC (Allocation Failure) 37265K->435K(78656K), 0.0002170 secs]
160.481: [GC (Allocation Failure) 35996K->435K(77440K), 0.0002180 secs]
160.496: [GC (Allocation Failure) 34726K->435K(76288K), 0.0002010 secs]
160.511: [GC (Allocation Failure) 33554K->435K(82944K), 0.0002720 secs]
160.547: [GC (Allocation Failure) 40293K->435K(81536K), 0.0002150 secs]
160.567: [GC (Allocation Failure) 38828K->435K(80192K), 0.0002030 secs]
160.588: [GC (Allocation Failure) 37461K->435K(78912K), 0.0002090 secs]
160.604: [GC (Allocation Failure) 36191K->435K(77696K), 0.0002150 secs]
160.623: [GC (Allocation Failure) 35019K->435K(84672K), 0.0002700 secs]
160.646: [GC (Allocation Failure) 41953K->435K(83200K), 0.0002090 secs]
160.664: [GC (Allocation Failure) 40488K->435K(81792K), 0.0002200 secs]
160.699: [GC (Allocation Failure) 39121K->435K(80448K), 0.0002170 secs]
160.719: [GC (Allocation Failure) 37754K->435K(79168K), 0.0002020 secs]
160.739: [GC (Allocation Failure) 36484K->435K(77952K), 0.0002120 secs]
160.758: [GC (Allocation Failure) 35312K->435K(76800K), 0.0002050 secs]
160.794: [GC (Allocation Failure) 34140K->435K(75712K), 0.0002090 secs]
160.809: [GC (Allocation Failure) 33065K->435K(82240K), 0.0002770 secs]
160.846: [GC (Allocation Failure) 39512K->435K(80896K), 0.0002150 secs]
160.867: [GC (Allocation Failure) 38242K->435K(79616K), 0.0002130 secs]
160.883: [GC (Allocation Failure) 36972K->435K(78400K), 0.0002140 secs]
160.898: [GC (Allocation Failure) 35702K->435K(77248K), 0.0002030 secs]
160.936: [GC (Allocation Failure) 34530K->435K(76096K), 0.0002250 secs]
160.954: [GC (Allocation Failure) 33456K->435K(75008K), 0.0002000 secs]
160.968: [GC (Allocation Failure) 32284K->435K(81408K), 0.0002150 secs]
160.988: [GC (Allocation Failure) 38730K->435K(80064K), 0.0002000 secs]
161.042: [GC (Allocation Failure) 37363K->435K(78784K), 0.0002730 secs]
161.095: [GC (Allocation Failure) 36093K->435K(77568K), 0.0002230 secs]
161.115: [GC (Allocation Failure) 34921K->435K(76416K), 0.0002140 secs]
161.133: [GC (Allocation Failure) 33749K->435K(75328K), 0.0002100 secs]
161.194: [GC (Allocation Failure) 32675K->435K(74304K), 0.0002030 secs]
161.211: [GC (Allocation Failure) 31600K->435K(73280K), 0.0002030 secs]
161.339: [GC (Allocation Failure) 30624K->435K(72320K), 0.0002180 secs]
161.389: [GC (Allocation Failure) 29647K->435K(71424K), 0.0002020 secs]
161.405: [GC (Allocation Failure) 28768K->435K(70528K), 0.0002700 secs]
161.422: [GC (Allocation Failure) 27889K->435K(69696K), 0.0002190 secs]
161.434: [GC (Allocation Failure) 27010K->435K(75072K), 0.0002140 secs]
161.447: [GC (Allocation Failure) 32382K->435K(81472K), 0.0002050 secs]
161.464: [GC (Allocation Failure) 38828K->435K(89152K), 0.0002040 secs]
161.497: [GC (Allocation Failure) 46446K->435K(87488K), 0.0002120 secs]
161.520: [GC (Allocation Failure) 44786K->435K(85888K), 0.0002060 secs]
161.539: [GC (Allocation Failure) 43223K->435K(84352K), 0.0002060 secs]
161.595: [GC (Allocation Failure) 41660K->435K(82880K), 0.0002170 secs]
161.648: [GC (Allocation Failure) 40195K->435K(81472K), 0.0002150 secs]
161.669: [GC (Allocation Failure) 38828K->435K(80128K), 0.0002080 secs]
161.689: [GC (Allocation Failure) 37461K->435K(78848K), 0.0002110 secs]
161.737: [GC (Allocation Failure) 36191K->435K(77632K), 0.0003340 secs]
161.893: [GC (Allocation Failure) 34921K->435K(76480K), 0.0002180 secs]
161.907: [GC (Allocation Failure) 33749K->435K(75392K), 0.0002060 secs]
161.995: [GC (Allocation Failure) 32675K->435K(74368K), 0.0002260 secs]
162.009: [GC (Allocation Failure) 31698K->435K(73344K), 0.0002050 secs]
162.022: [GC (Allocation Failure) 30624K->435K(72384K), 0.0002150 secs]
162.040: [GC (Allocation Failure) 29745K->435K(71488K), 0.0002300 secs]
162.056: [GC (Allocation Failure) 28768K->435K(70592K), 0.0002020 secs]
162.073: [GC (Allocation Failure) 27889K->435K(76096K), 0.0002160 secs]
162.087: [GC (Allocation Failure) 33456K->435K(82752K), 0.0002160 secs]
162.108: [GC (Allocation Failure) 40098K->435K(90688K), 0.0002210 secs]
162.153: [GC (Allocation Failure) 48009K->435K(88960K), 0.0002960 secs]
162.177: [GC (Allocation Failure) 46251K->435K(87296K), 0.0002390 secs]
162.197: [GC (Allocation Failure) 44591K->435K(85696K), 0.0002120 secs]
162.250: [GC (Allocation Failure) 43028K->435K(84160K), 0.0002110 secs]
162.268: [GC (Allocation Failure) 41465K->435K(82688K), 0.0002720 secs]
162.295: [GC (Allocation Failure) 40000K->435K(81344K), 0.0002130 secs]
162.311: [GC (Allocation Failure) 38633K->435K(89024K), 0.0002700 secs]
162.352: [GC (Allocation Failure) 46349K->435K(87360K), 0.0002180 secs]
162.375: [GC (Allocation Failure) 44688K->435K(85760K), 0.0002030 secs]
162.394: [GC (Allocation Failure) 43028K->435K(84224K), 0.0002120 secs]
162.412: [GC (Allocation Failure) 41563K->435K(82752K), 0.0002150 secs]
162.499: [GC (Allocation Failure) 40098K->435K(81344K), 0.0002200 secs]
162.520: [GC (Allocation Failure) 38633K->435K(80000K), 0.0002090 secs]
162.597: [GC (Allocation Failure) 37363K->435K(78720K), 0.0002060 secs]
162.612: [GC (Allocation Failure) 35996K->435K(77504K), 0.0002770 secs]
162.630: [GC (Allocation Failure) 34823K->435K(76352K), 0.0002160 secs]
162.661: [GC (Allocation Failure) 33651K->435K(75264K), 0.0002750 secs]
162.710: [GC (Allocation Failure) 32577K->435K(74240K), 0.0002160 secs]
162.728: [GC (Allocation Failure) 31600K->435K(73216K), 0.0002250 secs]
162.742: [GC (Allocation Failure) 30526K->435K(72256K), 0.0002190 secs]
162.795: [GC (Allocation Failure) 29549K->435K(71360K), 0.0002300 secs]
162.812: [GC (Allocation Failure) 28670K->435K(70464K), 0.0002870 secs]
162.840: [GC (Allocation Failure) 27791K->435K(69632K), 0.0002100 secs]
162.890: [GC (Allocation Failure) 26912K->435K(68864K), 0.0002050 secs]
162.905: [GC (Allocation Failure) 26131K->435K(68096K), 0.0002130 secs]
162.932: [GC (Allocation Failure) 25447K->435K(67392K), 0.0002650 secs]
163.023: [GC (Allocation Failure) 24662K->435K(66688K), 0.0002240 secs]
163.037: [GC (Allocation Failure) 23978K->435K(66048K), 0.0002290 secs]
163.052: [GC (Allocation Failure) 23392K->435K(70656K), 0.0002760 secs]
163.095: [GC (Allocation Failure) 27986K->435K(69824K), 0.0002100 secs]
163.111: [GC (Allocation Failure) 27107K->435K(68992K), 0.0002200 secs]
163.126: [GC (Allocation Failure) 26326K->435K(74176K), 0.0002050 secs]
163.140: [GC (Allocation Failure) 31503K->435K(80448K), 0.0002130 secs]
163.160: [GC (Allocation Failure) 37754K->435K(87936K), 0.0002110 secs]
163.202: [GC (Allocation Failure) 45274K->435K(86336K), 0.0002190 secs]
163.221: [GC (Allocation Failure) 43614K->435K(84800K), 0.0002030 secs]
163.239: [GC (Allocation Failure) 42149K->435K(83328K), 0.0002160 secs]
163.261: [GC (Allocation Failure) 40684K->435K(81920K), 0.0002140 secs]
163.279: [GC (Allocation Failure) 39219K->435K(80576K), 0.0002060 secs]
163.299: [GC (Allocation Failure) 37851K->435K(88128K), 0.0004320 secs]
163.323: [GC (Allocation Failure) 45470K->435K(97152K), 0.0002120 secs]
163.351: [GC (Allocation Failure) 54459K->435K(95104K), 0.0002020 secs]
163.406: [GC (Allocation Failure) 52408K->435K(93120K), 0.0002190 secs]
163.428: [GC (Allocation Failure) 50455K->435K(91264K), 0.0002150 secs]
163.449: [GC (Allocation Failure) 48595K->435K(89472K), 0.0002410 secs]
163.473: [GC (Allocation Failure) 46739K->435K(87808K), 0.0002090 secs]
163.496: [GC (Allocation Failure) 45079K->435K(86208K), 0.0002190 secs]
163.540: [GC (Allocation Failure) 43516K->435K(84672K), 0.0002330 secs]
163.558: [GC (Allocation Failure) 41953K->435K(83200K), 0.0002060 secs]
163.580: [GC (Allocation Failure) 40488K->435K(81792K), 0.0002130 secs]
163.597: [GC (Allocation Failure) 39121K->435K(80448K), 0.0002020 secs]
163.617: [GC (Allocation Failure) 37754K->435K(79168K), 0.0002710 secs]
163.636: [GC (Allocation Failure) 36484K->435K(77952K), 0.0002180 secs]
163.656: [GC (Allocation Failure) 35312K->435K(76800K), 0.0002010 secs]
163.675: [GC (Allocation Failure) 34140K->435K(75712K), 0.0002130 secs]
163.689: [GC (Allocation Failure) 33065K->435K(82240K), 0.0002450 secs]
163.710: [GC (Allocation Failure) 39512K->435K(90112K), 0.0002120 secs]
163.754: [GC (Allocation Failure) 47423K->435K(88384K), 0.0002010 secs]
163.778: [GC (Allocation Failure) 45665K->435K(86720K), 0.0002030 secs]
163.799: [GC (Allocation Failure) 44005K->435K(85184K), 0.0002770 secs]
163.904: [GC (Allocation Failure) 42540K->435K(83712K), 0.0002200 secs]
163.925: [GC (Allocation Failure) 41074K->435K(82304K), 0.0002160 secs]
163.946: [GC (Allocation Failure) 39609K->435K(80960K), 0.0002130 secs]
163.967: [GC (Allocation Failure) 38242K->435K(79680K), 0.0002020 secs]
163.983: [GC (Allocation Failure) 36972K->435K(78464K), 0.0002150 secs]
164.001: [GC (Allocation Failure) 35800K->435K(77312K), 0.0002240 secs]
164.020: [GC (Allocation Failure) 34628K->435K(76160K), 0.0002110 secs]
164.049: [GC (Allocation Failure) 33456K->435K(75072K), 0.0002210 secs]
164.066: [GC (Allocation Failure) 32382K->435K(74048K), 0.0002020 secs]
164.084: [GC (Allocation Failure) 31405K->435K(73088K), 0.0002390 secs]
164.243: [GC (Allocation Failure) 30428K->435K(72128K), 0.0002150 secs]
164.256: [GC (Allocation Failure) 29451K->435K(71232K), 0.0002050 secs]
164.272: [GC (Allocation Failure) 28572K->435K(70400K), 0.0002100 secs]
164.305: [GC (Allocation Failure) 27693K->435K(69568K), 0.0003400 secs]
164.342: [GC (Allocation Failure) 26912K->435K(68800K), 0.0002250 secs]
164.353: [GC (Allocation Failure) 26131K->435K(73984K), 0.0002060 secs]
164.400: [GC (Allocation Failure) 31307K->435K(73024K), 0.0002240 secs]
164.425: [GC (Allocation Failure) 30331K->435K(72064K), 0.0002720 secs]
164.438: [GC (Allocation Failure) 29354K->435K(77888K), 0.0002210 secs]
164.500: [GC (Allocation Failure) 35214K->435K(76736K), 0.0002420 secs]
164.516: [GC (Allocation Failure) 34042K->435K(83520K), 0.0002640 secs]
164.538: [GC (Allocation Failure) 40879K->435K(82112K), 0.0002110 secs]
164.598: [GC (Allocation Failure) 39414K->435K(80768K), 0.0002040 secs]
164.619: [GC (Allocation Failure) 38047K->435K(79488K), 0.0002020 secs]
164.635: [GC (Allocation Failure) 36777K->435K(78272K), 0.0002280 secs]
164.655: [GC (Allocation Failure) 35605K->435K(77120K), 0.0002100 secs]
164.687: [GC (Allocation Failure) 34433K->435K(75968K), 0.0002150 secs]
164.705: [GC (Allocation Failure) 33261K->435K(74880K), 0.0002020 secs]
164.795: [GC (Allocation Failure) 32186K->435K(73856K), 0.0002240 secs]
164.809: [GC (Allocation Failure) 31210K->435K(72896K), 0.0002120 secs]
164.822: [GC (Allocation Failure) 30233K->435K(71936K), 0.0002130 secs]
164.834: [GC (Allocation Failure) 29256K->435K(77760K), 0.0002040 secs]
164.849: [GC (Allocation Failure) 35116K->435K(84736K), 0.0002020 secs]
164.903: [GC (Allocation Failure) 42051K->435K(83264K), 0.0002210 secs]
164.925: [GC (Allocation Failure) 40586K->435K(81856K), 0.0002120 secs]
164.946: [GC (Allocation Failure) 39219K->435K(80512K), 0.0002150 secs]
164.966: [GC (Allocation Failure) 37851K->435K(79232K), 0.0002120 secs]
164.982: [GC (Allocation Failure) 36582K->435K(78016K), 0.0002150 secs]
164.997: [GC (Allocation Failure) 35312K->435K(76864K), 0.0002010 secs]
165.012: [GC (Allocation Failure) 34140K->435K(83648K), 0.0002170 secs]
165.030: [GC (Allocation Failure) 40977K->435K(91776K), 0.0002040 secs]
165.055: [GC (Allocation Failure) 49084K->435K(89984K), 0.0002020 secs]
165.075: [GC (Allocation Failure) 47325K->435K(88256K), 0.0002140 secs]
165.100: [GC (Allocation Failure) 45567K->435K(86592K), 0.0002210 secs]
165.123: [GC (Allocation Failure) 43907K->435K(85056K), 0.0002130 secs]
165.145: [GC (Allocation Failure) 42344K->435K(83584K), 0.0002110 secs]
165.163: [GC (Allocation Failure) 40879K->435K(82176K), 0.0002200 secs]
165.199: [GC (Allocation Failure) 39512K->435K(80832K), 0.0002320 secs]
165.217: [GC (Allocation Failure) 38144K->435K(79552K), 0.0002120 secs]
165.248: [GC (Allocation Failure) 36875K->435K(78336K), 0.0002160 secs]
165.267: [GC (Allocation Failure) 35605K->435K(77184K), 0.0002120 secs]
165.292: [GC (Allocation Failure) 34530K->435K(76032K), 0.0002160 secs]
165.306: [GC (Allocation Failure) 33358K->435K(74944K), 0.0002050 secs]
165.324: [GC (Allocation Failure) 32284K->435K(73920K), 0.0002000 secs]
165.346: [GC (Allocation Failure) 31210K->435K(80128K), 0.0003230 secs]
165.399: [GC (Allocation Failure) 37461K->435K(78848K), 0.0002050 secs]
165.448: [GC (Allocation Failure) 36191K->435K(77632K), 0.0002260 secs]
165.463: [GC (Allocation Failure) 34921K->435K(76480K), 0.0002040 secs]
165.502: [GC (Allocation Failure) 33749K->435K(75392K), 0.0002260 secs]
165.516: [GC (Allocation Failure) 32675K->435K(74368K), 0.0002330 secs]
165.533: [GC (Allocation Failure) 31698K->435K(73344K), 0.0002010 secs]
165.588: [GC (Allocation Failure) 30624K->435K(72384K), 0.0002170 secs]
165.601: [GC (Allocation Failure) 29745K->435K(78272K), 0.0003200 secs]
165.648: [GC (Allocation Failure) 35605K->435K(77120K), 0.0002050 secs]
165.681: [GC (Allocation Failure) 34433K->435K(75968K), 0.0002110 secs]
165.695: [GC (Allocation Failure) 33261K->435K(82560K), 0.0002750 secs]
165.750: [GC (Allocation Failure) 39902K->435K(81216K), 0.0002070 secs]
165.803: [GC (Allocation Failure) 38535K->435K(79936K), 0.0002240 secs]
165.823: [GC (Allocation Failure) 37265K->435K(78656K), 0.0002120 secs]
165.839: [GC (Allocation Failure) 35996K->435K(77440K), 0.0002040 secs]
165.936: [GC (Allocation Failure) 34726K->435K(76288K), 0.0002190 secs]
166.002: [GC (Allocation Failure) 33554K->435K(75200K), 0.0002130 secs]
166.016: [GC (Allocation Failure) 32479K->435K(74176K), 0.0002210 secs]
166.047: [GC (Allocation Failure) 31503K->435K(73152K), 0.0002280 secs]
166.060: [GC (Allocation Failure) 30428K->435K(72192K), 0.0002030 secs]
166.100: [GC (Allocation Failure) 29549K->435K(71296K), 0.0002160 secs]
166.112: [GC (Allocation Failure) 28572K->435K(70400K), 0.0002190 secs]
166.133: [GC (Allocation Failure) 27693K->435K(69568K), 0.0002680 secs]
166.152: [GC (Allocation Failure) 26912K->435K(68800K), 0.0002150 secs]
166.167: [GC (Allocation Failure) 26131K->435K(73984K), 0.0002060 secs]
166.181: [GC (Allocation Failure) 31307K->435K(80192K), 0.0002190 secs]
166.250: [GC (Allocation Failure) 37461K->435K(78912K), 0.0002260 secs]
166.269: [GC (Allocation Failure) 36191K->435K(77696K), 0.0002120 secs]
166.303: [GC (Allocation Failure) 35019K->435K(76544K), 0.0002090 secs]
166.321: [GC (Allocation Failure) 33847K->435K(75456K), 0.0002140 secs]
166.339: [GC (Allocation Failure) 32772K->435K(74432K), 0.0002110 secs]
166.397: [GC (Allocation Failure) 31698K->435K(73408K), 0.0002730 secs]
166.538: [GC (Allocation Failure) 30721K->435K(72448K), 0.0003320 secs]
166.551: [GC (Allocation Failure) 29745K->435K(71552K), 0.0002640 secs]
166.601: [GC (Allocation Failure) 28865K->435K(70656K), 0.0002180 secs]
166.613: [GC (Allocation Failure) 27986K->435K(69824K), 0.0002150 secs]
166.650: [GC (Allocation Failure) 27107K->435K(68992K), 0.0002080 secs]
166.700: [GC (Allocation Failure) 26326K->435K(68224K), 0.0002240 secs]
166.715: [GC (Allocation Failure) 25545K->435K(67520K), 0.0002130 secs]
166.726: [GC (Allocation Failure) 24857K->435K(72448K), 0.0002160 secs]
166.742: [GC (Allocation Failure) 29745K->435K(78336K), 0.0002150 secs]
166.758: [GC (Allocation Failure) 35605K->435K(85440K), 0.0002150 secs]
166.776: [GC (Allocation Failure) 42735K->435K(93952K), 0.0002010 secs]
166.802: [GC (Allocation Failure) 51236K->435K(92032K), 0.0002000 secs]
166.828: [GC (Allocation Failure) 49377K->435K(90240K), 0.0002120 secs]
166.905: [GC (Allocation Failure) 47521K->435K(88512K), 0.0002210 secs]
166.924: [GC (Allocation Failure) 45860K->435K(86848K), 0.0002060 secs]
166.947: [GC (Allocation Failure) 44200K->435K(85312K), 0.0001990 secs]
166.966: [GC (Allocation Failure) 42637K->435K(83840K), 0.0002030 secs]
167.002: [GC (Allocation Failure) 41172K->435K(82432K), 0.0002250 secs]
167.023: [GC (Allocation Failure) 39707K->435K(81088K), 0.0002210 secs]
167.105: [GC (Allocation Failure) 38437K->435K(79808K), 0.0002090 secs]
167.121: [GC (Allocation Failure) 37168K->435K(78592K), 0.0002690 secs]
167.150: [GC (Allocation Failure) 35898K->435K(77376K), 0.0002040 secs]
167.203: [GC (Allocation Failure) 34726K->435K(76224K), 0.0002110 secs]
167.222: [GC (Allocation Failure) 33554K->435K(75136K), 0.0002020 secs]
167.236: [GC (Allocation Failure) 32479K->435K(81600K), 0.0003230 secs]
167.401: [GC (Allocation Failure) 38926K->435K(80256K), 0.0002120 secs]
167.421: [GC (Allocation Failure) 37558K->435K(78976K), 0.0002040 secs]
167.441: [GC (Allocation Failure) 36289K->435K(77760K), 0.0002100 secs]
167.460: [GC (Allocation Failure) 35116K->435K(76608K), 0.0002120 secs]
167.479: [GC (Allocation Failure) 33944K->435K(75520K), 0.0002820 secs]
167.494: [GC (Allocation Failure) 32870K->435K(82048K), 0.0002090 secs]
167.538: [GC (Allocation Failure) 39316K->435K(80704K), 0.0002050 secs]
167.606: [GC (Allocation Failure) 38047K->435K(79424K), 0.0002070 secs]
167.701: [GC (Allocation Failure) 36777K->435K(78208K), 0.0002170 secs]
167.755: [GC (Allocation Failure) 35507K->435K(77056K), 0.0002240 secs]
167.774: [GC (Allocation Failure) 34335K->435K(75904K), 0.0002090 secs]
167.804: [GC (Allocation Failure) 33261K->435K(74816K), 0.0002050 secs]
167.818: [GC (Allocation Failure) 32089K->435K(73792K), 0.0002150 secs]
167.835: [GC (Allocation Failure) 31112K->435K(72832K), 0.0002030 secs]
167.848: [GC (Allocation Failure) 30135K->435K(71872K), 0.0002190 secs]
167.907: [GC (Allocation Failure) 29158K->435K(70976K), 0.0002310 secs]
167.921: [GC (Allocation Failure) 28279K->435K(76608K), 0.0002730 secs]
168.004: [GC (Allocation Failure) 33944K->435K(75520K), 0.0002030 secs]
168.019: [GC (Allocation Failure) 32870K->435K(74496K), 0.0002230 secs]
168.054: [GC (Allocation Failure) 31796K->435K(73472K), 0.0002210 secs]
168.069: [GC (Allocation Failure) 30819K->435K(72512K), 0.0002130 secs]
168.086: [GC (Allocation Failure) 29842K->435K(71616K), 0.0002130 secs]
168.099: [GC (Allocation Failure) 28963K->435K(77376K), 0.0002300 secs]
168.114: [GC (Allocation Failure) 34726K->435K(84288K), 0.0002040 secs]
168.131: [GC (Allocation Failure) 41563K->435K(92544K), 0.0002050 secs]
168.158: [GC (Allocation Failure) 49867K->435K(90688K), 0.0002130 secs]
168.311: [GC (Allocation Failure) 48009K->435K(88960K), 0.0003370 secs]
168.333: [GC (Allocation Failure) 46251K->435K(87296K), 0.0002030 secs]
168.352: [GC (Allocation Failure) 44591K->435K(85696K), 0.0002770 secs]
168.405: [GC (Allocation Failure) 43028K->435K(84160K), 0.0002140 secs]
168.427: [GC (Allocation Failure) 41465K->435K(82688K), 0.0001980 secs]
168.448: [GC (Allocation Failure) 40000K->435K(81344K), 0.0002110 secs]
168.542: [GC (Allocation Failure) 38633K->435K(80000K), 0.0002150 secs]
168.559: [GC (Allocation Failure) 37363K->435K(78720K), 0.0002200 secs]
168.578: [GC (Allocation Failure) 35996K->435K(77504K), 0.0002720 secs]
168.594: [GC (Allocation Failure) 34823K->435K(76352K), 0.0002300 secs]
168.613: [GC (Allocation Failure) 33651K->435K(75264K), 0.0002170 secs]
168.632: [GC (Allocation Failure) 32577K->435K(74240K), 0.0002080 secs]
168.650: [GC (Allocation Failure) 31600K->435K(73216K), 0.0002230 secs]
168.664: [GC (Allocation Failure) 30526K->435K(79296K), 0.0002140 secs]
168.705: [GC (Allocation Failure) 36582K->435K(78080K), 0.0002220 secs]
168.720: [GC (Allocation Failure) 35409K->435K(76928K), 0.0002110 secs]
168.737: [GC (Allocation Failure) 34237K->435K(83712K), 0.0002140 secs]
168.813: [GC (Allocation Failure) 41074K->435K(82304K), 0.0002190 secs]
168.834: [GC (Allocation Failure) 39609K->435K(80960K), 0.0002030 secs]
168.855: [GC (Allocation Failure) 38242K->435K(79680K), 0.0002010 secs]
168.903: [GC (Allocation Failure) 36972K->435K(78464K), 0.0002150 secs]
168.922: [GC (Allocation Failure) 35800K->435K(77312K), 0.0001980 secs]
168.937: [GC (Allocation Failure) 34628K->435K(76160K), 0.0002130 secs]
168.956: [GC (Allocation Failure) 33456K->435K(75072K), 0.0002090 secs]
169.001: [GC (Allocation Failure) 32382K->435K(74048K), 0.0002720 secs]
169.109: [GC (Allocation Failure) 31405K->435K(73088K), 0.0002190 secs]
169.126: [GC (Allocation Failure) 30428K->435K(72128K), 0.0002240 secs]
169.143: [GC (Allocation Failure) 29451K->435K(71232K), 0.0002010 secs]
169.204: [GC (Allocation Failure) 28572K->435K(70400K), 0.0002040 secs]
169.220: [GC (Allocation Failure) 27693K->435K(69568K), 0.0002290 secs]
169.253: [GC (Allocation Failure) 26912K->435K(68800K), 0.0002110 secs]
169.269: [GC (Allocation Failure) 26131K->435K(68032K), 0.0002990 secs]
169.299: [GC (Allocation Failure) 25349K->435K(67328K), 0.0002150 secs]
169.313: [GC (Allocation Failure) 24662K->435K(66624K), 0.0002130 secs]
169.328: [GC (Allocation Failure) 23978K->435K(71360K), 0.0002390 secs]
169.409: [GC (Allocation Failure) 28670K->435K(70464K), 0.0002210 secs]
169.421: [GC (Allocation Failure) 27791K->435K(75968K), 0.0002170 secs]
169.438: [GC (Allocation Failure) 33261K->435K(82560K), 0.0002100 secs]
169.455: [GC (Allocation Failure) 39902K->435K(90496K), 0.0002050 secs]
169.513: [GC (Allocation Failure) 47814K->435K(88768K), 0.0002260 secs]
169.536: [GC (Allocation Failure) 46056K->435K(87104K), 0.0002070 secs]
169.555: [GC (Allocation Failure) 44395K->435K(85504K), 0.0002150 secs]
169.578: [GC (Allocation Failure) 42833K->435K(83968K), 0.0002090 secs]
169.610: [GC (Allocation Failure) 41270K->435K(82560K), 0.0002160 secs]
169.627: [GC (Allocation Failure) 39902K->435K(81216K), 0.0002190 secs]
169.745: [GC (Allocation Failure) 38535K->435K(79936K), 0.0002130 secs]
169.765: [GC (Allocation Failure) 37265K->435K(78656K), 0.0002010 secs]
169.782: [GC (Allocation Failure) 35996K->435K(77440K), 0.0002270 secs]
169.804: [GC (Allocation Failure) 34726K->435K(76288K), 0.0002730 secs]
169.819: [GC (Allocation Failure) 33554K->435K(75200K), 0.0002040 secs]
169.852: [GC (Allocation Failure) 32479K->435K(74176K), 0.0002840 secs]
169.907: [GC (Allocation Failure) 31503K->435K(73152K), 0.0002250 secs]
169.924: [GC (Allocation Failure) 30428K->435K(72192K), 0.0002240 secs]
170.005: [GC (Allocation Failure) 29549K->435K(71296K), 0.0002230 secs]
170.018: [GC (Allocation Failure) 28572K->435K(70400K), 0.0002200 secs]
170.030: [GC (Allocation Failure) 27693K->435K(75904K), 0.0002040 secs]
170.103: [GC (Allocation Failure) 33261K->435K(74816K), 0.0002150 secs]
170.120: [GC (Allocation Failure) 32089K->435K(73792K), 0.0002290 secs]
170.152: [GC (Allocation Failure) 31112K->435K(72832K), 0.0002420 secs]
170.169: [GC (Allocation Failure) 30135K->435K(71872K), 0.0002040 secs]
170.301: [GC (Allocation Failure) 29158K->435K(70976K), 0.0002160 secs]
170.317: [GC (Allocation Failure) 28279K->435K(70144K), 0.0002050 secs]
170.333: [GC (Allocation Failure) 27498K->435K(69312K), 0.0002420 secs]
170.404: [GC (Allocation Failure) 26619K->435K(68544K), 0.0002270 secs]
170.416: [GC (Allocation Failure) 25838K->435K(67776K), 0.0002200 secs]
170.454: [GC (Allocation Failure) 25052K->435K(67072K), 0.0002160 secs]
170.469: [GC (Allocation Failure) 24369K->435K(71872K), 0.0003030 secs]
170.533: [GC (Allocation Failure) 29158K->435K(70976K), 0.0002060 secs]
170.556: [GC (Allocation Failure) 28279K->435K(70144K), 0.0002220 secs]
170.572: [GC (Allocation Failure) 27498K->435K(69312K), 0.0002370 secs]
170.596: [GC (Allocation Failure) 26619K->435K(68544K), 0.0002100 secs]
170.607: [GC (Allocation Failure) 25838K->435K(73664K), 0.0003230 secs]
170.629: [GC (Allocation Failure) 31014K->435K(79808K), 0.0002160 secs]
170.665: [GC (Allocation Failure) 37168K->435K(87168K), 0.0002740 secs]
170.690: [GC (Allocation Failure) 44493K->435K(85568K), 0.0002220 secs]
170.712: [GC (Allocation Failure) 42930K->435K(84032K), 0.0002040 secs]
170.734: [GC (Allocation Failure) 41367K->435K(82624K), 0.0002180 secs]
170.751: [GC (Allocation Failure) 39902K->435K(81280K), 0.0002150 secs]
170.839: [GC (Allocation Failure) 38633K->435K(80000K), 0.0002060 secs]
170.859: [GC (Allocation Failure) 37363K->435K(78720K), 0.0002720 secs]
170.875: [GC (Allocation Failure) 35996K->435K(77504K), 0.0002200 secs]
170.905: [GC (Allocation Failure) 34823K->435K(76352K), 0.0002280 secs]
170.921: [GC (Allocation Failure) 33651K->435K(75264K), 0.0002020 secs]
170.939: [GC (Allocation Failure) 32577K->435K(74240K), 0.0002090 secs]
170.957: [GC (Allocation Failure) 31600K->435K(73216K), 0.0002040 secs]
170.971: [GC (Allocation Failure) 30526K->435K(79296K), 0.0003220 secs]
171.010: [GC (Allocation Failure) 36582K->435K(86592K), 0.0002400 secs]
171.033: [GC (Allocation Failure) 43907K->435K(85056K), 0.0002110 secs]
171.112: [GC (Allocation Failure) 42344K->435K(83584K), 0.0002090 secs]
171.134: [GC (Allocation Failure) 40879K->435K(82176K), 0.0002150 secs]
171.157: [GC (Allocation Failure) 39512K->435K(80832K), 0.0002050 secs]
171.207: [GC (Allocation Failure) 38144K->435K(79552K), 0.0002060 secs]
171.260: [GC (Allocation Failure) 36875K->435K(78336K), 0.0002130 secs]
171.276: [GC (Allocation Failure) 35605K->435K(77184K), 0.0002070 secs]
171.290: [GC (Allocation Failure) 34530K->435K(76032K), 0.0002130 secs]
171.305: [GC (Allocation Failure) 33358K->435K(74944K), 0.0002030 secs]
171.321: [GC (Allocation Failure) 32284K->435K(73920K), 0.0002120 secs]
171.354: [GC (Allocation Failure) 31210K->435K(72960K), 0.0002050 secs]
171.410: [GC (Allocation Failure) 30233K->435K(72000K), 0.0002120 secs]
171.422: [GC (Allocation Failure) 29354K->435K(71104K), 0.0002170 secs]
171.508: [GC (Allocation Failure) 28377K->435K(70272K), 0.0002140 secs]
171.520: [GC (Allocation Failure) 27596K->435K(69440K), 0.0002120 secs]
171.531: [GC (Allocation Failure) 26717K->435K(74752K), 0.0002070 secs]
171.549: [GC (Allocation Failure) 32089K->435K(81088K), 0.0002220 secs]
171.605: [GC (Allocation Failure) 38437K->435K(79808K), 0.0002310 secs]
171.625: [GC (Allocation Failure) 37168K->435K(78592K), 0.0002150 secs]
171.645: [GC (Allocation Failure) 35898K->435K(77376K), 0.0002110 secs]
171.664: [GC (Allocation Failure) 34726K->435K(76224K), 0.0002030 secs]
171.683: [GC (Allocation Failure) 33554K->435K(75136K), 0.0002040 secs]
171.697: [GC (Allocation Failure) 32479K->435K(81600K), 0.0002160 secs]
171.812: [GC (Allocation Failure) 38926K->435K(80256K), 0.0002120 secs]
171.828: [GC (Allocation Failure) 37558K->435K(78976K), 0.0002170 secs]
171.843: [GC (Allocation Failure) 36289K->435K(77760K), 0.0002030 secs]
171.858: [GC (Allocation Failure) 35116K->435K(76608K), 0.0002040 secs]
171.906: [GC (Allocation Failure) 33944K->435K(75520K), 0.0002240 secs]
171.921: [GC (Allocation Failure) 32870K->435K(74496K), 0.0002100 secs]
172.059: [GC (Allocation Failure) 31796K->435K(73472K), 0.0002100 secs]
172.076: [GC (Allocation Failure) 30819K->435K(72512K), 0.0002370 secs]
172.108: [GC (Allocation Failure) 29842K->435K(71616K), 0.0002220 secs]
172.121: [GC (Allocation Failure) 28963K->435K(70720K), 0.0002160 secs]
172.154: [GC (Allocation Failure) 27986K->435K(69888K), 0.0002300 secs]
172.203: [GC (Allocation Failure) 27205K->435K(69056K), 0.0002130 secs]
172.308: [GC (Allocation Failure) 26326K->435K(68288K), 0.0002140 secs]
172.356: [GC (Allocation Failure) 25642K->435K(67520K), 0.0002200 secs]
172.367: [GC (Allocation Failure) 24857K->435K(66816K), 0.0002060 secs]
172.377: [GC (Allocation Failure) 24173K->435K(71616K), 0.0002020 secs]
172.392: [GC (Allocation Failure) 28963K->435K(77376K), 0.0002090 secs]
172.411: [GC (Allocation Failure) 34726K->435K(84288K), 0.0002100 secs]
172.460: [GC (Allocation Failure) 41563K->435K(82816K), 0.0002260 secs]
172.481: [GC (Allocation Failure) 40098K->435K(81408K), 0.0002140 secs]
172.512: [GC (Allocation Failure) 38730K->435K(80064K), 0.0002050 secs]
172.528: [GC (Allocation Failure) 37363K->435K(78784K), 0.0002030 secs]
172.600: [GC (Allocation Failure) 36093K->435K(77568K), 0.0002250 secs]
172.620: [GC (Allocation Failure) 34921K->435K(76416K), 0.0002160 secs]
172.638: [GC (Allocation Failure) 33749K->435K(75328K), 0.0002130 secs]
172.664: [GC (Allocation Failure) 32675K->435K(74304K), 0.0002080 secs]
172.682: [GC (Allocation Failure) 31600K->435K(73280K), 0.0002020 secs]
172.700: [GC (Allocation Failure) 30624K->435K(72320K), 0.0002120 secs]
172.713: [GC (Allocation Failure) 29647K->435K(78208K), 0.0002170 secs]
172.732: [GC (Allocation Failure) 35507K->435K(77056K), 0.0002160 secs]
172.751: [GC (Allocation Failure) 34335K->435K(75904K), 0.0002110 secs]
172.810: [GC (Allocation Failure) 33261K->435K(74816K), 0.0002090 secs]
172.824: [GC (Allocation Failure) 32089K->435K(73792K), 0.0002150 secs]
172.841: [GC (Allocation Failure) 31112K->435K(72832K), 0.0002110 secs]
172.910: [GC (Allocation Failure) 30135K->435K(71872K), 0.0002010 secs]
172.922: [GC (Allocation Failure) 29158K->435K(70976K), 0.0002180 secs]
173.005: [GC (Allocation Failure) 28279K->435K(70144K), 0.0002000 secs]
173.025: [GC (Allocation Failure) 27498K->435K(69312K), 0.0003220 secs]
173.036: [GC (Allocation Failure) 26619K->435K(74560K), 0.0002190 secs]
173.060: [GC (Allocation Failure) 31893K->435K(80896K), 0.0002940 secs]
173.081: [GC (Allocation Failure) 38242K->435K(88512K), 0.0002060 secs]
173.105: [GC (Allocation Failure) 45860K->435K(86848K), 0.0002050 secs]
173.125: [GC (Allocation Failure) 44200K->435K(85312K), 0.0002130 secs]
173.215: [GC (Allocation Failure) 42637K->435K(83840K), 0.0002120 secs]
173.237: [GC (Allocation Failure) 41172K->435K(82432K), 0.0002080 secs]
173.254: [GC (Allocation Failure) 39707K->435K(81088K), 0.0002160 secs]
173.309: [GC (Allocation Failure) 38437K->435K(79808K), 0.0002600 secs]
173.332: [GC (Allocation Failure) 37168K->435K(78592K), 0.0002250 secs]
173.348: [GC (Allocation Failure) 35898K->435K(77376K), 0.0002040 secs]
173.363: [GC (Allocation Failure) 34726K->435K(76224K), 0.0002030 secs]
173.509: [GC (Allocation Failure) 33554K->435K(75136K), 0.0002270 secs]
173.527: [GC (Allocation Failure) 32479K->435K(74112K), 0.0002160 secs]
173.561: [GC (Allocation Failure) 31405K->435K(73152K), 0.0002090 secs]
173.578: [GC (Allocation Failure) 30428K->435K(72192K), 0.0002050 secs]
173.606: [GC (Allocation Failure) 29549K->435K(71296K), 0.0002170 secs]
173.622: [GC (Allocation Failure) 28572K->435K(70400K), 0.0002040 secs]
173.659: [GC (Allocation Failure) 27693K->435K(69568K), 0.0002180 secs]
173.675: [GC (Allocation Failure) 26912K->435K(68800K), 0.0002030 secs]
173.691: [GC (Allocation Failure) 26131K->435K(68032K), 0.0002120 secs]
173.706: [GC (Allocation Failure) 25349K->435K(73024K), 0.0002260 secs]
173.802: [GC (Allocation Failure) 30331K->435K(72064K), 0.0002040 secs]
173.815: [GC (Allocation Failure) 29354K->435K(77888K), 0.0003230 secs]
173.863: [GC (Allocation Failure) 35214K->435K(76736K), 0.0002130 secs]
173.878: [GC (Allocation Failure) 34042K->435K(83520K), 0.0002180 secs]
173.898: [GC (Allocation Failure) 40879K->435K(91648K), 0.0003410 secs]
173.925: [GC (Allocation Failure) 48986K->435K(101376K), 0.0002750 secs]
173.973: [GC (Allocation Failure) 58659K->435K(99136K), 0.0002190 secs]
173.999: [GC (Allocation Failure) 56413K->435K(96960K), 0.0002120 secs]
174.026: [GC (Allocation Failure) 54264K->435K(94912K), 0.0002010 secs]
174.049: [GC (Allocation Failure) 52213K->435K(92992K), 0.0002230 secs]
174.074: [GC (Allocation Failure) 50260K->435K(91136K), 0.0002120 secs]
174.095: [GC (Allocation Failure) 48498K->435K(89344K), 0.0002140 secs]
174.115: [GC (Allocation Failure) 46642K->435K(87680K), 0.0002060 secs]
174.139: [GC (Allocation Failure) 44981K->435K(86080K), 0.0002210 secs]
174.217: [GC (Allocation Failure) 43419K->435K(84544K), 0.0002210 secs]
174.235: [GC (Allocation Failure) 41856K->435K(83072K), 0.0002050 secs]
174.262: [GC (Allocation Failure) 40391K->435K(81664K), 0.0002030 secs]
174.338: [GC (Allocation Failure) 39023K->435K(80320K), 0.0002250 secs]
174.354: [GC (Allocation Failure) 37656K->435K(79040K), 0.0002160 secs]
174.374: [GC (Allocation Failure) 36386K->435K(77824K), 0.0002120 secs]
174.393: [GC (Allocation Failure) 35116K->435K(76672K), 0.0002600 secs]
174.412: [GC (Allocation Failure) 33944K->435K(75584K), 0.0002290 secs]
174.434: [GC (Allocation Failure) 32870K->435K(74560K), 0.0002140 secs]
174.462: [GC (Allocation Failure) 31893K->435K(73536K), 0.0002200 secs]
174.480: [GC (Allocation Failure) 30819K->435K(72576K), 0.0002250 secs]
174.511: [GC (Allocation Failure) 29842K->435K(71680K), 0.0002120 secs]
174.524: [GC (Allocation Failure) 28963K->435K(70784K), 0.0002180 secs]
174.595: [GC (Allocation Failure) 28084K->435K(69952K), 0.0002120 secs]
174.611: [GC (Allocation Failure) 27303K->435K(69120K), 0.0002310 secs]
174.623: [GC (Allocation Failure) 26424K->435K(74368K), 0.0002060 secs]
174.675: [GC (Allocation Failure) 31698K->435K(73344K), 0.0002260 secs]
174.693: [GC (Allocation Failure) 30624K->435K(79424K), 0.0003020 secs]
174.711: [GC (Allocation Failure) 36777K->435K(86720K), 0.0002230 secs]
174.734: [GC (Allocation Failure) 44005K->435K(85184K), 0.0002040 secs]
174.763: [GC (Allocation Failure) 42540K->435K(83712K), 0.0002090 secs]
174.817: [GC (Allocation Failure) 41074K->435K(82304K), 0.0002100 secs]
174.838: [GC (Allocation Failure) 39609K->435K(80960K), 0.0002090 secs]
174.858: [GC (Allocation Failure) 38242K->435K(79680K), 0.0002110 secs]
174.913: [GC (Allocation Failure) 36972K->435K(78464K), 0.0002280 secs]
174.933: [GC (Allocation Failure) 35800K->435K(77312K), 0.0002240 secs]
174.948: [GC (Allocation Failure) 34628K->435K(76160K), 0.0002030 secs]
175.010: [GC (Allocation Failure) 33456K->435K(75072K), 0.0002150 secs]
175.063: [GC (Allocation Failure) 32382K->435K(74048K), 0.0002220 secs]
175.081: [GC (Allocation Failure) 31405K->435K(73088K), 0.0002200 secs]
175.110: [GC (Allocation Failure) 30428K->435K(72128K), 0.0002090 secs]
175.122: [GC (Allocation Failure) 29451K->435K(71232K), 0.0002050 secs]
175.216: [GC (Allocation Failure) 28572K->435K(70400K), 0.0002240 secs]
175.233: [GC (Allocation Failure) 27693K->435K(69568K), 0.0002950 secs]
175.257: [GC (Allocation Failure) 26912K->435K(68800K), 0.0002230 secs]
175.269: [GC (Allocation Failure) 26131K->435K(73984K), 0.0002050 secs]
175.286: [GC (Allocation Failure) 31307K->435K(80192K), 0.0002150 secs]
175.306: [GC (Allocation Failure) 37461K->435K(87616K), 0.0002230 secs]
175.344: [GC (Allocation Failure) 44884K->435K(86016K), 0.0002230 secs]
175.367: [GC (Allocation Failure) 43321K->435K(84480K), 0.0002080 secs]
175.418: [GC (Allocation Failure) 41758K->435K(83008K), 0.0002160 secs]
175.435: [GC (Allocation Failure) 40293K->435K(81600K), 0.0002190 secs]
175.456: [GC (Allocation Failure) 38926K->435K(80256K), 0.0002200 secs]
175.566: [GC (Allocation Failure) 37558K->435K(78976K), 0.0002120 secs]
175.586: [GC (Allocation Failure) 36289K->435K(77760K), 0.0002010 secs]
175.605: [GC (Allocation Failure) 35116K->435K(76608K), 0.0002110 secs]
175.624: [GC (Allocation Failure) 33944K->435K(75520K), 0.0002180 secs]
175.639: [GC (Allocation Failure) 32870K->435K(74496K), 0.0002170 secs]
175.660: [GC (Allocation Failure) 31796K->435K(73472K), 0.0002320 secs]
175.713: [GC (Allocation Failure) 30819K->435K(72512K), 0.0002120 secs]
175.730: [GC (Allocation Failure) 29842K->435K(71616K), 0.0002040 secs]
175.743: [GC (Allocation Failure) 28963K->435K(77376K), 0.0002210 secs]
175.766: [GC (Allocation Failure) 34726K->435K(76224K), 0.0002080 secs]
175.784: [GC (Allocation Failure) 33554K->435K(75136K), 0.0002300 secs]
175.861: [GC (Allocation Failure) 32479K->435K(74112K), 0.0002340 secs]
175.874: [GC (Allocation Failure) 31405K->435K(73152K), 0.0002040 secs]
175.887: [GC (Allocation Failure) 30428K->435K(79168K), 0.0002050 secs]
175.914: [GC (Allocation Failure) 36484K->435K(77952K), 0.0002800 secs]
175.929: [GC (Allocation Failure) 35312K->435K(84928K), 0.0002060 secs]
175.969: [GC (Allocation Failure) 42247K->435K(83456K), 0.0002230 secs]
175.991: [GC (Allocation Failure) 40781K->435K(82048K), 0.0002310 secs]
176.008: [GC (Allocation Failure) 39316K->435K(80704K), 0.0002190 secs]
176.113: [GC (Allocation Failure) 38047K->435K(79424K), 0.0002160 secs]
176.163: [GC (Allocation Failure) 36777K->435K(78208K), 0.0002160 secs]
176.178: [GC (Allocation Failure) 35507K->435K(77056K), 0.0002030 secs]
176.193: [GC (Allocation Failure) 34335K->435K(75904K), 0.0002070 secs]
176.211: [GC (Allocation Failure) 33261K->435K(74816K), 0.0002040 secs]
176.225: [GC (Allocation Failure) 32089K->435K(81216K), 0.0002360 secs]
176.246: [GC (Allocation Failure) 38535K->435K(79936K), 0.0002140 secs]
176.267: [GC (Allocation Failure) 37265K->435K(78656K), 0.0002340 secs]
176.283: [GC (Allocation Failure) 35996K->435K(85824K), 0.0002150 secs]
176.323: [GC (Allocation Failure) 43126K->435K(84288K), 0.0002100 secs]
176.415: [GC (Allocation Failure) 41563K->435K(82816K), 0.0002270 secs]
176.436: [GC (Allocation Failure) 40098K->435K(81408K), 0.0002110 secs]
176.518: [GC (Allocation Failure) 38730K->435K(80064K), 0.0002040 secs]
176.534: [GC (Allocation Failure) 37363K->435K(78784K), 0.0002750 secs]
176.563: [GC (Allocation Failure) 36093K->435K(77568K), 0.0002250 secs]
176.578: [GC (Allocation Failure) 34921K->435K(76416K), 0.0002040 secs]
176.612: [GC (Allocation Failure) 33749K->435K(75328K), 0.0002340 secs]
176.627: [GC (Allocation Failure) 32675K->435K(74304K), 0.0002070 secs]
176.660: [GC (Allocation Failure) 31600K->435K(73280K), 0.0002670 secs]
176.674: [GC (Allocation Failure) 30624K->435K(72320K), 0.0002010 secs]
176.687: [GC (Allocation Failure) 29647K->435K(78208K), 0.0002060 secs]
176.702: [GC (Allocation Failure) 35507K->435K(85248K), 0.0002050 secs]
176.766: [GC (Allocation Failure) 42540K->435K(83776K), 0.0002170 secs]
176.787: [GC (Allocation Failure) 41074K->435K(82368K), 0.0002010 secs]
176.819: [GC (Allocation Failure) 39707K->435K(81024K), 0.0002030 secs]
176.835: [GC (Allocation Failure) 38340K->435K(79744K), 0.0002160 secs]
176.851: [GC (Allocation Failure) 37070K->435K(78528K), 0.0002020 secs]
176.944: [GC (Allocation Failure) 35800K->435K(77312K), 0.0002220 secs]
176.959: [GC (Allocation Failure) 34628K->435K(76160K), 0.0002050 secs]
177.013: [GC (Allocation Failure) 33456K->435K(75072K), 0.0002250 secs]
177.027: [GC (Allocation Failure) 32382K->435K(74048K), 0.0002770 secs]
177.113: [GC (Allocation Failure) 31405K->435K(73088K), 0.0002160 secs]
177.162: [GC (Allocation Failure) 30428K->435K(72128K), 0.0002320 secs]
177.178: [GC (Allocation Failure) 29451K->435K(71232K), 0.0002140 secs]
177.191: [GC (Allocation Failure) 28572K->435K(70400K), 0.0002060 secs]
177.215: [GC (Allocation Failure) 27693K->435K(69568K), 0.0002100 secs]
177.231: [GC (Allocation Failure) 26912K->435K(68800K), 0.0002160 secs]
177.310: [GC (Allocation Failure) 26131K->435K(68032K), 0.0002730 secs]
177.332: [GC (Allocation Failure) 25349K->435K(67328K), 0.0002810 secs]
177.347: [GC (Allocation Failure) 24662K->435K(66624K), 0.0002140 secs]
177.363: [GC (Allocation Failure) 23978K->435K(71360K), 0.0002140 secs]
177.379: [GC (Allocation Failure) 28670K->435K(77056K), 0.0002260 secs]
177.417: [GC (Allocation Failure) 34335K->435K(75904K), 0.0002040 secs]
177.432: [GC (Allocation Failure) 33261K->435K(82496K), 0.0002740 secs]
177.466: [GC (Allocation Failure) 39805K->435K(81152K), 0.0002290 secs]
177.483: [GC (Allocation Failure) 38437K->435K(88768K), 0.0002150 secs]
177.523: [GC (Allocation Failure) 46056K->435K(87104K), 0.0002200 secs]
177.546: [GC (Allocation Failure) 44395K->435K(85504K), 0.0002150 secs]
177.565: [GC (Allocation Failure) 42833K->435K(83968K), 0.0001980 secs]
177.585: [GC (Allocation Failure) 41270K->435K(82560K), 0.0002130 secs]
177.602: [GC (Allocation Failure) 39902K->435K(81216K), 0.0002050 secs]
177.669: [GC (Allocation Failure) 38535K->435K(79936K), 0.0002140 secs]
177.689: [GC (Allocation Failure) 37265K->435K(78656K), 0.0002020 secs]
177.705: [GC (Allocation Failure) 35996K->435K(77440K), 0.0002030 secs]
177.868: [GC (Allocation Failure) 34726K->435K(76288K), 0.0002200 secs]
177.886: [GC (Allocation Failure) 33554K->435K(75200K), 0.0002040 secs]
177.939: [GC (Allocation Failure) 32479K->435K(74176K), 0.0002060 secs]
177.952: [GC (Allocation Failure) 31503K->435K(73152K), 0.0002160 secs]
177.965: [GC (Allocation Failure) 30428K->435K(72192K), 0.0002020 secs]
178.016: [GC (Allocation Failure) 29549K->435K(71296K), 0.0002090 secs]
178.029: [GC (Allocation Failure) 28572K->435K(76992K), 0.0002910 secs]
178.144: [GC (Allocation Failure) 34335K->435K(75904K), 0.0002130 secs]
178.158: [GC (Allocation Failure) 33261K->435K(74816K), 0.0002150 secs]
178.214: [GC (Allocation Failure) 32089K->435K(73792K), 0.0002230 secs]
178.231: [GC (Allocation Failure) 31112K->435K(72832K), 0.0002140 secs]
178.244: [GC (Allocation Failure) 30135K->435K(78784K), 0.0002280 secs]
178.260: [GC (Allocation Failure) 36093K->435K(85952K), 0.0002170 secs]
178.282: [GC (Allocation Failure) 43223K->435K(94528K), 0.0002160 secs]
178.323: [GC (Allocation Failure) 51822K->435K(92608K), 0.0002960 secs]
178.354: [GC (Allocation Failure) 49967K->435K(90752K), 0.0002230 secs]
178.375: [GC (Allocation Failure) 48107K->435K(89024K), 0.0002160 secs]
178.429: [GC (Allocation Failure) 46349K->435K(87360K), 0.0002250 secs]
178.450: [GC (Allocation Failure) 44688K->435K(85760K), 0.0002120 secs]
178.469: [GC (Allocation Failure) 43028K->435K(84224K), 0.0002050 secs]
178.518: [GC (Allocation Failure) 41563K->435K(82752K), 0.0002050 secs]
178.539: [GC (Allocation Failure) 40098K->435K(81344K), 0.0002720 secs]
178.560: [GC (Allocation Failure) 38633K->435K(80000K), 0.0002190 secs]
178.577: [GC (Allocation Failure) 37363K->435K(78720K), 0.0002260 secs]
178.595: [GC (Allocation Failure) 35996K->435K(77504K), 0.0002130 secs]
178.616: [GC (Allocation Failure) 34823K->435K(76352K), 0.0002410 secs]
178.665: [GC (Allocation Failure) 33651K->435K(75264K), 0.0002280 secs]
178.684: [GC (Allocation Failure) 32577K->435K(74240K), 0.0002110 secs]
178.701: [GC (Allocation Failure) 31600K->435K(73216K), 0.0002170 secs]
178.715: [GC (Allocation Failure) 30526K->435K(72256K), 0.0002080 secs]
178.733: [GC (Allocation Failure) 29549K->435K(78144K), 0.0002330 secs]
178.751: [GC (Allocation Failure) 35409K->435K(85184K), 0.0002120 secs]
178.773: [GC (Allocation Failure) 42540K->435K(83712K), 0.0002170 secs]
178.802: [GC (Allocation Failure) 41074K->435K(82304K), 0.0002030 secs]
178.827: [GC (Allocation Failure) 39609K->435K(80960K), 0.0002100 secs]
178.845: [GC (Allocation Failure) 38242K->435K(88576K), 0.0003310 secs]
178.869: [GC (Allocation Failure) 45860K->435K(86912K), 0.0002170 secs]
178.888: [GC (Allocation Failure) 44200K->435K(85312K), 0.0002060 secs]
178.910: [GC (Allocation Failure) 42637K->435K(83840K), 0.0002160 secs]
178.932: [GC (Allocation Failure) 41172K->435K(82432K), 0.0002120 secs]
179.018: [GC (Allocation Failure) 39707K->435K(81088K), 0.0002050 secs]
179.072: [GC (Allocation Failure) 38437K->435K(79808K), 0.0002150 secs]
179.088: [GC (Allocation Failure) 37168K->435K(78592K), 0.0002770 secs]
179.116: [GC (Allocation Failure) 35898K->435K(77376K), 0.0002240 secs]
179.131: [GC (Allocation Failure) 34726K->435K(76224K), 0.0002060 secs]
179.169: [GC (Allocation Failure) 33554K->435K(75136K), 0.0002140 secs]
179.183: [GC (Allocation Failure) 32479K->435K(74112K), 0.0002140 secs]
179.197: [GC (Allocation Failure) 31405K->435K(80320K), 0.0002130 secs]
179.222: [GC (Allocation Failure) 37656K->435K(79040K), 0.0002100 secs]
179.237: [GC (Allocation Failure) 36386K->435K(86272K), 0.0003240 secs]
179.320: [GC (Allocation Failure) 43614K->435K(84736K), 0.0002050 secs]
179.342: [GC (Allocation Failure) 42051K->435K(83264K), 0.0002730 secs]
179.364: [GC (Allocation Failure) 40586K->435K(81856K), 0.0002140 secs]
179.385: [GC (Allocation Failure) 39219K->435K(80512K), 0.0002150 secs]
179.405: [GC (Allocation Failure) 37851K->435K(79232K), 0.0002010 secs]
179.421: [GC (Allocation Failure) 36582K->435K(78016K), 0.0002020 secs]
179.471: [GC (Allocation Failure) 35312K->435K(76864K), 0.0002220 secs]
179.489: [GC (Allocation Failure) 34140K->435K(75776K), 0.0002020 secs]
179.504: [GC (Allocation Failure) 33065K->435K(74688K), 0.0002180 secs]
179.521: [GC (Allocation Failure) 31991K->435K(81024K), 0.0002280 secs]
179.541: [GC (Allocation Failure) 38340K->435K(79744K), 0.0002150 secs]
179.561: [GC (Allocation Failure) 37070K->435K(78528K), 0.0002120 secs]
179.617: [GC (Allocation Failure) 35800K->435K(77312K), 0.0002250 secs]
179.636: [GC (Allocation Failure) 34628K->435K(76160K), 0.0002120 secs]
179.651: [GC (Allocation Failure) 33456K->435K(75072K), 0.0002060 secs]
179.665: [GC (Allocation Failure) 32382K->435K(81472K), 0.0002050 secs]
179.721: [GC (Allocation Failure) 38828K->435K(80128K), 0.0002030 secs]
179.741: [GC (Allocation Failure) 37461K->435K(78848K), 0.0002040 secs]
179.757: [GC (Allocation Failure) 36191K->435K(77632K), 0.0002300 secs]
179.773: [GC (Allocation Failure) 34921K->435K(76480K), 0.0002060 secs]
179.787: [GC (Allocation Failure) 33749K->435K(83200K), 0.0002040 secs]
179.808: [GC (Allocation Failure) 40488K->435K(81792K), 0.0002160 secs]
179.825: [GC (Allocation Failure) 39121K->435K(89536K), 0.0002150 secs]
179.845: [GC (Allocation Failure) 46837K->435K(87872K), 0.0002050 secs]
179.872: [GC (Allocation Failure) 45177K->435K(86272K), 0.0002290 secs]
179.912: [GC (Allocation Failure) 43614K->435K(84736K), 0.0003140 secs]
179.935: [GC (Allocation Failure) 42051K->435K(83264K), 0.0003240 secs]
179.971: [GC (Allocation Failure) 40586K->435K(81856K), 0.0002450 secs]
179.992: [GC (Allocation Failure) 39219K->435K(80512K), 0.0002300 secs]
180.014: [GC (Allocation Failure) 37851K->435K(79232K), 0.0002120 secs]
180.029: [GC (Allocation Failure) 36582K->435K(78016K), 0.0002050 secs]
180.140: [GC (Allocation Failure) 35312K->435K(76864K), 0.0002150 secs]
180.159: [GC (Allocation Failure) 34140K->435K(75776K), 0.0002100 secs]
180.173: [GC (Allocation Failure) 33065K->435K(74688K), 0.0002200 secs]
180.187: [GC (Allocation Failure) 31991K->435K(81024K), 0.0002140 secs]
180.208: [GC (Allocation Failure) 38340K->435K(79744K), 0.0002200 secs]
180.269: [GC (Allocation Failure) 37070K->435K(78528K), 0.0002230 secs]
180.288: [GC (Allocation Failure) 35800K->435K(77312K), 0.0002130 secs]
180.318: [GC (Allocation Failure) 34628K->435K(76160K), 0.0002120 secs]
180.411: [GC (Allocation Failure) 33456K->435K(75072K), 0.0002430 secs]
180.430: [GC (Allocation Failure) 32382K->435K(74048K), 0.0002170 secs]
180.521: [GC (Allocation Failure) 31405K->435K(73088K), 0.0002150 secs]
180.538: [GC (Allocation Failure) 30428K->435K(72128K), 0.0002140 secs]
180.559: [GC (Allocation Failure) 29451K->435K(71232K), 0.0002050 secs]
180.575: [GC (Allocation Failure) 28572K->435K(70400K), 0.0002730 secs]
180.591: [GC (Allocation Failure) 27693K->435K(69568K), 0.0002130 secs]
180.607: [GC (Allocation Failure) 26912K->435K(74880K), 0.0002240 secs]
180.629: [GC (Allocation Failure) 32186K->435K(73856K), 0.0002140 secs]
180.664: [GC (Allocation Failure) 31210K->435K(72896K), 0.0002150 secs]
180.681: [GC (Allocation Failure) 30233K->435K(71936K), 0.0002010 secs]
180.698: [GC (Allocation Failure) 29256K->435K(71040K), 0.0002020 secs]
180.717: [GC (Allocation Failure) 28377K->435K(70208K), 0.0002140 secs]
180.736: [GC (Allocation Failure) 27498K->435K(75648K), 0.0003370 secs]
180.754: [GC (Allocation Failure) 32968K->435K(82176K), 0.0002100 secs]
180.771: [GC (Allocation Failure) 39512K->435K(90048K), 0.0002150 secs]
180.795: [GC (Allocation Failure) 47325K->435K(88320K), 0.0002120 secs]
180.877: [GC (Allocation Failure) 45665K->435K(86656K), 0.0002040 secs]
180.896: [GC (Allocation Failure) 44005K->435K(85120K), 0.0002280 secs]
180.919: [GC (Allocation Failure) 42442K->435K(83648K), 0.0002080 secs]
180.941: [GC (Allocation Failure) 40977K->435K(82240K), 0.0002160 secs]
181.045: [GC (Allocation Failure) 39512K->435K(80896K), 0.0002180 secs]
181.066: [GC (Allocation Failure) 38242K->435K(79616K), 0.0002140 secs]
181.082: [GC (Allocation Failure) 36972K->435K(78400K), 0.0002050 secs]
181.132: [GC (Allocation Failure) 35702K->435K(77248K), 0.0002370 secs]
181.152: [GC (Allocation Failure) 34530K->435K(76096K), 0.0002230 secs]
181.166: [GC (Allocation Failure) 33456K->435K(75008K), 0.0002060 secs]
181.218: [GC (Allocation Failure) 32284K->435K(73984K), 0.0002160 secs]
181.235: [GC (Allocation Failure) 31307K->435K(73024K), 0.0002150 secs]
181.248: [GC (Allocation Failure) 30331K->435K(72064K), 0.0002140 secs]
181.261: [GC (Allocation Failure) 29354K->435K(77888K), 0.0002130 secs]
181.280: [GC (Allocation Failure) 35214K->435K(84864K), 0.0002120 secs]
181.302: [GC (Allocation Failure) 42149K->435K(83392K), 0.0002120 secs]
181.322: [GC (Allocation Failure) 40684K->435K(91456K), 0.0002730 secs]
181.379: [GC (Allocation Failure) 48791K->435K(89664K), 0.0002250 secs]
181.400: [GC (Allocation Failure) 46935K->435K(87936K), 0.0002160 secs]
181.424: [GC (Allocation Failure) 45274K->435K(86336K), 0.0002250 secs]
181.447: [GC (Allocation Failure) 43614K->435K(84800K), 0.0002150 secs]
181.469: [GC (Allocation Failure) 42149K->435K(83328K), 0.0002180 secs]
181.487: [GC (Allocation Failure) 40684K->435K(81920K), 0.0002050 secs]
181.522: [GC (Allocation Failure) 39219K->435K(80576K), 0.0002130 secs]
181.538: [GC (Allocation Failure) 37851K->435K(79296K), 0.0002050 secs]
181.555: [GC (Allocation Failure) 36582K->435K(78080K), 0.0002100 secs]
181.624: [GC (Allocation Failure) 35409K->435K(76928K), 0.0002210 secs]
181.639: [GC (Allocation Failure) 34237K->435K(75840K), 0.0002190 secs]
181.653: [GC (Allocation Failure) 33163K->435K(74752K), 0.0002110 secs]
181.671: [GC (Allocation Failure) 32089K->435K(73728K), 0.0002150 secs]
181.689: [GC (Allocation Failure) 31014K->435K(72768K), 0.0002130 secs]
181.705: [GC (Allocation Failure) 30038K->435K(78720K), 0.0002000 secs]
181.721: [GC (Allocation Failure) 35996K->435K(85888K), 0.0002170 secs]
181.744: [GC (Allocation Failure) 43223K->435K(84352K), 0.0002110 secs]
181.777: [GC (Allocation Failure) 41660K->435K(82880K), 0.0002170 secs]
181.799: [GC (Allocation Failure) 40195K->435K(81472K), 0.0002000 secs]
181.823: [GC (Allocation Failure) 38828K->435K(80128K), 0.0003210 secs]
181.911: [GC (Allocation Failure) 37461K->435K(78848K), 0.0001940 secs]
181.926: [GC (Allocation Failure) 36191K->435K(77632K), 0.0002150 secs]
181.941: [GC (Allocation Failure) 34921K->435K(76480K), 0.0002060 secs]
181.970: [GC (Allocation Failure) 33749K->435K(75392K), 0.0002160 secs]
181.988: [GC (Allocation Failure) 32675K->435K(74368K), 0.0002040 secs]
182.002: [GC (Allocation Failure) 31698K->435K(73344K), 0.0002150 secs]
182.015: [GC (Allocation Failure) 30624K->435K(79424K), 0.0002070 secs]
182.075: [GC (Allocation Failure) 36777K->435K(78208K), 0.0002240 secs]
182.094: [GC (Allocation Failure) 35507K->435K(77056K), 0.0002140 secs]
182.114: [GC (Allocation Failure) 34335K->435K(75904K), 0.0002120 secs]
182.224: [GC (Allocation Failure) 33261K->435K(74816K), 0.0002090 secs]
182.238: [GC (Allocation Failure) 32089K->435K(73792K), 0.0002050 secs]
182.269: [GC (Allocation Failure) 31112K->435K(72832K), 0.0002150 secs]
182.286: [GC (Allocation Failure) 30135K->435K(71872K), 0.0002110 secs]
182.320: [GC (Allocation Failure) 29158K->435K(70976K), 0.0002200 secs]
182.332: [GC (Allocation Failure) 28279K->435K(70144K), 0.0002170 secs]
182.368: [GC (Allocation Failure) 27498K->435K(69312K), 0.0002780 secs]
182.426: [GC (Allocation Failure) 26619K->435K(68544K), 0.0002250 secs]
182.437: [GC (Allocation Failure) 25838K->435K(67776K), 0.0002190 secs]
182.521: [GC (Allocation Failure) 25052K->435K(67072K), 0.0002270 secs]
182.536: [GC (Allocation Failure) 24369K->435K(71872K), 0.0002880 secs]
182.549: [GC (Allocation Failure) 29158K->435K(77632K), 0.0002650 secs]
182.565: [GC (Allocation Failure) 34921K->435K(84544K), 0.0002310 secs]
182.600: [GC (Allocation Failure) 41856K->435K(92864K), 0.0002380 secs]
182.627: [GC (Allocation Failure) 50162K->435K(91008K), 0.0002190 secs]
182.648: [GC (Allocation Failure) 48302K->435K(100608K), 0.0003220 secs]
182.678: [GC (Allocation Failure) 57878K->435K(98368K), 0.0002130 secs]
182.830: [GC (Allocation Failure) 55729K->435K(96256K), 0.0002740 secs]
182.880: [GC (Allocation Failure) 53580K->435K(94272K), 0.0002090 secs]
182.919: [GC (Allocation Failure) 51627K->435K(92352K), 0.0002130 secs]
182.941: [GC (Allocation Failure) 49670K->435K(90496K), 0.0002060 secs]
183.030: [GC (Allocation Failure) 47814K->435K(88768K), 0.0003230 secs]
183.077: [GC (Allocation Failure) 46056K->435K(87104K), 0.0002050 secs]
183.129: [GC (Allocation Failure) 44395K->435K(85504K), 0.0002080 secs]
183.147: [GC (Allocation Failure) 42833K->435K(83968K), 0.0002070 secs]
183.179: [GC (Allocation Failure) 41270K->435K(82560K), 0.0002200 secs]
183.196: [GC (Allocation Failure) 39902K->435K(81216K), 0.0002170 secs]
183.228: [GC (Allocation Failure) 38535K->435K(79936K), 0.0002200 secs]
183.248: [GC (Allocation Failure) 37265K->435K(78656K), 0.0002020 secs]
183.263: [GC (Allocation Failure) 35996K->435K(77440K), 0.0002040 secs]
183.376: [GC (Allocation Failure) 34726K->435K(76288K), 0.0003580 secs]
183.393: [GC (Allocation Failure) 33554K->435K(75200K), 0.0002030 secs]
183.407: [GC (Allocation Failure) 32479K->435K(74176K), 0.0002370 secs]
183.424: [GC (Allocation Failure) 31503K->435K(73152K), 0.0002110 secs]
183.474: [GC (Allocation Failure) 30428K->435K(72192K), 0.0002040 secs]
183.487: [GC (Allocation Failure) 29549K->435K(78016K), 0.0003240 secs]
183.525: [GC (Allocation Failure) 35312K->435K(76864K), 0.0002150 secs]
183.543: [GC (Allocation Failure) 34140K->435K(75776K), 0.0002140 secs]
183.631: [GC (Allocation Failure) 33065K->435K(74688K), 0.0002200 secs]
183.649: [GC (Allocation Failure) 31991K->435K(73664K), 0.0002010 secs]
183.667: [GC (Allocation Failure) 31014K->435K(72704K), 0.0002190 secs]
183.684: [GC (Allocation Failure) 30038K->435K(71808K), 0.0002130 secs]
183.698: [GC (Allocation Failure) 29158K->435K(77568K), 0.0002280 secs]
183.713: [GC (Allocation Failure) 34921K->435K(84480K), 0.0002050 secs]
183.731: [GC (Allocation Failure) 41758K->435K(92800K), 0.0002060 secs]
183.783: [GC (Allocation Failure) 50162K->435K(90944K), 0.0002250 secs]
183.804: [GC (Allocation Failure) 48302K->435K(89216K), 0.0002040 secs]
183.941: [GC (Allocation Failure) 46544K->435K(87552K), 0.0002060 secs]
183.981: [GC (Allocation Failure) 44884K->435K(85952K), 0.0002140 secs]
184.000: [GC (Allocation Failure) 43223K->435K(84416K), 0.0002160 secs]
184.080: [GC (Allocation Failure) 41758K->435K(82944K), 0.0002120 secs]
184.097: [GC (Allocation Failure) 40293K->435K(81536K), 0.0002170 secs]
184.114: [GC (Allocation Failure) 38828K->435K(80192K), 0.0002020 secs]
184.278: [GC (Allocation Failure) 37461K->435K(78912K), 0.0002120 secs]
184.294: [GC (Allocation Failure) 36191K->435K(77696K), 0.0002710 secs]
184.329: [GC (Allocation Failure) 35019K->435K(76544K), 0.0003410 secs]
184.344: [GC (Allocation Failure) 33847K->435K(83264K), 0.0002810 secs]
184.376: [GC (Allocation Failure) 40586K->435K(81856K), 0.0002090 secs]
184.413: [GC (Allocation Failure) 39219K->435K(80512K), 0.0002120 secs]
184.436: [GC (Allocation Failure) 37851K->435K(79232K), 0.0002980 secs]
184.528: [GC (Allocation Failure) 36582K->435K(78016K), 0.0002070 secs]
184.548: [GC (Allocation Failure) 35312K->435K(76864K), 0.0002310 secs]
184.609: [GC (Allocation Failure) 34140K->435K(75776K), 0.0002200 secs]
184.624: [GC (Allocation Failure) 33065K->435K(74688K), 0.0002070 secs]
184.660: [GC (Allocation Failure) 31991K->435K(73664K), 0.0002730 secs]
184.732: [GC (Allocation Failure) 31014K->435K(72704K), 0.0002220 secs]
184.749: [GC (Allocation Failure) 30038K->435K(71808K), 0.0002340 secs]
184.776: [GC (Allocation Failure) 29158K->435K(70912K), 0.0002180 secs]
184.789: [GC (Allocation Failure) 28182K->435K(70080K), 0.0002070 secs]
184.831: [GC (Allocation Failure) 27400K->435K(69248K), 0.0002130 secs]
184.846: [GC (Allocation Failure) 26521K->435K(68480K), 0.0002140 secs]
184.858: [GC (Allocation Failure) 25838K->435K(73600K), 0.0002030 secs]
184.875: [GC (Allocation Failure) 30917K->435K(79744K), 0.0002030 secs]
184.895: [GC (Allocation Failure) 37070K->435K(87104K), 0.0002140 secs]
184.915: [GC (Allocation Failure) 44395K->435K(85504K), 0.0002170 secs]
184.978: [GC (Allocation Failure) 42833K->435K(83968K), 0.0002130 secs]
184.999: [GC (Allocation Failure) 41270K->435K(82560K), 0.0002020 secs]
185.017: [GC (Allocation Failure) 39902K->435K(81216K), 0.0002140 secs]
185.037: [GC (Allocation Failure) 38535K->435K(79936K), 0.0002120 secs]
185.057: [GC (Allocation Failure) 37265K->435K(78656K), 0.0002200 secs]
185.075: [GC (Allocation Failure) 35996K->435K(77440K), 0.0002050 secs]
185.125: [GC (Allocation Failure) 34726K->435K(76288K), 0.0002220 secs]
185.143: [GC (Allocation Failure) 33554K->435K(75200K), 0.0002130 secs]
185.157: [GC (Allocation Failure) 32479K->435K(74176K), 0.0002120 secs]
185.175: [GC (Allocation Failure) 31503K->435K(73152K), 0.0002010 secs]
185.192: [GC (Allocation Failure) 30428K->435K(72192K), 0.0002300 secs]
185.205: [GC (Allocation Failure) 29549K->435K(78016K), 0.0002150 secs]
185.221: [GC (Allocation Failure) 35312K->435K(85056K), 0.0002030 secs]
185.282: [GC (Allocation Failure) 42344K->435K(83584K), 0.0002100 secs]
185.300: [GC (Allocation Failure) 40879K->435K(82176K), 0.0002240 secs]
185.321: [GC (Allocation Failure) 39512K->435K(80832K), 0.0002150 secs]
185.426: [GC (Allocation Failure) 38144K->435K(79552K), 0.0002160 secs]
185.442: [GC (Allocation Failure) 36875K->435K(78336K), 0.0002030 secs]
185.460: [GC (Allocation Failure) 35605K->435K(77184K), 0.0002090 secs]
185.479: [GC (Allocation Failure) 34530K->435K(76032K), 0.0002140 secs]
185.498: [GC (Allocation Failure) 33358K->435K(74944K), 0.0002080 secs]
185.529: [GC (Allocation Failure) 32284K->435K(73920K), 0.0002100 secs]
185.547: [GC (Allocation Failure) 31210K->435K(72960K), 0.0002050 secs]
185.564: [GC (Allocation Failure) 30233K->435K(72000K), 0.0002390 secs]
185.585: [GC (Allocation Failure) 29354K->435K(71104K), 0.0002120 secs]
185.598: [GC (Allocation Failure) 28377K->435K(76736K), 0.0002190 secs]
185.616: [GC (Allocation Failure) 34042K->435K(83520K), 0.0002000 secs]
185.696: [GC (Allocation Failure) 40879K->435K(82112K), 0.0002090 secs]
185.717: [GC (Allocation Failure) 39414K->435K(80768K), 0.0002070 secs]
185.738: [GC (Allocation Failure) 38047K->435K(79488K), 0.0002120 secs]
185.780: [GC (Allocation Failure) 36777K->435K(78272K), 0.0002090 secs]
185.796: [GC (Allocation Failure) 35605K->435K(77120K), 0.0002150 secs]
185.829: [GC (Allocation Failure) 34433K->435K(75968K), 0.0002200 secs]
185.844: [GC (Allocation Failure) 33261K->435K(74880K), 0.0002060 secs]
185.857: [GC (Allocation Failure) 32186K->435K(73856K), 0.0002030 secs]
185.878: [GC (Allocation Failure) 31210K->435K(72896K), 0.0002100 secs]
185.893: [GC (Allocation Failure) 30233K->435K(78912K), 0.0002020 secs]
185.937: [GC (Allocation Failure) 36191K->435K(77696K), 0.0002310 secs]
185.952: [GC (Allocation Failure) 35019K->435K(76544K), 0.0002180 secs]
185.970: [GC (Allocation Failure) 33847K->435K(75456K), 0.0002040 secs]
185.988: [GC (Allocation Failure) 32772K->435K(74432K), 0.0002190 secs]
186.002: [GC (Allocation Failure) 31698K->435K(80704K), 0.0002160 secs]
186.018: [GC (Allocation Failure) 38047K->435K(88256K), 0.0002020 secs]
186.080: [GC (Allocation Failure) 45567K->435K(86592K), 0.0002140 secs]
186.099: [GC (Allocation Failure) 43907K->435K(85056K), 0.0002040 secs]
186.117: [GC (Allocation Failure) 42344K->435K(83584K), 0.0002030 secs]
186.279: [GC (Allocation Failure) 40879K->435K(82176K), 0.0002180 secs]
186.299: [GC (Allocation Failure) 39512K->435K(80832K), 0.0002000 secs]
186.316: [GC (Allocation Failure) 38144K->435K(79552K), 0.0002160 secs]
186.332: [GC (Allocation Failure) 36875K->435K(78336K), 0.0002040 secs]
186.381: [GC (Allocation Failure) 35605K->435K(77184K), 0.0002430 secs]
186.400: [GC (Allocation Failure) 34530K->435K(76032K), 0.0002030 secs]
186.418: [GC (Allocation Failure) 33358K->435K(74944K), 0.0002130 secs]
186.575: [GC (Allocation Failure) 32284K->435K(73920K), 0.0002760 secs]
186.592: [GC (Allocation Failure) 31210K->435K(72960K), 0.0002140 secs]
186.605: [GC (Allocation Failure) 30233K->435K(72000K), 0.0001990 secs]
186.622: [GC (Allocation Failure) 29354K->435K(77824K), 0.0002710 secs]
186.641: [GC (Allocation Failure) 35116K->435K(84800K), 0.0002120 secs]
186.662: [GC (Allocation Failure) 42149K->435K(83328K), 0.0002030 secs]
186.734: [GC (Allocation Failure) 40684K->435K(81920K), 0.0002110 secs]
186.755: [GC (Allocation Failure) 39219K->435K(80576K), 0.0002160 secs]
186.778: [GC (Allocation Failure) 37851K->435K(79296K), 0.0002150 secs]
186.837: [GC (Allocation Failure) 36582K->435K(78080K), 0.0002210 secs]
186.853: [GC (Allocation Failure) 35409K->435K(76928K), 0.0002840 secs]
186.927: [GC (Allocation Failure) 34237K->435K(75840K), 0.0002180 secs]
186.980: [GC (Allocation Failure) 33163K->435K(74752K), 0.0002210 secs]
186.995: [GC (Allocation Failure) 32089K->435K(73728K), 0.0002140 secs]
187.026: [GC (Allocation Failure) 31014K->435K(72768K), 0.0002150 secs]
187.135: [GC (Allocation Failure) 30038K->435K(71808K), 0.0002170 secs]
187.147: [GC (Allocation Failure) 29158K->435K(70912K), 0.0002220 secs]
187.175: [GC (Allocation Failure) 28182K->435K(70080K), 0.0002300 secs]
187.191: [GC (Allocation Failure) 27400K->435K(69248K), 0.0002130 secs]
187.207: [GC (Allocation Failure) 26521K->435K(68480K), 0.0002310 secs]
187.219: [GC (Allocation Failure) 25838K->435K(73600K), 0.0002650 secs]
187.276: [GC (Allocation Failure) 30917K->435K(72640K), 0.0002150 secs]
187.292: [GC (Allocation Failure) 29940K->435K(71744K), 0.0002060 secs]
187.309: [GC (Allocation Failure) 29061K->435K(77504K), 0.0002040 secs]
187.324: [GC (Allocation Failure) 34823K->435K(84416K), 0.0002280 secs]
187.342: [GC (Allocation Failure) 41758K->435K(92736K), 0.0002040 secs]
187.389: [GC (Allocation Failure) 50064K->435K(90880K), 0.0002370 secs]
187.413: [GC (Allocation Failure) 48204K->435K(89152K), 0.0002000 secs]
187.487: [GC (Allocation Failure) 46446K->435K(87488K), 0.0002020 secs]
187.506: [GC (Allocation Failure) 44786K->435K(85888K), 0.0002160 secs]
187.528: [GC (Allocation Failure) 43223K->435K(84352K), 0.0002100 secs]
187.547: [GC (Allocation Failure) 41660K->435K(82880K), 0.0002140 secs]
187.564: [GC (Allocation Failure) 40195K->435K(81472K), 0.0002010 secs]
187.734: [GC (Allocation Failure) 38828K->435K(80128K), 0.0002120 secs]
187.754: [GC (Allocation Failure) 37461K->435K(78848K), 0.0002110 secs]
187.829: [GC (Allocation Failure) 36191K->435K(77632K), 0.0002140 secs]
187.878: [GC (Allocation Failure) 34921K->435K(76480K), 0.0002110 secs]
187.912: [GC (Allocation Failure) 33749K->435K(75392K), 0.0002400 secs]
187.928: [GC (Allocation Failure) 32675K->435K(74368K), 0.0002650 secs]
187.946: [GC (Allocation Failure) 31698K->435K(73344K), 0.0002740 secs]
187.963: [GC (Allocation Failure) 30624K->435K(72384K), 0.0002420 secs]
188.030: [GC (Allocation Failure) 29745K->435K(71488K), 0.0002220 secs]
188.042: [GC (Allocation Failure) 28768K->435K(77184K), 0.0002790 secs]
188.091: [GC (Allocation Failure) 34530K->435K(76032K), 0.0002130 secs]
188.110: [GC (Allocation Failure) 33358K->435K(74944K), 0.0002310 secs]
188.124: [GC (Allocation Failure) 32284K->435K(81344K), 0.0002060 secs]
188.141: [GC (Allocation Failure) 38633K->435K(89024K), 0.0002150 secs]
188.184: [GC (Allocation Failure) 46349K->435K(87360K), 0.0002270 secs]
188.203: [GC (Allocation Failure) 44688K->435K(85760K), 0.0002040 secs]
188.225: [GC (Allocation Failure) 43028K->435K(84224K), 0.0002120 secs]
188.248: [GC (Allocation Failure) 41563K->435K(82752K), 0.0002040 secs]
188.265: [GC (Allocation Failure) 40098K->435K(81344K), 0.0002110 secs]
188.282: [GC (Allocation Failure) 38633K->435K(80000K), 0.0002040 secs]
188.302: [GC (Allocation Failure) 37363K->435K(78720K), 0.0002220 secs]
188.356: [GC (Allocation Failure) 35996K->435K(77504K), 0.0002260 secs]
188.371: [GC (Allocation Failure) 34823K->435K(76352K), 0.0002210 secs]
188.390: [GC (Allocation Failure) 33651K->435K(83008K), 0.0003250 secs]
188.432: [GC (Allocation Failure) 40293K->435K(81600K), 0.0002780 secs]
188.485: [GC (Allocation Failure) 38926K->435K(80256K), 0.0002230 secs]
188.501: [GC (Allocation Failure) 37558K->435K(78976K), 0.0002180 secs]
188.517: [GC (Allocation Failure) 36289K->435K(77760K), 0.0002060 secs]
188.540: [GC (Allocation Failure) 35116K->435K(76608K), 0.0002390 secs]
188.559: [GC (Allocation Failure) 33944K->435K(75520K), 0.0002150 secs]
188.574: [GC (Allocation Failure) 32870K->435K(82048K), 0.0002630 secs]
188.601: [GC (Allocation Failure) 39316K->435K(80704K), 0.0002170 secs]
188.621: [GC (Allocation Failure) 38047K->435K(79424K), 0.0002130 secs]
188.638: [GC (Allocation Failure) 36777K->435K(78208K), 0.0002040 secs]
188.653: [GC (Allocation Failure) 35507K->435K(85248K), 0.0002030 secs]
188.684: [GC (Allocation Failure) 42540K->435K(83776K), 0.0002300 secs]
188.705: [GC (Allocation Failure) 41074K->435K(82368K), 0.0002020 secs]
188.736: [GC (Allocation Failure) 39707K->435K(81024K), 0.0002050 secs]
188.752: [GC (Allocation Failure) 38340K->435K(79744K), 0.0002140 secs]
188.768: [GC (Allocation Failure) 37070K->435K(78528K), 0.0002140 secs]
188.884: [GC (Allocation Failure) 35800K->435K(77312K), 0.0002140 secs]
188.899: [GC (Allocation Failure) 34628K->435K(76160K), 0.0002210 secs]
188.930: [GC (Allocation Failure) 33456K->435K(75072K), 0.0002030 secs]
188.983: [GC (Allocation Failure) 32382K->435K(74048K), 0.0002090 secs]
189.001: [GC (Allocation Failure) 31405K->435K(73088K), 0.0002170 secs]
189.015: [GC (Allocation Failure) 30428K->435K(72128K), 0.0002000 secs]
189.032: [GC (Allocation Failure) 29451K->435K(71232K), 0.0002110 secs]
189.045: [GC (Allocation Failure) 28572K->435K(76864K), 0.0002490 secs]
189.059: [GC (Allocation Failure) 34140K->435K(83648K), 0.0002070 secs]
189.087: [GC (Allocation Failure) 40977K->435K(91776K), 0.0002260 secs]
189.110: [GC (Allocation Failure) 49084K->435K(89984K), 0.0002190 secs]
189.138: [GC (Allocation Failure) 47325K->435K(88256K), 0.0002230 secs]
189.189: [GC (Allocation Failure) 45567K->435K(86592K), 0.0002140 secs]
189.212: [GC (Allocation Failure) 43907K->435K(85056K), 0.0002020 secs]
189.234: [GC (Allocation Failure) 42344K->435K(83584K), 0.0002110 secs]
189.252: [GC (Allocation Failure) 40879K->435K(82176K), 0.0002170 secs]
189.273: [GC (Allocation Failure) 39512K->435K(80832K), 0.0002120 secs]
189.336: [GC (Allocation Failure) 38144K->435K(79552K), 0.0002080 secs]
189.355: [GC (Allocation Failure) 36875K->435K(78336K), 0.0002030 secs]
189.408: [GC (Allocation Failure) 35605K->435K(77184K), 0.0002270 secs]
189.423: [GC (Allocation Failure) 34530K->435K(76032K), 0.0002030 secs]
189.480: [GC (Allocation Failure) 33358K->435K(74944K), 0.0002040 secs]
189.535: [GC (Allocation Failure) 32284K->435K(73920K), 0.0002220 secs]
189.553: [GC (Allocation Failure) 31210K->435K(72960K), 0.0002040 secs]
189.579: [GC (Allocation Failure) 30233K->435K(72000K), 0.0002270 secs]
189.596: [GC (Allocation Failure) 29354K->435K(71104K), 0.0002150 secs]
189.608: [GC (Allocation Failure) 28377K->435K(70272K), 0.0002260 secs]
189.622: [GC (Allocation Failure) 27596K->435K(75712K), 0.0002030 secs]
189.781: [GC (Allocation Failure) 33065K->435K(74624K), 0.0002750 secs]
189.830: [GC (Allocation Failure) 31893K->435K(73600K), 0.0002060 secs]
189.879: [GC (Allocation Failure) 30917K->435K(72640K), 0.0002160 secs]
189.896: [GC (Allocation Failure) 29940K->435K(71744K), 0.0002020 secs]
189.913: [GC (Allocation Failure) 29061K->435K(70848K), 0.0002110 secs]
189.925: [GC (Allocation Failure) 28182K->435K(76416K), 0.0002280 secs]
189.940: [GC (Allocation Failure) 33749K->435K(83136K), 0.0002090 secs]
190.076: [GC (Allocation Failure) 40488K->435K(81728K), 0.0002120 secs]
190.097: [GC (Allocation Failure) 39023K->435K(80384K), 0.0002030 secs]
190.137: [GC (Allocation Failure) 37656K->435K(79104K), 0.0002070 secs]
190.152: [GC (Allocation Failure) 36386K->435K(77888K), 0.0002140 secs]
190.171: [GC (Allocation Failure) 35214K->435K(76736K), 0.0001990 secs]
190.186: [GC (Allocation Failure) 34042K->435K(75648K), 0.0002140 secs]
190.200: [GC (Allocation Failure) 32968K->435K(82176K), 0.0002030 secs]
190.238: [GC (Allocation Failure) 39512K->435K(80832K), 0.0002330 secs]
190.255: [GC (Allocation Failure) 38144K->435K(79552K), 0.0002640 secs]
190.328: [GC (Allocation Failure) 36875K->435K(78336K), 0.0002300 secs]
190.347: [GC (Allocation Failure) 35605K->435K(77184K), 0.0002110 secs]
190.407: [GC (Allocation Failure) 34530K->435K(76032K), 0.0002780 secs]
190.432: [GC (Allocation Failure) 33358K->435K(74944K), 0.0002170 secs]
190.481: [GC (Allocation Failure) 32284K->435K(73920K), 0.0002260 secs]
190.494: [GC (Allocation Failure) 31210K->435K(72960K), 0.0002040 secs]
190.507: [GC (Allocation Failure) 30233K->435K(72000K), 0.0002050 secs]
190.521: [GC (Allocation Failure) 29354K->435K(77824K), 0.0002020 secs]
190.595: [GC (Allocation Failure) 35116K->435K(76672K), 0.0003260 secs]
190.666: [GC (Allocation Failure) 33944K->435K(75584K), 0.0002140 secs]
190.684: [GC (Allocation Failure) 32870K->435K(74560K), 0.0002010 secs]
190.698: [GC (Allocation Failure) 31893K->435K(73536K), 0.0002170 secs]
190.736: [GC (Allocation Failure) 30819K->435K(72576K), 0.0002310 secs]
190.754: [GC (Allocation Failure) 29842K->435K(71680K), 0.0002280 secs]
190.767: [GC (Allocation Failure) 28963K->435K(77440K), 0.0002740 secs]
190.782: [GC (Allocation Failure) 34726K->435K(84352K), 0.0002220 secs]
190.804: [GC (Allocation Failure) 41660K->435K(92608K), 0.0002110 secs]
190.846: [GC (Allocation Failure) 49967K->435K(90752K), 0.0002260 secs]
190.868: [GC (Allocation Failure) 48107K->435K(89024K), 0.0002000 secs]
190.942: [GC (Allocation Failure) 46349K->435K(87360K), 0.0002060 secs]
190.965: [GC (Allocation Failure) 44688K->435K(85760K), 0.0002110 secs]
190.983: [GC (Allocation Failure) 43028K->435K(84224K), 0.0002140 secs]
191.040: [GC (Allocation Failure) 41563K->435K(82752K), 0.0002230 secs]
191.057: [GC (Allocation Failure) 40098K->435K(81344K), 0.0002070 secs]
191.085: [GC (Allocation Failure) 38633K->435K(80000K), 0.0002190 secs]
191.104: [GC (Allocation Failure) 37363K->435K(78720K), 0.0002100 secs]
191.120: [GC (Allocation Failure) 35996K->435K(77504K), 0.0002120 secs]
191.139: [GC (Allocation Failure) 34823K->435K(76352K), 0.0002220 secs]
191.233: [GC (Allocation Failure) 33651K->435K(75264K), 0.0002230 secs]
191.286: [GC (Allocation Failure) 32577K->435K(74240K), 0.0002180 secs]
191.304: [GC (Allocation Failure) 31600K->435K(73216K), 0.0002050 secs]
191.331: [GC (Allocation Failure) 30526K->435K(72256K), 0.0002730 secs]
191.381: [GC (Allocation Failure) 29549K->435K(71360K), 0.0002230 secs]
191.397: [GC (Allocation Failure) 28670K->435K(70464K), 0.0002700 secs]
191.409: [GC (Allocation Failure) 27791K->435K(75968K), 0.0002120 secs]
191.427: [GC (Allocation Failure) 33261K->435K(82560K), 0.0002100 secs]
191.459: [GC (Allocation Failure) 39902K->435K(81216K), 0.0002050 secs]
191.475: [GC (Allocation Failure) 38535K->435K(79936K), 0.0002030 secs]
191.536: [GC (Allocation Failure) 37265K->435K(78656K), 0.0002110 secs]
191.555: [GC (Allocation Failure) 35996K->435K(77440K), 0.0002230 secs]
191.588: [GC (Allocation Failure) 34726K->435K(76288K), 0.0002250 secs]
191.606: [GC (Allocation Failure) 33554K->435K(75200K), 0.0002120 secs]
191.637: [GC (Allocation Failure) 32479K->435K(74176K), 0.0002050 secs]
191.650: [GC (Allocation Failure) 31503K->435K(73152K), 0.0002150 secs]
191.663: [GC (Allocation Failure) 30428K->435K(79168K), 0.0002060 secs]
191.679: [GC (Allocation Failure) 36484K->435K(86400K), 0.0002740 secs]
191.788: [GC (Allocation Failure) 43712K->435K(84864K), 0.0002260 secs]
191.806: [GC (Allocation Failure) 42149K->435K(83392K), 0.0002020 secs]
191.827: [GC (Allocation Failure) 40684K->435K(81984K), 0.0002130 secs]
191.844: [GC (Allocation Failure) 39316K->435K(80640K), 0.0002060 secs]
191.864: [GC (Allocation Failure) 37949K->435K(79360K), 0.0002280 secs]
191.885: [GC (Allocation Failure) 36679K->435K(78144K), 0.0002170 secs]
191.900: [GC (Allocation Failure) 35409K->435K(76992K), 0.0002170 secs]
191.915: [GC (Allocation Failure) 34335K->435K(83776K), 0.0002040 secs]
191.938: [GC (Allocation Failure) 41074K->435K(82368K), 0.0002090 secs]
191.959: [GC (Allocation Failure) 39707K->435K(90240K), 0.0002770 secs]
191.980: [GC (Allocation Failure) 47521K->435K(88512K), 0.0002060 secs]
192.046: [GC (Allocation Failure) 45860K->435K(86848K), 0.0002150 secs]
192.069: [GC (Allocation Failure) 44200K->435K(85312K), 0.0002030 secs]
192.138: [GC (Allocation Failure) 42637K->435K(83840K), 0.0002170 secs]
192.187: [GC (Allocation Failure) 41172K->435K(82432K), 0.0002050 secs]
192.241: [GC (Allocation Failure) 39707K->435K(81088K), 0.0002280 secs]
192.261: [GC (Allocation Failure) 38437K->435K(79808K), 0.0002140 secs]
192.290: [GC (Allocation Failure) 37168K->435K(78592K), 0.0002290 secs]
192.310: [GC (Allocation Failure) 35898K->435K(77376K), 0.0002230 secs]
192.335: [GC (Allocation Failure) 34726K->435K(76224K), 0.0002730 secs]
192.384: [GC (Allocation Failure) 33554K->435K(75136K), 0.0002150 secs]
192.434: [GC (Allocation Failure) 32479K->435K(74112K), 0.0002040 secs]
192.458: [GC (Allocation Failure) 31405K->435K(73152K), 0.0002140 secs]
192.475: [GC (Allocation Failure) 30428K->435K(72192K), 0.0002100 secs]
192.488: [GC (Allocation Failure) 29549K->435K(71296K), 0.0002150 secs]
192.504: [GC (Allocation Failure) 28572K->435K(70400K), 0.0002220 secs]
192.534: [GC (Allocation Failure) 27693K->435K(69568K), 0.0002040 secs]
192.549: [GC (Allocation Failure) 26912K->435K(68800K), 0.0002230 secs]
192.564: [GC (Allocation Failure) 26131K->435K(73984K), 0.0002120 secs]
192.578: [GC (Allocation Failure) 31307K->435K(80192K), 0.0002060 secs]
192.595: [GC (Allocation Failure) 37461K->435K(87616K), 0.0002030 secs]
192.614: [GC (Allocation Failure) 44884K->435K(96576K), 0.0002060 secs]
192.646: [GC (Allocation Failure) 53873K->435K(94528K), 0.0002450 secs]
192.669: [GC (Allocation Failure) 51822K->435K(92608K), 0.0002080 secs]
192.691: [GC (Allocation Failure) 49967K->435K(90752K), 0.0002150 secs]
192.715: [GC (Allocation Failure) 48107K->435K(89024K), 0.0002110 secs]
192.748: [GC (Allocation Failure) 46349K->435K(87360K), 0.0002300 secs]
192.790: [GC (Allocation Failure) 44688K->435K(85760K), 0.0002160 secs]
192.839: [GC (Allocation Failure) 43028K->435K(84224K), 0.0002240 secs]
192.857: [GC (Allocation Failure) 41563K->435K(82752K), 0.0002040 secs]
192.938: [GC (Allocation Failure) 40098K->435K(81344K), 0.0002140 secs]
192.955: [GC (Allocation Failure) 38633K->435K(80000K), 0.0002130 secs]
192.975: [GC (Allocation Failure) 37363K->435K(78720K), 0.0002120 secs]
192.990: [GC (Allocation Failure) 35996K->435K(77504K), 0.0002220 secs]
193.024: [GC (Allocation Failure) 34823K->435K(76352K), 0.0002200 secs]
193.089: [GC (Allocation Failure) 33651K->435K(75264K), 0.0002160 secs]
193.107: [GC (Allocation Failure) 32577K->435K(74240K), 0.0002010 secs]
193.150: [GC (Allocation Failure) 31600K->435K(73216K), 0.0002060 secs]
193.164: [GC (Allocation Failure) 30526K->435K(72256K), 0.0002220 secs]
193.184: [GC (Allocation Failure) 29549K->435K(71360K), 0.0002630 secs]
193.237: [GC (Allocation Failure) 28670K->435K(70464K), 0.0002170 secs]
193.249: [GC (Allocation Failure) 27791K->435K(69632K), 0.0002180 secs]
193.382: [GC (Allocation Failure) 26912K->435K(68864K), 0.0002260 secs]
193.394: [GC (Allocation Failure) 26131K->435K(74048K), 0.0003500 secs]
193.407: [GC (Allocation Failure) 31405K->435K(80256K), 0.0002050 secs]
193.427: [GC (Allocation Failure) 37558K->435K(87744K), 0.0002170 secs]
193.451: [GC (Allocation Failure) 45079K->435K(96704K), 0.0002130 secs]
193.474: [GC (Allocation Failure) 53971K->435K(107456K), 0.0002140 secs]
193.502: [GC (Allocation Failure) 64813K->435K(104896K), 0.0002040 secs]
193.600: [GC (Allocation Failure) 62176K->435K(102464K), 0.0002130 secs]
193.630: [GC (Allocation Failure) 59734K->435K(100160K), 0.0002020 secs]
193.654: [GC (Allocation Failure) 57487K->435K(97984K), 0.0002730 secs]
193.699: [GC (Allocation Failure) 55339K->435K(95872K), 0.0002190 secs]
193.722: [GC (Allocation Failure) 53190K->435K(93888K), 0.0002140 secs]
193.748: [GC (Allocation Failure) 51236K->435K(91968K), 0.0002100 secs]
193.847: [GC (Allocation Failure) 49279K->435K(90176K), 0.0002090 secs]
193.867: [GC (Allocation Failure) 47521K->435K(88448K), 0.0002740 secs]
193.917: [GC (Allocation Failure) 45763K->435K(86784K), 0.0002310 secs]
193.941: [GC (Allocation Failure) 44102K->435K(85248K), 0.0002150 secs]
193.963: [GC (Allocation Failure) 42540K->435K(83776K), 0.0002120 secs]
193.994: [GC (Allocation Failure) 41074K->435K(82368K), 0.0002070 secs]
194.011: [GC (Allocation Failure) 39707K->435K(81024K), 0.0002280 secs]
194.029: [GC (Allocation Failure) 38340K->435K(79744K), 0.0002120 secs]
194.049: [GC (Allocation Failure) 37070K->435K(78528K), 0.0002110 secs]
194.065: [GC (Allocation Failure) 35800K->435K(77312K), 0.0002060 secs]
194.088: [GC (Allocation Failure) 34628K->435K(76160K), 0.0002200 secs]
194.139: [GC (Allocation Failure) 33456K->435K(75072K), 0.0002220 secs]
194.157: [GC (Allocation Failure) 32382K->435K(74048K), 0.0002100 secs]
194.236: [GC (Allocation Failure) 31405K->435K(73088K), 0.0002270 secs]
194.249: [GC (Allocation Failure) 30428K->435K(72128K), 0.0002020 secs]
194.289: [GC (Allocation Failure) 29451K->435K(71232K), 0.0002190 secs]
194.301: [GC (Allocation Failure) 28572K->435K(70400K), 0.0002030 secs]
194.313: [GC (Allocation Failure) 27693K->435K(75904K), 0.0002030 secs]
194.348: [GC (Allocation Failure) 33261K->435K(74816K), 0.0002180 secs]
194.362: [GC (Allocation Failure) 32089K->435K(81216K), 0.0002180 secs]
194.393: [GC (Allocation Failure) 38535K->435K(79936K), 0.0002130 secs]
194.414: [GC (Allocation Failure) 37265K->435K(78656K), 0.0002040 secs]
194.430: [GC (Allocation Failure) 35996K->435K(77440K), 0.0002400 secs]
194.488: [GC (Allocation Failure) 34726K->435K(76288K), 0.0002230 secs]
194.539: [GC (Allocation Failure) 33554K->435K(75200K), 0.0002220 secs]
194.553: [GC (Allocation Failure) 32479K->435K(74176K), 0.0002140 secs]
194.591: [GC (Allocation Failure) 31503K->435K(73152K), 0.0002250 secs]
194.604: [GC (Allocation Failure) 30428K->435K(72192K), 0.0002050 secs]
194.632: [GC (Allocation Failure) 29549K->435K(71296K), 0.0002110 secs]
194.644: [GC (Allocation Failure) 28572K->435K(76992K), 0.0003340 secs]
194.664: [GC (Allocation Failure) 34335K->435K(83776K), 0.0002870 secs]
194.682: [GC (Allocation Failure) 41074K->435K(91968K), 0.0002170 secs]
194.707: [GC (Allocation Failure) 49279K->435K(101760K), 0.0002240 secs]
194.749: [GC (Allocation Failure) 59050K->435K(99520K), 0.0002140 secs]
194.773: [GC (Allocation Failure) 56804K->435K(97344K), 0.0002040 secs]
194.796: [GC (Allocation Failure) 54655K->435K(95296K), 0.0002130 secs]
194.850: [GC (Allocation Failure) 52604K->435K(93312K), 0.0002230 secs]
194.872: [GC (Allocation Failure) 50650K->435K(91456K), 0.0002170 secs]
194.893: [GC (Allocation Failure) 48791K->435K(89664K), 0.0002130 secs]
194.993: [GC (Allocation Failure) 46935K->435K(87936K), 0.0002050 secs]
195.043: [GC (Allocation Failure) 45274K->435K(86336K), 0.0002060 secs]
195.096: [GC (Allocation Failure) 43614K->435K(84800K), 0.0002230 secs]
195.118: [GC (Allocation Failure) 42149K->435K(83328K), 0.0002100 secs]
195.148: [GC (Allocation Failure) 40684K->435K(81920K), 0.0002830 secs]
195.251: [GC (Allocation Failure) 39219K->435K(80576K), 0.0002210 secs]
195.271: [GC (Allocation Failure) 37851K->435K(79296K), 0.0002080 secs]
195.287: [GC (Allocation Failure) 36582K->435K(78080K), 0.0002180 secs]
195.306: [GC (Allocation Failure) 35409K->435K(76928K), 0.0002110 secs]
195.339: [GC (Allocation Failure) 34237K->435K(75840K), 0.0002780 secs]
195.392: [GC (Allocation Failure) 33163K->435K(74752K), 0.0002110 secs]
195.406: [GC (Allocation Failure) 32089K->435K(73728K), 0.0002060 secs]
195.438: [GC (Allocation Failure) 31014K->435K(72768K), 0.0002150 secs]
195.451: [GC (Allocation Failure) 30038K->435K(71808K), 0.0002050 secs]
195.542: [GC (Allocation Failure) 29158K->435K(70912K), 0.0002340 secs]
195.555: [GC (Allocation Failure) 28182K->435K(76480K), 0.0003930 secs]
195.638: [GC (Allocation Failure) 33749K->435K(75392K), 0.0002180 secs]
195.656: [GC (Allocation Failure) 32675K->435K(74368K), 0.0002020 secs]
195.670: [GC (Allocation Failure) 31698K->435K(80640K), 0.0002170 secs]
195.691: [GC (Allocation Failure) 37949K->435K(88192K), 0.0002290 secs]
195.711: [GC (Allocation Failure) 45470K->435K(97216K), 0.0002170 secs]
195.738: [GC (Allocation Failure) 54557K->435K(95168K), 0.0002050 secs]
195.765: [GC (Allocation Failure) 52506K->435K(93184K), 0.0002180 secs]
195.787: [GC (Allocation Failure) 50455K->435K(91328K), 0.0002150 secs]
195.850: [GC (Allocation Failure) 48595K->435K(89536K), 0.0002150 secs]
195.874: [GC (Allocation Failure) 46837K->435K(87872K), 0.0002130 secs]
195.893: [GC (Allocation Failure) 45177K->435K(86272K), 0.0002150 secs]
195.944: [GC (Allocation Failure) 43614K->435K(84736K), 0.0002400 secs]
195.963: [GC (Allocation Failure) 42051K->435K(83264K), 0.0002200 secs]
195.992: [GC (Allocation Failure) 40586K->435K(81856K), 0.0002150 secs]
196.142: [GC (Allocation Failure) 39219K->435K(80512K), 0.0002140 secs]
196.158: [GC (Allocation Failure) 37851K->435K(79232K), 0.0002060 secs]
196.191: [GC (Allocation Failure) 36582K->435K(78016K), 0.0002130 secs]
196.206: [GC (Allocation Failure) 35312K->435K(76864K), 0.0002030 secs]
196.221: [GC (Allocation Failure) 34140K->435K(75776K), 0.0002030 secs]
196.239: [GC (Allocation Failure) 33065K->435K(74688K), 0.0002120 secs]
196.257: [GC (Allocation Failure) 31991K->435K(73664K), 0.0002130 secs]
196.274: [GC (Allocation Failure) 31014K->435K(72704K), 0.0002150 secs]
196.343: [GC (Allocation Failure) 30038K->435K(71808K), 0.0002190 secs]
196.357: [GC (Allocation Failure) 29158K->435K(70912K), 0.0002280 secs]
196.373: [GC (Allocation Failure) 28182K->435K(76480K), 0.0002740 secs]
196.392: [GC (Allocation Failure) 33749K->435K(83200K), 0.0002230 secs]
196.447: [GC (Allocation Failure) 40488K->435K(81792K), 0.0002210 secs]
196.464: [GC (Allocation Failure) 39121K->435K(89536K), 0.0002730 secs]
196.546: [GC (Allocation Failure) 46837K->435K(87872K), 0.0002160 secs]
196.596: [GC (Allocation Failure) 45177K->435K(86272K), 0.0002240 secs]
196.618: [GC (Allocation Failure) 43614K->435K(84736K), 0.0002040 secs]
196.637: [GC (Allocation Failure) 42051K->435K(83264K), 0.0002230 secs]
196.654: [GC (Allocation Failure) 40586K->435K(81856K), 0.0002040 secs]
196.690: [GC (Allocation Failure) 39219K->435K(80512K), 0.0002050 secs]
196.743: [GC (Allocation Failure) 37851K->435K(79232K), 0.0002270 secs]
196.762: [GC (Allocation Failure) 36582K->435K(78016K), 0.0002180 secs]
196.781: [GC (Allocation Failure) 35312K->435K(76864K), 0.0002150 secs]
196.800: [GC (Allocation Failure) 34140K->435K(75776K), 0.0002830 secs]
196.815: [GC (Allocation Failure) 33065K->435K(82368K), 0.0002180 secs]
196.834: [GC (Allocation Failure) 39707K->435K(81024K), 0.0002120 secs]
196.851: [GC (Allocation Failure) 38340K->435K(88640K), 0.0002040 secs]
196.900: [GC (Allocation Failure) 45958K->435K(86976K), 0.0002190 secs]
196.923: [GC (Allocation Failure) 44298K->435K(85376K), 0.0002060 secs]
196.949: [GC (Allocation Failure) 42735K->435K(83904K), 0.0002070 secs]
196.971: [GC (Allocation Failure) 41172K->435K(82496K), 0.0002040 secs]
196.998: [GC (Allocation Failure) 39805K->435K(81152K), 0.0002070 secs]
197.018: [GC (Allocation Failure) 38437K->435K(79872K), 0.0002070 secs]
197.035: [GC (Allocation Failure) 37168K->435K(78656K), 0.0002280 secs]
197.054: [GC (Allocation Failure) 35996K->435K(77440K), 0.0002140 secs]
197.136: [GC (Allocation Failure) 34726K->435K(76288K), 0.0002150 secs]
197.150: [GC (Allocation Failure) 33554K->435K(75200K), 0.0002180 secs]
197.168: [GC (Allocation Failure) 32479K->435K(74176K), 0.0002140 secs]
197.182: [GC (Allocation Failure) 31503K->435K(80448K), 0.0002150 secs]
197.202: [GC (Allocation Failure) 37754K->435K(79168K), 0.0002120 secs]
197.222: [GC (Allocation Failure) 36484K->435K(77952K), 0.0002210 secs]
197.246: [GC (Allocation Failure) 35312K->435K(76800K), 0.0002100 secs]
197.265: [GC (Allocation Failure) 34140K->435K(75712K), 0.0002190 secs]
197.280: [GC (Allocation Failure) 33065K->435K(82240K), 0.0002080 secs]
197.300: [GC (Allocation Failure) 39512K->435K(80896K), 0.0002030 secs]
197.321: [GC (Allocation Failure) 38242K->435K(79616K), 0.0002120 secs]
197.337: [GC (Allocation Failure) 36972K->435K(78400K), 0.0002020 secs]
197.392: [GC (Allocation Failure) 35702K->435K(77248K), 0.0002110 secs]
197.446: [GC (Allocation Failure) 34530K->435K(76096K), 0.0002810 secs]
197.460: [GC (Allocation Failure) 33456K->435K(75008K), 0.0002120 secs]
197.477: [GC (Allocation Failure) 32284K->435K(73984K), 0.0002110 secs]
197.491: [GC (Allocation Failure) 31307K->435K(80192K), 0.0002040 secs]
197.507: [GC (Allocation Failure) 37461K->435K(87616K), 0.0002040 secs]
197.541: [GC (Allocation Failure) 44884K->435K(86016K), 0.0002060 secs]
197.559: [GC (Allocation Failure) 43321K->435K(84480K), 0.0002070 secs]
197.587: [GC (Allocation Failure) 41758K->435K(83008K), 0.0002150 secs]
197.608: [GC (Allocation Failure) 40293K->435K(81600K), 0.0002020 secs]
197.698: [GC (Allocation Failure) 38926K->435K(80256K), 0.0002060 secs]
197.714: [GC (Allocation Failure) 37558K->435K(78976K), 0.0002150 secs]
197.729: [GC (Allocation Failure) 36289K->435K(77760K), 0.0002030 secs]
197.744: [GC (Allocation Failure) 35116K->435K(76608K), 0.0002300 secs]
197.759: [GC (Allocation Failure) 33944K->435K(83328K), 0.0002770 secs]
197.800: [GC (Allocation Failure) 40684K->435K(81920K), 0.0002430 secs]
197.821: [GC (Allocation Failure) 39219K->435K(80576K), 0.0002370 secs]
197.848: [GC (Allocation Failure) 37851K->435K(79296K), 0.0002110 secs]
197.864: [GC (Allocation Failure) 36582K->435K(86592K), 0.0002490 secs]
197.883: [GC (Allocation Failure) 43907K->435K(85056K), 0.0002010 secs]
197.911: [GC (Allocation Failure) 42344K->435K(83584K), 0.0002140 secs]
197.933: [GC (Allocation Failure) 40879K->435K(82176K), 0.0002150 secs]
197.951: [GC (Allocation Failure) 39512K->435K(80832K), 0.0002030 secs]
197.994: [GC (Allocation Failure) 38144K->435K(79552K), 0.0002170 secs]
198.028: [GC (Allocation Failure) 36875K->435K(78336K), 0.0002170 secs]
198.044: [GC (Allocation Failure) 35605K->435K(85440K), 0.0003240 secs]
198.151: [GC (Allocation Failure) 42735K->435K(83968K), 0.0002410 secs]
198.170: [GC (Allocation Failure) 41270K->435K(82560K), 0.0002190 secs]
198.191: [GC (Allocation Failure) 39902K->435K(81216K), 0.0002000 secs]
198.207: [GC (Allocation Failure) 38535K->435K(79936K), 0.0002160 secs]
198.294: [GC (Allocation Failure) 37265K->435K(78656K), 0.0002060 secs]
198.341: [GC (Allocation Failure) 35996K->435K(77440K), 0.0002460 secs]
198.360: [GC (Allocation Failure) 34726K->435K(76288K), 0.0002020 secs]
198.379: [GC (Allocation Failure) 33554K->435K(75200K), 0.0002280 secs]
198.393: [GC (Allocation Failure) 32479K->435K(81664K), 0.0004100 secs]
198.410: [GC (Allocation Failure) 39023K->435K(89408K), 0.0002150 secs]
198.435: [GC (Allocation Failure) 46739K->435K(98688K), 0.0002260 secs]
198.459: [GC (Allocation Failure) 56022K->435K(96576K), 0.0002030 secs]
198.482: [GC (Allocation Failure) 53873K->435K(94528K), 0.0002020 secs]
198.508: [GC (Allocation Failure) 51822K->435K(92608K), 0.0002150 secs]
198.534: [GC (Allocation Failure) 49967K->435K(90752K), 0.0002020 secs]
198.555: [GC (Allocation Failure) 48107K->435K(89024K), 0.0002150 secs]
198.579: [GC (Allocation Failure) 46349K->435K(87360K), 0.0002150 secs]
198.619: [GC (Allocation Failure) 44688K->435K(85760K), 0.0002070 secs]
198.638: [GC (Allocation Failure) 43028K->435K(84224K), 0.0002110 secs]
198.656: [GC (Allocation Failure) 41563K->435K(82752K), 0.0002000 secs]
198.678: [GC (Allocation Failure) 40098K->435K(81344K), 0.0002680 secs]
198.699: [GC (Allocation Failure) 38633K->435K(80000K), 0.0002120 secs]
198.715: [GC (Allocation Failure) 37363K->435K(78720K), 0.0002170 secs]
198.734: [GC (Allocation Failure) 35996K->435K(77504K), 0.0002080 secs]
198.798: [GC (Allocation Failure) 34823K->435K(76352K), 0.0002110 secs]
198.813: [GC (Allocation Failure) 33651K->435K(83008K), 0.0003280 secs]
198.846: [GC (Allocation Failure) 40293K->435K(81600K), 0.0002160 secs]
198.867: [GC (Allocation Failure) 38926K->435K(80256K), 0.0002250 secs]
198.899: [GC (Allocation Failure) 37558K->435K(78976K), 0.0002130 secs]
198.919: [GC (Allocation Failure) 36289K->435K(77760K), 0.0002020 secs]
198.938: [GC (Allocation Failure) 35116K->435K(76608K), 0.0002130 secs]
198.957: [GC (Allocation Failure) 33944K->435K(75520K), 0.0002150 secs]
198.971: [GC (Allocation Failure) 32870K->435K(82048K), 0.0002180 secs]
198.992: [GC (Allocation Failure) 39316K->435K(80704K), 0.0002160 secs]
199.012: [GC (Allocation Failure) 38047K->435K(79424K), 0.0002060 secs]
199.029: [GC (Allocation Failure) 36777K->435K(86720K), 0.0002480 secs]
199.099: [GC (Allocation Failure) 44005K->435K(85184K), 0.0002260 secs]
199.117: [GC (Allocation Failure) 42540K->435K(83712K), 0.0002000 secs]
199.148: [GC (Allocation Failure) 41074K->435K(82304K), 0.0003030 secs]
199.200: [GC (Allocation Failure) 39609K->435K(80960K), 0.0002150 secs]
199.221: [GC (Allocation Failure) 38242K->435K(79680K), 0.0002450 secs]
199.256: [GC (Allocation Failure) 36972K->435K(78464K), 0.0002220 secs]
199.272: [GC (Allocation Failure) 35800K->435K(77312K), 0.0002180 secs]
199.290: [GC (Allocation Failure) 34628K->435K(76160K), 0.0002100 secs]
199.394: [GC (Allocation Failure) 33456K->435K(75072K), 0.0002730 secs]
199.442: [GC (Allocation Failure) 32382K->435K(74048K), 0.0002150 secs]
199.460: [GC (Allocation Failure) 31405K->435K(73088K), 0.0002180 secs]
199.497: [GC (Allocation Failure) 30428K->435K(72128K), 0.0002170 secs]
199.514: [GC (Allocation Failure) 29451K->435K(71232K), 0.0002150 secs]
199.526: [GC (Allocation Failure) 28572K->435K(70400K), 0.0002180 secs]
199.538: [GC (Allocation Failure) 27693K->435K(75904K), 0.0002030 secs]
199.648: [GC (Allocation Failure) 33261K->435K(74816K), 0.0002150 secs]
199.663: [GC (Allocation Failure) 32089K->435K(81216K), 0.0003230 secs]
199.701: [GC (Allocation Failure) 38535K->435K(79936K), 0.0002220 secs]
199.721: [GC (Allocation Failure) 37265K->435K(78656K), 0.0002010 secs]
199.750: [GC (Allocation Failure) 35996K->435K(77440K), 0.0002030 secs]
199.769: [GC (Allocation Failure) 34726K->435K(76288K), 0.0002080 secs]
199.788: [GC (Allocation Failure) 33554K->435K(75200K), 0.0002160 secs]
199.802: [GC (Allocation Failure) 32479K->435K(74176K), 0.0002040 secs]
199.820: [GC (Allocation Failure) 31503K->435K(73152K), 0.0002010 secs]
199.898: [GC (Allocation Failure) 30428K->435K(72192K), 0.0002020 secs]
199.911: [GC (Allocation Failure) 29549K->435K(78016K), 0.0003220 secs]
199.964: [GC (Allocation Failure) 35312K->435K(76864K), 0.0002330 secs]
199.981: [GC (Allocation Failure) 34140K->435K(75776K), 0.0002130 secs]
199.995: [GC (Allocation Failure) 33065K->435K(82368K), 0.0002070 secs]
200.048: [GC (Allocation Failure) 39707K->435K(81024K), 0.0002160 secs]
200.068: [GC (Allocation Failure) 38340K->435K(79744K), 0.0002230 secs]
200.141: [GC (Allocation Failure) 37070K->435K(78528K), 0.0002190 secs]
200.156: [GC (Allocation Failure) 35800K->435K(77312K), 0.0002180 secs]
200.175: [GC (Allocation Failure) 34628K->435K(76160K), 0.0002020 secs]
200.189: [GC (Allocation Failure) 33456K->435K(75072K), 0.0002300 secs]
200.203: [GC (Allocation Failure) 32382K->435K(81472K), 0.0002050 secs]
200.220: [GC (Allocation Failure) 38828K->435K(89152K), 0.0002050 secs]
200.301: [GC (Allocation Failure) 46446K->435K(87488K), 0.0002120 secs]
200.324: [GC (Allocation Failure) 44786K->435K(85888K), 0.0002030 secs]
200.355: [GC (Allocation Failure) 43223K->435K(84352K), 0.0002300 secs]
200.373: [GC (Allocation Failure) 41660K->435K(82880K), 0.0002030 secs]
200.455: [GC (Allocation Failure) 40195K->435K(81472K), 0.0002180 secs]
200.472: [GC (Allocation Failure) 38828K->435K(80128K), 0.0002160 secs]
200.488: [GC (Allocation Failure) 37461K->435K(78848K), 0.0002060 secs]
200.507: [GC (Allocation Failure) 36191K->435K(77632K), 0.0002240 secs]
200.597: [GC (Allocation Failure) 34921K->435K(76480K), 0.0002330 secs]
200.615: [GC (Allocation Failure) 33749K->435K(75392K), 0.0002610 secs]
200.629: [GC (Allocation Failure) 32675K->435K(74368K), 0.0002030 secs]
200.674: [GC (Allocation Failure) 31698K->435K(73344K), 0.0002150 secs]
200.691: [GC (Allocation Failure) 30624K->435K(72384K), 0.0002150 secs]
200.734: [GC (Allocation Failure) 29745K->435K(71488K), 0.0002030 secs]
200.794: [GC (Allocation Failure) 28768K->435K(70592K), 0.0002050 secs]
200.844: [GC (Allocation Failure) 27889K->435K(69760K), 0.0002160 secs]
200.860: [GC (Allocation Failure) 27107K->435K(68992K), 0.0002720 secs]
200.875: [GC (Allocation Failure) 26326K->435K(68224K), 0.0002180 secs]
200.890: [GC (Allocation Failure) 25545K->435K(67520K), 0.0002070 secs]
200.901: [GC (Allocation Failure) 24857K->435K(72448K), 0.0002710 secs]
200.942: [GC (Allocation Failure) 29745K->435K(78336K), 0.0002170 secs]
200.957: [GC (Allocation Failure) 35605K->435K(85440K), 0.0002050 secs]
200.975: [GC (Allocation Failure) 42735K->435K(93952K), 0.0002140 secs]
201.001: [GC (Allocation Failure) 51236K->435K(92032K), 0.0002110 secs]
201.026: [GC (Allocation Failure) 49377K->435K(90240K), 0.0002120 secs]
201.047: [GC (Allocation Failure) 47521K->435K(88512K), 0.0002050 secs]
201.067: [GC (Allocation Failure) 45860K->435K(86848K), 0.0002140 secs]
201.102: [GC (Allocation Failure) 44200K->435K(85312K), 0.0002160 secs]
201.163: [GC (Allocation Failure) 42637K->435K(83840K), 0.0002360 secs]
201.181: [GC (Allocation Failure) 41172K->435K(82432K), 0.0002070 secs]
201.202: [GC (Allocation Failure) 39707K->435K(81088K), 0.0002250 secs]
201.256: [GC (Allocation Failure) 38437K->435K(79808K), 0.0002250 secs]
201.275: [GC (Allocation Failure) 37168K->435K(78592K), 0.0002120 secs]
201.299: [GC (Allocation Failure) 35898K->435K(77376K), 0.0003210 secs]
201.348: [GC (Allocation Failure) 34726K->435K(76224K), 0.0002150 secs]
201.366: [GC (Allocation Failure) 33554K->435K(75136K), 0.0002120 secs]
201.380: [GC (Allocation Failure) 32479K->435K(74112K), 0.0002190 secs]
201.410: [GC (Allocation Failure) 31405K->435K(73152K), 0.0002400 secs]
201.428: [GC (Allocation Failure) 30428K->435K(72192K), 0.0002600 secs]
201.442: [GC (Allocation Failure) 29549K->435K(78016K), 0.0002140 secs]
201.457: [GC (Allocation Failure) 35312K->435K(85056K), 0.0002070 secs]
201.475: [GC (Allocation Failure) 42344K->435K(93504K), 0.0002040 secs]
201.509: [GC (Allocation Failure) 50846K->435K(91648K), 0.0002230 secs]
201.533: [GC (Allocation Failure) 48986K->435K(89856K), 0.0002010 secs]
201.561: [GC (Allocation Failure) 47130K->435K(88128K), 0.0002040 secs]
201.583: [GC (Allocation Failure) 45470K->435K(86528K), 0.0002130 secs]
201.602: [GC (Allocation Failure) 43809K->435K(84992K), 0.0002070 secs]
201.620: [GC (Allocation Failure) 42344K->435K(83520K), 0.0002040 secs]
201.651: [GC (Allocation Failure) 40879K->435K(82112K), 0.0002170 secs]
201.668: [GC (Allocation Failure) 39414K->435K(80768K), 0.0002050 secs]
201.704: [GC (Allocation Failure) 38047K->435K(79488K), 0.0002130 secs]
201.720: [GC (Allocation Failure) 36777K->435K(78272K), 0.0002040 secs]
201.749: [GC (Allocation Failure) 35605K->435K(77120K), 0.0002340 secs]
201.767: [GC (Allocation Failure) 34433K->435K(75968K), 0.0002090 secs]
201.798: [GC (Allocation Failure) 33261K->435K(74880K), 0.0002720 secs]
201.935: [GC (Allocation Failure) 32186K->435K(73856K), 0.0002250 secs]
201.948: [GC (Allocation Failure) 31210K->435K(72896K), 0.0002140 secs]
201.961: [GC (Allocation Failure) 30233K->435K(71936K), 0.0002020 secs]
202.046: [GC (Allocation Failure) 29256K->435K(71040K), 0.0002150 secs]
202.096: [GC (Allocation Failure) 28377K->435K(70208K), 0.0002150 secs]
202.141: [GC (Allocation Failure) 27498K->435K(69376K), 0.0002230 secs]
202.156: [GC (Allocation Failure) 26717K->435K(68608K), 0.0002110 secs]
202.249: [GC (Allocation Failure) 25935K->435K(67840K), 0.0002100 secs]
202.264: [GC (Allocation Failure) 25150K->435K(67136K), 0.0002290 secs]
202.275: [GC (Allocation Failure) 24466K->435K(72000K), 0.0002740 secs]
202.351: [GC (Allocation Failure) 29354K->435K(71104K), 0.0002250 secs]
202.363: [GC (Allocation Failure) 28377K->435K(76736K), 0.0002220 secs]
202.399: [GC (Allocation Failure) 34042K->435K(75648K), 0.0002310 secs]
202.413: [GC (Allocation Failure) 32968K->435K(82176K), 0.0002040 secs]
202.434: [GC (Allocation Failure) 39512K->435K(80832K), 0.0002120 secs]
202.537: [GC (Allocation Failure) 38144K->435K(79552K), 0.0003270 secs]
202.601: [GC (Allocation Failure) 36875K->435K(78336K), 0.0002200 secs]
202.620: [GC (Allocation Failure) 35605K->435K(77184K), 0.0002830 secs]
202.639: [GC (Allocation Failure) 34530K->435K(76032K), 0.0002180 secs]
202.658: [GC (Allocation Failure) 33358K->435K(74944K), 0.0002080 secs]
202.673: [GC (Allocation Failure) 32284K->435K(81344K), 0.0002310 secs]
202.742: [GC (Allocation Failure) 38633K->435K(80000K), 0.0001970 secs]
202.762: [GC (Allocation Failure) 37363K->435K(78720K), 0.0002800 secs]
202.778: [GC (Allocation Failure) 35996K->435K(77504K), 0.0002150 secs]
202.796: [GC (Allocation Failure) 34823K->435K(76352K), 0.0002230 secs]
202.850: [GC (Allocation Failure) 33651K->435K(75264K), 0.0002150 secs]
202.864: [GC (Allocation Failure) 32577K->435K(74240K), 0.0002030 secs]
202.877: [GC (Allocation Failure) 31600K->435K(80512K), 0.0002030 secs]
202.901: [GC (Allocation Failure) 37851K->435K(79232K), 0.0002250 secs]
202.921: [GC (Allocation Failure) 36582K->435K(78016K), 0.0002160 secs]
202.940: [GC (Allocation Failure) 35312K->435K(76864K), 0.0002180 secs]
203.099: [GC (Allocation Failure) 34140K->435K(75776K), 0.0002060 secs]
203.154: [GC (Allocation Failure) 33065K->435K(74688K), 0.0002200 secs]
203.172: [GC (Allocation Failure) 31991K->435K(73664K), 0.0002370 secs]
203.203: [GC (Allocation Failure) 31014K->435K(72704K), 0.0002100 secs]
203.220: [GC (Allocation Failure) 30038K->435K(71808K), 0.0002150 secs]
203.233: [GC (Allocation Failure) 29158K->435K(77568K), 0.0002860 secs]
203.404: [GC (Allocation Failure) 34921K->435K(76416K), 0.0003780 secs]
203.423: [GC (Allocation Failure) 33749K->435K(75328K), 0.0002220 secs]
203.437: [GC (Allocation Failure) 32675K->435K(74304K), 0.0002030 secs]
203.499: [GC (Allocation Failure) 31600K->435K(73280K), 0.0002740 secs]
203.534: [GC (Allocation Failure) 30624K->435K(72320K), 0.0002150 secs]
203.547: [GC (Allocation Failure) 29647K->435K(78208K), 0.0002820 secs]
203.657: [GC (Allocation Failure) 35507K->435K(77056K), 0.0002320 secs]
203.672: [GC (Allocation Failure) 34335K->435K(75904K), 0.0002060 secs]
203.690: [GC (Allocation Failure) 33261K->435K(74816K), 0.0002130 secs]
203.754: [GC (Allocation Failure) 32089K->435K(73792K), 0.0002050 secs]
203.768: [GC (Allocation Failure) 31112K->435K(72832K), 0.0002210 secs]
203.799: [GC (Allocation Failure) 30135K->435K(71872K), 0.0002290 secs]
203.816: [GC (Allocation Failure) 29158K->435K(70976K), 0.0002230 secs]
203.852: [GC (Allocation Failure) 28279K->435K(70144K), 0.0002240 secs]
203.868: [GC (Allocation Failure) 27498K->435K(69312K), 0.0002120 secs]
203.880: [GC (Allocation Failure) 26619K->435K(74560K), 0.0002180 secs]
203.898: [GC (Allocation Failure) 31893K->435K(80896K), 0.0002110 secs]
203.962: [GC (Allocation Failure) 38242K->435K(79616K), 0.0002050 secs]
203.978: [GC (Allocation Failure) 36972K->435K(78400K), 0.0002070 secs]
203.993: [GC (Allocation Failure) 35702K->435K(77248K), 0.0002040 secs]
204.055: [GC (Allocation Failure) 34530K->435K(76096K), 0.0002140 secs]
204.070: [GC (Allocation Failure) 33456K->435K(75008K), 0.0002060 secs]
204.087: [GC (Allocation Failure) 32284K->435K(73984K), 0.0002110 secs]
204.100: [GC (Allocation Failure) 31307K->435K(80192K), 0.0002070 secs]
204.137: [GC (Allocation Failure) 37461K->435K(78912K), 0.0002010 secs]
204.256: [GC (Allocation Failure) 36191K->435K(77696K), 0.0002220 secs]
204.272: [GC (Allocation Failure) 35019K->435K(76544K), 0.0002200 secs]
204.302: [GC (Allocation Failure) 33847K->435K(75456K), 0.0002040 secs]
204.339: [GC (Allocation Failure) 32772K->435K(74432K), 0.0003220 secs]
204.404: [GC (Allocation Failure) 31698K->435K(73408K), 0.0002180 secs]
204.418: [GC (Allocation Failure) 30721K->435K(72448K), 0.0002710 secs]
204.542: [GC (Allocation Failure) 29745K->435K(71552K), 0.0002230 secs]
204.559: [GC (Allocation Failure) 28865K->435K(70656K), 0.0002620 secs]
204.572: [GC (Allocation Failure) 27986K->435K(76224K), 0.0003950 secs]
204.598: [GC (Allocation Failure) 33554K->435K(82880K), 0.0002170 secs]
204.620: [GC (Allocation Failure) 40195K->435K(90880K), 0.0002050 secs]
204.662: [GC (Allocation Failure) 48204K->435K(89152K), 0.0002030 secs]
204.687: [GC (Allocation Failure) 46446K->435K(87488K), 0.0002100 secs]
204.706: [GC (Allocation Failure) 44786K->435K(85888K), 0.0002150 secs]
204.729: [GC (Allocation Failure) 43223K->435K(84352K), 0.0002020 secs]
204.748: [GC (Allocation Failure) 41660K->435K(82880K), 0.0002060 secs]
204.855: [GC (Allocation Failure) 40195K->435K(81472K), 0.0002070 secs]
204.908: [GC (Allocation Failure) 38828K->435K(80128K), 0.0002250 secs]
204.929: [GC (Allocation Failure) 37461K->435K(78848K), 0.0002060 secs]
204.944: [GC (Allocation Failure) 36191K->435K(77632K), 0.0002520 secs]
204.960: [GC (Allocation Failure) 34921K->435K(76480K), 0.0002050 secs]
205.006: [GC (Allocation Failure) 33749K->435K(75392K), 0.0002220 secs]
205.020: [GC (Allocation Failure) 32675K->435K(74368K), 0.0002070 secs]
205.038: [GC (Allocation Failure) 31698K->435K(73344K), 0.0002150 secs]
205.142: [GC (Allocation Failure) 30624K->435K(72384K), 0.0002150 secs]
205.157: [GC (Allocation Failure) 29745K->435K(78272K), 0.0004170 secs]
205.188: [GC (Allocation Failure) 35605K->435K(85312K), 0.0002090 secs]
205.256: [GC (Allocation Failure) 42637K->435K(83840K), 0.0002080 secs]
205.306: [GC (Allocation Failure) 41172K->435K(82432K), 0.0002050 secs]
205.342: [GC (Allocation Failure) 39707K->435K(81088K), 0.0002150 secs]
205.362: [GC (Allocation Failure) 38437K->435K(79808K), 0.0002140 secs]
205.379: [GC (Allocation Failure) 37168K->435K(78592K), 0.0002120 secs]
205.394: [GC (Allocation Failure) 35898K->435K(77376K), 0.0002020 secs]
205.409: [GC (Allocation Failure) 34726K->435K(76224K), 0.0002060 secs]
205.423: [GC (Allocation Failure) 33554K->435K(82880K), 0.0002050 secs]
205.460: [GC (Allocation Failure) 40195K->435K(81472K), 0.0002840 secs]
205.481: [GC (Allocation Failure) 38828K->435K(80128K), 0.0002020 secs]
205.501: [GC (Allocation Failure) 37461K->435K(78848K), 0.0002000 secs]
205.554: [GC (Allocation Failure) 36191K->435K(77632K), 0.0002740 secs]
205.588: [GC (Allocation Failure) 34921K->435K(76480K), 0.0002400 secs]
205.607: [GC (Allocation Failure) 33749K->435K(75392K), 0.0002310 secs]
205.622: [GC (Allocation Failure) 32675K->435K(74368K), 0.0002030 secs]
205.639: [GC (Allocation Failure) 31698K->435K(73344K), 0.0002110 secs]
205.656: [GC (Allocation Failure) 30624K->435K(72384K), 0.0002150 secs]
205.706: [GC (Allocation Failure) 29745K->435K(71488K), 0.0002050 secs]
205.718: [GC (Allocation Failure) 28768K->435K(70592K), 0.0002130 secs]
205.751: [GC (Allocation Failure) 27889K->435K(69760K), 0.0002290 secs]
205.767: [GC (Allocation Failure) 27107K->435K(75136K), 0.0002710 secs]
205.781: [GC (Allocation Failure) 32479K->435K(81600K), 0.0002150 secs]
205.810: [GC (Allocation Failure) 38926K->435K(80256K), 0.0002300 secs]
205.826: [GC (Allocation Failure) 37558K->435K(87744K), 0.0002140 secs]
205.846: [GC (Allocation Failure) 45079K->435K(86144K), 0.0002040 secs]
205.868: [GC (Allocation Failure) 43419K->435K(84608K), 0.0002010 secs]
205.889: [GC (Allocation Failure) 41953K->435K(83136K), 0.0002020 secs]
205.907: [GC (Allocation Failure) 40488K->435K(81728K), 0.0002160 secs]
205.923: [GC (Allocation Failure) 39023K->435K(80384K), 0.0002040 secs]
205.939: [GC (Allocation Failure) 37656K->435K(87872K), 0.0002720 secs]
205.968: [GC (Allocation Failure) 45177K->435K(86272K), 0.0002260 secs]
205.986: [GC (Allocation Failure) 43614K->435K(84736K), 0.0002060 secs]
206.008: [GC (Allocation Failure) 42051K->435K(83264K), 0.0002020 secs]
206.030: [GC (Allocation Failure) 40586K->435K(81856K), 0.0002140 secs]
206.110: [GC (Allocation Failure) 39219K->435K(80512K), 0.0002040 secs]
206.130: [GC (Allocation Failure) 37851K->435K(79232K), 0.0002020 secs]
206.159: [GC (Allocation Failure) 36582K->435K(78016K), 0.0002020 secs]
206.178: [GC (Allocation Failure) 35312K->435K(76864K), 0.0002010 secs]
206.197: [GC (Allocation Failure) 34140K->435K(75776K), 0.0002010 secs]
206.308: [GC (Allocation Failure) 33065K->435K(74688K), 0.0002020 secs]
206.326: [GC (Allocation Failure) 31991K->435K(73664K), 0.0002280 secs]
206.370: [GC (Allocation Failure) 31014K->435K(72704K), 0.0002420 secs]
206.387: [GC (Allocation Failure) 30038K->435K(71808K), 0.0002140 secs]
206.399: [GC (Allocation Failure) 29158K->435K(70912K), 0.0002060 secs]
206.456: [GC (Allocation Failure) 28182K->435K(70080K), 0.0002200 secs]
206.468: [GC (Allocation Failure) 27400K->435K(75520K), 0.0003220 secs]
206.592: [GC (Allocation Failure) 32870K->435K(74496K), 0.0002190 secs]
206.606: [GC (Allocation Failure) 31796K->435K(80832K), 0.0002070 secs]
206.626: [GC (Allocation Failure) 38144K->435K(79552K), 0.0002030 secs]
206.646: [GC (Allocation Failure) 36875K->435K(86848K), 0.0003650 secs]
206.666: [GC (Allocation Failure) 44200K->435K(95616K), 0.0002770 secs]
206.713: [GC (Allocation Failure) 52897K->435K(93632K), 0.0002040 secs]
206.762: [GC (Allocation Failure) 50943K->435K(91776K), 0.0002140 secs]
206.787: [GC (Allocation Failure) 49084K->435K(89984K), 0.0002150 secs]
206.808: [GC (Allocation Failure) 47325K->435K(88256K), 0.0002070 secs]
206.852: [GC (Allocation Failure) 45567K->435K(86592K), 0.0002770 secs]
206.913: [GC (Allocation Failure) 43907K->435K(85056K), 0.0002190 secs]
206.935: [GC (Allocation Failure) 42344K->435K(83584K), 0.0002070 secs]
206.953: [GC (Allocation Failure) 40879K->435K(82176K), 0.0002150 secs]
206.974: [GC (Allocation Failure) 39512K->435K(80832K), 0.0002120 secs]
206.991: [GC (Allocation Failure) 38144K->435K(79552K), 0.0002740 secs]
207.165: [GC (Allocation Failure) 36875K->435K(78336K), 0.0002890 secs]
207.181: [GC (Allocation Failure) 35605K->435K(77184K), 0.0002150 secs]
207.196: [GC (Allocation Failure) 34530K->435K(76032K), 0.0002070 secs]
207.210: [GC (Allocation Failure) 33358K->435K(82624K), 0.0002070 secs]
207.231: [GC (Allocation Failure) 39902K->435K(81280K), 0.0002130 secs]
207.258: [GC (Allocation Failure) 38633K->435K(80000K), 0.0002750 secs]
207.311: [GC (Allocation Failure) 37363K->435K(78720K), 0.0002240 secs]
207.326: [GC (Allocation Failure) 35996K->435K(77504K), 0.0002060 secs]
207.345: [GC (Allocation Failure) 34823K->435K(76352K), 0.0002010 secs]
207.360: [GC (Allocation Failure) 33651K->435K(75264K), 0.0002150 secs]
207.407: [GC (Allocation Failure) 32577K->435K(74240K), 0.0002290 secs]
207.421: [GC (Allocation Failure) 31600K->435K(73216K), 0.0002040 secs]
207.438: [GC (Allocation Failure) 30526K->435K(72256K), 0.0002140 secs]
207.451: [GC (Allocation Failure) 29549K->435K(78144K), 0.0002190 secs]
207.507: [GC (Allocation Failure) 35409K->435K(76992K), 0.0002290 secs]
207.522: [GC (Allocation Failure) 34335K->435K(75904K), 0.0002160 secs]
207.540: [GC (Allocation Failure) 33261K->435K(74816K), 0.0002110 secs]
207.555: [GC (Allocation Failure) 32089K->435K(81216K), 0.0002190 secs]
207.575: [GC (Allocation Failure) 38535K->435K(88896K), 0.0002230 secs]
207.615: [GC (Allocation Failure) 46251K->435K(87232K), 0.0002060 secs]
207.635: [GC (Allocation Failure) 44591K->435K(85632K), 0.0002740 secs]
207.665: [GC (Allocation Failure) 42930K->435K(84096K), 0.0002200 secs]
207.686: [GC (Allocation Failure) 41367K->435K(82624K), 0.0002080 secs]
207.704: [GC (Allocation Failure) 39902K->435K(81280K), 0.0002200 secs]
207.742: [GC (Allocation Failure) 38633K->435K(80000K), 0.0002440 secs]
207.758: [GC (Allocation Failure) 37363K->435K(78720K), 0.0002060 secs]
207.807: [GC (Allocation Failure) 35996K->435K(77504K), 0.0002160 secs]
207.826: [GC (Allocation Failure) 34823K->435K(76352K), 0.0002060 secs]
207.856: [GC (Allocation Failure) 33651K->435K(75264K), 0.0002070 secs]
207.910: [GC (Allocation Failure) 32577K->435K(74240K), 0.0002820 secs]
207.927: [GC (Allocation Failure) 31600K->435K(73216K), 0.0002050 secs]
207.941: [GC (Allocation Failure) 30526K->435K(72256K), 0.0002190 secs]
207.958: [GC (Allocation Failure) 29549K->435K(71360K), 0.0002120 secs]
207.974: [GC (Allocation Failure) 28670K->435K(77056K), 0.0002130 secs]
207.992: [GC (Allocation Failure) 34335K->435K(75904K), 0.0002160 secs]
208.024: [GC (Allocation Failure) 33261K->435K(74816K), 0.0002800 secs]
208.062: [GC (Allocation Failure) 32089K->435K(73792K), 0.0002110 secs]
208.076: [GC (Allocation Failure) 31112K->435K(72832K), 0.0002210 secs]
208.105: [GC (Allocation Failure) 30135K->435K(71872K), 0.0002030 secs]
208.155: [GC (Allocation Failure) 29158K->435K(70976K), 0.0002260 secs]
208.167: [GC (Allocation Failure) 28279K->435K(70144K), 0.0002040 secs]
208.204: [GC (Allocation Failure) 27498K->435K(69312K), 0.0002260 secs]
208.216: [GC (Allocation Failure) 26619K->435K(74560K), 0.0002070 secs]
208.334: [GC (Allocation Failure) 31893K->435K(73536K), 0.0002130 secs]
208.352: [GC (Allocation Failure) 30819K->435K(72576K), 0.0002000 secs]
208.369: [GC (Allocation Failure) 29842K->435K(71680K), 0.0002040 secs]
208.382: [GC (Allocation Failure) 28963K->435K(77440K), 0.0002320 secs]
208.397: [GC (Allocation Failure) 34726K->435K(84352K), 0.0002050 secs]
208.419: [GC (Allocation Failure) 41660K->435K(92608K), 0.0003630 secs]
208.453: [GC (Allocation Failure) 49967K->435K(102528K), 0.0002210 secs]
208.534: [GC (Allocation Failure) 59831K->435K(100224K), 0.0002240 secs]
208.563: [GC (Allocation Failure) 57585K->435K(98048K), 0.0002130 secs]
208.587: [GC (Allocation Failure) 55339K->435K(95936K), 0.0002050 secs]
208.642: [GC (Allocation Failure) 53287K->435K(93952K), 0.0002240 secs]
208.691: [GC (Allocation Failure) 51236K->435K(92032K), 0.0002140 secs]
208.716: [GC (Allocation Failure) 49377K->435K(90240K), 0.0002120 secs]
208.736: [GC (Allocation Failure) 47521K->435K(88512K), 0.0002040 secs]
208.764: [GC (Allocation Failure) 45860K->435K(86848K), 0.0002080 secs]
208.871: [GC (Allocation Failure) 44200K->435K(85312K), 0.0002180 secs]
208.890: [GC (Allocation Failure) 42637K->435K(83840K), 0.0002050 secs]
208.914: [GC (Allocation Failure) 41172K->435K(82432K), 0.0002130 secs]
208.931: [GC (Allocation Failure) 39707K->435K(81088K), 0.0002160 secs]
208.948: [GC (Allocation Failure) 38437K->435K(79808K), 0.0002030 secs]
209.013: [GC (Allocation Failure) 37168K->435K(78592K), 0.0002200 secs]
209.033: [GC (Allocation Failure) 35898K->435K(77376K), 0.0002080 secs]
209.052: [GC (Allocation Failure) 34726K->435K(76224K), 0.0002160 secs]
209.212: [GC (Allocation Failure) 33554K->435K(75136K), 0.0002070 secs]
209.226: [GC (Allocation Failure) 32479K->435K(74112K), 0.0002190 secs]
209.261: [GC (Allocation Failure) 31405K->435K(73152K), 0.0002230 secs]
209.279: [GC (Allocation Failure) 30428K->435K(72192K), 0.0002110 secs]
209.292: [GC (Allocation Failure) 29549K->435K(71296K), 0.0002020 secs]
209.308: [GC (Allocation Failure) 28572K->435K(70400K), 0.0002080 secs]
209.341: [GC (Allocation Failure) 27693K->435K(69568K), 0.0002750 secs]
209.412: [GC (Allocation Failure) 26912K->435K(68800K), 0.0002230 secs]
209.428: [GC (Allocation Failure) 26131K->435K(68032K), 0.0002310 secs]
209.443: [GC (Allocation Failure) 25349K->435K(67328K), 0.0002200 secs]
209.508: [GC (Allocation Failure) 24662K->435K(66624K), 0.0002200 secs]
209.523: [GC (Allocation Failure) 23978K->435K(65984K), 0.0002190 secs]
209.561: [GC (Allocation Failure) 23294K->435K(65344K), 0.0002110 secs]
209.575: [GC (Allocation Failure) 22610K->435K(64704K), 0.0002050 secs]
209.608: [GC (Allocation Failure) 22024K->435K(64128K), 0.0002120 secs]
209.621: [GC (Allocation Failure) 21438K->435K(63552K), 0.0002160 secs]
209.634: [GC (Allocation Failure) 20852K->435K(67648K), 0.0002790 secs]
209.650: [GC (Allocation Failure) 24955K->435K(72576K), 0.0002100 secs]
209.667: [GC (Allocation Failure) 29842K->435K(78528K), 0.0002020 secs]
209.682: [GC (Allocation Failure) 35800K->435K(85632K), 0.0002160 secs]
209.795: [GC (Allocation Failure) 42930K->435K(84096K), 0.0002350 secs]
209.817: [GC (Allocation Failure) 41367K->435K(82624K), 0.0002330 secs]
209.862: [GC (Allocation Failure) 39902K->435K(81280K), 0.0002720 secs]
209.909: [GC (Allocation Failure) 38633K->435K(80000K), 0.0002160 secs]
209.965: [GC (Allocation Failure) 37363K->435K(78720K), 0.0002100 secs]
210.060: [GC (Allocation Failure) 35996K->435K(77504K), 0.0002080 secs]
210.114: [GC (Allocation Failure) 34823K->435K(76352K), 0.0002250 secs]
210.129: [GC (Allocation Failure) 33651K->435K(75264K), 0.0002040 secs]
210.143: [GC (Allocation Failure) 32577K->435K(74240K), 0.0002160 secs]
210.157: [GC (Allocation Failure) 31600K->435K(73216K), 0.0002150 secs]
210.208: [GC (Allocation Failure) 30526K->435K(72256K), 0.0002170 secs]
210.337: [GC (Allocation Failure) 29549K->435K(71360K), 0.0002390 secs]
210.354: [GC (Allocation Failure) 28670K->435K(70464K), 0.0002590 secs]
210.367: [GC (Allocation Failure) 27791K->435K(69632K), 0.0002270 secs]
210.379: [GC (Allocation Failure) 26912K->435K(74944K), 0.0002050 secs]
210.396: [GC (Allocation Failure) 32284K->435K(81344K), 0.0002050 secs]
210.466: [GC (Allocation Failure) 38633K->435K(80000K), 0.0002120 secs]
210.482: [GC (Allocation Failure) 37363K->435K(78720K), 0.0002030 secs]
210.515: [GC (Allocation Failure) 35996K->435K(77504K), 0.0002120 secs]
210.530: [GC (Allocation Failure) 34823K->435K(76352K), 0.0002140 secs]
210.546: [GC (Allocation Failure) 33651K->435K(75264K), 0.0001990 secs]
210.596: [GC (Allocation Failure) 32577K->435K(74240K), 0.0002170 secs]
210.614: [GC (Allocation Failure) 31600K->435K(73216K), 0.0002040 secs]
210.627: [GC (Allocation Failure) 30526K->435K(72256K), 0.0002200 secs]
210.644: [GC (Allocation Failure) 29549K->435K(78144K), 0.0002140 secs]
210.660: [GC (Allocation Failure) 35409K->435K(85184K), 0.0002070 secs]
210.679: [GC (Allocation Failure) 42540K->435K(93632K), 0.0002050 secs]
210.701: [GC (Allocation Failure) 50943K->435K(91776K), 0.0002210 secs]
210.768: [GC (Allocation Failure) 49084K->435K(89984K), 0.0002200 secs]
210.792: [GC (Allocation Failure) 47325K->435K(88256K), 0.0002060 secs]
210.812: [GC (Allocation Failure) 45567K->435K(86592K), 0.0002060 secs]
210.874: [GC (Allocation Failure) 43907K->435K(85056K), 0.0002190 secs]
210.896: [GC (Allocation Failure) 42344K->435K(83584K), 0.0002120 secs]
210.943: [GC (Allocation Failure) 40879K->435K(82176K), 0.0002410 secs]
210.961: [GC (Allocation Failure) 39512K->435K(80832K), 0.0002190 secs]
210.981: [GC (Allocation Failure) 38144K->435K(79552K), 0.0002100 secs]
211.062: [GC (Allocation Failure) 36875K->435K(78336K), 0.0002250 secs]
211.081: [GC (Allocation Failure) 35605K->435K(77184K), 0.0002120 secs]
211.100: [GC (Allocation Failure) 34530K->435K(76032K), 0.0002230 secs]
211.139: [GC (Allocation Failure) 33358K->435K(74944K), 0.0003250 secs]
211.162: [GC (Allocation Failure) 32284K->435K(73920K), 0.0002150 secs]
211.260: [GC (Allocation Failure) 31210K->435K(72960K), 0.0002180 secs]
211.310: [GC (Allocation Failure) 30233K->435K(72000K), 0.0002250 secs]
211.322: [GC (Allocation Failure) 29354K->435K(71104K), 0.0002060 secs]
211.363: [GC (Allocation Failure) 28377K->435K(70272K), 0.0002210 secs]
211.375: [GC (Allocation Failure) 27596K->435K(69440K), 0.0002200 secs]
211.387: [GC (Allocation Failure) 26717K->435K(74752K), 0.0002040 secs]
211.404: [GC (Allocation Failure) 32089K->435K(81088K), 0.0002160 secs]
211.425: [GC (Allocation Failure) 38437K->435K(88704K), 0.0002230 secs]
211.521: [GC (Allocation Failure) 46056K->435K(87040K), 0.0002500 secs]
211.540: [GC (Allocation Failure) 44395K->435K(85440K), 0.0002780 secs]
211.592: [GC (Allocation Failure) 42735K->435K(83968K), 0.0002240 secs]
211.610: [GC (Allocation Failure) 41270K->435K(82560K), 0.0002280 secs]
211.632: [GC (Allocation Failure) 39902K->435K(81216K), 0.0002130 secs]
211.648: [GC (Allocation Failure) 38535K->435K(79936K), 0.0002040 secs]
211.664: [GC (Allocation Failure) 37265K->435K(78656K), 0.0002130 secs]
211.812: [GC (Allocation Failure) 35996K->435K(77440K), 0.0002150 secs]
211.827: [GC (Allocation Failure) 34726K->435K(76288K), 0.0002150 secs]
211.842: [GC (Allocation Failure) 33554K->435K(75200K), 0.0002130 secs]
211.860: [GC (Allocation Failure) 32479K->435K(74176K), 0.0002100 secs]
211.911: [GC (Allocation Failure) 31503K->435K(73152K), 0.0002140 secs]
211.928: [GC (Allocation Failure) 30428K->435K(72192K), 0.0002660 secs]
211.942: [GC (Allocation Failure) 29549K->435K(78016K), 0.0002120 secs]
211.958: [GC (Allocation Failure) 35312K->435K(85056K), 0.0002030 secs]
211.976: [GC (Allocation Failure) 42344K->435K(93504K), 0.0002070 secs]
212.002: [GC (Allocation Failure) 50846K->435K(91648K), 0.0002090 secs]
212.078: [GC (Allocation Failure) 48986K->435K(89856K), 0.0002080 secs]
212.098: [GC (Allocation Failure) 47130K->435K(88128K), 0.0002720 secs]
212.145: [GC (Allocation Failure) 45470K->435K(86528K), 0.0002400 secs]
212.164: [GC (Allocation Failure) 43809K->435K(84992K), 0.0002160 secs]
212.182: [GC (Allocation Failure) 42344K->435K(83520K), 0.0002030 secs]
212.204: [GC (Allocation Failure) 40879K->435K(82112K), 0.0002120 secs]
212.225: [GC (Allocation Failure) 39414K->435K(80768K), 0.0002030 secs]
212.245: [GC (Allocation Failure) 38047K->435K(79488K), 0.0002110 secs]
212.262: [GC (Allocation Failure) 36777K->435K(78272K), 0.0002270 secs]
212.281: [GC (Allocation Failure) 35605K->435K(77120K), 0.0002120 secs]
212.296: [GC (Allocation Failure) 34433K->435K(83968K), 0.0002190 secs]
212.318: [GC (Allocation Failure) 41270K->435K(82560K), 0.0002190 secs]
212.338: [GC (Allocation Failure) 39902K->435K(81216K), 0.0002140 secs]
212.357: [GC (Allocation Failure) 38535K->435K(79936K), 0.0002010 secs]
212.418: [GC (Allocation Failure) 37265K->435K(78656K), 0.0002140 secs]
212.434: [GC (Allocation Failure) 35996K->435K(77440K), 0.0002060 secs]
212.449: [GC (Allocation Failure) 34726K->435K(76288K), 0.0002050 secs]
212.464: [GC (Allocation Failure) 33554K->435K(82944K), 0.0002050 secs]
212.485: [GC (Allocation Failure) 40293K->435K(81536K), 0.0002110 secs]
212.515: [GC (Allocation Failure) 38828K->435K(80192K), 0.0002040 secs]
212.537: [GC (Allocation Failure) 37461K->435K(78912K), 0.0002030 secs]
212.568: [GC (Allocation Failure) 36191K->435K(77696K), 0.0002110 secs]
212.584: [GC (Allocation Failure) 35019K->435K(76544K), 0.0002200 secs]
212.633: [GC (Allocation Failure) 33847K->435K(75456K), 0.0002030 secs]
212.664: [GC (Allocation Failure) 32772K->435K(74432K), 0.0002060 secs]
212.679: [GC (Allocation Failure) 31698K->435K(73408K), 0.0002160 secs]
212.696: [GC (Allocation Failure) 30721K->435K(72448K), 0.0002710 secs]
212.710: [GC (Allocation Failure) 29745K->435K(78336K), 0.0002120 secs]
212.729: [GC (Allocation Failure) 35605K->435K(85440K), 0.0002140 secs]
212.749: [GC (Allocation Failure) 42735K->435K(93952K), 0.0002100 secs]
212.825: [GC (Allocation Failure) 51236K->435K(92032K), 0.0002110 secs]
212.849: [GC (Allocation Failure) 49377K->435K(90240K), 0.0002050 secs]
212.870: [GC (Allocation Failure) 47521K->435K(88512K), 0.0002140 secs]
212.913: [GC (Allocation Failure) 45860K->435K(86848K), 0.0002250 secs]
212.972: [GC (Allocation Failure) 44200K->435K(85312K), 0.0002220 secs]
212.991: [GC (Allocation Failure) 42637K->435K(83840K), 0.0002040 secs]
213.009: [GC (Allocation Failure) 41172K->435K(82432K), 0.0002130 secs]
213.030: [GC (Allocation Failure) 39707K->435K(81088K), 0.0002080 secs]
213.070: [GC (Allocation Failure) 38437K->435K(79808K), 0.0002020 secs]
213.086: [GC (Allocation Failure) 37168K->435K(78592K), 0.0002020 secs]
213.115: [GC (Allocation Failure) 35898K->435K(77376K), 0.0002230 secs]
213.130: [GC (Allocation Failure) 34726K->435K(76224K), 0.0002670 secs]
213.172: [GC (Allocation Failure) 33554K->435K(75136K), 0.0002210 secs]
213.187: [GC (Allocation Failure) 32479K->435K(74112K), 0.0002220 secs]
213.267: [GC (Allocation Failure) 31405K->435K(73152K), 0.0002120 secs]
213.284: [GC (Allocation Failure) 30428K->435K(72192K), 0.0002320 secs]
213.313: [GC (Allocation Failure) 29549K->435K(71296K), 0.0002230 secs]
213.329: [GC (Allocation Failure) 28572K->435K(70400K), 0.0002010 secs]
213.365: [GC (Allocation Failure) 27693K->435K(69568K), 0.0002020 secs]
213.381: [GC (Allocation Failure) 26912K->435K(68800K), 0.0002160 secs]
213.397: [GC (Allocation Failure) 26131K->435K(68032K), 0.0002110 secs]
213.412: [GC (Allocation Failure) 25349K->435K(73024K), 0.0002310 secs]
213.426: [GC (Allocation Failure) 30331K->435K(79040K), 0.0003820 secs]
213.446: [GC (Allocation Failure) 36386K->435K(86272K), 0.0002040 secs]
213.465: [GC (Allocation Failure) 43614K->435K(94912K), 0.0002260 secs]
213.578: [GC (Allocation Failure) 52213K->435K(92992K), 0.0002160 secs]
213.600: [GC (Allocation Failure) 50260K->435K(91136K), 0.0002170 secs]
213.624: [GC (Allocation Failure) 48498K->435K(89344K), 0.0002140 secs]
213.674: [GC (Allocation Failure) 46642K->435K(87680K), 0.0002070 secs]
213.694: [GC (Allocation Failure) 44981K->435K(86080K), 0.0002710 secs]
213.719: [GC (Allocation Failure) 43419K->435K(84544K), 0.0002140 secs]
213.739: [GC (Allocation Failure) 41856K->435K(83072K), 0.0002160 secs]
213.756: [GC (Allocation Failure) 40391K->435K(81664K), 0.0002770 secs]
213.871: [GC (Allocation Failure) 39023K->435K(80320K), 0.0002110 secs]
213.891: [GC (Allocation Failure) 37656K->435K(79040K), 0.0002020 secs]
213.907: [GC (Allocation Failure) 36386K->435K(77824K), 0.0002280 secs]
213.922: [GC (Allocation Failure) 35116K->435K(84800K), 0.0002750 secs]
213.972: [GC (Allocation Failure) 42149K->435K(83328K), 0.0002220 secs]
213.990: [GC (Allocation Failure) 40684K->435K(91392K), 0.0002750 secs]
214.025: [GC (Allocation Failure) 48693K->435K(89600K), 0.0002120 secs]
214.046: [GC (Allocation Failure) 46935K->435K(87936K), 0.0002240 secs]
214.065: [GC (Allocation Failure) 45274K->435K(86336K), 0.0002700 secs]
214.121: [GC (Allocation Failure) 43614K->435K(84800K), 0.0002070 secs]
214.143: [GC (Allocation Failure) 42149K->435K(83328K), 0.0002040 secs]
214.161: [GC (Allocation Failure) 40684K->435K(81920K), 0.0002480 secs]
214.177: [GC (Allocation Failure) 39219K->435K(80576K), 0.0002000 secs]
214.194: [GC (Allocation Failure) 37851K->435K(88128K), 0.0002710 secs]
214.220: [GC (Allocation Failure) 45470K->435K(86528K), 0.0002260 secs]
214.243: [GC (Allocation Failure) 43809K->435K(84992K), 0.0002020 secs]
214.265: [GC (Allocation Failure) 42344K->435K(83520K), 0.0002100 secs]
214.283: [GC (Allocation Failure) 40879K->435K(91648K), 0.0002750 secs]
214.323: [GC (Allocation Failure) 48986K->435K(89856K), 0.0002300 secs]
214.347: [GC (Allocation Failure) 47130K->435K(88128K), 0.0002100 secs]
214.376: [GC (Allocation Failure) 45470K->435K(86528K), 0.0002100 secs]
214.395: [GC (Allocation Failure) 43809K->435K(84992K), 0.0002170 secs]
214.413: [GC (Allocation Failure) 42344K->435K(83520K), 0.0002020 secs]
214.473: [GC (Allocation Failure) 40879K->435K(82112K), 0.0002040 secs]
214.501: [GC (Allocation Failure) 39414K->435K(80768K), 0.0002650 secs]
214.522: [GC (Allocation Failure) 38047K->435K(79488K), 0.0002090 secs]
214.538: [GC (Allocation Failure) 36777K->435K(78272K), 0.0002050 secs]
214.571: [GC (Allocation Failure) 35605K->435K(77120K), 0.0002180 secs]
214.586: [GC (Allocation Failure) 34433K->435K(75968K), 0.0002090 secs]
214.603: [GC (Allocation Failure) 33261K->435K(74880K), 0.0002070 secs]
214.623: [GC (Allocation Failure) 32186K->435K(73856K), 0.0002310 secs]
214.636: [GC (Allocation Failure) 31210K->435K(80064K), 0.0002170 secs]
214.667: [GC (Allocation Failure) 37363K->435K(78784K), 0.0002140 secs]
214.686: [GC (Allocation Failure) 36093K->435K(77568K), 0.0002080 secs]
214.705: [GC (Allocation Failure) 34921K->435K(76416K), 0.0002090 secs]
214.768: [GC (Allocation Failure) 33749K->435K(75328K), 0.0002080 secs]
214.786: [GC (Allocation Failure) 32675K->435K(74304K), 0.0002760 secs]
214.802: [GC (Allocation Failure) 31600K->435K(73280K), 0.0002140 secs]
214.865: [GC (Allocation Failure) 30624K->435K(72320K), 0.0002260 secs]
214.878: [GC (Allocation Failure) 29647K->435K(71424K), 0.0002080 secs]
214.905: [GC (Allocation Failure) 28768K->435K(70528K), 0.0002270 secs]
214.918: [GC (Allocation Failure) 27889K->435K(76032K), 0.0002140 secs]
214.932: [GC (Allocation Failure) 33358K->435K(82624K), 0.0002060 secs]
214.974: [GC (Allocation Failure) 39902K->435K(81280K), 0.0002410 secs]
214.995: [GC (Allocation Failure) 38633K->435K(80000K), 0.0002150 secs]
215.012: [GC (Allocation Failure) 37363K->435K(87424K), 0.0002660 secs]
215.071: [GC (Allocation Failure) 44786K->435K(85824K), 0.0002170 secs]
215.121: [GC (Allocation Failure) 43126K->435K(84288K), 0.0002440 secs]
215.139: [GC (Allocation Failure) 41563K->435K(82816K), 0.0002130 secs]
215.173: [GC (Allocation Failure) 40098K->435K(81408K), 0.0002170 secs]
215.191: [GC (Allocation Failure) 38730K->435K(80064K), 0.0003220 secs]
215.318: [GC (Allocation Failure) 37363K->435K(78784K), 0.0002140 secs]
215.334: [GC (Allocation Failure) 36093K->435K(77568K), 0.0002050 secs]
215.349: [GC (Allocation Failure) 34921K->435K(76416K), 0.0002000 secs]
215.363: [GC (Allocation Failure) 33749K->435K(75328K), 0.0002040 secs]
215.381: [GC (Allocation Failure) 32675K->435K(74304K), 0.0002100 secs]
215.420: [GC (Allocation Failure) 31600K->435K(73280K), 0.0002050 secs]
215.437: [GC (Allocation Failure) 30624K->435K(72320K), 0.0002060 secs]
215.453: [GC (Allocation Failure) 29647K->435K(71424K), 0.0002140 secs]
215.465: [GC (Allocation Failure) 28768K->435K(77120K), 0.0002150 secs]
215.484: [GC (Allocation Failure) 34433K->435K(83968K), 0.0002140 secs]
215.572: [GC (Allocation Failure) 41270K->435K(82560K), 0.0002160 secs]
215.614: [GC (Allocation Failure) 39902K->435K(81216K), 0.0002270 secs]
215.630: [GC (Allocation Failure) 38535K->435K(79936K), 0.0002070 secs]
215.646: [GC (Allocation Failure) 37265K->435K(78656K), 0.0002060 secs]
215.666: [GC (Allocation Failure) 35996K->435K(77440K), 0.0002120 secs]
215.685: [GC (Allocation Failure) 34726K->435K(76288K), 0.0002120 secs]
215.721: [GC (Allocation Failure) 33554K->435K(75200K), 0.0002050 secs]
215.735: [GC (Allocation Failure) 32479K->435K(74176K), 0.0002060 secs]
215.771: [GC (Allocation Failure) 31503K->435K(73152K), 0.0002200 secs]
215.789: [GC (Allocation Failure) 30428K->435K(72192K), 0.0002230 secs]
215.802: [GC (Allocation Failure) 29549K->435K(78016K), 0.0002700 secs]
215.868: [GC (Allocation Failure) 35312K->435K(76864K), 0.0002240 secs]
215.883: [GC (Allocation Failure) 34140K->435K(75776K), 0.0002030 secs]
215.901: [GC (Allocation Failure) 33065K->435K(74688K), 0.0001990 secs]
215.918: [GC (Allocation Failure) 31991K->435K(73664K), 0.0002120 secs]
215.938: [GC (Allocation Failure) 31014K->435K(72704K), 0.0002350 secs]
215.954: [GC (Allocation Failure) 30038K->435K(78656K), 0.0002120 secs]
215.974: [GC (Allocation Failure) 35996K->435K(85824K), 0.0002190 secs]
215.993: [GC (Allocation Failure) 43126K->435K(94400K), 0.0002230 secs]
216.015: [GC (Allocation Failure) 51725K->435K(92480K), 0.0002060 secs]
216.080: [GC (Allocation Failure) 49767K->435K(90624K), 0.0002170 secs]
216.104: [GC (Allocation Failure) 47911K->435K(88896K), 0.0002010 secs]
216.128: [GC (Allocation Failure) 46251K->435K(87232K), 0.0002190 secs]
216.147: [GC (Allocation Failure) 44591K->435K(85632K), 0.0002180 secs]
216.166: [GC (Allocation Failure) 42930K->435K(84096K), 0.0002130 secs]
216.183: [GC (Allocation Failure) 41367K->435K(82624K), 0.0002020 secs]
216.275: [GC (Allocation Failure) 39902K->435K(81280K), 0.0002140 secs]
216.295: [GC (Allocation Failure) 38633K->435K(80000K), 0.0002050 secs]
216.324: [GC (Allocation Failure) 37363K->435K(78720K), 0.0002070 secs]
216.339: [GC (Allocation Failure) 35996K->435K(77504K), 0.0002730 secs]
216.408: [GC (Allocation Failure) 34823K->435K(76352K), 0.0002160 secs]
216.426: [GC (Allocation Failure) 33651K->435K(75264K), 0.0002030 secs]
216.444: [GC (Allocation Failure) 32577K->435K(74240K), 0.0002140 secs]
216.462: [GC (Allocation Failure) 31600K->435K(73216K), 0.0002010 secs]
216.475: [GC (Allocation Failure) 30526K->435K(79296K), 0.0002290 secs]
216.495: [GC (Allocation Failure) 36582K->435K(78080K), 0.0002110 secs]
216.540: [GC (Allocation Failure) 35409K->435K(76928K), 0.0002200 secs]
216.559: [GC (Allocation Failure) 34237K->435K(75840K), 0.0002210 secs]
216.594: [GC (Allocation Failure) 33163K->435K(74752K), 0.0002720 secs]
216.623: [GC (Allocation Failure) 32089K->435K(73728K), 0.0002140 secs]
216.641: [GC (Allocation Failure) 31014K->435K(72768K), 0.0002260 secs]
216.659: [GC (Allocation Failure) 30038K->435K(71808K), 0.0002110 secs]
216.672: [GC (Allocation Failure) 29158K->435K(77568K), 0.0002200 secs]
216.771: [GC (Allocation Failure) 34921K->435K(76416K), 0.0002200 secs]
216.785: [GC (Allocation Failure) 33749K->435K(75328K), 0.0002060 secs]
216.803: [GC (Allocation Failure) 32675K->435K(74304K), 0.0002060 secs]
216.821: [GC (Allocation Failure) 31600K->435K(73280K), 0.0002070 secs]
216.838: [GC (Allocation Failure) 30624K->435K(72320K), 0.0002200 secs]
216.855: [GC (Allocation Failure) 29647K->435K(71424K), 0.0002010 secs]
216.871: [GC (Allocation Failure) 28768K->435K(77120K), 0.0002200 secs]
216.940: [GC (Allocation Failure) 34433K->435K(75968K), 0.0002420 secs]
216.955: [GC (Allocation Failure) 33261K->435K(82560K), 0.0002710 secs]
217.026: [GC (Allocation Failure) 39902K->435K(81216K), 0.0002220 secs]
217.043: [GC (Allocation Failure) 38535K->435K(79936K), 0.0002050 secs]
217.059: [GC (Allocation Failure) 37265K->435K(78656K), 0.0002030 secs]
217.078: [GC (Allocation Failure) 35996K->435K(77440K), 0.0002110 secs]
217.121: [GC (Allocation Failure) 34726K->435K(76288K), 0.0002130 secs]
217.139: [GC (Allocation Failure) 33554K->435K(75200K), 0.0002220 secs]
217.170: [GC (Allocation Failure) 32479K->435K(74176K), 0.0002280 secs]
217.185: [GC (Allocation Failure) 31503K->435K(73152K), 0.0002140 secs]
217.202: [GC (Allocation Failure) 30428K->435K(72192K), 0.0002150 secs]
217.218: [GC (Allocation Failure) 29549K->435K(78016K), 0.0002290 secs]
217.233: [GC (Allocation Failure) 35312K->435K(85056K), 0.0002040 secs]
217.251: [GC (Allocation Failure) 42344K->435K(93504K), 0.0002040 secs]
217.277: [GC (Allocation Failure) 50846K->435K(91648K), 0.0002160 secs]
217.327: [GC (Allocation Failure) 48986K->435K(89856K), 0.0002050 secs]
217.380: [GC (Allocation Failure) 47130K->435K(88128K), 0.0002130 secs]
217.403: [GC (Allocation Failure) 45470K->435K(86528K), 0.0002030 secs]
217.422: [GC (Allocation Failure) 43809K->435K(84992K), 0.0002750 secs]
217.474: [GC (Allocation Failure) 42344K->435K(83520K), 0.0002130 secs]
217.495: [GC (Allocation Failure) 40879K->435K(82112K), 0.0002020 secs]
217.516: [GC (Allocation Failure) 39414K->435K(80768K), 0.0002130 secs]
217.537: [GC (Allocation Failure) 38047K->435K(79488K), 0.0002120 secs]
217.553: [GC (Allocation Failure) 36777K->435K(78272K), 0.0002290 secs]
217.572: [GC (Allocation Failure) 35605K->435K(77120K), 0.0002720 secs]
217.587: [GC (Allocation Failure) 34433K->435K(83968K), 0.0002270 secs]
217.606: [GC (Allocation Failure) 41270K->435K(92160K), 0.0001980 secs]
217.677: [GC (Allocation Failure) 49474K->435K(90368K), 0.0002720 secs]
217.727: [GC (Allocation Failure) 47716K->435K(88640K), 0.0002130 secs]
217.750: [GC (Allocation Failure) 45958K->435K(86976K), 0.0002030 secs]
217.916: [GC (Allocation Failure) 44298K->435K(85376K), 0.0002190 secs]
217.939: [GC (Allocation Failure) 42735K->435K(83904K), 0.0002310 secs]
217.962: [GC (Allocation Failure) 41172K->435K(82496K), 0.0001980 secs]
217.979: [GC (Allocation Failure) 39805K->435K(81152K), 0.0002100 secs]
217.995: [GC (Allocation Failure) 38437K->435K(79872K), 0.0002070 secs]
218.015: [GC (Allocation Failure) 37168K->435K(78656K), 0.0002160 secs]
218.030: [GC (Allocation Failure) 35996K->435K(77440K), 0.0002050 secs]
218.045: [GC (Allocation Failure) 34726K->435K(76288K), 0.0002030 secs]
218.071: [GC (Allocation Failure) 33554K->435K(75200K), 0.0002160 secs]
218.139: [GC (Allocation Failure) 32479K->435K(74176K), 0.0002260 secs]
218.153: [GC (Allocation Failure) 31503K->435K(80448K), 0.0003970 secs]
218.227: [GC (Allocation Failure) 37754K->435K(79168K), 0.0002150 secs]
218.247: [GC (Allocation Failure) 36484K->435K(77952K), 0.0002040 secs]
218.266: [GC (Allocation Failure) 35312K->435K(76800K), 0.0002170 secs]
218.321: [GC (Allocation Failure) 34140K->435K(75712K), 0.0002050 secs]
218.376: [GC (Allocation Failure) 33065K->435K(74624K), 0.0002820 secs]
218.394: [GC (Allocation Failure) 31893K->435K(73600K), 0.0002220 secs]
218.471: [GC (Allocation Failure) 30917K->435K(72640K), 0.0003040 secs]
218.489: [GC (Allocation Failure) 29940K->435K(71744K), 0.0002290 secs]
218.502: [GC (Allocation Failure) 29061K->435K(77504K), 0.0002760 secs]
218.536: [GC (Allocation Failure) 34823K->435K(76352K), 0.0002160 secs]
218.554: [GC (Allocation Failure) 33651K->435K(75264K), 0.0002020 secs]
218.572: [GC (Allocation Failure) 32577K->435K(74240K), 0.0002100 secs]
218.589: [GC (Allocation Failure) 31600K->435K(73216K), 0.0002000 secs]
218.622: [GC (Allocation Failure) 30526K->435K(72256K), 0.0002020 secs]
218.635: [GC (Allocation Failure) 29549K->435K(78144K), 0.0003250 secs]
218.676: [GC (Allocation Failure) 35409K->435K(85184K), 0.0002160 secs]
218.694: [GC (Allocation Failure) 42540K->435K(93632K), 0.0002140 secs]
218.743: [GC (Allocation Failure) 50943K->435K(91776K), 0.0002170 secs]
218.779: [GC (Allocation Failure) 49084K->435K(89984K), 0.0002230 secs]
218.803: [GC (Allocation Failure) 47325K->435K(88256K), 0.0002090 secs]
218.824: [GC (Allocation Failure) 45567K->435K(86592K), 0.0002190 secs]
218.843: [GC (Allocation Failure) 43907K->435K(85056K), 0.0002040 secs]
218.861: [GC (Allocation Failure) 42344K->435K(83584K), 0.0002130 secs]
218.914: [GC (Allocation Failure) 40879K->435K(82176K), 0.0002120 secs]
218.931: [GC (Allocation Failure) 39512K->435K(80832K), 0.0002240 secs]
218.951: [GC (Allocation Failure) 38144K->435K(79552K), 0.0001990 secs]
218.971: [GC (Allocation Failure) 36875K->435K(78336K), 0.0002100 secs]
218.987: [GC (Allocation Failure) 35605K->435K(77184K), 0.0002120 secs]
219.002: [GC (Allocation Failure) 34530K->435K(84032K), 0.0002150 secs]
219.019: [GC (Allocation Failure) 41367K->435K(92224K), 0.0002140 secs]
219.083: [GC (Allocation Failure) 49572K->435K(90432K), 0.0002160 secs]
219.104: [GC (Allocation Failure) 47716K->435K(88704K), 0.0002140 secs]
219.123: [GC (Allocation Failure) 46056K->435K(87040K), 0.0002050 secs]
219.146: [GC (Allocation Failure) 44395K->435K(85440K), 0.0002030 secs]
219.170: [GC (Allocation Failure) 42735K->435K(83968K), 0.0002140 secs]
219.188: [GC (Allocation Failure) 41270K->435K(82560K), 0.0002210 secs]
219.225: [GC (Allocation Failure) 39902K->435K(81216K), 0.0002150 secs]
219.246: [GC (Allocation Failure) 38535K->435K(79936K), 0.0002110 secs]
219.263: [GC (Allocation Failure) 37265K->435K(78656K), 0.0002020 secs]
219.279: [GC (Allocation Failure) 35996K->435K(77440K), 0.0002130 secs]
219.294: [GC (Allocation Failure) 34726K->435K(76288K), 0.0002040 secs]
219.308: [GC (Allocation Failure) 33554K->435K(82944K), 0.0002040 secs]
219.329: [GC (Allocation Failure) 40293K->435K(90944K), 0.0002110 secs]
219.383: [GC (Allocation Failure) 48302K->435K(89216K), 0.0002120 secs]
219.403: [GC (Allocation Failure) 46544K->435K(87552K), 0.0002050 secs]
219.428: [GC (Allocation Failure) 44884K->435K(85952K), 0.0002720 secs]
219.481: [GC (Allocation Failure) 43223K->435K(84416K), 0.0002140 secs]
219.503: [GC (Allocation Failure) 41758K->435K(82944K), 0.0002110 secs]
219.521: [GC (Allocation Failure) 40293K->435K(81536K), 0.0002020 secs]
219.537: [GC (Allocation Failure) 38828K->435K(80192K), 0.0002010 secs]
219.584: [GC (Allocation Failure) 37461K->435K(78912K), 0.0002150 secs]
219.600: [GC (Allocation Failure) 36191K->435K(77696K), 0.0002770 secs]
219.678: [GC (Allocation Failure) 35019K->435K(76544K), 0.0002190 secs]
219.693: [GC (Allocation Failure) 33847K->435K(75456K), 0.0002710 secs]
219.723: [GC (Allocation Failure) 32772K->435K(74432K), 0.0002060 secs]
219.773: [GC (Allocation Failure) 31698K->435K(73408K), 0.0002130 secs]
219.922: [GC (Allocation Failure) 30721K->435K(72448K), 0.0002050 secs]
219.976: [GC (Allocation Failure) 29745K->435K(71552K), 0.0002220 secs]
219.993: [GC (Allocation Failure) 28865K->435K(70656K), 0.0002250 secs]
220.021: [GC (Allocation Failure) 27986K->435K(69824K), 0.0002150 secs]
220.075: [GC (Allocation Failure) 27107K->435K(68992K), 0.0002190 secs]
220.090: [GC (Allocation Failure) 26326K->435K(68224K), 0.0002130 secs]
220.106: [GC (Allocation Failure) 25545K->435K(67520K), 0.0002100 secs]
220.120: [GC (Allocation Failure) 24857K->435K(66816K), 0.0002410 secs]
220.131: [GC (Allocation Failure) 24173K->435K(71616K), 0.0002170 secs]
220.147: [GC (Allocation Failure) 28963K->435K(77376K), 0.0002110 secs]
220.228: [GC (Allocation Failure) 34726K->435K(76224K), 0.0002100 secs]
220.247: [GC (Allocation Failure) 33554K->435K(75136K), 0.0002010 secs]
220.261: [GC (Allocation Failure) 32479K->435K(81600K), 0.0002710 secs]
220.330: [GC (Allocation Failure) 38926K->435K(80256K), 0.0002150 secs]
220.346: [GC (Allocation Failure) 37558K->435K(87744K), 0.0002720 secs]
220.380: [GC (Allocation Failure) 45079K->435K(86144K), 0.0002060 secs]
220.416: [GC (Allocation Failure) 43419K->435K(84608K), 0.0002180 secs]
220.438: [GC (Allocation Failure) 41953K->435K(83136K), 0.0002080 secs]
220.455: [GC (Allocation Failure) 40488K->435K(81728K), 0.0002060 secs]
220.481: [GC (Allocation Failure) 39023K->435K(80384K), 0.0002130 secs]
220.501: [GC (Allocation Failure) 37656K->435K(79104K), 0.0002210 secs]
220.576: [GC (Allocation Failure) 36386K->435K(77888K), 0.0002060 secs]
220.610: [GC (Allocation Failure) 35214K->435K(76736K), 0.0002370 secs]
220.626: [GC (Allocation Failure) 34042K->435K(75648K), 0.0002170 secs]
220.640: [GC (Allocation Failure) 32968K->435K(74560K), 0.0002130 secs]
220.660: [GC (Allocation Failure) 31893K->435K(73536K), 0.0001970 secs]
220.678: [GC (Allocation Failure) 30819K->435K(72576K), 0.0002070 secs]
220.697: [GC (Allocation Failure) 29842K->435K(71680K), 0.0002060 secs]
220.710: [GC (Allocation Failure) 28963K->435K(77440K), 0.0002180 secs]
220.780: [GC (Allocation Failure) 34726K->435K(76288K), 0.0002270 secs]
220.794: [GC (Allocation Failure) 33554K->435K(75200K), 0.0002060 secs]
220.825: [GC (Allocation Failure) 32479K->435K(74176K), 0.0002360 secs]
220.842: [GC (Allocation Failure) 31503K->435K(73152K), 0.0002030 secs]
220.859: [GC (Allocation Failure) 30428K->435K(72192K), 0.0002110 secs]
220.872: [GC (Allocation Failure) 29549K->435K(78016K), 0.0002070 secs]
220.908: [GC (Allocation Failure) 35312K->435K(76864K), 0.0002180 secs]
220.935: [GC (Allocation Failure) 34140K->435K(75776K), 0.0002040 secs]
220.979: [GC (Allocation Failure) 33065K->435K(74688K), 0.0002120 secs]
220.996: [GC (Allocation Failure) 31991K->435K(73664K), 0.0002020 secs]
221.074: [GC (Allocation Failure) 31014K->435K(72704K), 0.0002160 secs]
221.124: [GC (Allocation Failure) 30038K->435K(71808K), 0.0002040 secs]
221.177: [GC (Allocation Failure) 29158K->435K(70912K), 0.0002200 secs]
221.190: [GC (Allocation Failure) 28182K->435K(70080K), 0.0003220 secs]
221.223: [GC (Allocation Failure) 27400K->435K(69248K), 0.0002160 secs]
221.238: [GC (Allocation Failure) 26521K->435K(74496K), 0.0002740 secs]
221.256: [GC (Allocation Failure) 31796K->435K(80832K), 0.0002190 secs]
221.273: [GC (Allocation Failure) 38144K->435K(88384K), 0.0002250 secs]
221.385: [GC (Allocation Failure) 45665K->435K(86720K), 0.0002270 secs]
221.403: [GC (Allocation Failure) 44005K->435K(85184K), 0.0002700 secs]
221.483: [GC (Allocation Failure) 42540K->435K(83712K), 0.0002210 secs]
221.501: [GC (Allocation Failure) 41074K->435K(82304K), 0.0002200 secs]
221.528: [GC (Allocation Failure) 39609K->435K(80960K), 0.0002160 secs]
221.586: [GC (Allocation Failure) 38242K->435K(79680K), 0.0002150 secs]
221.602: [GC (Allocation Failure) 36972K->435K(78464K), 0.0002750 secs]
221.681: [GC (Allocation Failure) 35800K->435K(77312K), 0.0002250 secs]
221.696: [GC (Allocation Failure) 34628K->435K(76160K), 0.0002190 secs]
221.712: [GC (Allocation Failure) 33456K->435K(75072K), 0.0002000 secs]
221.729: [GC (Allocation Failure) 32382K->435K(74048K), 0.0002120 secs]
221.775: [GC (Allocation Failure) 31405K->435K(73088K), 0.0002270 secs]
221.788: [GC (Allocation Failure) 30428K->435K(72128K), 0.0002050 secs]
221.824: [GC (Allocation Failure) 29451K->435K(71232K), 0.0002240 secs]
221.840: [GC (Allocation Failure) 28572K->435K(70400K), 0.0002020 secs]
221.856: [GC (Allocation Failure) 27693K->435K(69568K), 0.0002390 secs]
221.872: [GC (Allocation Failure) 26912K->435K(74880K), 0.0002020 secs]
221.890: [GC (Allocation Failure) 32186K->435K(81280K), 0.0002180 secs]
221.911: [GC (Allocation Failure) 38633K->435K(80000K), 0.0002100 secs]
221.983: [GC (Allocation Failure) 37363K->435K(78720K), 0.0002030 secs]
221.999: [GC (Allocation Failure) 35996K->435K(77504K), 0.0002050 secs]
222.081: [GC (Allocation Failure) 34823K->435K(76352K), 0.0002140 secs]
222.095: [GC (Allocation Failure) 33651K->435K(75264K), 0.0002750 secs]
222.118: [GC (Allocation Failure) 32577K->435K(74240K), 0.0002240 secs]
222.136: [GC (Allocation Failure) 31600K->435K(73216K), 0.0002030 secs]
222.149: [GC (Allocation Failure) 30526K->435K(79296K), 0.0002290 secs]
222.169: [GC (Allocation Failure) 36582K->435K(86592K), 0.0002120 secs]
222.191: [GC (Allocation Failure) 43907K->435K(85056K), 0.0002100 secs]
222.212: [GC (Allocation Failure) 42344K->435K(83584K), 0.0002120 secs]
222.284: [GC (Allocation Failure) 40879K->435K(82176K), 0.0002190 secs]
222.301: [GC (Allocation Failure) 39512K->435K(80832K), 0.0002730 secs]
222.379: [GC (Allocation Failure) 38144K->435K(79552K), 0.0002050 secs]
222.413: [GC (Allocation Failure) 36875K->435K(78336K), 0.0002130 secs]
222.580: [GC (Allocation Failure) 35605K->435K(77184K), 0.0002200 secs]
222.597: [GC (Allocation Failure) 34530K->435K(76032K), 0.0002150 secs]
222.613: [GC (Allocation Failure) 33358K->435K(74944K), 0.0002130 secs]
222.627: [GC (Allocation Failure) 32284K->435K(81344K), 0.0002780 secs]
222.663: [GC (Allocation Failure) 38633K->435K(80000K), 0.0002010 secs]
222.784: [GC (Allocation Failure) 37363K->435K(78720K), 0.0002340 secs]
222.803: [GC (Allocation Failure) 35996K->435K(77504K), 0.0002090 secs]
222.882: [GC (Allocation Failure) 34823K->435K(76352K), 0.0002060 secs]
222.897: [GC (Allocation Failure) 33651K->435K(75264K), 0.0002170 secs]
222.927: [GC (Allocation Failure) 32577K->435K(74240K), 0.0002170 secs]
222.941: [GC (Allocation Failure) 31600K->435K(73216K), 0.0002130 secs]
222.976: [GC (Allocation Failure) 30526K->435K(72256K), 0.0002250 secs]
222.993: [GC (Allocation Failure) 29549K->435K(71360K), 0.0002150 secs]
223.025: [GC (Allocation Failure) 28670K->435K(70464K), 0.0002030 secs]
223.037: [GC (Allocation Failure) 27791K->435K(75968K), 0.0003240 secs]
223.107: [GC (Allocation Failure) 33261K->435K(74880K), 0.0002150 secs]
223.125: [GC (Allocation Failure) 32186K->435K(73856K), 0.0002060 secs]
223.142: [GC (Allocation Failure) 31210K->435K(72896K), 0.0002010 secs]
223.181: [GC (Allocation Failure) 30233K->435K(71936K), 0.0002770 secs]
223.213: [GC (Allocation Failure) 29256K->435K(71040K), 0.0002180 secs]
223.226: [GC (Allocation Failure) 28377K->435K(76672K), 0.0002290 secs]
223.240: [GC (Allocation Failure) 33944K->435K(83392K), 0.0002050 secs]
223.262: [GC (Allocation Failure) 40684K->435K(81984K), 0.0002000 secs]
223.279: [GC (Allocation Failure) 39316K->435K(89792K), 0.0002210 secs]
223.303: [GC (Allocation Failure) 47130K->435K(99136K), 0.0002740 secs]
223.332: [GC (Allocation Failure) 56413K->435K(96960K), 0.0002120 secs]
223.359: [GC (Allocation Failure) 54264K->435K(94912K), 0.0002110 secs]
223.382: [GC (Allocation Failure) 52213K->435K(92992K), 0.0002150 secs]
223.407: [GC (Allocation Failure) 50260K->435K(91136K), 0.0002110 secs]
223.486: [GC (Allocation Failure) 48498K->435K(89344K), 0.0003000 secs]
223.517: [GC (Allocation Failure) 46642K->435K(87680K), 0.0002150 secs]
223.549: [GC (Allocation Failure) 44981K->435K(86080K), 0.0002650 secs]
223.568: [GC (Allocation Failure) 43419K->435K(84544K), 0.0003280 secs]
223.623: [GC (Allocation Failure) 41856K->435K(83072K), 0.0002060 secs]
223.732: [GC (Allocation Failure) 40391K->435K(81664K), 0.0002090 secs]
223.785: [GC (Allocation Failure) 39023K->435K(80320K), 0.0002240 secs]
223.805: [GC (Allocation Failure) 37656K->435K(79040K), 0.0002020 secs]
223.821: [GC (Allocation Failure) 36386K->435K(77824K), 0.0002140 secs]
223.836: [GC (Allocation Failure) 35116K->435K(76672K), 0.0002050 secs]
223.883: [GC (Allocation Failure) 33944K->435K(75584K), 0.0002130 secs]
223.897: [GC (Allocation Failure) 32870K->435K(74560K), 0.0002740 secs]
223.938: [GC (Allocation Failure) 31893K->435K(73536K), 0.0002230 secs]
223.956: [GC (Allocation Failure) 30819K->435K(72576K), 0.0002290 secs]
223.986: [GC (Allocation Failure) 29842K->435K(71680K), 0.0002140 secs]
223.999: [GC (Allocation Failure) 28963K->435K(77440K), 0.0003260 secs]
224.034: [GC (Allocation Failure) 34726K->435K(84352K), 0.0002260 secs]
224.052: [GC (Allocation Failure) 41660K->435K(92608K), 0.0002170 secs]
224.074: [GC (Allocation Failure) 49967K->435K(90752K), 0.0002030 secs]
224.139: [GC (Allocation Failure) 48107K->435K(89024K), 0.0002120 secs]
224.160: [GC (Allocation Failure) 46349K->435K(87360K), 0.0002170 secs]
224.188: [GC (Allocation Failure) 44688K->435K(85760K), 0.0002120 secs]
224.207: [GC (Allocation Failure) 43028K->435K(84224K), 0.0002040 secs]
224.237: [GC (Allocation Failure) 41563K->435K(82752K), 0.0002400 secs]
224.256: [GC (Allocation Failure) 40098K->435K(81344K), 0.0002190 secs]
224.332: [GC (Allocation Failure) 38633K->435K(80000K), 0.0002060 secs]
224.382: [GC (Allocation Failure) 37363K->435K(78720K), 0.0002770 secs]
224.434: [GC (Allocation Failure) 35996K->435K(77504K), 0.0002210 secs]
224.449: [GC (Allocation Failure) 34823K->435K(76352K), 0.0002140 secs]
224.583: [GC (Allocation Failure) 33651K->435K(75264K), 0.0002120 secs]
224.601: [GC (Allocation Failure) 32577K->435K(74240K), 0.0002040 secs]
224.619: [GC (Allocation Failure) 31600K->435K(73216K), 0.0002120 secs]
224.633: [GC (Allocation Failure) 30526K->435K(72256K), 0.0002200 secs]
224.660: [GC (Allocation Failure) 29549K->435K(71360K), 0.0002660 secs]
224.673: [GC (Allocation Failure) 28670K->435K(77056K), 0.0002480 secs]
224.730: [GC (Allocation Failure) 34335K->435K(75904K), 0.0002150 secs]
224.749: [GC (Allocation Failure) 33261K->435K(74816K), 0.0002160 secs]
224.883: [GC (Allocation Failure) 32089K->435K(73792K), 0.0002020 secs]
224.897: [GC (Allocation Failure) 31112K->435K(79936K), 0.0003220 secs]
224.936: [GC (Allocation Failure) 37265K->435K(78656K), 0.0002240 secs]
224.952: [GC (Allocation Failure) 35996K->435K(77440K), 0.0002050 secs]
224.967: [GC (Allocation Failure) 34726K->435K(84352K), 0.0002110 secs]
224.989: [GC (Allocation Failure) 41660K->435K(82880K), 0.0002240 secs]
225.033: [GC (Allocation Failure) 40195K->435K(81472K), 0.0002150 secs]
225.137: [GC (Allocation Failure) 38828K->435K(80128K), 0.0002040 secs]
225.184: [GC (Allocation Failure) 37461K->435K(78848K), 0.0002100 secs]
225.203: [GC (Allocation Failure) 36191K->435K(77632K), 0.0002750 secs]
225.222: [GC (Allocation Failure) 34921K->435K(76480K), 0.0002160 secs]
225.241: [GC (Allocation Failure) 33749K->435K(75392K), 0.0002140 secs]
225.255: [GC (Allocation Failure) 32675K->435K(74368K), 0.0002190 secs]
225.284: [GC (Allocation Failure) 31698K->435K(73344K), 0.0002260 secs]
225.302: [GC (Allocation Failure) 30624K->435K(72384K), 0.0002300 secs]
225.315: [GC (Allocation Failure) 29745K->435K(78272K), 0.0002770 secs]
225.380: [GC (Allocation Failure) 35605K->435K(77120K), 0.0002240 secs]
225.395: [GC (Allocation Failure) 34433K->435K(83968K), 0.0002150 secs]
225.439: [GC (Allocation Failure) 41270K->435K(82560K), 0.0002420 secs]
225.457: [GC (Allocation Failure) 39902K->435K(81216K), 0.0002180 secs]
225.533: [GC (Allocation Failure) 38535K->435K(79936K), 0.0002040 secs]
225.584: [GC (Allocation Failure) 37265K->435K(78656K), 0.0002180 secs]
225.603: [GC (Allocation Failure) 35996K->435K(77440K), 0.0002750 secs]
225.623: [GC (Allocation Failure) 34726K->435K(76288K), 0.0002130 secs]
225.690: [GC (Allocation Failure) 33554K->435K(75200K), 0.0002060 secs]
225.704: [GC (Allocation Failure) 32479K->435K(81664K), 0.0003230 secs]
225.738: [GC (Allocation Failure) 39023K->435K(80320K), 0.0002410 secs]
225.759: [GC (Allocation Failure) 37656K->435K(79040K), 0.0002140 secs]
225.776: [GC (Allocation Failure) 36386K->435K(86272K), 0.0002750 secs]
225.799: [GC (Allocation Failure) 43614K->435K(84736K), 0.0002100 secs]
225.835: [GC (Allocation Failure) 42051K->435K(83264K), 0.0002740 secs]
225.884: [GC (Allocation Failure) 40586K->435K(81856K), 0.0002250 secs]
226.034: [GC (Allocation Failure) 39219K->435K(80512K), 0.0002120 secs]
226.050: [GC (Allocation Failure) 37851K->435K(79232K), 0.0002040 secs]
226.068: [GC (Allocation Failure) 36582K->435K(78016K), 0.0001980 secs]
226.136: [GC (Allocation Failure) 35312K->435K(76864K), 0.0002160 secs]
226.155: [GC (Allocation Failure) 34140K->435K(75776K), 0.0002120 secs]
226.186: [GC (Allocation Failure) 33065K->435K(74688K), 0.0002110 secs]
226.203: [GC (Allocation Failure) 31991K->435K(73664K), 0.0002110 secs]
226.221: [GC (Allocation Failure) 31014K->435K(72704K), 0.0001980 secs]
226.238: [GC (Allocation Failure) 30038K->435K(71808K), 0.0002130 secs]
226.251: [GC (Allocation Failure) 29158K->435K(77568K), 0.0002180 secs]
226.333: [GC (Allocation Failure) 34921K->435K(76416K), 0.0002210 secs]
226.348: [GC (Allocation Failure) 33749K->435K(75328K), 0.0002060 secs]
226.366: [GC (Allocation Failure) 32675K->435K(74304K), 0.0002120 secs]
226.384: [GC (Allocation Failure) 31600K->435K(73280K), 0.0002200 secs]
226.401: [GC (Allocation Failure) 30624K->435K(72320K), 0.0002210 secs]
226.418: [GC (Allocation Failure) 29647K->435K(78208K), 0.0002030 secs]
226.483: [GC (Allocation Failure) 35507K->435K(77056K), 0.0002780 secs]
226.540: [GC (Allocation Failure) 34335K->435K(75904K), 0.0002280 secs]
226.555: [GC (Allocation Failure) 33261K->435K(74816K), 0.0002800 secs]
226.573: [GC (Allocation Failure) 32089K->435K(73792K), 0.0002090 secs]
226.587: [GC (Allocation Failure) 31112K->435K(79936K), 0.0002200 secs]
226.603: [GC (Allocation Failure) 37265K->435K(87360K), 0.0002080 secs]
226.623: [GC (Allocation Failure) 44688K->435K(96256K), 0.0002040 secs]
226.673: [GC (Allocation Failure) 53580K->435K(94272K), 0.0002130 secs]
226.696: [GC (Allocation Failure) 51627K->435K(92352K), 0.0002140 secs]
226.744: [GC (Allocation Failure) 49670K->435K(90496K), 0.0002210 secs]
226.768: [GC (Allocation Failure) 47814K->435K(88768K), 0.0002000 secs]
226.794: [GC (Allocation Failure) 46056K->435K(87104K), 0.0002140 secs]
226.813: [GC (Allocation Failure) 44395K->435K(85504K), 0.0002040 secs]
226.835: [GC (Allocation Failure) 42833K->435K(83968K), 0.0002130 secs]
226.890: [GC (Allocation Failure) 41270K->435K(82560K), 0.0002020 secs]
226.908: [GC (Allocation Failure) 39902K->435K(81216K), 0.0002770 secs]
226.941: [GC (Allocation Failure) 38535K->435K(79936K), 0.0002130 secs]
226.961: [GC (Allocation Failure) 37265K->435K(78656K), 0.0002020 secs]
226.988: [GC (Allocation Failure) 35996K->435K(77440K), 0.0002070 secs]
227.007: [GC (Allocation Failure) 34726K->435K(76288K), 0.0002140 secs]
227.026: [GC (Allocation Failure) 33554K->435K(75200K), 0.0002030 secs]
227.040: [GC (Allocation Failure) 32479K->435K(74176K), 0.0002140 secs]
227.058: [GC (Allocation Failure) 31503K->435K(73152K), 0.0002110 secs]
227.138: [GC (Allocation Failure) 30428K->435K(72192K), 0.0002200 secs]
227.151: [GC (Allocation Failure) 29549K->435K(78016K), 0.0002700 secs]
227.167: [GC (Allocation Failure) 35312K->435K(85056K), 0.0003230 secs]
227.237: [GC (Allocation Failure) 42344K->435K(83584K), 0.0002140 secs]
227.259: [GC (Allocation Failure) 40879K->435K(82176K), 0.0002010 secs]
227.290: [GC (Allocation Failure) 39512K->435K(80832K), 0.0002030 secs]
227.306: [GC (Allocation Failure) 38144K->435K(79552K), 0.0002130 secs]
227.335: [GC (Allocation Failure) 36875K->435K(78336K), 0.0002150 secs]
227.484: [GC (Allocation Failure) 35605K->435K(77184K), 0.0002320 secs]
227.499: [GC (Allocation Failure) 34530K->435K(76032K), 0.0002030 secs]
227.514: [GC (Allocation Failure) 33358K->435K(74944K), 0.0002120 secs]
227.588: [GC (Allocation Failure) 32284K->435K(73920K), 0.0002210 secs]
227.606: [GC (Allocation Failure) 31210K->435K(72960K), 0.0002050 secs]
227.620: [GC (Allocation Failure) 30233K->435K(72000K), 0.0002250 secs]
227.687: [GC (Allocation Failure) 29354K->435K(71104K), 0.0002780 secs]
227.786: [GC (Allocation Failure) 28377K->435K(70272K), 0.0002140 secs]
227.798: [GC (Allocation Failure) 27596K->435K(75712K), 0.0003250 secs]
227.888: [GC (Allocation Failure) 33065K->435K(74624K), 0.0003370 secs]
227.903: [GC (Allocation Failure) 31893K->435K(73600K), 0.0002180 secs]
227.937: [GC (Allocation Failure) 30917K->435K(72640K), 0.0002200 secs]
227.950: [GC (Allocation Failure) 29940K->435K(78592K), 0.0002050 secs]
227.965: [GC (Allocation Failure) 35898K->435K(85696K), 0.0002040 secs]
227.989: [GC (Allocation Failure) 43028K->435K(84160K), 0.0002100 secs]
228.066: [GC (Allocation Failure) 41465K->435K(82688K), 0.0002290 secs]
228.084: [GC (Allocation Failure) 40000K->435K(81344K), 0.0002070 secs]
228.100: [GC (Allocation Failure) 38633K->435K(80000K), 0.0002150 secs]
228.120: [GC (Allocation Failure) 37363K->435K(78720K), 0.0002020 secs]
228.135: [GC (Allocation Failure) 35996K->435K(77504K), 0.0002170 secs]
228.154: [GC (Allocation Failure) 34823K->435K(76352K), 0.0002150 secs]
228.185: [GC (Allocation Failure) 33651K->435K(75264K), 0.0002160 secs]
228.234: [GC (Allocation Failure) 32577K->435K(74240K), 0.0002040 secs]
228.338: [GC (Allocation Failure) 31600K->435K(73216K), 0.0002410 secs]
228.352: [GC (Allocation Failure) 30526K->435K(72256K), 0.0002620 secs]
228.409: [GC (Allocation Failure) 29549K->435K(71360K), 0.0002210 secs]
228.425: [GC (Allocation Failure) 28670K->435K(70464K), 0.0002070 secs]
228.482: [GC (Allocation Failure) 27791K->435K(69632K), 0.0002750 secs]
228.534: [GC (Allocation Failure) 26912K->435K(68864K), 0.0004320 secs]
228.550: [GC (Allocation Failure) 26131K->435K(68096K), 0.0002290 secs]
228.561: [GC (Allocation Failure) 25447K->435K(73152K), 0.0002710 secs]
228.614: [GC (Allocation Failure) 30428K->435K(79168K), 0.0002850 secs]
228.634: [GC (Allocation Failure) 36484K->435K(77952K), 0.0002130 secs]
228.653: [GC (Allocation Failure) 35312K->435K(76800K), 0.0002100 secs]
228.675: [GC (Allocation Failure) 34140K->435K(75712K), 0.0002050 secs]
228.690: [GC (Allocation Failure) 33065K->435K(82240K), 0.0002210 secs]
228.742: [GC (Allocation Failure) 39512K->435K(80896K), 0.0002260 secs]
228.763: [GC (Allocation Failure) 38242K->435K(79616K), 0.0002020 secs]
228.780: [GC (Allocation Failure) 36972K->435K(78400K), 0.0002140 secs]
228.808: [GC (Allocation Failure) 35702K->435K(77248K), 0.0002340 secs]
228.823: [GC (Allocation Failure) 34530K->435K(76096K), 0.0002090 secs]
228.841: [GC (Allocation Failure) 33456K->435K(75008K), 0.0002170 secs]
228.891: [GC (Allocation Failure) 32284K->435K(73984K), 0.0002270 secs]
228.908: [GC (Allocation Failure) 31307K->435K(73024K), 0.0002170 secs]
228.934: [GC (Allocation Failure) 30331K->435K(72064K), 0.0002060 secs]
228.988: [GC (Allocation Failure) 29354K->435K(71168K), 0.0002230 secs]
229.004: [GC (Allocation Failure) 28475K->435K(70336K), 0.0002710 secs]
229.021: [GC (Allocation Failure) 27693K->435K(69504K), 0.0002150 secs]
229.087: [GC (Allocation Failure) 26814K->435K(68736K), 0.0002030 secs]
229.098: [GC (Allocation Failure) 26033K->435K(73920K), 0.0003230 secs]
229.191: [GC (Allocation Failure) 31210K->435K(72960K), 0.0002180 secs]
229.204: [GC (Allocation Failure) 30233K->435K(78976K), 0.0002070 secs]
229.287: [GC (Allocation Failure) 36289K->435K(77760K), 0.0002040 secs]
229.340: [GC (Allocation Failure) 35116K->435K(76608K), 0.0002140 secs]
229.359: [GC (Allocation Failure) 33944K->435K(75520K), 0.0002030 secs]
229.373: [GC (Allocation Failure) 32870K->435K(74496K), 0.0002170 secs]
229.536: [GC (Allocation Failure) 31796K->435K(73472K), 0.0002300 secs]
229.549: [GC (Allocation Failure) 30819K->435K(72512K), 0.0002050 secs]
229.562: [GC (Allocation Failure) 29842K->435K(71616K), 0.0002130 secs]
229.578: [GC (Allocation Failure) 28963K->435K(77376K), 0.0002160 secs]
229.641: [GC (Allocation Failure) 34726K->435K(76224K), 0.0002090 secs]
229.659: [GC (Allocation Failure) 33554K->435K(75136K), 0.0002070 secs]
229.674: [GC (Allocation Failure) 32479K->435K(74112K), 0.0002290 secs]
229.687: [GC (Allocation Failure) 31405K->435K(80320K), 0.0002060 secs]
229.703: [GC (Allocation Failure) 37656K->435K(87808K), 0.0002040 secs]
229.740: [GC (Allocation Failure) 45079K->435K(86208K), 0.0002050 secs]
229.792: [GC (Allocation Failure) 43516K->435K(84672K), 0.0002160 secs]
229.810: [GC (Allocation Failure) 41953K->435K(83200K), 0.0002050 secs]
229.831: [GC (Allocation Failure) 40488K->435K(81792K), 0.0002100 secs]
229.889: [GC (Allocation Failure) 39121K->435K(80448K), 0.0002040 secs]
229.909: [GC (Allocation Failure) 37754K->435K(79168K), 0.0002140 secs]
229.938: [GC (Allocation Failure) 36484K->435K(77952K), 0.0002060 secs]
229.998: [GC (Allocation Failure) 35312K->435K(76800K), 0.0002180 secs]
230.016: [GC (Allocation Failure) 34140K->435K(75712K), 0.0002390 secs]
230.031: [GC (Allocation Failure) 33065K->435K(74624K), 0.0002080 secs]
230.091: [GC (Allocation Failure) 31893K->435K(73600K), 0.0002260 secs]
230.104: [GC (Allocation Failure) 30917K->435K(72640K), 0.0002220 secs]
230.121: [GC (Allocation Failure) 29940K->435K(78592K), 0.0002760 secs]
230.141: [GC (Allocation Failure) 35898K->435K(77376K), 0.0002070 secs]
230.160: [GC (Allocation Failure) 34726K->435K(76224K), 0.0002130 secs]
230.178: [GC (Allocation Failure) 33554K->435K(75136K), 0.0002030 secs]
230.193: [GC (Allocation Failure) 32479K->435K(81600K), 0.0002260 secs]
230.214: [GC (Allocation Failure) 38926K->435K(89344K), 0.0002210 secs]
230.243: [GC (Allocation Failure) 46642K->435K(87680K), 0.0002170 secs]
230.266: [GC (Allocation Failure) 44981K->435K(86080K), 0.0002010 secs]
230.296: [GC (Allocation Failure) 43419K->435K(84544K), 0.0002190 secs]
230.315: [GC (Allocation Failure) 41856K->435K(83072K), 0.0003240 secs]
230.391: [GC (Allocation Failure) 40391K->435K(81664K), 0.0002180 secs]
230.412: [GC (Allocation Failure) 39023K->435K(80320K), 0.0002070 secs]
230.432: [GC (Allocation Failure) 37656K->435K(79040K), 0.0002190 secs]
230.448: [GC (Allocation Failure) 36386K->435K(77824K), 0.0002060 secs]
230.493: [GC (Allocation Failure) 35116K->435K(76672K), 0.0002570 secs]
230.512: [GC (Allocation Failure) 33944K->435K(75584K), 0.0002090 secs]
230.526: [GC (Allocation Failure) 32870K->435K(74560K), 0.0002150 secs]
230.595: [GC (Allocation Failure) 31893K->435K(73536K), 0.0002380 secs]
230.613: [GC (Allocation Failure) 30819K->435K(72576K), 0.0002050 secs]
230.633: [GC (Allocation Failure) 29842K->435K(71680K), 0.0002350 secs]
230.645: [GC (Allocation Failure) 28963K->435K(77440K), 0.0002070 secs]
230.661: [GC (Allocation Failure) 34726K->435K(84352K), 0.0002780 secs]
230.695: [GC (Allocation Failure) 41660K->435K(92608K), 0.0002190 secs]
230.721: [GC (Allocation Failure) 49967K->435K(90752K), 0.0002290 secs]
230.744: [GC (Allocation Failure) 48107K->435K(89024K), 0.0002370 secs]
230.794: [GC (Allocation Failure) 46349K->435K(87360K), 0.0002160 secs]
230.824: [GC (Allocation Failure) 44688K->435K(85760K), 0.0002420 secs]
230.844: [GC (Allocation Failure) 43028K->435K(84224K), 0.0002200 secs]
230.915: [GC (Allocation Failure) 41563K->435K(82752K), 0.0002230 secs]
230.932: [GC (Allocation Failure) 40098K->435K(81344K), 0.0002060 secs]
230.949: [GC (Allocation Failure) 38633K->435K(80000K), 0.0002380 secs]
230.969: [GC (Allocation Failure) 37363K->435K(78720K), 0.0002160 secs]
231.044: [GC (Allocation Failure) 35996K->435K(77504K), 0.0002190 secs]
231.059: [GC (Allocation Failure) 34823K->435K(76352K), 0.0002160 secs]
231.093: [GC (Allocation Failure) 33651K->435K(75264K), 0.0002230 secs]
231.111: [GC (Allocation Failure) 32577K->435K(74240K), 0.0002220 secs]
231.138: [GC (Allocation Failure) 31600K->435K(73216K), 0.0002050 secs]
231.193: [GC (Allocation Failure) 30526K->435K(72256K), 0.0002280 secs]
231.238: [GC (Allocation Failure) 29549K->435K(71360K), 0.0002170 secs]
231.254: [GC (Allocation Failure) 28670K->435K(70464K), 0.0002730 secs]
231.266: [GC (Allocation Failure) 27791K->435K(75968K), 0.0002210 secs]
231.298: [GC (Allocation Failure) 33261K->435K(74880K), 0.0002280 secs]
231.317: [GC (Allocation Failure) 32186K->435K(73856K), 0.0002160 secs]
231.334: [GC (Allocation Failure) 31210K->435K(72896K), 0.0002130 secs]
231.351: [GC (Allocation Failure) 30233K->435K(71936K), 0.0002030 secs]
231.368: [GC (Allocation Failure) 29256K->435K(77760K), 0.0002290 secs]
231.387: [GC (Allocation Failure) 35116K->435K(84736K), 0.0002150 secs]
231.406: [GC (Allocation Failure) 42051K->435K(83264K), 0.0002010 secs]
231.546: [GC (Allocation Failure) 40586K->435K(81856K), 0.0002430 secs]
231.568: [GC (Allocation Failure) 39219K->435K(80512K), 0.0002180 secs]
231.591: [GC (Allocation Failure) 37851K->435K(79232K), 0.0002300 secs]
231.607: [GC (Allocation Failure) 36582K->435K(78016K), 0.0002760 secs]
231.623: [GC (Allocation Failure) 35312K->435K(85056K), 0.0002750 secs]
231.647: [GC (Allocation Failure) 42344K->435K(93504K), 0.0002250 secs]
231.669: [GC (Allocation Failure) 50846K->435K(91648K), 0.0002030 secs]
231.690: [GC (Allocation Failure) 48986K->435K(89856K), 0.0002030 secs]
231.714: [GC (Allocation Failure) 47130K->435K(88128K), 0.0002030 secs]
231.738: [GC (Allocation Failure) 45470K->435K(86528K), 0.0002130 secs]
231.758: [GC (Allocation Failure) 43809K->435K(84992K), 0.0002050 secs]
231.844: [GC (Allocation Failure) 42344K->435K(83520K), 0.0002250 secs]
231.865: [GC (Allocation Failure) 40879K->435K(82112K), 0.0002210 secs]
231.910: [GC (Allocation Failure) 39414K->435K(80768K), 0.0002300 secs]
231.927: [GC (Allocation Failure) 38047K->435K(79488K), 0.0002020 secs]
231.996: [GC (Allocation Failure) 36777K->435K(78272K), 0.0002140 secs]
232.011: [GC (Allocation Failure) 35605K->435K(77120K), 0.0002160 secs]
232.144: [GC (Allocation Failure) 34433K->435K(75968K), 0.0002410 secs]
232.159: [GC (Allocation Failure) 33261K->435K(74880K), 0.0002650 secs]
232.173: [GC (Allocation Failure) 32186K->435K(73856K), 0.0002130 secs]
232.187: [GC (Allocation Failure) 31210K->435K(80064K), 0.0002160 secs]
232.207: [GC (Allocation Failure) 37363K->435K(87488K), 0.0002120 secs]
232.246: [GC (Allocation Failure) 44786K->435K(85888K), 0.0002250 secs]
232.268: [GC (Allocation Failure) 43223K->435K(84352K), 0.0002110 secs]
232.298: [GC (Allocation Failure) 41660K->435K(82880K), 0.0002020 secs]
232.320: [GC (Allocation Failure) 40195K->435K(81472K), 0.0002420 secs]
232.341: [GC (Allocation Failure) 38828K->435K(80128K), 0.0002030 secs]
232.361: [GC (Allocation Failure) 37461K->435K(78848K), 0.0002110 secs]
232.377: [GC (Allocation Failure) 36191K->435K(77632K), 0.0002170 secs]
232.393: [GC (Allocation Failure) 34921K->435K(84544K), 0.0002900 secs]
232.444: [GC (Allocation Failure) 41856K->435K(83072K), 0.0002060 secs]
232.498: [GC (Allocation Failure) 40391K->435K(81664K), 0.0002130 secs]
232.519: [GC (Allocation Failure) 39023K->435K(80320K), 0.0002030 secs]
232.543: [GC (Allocation Failure) 37656K->435K(79040K), 0.0002730 secs]
232.597: [GC (Allocation Failure) 36386K->435K(77824K), 0.0002110 secs]
232.624: [GC (Allocation Failure) 35116K->435K(76672K), 0.0002190 secs]
232.643: [GC (Allocation Failure) 33944K->435K(75584K), 0.0002300 secs]
232.658: [GC (Allocation Failure) 32870K->435K(74560K), 0.0002020 secs]
232.744: [GC (Allocation Failure) 31893K->435K(73536K), 0.0002120 secs]
232.762: [GC (Allocation Failure) 30819K->435K(72576K), 0.0002290 secs]
232.795: [GC (Allocation Failure) 29842K->435K(71680K), 0.0002140 secs]
232.808: [GC (Allocation Failure) 28963K->435K(77440K), 0.0003260 secs]
232.846: [GC (Allocation Failure) 34726K->435K(76288K), 0.0002170 secs]
232.864: [GC (Allocation Failure) 33554K->435K(75200K), 0.0002040 secs]
232.907: [GC (Allocation Failure) 32479K->435K(74176K), 0.0002160 secs]
232.938: [GC (Allocation Failure) 31503K->435K(73152K), 0.0002140 secs]
232.956: [GC (Allocation Failure) 30428K->435K(72192K), 0.0002030 secs]
232.969: [GC (Allocation Failure) 29549K->435K(78016K), 0.0002740 secs]
233.046: [GC (Allocation Failure) 35312K->435K(76864K), 0.0002240 secs]
233.065: [GC (Allocation Failure) 34140K->435K(75776K), 0.0002170 secs]
233.080: [GC (Allocation Failure) 33065K->435K(74688K), 0.0002200 secs]
233.141: [GC (Allocation Failure) 31991K->435K(73664K), 0.0002190 secs]
233.295: [GC (Allocation Failure) 31014K->435K(72704K), 0.0002120 secs]
233.312: [GC (Allocation Failure) 30038K->435K(71808K), 0.0002290 secs]
233.325: [GC (Allocation Failure) 29158K->435K(70912K), 0.0002190 secs]
233.342: [GC (Allocation Failure) 28182K->435K(70080K), 0.0002010 secs]
233.354: [GC (Allocation Failure) 27400K->435K(75520K), 0.0002290 secs]
233.372: [GC (Allocation Failure) 32870K->435K(82048K), 0.0002150 secs]
233.390: [GC (Allocation Failure) 39316K->435K(89856K), 0.0002710 secs]
233.448: [GC (Allocation Failure) 47130K->435K(88128K), 0.0002140 secs]
233.468: [GC (Allocation Failure) 45470K->435K(86528K), 0.0002160 secs]
233.490: [GC (Allocation Failure) 43809K->435K(84992K), 0.0002110 secs]
233.539: [GC (Allocation Failure) 42344K->435K(83520K), 0.0003340 secs]
233.591: [GC (Allocation Failure) 40879K->435K(82112K), 0.0002120 secs]
233.612: [GC (Allocation Failure) 39414K->435K(80768K), 0.0002120 secs]
233.633: [GC (Allocation Failure) 38047K->435K(79488K), 0.0002140 secs]
233.694: [GC (Allocation Failure) 36777K->435K(78272K), 0.0002270 secs]
233.713: [GC (Allocation Failure) 35605K->435K(77120K), 0.0002130 secs]
233.728: [GC (Allocation Failure) 34433K->435K(75968K), 0.0002210 secs]
233.747: [GC (Allocation Failure) 33261K->435K(74880K), 0.0002720 secs]
233.764: [GC (Allocation Failure) 32186K->435K(73856K), 0.0002140 secs]
233.779: [GC (Allocation Failure) 31210K->435K(80064K), 0.0002140 secs]
233.899: [GC (Allocation Failure) 37363K->435K(78784K), 0.0002120 secs]
233.918: [GC (Allocation Failure) 36093K->435K(77568K), 0.0002200 secs]
233.940: [GC (Allocation Failure) 34921K->435K(76416K), 0.0002390 secs]
233.958: [GC (Allocation Failure) 33749K->435K(75328K), 0.0002140 secs]
233.994: [GC (Allocation Failure) 32675K->435K(74304K), 0.0002120 secs]
234.027: [GC (Allocation Failure) 31600K->435K(73280K), 0.0002330 secs]
234.044: [GC (Allocation Failure) 30624K->435K(72320K), 0.0002910 secs]
234.062: [GC (Allocation Failure) 29647K->435K(71424K), 0.0002130 secs]
234.195: [GC (Allocation Failure) 28768K->435K(70528K), 0.0002060 secs]
234.211: [GC (Allocation Failure) 27889K->435K(69696K), 0.0002270 secs]
234.223: [GC (Allocation Failure) 27010K->435K(75072K), 0.0002160 secs]
234.237: [GC (Allocation Failure) 32382K->435K(81472K), 0.0002040 secs]
234.296: [GC (Allocation Failure) 38828K->435K(80128K), 0.0002170 secs]
234.337: [GC (Allocation Failure) 37461K->435K(78848K), 0.0002290 secs]
234.357: [GC (Allocation Failure) 36191K->435K(77632K), 0.0002000 secs]
234.376: [GC (Allocation Failure) 34921K->435K(76480K), 0.0002130 secs]
234.393: [GC (Allocation Failure) 33749K->435K(75392K), 0.0002060 secs]
234.448: [GC (Allocation Failure) 32675K->435K(74368K), 0.0002070 secs]
234.461: [GC (Allocation Failure) 31698K->435K(80640K), 0.0003230 secs]
234.496: [GC (Allocation Failure) 37949K->435K(79360K), 0.0002150 secs]
234.539: [GC (Allocation Failure) 36679K->435K(78144K), 0.0002140 secs]
234.558: [GC (Allocation Failure) 35409K->435K(76992K), 0.0002010 secs]
234.577: [GC (Allocation Failure) 34335K->435K(75904K), 0.0002100 secs]
234.592: [GC (Allocation Failure) 33261K->435K(82496K), 0.0003260 secs]
234.636: [GC (Allocation Failure) 39805K->435K(81152K), 0.0002150 secs]
234.657: [GC (Allocation Failure) 38437K->435K(79872K), 0.0002020 secs]
234.673: [GC (Allocation Failure) 37168K->435K(78656K), 0.0002030 secs]
234.692: [GC (Allocation Failure) 35996K->435K(85824K), 0.0003090 secs]
234.715: [GC (Allocation Failure) 43126K->435K(94400K), 0.0002130 secs]
234.742: [GC (Allocation Failure) 51725K->435K(92480K), 0.0002120 secs]
234.803: [GC (Allocation Failure) 49767K->435K(90624K), 0.0002770 secs]
234.851: [GC (Allocation Failure) 47911K->435K(88896K), 0.0002280 secs]
234.870: [GC (Allocation Failure) 46251K->435K(87232K), 0.0002180 secs]
234.894: [GC (Allocation Failure) 44591K->435K(85632K), 0.0002140 secs]
234.916: [GC (Allocation Failure) 42930K->435K(84096K), 0.0002150 secs]
234.938: [GC (Allocation Failure) 41367K->435K(82624K), 0.0002030 secs]
234.956: [GC (Allocation Failure) 39902K->435K(81280K), 0.0002310 secs]
234.973: [GC (Allocation Failure) 38633K->435K(80000K), 0.0002110 secs]
234.997: [GC (Allocation Failure) 37363K->435K(78720K), 0.0002170 secs]
235.046: [GC (Allocation Failure) 35996K->435K(77504K), 0.0002150 secs]
235.096: [GC (Allocation Failure) 34823K->435K(76352K), 0.0002150 secs]
235.145: [GC (Allocation Failure) 33651K->435K(75264K), 0.0002200 secs]
235.159: [GC (Allocation Failure) 32577K->435K(74240K), 0.0002150 secs]
235.172: [GC (Allocation Failure) 31600K->435K(73216K), 0.0002060 secs]
235.199: [GC (Allocation Failure) 30526K->435K(72256K), 0.0002240 secs]
235.211: [GC (Allocation Failure) 29549K->435K(71360K), 0.0002070 secs]
235.224: [GC (Allocation Failure) 28670K->435K(77056K), 0.0002070 secs]
235.238: [GC (Allocation Failure) 34335K->435K(83904K), 0.0002040 secs]
235.299: [GC (Allocation Failure) 41172K->435K(82496K), 0.0002050 secs]
235.402: [GC (Allocation Failure) 39805K->435K(81152K), 0.0002180 secs]
235.422: [GC (Allocation Failure) 38437K->435K(79872K), 0.0002130 secs]
235.451: [GC (Allocation Failure) 37168K->435K(78656K), 0.0002130 secs]
235.466: [GC (Allocation Failure) 35996K->435K(77440K), 0.0002140 secs]
235.596: [GC (Allocation Failure) 34726K->435K(76288K), 0.0002730 secs]
235.646: [GC (Allocation Failure) 33554K->435K(75200K), 0.0002250 secs]
235.660: [GC (Allocation Failure) 32479K->435K(74176K), 0.0002130 secs]
235.677: [GC (Allocation Failure) 31503K->435K(73152K), 0.0002100 secs]
235.748: [GC (Allocation Failure) 30428K->435K(72192K), 0.0002350 secs]
235.762: [GC (Allocation Failure) 29549K->435K(71296K), 0.0002170 secs]
235.778: [GC (Allocation Failure) 28572K->435K(70400K), 0.0002000 secs]
235.795: [GC (Allocation Failure) 27693K->435K(69568K), 0.0002280 secs]
235.810: [GC (Allocation Failure) 26912K->435K(74880K), 0.0002110 secs]
235.828: [GC (Allocation Failure) 32186K->435K(81280K), 0.0002130 secs]
235.852: [GC (Allocation Failure) 38633K->435K(80000K), 0.0002030 secs]
235.868: [GC (Allocation Failure) 37363K->435K(87424K), 0.0002420 secs]
236.005: [GC (Allocation Failure) 44786K->435K(85824K), 0.0002260 secs]
236.028: [GC (Allocation Failure) 43126K->435K(84288K), 0.0002300 secs]
236.050: [GC (Allocation Failure) 41563K->435K(82816K), 0.0002100 secs]
236.108: [GC (Allocation Failure) 40098K->435K(81408K), 0.0002070 secs]
236.125: [GC (Allocation Failure) 38730K->435K(80064K), 0.0002050 secs]
236.149: [GC (Allocation Failure) 37363K->435K(78784K), 0.0002320 secs]
236.164: [GC (Allocation Failure) 36093K->435K(77568K), 0.0002040 secs]
236.247: [GC (Allocation Failure) 34921K->435K(76416K), 0.0002240 secs]
236.261: [GC (Allocation Failure) 33749K->435K(75328K), 0.0002040 secs]
236.296: [GC (Allocation Failure) 32675K->435K(74304K), 0.0002170 secs]
236.314: [GC (Allocation Failure) 31600K->435K(73280K), 0.0002120 secs]
236.331: [GC (Allocation Failure) 30624K->435K(72320K), 0.0002100 secs]
236.349: [GC (Allocation Failure) 29647K->435K(71424K), 0.0002180 secs]
236.362: [GC (Allocation Failure) 28768K->435K(77120K), 0.0002020 secs]
236.402: [GC (Allocation Failure) 34433K->435K(75968K), 0.0002060 secs]
236.497: [GC (Allocation Failure) 33261K->435K(74880K), 0.0002270 secs]
236.510: [GC (Allocation Failure) 32186K->435K(73856K), 0.0002180 secs]
236.534: [GC (Allocation Failure) 31210K->435K(72896K), 0.0002160 secs]
236.547: [GC (Allocation Failure) 30233K->435K(71936K), 0.0002050 secs]
236.560: [GC (Allocation Failure) 29256K->435K(77760K), 0.0002050 secs]
236.595: [GC (Allocation Failure) 35116K->435K(76608K), 0.0002080 secs]
236.651: [GC (Allocation Failure) 33944K->435K(75520K), 0.0002380 secs]
236.665: [GC (Allocation Failure) 32870K->435K(74496K), 0.0002080 secs]
236.678: [GC (Allocation Failure) 31796K->435K(80832K), 0.0002050 secs]
236.699: [GC (Allocation Failure) 38144K->435K(79552K), 0.0002140 secs]
236.715: [GC (Allocation Failure) 36875K->435K(86848K), 0.0002030 secs]
236.752: [GC (Allocation Failure) 44200K->435K(85312K), 0.0002180 secs]
236.801: [GC (Allocation Failure) 42637K->435K(83840K), 0.0002710 secs]
236.850: [GC (Allocation Failure) 41172K->435K(82432K), 0.0002140 secs]
236.871: [GC (Allocation Failure) 39707K->435K(81088K), 0.0002020 secs]
236.892: [GC (Allocation Failure) 38437K->435K(79808K), 0.0002170 secs]
236.908: [GC (Allocation Failure) 37168K->435K(78592K), 0.0002030 secs]
236.942: [GC (Allocation Failure) 35898K->435K(77376K), 0.0002350 secs]
236.961: [GC (Allocation Failure) 34726K->435K(76224K), 0.0002030 secs]
236.980: [GC (Allocation Failure) 33554K->435K(75136K), 0.0002030 secs]
236.994: [GC (Allocation Failure) 32479K->435K(74112K), 0.0002270 secs]
237.007: [GC (Allocation Failure) 31405K->435K(80320K), 0.0002010 secs]
237.023: [GC (Allocation Failure) 37656K->435K(87808K), 0.0002160 secs]
237.043: [GC (Allocation Failure) 45079K->435K(96768K), 0.0002050 secs]
237.110: [GC (Allocation Failure) 54069K->435K(94720K), 0.0002040 secs]
237.133: [GC (Allocation Failure) 52018K->435K(92800K), 0.0002130 secs]
237.206: [GC (Allocation Failure) 50162K->435K(90944K), 0.0002080 secs]
237.308: [GC (Allocation Failure) 48302K->435K(89216K), 0.0002190 secs]
237.332: [GC (Allocation Failure) 46544K->435K(87552K), 0.0002110 secs]
237.403: [GC (Allocation Failure) 44884K->435K(85952K), 0.0002150 secs]
237.425: [GC (Allocation Failure) 43223K->435K(84416K), 0.0002040 secs]
237.447: [GC (Allocation Failure) 41758K->435K(82944K), 0.0002020 secs]
237.465: [GC (Allocation Failure) 40293K->435K(81536K), 0.0002150 secs]
237.500: [GC (Allocation Failure) 38828K->435K(80192K), 0.0002250 secs]
237.516: [GC (Allocation Failure) 37461K->435K(78912K), 0.0002030 secs]
237.600: [GC (Allocation Failure) 36191K->435K(77696K), 0.0002150 secs]
237.619: [GC (Allocation Failure) 35019K->435K(76544K), 0.0002080 secs]
237.649: [GC (Allocation Failure) 33847K->435K(75456K), 0.0002260 secs]
237.662: [GC (Allocation Failure) 32772K->435K(74432K), 0.0002760 secs]
237.747: [GC (Allocation Failure) 31698K->435K(73408K), 0.0002140 secs]
237.764: [GC (Allocation Failure) 30721K->435K(72448K), 0.0002030 secs]
237.797: [GC (Allocation Failure) 29745K->435K(71552K), 0.0002150 secs]
237.809: [GC (Allocation Failure) 28865K->435K(70656K), 0.0002050 secs]
237.825: [GC (Allocation Failure) 27986K->435K(69824K), 0.0002000 secs]
237.841: [GC (Allocation Failure) 27107K->435K(75200K), 0.0002120 secs]
237.911: [GC (Allocation Failure) 32479K->435K(74176K), 0.0003240 secs]
238.002: [GC (Allocation Failure) 31503K->435K(73152K), 0.0002140 secs]
238.019: [GC (Allocation Failure) 30428K->435K(72192K), 0.0002020 secs]
238.047: [GC (Allocation Failure) 29549K->435K(71296K), 0.0002250 secs]
238.063: [GC (Allocation Failure) 28572K->435K(70400K), 0.0002030 secs]
238.079: [GC (Allocation Failure) 27693K->435K(69568K), 0.0002030 secs]
238.095: [GC (Allocation Failure) 26912K->435K(68800K), 0.0002210 secs]
238.246: [GC (Allocation Failure) 26131K->435K(68032K), 0.0002230 secs]
238.257: [GC (Allocation Failure) 25349K->435K(73024K), 0.0002270 secs]
238.273: [GC (Allocation Failure) 30331K->435K(79040K), 0.0002120 secs]
238.304: [GC (Allocation Failure) 36386K->435K(77824K), 0.0002070 secs]
238.323: [GC (Allocation Failure) 35116K->435K(76672K), 0.0002020 secs]
238.349: [GC (Allocation Failure) 33944K->435K(75584K), 0.0002710 secs]
238.368: [GC (Allocation Failure) 32870K->435K(74560K), 0.0002140 secs]
238.381: [GC (Allocation Failure) 31893K->435K(80896K), 0.0002030 secs]
238.406: [GC (Allocation Failure) 38242K->435K(79616K), 0.0002210 secs]
238.422: [GC (Allocation Failure) 36972K->435K(86976K), 0.0002330 secs]
238.441: [GC (Allocation Failure) 44298K->435K(85376K), 0.0002050 secs]
238.504: [GC (Allocation Failure) 42735K->435K(83904K), 0.0002170 secs]
238.557: [GC (Allocation Failure) 41172K->435K(82496K), 0.0003580 secs]
238.578: [GC (Allocation Failure) 39805K->435K(81152K), 0.0002140 secs]
238.599: [GC (Allocation Failure) 38437K->435K(79872K), 0.0002110 secs]
238.631: [GC (Allocation Failure) 37168K->435K(78656K), 0.0002220 secs]
238.651: [GC (Allocation Failure) 35996K->435K(77440K), 0.0002240 secs]
238.667: [GC (Allocation Failure) 34726K->435K(76288K), 0.0001990 secs]
238.681: [GC (Allocation Failure) 33554K->435K(75200K), 0.0002020 secs]
238.699: [GC (Allocation Failure) 32479K->435K(74176K), 0.0002150 secs]
238.800: [GC (Allocation Failure) 31503K->435K(73152K), 0.0002180 secs]
238.813: [GC (Allocation Failure) 30428K->435K(72192K), 0.0002170 secs]
238.830: [GC (Allocation Failure) 29549K->435K(71296K), 0.0002150 secs]
238.843: [GC (Allocation Failure) 28572K->435K(76992K), 0.0002210 secs]
238.905: [GC (Allocation Failure) 34335K->435K(75904K), 0.0003060 secs]
238.920: [GC (Allocation Failure) 33261K->435K(82496K), 0.0002180 secs]
238.937: [GC (Allocation Failure) 39805K->435K(90432K), 0.0002050 secs]
239.040: [GC (Allocation Failure) 47716K->435K(88704K), 0.0002210 secs]
239.064: [GC (Allocation Failure) 46056K->435K(87040K), 0.0002140 secs]
239.135: [GC (Allocation Failure) 44395K->435K(85440K), 0.0002120 secs]
239.153: [GC (Allocation Failure) 42735K->435K(83968K), 0.0002040 secs]
239.208: [GC (Allocation Failure) 41270K->435K(82560K), 0.0002160 secs]
239.225: [GC (Allocation Failure) 39902K->435K(81216K), 0.0002160 secs]
239.245: [GC (Allocation Failure) 38535K->435K(79936K), 0.0002140 secs]
239.402: [GC (Allocation Failure) 37265K->435K(78656K), 0.0002140 secs]
239.421: [GC (Allocation Failure) 35996K->435K(77440K), 0.0002000 secs]
239.440: [GC (Allocation Failure) 34726K->435K(76288K), 0.0002150 secs]
239.459: [GC (Allocation Failure) 33554K->435K(75200K), 0.0002180 secs]
239.473: [GC (Allocation Failure) 32479K->435K(81664K), 0.0002740 secs]
239.503: [GC (Allocation Failure) 39023K->435K(80320K), 0.0002040 secs]
239.537: [GC (Allocation Failure) 37656K->435K(79040K), 0.0002170 secs]
239.552: [GC (Allocation Failure) 36386K->435K(86272K), 0.0002730 secs]
239.610: [GC (Allocation Failure) 43614K->435K(84736K), 0.0002210 secs]
239.632: [GC (Allocation Failure) 42051K->435K(83264K), 0.0002150 secs]
239.654: [GC (Allocation Failure) 40586K->435K(81856K), 0.0002040 secs]
239.675: [GC (Allocation Failure) 39219K->435K(80512K), 0.0002150 secs]
239.696: [GC (Allocation Failure) 37851K->435K(79232K), 0.0001990 secs]
239.712: [GC (Allocation Failure) 36582K->435K(78016K), 0.0002160 secs]
239.727: [GC (Allocation Failure) 35312K->435K(76864K), 0.0002060 secs]
239.742: [GC (Allocation Failure) 34140K->435K(83648K), 0.0002060 secs]
239.760: [GC (Allocation Failure) 40977K->435K(91776K), 0.0002160 secs]
239.798: [GC (Allocation Failure) 49084K->435K(89984K), 0.0002140 secs]
239.819: [GC (Allocation Failure) 47325K->435K(88256K), 0.0002740 secs]
239.916: [GC (Allocation Failure) 45567K->435K(86592K), 0.0002160 secs]
239.937: [GC (Allocation Failure) 43907K->435K(85056K), 0.0002050 secs]
239.959: [GC (Allocation Failure) 42344K->435K(83584K), 0.0002110 secs]
239.977: [GC (Allocation Failure) 40879K->435K(82176K), 0.0002150 secs]
240.013: [GC (Allocation Failure) 39512K->435K(80832K), 0.0002160 secs]
240.030: [GC (Allocation Failure) 38144K->435K(88384K), 0.0003250 secs]
240.057: [GC (Allocation Failure) 45665K->435K(86720K), 0.0002060 secs]
240.106: [GC (Allocation Failure) 44005K->435K(85184K), 0.0002140 secs]
240.124: [GC (Allocation Failure) 42540K->435K(83712K), 0.0002150 secs]
240.146: [GC (Allocation Failure) 41074K->435K(82304K), 0.0002100 secs]
240.202: [GC (Allocation Failure) 39609K->435K(80960K), 0.0002080 secs]
240.222: [GC (Allocation Failure) 38242K->435K(79680K), 0.0002250 secs]
240.254: [GC (Allocation Failure) 36972K->435K(78464K), 0.0002050 secs]
240.303: [GC (Allocation Failure) 35800K->435K(77312K), 0.0002060 secs]
240.352: [GC (Allocation Failure) 34628K->435K(76160K), 0.0002760 secs]
240.397: [GC (Allocation Failure) 33456K->435K(75072K), 0.0002030 secs]
240.528: [GC (Allocation Failure) 32382K->435K(74048K), 0.0002250 secs]
240.593: [GC (Allocation Failure) 31405K->435K(73088K), 0.0002730 secs]
240.626: [GC (Allocation Failure) 30428K->435K(72128K), 0.0002430 secs]
240.644: [GC (Allocation Failure) 29451K->435K(71232K), 0.0002610 secs]
240.657: [GC (Allocation Failure) 28572K->435K(70400K), 0.0002120 secs]
240.704: [GC (Allocation Failure) 27693K->435K(69568K), 0.0002200 secs]
240.720: [GC (Allocation Failure) 26912K->435K(68800K), 0.0002030 secs]
240.808: [GC (Allocation Failure) 26131K->435K(68032K), 0.0002190 secs]
240.823: [GC (Allocation Failure) 25349K->435K(67328K), 0.0002410 secs]
240.849: [GC (Allocation Failure) 24662K->435K(66624K), 0.0002040 secs]
240.899: [GC (Allocation Failure) 23978K->435K(65984K), 0.0002080 secs]
240.952: [GC (Allocation Failure) 23294K->435K(65344K), 0.0002130 secs]
240.966: [GC (Allocation Failure) 22610K->435K(64704K), 0.0002170 secs]
240.980: [GC (Allocation Failure) 22024K->435K(69056K), 0.0002790 secs]
240.996: [GC (Allocation Failure) 26326K->435K(74304K), 0.0002260 secs]
241.014: [GC (Allocation Failure) 31600K->435K(80576K), 0.0002230 secs]
241.105: [GC (Allocation Failure) 37851K->435K(79296K), 0.0002130 secs]
241.125: [GC (Allocation Failure) 36582K->435K(78080K), 0.0002140 secs]
241.209: [GC (Allocation Failure) 35409K->435K(76928K), 0.0002290 secs]
241.224: [GC (Allocation Failure) 34237K->435K(75840K), 0.0002170 secs]
241.238: [GC (Allocation Failure) 33163K->435K(74752K), 0.0002070 secs]
241.287: [GC (Allocation Failure) 32089K->435K(73728K), 0.0002080 secs]
241.306: [GC (Allocation Failure) 31014K->435K(72768K), 0.0002260 secs]
241.323: [GC (Allocation Failure) 30038K->435K(71808K), 0.0002030 secs]
241.336: [GC (Allocation Failure) 29158K->435K(77568K), 0.0002200 secs]
241.358: [GC (Allocation Failure) 34921K->435K(76416K), 0.0002120 secs]
241.374: [GC (Allocation Failure) 33749K->435K(83136K), 0.0002330 secs]
241.392: [GC (Allocation Failure) 40488K->435K(91200K), 0.0002120 secs]
241.417: [GC (Allocation Failure) 48498K->435K(89408K), 0.0002160 secs]
241.437: [GC (Allocation Failure) 46739K->435K(87744K), 0.0002120 secs]
241.457: [GC (Allocation Failure) 45079K->435K(86144K), 0.0002210 secs]
241.479: [GC (Allocation Failure) 43419K->435K(84608K), 0.0002100 secs]
241.507: [GC (Allocation Failure) 41953K->435K(83136K), 0.0002050 secs]
241.536: [GC (Allocation Failure) 40488K->435K(81728K), 0.0002160 secs]
241.556: [GC (Allocation Failure) 39023K->435K(80384K), 0.0002130 secs]
241.709: [GC (Allocation Failure) 37656K->435K(79104K), 0.0002110 secs]
241.725: [GC (Allocation Failure) 36386K->435K(77888K), 0.0002030 secs]
241.759: [GC (Allocation Failure) 35214K->435K(76736K), 0.0002110 secs]
241.774: [GC (Allocation Failure) 34042K->435K(75648K), 0.0002140 secs]
241.788: [GC (Allocation Failure) 32968K->435K(74560K), 0.0002160 secs]
241.806: [GC (Allocation Failure) 31893K->435K(73536K), 0.0002110 secs]
241.823: [GC (Allocation Failure) 30819K->435K(72576K), 0.0002110 secs]
241.856: [GC (Allocation Failure) 29842K->435K(71680K), 0.0002010 secs]
241.869: [GC (Allocation Failure) 28963K->435K(70784K), 0.0002050 secs]
241.881: [GC (Allocation Failure) 28084K->435K(76352K), 0.0002020 secs]
241.900: [GC (Allocation Failure) 33651K->435K(83008K), 0.0002100 secs]
242.012: [GC (Allocation Failure) 40293K->435K(81600K), 0.0002100 secs]
242.029: [GC (Allocation Failure) 38926K->435K(80256K), 0.0002150 secs]
242.049: [GC (Allocation Failure) 37558K->435K(78976K), 0.0002110 secs]
242.105: [GC (Allocation Failure) 36289K->435K(77760K), 0.0002720 secs]
242.155: [GC (Allocation Failure) 35116K->435K(76608K), 0.0002160 secs]
242.309: [GC (Allocation Failure) 33944K->435K(75520K), 0.0002290 secs]
242.323: [GC (Allocation Failure) 32870K->435K(74496K), 0.0002190 secs]
242.358: [GC (Allocation Failure) 31796K->435K(73472K), 0.0002280 secs]
242.376: [GC (Allocation Failure) 30819K->435K(72512K), 0.0002050 secs]
242.394: [GC (Allocation Failure) 29842K->435K(71616K), 0.0002240 secs]
242.417: [GC (Allocation Failure) 28963K->435K(70720K), 0.0002090 secs]
242.429: [GC (Allocation Failure) 27986K->435K(76288K), 0.0002190 secs]
242.443: [GC (Allocation Failure) 33554K->435K(82944K), 0.0002070 secs]
242.516: [GC (Allocation Failure) 40293K->435K(81536K), 0.0002170 secs]
242.536: [GC (Allocation Failure) 38828K->435K(80192K), 0.0002070 secs]
242.557: [GC (Allocation Failure) 37461K->435K(78912K), 0.0002190 secs]
242.573: [GC (Allocation Failure) 36191K->435K(77696K), 0.0002380 secs]
242.591: [GC (Allocation Failure) 35019K->435K(76544K), 0.0002020 secs]
242.655: [GC (Allocation Failure) 33847K->435K(75456K), 0.0002130 secs]
242.709: [GC (Allocation Failure) 32772K->435K(74432K), 0.0003590 secs]
242.723: [GC (Allocation Failure) 31698K->435K(73408K), 0.0002170 secs]
242.758: [GC (Allocation Failure) 30721K->435K(72448K), 0.0002230 secs]
242.772: [GC (Allocation Failure) 29745K->435K(71552K), 0.0002180 secs]
242.804: [GC (Allocation Failure) 28865K->435K(70656K), 0.0002670 secs]
242.820: [GC (Allocation Failure) 27986K->435K(76224K), 0.0002720 secs]
242.838: [GC (Allocation Failure) 33554K->435K(82880K), 0.0002210 secs]
242.860: [GC (Allocation Failure) 40195K->435K(81472K), 0.0002120 secs]
242.912: [GC (Allocation Failure) 38828K->435K(80128K), 0.0002060 secs]
242.932: [GC (Allocation Failure) 37461K->435K(78848K), 0.0002140 secs]
242.961: [GC (Allocation Failure) 36191K->435K(77632K), 0.0002140 secs]
242.980: [GC (Allocation Failure) 34921K->435K(76480K), 0.0002070 secs]
242.998: [GC (Allocation Failure) 33749K->435K(75392K), 0.0002030 secs]
243.013: [GC (Allocation Failure) 32675K->435K(74368K), 0.0002060 secs]
243.042: [GC (Allocation Failure) 31698K->435K(73344K), 0.0002170 secs]
243.059: [GC (Allocation Failure) 30624K->435K(72384K), 0.0002050 secs]
243.071: [GC (Allocation Failure) 29745K->435K(78272K), 0.0002160 secs]
243.111: [GC (Allocation Failure) 35605K->435K(77120K), 0.0002380 secs]
243.127: [GC (Allocation Failure) 34433K->435K(83968K), 0.0002650 secs]
243.149: [GC (Allocation Failure) 41270K->435K(82560K), 0.0002180 secs]
243.210: [GC (Allocation Failure) 39902K->435K(81216K), 0.0002100 secs]
243.230: [GC (Allocation Failure) 38535K->435K(79936K), 0.0002770 secs]
243.251: [GC (Allocation Failure) 37265K->435K(78656K), 0.0002180 secs]
243.266: [GC (Allocation Failure) 35996K->435K(77440K), 0.0002060 secs]
243.281: [GC (Allocation Failure) 34726K->435K(84352K), 0.0002060 secs]
243.314: [GC (Allocation Failure) 41660K->435K(82880K), 0.0002140 secs]
243.335: [GC (Allocation Failure) 40195K->435K(81472K), 0.0002140 secs]
243.356: [GC (Allocation Failure) 38828K->435K(80128K), 0.0002120 secs]
243.376: [GC (Allocation Failure) 37461K->435K(78848K), 0.0002040 secs]
243.392: [GC (Allocation Failure) 36191K->435K(77632K), 0.0002160 secs]
243.457: [GC (Allocation Failure) 34921K->435K(76480K), 0.0002430 secs]
243.472: [GC (Allocation Failure) 33749K->435K(75392K), 0.0002140 secs]
243.490: [GC (Allocation Failure) 32675K->435K(74368K), 0.0002030 secs]
243.504: [GC (Allocation Failure) 31698K->435K(80640K), 0.0002140 secs]
243.541: [GC (Allocation Failure) 37949K->435K(79360K), 0.0002230 secs]
243.561: [GC (Allocation Failure) 36679K->435K(86656K), 0.0003950 secs]
243.591: [GC (Allocation Failure) 44005K->435K(85120K), 0.0002120 secs]
243.611: [GC (Allocation Failure) 42442K->435K(83648K), 0.0002140 secs]
243.715: [GC (Allocation Failure) 40977K->435K(82240K), 0.0002290 secs]
243.736: [GC (Allocation Failure) 39512K->435K(80896K), 0.0002220 secs]
243.800: [GC (Allocation Failure) 38242K->435K(79616K), 0.0002170 secs]
243.820: [GC (Allocation Failure) 36972K->435K(78400K), 0.0002140 secs]
243.839: [GC (Allocation Failure) 35702K->435K(77248K), 0.0002050 secs]
243.858: [GC (Allocation Failure) 34530K->435K(76096K), 0.0002150 secs]
243.873: [GC (Allocation Failure) 33456K->435K(75008K), 0.0002170 secs]
243.891: [GC (Allocation Failure) 32284K->435K(73984K), 0.0002020 secs]
243.904: [GC (Allocation Failure) 31307K->435K(80192K), 0.0002420 secs]
243.921: [GC (Allocation Failure) 37461K->435K(87616K), 0.0002780 secs]
244.016: [GC (Allocation Failure) 44884K->435K(86016K), 0.0002230 secs]
244.039: [GC (Allocation Failure) 43321K->435K(84480K), 0.0002210 secs]
244.111: [GC (Allocation Failure) 41758K->435K(83008K), 0.0002260 secs]
244.132: [GC (Allocation Failure) 40293K->435K(81600K), 0.0002040 secs]
244.149: [GC (Allocation Failure) 38926K->435K(80256K), 0.0002120 secs]
244.309: [GC (Allocation Failure) 37558K->435K(78976K), 0.0002150 secs]
244.324: [GC (Allocation Failure) 36289K->435K(77760K), 0.0002050 secs]
244.397: [GC (Allocation Failure) 35116K->435K(76608K), 0.0003150 secs]
244.416: [GC (Allocation Failure) 33944K->435K(75520K), 0.0002050 secs]
244.430: [GC (Allocation Failure) 32870K->435K(74496K), 0.0002790 secs]
244.457: [GC (Allocation Failure) 31796K->435K(73472K), 0.0002170 secs]
244.470: [GC (Allocation Failure) 30819K->435K(79552K), 0.0002080 secs]
244.514: [GC (Allocation Failure) 36875K->435K(78336K), 0.0002140 secs]
244.537: [GC (Allocation Failure) 35605K->435K(77184K), 0.0002060 secs]
244.563: [GC (Allocation Failure) 34530K->435K(76032K), 0.0002420 secs]
244.579: [GC (Allocation Failure) 33358K->435K(82624K), 0.0002950 secs]
244.613: [GC (Allocation Failure) 39902K->435K(81280K), 0.0002250 secs]
244.634: [GC (Allocation Failure) 38633K->435K(80000K), 0.0002140 secs]
244.666: [GC (Allocation Failure) 37363K->435K(78720K), 0.0002060 secs]
244.682: [GC (Allocation Failure) 35996K->435K(77504K), 0.0002030 secs]
244.713: [GC (Allocation Failure) 34823K->435K(76352K), 0.0002530 secs]
244.727: [GC (Allocation Failure) 33651K->435K(83008K), 0.0002760 secs]
244.765: [GC (Allocation Failure) 40293K->435K(81600K), 0.0002120 secs]
244.782: [GC (Allocation Failure) 38926K->435K(80256K), 0.0002160 secs]
244.815: [GC (Allocation Failure) 37558K->435K(78976K), 0.0002340 secs]
244.830: [GC (Allocation Failure) 36289K->435K(77760K), 0.0002170 secs]
244.912: [GC (Allocation Failure) 35116K->435K(76608K), 0.0002240 secs]
244.931: [GC (Allocation Failure) 33944K->435K(75520K), 0.0002420 secs]
245.012: [GC (Allocation Failure) 32870K->435K(74496K), 0.0002240 secs]
245.030: [GC (Allocation Failure) 31796K->435K(73472K), 0.0002150 secs]
245.057: [GC (Allocation Failure) 30819K->435K(72512K), 0.0002280 secs]
245.070: [GC (Allocation Failure) 29842K->435K(71616K), 0.0002040 secs]
245.087: [GC (Allocation Failure) 28963K->435K(70720K), 0.0002110 secs]
245.111: [GC (Allocation Failure) 27986K->435K(69888K), 0.0002030 secs]
245.123: [GC (Allocation Failure) 27205K->435K(75264K), 0.0002750 secs]
245.159: [GC (Allocation Failure) 32577K->435K(81728K), 0.0002320 secs]
245.176: [GC (Allocation Failure) 39023K->435K(89472K), 0.0002050 secs]
245.200: [GC (Allocation Failure) 46739K->435K(87808K), 0.0002130 secs]
245.223: [GC (Allocation Failure) 45079K->435K(86208K), 0.0002020 secs]
245.245: [GC (Allocation Failure) 43516K->435K(84672K), 0.0002110 secs]
245.266: [GC (Allocation Failure) 41953K->435K(83200K), 0.0002130 secs]
245.312: [GC (Allocation Failure) 40488K->435K(81792K), 0.0002720 secs]
245.366: [GC (Allocation Failure) 39121K->435K(80448K), 0.0002230 secs]
245.382: [GC (Allocation Failure) 37754K->435K(79168K), 0.0002170 secs]
245.406: [GC (Allocation Failure) 36484K->435K(77952K), 0.0002280 secs]
245.421: [GC (Allocation Failure) 35312K->435K(76800K), 0.0002140 secs]
245.435: [GC (Allocation Failure) 34140K->435K(75712K), 0.0002040 secs]
245.453: [GC (Allocation Failure) 33065K->435K(74624K), 0.0002150 secs]
245.509: [GC (Allocation Failure) 31893K->435K(73600K), 0.0002160 secs]
245.526: [GC (Allocation Failure) 30917K->435K(72640K), 0.0002110 secs]
245.539: [GC (Allocation Failure) 29940K->435K(78592K), 0.0002180 secs]
245.555: [GC (Allocation Failure) 35898K->435K(85696K), 0.0002030 secs]
245.577: [GC (Allocation Failure) 43028K->435K(84160K), 0.0002010 secs]
245.595: [GC (Allocation Failure) 41465K->435K(82688K), 0.0002150 secs]
245.613: [GC (Allocation Failure) 40000K->435K(90624K), 0.0002430 secs]
245.637: [GC (Allocation Failure) 47911K->435K(88896K), 0.0002140 secs]
245.661: [GC (Allocation Failure) 46251K->435K(87232K), 0.0002140 secs]
245.722: [GC (Allocation Failure) 44591K->435K(85632K), 0.0002020 secs]
245.745: [GC (Allocation Failure) 42930K->435K(84096K), 0.0002100 secs]
245.767: [GC (Allocation Failure) 41367K->435K(82624K), 0.0002210 secs]
245.817: [GC (Allocation Failure) 39902K->435K(81280K), 0.0002380 secs]
245.837: [GC (Allocation Failure) 38633K->435K(80000K), 0.0002150 secs]
245.853: [GC (Allocation Failure) 37363K->435K(78720K), 0.0002040 secs]
245.873: [GC (Allocation Failure) 35996K->435K(77504K), 0.0002150 secs]
245.888: [GC (Allocation Failure) 34823K->435K(76352K), 0.0002260 secs]
245.906: [GC (Allocation Failure) 33651K->435K(75264K), 0.0002220 secs]
246.013: [GC (Allocation Failure) 32577K->435K(74240K), 0.0002180 secs]
246.027: [GC (Allocation Failure) 31600K->435K(73216K), 0.0002160 secs]
246.113: [GC (Allocation Failure) 30526K->435K(72256K), 0.0002250 secs]
246.126: [GC (Allocation Failure) 29549K->435K(71360K), 0.0002180 secs]
246.162: [GC (Allocation Failure) 28670K->435K(70464K), 0.0002270 secs]
246.175: [GC (Allocation Failure) 27791K->435K(75968K), 0.0003980 secs]
246.214: [GC (Allocation Failure) 33261K->435K(82560K), 0.0002250 secs]
246.231: [GC (Allocation Failure) 39902K->435K(90496K), 0.0002160 secs]
246.252: [GC (Allocation Failure) 47814K->435K(100032K), 0.0002070 secs]
246.276: [GC (Allocation Failure) 57390K->435K(97856K), 0.0002170 secs]
246.303: [GC (Allocation Failure) 55143K->435K(95744K), 0.0002110 secs]
246.330: [GC (Allocation Failure) 53092K->435K(93760K), 0.0002230 secs]
246.368: [GC (Allocation Failure) 51041K->435K(91840K), 0.0002140 secs]
246.389: [GC (Allocation Failure) 49181K->435K(90048K), 0.0002010 secs]
246.413: [GC (Allocation Failure) 47325K->435K(88320K), 0.0002720 secs]
246.437: [GC (Allocation Failure) 45665K->435K(86656K), 0.0002210 secs]
246.469: [GC (Allocation Failure) 44005K->435K(85120K), 0.0002210 secs]
246.488: [GC (Allocation Failure) 42442K->435K(83648K), 0.0002190 secs]
246.505: [GC (Allocation Failure) 40977K->435K(82240K), 0.0002130 secs]
246.602: [GC (Allocation Failure) 39512K->435K(80896K), 0.0002310 secs]
246.619: [GC (Allocation Failure) 38242K->435K(79616K), 0.0002040 secs]
246.666: [GC (Allocation Failure) 36972K->435K(78400K), 0.0002110 secs]
246.685: [GC (Allocation Failure) 35702K->435K(77248K), 0.0002130 secs]
246.712: [GC (Allocation Failure) 34530K->435K(76096K), 0.0002060 secs]
246.761: [GC (Allocation Failure) 33456K->435K(75008K), 0.0002220 secs]
246.779: [GC (Allocation Failure) 32284K->435K(73984K), 0.0002140 secs]
246.792: [GC (Allocation Failure) 31307K->435K(73024K), 0.0002130 secs]
246.810: [GC (Allocation Failure) 30331K->435K(72064K), 0.0002170 secs]
246.823: [GC (Allocation Failure) 29354K->435K(77888K), 0.0002230 secs]
246.916: [GC (Allocation Failure) 35214K->435K(76736K), 0.0002130 secs]
246.931: [GC (Allocation Failure) 34042K->435K(83520K), 0.0003230 secs]
246.965: [GC (Allocation Failure) 40879K->435K(82112K), 0.0002170 secs]
246.982: [GC (Allocation Failure) 39414K->435K(80768K), 0.0002020 secs]
246.998: [GC (Allocation Failure) 38047K->435K(88320K), 0.0002670 secs]
247.067: [GC (Allocation Failure) 45665K->435K(86656K), 0.0002150 secs]
247.089: [GC (Allocation Failure) 44005K->435K(85120K), 0.0002010 secs]
247.107: [GC (Allocation Failure) 42442K->435K(83648K), 0.0002150 secs]
247.125: [GC (Allocation Failure) 40977K->435K(82240K), 0.0002040 secs]
247.215: [GC (Allocation Failure) 39512K->435K(80896K), 0.0002150 secs]
247.268: [GC (Allocation Failure) 38242K->435K(79616K), 0.0003370 secs]
247.285: [GC (Allocation Failure) 36972K->435K(78400K), 0.0002160 secs]
247.313: [GC (Allocation Failure) 35702K->435K(77248K), 0.0002130 secs]
247.362: [GC (Allocation Failure) 34530K->435K(76096K), 0.0002160 secs]
247.380: [GC (Allocation Failure) 33456K->435K(75008K), 0.0002140 secs]
247.394: [GC (Allocation Failure) 32284K->435K(73984K), 0.0002060 secs]
247.411: [GC (Allocation Failure) 31307K->435K(73024K), 0.0002110 secs]
247.511: [GC (Allocation Failure) 30331K->435K(72064K), 0.0002260 secs]
247.527: [GC (Allocation Failure) 29354K->435K(71168K), 0.0002120 secs]
247.544: [GC (Allocation Failure) 28475K->435K(70336K), 0.0002290 secs]
247.559: [GC (Allocation Failure) 27693K->435K(69504K), 0.0002130 secs]
247.571: [GC (Allocation Failure) 26814K->435K(74816K), 0.0002050 secs]
247.589: [GC (Allocation Failure) 32089K->435K(81216K), 0.0002190 secs]
247.605: [GC (Allocation Failure) 38535K->435K(88896K), 0.0002150 secs]
247.625: [GC (Allocation Failure) 46251K->435K(98112K), 0.0002050 secs]
247.649: [GC (Allocation Failure) 55436K->435K(96000K), 0.0002000 secs]
247.672: [GC (Allocation Failure) 53287K->435K(94016K), 0.0002040 secs]
247.807: [GC (Allocation Failure) 51334K->435K(92096K), 0.0002150 secs]
247.874: [GC (Allocation Failure) 49377K->435K(90304K), 0.0002150 secs]
247.898: [GC (Allocation Failure) 47618K->435K(88576K), 0.0002140 secs]
247.922: [GC (Allocation Failure) 45860K->435K(86912K), 0.0002200 secs]
247.971: [GC (Allocation Failure) 44200K->435K(85312K), 0.0002120 secs]
247.990: [GC (Allocation Failure) 42637K->435K(83840K), 0.0002220 secs]
248.008: [GC (Allocation Failure) 41172K->435K(82432K), 0.0002030 secs]
248.030: [GC (Allocation Failure) 39707K->435K(81088K), 0.0002740 secs]
248.049: [GC (Allocation Failure) 38437K->435K(79808K), 0.0002120 secs]
248.114: [GC (Allocation Failure) 37168K->435K(78592K), 0.0002060 secs]
248.168: [GC (Allocation Failure) 35898K->435K(77376K), 0.0002140 secs]
248.187: [GC (Allocation Failure) 34726K->435K(76224K), 0.0002090 secs]
248.206: [GC (Allocation Failure) 33554K->435K(75136K), 0.0002130 secs]
248.363: [GC (Allocation Failure) 32479K->435K(74112K), 0.0002260 secs]
248.376: [GC (Allocation Failure) 31405K->435K(73152K), 0.0002150 secs]
248.389: [GC (Allocation Failure) 30428K->435K(72192K), 0.0001980 secs]
248.407: [GC (Allocation Failure) 29549K->435K(78016K), 0.0002610 secs]
248.426: [GC (Allocation Failure) 35312K->435K(85056K), 0.0002240 secs]
248.467: [GC (Allocation Failure) 42344K->435K(83584K), 0.0002070 secs]
248.521: [GC (Allocation Failure) 40879K->435K(82176K), 0.0002240 secs]
248.538: [GC (Allocation Failure) 39512K->435K(80832K), 0.0002050 secs]
248.594: [GC (Allocation Failure) 38144K->435K(79552K), 0.0002730 secs]
248.615: [GC (Allocation Failure) 36875K->435K(78336K), 0.0002300 secs]
248.666: [GC (Allocation Failure) 35605K->435K(77184K), 0.0002210 secs]
248.686: [GC (Allocation Failure) 34530K->435K(76032K), 0.0002120 secs]
248.735: [GC (Allocation Failure) 33358K->435K(74944K), 0.0003250 secs]
248.767: [GC (Allocation Failure) 32284K->435K(73920K), 0.0002150 secs]
248.785: [GC (Allocation Failure) 31210K->435K(72960K), 0.0002030 secs]
248.800: [GC (Allocation Failure) 30233K->435K(72000K), 0.0002210 secs]
248.813: [GC (Allocation Failure) 29354K->435K(77824K), 0.0002070 secs]
248.828: [GC (Allocation Failure) 35116K->435K(84800K), 0.0002060 secs]
248.914: [GC (Allocation Failure) 42149K->435K(83328K), 0.0002190 secs]
248.932: [GC (Allocation Failure) 40684K->435K(81920K), 0.0002720 secs]
249.017: [GC (Allocation Failure) 39219K->435K(80576K), 0.0002120 secs]
249.033: [GC (Allocation Failure) 37851K->435K(79296K), 0.0002030 secs]
249.050: [GC (Allocation Failure) 36582K->435K(78080K), 0.0002090 secs]
249.119: [GC (Allocation Failure) 35409K->435K(76928K), 0.0002130 secs]
249.134: [GC (Allocation Failure) 34237K->435K(75840K), 0.0002040 secs]
249.217: [GC (Allocation Failure) 33163K->435K(74752K), 0.0002060 secs]
249.235: [GC (Allocation Failure) 32089K->435K(73728K), 0.0002730 secs]
249.250: [GC (Allocation Failure) 31014K->435K(72768K), 0.0002140 secs]
249.268: [GC (Allocation Failure) 30038K->435K(71808K), 0.0002040 secs]
249.280: [GC (Allocation Failure) 29158K->435K(77568K), 0.0002190 secs]
249.318: [GC (Allocation Failure) 34921K->435K(76416K), 0.0002280 secs]
249.333: [GC (Allocation Failure) 33749K->435K(83136K), 0.0002280 secs]
249.354: [GC (Allocation Failure) 40488K->435K(81728K), 0.0002120 secs]
249.375: [GC (Allocation Failure) 39023K->435K(80384K), 0.0002230 secs]
249.417: [GC (Allocation Failure) 37656K->435K(79104K), 0.0002950 secs]
249.570: [GC (Allocation Failure) 36386K->435K(77888K), 0.0002230 secs]
249.586: [GC (Allocation Failure) 35214K->435K(76736K), 0.0002040 secs]
249.620: [GC (Allocation Failure) 34042K->435K(75648K), 0.0002270 secs]
249.639: [GC (Allocation Failure) 32968K->435K(74560K), 0.0002050 secs]
249.653: [GC (Allocation Failure) 31893K->435K(73536K), 0.0002290 secs]
249.738: [GC (Allocation Failure) 30819K->435K(72576K), 0.0002280 secs]
249.756: [GC (Allocation Failure) 29842K->435K(71680K), 0.0002160 secs]
249.768: [GC (Allocation Failure) 28963K->435K(70784K), 0.0002170 secs]
249.781: [GC (Allocation Failure) 28084K->435K(76352K), 0.0002050 secs]
249.799: [GC (Allocation Failure) 33651K->435K(83008K), 0.0002170 secs]
249.817: [GC (Allocation Failure) 40293K->435K(91008K), 0.0002140 secs]
249.842: [GC (Allocation Failure) 48302K->435K(89216K), 0.0002150 secs]
249.917: [GC (Allocation Failure) 46544K->435K(87552K), 0.0002050 secs]
249.936: [GC (Allocation Failure) 44884K->435K(85952K), 0.0002060 secs]
249.974: [GC (Allocation Failure) 43223K->435K(84416K), 0.0002110 secs]
249.996: [GC (Allocation Failure) 41758K->435K(82944K), 0.0002150 secs]
250.022: [GC (Allocation Failure) 40293K->435K(81536K), 0.0002060 secs]
250.043: [GC (Allocation Failure) 38828K->435K(80192K), 0.0002170 secs]
250.064: [GC (Allocation Failure) 37461K->435K(78912K), 0.0002050 secs]
250.117: [GC (Allocation Failure) 36191K->435K(77696K), 0.0002030 secs]
250.136: [GC (Allocation Failure) 35019K->435K(76544K), 0.0002710 secs]
250.151: [GC (Allocation Failure) 33847K->435K(75456K), 0.0002170 secs]
250.165: [GC (Allocation Failure) 32772K->435K(81984K), 0.0002030 secs]
250.218: [GC (Allocation Failure) 39316K->435K(80640K), 0.0002240 secs]
250.239: [GC (Allocation Failure) 37949K->435K(79360K), 0.0002100 secs]
250.267: [GC (Allocation Failure) 36679K->435K(78144K), 0.0002150 secs]
250.412: [GC (Allocation Failure) 35409K->435K(76992K), 0.0002140 secs]
250.431: [GC (Allocation Failure) 34335K->435K(75904K), 0.0002020 secs]
250.520: [GC (Allocation Failure) 33261K->435K(74816K), 0.0002040 secs]
250.534: [GC (Allocation Failure) 32089K->435K(73792K), 0.0002030 secs]
250.569: [GC (Allocation Failure) 31112K->435K(72832K), 0.0002130 secs]
250.583: [GC (Allocation Failure) 30135K->435K(71872K), 0.0002800 secs]
250.601: [GC (Allocation Failure) 29158K->435K(77632K), 0.0002410 secs]
250.617: [GC (Allocation Failure) 34921K->435K(84544K), 0.0002220 secs]
250.664: [GC (Allocation Failure) 41856K->435K(83072K), 0.0002780 secs]
250.721: [GC (Allocation Failure) 40391K->435K(81664K), 0.0002140 secs]
250.741: [GC (Allocation Failure) 39023K->435K(80320K), 0.0002140 secs]
250.823: [GC (Allocation Failure) 37656K->435K(79040K), 0.0002120 secs]
250.839: [GC (Allocation Failure) 36386K->435K(77824K), 0.0002790 secs]
250.868: [GC (Allocation Failure) 35116K->435K(76672K), 0.0002060 secs]
250.907: [GC (Allocation Failure) 33944K->435K(75584K), 0.0002040 secs]
250.939: [GC (Allocation Failure) 32870K->435K(74560K), 0.0002130 secs]
250.953: [GC (Allocation Failure) 31893K->435K(73536K), 0.0002710 secs]
251.020: [GC (Allocation Failure) 30819K->435K(72576K), 0.0002240 secs]
251.037: [GC (Allocation Failure) 29842K->435K(71680K), 0.0002030 secs]
251.050: [GC (Allocation Failure) 28963K->435K(70784K), 0.0002050 secs]
251.069: [GC (Allocation Failure) 28084K->435K(69952K), 0.0002190 secs]
251.085: [GC (Allocation Failure) 27303K->435K(75328K), 0.0002500 secs]
251.117: [GC (Allocation Failure) 32675K->435K(74304K), 0.0002240 secs]
251.130: [GC (Allocation Failure) 31600K->435K(80576K), 0.0002150 secs]
251.146: [GC (Allocation Failure) 37851K->435K(88128K), 0.0002040 secs]
251.166: [GC (Allocation Failure) 45470K->435K(97152K), 0.0002050 secs]
251.189: [GC (Allocation Failure) 54459K->435K(95104K), 0.0002150 secs]
251.215: [GC (Allocation Failure) 52408K->435K(93120K), 0.0002200 secs]
251.275: [GC (Allocation Failure) 50455K->435K(91264K), 0.0002140 secs]
251.296: [GC (Allocation Failure) 48595K->435K(89472K), 0.0002020 secs]
251.373: [GC (Allocation Failure) 46739K->435K(87808K), 0.0002030 secs]
251.427: [GC (Allocation Failure) 45079K->435K(86208K), 0.0002100 secs]
251.450: [GC (Allocation Failure) 43516K->435K(84672K), 0.0002780 secs]
251.472: [GC (Allocation Failure) 41953K->435K(83200K), 0.0002110 secs]
251.490: [GC (Allocation Failure) 40488K->435K(81792K), 0.0002120 secs]
251.510: [GC (Allocation Failure) 39121K->435K(80448K), 0.0002200 secs]
251.574: [GC (Allocation Failure) 37754K->435K(79168K), 0.0002220 secs]
251.594: [GC (Allocation Failure) 36484K->435K(77952K), 0.0002000 secs]
251.622: [GC (Allocation Failure) 35312K->435K(76800K), 0.0002170 secs]
251.637: [GC (Allocation Failure) 34140K->435K(75712K), 0.0002270 secs]
251.672: [GC (Allocation Failure) 33065K->435K(74624K), 0.0002160 secs]
251.686: [GC (Allocation Failure) 31893K->435K(73600K), 0.0002050 secs]
251.721: [GC (Allocation Failure) 30917K->435K(72640K), 0.0002140 secs]
251.734: [GC (Allocation Failure) 29940K->435K(78592K), 0.0002750 secs]
251.873: [GC (Allocation Failure) 35898K->435K(77376K), 0.0002150 secs]
251.892: [GC (Allocation Failure) 34726K->435K(76224K), 0.0002040 secs]
251.911: [GC (Allocation Failure) 33554K->435K(75136K), 0.0002030 secs]
251.925: [GC (Allocation Failure) 32479K->435K(74112K), 0.0002140 secs]
251.971: [GC (Allocation Failure) 31405K->435K(73152K), 0.0002120 secs]
251.989: [GC (Allocation Failure) 30428K->435K(72192K), 0.0002120 secs]
252.002: [GC (Allocation Failure) 29549K->435K(78016K), 0.0002050 secs]
252.026: [GC (Allocation Failure) 35312K->435K(76864K), 0.0002270 secs]
252.045: [GC (Allocation Failure) 34140K->435K(75776K), 0.0002160 secs]
252.060: [GC (Allocation Failure) 33065K->435K(82368K), 0.0002080 secs]
252.124: [GC (Allocation Failure) 39707K->435K(81024K), 0.0002210 secs]
252.145: [GC (Allocation Failure) 38340K->435K(79744K), 0.0002140 secs]
252.165: [GC (Allocation Failure) 37070K->435K(78528K), 0.0002160 secs]
252.224: [GC (Allocation Failure) 35800K->435K(77312K), 0.0002170 secs]
252.239: [GC (Allocation Failure) 34628K->435K(76160K), 0.0002060 secs]
252.255: [GC (Allocation Failure) 33456K->435K(75072K), 0.0002110 secs]
252.318: [GC (Allocation Failure) 32382K->435K(74048K), 0.0002170 secs]
252.332: [GC (Allocation Failure) 31405K->435K(73088K), 0.0002060 secs]
252.410: [GC (Allocation Failure) 30428K->435K(72128K), 0.0002120 secs]
252.426: [GC (Allocation Failure) 29451K->435K(71232K), 0.0002310 secs]
252.439: [GC (Allocation Failure) 28572K->435K(76864K), 0.0002650 secs]
252.473: [GC (Allocation Failure) 34140K->435K(75776K), 0.0002120 secs]
252.487: [GC (Allocation Failure) 33065K->435K(82368K), 0.0003250 secs]
252.525: [GC (Allocation Failure) 39707K->435K(90240K), 0.0002180 secs]
252.545: [GC (Allocation Failure) 47521K->435K(88512K), 0.0002080 secs]
252.565: [GC (Allocation Failure) 45860K->435K(86848K), 0.0002050 secs]
252.588: [GC (Allocation Failure) 44200K->435K(85312K), 0.0002150 secs]
252.620: [GC (Allocation Failure) 42637K->435K(83840K), 0.0002190 secs]
252.642: [GC (Allocation Failure) 41172K->435K(82432K), 0.0002280 secs]
252.661: [GC (Allocation Failure) 39707K->435K(90304K), 0.0003220 secs]
252.726: [GC (Allocation Failure) 47618K->435K(88576K), 0.0002210 secs]
252.775: [GC (Allocation Failure) 45860K->435K(86912K), 0.0002180 secs]
252.829: [GC (Allocation Failure) 44200K->435K(85312K), 0.0002160 secs]
252.848: [GC (Allocation Failure) 42637K->435K(83840K), 0.0002330 secs]
252.865: [GC (Allocation Failure) 41172K->435K(82432K), 0.0002050 secs]
252.930: [GC (Allocation Failure) 39707K->435K(81088K), 0.0002120 secs]
252.951: [GC (Allocation Failure) 38437K->435K(79808K), 0.0002040 secs]
252.967: [GC (Allocation Failure) 37168K->435K(78592K), 0.0002300 secs]
252.983: [GC (Allocation Failure) 35898K->435K(77376K), 0.0002160 secs]
252.998: [GC (Allocation Failure) 34726K->435K(76224K), 0.0002020 secs]
253.012: [GC (Allocation Failure) 33554K->435K(82880K), 0.0002150 secs]
253.073: [GC (Allocation Failure) 40195K->435K(81472K), 0.0002160 secs]
253.109: [GC (Allocation Failure) 38828K->435K(80128K), 0.0002110 secs]
253.130: [GC (Allocation Failure) 37461K->435K(78848K), 0.0002110 secs]
253.175: [GC (Allocation Failure) 36191K->435K(77632K), 0.0002230 secs]
253.194: [GC (Allocation Failure) 34921K->435K(76480K), 0.0002140 secs]
253.214: [GC (Allocation Failure) 33749K->435K(75392K), 0.0001940 secs]
253.230: [GC (Allocation Failure) 32675K->435K(74368K), 0.0002210 secs]
253.321: [GC (Allocation Failure) 31698K->435K(73344K), 0.0002240 secs]
253.338: [GC (Allocation Failure) 30624K->435K(72384K), 0.0002050 secs]
253.351: [GC (Allocation Failure) 29745K->435K(71488K), 0.0002300 secs]
253.367: [GC (Allocation Failure) 28768K->435K(70592K), 0.0002030 secs]
253.383: [GC (Allocation Failure) 27889K->435K(76096K), 0.0002140 secs]
253.398: [GC (Allocation Failure) 33456K->435K(82752K), 0.0002180 secs]
253.419: [GC (Allocation Failure) 40098K->435K(90688K), 0.0002260 secs]
253.481: [GC (Allocation Failure) 48009K->435K(88960K), 0.0002180 secs]
253.505: [GC (Allocation Failure) 46251K->435K(87296K), 0.0002120 secs]
253.524: [GC (Allocation Failure) 44591K->435K(85696K), 0.0002060 secs]
253.625: [GC (Allocation Failure) 43028K->435K(84160K), 0.0002960 secs]
253.655: [GC (Allocation Failure) 41465K->435K(82688K), 0.0002230 secs]
253.676: [GC (Allocation Failure) 40000K->435K(81344K), 0.0002120 secs]
253.723: [GC (Allocation Failure) 38633K->435K(80000K), 0.0002760 secs]
253.873: [GC (Allocation Failure) 37363K->435K(78720K), 0.0002150 secs]
253.892: [GC (Allocation Failure) 35996K->435K(77504K), 0.0002100 secs]
253.907: [GC (Allocation Failure) 34823K->435K(76352K), 0.0002020 secs]
253.926: [GC (Allocation Failure) 33651K->435K(75264K), 0.0002020 secs]
253.971: [GC (Allocation Failure) 32577K->435K(74240K), 0.0002750 secs]
254.025: [GC (Allocation Failure) 31600K->435K(73216K), 0.0002210 secs]
254.038: [GC (Allocation Failure) 30526K->435K(72256K), 0.0002070 secs]
254.055: [GC (Allocation Failure) 29549K->435K(71360K), 0.0002110 secs]
254.074: [GC (Allocation Failure) 28670K->435K(70464K), 0.0002170 secs]
254.086: [GC (Allocation Failure) 27791K->435K(75968K), 0.0002070 secs]
254.125: [GC (Allocation Failure) 33261K->435K(74880K), 0.0002040 secs]
254.175: [GC (Allocation Failure) 32186K->435K(73856K), 0.0002140 secs]
254.193: [GC (Allocation Failure) 31210K->435K(72896K), 0.0002210 secs]
254.208: [GC (Allocation Failure) 30233K->435K(71936K), 0.0002080 secs]
254.274: [GC (Allocation Failure) 29256K->435K(71040K), 0.0002120 secs]
254.286: [GC (Allocation Failure) 28377K->435K(70208K), 0.0002180 secs]
254.323: [GC (Allocation Failure) 27498K->435K(69376K), 0.0002420 secs]
254.340: [GC (Allocation Failure) 26717K->435K(68608K), 0.0002100 secs]
254.426: [GC (Allocation Failure) 25935K->435K(67840K), 0.0002150 secs]
254.441: [GC (Allocation Failure) 25150K->435K(67136K), 0.0002320 secs]
254.452: [GC (Allocation Failure) 24466K->435K(72000K), 0.0002710 secs]
254.520: [GC (Allocation Failure) 29354K->435K(71104K), 0.0002280 secs]
254.536: [GC (Allocation Failure) 28377K->435K(76736K), 0.0002230 secs]
254.576: [GC (Allocation Failure) 34042K->435K(75648K), 0.0002110 secs]
254.595: [GC (Allocation Failure) 32968K->435K(74560K), 0.0002040 secs]
254.609: [GC (Allocation Failure) 31893K->435K(80896K), 0.0002290 secs]
254.626: [GC (Allocation Failure) 38242K->435K(88512K), 0.0002050 secs]
254.680: [GC (Allocation Failure) 45860K->435K(86848K), 0.0002070 secs]
254.744: [GC (Allocation Failure) 44200K->435K(85312K), 0.0002270 secs]
254.763: [GC (Allocation Failure) 42637K->435K(83840K), 0.0003230 secs]
254.821: [GC (Allocation Failure) 41172K->435K(82432K), 0.0002160 secs]
254.838: [GC (Allocation Failure) 39707K->435K(81088K), 0.0002350 secs]
254.855: [GC (Allocation Failure) 38437K->435K(79808K), 0.0002060 secs]
254.874: [GC (Allocation Failure) 37168K->435K(78592K), 0.0002150 secs]
254.889: [GC (Allocation Failure) 35898K->435K(77376K), 0.0001980 secs]
254.904: [GC (Allocation Failure) 34726K->435K(84288K), 0.0002060 secs]
254.922: [GC (Allocation Failure) 41563K->435K(92544K), 0.0002730 secs]
255.080: [GC (Allocation Failure) 49867K->435K(90688K), 0.0002260 secs]
255.100: [GC (Allocation Failure) 48009K->435K(88960K), 0.0002060 secs]
255.182: [GC (Allocation Failure) 46251K->435K(87296K), 0.0002220 secs]
255.202: [GC (Allocation Failure) 44591K->435K(85696K), 0.0002140 secs]
255.225: [GC (Allocation Failure) 43028K->435K(84160K), 0.0002060 secs]
255.243: [GC (Allocation Failure) 41465K->435K(82688K), 0.0002070 secs]
255.302: [GC (Allocation Failure) 40000K->435K(81344K), 0.0002330 secs]
255.319: [GC (Allocation Failure) 38633K->435K(80000K), 0.0002160 secs]
255.339: [GC (Allocation Failure) 37363K->435K(78720K), 0.0002020 secs]
255.355: [GC (Allocation Failure) 35996K->435K(77504K), 0.0002300 secs]
255.374: [GC (Allocation Failure) 34823K->435K(76352K), 0.0002110 secs]
255.389: [GC (Allocation Failure) 33651K->435K(83008K), 0.0002170 secs]
255.409: [GC (Allocation Failure) 40293K->435K(81600K), 0.0002120 secs]
255.480: [GC (Allocation Failure) 38926K->435K(80256K), 0.0002100 secs]
255.496: [GC (Allocation Failure) 37558K->435K(78976K), 0.0002730 secs]
255.625: [GC (Allocation Failure) 36289K->435K(77760K), 0.0002140 secs]
255.679: [GC (Allocation Failure) 35116K->435K(76608K), 0.0002140 secs]
255.698: [GC (Allocation Failure) 33944K->435K(75520K), 0.0002110 secs]
255.712: [GC (Allocation Failure) 32870K->435K(74496K), 0.0002220 secs]
255.735: [GC (Allocation Failure) 31796K->435K(73472K), 0.0002240 secs]
255.773: [GC (Allocation Failure) 30819K->435K(72512K), 0.0002050 secs]
255.926: [GC (Allocation Failure) 29842K->435K(71616K), 0.0002150 secs]
255.939: [GC (Allocation Failure) 28963K->435K(70720K), 0.0002300 secs]
255.955: [GC (Allocation Failure) 27986K->435K(69888K), 0.0002140 secs]
256.025: [GC (Allocation Failure) 27205K->435K(69056K), 0.0002050 secs]
256.041: [GC (Allocation Failure) 26326K->435K(68288K), 0.0002180 secs]
256.052: [GC (Allocation Failure) 25642K->435K(73344K), 0.0002180 secs]
256.073: [GC (Allocation Failure) 30624K->435K(79424K), 0.0002280 secs]
256.093: [GC (Allocation Failure) 36777K->435K(78208K), 0.0002010 secs]
256.225: [GC (Allocation Failure) 35507K->435K(77056K), 0.0002820 secs]
256.279: [GC (Allocation Failure) 34335K->435K(75904K), 0.0002140 secs]
256.294: [GC (Allocation Failure) 33261K->435K(74816K), 0.0002150 secs]
256.328: [GC (Allocation Failure) 32089K->435K(73792K), 0.0002220 secs]
256.342: [GC (Allocation Failure) 31112K->435K(72832K), 0.0002040 secs]
256.358: [GC (Allocation Failure) 30135K->435K(71872K), 0.0002100 secs]
256.373: [GC (Allocation Failure) 29158K->435K(77632K), 0.0002250 secs]
256.388: [GC (Allocation Failure) 34921K->435K(84544K), 0.0002050 secs]
256.410: [GC (Allocation Failure) 41856K->435K(92864K), 0.0002130 secs]
256.435: [GC (Allocation Failure) 50162K->435K(91008K), 0.0002190 secs]
256.460: [GC (Allocation Failure) 48302K->435K(89216K), 0.0002170 secs]
256.534: [GC (Allocation Failure) 46544K->435K(87552K), 0.0002140 secs]
256.558: [GC (Allocation Failure) 44884K->435K(85952K), 0.0002030 secs]
256.576: [GC (Allocation Failure) 43223K->435K(84416K), 0.0002150 secs]
256.595: [GC (Allocation Failure) 41758K->435K(82944K), 0.0002030 secs]
256.616: [GC (Allocation Failure) 40293K->435K(81536K), 0.0002320 secs]
256.663: [GC (Allocation Failure) 38828K->435K(80192K), 0.0002180 secs]
256.777: [GC (Allocation Failure) 37461K->435K(78912K), 0.0002280 secs]
256.797: [GC (Allocation Failure) 36191K->435K(77696K), 0.0002030 secs]
256.829: [GC (Allocation Failure) 35019K->435K(76544K), 0.0002770 secs]
256.879: [GC (Allocation Failure) 33847K->435K(75456K), 0.0002260 secs]
256.898: [GC (Allocation Failure) 32772K->435K(74432K), 0.0002040 secs]
256.912: [GC (Allocation Failure) 31698K->435K(73408K), 0.0002220 secs]
256.929: [GC (Allocation Failure) 30721K->435K(72448K), 0.0002220 secs]
257.078: [GC (Allocation Failure) 29745K->435K(71552K), 0.0002220 secs]
257.094: [GC (Allocation Failure) 28865K->435K(70656K), 0.0002270 secs]
257.106: [GC (Allocation Failure) 27986K->435K(76224K), 0.0002160 secs]
257.121: [GC (Allocation Failure) 33554K->435K(82880K), 0.0002140 secs]
257.138: [GC (Allocation Failure) 40195K->435K(90880K), 0.0002140 secs]
257.182: [GC (Allocation Failure) 48204K->435K(89152K), 0.0002140 secs]
257.202: [GC (Allocation Failure) 46446K->435K(87488K), 0.0002030 secs]
257.235: [GC (Allocation Failure) 44786K->435K(85888K), 0.0002100 secs]
257.253: [GC (Allocation Failure) 43223K->435K(84352K), 0.0002720 secs]
257.343: [GC (Allocation Failure) 41660K->435K(82880K), 0.0002290 secs]
257.360: [GC (Allocation Failure) 40195K->435K(81472K), 0.0002360 secs]
257.377: [GC (Allocation Failure) 38828K->435K(80128K), 0.0002020 secs]
257.393: [GC (Allocation Failure) 37461K->435K(78848K), 0.0002120 secs]
257.427: [GC (Allocation Failure) 36191K->435K(77632K), 0.0002150 secs]
257.481: [GC (Allocation Failure) 34921K->435K(76480K), 0.0002560 secs]
257.499: [GC (Allocation Failure) 33749K->435K(75392K), 0.0002110 secs]
257.514: [GC (Allocation Failure) 32675K->435K(74368K), 0.0002160 secs]
257.539: [GC (Allocation Failure) 31698K->435K(73344K), 0.0002400 secs]
257.557: [GC (Allocation Failure) 30624K->435K(72384K), 0.0002630 secs]
257.570: [GC (Allocation Failure) 29745K->435K(78272K), 0.0003200 secs]
257.634: [GC (Allocation Failure) 35605K->435K(85312K), 0.0002360 secs]
257.653: [GC (Allocation Failure) 42637K->435K(93760K), 0.0002060 secs]
257.734: [GC (Allocation Failure) 51041K->435K(91840K), 0.0002060 secs]
257.787: [GC (Allocation Failure) 49181K->435K(90048K), 0.0002200 secs]
257.808: [GC (Allocation Failure) 47325K->435K(88320K), 0.0002170 secs]
257.827: [GC (Allocation Failure) 45665K->435K(86656K), 0.0002140 secs]
257.850: [GC (Allocation Failure) 44005K->435K(85120K), 0.0002150 secs]
257.869: [GC (Allocation Failure) 42442K->435K(83648K), 0.0002110 secs]
257.886: [GC (Allocation Failure) 40977K->435K(82240K), 0.0002040 secs]
257.907: [GC (Allocation Failure) 39512K->435K(80896K), 0.0002120 secs]
257.928: [GC (Allocation Failure) 38242K->435K(79616K), 0.0002210 secs]
257.982: [GC (Allocation Failure) 36972K->435K(78400K), 0.0002170 secs]
258.002: [GC (Allocation Failure) 35702K->435K(77248K), 0.0002090 secs]
258.021: [GC (Allocation Failure) 34530K->435K(76096K), 0.0002230 secs]
258.036: [GC (Allocation Failure) 33456K->435K(75008K), 0.0002090 secs]
258.076: [GC (Allocation Failure) 32284K->435K(73984K), 0.0002360 secs]
258.094: [GC (Allocation Failure) 31307K->435K(73024K), 0.0002130 secs]
258.107: [GC (Allocation Failure) 30331K->435K(72064K), 0.0002040 secs]
258.126: [GC (Allocation Failure) 29354K->435K(77888K), 0.0002640 secs]
258.227: [GC (Allocation Failure) 35214K->435K(76736K), 0.0002150 secs]
258.246: [GC (Allocation Failure) 34042K->435K(75648K), 0.0002010 secs]
258.281: [GC (Allocation Failure) 32968K->435K(74560K), 0.0002180 secs]
258.295: [GC (Allocation Failure) 31893K->435K(73536K), 0.0002190 secs]
258.330: [GC (Allocation Failure) 30819K->435K(72576K), 0.0002150 secs]
258.347: [GC (Allocation Failure) 29842K->435K(71680K), 0.0002030 secs]
258.375: [GC (Allocation Failure) 28963K->435K(70784K), 0.0002760 secs]
258.409: [GC (Allocation Failure) 28084K->435K(69952K), 0.0002180 secs]
258.425: [GC (Allocation Failure) 27303K->435K(69120K), 0.0002090 secs]
258.436: [GC (Allocation Failure) 26424K->435K(74368K), 0.0002200 secs]
258.454: [GC (Allocation Failure) 31698K->435K(80640K), 0.0002110 secs]
258.484: [GC (Allocation Failure) 37949K->435K(79360K), 0.0002330 secs]
258.505: [GC (Allocation Failure) 36679K->435K(78144K), 0.0002460 secs]
258.540: [GC (Allocation Failure) 35409K->435K(76992K), 0.0002040 secs]
258.599: [GC (Allocation Failure) 34335K->435K(75904K), 0.0002230 secs]
258.613: [GC (Allocation Failure) 33261K->435K(74816K), 0.0002030 secs]
258.631: [GC (Allocation Failure) 32089K->435K(81216K), 0.0003840 secs]
258.657: [GC (Allocation Failure) 38535K->435K(88896K), 0.0002070 secs]
258.681: [GC (Allocation Failure) 46251K->435K(87232K), 0.0002330 secs]
258.837: [GC (Allocation Failure) 44591K->435K(85632K), 0.0002090 secs]
258.859: [GC (Allocation Failure) 42930K->435K(84096K), 0.0002050 secs]
258.881: [GC (Allocation Failure) 41367K->435K(82624K), 0.0002050 secs]
258.899: [GC (Allocation Failure) 39902K->435K(81280K), 0.0002880 secs]
258.915: [GC (Allocation Failure) 38633K->435K(80000K), 0.0001960 secs]
258.935: [GC (Allocation Failure) 37363K->435K(78720K), 0.0002210 secs]
258.962: [GC (Allocation Failure) 35996K->435K(77504K), 0.0002110 secs]
258.977: [GC (Allocation Failure) 34823K->435K(76352K), 0.0002140 secs]
259.006: [GC (Allocation Failure) 33651K->435K(75264K), 0.0002050 secs]
259.024: [GC (Allocation Failure) 32577K->435K(74240K), 0.0002030 secs]
259.073: [GC (Allocation Failure) 31600K->435K(73216K), 0.0002110 secs]
259.086: [GC (Allocation Failure) 30526K->435K(79296K), 0.0003250 secs]
259.117: [GC (Allocation Failure) 36582K->435K(78080K), 0.0002120 secs]
259.145: [GC (Allocation Failure) 35409K->435K(76928K), 0.0002110 secs]
259.163: [GC (Allocation Failure) 34237K->435K(75840K), 0.0002240 secs]
259.177: [GC (Allocation Failure) 33163K->435K(74752K), 0.0001980 secs]
259.211: [GC (Allocation Failure) 32089K->435K(73728K), 0.0002250 secs]
259.225: [GC (Allocation Failure) 31014K->435K(72768K), 0.0002070 secs]
259.238: [GC (Allocation Failure) 30038K->435K(78720K), 0.0002130 secs]
259.269: [GC (Allocation Failure) 35996K->435K(85888K), 0.0002760 secs]
259.287: [GC (Allocation Failure) 43223K->435K(84352K), 0.0002060 secs]
259.336: [GC (Allocation Failure) 41660K->435K(82880K), 0.0002160 secs]
259.353: [GC (Allocation Failure) 40195K->435K(81472K), 0.0002710 secs]
259.381: [GC (Allocation Failure) 38828K->435K(80128K), 0.0002160 secs]
259.397: [GC (Allocation Failure) 37461K->435K(78848K), 0.0002050 secs]
259.415: [GC (Allocation Failure) 36191K->435K(77632K), 0.0002120 secs]
259.483: [GC (Allocation Failure) 34921K->435K(76480K), 0.0002180 secs]
259.502: [GC (Allocation Failure) 33749K->435K(75392K), 0.0002020 secs]
259.516: [GC (Allocation Failure) 32675K->435K(81856K), 0.0003310 secs]
259.625: [GC (Allocation Failure) 39219K->435K(80512K), 0.0002240 secs]
259.645: [GC (Allocation Failure) 37851K->435K(79232K), 0.0002020 secs]
259.661: [GC (Allocation Failure) 36582K->435K(78016K), 0.0002200 secs]
259.730: [GC (Allocation Failure) 35312K->435K(76864K), 0.0002300 secs]
259.745: [GC (Allocation Failure) 34140K->435K(75776K), 0.0002030 secs]
259.780: [GC (Allocation Failure) 33065K->435K(74688K), 0.0002060 secs]
259.833: [GC (Allocation Failure) 31991K->435K(73664K), 0.0002430 secs]
259.850: [GC (Allocation Failure) 31014K->435K(72704K), 0.0002030 secs]
259.865: [GC (Allocation Failure) 30038K->435K(71808K), 0.0002140 secs]
259.878: [GC (Allocation Failure) 29158K->435K(77568K), 0.0002160 secs]
259.893: [GC (Allocation Failure) 34921K->435K(84480K), 0.0002030 secs]
259.911: [GC (Allocation Failure) 41758K->435K(92800K), 0.0002050 secs]
259.933: [GC (Allocation Failure) 50162K->435K(90944K), 0.0002150 secs]
259.986: [GC (Allocation Failure) 48302K->435K(89216K), 0.0002730 secs]
260.041: [GC (Allocation Failure) 46544K->435K(87552K), 0.0002180 secs]
260.064: [GC (Allocation Failure) 44884K->435K(85952K), 0.0002160 secs]
260.083: [GC (Allocation Failure) 43223K->435K(84416K), 0.0002060 secs]
260.134: [GC (Allocation Failure) 41758K->435K(82944K), 0.0002130 secs]
260.155: [GC (Allocation Failure) 40293K->435K(81536K), 0.0002020 secs]
260.286: [GC (Allocation Failure) 38828K->435K(80192K), 0.0002090 secs]
260.307: [GC (Allocation Failure) 37461K->435K(78912K), 0.0002230 secs]
260.341: [GC (Allocation Failure) 36191K->435K(77696K), 0.0002830 secs]
260.385: [GC (Allocation Failure) 35019K->435K(76544K), 0.0002290 secs]
260.400: [GC (Allocation Failure) 33847K->435K(75456K), 0.0002160 secs]
260.431: [GC (Allocation Failure) 32772K->435K(74432K), 0.0002090 secs]
260.532: [GC (Allocation Failure) 31698K->435K(73408K), 0.0002180 secs]
260.549: [GC (Allocation Failure) 30721K->435K(72448K), 0.0002020 secs]
260.562: [GC (Allocation Failure) 29745K->435K(71552K), 0.0002300 secs]
260.574: [GC (Allocation Failure) 28865K->435K(77248K), 0.0002020 secs]
260.590: [GC (Allocation Failure) 34530K->435K(84096K), 0.0002000 secs]
260.623: [GC (Allocation Failure) 41367K->435K(82624K), 0.0002150 secs]
260.644: [GC (Allocation Failure) 39902K->435K(81280K), 0.0002030 secs]
260.667: [GC (Allocation Failure) 38633K->435K(80000K), 0.0002190 secs]
260.683: [GC (Allocation Failure) 37363K->435K(78720K), 0.0002190 secs]
260.702: [GC (Allocation Failure) 35996K->435K(77504K), 0.0002160 secs]
260.718: [GC (Allocation Failure) 34823K->435K(84416K), 0.0002180 secs]
260.736: [GC (Allocation Failure) 41758K->435K(82944K), 0.0002060 secs]
260.757: [GC (Allocation Failure) 40293K->435K(81536K), 0.0002010 secs]
260.778: [GC (Allocation Failure) 38828K->435K(80192K), 0.0002110 secs]
260.798: [GC (Allocation Failure) 37461K->435K(78912K), 0.0002220 secs]
260.886: [GC (Allocation Failure) 36191K->435K(77696K), 0.0002120 secs]
260.902: [GC (Allocation Failure) 35019K->435K(76544K), 0.0002140 secs]
260.935: [GC (Allocation Failure) 33847K->435K(75456K), 0.0002090 secs]
260.954: [GC (Allocation Failure) 32772K->435K(74432K), 0.0002050 secs]
260.967: [GC (Allocation Failure) 31698K->435K(73408K), 0.0002160 secs]
261.130: [GC (Allocation Failure) 30721K->435K(72448K), 0.0002120 secs]
261.147: [GC (Allocation Failure) 29745K->435K(71552K), 0.0002120 secs]
261.163: [GC (Allocation Failure) 28865K->435K(70656K), 0.0002170 secs]
261.175: [GC (Allocation Failure) 27986K->435K(76224K), 0.0002050 secs]
261.190: [GC (Allocation Failure) 33554K->435K(82880K), 0.0002020 secs]
261.239: [GC (Allocation Failure) 40195K->435K(81472K), 0.0002160 secs]
261.260: [GC (Allocation Failure) 38828K->435K(80128K), 0.0002160 secs]
261.283: [GC (Allocation Failure) 37461K->435K(78848K), 0.0002070 secs]
261.337: [GC (Allocation Failure) 36191K->435K(77632K), 0.0002290 secs]
261.412: [GC (Allocation Failure) 34921K->435K(76480K), 0.0002400 secs]
261.431: [GC (Allocation Failure) 33749K->435K(75392K), 0.0002310 secs]
261.446: [GC (Allocation Failure) 32675K->435K(74368K), 0.0002050 secs]
261.535: [GC (Allocation Failure) 31698K->435K(73344K), 0.0002230 secs]
261.552: [GC (Allocation Failure) 30624K->435K(72384K), 0.0002310 secs]
261.565: [GC (Allocation Failure) 29745K->435K(71488K), 0.0001990 secs]
261.582: [GC (Allocation Failure) 28768K->435K(77184K), 0.0002720 secs]
261.601: [GC (Allocation Failure) 34530K->435K(84032K), 0.0002140 secs]
261.623: [GC (Allocation Failure) 41367K->435K(82624K), 0.0002000 secs]
261.640: [GC (Allocation Failure) 39902K->435K(81280K), 0.0002050 secs]
261.656: [GC (Allocation Failure) 38633K->435K(88960K), 0.0002060 secs]
261.742: [GC (Allocation Failure) 46251K->435K(87296K), 0.0002160 secs]
261.761: [GC (Allocation Failure) 44591K->435K(85696K), 0.0002160 secs]
261.783: [GC (Allocation Failure) 43028K->435K(84160K), 0.0002180 secs]
261.836: [GC (Allocation Failure) 41465K->435K(82688K), 0.0002070 secs]
261.885: [GC (Allocation Failure) 40000K->435K(81344K), 0.0002040 secs]
262.035: [GC (Allocation Failure) 38633K->435K(80000K), 0.0002160 secs]
262.055: [GC (Allocation Failure) 37363K->435K(78720K), 0.0002140 secs]
262.137: [GC (Allocation Failure) 35996K->435K(77504K), 0.0002190 secs]
262.152: [GC (Allocation Failure) 34823K->435K(76352K), 0.0002050 secs]
262.169: [GC (Allocation Failure) 33651K->435K(75264K), 0.0002110 secs]
262.186: [GC (Allocation Failure) 32577K->435K(74240K), 0.0002730 secs]
262.204: [GC (Allocation Failure) 31600K->435K(73216K), 0.0002130 secs]
262.335: [GC (Allocation Failure) 30526K->435K(72256K), 0.0002080 secs]
262.348: [GC (Allocation Failure) 29549K->435K(78144K), 0.0003250 secs]
262.384: [GC (Allocation Failure) 35409K->435K(76992K), 0.0002200 secs]
262.407: [GC (Allocation Failure) 34335K->435K(75904K), 0.0002150 secs]
262.427: [GC (Allocation Failure) 33261K->435K(74816K), 0.0002120 secs]
262.534: [GC (Allocation Failure) 32089K->435K(73792K), 0.0002080 secs]
262.587: [GC (Allocation Failure) 31112K->435K(72832K), 0.0002130 secs]
262.600: [GC (Allocation Failure) 30135K->435K(71872K), 0.0002270 secs]
262.662: [GC (Allocation Failure) 29158K->435K(70976K), 0.0002220 secs]
262.679: [GC (Allocation Failure) 28279K->435K(70144K), 0.0002300 secs]
262.695: [GC (Allocation Failure) 27498K->435K(69312K), 0.0002130 secs]
262.734: [GC (Allocation Failure) 26619K->435K(68544K), 0.0002150 secs]
262.746: [GC (Allocation Failure) 25838K->435K(67776K), 0.0002160 secs]
262.836: [GC (Allocation Failure) 25052K->435K(67072K), 0.0002260 secs]
262.851: [GC (Allocation Failure) 24369K->435K(66368K), 0.0002120 secs]
262.907: [GC (Allocation Failure) 23685K->435K(65728K), 0.0002100 secs]
262.919: [GC (Allocation Failure) 23001K->435K(65088K), 0.0002140 secs]
262.933: [GC (Allocation Failure) 22415K->435K(69504K), 0.0002320 secs]
262.945: [GC (Allocation Failure) 26814K->435K(74816K), 0.0002650 secs]
262.987: [GC (Allocation Failure) 32089K->435K(81216K), 0.0002740 secs]
263.004: [GC (Allocation Failure) 38535K->435K(88896K), 0.0002150 secs]
263.024: [GC (Allocation Failure) 46251K->435K(98112K), 0.0002120 secs]
263.193: [GC (Allocation Failure) 55436K->435K(96000K), 0.0002020 secs]
263.247: [GC (Allocation Failure) 53287K->435K(94016K), 0.0002110 secs]
263.270: [GC (Allocation Failure) 51334K->435K(92096K), 0.0002010 secs]
263.295: [GC (Allocation Failure) 49377K->435K(90304K), 0.0002220 secs]
263.340: [GC (Allocation Failure) 47618K->435K(88576K), 0.0002730 secs]
263.489: [GC (Allocation Failure) 45860K->435K(86912K), 0.0002060 secs]
263.543: [GC (Allocation Failure) 44200K->435K(85312K), 0.0002160 secs]
263.561: [GC (Allocation Failure) 42637K->435K(83840K), 0.0002130 secs]
263.579: [GC (Allocation Failure) 41172K->435K(82432K), 0.0002030 secs]
263.600: [GC (Allocation Failure) 39707K->435K(81088K), 0.0002010 secs]
263.620: [GC (Allocation Failure) 38437K->435K(79808K), 0.0002100 secs]
263.637: [GC (Allocation Failure) 37168K->435K(87168K), 0.0004120 secs]
263.657: [GC (Allocation Failure) 44493K->435K(96000K), 0.0002080 secs]
263.680: [GC (Allocation Failure) 53287K->435K(94016K), 0.0002070 secs]
263.745: [GC (Allocation Failure) 51334K->435K(92096K), 0.0002270 secs]
263.766: [GC (Allocation Failure) 49377K->435K(90304K), 0.0002740 secs]
263.841: [GC (Allocation Failure) 47618K->435K(88576K), 0.0002060 secs]
263.894: [GC (Allocation Failure) 45860K->435K(86912K), 0.0002780 secs]
263.914: [GC (Allocation Failure) 44200K->435K(85312K), 0.0002730 secs]
263.940: [GC (Allocation Failure) 42637K->435K(83840K), 0.0002200 secs]
264.039: [GC (Allocation Failure) 41172K->435K(82432K), 0.0002300 secs]
264.060: [GC (Allocation Failure) 39707K->435K(81088K), 0.0002230 secs]
264.137: [GC (Allocation Failure) 38437K->435K(79808K), 0.0002160 secs]
264.157: [GC (Allocation Failure) 37168K->435K(78592K), 0.0002130 secs]
264.186: [GC (Allocation Failure) 35898K->435K(77376K), 0.0002260 secs]
264.201: [GC (Allocation Failure) 34726K->435K(76224K), 0.0002130 secs]
264.215: [GC (Allocation Failure) 33554K->435K(82880K), 0.0002760 secs]
264.242: [GC (Allocation Failure) 40195K->435K(81472K), 0.0002220 secs]
264.263: [GC (Allocation Failure) 38828K->435K(80128K), 0.0002030 secs]
264.283: [GC (Allocation Failure) 37461K->435K(78848K), 0.0002110 secs]
264.299: [GC (Allocation Failure) 36191K->435K(86016K), 0.0002760 secs]
264.393: [GC (Allocation Failure) 43321K->435K(84480K), 0.0002050 secs]
264.415: [GC (Allocation Failure) 41758K->435K(83008K), 0.0002210 secs]
264.442: [GC (Allocation Failure) 40293K->435K(81600K), 0.0002210 secs]
264.459: [GC (Allocation Failure) 38926K->435K(80256K), 0.0002760 secs]
264.491: [GC (Allocation Failure) 37558K->435K(78976K), 0.0002220 secs]
264.511: [GC (Allocation Failure) 36289K->435K(77760K), 0.0001960 secs]
264.530: [GC (Allocation Failure) 35116K->435K(76608K), 0.0002110 secs]
264.549: [GC (Allocation Failure) 33944K->435K(75520K), 0.0002220 secs]
264.591: [GC (Allocation Failure) 32870K->435K(74496K), 0.0002020 secs]
264.608: [GC (Allocation Failure) 31796K->435K(73472K), 0.0002020 secs]
264.629: [GC (Allocation Failure) 30819K->435K(72512K), 0.0002820 secs]
264.663: [GC (Allocation Failure) 29842K->435K(71616K), 0.0002240 secs]
264.676: [GC (Allocation Failure) 28963K->435K(77376K), 0.0002270 secs]
264.735: [GC (Allocation Failure) 34726K->435K(76224K), 0.0002140 secs]
264.749: [GC (Allocation Failure) 33554K->435K(75136K), 0.0002040 secs]
264.786: [GC (Allocation Failure) 32479K->435K(74112K), 0.0002150 secs]
264.846: [GC (Allocation Failure) 31405K->435K(73152K), 0.0002300 secs]
264.863: [GC (Allocation Failure) 30428K->435K(72192K), 0.0002160 secs]
264.876: [GC (Allocation Failure) 29549K->435K(71296K), 0.0002150 secs]
264.909: [GC (Allocation Failure) 28572K->435K(70400K), 0.0002260 secs]
264.922: [GC (Allocation Failure) 27693K->435K(69568K), 0.0001990 secs]
264.938: [GC (Allocation Failure) 26912K->435K(74880K), 0.0002130 secs]
264.956: [GC (Allocation Failure) 32186K->435K(81280K), 0.0002300 secs]
264.977: [GC (Allocation Failure) 38633K->435K(80000K), 0.0002100 secs]
265.038: [GC (Allocation Failure) 37363K->435K(78720K), 0.0002740 secs]
265.091: [GC (Allocation Failure) 35996K->435K(77504K), 0.0002180 secs]
265.106: [GC (Allocation Failure) 34823K->435K(76352K), 0.0002250 secs]
265.122: [GC (Allocation Failure) 33651K->435K(75264K), 0.0001990 secs]
265.140: [GC (Allocation Failure) 32577K->435K(74240K), 0.0002120 secs]
265.237: [GC (Allocation Failure) 31600K->435K(73216K), 0.0002270 secs]
265.254: [GC (Allocation Failure) 30526K->435K(72256K), 0.0002050 secs]
265.267: [GC (Allocation Failure) 29549K->435K(71360K), 0.0002310 secs]
265.279: [GC (Allocation Failure) 28670K->435K(77056K), 0.0002080 secs]
265.294: [GC (Allocation Failure) 34335K->435K(83904K), 0.0002140 secs]
265.343: [GC (Allocation Failure) 41172K->435K(82496K), 0.0002190 secs]
265.393: [GC (Allocation Failure) 39805K->435K(81152K), 0.0002220 secs]
265.414: [GC (Allocation Failure) 38437K->435K(79872K), 0.0002140 secs]
265.430: [GC (Allocation Failure) 37168K->435K(78656K), 0.0002160 secs]
265.492: [GC (Allocation Failure) 35996K->435K(77440K), 0.0002150 secs]
265.511: [GC (Allocation Failure) 34726K->435K(76288K), 0.0002050 secs]
265.530: [GC (Allocation Failure) 33554K->435K(75200K), 0.0002060 secs]
265.583: [GC (Allocation Failure) 32479K->435K(74176K), 0.0002150 secs]
265.600: [GC (Allocation Failure) 31503K->435K(73152K), 0.0002030 secs]
265.636: [GC (Allocation Failure) 30428K->435K(72192K), 0.0002260 secs]
265.653: [GC (Allocation Failure) 29549K->435K(71296K), 0.0002030 secs]
265.665: [GC (Allocation Failure) 28572K->435K(70400K), 0.0002120 secs]
265.737: [GC (Allocation Failure) 27693K->435K(69568K), 0.0002470 secs]
265.749: [GC (Allocation Failure) 26912K->435K(68800K), 0.0002180 secs]
265.789: [GC (Allocation Failure) 26131K->435K(68032K), 0.0002190 secs]
265.804: [GC (Allocation Failure) 25349K->435K(67328K), 0.0002090 secs]
265.814: [GC (Allocation Failure) 24662K->435K(72192K), 0.0002290 secs]
265.831: [GC (Allocation Failure) 29549K->435K(78016K), 0.0002200 secs]
265.892: [GC (Allocation Failure) 35312K->435K(76864K), 0.0002110 secs]
265.911: [GC (Allocation Failure) 34140K->435K(75776K), 0.0002060 secs]
265.939: [GC (Allocation Failure) 33065K->435K(74688K), 0.0002120 secs]
265.957: [GC (Allocation Failure) 31991K->435K(73664K), 0.0002140 secs]
266.039: [GC (Allocation Failure) 31014K->435K(72704K), 0.0002240 secs]
266.087: [GC (Allocation Failure) 30038K->435K(71808K), 0.0002130 secs]
266.099: [GC (Allocation Failure) 29158K->435K(70912K), 0.0002060 secs]
266.115: [GC (Allocation Failure) 28182K->435K(70080K), 0.0002020 secs]
266.127: [GC (Allocation Failure) 27400K->435K(75520K), 0.0002270 secs]
266.145: [GC (Allocation Failure) 32870K->435K(82048K), 0.0002100 secs]
266.191: [GC (Allocation Failure) 39316K->435K(80704K), 0.0002780 secs]
266.240: [GC (Allocation Failure) 38047K->435K(79424K), 0.0002160 secs]
266.260: [GC (Allocation Failure) 36777K->435K(78208K), 0.0002100 secs]
266.389: [GC (Allocation Failure) 35507K->435K(77056K), 0.0002810 secs]
266.444: [GC (Allocation Failure) 34335K->435K(75904K), 0.0002170 secs]
266.459: [GC (Allocation Failure) 33261K->435K(74816K), 0.0002750 secs]
266.492: [GC (Allocation Failure) 32089K->435K(73792K), 0.0002150 secs]
266.506: [GC (Allocation Failure) 31112K->435K(72832K), 0.0002040 secs]
266.538: [GC (Allocation Failure) 30135K->435K(71872K), 0.0002230 secs]
266.551: [GC (Allocation Failure) 29158K->435K(70976K), 0.0002180 secs]
266.563: [GC (Allocation Failure) 28279K->435K(76608K), 0.0002010 secs]
266.577: [GC (Allocation Failure) 33944K->435K(83328K), 0.0002040 secs]
266.611: [GC (Allocation Failure) 40684K->435K(81920K), 0.0002410 secs]
266.633: [GC (Allocation Failure) 39219K->435K(80576K), 0.0002310 secs]
266.654: [GC (Allocation Failure) 37851K->435K(79296K), 0.0002030 secs]
266.670: [GC (Allocation Failure) 36582K->435K(78080K), 0.0002100 secs]
266.689: [GC (Allocation Failure) 35409K->435K(85120K), 0.0002730 secs]
266.708: [GC (Allocation Failure) 42442K->435K(93568K), 0.0002180 secs]
266.747: [GC (Allocation Failure) 50846K->435K(91712K), 0.0002030 secs]
266.800: [GC (Allocation Failure) 48986K->435K(89920K), 0.0002090 secs]
266.824: [GC (Allocation Failure) 47228K->435K(88192K), 0.0002020 secs]
266.848: [GC (Allocation Failure) 45470K->435K(86592K), 0.0002120 secs]
266.871: [GC (Allocation Failure) 43907K->435K(85056K), 0.0002020 secs]
266.897: [GC (Allocation Failure) 42344K->435K(83584K), 0.0002010 secs]
266.915: [GC (Allocation Failure) 40879K->435K(82176K), 0.0002770 secs]
266.938: [GC (Allocation Failure) 39512K->435K(80832K), 0.0002130 secs]
266.958: [GC (Allocation Failure) 38144K->435K(79552K), 0.0002020 secs]
266.975: [GC (Allocation Failure) 36875K->435K(78336K), 0.0002020 secs]
266.990: [GC (Allocation Failure) 35605K->435K(77184K), 0.0002130 secs]
267.005: [GC (Allocation Failure) 34530K->435K(84032K), 0.0002040 secs]
267.023: [GC (Allocation Failure) 41367K->435K(92224K), 0.0002750 secs]
267.050: [GC (Allocation Failure) 49572K->435K(102080K), 0.0002120 secs]
267.076: [GC (Allocation Failure) 59441K->435K(99776K), 0.0002160 secs]
267.104: [GC (Allocation Failure) 57097K->435K(97600K), 0.0002110 secs]
267.153: [GC (Allocation Failure) 54948K->435K(95552K), 0.0002310 secs]
267.180: [GC (Allocation Failure) 52897K->435K(93568K), 0.0002190 secs]
267.248: [GC (Allocation Failure) 50846K->435K(91712K), 0.0002090 secs]
267.297: [GC (Allocation Failure) 48986K->435K(89920K), 0.0002490 secs]
267.317: [GC (Allocation Failure) 47228K->435K(88192K), 0.0002080 secs]
267.346: [GC (Allocation Failure) 45470K->435K(86592K), 0.0002170 secs]
267.398: [GC (Allocation Failure) 43907K->435K(85056K), 0.0002220 secs]
267.421: [GC (Allocation Failure) 42344K->435K(83584K), 0.0002090 secs]
267.443: [GC (Allocation Failure) 40879K->435K(82176K), 0.0002740 secs]
267.547: [GC (Allocation Failure) 39512K->435K(80832K), 0.0002230 secs]
267.563: [GC (Allocation Failure) 38144K->435K(79552K), 0.0002050 secs]
267.642: [GC (Allocation Failure) 36875K->435K(78336K), 0.0002180 secs]
267.662: [GC (Allocation Failure) 35605K->435K(77184K), 0.0002170 secs]
267.691: [GC (Allocation Failure) 34530K->435K(76032K), 0.0002170 secs]
267.735: [GC (Allocation Failure) 33358K->435K(74944K), 0.0002190 secs]
267.749: [GC (Allocation Failure) 32284K->435K(73920K), 0.0002160 secs]
267.763: [GC (Allocation Failure) 31210K->435K(72960K), 0.0002060 secs]
267.843: [GC (Allocation Failure) 30233K->435K(72000K), 0.0002210 secs]
267.856: [GC (Allocation Failure) 29354K->435K(71104K), 0.0002180 secs]
267.913: [GC (Allocation Failure) 28377K->435K(70272K), 0.0002250 secs]
267.926: [GC (Allocation Failure) 27596K->435K(75712K), 0.0002740 secs]
267.944: [GC (Allocation Failure) 33065K->435K(82240K), 0.0002140 secs]
267.962: [GC (Allocation Failure) 39512K->435K(90112K), 0.0002140 secs]
267.982: [GC (Allocation Failure) 47423K->435K(99520K), 0.0002150 secs]
268.037: [GC (Allocation Failure) 56804K->435K(97344K), 0.0002220 secs]
268.065: [GC (Allocation Failure) 54655K->435K(95296K), 0.0002290 secs]
268.111: [GC (Allocation Failure) 52604K->435K(93312K), 0.0002150 secs]
268.137: [GC (Allocation Failure) 50650K->435K(91456K), 0.0002140 secs]
268.162: [GC (Allocation Failure) 48791K->435K(89664K), 0.0002000 secs]
268.182: [GC (Allocation Failure) 46935K->435K(87936K), 0.0002040 secs]
268.250: [GC (Allocation Failure) 45274K->435K(86336K), 0.0002820 secs]
268.269: [GC (Allocation Failure) 43614K->435K(84800K), 0.0002230 secs]
268.287: [GC (Allocation Failure) 42149K->435K(83328K), 0.0002730 secs]
268.349: [GC (Allocation Failure) 40684K->435K(81920K), 0.0002400 secs]
268.371: [GC (Allocation Failure) 39219K->435K(80576K), 0.0002250 secs]
268.409: [GC (Allocation Failure) 37851K->435K(79296K), 0.0002720 secs]
268.444: [GC (Allocation Failure) 36582K->435K(78080K), 0.0002100 secs]
268.493: [GC (Allocation Failure) 35409K->435K(76928K), 0.0002270 secs]
268.507: [GC (Allocation Failure) 34237K->435K(75840K), 0.0002060 secs]
268.521: [GC (Allocation Failure) 33163K->435K(74752K), 0.0002030 secs]
268.539: [GC (Allocation Failure) 32089K->435K(73728K), 0.0002220 secs]
268.593: [GC (Allocation Failure) 31014K->435K(72768K), 0.0003220 secs]
268.663: [GC (Allocation Failure) 30038K->435K(71808K), 0.0004370 secs]
268.676: [GC (Allocation Failure) 29158K->435K(70912K), 0.0002150 secs]
268.708: [GC (Allocation Failure) 28182K->435K(70080K), 0.0002150 secs]
268.720: [GC (Allocation Failure) 27400K->435K(75520K), 0.0002090 secs]
268.738: [GC (Allocation Failure) 32870K->435K(82048K), 0.0002740 secs]
268.755: [GC (Allocation Failure) 39316K->435K(89856K), 0.0002150 secs]
268.778: [GC (Allocation Failure) 47130K->435K(99264K), 0.0002110 secs]
268.853: [GC (Allocation Failure) 56608K->435K(97088K), 0.0002100 secs]
268.917: [GC (Allocation Failure) 54362K->435K(95040K), 0.0002220 secs]
268.951: [GC (Allocation Failure) 52311K->435K(93120K), 0.0002310 secs]
268.977: [GC (Allocation Failure) 50455K->435K(91264K), 0.0002050 secs]
269.002: [GC (Allocation Failure) 48595K->435K(89472K), 0.0002050 secs]
269.022: [GC (Allocation Failure) 46739K->435K(87808K), 0.0002060 secs]
269.041: [GC (Allocation Failure) 45079K->435K(86208K), 0.0002150 secs]
269.060: [GC (Allocation Failure) 43516K->435K(84672K), 0.0002140 secs]
269.078: [GC (Allocation Failure) 41953K->435K(83200K), 0.0002060 secs]
269.099: [GC (Allocation Failure) 40488K->435K(81792K), 0.0002110 secs]
269.142: [GC (Allocation Failure) 39121K->435K(80448K), 0.0003240 secs]
269.294: [GC (Allocation Failure) 37754K->435K(79168K), 0.0002030 secs]
269.349: [GC (Allocation Failure) 36484K->435K(77952K), 0.0003020 secs]
269.368: [GC (Allocation Failure) 35312K->435K(76800K), 0.0002150 secs]
269.387: [GC (Allocation Failure) 34140K->435K(75712K), 0.0002140 secs]
269.402: [GC (Allocation Failure) 33065K->435K(74624K), 0.0002050 secs]
269.419: [GC (Allocation Failure) 31893K->435K(73600K), 0.0002110 secs]
269.433: [GC (Allocation Failure) 30917K->435K(79744K), 0.0002110 secs]
269.584: [GC (Allocation Failure) 37070K->435K(78528K), 0.0002140 secs]
269.604: [GC (Allocation Failure) 35800K->435K(77312K), 0.0002020 secs]
269.618: [GC (Allocation Failure) 34628K->435K(76160K), 0.0002150 secs]
269.637: [GC (Allocation Failure) 33456K->435K(75072K), 0.0002020 secs]
269.693: [GC (Allocation Failure) 32382K->435K(74048K), 0.0002060 secs]
269.735: [GC (Allocation Failure) 31405K->435K(73088K), 0.0002320 secs]
269.748: [GC (Allocation Failure) 30428K->435K(72128K), 0.0002050 secs]
269.761: [GC (Allocation Failure) 29451K->435K(71232K), 0.0002050 secs]
269.789: [GC (Allocation Failure) 28572K->435K(70400K), 0.0002240 secs]
269.846: [GC (Allocation Failure) 27693K->435K(69568K), 0.0002170 secs]
269.861: [GC (Allocation Failure) 26912K->435K(68800K), 0.0002300 secs]
269.895: [GC (Allocation Failure) 26131K->435K(68032K), 0.0002110 secs]
269.910: [GC (Allocation Failure) 25349K->435K(67328K), 0.0002300 secs]
269.940: [GC (Allocation Failure) 24662K->435K(66624K), 0.0002140 secs]
269.951: [GC (Allocation Failure) 23978K->435K(71360K), 0.0002030 secs]
269.963: [GC (Allocation Failure) 28670K->435K(77056K), 0.0002160 secs]
269.995: [GC (Allocation Failure) 34335K->435K(83904K), 0.0002040 secs]
270.055: [GC (Allocation Failure) 41172K->435K(82496K), 0.0002340 secs]
270.077: [GC (Allocation Failure) 39805K->435K(81152K), 0.0002280 secs]
270.098: [GC (Allocation Failure) 38437K->435K(79872K), 0.0002170 secs]
270.141: [GC (Allocation Failure) 37168K->435K(78656K), 0.0002130 secs]
270.156: [GC (Allocation Failure) 35996K->435K(77440K), 0.0002050 secs]
270.171: [GC (Allocation Failure) 34726K->435K(76288K), 0.0002050 secs]
270.207: [GC (Allocation Failure) 33554K->435K(75200K), 0.0002190 secs]
270.248: [GC (Allocation Failure) 32479K->435K(74176K), 0.0002250 secs]
270.262: [GC (Allocation Failure) 31503K->435K(73152K), 0.0002030 secs]
270.275: [GC (Allocation Failure) 30428K->435K(72192K), 0.0002050 secs]
270.293: [GC (Allocation Failure) 29549K->435K(78016K), 0.0002270 secs]
270.308: [GC (Allocation Failure) 35312K->435K(85056K), 0.0002030 secs]
270.326: [GC (Allocation Failure) 42344K->435K(93504K), 0.0002040 secs]
270.352: [GC (Allocation Failure) 50846K->435K(91648K), 0.0002130 secs]
270.373: [GC (Allocation Failure) 48986K->435K(89856K), 0.0002020 secs]
270.397: [GC (Allocation Failure) 47130K->435K(88128K), 0.0002100 secs]
270.454: [GC (Allocation Failure) 45470K->435K(86528K), 0.0002070 secs]
270.473: [GC (Allocation Failure) 43809K->435K(84992K), 0.0002750 secs]
270.549: [GC (Allocation Failure) 42344K->435K(83520K), 0.0002460 secs]
270.570: [GC (Allocation Failure) 40879K->435K(82112K), 0.0002140 secs]
270.596: [GC (Allocation Failure) 39414K->435K(80768K), 0.0002490 secs]
270.613: [GC (Allocation Failure) 38047K->435K(79488K), 0.0002070 secs]
270.631: [GC (Allocation Failure) 36777K->435K(78272K), 0.0002150 secs]
270.650: [GC (Allocation Failure) 35605K->435K(77120K), 0.0001860 secs]
270.665: [GC (Allocation Failure) 34433K->435K(75968K), 0.0002110 secs]
270.696: [GC (Allocation Failure) 33261K->435K(74880K), 0.0002310 secs]
270.710: [GC (Allocation Failure) 32186K->435K(73856K), 0.0002040 secs]
270.734: [GC (Allocation Failure) 31210K->435K(72896K), 0.0002170 secs]
270.747: [GC (Allocation Failure) 30233K->435K(78912K), 0.0002150 secs]
270.767: [GC (Allocation Failure) 36191K->435K(86080K), 0.0002120 secs]
270.800: [GC (Allocation Failure) 43419K->435K(84544K), 0.0002770 secs]
270.853: [GC (Allocation Failure) 41856K->435K(83072K), 0.0002190 secs]
270.875: [GC (Allocation Failure) 40391K->435K(81664K), 0.0002100 secs]
270.893: [GC (Allocation Failure) 39023K->435K(80320K), 0.0002020 secs]
271.001: [GC (Allocation Failure) 37656K->435K(79040K), 0.0002130 secs]
271.017: [GC (Allocation Failure) 36386K->435K(77824K), 0.0002710 secs]
271.047: [GC (Allocation Failure) 35116K->435K(76672K), 0.0002150 secs]
271.061: [GC (Allocation Failure) 33944K->435K(75584K), 0.0002050 secs]
271.096: [GC (Allocation Failure) 32870K->435K(74560K), 0.0002180 secs]
271.109: [GC (Allocation Failure) 31893K->435K(73536K), 0.0002060 secs]
271.123: [GC (Allocation Failure) 30819K->435K(79680K), 0.0002050 secs]
271.142: [GC (Allocation Failure) 36972K->435K(78464K), 0.0002030 secs]
271.158: [GC (Allocation Failure) 35800K->435K(85568K), 0.0002190 secs]
271.252: [GC (Allocation Failure) 42930K->435K(84032K), 0.0002200 secs]
271.303: [GC (Allocation Failure) 41367K->435K(82624K), 0.0002120 secs]
271.321: [GC (Allocation Failure) 39902K->435K(81280K), 0.0002180 secs]
271.337: [GC (Allocation Failure) 38633K->435K(80000K), 0.0002050 secs]
271.357: [GC (Allocation Failure) 37363K->435K(78720K), 0.0002120 secs]
271.401: [GC (Allocation Failure) 35996K->435K(77504K), 0.0002150 secs]
271.416: [GC (Allocation Failure) 34823K->435K(76352K), 0.0002050 secs]
271.432: [GC (Allocation Failure) 33651K->435K(75264K), 0.0002100 secs]
271.450: [GC (Allocation Failure) 32577K->435K(74240K), 0.0002110 secs]
271.538: [GC (Allocation Failure) 31600K->435K(73216K), 0.0002160 secs]
271.552: [GC (Allocation Failure) 30526K->435K(72256K), 0.0002650 secs]
271.595: [GC (Allocation Failure) 29549K->435K(71360K), 0.0002170 secs]
271.607: [GC (Allocation Failure) 28670K->435K(70464K), 0.0002030 secs]
271.694: [GC (Allocation Failure) 27791K->435K(69632K), 0.0002250 secs]
271.706: [GC (Allocation Failure) 26912K->435K(68864K), 0.0002020 secs]
271.740: [GC (Allocation Failure) 26131K->435K(68096K), 0.0002100 secs]
271.752: [GC (Allocation Failure) 25447K->435K(73152K), 0.0002210 secs]
271.765: [GC (Allocation Failure) 30428K->435K(79168K), 0.0002150 secs]
271.898: [GC (Allocation Failure) 36484K->435K(77952K), 0.0002050 secs]
271.948: [GC (Allocation Failure) 35312K->435K(76800K), 0.0002050 secs]
272.001: [GC (Allocation Failure) 34140K->435K(75712K), 0.0002180 secs]
272.015: [GC (Allocation Failure) 33065K->435K(74624K), 0.0002730 secs]
272.049: [GC (Allocation Failure) 31893K->435K(73600K), 0.0002920 secs]
272.063: [GC (Allocation Failure) 30917K->435K(79744K), 0.0002330 secs]
272.079: [GC (Allocation Failure) 37070K->435K(87104K), 0.0002070 secs]
272.103: [GC (Allocation Failure) 44395K->435K(85504K), 0.0002140 secs]
272.125: [GC (Allocation Failure) 42833K->435K(83968K), 0.0002020 secs]
272.201: [GC (Allocation Failure) 41270K->435K(82560K), 0.0002740 secs]
272.254: [GC (Allocation Failure) 39902K->435K(81216K), 0.0002240 secs]
272.271: [GC (Allocation Failure) 38535K->435K(79936K), 0.0002120 secs]
272.287: [GC (Allocation Failure) 37265K->435K(78656K), 0.0002060 secs]
272.306: [GC (Allocation Failure) 35996K->435K(77440K), 0.0002120 secs]
272.325: [GC (Allocation Failure) 34726K->435K(76288K), 0.0002000 secs]
272.344: [GC (Allocation Failure) 33554K->435K(75200K), 0.0002170 secs]
272.358: [GC (Allocation Failure) 32479K->435K(81664K), 0.0002330 secs]
272.451: [GC (Allocation Failure) 39023K->435K(80320K), 0.0002090 secs]
272.467: [GC (Allocation Failure) 37656K->435K(79040K), 0.0002070 secs]
272.484: [GC (Allocation Failure) 36386K->435K(77824K), 0.0002110 secs]
272.536: [GC (Allocation Failure) 35116K->435K(76672K), 0.0002100 secs]
272.551: [GC (Allocation Failure) 33944K->435K(75584K), 0.0002020 secs]
272.596: [GC (Allocation Failure) 32870K->435K(74560K), 0.0002150 secs]
272.610: [GC (Allocation Failure) 31893K->435K(80896K), 0.0002740 secs]
272.667: [GC (Allocation Failure) 38242K->435K(79616K), 0.0002180 secs]
272.682: [GC (Allocation Failure) 36972K->435K(78400K), 0.0002150 secs]
272.698: [GC (Allocation Failure) 35702K->435K(77248K), 0.0002040 secs]
272.740: [GC (Allocation Failure) 34530K->435K(76096K), 0.0002100 secs]
272.754: [GC (Allocation Failure) 33456K->435K(75008K), 0.0002140 secs]
272.772: [GC (Allocation Failure) 32284K->435K(73984K), 0.0002030 secs]
272.786: [GC (Allocation Failure) 31307K->435K(80192K), 0.0002130 secs]
272.802: [GC (Allocation Failure) 37461K->435K(87616K), 0.0002050 secs]
272.854: [GC (Allocation Failure) 44884K->435K(86016K), 0.0002100 secs]
272.872: [GC (Allocation Failure) 43321K->435K(84480K), 0.0002030 secs]
272.890: [GC (Allocation Failure) 41758K->435K(83008K), 0.0002080 secs]
273.026: [GC (Allocation Failure) 40293K->435K(81600K), 0.0002290 secs]
273.047: [GC (Allocation Failure) 38926K->435K(80256K), 0.0002140 secs]
273.063: [GC (Allocation Failure) 37558K->435K(78976K), 0.0002050 secs]
273.100: [GC (Allocation Failure) 36289K->435K(77760K), 0.0002240 secs]
273.115: [GC (Allocation Failure) 35116K->435K(76608K), 0.0002040 secs]
273.130: [GC (Allocation Failure) 33944K->435K(75520K), 0.0002030 secs]
273.149: [GC (Allocation Failure) 32870K->435K(74496K), 0.0002170 secs]
273.255: [GC (Allocation Failure) 31796K->435K(73472K), 0.0002320 secs]
273.273: [GC (Allocation Failure) 30819K->435K(72512K), 0.0002140 secs]
273.290: [GC (Allocation Failure) 29842K->435K(71616K), 0.0002280 secs]
273.333: [GC (Allocation Failure) 28963K->435K(70720K), 0.0002090 secs]
273.349: [GC (Allocation Failure) 27986K->435K(69888K), 0.0002160 secs]
273.397: [GC (Allocation Failure) 27205K->435K(69056K), 0.0002160 secs]
273.412: [GC (Allocation Failure) 26326K->435K(68288K), 0.0002150 secs]
273.450: [GC (Allocation Failure) 25642K->435K(67520K), 0.0002150 secs]
273.461: [GC (Allocation Failure) 24857K->435K(66816K), 0.0002180 secs]
273.472: [GC (Allocation Failure) 24173K->435K(71616K), 0.0002170 secs]
273.485: [GC (Allocation Failure) 28963K->435K(77376K), 0.0002110 secs]
273.544: [GC (Allocation Failure) 34726K->435K(84288K), 0.0002420 secs]
273.567: [GC (Allocation Failure) 41563K->435K(82816K), 0.0002390 secs]
273.658: [GC (Allocation Failure) 40098K->435K(81408K), 0.0002220 secs]
273.674: [GC (Allocation Failure) 38730K->435K(80064K), 0.0002660 secs]
273.697: [GC (Allocation Failure) 37363K->435K(78784K), 0.0002190 secs]
273.751: [GC (Allocation Failure) 36093K->435K(77568K), 0.0002270 secs]
273.766: [GC (Allocation Failure) 34921K->435K(76416K), 0.0002320 secs]
273.780: [GC (Allocation Failure) 33749K->435K(75328K), 0.0002060 secs]
273.798: [GC (Allocation Failure) 32675K->435K(74304K), 0.0002130 secs]
273.816: [GC (Allocation Failure) 31600K->435K(73280K), 0.0002130 secs]
273.903: [GC (Allocation Failure) 30624K->435K(72320K), 0.0002080 secs]
273.920: [GC (Allocation Failure) 29647K->435K(71424K), 0.0002150 secs]
273.932: [GC (Allocation Failure) 28768K->435K(77120K), 0.0002770 secs]
274.004: [GC (Allocation Failure) 34433K->435K(75968K), 0.0002220 secs]
274.019: [GC (Allocation Failure) 33261K->435K(74880K), 0.0002040 secs]
274.050: [GC (Allocation Failure) 32186K->435K(73856K), 0.0002140 secs]
274.138: [GC (Allocation Failure) 31210K->435K(72896K), 0.0002190 secs]
274.203: [GC (Allocation Failure) 30233K->435K(71936K), 0.0002110 secs]
274.220: [GC (Allocation Failure) 29256K->435K(71040K), 0.0002290 secs]
274.249: [GC (Allocation Failure) 28377K->435K(70208K), 0.0002330 secs]
274.260: [GC (Allocation Failure) 27498K->435K(75648K), 0.0002850 secs]
274.300: [GC (Allocation Failure) 32968K->435K(74560K), 0.0002270 secs]
274.318: [GC (Allocation Failure) 31893K->435K(73536K), 0.0002010 secs]
274.335: [GC (Allocation Failure) 30819K->435K(72576K), 0.0002220 secs]
274.409: [GC (Allocation Failure) 29842K->435K(71680K), 0.0002120 secs]
274.422: [GC (Allocation Failure) 28963K->435K(77440K), 0.0003220 secs]
274.458: [GC (Allocation Failure) 34726K->435K(84352K), 0.0002330 secs]
274.476: [GC (Allocation Failure) 41660K->435K(82880K), 0.0002080 secs]
274.554: [GC (Allocation Failure) 40195K->435K(81472K), 0.0002100 secs]
274.618: [GC (Allocation Failure) 38828K->435K(80128K), 0.0002060 secs]
274.641: [GC (Allocation Failure) 37461K->435K(78848K), 0.0002220 secs]
274.657: [GC (Allocation Failure) 36191K->435K(77632K), 0.0002090 secs]
274.672: [GC (Allocation Failure) 34921K->435K(76480K), 0.0002040 secs]
274.686: [GC (Allocation Failure) 33749K->435K(83200K), 0.0002730 secs]
274.743: [GC (Allocation Failure) 40488K->435K(81792K), 0.0002310 secs]
274.763: [GC (Allocation Failure) 39121K->435K(80448K), 0.0002100 secs]
274.854: [GC (Allocation Failure) 37754K->435K(79168K), 0.0002170 secs]
274.869: [GC (Allocation Failure) 36484K->435K(77952K), 0.0002050 secs]
274.885: [GC (Allocation Failure) 35312K->435K(76800K), 0.0002240 secs]
274.899: [GC (Allocation Failure) 34140K->435K(83584K), 0.0002060 secs]
274.939: [GC (Allocation Failure) 40879K->435K(82176K), 0.0002110 secs]
274.956: [GC (Allocation Failure) 39512K->435K(80832K), 0.0002070 secs]
275.057: [GC (Allocation Failure) 38144K->435K(79552K), 0.0002230 secs]
275.078: [GC (Allocation Failure) 36875K->435K(78336K), 0.0002130 secs]
275.093: [GC (Allocation Failure) 35605K->435K(77184K), 0.0002160 secs]
275.156: [GC (Allocation Failure) 34530K->435K(76032K), 0.0002270 secs]
275.175: [GC (Allocation Failure) 33358K->435K(74944K), 0.0002170 secs]
275.205: [GC (Allocation Failure) 32284K->435K(73920K), 0.0002070 secs]
275.223: [GC (Allocation Failure) 31210K->435K(72960K), 0.0002770 secs]
275.238: [GC (Allocation Failure) 30233K->435K(72000K), 0.0002150 secs]
275.251: [GC (Allocation Failure) 29354K->435K(77824K), 0.0003220 secs]
275.356: [GC (Allocation Failure) 35116K->435K(84800K), 0.0002160 secs]
275.378: [GC (Allocation Failure) 42149K->435K(83328K), 0.0002020 secs]
275.450: [GC (Allocation Failure) 40684K->435K(81920K), 0.0002760 secs]
275.508: [GC (Allocation Failure) 39219K->435K(80576K), 0.0002240 secs]
275.529: [GC (Allocation Failure) 37851K->435K(79296K), 0.0002350 secs]
275.545: [GC (Allocation Failure) 36582K->435K(78080K), 0.0002050 secs]
275.658: [GC (Allocation Failure) 35409K->435K(76928K), 0.0002150 secs]
275.673: [GC (Allocation Failure) 34237K->435K(75840K), 0.0002750 secs]
275.703: [GC (Allocation Failure) 33163K->435K(74752K), 0.0002070 secs]
275.740: [GC (Allocation Failure) 32089K->435K(73728K), 0.0002210 secs]
275.758: [GC (Allocation Failure) 31014K->435K(72768K), 0.0002130 secs]
275.805: [GC (Allocation Failure) 30038K->435K(71808K), 0.0002020 secs]
275.818: [GC (Allocation Failure) 29158K->435K(70912K), 0.0002160 secs]
275.905: [GC (Allocation Failure) 28182K->435K(70080K), 0.0002130 secs]
275.916: [GC (Allocation Failure) 27400K->435K(69248K), 0.0002240 secs]
275.950: [GC (Allocation Failure) 26521K->435K(68480K), 0.0002710 secs]
275.961: [GC (Allocation Failure) 25838K->435K(73600K), 0.0002050 secs]
276.002: [GC (Allocation Failure) 30917K->435K(72640K), 0.0002140 secs]
276.052: [GC (Allocation Failure) 29940K->435K(71744K), 0.0002160 secs]
276.073: [GC (Allocation Failure) 29061K->435K(70848K), 0.0002300 secs]
276.085: [GC (Allocation Failure) 28182K->435K(70016K), 0.0002220 secs]
276.097: [GC (Allocation Failure) 27303K->435K(75456K), 0.0002050 secs]
276.202: [GC (Allocation Failure) 32772K->435K(74432K), 0.0002130 secs]
276.257: [GC (Allocation Failure) 31698K->435K(73408K), 0.0002240 secs]
276.270: [GC (Allocation Failure) 30721K->435K(79488K), 0.0003260 secs]
276.305: [GC (Allocation Failure) 36777K->435K(78272K), 0.0002050 secs]
276.336: [GC (Allocation Failure) 35605K->435K(77120K), 0.0002260 secs]
276.355: [GC (Allocation Failure) 34433K->435K(75968K), 0.0002020 secs]
276.370: [GC (Allocation Failure) 33261K->435K(74880K), 0.0002130 secs]
276.383: [GC (Allocation Failure) 32186K->435K(81280K), 0.0002070 secs]
276.400: [GC (Allocation Failure) 38633K->435K(88960K), 0.0002060 secs]
276.509: [GC (Allocation Failure) 46251K->435K(87296K), 0.0002030 secs]
276.562: [GC (Allocation Failure) 44591K->435K(85696K), 0.0002240 secs]
276.581: [GC (Allocation Failure) 43028K->435K(84160K), 0.0002200 secs]
276.607: [GC (Allocation Failure) 41465K->435K(82688K), 0.0002300 secs]
276.625: [GC (Allocation Failure) 40000K->435K(81344K), 0.0002230 secs]
276.656: [GC (Allocation Failure) 38633K->435K(80000K), 0.0002090 secs]
276.689: [GC (Allocation Failure) 37363K->435K(78720K), 0.0002040 secs]
276.809: [GC (Allocation Failure) 35996K->435K(77504K), 0.0002220 secs]
276.824: [GC (Allocation Failure) 34823K->435K(76352K), 0.0002210 secs]
276.856: [GC (Allocation Failure) 33651K->435K(75264K), 0.0002100 secs]
276.874: [GC (Allocation Failure) 32577K->435K(74240K), 0.0002160 secs]
276.890: [GC (Allocation Failure) 31600K->435K(73216K), 0.0002040 secs]
276.934: [GC (Allocation Failure) 30526K->435K(72256K), 0.0002730 secs]
276.952: [GC (Allocation Failure) 29549K->435K(71360K), 0.0002290 secs]
276.964: [GC (Allocation Failure) 28670K->435K(77056K), 0.0002150 secs]
276.979: [GC (Allocation Failure) 34335K->435K(83904K), 0.0002780 secs]
277.111: [GC (Allocation Failure) 41172K->435K(82496K), 0.0002190 secs]
277.133: [GC (Allocation Failure) 39805K->435K(81152K), 0.0002140 secs]
277.206: [GC (Allocation Failure) 38437K->435K(79872K), 0.0002060 secs]
277.261: [GC (Allocation Failure) 37168K->435K(78656K), 0.0002160 secs]
277.277: [GC (Allocation Failure) 35996K->435K(77440K), 0.0002200 secs]
277.292: [GC (Allocation Failure) 34726K->435K(76288K), 0.0002060 secs]
277.306: [GC (Allocation Failure) 33554K->435K(75200K), 0.0002050 secs]
277.408: [GC (Allocation Failure) 32479K->435K(74176K), 0.0002120 secs]
277.422: [GC (Allocation Failure) 31503K->435K(73152K), 0.0002190 secs]
277.458: [GC (Allocation Failure) 30428K->435K(72192K), 0.0002250 secs]
277.471: [GC (Allocation Failure) 29549K->435K(71296K), 0.0002190 secs]
277.503: [GC (Allocation Failure) 28572K->435K(70400K), 0.0002280 secs]
277.519: [GC (Allocation Failure) 27693K->435K(69568K), 0.0002120 secs]
277.535: [GC (Allocation Failure) 26912K->435K(68800K), 0.0002010 secs]
277.550: [GC (Allocation Failure) 26131K->435K(73984K), 0.0002110 secs]
277.564: [GC (Allocation Failure) 31307K->435K(80192K), 0.0002200 secs]
277.580: [GC (Allocation Failure) 37461K->435K(87616K), 0.0002050 secs]
277.616: [GC (Allocation Failure) 44884K->435K(86016K), 0.0002220 secs]
277.639: [GC (Allocation Failure) 43321K->435K(84480K), 0.0002030 secs]
277.661: [GC (Allocation Failure) 41758K->435K(83008K), 0.0002020 secs]
277.679: [GC (Allocation Failure) 40293K->435K(81600K), 0.0002160 secs]
277.762: [GC (Allocation Failure) 38926K->435K(80256K), 0.0002210 secs]
277.778: [GC (Allocation Failure) 37558K->435K(78976K), 0.0002710 secs]
277.807: [GC (Allocation Failure) 36289K->435K(77760K), 0.0002240 secs]
277.822: [GC (Allocation Failure) 35116K->435K(84736K), 0.0002680 secs]
277.911: [GC (Allocation Failure) 42051K->435K(83264K), 0.0002290 secs]
277.929: [GC (Allocation Failure) 40586K->435K(81856K), 0.0002050 secs]
277.958: [GC (Allocation Failure) 39219K->435K(80512K), 0.0002130 secs]
277.974: [GC (Allocation Failure) 37851K->435K(79232K), 0.0002060 secs]
278.007: [GC (Allocation Failure) 36582K->435K(78016K), 0.0002720 secs]
278.028: [GC (Allocation Failure) 35312K->435K(76864K), 0.0002840 secs]
278.048: [GC (Allocation Failure) 34140K->435K(75776K), 0.0001910 secs]
278.107: [GC (Allocation Failure) 33065K->435K(74688K), 0.0002800 secs]
278.139: [GC (Allocation Failure) 31991K->435K(73664K), 0.0002160 secs]
278.156: [GC (Allocation Failure) 31014K->435K(72704K), 0.0002040 secs]
278.210: [GC (Allocation Failure) 30038K->435K(71808K), 0.0002060 secs]
278.222: [GC (Allocation Failure) 29158K->435K(70912K), 0.0002190 secs]
278.309: [GC (Allocation Failure) 28182K->435K(70080K), 0.0002390 secs]
278.321: [GC (Allocation Failure) 27400K->435K(69248K), 0.0002620 secs]
278.358: [GC (Allocation Failure) 26521K->435K(68480K), 0.0002130 secs]
278.370: [GC (Allocation Failure) 25838K->435K(73600K), 0.0003240 secs]
278.461: [GC (Allocation Failure) 30917K->435K(79744K), 0.0002780 secs]
278.481: [GC (Allocation Failure) 37070K->435K(78528K), 0.0002160 secs]
278.497: [GC (Allocation Failure) 35800K->435K(85632K), 0.0002060 secs]
278.515: [GC (Allocation Failure) 42930K->435K(94144K), 0.0002050 secs]
278.541: [GC (Allocation Failure) 51432K->435K(92224K), 0.0002120 secs]
278.568: [GC (Allocation Failure) 49572K->435K(90432K), 0.0002030 secs]
278.589: [GC (Allocation Failure) 47716K->435K(88704K), 0.0002730 secs]
278.615: [GC (Allocation Failure) 46056K->435K(87040K), 0.0002620 secs]
278.634: [GC (Allocation Failure) 44395K->435K(85440K), 0.0002160 secs]
278.653: [GC (Allocation Failure) 42735K->435K(83968K), 0.0002090 secs]
278.798: [GC (Allocation Failure) 41270K->435K(82560K), 0.0002230 secs]
278.819: [GC (Allocation Failure) 39902K->435K(81216K), 0.0002120 secs]
278.835: [GC (Allocation Failure) 38535K->435K(79936K), 0.0002070 secs]
278.851: [GC (Allocation Failure) 37265K->435K(78656K), 0.0002040 secs]
278.909: [GC (Allocation Failure) 35996K->435K(77440K), 0.0002150 secs]
278.924: [GC (Allocation Failure) 34726K->435K(76288K), 0.0002750 secs]
278.962: [GC (Allocation Failure) 33554K->435K(75200K), 0.0002160 secs]
278.976: [GC (Allocation Failure) 32479K->435K(74176K), 0.0002250 secs]
278.993: [GC (Allocation Failure) 31503K->435K(73152K), 0.0002020 secs]
279.011: [GC (Allocation Failure) 30428K->435K(79168K), 0.0002120 secs]
279.030: [GC (Allocation Failure) 36484K->435K(77952K), 0.0002020 secs]
279.050: [GC (Allocation Failure) 35312K->435K(76800K), 0.0002110 secs]
279.069: [GC (Allocation Failure) 34140K->435K(83584K), 0.0002830 secs]
279.112: [GC (Allocation Failure) 40879K->435K(82176K), 0.0002770 secs]
279.142: [GC (Allocation Failure) 39512K->435K(80832K), 0.0002110 secs]
279.158: [GC (Allocation Failure) 38144K->435K(88384K), 0.0002730 secs]
279.218: [GC (Allocation Failure) 45665K->435K(86720K), 0.0002150 secs]
279.237: [GC (Allocation Failure) 44005K->435K(85184K), 0.0002810 secs]
279.266: [GC (Allocation Failure) 42540K->435K(83712K), 0.0002200 secs]
279.284: [GC (Allocation Failure) 41074K->435K(91840K), 0.0003260 secs]
279.418: [GC (Allocation Failure) 49181K->435K(90048K), 0.0002440 secs]
279.439: [GC (Allocation Failure) 47325K->435K(88320K), 0.0002170 secs]
279.514: [GC (Allocation Failure) 45665K->435K(86656K), 0.0002050 secs]
279.563: [GC (Allocation Failure) 44005K->435K(85120K), 0.0002150 secs]
279.667: [GC (Allocation Failure) 42442K->435K(83648K), 0.0002190 secs]
279.689: [GC (Allocation Failure) 40977K->435K(82240K), 0.0002880 secs]
279.706: [GC (Allocation Failure) 39512K->435K(80896K), 0.0002160 secs]
279.722: [GC (Allocation Failure) 38242K->435K(79616K), 0.0002050 secs]
279.742: [GC (Allocation Failure) 36972K->435K(78400K), 0.0002020 secs]
279.764: [GC (Allocation Failure) 35702K->435K(77248K), 0.0002070 secs]
279.783: [GC (Allocation Failure) 34530K->435K(76096K), 0.0002090 secs]
279.798: [GC (Allocation Failure) 33456K->435K(75008K), 0.0002190 secs]
279.914: [GC (Allocation Failure) 32284K->435K(73984K), 0.0002180 secs]
279.928: [GC (Allocation Failure) 31307K->435K(73024K), 0.0002290 secs]
279.945: [GC (Allocation Failure) 30331K->435K(72064K), 0.0002130 secs]
280.008: [GC (Allocation Failure) 29354K->435K(71168K), 0.0002140 secs]
280.020: [GC (Allocation Failure) 28475K->435K(70336K), 0.0002040 secs]
280.061: [GC (Allocation Failure) 27693K->435K(69504K), 0.0002830 secs]
280.073: [GC (Allocation Failure) 26814K->435K(74816K), 0.0002290 secs]
280.091: [GC (Allocation Failure) 32089K->435K(81216K), 0.0002110 secs]
280.146: [GC (Allocation Failure) 38535K->435K(79936K), 0.0002200 secs]
280.166: [GC (Allocation Failure) 37265K->435K(78656K), 0.0002210 secs]
280.183: [GC (Allocation Failure) 35996K->435K(85824K), 0.0002740 secs]
280.202: [GC (Allocation Failure) 43126K->435K(84288K), 0.0002040 secs]
280.219: [GC (Allocation Failure) 41563K->435K(82816K), 0.0002130 secs]
280.267: [GC (Allocation Failure) 40098K->435K(81408K), 0.0002230 secs]
280.284: [GC (Allocation Failure) 38730K->435K(80064K), 0.0002050 secs]
280.341: [GC (Allocation Failure) 37363K->435K(78784K), 0.0002220 secs]
280.360: [GC (Allocation Failure) 36093K->435K(77568K), 0.0002140 secs]
280.379: [GC (Allocation Failure) 34921K->435K(76416K), 0.0002230 secs]
280.411: [GC (Allocation Failure) 33749K->435K(75328K), 0.0002120 secs]
280.426: [GC (Allocation Failure) 32675K->435K(74304K), 0.0002020 secs]
280.455: [GC (Allocation Failure) 31600K->435K(73280K), 0.0002080 secs]
280.534: [GC (Allocation Failure) 30624K->435K(72320K), 0.0002210 secs]
280.558: [GC (Allocation Failure) 29647K->435K(71424K), 0.0002250 secs]
280.574: [GC (Allocation Failure) 28768K->435K(70528K), 0.0002110 secs]
280.591: [GC (Allocation Failure) 27889K->435K(69696K), 0.0002200 secs]
280.607: [GC (Allocation Failure) 27010K->435K(75072K), 0.0002750 secs]
280.625: [GC (Allocation Failure) 32382K->435K(81472K), 0.0002140 secs]
280.646: [GC (Allocation Failure) 38828K->435K(80128K), 0.0002070 secs]
280.665: [GC (Allocation Failure) 37461K->435K(78848K), 0.0002060 secs]
280.684: [GC (Allocation Failure) 36191K->435K(77632K), 0.0002140 secs]
280.711: [GC (Allocation Failure) 34921K->435K(76480K), 0.0002270 secs]
280.726: [GC (Allocation Failure) 33749K->435K(75392K), 0.0002030 secs]
280.744: [GC (Allocation Failure) 32675K->435K(74368K), 0.0002110 secs]
280.760: [GC (Allocation Failure) 31698K->435K(80640K), 0.0003230 secs]
280.862: [GC (Allocation Failure) 37949K->435K(79360K), 0.0002150 secs]
280.913: [GC (Allocation Failure) 36679K->435K(78144K), 0.0003370 secs]
280.929: [GC (Allocation Failure) 35409K->435K(85184K), 0.0003290 secs]
280.964: [GC (Allocation Failure) 42540K->435K(83712K), 0.0002070 secs]
281.115: [GC (Allocation Failure) 41074K->435K(82304K), 0.0002150 secs]
281.131: [GC (Allocation Failure) 39609K->435K(80960K), 0.0002170 secs]
281.148: [GC (Allocation Failure) 38242K->435K(79680K), 0.0002010 secs]
281.213: [GC (Allocation Failure) 36972K->435K(78464K), 0.0002130 secs]
281.232: [GC (Allocation Failure) 35800K->435K(77312K), 0.0002140 secs]
281.262: [GC (Allocation Failure) 34628K->435K(76160K), 0.0002140 secs]
281.280: [GC (Allocation Failure) 33456K->435K(75072K), 0.0002120 secs]
281.298: [GC (Allocation Failure) 32382K->435K(74048K), 0.0002100 secs]
281.315: [GC (Allocation Failure) 31405K->435K(73088K), 0.0002220 secs]
281.334: [GC (Allocation Failure) 30428K->435K(72128K), 0.0002200 secs]
281.413: [GC (Allocation Failure) 29451K->435K(71232K), 0.0002120 secs]
281.426: [GC (Allocation Failure) 28572K->435K(76864K), 0.0003220 secs]
281.512: [GC (Allocation Failure) 34140K->435K(75776K), 0.0002260 secs]
281.530: [GC (Allocation Failure) 33065K->435K(74688K), 0.0002130 secs]
281.548: [GC (Allocation Failure) 31991K->435K(73664K), 0.0002120 secs]
281.565: [GC (Allocation Failure) 31014K->435K(72704K), 0.0002110 secs]
281.665: [GC (Allocation Failure) 30038K->435K(71808K), 0.0002260 secs]
281.710: [GC (Allocation Failure) 29158K->435K(70912K), 0.0002740 secs]
281.763: [GC (Allocation Failure) 28182K->435K(70080K), 0.0002140 secs]
281.775: [GC (Allocation Failure) 27400K->435K(69248K), 0.0002220 secs]
281.810: [GC (Allocation Failure) 26521K->435K(68480K), 0.0003220 secs]
281.859: [GC (Allocation Failure) 25838K->435K(67712K), 0.0002150 secs]
281.939: [GC (Allocation Failure) 25052K->435K(67008K), 0.0002120 secs]
281.954: [GC (Allocation Failure) 24369K->435K(66304K), 0.0002100 secs]
281.969: [GC (Allocation Failure) 23587K->435K(65664K), 0.0002110 secs]
282.008: [GC (Allocation Failure) 23001K->435K(65024K), 0.0002750 secs]
282.057: [GC (Allocation Failure) 22317K->435K(64448K), 0.0003040 secs]
282.078: [GC (Allocation Failure) 21731K->435K(63872K), 0.0002860 secs]
282.087: [GC (Allocation Failure) 21145K->435K(68032K), 0.0002090 secs]
282.110: [GC (Allocation Failure) 25349K->435K(73024K), 0.0002160 secs]
282.127: [GC (Allocation Failure) 30331K->435K(79040K), 0.0002080 secs]
282.143: [GC (Allocation Failure) 36386K->435K(86272K), 0.0002150 secs]
282.166: [GC (Allocation Failure) 43614K->435K(94912K), 0.0002250 secs]
282.193: [GC (Allocation Failure) 52213K->435K(92992K), 0.0002100 secs]
282.214: [GC (Allocation Failure) 50260K->435K(91136K), 0.0002130 secs]
282.239: [GC (Allocation Failure) 48498K->435K(89344K), 0.0002100 secs]
282.319: [GC (Allocation Failure) 46642K->435K(87680K), 0.0002270 secs]
282.342: [GC (Allocation Failure) 44981K->435K(86080K), 0.0002130 secs]
282.361: [GC (Allocation Failure) 43419K->435K(84544K), 0.0002030 secs]
282.383: [GC (Allocation Failure) 41856K->435K(83072K), 0.0002130 secs]
282.404: [GC (Allocation Failure) 40391K->435K(81664K), 0.0002110 secs]
282.541: [GC (Allocation Failure) 39023K->435K(80320K), 0.0002700 secs]
282.596: [GC (Allocation Failure) 37656K->435K(79040K), 0.0002150 secs]
282.616: [GC (Allocation Failure) 36386K->435K(77824K), 0.0003220 secs]
282.662: [GC (Allocation Failure) 35116K->435K(76672K), 0.0002240 secs]
282.676: [GC (Allocation Failure) 33944K->435K(75584K), 0.0002040 secs]
282.694: [GC (Allocation Failure) 32870K->435K(74560K), 0.0002210 secs]
282.734: [GC (Allocation Failure) 31893K->435K(73536K), 0.0002160 secs]
282.748: [GC (Allocation Failure) 30819K->435K(72576K), 0.0002040 secs]
282.766: [GC (Allocation Failure) 29842K->435K(71680K), 0.0002110 secs]
282.779: [GC (Allocation Failure) 28963K->435K(77440K), 0.0002170 secs]
282.815: [GC (Allocation Failure) 34726K->435K(76288K), 0.0002310 secs]
282.830: [GC (Allocation Failure) 33554K->435K(82944K), 0.0002050 secs]
282.852: [GC (Allocation Failure) 40293K->435K(81536K), 0.0001880 secs]
282.872: [GC (Allocation Failure) 38828K->435K(80192K), 0.0002160 secs]
282.892: [GC (Allocation Failure) 37461K->435K(78912K), 0.0002050 secs]
282.936: [GC (Allocation Failure) 36191K->435K(77696K), 0.0002280 secs]
282.969: [GC (Allocation Failure) 35019K->435K(76544K), 0.0002140 secs]
282.983: [GC (Allocation Failure) 33847K->435K(75456K), 0.0002060 secs]
283.014: [GC (Allocation Failure) 32772K->435K(74432K), 0.0002160 secs]
283.032: [GC (Allocation Failure) 31698K->435K(73408K), 0.0002030 secs]
283.138: [GC (Allocation Failure) 30721K->435K(72448K), 0.0002220 secs]
283.167: [GC (Allocation Failure) 29745K->435K(71552K), 0.0002230 secs]
283.184: [GC (Allocation Failure) 28865K->435K(70656K), 0.0002400 secs]
283.213: [GC (Allocation Failure) 27986K->435K(69824K), 0.0002130 secs]
283.266: [GC (Allocation Failure) 27107K->435K(68992K), 0.0002250 secs]
283.281: [GC (Allocation Failure) 26326K->435K(68224K), 0.0002160 secs]
283.296: [GC (Allocation Failure) 25545K->435K(67520K), 0.0002130 secs]
283.315: [GC (Allocation Failure) 24857K->435K(66816K), 0.0002070 secs]
283.330: [GC (Allocation Failure) 24173K->435K(71616K), 0.0002180 secs]
283.343: [GC (Allocation Failure) 28963K->435K(77376K), 0.0002150 secs]
283.358: [GC (Allocation Failure) 34726K->435K(84288K), 0.0002050 secs]
283.375: [GC (Allocation Failure) 41563K->435K(92544K), 0.0002050 secs]
283.401: [GC (Allocation Failure) 49867K->435K(90688K), 0.0002140 secs]
283.477: [GC (Allocation Failure) 48009K->435K(88960K), 0.0002060 secs]
283.501: [GC (Allocation Failure) 46251K->435K(87296K), 0.0002420 secs]
283.520: [GC (Allocation Failure) 44591K->435K(85696K), 0.0002130 secs]
283.547: [GC (Allocation Failure) 43028K->435K(84160K), 0.0002240 secs]
283.565: [GC (Allocation Failure) 41465K->435K(82688K), 0.0002000 secs]
283.582: [GC (Allocation Failure) 40000K->435K(81344K), 0.0002040 secs]
283.721: [GC (Allocation Failure) 38633K->435K(80000K), 0.0002170 secs]
283.737: [GC (Allocation Failure) 37363K->435K(78720K), 0.0002010 secs]
283.756: [GC (Allocation Failure) 35996K->435K(77504K), 0.0002110 secs]
283.820: [GC (Allocation Failure) 34823K->435K(76352K), 0.0002030 secs]
283.835: [GC (Allocation Failure) 33651K->435K(75264K), 0.0002050 secs]
283.849: [GC (Allocation Failure) 32577K->435K(74240K), 0.0002120 secs]
283.863: [GC (Allocation Failure) 31600K->435K(80512K), 0.0002050 secs]
283.879: [GC (Allocation Failure) 37851K->435K(88000K), 0.0002020 secs]
283.898: [GC (Allocation Failure) 45274K->435K(97024K), 0.0002020 secs]
283.925: [GC (Allocation Failure) 54362K->435K(94976K), 0.0002110 secs]
284.024: [GC (Allocation Failure) 52311K->435K(93056K), 0.0002270 secs]
284.046: [GC (Allocation Failure) 50357K->435K(91200K), 0.0002050 secs]
284.072: [GC (Allocation Failure) 48498K->435K(89408K), 0.0002150 secs]
284.092: [GC (Allocation Failure) 46739K->435K(87744K), 0.0002180 secs]
284.111: [GC (Allocation Failure) 45079K->435K(86144K), 0.0002040 secs]
284.173: [GC (Allocation Failure) 43419K->435K(84608K), 0.0002240 secs]
284.195: [GC (Allocation Failure) 41953K->435K(83136K), 0.0002260 secs]
284.223: [GC (Allocation Failure) 40488K->435K(81728K), 0.0002170 secs]
284.244: [GC (Allocation Failure) 39023K->435K(80384K), 0.0002110 secs]
284.319: [GC (Allocation Failure) 37656K->435K(79104K), 0.0002070 secs]
284.368: [GC (Allocation Failure) 36386K->435K(77888K), 0.0002270 secs]
284.387: [GC (Allocation Failure) 35214K->435K(76736K), 0.0002110 secs]
284.417: [GC (Allocation Failure) 34042K->435K(75648K), 0.0002730 secs]
284.465: [GC (Allocation Failure) 32968K->435K(74560K), 0.0002060 secs]
284.482: [GC (Allocation Failure) 31893K->435K(73536K), 0.0002150 secs]
284.495: [GC (Allocation Failure) 30819K->435K(72576K), 0.0002060 secs]
284.520: [GC (Allocation Failure) 29842K->435K(71680K), 0.0002130 secs]
284.534: [GC (Allocation Failure) 28963K->435K(70784K), 0.0002190 secs]
284.546: [GC (Allocation Failure) 28084K->435K(76352K), 0.0002050 secs]
284.564: [GC (Allocation Failure) 33651K->435K(83008K), 0.0002170 secs]
284.582: [GC (Allocation Failure) 40293K->435K(91008K), 0.0002770 secs]
284.625: [GC (Allocation Failure) 48302K->435K(89216K), 0.0002150 secs]
284.645: [GC (Allocation Failure) 46544K->435K(87552K), 0.0002060 secs]
284.673: [GC (Allocation Failure) 44884K->435K(85952K), 0.0002150 secs]
284.695: [GC (Allocation Failure) 43223K->435K(84416K), 0.0002110 secs]
284.718: [GC (Allocation Failure) 41758K->435K(82944K), 0.0002150 secs]
284.735: [GC (Allocation Failure) 40293K->435K(81536K), 0.0002150 secs]
284.752: [GC (Allocation Failure) 38828K->435K(89280K), 0.0002760 secs]
284.878: [GC (Allocation Failure) 46642K->435K(87616K), 0.0002130 secs]
284.901: [GC (Allocation Failure) 44884K->435K(86016K), 0.0002040 secs]
284.923: [GC (Allocation Failure) 43321K->435K(84480K), 0.0002030 secs]
284.972: [GC (Allocation Failure) 41758K->435K(83008K), 0.0002740 secs]
285.025: [GC (Allocation Failure) 40293K->435K(81600K), 0.0002220 secs]
285.042: [GC (Allocation Failure) 38926K->435K(80256K), 0.0002170 secs]
285.141: [GC (Allocation Failure) 37558K->435K(78976K), 0.0002370 secs]
285.160: [GC (Allocation Failure) 36289K->435K(77760K), 0.0002100 secs]
285.179: [GC (Allocation Failure) 35116K->435K(76608K), 0.0002220 secs]
285.271: [GC (Allocation Failure) 33944K->435K(75520K), 0.0002260 secs]
285.285: [GC (Allocation Failure) 32870K->435K(74496K), 0.0002070 secs]
285.311: [GC (Allocation Failure) 31796K->435K(73472K), 0.0002280 secs]
285.325: [GC (Allocation Failure) 30819K->435K(72512K), 0.0002150 secs]
285.337: [GC (Allocation Failure) 29842K->435K(78400K), 0.0002720 secs]
285.367: [GC (Allocation Failure) 35702K->435K(85504K), 0.0002170 secs]
285.390: [GC (Allocation Failure) 42833K->435K(83968K), 0.0002020 secs]
285.472: [GC (Allocation Failure) 41270K->435K(82560K), 0.0002180 secs]
285.522: [GC (Allocation Failure) 39902K->435K(81216K), 0.0002130 secs]
285.542: [GC (Allocation Failure) 38535K->435K(79936K), 0.0002030 secs]
285.562: [GC (Allocation Failure) 37265K->435K(78656K), 0.0002140 secs]
285.578: [GC (Allocation Failure) 35996K->435K(77440K), 0.0002160 secs]
285.604: [GC (Allocation Failure) 34726K->435K(76288K), 0.0002180 secs]
285.622: [GC (Allocation Failure) 33554K->435K(75200K), 0.0002130 secs]
285.636: [GC (Allocation Failure) 32479K->435K(74176K), 0.0002070 secs]
285.653: [GC (Allocation Failure) 31503K->435K(73152K), 0.0001940 secs]
285.672: [GC (Allocation Failure) 30428K->435K(72192K), 0.0002140 secs]
285.684: [GC (Allocation Failure) 29549K->435K(78016K), 0.0002830 secs]
285.772: [GC (Allocation Failure) 35312K->435K(76864K), 0.0002300 secs]
285.791: [GC (Allocation Failure) 34140K->435K(75776K), 0.0002050 secs]
285.806: [GC (Allocation Failure) 33065K->435K(82368K), 0.0002300 secs]
285.827: [GC (Allocation Failure) 39707K->435K(90240K), 0.0002140 secs]
285.848: [GC (Allocation Failure) 47521K->435K(88512K), 0.0002060 secs]
285.875: [GC (Allocation Failure) 45860K->435K(86848K), 0.0002240 secs]
285.898: [GC (Allocation Failure) 44200K->435K(85312K), 0.0002120 secs]
285.928: [GC (Allocation Failure) 42637K->435K(83840K), 0.0002020 secs]
285.950: [GC (Allocation Failure) 41172K->435K(82432K), 0.0002020 secs]
285.973: [GC (Allocation Failure) 39707K->435K(81088K), 0.0002240 secs]
285.989: [GC (Allocation Failure) 38437K->435K(79808K), 0.0002150 secs]
286.022: [GC (Allocation Failure) 37168K->435K(78592K), 0.0002040 secs]
286.075: [GC (Allocation Failure) 35898K->435K(77376K), 0.0002130 secs]
286.094: [GC (Allocation Failure) 34726K->435K(76224K), 0.0002130 secs]
286.113: [GC (Allocation Failure) 33554K->435K(75136K), 0.0002190 secs]
286.127: [GC (Allocation Failure) 32479K->435K(74112K), 0.0002070 secs]
286.140: [GC (Allocation Failure) 31405K->435K(80320K), 0.0002150 secs]
286.172: [GC (Allocation Failure) 37656K->435K(79040K), 0.0002230 secs]
286.191: [GC (Allocation Failure) 36386K->435K(77824K), 0.0002100 secs]
286.321: [GC (Allocation Failure) 35116K->435K(76672K), 0.0002040 secs]
286.375: [GC (Allocation Failure) 33944K->435K(75584K), 0.0002120 secs]
286.389: [GC (Allocation Failure) 32870K->435K(74560K), 0.0002020 secs]
286.406: [GC (Allocation Failure) 31893K->435K(73536K), 0.0002700 secs]
286.424: [GC (Allocation Failure) 30819K->435K(72576K), 0.0002250 secs]
286.440: [GC (Allocation Failure) 29842K->435K(71680K), 0.0002030 secs]
286.454: [GC (Allocation Failure) 28963K->435K(77440K), 0.0002730 secs]
286.594: [GC (Allocation Failure) 34726K->435K(76288K), 0.0002170 secs]
286.620: [GC (Allocation Failure) 33554K->435K(75200K), 0.0002300 secs]
286.638: [GC (Allocation Failure) 32479K->435K(74176K), 0.0002020 secs]
286.652: [GC (Allocation Failure) 31503K->435K(73152K), 0.0002170 secs]
286.666: [GC (Allocation Failure) 30428K->435K(79168K), 0.0001990 secs]
286.722: [GC (Allocation Failure) 36484K->435K(77952K), 0.0002050 secs]
286.772: [GC (Allocation Failure) 35312K->435K(76800K), 0.0002060 secs]
286.875: [GC (Allocation Failure) 34140K->435K(75712K), 0.0002450 secs]
286.890: [GC (Allocation Failure) 33065K->435K(74624K), 0.0002590 secs]
286.907: [GC (Allocation Failure) 31893K->435K(73600K), 0.0002740 secs]
286.920: [GC (Allocation Failure) 30917K->435K(79744K), 0.0002170 secs]
286.936: [GC (Allocation Failure) 37070K->435K(87104K), 0.0002050 secs]
286.980: [GC (Allocation Failure) 44395K->435K(85504K), 0.0002050 secs]
286.998: [GC (Allocation Failure) 42833K->435K(83968K), 0.0002210 secs]
287.020: [GC (Allocation Failure) 41270K->435K(82560K), 0.0002120 secs]
287.138: [GC (Allocation Failure) 39902K->435K(81216K), 0.0002300 secs]
287.157: [GC (Allocation Failure) 38535K->435K(79936K), 0.0002100 secs]
287.227: [GC (Allocation Failure) 37265K->435K(78656K), 0.0002130 secs]
287.243: [GC (Allocation Failure) 35996K->435K(77440K), 0.0002750 secs]
287.272: [GC (Allocation Failure) 34726K->435K(76288K), 0.0002160 secs]
287.286: [GC (Allocation Failure) 33554K->435K(75200K), 0.0002040 secs]
287.321: [GC (Allocation Failure) 32479K->435K(74176K), 0.0002040 secs]
287.414: [GC (Allocation Failure) 31503K->435K(73152K), 0.0002270 secs]
287.432: [GC (Allocation Failure) 30428K->435K(72192K), 0.0002600 secs]
287.445: [GC (Allocation Failure) 29549K->435K(71296K), 0.0002040 secs]
287.474: [GC (Allocation Failure) 28572K->435K(70400K), 0.0002120 secs]
287.490: [GC (Allocation Failure) 27693K->435K(69568K), 0.0002310 secs]
287.505: [GC (Allocation Failure) 26912K->435K(74880K), 0.0002120 secs]
287.525: [GC (Allocation Failure) 32186K->435K(73856K), 0.0002060 secs]
287.543: [GC (Allocation Failure) 31210K->435K(80064K), 0.0003290 secs]
287.559: [GC (Allocation Failure) 37363K->435K(87488K), 0.0002040 secs]
287.631: [GC (Allocation Failure) 44786K->435K(85888K), 0.0003340 secs]
287.650: [GC (Allocation Failure) 43223K->435K(84352K), 0.0002050 secs]
287.673: [GC (Allocation Failure) 41660K->435K(82880K), 0.0002250 secs]
287.742: [GC (Allocation Failure) 40195K->435K(81472K), 0.0002280 secs]
287.764: [GC (Allocation Failure) 38828K->435K(80128K), 0.0002180 secs]
287.824: [GC (Allocation Failure) 37461K->435K(78848K), 0.0002790 secs]
287.873: [GC (Allocation Failure) 36191K->435K(77632K), 0.0002160 secs]
287.923: [GC (Allocation Failure) 34921K->435K(76480K), 0.0002150 secs]
287.938: [GC (Allocation Failure) 33749K->435K(75392K), 0.0002030 secs]
287.955: [GC (Allocation Failure) 32675K->435K(74368K), 0.0002120 secs]
287.972: [GC (Allocation Failure) 31698K->435K(80640K), 0.0003230 secs]
288.025: [GC (Allocation Failure) 37949K->435K(79360K), 0.0002160 secs]
288.045: [GC (Allocation Failure) 36679K->435K(78144K), 0.0002150 secs]
288.061: [GC (Allocation Failure) 35409K->435K(76992K), 0.0002140 secs]
288.076: [GC (Allocation Failure) 34335K->435K(83776K), 0.0002070 secs]
288.126: [GC (Allocation Failure) 41074K->435K(82368K), 0.0002160 secs]
288.177: [GC (Allocation Failure) 39707K->435K(81024K), 0.0002250 secs]
288.194: [GC (Allocation Failure) 38340K->435K(79744K), 0.0002060 secs]
288.210: [GC (Allocation Failure) 37070K->435K(78528K), 0.0001990 secs]
288.229: [GC (Allocation Failure) 35800K->435K(77312K), 0.0002720 secs]
288.244: [GC (Allocation Failure) 34628K->435K(84160K), 0.0002330 secs]
288.327: [GC (Allocation Failure) 41465K->435K(82688K), 0.0002290 secs]
288.344: [GC (Allocation Failure) 40000K->435K(81344K), 0.0002050 secs]
288.379: [GC (Allocation Failure) 38633K->435K(80000K), 0.0002170 secs]
288.396: [GC (Allocation Failure) 37363K->435K(78720K), 0.0002060 secs]
288.428: [GC (Allocation Failure) 35996K->435K(77504K), 0.0002130 secs]
288.443: [GC (Allocation Failure) 34823K->435K(76352K), 0.0002060 secs]
288.477: [GC (Allocation Failure) 33651K->435K(75264K), 0.0002130 secs]
288.495: [GC (Allocation Failure) 32577K->435K(74240K), 0.0002030 secs]
288.519: [GC (Allocation Failure) 31600K->435K(73216K), 0.0002710 secs]
288.534: [GC (Allocation Failure) 30526K->435K(72256K), 0.0002170 secs]
288.550: [GC (Allocation Failure) 29549K->435K(71360K), 0.0002020 secs]
288.566: [GC (Allocation Failure) 28670K->435K(77056K), 0.0002120 secs]
288.598: [GC (Allocation Failure) 34335K->435K(75904K), 0.0002080 secs]
288.613: [GC (Allocation Failure) 33261K->435K(82496K), 0.0002250 secs]
288.630: [GC (Allocation Failure) 39805K->435K(90432K), 0.0002170 secs]
288.655: [GC (Allocation Failure) 47716K->435K(88704K), 0.0002100 secs]
288.692: [GC (Allocation Failure) 46056K->435K(87040K), 0.0002020 secs]
288.712: [GC (Allocation Failure) 44395K->435K(85440K), 0.0002050 secs]
288.739: [GC (Allocation Failure) 42735K->435K(83968K), 0.0002250 secs]
288.759: [GC (Allocation Failure) 41270K->435K(82560K), 0.0002020 secs]
288.777: [GC (Allocation Failure) 39902K->435K(81216K), 0.0002390 secs]
288.797: [GC (Allocation Failure) 38535K->435K(79936K), 0.0002050 secs]
288.881: [GC (Allocation Failure) 37265K->435K(78656K), 0.0002090 secs]
288.896: [GC (Allocation Failure) 35996K->435K(77440K), 0.0002080 secs]
288.929: [GC (Allocation Failure) 34726K->435K(76288K), 0.0002170 secs]
288.947: [GC (Allocation Failure) 33554K->435K(75200K), 0.0002130 secs]
288.961: [GC (Allocation Failure) 32479K->435K(74176K), 0.0002050 secs]
288.979: [GC (Allocation Failure) 31503K->435K(73152K), 0.0002010 secs]
288.996: [GC (Allocation Failure) 30428K->435K(72192K), 0.0002170 secs]
289.009: [GC (Allocation Failure) 29549K->435K(78016K), 0.0002150 secs]
289.024: [GC (Allocation Failure) 35312K->435K(85056K), 0.0002030 secs]
289.078: [GC (Allocation Failure) 42344K->435K(83584K), 0.0002240 secs]
289.099: [GC (Allocation Failure) 40879K->435K(82176K), 0.0002110 secs]
289.117: [GC (Allocation Failure) 39512K->435K(80832K), 0.0002120 secs]
289.230: [GC (Allocation Failure) 38144K->435K(79552K), 0.0002230 secs]
289.250: [GC (Allocation Failure) 36875K->435K(78336K), 0.0002030 secs]
289.267: [GC (Allocation Failure) 35605K->435K(77184K), 0.0002330 secs]
289.282: [GC (Allocation Failure) 34530K->435K(76032K), 0.0002180 secs]
289.296: [GC (Allocation Failure) 33358K->435K(82624K), 0.0002060 secs]
289.331: [GC (Allocation Failure) 39902K->435K(81280K), 0.0002140 secs]
289.352: [GC (Allocation Failure) 38633K->435K(80000K), 0.0002050 secs]
289.368: [GC (Allocation Failure) 37363K->435K(78720K), 0.0002180 secs]
289.387: [GC (Allocation Failure) 35996K->435K(77504K), 0.0002210 secs]
289.529: [GC (Allocation Failure) 34823K->435K(76352K), 0.0002230 secs]
289.544: [GC (Allocation Failure) 33651K->435K(75264K), 0.0002170 secs]
289.579: [GC (Allocation Failure) 32577K->435K(74240K), 0.0002270 secs]
289.597: [GC (Allocation Failure) 31600K->435K(73216K), 0.0002300 secs]
289.611: [GC (Allocation Failure) 30526K->435K(79296K), 0.0002670 secs]
289.680: [GC (Allocation Failure) 36582K->435K(78080K), 0.0002100 secs]
289.695: [GC (Allocation Failure) 35409K->435K(85120K), 0.0002740 secs]
289.783: [GC (Allocation Failure) 42442K->435K(83648K), 0.0002140 secs]
289.805: [GC (Allocation Failure) 40977K->435K(82240K), 0.0002030 secs]
289.822: [GC (Allocation Failure) 39512K->435K(80896K), 0.0002060 secs]
289.839: [GC (Allocation Failure) 38242K->435K(79616K), 0.0002130 secs]
289.858: [GC (Allocation Failure) 36972K->435K(78400K), 0.0002020 secs]
289.908: [GC (Allocation Failure) 35702K->435K(77248K), 0.0002740 secs]
289.936: [GC (Allocation Failure) 34530K->435K(76096K), 0.0002750 secs]
290.073: [GC (Allocation Failure) 33456K->435K(75008K), 0.0002080 secs]
290.091: [GC (Allocation Failure) 32284K->435K(73984K), 0.0002160 secs]
290.176: [GC (Allocation Failure) 31307K->435K(73024K), 0.0002250 secs]
290.190: [GC (Allocation Failure) 30331K->435K(72064K), 0.0002210 secs]
290.206: [GC (Allocation Failure) 29354K->435K(71168K), 0.0002170 secs]
290.223: [GC (Allocation Failure) 28475K->435K(70336K), 0.0002200 secs]
290.239: [GC (Allocation Failure) 27693K->435K(69504K), 0.0002130 secs]
290.251: [GC (Allocation Failure) 26814K->435K(74816K), 0.0002620 secs]
290.375: [GC (Allocation Failure) 32089K->435K(73792K), 0.0002070 secs]
290.410: [GC (Allocation Failure) 31112K->435K(72832K), 0.0002150 secs]
290.424: [GC (Allocation Failure) 30135K->435K(71872K), 0.0002220 secs]
290.464: [GC (Allocation Failure) 29158K->435K(70976K), 0.0002160 secs]
290.480: [GC (Allocation Failure) 28279K->435K(76608K), 0.0003210 secs]
290.499: [GC (Allocation Failure) 33944K->435K(83328K), 0.0002210 secs]
290.517: [GC (Allocation Failure) 40684K->435K(91392K), 0.0002010 secs]
290.542: [GC (Allocation Failure) 48693K->435K(101056K), 0.0002740 secs]
290.571: [GC (Allocation Failure) 58366K->435K(98816K), 0.0002150 secs]
290.597: [GC (Allocation Failure) 56120K->435K(96704K), 0.0002870 secs]
290.637: [GC (Allocation Failure) 53971K->435K(94656K), 0.0002160 secs]
290.661: [GC (Allocation Failure) 52018K->435K(92736K), 0.0001980 secs]
290.682: [GC (Allocation Failure) 50064K->435K(90880K), 0.0002160 secs]
290.703: [GC (Allocation Failure) 48204K->435K(89152K), 0.0002170 secs]
290.723: [GC (Allocation Failure) 46446K->435K(87488K), 0.0002080 secs]
290.746: [GC (Allocation Failure) 44786K->435K(85888K), 0.0002140 secs]
290.782: [GC (Allocation Failure) 43223K->435K(84352K), 0.0002720 secs]
290.804: [GC (Allocation Failure) 41660K->435K(82880K), 0.0002310 secs]
290.821: [GC (Allocation Failure) 40195K->435K(81472K), 0.0002070 secs]
290.838: [GC (Allocation Failure) 38828K->435K(80128K), 0.0002060 secs]
290.854: [GC (Allocation Failure) 37461K->435K(78848K), 0.0002090 secs]
290.912: [GC (Allocation Failure) 36191K->435K(77632K), 0.0002180 secs]
290.931: [GC (Allocation Failure) 34921K->435K(76480K), 0.0002090 secs]
290.950: [GC (Allocation Failure) 33749K->435K(75392K), 0.0002160 secs]
290.964: [GC (Allocation Failure) 32675K->435K(74368K), 0.0002020 secs]
290.982: [GC (Allocation Failure) 31698K->435K(73344K), 0.0002120 secs]
291.026: [GC (Allocation Failure) 30624K->435K(72384K), 0.0002710 secs]
291.076: [GC (Allocation Failure) 29745K->435K(71488K), 0.0002150 secs]
291.088: [GC (Allocation Failure) 28768K->435K(70592K), 0.0002050 secs]
291.137: [GC (Allocation Failure) 27889K->435K(69760K), 0.0002230 secs]
291.152: [GC (Allocation Failure) 27107K->435K(68992K), 0.0002680 secs]
291.168: [GC (Allocation Failure) 26326K->435K(68224K), 0.0002090 secs]
291.229: [GC (Allocation Failure) 25545K->435K(67520K), 0.0002260 secs]
291.240: [GC (Allocation Failure) 24857K->435K(72448K), 0.0002720 secs]
291.277: [GC (Allocation Failure) 29745K->435K(78336K), 0.0002340 secs]
291.293: [GC (Allocation Failure) 35605K->435K(85440K), 0.0003940 secs]
291.336: [GC (Allocation Failure) 42735K->435K(93952K), 0.0002180 secs]
291.358: [GC (Allocation Failure) 51236K->435K(104128K), 0.0002730 secs]
291.391: [GC (Allocation Failure) 61394K->435K(101760K), 0.0002210 secs]
291.418: [GC (Allocation Failure) 59050K->435K(99520K), 0.0002130 secs]
291.542: [GC (Allocation Failure) 56804K->435K(97344K), 0.0002180 secs]
291.570: [GC (Allocation Failure) 54655K->435K(95296K), 0.0002030 secs]
291.608: [GC (Allocation Failure) 52604K->435K(93312K), 0.0002280 secs]
291.633: [GC (Allocation Failure) 50650K->435K(91456K), 0.0002140 secs]
291.658: [GC (Allocation Failure) 48791K->435K(89664K), 0.0002120 secs]
291.679: [GC (Allocation Failure) 46935K->435K(87936K), 0.0002830 secs]
291.744: [GC (Allocation Failure) 45274K->435K(86336K), 0.0002150 secs]
291.763: [GC (Allocation Failure) 43614K->435K(84800K), 0.0002720 secs]
291.833: [GC (Allocation Failure) 42149K->435K(83328K), 0.0002170 secs]
291.854: [GC (Allocation Failure) 40684K->435K(81920K), 0.0002030 secs]
291.875: [GC (Allocation Failure) 39219K->435K(80576K), 0.0002150 secs]
291.895: [GC (Allocation Failure) 37851K->435K(79296K), 0.0002030 secs]
291.930: [GC (Allocation Failure) 36582K->435K(78080K), 0.0002720 secs]
292.080: [GC (Allocation Failure) 35409K->435K(76928K), 0.0002050 secs]
292.134: [GC (Allocation Failure) 34237K->435K(75840K), 0.0002240 secs]
292.152: [GC (Allocation Failure) 33163K->435K(74752K), 0.0002120 secs]
292.179: [GC (Allocation Failure) 32089K->435K(73728K), 0.0002160 secs]
292.232: [GC (Allocation Failure) 31014K->435K(72768K), 0.0002150 secs]
292.249: [GC (Allocation Failure) 30038K->435K(71808K), 0.0002010 secs]
292.381: [GC (Allocation Failure) 29158K->435K(70912K), 0.0002010 secs]
292.394: [GC (Allocation Failure) 28182K->435K(76480K), 0.0003230 secs]
292.477: [GC (Allocation Failure) 33749K->435K(75392K), 0.0002130 secs]
292.529: [GC (Allocation Failure) 32675K->435K(74368K), 0.0002150 secs]
292.580: [GC (Allocation Failure) 31698K->435K(73344K), 0.0002110 secs]
292.598: [GC (Allocation Failure) 30624K->435K(72384K), 0.0002050 secs]
292.611: [GC (Allocation Failure) 29745K->435K(71488K), 0.0002280 secs]
292.627: [GC (Allocation Failure) 28768K->435K(70592K), 0.0002120 secs]
292.661: [GC (Allocation Failure) 27889K->435K(69760K), 0.0003220 secs]
292.677: [GC (Allocation Failure) 27107K->435K(75136K), 0.0002240 secs]
292.691: [GC (Allocation Failure) 32479K->435K(81600K), 0.0002180 secs]
292.737: [GC (Allocation Failure) 38926K->435K(80256K), 0.0002140 secs]
292.757: [GC (Allocation Failure) 37558K->435K(78976K), 0.0002140 secs]
292.781: [GC (Allocation Failure) 36289K->435K(77760K), 0.0002140 secs]
292.796: [GC (Allocation Failure) 35116K->435K(76608K), 0.0002050 secs]
292.811: [GC (Allocation Failure) 33944K->435K(83328K), 0.0002040 secs]
292.834: [GC (Allocation Failure) 40684K->435K(81920K), 0.0002020 secs]
292.883: [GC (Allocation Failure) 39219K->435K(80576K), 0.0002210 secs]
292.904: [GC (Allocation Failure) 37851K->435K(79296K), 0.0002090 secs]
292.920: [GC (Allocation Failure) 36582K->435K(78080K), 0.0002160 secs]
292.939: [GC (Allocation Failure) 35409K->435K(76928K), 0.0002020 secs]
292.954: [GC (Allocation Failure) 34237K->435K(75840K), 0.0002050 secs]
292.981: [GC (Allocation Failure) 33163K->435K(74752K), 0.0002180 secs]
293.030: [GC (Allocation Failure) 32089K->435K(73728K), 0.0002300 secs]
293.044: [GC (Allocation Failure) 31014K->435K(72768K), 0.0002150 secs]
293.079: [GC (Allocation Failure) 30038K->435K(71808K), 0.0002050 secs]
293.129: [GC (Allocation Failure) 29158K->435K(70912K), 0.0002160 secs]
293.278: [GC (Allocation Failure) 28182K->435K(70080K), 0.0002140 secs]
293.294: [GC (Allocation Failure) 27400K->435K(69248K), 0.0002110 secs]
293.310: [GC (Allocation Failure) 26521K->435K(68480K), 0.0002370 secs]
293.382: [GC (Allocation Failure) 25838K->435K(67712K), 0.0002230 secs]
293.393: [GC (Allocation Failure) 25052K->435K(67008K), 0.0002320 secs]
293.403: [GC (Allocation Failure) 24369K->435K(71808K), 0.0002140 secs]
293.417: [GC (Allocation Failure) 29158K->435K(77568K), 0.0002090 secs]
293.532: [GC (Allocation Failure) 34921K->435K(76416K), 0.0002060 secs]
293.581: [GC (Allocation Failure) 33749K->435K(75328K), 0.0002040 secs]
293.631: [GC (Allocation Failure) 32675K->435K(74304K), 0.0002240 secs]
293.648: [GC (Allocation Failure) 31600K->435K(73280K), 0.0002720 secs]
293.664: [GC (Allocation Failure) 30624K->435K(79360K), 0.0003260 secs]
293.684: [GC (Allocation Failure) 36679K->435K(86656K), 0.0002150 secs]
293.835: [GC (Allocation Failure) 44005K->435K(85120K), 0.0002170 secs]
293.858: [GC (Allocation Failure) 42442K->435K(83648K), 0.0002140 secs]
293.914: [GC (Allocation Failure) 40977K->435K(82240K), 0.0002100 secs]
293.931: [GC (Allocation Failure) 39512K->435K(80896K), 0.0002150 secs]
293.988: [GC (Allocation Failure) 38242K->435K(79616K), 0.0002130 secs]
294.004: [GC (Allocation Failure) 36972K->435K(78400K), 0.0002040 secs]
294.084: [GC (Allocation Failure) 35702K->435K(77248K), 0.0002320 secs]
294.099: [GC (Allocation Failure) 34530K->435K(76096K), 0.0002160 secs]
294.183: [GC (Allocation Failure) 33456K->435K(75008K), 0.0002250 secs]
294.198: [GC (Allocation Failure) 32284K->435K(73984K), 0.0002180 secs]
294.215: [GC (Allocation Failure) 31307K->435K(73024K), 0.0002020 secs]
294.228: [GC (Allocation Failure) 30331K->435K(72064K), 0.0002160 secs]
294.284: [GC (Allocation Failure) 29354K->435K(71168K), 0.0002240 secs]
294.301: [GC (Allocation Failure) 28475K->435K(70336K), 0.0002160 secs]
294.404: [GC (Allocation Failure) 27693K->435K(69504K), 0.0002160 secs]
294.429: [GC (Allocation Failure) 26814K->435K(68736K), 0.0002690 secs]
294.483: [GC (Allocation Failure) 26033K->435K(67968K), 0.0002160 secs]
294.494: [GC (Allocation Failure) 25250K->435K(72960K), 0.0003230 secs]
294.531: [GC (Allocation Failure) 30233K->435K(72000K), 0.0002160 secs]
294.592: [GC (Allocation Failure) 29354K->435K(71104K), 0.0002150 secs]
294.630: [GC (Allocation Failure) 28377K->435K(70272K), 0.0002190 secs]
294.658: [GC (Allocation Failure) 27596K->435K(69440K), 0.0002040 secs]
294.669: [GC (Allocation Failure) 26717K->435K(68672K), 0.0001960 secs]
294.684: [GC (Allocation Failure) 26033K->435K(67904K), 0.0002140 secs]
294.695: [GC (Allocation Failure) 25250K->435K(72896K), 0.0002070 secs]
294.708: [GC (Allocation Failure) 30233K->435K(78912K), 0.0002170 secs]
294.728: [GC (Allocation Failure) 36191K->435K(86080K), 0.0002120 secs]
294.787: [GC (Allocation Failure) 43419K->435K(84544K), 0.0002250 secs]
294.809: [GC (Allocation Failure) 41856K->435K(83072K), 0.0002030 secs]
294.831: [GC (Allocation Failure) 40391K->435K(81664K), 0.0002170 secs]
294.852: [GC (Allocation Failure) 39023K->435K(80320K), 0.0002110 secs]
294.885: [GC (Allocation Failure) 37656K->435K(79040K), 0.0002090 secs]
294.900: [GC (Allocation Failure) 36386K->435K(77824K), 0.0002750 secs]
294.984: [GC (Allocation Failure) 35116K->435K(76672K), 0.0002270 secs]
294.998: [GC (Allocation Failure) 33944K->435K(75584K), 0.0002050 secs]
295.087: [GC (Allocation Failure) 32870K->435K(74560K), 0.0002120 secs]
295.101: [GC (Allocation Failure) 31893K->435K(73536K), 0.0002100 secs]
295.119: [GC (Allocation Failure) 30819K->435K(72576K), 0.0002080 secs]
295.136: [GC (Allocation Failure) 29842K->435K(78528K), 0.0002730 secs]
295.152: [GC (Allocation Failure) 35800K->435K(85632K), 0.0002060 secs]
295.188: [GC (Allocation Failure) 42930K->435K(84096K), 0.0002190 secs]
295.287: [GC (Allocation Failure) 41367K->435K(82624K), 0.0002180 secs]
295.308: [GC (Allocation Failure) 39902K->435K(81280K), 0.0002160 secs]
295.341: [GC (Allocation Failure) 38633K->435K(80000K), 0.0002080 secs]
295.357: [GC (Allocation Failure) 37363K->435K(78720K), 0.0002060 secs]
295.389: [GC (Allocation Failure) 35996K->435K(77504K), 0.0002510 secs]
295.404: [GC (Allocation Failure) 34823K->435K(76352K), 0.0002740 secs]
295.438: [GC (Allocation Failure) 33651K->435K(75264K), 0.0002180 secs]
295.456: [GC (Allocation Failure) 32577K->435K(74240K), 0.0002020 secs]
295.473: [GC (Allocation Failure) 31600K->435K(73216K), 0.0002280 secs]
295.487: [GC (Allocation Failure) 30526K->435K(79296K), 0.0002050 secs]
295.506: [GC (Allocation Failure) 36582K->435K(86592K), 0.0002110 secs]
295.530: [GC (Allocation Failure) 43907K->435K(85056K), 0.0002120 secs]
295.592: [GC (Allocation Failure) 42344K->435K(83584K), 0.0002020 secs]
295.610: [GC (Allocation Failure) 40879K->435K(82176K), 0.0002740 secs]
295.627: [GC (Allocation Failure) 39512K->435K(80832K), 0.0002050 secs]
295.686: [GC (Allocation Failure) 38144K->435K(79552K), 0.0002060 secs]
295.736: [GC (Allocation Failure) 36875K->435K(78336K), 0.0002150 secs]
295.755: [GC (Allocation Failure) 35605K->435K(77184K), 0.0002150 secs]
295.774: [GC (Allocation Failure) 34530K->435K(76032K), 0.0002090 secs]
295.792: [GC (Allocation Failure) 33358K->435K(74944K), 0.0002140 secs]
295.806: [GC (Allocation Failure) 32284K->435K(73920K), 0.0002170 secs]
295.820: [GC (Allocation Failure) 31210K->435K(80128K), 0.0002030 secs]
295.836: [GC (Allocation Failure) 37461K->435K(87552K), 0.0002040 secs]
295.855: [GC (Allocation Failure) 44884K->435K(96448K), 0.0002060 secs]
295.882: [GC (Allocation Failure) 53776K->435K(94400K), 0.0002040 secs]
295.908: [GC (Allocation Failure) 51725K->435K(92480K), 0.0002120 secs]
295.933: [GC (Allocation Failure) 49767K->435K(90624K), 0.0002090 secs]
295.954: [GC (Allocation Failure) 47911K->435K(88896K), 0.0002700 secs]
295.990: [GC (Allocation Failure) 46251K->435K(87232K), 0.0002150 secs]
296.039: [GC (Allocation Failure) 44591K->435K(85632K), 0.0002250 secs]
296.058: [GC (Allocation Failure) 42930K->435K(84096K), 0.0002010 secs]
296.085: [GC (Allocation Failure) 41367K->435K(82624K), 0.0002080 secs]
296.142: [GC (Allocation Failure) 39902K->435K(81280K), 0.0002340 secs]
296.164: [GC (Allocation Failure) 38633K->435K(80000K), 0.0002190 secs]
296.181: [GC (Allocation Failure) 37363K->435K(78720K), 0.0002350 secs]
296.240: [GC (Allocation Failure) 35996K->435K(77504K), 0.0002220 secs]
296.255: [GC (Allocation Failure) 34823K->435K(76352K), 0.0002170 secs]
296.271: [GC (Allocation Failure) 33651K->435K(75264K), 0.0002100 secs]
296.343: [GC (Allocation Failure) 32577K->435K(74240K), 0.0002290 secs]
296.361: [GC (Allocation Failure) 31600K->435K(73216K), 0.0002030 secs]
296.375: [GC (Allocation Failure) 30526K->435K(72256K), 0.0002190 secs]
296.409: [GC (Allocation Failure) 29549K->435K(71360K), 0.0002180 secs]
296.426: [GC (Allocation Failure) 28670K->435K(70464K), 0.0002010 secs]
296.485: [GC (Allocation Failure) 27791K->435K(69632K), 0.0002260 secs]
296.501: [GC (Allocation Failure) 26912K->435K(68864K), 0.0002890 secs]
296.535: [GC (Allocation Failure) 26131K->435K(68096K), 0.0002140 secs]
296.547: [GC (Allocation Failure) 25447K->435K(73152K), 0.0002220 secs]
296.560: [GC (Allocation Failure) 30428K->435K(79168K), 0.0002050 secs]
296.575: [GC (Allocation Failure) 36484K->435K(86400K), 0.0002030 secs]
296.598: [GC (Allocation Failure) 43712K->435K(95104K), 0.0002160 secs]
296.622: [GC (Allocation Failure) 52408K->435K(93120K), 0.0002020 secs]
296.672: [GC (Allocation Failure) 50455K->435K(91264K), 0.0002120 secs]
296.696: [GC (Allocation Failure) 48595K->435K(89472K), 0.0002160 secs]
296.746: [GC (Allocation Failure) 46739K->435K(87808K), 0.0002180 secs]
296.769: [GC (Allocation Failure) 45079K->435K(86208K), 0.0002020 secs]
296.791: [GC (Allocation Failure) 43516K->435K(84672K), 0.0002110 secs]
296.814: [GC (Allocation Failure) 41953K->435K(83200K), 0.0002150 secs]
296.843: [GC (Allocation Failure) 40488K->435K(81792K), 0.0002060 secs]
296.860: [GC (Allocation Failure) 39121K->435K(80448K), 0.0002140 secs]
296.880: [GC (Allocation Failure) 37754K->435K(79168K), 0.0002230 secs]
296.948: [GC (Allocation Failure) 36484K->435K(77952K), 0.0002560 secs]
296.968: [GC (Allocation Failure) 35312K->435K(76800K), 0.0002030 secs]
296.987: [GC (Allocation Failure) 34140K->435K(75712K), 0.0002120 secs]
297.001: [GC (Allocation Failure) 33065K->435K(74624K), 0.0002150 secs]
297.090: [GC (Allocation Failure) 31893K->435K(73600K), 0.0002110 secs]
297.103: [GC (Allocation Failure) 30917K->435K(79744K), 0.0003230 secs]
297.192: [GC (Allocation Failure) 37070K->435K(78528K), 0.0002220 secs]
297.207: [GC (Allocation Failure) 35800K->435K(77312K), 0.0002140 secs]
297.226: [GC (Allocation Failure) 34628K->435K(76160K), 0.0002100 secs]
297.240: [GC (Allocation Failure) 33456K->435K(82816K), 0.0002150 secs]
297.261: [GC (Allocation Failure) 40098K->435K(81408K), 0.0002120 secs]
297.291: [GC (Allocation Failure) 38730K->435K(80064K), 0.0002110 secs]
297.307: [GC (Allocation Failure) 37363K->435K(78784K), 0.0002070 secs]
297.322: [GC (Allocation Failure) 36093K->435K(77568K), 0.0002080 secs]
297.389: [GC (Allocation Failure) 34921K->435K(76416K), 0.0002270 secs]
297.407: [GC (Allocation Failure) 33749K->435K(75328K), 0.0002220 secs]
297.437: [GC (Allocation Failure) 32675K->435K(74304K), 0.0002270 secs]
297.486: [GC (Allocation Failure) 31600K->435K(73280K), 0.0002150 secs]
297.590: [GC (Allocation Failure) 30624K->435K(72320K), 0.0002270 secs]
297.607: [GC (Allocation Failure) 29647K->435K(71424K), 0.0002610 secs]
297.621: [GC (Allocation Failure) 28768K->435K(77120K), 0.0002990 secs]
297.686: [GC (Allocation Failure) 34433K->435K(75968K), 0.0002620 secs]
297.703: [GC (Allocation Failure) 33261K->435K(74880K), 0.0002080 secs]
297.721: [GC (Allocation Failure) 32186K->435K(73856K), 0.0002160 secs]
297.738: [GC (Allocation Failure) 31210K->435K(72896K), 0.0002240 secs]
297.784: [GC (Allocation Failure) 30233K->435K(71936K), 0.0002270 secs]
297.796: [GC (Allocation Failure) 29256K->435K(77760K), 0.0002170 secs]
297.812: [GC (Allocation Failure) 35116K->435K(84736K), 0.0002050 secs]
297.834: [GC (Allocation Failure) 42051K->435K(83264K), 0.0002020 secs]
297.855: [GC (Allocation Failure) 40586K->435K(81856K), 0.0002130 secs]
297.874: [GC (Allocation Failure) 39219K->435K(80512K), 0.0002110 secs]
297.894: [GC (Allocation Failure) 37851K->435K(79232K), 0.0002040 secs]
297.910: [GC (Allocation Failure) 36582K->435K(78016K), 0.0002150 secs]
297.936: [GC (Allocation Failure) 35312K->435K(76864K), 0.0002190 secs]
297.965: [GC (Allocation Failure) 34140K->435K(75776K), 0.0002270 secs]
297.983: [GC (Allocation Failure) 33065K->435K(74688K), 0.0002120 secs]
298.024: [GC (Allocation Failure) 31991K->435K(73664K), 0.0002160 secs]
298.041: [GC (Allocation Failure) 31014K->435K(72704K), 0.0002130 secs]
298.058: [GC (Allocation Failure) 30038K->435K(71808K), 0.0002020 secs]
298.071: [GC (Allocation Failure) 29158K->435K(77568K), 0.0002200 secs]
298.086: [GC (Allocation Failure) 34921K->435K(84480K), 0.0002030 secs]
298.104: [GC (Allocation Failure) 41758K->435K(92800K), 0.0002140 secs]
298.142: [GC (Allocation Failure) 50162K->435K(90944K), 0.0002130 secs]
298.195: [GC (Allocation Failure) 48302K->435K(89216K), 0.0002150 secs]
298.248: [GC (Allocation Failure) 46544K->435K(87552K), 0.0002130 secs]
298.271: [GC (Allocation Failure) 44884K->435K(85952K), 0.0002040 secs]
298.290: [GC (Allocation Failure) 43223K->435K(84416K), 0.0002140 secs]
298.410: [GC (Allocation Failure) 41758K->435K(82944K), 0.0002760 secs]
298.490: [GC (Allocation Failure) 40293K->435K(81536K), 0.0002240 secs]
298.507: [GC (Allocation Failure) 38828K->435K(80192K), 0.0002070 secs]
298.523: [GC (Allocation Failure) 37461K->435K(78912K), 0.0002050 secs]
298.588: [GC (Allocation Failure) 36191K->435K(77696K), 0.0002080 secs]
298.630: [GC (Allocation Failure) 35019K->435K(76544K), 0.0002260 secs]
298.646: [GC (Allocation Failure) 33847K->435K(75456K), 0.0002700 secs]
298.679: [GC (Allocation Failure) 32772K->435K(74432K), 0.0002060 secs]
298.739: [GC (Allocation Failure) 31698K->435K(73408K), 0.0002210 secs]
298.792: [GC (Allocation Failure) 30721K->435K(72448K), 0.0002140 secs]
298.805: [GC (Allocation Failure) 29745K->435K(71552K), 0.0002200 secs]
298.841: [GC (Allocation Failure) 28865K->435K(70656K), 0.0002840 secs]
298.854: [GC (Allocation Failure) 27986K->435K(69824K), 0.0002280 secs]
298.865: [GC (Allocation Failure) 27107K->435K(75200K), 0.0002060 secs]
298.884: [GC (Allocation Failure) 32479K->435K(81664K), 0.0002170 secs]
298.905: [GC (Allocation Failure) 39023K->435K(89408K), 0.0002060 secs]
298.925: [GC (Allocation Failure) 46739K->435K(87744K), 0.0002150 secs]
298.944: [GC (Allocation Failure) 45079K->435K(86144K), 0.0002070 secs]
298.991: [GC (Allocation Failure) 43419K->435K(84608K), 0.0002200 secs]
299.009: [GC (Allocation Failure) 41953K->435K(83136K), 0.0002050 secs]
299.030: [GC (Allocation Failure) 40488K->435K(81728K), 0.0002100 secs]
299.092: [GC (Allocation Failure) 39023K->435K(80384K), 0.0002060 secs]
299.141: [GC (Allocation Failure) 37656K->435K(79104K), 0.0002210 secs]
299.157: [GC (Allocation Failure) 36386K->435K(77888K), 0.0003000 secs]
299.195: [GC (Allocation Failure) 35214K->435K(76736K), 0.0002120 secs]
299.209: [GC (Allocation Failure) 34042K->435K(83520K), 0.0002740 secs]
299.346: [GC (Allocation Failure) 40879K->435K(82112K), 0.0002440 secs]
299.368: [GC (Allocation Failure) 39414K->435K(80768K), 0.0002390 secs]
299.446: [GC (Allocation Failure) 38047K->435K(79488K), 0.0002100 secs]
299.462: [GC (Allocation Failure) 36777K->435K(78272K), 0.0002740 secs]
299.495: [GC (Allocation Failure) 35605K->435K(77120K), 0.0002240 secs]
299.510: [GC (Allocation Failure) 34433K->435K(75968K), 0.0002130 secs]
299.526: [GC (Allocation Failure) 33261K->435K(74880K), 0.0002120 secs]
299.544: [GC (Allocation Failure) 32186K->435K(73856K), 0.0002110 secs]
299.639: [GC (Allocation Failure) 31210K->435K(72896K), 0.0002250 secs]
299.652: [GC (Allocation Failure) 30233K->435K(71936K), 0.0002060 secs]
299.697: [GC (Allocation Failure) 29256K->435K(71040K), 0.0002150 secs]
299.709: [GC (Allocation Failure) 28377K->435K(70208K), 0.0002160 secs]
299.738: [GC (Allocation Failure) 27498K->435K(69376K), 0.0002050 secs]
299.787: [GC (Allocation Failure) 26717K->435K(68608K), 0.0002250 secs]
299.803: [GC (Allocation Failure) 25935K->435K(67840K), 0.0002290 secs]
299.818: [GC (Allocation Failure) 25150K->435K(67136K), 0.0002100 secs]
299.841: [GC (Allocation Failure) 24466K->435K(66432K), 0.0002110 secs]
299.855: [GC (Allocation Failure) 23783K->435K(65792K), 0.0002040 secs]
299.865: [GC (Allocation Failure) 23099K->435K(70336K), 0.0002130 secs]
299.877: [GC (Allocation Failure) 27693K->435K(75840K), 0.0002000 secs]
299.943: [GC (Allocation Failure) 33163K->435K(82432K), 0.0002260 secs]
299.961: [GC (Allocation Failure) 39707K->435K(90304K), 0.0002190 secs]
299.998: [GC (Allocation Failure) 47618K->435K(88576K), 0.0002220 secs]
300.017: [GC (Allocation Failure) 45860K->435K(86912K), 0.0002030 secs]
300.040: [GC (Allocation Failure) 44200K->435K(85312K), 0.0002130 secs]
300.059: [GC (Allocation Failure) 42637K->435K(83840K), 0.0002030 secs]
300.092: [GC (Allocation Failure) 41172K->435K(82432K), 0.0002090 secs]
300.122: [GC (Allocation Failure) 39707K->435K(81088K), 0.0002310 secs]
300.139: [GC (Allocation Failure) 38437K->435K(79808K), 0.0002160 secs]
300.159: [GC (Allocation Failure) 37168K->435K(78592K), 0.0002030 secs]
300.177: [GC (Allocation Failure) 35898K->435K(77376K), 0.0002010 secs]
300.196: [GC (Allocation Failure) 34726K->435K(76224K), 0.0002030 secs]
300.246: [GC (Allocation Failure) 33554K->435K(75136K), 0.0002020 secs]
300.260: [GC (Allocation Failure) 32479K->435K(81600K), 0.0003260 secs]
300.294: [GC (Allocation Failure) 38926K->435K(80256K), 0.0002140 secs]
300.341: [GC (Allocation Failure) 37558K->435K(78976K), 0.0002200 secs]
300.361: [GC (Allocation Failure) 36289K->435K(77760K), 0.0002210 secs]
300.412: [GC (Allocation Failure) 35116K->435K(76608K), 0.0002210 secs]
300.431: [GC (Allocation Failure) 33944K->435K(75520K), 0.0002030 secs]
300.445: [GC (Allocation Failure) 32870K->435K(74496K), 0.0002240 secs]
300.485: [GC (Allocation Failure) 31796K->435K(73472K), 0.0002140 secs]
300.506: [GC (Allocation Failure) 30819K->435K(72512K), 0.0002730 secs]
300.596: [GC (Allocation Failure) 29842K->435K(71616K), 0.0002230 secs]
300.609: [GC (Allocation Failure) 28963K->435K(77376K), 0.0002720 secs]
300.635: [GC (Allocation Failure) 34726K->435K(76224K), 0.0002160 secs]
300.654: [GC (Allocation Failure) 33554K->435K(75136K), 0.0002270 secs]
300.669: [GC (Allocation Failure) 32479K->435K(81600K), 0.0002000 secs]
300.690: [GC (Allocation Failure) 38926K->435K(89344K), 0.0002720 secs]
300.714: [GC (Allocation Failure) 46642K->435K(87680K), 0.0002120 secs]
300.734: [GC (Allocation Failure) 44981K->435K(96640K), 0.0002720 secs]
300.805: [GC (Allocation Failure) 53971K->435K(94592K), 0.0002210 secs]
300.832: [GC (Allocation Failure) 51920K->435K(92672K), 0.0002090 secs]
300.858: [GC (Allocation Failure) 49967K->435K(90816K), 0.0002020 secs]
300.880: [GC (Allocation Failure) 48107K->435K(89088K), 0.0002060 secs]
300.941: [GC (Allocation Failure) 46446K->435K(87424K), 0.0002200 secs]
300.998: [GC (Allocation Failure) 44786K->435K(85824K), 0.0002190 secs]
301.021: [GC (Allocation Failure) 43126K->435K(84288K), 0.0002130 secs]
301.043: [GC (Allocation Failure) 41563K->435K(82816K), 0.0002140 secs]
301.060: [GC (Allocation Failure) 40098K->435K(81408K), 0.0002150 secs]
301.095: [GC (Allocation Failure) 38730K->435K(80064K), 0.0002160 secs]
301.115: [GC (Allocation Failure) 37363K->435K(78784K), 0.0002040 secs]
301.135: [GC (Allocation Failure) 36093K->435K(77568K), 0.0002150 secs]
301.154: [GC (Allocation Failure) 34921K->435K(76416K), 0.0002050 secs]
301.193: [GC (Allocation Failure) 33749K->435K(75328K), 0.0002050 secs]
301.293: [GC (Allocation Failure) 32675K->435K(74304K), 0.0002270 secs]
301.311: [GC (Allocation Failure) 31600K->435K(73280K), 0.0002240 secs]
301.392: [GC (Allocation Failure) 30624K->435K(72320K), 0.0002080 secs]
301.405: [GC (Allocation Failure) 29647K->435K(71424K), 0.0002060 secs]
301.421: [GC (Allocation Failure) 28768K->435K(70528K), 0.0002030 secs]
301.437: [GC (Allocation Failure) 27889K->435K(69696K), 0.0002120 secs]
301.494: [GC (Allocation Failure) 27010K->435K(68928K), 0.0002140 secs]
301.506: [GC (Allocation Failure) 26228K->435K(68160K), 0.0002190 secs]
301.521: [GC (Allocation Failure) 25447K->435K(73216K), 0.0002170 secs]
301.534: [GC (Allocation Failure) 30526K->435K(79296K), 0.0002060 secs]
301.645: [GC (Allocation Failure) 36582K->435K(78080K), 0.0002230 secs]
301.664: [GC (Allocation Failure) 35409K->435K(76928K), 0.0002210 secs]
301.694: [GC (Allocation Failure) 34237K->435K(75840K), 0.0002040 secs]
301.747: [GC (Allocation Failure) 33163K->435K(74752K), 0.0002180 secs]
301.762: [GC (Allocation Failure) 32089K->435K(73728K), 0.0002160 secs]
301.775: [GC (Allocation Failure) 31014K->435K(72768K), 0.0002060 secs]
301.788: [GC (Allocation Failure) 30038K->435K(78720K), 0.0002170 secs]
301.912: [GC (Allocation Failure) 35996K->435K(77504K), 0.0002410 secs]
301.928: [GC (Allocation Failure) 34823K->435K(76352K), 0.0002640 secs]
301.947: [GC (Allocation Failure) 33651K->435K(83008K), 0.0002240 secs]
301.997: [GC (Allocation Failure) 40293K->435K(81600K), 0.0002760 secs]
302.050: [GC (Allocation Failure) 38926K->435K(80256K), 0.0002220 secs]
302.067: [GC (Allocation Failure) 37558K->435K(78976K), 0.0002170 secs]
302.083: [GC (Allocation Failure) 36289K->435K(77760K), 0.0002140 secs]
302.104: [GC (Allocation Failure) 35116K->435K(76608K), 0.0002400 secs]
302.118: [GC (Allocation Failure) 33944K->435K(83328K), 0.0002040 secs]
302.140: [GC (Allocation Failure) 40684K->435K(91392K), 0.0002750 secs]
302.161: [GC (Allocation Failure) 48693K->435K(89600K), 0.0002070 secs]
302.200: [GC (Allocation Failure) 46935K->435K(87936K), 0.0002240 secs]
302.224: [GC (Allocation Failure) 45274K->435K(86336K), 0.0002160 secs]
302.299: [GC (Allocation Failure) 43614K->435K(84800K), 0.0002170 secs]
302.317: [GC (Allocation Failure) 42149K->435K(83328K), 0.0002100 secs]
302.338: [GC (Allocation Failure) 40684K->435K(81920K), 0.0002050 secs]
302.397: [GC (Allocation Failure) 39219K->435K(80576K), 0.0002120 secs]
302.497: [GC (Allocation Failure) 37851K->435K(79296K), 0.0002360 secs]
302.512: [GC (Allocation Failure) 36582K->435K(78080K), 0.0002190 secs]
302.597: [GC (Allocation Failure) 35409K->435K(76928K), 0.0002300 secs]
302.612: [GC (Allocation Failure) 34237K->435K(75840K), 0.0002950 secs]
302.631: [GC (Allocation Failure) 33163K->435K(74752K), 0.0002030 secs]
302.645: [GC (Allocation Failure) 32089K->435K(81088K), 0.0002770 secs]
302.681: [GC (Allocation Failure) 38437K->435K(79808K), 0.0002780 secs]
302.697: [GC (Allocation Failure) 37168K->435K(87168K), 0.0003450 secs]
302.717: [GC (Allocation Failure) 44493K->435K(96000K), 0.0002030 secs]
302.740: [GC (Allocation Failure) 53287K->435K(106624K), 0.0002070 secs]
302.800: [GC (Allocation Failure) 63934K->435K(104128K), 0.0002090 secs]
302.830: [GC (Allocation Failure) 61394K->435K(101760K), 0.0002740 secs]
302.856: [GC (Allocation Failure) 59050K->435K(99520K), 0.0002150 secs]
302.880: [GC (Allocation Failure) 56804K->435K(97344K), 0.0002160 secs]
302.909: [GC (Allocation Failure) 54655K->435K(95296K), 0.0002180 secs]
302.932: [GC (Allocation Failure) 52604K->435K(93312K), 0.0002740 secs]
303.030: [GC (Allocation Failure) 50650K->435K(91456K), 0.0002250 secs]
303.051: [GC (Allocation Failure) 48791K->435K(89664K), 0.0002050 secs]
303.102: [GC (Allocation Failure) 46935K->435K(87936K), 0.0002750 secs]
303.201: [GC (Allocation Failure) 45274K->435K(86336K), 0.0002040 secs]
303.251: [GC (Allocation Failure) 43614K->435K(84800K), 0.0002230 secs]
303.269: [GC (Allocation Failure) 42149K->435K(83328K), 0.0002020 secs]
303.299: [GC (Allocation Failure) 40684K->435K(81920K), 0.0002240 secs]
303.320: [GC (Allocation Failure) 39219K->435K(80576K), 0.0002120 secs]
303.402: [GC (Allocation Failure) 37851K->435K(79296K), 0.0002050 secs]
303.418: [GC (Allocation Failure) 36582K->435K(78080K), 0.0002180 secs]
303.452: [GC (Allocation Failure) 35409K->435K(76928K), 0.0002110 secs]
303.467: [GC (Allocation Failure) 34237K->435K(75840K), 0.0002180 secs]
303.481: [GC (Allocation Failure) 33163K->435K(74752K), 0.0002040 secs]
303.499: [GC (Allocation Failure) 32089K->435K(73728K), 0.0002130 secs]
303.516: [GC (Allocation Failure) 31014K->435K(72768K), 0.0002130 secs]
303.534: [GC (Allocation Failure) 30038K->435K(78720K), 0.0003210 secs]
303.699: [GC (Allocation Failure) 35996K->435K(77504K), 0.0002180 secs]
303.714: [GC (Allocation Failure) 34823K->435K(76352K), 0.0002350 secs]
303.751: [GC (Allocation Failure) 33651K->435K(75264K), 0.0002290 secs]
303.770: [GC (Allocation Failure) 32577K->435K(74240K), 0.0002180 secs]
303.796: [GC (Allocation Failure) 31600K->435K(73216K), 0.0002350 secs]
303.814: [GC (Allocation Failure) 30526K->435K(72256K), 0.0002040 secs]
303.826: [GC (Allocation Failure) 29549K->435K(78144K), 0.0002050 secs]
303.936: [GC (Allocation Failure) 35409K->435K(76992K), 0.0002190 secs]
304.002: [GC (Allocation Failure) 34335K->435K(75904K), 0.0002170 secs]
304.016: [GC (Allocation Failure) 33261K->435K(74816K), 0.0002540 secs]
304.033: [GC (Allocation Failure) 32089K->435K(73792K), 0.0002120 secs]
304.100: [GC (Allocation Failure) 31112K->435K(72832K), 0.0002110 secs]
304.114: [GC (Allocation Failure) 30135K->435K(71872K), 0.0002140 secs]
304.246: [GC (Allocation Failure) 29158K->435K(70976K), 0.0002130 secs]
304.296: [GC (Allocation Failure) 28279K->435K(70144K), 0.0002140 secs]
304.349: [GC (Allocation Failure) 27498K->435K(69312K), 0.0002100 secs]
304.361: [GC (Allocation Failure) 26619K->435K(74560K), 0.0003220 secs]
304.397: [GC (Allocation Failure) 31893K->435K(73536K), 0.0002040 secs]
304.492: [GC (Allocation Failure) 30819K->435K(72576K), 0.0002170 secs]
304.547: [GC (Allocation Failure) 29842K->435K(71680K), 0.0002210 secs]
304.596: [GC (Allocation Failure) 28963K->435K(70784K), 0.0002140 secs]
304.609: [GC (Allocation Failure) 28084K->435K(69952K), 0.0002040 secs]
304.632: [GC (Allocation Failure) 27303K->435K(69120K), 0.0003230 secs]
304.646: [GC (Allocation Failure) 26424K->435K(68352K), 0.0002100 secs]
304.680: [GC (Allocation Failure) 25642K->435K(67584K), 0.0002150 secs]
304.690: [GC (Allocation Failure) 24857K->435K(72512K), 0.0002040 secs]
304.801: [GC (Allocation Failure) 29842K->435K(71616K), 0.0002110 secs]
304.814: [GC (Allocation Failure) 28963K->435K(77376K), 0.0003230 secs]
304.896: [GC (Allocation Failure) 34726K->435K(76224K), 0.0002050 secs]
304.919: [GC (Allocation Failure) 33554K->435K(75136K), 0.0002150 secs]
304.933: [GC (Allocation Failure) 32479K->435K(81600K), 0.0002710 secs]
305.000: [GC (Allocation Failure) 38926K->435K(80256K), 0.0002150 secs]
305.017: [GC (Allocation Failure) 37558K->435K(78976K), 0.0002150 secs]
305.032: [GC (Allocation Failure) 36289K->435K(86208K), 0.0002180 secs]
305.051: [GC (Allocation Failure) 43516K->435K(94848K), 0.0002140 secs]
305.108: [GC (Allocation Failure) 52115K->435K(92928K), 0.0002160 secs]
305.133: [GC (Allocation Failure) 50260K->435K(91072K), 0.0002010 secs]
305.160: [GC (Allocation Failure) 48400K->435K(89280K), 0.0002060 secs]
305.183: [GC (Allocation Failure) 46642K->435K(87616K), 0.0002070 secs]
305.207: [GC (Allocation Failure) 44884K->435K(86016K), 0.0002120 secs]
305.229: [GC (Allocation Failure) 43321K->435K(84480K), 0.0002020 secs]
305.251: [GC (Allocation Failure) 41758K->435K(83008K), 0.0002120 secs]
305.268: [GC (Allocation Failure) 40293K->435K(81600K), 0.0002020 secs]
305.289: [GC (Allocation Failure) 38926K->435K(80256K), 0.0002100 secs]
305.349: [GC (Allocation Failure) 37558K->435K(78976K), 0.0002020 secs]
305.368: [GC (Allocation Failure) 36289K->435K(77760K), 0.0002120 secs]
305.386: [GC (Allocation Failure) 35116K->435K(76608K), 0.0001980 secs]
305.454: [GC (Allocation Failure) 33944K->435K(75520K), 0.0002110 secs]
305.469: [GC (Allocation Failure) 32870K->435K(74496K), 0.0002140 secs]
305.482: [GC (Allocation Failure) 31796K->435K(73472K), 0.0002130 secs]
305.503: [GC (Allocation Failure) 30819K->435K(72512K), 0.0002200 secs]
305.520: [GC (Allocation Failure) 29842K->435K(71616K), 0.0002240 secs]
305.548: [GC (Allocation Failure) 28963K->435K(70720K), 0.0002130 secs]
305.564: [GC (Allocation Failure) 27986K->435K(69888K), 0.0002130 secs]
305.576: [GC (Allocation Failure) 27205K->435K(75264K), 0.0002180 secs]
305.590: [GC (Allocation Failure) 32577K->435K(81728K), 0.0002040 secs]
305.607: [GC (Allocation Failure) 39023K->435K(89472K), 0.0002150 secs]
305.631: [GC (Allocation Failure) 46739K->435K(98752K), 0.0002020 secs]
305.659: [GC (Allocation Failure) 56022K->435K(96640K), 0.0002220 secs]
305.703: [GC (Allocation Failure) 53971K->435K(94592K), 0.0002180 secs]
305.726: [GC (Allocation Failure) 51920K->435K(92672K), 0.0002020 secs]
305.793: [GC (Allocation Failure) 49967K->435K(90816K), 0.0002410 secs]
305.817: [GC (Allocation Failure) 48107K->435K(89088K), 0.0002030 secs]
305.860: [GC (Allocation Failure) 46446K->435K(87424K), 0.0002040 secs]
305.880: [GC (Allocation Failure) 44786K->435K(85824K), 0.0002770 secs]
305.910: [GC (Allocation Failure) 43126K->435K(84288K), 0.0002130 secs]
305.931: [GC (Allocation Failure) 41563K->435K(82816K), 0.0002800 secs]
305.949: [GC (Allocation Failure) 40098K->435K(81408K), 0.0002040 secs]
306.007: [GC (Allocation Failure) 38730K->435K(80064K), 0.0002230 secs]
306.024: [GC (Allocation Failure) 37363K->435K(78784K), 0.0002040 secs]
306.039: [GC (Allocation Failure) 36093K->435K(77568K), 0.0002040 secs]
306.096: [GC (Allocation Failure) 34921K->435K(76416K), 0.0002190 secs]
306.195: [GC (Allocation Failure) 33749K->435K(75328K), 0.0002160 secs]
306.213: [GC (Allocation Failure) 32675K->435K(74304K), 0.0002030 secs]
306.305: [GC (Allocation Failure) 31600K->435K(73280K), 0.0002070 secs]
306.322: [GC (Allocation Failure) 30624K->435K(72320K), 0.0002250 secs]
306.337: [GC (Allocation Failure) 29647K->435K(71424K), 0.0002040 secs]
306.403: [GC (Allocation Failure) 28768K->435K(70528K), 0.0002030 secs]
306.420: [GC (Allocation Failure) 27889K->435K(69696K), 0.0002300 secs]
306.549: [GC (Allocation Failure) 27010K->435K(68928K), 0.0002290 secs]
306.564: [GC (Allocation Failure) 26228K->435K(68160K), 0.0002130 secs]
306.575: [GC (Allocation Failure) 25447K->435K(67456K), 0.0002050 secs]
306.586: [GC (Allocation Failure) 24759K->435K(72384K), 0.0002710 secs]
306.614: [GC (Allocation Failure) 29745K->435K(78272K), 0.0002440 secs]
306.630: [GC (Allocation Failure) 35605K->435K(85312K), 0.0002630 secs]
306.660: [GC (Allocation Failure) 42637K->435K(93760K), 0.0002100 secs]
306.682: [GC (Allocation Failure) 51041K->435K(91840K), 0.0002030 secs]
306.713: [GC (Allocation Failure) 49181K->435K(90048K), 0.0002210 secs]
306.733: [GC (Allocation Failure) 47325K->435K(88320K), 0.0002030 secs]
306.753: [GC (Allocation Failure) 45665K->435K(86656K), 0.0002110 secs]
306.861: [GC (Allocation Failure) 44005K->435K(85120K), 0.0002500 secs]
306.879: [GC (Allocation Failure) 42442K->435K(83648K), 0.0002030 secs]
306.898: [GC (Allocation Failure) 40977K->435K(82240K), 0.0002050 secs]
306.919: [GC (Allocation Failure) 39512K->435K(80896K), 0.0002130 secs]
306.938: [GC (Allocation Failure) 38242K->435K(79616K), 0.0002070 secs]
306.954: [GC (Allocation Failure) 36972K->435K(78400K), 0.0002050 secs]
306.969: [GC (Allocation Failure) 35702K->435K(77248K), 0.0002120 secs]
306.997: [GC (Allocation Failure) 34530K->435K(76096K), 0.0002070 secs]
307.156: [GC (Allocation Failure) 33456K->435K(75008K), 0.0002230 secs]
307.170: [GC (Allocation Failure) 32284K->435K(73984K), 0.0002180 secs]
307.202: [GC (Allocation Failure) 31307K->435K(73024K), 0.0002310 secs]
307.219: [GC (Allocation Failure) 30331K->435K(72064K), 0.0002020 secs]
307.232: [GC (Allocation Failure) 29354K->435K(77888K), 0.0003210 secs]
307.253: [GC (Allocation Failure) 35214K->435K(84864K), 0.0002150 secs]
307.271: [GC (Allocation Failure) 42149K->435K(93248K), 0.0002040 secs]
307.294: [GC (Allocation Failure) 50553K->435K(91392K), 0.0002030 secs]
307.319: [GC (Allocation Failure) 48693K->435K(89600K), 0.0002750 secs]
307.339: [GC (Allocation Failure) 46935K->435K(87936K), 0.0002140 secs]
307.358: [GC (Allocation Failure) 45274K->435K(86336K), 0.0002050 secs]
307.405: [GC (Allocation Failure) 43614K->435K(84800K), 0.0002130 secs]
307.427: [GC (Allocation Failure) 42149K->435K(83328K), 0.0002100 secs]
307.445: [GC (Allocation Failure) 40684K->435K(81920K), 0.0002040 secs]
307.462: [GC (Allocation Failure) 39219K->435K(80576K), 0.0002040 secs]
307.509: [GC (Allocation Failure) 37851K->435K(79296K), 0.0002140 secs]
307.525: [GC (Allocation Failure) 36582K->435K(78080K), 0.0002250 secs]
307.544: [GC (Allocation Failure) 35409K->435K(76928K), 0.0002090 secs]
307.588: [GC (Allocation Failure) 34237K->435K(75840K), 0.0002300 secs]
307.607: [GC (Allocation Failure) 33163K->435K(74752K), 0.0002280 secs]
307.621: [GC (Allocation Failure) 32089K->435K(73728K), 0.0002060 secs]
307.634: [GC (Allocation Failure) 31014K->435K(79872K), 0.0002060 secs]
307.655: [GC (Allocation Failure) 37168K->435K(78656K), 0.0002050 secs]
307.709: [GC (Allocation Failure) 35996K->435K(77440K), 0.0003210 secs]
307.728: [GC (Allocation Failure) 34726K->435K(76288K), 0.0002320 secs]
307.747: [GC (Allocation Failure) 33554K->435K(75200K), 0.0002150 secs]
307.761: [GC (Allocation Failure) 32479K->435K(74176K), 0.0002030 secs]
307.803: [GC (Allocation Failure) 31503K->435K(73152K), 0.0002070 secs]
307.856: [GC (Allocation Failure) 30428K->435K(72192K), 0.0002130 secs]
307.869: [GC (Allocation Failure) 29549K->435K(71296K), 0.0002130 secs]
307.886: [GC (Allocation Failure) 28572K->435K(70400K), 0.0002020 secs]
307.902: [GC (Allocation Failure) 27693K->435K(75904K), 0.0002270 secs]
307.917: [GC (Allocation Failure) 33261K->435K(82496K), 0.0002370 secs]
308.009: [GC (Allocation Failure) 39805K->435K(81152K), 0.0002180 secs]
308.029: [GC (Allocation Failure) 38437K->435K(79872K), 0.0002120 secs]
308.045: [GC (Allocation Failure) 37168K->435K(78656K), 0.0002180 secs]
308.077: [GC (Allocation Failure) 35996K->435K(77440K), 0.0002400 secs]
308.093: [GC (Allocation Failure) 34726K->435K(76288K), 0.0002050 secs]
308.107: [GC (Allocation Failure) 33554K->435K(75200K), 0.0002060 secs]
308.125: [GC (Allocation Failure) 32479K->435K(81664K), 0.0002170 secs]
308.157: [GC (Allocation Failure) 39023K->435K(80320K), 0.0002400 secs]
308.173: [GC (Allocation Failure) 37656K->435K(79040K), 0.0002040 secs]
308.309: [GC (Allocation Failure) 36386K->435K(77824K), 0.0002120 secs]
308.329: [GC (Allocation Failure) 35116K->435K(76672K), 0.0002090 secs]
308.348: [GC (Allocation Failure) 33944K->435K(75584K), 0.0002300 secs]
308.362: [GC (Allocation Failure) 32870K->435K(74560K), 0.0002050 secs]
308.379: [GC (Allocation Failure) 31893K->435K(73536K), 0.0002210 secs]
308.403: [GC (Allocation Failure) 30819K->435K(72576K), 0.0002140 secs]
308.416: [GC (Allocation Failure) 29842K->435K(78528K), 0.0002040 secs]
308.459: [GC (Allocation Failure) 35800K->435K(77312K), 0.0002140 secs]
308.474: [GC (Allocation Failure) 34628K->435K(76160K), 0.0002140 secs]
308.591: [GC (Allocation Failure) 33456K->435K(75072K), 0.0002060 secs]
308.623: [GC (Allocation Failure) 32382K->435K(74048K), 0.0002070 secs]
308.659: [GC (Allocation Failure) 31405K->435K(73088K), 0.0002140 secs]
308.673: [GC (Allocation Failure) 30428K->435K(72128K), 0.0002170 secs]
308.690: [GC (Allocation Failure) 29451K->435K(71232K), 0.0002100 secs]
308.733: [GC (Allocation Failure) 28572K->435K(70400K), 0.0002280 secs]
308.746: [GC (Allocation Failure) 27693K->435K(69568K), 0.0002020 secs]
308.856: [GC (Allocation Failure) 26912K->435K(68800K), 0.0002230 secs]
308.872: [GC (Allocation Failure) 26131K->435K(68032K), 0.0002740 secs]
308.887: [GC (Allocation Failure) 25349K->435K(73024K), 0.0002260 secs]
308.900: [GC (Allocation Failure) 30331K->435K(79040K), 0.0002050 secs]
308.956: [GC (Allocation Failure) 36386K->435K(77824K), 0.0002050 secs]
309.010: [GC (Allocation Failure) 35116K->435K(76672K), 0.0002100 secs]
309.028: [GC (Allocation Failure) 33944K->435K(75584K), 0.0002030 secs]
309.043: [GC (Allocation Failure) 32870K->435K(74560K), 0.0002190 secs]
309.209: [GC (Allocation Failure) 31893K->435K(73536K), 0.0002270 secs]
309.227: [GC (Allocation Failure) 30819K->435K(72576K), 0.0002170 secs]
309.242: [GC (Allocation Failure) 29842K->435K(71680K), 0.0002160 secs]
309.254: [GC (Allocation Failure) 28963K->435K(77440K), 0.0002300 secs]
309.269: [GC (Allocation Failure) 34726K->435K(84352K), 0.0002040 secs]
309.292: [GC (Allocation Failure) 41660K->435K(92608K), 0.0002050 secs]
309.346: [GC (Allocation Failure) 49967K->435K(90752K), 0.0002050 secs]
309.367: [GC (Allocation Failure) 48107K->435K(89024K), 0.0002080 secs]
309.405: [GC (Allocation Failure) 46349K->435K(87360K), 0.0002270 secs]
309.424: [GC (Allocation Failure) 44688K->435K(85760K), 0.0002060 secs]
309.514: [GC (Allocation Failure) 43028K->435K(84224K), 0.0002240 secs]
309.536: [GC (Allocation Failure) 41563K->435K(82752K), 0.0002040 secs]
309.554: [GC (Allocation Failure) 40098K->435K(81344K), 0.0002060 secs]
309.570: [GC (Allocation Failure) 38633K->435K(80000K), 0.0002740 secs]
309.612: [GC (Allocation Failure) 37363K->435K(78720K), 0.0002130 secs]
309.627: [GC (Allocation Failure) 35996K->435K(85888K), 0.0002760 secs]
309.704: [GC (Allocation Failure) 43223K->435K(84352K), 0.0002140 secs]
309.789: [GC (Allocation Failure) 41660K->435K(82880K), 0.0002150 secs]
309.807: [GC (Allocation Failure) 40195K->435K(81472K), 0.0002040 secs]
309.823: [GC (Allocation Failure) 38828K->435K(80128K), 0.0002050 secs]
309.839: [GC (Allocation Failure) 37461K->435K(78848K), 0.0002040 secs]
309.858: [GC (Allocation Failure) 36191K->435K(77632K), 0.0002050 secs]
309.907: [GC (Allocation Failure) 34921K->435K(76480K), 0.0002070 secs]
309.940: [GC (Allocation Failure) 33749K->435K(75392K), 0.0002390 secs]
309.955: [GC (Allocation Failure) 32675K->435K(74368K), 0.0002640 secs]
310.056: [GC (Allocation Failure) 31698K->435K(73344K), 0.0002240 secs]
310.069: [GC (Allocation Failure) 30624K->435K(72384K), 0.0002040 secs]
310.086: [GC (Allocation Failure) 29745K->435K(78272K), 0.0002740 secs]
310.102: [GC (Allocation Failure) 35605K->435K(85312K), 0.0002150 secs]
310.165: [GC (Allocation Failure) 42637K->435K(83840K), 0.0002160 secs]
310.187: [GC (Allocation Failure) 41172K->435K(82432K), 0.0002210 secs]
310.204: [GC (Allocation Failure) 39707K->435K(81088K), 0.0002130 secs]
310.309: [GC (Allocation Failure) 38437K->435K(79808K), 0.0002150 secs]
310.408: [GC (Allocation Failure) 37168K->435K(78592K), 0.0002240 secs]
310.424: [GC (Allocation Failure) 35898K->435K(77376K), 0.0002030 secs]
310.462: [GC (Allocation Failure) 34726K->435K(76224K), 0.0002210 secs]
310.480: [GC (Allocation Failure) 33554K->435K(75136K), 0.0002120 secs]
310.496: [GC (Allocation Failure) 32479K->435K(74112K), 0.0002220 secs]
310.535: [GC (Allocation Failure) 31405K->435K(73152K), 0.0002230 secs]
310.560: [GC (Allocation Failure) 30428K->435K(72192K), 0.0002160 secs]
310.573: [GC (Allocation Failure) 29549K->435K(71296K), 0.0002150 secs]
310.587: [GC (Allocation Failure) 28572K->435K(76992K), 0.0002020 secs]
310.605: [GC (Allocation Failure) 34335K->435K(75904K), 0.0002040 secs]
310.634: [GC (Allocation Failure) 33261K->435K(74816K), 0.0002330 secs]
310.649: [GC (Allocation Failure) 32089K->435K(81216K), 0.0002720 secs]
310.670: [GC (Allocation Failure) 38535K->435K(88896K), 0.0002060 secs]
310.694: [GC (Allocation Failure) 46251K->435K(87232K), 0.0002050 secs]
310.713: [GC (Allocation Failure) 44591K->435K(85632K), 0.0002040 secs]
310.766: [GC (Allocation Failure) 42930K->435K(84096K), 0.0002120 secs]
310.785: [GC (Allocation Failure) 41367K->435K(82624K), 0.0003430 secs]
310.802: [GC (Allocation Failure) 39902K->435K(81280K), 0.0002030 secs]
310.907: [GC (Allocation Failure) 38633K->435K(80000K), 0.0002260 secs]
310.923: [GC (Allocation Failure) 37363K->435K(78720K), 0.0002060 secs]
310.943: [GC (Allocation Failure) 35996K->435K(77504K), 0.0002040 secs]
310.958: [GC (Allocation Failure) 34823K->435K(76352K), 0.0002140 secs]
310.976: [GC (Allocation Failure) 33651K->435K(75264K), 0.0002150 secs]
310.994: [GC (Allocation Failure) 32577K->435K(74240K), 0.0002130 secs]
311.058: [GC (Allocation Failure) 31600K->435K(73216K), 0.0002140 secs]
311.075: [GC (Allocation Failure) 30526K->435K(72256K), 0.0002020 secs]
311.087: [GC (Allocation Failure) 29549K->435K(71360K), 0.0002060 secs]
311.111: [GC (Allocation Failure) 28670K->435K(70464K), 0.0002110 secs]
311.123: [GC (Allocation Failure) 27791K->435K(75968K), 0.0003240 secs]
311.163: [GC (Allocation Failure) 33261K->435K(82560K), 0.0003340 secs]
311.181: [GC (Allocation Failure) 39902K->435K(90496K), 0.0003240 secs]
311.215: [GC (Allocation Failure) 47814K->435K(100032K), 0.0002150 secs]
311.269: [GC (Allocation Failure) 57390K->435K(97856K), 0.0002120 secs]
311.295: [GC (Allocation Failure) 55143K->435K(95744K), 0.0001990 secs]
311.321: [GC (Allocation Failure) 53092K->435K(93760K), 0.0002050 secs]
311.343: [GC (Allocation Failure) 51041K->435K(91840K), 0.0002140 secs]
311.364: [GC (Allocation Failure) 49181K->435K(90048K), 0.0002150 secs]
311.519: [GC (Allocation Failure) 47325K->435K(88320K), 0.0002120 secs]
311.542: [GC (Allocation Failure) 45665K->435K(86656K), 0.0002110 secs]
311.613: [GC (Allocation Failure) 44005K->435K(85120K), 0.0002110 secs]
311.635: [GC (Allocation Failure) 42442K->435K(83648K), 0.0002120 secs]
311.707: [GC (Allocation Failure) 40977K->435K(82240K), 0.0002130 secs]
311.762: [GC (Allocation Failure) 39512K->435K(80896K), 0.0002060 secs]
311.815: [GC (Allocation Failure) 38242K->435K(79616K), 0.0002240 secs]
311.832: [GC (Allocation Failure) 36972K->435K(78400K), 0.0002060 secs]
311.847: [GC (Allocation Failure) 35702K->435K(77248K), 0.0002050 secs]
311.908: [GC (Allocation Failure) 34530K->435K(76096K), 0.0002160 secs]
311.926: [GC (Allocation Failure) 33456K->435K(75008K), 0.0002110 secs]
312.059: [GC (Allocation Failure) 32284K->435K(73984K), 0.0002770 secs]
312.103: [GC (Allocation Failure) 31307K->435K(73024K), 0.0002080 secs]
312.116: [GC (Allocation Failure) 30331K->435K(72064K), 0.0002190 secs]
312.137: [GC (Allocation Failure) 29354K->435K(71168K), 0.0002130 secs]
312.154: [GC (Allocation Failure) 28475K->435K(70336K), 0.0002310 secs]
312.201: [GC (Allocation Failure) 27693K->435K(69504K), 0.0002150 secs]
312.332: [GC (Allocation Failure) 26814K->435K(68736K), 0.0002730 secs]
312.346: [GC (Allocation Failure) 26033K->435K(67968K), 0.0002010 secs]
312.407: [GC (Allocation Failure) 25250K->435K(67264K), 0.0002710 secs]
312.456: [GC (Allocation Failure) 24564K->435K(66560K), 0.0002330 secs]
312.467: [GC (Allocation Failure) 23880K->435K(65920K), 0.0002010 secs]
312.498: [GC (Allocation Failure) 23196K->435K(65280K), 0.0002540 secs]
312.514: [GC (Allocation Failure) 22610K->435K(64640K), 0.0002120 secs]
312.524: [GC (Allocation Failure) 21927K->435K(68992K), 0.0002070 secs]
312.535: [GC (Allocation Failure) 26326K->435K(74176K), 0.0002050 secs]
312.602: [GC (Allocation Failure) 31503K->435K(80448K), 0.0002190 secs]
312.623: [GC (Allocation Failure) 37754K->435K(87936K), 0.0002740 secs]
312.646: [GC (Allocation Failure) 45274K->435K(86336K), 0.0002110 secs]
312.665: [GC (Allocation Failure) 43614K->435K(84800K), 0.0002050 secs]
312.691: [GC (Allocation Failure) 42149K->435K(83328K), 0.0002060 secs]
312.768: [GC (Allocation Failure) 40684K->435K(81920K), 0.0003280 secs]
312.787: [GC (Allocation Failure) 39219K->435K(80576K), 0.0002040 secs]
312.807: [GC (Allocation Failure) 37851K->435K(79296K), 0.0002120 secs]
312.823: [GC (Allocation Failure) 36582K->435K(78080K), 0.0002180 secs]
312.905: [GC (Allocation Failure) 35409K->435K(76928K), 0.0002150 secs]
312.936: [GC (Allocation Failure) 34237K->435K(75840K), 0.0002070 secs]
313.011: [GC (Allocation Failure) 33163K->435K(74752K), 0.0002070 secs]
313.061: [GC (Allocation Failure) 32089K->435K(73728K), 0.0002150 secs]
313.142: [GC (Allocation Failure) 31014K->435K(72768K), 0.0002140 secs]
313.159: [GC (Allocation Failure) 30038K->435K(71808K), 0.0002060 secs]
313.172: [GC (Allocation Failure) 29158K->435K(70912K), 0.0002170 secs]
313.188: [GC (Allocation Failure) 28182K->435K(70080K), 0.0002010 secs]
313.199: [GC (Allocation Failure) 27400K->435K(75520K), 0.0002150 secs]
313.217: [GC (Allocation Failure) 32870K->435K(82048K), 0.0002110 secs]
313.268: [GC (Allocation Failure) 39316K->435K(80704K), 0.0002030 secs]
313.289: [GC (Allocation Failure) 38047K->435K(79424K), 0.0002000 secs]
313.306: [GC (Allocation Failure) 36777K->435K(78208K), 0.0002110 secs]
313.321: [GC (Allocation Failure) 35507K->435K(77056K), 0.0002030 secs]
313.362: [GC (Allocation Failure) 34335K->435K(75904K), 0.0002270 secs]
313.380: [GC (Allocation Failure) 33261K->435K(74816K), 0.0002150 secs]
313.406: [GC (Allocation Failure) 32089K->435K(73792K), 0.0002160 secs]
313.424: [GC (Allocation Failure) 31112K->435K(72832K), 0.0002120 secs]
313.437: [GC (Allocation Failure) 30135K->435K(71872K), 0.0002030 secs]
313.514: [GC (Allocation Failure) 29158K->435K(70976K), 0.0002220 secs]
313.530: [GC (Allocation Failure) 28279K->435K(70144K), 0.0002400 secs]
313.564: [GC (Allocation Failure) 27498K->435K(69312K), 0.0002130 secs]
313.575: [GC (Allocation Failure) 26619K->435K(74560K), 0.0002310 secs]
313.593: [GC (Allocation Failure) 31893K->435K(80896K), 0.0002120 secs]
313.614: [GC (Allocation Failure) 38242K->435K(79616K), 0.0002030 secs]
313.630: [GC (Allocation Failure) 36972K->435K(86976K), 0.0002130 secs]
313.649: [GC (Allocation Failure) 44298K->435K(85376K), 0.0002000 secs]
313.667: [GC (Allocation Failure) 42735K->435K(83904K), 0.0002030 secs]
313.815: [GC (Allocation Failure) 41172K->435K(82496K), 0.0002140 secs]
313.832: [GC (Allocation Failure) 39805K->435K(81152K), 0.0002040 secs]
313.869: [GC (Allocation Failure) 38437K->435K(79872K), 0.0002230 secs]
313.885: [GC (Allocation Failure) 37168K->435K(78656K), 0.0002050 secs]
313.918: [GC (Allocation Failure) 35996K->435K(77440K), 0.0002110 secs]
313.936: [GC (Allocation Failure) 34726K->435K(76288K), 0.0002150 secs]
313.963: [GC (Allocation Failure) 33554K->435K(75200K), 0.0002170 secs]
313.980: [GC (Allocation Failure) 32479K->435K(74176K), 0.0002020 secs]
314.109: [GC (Allocation Failure) 31503K->435K(73152K), 0.0002080 secs]
314.126: [GC (Allocation Failure) 30428K->435K(72192K), 0.0002020 secs]
314.139: [GC (Allocation Failure) 29549K->435K(71296K), 0.0002190 secs]
314.155: [GC (Allocation Failure) 28572K->435K(70400K), 0.0002150 secs]
314.214: [GC (Allocation Failure) 27693K->435K(69568K), 0.0002080 secs]
314.230: [GC (Allocation Failure) 26912K->435K(68800K), 0.0002010 secs]
314.363: [GC (Allocation Failure) 26131K->435K(68032K), 0.0002130 secs]
314.378: [GC (Allocation Failure) 25349K->435K(67328K), 0.0002020 secs]
314.389: [GC (Allocation Failure) 24662K->435K(72192K), 0.0002210 secs]
314.406: [GC (Allocation Failure) 29549K->435K(78016K), 0.0002630 secs]
314.422: [GC (Allocation Failure) 35312K->435K(85056K), 0.0002030 secs]
314.471: [GC (Allocation Failure) 42344K->435K(83584K), 0.0002130 secs]
314.488: [GC (Allocation Failure) 40879K->435K(82176K), 0.0002110 secs]
314.510: [GC (Allocation Failure) 39512K->435K(80832K), 0.0002150 secs]
314.534: [GC (Allocation Failure) 38144K->435K(79552K), 0.0002060 secs]
314.553: [GC (Allocation Failure) 36875K->435K(78336K), 0.0002110 secs]
314.568: [GC (Allocation Failure) 35605K->435K(77184K), 0.0002060 secs]
314.595: [GC (Allocation Failure) 34530K->435K(76032K), 0.0002290 secs]
314.609: [GC (Allocation Failure) 33358K->435K(74944K), 0.0002060 secs]
314.627: [GC (Allocation Failure) 32284K->435K(73920K), 0.0002130 secs]
314.662: [GC (Allocation Failure) 31210K->435K(72960K), 0.0002120 secs]
314.686: [GC (Allocation Failure) 30233K->435K(72000K), 0.0002160 secs]
314.716: [GC (Allocation Failure) 29354K->435K(71104K), 0.0002230 secs]
314.729: [GC (Allocation Failure) 28377K->435K(70272K), 0.0002300 secs]
314.745: [GC (Allocation Failure) 27596K->435K(75712K), 0.0002270 secs]
314.790: [GC (Allocation Failure) 33065K->435K(74624K), 0.0003230 secs]
314.817: [GC (Allocation Failure) 31893K->435K(73600K), 0.0002230 secs]
314.831: [GC (Allocation Failure) 30917K->435K(72640K), 0.0002190 secs]
314.867: [GC (Allocation Failure) 29940K->435K(71744K), 0.0002120 secs]
314.884: [GC (Allocation Failure) 29061K->435K(70848K), 0.0002180 secs]
314.896: [GC (Allocation Failure) 28182K->435K(76416K), 0.0002060 secs]
314.968: [GC (Allocation Failure) 33749K->435K(75328K), 0.0002250 secs]
314.982: [GC (Allocation Failure) 32675K->435K(74304K), 0.0002180 secs]
314.995: [GC (Allocation Failure) 31600K->435K(80576K), 0.0002060 secs]
315.066: [GC (Allocation Failure) 37851K->435K(79296K), 0.0002160 secs]
315.085: [GC (Allocation Failure) 36582K->435K(78080K), 0.0002050 secs]
315.101: [GC (Allocation Failure) 35409K->435K(76928K), 0.0002220 secs]
315.119: [GC (Allocation Failure) 34237K->435K(75840K), 0.0002020 secs]
315.138: [GC (Allocation Failure) 33163K->435K(74752K), 0.0002140 secs]
315.152: [GC (Allocation Failure) 32089K->435K(81088K), 0.0002190 secs]
315.267: [GC (Allocation Failure) 38437K->435K(79808K), 0.0002280 secs]
315.287: [GC (Allocation Failure) 37168K->435K(78592K), 0.0002030 secs]
315.309: [GC (Allocation Failure) 35898K->435K(77376K), 0.0002320 secs]
315.324: [GC (Allocation Failure) 34726K->435K(76224K), 0.0002060 secs]
315.338: [GC (Allocation Failure) 33554K->435K(82880K), 0.0002060 secs]
315.355: [GC (Allocation Failure) 40195K->435K(90880K), 0.0002080 secs]
315.418: [GC (Allocation Failure) 48204K->435K(89152K), 0.0002180 secs]
315.442: [GC (Allocation Failure) 46446K->435K(87488K), 0.0002020 secs]
315.461: [GC (Allocation Failure) 44786K->435K(85888K), 0.0002130 secs]
315.483: [GC (Allocation Failure) 43223K->435K(84352K), 0.0002140 secs]
315.502: [GC (Allocation Failure) 41660K->435K(82880K), 0.0002110 secs]
315.519: [GC (Allocation Failure) 40195K->435K(81472K), 0.0002040 secs]
315.572: [GC (Allocation Failure) 38828K->435K(80128K), 0.0002130 secs]
315.592: [GC (Allocation Failure) 37461K->435K(78848K), 0.0002030 secs]
315.608: [GC (Allocation Failure) 36191K->435K(77632K), 0.0002200 secs]
315.670: [GC (Allocation Failure) 34921K->435K(76480K), 0.0002260 secs]
315.689: [GC (Allocation Failure) 33749K->435K(75392K), 0.0002110 secs]
315.704: [GC (Allocation Failure) 32675K->435K(81856K), 0.0003290 secs]
315.742: [GC (Allocation Failure) 39219K->435K(80512K), 0.0002160 secs]
315.762: [GC (Allocation Failure) 37851K->435K(79232K), 0.0002030 secs]
315.778: [GC (Allocation Failure) 36582K->435K(86464K), 0.0002740 secs]
315.817: [GC (Allocation Failure) 43809K->435K(84928K), 0.0002310 secs]
315.835: [GC (Allocation Failure) 42247K->435K(83456K), 0.0002160 secs]
315.852: [GC (Allocation Failure) 40781K->435K(82048K), 0.0002020 secs]
315.914: [GC (Allocation Failure) 39316K->435K(80704K), 0.0002280 secs]
315.931: [GC (Allocation Failure) 38047K->435K(79424K), 0.0002020 secs]
315.967: [GC (Allocation Failure) 36777K->435K(78208K), 0.0002140 secs]
315.982: [GC (Allocation Failure) 35507K->435K(77056K), 0.0002010 secs]
315.997: [GC (Allocation Failure) 34335K->435K(75904K), 0.0002030 secs]
316.015: [GC (Allocation Failure) 33261K->435K(74816K), 0.0002040 secs]
316.030: [GC (Allocation Failure) 32089K->435K(81216K), 0.0002140 secs]
316.050: [GC (Allocation Failure) 38535K->435K(88896K), 0.0002730 secs]
316.074: [GC (Allocation Failure) 46251K->435K(87232K), 0.0002110 secs]
316.094: [GC (Allocation Failure) 44591K->435K(85632K), 0.0002110 secs]
316.174: [GC (Allocation Failure) 42930K->435K(84096K), 0.0002150 secs]
316.196: [GC (Allocation Failure) 41367K->435K(82624K), 0.0002060 secs]
316.213: [GC (Allocation Failure) 39902K->435K(81280K), 0.0002020 secs]
316.230: [GC (Allocation Failure) 38633K->435K(80000K), 0.0002020 secs]
316.250: [GC (Allocation Failure) 37363K->435K(78720K), 0.0002110 secs]
316.266: [GC (Allocation Failure) 35996K->435K(77504K), 0.0002170 secs]
316.285: [GC (Allocation Failure) 34823K->435K(84416K), 0.0002820 secs]
316.307: [GC (Allocation Failure) 41758K->435K(92736K), 0.0002190 secs]
316.418: [GC (Allocation Failure) 50064K->435K(90880K), 0.0002200 secs]
316.443: [GC (Allocation Failure) 48204K->435K(89152K), 0.0002090 secs]
316.467: [GC (Allocation Failure) 46446K->435K(87488K), 0.0002020 secs]
316.486: [GC (Allocation Failure) 44786K->435K(85888K), 0.0002140 secs]
316.510: [GC (Allocation Failure) 43223K->435K(84352K), 0.0002420 secs]
316.574: [GC (Allocation Failure) 41660K->435K(82880K), 0.0002070 secs]
316.595: [GC (Allocation Failure) 40195K->435K(81472K), 0.0002100 secs]
316.616: [GC (Allocation Failure) 38828K->435K(80128K), 0.0002500 secs]
316.663: [GC (Allocation Failure) 37461K->435K(78848K), 0.0002880 secs]
316.718: [GC (Allocation Failure) 36191K->435K(77632K), 0.0002150 secs]
316.733: [GC (Allocation Failure) 34921K->435K(76480K), 0.0002020 secs]
316.748: [GC (Allocation Failure) 33749K->435K(75392K), 0.0002120 secs]
316.770: [GC (Allocation Failure) 32675K->435K(74368K), 0.0002120 secs]
316.784: [GC (Allocation Failure) 31698K->435K(80640K), 0.0002300 secs]
316.803: [GC (Allocation Failure) 37949K->435K(79360K), 0.0002110 secs]
316.823: [GC (Allocation Failure) 36679K->435K(78144K), 0.0002150 secs]
316.910: [GC (Allocation Failure) 35409K->435K(76992K), 0.0002330 secs]
316.924: [GC (Allocation Failure) 34335K->435K(75904K), 0.0002060 secs]
316.971: [GC (Allocation Failure) 33261K->435K(74816K), 0.0002240 secs]
316.985: [GC (Allocation Failure) 32089K->435K(73792K), 0.0002190 secs]
317.012: [GC (Allocation Failure) 31112K->435K(72832K), 0.0002230 secs]
317.025: [GC (Allocation Failure) 30135K->435K(71872K), 0.0002030 secs]
317.042: [GC (Allocation Failure) 29158K->435K(70976K), 0.0002030 secs]
317.058: [GC (Allocation Failure) 28279K->435K(76608K), 0.0002290 secs]
317.077: [GC (Allocation Failure) 33944K->435K(83328K), 0.0002170 secs]
317.095: [GC (Allocation Failure) 40684K->435K(91392K), 0.0002690 secs]
317.128: [GC (Allocation Failure) 48693K->435K(89600K), 0.0002180 secs]
317.148: [GC (Allocation Failure) 46935K->435K(98944K), 0.0002750 secs]
317.181: [GC (Allocation Failure) 56218K->435K(96832K), 0.0002140 secs]
317.205: [GC (Allocation Failure) 54166K->435K(94784K), 0.0002960 secs]
317.280: [GC (Allocation Failure) 52115K->435K(92864K), 0.0002120 secs]
317.304: [GC (Allocation Failure) 50162K->435K(91008K), 0.0002010 secs]
317.324: [GC (Allocation Failure) 48302K->435K(89216K), 0.0002030 secs]
317.377: [GC (Allocation Failure) 46544K->435K(87552K), 0.0002810 secs]
317.401: [GC (Allocation Failure) 44884K->435K(85952K), 0.0002060 secs]
317.420: [GC (Allocation Failure) 43223K->435K(84416K), 0.0002190 secs]
317.538: [GC (Allocation Failure) 41758K->435K(82944K), 0.0002150 secs]
317.571: [GC (Allocation Failure) 40293K->435K(81536K), 0.0002240 secs]
317.588: [GC (Allocation Failure) 38828K->435K(80192K), 0.0002040 secs]
317.604: [GC (Allocation Failure) 37461K->435K(78912K), 0.0002060 secs]
317.669: [GC (Allocation Failure) 36191K->435K(77696K), 0.0002030 secs]
317.720: [GC (Allocation Failure) 35019K->435K(76544K), 0.0002310 secs]
317.734: [GC (Allocation Failure) 33847K->435K(75456K), 0.0002070 secs]
317.811: [GC (Allocation Failure) 32772K->435K(74432K), 0.0002520 secs]
317.828: [GC (Allocation Failure) 31698K->435K(73408K), 0.0002950 secs]
317.841: [GC (Allocation Failure) 30721K->435K(72448K), 0.0002150 secs]
317.871: [GC (Allocation Failure) 29745K->435K(71552K), 0.0002210 secs]
317.888: [GC (Allocation Failure) 28865K->435K(70656K), 0.0002280 secs]
317.901: [GC (Allocation Failure) 27986K->435K(76224K), 0.0003000 secs]
317.915: [GC (Allocation Failure) 33554K->435K(82880K), 0.0002050 secs]
317.932: [GC (Allocation Failure) 40195K->435K(90880K), 0.0002050 secs]
317.953: [GC (Allocation Failure) 48204K->435K(100480K), 0.0002030 secs]
318.029: [GC (Allocation Failure) 57780K->435K(98240K), 0.0002060 secs]
318.121: [GC (Allocation Failure) 55534K->435K(96128K), 0.0002550 secs]
318.143: [GC (Allocation Failure) 53483K->435K(94144K), 0.0002070 secs]
318.231: [GC (Allocation Failure) 51432K->435K(92224K), 0.0002130 secs]
318.255: [GC (Allocation Failure) 49572K->435K(90432K), 0.0002030 secs]
318.275: [GC (Allocation Failure) 47716K->435K(88704K), 0.0002060 secs]
318.345: [GC (Allocation Failure) 46056K->435K(87040K), 0.0002410 secs]
318.364: [GC (Allocation Failure) 44395K->435K(85440K), 0.0002150 secs]
318.383: [GC (Allocation Failure) 42735K->435K(83968K), 0.0002050 secs]
318.411: [GC (Allocation Failure) 41270K->435K(82560K), 0.0002270 secs]
318.432: [GC (Allocation Failure) 39902K->435K(81216K), 0.0002010 secs]
318.449: [GC (Allocation Failure) 38535K->435K(79936K), 0.0002130 secs]
318.521: [GC (Allocation Failure) 37265K->435K(78656K), 0.0002120 secs]
318.540: [GC (Allocation Failure) 35996K->435K(77440K), 0.0002130 secs]
318.574: [GC (Allocation Failure) 34726K->435K(76288K), 0.0002110 secs]
318.593: [GC (Allocation Failure) 33554K->435K(75200K), 0.0002020 secs]
318.607: [GC (Allocation Failure) 32479K->435K(74176K), 0.0002160 secs]
318.633: [GC (Allocation Failure) 31503K->435K(73152K), 0.0002420 secs]
318.651: [GC (Allocation Failure) 30428K->435K(72192K), 0.0001990 secs]
318.672: [GC (Allocation Failure) 29549K->435K(71296K), 0.0002140 secs]
318.684: [GC (Allocation Failure) 28572K->435K(76992K), 0.0002240 secs]
318.699: [GC (Allocation Failure) 34335K->435K(83776K), 0.0002750 secs]
318.773: [GC (Allocation Failure) 41074K->435K(82368K), 0.0002240 secs]
318.794: [GC (Allocation Failure) 39707K->435K(81024K), 0.0002010 secs]
318.811: [GC (Allocation Failure) 38340K->435K(79744K), 0.0002180 secs]
318.827: [GC (Allocation Failure) 37070K->435K(87104K), 0.0002030 secs]
318.875: [GC (Allocation Failure) 44395K->435K(85504K), 0.0002140 secs]
318.916: [GC (Allocation Failure) 42833K->435K(83968K), 0.0002360 secs]
318.935: [GC (Allocation Failure) 41270K->435K(82560K), 0.0002180 secs]
318.977: [GC (Allocation Failure) 39902K->435K(81216K), 0.0002140 secs]
318.994: [GC (Allocation Failure) 38535K->435K(79936K), 0.0002180 secs]
319.010: [GC (Allocation Failure) 37265K->435K(78656K), 0.0002150 secs]
319.029: [GC (Allocation Failure) 35996K->435K(77440K), 0.0002110 secs]
319.125: [GC (Allocation Failure) 34726K->435K(76288K), 0.0002350 secs]
319.143: [GC (Allocation Failure) 33554K->435K(75200K), 0.0002140 secs]
319.158: [GC (Allocation Failure) 32479K->435K(74176K), 0.0002180 secs]
319.175: [GC (Allocation Failure) 31503K->435K(73152K), 0.0002140 secs]
319.315: [GC (Allocation Failure) 30428K->435K(72192K), 0.0002080 secs]
319.328: [GC (Allocation Failure) 29549K->435K(78016K), 0.0003270 secs]
319.372: [GC (Allocation Failure) 35312K->435K(76864K), 0.0002170 secs]
319.390: [GC (Allocation Failure) 34140K->435K(83648K), 0.0002740 secs]
319.412: [GC (Allocation Failure) 40977K->435K(82240K), 0.0002200 secs]
319.429: [GC (Allocation Failure) 39512K->435K(80896K), 0.0002050 secs]
319.446: [GC (Allocation Failure) 38242K->435K(88512K), 0.0002050 secs]
319.540: [GC (Allocation Failure) 45860K->435K(86848K), 0.0002150 secs]
319.563: [GC (Allocation Failure) 44200K->435K(85312K), 0.0002230 secs]
319.629: [GC (Allocation Failure) 42637K->435K(83840K), 0.0002210 secs]
319.651: [GC (Allocation Failure) 41172K->435K(82432K), 0.0002030 secs]
319.668: [GC (Allocation Failure) 39707K->435K(81088K), 0.0002160 secs]
319.685: [GC (Allocation Failure) 38437K->435K(79808K), 0.0002050 secs]
319.723: [GC (Allocation Failure) 37168K->435K(78592K), 0.0002060 secs]
319.788: [GC (Allocation Failure) 35898K->435K(77376K), 0.0002140 secs]
319.807: [GC (Allocation Failure) 34726K->435K(76224K), 0.0002240 secs]
319.872: [GC (Allocation Failure) 33554K->435K(75136K), 0.0002040 secs]
319.911: [GC (Allocation Failure) 32479K->435K(74112K), 0.0002100 secs]
319.934: [GC (Allocation Failure) 31405K->435K(73152K), 0.0002780 secs]
319.970: [GC (Allocation Failure) 30428K->435K(72192K), 0.0002170 secs]
320.020: [GC (Allocation Failure) 29549K->435K(71296K), 0.0002140 secs]
320.032: [GC (Allocation Failure) 28572K->435K(70400K), 0.0002150 secs]
320.111: [GC (Allocation Failure) 27693K->435K(69568K), 0.0002770 secs]
320.173: [GC (Allocation Failure) 26912K->435K(68800K), 0.0002270 secs]
320.188: [GC (Allocation Failure) 26131K->435K(68032K), 0.0002030 secs]
320.210: [GC (Allocation Failure) 25349K->435K(67328K), 0.0002190 secs]
320.272: [GC (Allocation Failure) 24662K->435K(66624K), 0.0002240 secs]
320.287: [GC (Allocation Failure) 23978K->435K(65984K), 0.0002190 secs]
320.297: [GC (Allocation Failure) 23294K->435K(70592K), 0.0002650 secs]
320.320: [GC (Allocation Failure) 27889K->435K(76096K), 0.0002060 secs]
320.338: [GC (Allocation Failure) 33456K->435K(82752K), 0.0002770 secs]
320.355: [GC (Allocation Failure) 40098K->435K(90688K), 0.0002180 secs]
320.376: [GC (Allocation Failure) 48009K->435K(100224K), 0.0002060 secs]
320.400: [GC (Allocation Failure) 57585K->435K(111680K), 0.0002870 secs]
320.439: [GC (Allocation Failure) 69013K->435K(108928K), 0.0002150 secs]
320.471: [GC (Allocation Failure) 66278K->435K(106304K), 0.0002030 secs]
320.502: [GC (Allocation Failure) 63641K->435K(103808K), 0.0001870 secs]
320.532: [GC (Allocation Failure) 61101K->435K(101440K), 0.0002100 secs]
320.562: [GC (Allocation Failure) 58757K->435K(99200K), 0.0002140 secs]
320.587: [GC (Allocation Failure) 56511K->435K(97024K), 0.0002070 secs]
320.620: [GC (Allocation Failure) 54362K->435K(94976K), 0.0002220 secs]
320.646: [GC (Allocation Failure) 52311K->435K(93056K), 0.0002090 secs]
320.672: [GC (Allocation Failure) 50357K->435K(91200K), 0.0002140 secs]
320.779: [GC (Allocation Failure) 48498K->435K(89408K), 0.0002770 secs]
320.833: [GC (Allocation Failure) 46739K->435K(87744K), 0.0002170 secs]
320.856: [GC (Allocation Failure) 45079K->435K(86144K), 0.0002020 secs]
320.874: [GC (Allocation Failure) 43419K->435K(84608K), 0.0002160 secs]
320.892: [GC (Allocation Failure) 41953K->435K(83136K), 0.0002040 secs]
320.914: [GC (Allocation Failure) 40488K->435K(81728K), 0.0002130 secs]
320.938: [GC (Allocation Failure) 39023K->435K(80384K), 0.0002280 secs]
320.954: [GC (Allocation Failure) 37656K->435K(79104K), 0.0002040 secs]
320.974: [GC (Allocation Failure) 36386K->435K(77888K), 0.0002140 secs]
320.989: [GC (Allocation Failure) 35214K->435K(76736K), 0.0002140 secs]
321.008: [GC (Allocation Failure) 34042K->435K(75648K), 0.0002140 secs]
321.073: [GC (Allocation Failure) 32968K->435K(74560K), 0.0002130 secs]
321.091: [GC (Allocation Failure) 31893K->435K(73536K), 0.0002750 secs]
321.109: [GC (Allocation Failure) 30819K->435K(79680K), 0.0002430 secs]
321.141: [GC (Allocation Failure) 36972K->435K(78464K), 0.0002070 secs]
321.156: [GC (Allocation Failure) 35800K->435K(77312K), 0.0002150 secs]
321.315: [GC (Allocation Failure) 34628K->435K(76160K), 0.0002160 secs]
321.378: [GC (Allocation Failure) 33456K->435K(75072K), 0.0003390 secs]
321.397: [GC (Allocation Failure) 32382K->435K(74048K), 0.0002200 secs]
321.415: [GC (Allocation Failure) 31405K->435K(73088K), 0.0002700 secs]
321.433: [GC (Allocation Failure) 30428K->435K(72128K), 0.0002160 secs]
321.472: [GC (Allocation Failure) 29451K->435K(71232K), 0.0002770 secs]
321.604: [GC (Allocation Failure) 28572K->435K(70400K), 0.0002170 secs]
321.620: [GC (Allocation Failure) 27693K->435K(69568K), 0.0002300 secs]
321.676: [GC (Allocation Failure) 26912K->435K(68800K), 0.0002150 secs]
321.691: [GC (Allocation Failure) 26131K->435K(68032K), 0.0002310 secs]
321.708: [GC (Allocation Failure) 25349K->435K(67328K), 0.0002230 secs]
321.732: [GC (Allocation Failure) 24662K->435K(66624K), 0.0002040 secs]
321.746: [GC (Allocation Failure) 23978K->435K(65984K), 0.0002160 secs]
321.756: [GC (Allocation Failure) 23294K->435K(70592K), 0.0002060 secs]
321.817: [GC (Allocation Failure) 27889K->435K(69760K), 0.0002280 secs]
321.833: [GC (Allocation Failure) 27107K->435K(75136K), 0.0002720 secs]
321.848: [GC (Allocation Failure) 32479K->435K(81600K), 0.0002760 secs]
321.869: [GC (Allocation Failure) 38926K->435K(89344K), 0.0002150 secs]
321.894: [GC (Allocation Failure) 46642K->435K(98624K), 0.0002140 secs]
321.918: [GC (Allocation Failure) 55925K->435K(96512K), 0.0002170 secs]
321.941: [GC (Allocation Failure) 53873K->435K(94464K), 0.0002050 secs]
321.983: [GC (Allocation Failure) 51822K->435K(92544K), 0.0002040 secs]
322.032: [GC (Allocation Failure) 49867K->435K(90688K), 0.0002250 secs]
322.053: [GC (Allocation Failure) 48009K->435K(88960K), 0.0002240 secs]
322.072: [GC (Allocation Failure) 46251K->435K(87296K), 0.0002060 secs]
322.096: [GC (Allocation Failure) 44591K->435K(85696K), 0.0002040 secs]
322.114: [GC (Allocation Failure) 43028K->435K(84160K), 0.0002150 secs]
322.136: [GC (Allocation Failure) 41465K->435K(82688K), 0.0002090 secs]
322.178: [GC (Allocation Failure) 40000K->435K(81344K), 0.0002720 secs]
322.231: [GC (Allocation Failure) 38633K->435K(80000K), 0.0002230 secs]
322.248: [GC (Allocation Failure) 37363K->435K(78720K), 0.0002160 secs]
322.267: [GC (Allocation Failure) 35996K->435K(77504K), 0.0002100 secs]
322.326: [GC (Allocation Failure) 34823K->435K(76352K), 0.0002740 secs]
322.407: [GC (Allocation Failure) 33651K->435K(75264K), 0.0002050 secs]
322.429: [GC (Allocation Failure) 32577K->435K(74240K), 0.0002110 secs]
322.447: [GC (Allocation Failure) 31600K->435K(73216K), 0.0002310 secs]
322.461: [GC (Allocation Failure) 30526K->435K(72256K), 0.0002200 secs]
322.478: [GC (Allocation Failure) 29549K->435K(71360K), 0.0002100 secs]
322.515: [GC (Allocation Failure) 28670K->435K(70464K), 0.0002790 secs]
322.577: [GC (Allocation Failure) 27791K->435K(69632K), 0.0002170 secs]
322.593: [GC (Allocation Failure) 26912K->435K(68864K), 0.0002030 secs]
322.614: [GC (Allocation Failure) 26131K->435K(68096K), 0.0002160 secs]
322.629: [GC (Allocation Failure) 25447K->435K(67392K), 0.0002250 secs]
322.657: [GC (Allocation Failure) 24662K->435K(66688K), 0.0002130 secs]
322.676: [GC (Allocation Failure) 23978K->435K(66048K), 0.0002440 secs]
322.690: [GC (Allocation Failure) 23392K->435K(70656K), 0.0002120 secs]
322.774: [GC (Allocation Failure) 27986K->435K(69824K), 0.0002170 secs]
322.823: [GC (Allocation Failure) 27107K->435K(68992K), 0.0002680 secs]
322.844: [GC (Allocation Failure) 26326K->435K(68224K), 0.0002270 secs]
322.859: [GC (Allocation Failure) 25545K->435K(67520K), 0.0001980 secs]
322.870: [GC (Allocation Failure) 24857K->435K(72448K), 0.0002030 secs]
322.907: [GC (Allocation Failure) 29745K->435K(71552K), 0.0002230 secs]
323.019: [GC (Allocation Failure) 28865K->435K(70656K), 0.0002150 secs]
323.032: [GC (Allocation Failure) 27986K->435K(76224K), 0.0003230 secs]
323.081: [GC (Allocation Failure) 33554K->435K(75136K), 0.0002520 secs]
323.095: [GC (Allocation Failure) 32479K->435K(81600K), 0.0002660 secs]
323.128: [GC (Allocation Failure) 38926K->435K(80256K), 0.0002150 secs]
323.148: [GC (Allocation Failure) 37558K->435K(78976K), 0.0002030 secs]
323.168: [GC (Allocation Failure) 36289K->435K(77760K), 0.0002120 secs]
323.187: [GC (Allocation Failure) 35116K->435K(76608K), 0.0002140 secs]
323.206: [GC (Allocation Failure) 33944K->435K(75520K), 0.0002030 secs]
323.220: [GC (Allocation Failure) 32870K->435K(82048K), 0.0002070 secs]
323.346: [GC (Allocation Failure) 39316K->435K(80704K), 0.0002280 secs]
323.367: [GC (Allocation Failure) 38047K->435K(79424K), 0.0002280 secs]
323.384: [GC (Allocation Failure) 36777K->435K(78208K), 0.0002640 secs]
323.427: [GC (Allocation Failure) 35507K->435K(77056K), 0.0002140 secs]
323.442: [GC (Allocation Failure) 34335K->435K(75904K), 0.0002030 secs]
323.460: [GC (Allocation Failure) 33261K->435K(74816K), 0.0002030 secs]
323.474: [GC (Allocation Failure) 32089K->435K(81216K), 0.0002240 secs]
323.494: [GC (Allocation Failure) 38535K->435K(88896K), 0.0002120 secs]
323.518: [GC (Allocation Failure) 46251K->435K(87232K), 0.0002150 secs]
323.537: [GC (Allocation Failure) 44591K->435K(85632K), 0.0002140 secs]
323.556: [GC (Allocation Failure) 42930K->435K(84096K), 0.0002140 secs]
323.585: [GC (Allocation Failure) 41367K->435K(82624K), 0.0002240 secs]
323.603: [GC (Allocation Failure) 39902K->435K(81280K), 0.0002250 secs]
323.620: [GC (Allocation Failure) 38633K->435K(80000K), 0.0002030 secs]
323.683: [GC (Allocation Failure) 37363K->435K(78720K), 0.0002120 secs]
323.699: [GC (Allocation Failure) 35996K->435K(77504K), 0.0002740 secs]
323.719: [GC (Allocation Failure) 34823K->435K(76352K), 0.0002320 secs]
323.737: [GC (Allocation Failure) 33651K->435K(75264K), 0.0002050 secs]
323.755: [GC (Allocation Failure) 32577K->435K(81728K), 0.0002400 secs]
323.780: [GC (Allocation Failure) 39023K->435K(80384K), 0.0002060 secs]
323.912: [GC (Allocation Failure) 37656K->435K(79104K), 0.0002240 secs]
323.928: [GC (Allocation Failure) 36386K->435K(77888K), 0.0002160 secs]
323.947: [GC (Allocation Failure) 35214K->435K(76736K), 0.0002120 secs]
323.978: [GC (Allocation Failure) 34042K->435K(75648K), 0.0002230 secs]
323.992: [GC (Allocation Failure) 32968K->435K(74560K), 0.0002050 secs]
324.010: [GC (Allocation Failure) 31893K->435K(73536K), 0.0002020 secs]
324.027: [GC (Allocation Failure) 30819K->435K(72576K), 0.0002140 secs]
324.044: [GC (Allocation Failure) 29842K->435K(78528K), 0.0002300 secs]
324.060: [GC (Allocation Failure) 35800K->435K(85632K), 0.0002200 secs]
324.127: [GC (Allocation Failure) 42930K->435K(84096K), 0.0002190 secs]
324.149: [GC (Allocation Failure) 41367K->435K(82624K), 0.0002120 secs]
324.166: [GC (Allocation Failure) 39902K->435K(81280K), 0.0002070 secs]
324.221: [GC (Allocation Failure) 38633K->435K(80000K), 0.0002160 secs]
324.280: [GC (Allocation Failure) 37363K->435K(78720K), 0.0002270 secs]
324.299: [GC (Allocation Failure) 35996K->435K(77504K), 0.0002110 secs]
324.329: [GC (Allocation Failure) 34823K->435K(76352K), 0.0002160 secs]
324.347: [GC (Allocation Failure) 33651K->435K(75264K), 0.0002220 secs]
324.382: [GC (Allocation Failure) 32577K->435K(74240K), 0.0002190 secs]
324.399: [GC (Allocation Failure) 31600K->435K(73216K), 0.0002100 secs]
324.496: [GC (Allocation Failure) 30526K->435K(72256K), 0.0002740 secs]
324.579: [GC (Allocation Failure) 29549K->435K(71360K), 0.0002530 secs]
324.596: [GC (Allocation Failure) 28670K->435K(70464K), 0.0002300 secs]
324.608: [GC (Allocation Failure) 27791K->435K(69632K), 0.0002010 secs]
324.620: [GC (Allocation Failure) 26912K->435K(74944K), 0.0002050 secs]
324.638: [GC (Allocation Failure) 32284K->435K(81344K), 0.0002150 secs]
324.659: [GC (Allocation Failure) 38633K->435K(89024K), 0.0002960 secs]
324.688: [GC (Allocation Failure) 46349K->435K(87360K), 0.0002140 secs]
324.744: [GC (Allocation Failure) 44688K->435K(85760K), 0.0002210 secs]
324.762: [GC (Allocation Failure) 43028K->435K(84224K), 0.0002030 secs]
324.780: [GC (Allocation Failure) 41563K->435K(82752K), 0.0002140 secs]
324.801: [GC (Allocation Failure) 40098K->435K(81344K), 0.0002750 secs]
324.821: [GC (Allocation Failure) 38633K->435K(80000K), 0.0002170 secs]
324.838: [GC (Allocation Failure) 37363K->435K(78720K), 0.0002130 secs]
324.857: [GC (Allocation Failure) 35996K->435K(77504K), 0.0002120 secs]
324.872: [GC (Allocation Failure) 34823K->435K(84416K), 0.0002550 secs]
324.890: [GC (Allocation Failure) 41758K->435K(92736K), 0.0002080 secs]
324.938: [GC (Allocation Failure) 50064K->435K(90880K), 0.0002290 secs]
324.963: [GC (Allocation Failure) 48204K->435K(89152K), 0.0002050 secs]
324.988: [GC (Allocation Failure) 46446K->435K(87488K), 0.0002130 secs]
325.084: [GC (Allocation Failure) 44786K->435K(85888K), 0.0002790 secs]
325.134: [GC (Allocation Failure) 43223K->435K(84352K), 0.0002060 secs]
325.187: [GC (Allocation Failure) 41660K->435K(82880K), 0.0002170 secs]
325.208: [GC (Allocation Failure) 40195K->435K(81472K), 0.0002070 secs]
325.229: [GC (Allocation Failure) 38828K->435K(80128K), 0.0002030 secs]
325.249: [GC (Allocation Failure) 37461K->435K(78848K), 0.0002130 secs]
325.265: [GC (Allocation Failure) 36191K->435K(77632K), 0.0002170 secs]
325.326: [GC (Allocation Failure) 34921K->435K(76480K), 0.0002220 secs]
325.344: [GC (Allocation Failure) 33749K->435K(75392K), 0.0002170 secs]
325.358: [GC (Allocation Failure) 32675K->435K(74368K), 0.0002150 secs]
325.376: [GC (Allocation Failure) 31698K->435K(73344K), 0.0002030 secs]
325.393: [GC (Allocation Failure) 30624K->435K(72384K), 0.0002140 secs]
325.406: [GC (Allocation Failure) 29745K->435K(78272K), 0.0002200 secs]
325.425: [GC (Allocation Failure) 35605K->435K(85312K), 0.0002020 secs]
325.444: [GC (Allocation Failure) 42637K->435K(93760K), 0.0002020 secs]
325.491: [GC (Allocation Failure) 51041K->435K(91840K), 0.0002210 secs]
325.516: [GC (Allocation Failure) 49181K->435K(90048K), 0.0002040 secs]
325.590: [GC (Allocation Failure) 47325K->435K(88320K), 0.0002290 secs]
325.609: [GC (Allocation Failure) 45665K->435K(86656K), 0.0002060 secs]
325.632: [GC (Allocation Failure) 44005K->435K(85120K), 0.0002110 secs]
325.688: [GC (Allocation Failure) 42442K->435K(83648K), 0.0002140 secs]
325.710: [GC (Allocation Failure) 40977K->435K(82240K), 0.0002160 secs]
325.787: [GC (Allocation Failure) 39512K->435K(80896K), 0.0002030 secs]
325.807: [GC (Allocation Failure) 38242K->435K(79616K), 0.0002020 secs]
325.823: [GC (Allocation Failure) 36972K->435K(78400K), 0.0002140 secs]
325.839: [GC (Allocation Failure) 35702K->435K(77248K), 0.0002050 secs]
325.911: [GC (Allocation Failure) 34530K->435K(76096K), 0.0002200 secs]
325.926: [GC (Allocation Failure) 33456K->435K(75008K), 0.0002160 secs]
325.944: [GC (Allocation Failure) 32284K->435K(73984K), 0.0002150 secs]
326.030: [GC (Allocation Failure) 31307K->435K(73024K), 0.0002150 secs]
326.047: [GC (Allocation Failure) 30331K->435K(72064K), 0.0002090 secs]
326.079: [GC (Allocation Failure) 29354K->435K(71168K), 0.0002150 secs]
326.091: [GC (Allocation Failure) 28475K->435K(70336K), 0.0002070 secs]
326.125: [GC (Allocation Failure) 27693K->435K(69504K), 0.0002330 secs]
326.218: [GC (Allocation Failure) 26814K->435K(68736K), 0.0002250 secs]
326.234: [GC (Allocation Failure) 26033K->435K(67968K), 0.0002170 secs]
326.278: [GC (Allocation Failure) 25250K->435K(67264K), 0.0002060 secs]
326.327: [GC (Allocation Failure) 24564K->435K(66560K), 0.0002280 secs]
326.338: [GC (Allocation Failure) 23880K->435K(65920K), 0.0002040 secs]
326.348: [GC (Allocation Failure) 23196K->435K(70528K), 0.0002760 secs]
326.383: [GC (Allocation Failure) 27889K->435K(76032K), 0.0002170 secs]
326.402: [GC (Allocation Failure) 33358K->435K(82624K), 0.0002030 secs]
326.525: [GC (Allocation Failure) 39902K->435K(81280K), 0.0002140 secs]
326.588: [GC (Allocation Failure) 38633K->435K(80000K), 0.0002170 secs]
326.604: [GC (Allocation Failure) 37363K->435K(78720K), 0.0002260 secs]
326.635: [GC (Allocation Failure) 35996K->435K(77504K), 0.0002180 secs]
326.651: [GC (Allocation Failure) 34823K->435K(76352K), 0.0002150 secs]
326.682: [GC (Allocation Failure) 33651K->435K(75264K), 0.0002190 secs]
326.696: [GC (Allocation Failure) 32577K->435K(74240K), 0.0002060 secs]
326.735: [GC (Allocation Failure) 31600K->435K(73216K), 0.0002170 secs]
326.776: [GC (Allocation Failure) 30526K->435K(72256K), 0.0002070 secs]
326.834: [GC (Allocation Failure) 29549K->435K(71360K), 0.0002240 secs]
326.851: [GC (Allocation Failure) 28670K->435K(70464K), 0.0002290 secs]
326.863: [GC (Allocation Failure) 27791K->435K(75968K), 0.0002670 secs]
326.910: [GC (Allocation Failure) 33261K->435K(74880K), 0.0002180 secs]
326.929: [GC (Allocation Failure) 32186K->435K(73856K), 0.0002500 secs]
326.946: [GC (Allocation Failure) 31210K->435K(72896K), 0.0002020 secs]
326.985: [GC (Allocation Failure) 30233K->435K(71936K), 0.0002180 secs]
327.001: [GC (Allocation Failure) 29256K->435K(71040K), 0.0002020 secs]
327.014: [GC (Allocation Failure) 28377K->435K(76672K), 0.0002270 secs]
327.028: [GC (Allocation Failure) 33944K->435K(83392K), 0.0002040 secs]
327.050: [GC (Allocation Failure) 40684K->435K(91456K), 0.0002220 secs]
327.139: [GC (Allocation Failure) 48791K->435K(89664K), 0.0002070 secs]
327.192: [GC (Allocation Failure) 46935K->435K(87936K), 0.0002120 secs]
327.216: [GC (Allocation Failure) 45274K->435K(86336K), 0.0002000 secs]
327.287: [GC (Allocation Failure) 43614K->435K(84800K), 0.0002720 secs]
327.327: [GC (Allocation Failure) 42149K->435K(83328K), 0.0002320 secs]
327.349: [GC (Allocation Failure) 40684K->435K(81920K), 0.0002060 secs]
327.410: [GC (Allocation Failure) 39219K->435K(80576K), 0.0002130 secs]
327.426: [GC (Allocation Failure) 37851K->435K(79296K), 0.0002040 secs]
327.446: [GC (Allocation Failure) 36582K->435K(78080K), 0.0002100 secs]
327.537: [GC (Allocation Failure) 35409K->435K(76928K), 0.0002080 secs]
327.552: [GC (Allocation Failure) 34237K->435K(75840K), 0.0002720 secs]
327.583: [GC (Allocation Failure) 33163K->435K(74752K), 0.0002680 secs]
327.682: [GC (Allocation Failure) 32089K->435K(73728K), 0.0002040 secs]
327.727: [GC (Allocation Failure) 31014K->435K(72768K), 0.0002150 secs]
327.744: [GC (Allocation Failure) 30038K->435K(71808K), 0.0002330 secs]
327.781: [GC (Allocation Failure) 29158K->435K(70912K), 0.0002160 secs]
327.797: [GC (Allocation Failure) 28182K->435K(70080K), 0.0002210 secs]
327.824: [GC (Allocation Failure) 27400K->435K(69248K), 0.0003370 secs]
327.840: [GC (Allocation Failure) 26521K->435K(68480K), 0.0002050 secs]
327.851: [GC (Allocation Failure) 25838K->435K(73600K), 0.0002750 secs]
327.887: [GC (Allocation Failure) 30917K->435K(79744K), 0.0002240 secs]
327.907: [GC (Allocation Failure) 37070K->435K(87104K), 0.0002310 secs]
327.927: [GC (Allocation Failure) 44395K->435K(95936K), 0.0002200 secs]
327.992: [GC (Allocation Failure) 53287K->435K(93952K), 0.0002160 secs]
328.031: [GC (Allocation Failure) 51236K->435K(92032K), 0.0002120 secs]
328.052: [GC (Allocation Failure) 49377K->435K(90240K), 0.0001990 secs]
328.076: [GC (Allocation Failure) 47521K->435K(88512K), 0.0002230 secs]
328.143: [GC (Allocation Failure) 45860K->435K(86848K), 0.0002130 secs]
328.162: [GC (Allocation Failure) 44200K->435K(85312K), 0.0002050 secs]
328.292: [GC (Allocation Failure) 42637K->435K(83840K), 0.0002130 secs]
328.314: [GC (Allocation Failure) 41172K->435K(82432K), 0.0002030 secs]
328.331: [GC (Allocation Failure) 39707K->435K(81088K), 0.0002160 secs]
328.348: [GC (Allocation Failure) 38437K->435K(79808K), 0.0002170 secs]
328.390: [GC (Allocation Failure) 37168K->435K(78592K), 0.0002200 secs]
328.409: [GC (Allocation Failure) 35898K->435K(77376K), 0.0002110 secs]
328.428: [GC (Allocation Failure) 34726K->435K(76224K), 0.0002100 secs]
328.524: [GC (Allocation Failure) 33554K->435K(75136K), 0.0002100 secs]
328.542: [GC (Allocation Failure) 32479K->435K(74112K), 0.0002740 secs]
328.560: [GC (Allocation Failure) 31405K->435K(73152K), 0.0002140 secs]
328.597: [GC (Allocation Failure) 30428K->435K(72192K), 0.0002190 secs]
328.611: [GC (Allocation Failure) 29549K->435K(78016K), 0.0003900 secs]
328.635: [GC (Allocation Failure) 35312K->435K(85056K), 0.0002320 secs]
328.659: [GC (Allocation Failure) 42344K->435K(93504K), 0.0002230 secs]
328.682: [GC (Allocation Failure) 50846K->435K(103616K), 0.0002310 secs]
328.708: [GC (Allocation Failure) 60906K->435K(101248K), 0.0002040 secs]
328.745: [GC (Allocation Failure) 58562K->435K(99008K), 0.0002150 secs]
328.771: [GC (Allocation Failure) 56315K->435K(96896K), 0.0002000 secs]
328.898: [GC (Allocation Failure) 54166K->435K(94848K), 0.0002020 secs]
328.925: [GC (Allocation Failure) 52115K->435K(92928K), 0.0002010 secs]
328.992: [GC (Allocation Failure) 50260K->435K(91072K), 0.0002790 secs]
329.032: [GC (Allocation Failure) 48400K->435K(89280K), 0.0002060 secs]
329.141: [GC (Allocation Failure) 46642K->435K(87616K), 0.0002160 secs]
329.160: [GC (Allocation Failure) 44884K->435K(86016K), 0.0002060 secs]
329.239: [GC (Allocation Failure) 43321K->435K(84480K), 0.0002060 secs]
329.289: [GC (Allocation Failure) 41758K->435K(83008K), 0.0002140 secs]
329.442: [GC (Allocation Failure) 40293K->435K(81600K), 0.0002190 secs]
329.459: [GC (Allocation Failure) 38926K->435K(80256K), 0.0002760 secs]
329.541: [GC (Allocation Failure) 37558K->435K(78976K), 0.0002210 secs]
329.560: [GC (Allocation Failure) 36289K->435K(77760K), 0.0002010 secs]
329.579: [GC (Allocation Failure) 35116K->435K(76608K), 0.0002170 secs]
329.598: [GC (Allocation Failure) 33944K->435K(75520K), 0.0002110 secs]
329.613: [GC (Allocation Failure) 32870K->435K(74496K), 0.0002210 secs]
329.626: [GC (Allocation Failure) 31796K->435K(73472K), 0.0002040 secs]
329.725: [GC (Allocation Failure) 30819K->435K(72512K), 0.0002220 secs]
329.737: [GC (Allocation Failure) 29842K->435K(71616K), 0.0002050 secs]
329.789: [GC (Allocation Failure) 28963K->435K(70720K), 0.0002150 secs]
329.801: [GC (Allocation Failure) 27986K->435K(76288K), 0.0003230 secs]
329.826: [GC (Allocation Failure) 33554K->435K(82944K), 0.0002310 secs]
329.848: [GC (Allocation Failure) 40293K->435K(90944K), 0.0002020 secs]
329.869: [GC (Allocation Failure) 48302K->435K(89216K), 0.0002270 secs]
329.892: [GC (Allocation Failure) 46544K->435K(87552K), 0.0002180 secs]
330.045: [GC (Allocation Failure) 44884K->435K(85952K), 0.0002070 secs]
330.064: [GC (Allocation Failure) 43223K->435K(84416K), 0.0002070 secs]
330.139: [GC (Allocation Failure) 41758K->435K(82944K), 0.0002160 secs]
330.156: [GC (Allocation Failure) 40293K->435K(81536K), 0.0002170 secs]
330.173: [GC (Allocation Failure) 38828K->435K(80192K), 0.0002030 secs]
330.189: [GC (Allocation Failure) 37461K->435K(78912K), 0.0002020 secs]
330.208: [GC (Allocation Failure) 36191K->435K(77696K), 0.0002100 secs]
330.340: [GC (Allocation Failure) 35019K->435K(76544K), 0.0002040 secs]
330.354: [GC (Allocation Failure) 33847K->435K(75456K), 0.0002740 secs]
330.391: [GC (Allocation Failure) 32772K->435K(74432K), 0.0002160 secs]
330.405: [GC (Allocation Failure) 31698K->435K(73408K), 0.0002220 secs]
330.422: [GC (Allocation Failure) 30721K->435K(72448K), 0.0002100 secs]
330.533: [GC (Allocation Failure) 29745K->435K(71552K), 0.0002020 secs]
330.550: [GC (Allocation Failure) 28865K->435K(70656K), 0.0002160 secs]
330.562: [GC (Allocation Failure) 27986K->435K(69824K), 0.0002030 secs]
330.595: [GC (Allocation Failure) 27107K->435K(68992K), 0.0002140 secs]
330.611: [GC (Allocation Failure) 26326K->435K(68224K), 0.0002020 secs]
330.626: [GC (Allocation Failure) 25545K->435K(73280K), 0.0003250 secs]
330.660: [GC (Allocation Failure) 30624K->435K(79360K), 0.0002090 secs]
330.689: [GC (Allocation Failure) 36679K->435K(78144K), 0.0002210 secs]
330.888: [GC (Allocation Failure) 35409K->435K(76992K), 0.0002140 secs]
330.902: [GC (Allocation Failure) 34335K->435K(75904K), 0.0002030 secs]
330.932: [GC (Allocation Failure) 33261K->435K(74816K), 0.0002170 secs]
330.946: [GC (Allocation Failure) 32089K->435K(73792K), 0.0002060 secs]
330.987: [GC (Allocation Failure) 31112K->435K(72832K), 0.0002040 secs]
331.036: [GC (Allocation Failure) 30135K->435K(71872K), 0.0002070 secs]
331.141: [GC (Allocation Failure) 29158K->435K(70976K), 0.0002440 secs]
331.158: [GC (Allocation Failure) 28279K->435K(70144K), 0.0002630 secs]
331.174: [GC (Allocation Failure) 27498K->435K(69312K), 0.0002020 secs]
331.235: [GC (Allocation Failure) 26619K->435K(68544K), 0.0002130 secs]
331.250: [GC (Allocation Failure) 25838K->435K(67776K), 0.0002120 secs]
331.289: [GC (Allocation Failure) 25052K->435K(67072K), 0.0002130 secs]
331.303: [GC (Allocation Failure) 24369K->435K(66368K), 0.0002190 secs]
331.315: [GC (Allocation Failure) 23685K->435K(71040K), 0.0002740 secs]
331.340: [GC (Allocation Failure) 28377K->435K(76672K), 0.0002200 secs]
331.355: [GC (Allocation Failure) 33944K->435K(83392K), 0.0002070 secs]
331.374: [GC (Allocation Failure) 40684K->435K(91456K), 0.0002030 secs]
331.399: [GC (Allocation Failure) 48791K->435K(89664K), 0.0002170 secs]
331.420: [GC (Allocation Failure) 46935K->435K(87936K), 0.0002070 secs]
331.448: [GC (Allocation Failure) 45274K->435K(86336K), 0.0002110 secs]
331.467: [GC (Allocation Failure) 43614K->435K(84800K), 0.0002790 secs]
331.546: [GC (Allocation Failure) 42149K->435K(83328K), 0.0002140 secs]
331.564: [GC (Allocation Failure) 40684K->435K(81920K), 0.0002770 secs]
331.592: [GC (Allocation Failure) 39219K->435K(80576K), 0.0002660 secs]
331.640: [GC (Allocation Failure) 37851K->435K(79296K), 0.0002160 secs]
331.790: [GC (Allocation Failure) 36582K->435K(78080K), 0.0002250 secs]
331.809: [GC (Allocation Failure) 35409K->435K(76928K), 0.0002040 secs]
331.824: [GC (Allocation Failure) 34237K->435K(75840K), 0.0002140 secs]
331.893: [GC (Allocation Failure) 33163K->435K(74752K), 0.0002250 secs]
331.907: [GC (Allocation Failure) 32089K->435K(73728K), 0.0002050 secs]
331.920: [GC (Allocation Failure) 31014K->435K(72768K), 0.0002070 secs]
331.938: [GC (Allocation Failure) 30038K->435K(71808K), 0.0002140 secs]
332.038: [GC (Allocation Failure) 29158K->435K(70912K), 0.0002180 secs]
332.091: [GC (Allocation Failure) 28182K->435K(70080K), 0.0002110 secs]
332.103: [GC (Allocation Failure) 27400K->435K(69248K), 0.0002190 secs]
332.128: [GC (Allocation Failure) 26521K->435K(68480K), 0.0002180 secs]
332.143: [GC (Allocation Failure) 25838K->435K(67712K), 0.0002050 secs]
332.154: [GC (Allocation Failure) 25052K->435K(72640K), 0.0002190 secs]
332.171: [GC (Allocation Failure) 29940K->435K(78592K), 0.0002160 secs]
332.340: [GC (Allocation Failure) 35898K->435K(77376K), 0.0002260 secs]
332.355: [GC (Allocation Failure) 34726K->435K(76224K), 0.0002040 secs]
332.439: [GC (Allocation Failure) 33554K->435K(75136K), 0.0002070 secs]
332.489: [GC (Allocation Failure) 32479K->435K(74112K), 0.0002140 secs]
332.531: [GC (Allocation Failure) 31405K->435K(73152K), 0.0002100 secs]
332.544: [GC (Allocation Failure) 30428K->435K(72192K), 0.0002080 secs]
332.594: [GC (Allocation Failure) 29549K->435K(71296K), 0.0002420 secs]
332.607: [GC (Allocation Failure) 28572K->435K(70400K), 0.0002630 secs]
332.627: [GC (Allocation Failure) 27693K->435K(69568K), 0.0002050 secs]
332.658: [GC (Allocation Failure) 26912K->435K(68800K), 0.0003930 secs]
332.676: [GC (Allocation Failure) 26131K->435K(73984K), 0.0002190 secs]
332.689: [GC (Allocation Failure) 31307K->435K(80192K), 0.0002070 secs]
332.741: [GC (Allocation Failure) 37461K->435K(78912K), 0.0002170 secs]
332.757: [GC (Allocation Failure) 36191K->435K(86080K), 0.0002400 secs]
332.779: [GC (Allocation Failure) 43419K->435K(84544K), 0.0002000 secs]
332.797: [GC (Allocation Failure) 41856K->435K(83072K), 0.0002040 secs]
332.910: [GC (Allocation Failure) 40391K->435K(81664K), 0.0002950 secs]
332.933: [GC (Allocation Failure) 39023K->435K(80320K), 0.0002140 secs]
332.950: [GC (Allocation Failure) 37656K->435K(79040K), 0.0002020 secs]
332.992: [GC (Allocation Failure) 36386K->435K(77824K), 0.0002130 secs]
333.041: [GC (Allocation Failure) 35116K->435K(76672K), 0.0002020 secs]
333.091: [GC (Allocation Failure) 33944K->435K(75584K), 0.0002250 secs]
333.109: [GC (Allocation Failure) 32870K->435K(74560K), 0.0002050 secs]
333.122: [GC (Allocation Failure) 31893K->435K(73536K), 0.0002160 secs]
333.136: [GC (Allocation Failure) 30819K->435K(72576K), 0.0002010 secs]
333.149: [GC (Allocation Failure) 29842K->435K(78528K), 0.0002220 secs]
333.246: [GC (Allocation Failure) 35800K->435K(77312K), 0.0002120 secs]
333.261: [GC (Allocation Failure) 34628K->435K(76160K), 0.0002130 secs]
333.295: [GC (Allocation Failure) 33456K->435K(75072K), 0.0002180 secs]
333.313: [GC (Allocation Failure) 32382K->435K(74048K), 0.0002010 secs]
333.332: [GC (Allocation Failure) 31405K->435K(73088K), 0.0002420 secs]
333.410: [GC (Allocation Failure) 30428K->435K(72128K), 0.0002150 secs]
333.427: [GC (Allocation Failure) 29451K->435K(71232K), 0.0002360 secs]
333.439: [GC (Allocation Failure) 28572K->435K(76864K), 0.0002080 secs]
333.454: [GC (Allocation Failure) 34140K->435K(83648K), 0.0002030 secs]
333.471: [GC (Allocation Failure) 40977K->435K(91776K), 0.0002060 secs]
333.496: [GC (Allocation Failure) 49084K->435K(89984K), 0.0002130 secs]
333.517: [GC (Allocation Failure) 47325K->435K(88256K), 0.0002040 secs]
333.541: [GC (Allocation Failure) 45567K->435K(86592K), 0.0002720 secs]
333.564: [GC (Allocation Failure) 43907K->435K(85056K), 0.0002180 secs]
333.585: [GC (Allocation Failure) 42344K->435K(83584K), 0.0002030 secs]
333.602: [GC (Allocation Failure) 40879K->435K(91712K), 0.0002740 secs]
333.648: [GC (Allocation Failure) 48986K->435K(89920K), 0.0002150 secs]
333.742: [GC (Allocation Failure) 47228K->435K(88192K), 0.0002260 secs]
333.766: [GC (Allocation Failure) 45470K->435K(86592K), 0.0002040 secs]
333.789: [GC (Allocation Failure) 43907K->435K(85056K), 0.0002400 secs]
333.811: [GC (Allocation Failure) 42344K->435K(83584K), 0.0002070 secs]
333.829: [GC (Allocation Failure) 40879K->435K(82176K), 0.0002720 secs]
333.898: [GC (Allocation Failure) 39512K->435K(80832K), 0.0002160 secs]
333.914: [GC (Allocation Failure) 38144K->435K(79552K), 0.0002170 secs]
333.930: [GC (Allocation Failure) 36875K->435K(78336K), 0.0002020 secs]
333.949: [GC (Allocation Failure) 35605K->435K(77184K), 0.0002210 secs]
334.096: [GC (Allocation Failure) 34530K->435K(76032K), 0.0002230 secs]
334.115: [GC (Allocation Failure) 33358K->435K(74944K), 0.0002110 secs]
334.139: [GC (Allocation Failure) 32284K->435K(73920K), 0.0002110 secs]
334.157: [GC (Allocation Failure) 31210K->435K(72960K), 0.0002370 secs]
334.195: [GC (Allocation Failure) 30233K->435K(72000K), 0.0002220 secs]
334.208: [GC (Allocation Failure) 29354K->435K(71104K), 0.0002180 secs]
334.240: [GC (Allocation Failure) 28377K->435K(70272K), 0.0002150 secs]
334.332: [GC (Allocation Failure) 27596K->435K(69440K), 0.0002140 secs]
334.344: [GC (Allocation Failure) 26717K->435K(68672K), 0.0002130 secs]
334.393: [GC (Allocation Failure) 26033K->435K(67904K), 0.0002110 secs]
334.404: [GC (Allocation Failure) 25250K->435K(72896K), 0.0002270 secs]
334.418: [GC (Allocation Failure) 30233K->435K(78912K), 0.0002040 secs]
334.494: [GC (Allocation Failure) 36191K->435K(77696K), 0.0002130 secs]
334.512: [GC (Allocation Failure) 35019K->435K(76544K), 0.0002130 secs]
334.528: [GC (Allocation Failure) 33847K->435K(75456K), 0.0002050 secs]
334.542: [GC (Allocation Failure) 32772K->435K(81984K), 0.0002070 secs]
334.613: [GC (Allocation Failure) 39316K->435K(80640K), 0.0002150 secs]
334.630: [GC (Allocation Failure) 37949K->435K(79360K), 0.0002060 secs]
334.662: [GC (Allocation Failure) 36679K->435K(78144K), 0.0002170 secs]
334.689: [GC (Allocation Failure) 35409K->435K(76992K), 0.0002020 secs]
334.708: [GC (Allocation Failure) 34335K->435K(75904K), 0.0002140 secs]
334.747: [GC (Allocation Failure) 33261K->435K(74816K), 0.0002080 secs]
334.761: [GC (Allocation Failure) 32089K->435K(73792K), 0.0002020 secs]
334.796: [GC (Allocation Failure) 31112K->435K(72832K), 0.0002120 secs]
334.809: [GC (Allocation Failure) 30135K->435K(71872K), 0.0002030 secs]
334.909: [GC (Allocation Failure) 29158K->435K(70976K), 0.0002110 secs]
334.926: [GC (Allocation Failure) 28279K->435K(70144K), 0.0002260 secs]
334.943: [GC (Allocation Failure) 27498K->435K(69312K), 0.0002240 secs]
334.994: [GC (Allocation Failure) 26619K->435K(68544K), 0.0002170 secs]
335.006: [GC (Allocation Failure) 25838K->435K(73664K), 0.0002320 secs]
335.019: [GC (Allocation Failure) 31014K->435K(79808K), 0.0002060 secs]
335.039: [GC (Allocation Failure) 37168K->435K(87168K), 0.0002140 secs]
335.062: [GC (Allocation Failure) 44493K->435K(85568K), 0.0002160 secs]
335.101: [GC (Allocation Failure) 42930K->435K(84032K), 0.0002060 secs]
335.123: [GC (Allocation Failure) 41367K->435K(82624K), 0.0002170 secs]
335.150: [GC (Allocation Failure) 39902K->435K(81280K), 0.0002140 secs]
335.171: [GC (Allocation Failure) 38633K->435K(80000K), 0.0002240 secs]
335.200: [GC (Allocation Failure) 37363K->435K(78720K), 0.0002000 secs]
335.215: [GC (Allocation Failure) 35996K->435K(77504K), 0.0002770 secs]
335.244: [GC (Allocation Failure) 34823K->435K(76352K), 0.0002050 secs]
335.298: [GC (Allocation Failure) 33651K->435K(75264K), 0.0002220 secs]
335.316: [GC (Allocation Failure) 32577K->435K(74240K), 0.0002300 secs]
335.334: [GC (Allocation Failure) 31600K->435K(73216K), 0.0002100 secs]
335.390: [GC (Allocation Failure) 30526K->435K(72256K), 0.0002030 secs]
335.405: [GC (Allocation Failure) 29549K->435K(71360K), 0.0002040 secs]
335.417: [GC (Allocation Failure) 28670K->435K(70464K), 0.0002060 secs]
335.433: [GC (Allocation Failure) 27791K->435K(75968K), 0.0002140 secs]
335.594: [GC (Allocation Failure) 33261K->435K(74880K), 0.0002750 secs]
335.648: [GC (Allocation Failure) 32186K->435K(73856K), 0.0002160 secs]
335.665: [GC (Allocation Failure) 31210K->435K(72896K), 0.0002010 secs]
335.680: [GC (Allocation Failure) 30233K->435K(71936K), 0.0002320 secs]
335.697: [GC (Allocation Failure) 29256K->435K(71040K), 0.0002110 secs]
335.737: [GC (Allocation Failure) 28377K->435K(70208K), 0.0002110 secs]
335.753: [GC (Allocation Failure) 27498K->435K(69376K), 0.0002160 secs]
335.768: [GC (Allocation Failure) 26717K->435K(68608K), 0.0002170 secs]
335.784: [GC (Allocation Failure) 25935K->435K(73728K), 0.0002020 secs]
335.801: [GC (Allocation Failure) 31014K->435K(79872K), 0.0002130 secs]
335.837: [GC (Allocation Failure) 37168K->435K(78656K), 0.0002130 secs]
335.856: [GC (Allocation Failure) 35996K->435K(77440K), 0.0002140 secs]
335.907: [GC (Allocation Failure) 34726K->435K(76288K), 0.0002140 secs]
335.945: [GC (Allocation Failure) 33554K->435K(75200K), 0.0002200 secs]
335.998: [GC (Allocation Failure) 32479K->435K(74176K), 0.0002230 secs]
336.012: [GC (Allocation Failure) 31503K->435K(73152K), 0.0002080 secs]
336.025: [GC (Allocation Failure) 30428K->435K(72192K), 0.0002140 secs]
336.044: [GC (Allocation Failure) 29549K->435K(78016K), 0.0002800 secs]
336.059: [GC (Allocation Failure) 35312K->435K(85056K), 0.0002030 secs]
336.077: [GC (Allocation Failure) 42344K->435K(93504K), 0.0002040 secs]
336.144: [GC (Allocation Failure) 50846K->435K(91648K), 0.0002110 secs]
336.202: [GC (Allocation Failure) 48986K->435K(89856K), 0.0002260 secs]
336.226: [GC (Allocation Failure) 47130K->435K(88128K), 0.0002100 secs]
336.400: [GC (Allocation Failure) 45470K->435K(86528K), 0.0002780 secs]
336.450: [GC (Allocation Failure) 43809K->435K(84992K), 0.0002140 secs]
336.468: [GC (Allocation Failure) 42344K->435K(83520K), 0.0002320 secs]
336.490: [GC (Allocation Failure) 40879K->435K(82112K), 0.0002010 secs]
336.510: [GC (Allocation Failure) 39414K->435K(80768K), 0.0002150 secs]
336.531: [GC (Allocation Failure) 38047K->435K(79488K), 0.0002120 secs]
336.599: [GC (Allocation Failure) 36777K->435K(78272K), 0.0002050 secs]
336.615: [GC (Allocation Failure) 35605K->435K(77120K), 0.0002770 secs]
336.661: [GC (Allocation Failure) 34433K->435K(75968K), 0.0001990 secs]
336.699: [GC (Allocation Failure) 33261K->435K(74880K), 0.0002030 secs]
336.735: [GC (Allocation Failure) 32186K->435K(73856K), 0.0002730 secs]
336.795: [GC (Allocation Failure) 31210K->435K(72896K), 0.0002170 secs]
336.848: [GC (Allocation Failure) 30233K->435K(71936K), 0.0002200 secs]
336.865: [GC (Allocation Failure) 29256K->435K(71040K), 0.0002060 secs]
336.877: [GC (Allocation Failure) 28377K->435K(70208K), 0.0002270 secs]
336.890: [GC (Allocation Failure) 27498K->435K(75648K), 0.0002120 secs]
336.904: [GC (Allocation Failure) 32968K->435K(82176K), 0.0002040 secs]
336.923: [GC (Allocation Failure) 39512K->435K(90048K), 0.0003160 secs]
336.949: [GC (Allocation Failure) 47325K->435K(99456K), 0.0002810 secs]
337.010: [GC (Allocation Failure) 56804K->435K(97280K), 0.0002230 secs]
337.034: [GC (Allocation Failure) 54557K->435K(95232K), 0.0002160 secs]
337.057: [GC (Allocation Failure) 52506K->435K(93248K), 0.0002170 secs]
337.104: [GC (Allocation Failure) 50553K->435K(91392K), 0.0002130 secs]
337.128: [GC (Allocation Failure) 48693K->435K(89600K), 0.0002120 secs]
337.148: [GC (Allocation Failure) 46935K->435K(87936K), 0.0002350 secs]
337.301: [GC (Allocation Failure) 45274K->435K(86336K), 0.0002160 secs]
337.404: [GC (Allocation Failure) 43614K->435K(84800K), 0.0002200 secs]
337.424: [GC (Allocation Failure) 42149K->435K(83328K), 0.0002060 secs]
337.441: [GC (Allocation Failure) 40684K->435K(81920K), 0.0002030 secs]
337.458: [GC (Allocation Failure) 39219K->435K(80576K), 0.0002040 secs]
337.474: [GC (Allocation Failure) 37851K->435K(79296K), 0.0002140 secs]
337.499: [GC (Allocation Failure) 36582K->435K(78080K), 0.0002300 secs]
337.518: [GC (Allocation Failure) 35409K->435K(76928K), 0.0002010 secs]
337.533: [GC (Allocation Failure) 34237K->435K(75840K), 0.0002010 secs]
337.601: [GC (Allocation Failure) 33163K->435K(74752K), 0.0002220 secs]
337.615: [GC (Allocation Failure) 32089K->435K(73728K), 0.0002150 secs]
337.628: [GC (Allocation Failure) 31014K->435K(79872K), 0.0002060 secs]
337.652: [GC (Allocation Failure) 37168K->435K(78656K), 0.0002220 secs]
337.668: [GC (Allocation Failure) 35996K->435K(77440K), 0.0002050 secs]
337.698: [GC (Allocation Failure) 34726K->435K(76288K), 0.0002150 secs]
337.851: [GC (Allocation Failure) 33554K->435K(75200K), 0.0002170 secs]
337.865: [GC (Allocation Failure) 32479K->435K(74176K), 0.0002400 secs]
337.883: [GC (Allocation Failure) 31503K->435K(73152K), 0.0002060 secs]
337.900: [GC (Allocation Failure) 30428K->435K(72192K), 0.0002130 secs]
337.950: [GC (Allocation Failure) 29549K->435K(71296K), 0.0003540 secs]
337.962: [GC (Allocation Failure) 28572K->435K(76992K), 0.0002180 secs]
338.002: [GC (Allocation Failure) 34335K->435K(75904K), 0.0002120 secs]
338.016: [GC (Allocation Failure) 33261K->435K(82496K), 0.0002280 secs]
338.033: [GC (Allocation Failure) 39805K->435K(90432K), 0.0002140 secs]
338.057: [GC (Allocation Failure) 47716K->435K(88704K), 0.0002150 secs]
338.081: [GC (Allocation Failure) 46056K->435K(87040K), 0.0002200 secs]
338.102: [GC (Allocation Failure) 44395K->435K(85440K), 0.0002050 secs]
338.143: [GC (Allocation Failure) 42735K->435K(83968K), 0.0002100 secs]
338.165: [GC (Allocation Failure) 41270K->435K(82560K), 0.0002150 secs]
338.182: [GC (Allocation Failure) 39902K->435K(81216K), 0.0002060 secs]
338.250: [GC (Allocation Failure) 38535K->435K(79936K), 0.0002080 secs]
338.299: [GC (Allocation Failure) 37265K->435K(78656K), 0.0002050 secs]
338.449: [GC (Allocation Failure) 35996K->435K(77440K), 0.0002160 secs]
338.503: [GC (Allocation Failure) 34726K->435K(76288K), 0.0002210 secs]
338.521: [GC (Allocation Failure) 33554K->435K(75200K), 0.0002130 secs]
338.539: [GC (Allocation Failure) 32479K->435K(74176K), 0.0003290 secs]
338.591: [GC (Allocation Failure) 31503K->435K(73152K), 0.0002210 secs]
338.605: [GC (Allocation Failure) 30428K->435K(72192K), 0.0002040 secs]
338.622: [GC (Allocation Failure) 29549K->435K(71296K), 0.0002390 secs]
338.663: [GC (Allocation Failure) 28572K->435K(70400K), 0.0002060 secs]
338.679: [GC (Allocation Failure) 27693K->435K(69568K), 0.0002330 secs]
338.695: [GC (Allocation Failure) 26912K->435K(68800K), 0.0002220 secs]
338.731: [GC (Allocation Failure) 26131K->435K(68032K), 0.0002170 secs]
338.742: [GC (Allocation Failure) 25349K->435K(73024K), 0.0002060 secs]
338.758: [GC (Allocation Failure) 30331K->435K(79040K), 0.0002110 secs]
338.774: [GC (Allocation Failure) 36386K->435K(86272K), 0.0002090 secs]
338.853: [GC (Allocation Failure) 43614K->435K(84736K), 0.0002250 secs]
338.902: [GC (Allocation Failure) 42051K->435K(83264K), 0.0002140 secs]
338.920: [GC (Allocation Failure) 40586K->435K(81856K), 0.0002010 secs]
338.945: [GC (Allocation Failure) 39219K->435K(80512K), 0.0002170 secs]
338.966: [GC (Allocation Failure) 37851K->435K(79232K), 0.0002100 secs]
338.982: [GC (Allocation Failure) 36582K->435K(78016K), 0.0002200 secs]
338.997: [GC (Allocation Failure) 35312K->435K(76864K), 0.0002010 secs]
339.012: [GC (Allocation Failure) 34140K->435K(83648K), 0.0002050 secs]
339.106: [GC (Allocation Failure) 40977K->435K(82240K), 0.0002120 secs]
339.123: [GC (Allocation Failure) 39512K->435K(80896K), 0.0002140 secs]
339.139: [GC (Allocation Failure) 38242K->435K(79616K), 0.0002050 secs]
339.159: [GC (Allocation Failure) 36972K->435K(78400K), 0.0002020 secs]
339.179: [GC (Allocation Failure) 35702K->435K(77248K), 0.0002120 secs]
339.198: [GC (Allocation Failure) 34530K->435K(76096K), 0.0002110 secs]
339.299: [GC (Allocation Failure) 33456K->435K(75008K), 0.0002150 secs]
339.340: [GC (Allocation Failure) 32284K->435K(73984K), 0.0002160 secs]
339.357: [GC (Allocation Failure) 31307K->435K(73024K), 0.0002050 secs]
339.370: [GC (Allocation Failure) 30331K->435K(72064K), 0.0002150 secs]
339.385: [GC (Allocation Failure) 29354K->435K(71168K), 0.0002010 secs]
339.401: [GC (Allocation Failure) 28475K->435K(76800K), 0.0002230 secs]
339.450: [GC (Allocation Failure) 34140K->435K(75712K), 0.0002260 secs]
339.464: [GC (Allocation Failure) 33065K->435K(74624K), 0.0002220 secs]
339.653: [GC (Allocation Failure) 31893K->435K(73600K), 0.0002180 secs]
339.666: [GC (Allocation Failure) 30917K->435K(72640K), 0.0002220 secs]
339.699: [GC (Allocation Failure) 29940K->435K(71744K), 0.0002200 secs]
339.735: [GC (Allocation Failure) 29061K->435K(70848K), 0.0002060 secs]
339.784: [GC (Allocation Failure) 28182K->435K(70016K), 0.0002070 secs]
339.800: [GC (Allocation Failure) 27303K->435K(69184K), 0.0002150 secs]
339.816: [GC (Allocation Failure) 26521K->435K(68416K), 0.0002090 secs]
339.831: [GC (Allocation Failure) 25740K->435K(67648K), 0.0002090 secs]
339.846: [GC (Allocation Failure) 24955K->435K(72576K), 0.0002270 secs]
339.864: [GC (Allocation Failure) 29842K->435K(78528K), 0.0002160 secs]
339.880: [GC (Allocation Failure) 35800K->435K(85632K), 0.0002280 secs]
339.898: [GC (Allocation Failure) 42930K->435K(94144K), 0.0002160 secs]
339.962: [GC (Allocation Failure) 51432K->435K(92224K), 0.0002030 secs]
339.986: [GC (Allocation Failure) 49572K->435K(90432K), 0.0002050 secs]
340.007: [GC (Allocation Failure) 47716K->435K(88704K), 0.0002050 secs]
340.060: [GC (Allocation Failure) 46056K->435K(87040K), 0.0002220 secs]
340.079: [GC (Allocation Failure) 44395K->435K(85440K), 0.0002170 secs]
340.098: [GC (Allocation Failure) 42735K->435K(83968K), 0.0002150 secs]
340.119: [GC (Allocation Failure) 41270K->435K(82560K), 0.0002210 secs]
340.138: [GC (Allocation Failure) 39902K->435K(81216K), 0.0002140 secs]
340.159: [GC (Allocation Failure) 38535K->435K(79936K), 0.0002100 secs]
340.179: [GC (Allocation Failure) 37265K->435K(78656K), 0.0002110 secs]
340.252: [GC (Allocation Failure) 35996K->435K(77440K), 0.0002150 secs]
340.267: [GC (Allocation Failure) 34726K->435K(76288K), 0.0002050 secs]
340.305: [GC (Allocation Failure) 33554K->435K(75200K), 0.0002220 secs]
340.319: [GC (Allocation Failure) 32479K->435K(74176K), 0.0002150 secs]
340.336: [GC (Allocation Failure) 31503K->435K(73152K), 0.0002030 secs]
340.409: [GC (Allocation Failure) 30428K->435K(72192K), 0.0002110 secs]
340.423: [GC (Allocation Failure) 29549K->435K(71296K), 0.0002200 secs]
340.499: [GC (Allocation Failure) 28572K->435K(70400K), 0.0002060 secs]
340.544: [GC (Allocation Failure) 27693K->435K(69568K), 0.0002250 secs]
340.559: [GC (Allocation Failure) 26912K->435K(68800K), 0.0002190 secs]
340.575: [GC (Allocation Failure) 26131K->435K(68032K), 0.0002140 secs]
340.591: [GC (Allocation Failure) 25349K->435K(67328K), 0.0002170 secs]
340.602: [GC (Allocation Failure) 24662K->435K(72192K), 0.0002610 secs]
340.618: [GC (Allocation Failure) 29549K->435K(78016K), 0.0002060 secs]
340.665: [GC (Allocation Failure) 35312K->435K(76864K), 0.0002220 secs]
340.684: [GC (Allocation Failure) 34140K->435K(75776K), 0.0002150 secs]
340.701: [GC (Allocation Failure) 33065K->435K(74688K), 0.0002130 secs]
340.715: [GC (Allocation Failure) 31991K->435K(81024K), 0.0002060 secs]
340.736: [GC (Allocation Failure) 38340K->435K(88640K), 0.0002240 secs]
340.811: [GC (Allocation Failure) 45958K->435K(86976K), 0.0002180 secs]
340.834: [GC (Allocation Failure) 44298K->435K(85376K), 0.0002030 secs]
340.856: [GC (Allocation Failure) 42735K->435K(83904K), 0.0002010 secs]
340.878: [GC (Allocation Failure) 41172K->435K(82496K), 0.0002130 secs]
340.900: [GC (Allocation Failure) 39805K->435K(81152K), 0.0002120 secs]
340.921: [GC (Allocation Failure) 38437K->435K(79872K), 0.0002190 secs]
340.949: [GC (Allocation Failure) 37168K->435K(78656K), 0.0002400 secs]
340.965: [GC (Allocation Failure) 35996K->435K(77440K), 0.0002180 secs]
341.043: [GC (Allocation Failure) 34726K->435K(76288K), 0.0002180 secs]
341.102: [GC (Allocation Failure) 33554K->435K(75200K), 0.0002150 secs]
341.120: [GC (Allocation Failure) 32479K->435K(74176K), 0.0002040 secs]
341.134: [GC (Allocation Failure) 31503K->435K(73152K), 0.0002710 secs]
341.154: [GC (Allocation Failure) 30428K->435K(72192K), 0.0002130 secs]
341.167: [GC (Allocation Failure) 29549K->435K(78016K), 0.0003240 secs]
341.207: [GC (Allocation Failure) 35312K->435K(85056K), 0.0002420 secs]
341.230: [GC (Allocation Failure) 42344K->435K(93504K), 0.0002120 secs]
341.264: [GC (Allocation Failure) 50846K->435K(91648K), 0.0002170 secs]
341.288: [GC (Allocation Failure) 48986K->435K(89856K), 0.0002280 secs]
341.309: [GC (Allocation Failure) 47130K->435K(88128K), 0.0002180 secs]
341.357: [GC (Allocation Failure) 45470K->435K(86528K), 0.0002130 secs]
341.380: [GC (Allocation Failure) 43809K->435K(84992K), 0.0002130 secs]
341.460: [GC (Allocation Failure) 42344K->435K(83520K), 0.0002150 secs]
341.478: [GC (Allocation Failure) 40879K->435K(82112K), 0.0002060 secs]
341.505: [GC (Allocation Failure) 39414K->435K(80768K), 0.0002020 secs]
341.537: [GC (Allocation Failure) 38047K->435K(79488K), 0.0002150 secs]
341.557: [GC (Allocation Failure) 36777K->435K(78272K), 0.0002100 secs]
341.588: [GC (Allocation Failure) 35605K->435K(77120K), 0.0002060 secs]
341.603: [GC (Allocation Failure) 34433K->435K(75968K), 0.0002720 secs]
341.657: [GC (Allocation Failure) 33261K->435K(74880K), 0.0002230 secs]
341.675: [GC (Allocation Failure) 32186K->435K(73856K), 0.0002160 secs]
341.692: [GC (Allocation Failure) 31210K->435K(72896K), 0.0002110 secs]
341.710: [GC (Allocation Failure) 30233K->435K(71936K), 0.0002010 secs]
341.726: [GC (Allocation Failure) 29256K->435K(71040K), 0.0002120 secs]
341.740: [GC (Allocation Failure) 28377K->435K(76672K), 0.0002220 secs]
341.803: [GC (Allocation Failure) 33944K->435K(75584K), 0.0002230 secs]
341.848: [GC (Allocation Failure) 32870K->435K(74560K), 0.0002220 secs]
341.862: [GC (Allocation Failure) 31893K->435K(80896K), 0.0003260 secs]
341.906: [GC (Allocation Failure) 38242K->435K(79616K), 0.0002210 secs]
341.955: [GC (Allocation Failure) 36972K->435K(78400K), 0.0002170 secs]
342.008: [GC (Allocation Failure) 35702K->435K(77248K), 0.0002240 secs]
342.027: [GC (Allocation Failure) 34530K->435K(76096K), 0.0002150 secs]
342.057: [GC (Allocation Failure) 33456K->435K(75008K), 0.0002100 secs]
342.071: [GC (Allocation Failure) 32284K->435K(73984K), 0.0002070 secs]
342.116: [GC (Allocation Failure) 31307K->435K(73024K), 0.0002160 secs]
342.130: [GC (Allocation Failure) 30331K->435K(72064K), 0.0001900 secs]
342.146: [GC (Allocation Failure) 29354K->435K(77888K), 0.0002750 secs]
342.162: [GC (Allocation Failure) 35214K->435K(84864K), 0.0002180 secs]
342.208: [GC (Allocation Failure) 42149K->435K(83392K), 0.0002200 secs]
342.251: [GC (Allocation Failure) 40684K->435K(81984K), 0.0002130 secs]
342.268: [GC (Allocation Failure) 39316K->435K(80640K), 0.0002750 secs]
342.309: [GC (Allocation Failure) 37949K->435K(79360K), 0.0002200 secs]
342.329: [GC (Allocation Failure) 36679K->435K(78144K), 0.0002020 secs]
342.345: [GC (Allocation Failure) 35409K->435K(85184K), 0.0002800 secs]
342.415: [GC (Allocation Failure) 42540K->435K(83712K), 0.0002250 secs]
342.433: [GC (Allocation Failure) 41074K->435K(82304K), 0.0002070 secs]
342.450: [GC (Allocation Failure) 39609K->435K(80960K), 0.0002030 secs]
342.466: [GC (Allocation Failure) 38242K->435K(79680K), 0.0002120 secs]
342.506: [GC (Allocation Failure) 36972K->435K(78464K), 0.0002150 secs]
342.555: [GC (Allocation Failure) 35800K->435K(77312K), 0.0002770 secs]
342.595: [GC (Allocation Failure) 34628K->435K(76160K), 0.0002260 secs]
342.614: [GC (Allocation Failure) 33456K->435K(75072K), 0.0002120 secs]
342.638: [GC (Allocation Failure) 32382K->435K(74048K), 0.0002050 secs]
342.655: [GC (Allocation Failure) 31405K->435K(73088K), 0.0002400 secs]
342.806: [GC (Allocation Failure) 30428K->435K(72128K), 0.0002230 secs]
342.823: [GC (Allocation Failure) 29451K->435K(71232K), 0.0002180 secs]
342.836: [GC (Allocation Failure) 28572K->435K(76864K), 0.0002810 secs]
342.851: [GC (Allocation Failure) 34140K->435K(83648K), 0.0002160 secs]
342.908: [GC (Allocation Failure) 40977K->435K(82240K), 0.0002150 secs]
342.952: [GC (Allocation Failure) 39512K->435K(80896K), 0.0003550 secs]
342.973: [GC (Allocation Failure) 38242K->435K(79616K), 0.0002060 secs]
342.989: [GC (Allocation Failure) 36972K->435K(78400K), 0.0002260 secs]
343.005: [GC (Allocation Failure) 35702K->435K(77248K), 0.0002080 secs]
343.028: [GC (Allocation Failure) 34530K->435K(84096K), 0.0003360 secs]
343.050: [GC (Allocation Failure) 41367K->435K(82624K), 0.0002040 secs]
343.067: [GC (Allocation Failure) 39902K->435K(90560K), 0.0002170 secs]
343.161: [GC (Allocation Failure) 47911K->435K(88832K), 0.0002160 secs]
343.185: [GC (Allocation Failure) 46153K->435K(87168K), 0.0002180 secs]
343.208: [GC (Allocation Failure) 44493K->435K(85568K), 0.0002160 secs]
343.230: [GC (Allocation Failure) 42930K->435K(84032K), 0.0002130 secs]
343.358: [GC (Allocation Failure) 41367K->435K(82624K), 0.0002090 secs]
343.408: [GC (Allocation Failure) 39902K->435K(81280K), 0.0002180 secs]
343.424: [GC (Allocation Failure) 38633K->435K(80000K), 0.0002290 secs]
343.457: [GC (Allocation Failure) 37363K->435K(78720K), 0.0002050 secs]
343.488: [GC (Allocation Failure) 35996K->435K(77504K), 0.0002180 secs]
343.503: [GC (Allocation Failure) 34823K->435K(76352K), 0.0002210 secs]
343.521: [GC (Allocation Failure) 33651K->435K(75264K), 0.0002140 secs]
343.619: [GC (Allocation Failure) 32577K->435K(74240K), 0.0002230 secs]
343.709: [GC (Allocation Failure) 31600K->435K(73216K), 0.0002210 secs]
343.722: [GC (Allocation Failure) 30526K->435K(72256K), 0.0002180 secs]
343.754: [GC (Allocation Failure) 29549K->435K(71360K), 0.0002050 secs]
343.807: [GC (Allocation Failure) 28670K->435K(70464K), 0.0002140 secs]
343.820: [GC (Allocation Failure) 27791K->435K(69632K), 0.0002320 secs]
343.831: [GC (Allocation Failure) 26912K->435K(74944K), 0.0002060 secs]
343.849: [GC (Allocation Failure) 32284K->435K(81344K), 0.0002120 secs]
343.909: [GC (Allocation Failure) 38633K->435K(80000K), 0.0002140 secs]
343.929: [GC (Allocation Failure) 37363K->435K(78720K), 0.0002120 secs]
343.945: [GC (Allocation Failure) 35996K->435K(85888K), 0.0002820 secs]
344.014: [GC (Allocation Failure) 43223K->435K(84352K), 0.0002250 secs]
344.032: [GC (Allocation Failure) 41660K->435K(82880K), 0.0002160 secs]
344.049: [GC (Allocation Failure) 40195K->435K(81472K), 0.0002140 secs]
344.066: [GC (Allocation Failure) 38828K->435K(89152K), 0.0002680 secs]
344.112: [GC (Allocation Failure) 46446K->435K(87488K), 0.0002040 secs]
344.156: [GC (Allocation Failure) 44786K->435K(85888K), 0.0002430 secs]
344.176: [GC (Allocation Failure) 43223K->435K(84352K), 0.0002210 secs]
344.251: [GC (Allocation Failure) 41660K->435K(82880K), 0.0002310 secs]
344.268: [GC (Allocation Failure) 40195K->435K(81472K), 0.0002030 secs]
344.342: [GC (Allocation Failure) 38828K->435K(80128K), 0.0003230 secs]
344.408: [GC (Allocation Failure) 37461K->435K(78848K), 0.0002070 secs]
344.537: [GC (Allocation Failure) 36191K->435K(77632K), 0.0002080 secs]
344.552: [GC (Allocation Failure) 34921K->435K(76480K), 0.0002030 secs]
344.592: [GC (Allocation Failure) 33749K->435K(75392K), 0.0002180 secs]
344.610: [GC (Allocation Failure) 32675K->435K(74368K), 0.0002140 secs]
344.624: [GC (Allocation Failure) 31698K->435K(73344K), 0.0002200 secs]
344.638: [GC (Allocation Failure) 30624K->435K(72384K), 0.0002050 secs]
344.655: [GC (Allocation Failure) 29745K->435K(71488K), 0.0002110 secs]
344.667: [GC (Allocation Failure) 28768K->435K(77184K), 0.0002160 secs]
344.682: [GC (Allocation Failure) 34530K->435K(84032K), 0.0002040 secs]
344.708: [GC (Allocation Failure) 41367K->435K(92224K), 0.0002070 secs]
344.729: [GC (Allocation Failure) 49572K->435K(90432K), 0.0002030 secs]
344.753: [GC (Allocation Failure) 47716K->435K(88704K), 0.0002120 secs]
344.817: [GC (Allocation Failure) 46056K->435K(87040K), 0.0002180 secs]
344.836: [GC (Allocation Failure) 44395K->435K(85440K), 0.0002270 secs]
344.854: [GC (Allocation Failure) 42735K->435K(83968K), 0.0002120 secs]
344.914: [GC (Allocation Failure) 41270K->435K(82560K), 0.0002240 secs]
344.932: [GC (Allocation Failure) 39902K->435K(81216K), 0.0002050 secs]
344.952: [GC (Allocation Failure) 38535K->435K(79936K), 0.0002210 secs]
345.113: [GC (Allocation Failure) 37265K->435K(78656K), 0.0002000 secs]
345.129: [GC (Allocation Failure) 35996K->435K(77440K), 0.0003520 secs]
345.208: [GC (Allocation Failure) 34726K->435K(76288K), 0.0002160 secs]
345.262: [GC (Allocation Failure) 33554K->435K(75200K), 0.0002230 secs]
345.276: [GC (Allocation Failure) 32479K->435K(74176K), 0.0002160 secs]
345.311: [GC (Allocation Failure) 31503K->435K(73152K), 0.0002140 secs]
345.329: [GC (Allocation Failure) 30428K->435K(72192K), 0.0002120 secs]
345.342: [GC (Allocation Failure) 29549K->435K(71296K), 0.0002100 secs]
345.409: [GC (Allocation Failure) 28572K->435K(70400K), 0.0002290 secs]
345.426: [GC (Allocation Failure) 27693K->435K(69568K), 0.0002660 secs]
345.442: [GC (Allocation Failure) 26912K->435K(68800K), 0.0002140 secs]
345.458: [GC (Allocation Failure) 26131K->435K(73984K), 0.0002320 secs]
345.471: [GC (Allocation Failure) 31307K->435K(80192K), 0.0002070 secs]
345.488: [GC (Allocation Failure) 37461K->435K(87616K), 0.0002050 secs]
345.513: [GC (Allocation Failure) 44884K->435K(96576K), 0.0002130 secs]
345.536: [GC (Allocation Failure) 53873K->435K(94528K), 0.0002040 secs]
345.562: [GC (Allocation Failure) 51822K->435K(92608K), 0.0002170 secs]
345.585: [GC (Allocation Failure) 49967K->435K(90752K), 0.0002050 secs]
345.605: [GC (Allocation Failure) 48107K->435K(89024K), 0.0002150 secs]
345.714: [GC (Allocation Failure) 46349K->435K(87360K), 0.0002260 secs]
345.733: [GC (Allocation Failure) 44688K->435K(85760K), 0.0002050 secs]
345.812: [GC (Allocation Failure) 43028K->435K(84224K), 0.0002190 secs]
345.830: [GC (Allocation Failure) 41563K->435K(82752K), 0.0002160 secs]
345.851: [GC (Allocation Failure) 40098K->435K(81344K), 0.0002140 secs]
345.918: [GC (Allocation Failure) 38633K->435K(80000K), 0.0002180 secs]
345.935: [GC (Allocation Failure) 37363K->435K(78720K), 0.0002250 secs]
345.954: [GC (Allocation Failure) 35996K->435K(77504K), 0.0002130 secs]
346.010: [GC (Allocation Failure) 34823K->435K(76352K), 0.0002710 secs]
346.059: [GC (Allocation Failure) 33651K->435K(75264K), 0.0002160 secs]
346.113: [GC (Allocation Failure) 32577K->435K(74240K), 0.0002310 secs]
346.130: [GC (Allocation Failure) 31600K->435K(73216K), 0.0002030 secs]
346.262: [GC (Allocation Failure) 30526K->435K(72256K), 0.0002020 secs]
346.275: [GC (Allocation Failure) 29549K->435K(71360K), 0.0002190 secs]
346.287: [GC (Allocation Failure) 28670K->435K(70464K), 0.0002040 secs]
346.303: [GC (Allocation Failure) 27791K->435K(69632K), 0.0002120 secs]
346.336: [GC (Allocation Failure) 26912K->435K(68864K), 0.0002190 secs]
346.352: [GC (Allocation Failure) 26131K->435K(68096K), 0.0002370 secs]
346.406: [GC (Allocation Failure) 25447K->435K(67392K), 0.0002130 secs]
346.420: [GC (Allocation Failure) 24662K->435K(66688K), 0.0001990 secs]
346.435: [GC (Allocation Failure) 23978K->435K(71424K), 0.0002270 secs]
346.551: [GC (Allocation Failure) 28768K->435K(70528K), 0.0002200 secs]
346.565: [GC (Allocation Failure) 27889K->435K(69696K), 0.0002200 secs]
346.577: [GC (Allocation Failure) 27010K->435K(75072K), 0.0002180 secs]
346.611: [GC (Allocation Failure) 32382K->435K(74048K), 0.0002360 secs]
346.629: [GC (Allocation Failure) 31405K->435K(80256K), 0.0002320 secs]
346.662: [GC (Allocation Failure) 37558K->435K(78976K), 0.0002270 secs]
346.678: [GC (Allocation Failure) 36289K->435K(86208K), 0.0002740 secs]
346.714: [GC (Allocation Failure) 43516K->435K(84672K), 0.0002040 secs]
346.863: [GC (Allocation Failure) 41953K->435K(83200K), 0.0002040 secs]
346.910: [GC (Allocation Failure) 40488K->435K(81792K), 0.0002060 secs]
346.931: [GC (Allocation Failure) 39121K->435K(80448K), 0.0002120 secs]
346.962: [GC (Allocation Failure) 37754K->435K(79168K), 0.0002250 secs]
347.011: [GC (Allocation Failure) 36484K->435K(77952K), 0.0002180 secs]
347.165: [GC (Allocation Failure) 35312K->435K(76800K), 0.0002030 secs]
347.184: [GC (Allocation Failure) 34140K->435K(75712K), 0.0002170 secs]
347.264: [GC (Allocation Failure) 33065K->435K(74624K), 0.0002020 secs]
347.278: [GC (Allocation Failure) 31893K->435K(73600K), 0.0002730 secs]
347.313: [GC (Allocation Failure) 30917K->435K(72640K), 0.0002150 secs]
347.326: [GC (Allocation Failure) 29940K->435K(78592K), 0.0002720 secs]
347.465: [GC (Allocation Failure) 35898K->435K(77376K), 0.0002240 secs]
347.484: [GC (Allocation Failure) 34726K->435K(76224K), 0.0002140 secs]
347.503: [GC (Allocation Failure) 33554K->435K(75136K), 0.0002130 secs]
347.535: [GC (Allocation Failure) 32479K->435K(74112K), 0.0002760 secs]
347.560: [GC (Allocation Failure) 31405K->435K(73152K), 0.0002180 secs]
347.613: [GC (Allocation Failure) 30428K->435K(72192K), 0.0002110 secs]
347.626: [GC (Allocation Failure) 29549K->435K(78016K), 0.0002730 secs]
347.716: [GC (Allocation Failure) 35312K->435K(76864K), 0.0002150 secs]
347.735: [GC (Allocation Failure) 34140K->435K(75776K), 0.0002300 secs]
347.750: [GC (Allocation Failure) 33065K->435K(74688K), 0.0002170 secs]
347.764: [GC (Allocation Failure) 31991K->435K(81024K), 0.0002080 secs]
347.784: [GC (Allocation Failure) 38340K->435K(88640K), 0.0002260 secs]
347.816: [GC (Allocation Failure) 45958K->435K(86976K), 0.0002160 secs]
347.835: [GC (Allocation Failure) 44298K->435K(85376K), 0.0002060 secs]
347.859: [GC (Allocation Failure) 42735K->435K(83904K), 0.0002240 secs]
347.881: [GC (Allocation Failure) 41172K->435K(82496K), 0.0002350 secs]
347.942: [GC (Allocation Failure) 39805K->435K(81152K), 0.0002200 secs]
347.968: [GC (Allocation Failure) 38437K->435K(79872K), 0.0003670 secs]
347.984: [GC (Allocation Failure) 37168K->435K(78656K), 0.0002070 secs]
348.013: [GC (Allocation Failure) 35996K->435K(77440K), 0.0002070 secs]
348.028: [GC (Allocation Failure) 34726K->435K(76288K), 0.0002070 secs]
348.075: [GC (Allocation Failure) 33554K->435K(75200K), 0.0002410 secs]
348.090: [GC (Allocation Failure) 32479K->435K(74176K), 0.0002640 secs]
348.115: [GC (Allocation Failure) 31503K->435K(73152K), 0.0002100 secs]
348.132: [GC (Allocation Failure) 30428K->435K(72192K), 0.0002180 secs]
348.146: [GC (Allocation Failure) 29549K->435K(78016K), 0.0002100 secs]
348.161: [GC (Allocation Failure) 35312K->435K(85056K), 0.0002150 secs]
348.179: [GC (Allocation Failure) 42344K->435K(93504K), 0.0002060 secs]
348.205: [GC (Allocation Failure) 50846K->435K(91648K), 0.0002190 secs]
348.262: [GC (Allocation Failure) 48986K->435K(89856K), 0.0002020 secs]
348.282: [GC (Allocation Failure) 47130K->435K(88128K), 0.0002060 secs]
348.321: [GC (Allocation Failure) 45470K->435K(86528K), 0.0002180 secs]
348.340: [GC (Allocation Failure) 43809K->435K(84992K), 0.0002140 secs]
348.358: [GC (Allocation Failure) 42344K->435K(83520K), 0.0002020 secs]
348.379: [GC (Allocation Failure) 40879K->435K(82112K), 0.0002140 secs]
348.398: [GC (Allocation Failure) 39414K->435K(80768K), 0.0002020 secs]
348.464: [GC (Allocation Failure) 38047K->435K(79488K), 0.0002050 secs]
348.489: [GC (Allocation Failure) 36777K->435K(78272K), 0.0002020 secs]
348.504: [GC (Allocation Failure) 35605K->435K(77120K), 0.0002180 secs]
348.539: [GC (Allocation Failure) 34433K->435K(75968K), 0.0002210 secs]
348.554: [GC (Allocation Failure) 33261K->435K(74880K), 0.0002150 secs]
348.567: [GC (Allocation Failure) 32186K->435K(73856K), 0.0002030 secs]
348.581: [GC (Allocation Failure) 31210K->435K(80064K), 0.0002990 secs]
348.613: [GC (Allocation Failure) 37363K->435K(87488K), 0.0002050 secs]
348.665: [GC (Allocation Failure) 44786K->435K(85888K), 0.0002730 secs]
348.721: [GC (Allocation Failure) 43223K->435K(84352K), 0.0002300 secs]
348.738: [GC (Allocation Failure) 41660K->435K(82880K), 0.0002150 secs]
348.766: [GC (Allocation Failure) 40195K->435K(81472K), 0.0002030 secs]
348.914: [GC (Allocation Failure) 38828K->435K(80128K), 0.0002190 secs]
348.954: [GC (Allocation Failure) 37461K->435K(78848K), 0.0002260 secs]
348.973: [GC (Allocation Failure) 36191K->435K(77632K), 0.0002170 secs]
349.014: [GC (Allocation Failure) 34921K->435K(76480K), 0.0002170 secs]
349.028: [GC (Allocation Failure) 33749K->435K(75392K), 0.0002050 secs]
349.046: [GC (Allocation Failure) 32675K->435K(74368K), 0.0002160 secs]
349.062: [GC (Allocation Failure) 31698K->435K(73344K), 0.0002190 secs]
349.143: [GC (Allocation Failure) 30624K->435K(72384K), 0.0002430 secs]
349.156: [GC (Allocation Failure) 29745K->435K(71488K), 0.0002640 secs]
349.215: [GC (Allocation Failure) 28768K->435K(70592K), 0.0002150 secs]
349.231: [GC (Allocation Failure) 27889K->435K(69760K), 0.0002290 secs]
349.247: [GC (Allocation Failure) 27107K->435K(68992K), 0.0002120 secs]
349.262: [GC (Allocation Failure) 26326K->435K(74176K), 0.0002120 secs]
349.312: [GC (Allocation Failure) 31503K->435K(73152K), 0.0002340 secs]
349.329: [GC (Allocation Failure) 30428K->435K(79168K), 0.0002730 secs]
349.349: [GC (Allocation Failure) 36484K->435K(77952K), 0.0002080 secs]
349.368: [GC (Allocation Failure) 35312K->435K(76800K), 0.0002130 secs]
349.387: [GC (Allocation Failure) 34140K->435K(75712K), 0.0002020 secs]
349.411: [GC (Allocation Failure) 33065K->435K(74624K), 0.0002090 secs]
349.425: [GC (Allocation Failure) 31893K->435K(73600K), 0.0002060 secs]
349.456: [GC (Allocation Failure) 30917K->435K(72640K), 0.0002240 secs]
349.469: [GC (Allocation Failure) 29940K->435K(78592K), 0.0002220 secs]
349.485: [GC (Allocation Failure) 35898K->435K(85696K), 0.0002270 secs]
349.507: [GC (Allocation Failure) 43028K->435K(94272K), 0.0002160 secs]
349.544: [GC (Allocation Failure) 51627K->435K(92352K), 0.0002190 secs]
349.575: [GC (Allocation Failure) 49670K->435K(90496K), 0.0002130 secs]
349.599: [GC (Allocation Failure) 47814K->435K(88768K), 0.0002060 secs]
349.623: [GC (Allocation Failure) 46056K->435K(87104K), 0.0002150 secs]
349.643: [GC (Allocation Failure) 44395K->435K(85504K), 0.0002060 secs]
349.665: [GC (Allocation Failure) 42833K->435K(83968K), 0.0002120 secs]
349.771: [GC (Allocation Failure) 41270K->435K(82560K), 0.0008130 secs]
349.789: [GC (Allocation Failure) 39902K->435K(81216K), 0.0002030 secs]
349.858: [GC (Allocation Failure) 38535K->435K(79936K), 0.0002310 secs]
349.878: [GC (Allocation Failure) 37265K->435K(78656K), 0.0002040 secs]
349.893: [GC (Allocation Failure) 35996K->435K(77440K), 0.0002710 secs]
349.919: [GC (Allocation Failure) 34726K->435K(76288K), 0.0002220 secs]
349.938: [GC (Allocation Failure) 33554K->435K(75200K), 0.0002130 secs]
349.953: [GC (Allocation Failure) 32479K->435K(74176K), 0.0002170 secs]
350.064: [GC (Allocation Failure) 31503K->435K(73152K), 0.0002250 secs]
350.077: [GC (Allocation Failure) 30428K->435K(72192K), 0.0002220 secs]
350.152: [GC (Allocation Failure) 29549K->435K(71296K), 0.0002170 secs]
350.168: [GC (Allocation Failure) 28572K->435K(70400K), 0.0002120 secs]
350.212: [GC (Allocation Failure) 27693K->435K(69568K), 0.0002770 secs]
350.336: [GC (Allocation Failure) 26912K->435K(68800K), 0.0002730 secs]
350.365: [GC (Allocation Failure) 26131K->435K(68032K), 0.0002170 secs]
350.380: [GC (Allocation Failure) 25349K->435K(67328K), 0.0002280 secs]
350.407: [GC (Allocation Failure) 24662K->435K(66624K), 0.0002160 secs]
350.417: [GC (Allocation Failure) 23978K->435K(71360K), 0.0002050 secs]
350.429: [GC (Allocation Failure) 28670K->435K(77056K), 0.0002050 secs]
350.463: [GC (Allocation Failure) 34335K->435K(75904K), 0.0002130 secs]
350.478: [GC (Allocation Failure) 33261K->435K(82496K), 0.0003230 secs]
350.540: [GC (Allocation Failure) 39805K->435K(81152K), 0.0002060 secs]
350.560: [GC (Allocation Failure) 38437K->435K(79872K), 0.0002080 secs]
350.577: [GC (Allocation Failure) 37168K->435K(87232K), 0.0002180 secs]
350.600: [GC (Allocation Failure) 44591K->435K(85632K), 0.0002030 secs]
350.623: [GC (Allocation Failure) 42930K->435K(84096K), 0.0002140 secs]
350.662: [GC (Allocation Failure) 41367K->435K(82624K), 0.0002090 secs]
350.680: [GC (Allocation Failure) 39902K->435K(81280K), 0.0002040 secs]
350.696: [GC (Allocation Failure) 38633K->435K(80000K), 0.0002040 secs]
350.721: [GC (Allocation Failure) 37363K->435K(78720K), 0.0002160 secs]
350.737: [GC (Allocation Failure) 35996K->435K(77504K), 0.0002210 secs]
350.769: [GC (Allocation Failure) 34823K->435K(76352K), 0.0002010 secs]
350.783: [GC (Allocation Failure) 33651K->435K(75264K), 0.0002170 secs]
350.797: [GC (Allocation Failure) 32577K->435K(81728K), 0.0002040 secs]
350.814: [GC (Allocation Failure) 39023K->435K(89472K), 0.0002040 secs]
350.916: [GC (Allocation Failure) 46739K->435K(87808K), 0.0002120 secs]
350.940: [GC (Allocation Failure) 45079K->435K(86208K), 0.0002090 secs]
350.962: [GC (Allocation Failure) 43516K->435K(84672K), 0.0002110 secs]
351.019: [GC (Allocation Failure) 41953K->435K(83200K), 0.0002740 secs]
351.073: [GC (Allocation Failure) 40488K->435K(81792K), 0.0002150 secs]
351.090: [GC (Allocation Failure) 39121K->435K(80448K), 0.0003210 secs]
351.141: [GC (Allocation Failure) 37754K->435K(79168K), 0.0002300 secs]
351.161: [GC (Allocation Failure) 36484K->435K(77952K), 0.0002070 secs]
351.181: [GC (Allocation Failure) 35312K->435K(76800K), 0.0002430 secs]
351.267: [GC (Allocation Failure) 34140K->435K(75712K), 0.0002150 secs]
351.285: [GC (Allocation Failure) 33065K->435K(74624K), 0.0002530 secs]
351.320: [GC (Allocation Failure) 31893K->435K(73600K), 0.0002050 secs]
351.333: [GC (Allocation Failure) 30917K->435K(79744K), 0.0002690 secs]
351.365: [GC (Allocation Failure) 37070K->435K(78528K), 0.0002350 secs]
351.380: [GC (Allocation Failure) 35800K->435K(77312K), 0.0002080 secs]
351.455: [GC (Allocation Failure) 34628K->435K(76160K), 0.0002060 secs]
351.517: [GC (Allocation Failure) 33456K->435K(75072K), 0.0002180 secs]
351.531: [GC (Allocation Failure) 32382K->435K(74048K), 0.0002060 secs]
351.544: [GC (Allocation Failure) 31405K->435K(73088K), 0.0002040 secs]
351.557: [GC (Allocation Failure) 30428K->435K(79104K), 0.0002040 secs]
351.576: [GC (Allocation Failure) 36386K->435K(86336K), 0.0002110 secs]
351.595: [GC (Allocation Failure) 43614K->435K(84800K), 0.0002040 secs]
351.613: [GC (Allocation Failure) 42149K->435K(83328K), 0.0002040 secs]
351.670: [GC (Allocation Failure) 40684K->435K(81920K), 0.0002150 secs]
351.769: [GC (Allocation Failure) 39219K->435K(80576K), 0.0002100 secs]
351.823: [GC (Allocation Failure) 37851K->435K(79296K), 0.0002220 secs]
351.839: [GC (Allocation Failure) 36582K->435K(78080K), 0.0002040 secs]
351.872: [GC (Allocation Failure) 35409K->435K(76928K), 0.0002110 secs]
351.887: [GC (Allocation Failure) 34237K->435K(75840K), 0.0002150 secs]
351.917: [GC (Allocation Failure) 33163K->435K(74752K), 0.0002130 secs]
351.934: [GC (Allocation Failure) 32089K->435K(73728K), 0.0002060 secs]
352.070: [GC (Allocation Failure) 31014K->435K(72768K), 0.0002130 secs]
352.087: [GC (Allocation Failure) 30038K->435K(71808K), 0.0002170 secs]
352.116: [GC (Allocation Failure) 29158K->435K(70912K), 0.0002750 secs]
352.133: [GC (Allocation Failure) 28182K->435K(70080K), 0.0002310 secs]
352.149: [GC (Allocation Failure) 27400K->435K(69248K), 0.0002190 secs]
352.218: [GC (Allocation Failure) 26521K->435K(68480K), 0.0002230 secs]
352.230: [GC (Allocation Failure) 25838K->435K(67712K), 0.0002170 secs]
352.368: [GC (Allocation Failure) 25052K->435K(67008K), 0.0002230 secs]
352.382: [GC (Allocation Failure) 24369K->435K(66304K), 0.0002110 secs]
352.403: [GC (Allocation Failure) 23587K->435K(65664K), 0.0002170 secs]
352.467: [GC (Allocation Failure) 23001K->435K(65024K), 0.0002120 secs]
352.477: [GC (Allocation Failure) 22317K->435K(69440K), 0.0003200 secs]
352.515: [GC (Allocation Failure) 26717K->435K(74752K), 0.0002280 secs]
352.529: [GC (Allocation Failure) 32089K->435K(81088K), 0.0002140 secs]
352.546: [GC (Allocation Failure) 38437K->435K(88704K), 0.0002140 secs]
352.566: [GC (Allocation Failure) 46056K->435K(97856K), 0.0002160 secs]
352.620: [GC (Allocation Failure) 55143K->435K(95744K), 0.0002240 secs]
352.646: [GC (Allocation Failure) 53092K->435K(93760K), 0.0002070 secs]
352.669: [GC (Allocation Failure) 51041K->435K(91840K), 0.0002210 secs]
352.728: [GC (Allocation Failure) 49181K->435K(90048K), 0.0002190 secs]
352.749: [GC (Allocation Failure) 47325K->435K(88320K), 0.0002370 secs]
352.768: [GC (Allocation Failure) 45665K->435K(86656K), 0.0002040 secs]
352.791: [GC (Allocation Failure) 44005K->435K(85120K), 0.0002020 secs]
352.809: [GC (Allocation Failure) 42442K->435K(83648K), 0.0002030 secs]
352.911: [GC (Allocation Failure) 40977K->435K(82240K), 0.0002300 secs]
352.932: [GC (Allocation Failure) 39512K->435K(80896K), 0.0002010 secs]
352.963: [GC (Allocation Failure) 38242K->435K(79616K), 0.0002110 secs]
352.979: [GC (Allocation Failure) 36972K->435K(78400K), 0.0002650 secs]
353.003: [GC (Allocation Failure) 35702K->435K(77248K), 0.0002120 secs]
353.021: [GC (Allocation Failure) 34530K->435K(76096K), 0.0002020 secs]
353.036: [GC (Allocation Failure) 33456K->435K(75008K), 0.0002310 secs]
353.054: [GC (Allocation Failure) 32284K->435K(73984K), 0.0002110 secs]
353.067: [GC (Allocation Failure) 31307K->435K(80192K), 0.0002200 secs]
353.125: [GC (Allocation Failure) 37461K->435K(78912K), 0.0002420 secs]
353.140: [GC (Allocation Failure) 36191K->435K(77696K), 0.0002060 secs]
353.159: [GC (Allocation Failure) 35019K->435K(76544K), 0.0002120 secs]
353.174: [GC (Allocation Failure) 33847K->435K(83264K), 0.0002060 secs]
353.226: [GC (Allocation Failure) 40586K->435K(81856K), 0.0002240 secs]
353.247: [GC (Allocation Failure) 39219K->435K(80512K), 0.0002110 secs]
353.325: [GC (Allocation Failure) 37851K->435K(79232K), 0.0002030 secs]
353.340: [GC (Allocation Failure) 36582K->435K(78016K), 0.0002730 secs]
353.370: [GC (Allocation Failure) 35312K->435K(76864K), 0.0002130 secs]
353.385: [GC (Allocation Failure) 34140K->435K(75776K), 0.0002300 secs]
353.519: [GC (Allocation Failure) 33065K->435K(74688K), 0.0002040 secs]
353.533: [GC (Allocation Failure) 31991K->435K(73664K), 0.0002030 secs]
353.546: [GC (Allocation Failure) 31014K->435K(79808K), 0.0002760 secs]
353.589: [GC (Allocation Failure) 37168K->435K(78592K), 0.0002260 secs]
353.605: [GC (Allocation Failure) 35898K->435K(77376K), 0.0002090 secs]
353.624: [GC (Allocation Failure) 34726K->435K(76224K), 0.0002010 secs]
353.643: [GC (Allocation Failure) 33554K->435K(75136K), 0.0002130 secs]
353.673: [GC (Allocation Failure) 32479K->435K(74112K), 0.0002020 secs]
353.691: [GC (Allocation Failure) 31405K->435K(73152K), 0.0002120 secs]
353.705: [GC (Allocation Failure) 30428K->435K(79168K), 0.0002280 secs]
353.741: [GC (Allocation Failure) 36484K->435K(77952K), 0.0002180 secs]
353.761: [GC (Allocation Failure) 35312K->435K(76800K), 0.0002190 secs]
353.820: [GC (Allocation Failure) 34140K->435K(75712K), 0.0002170 secs]
353.838: [GC (Allocation Failure) 33065K->435K(74624K), 0.0002030 secs]
353.852: [GC (Allocation Failure) 31893K->435K(73600K), 0.0002340 secs]
353.906: [GC (Allocation Failure) 30917K->435K(72640K), 0.0002190 secs]
353.972: [GC (Allocation Failure) 29940K->435K(71744K), 0.0002130 secs]
353.989: [GC (Allocation Failure) 29061K->435K(70848K), 0.0002040 secs]
354.001: [GC (Allocation Failure) 28182K->435K(70016K), 0.0002290 secs]
354.013: [GC (Allocation Failure) 27303K->435K(75456K), 0.0002140 secs]
354.027: [GC (Allocation Failure) 32772K->435K(81984K), 0.0002150 secs]
354.048: [GC (Allocation Failure) 39316K->435K(89792K), 0.0002120 secs]
354.068: [GC (Allocation Failure) 47130K->435K(99136K), 0.0002030 secs]
354.092: [GC (Allocation Failure) 56413K->435K(96960K), 0.0002060 secs]
354.133: [GC (Allocation Failure) 54264K->435K(94912K), 0.0002130 secs]
354.157: [GC (Allocation Failure) 52213K->435K(92992K), 0.0002740 secs]
354.231: [GC (Allocation Failure) 50260K->435K(91136K), 0.0002160 secs]
354.252: [GC (Allocation Failure) 48498K->435K(89344K), 0.0002050 secs]
354.345: [GC (Allocation Failure) 46642K->435K(87680K), 0.0002850 secs]
354.364: [GC (Allocation Failure) 44981K->435K(86080K), 0.0002170 secs]
354.387: [GC (Allocation Failure) 43419K->435K(84544K), 0.0002120 secs]
354.478: [GC (Allocation Failure) 41856K->435K(83072K), 0.0002140 secs]
354.499: [GC (Allocation Failure) 40391K->435K(81664K), 0.0002140 secs]
354.523: [GC (Allocation Failure) 39023K->435K(80320K), 0.0002040 secs]
354.572: [GC (Allocation Failure) 37656K->435K(79040K), 0.0002150 secs]
354.592: [GC (Allocation Failure) 36386K->435K(77824K), 0.0002070 secs]
354.630: [GC (Allocation Failure) 35116K->435K(76672K), 0.0002760 secs]
354.665: [GC (Allocation Failure) 33944K->435K(75584K), 0.0002150 secs]
354.680: [GC (Allocation Failure) 32870K->435K(74560K), 0.0002190 secs]
354.730: [GC (Allocation Failure) 31893K->435K(73536K), 0.0002230 secs]
354.747: [GC (Allocation Failure) 30819K->435K(72576K), 0.0002000 secs]
354.764: [GC (Allocation Failure) 29842K->435K(71680K), 0.0002250 secs]
354.909: [GC (Allocation Failure) 28963K->435K(70784K), 0.0002700 secs]
354.957: [GC (Allocation Failure) 28084K->435K(69952K), 0.0002230 secs]
354.969: [GC (Allocation Failure) 27303K->435K(69120K), 0.0002050 secs]
354.984: [GC (Allocation Failure) 26424K->435K(68352K), 0.0002140 secs]
354.995: [GC (Allocation Failure) 25642K->435K(73408K), 0.0002080 secs]
355.010: [GC (Allocation Failure) 30721K->435K(79488K), 0.0002000 secs]
355.026: [GC (Allocation Failure) 36777K->435K(86784K), 0.0002040 secs]
355.068: [GC (Allocation Failure) 44102K->435K(85248K), 0.0002160 secs]
355.090: [GC (Allocation Failure) 42540K->435K(83776K), 0.0002010 secs]
355.108: [GC (Allocation Failure) 41074K->435K(91968K), 0.0002730 secs]
355.131: [GC (Allocation Failure) 49279K->435K(90176K), 0.0002040 secs]
355.231: [GC (Allocation Failure) 47521K->435K(88448K), 0.0002020 secs]
355.284: [GC (Allocation Failure) 45763K->435K(86784K), 0.0002140 secs]
355.307: [GC (Allocation Failure) 44102K->435K(85248K), 0.0002060 secs]
355.329: [GC (Allocation Failure) 42540K->435K(83776K), 0.0002030 secs]
355.347: [GC (Allocation Failure) 41074K->435K(82368K), 0.0002030 secs]
355.368: [GC (Allocation Failure) 39707K->435K(81024K), 0.0002130 secs]
355.409: [GC (Allocation Failure) 38340K->435K(79744K), 0.0002190 secs]
355.425: [GC (Allocation Failure) 37070K->435K(78528K), 0.0002020 secs]
355.445: [GC (Allocation Failure) 35800K->435K(77312K), 0.0002170 secs]
355.526: [GC (Allocation Failure) 34628K->435K(76160K), 0.0002130 secs]
355.544: [GC (Allocation Failure) 33456K->435K(75072K), 0.0002140 secs]
355.561: [GC (Allocation Failure) 32382K->435K(74048K), 0.0002030 secs]
355.619: [GC (Allocation Failure) 31405K->435K(73088K), 0.0003240 secs]
355.738: [GC (Allocation Failure) 30428K->435K(72128K), 0.0002140 secs]
355.754: [GC (Allocation Failure) 29451K->435K(71232K), 0.0002130 secs]
355.767: [GC (Allocation Failure) 28572K->435K(70400K), 0.0002210 secs]
355.779: [GC (Allocation Failure) 27693K->435K(75904K), 0.0002050 secs]
355.797: [GC (Allocation Failure) 33261K->435K(82496K), 0.0002040 secs]
355.818: [GC (Allocation Failure) 39805K->435K(81152K), 0.0002160 secs]
355.839: [GC (Allocation Failure) 38437K->435K(79872K), 0.0002130 secs]
355.855: [GC (Allocation Failure) 37168K->435K(87232K), 0.0003230 secs]
355.884: [GC (Allocation Failure) 44591K->435K(96064K), 0.0002170 secs]
355.907: [GC (Allocation Failure) 53385K->435K(94080K), 0.0002070 secs]
355.934: [GC (Allocation Failure) 51432K->435K(92160K), 0.0002260 secs]
355.959: [GC (Allocation Failure) 49474K->435K(90368K), 0.0002160 secs]
355.982: [GC (Allocation Failure) 47716K->435K(88640K), 0.0002050 secs]
356.081: [GC (Allocation Failure) 45958K->435K(86976K), 0.0002170 secs]
356.131: [GC (Allocation Failure) 44298K->435K(85376K), 0.0002060 secs]
356.169: [GC (Allocation Failure) 42735K->435K(83904K), 0.0002630 secs]
356.191: [GC (Allocation Failure) 41172K->435K(82496K), 0.0002170 secs]
356.233: [GC (Allocation Failure) 39805K->435K(81152K), 0.0002120 secs]
356.253: [GC (Allocation Failure) 38437K->435K(79872K), 0.0002150 secs]
356.269: [GC (Allocation Failure) 37168K->435K(78656K), 0.0002150 secs]
356.288: [GC (Allocation Failure) 35996K->435K(77440K), 0.0002210 secs]
356.377: [GC (Allocation Failure) 34726K->435K(76288K), 0.0002150 secs]
356.430: [GC (Allocation Failure) 33554K->435K(75200K), 0.0002120 secs]
356.445: [GC (Allocation Failure) 32479K->435K(74176K), 0.0002850 secs]
356.479: [GC (Allocation Failure) 31503K->435K(73152K), 0.0002180 secs]
356.497: [GC (Allocation Failure) 30428K->435K(72192K), 0.0002020 secs]
356.529: [GC (Allocation Failure) 29549K->435K(71296K), 0.0002060 secs]
356.541: [GC (Allocation Failure) 28572K->435K(70400K), 0.0002110 secs]
356.554: [GC (Allocation Failure) 27693K->435K(75904K), 0.0002030 secs]
356.571: [GC (Allocation Failure) 33261K->435K(82496K), 0.0002010 secs]
356.610: [GC (Allocation Failure) 39805K->435K(81152K), 0.0002260 secs]
356.631: [GC (Allocation Failure) 38437K->435K(79872K), 0.0002030 secs]
356.647: [GC (Allocation Failure) 37168K->435K(78656K), 0.0002390 secs]
356.672: [GC (Allocation Failure) 35996K->435K(77440K), 0.0002150 secs]
356.691: [GC (Allocation Failure) 34726K->435K(76288K), 0.0002040 secs]
356.777: [GC (Allocation Failure) 33554K->435K(75200K), 0.0002260 secs]
356.830: [GC (Allocation Failure) 32479K->435K(74176K), 0.0002120 secs]
356.844: [GC (Allocation Failure) 31503K->435K(73152K), 0.0002730 secs]
356.876: [GC (Allocation Failure) 30428K->435K(72192K), 0.0002740 secs]
356.893: [GC (Allocation Failure) 29549K->435K(71296K), 0.0002010 secs]
356.937: [GC (Allocation Failure) 28572K->435K(70400K), 0.0002020 secs]
356.979: [GC (Allocation Failure) 27693K->435K(69568K), 0.0002120 secs]
356.994: [GC (Allocation Failure) 26912K->435K(68800K), 0.0002230 secs]
357.010: [GC (Allocation Failure) 26131K->435K(68032K), 0.0002200 secs]
357.077: [GC (Allocation Failure) 25349K->435K(67328K), 0.0002120 secs]
357.088: [GC (Allocation Failure) 24662K->435K(66624K), 0.0002150 secs]
357.227: [GC (Allocation Failure) 23978K->435K(65984K), 0.0002200 secs]
357.238: [GC (Allocation Failure) 23294K->435K(70592K), 0.0002160 secs]
357.250: [GC (Allocation Failure) 27889K->435K(76096K), 0.0002030 secs]
357.268: [GC (Allocation Failure) 33456K->435K(82752K), 0.0002080 secs]
357.334: [GC (Allocation Failure) 40098K->435K(81344K), 0.0002050 secs]
357.353: [GC (Allocation Failure) 38633K->435K(80000K), 0.0002110 secs]
357.369: [GC (Allocation Failure) 37363K->435K(78720K), 0.0001990 secs]
357.528: [GC (Allocation Failure) 35996K->435K(77504K), 0.0002020 secs]
357.583: [GC (Allocation Failure) 34823K->435K(76352K), 0.0002140 secs]
357.597: [GC (Allocation Failure) 33651K->435K(75264K), 0.0002150 secs]
357.611: [GC (Allocation Failure) 32577K->435K(74240K), 0.0002040 secs]
357.625: [GC (Allocation Failure) 31600K->435K(73216K), 0.0002010 secs]
357.642: [GC (Allocation Failure) 30526K->435K(72256K), 0.0002010 secs]
357.655: [GC (Allocation Failure) 29549K->435K(78144K), 0.0002190 secs]
357.683: [GC (Allocation Failure) 35409K->435K(85184K), 0.0002400 secs]
357.706: [GC (Allocation Failure) 42540K->435K(83712K), 0.0002010 secs]
357.723: [GC (Allocation Failure) 41074K->435K(82304K), 0.0002150 secs]
357.740: [GC (Allocation Failure) 39609K->435K(80960K), 0.0002030 secs]
357.773: [GC (Allocation Failure) 38242K->435K(79680K), 0.0002490 secs]
357.790: [GC (Allocation Failure) 36972K->435K(78464K), 0.0002190 secs]
357.810: [GC (Allocation Failure) 35800K->435K(77312K), 0.0002130 secs]
357.864: [GC (Allocation Failure) 34628K->435K(76160K), 0.0002050 secs]
357.928: [GC (Allocation Failure) 33456K->435K(75072K), 0.0002070 secs]
357.982: [GC (Allocation Failure) 32382K->435K(74048K), 0.0003200 secs]
357.999: [GC (Allocation Failure) 31405K->435K(73088K), 0.0002190 secs]
358.014: [GC (Allocation Failure) 30428K->435K(72128K), 0.0002000 secs]
358.127: [GC (Allocation Failure) 29451K->435K(71232K), 0.0002750 secs]
358.181: [GC (Allocation Failure) 28572K->435K(70400K), 0.0002180 secs]
358.197: [GC (Allocation Failure) 27693K->435K(69568K), 0.0002300 secs]
358.230: [GC (Allocation Failure) 26912K->435K(68800K), 0.0002170 secs]
358.245: [GC (Allocation Failure) 26131K->435K(68032K), 0.0002030 secs]
358.260: [GC (Allocation Failure) 25349K->435K(67328K), 0.0002110 secs]
358.335: [GC (Allocation Failure) 24662K->435K(66624K), 0.0002060 secs]
358.350: [GC (Allocation Failure) 23978K->435K(65984K), 0.0002300 secs]
358.402: [GC (Allocation Failure) 23294K->435K(65344K), 0.0002210 secs]
358.415: [GC (Allocation Failure) 22610K->435K(64704K), 0.0002100 secs]
358.428: [GC (Allocation Failure) 22024K->435K(69056K), 0.0002110 secs]
358.443: [GC (Allocation Failure) 26326K->435K(74304K), 0.0002110 secs]
358.478: [GC (Allocation Failure) 31600K->435K(73280K), 0.0002230 secs]
358.491: [GC (Allocation Failure) 30624K->435K(79360K), 0.0002030 secs]
358.530: [GC (Allocation Failure) 36679K->435K(78144K), 0.0002740 secs]
358.565: [GC (Allocation Failure) 35409K->435K(76992K), 0.0002400 secs]
358.604: [GC (Allocation Failure) 34335K->435K(75904K), 0.0002430 secs]
358.618: [GC (Allocation Failure) 33261K->435K(74816K), 0.0002140 secs]
358.636: [GC (Allocation Failure) 32089K->435K(73792K), 0.0002020 secs]
358.650: [GC (Allocation Failure) 31112K->435K(79936K), 0.0003240 secs]
358.681: [GC (Allocation Failure) 37265K->435K(87360K), 0.0002280 secs]
358.700: [GC (Allocation Failure) 44688K->435K(96256K), 0.0002050 secs]
358.727: [GC (Allocation Failure) 53580K->435K(94272K), 0.0002040 secs]
358.749: [GC (Allocation Failure) 51627K->435K(92352K), 0.0002350 secs]
358.774: [GC (Allocation Failure) 49670K->435K(90496K), 0.0002010 secs]
358.798: [GC (Allocation Failure) 47814K->435K(88768K), 0.0002120 secs]
358.822: [GC (Allocation Failure) 46056K->435K(87104K), 0.0001990 secs]
358.912: [GC (Allocation Failure) 44395K->435K(85504K), 0.0002740 secs]
358.934: [GC (Allocation Failure) 42833K->435K(83968K), 0.0002140 secs]
358.956: [GC (Allocation Failure) 41270K->435K(82560K), 0.0001930 secs]
359.036: [GC (Allocation Failure) 39902K->435K(81216K), 0.0002040 secs]
359.053: [GC (Allocation Failure) 38535K->435K(79936K), 0.0002740 secs]
359.081: [GC (Allocation Failure) 37265K->435K(78656K), 0.0002160 secs]
359.101: [GC (Allocation Failure) 35996K->435K(77440K), 0.0002020 secs]
359.120: [GC (Allocation Failure) 34726K->435K(76288K), 0.0002020 secs]
359.138: [GC (Allocation Failure) 33554K->435K(75200K), 0.0002140 secs]
359.152: [GC (Allocation Failure) 32479K->435K(74176K), 0.0002190 secs]
359.283: [GC (Allocation Failure) 31503K->435K(73152K), 0.0002120 secs]
359.300: [GC (Allocation Failure) 30428K->435K(72192K), 0.0002160 secs]
359.329: [GC (Allocation Failure) 29549K->435K(71296K), 0.0002130 secs]
359.345: [GC (Allocation Failure) 28572K->435K(70400K), 0.0002010 secs]
359.382: [GC (Allocation Failure) 27693K->435K(69568K), 0.0002090 secs]
359.397: [GC (Allocation Failure) 26912K->435K(68800K), 0.0002000 secs]
359.413: [GC (Allocation Failure) 26131K->435K(68032K), 0.0002010 secs]
359.431: [GC (Allocation Failure) 25349K->435K(67328K), 0.0002100 secs]
359.442: [GC (Allocation Failure) 24662K->435K(72192K), 0.0003950 secs]
359.537: [GC (Allocation Failure) 29549K->435K(78016K), 0.0002140 secs]
359.557: [GC (Allocation Failure) 35312K->435K(85056K), 0.0002070 secs]
359.579: [GC (Allocation Failure) 42344K->435K(93504K), 0.0002180 secs]
359.601: [GC (Allocation Failure) 50846K->435K(91648K), 0.0002130 secs]
359.622: [GC (Allocation Failure) 48986K->435K(89856K), 0.0002010 secs]
359.686: [GC (Allocation Failure) 47130K->435K(88128K), 0.0002270 secs]
359.706: [GC (Allocation Failure) 45470K->435K(86528K), 0.0002030 secs]
359.729: [GC (Allocation Failure) 43809K->435K(84992K), 0.0002110 secs]
359.772: [GC (Allocation Failure) 42344K->435K(83520K), 0.0002070 secs]
359.790: [GC (Allocation Failure) 40879K->435K(82112K), 0.0002160 secs]
359.807: [GC (Allocation Failure) 39414K->435K(80768K), 0.0002070 secs]
359.823: [GC (Allocation Failure) 38047K->435K(79488K), 0.0002040 secs]
359.887: [GC (Allocation Failure) 36777K->435K(78272K), 0.0002240 secs]
359.902: [GC (Allocation Failure) 35605K->435K(77120K), 0.0002060 secs]
359.936: [GC (Allocation Failure) 34433K->435K(75968K), 0.0002160 secs]
359.950: [GC (Allocation Failure) 33261K->435K(74880K), 0.0002040 secs]
359.981: [GC (Allocation Failure) 32186K->435K(73856K), 0.0002240 secs]
359.994: [GC (Allocation Failure) 31210K->435K(72896K), 0.0002040 secs]
360.007: [GC (Allocation Failure) 30233K->435K(78912K), 0.0002150 secs]
360.132: [GC (Allocation Failure) 36191K->435K(77696K), 0.0002320 secs]
360.152: [GC (Allocation Failure) 35019K->435K(76544K), 0.0002040 secs]
360.168: [GC (Allocation Failure) 33847K->435K(75456K), 0.0002060 secs]
360.235: [GC (Allocation Failure) 32772K->435K(74432K), 0.0002150 secs]
360.249: [GC (Allocation Failure) 31698K->435K(73408K), 0.0002050 secs]
360.266: [GC (Allocation Failure) 30721K->435K(72448K), 0.0002240 secs]
360.405: [GC (Allocation Failure) 29745K->435K(71552K), 0.0002150 secs]
360.422: [GC (Allocation Failure) 28865K->435K(70656K), 0.0001990 secs]
360.434: [GC (Allocation Failure) 27986K->435K(69824K), 0.0002160 secs]
360.483: [GC (Allocation Failure) 27107K->435K(68992K), 0.0002260 secs]
360.499: [GC (Allocation Failure) 26326K->435K(68224K), 0.0002700 secs]
360.515: [GC (Allocation Failure) 25545K->435K(73280K), 0.0002140 secs]
360.532: [GC (Allocation Failure) 30624K->435K(79360K), 0.0002150 secs]
360.552: [GC (Allocation Failure) 36679K->435K(86656K), 0.0002130 secs]
360.571: [GC (Allocation Failure) 44005K->435K(85120K), 0.0002070 secs]
360.594: [GC (Allocation Failure) 42442K->435K(83648K), 0.0002110 secs]
360.637: [GC (Allocation Failure) 40977K->435K(82240K), 0.0002080 secs]
360.655: [GC (Allocation Failure) 39512K->435K(80896K), 0.0002200 secs]
360.672: [GC (Allocation Failure) 38242K->435K(79616K), 0.0002060 secs]
360.734: [GC (Allocation Failure) 36972K->435K(78400K), 0.0002040 secs]
360.787: [GC (Allocation Failure) 35702K->435K(77248K), 0.0002230 secs]
360.807: [GC (Allocation Failure) 34530K->435K(76096K), 0.0002730 secs]
360.821: [GC (Allocation Failure) 33456K->435K(75008K), 0.0002270 secs]
360.839: [GC (Allocation Failure) 32284K->435K(73984K), 0.0002210 secs]
360.882: [GC (Allocation Failure) 31307K->435K(73024K), 0.0002150 secs]
360.895: [GC (Allocation Failure) 30331K->435K(72064K), 0.0002160 secs]
360.969: [GC (Allocation Failure) 29354K->435K(71168K), 0.0002200 secs]
361.035: [GC (Allocation Failure) 28475K->435K(70336K), 0.0002260 secs]
361.051: [GC (Allocation Failure) 27693K->435K(69504K), 0.0002420 secs]
361.080: [GC (Allocation Failure) 26814K->435K(68736K), 0.0002070 secs]
361.134: [GC (Allocation Failure) 26033K->435K(67968K), 0.0002240 secs]
361.145: [GC (Allocation Failure) 25250K->435K(67264K), 0.0002160 secs]
361.156: [GC (Allocation Failure) 24564K->435K(72128K), 0.0002160 secs]
361.168: [GC (Allocation Failure) 29451K->435K(77952K), 0.0002040 secs]
361.183: [GC (Allocation Failure) 35312K->435K(84928K), 0.0002170 secs]
361.206: [GC (Allocation Failure) 42247K->435K(93312K), 0.0002140 secs]
361.228: [GC (Allocation Failure) 50650K->435K(103360K), 0.0002080 secs]
361.295: [GC (Allocation Failure) 60710K->435K(100992K), 0.0002160 secs]
361.383: [GC (Allocation Failure) 58269K->435K(98752K), 0.0002180 secs]
361.412: [GC (Allocation Failure) 56022K->435K(96640K), 0.0002090 secs]
361.435: [GC (Allocation Failure) 53971K->435K(94592K), 0.0002090 secs]
361.457: [GC (Allocation Failure) 51920K->435K(92672K), 0.0002070 secs]
361.547: [GC (Allocation Failure) 49967K->435K(90816K), 0.0002290 secs]
361.568: [GC (Allocation Failure) 48107K->435K(89088K), 0.0002140 secs]
361.639: [GC (Allocation Failure) 46446K->435K(87424K), 0.0002070 secs]
361.692: [GC (Allocation Failure) 44786K->435K(85824K), 0.0002140 secs]
361.715: [GC (Allocation Failure) 43126K->435K(84288K), 0.0002150 secs]
361.737: [GC (Allocation Failure) 41563K->435K(82816K), 0.0002120 secs]
361.891: [GC (Allocation Failure) 40098K->435K(81408K), 0.0002080 secs]
361.908: [GC (Allocation Failure) 38730K->435K(80064K), 0.0002060 secs]
361.990: [GC (Allocation Failure) 37363K->435K(78784K), 0.0002130 secs]
362.009: [GC (Allocation Failure) 36093K->435K(77568K), 0.0002120 secs]
362.035: [GC (Allocation Failure) 34921K->435K(76416K), 0.0002160 secs]
362.139: [GC (Allocation Failure) 33749K->435K(75328K), 0.0002270 secs]
362.156: [GC (Allocation Failure) 32675K->435K(81792K), 0.0005490 secs]
362.176: [GC (Allocation Failure) 39121K->435K(89536K), 0.0002780 secs]
362.201: [GC (Allocation Failure) 46837K->435K(98880K), 0.0002160 secs]
362.230: [GC (Allocation Failure) 56218K->435K(96768K), 0.0002060 secs]
362.255: [GC (Allocation Failure) 54069K->435K(94720K), 0.0002020 secs]
362.277: [GC (Allocation Failure) 52018K->435K(92800K), 0.0002140 secs]
362.342: [GC (Allocation Failure) 50162K->435K(90944K), 0.0002150 secs]
362.491: [GC (Allocation Failure) 48302K->435K(89216K), 0.0002260 secs]
362.515: [GC (Allocation Failure) 46544K->435K(87552K), 0.0002030 secs]
362.539: [GC (Allocation Failure) 44884K->435K(85952K), 0.0002200 secs]
362.558: [GC (Allocation Failure) 43223K->435K(84416K), 0.0002000 secs]
362.576: [GC (Allocation Failure) 41758K->435K(82944K), 0.0002130 secs]
362.598: [GC (Allocation Failure) 40293K->435K(81536K), 0.0002150 secs]
362.615: [GC (Allocation Failure) 38828K->435K(80192K), 0.0002270 secs]
362.637: [GC (Allocation Failure) 37461K->435K(78912K), 0.0002850 secs]
362.673: [GC (Allocation Failure) 36191K->435K(77696K), 0.0002070 secs]
362.688: [GC (Allocation Failure) 35019K->435K(84672K), 0.0002770 secs]
362.739: [GC (Allocation Failure) 41953K->435K(83200K), 0.0002250 secs]
362.758: [GC (Allocation Failure) 40488K->435K(81792K), 0.0002000 secs]
362.775: [GC (Allocation Failure) 39121K->435K(80448K), 0.0002150 secs]
362.795: [GC (Allocation Failure) 37754K->435K(79168K), 0.0002150 secs]
362.840: [GC (Allocation Failure) 36484K->435K(77952K), 0.0002140 secs]
362.860: [GC (Allocation Failure) 35312K->435K(76800K), 0.0002140 secs]
362.879: [GC (Allocation Failure) 34140K->435K(75712K), 0.0002110 secs]
362.893: [GC (Allocation Failure) 33065K->435K(82240K), 0.0002720 secs]
363.030: [GC (Allocation Failure) 39512K->435K(80896K), 0.0003710 secs]
363.051: [GC (Allocation Failure) 38242K->435K(79616K), 0.0002220 secs]
363.067: [GC (Allocation Failure) 36972K->435K(86976K), 0.0002730 secs]
363.140: [GC (Allocation Failure) 44298K->435K(85376K), 0.0002050 secs]
363.190: [GC (Allocation Failure) 42735K->435K(83904K), 0.0002150 secs]
363.339: [GC (Allocation Failure) 41172K->435K(82496K), 0.0002300 secs]
363.357: [GC (Allocation Failure) 39805K->435K(81152K), 0.0001950 secs]
363.381: [GC (Allocation Failure) 38437K->435K(79872K), 0.0002200 secs]
363.397: [GC (Allocation Failure) 37168K->435K(78656K), 0.0002060 secs]
363.441: [GC (Allocation Failure) 35996K->435K(77440K), 0.0002250 secs]
363.457: [GC (Allocation Failure) 34726K->435K(76288K), 0.0002110 secs]
363.475: [GC (Allocation Failure) 33554K->435K(75200K), 0.0002110 secs]
363.589: [GC (Allocation Failure) 32479K->435K(74176K), 0.0002180 secs]
363.603: [GC (Allocation Failure) 31503K->435K(73152K), 0.0002180 secs]
363.685: [GC (Allocation Failure) 30428K->435K(72192K), 0.0002180 secs]
363.772: [GC (Allocation Failure) 29549K->435K(71296K), 0.0002190 secs]
363.785: [GC (Allocation Failure) 28572K->435K(70400K), 0.0002200 secs]
363.872: [GC (Allocation Failure) 27693K->435K(69568K), 0.0002310 secs]
363.888: [GC (Allocation Failure) 26912K->435K(68800K), 0.0002180 secs]
363.904: [GC (Allocation Failure) 26131K->435K(68032K), 0.0002030 secs]
363.919: [GC (Allocation Failure) 25349K->435K(67328K), 0.0002390 secs]
363.932: [GC (Allocation Failure) 24662K->435K(72192K), 0.0002760 secs]
363.949: [GC (Allocation Failure) 29549K->435K(78016K), 0.0002060 secs]
363.988: [GC (Allocation Failure) 35312K->435K(76864K), 0.0002160 secs]
364.002: [GC (Allocation Failure) 34140K->435K(83648K), 0.0002050 secs]
364.020: [GC (Allocation Failure) 40977K->435K(91776K), 0.0002170 secs]
364.045: [GC (Allocation Failure) 49084K->435K(89984K), 0.0002120 secs]
364.065: [GC (Allocation Failure) 47325K->435K(88256K), 0.0002030 secs]
364.088: [GC (Allocation Failure) 45567K->435K(86592K), 0.0002110 secs]
364.111: [GC (Allocation Failure) 43907K->435K(85056K), 0.0002170 secs]
364.134: [GC (Allocation Failure) 42344K->435K(83584K), 0.0002110 secs]
364.190: [GC (Allocation Failure) 40879K->435K(82176K), 0.0002720 secs]
364.240: [GC (Allocation Failure) 39512K->435K(80832K), 0.0002260 secs]
364.260: [GC (Allocation Failure) 38144K->435K(79552K), 0.0002040 secs]
364.280: [GC (Allocation Failure) 36875K->435K(78336K), 0.0002150 secs]
364.296: [GC (Allocation Failure) 35605K->435K(77184K), 0.0002150 secs]
364.411: [GC (Allocation Failure) 34530K->435K(76032K), 0.0002120 secs]
364.430: [GC (Allocation Failure) 33358K->435K(74944K), 0.0002040 secs]
364.444: [GC (Allocation Failure) 32284K->435K(73920K), 0.0002160 secs]
364.491: [GC (Allocation Failure) 31210K->435K(72960K), 0.0002250 secs]
364.508: [GC (Allocation Failure) 30233K->435K(72000K), 0.0002890 secs]
364.522: [GC (Allocation Failure) 29354K->435K(77824K), 0.0002120 secs]
364.537: [GC (Allocation Failure) 35116K->435K(84800K), 0.0002140 secs]
364.555: [GC (Allocation Failure) 42149K->435K(93184K), 0.0002050 secs]
364.584: [GC (Allocation Failure) 50455K->435K(91328K), 0.0002270 secs]
364.609: [GC (Allocation Failure) 48595K->435K(89536K), 0.0002210 secs]
364.633: [GC (Allocation Failure) 46837K->435K(87872K), 0.0002190 secs]
364.653: [GC (Allocation Failure) 45177K->435K(86272K), 0.0002040 secs]
364.677: [GC (Allocation Failure) 43614K->435K(84736K), 0.0002040 secs]
364.699: [GC (Allocation Failure) 42051K->435K(83264K), 0.0002740 secs]
364.721: [GC (Allocation Failure) 40586K->435K(81856K), 0.0002950 secs]
364.796: [GC (Allocation Failure) 39219K->435K(80512K), 0.0002040 secs]
364.817: [GC (Allocation Failure) 37851K->435K(79232K), 0.0002060 secs]
364.833: [GC (Allocation Failure) 36582K->435K(78016K), 0.0002500 secs]
364.848: [GC (Allocation Failure) 35312K->435K(76864K), 0.0002060 secs]
364.862: [GC (Allocation Failure) 34140K->435K(83648K), 0.0002060 secs]
364.880: [GC (Allocation Failure) 40977K->435K(91776K), 0.0002070 secs]
364.942: [GC (Allocation Failure) 49084K->435K(89984K), 0.0002250 secs]
364.967: [GC (Allocation Failure) 47325K->435K(88256K), 0.0002120 secs]
364.986: [GC (Allocation Failure) 45567K->435K(86592K), 0.0002070 secs]
365.049: [GC (Allocation Failure) 43907K->435K(85056K), 0.0002180 secs]
365.071: [GC (Allocation Failure) 42344K->435K(83584K), 0.0002030 secs]
365.089: [GC (Allocation Failure) 40879K->435K(82176K), 0.0002150 secs]
365.110: [GC (Allocation Failure) 39512K->435K(80832K), 0.0002170 secs]
365.126: [GC (Allocation Failure) 38144K->435K(79552K), 0.0002040 secs]
365.192: [GC (Allocation Failure) 36875K->435K(78336K), 0.0002040 secs]
365.340: [GC (Allocation Failure) 35605K->435K(77184K), 0.0002160 secs]
365.391: [GC (Allocation Failure) 34530K->435K(76032K), 0.0002130 secs]
365.443: [GC (Allocation Failure) 33358K->435K(74944K), 0.0002040 secs]
365.457: [GC (Allocation Failure) 32284K->435K(73920K), 0.0002720 secs]
365.544: [GC (Allocation Failure) 31210K->435K(72960K), 0.0002150 secs]
365.562: [GC (Allocation Failure) 30233K->435K(72000K), 0.0002290 secs]
365.590: [GC (Allocation Failure) 29354K->435K(71104K), 0.0002150 secs]
365.643: [GC (Allocation Failure) 28377K->435K(70272K), 0.0002230 secs]
365.655: [GC (Allocation Failure) 27596K->435K(69440K), 0.0002190 secs]
365.689: [GC (Allocation Failure) 26717K->435K(68672K), 0.0002390 secs]
365.704: [GC (Allocation Failure) 26033K->435K(67904K), 0.0002120 secs]
365.715: [GC (Allocation Failure) 25250K->435K(72896K), 0.0002180 secs]
365.728: [GC (Allocation Failure) 30233K->435K(78912K), 0.0002690 secs]
365.775: [GC (Allocation Failure) 36191K->435K(86080K), 0.0002080 secs]
365.795: [GC (Allocation Failure) 43419K->435K(94720K), 0.0002070 secs]
365.886: [GC (Allocation Failure) 52018K->435K(92800K), 0.0002150 secs]
365.912: [GC (Allocation Failure) 50162K->435K(90944K), 0.0002040 secs]
365.933: [GC (Allocation Failure) 48302K->435K(89216K), 0.0002170 secs]
365.957: [GC (Allocation Failure) 46544K->435K(87552K), 0.0002020 secs]
365.978: [GC (Allocation Failure) 44884K->435K(85952K), 0.0002020 secs]
365.996: [GC (Allocation Failure) 43223K->435K(84416K), 0.0002170 secs]
366.014: [GC (Allocation Failure) 41758K->435K(82944K), 0.0002050 secs]
366.049: [GC (Allocation Failure) 40293K->435K(81536K), 0.0002130 secs]
366.069: [GC (Allocation Failure) 38828K->435K(80192K), 0.0002010 secs]
366.089: [GC (Allocation Failure) 37461K->435K(78912K), 0.0002110 secs]
366.105: [GC (Allocation Failure) 36191K->435K(77696K), 0.0002130 secs]
366.143: [GC (Allocation Failure) 35019K->435K(76544K), 0.0002230 secs]
366.160: [GC (Allocation Failure) 33847K->435K(83264K), 0.0003080 secs]
366.198: [GC (Allocation Failure) 40586K->435K(81856K), 0.0003300 secs]
366.244: [GC (Allocation Failure) 39219K->435K(80512K), 0.0002070 secs]
366.298: [GC (Allocation Failure) 37851K->435K(79232K), 0.0002230 secs]
366.313: [GC (Allocation Failure) 36582K->435K(78016K), 0.0002730 secs]
366.343: [GC (Allocation Failure) 35312K->435K(76864K), 0.0002180 secs]
366.407: [GC (Allocation Failure) 34140K->435K(75776K), 0.0002270 secs]
366.426: [GC (Allocation Failure) 33065K->435K(74688K), 0.0002040 secs]
366.444: [GC (Allocation Failure) 31991K->435K(73664K), 0.0002130 secs]
366.461: [GC (Allocation Failure) 31014K->435K(72704K), 0.0002150 secs]
366.478: [GC (Allocation Failure) 30038K->435K(71808K), 0.0002080 secs]
366.491: [GC (Allocation Failure) 29158K->435K(77568K), 0.0002070 secs]
366.543: [GC (Allocation Failure) 34921K->435K(76416K), 0.0002150 secs]
366.558: [GC (Allocation Failure) 33749K->435K(75328K), 0.0002040 secs]
366.597: [GC (Allocation Failure) 32675K->435K(74304K), 0.0002150 secs]
366.614: [GC (Allocation Failure) 31600K->435K(73280K), 0.0002350 secs]
366.641: [GC (Allocation Failure) 30624K->435K(72320K), 0.0002800 secs]
366.674: [GC (Allocation Failure) 29647K->435K(71424K), 0.0002400 secs]
366.687: [GC (Allocation Failure) 28768K->435K(77120K), 0.0002680 secs]
366.748: [GC (Allocation Failure) 34433K->435K(75968K), 0.0002170 secs]
366.762: [GC (Allocation Failure) 33261K->435K(74880K), 0.0002150 secs]
366.776: [GC (Allocation Failure) 32186K->435K(81280K), 0.0002060 secs]
366.845: [GC (Allocation Failure) 38633K->435K(80000K), 0.0002150 secs]
366.899: [GC (Allocation Failure) 37363K->435K(78720K), 0.0002200 secs]
366.914: [GC (Allocation Failure) 35996K->435K(77504K), 0.0002200 secs]
366.979: [GC (Allocation Failure) 34823K->435K(76352K), 0.0002070 secs]
366.993: [GC (Allocation Failure) 33651K->435K(75264K), 0.0002740 secs]
367.043: [GC (Allocation Failure) 32577K->435K(74240K), 0.0002060 secs]
367.075: [GC (Allocation Failure) 31600K->435K(73216K), 0.0002760 secs]
367.093: [GC (Allocation Failure) 30526K->435K(72256K), 0.0002130 secs]
367.106: [GC (Allocation Failure) 29549K->435K(78144K), 0.0002310 secs]
367.125: [GC (Allocation Failure) 35409K->435K(85184K), 0.0002150 secs]
367.201: [GC (Allocation Failure) 42540K->435K(83712K), 0.0002040 secs]
367.219: [GC (Allocation Failure) 41074K->435K(82304K), 0.0002200 secs]
367.334: [GC (Allocation Failure) 39609K->435K(80960K), 0.0002190 secs]
367.350: [GC (Allocation Failure) 38242K->435K(79680K), 0.0002050 secs]
367.381: [GC (Allocation Failure) 36972K->435K(78464K), 0.0002210 secs]
367.412: [GC (Allocation Failure) 35800K->435K(77312K), 0.0002170 secs]
367.427: [GC (Allocation Failure) 34628K->435K(76160K), 0.0002070 secs]
367.444: [GC (Allocation Failure) 33456K->435K(75072K), 0.0002250 secs]
367.458: [GC (Allocation Failure) 32382K->435K(81472K), 0.0002160 secs]
367.500: [GC (Allocation Failure) 38828K->435K(80128K), 0.0002130 secs]
367.520: [GC (Allocation Failure) 37461K->435K(78848K), 0.0002110 secs]
367.536: [GC (Allocation Failure) 36191K->435K(77632K), 0.0002150 secs]
367.624: [GC (Allocation Failure) 34921K->435K(76480K), 0.0002270 secs]
367.643: [GC (Allocation Failure) 33749K->435K(75392K), 0.0002030 secs]
367.698: [GC (Allocation Failure) 32675K->435K(74368K), 0.0002070 secs]
367.712: [GC (Allocation Failure) 31698K->435K(73344K), 0.0002180 secs]
367.747: [GC (Allocation Failure) 30624K->435K(72384K), 0.0002360 secs]
367.761: [GC (Allocation Failure) 29745K->435K(71488K), 0.0002140 secs]
367.796: [GC (Allocation Failure) 28768K->435K(70592K), 0.0002130 secs]
367.813: [GC (Allocation Failure) 27889K->435K(69760K), 0.0002330 secs]
367.830: [GC (Allocation Failure) 27107K->435K(68992K), 0.0002150 secs]
367.846: [GC (Allocation Failure) 26326K->435K(68224K), 0.0002020 secs]
367.860: [GC (Allocation Failure) 25545K->435K(73280K), 0.0002130 secs]
367.878: [GC (Allocation Failure) 30624K->435K(79360K), 0.0002220 secs]
367.900: [GC (Allocation Failure) 36679K->435K(86656K), 0.0002220 secs]
367.919: [GC (Allocation Failure) 44005K->435K(85120K), 0.0002080 secs]
367.941: [GC (Allocation Failure) 42442K->435K(93568K), 0.0002740 secs]
367.963: [GC (Allocation Failure) 50846K->435K(91712K), 0.0002040 secs]
368.005: [GC (Allocation Failure) 48986K->435K(89920K), 0.0002100 secs]
368.030: [GC (Allocation Failure) 47228K->435K(99328K), 0.0004300 secs]
368.059: [GC (Allocation Failure) 56608K->435K(97152K), 0.0002080 secs]
368.087: [GC (Allocation Failure) 54459K->435K(95104K), 0.0002140 secs]
368.109: [GC (Allocation Failure) 52408K->435K(93120K), 0.0002020 secs]
368.135: [GC (Allocation Failure) 50455K->435K(91264K), 0.0002100 secs]
368.187: [GC (Allocation Failure) 48595K->435K(89472K), 0.0002190 secs]
368.208: [GC (Allocation Failure) 46739K->435K(87808K), 0.0002150 secs]
368.227: [GC (Allocation Failure) 45079K->435K(86208K), 0.0002070 secs]
368.246: [GC (Allocation Failure) 43516K->435K(84672K), 0.0002130 secs]
368.303: [GC (Allocation Failure) 41953K->435K(83200K), 0.0002160 secs]
368.320: [GC (Allocation Failure) 40488K->435K(81792K), 0.0002740 secs]
368.337: [GC (Allocation Failure) 39121K->435K(80448K), 0.0002030 secs]
368.417: [GC (Allocation Failure) 37754K->435K(79168K), 0.0002240 secs]
368.438: [GC (Allocation Failure) 36484K->435K(77952K), 0.0002170 secs]
368.458: [GC (Allocation Failure) 35312K->435K(76800K), 0.0002150 secs]
368.477: [GC (Allocation Failure) 34140K->435K(75712K), 0.0002410 secs]
368.535: [GC (Allocation Failure) 33065K->435K(74624K), 0.0002070 secs]
368.577: [GC (Allocation Failure) 31893K->435K(73600K), 0.0002160 secs]
368.595: [GC (Allocation Failure) 30917K->435K(72640K), 0.0002060 secs]
368.608: [GC (Allocation Failure) 29940K->435K(71744K), 0.0002330 secs]
368.621: [GC (Allocation Failure) 29061K->435K(77504K), 0.0002060 secs]
368.650: [GC (Allocation Failure) 34823K->435K(76352K), 0.0002000 secs]
368.665: [GC (Allocation Failure) 33651K->435K(83008K), 0.0002750 secs]
368.738: [GC (Allocation Failure) 40293K->435K(81600K), 0.0002210 secs]
368.802: [GC (Allocation Failure) 38926K->435K(80256K), 0.0002230 secs]
368.819: [GC (Allocation Failure) 37558K->435K(78976K), 0.0002150 secs]
368.834: [GC (Allocation Failure) 36289K->435K(86208K), 0.0002730 secs]
368.900: [GC (Allocation Failure) 43516K->435K(84672K), 0.0002050 secs]
368.950: [GC (Allocation Failure) 41953K->435K(83200K), 0.0002130 secs]
369.103: [GC (Allocation Failure) 40488K->435K(81792K), 0.0002140 secs]
369.120: [GC (Allocation Failure) 39121K->435K(80448K), 0.0002720 secs]
369.202: [GC (Allocation Failure) 37754K->435K(79168K), 0.0002140 secs]
369.222: [GC (Allocation Failure) 36484K->435K(77952K), 0.0002030 secs]
369.247: [GC (Allocation Failure) 35312K->435K(76800K), 0.0002260 secs]
369.262: [GC (Allocation Failure) 34140K->435K(75712K), 0.0002050 secs]
369.280: [GC (Allocation Failure) 33065K->435K(74624K), 0.0002020 secs]
369.294: [GC (Allocation Failure) 31893K->435K(73600K), 0.0002280 secs]
369.311: [GC (Allocation Failure) 30917K->435K(79744K), 0.0002240 secs]
369.385: [GC (Allocation Failure) 37070K->435K(78528K), 0.0002920 secs]
369.408: [GC (Allocation Failure) 35800K->435K(77312K), 0.0002170 secs]
369.427: [GC (Allocation Failure) 34628K->435K(76160K), 0.0002140 secs]
369.442: [GC (Allocation Failure) 33456K->435K(75072K), 0.0002290 secs]
369.455: [GC (Allocation Failure) 32382K->435K(81472K), 0.0002080 secs]
369.503: [GC (Allocation Failure) 38828K->435K(80128K), 0.0002230 secs]
369.523: [GC (Allocation Failure) 37461K->435K(78848K), 0.0002100 secs]
369.552: [GC (Allocation Failure) 36191K->435K(77632K), 0.0002030 secs]
369.571: [GC (Allocation Failure) 34921K->435K(76480K), 0.0002120 secs]
369.604: [GC (Allocation Failure) 33749K->435K(75392K), 0.0002400 secs]
369.618: [GC (Allocation Failure) 32675K->435K(74368K), 0.0002610 secs]
369.636: [GC (Allocation Failure) 31698K->435K(80640K), 0.0002220 secs]
369.699: [GC (Allocation Failure) 37949K->435K(79360K), 0.0002760 secs]
369.748: [GC (Allocation Failure) 36679K->435K(78144K), 0.0002150 secs]
369.763: [GC (Allocation Failure) 35409K->435K(76992K), 0.0002050 secs]
369.787: [GC (Allocation Failure) 34335K->435K(75904K), 0.0002670 secs]
369.803: [GC (Allocation Failure) 33261K->435K(74816K), 0.0002130 secs]
369.821: [GC (Allocation Failure) 32089K->435K(73792K), 0.0002150 secs]
369.834: [GC (Allocation Failure) 31112K->435K(79936K), 0.0002330 secs]
369.882: [GC (Allocation Failure) 37265K->435K(78656K), 0.0002290 secs]
369.901: [GC (Allocation Failure) 35996K->435K(77440K), 0.0002130 secs]
369.952: [GC (Allocation Failure) 34726K->435K(76288K), 0.0002240 secs]
369.971: [GC (Allocation Failure) 33554K->435K(75200K), 0.0002030 secs]
369.985: [GC (Allocation Failure) 32479K->435K(74176K), 0.0002140 secs]
370.002: [GC (Allocation Failure) 31503K->435K(73152K), 0.0002020 secs]
370.019: [GC (Allocation Failure) 30428K->435K(72192K), 0.0002140 secs]
370.032: [GC (Allocation Failure) 29549K->435K(78016K), 0.0002770 secs]
370.102: [GC (Allocation Failure) 35312K->435K(76864K), 0.0002230 secs]
370.121: [GC (Allocation Failure) 34140K->435K(75776K), 0.0002130 secs]
370.135: [GC (Allocation Failure) 33065K->435K(82368K), 0.0002180 secs]
370.156: [GC (Allocation Failure) 39707K->435K(90240K), 0.0002160 secs]
370.177: [GC (Allocation Failure) 47521K->435K(88512K), 0.0002040 secs]
370.197: [GC (Allocation Failure) 45860K->435K(86848K), 0.0002030 secs]
370.257: [GC (Allocation Failure) 44200K->435K(85312K), 0.0002120 secs]
370.275: [GC (Allocation Failure) 42637K->435K(83840K), 0.0002140 secs]
370.293: [GC (Allocation Failure) 41172K->435K(82432K), 0.0002030 secs]
370.314: [GC (Allocation Failure) 39707K->435K(81088K), 0.0002090 secs]
370.337: [GC (Allocation Failure) 38437K->435K(79808K), 0.0002240 secs]
370.357: [GC (Allocation Failure) 37168K->435K(78592K), 0.0002200 secs]
370.399: [GC (Allocation Failure) 35898K->435K(77376K), 0.0002030 secs]
370.553: [GC (Allocation Failure) 34726K->435K(76224K), 0.0002260 secs]
370.572: [GC (Allocation Failure) 33554K->435K(75136K), 0.0002020 secs]
370.587: [GC (Allocation Failure) 32479K->435K(74112K), 0.0002230 secs]
370.601: [GC (Allocation Failure) 31405K->435K(73152K), 0.0002100 secs]
370.648: [GC (Allocation Failure) 30428K->435K(72192K), 0.0002170 secs]
370.677: [GC (Allocation Failure) 29549K->435K(71296K), 0.0002060 secs]
370.697: [GC (Allocation Failure) 28572K->435K(70400K), 0.0002730 secs]
370.709: [GC (Allocation Failure) 27693K->435K(75904K), 0.0002210 secs]
370.728: [GC (Allocation Failure) 33261K->435K(82496K), 0.0002170 secs]
370.749: [GC (Allocation Failure) 39805K->435K(81152K), 0.0002030 secs]
370.769: [GC (Allocation Failure) 38437K->435K(79872K), 0.0002150 secs]
370.785: [GC (Allocation Failure) 37168K->435K(78656K), 0.0002030 secs]
370.805: [GC (Allocation Failure) 35996K->435K(77440K), 0.0002120 secs]
370.824: [GC (Allocation Failure) 34726K->435K(76288K), 0.0002140 secs]
370.842: [GC (Allocation Failure) 33554K->435K(75200K), 0.0002180 secs]
370.857: [GC (Allocation Failure) 32479K->435K(81664K), 0.0002210 secs]
370.906: [GC (Allocation Failure) 39023K->435K(80320K), 0.0002280 secs]
370.926: [GC (Allocation Failure) 37656K->435K(79040K), 0.0002130 secs]
370.954: [GC (Allocation Failure) 36386K->435K(77824K), 0.0002200 secs]
370.974: [GC (Allocation Failure) 35116K->435K(76672K), 0.0002060 secs]
370.993: [GC (Allocation Failure) 33944K->435K(75584K), 0.0002130 secs]
371.007: [GC (Allocation Failure) 32870K->435K(74560K), 0.0002190 secs]
371.025: [GC (Allocation Failure) 31893K->435K(73536K), 0.0002030 secs]
371.049: [GC (Allocation Failure) 30819K->435K(79680K), 0.0004090 secs]
371.067: [GC (Allocation Failure) 36972K->435K(87040K), 0.0001990 secs]
371.086: [GC (Allocation Failure) 44395K->435K(95872K), 0.0002690 secs]
371.148: [GC (Allocation Failure) 53190K->435K(93888K), 0.0002420 secs]
371.170: [GC (Allocation Failure) 51236K->435K(91968K), 0.0002040 secs]
371.195: [GC (Allocation Failure) 49279K->435K(90176K), 0.0002030 secs]
371.216: [GC (Allocation Failure) 47521K->435K(88448K), 0.0002740 secs]
371.255: [GC (Allocation Failure) 45763K->435K(86784K), 0.0002050 secs]
371.348: [GC (Allocation Failure) 44102K->435K(85248K), 0.0002340 secs]
371.371: [GC (Allocation Failure) 42540K->435K(83776K), 0.0002160 secs]
371.390: [GC (Allocation Failure) 41074K->435K(82368K), 0.0002300 secs]
371.411: [GC (Allocation Failure) 39707K->435K(81024K), 0.0002250 secs]
371.502: [GC (Allocation Failure) 38340K->435K(79744K), 0.0002060 secs]
371.555: [GC (Allocation Failure) 37070K->435K(78528K), 0.0002130 secs]
371.571: [GC (Allocation Failure) 35800K->435K(77312K), 0.0002160 secs]
371.589: [GC (Allocation Failure) 34628K->435K(76160K), 0.0002120 secs]
371.604: [GC (Allocation Failure) 33456K->435K(75072K), 0.0002130 secs]
371.617: [GC (Allocation Failure) 32382K->435K(81472K), 0.0002040 secs]
371.634: [GC (Allocation Failure) 38828K->435K(89152K), 0.0002040 secs]
371.706: [GC (Allocation Failure) 46446K->435K(87488K), 0.0002120 secs]
371.759: [GC (Allocation Failure) 44786K->435K(85888K), 0.0002010 secs]
371.779: [GC (Allocation Failure) 43223K->435K(84352K), 0.0002170 secs]
371.808: [GC (Allocation Failure) 41660K->435K(82880K), 0.0002150 secs]
371.829: [GC (Allocation Failure) 40195K->435K(81472K), 0.0002030 secs]
371.850: [GC (Allocation Failure) 38828K->435K(80128K), 0.0002070 secs]
371.886: [GC (Allocation Failure) 37461K->435K(78848K), 0.0002120 secs]
371.902: [GC (Allocation Failure) 36191K->435K(77632K), 0.0002710 secs]
372.001: [GC (Allocation Failure) 34921K->435K(76480K), 0.0002280 secs]
372.055: [GC (Allocation Failure) 33749K->435K(75392K), 0.0002130 secs]
372.069: [GC (Allocation Failure) 32675K->435K(74368K), 0.0002140 secs]
372.104: [GC (Allocation Failure) 31698K->435K(73344K), 0.0002160 secs]
372.121: [GC (Allocation Failure) 30624K->435K(72384K), 0.0002070 secs]
372.134: [GC (Allocation Failure) 29745K->435K(71488K), 0.0002170 secs]
372.151: [GC (Allocation Failure) 28768K->435K(70592K), 0.0002140 secs]
372.167: [GC (Allocation Failure) 27889K->435K(76096K), 0.0008100 secs]
372.187: [GC (Allocation Failure) 33456K->435K(82752K), 0.0002030 secs]
372.204: [GC (Allocation Failure) 40098K->435K(90688K), 0.0002120 secs]
372.225: [GC (Allocation Failure) 48009K->435K(100224K), 0.0002070 secs]
372.249: [GC (Allocation Failure) 57585K->435K(111680K), 0.0002040 secs]
372.283: [GC (Allocation Failure) 69013K->435K(125440K), 0.0002130 secs]
372.360: [GC (Allocation Failure) 82788K->435K(122048K), 0.0002080 secs]
372.394: [GC (Allocation Failure) 79370K->435K(118784K), 0.0002040 secs]
372.427: [GC (Allocation Failure) 76147K->435K(115712K), 0.0002760 secs]
372.508: [GC (Allocation Failure) 73017K->435K(112768K), 0.0002130 secs]
372.542: [GC (Allocation Failure) 70087K->435K(109952K), 0.0002200 secs]
372.571: [GC (Allocation Failure) 67255K->435K(107264K), 0.0002760 secs]
372.607: [GC (Allocation Failure) 64617K->435K(104704K), 0.0002050 secs]
372.646: [GC (Allocation Failure) 61980K->435K(102272K), 0.0002410 secs]
372.676: [GC (Allocation Failure) 59538K->435K(99968K), 0.0002050 secs]
372.701: [GC (Allocation Failure) 57292K->435K(97792K), 0.0002170 secs]
372.729: [GC (Allocation Failure) 55143K->435K(95680K), 0.0002120 secs]
372.765: [GC (Allocation Failure) 52994K->435K(93696K), 0.0002170 secs]
372.787: [GC (Allocation Failure) 51041K->435K(91840K), 0.0002160 secs]
372.808: [GC (Allocation Failure) 49181K->435K(90048K), 0.0002040 secs]
372.858: [GC (Allocation Failure) 47325K->435K(88320K), 0.0002150 secs]
372.907: [GC (Allocation Failure) 45665K->435K(86656K), 0.0002260 secs]
372.930: [GC (Allocation Failure) 44005K->435K(85120K), 0.0002150 secs]
372.949: [GC (Allocation Failure) 42442K->435K(83648K), 0.0002120 secs]
372.990: [GC (Allocation Failure) 40977K->435K(82240K), 0.0002310 secs]
373.009: [GC (Allocation Failure) 39512K->435K(80896K), 0.0002140 secs]
373.088: [GC (Allocation Failure) 38242K->435K(79616K), 0.0003500 secs]
373.104: [GC (Allocation Failure) 36972K->435K(78400K), 0.0002170 secs]
373.119: [GC (Allocation Failure) 35702K->435K(77248K), 0.0002100 secs]
373.203: [GC (Allocation Failure) 34530K->435K(76096K), 0.0002160 secs]
373.221: [GC (Allocation Failure) 33456K->435K(75008K), 0.0002010 secs]
373.235: [GC (Allocation Failure) 32284K->435K(73984K), 0.0002170 secs]
373.252: [GC (Allocation Failure) 31307K->435K(73024K), 0.0002200 secs]
373.301: [GC (Allocation Failure) 30331K->435K(72064K), 0.0002260 secs]
373.318: [GC (Allocation Failure) 29354K->435K(71168K), 0.0002110 secs]
373.386: [GC (Allocation Failure) 28475K->435K(70336K), 0.0002080 secs]
373.402: [GC (Allocation Failure) 27693K->435K(69504K), 0.0002290 secs]
373.414: [GC (Allocation Failure) 26814K->435K(74816K), 0.0002050 secs]
373.452: [GC (Allocation Failure) 32089K->435K(73792K), 0.0002140 secs]
373.470: [GC (Allocation Failure) 31112K->435K(79936K), 0.0003100 secs]
373.509: [GC (Allocation Failure) 37265K->435K(78656K), 0.0002490 secs]
373.524: [GC (Allocation Failure) 35996K->435K(77440K), 0.0002060 secs]
373.553: [GC (Allocation Failure) 34726K->435K(76288K), 0.0002720 secs]
373.603: [GC (Allocation Failure) 33554K->435K(75200K), 0.0002160 secs]
373.617: [GC (Allocation Failure) 32479K->435K(74176K), 0.0002010 secs]
373.634: [GC (Allocation Failure) 31503K->435K(73152K), 0.0002110 secs]
373.656: [GC (Allocation Failure) 30428K->435K(72192K), 0.0002080 secs]
373.668: [GC (Allocation Failure) 29549K->435K(78016K), 0.0002730 secs]
373.744: [GC (Allocation Failure) 35312K->435K(76864K), 0.0002460 secs]
373.763: [GC (Allocation Failure) 34140K->435K(75776K), 0.0002110 secs]
373.803: [GC (Allocation Failure) 33065K->435K(74688K), 0.0002760 secs]
373.856: [GC (Allocation Failure) 31991K->435K(73664K), 0.0002140 secs]
373.874: [GC (Allocation Failure) 31014K->435K(72704K), 0.0002060 secs]
373.889: [GC (Allocation Failure) 30038K->435K(71808K), 0.0002310 secs]
373.902: [GC (Allocation Failure) 29158K->435K(77568K), 0.0002060 secs]
373.917: [GC (Allocation Failure) 34921K->435K(84480K), 0.0002030 secs]
373.935: [GC (Allocation Failure) 41758K->435K(92800K), 0.0002160 secs]
373.965: [GC (Allocation Failure) 50162K->435K(90944K), 0.0002590 secs]
373.986: [GC (Allocation Failure) 48302K->435K(100544K), 0.0002730 secs]
374.068: [GC (Allocation Failure) 57878K->435K(98304K), 0.0002150 secs]
374.096: [GC (Allocation Failure) 55632K->435K(96192K), 0.0002080 secs]
374.123: [GC (Allocation Failure) 53483K->435K(94208K), 0.0002030 secs]
374.149: [GC (Allocation Failure) 51529K->435K(92288K), 0.0002210 secs]
374.192: [GC (Allocation Failure) 49572K->435K(90496K), 0.0002100 secs]
374.290: [GC (Allocation Failure) 47814K->435K(88768K), 0.0002140 secs]
374.363: [GC (Allocation Failure) 46056K->435K(87104K), 0.0002210 secs]
374.383: [GC (Allocation Failure) 44395K->435K(85504K), 0.0002180 secs]
374.405: [GC (Allocation Failure) 42833K->435K(83968K), 0.0002160 secs]
374.461: [GC (Allocation Failure) 41270K->435K(82560K), 0.0002150 secs]
374.479: [GC (Allocation Failure) 39902K->435K(81216K), 0.0002200 secs]
374.499: [GC (Allocation Failure) 38535K->435K(79936K), 0.0002010 secs]
374.520: [GC (Allocation Failure) 37265K->435K(78656K), 0.0002140 secs]
374.535: [GC (Allocation Failure) 35996K->435K(77440K), 0.0002770 secs]
374.559: [GC (Allocation Failure) 34726K->435K(76288K), 0.0002190 secs]
374.577: [GC (Allocation Failure) 33554K->435K(75200K), 0.0002090 secs]
374.591: [GC (Allocation Failure) 32479K->435K(81664K), 0.0002080 secs]
374.608: [GC (Allocation Failure) 39023K->435K(89408K), 0.0002070 secs]
374.632: [GC (Allocation Failure) 46739K->435K(87744K), 0.0002040 secs]
374.657: [GC (Allocation Failure) 45079K->435K(86144K), 0.0002220 secs]
374.676: [GC (Allocation Failure) 43419K->435K(84608K), 0.0002730 secs]
374.708: [GC (Allocation Failure) 41953K->435K(83136K), 0.0002150 secs]
374.730: [GC (Allocation Failure) 40488K->435K(81728K), 0.0002020 secs]
374.761: [GC (Allocation Failure) 39023K->435K(80384K), 0.0002760 secs]
374.910: [GC (Allocation Failure) 37656K->435K(79104K), 0.0002180 secs]
374.926: [GC (Allocation Failure) 36386K->435K(77888K), 0.0002050 secs]
374.960: [GC (Allocation Failure) 35214K->435K(76736K), 0.0002190 secs]
374.975: [GC (Allocation Failure) 34042K->435K(75648K), 0.0002150 secs]
375.005: [GC (Allocation Failure) 32968K->435K(74560K), 0.0002760 secs]
375.134: [GC (Allocation Failure) 31893K->435K(73536K), 0.0002060 secs]
375.208: [GC (Allocation Failure) 30819K->435K(72576K), 0.0002220 secs]
375.225: [GC (Allocation Failure) 29842K->435K(71680K), 0.0002070 secs]
375.238: [GC (Allocation Failure) 28963K->435K(70784K), 0.0002130 secs]
375.250: [GC (Allocation Failure) 28084K->435K(76352K), 0.0002050 secs]
375.268: [GC (Allocation Failure) 33651K->435K(83008K), 0.0002130 secs]
375.312: [GC (Allocation Failure) 40293K->435K(81600K), 0.0002030 secs]
375.329: [GC (Allocation Failure) 38926K->435K(80256K), 0.0002130 secs]
375.389: [GC (Allocation Failure) 37558K->435K(78976K), 0.0002160 secs]
375.404: [GC (Allocation Failure) 36289K->435K(77760K), 0.0002170 secs]
375.419: [GC (Allocation Failure) 35116K->435K(76608K), 0.0002050 secs]
375.434: [GC (Allocation Failure) 33944K->435K(83328K), 0.0002750 secs]
375.490: [GC (Allocation Failure) 40684K->435K(81920K), 0.0002150 secs]
375.506: [GC (Allocation Failure) 39219K->435K(80576K), 0.0002050 secs]
375.561: [GC (Allocation Failure) 37851K->435K(79296K), 0.0002140 secs]
375.577: [GC (Allocation Failure) 36582K->435K(78080K), 0.0002150 secs]
375.596: [GC (Allocation Failure) 35409K->435K(76928K), 0.0002190 secs]
375.789: [GC (Allocation Failure) 34237K->435K(75840K), 0.0002030 secs]
375.807: [GC (Allocation Failure) 33163K->435K(74752K), 0.0002170 secs]
375.821: [GC (Allocation Failure) 32089K->435K(73728K), 0.0002210 secs]
375.859: [GC (Allocation Failure) 31014K->435K(72768K), 0.0002290 secs]
375.877: [GC (Allocation Failure) 30038K->435K(71808K), 0.0002180 secs]
375.890: [GC (Allocation Failure) 29158K->435K(77568K), 0.0003970 secs]
375.912: [GC (Allocation Failure) 34921K->435K(84480K), 0.0002240 secs]
375.935: [GC (Allocation Failure) 41758K->435K(92800K), 0.0002020 secs]
375.961: [GC (Allocation Failure) 50162K->435K(102784K), 0.0002110 secs]
375.991: [GC (Allocation Failure) 60124K->435K(100480K), 0.0002030 secs]
376.020: [GC (Allocation Failure) 57780K->435K(98240K), 0.0002130 secs]
376.044: [GC (Allocation Failure) 55534K->435K(96128K), 0.0002160 secs]
376.067: [GC (Allocation Failure) 53483K->435K(94144K), 0.0002030 secs]
376.092: [GC (Allocation Failure) 51432K->435K(92224K), 0.0002060 secs]
376.164: [GC (Allocation Failure) 49572K->435K(90432K), 0.0002150 secs]
376.213: [GC (Allocation Failure) 47716K->435K(88704K), 0.0002140 secs]
376.233: [GC (Allocation Failure) 46056K->435K(87040K), 0.0002360 secs]
376.256: [GC (Allocation Failure) 44395K->435K(85440K), 0.0002000 secs]
376.414: [GC (Allocation Failure) 42735K->435K(83968K), 0.0002020 secs]
376.432: [GC (Allocation Failure) 41270K->435K(82560K), 0.0002160 secs]
376.464: [GC (Allocation Failure) 39902K->435K(81216K), 0.0002110 secs]
376.480: [GC (Allocation Failure) 38535K->435K(79936K), 0.0002720 secs]
376.537: [GC (Allocation Failure) 37265K->435K(78656K), 0.0002160 secs]
376.558: [GC (Allocation Failure) 35996K->435K(77440K), 0.0002150 secs]
376.589: [GC (Allocation Failure) 34726K->435K(76288K), 0.0002100 secs]
376.630: [GC (Allocation Failure) 33554K->435K(75200K), 0.0002190 secs]
376.661: [GC (Allocation Failure) 32479K->435K(74176K), 0.0002050 secs]
376.674: [GC (Allocation Failure) 31503K->435K(73152K), 0.0002010 secs]
376.688: [GC (Allocation Failure) 30428K->435K(72192K), 0.0002130 secs]
376.704: [GC (Allocation Failure) 29549K->435K(71296K), 0.0002040 secs]
376.716: [GC (Allocation Failure) 28572K->435K(76992K), 0.0002060 secs]
376.758: [GC (Allocation Failure) 34335K->435K(75904K), 0.0002140 secs]
376.776: [GC (Allocation Failure) 33261K->435K(74816K), 0.0002010 secs]
376.790: [GC (Allocation Failure) 32089K->435K(81216K), 0.0002250 secs]
376.810: [GC (Allocation Failure) 38535K->435K(79936K), 0.0002010 secs]
376.830: [GC (Allocation Failure) 37265K->435K(78656K), 0.0002140 secs]
376.846: [GC (Allocation Failure) 35996K->435K(85824K), 0.0002160 secs]
376.865: [GC (Allocation Failure) 43126K->435K(94400K), 0.0002810 secs]
376.915: [GC (Allocation Failure) 51725K->435K(92480K), 0.0002260 secs]
376.937: [GC (Allocation Failure) 49767K->435K(90624K), 0.0002200 secs]
376.961: [GC (Allocation Failure) 47911K->435K(88896K), 0.0002140 secs]
376.986: [GC (Allocation Failure) 46251K->435K(87232K), 0.0002180 secs]
377.006: [GC (Allocation Failure) 44591K->435K(85632K), 0.0002050 secs]
377.024: [GC (Allocation Failure) 42930K->435K(84096K), 0.0002060 secs]
377.042: [GC (Allocation Failure) 41367K->435K(82624K), 0.0002140 secs]
377.063: [GC (Allocation Failure) 39902K->435K(81280K), 0.0002040 secs]
377.083: [GC (Allocation Failure) 38633K->435K(80000K), 0.0002170 secs]
377.137: [GC (Allocation Failure) 37363K->435K(78720K), 0.0002290 secs]
377.157: [GC (Allocation Failure) 35996K->435K(77504K), 0.0002210 secs]
377.213: [GC (Allocation Failure) 34823K->435K(76352K), 0.0002160 secs]
377.228: [GC (Allocation Failure) 33651K->435K(75264K), 0.0002190 secs]
377.262: [GC (Allocation Failure) 32577K->435K(74240K), 0.0002150 secs]
377.280: [GC (Allocation Failure) 31600K->435K(73216K), 0.0002270 secs]
377.293: [GC (Allocation Failure) 30526K->435K(72256K), 0.0002020 secs]
377.310: [GC (Allocation Failure) 29549K->435K(71360K), 0.0002140 secs]
377.356: [GC (Allocation Failure) 28670K->435K(70464K), 0.0002140 secs]
377.372: [GC (Allocation Failure) 27791K->435K(69632K), 0.0002140 secs]
377.388: [GC (Allocation Failure) 26912K->435K(68864K), 0.0002100 secs]
377.404: [GC (Allocation Failure) 26131K->435K(74048K), 0.0002020 secs]
377.421: [GC (Allocation Failure) 31405K->435K(80256K), 0.0002120 secs]
377.438: [GC (Allocation Failure) 37558K->435K(87744K), 0.0002730 secs]
377.468: [GC (Allocation Failure) 45079K->435K(96704K), 0.0002410 secs]
377.493: [GC (Allocation Failure) 53971K->435K(94656K), 0.0002370 secs]
377.519: [GC (Allocation Failure) 52018K->435K(92736K), 0.0002110 secs]
377.540: [GC (Allocation Failure) 50064K->435K(90880K), 0.0002260 secs]
377.593: [GC (Allocation Failure) 48204K->435K(89152K), 0.0002220 secs]
377.618: [GC (Allocation Failure) 46446K->435K(87488K), 0.0002030 secs]
377.637: [GC (Allocation Failure) 44786K->435K(85888K), 0.0002700 secs]
377.664: [GC (Allocation Failure) 43223K->435K(84352K), 0.0002200 secs]
377.743: [GC (Allocation Failure) 41660K->435K(82880K), 0.0002280 secs]
377.765: [GC (Allocation Failure) 40195K->435K(81472K), 0.0002380 secs]
377.792: [GC (Allocation Failure) 38828K->435K(80128K), 0.0002100 secs]
377.861: [GC (Allocation Failure) 37461K->435K(78848K), 0.0002160 secs]
377.880: [GC (Allocation Failure) 36191K->435K(77632K), 0.0001990 secs]
377.914: [GC (Allocation Failure) 34921K->435K(76480K), 0.0002040 secs]
377.932: [GC (Allocation Failure) 33749K->435K(75392K), 0.0002040 secs]
377.946: [GC (Allocation Failure) 32675K->435K(74368K), 0.0002190 secs]
378.023: [GC (Allocation Failure) 31698K->435K(73344K), 0.0002070 secs]
378.112: [GC (Allocation Failure) 30624K->435K(72384K), 0.0003640 secs]
378.125: [GC (Allocation Failure) 29745K->435K(71488K), 0.0002310 secs]
378.142: [GC (Allocation Failure) 28768K->435K(70592K), 0.0002000 secs]
378.158: [GC (Allocation Failure) 27889K->435K(69760K), 0.0002120 secs]
378.192: [GC (Allocation Failure) 27107K->435K(68992K), 0.0003280 secs]
378.216: [GC (Allocation Failure) 26326K->435K(68224K), 0.0002170 secs]
378.231: [GC (Allocation Failure) 25545K->435K(67520K), 0.0002040 secs]
378.242: [GC (Allocation Failure) 24857K->435K(72448K), 0.0003240 secs]
378.258: [GC (Allocation Failure) 29745K->435K(78336K), 0.0002170 secs]
378.288: [GC (Allocation Failure) 35605K->435K(85440K), 0.0002170 secs]
378.306: [GC (Allocation Failure) 42735K->435K(93952K), 0.0002040 secs]
378.343: [GC (Allocation Failure) 51236K->435K(104128K), 0.0003240 secs]
378.424: [GC (Allocation Failure) 61394K->435K(101760K), 0.0002180 secs]
378.449: [GC (Allocation Failure) 59050K->435K(99520K), 0.0002160 secs]
378.474: [GC (Allocation Failure) 56804K->435K(97344K), 0.0002050 secs]
378.521: [GC (Allocation Failure) 54655K->435K(95296K), 0.0002160 secs]
378.544: [GC (Allocation Failure) 52604K->435K(93312K), 0.0002130 secs]
378.569: [GC (Allocation Failure) 50650K->435K(91456K), 0.0002090 secs]
378.640: [GC (Allocation Failure) 48791K->435K(89664K), 0.0002040 secs]
378.661: [GC (Allocation Failure) 46935K->435K(87936K), 0.0002710 secs]
378.719: [GC (Allocation Failure) 45274K->435K(86336K), 0.0002170 secs]
378.738: [GC (Allocation Failure) 43614K->435K(84800K), 0.0002150 secs]
378.764: [GC (Allocation Failure) 42149K->435K(83328K), 0.0002160 secs]
378.786: [GC (Allocation Failure) 40684K->435K(81920K), 0.0002100 secs]
378.813: [GC (Allocation Failure) 39219K->435K(80576K), 0.0002710 secs]
378.937: [GC (Allocation Failure) 37851K->435K(79296K), 0.0002170 secs]
379.000: [GC (Allocation Failure) 36582K->435K(78080K), 0.0002130 secs]
379.016: [GC (Allocation Failure) 35409K->435K(76928K), 0.0002070 secs]
379.065: [GC (Allocation Failure) 34237K->435K(75840K), 0.0002140 secs]
379.083: [GC (Allocation Failure) 33163K->435K(74752K), 0.0002140 secs]
379.098: [GC (Allocation Failure) 32089K->435K(73728K), 0.0002180 secs]
379.138: [GC (Allocation Failure) 31014K->435K(72768K), 0.0002060 secs]
379.210: [GC (Allocation Failure) 30038K->435K(71808K), 0.0002150 secs]
379.263: [GC (Allocation Failure) 29158K->435K(70912K), 0.0002140 secs]
379.276: [GC (Allocation Failure) 28182K->435K(76480K), 0.0003250 secs]
379.311: [GC (Allocation Failure) 33749K->435K(75392K), 0.0002060 secs]
379.339: [GC (Allocation Failure) 32675K->435K(74368K), 0.0002210 secs]
379.353: [GC (Allocation Failure) 31698K->435K(73344K), 0.0002030 secs]
379.395: [GC (Allocation Failure) 30624K->435K(72384K), 0.0002160 secs]
379.408: [GC (Allocation Failure) 29745K->435K(78272K), 0.0002810 secs]
379.496: [GC (Allocation Failure) 35605K->435K(77120K), 0.0002200 secs]
379.511: [GC (Allocation Failure) 34433K->435K(75968K), 0.0002180 secs]
379.566: [GC (Allocation Failure) 33261K->435K(74880K), 0.0002200 secs]
379.584: [GC (Allocation Failure) 32186K->435K(73856K), 0.0002070 secs]
379.602: [GC (Allocation Failure) 31210K->435K(72896K), 0.0002020 secs]
379.664: [GC (Allocation Failure) 30233K->435K(71936K), 0.0002050 secs]
379.681: [GC (Allocation Failure) 29256K->435K(71040K), 0.0002120 secs]
379.741: [GC (Allocation Failure) 28377K->435K(70208K), 0.0002120 secs]
379.757: [GC (Allocation Failure) 27498K->435K(69376K), 0.0002030 secs]
379.788: [GC (Allocation Failure) 26717K->435K(68608K), 0.0002040 secs]
379.804: [GC (Allocation Failure) 25935K->435K(67840K), 0.0002100 secs]
379.819: [GC (Allocation Failure) 25150K->435K(67136K), 0.0002310 secs]
379.829: [GC (Allocation Failure) 24466K->435K(72000K), 0.0002050 secs]
379.861: [GC (Allocation Failure) 29354K->435K(77824K), 0.0002260 secs]
379.876: [GC (Allocation Failure) 35116K->435K(84800K), 0.0002050 secs]
379.916: [GC (Allocation Failure) 42149K->435K(83328K), 0.0002290 secs]
379.938: [GC (Allocation Failure) 40684K->435K(81920K), 0.0002100 secs]
379.965: [GC (Allocation Failure) 39219K->435K(80576K), 0.0002050 secs]
380.114: [GC (Allocation Failure) 37851K->435K(79296K), 0.0002050 secs]
380.163: [GC (Allocation Failure) 36582K->435K(78080K), 0.0002160 secs]
380.179: [GC (Allocation Failure) 35409K->435K(76928K), 0.0001960 secs]
380.199: [GC (Allocation Failure) 34237K->435K(75840K), 0.0002320 secs]
380.214: [GC (Allocation Failure) 33163K->435K(74752K), 0.0002050 secs]
380.266: [GC (Allocation Failure) 32089K->435K(73728K), 0.0002250 secs]
380.283: [GC (Allocation Failure) 31014K->435K(72768K), 0.0002010 secs]
380.298: [GC (Allocation Failure) 30038K->435K(71808K), 0.0002310 secs]
380.414: [GC (Allocation Failure) 29158K->435K(70912K), 0.0002250 secs]
380.427: [GC (Allocation Failure) 28182K->435K(70080K), 0.0002220 secs]
380.443: [GC (Allocation Failure) 27400K->435K(69248K), 0.0002170 secs]
380.458: [GC (Allocation Failure) 26521K->435K(74496K), 0.0002120 secs]
380.476: [GC (Allocation Failure) 31796K->435K(80832K), 0.0002180 secs]
380.493: [GC (Allocation Failure) 38144K->435K(88384K), 0.0002030 secs]
380.513: [GC (Allocation Failure) 45665K->435K(97472K), 0.0002140 secs]
380.540: [GC (Allocation Failure) 54753K->435K(95424K), 0.0002150 secs]
380.567: [GC (Allocation Failure) 52701K->435K(93440K), 0.0002200 secs]
380.607: [GC (Allocation Failure) 50748K->435K(91584K), 0.0002300 secs]
380.628: [GC (Allocation Failure) 48888K->435K(89792K), 0.0002060 secs]
380.649: [GC (Allocation Failure) 47130K->435K(88064K), 0.0002130 secs]
380.673: [GC (Allocation Failure) 45372K->435K(86464K), 0.0003070 secs]
380.692: [GC (Allocation Failure) 43809K->435K(84928K), 0.0002090 secs]
380.739: [GC (Allocation Failure) 42247K->435K(83456K), 0.0002210 secs]
380.767: [GC (Allocation Failure) 40781K->435K(82048K), 0.0002770 secs]
380.820: [GC (Allocation Failure) 39316K->435K(80704K), 0.0002120 secs]
380.840: [GC (Allocation Failure) 38047K->435K(79424K), 0.0002040 secs]
380.856: [GC (Allocation Failure) 36777K->435K(78208K), 0.0002840 secs]
380.940: [GC (Allocation Failure) 35507K->435K(77056K), 0.0002310 secs]
380.959: [GC (Allocation Failure) 34335K->435K(75904K), 0.0002740 secs]
380.974: [GC (Allocation Failure) 33261K->435K(82496K), 0.0002280 secs]
380.991: [GC (Allocation Failure) 39805K->435K(90432K), 0.0002060 secs]
381.070: [GC (Allocation Failure) 47716K->435K(88704K), 0.0002150 secs]
381.090: [GC (Allocation Failure) 46056K->435K(87040K), 0.0002150 secs]
381.113: [GC (Allocation Failure) 44395K->435K(85440K), 0.0002010 secs]
381.136: [GC (Allocation Failure) 42735K->435K(83968K), 0.0002200 secs]
381.154: [GC (Allocation Failure) 41270K->435K(82560K), 0.0002030 secs]
381.267: [GC (Allocation Failure) 39902K->435K(81216K), 0.0002160 secs]
381.317: [GC (Allocation Failure) 38535K->435K(79936K), 0.0002100 secs]
381.366: [GC (Allocation Failure) 37265K->435K(78656K), 0.0002310 secs]
381.383: [GC (Allocation Failure) 35996K->435K(77440K), 0.0002150 secs]
381.398: [GC (Allocation Failure) 34726K->435K(76288K), 0.0002000 secs]
381.412: [GC (Allocation Failure) 33554K->435K(75200K), 0.0002040 secs]
381.430: [GC (Allocation Failure) 32479K->435K(74176K), 0.0002010 secs]
381.443: [GC (Allocation Failure) 31503K->435K(80448K), 0.0002170 secs]
381.464: [GC (Allocation Failure) 37754K->435K(87936K), 0.0002230 secs]
381.504: [GC (Allocation Failure) 45274K->435K(86336K), 0.0002140 secs]
381.523: [GC (Allocation Failure) 43614K->435K(84800K), 0.0002180 secs]
381.541: [GC (Allocation Failure) 42149K->435K(83328K), 0.0002040 secs]
381.562: [GC (Allocation Failure) 40684K->435K(81920K), 0.0002100 secs]
381.586: [GC (Allocation Failure) 39219K->435K(80576K), 0.0003220 secs]
381.617: [GC (Allocation Failure) 37851K->435K(79296K), 0.0002140 secs]
381.670: [GC (Allocation Failure) 36582K->435K(78080K), 0.0002110 secs]
381.685: [GC (Allocation Failure) 35409K->435K(76928K), 0.0002710 secs]
381.719: [GC (Allocation Failure) 34237K->435K(75840K), 0.0002120 secs]
381.737: [GC (Allocation Failure) 33163K->435K(74752K), 0.0002060 secs]
381.752: [GC (Allocation Failure) 32089K->435K(73728K), 0.0002170 secs]
381.794: [GC (Allocation Failure) 31014K->435K(72768K), 0.0002180 secs]
381.807: [GC (Allocation Failure) 30038K->435K(71808K), 0.0002080 secs]
381.867: [GC (Allocation Failure) 29158K->435K(70912K), 0.0002140 secs]
381.880: [GC (Allocation Failure) 28182K->435K(70080K), 0.0002200 secs]
381.916: [GC (Allocation Failure) 27400K->435K(69248K), 0.0002210 secs]
381.932: [GC (Allocation Failure) 26521K->435K(68480K), 0.0002320 secs]
381.962: [GC (Allocation Failure) 25838K->435K(67712K), 0.0002260 secs]
381.977: [GC (Allocation Failure) 25052K->435K(67008K), 0.0002110 secs]
382.111: [GC (Allocation Failure) 24369K->435K(66304K), 0.0003110 secs]
382.165: [GC (Allocation Failure) 23587K->435K(65664K), 0.0002010 secs]
382.179: [GC (Allocation Failure) 23001K->435K(65024K), 0.0002290 secs]
382.189: [GC (Allocation Failure) 22317K->435K(69440K), 0.0002630 secs]
382.213: [GC (Allocation Failure) 26717K->435K(74752K), 0.0002140 secs]
382.265: [GC (Allocation Failure) 32089K->435K(73728K), 0.0002040 secs]
382.334: [GC (Allocation Failure) 31014K->435K(72768K), 0.0002150 secs]
382.410: [GC (Allocation Failure) 30038K->435K(71808K), 0.0002240 secs]
382.422: [GC (Allocation Failure) 29158K->435K(70912K), 0.0002190 secs]
382.439: [GC (Allocation Failure) 28182K->435K(70080K), 0.0002030 secs]
382.451: [GC (Allocation Failure) 27400K->435K(75520K), 0.0002080 secs]
382.516: [GC (Allocation Failure) 32870K->435K(74496K), 0.0002230 secs]
382.529: [GC (Allocation Failure) 31796K->435K(73472K), 0.0002080 secs]
382.543: [GC (Allocation Failure) 30819K->435K(79552K), 0.0002050 secs]
382.559: [GC (Allocation Failure) 36875K->435K(86848K), 0.0002040 secs]
382.579: [GC (Allocation Failure) 44200K->435K(95616K), 0.0002170 secs]
382.616: [GC (Allocation Failure) 52897K->435K(93632K), 0.0002430 secs]
382.670: [GC (Allocation Failure) 50943K->435K(91776K), 0.0002740 secs]
382.707: [GC (Allocation Failure) 49084K->435K(89984K), 0.0002170 secs]
382.728: [GC (Allocation Failure) 47325K->435K(88256K), 0.0002200 secs]
382.752: [GC (Allocation Failure) 45567K->435K(86592K), 0.0002030 secs]
382.825: [GC (Allocation Failure) 43907K->435K(85056K), 0.0002030 secs]
382.847: [GC (Allocation Failure) 42344K->435K(83584K), 0.0002130 secs]
382.865: [GC (Allocation Failure) 40879K->435K(82176K), 0.0002170 secs]
382.886: [GC (Allocation Failure) 39512K->435K(80832K), 0.0002150 secs]
382.902: [GC (Allocation Failure) 38144K->435K(79552K), 0.0002370 secs]
382.918: [GC (Allocation Failure) 36875K->435K(86848K), 0.0002720 secs]
382.939: [GC (Allocation Failure) 44200K->435K(95616K), 0.0002160 secs]
383.009: [GC (Allocation Failure) 52897K->435K(93632K), 0.0002230 secs]
383.035: [GC (Allocation Failure) 50943K->435K(91776K), 0.0002170 secs]
383.056: [GC (Allocation Failure) 49084K->435K(89984K), 0.0002060 secs]
383.081: [GC (Allocation Failure) 47325K->435K(88256K), 0.0002160 secs]
383.102: [GC (Allocation Failure) 45567K->435K(86592K), 0.0002760 secs]
383.144: [GC (Allocation Failure) 43907K->435K(85056K), 0.0003290 secs]
383.167: [GC (Allocation Failure) 42344K->435K(83584K), 0.0002160 secs]
383.270: [GC (Allocation Failure) 40879K->435K(82176K), 0.0002160 secs]
383.291: [GC (Allocation Failure) 39512K->435K(80832K), 0.0002010 secs]
383.373: [GC (Allocation Failure) 38144K->435K(79552K), 0.0002760 secs]
383.393: [GC (Allocation Failure) 36875K->435K(78336K), 0.0002030 secs]
383.408: [GC (Allocation Failure) 35605K->435K(77184K), 0.0002190 secs]
383.423: [GC (Allocation Failure) 34530K->435K(76032K), 0.0002140 secs]
383.438: [GC (Allocation Failure) 33358K->435K(74944K), 0.0002030 secs]
383.453: [GC (Allocation Failure) 32284K->435K(81344K), 0.0002000 secs]
383.474: [GC (Allocation Failure) 38633K->435K(80000K), 0.0002110 secs]
383.490: [GC (Allocation Failure) 37363K->435K(87424K), 0.0003210 secs]
383.572: [GC (Allocation Failure) 44786K->435K(85824K), 0.0002160 secs]
383.626: [GC (Allocation Failure) 43126K->435K(84288K), 0.0002210 secs]
383.648: [GC (Allocation Failure) 41563K->435K(82816K), 0.0002100 secs]
383.674: [GC (Allocation Failure) 40098K->435K(81408K), 0.0002060 secs]
383.691: [GC (Allocation Failure) 38730K->435K(80064K), 0.0002170 secs]
383.711: [GC (Allocation Failure) 37363K->435K(78784K), 0.0002100 secs]
383.802: [GC (Allocation Failure) 36093K->435K(77568K), 0.0002170 secs]
383.822: [GC (Allocation Failure) 34921K->435K(76416K), 0.0002110 secs]
383.872: [GC (Allocation Failure) 33749K->435K(75328K), 0.0002040 secs]
383.887: [GC (Allocation Failure) 32675K->435K(74304K), 0.0002140 secs]
383.907: [GC (Allocation Failure) 31600K->435K(73280K), 0.0002250 secs]
383.920: [GC (Allocation Failure) 30624K->435K(72320K), 0.0002160 secs]
383.932: [GC (Allocation Failure) 29647K->435K(78208K), 0.0002190 secs]
383.973: [GC (Allocation Failure) 35507K->435K(77056K), 0.0002120 secs]
383.992: [GC (Allocation Failure) 34335K->435K(75904K), 0.0002010 secs]
384.006: [GC (Allocation Failure) 33261K->435K(82496K), 0.0003230 secs]
384.171: [GC (Allocation Failure) 39805K->435K(81152K), 0.0002250 secs]
384.188: [GC (Allocation Failure) 38437K->435K(79872K), 0.0002030 secs]
384.221: [GC (Allocation Failure) 37168K->435K(78656K), 0.0002340 secs]
384.273: [GC (Allocation Failure) 35996K->435K(77440K), 0.0002240 secs]
384.292: [GC (Allocation Failure) 34726K->435K(76288K), 0.0002140 secs]
384.311: [GC (Allocation Failure) 33554K->435K(75200K), 0.0002230 secs]
384.410: [GC (Allocation Failure) 32479K->435K(74176K), 0.0002240 secs]
384.424: [GC (Allocation Failure) 31503K->435K(73152K), 0.0002190 secs]
384.472: [GC (Allocation Failure) 30428K->435K(72192K), 0.0002260 secs]
384.485: [GC (Allocation Failure) 29549K->435K(71296K), 0.0002720 secs]
384.502: [GC (Allocation Failure) 28572K->435K(76992K), 0.0002160 secs]
384.521: [GC (Allocation Failure) 34335K->435K(75904K), 0.0002030 secs]
384.573: [GC (Allocation Failure) 33261K->435K(74816K), 0.0002150 secs]
384.587: [GC (Allocation Failure) 32089K->435K(73792K), 0.0002020 secs]
384.622: [GC (Allocation Failure) 31112K->435K(72832K), 0.0002140 secs]
384.635: [GC (Allocation Failure) 30135K->435K(78784K), 0.0002730 secs]
384.671: [GC (Allocation Failure) 36093K->435K(77568K), 0.0002180 secs]
384.720: [GC (Allocation Failure) 34921K->435K(76416K), 0.0002050 secs]
384.734: [GC (Allocation Failure) 33749K->435K(75328K), 0.0002030 secs]
384.819: [GC (Allocation Failure) 32675K->435K(74304K), 0.0002780 secs]
384.872: [GC (Allocation Failure) 31600K->435K(73280K), 0.0002130 secs]
384.890: [GC (Allocation Failure) 30624K->435K(72320K), 0.0002130 secs]
384.905: [GC (Allocation Failure) 29647K->435K(71424K), 0.0002260 secs]
384.918: [GC (Allocation Failure) 28768K->435K(77120K), 0.0002030 secs]
384.936: [GC (Allocation Failure) 34433K->435K(75968K), 0.0002000 secs]
384.951: [GC (Allocation Failure) 33261K->435K(82560K), 0.0002030 secs]
384.972: [GC (Allocation Failure) 39902K->435K(81216K), 0.0002130 secs]
384.993: [GC (Allocation Failure) 38535K->435K(79936K), 0.0002050 secs]
385.021: [GC (Allocation Failure) 37265K->435K(78656K), 0.0002060 secs]
385.071: [GC (Allocation Failure) 35996K->435K(77440K), 0.0002140 secs]
385.124: [GC (Allocation Failure) 34726K->435K(76288K), 0.0002140 secs]
385.143: [GC (Allocation Failure) 33554K->435K(75200K), 0.0002090 secs]
385.157: [GC (Allocation Failure) 32479K->435K(74176K), 0.0002190 secs]
385.175: [GC (Allocation Failure) 31503K->435K(73152K), 0.0002100 secs]
385.318: [GC (Allocation Failure) 30428K->435K(72192K), 0.0002720 secs]
385.372: [GC (Allocation Failure) 29549K->435K(71296K), 0.0002140 secs]
385.386: [GC (Allocation Failure) 28572K->435K(76992K), 0.0003450 secs]
385.401: [GC (Allocation Failure) 34335K->435K(83776K), 0.0002380 secs]
385.423: [GC (Allocation Failure) 41074K->435K(91968K), 0.0002240 secs]
385.481: [GC (Allocation Failure) 49279K->435K(90176K), 0.0002230 secs]
385.502: [GC (Allocation Failure) 47521K->435K(88448K), 0.0002060 secs]
385.526: [GC (Allocation Failure) 45763K->435K(86784K), 0.0002150 secs]
385.545: [GC (Allocation Failure) 44102K->435K(85248K), 0.0002280 secs]
385.563: [GC (Allocation Failure) 42540K->435K(83776K), 0.0002030 secs]
385.614: [GC (Allocation Failure) 41074K->435K(82368K), 0.0002260 secs]
385.635: [GC (Allocation Failure) 39707K->435K(81024K), 0.0002150 secs]
385.726: [GC (Allocation Failure) 38340K->435K(79744K), 0.0002050 secs]
385.746: [GC (Allocation Failure) 37070K->435K(78528K), 0.0002020 secs]
385.775: [GC (Allocation Failure) 35800K->435K(77312K), 0.0002080 secs]
385.790: [GC (Allocation Failure) 34628K->435K(76160K), 0.0002720 secs]
385.907: [GC (Allocation Failure) 33456K->435K(75072K), 0.0002040 secs]
385.935: [GC (Allocation Failure) 32382K->435K(74048K), 0.0002250 secs]
385.948: [GC (Allocation Failure) 31405K->435K(73088K), 0.0002040 secs]
386.023: [GC (Allocation Failure) 30428K->435K(72128K), 0.0002170 secs]
386.040: [GC (Allocation Failure) 29451K->435K(71232K), 0.0002300 secs]
386.069: [GC (Allocation Failure) 28572K->435K(70400K), 0.0002030 secs]
386.133: [GC (Allocation Failure) 27693K->435K(69568K), 0.0002280 secs]
386.149: [GC (Allocation Failure) 26912K->435K(68800K), 0.0003200 secs]
386.164: [GC (Allocation Failure) 26131K->435K(73984K), 0.0002170 secs]
386.178: [GC (Allocation Failure) 31307K->435K(80192K), 0.0002170 secs]
386.195: [GC (Allocation Failure) 37461K->435K(87616K), 0.0002040 secs]
386.214: [GC (Allocation Failure) 44884K->435K(96576K), 0.0002070 secs]
386.284: [GC (Allocation Failure) 53873K->435K(94528K), 0.0002230 secs]
386.306: [GC (Allocation Failure) 51822K->435K(92608K), 0.0002160 secs]
386.482: [GC (Allocation Failure) 49967K->435K(90752K), 0.0002120 secs]
386.503: [GC (Allocation Failure) 48107K->435K(89024K), 0.0002170 secs]
386.527: [GC (Allocation Failure) 46349K->435K(87360K), 0.0002030 secs]
386.550: [GC (Allocation Failure) 44688K->435K(85760K), 0.0002170 secs]
386.569: [GC (Allocation Failure) 43028K->435K(84224K), 0.0002140 secs]
386.589: [GC (Allocation Failure) 41563K->435K(82752K), 0.0002120 secs]
386.608: [GC (Allocation Failure) 40098K->435K(81344K), 0.0002020 secs]
386.666: [GC (Allocation Failure) 38633K->435K(80000K), 0.0002760 secs]
386.697: [GC (Allocation Failure) 37363K->435K(78720K), 0.0002150 secs]
386.713: [GC (Allocation Failure) 35996K->435K(77504K), 0.0002760 secs]
386.757: [GC (Allocation Failure) 34823K->435K(76352K), 0.0002120 secs]
386.771: [GC (Allocation Failure) 33651K->435K(75264K), 0.0002070 secs]
386.822: [GC (Allocation Failure) 32577K->435K(74240K), 0.0002050 secs]
386.846: [GC (Allocation Failure) 31600K->435K(73216K), 0.0002170 secs]
386.863: [GC (Allocation Failure) 30526K->435K(72256K), 0.0002020 secs]
386.877: [GC (Allocation Failure) 29549K->435K(78144K), 0.0002570 secs]
386.896: [GC (Allocation Failure) 35409K->435K(85184K), 0.0002120 secs]
386.918: [GC (Allocation Failure) 42540K->435K(83712K), 0.0002030 secs]
386.936: [GC (Allocation Failure) 41074K->435K(82304K), 0.0002210 secs]
386.953: [GC (Allocation Failure) 39609K->435K(90176K), 0.0002170 secs]
386.978: [GC (Allocation Failure) 47521K->435K(88448K), 0.0002130 secs]
387.078: [GC (Allocation Failure) 45763K->435K(86784K), 0.0002160 secs]
387.127: [GC (Allocation Failure) 44102K->435K(85248K), 0.0002120 secs]
387.145: [GC (Allocation Failure) 42540K->435K(83776K), 0.0002030 secs]
387.180: [GC (Allocation Failure) 41074K->435K(82368K), 0.0002150 secs]
387.197: [GC (Allocation Failure) 39707K->435K(81024K), 0.0002760 secs]
387.229: [GC (Allocation Failure) 38340K->435K(79744K), 0.0002280 secs]
387.248: [GC (Allocation Failure) 37070K->435K(78528K), 0.0002260 secs]
387.278: [GC (Allocation Failure) 35800K->435K(77312K), 0.0002230 secs]
387.294: [GC (Allocation Failure) 34628K->435K(84160K), 0.0003920 secs]
387.376: [GC (Allocation Failure) 41465K->435K(82688K), 0.0002140 secs]
387.394: [GC (Allocation Failure) 40000K->435K(81344K), 0.0002030 secs]
387.410: [GC (Allocation Failure) 38633K->435K(80000K), 0.0002080 secs]
387.430: [GC (Allocation Failure) 37363K->435K(78720K), 0.0002120 secs]
387.474: [GC (Allocation Failure) 35996K->435K(77504K), 0.0002280 secs]
387.493: [GC (Allocation Failure) 34823K->435K(76352K), 0.0002090 secs]
387.627: [GC (Allocation Failure) 33651K->435K(75264K), 0.0002050 secs]
387.645: [GC (Allocation Failure) 32577K->435K(74240K), 0.0002210 secs]
387.663: [GC (Allocation Failure) 31600K->435K(73216K), 0.0002090 secs]
387.676: [GC (Allocation Failure) 30526K->435K(72256K), 0.0002190 secs]
387.693: [GC (Allocation Failure) 29549K->435K(71360K), 0.0002020 secs]
387.709: [GC (Allocation Failure) 28670K->435K(77056K), 0.0002010 secs]
387.728: [GC (Allocation Failure) 34335K->435K(83904K), 0.0002280 secs]
387.750: [GC (Allocation Failure) 41172K->435K(82496K), 0.0002140 secs]
387.771: [GC (Allocation Failure) 39805K->435K(81152K), 0.0002000 secs]
387.809: [GC (Allocation Failure) 38437K->435K(79872K), 0.0002060 secs]
387.825: [GC (Allocation Failure) 37168K->435K(78656K), 0.0002140 secs]
387.845: [GC (Allocation Failure) 35996K->435K(77440K), 0.0002080 secs]
387.864: [GC (Allocation Failure) 34726K->435K(76288K), 0.0002010 secs]
387.882: [GC (Allocation Failure) 33554K->435K(75200K), 0.0002120 secs]
387.927: [GC (Allocation Failure) 32479K->435K(74176K), 0.0002080 secs]
387.941: [GC (Allocation Failure) 31503K->435K(73152K), 0.0002030 secs]
387.976: [GC (Allocation Failure) 30428K->435K(72192K), 0.0002200 secs]
387.989: [GC (Allocation Failure) 29549K->435K(78016K), 0.0003210 secs]
388.028: [GC (Allocation Failure) 35312K->435K(85056K), 0.0002410 secs]
388.051: [GC (Allocation Failure) 42344K->435K(83584K), 0.0002290 secs]
388.070: [GC (Allocation Failure) 40879K->435K(82176K), 0.0002150 secs]
388.091: [GC (Allocation Failure) 39512K->435K(80832K), 0.0002110 secs]
388.107: [GC (Allocation Failure) 38144K->435K(79552K), 0.0002050 secs]
388.123: [GC (Allocation Failure) 36875K->435K(86848K), 0.0002130 secs]
388.145: [GC (Allocation Failure) 44200K->435K(95616K), 0.0003270 secs]
388.175: [GC (Allocation Failure) 52897K->435K(93632K), 0.0002170 secs]
388.197: [GC (Allocation Failure) 50943K->435K(91776K), 0.0002010 secs]
388.222: [GC (Allocation Failure) 49084K->435K(89984K), 0.0002000 secs]
388.242: [GC (Allocation Failure) 47325K->435K(88256K), 0.0002130 secs]
388.266: [GC (Allocation Failure) 45567K->435K(86592K), 0.0002110 secs]
388.289: [GC (Allocation Failure) 43907K->435K(85056K), 0.0002120 secs]
388.310: [GC (Allocation Failure) 42344K->435K(83584K), 0.0002090 secs]
388.381: [GC (Allocation Failure) 40879K->435K(82176K), 0.0002190 secs]
388.399: [GC (Allocation Failure) 39512K->435K(80832K), 0.0003220 secs]
388.527: [GC (Allocation Failure) 38144K->435K(79552K), 0.0002140 secs]
388.542: [GC (Allocation Failure) 36875K->435K(78336K), 0.0002040 secs]
388.576: [GC (Allocation Failure) 35605K->435K(77184K), 0.0002030 secs]
388.608: [GC (Allocation Failure) 34530K->435K(76032K), 0.0002230 secs]
388.629: [GC (Allocation Failure) 33358K->435K(74944K), 0.0002140 secs]
388.643: [GC (Allocation Failure) 32284K->435K(73920K), 0.0002750 secs]
388.664: [GC (Allocation Failure) 31210K->435K(72960K), 0.0002240 secs]
388.681: [GC (Allocation Failure) 30233K->435K(72000K), 0.0002020 secs]
388.694: [GC (Allocation Failure) 29354K->435K(77824K), 0.0002300 secs]
388.709: [GC (Allocation Failure) 35116K->435K(84800K), 0.0002060 secs]
388.747: [GC (Allocation Failure) 42149K->435K(83328K), 0.0002270 secs]
388.766: [GC (Allocation Failure) 40684K->435K(81920K), 0.0002160 secs]
388.828: [GC (Allocation Failure) 39219K->435K(80576K), 0.0002160 secs]
388.881: [GC (Allocation Failure) 37851K->435K(79296K), 0.0002230 secs]
388.897: [GC (Allocation Failure) 36582K->435K(78080K), 0.0002040 secs]
388.916: [GC (Allocation Failure) 35409K->435K(76928K), 0.0002200 secs]
388.939: [GC (Allocation Failure) 34237K->435K(75840K), 0.0002220 secs]
388.958: [GC (Allocation Failure) 33163K->435K(74752K), 0.0002120 secs]
388.975: [GC (Allocation Failure) 32089K->435K(73728K), 0.0002450 secs]
388.988: [GC (Allocation Failure) 31014K->435K(79872K), 0.0002170 secs]
389.009: [GC (Allocation Failure) 37168K->435K(87232K), 0.0002140 secs]
389.030: [GC (Allocation Failure) 44591K->435K(96064K), 0.0002770 secs]
389.084: [GC (Allocation Failure) 53385K->435K(94080K), 0.0002170 secs]
389.116: [GC (Allocation Failure) 51432K->435K(92160K), 0.0002030 secs]
389.138: [GC (Allocation Failure) 49474K->435K(90368K), 0.0002730 secs]
389.185: [GC (Allocation Failure) 47716K->435K(88640K), 0.0002170 secs]
389.206: [GC (Allocation Failure) 45958K->435K(86976K), 0.0002740 secs]
389.234: [GC (Allocation Failure) 44298K->435K(85376K), 0.0002240 secs]
389.257: [GC (Allocation Failure) 42735K->435K(83904K), 0.0002110 secs]
389.283: [GC (Allocation Failure) 41172K->435K(82496K), 0.0002110 secs]
389.304: [GC (Allocation Failure) 39805K->435K(81152K), 0.0002320 secs]
389.328: [GC (Allocation Failure) 38437K->435K(79872K), 0.0003360 secs]
389.377: [GC (Allocation Failure) 37168K->435K(78656K), 0.0002160 secs]
389.397: [GC (Allocation Failure) 35996K->435K(77440K), 0.0002120 secs]
389.476: [GC (Allocation Failure) 34726K->435K(76288K), 0.0002160 secs]
389.530: [GC (Allocation Failure) 33554K->435K(75200K), 0.0002110 secs]
389.544: [GC (Allocation Failure) 32479K->435K(74176K), 0.0002270 secs]
389.561: [GC (Allocation Failure) 31503K->435K(73152K), 0.0002110 secs]
389.675: [GC (Allocation Failure) 30428K->435K(72192K), 0.0002760 secs]
389.729: [GC (Allocation Failure) 29549K->435K(71296K), 0.0002160 secs]
389.741: [GC (Allocation Failure) 28572K->435K(70400K), 0.0002290 secs]
389.753: [GC (Allocation Failure) 27693K->435K(69568K), 0.0002010 secs]
389.774: [GC (Allocation Failure) 26912K->435K(68800K), 0.0002100 secs]
389.808: [GC (Allocation Failure) 26131K->435K(68032K), 0.0002180 secs]
389.818: [GC (Allocation Failure) 25349K->435K(73024K), 0.0002060 secs]
389.904: [GC (Allocation Failure) 30331K->435K(72064K), 0.0002180 secs]
389.925: [GC (Allocation Failure) 29354K->435K(71168K), 0.0002290 secs]
389.938: [GC (Allocation Failure) 28475K->435K(76800K), 0.0002160 secs]
389.952: [GC (Allocation Failure) 34140K->435K(83584K), 0.0002250 secs]
390.030: [GC (Allocation Failure) 40879K->435K(82176K), 0.0002150 secs]
390.083: [GC (Allocation Failure) 39512K->435K(80832K), 0.0002130 secs]
390.099: [GC (Allocation Failure) 38144K->435K(79552K), 0.0002760 secs]
390.128: [GC (Allocation Failure) 36875K->435K(78336K), 0.0002140 secs]
390.147: [GC (Allocation Failure) 35605K->435K(77184K), 0.0002040 secs]
390.207: [GC (Allocation Failure) 34530K->435K(76032K), 0.0002180 secs]
390.231: [GC (Allocation Failure) 33358K->435K(74944K), 0.0002170 secs]
390.245: [GC (Allocation Failure) 32284K->435K(81344K), 0.0003240 secs]
390.283: [GC (Allocation Failure) 38633K->435K(80000K), 0.0003350 secs]
390.301: [GC (Allocation Failure) 37363K->435K(87424K), 0.0002420 secs]
390.324: [GC (Allocation Failure) 44786K->435K(85824K), 0.0002130 secs]
390.381: [GC (Allocation Failure) 43126K->435K(84288K), 0.0002150 secs]
390.530: [GC (Allocation Failure) 41563K->435K(82816K), 0.0002250 secs]
390.552: [GC (Allocation Failure) 40098K->435K(81408K), 0.0002150 secs]
390.600: [GC (Allocation Failure) 38730K->435K(80064K), 0.0002070 secs]
390.616: [GC (Allocation Failure) 37363K->435K(78784K), 0.0002780 secs]
390.662: [GC (Allocation Failure) 36093K->435K(77568K), 0.0002140 secs]
390.739: [GC (Allocation Failure) 34921K->435K(76416K), 0.0002270 secs]
390.758: [GC (Allocation Failure) 33749K->435K(75328K), 0.0002110 secs]
390.772: [GC (Allocation Failure) 32675K->435K(74304K), 0.0002200 secs]
390.786: [GC (Allocation Failure) 31600K->435K(73280K), 0.0002060 secs]
390.827: [GC (Allocation Failure) 30624K->435K(72320K), 0.0002160 secs]
390.843: [GC (Allocation Failure) 29647K->435K(71424K), 0.0002120 secs]
390.856: [GC (Allocation Failure) 28768K->435K(77120K), 0.0002220 secs]
390.928: [GC (Allocation Failure) 34433K->435K(75968K), 0.0002150 secs]
390.978: [GC (Allocation Failure) 33261K->435K(74880K), 0.0002040 secs]
391.011: [GC (Allocation Failure) 32186K->435K(73856K), 0.0002260 secs]
391.029: [GC (Allocation Failure) 31210K->435K(72896K), 0.0002150 secs]
391.105: [GC (Allocation Failure) 30233K->435K(71936K), 0.0002770 secs]
391.180: [GC (Allocation Failure) 29256K->435K(71040K), 0.0002140 secs]
391.192: [GC (Allocation Failure) 28377K->435K(70208K), 0.0002220 secs]
391.204: [GC (Allocation Failure) 27498K->435K(69376K), 0.0002040 secs]
391.225: [GC (Allocation Failure) 26717K->435K(68608K), 0.0002140 secs]
391.236: [GC (Allocation Failure) 25935K->435K(73728K), 0.0002040 secs]
391.281: [GC (Allocation Failure) 31014K->435K(72768K), 0.0002120 secs]
391.298: [GC (Allocation Failure) 30038K->435K(71808K), 0.0002020 secs]
391.310: [GC (Allocation Failure) 29158K->435K(77568K), 0.0002170 secs]
391.333: [GC (Allocation Failure) 34921K->435K(76416K), 0.0002090 secs]
391.352: [GC (Allocation Failure) 33749K->435K(83136K), 0.0002240 secs]
391.370: [GC (Allocation Failure) 40488K->435K(91200K), 0.0002190 secs]
391.394: [GC (Allocation Failure) 48498K->435K(89408K), 0.0002060 secs]
391.414: [GC (Allocation Failure) 46739K->435K(87744K), 0.0002140 secs]
391.487: [GC (Allocation Failure) 45079K->435K(86144K), 0.0002260 secs]
391.506: [GC (Allocation Failure) 43419K->435K(84608K), 0.0002170 secs]
391.532: [GC (Allocation Failure) 41953K->435K(83136K), 0.0002270 secs]
391.553: [GC (Allocation Failure) 40488K->435K(81728K), 0.0002230 secs]
391.581: [GC (Allocation Failure) 39023K->435K(80384K), 0.0002040 secs]
391.730: [GC (Allocation Failure) 37656K->435K(79104K), 0.0002260 secs]
391.749: [GC (Allocation Failure) 36386K->435K(77888K), 0.0002030 secs]
391.764: [GC (Allocation Failure) 35214K->435K(76736K), 0.0002130 secs]
391.783: [GC (Allocation Failure) 34042K->435K(75648K), 0.0002750 secs]
391.802: [GC (Allocation Failure) 32968K->435K(74560K), 0.0002140 secs]
391.815: [GC (Allocation Failure) 31893K->435K(80896K), 0.0002150 secs]
391.913: [GC (Allocation Failure) 38242K->435K(79616K), 0.0002400 secs]
391.930: [GC (Allocation Failure) 36972K->435K(78400K), 0.0002170 secs]
391.946: [GC (Allocation Failure) 35702K->435K(77248K), 0.0002140 secs]
392.030: [GC (Allocation Failure) 34530K->435K(76096K), 0.0002230 secs]
392.048: [GC (Allocation Failure) 33456K->435K(75008K), 0.0002150 secs]
392.062: [GC (Allocation Failure) 32284K->435K(73984K), 0.0002160 secs]
392.078: [GC (Allocation Failure) 31307K->435K(80192K), 0.0002160 secs]
392.135: [GC (Allocation Failure) 37461K->435K(78912K), 0.0002200 secs]
392.150: [GC (Allocation Failure) 36191K->435K(86080K), 0.0002750 secs]
392.215: [GC (Allocation Failure) 43419K->435K(84544K), 0.0002080 secs]
392.233: [GC (Allocation Failure) 41856K->435K(83072K), 0.0002080 secs]
392.287: [GC (Allocation Failure) 40391K->435K(81664K), 0.0002130 secs]
392.308: [GC (Allocation Failure) 39023K->435K(80320K), 0.0002150 secs]
392.328: [GC (Allocation Failure) 37656K->435K(79040K), 0.0002180 secs]
392.385: [GC (Allocation Failure) 36386K->435K(77824K), 0.0002810 secs]
392.404: [GC (Allocation Failure) 35116K->435K(76672K), 0.0002130 secs]
392.430: [GC (Allocation Failure) 33944K->435K(75584K), 0.0002180 secs]
392.580: [GC (Allocation Failure) 32870K->435K(74560K), 0.0002770 secs]
392.609: [GC (Allocation Failure) 31893K->435K(73536K), 0.0002210 secs]
392.666: [GC (Allocation Failure) 30819K->435K(72576K), 0.0002110 secs]
392.683: [GC (Allocation Failure) 29842K->435K(71680K), 0.0002030 secs]
392.695: [GC (Allocation Failure) 28963K->435K(70784K), 0.0002120 secs]
392.707: [GC (Allocation Failure) 28084K->435K(76352K), 0.0002030 secs]
392.734: [GC (Allocation Failure) 33651K->435K(75264K), 0.0002160 secs]
392.752: [GC (Allocation Failure) 32577K->435K(74240K), 0.0002120 secs]
392.770: [GC (Allocation Failure) 31600K->435K(73216K), 0.0002150 secs]
392.783: [GC (Allocation Failure) 30526K->435K(79296K), 0.0002770 secs]
392.886: [GC (Allocation Failure) 36582K->435K(78080K), 0.0002200 secs]
392.901: [GC (Allocation Failure) 35409K->435K(85120K), 0.0002710 secs]
392.938: [GC (Allocation Failure) 42442K->435K(83648K), 0.0002140 secs]
392.960: [GC (Allocation Failure) 40977K->435K(82240K), 0.0002050 secs]
392.977: [GC (Allocation Failure) 39512K->435K(90112K), 0.0002730 secs]
393.033: [GC (Allocation Failure) 47423K->435K(88384K), 0.0002840 secs]
393.057: [GC (Allocation Failure) 45665K->435K(86720K), 0.0002610 secs]
393.076: [GC (Allocation Failure) 44005K->435K(85184K), 0.0002160 secs]
393.094: [GC (Allocation Failure) 42540K->435K(83712K), 0.0002030 secs]
393.184: [GC (Allocation Failure) 41074K->435K(82304K), 0.0002630 secs]
393.210: [GC (Allocation Failure) 39609K->435K(80960K), 0.0002140 secs]
393.231: [GC (Allocation Failure) 38242K->435K(79680K), 0.0002030 secs]
393.247: [GC (Allocation Failure) 36972K->435K(78464K), 0.0002190 secs]
393.282: [GC (Allocation Failure) 35800K->435K(77312K), 0.0002160 secs]
393.336: [GC (Allocation Failure) 34628K->435K(76160K), 0.0002150 secs]
393.354: [GC (Allocation Failure) 33456K->435K(75072K), 0.0002060 secs]
393.372: [GC (Allocation Failure) 32382K->435K(74048K), 0.0002010 secs]
393.390: [GC (Allocation Failure) 31405K->435K(73088K), 0.0002100 secs]
393.408: [GC (Allocation Failure) 30428K->435K(72128K), 0.0002340 secs]
393.479: [GC (Allocation Failure) 29451K->435K(71232K), 0.0002070 secs]
393.579: [GC (Allocation Failure) 28572K->435K(70400K), 0.0002170 secs]
393.591: [GC (Allocation Failure) 27693K->435K(69568K), 0.0002040 secs]
393.733: [GC (Allocation Failure) 26912K->435K(68800K), 0.0002430 secs]
393.748: [GC (Allocation Failure) 26131K->435K(68032K), 0.0002040 secs]
393.763: [GC (Allocation Failure) 25349K->435K(67328K), 0.0002310 secs]
393.774: [GC (Allocation Failure) 24662K->435K(72192K), 0.0002060 secs]
393.790: [GC (Allocation Failure) 29549K->435K(78016K), 0.0002040 secs]
393.810: [GC (Allocation Failure) 35312K->435K(85056K), 0.0002200 secs]
393.833: [GC (Allocation Failure) 42344K->435K(83584K), 0.0002110 secs]
393.851: [GC (Allocation Failure) 40879K->435K(82176K), 0.0002150 secs]
393.888: [GC (Allocation Failure) 39512K->435K(80832K), 0.0002250 secs]
393.905: [GC (Allocation Failure) 38144K->435K(79552K), 0.0002090 secs]
394.037: [GC (Allocation Failure) 36875K->435K(78336K), 0.0002150 secs]
394.053: [GC (Allocation Failure) 35605K->435K(77184K), 0.0002130 secs]
394.068: [GC (Allocation Failure) 34530K->435K(76032K), 0.0002030 secs]
394.082: [GC (Allocation Failure) 33358K->435K(82624K), 0.0002730 secs]
394.135: [GC (Allocation Failure) 39902K->435K(81280K), 0.0002160 secs]
394.151: [GC (Allocation Failure) 38633K->435K(80000K), 0.0002050 secs]
394.171: [GC (Allocation Failure) 37363K->435K(78720K), 0.0002020 secs]
394.187: [GC (Allocation Failure) 35996K->435K(77504K), 0.0002050 secs]
394.206: [GC (Allocation Failure) 34823K->435K(76352K), 0.0002100 secs]
394.332: [GC (Allocation Failure) 33651K->435K(75264K), 0.0002770 secs]
394.382: [GC (Allocation Failure) 32577K->435K(74240K), 0.0002150 secs]
394.400: [GC (Allocation Failure) 31600K->435K(73216K), 0.0002710 secs]
394.413: [GC (Allocation Failure) 30526K->435K(72256K), 0.0002030 secs]
394.431: [GC (Allocation Failure) 29549K->435K(71360K), 0.0002270 secs]
394.443: [GC (Allocation Failure) 28670K->435K(77056K), 0.0002170 secs]
394.458: [GC (Allocation Failure) 34335K->435K(83904K), 0.0002130 secs]
394.486: [GC (Allocation Failure) 41172K->435K(92096K), 0.0002150 secs]
394.615: [GC (Allocation Failure) 49377K->435K(90304K), 0.0002200 secs]
394.636: [GC (Allocation Failure) 47618K->435K(88576K), 0.0002060 secs]
394.656: [GC (Allocation Failure) 45860K->435K(86912K), 0.0002110 secs]
394.696: [GC (Allocation Failure) 44200K->435K(85312K), 0.0002260 secs]
394.715: [GC (Allocation Failure) 42637K->435K(83840K), 0.0002060 secs]
394.733: [GC (Allocation Failure) 41172K->435K(82432K), 0.0002130 secs]
394.797: [GC (Allocation Failure) 39707K->435K(81088K), 0.0002230 secs]
394.817: [GC (Allocation Failure) 38437K->435K(79808K), 0.0002160 secs]
394.835: [GC (Allocation Failure) 37168K->435K(78592K), 0.0002140 secs]
394.884: [GC (Allocation Failure) 35898K->435K(77376K), 0.0002160 secs]
394.899: [GC (Allocation Failure) 34726K->435K(76224K), 0.0002050 secs]
394.983: [GC (Allocation Failure) 33554K->435K(75136K), 0.0002140 secs]
394.999: [GC (Allocation Failure) 32479K->435K(74112K), 0.0001890 secs]
395.032: [GC (Allocation Failure) 31405K->435K(73152K), 0.0002430 secs]
395.046: [GC (Allocation Failure) 30428K->435K(72192K), 0.0002070 secs]
395.115: [GC (Allocation Failure) 29549K->435K(71296K), 0.0002140 secs]
395.128: [GC (Allocation Failure) 28572K->435K(70400K), 0.0002190 secs]
395.181: [GC (Allocation Failure) 27693K->435K(69568K), 0.0002280 secs]
395.193: [GC (Allocation Failure) 26912K->435K(68800K), 0.0002030 secs]
395.235: [GC (Allocation Failure) 26131K->435K(68032K), 0.0002130 secs]
395.250: [GC (Allocation Failure) 25349K->435K(67328K), 0.0002390 secs]
395.280: [GC (Allocation Failure) 24662K->435K(66624K), 0.0002050 secs]
395.330: [GC (Allocation Failure) 23978K->435K(65984K), 0.0002140 secs]
395.340: [GC (Allocation Failure) 23294K->435K(65344K), 0.0002040 secs]
395.479: [GC (Allocation Failure) 22610K->435K(64704K), 0.0002160 secs]
395.488: [GC (Allocation Failure) 22024K->435K(69056K), 0.0002050 secs]
395.499: [GC (Allocation Failure) 26326K->435K(74304K), 0.0002160 secs]
395.513: [GC (Allocation Failure) 31600K->435K(80576K), 0.0002150 secs]
395.529: [GC (Allocation Failure) 37851K->435K(88128K), 0.0002140 secs]
395.549: [GC (Allocation Failure) 45470K->435K(97152K), 0.0002140 secs]
395.572: [GC (Allocation Failure) 54459K->435K(107968K), 0.0002050 secs]
395.604: [GC (Allocation Failure) 65301K->435K(105408K), 0.0002000 secs]
395.631: [GC (Allocation Failure) 62762K->435K(102976K), 0.0002040 secs]
395.747: [GC (Allocation Failure) 60320K->435K(100672K), 0.0002170 secs]
395.772: [GC (Allocation Failure) 57976K->435K(98432K), 0.0002160 secs]
395.799: [GC (Allocation Failure) 55729K->435K(96320K), 0.0003160 secs]
395.844: [GC (Allocation Failure) 53678K->435K(94336K), 0.0002220 secs]
395.866: [GC (Allocation Failure) 51627K->435K(92416K), 0.0002160 secs]
395.896: [GC (Allocation Failure) 49767K->435K(90560K), 0.0002220 secs]
395.917: [GC (Allocation Failure) 47911K->435K(88832K), 0.0002840 secs]
396.090: [GC (Allocation Failure) 46153K->435K(87168K), 0.0002050 secs]
396.140: [GC (Allocation Failure) 44493K->435K(85568K), 0.0002170 secs]
396.189: [GC (Allocation Failure) 42930K->435K(84032K), 0.0002750 secs]
396.218: [GC (Allocation Failure) 41367K->435K(82624K), 0.0002070 secs]
396.317: [GC (Allocation Failure) 39902K->435K(81280K), 0.0002090 secs]
396.387: [GC (Allocation Failure) 38633K->435K(80000K), 0.0002170 secs]
396.437: [GC (Allocation Failure) 37363K->435K(78720K), 0.0002150 secs]
396.452: [GC (Allocation Failure) 35996K->435K(77504K), 0.0002030 secs]
396.471: [GC (Allocation Failure) 34823K->435K(76352K), 0.0001980 secs]
396.539: [GC (Allocation Failure) 33651K->435K(75264K), 0.0002060 secs]
396.586: [GC (Allocation Failure) 32577K->435K(74240K), 0.0002150 secs]
396.633: [GC (Allocation Failure) 31600K->435K(73216K), 0.0002130 secs]
396.646: [GC (Allocation Failure) 30526K->435K(72256K), 0.0002720 secs]
396.671: [GC (Allocation Failure) 29549K->435K(71360K), 0.0002150 secs]
396.688: [GC (Allocation Failure) 28670K->435K(70464K), 0.0002240 secs]
396.733: [GC (Allocation Failure) 27791K->435K(69632K), 0.0002170 secs]
396.744: [GC (Allocation Failure) 26912K->435K(68864K), 0.0002150 secs]
396.786: [GC (Allocation Failure) 26131K->435K(68096K), 0.0002140 secs]
396.798: [GC (Allocation Failure) 25447K->435K(73152K), 0.0002290 secs]
396.811: [GC (Allocation Failure) 30428K->435K(79168K), 0.0002170 secs]
396.940: [GC (Allocation Failure) 36484K->435K(77952K), 0.0002240 secs]
396.959: [GC (Allocation Failure) 35312K->435K(76800K), 0.0002110 secs]
397.017: [GC (Allocation Failure) 34140K->435K(75712K), 0.0002190 secs]
397.031: [GC (Allocation Failure) 33065K->435K(74624K), 0.0002090 secs]
397.089: [GC (Allocation Failure) 31893K->435K(73600K), 0.0002150 secs]
397.103: [GC (Allocation Failure) 30917K->435K(72640K), 0.0002100 secs]
397.119: [GC (Allocation Failure) 29940K->435K(71744K), 0.0002110 secs]
397.238: [GC (Allocation Failure) 29061K->435K(70848K), 0.0002030 secs]
397.250: [GC (Allocation Failure) 28182K->435K(70016K), 0.0002310 secs]
397.262: [GC (Allocation Failure) 27303K->435K(75456K), 0.0002060 secs]
397.276: [GC (Allocation Failure) 32772K->435K(81984K), 0.0002160 secs]
397.392: [GC (Allocation Failure) 39316K->435K(80640K), 0.0002130 secs]
397.409: [GC (Allocation Failure) 37949K->435K(79360K), 0.0002170 secs]
397.425: [GC (Allocation Failure) 36679K->435K(78144K), 0.0002080 secs]
397.517: [GC (Allocation Failure) 35409K->435K(76992K), 0.0002080 secs]
397.532: [GC (Allocation Failure) 34335K->435K(75904K), 0.0002070 secs]
397.587: [GC (Allocation Failure) 33261K->435K(74816K), 0.0002070 secs]
397.636: [GC (Allocation Failure) 32089K->435K(73792K), 0.0002170 secs]
397.649: [GC (Allocation Failure) 31112K->435K(72832K), 0.0002050 secs]
397.685: [GC (Allocation Failure) 30135K->435K(71872K), 0.0002160 secs]
397.702: [GC (Allocation Failure) 29158K->435K(70976K), 0.0002020 secs]
397.718: [GC (Allocation Failure) 28279K->435K(70144K), 0.0002120 secs]
397.734: [GC (Allocation Failure) 27498K->435K(69312K), 0.0002230 secs]
397.745: [GC (Allocation Failure) 26619K->435K(74560K), 0.0002040 secs]
397.790: [GC (Allocation Failure) 31893K->435K(73536K), 0.0002240 secs]
397.807: [GC (Allocation Failure) 30819K->435K(72576K), 0.0002300 secs]
397.823: [GC (Allocation Failure) 29842K->435K(78528K), 0.0002100 secs]
397.838: [GC (Allocation Failure) 35800K->435K(85632K), 0.0002050 secs]
397.856: [GC (Allocation Failure) 42930K->435K(94144K), 0.0002060 secs]
397.882: [GC (Allocation Failure) 51432K->435K(92224K), 0.0002200 secs]
397.942: [GC (Allocation Failure) 49572K->435K(90432K), 0.0002150 secs]
397.966: [GC (Allocation Failure) 47716K->435K(88704K), 0.0002010 secs]
397.993: [GC (Allocation Failure) 46056K->435K(87040K), 0.0003210 secs]
398.092: [GC (Allocation Failure) 44395K->435K(85440K), 0.0002240 secs]
398.110: [GC (Allocation Failure) 42735K->435K(83968K), 0.0002040 secs]
398.194: [GC (Allocation Failure) 41270K->435K(82560K), 0.0003380 secs]
398.212: [GC (Allocation Failure) 39902K->435K(81216K), 0.0002260 secs]
398.240: [GC (Allocation Failure) 38535K->435K(79936K), 0.0004270 secs]
398.319: [GC (Allocation Failure) 37265K->435K(78656K), 0.0002080 secs]
398.338: [GC (Allocation Failure) 35996K->435K(77440K), 0.0002140 secs]
398.357: [GC (Allocation Failure) 34726K->435K(76288K), 0.0002210 secs]
398.392: [GC (Allocation Failure) 33554K->435K(75200K), 0.0002110 secs]
398.406: [GC (Allocation Failure) 32479K->435K(74176K), 0.0002190 secs]
398.424: [GC (Allocation Failure) 31503K->435K(73152K), 0.0002070 secs]
398.490: [GC (Allocation Failure) 30428K->435K(72192K), 0.0002220 secs]
398.503: [GC (Allocation Failure) 29549K->435K(78016K), 0.0003220 secs]
398.593: [GC (Allocation Failure) 35312K->435K(76864K), 0.0002400 secs]
398.609: [GC (Allocation Failure) 34140K->435K(75776K), 0.0002320 secs]
398.624: [GC (Allocation Failure) 33065K->435K(82368K), 0.0002150 secs]
398.641: [GC (Allocation Failure) 39707K->435K(90240K), 0.0002060 secs]
398.666: [GC (Allocation Failure) 47521K->435K(88512K), 0.0002230 secs]
398.697: [GC (Allocation Failure) 45860K->435K(86848K), 0.0002160 secs]
398.720: [GC (Allocation Failure) 44200K->435K(85312K), 0.0002130 secs]
398.753: [GC (Allocation Failure) 42637K->435K(83840K), 0.0002060 secs]
398.796: [GC (Allocation Failure) 41172K->435K(82432K), 0.0002160 secs]
398.813: [GC (Allocation Failure) 39707K->435K(81088K), 0.0002840 secs]
398.841: [GC (Allocation Failure) 38437K->435K(79808K), 0.0002280 secs]
398.909: [GC (Allocation Failure) 37168K->435K(78592K), 0.0002710 secs]
398.928: [GC (Allocation Failure) 35898K->435K(77376K), 0.0002130 secs]
398.947: [GC (Allocation Failure) 34726K->435K(76224K), 0.0002130 secs]
398.966: [GC (Allocation Failure) 33554K->435K(75136K), 0.0002010 secs]
398.980: [GC (Allocation Failure) 32479K->435K(74112K), 0.0002200 secs]
399.038: [GC (Allocation Failure) 31405K->435K(73152K), 0.0002300 secs]
399.051: [GC (Allocation Failure) 30428K->435K(72192K), 0.0002170 secs]
399.068: [GC (Allocation Failure) 29549K->435K(71296K), 0.0002120 secs]
399.091: [GC (Allocation Failure) 28572K->435K(70400K), 0.0002070 secs]
399.107: [GC (Allocation Failure) 27693K->435K(69568K), 0.0002070 secs]
399.122: [GC (Allocation Failure) 26912K->435K(74880K), 0.0002130 secs]
399.140: [GC (Allocation Failure) 32186K->435K(81280K), 0.0002170 secs]
399.162: [GC (Allocation Failure) 38633K->435K(80000K), 0.0002210 secs]
399.291: [GC (Allocation Failure) 37363K->435K(78720K), 0.0002150 secs]
399.310: [GC (Allocation Failure) 35996K->435K(77504K), 0.0002020 secs]
399.340: [GC (Allocation Failure) 34823K->435K(76352K), 0.0002140 secs]
399.389: [GC (Allocation Failure) 33651K->435K(75264K), 0.0002030 secs]
399.407: [GC (Allocation Failure) 32577K->435K(74240K), 0.0002090 secs]
399.521: [GC (Allocation Failure) 31600K->435K(73216K), 0.0002190 secs]
399.534: [GC (Allocation Failure) 30526K->435K(72256K), 0.0002050 secs]
399.551: [GC (Allocation Failure) 29549K->435K(71360K), 0.0002130 secs]
399.641: [GC (Allocation Failure) 28670K->435K(70464K), 0.0002060 secs]
399.653: [GC (Allocation Failure) 27791K->435K(69632K), 0.0002170 secs]
399.691: [GC (Allocation Failure) 26912K->435K(68864K), 0.0002430 secs]
399.707: [GC (Allocation Failure) 26131K->435K(68096K), 0.0002200 secs]
399.736: [GC (Allocation Failure) 25447K->435K(67392K), 0.0002630 secs]
399.782: [GC (Allocation Failure) 24662K->435K(66688K), 0.0002090 secs]
399.815: [GC (Allocation Failure) 23978K->435K(66048K), 0.0002160 secs]
399.830: [GC (Allocation Failure) 23392K->435K(65408K), 0.0002130 secs]
399.840: [GC (Allocation Failure) 22708K->435K(69888K), 0.0003320 secs]
399.887: [GC (Allocation Failure) 27205K->435K(75264K), 0.0002190 secs]
399.911: [GC (Allocation Failure) 32577K->435K(81728K), 0.0002130 secs]
399.947: [GC (Allocation Failure) 39023K->435K(80384K), 0.0002090 secs]
399.967: [GC (Allocation Failure) 37656K->435K(79104K), 0.0002100 secs]
399.983: [GC (Allocation Failure) 36386K->435K(77888K), 0.0002150 secs]
400.002: [GC (Allocation Failure) 35214K->435K(76736K), 0.0002210 secs]
400.144: [GC (Allocation Failure) 34042K->435K(75648K), 0.0002130 secs]
400.163: [GC (Allocation Failure) 32968K->435K(74560K), 0.0002170 secs]
400.177: [GC (Allocation Failure) 31893K->435K(73536K), 0.0002110 secs]
400.239: [GC (Allocation Failure) 30819K->435K(72576K), 0.0002160 secs]
400.252: [GC (Allocation Failure) 29842K->435K(71680K), 0.0002050 secs]
400.268: [GC (Allocation Failure) 28963K->435K(70784K), 0.0002120 secs]
400.285: [GC (Allocation Failure) 28084K->435K(76352K), 0.0002580 secs]
400.345: [GC (Allocation Failure) 33651K->435K(75264K), 0.0002230 secs]
400.363: [GC (Allocation Failure) 32577K->435K(74240K), 0.0002120 secs]
400.406: [GC (Allocation Failure) 31600K->435K(73216K), 0.0002270 secs]
400.423: [GC (Allocation Failure) 30526K->435K(72256K), 0.0002220 secs]
400.493: [GC (Allocation Failure) 29549K->435K(71360K), 0.0002210 secs]
400.510: [GC (Allocation Failure) 28670K->435K(70464K), 0.0002130 secs]
400.522: [GC (Allocation Failure) 27791K->435K(69632K), 0.0002140 secs]
400.533: [GC (Allocation Failure) 26912K->435K(74944K), 0.0002680 secs]
400.595: [GC (Allocation Failure) 32284K->435K(81344K), 0.0002180 secs]
400.615: [GC (Allocation Failure) 38633K->435K(89024K), 0.0002440 secs]
400.670: [GC (Allocation Failure) 46349K->435K(87360K), 0.0002090 secs]
400.693: [GC (Allocation Failure) 44688K->435K(85760K), 0.0002140 secs]
400.712: [GC (Allocation Failure) 43028K->435K(84224K), 0.0002320 secs]
400.730: [GC (Allocation Failure) 41563K->435K(82752K), 0.0002070 secs]
400.751: [GC (Allocation Failure) 40098K->435K(81344K), 0.0002030 secs]
400.772: [GC (Allocation Failure) 38633K->435K(80000K), 0.0002130 secs]
400.788: [GC (Allocation Failure) 37363K->435K(78720K), 0.0002150 secs]
400.846: [GC (Allocation Failure) 35996K->435K(77504K), 0.0002240 secs]
400.861: [GC (Allocation Failure) 34823K->435K(76352K), 0.0002050 secs]
400.907: [GC (Allocation Failure) 33651K->435K(75264K), 0.0002180 secs]
400.921: [GC (Allocation Failure) 32577K->435K(74240K), 0.0002030 secs]
400.935: [GC (Allocation Failure) 31600K->435K(73216K), 0.0002050 secs]
400.951: [GC (Allocation Failure) 30526K->435K(79296K), 0.0002100 secs]
400.997: [GC (Allocation Failure) 36582K->435K(78080K), 0.0002060 secs]
401.013: [GC (Allocation Failure) 35409K->435K(76928K), 0.0002080 secs]
401.032: [GC (Allocation Failure) 34237K->435K(75840K), 0.0002150 secs]
401.051: [GC (Allocation Failure) 33163K->435K(74752K), 0.0002050 secs]
401.065: [GC (Allocation Failure) 32089K->435K(81088K), 0.0002150 secs]
401.094: [GC (Allocation Failure) 38437K->435K(79808K), 0.0002150 secs]
401.114: [GC (Allocation Failure) 37168K->435K(78592K), 0.0002040 secs]
401.133: [GC (Allocation Failure) 35898K->435K(77376K), 0.0002020 secs]
401.152: [GC (Allocation Failure) 34726K->435K(76224K), 0.0002130 secs]
401.296: [GC (Allocation Failure) 33554K->435K(75136K), 0.0002200 secs]
401.310: [GC (Allocation Failure) 32479K->435K(81600K), 0.0003230 secs]
401.344: [GC (Allocation Failure) 38926K->435K(80256K), 0.0002260 secs]
401.364: [GC (Allocation Failure) 37558K->435K(78976K), 0.0002120 secs]
401.384: [GC (Allocation Failure) 36289K->435K(77760K), 0.0002110 secs]
401.416: [GC (Allocation Failure) 35116K->435K(76608K), 0.0002150 secs]
401.435: [GC (Allocation Failure) 33944K->435K(75520K), 0.0002120 secs]
401.542: [GC (Allocation Failure) 32870K->435K(74496K), 0.0002720 secs]
401.586: [GC (Allocation Failure) 31796K->435K(73472K), 0.0002130 secs]
401.604: [GC (Allocation Failure) 30819K->435K(72512K), 0.0002020 secs]
401.621: [GC (Allocation Failure) 29842K->435K(71616K), 0.0002120 secs]
401.694: [GC (Allocation Failure) 28963K->435K(70720K), 0.0002130 secs]
401.707: [GC (Allocation Failure) 27986K->435K(69888K), 0.0002180 secs]
401.740: [GC (Allocation Failure) 27205K->435K(69056K), 0.0002180 secs]
401.819: [GC (Allocation Failure) 26326K->435K(68288K), 0.0002770 secs]
401.840: [GC (Allocation Failure) 25642K->435K(67520K), 0.0002640 secs]
401.889: [GC (Allocation Failure) 24857K->435K(66816K), 0.0002360 secs]
401.922: [GC (Allocation Failure) 24173K->435K(66112K), 0.0002040 secs]
401.936: [GC (Allocation Failure) 23392K->435K(65472K), 0.0002240 secs]
401.950: [GC (Allocation Failure) 22806K->435K(64832K), 0.0002040 secs]
401.960: [GC (Allocation Failure) 22122K->435K(69184K), 0.0002800 secs]
401.972: [GC (Allocation Failure) 26521K->435K(74432K), 0.0002760 secs]
401.996: [GC (Allocation Failure) 31698K->435K(80704K), 0.0002200 secs]
402.016: [GC (Allocation Failure) 38047K->435K(88256K), 0.0002060 secs]
402.036: [GC (Allocation Failure) 45567K->435K(97344K), 0.0002160 secs]
402.059: [GC (Allocation Failure) 54655K->435K(108224K), 0.0002060 secs]
402.110: [GC (Allocation Failure) 65496K->435K(105664K), 0.0002130 secs]
402.137: [GC (Allocation Failure) 62957K->435K(103232K), 0.0002030 secs]
402.163: [GC (Allocation Failure) 60515K->435K(100864K), 0.0002070 secs]
402.188: [GC (Allocation Failure) 58171K->435K(98624K), 0.0002050 secs]
402.216: [GC (Allocation Failure) 55925K->435K(96512K), 0.0002140 secs]
402.241: [GC (Allocation Failure) 53873K->435K(94464K), 0.0002140 secs]
402.263: [GC (Allocation Failure) 51822K->435K(92544K), 0.0002030 secs]
402.288: [GC (Allocation Failure) 49867K->435K(90688K), 0.0002110 secs]
402.313: [GC (Allocation Failure) 48009K->435K(88960K), 0.0002090 secs]
402.337: [GC (Allocation Failure) 46251K->435K(87296K), 0.0002110 secs]
402.412: [GC (Allocation Failure) 44591K->435K(85696K), 0.0002780 secs]
402.502: [GC (Allocation Failure) 43028K->435K(84160K), 0.0002130 secs]
402.519: [GC (Allocation Failure) 41465K->435K(82688K), 0.0002190 secs]
402.537: [GC (Allocation Failure) 40000K->435K(81344K), 0.0002260 secs]
402.600: [GC (Allocation Failure) 38633K->435K(80000K), 0.0002190 secs]
402.617: [GC (Allocation Failure) 37363K->435K(78720K), 0.0002140 secs]
402.637: [GC (Allocation Failure) 35996K->435K(77504K), 0.0002160 secs]
402.652: [GC (Allocation Failure) 34823K->435K(76352K), 0.0002040 secs]
402.679: [GC (Allocation Failure) 33651K->435K(75264K), 0.0002230 secs]
402.698: [GC (Allocation Failure) 32577K->435K(74240K), 0.0002020 secs]
402.716: [GC (Allocation Failure) 31600K->435K(73216K), 0.0002250 secs]
402.730: [GC (Allocation Failure) 30526K->435K(79296K), 0.0002250 secs]
402.796: [GC (Allocation Failure) 36582K->435K(78080K), 0.0002040 secs]
402.845: [GC (Allocation Failure) 35409K->435K(76928K), 0.0002110 secs]
402.898: [GC (Allocation Failure) 34237K->435K(75840K), 0.0002190 secs]
402.917: [GC (Allocation Failure) 33163K->435K(74752K), 0.0002060 secs]
402.931: [GC (Allocation Failure) 32089K->435K(73728K), 0.0002330 secs]
403.023: [GC (Allocation Failure) 31014K->435K(72768K), 0.0002360 secs]
403.036: [GC (Allocation Failure) 30038K->435K(71808K), 0.0002040 secs]
403.052: [GC (Allocation Failure) 29158K->435K(77568K), 0.0002720 secs]
403.072: [GC (Allocation Failure) 34921K->435K(84480K), 0.0002200 secs]
403.094: [GC (Allocation Failure) 41758K->435K(83008K), 0.0002030 secs]
403.111: [GC (Allocation Failure) 40293K->435K(81600K), 0.0002310 secs]
403.130: [GC (Allocation Failure) 38926K->435K(80256K), 0.0002120 secs]
403.200: [GC (Allocation Failure) 37558K->435K(78976K), 0.0003490 secs]
403.218: [GC (Allocation Failure) 36289K->435K(77760K), 0.0002130 secs]
403.238: [GC (Allocation Failure) 35116K->435K(76608K), 0.0002020 secs]
403.339: [GC (Allocation Failure) 33944K->435K(75520K), 0.0002090 secs]
403.354: [GC (Allocation Failure) 32870K->435K(74496K), 0.0002130 secs]
403.398: [GC (Allocation Failure) 31796K->435K(73472K), 0.0002210 secs]
403.417: [GC (Allocation Failure) 30819K->435K(72512K), 0.0002840 secs]
403.443: [GC (Allocation Failure) 29842K->435K(71616K), 0.0002100 secs]
403.485: [GC (Allocation Failure) 28963K->435K(70720K), 0.0002770 secs]
403.522: [GC (Allocation Failure) 27986K->435K(69888K), 0.0002160 secs]
403.538: [GC (Allocation Failure) 27205K->435K(69056K), 0.0002060 secs]
403.553: [GC (Allocation Failure) 26326K->435K(68288K), 0.0002280 secs]
403.580: [GC (Allocation Failure) 25642K->435K(67520K), 0.0002820 secs]
403.595: [GC (Allocation Failure) 24857K->435K(72448K), 0.0002230 secs]
403.648: [GC (Allocation Failure) 29745K->435K(71552K), 0.0002230 secs]
403.664: [GC (Allocation Failure) 28865K->435K(70656K), 0.0002190 secs]
403.677: [GC (Allocation Failure) 27986K->435K(76224K), 0.0002270 secs]
403.692: [GC (Allocation Failure) 33554K->435K(82880K), 0.0002050 secs]
403.709: [GC (Allocation Failure) 40195K->435K(90880K), 0.0002020 secs]
403.730: [GC (Allocation Failure) 48204K->435K(100480K), 0.0002040 secs]
403.755: [GC (Allocation Failure) 57780K->435K(98240K), 0.0002160 secs]
403.781: [GC (Allocation Failure) 55534K->435K(96128K), 0.0002130 secs]
403.808: [GC (Allocation Failure) 53483K->435K(94144K), 0.0002210 secs]
403.907: [GC (Allocation Failure) 51432K->435K(92224K), 0.0002220 secs]
403.932: [GC (Allocation Failure) 49572K->435K(90432K), 0.0002110 secs]
403.952: [GC (Allocation Failure) 47716K->435K(88704K), 0.0002750 secs]
404.001: [GC (Allocation Failure) 46056K->435K(87040K), 0.0002120 secs]
404.024: [GC (Allocation Failure) 44395K->435K(85440K), 0.0002010 secs]
404.050: [GC (Allocation Failure) 42735K->435K(83968K), 0.0002140 secs]
404.071: [GC (Allocation Failure) 41270K->435K(82560K), 0.0002120 secs]
404.142: [GC (Allocation Failure) 39902K->435K(81216K), 0.0002220 secs]
404.159: [GC (Allocation Failure) 38535K->435K(79936K), 0.0002740 secs]
404.230: [GC (Allocation Failure) 37265K->435K(78656K), 0.0002170 secs]
404.246: [GC (Allocation Failure) 35996K->435K(77440K), 0.0002060 secs]
404.260: [GC (Allocation Failure) 34726K->435K(76288K), 0.0002030 secs]
404.275: [GC (Allocation Failure) 33554K->435K(75200K), 0.0002050 secs]
404.300: [GC (Allocation Failure) 32479K->435K(74176K), 0.0002110 secs]
404.314: [GC (Allocation Failure) 31503K->435K(80448K), 0.0002700 secs]
404.352: [GC (Allocation Failure) 37754K->435K(79168K), 0.0002240 secs]
404.372: [GC (Allocation Failure) 36484K->435K(77952K), 0.0002150 secs]
404.391: [GC (Allocation Failure) 35312K->435K(76800K), 0.0002200 secs]
404.497: [GC (Allocation Failure) 34140K->435K(75712K), 0.0002150 secs]
404.515: [GC (Allocation Failure) 33065K->435K(74624K), 0.0002010 secs]
404.591: [GC (Allocation Failure) 31893K->435K(73600K), 0.0002210 secs]
404.609: [GC (Allocation Failure) 30917K->435K(72640K), 0.0002060 secs]
404.623: [GC (Allocation Failure) 29940K->435K(71744K), 0.0002340 secs]
404.636: [GC (Allocation Failure) 29061K->435K(77504K), 0.0002170 secs]
404.655: [GC (Allocation Failure) 34823K->435K(84416K), 0.0002010 secs]
404.677: [GC (Allocation Failure) 41758K->435K(82944K), 0.0002110 secs]
404.695: [GC (Allocation Failure) 40293K->435K(81536K), 0.0002310 secs]
404.712: [GC (Allocation Failure) 38828K->435K(89280K), 0.0002020 secs]
404.753: [GC (Allocation Failure) 46642K->435K(87616K), 0.0002180 secs]
404.809: [GC (Allocation Failure) 44884K->435K(86016K), 0.0002240 secs]
404.828: [GC (Allocation Failure) 43321K->435K(84480K), 0.0002030 secs]
404.846: [GC (Allocation Failure) 41758K->435K(83008K), 0.0002010 secs]
404.867: [GC (Allocation Failure) 40293K->435K(81600K), 0.0002140 secs]
404.899: [GC (Allocation Failure) 38926K->435K(80256K), 0.0002150 secs]
404.919: [GC (Allocation Failure) 37558K->435K(78976K), 0.0002080 secs]
404.939: [GC (Allocation Failure) 36289K->435K(77760K), 0.0002120 secs]
404.958: [GC (Allocation Failure) 35116K->435K(76608K), 0.0002020 secs]
404.977: [GC (Allocation Failure) 33944K->435K(75520K), 0.0002180 secs]
404.992: [GC (Allocation Failure) 32870K->435K(74496K), 0.0002200 secs]
405.005: [GC (Allocation Failure) 31796K->435K(80832K), 0.0002040 secs]
405.026: [GC (Allocation Failure) 38144K->435K(88384K), 0.0002000 secs]
405.050: [GC (Allocation Failure) 45665K->435K(86720K), 0.0002100 secs]
405.069: [GC (Allocation Failure) 44005K->435K(85184K), 0.0002180 secs]
405.087: [GC (Allocation Failure) 42540K->435K(83712K), 0.0002140 secs]
405.151: [GC (Allocation Failure) 41074K->435K(82304K), 0.0002130 secs]
405.167: [GC (Allocation Failure) 39609K->435K(80960K), 0.0002030 secs]
405.184: [GC (Allocation Failure) 38242K->435K(79680K), 0.0002100 secs]
405.203: [GC (Allocation Failure) 36972K->435K(78464K), 0.0002160 secs]
405.336: [GC (Allocation Failure) 35800K->435K(77312K), 0.0002200 secs]
405.398: [GC (Allocation Failure) 34628K->435K(76160K), 0.0002230 secs]
405.418: [GC (Allocation Failure) 33456K->435K(75072K), 0.0002110 secs]
405.452: [GC (Allocation Failure) 32382K->435K(74048K), 0.0002200 secs]
405.470: [GC (Allocation Failure) 31405K->435K(73088K), 0.0002190 secs]
405.487: [GC (Allocation Failure) 30428K->435K(72128K), 0.0002110 secs]
405.541: [GC (Allocation Failure) 29451K->435K(71232K), 0.0002050 secs]
405.553: [GC (Allocation Failure) 28572K->435K(70400K), 0.0002150 secs]
405.636: [GC (Allocation Failure) 27693K->435K(69568K), 0.0002150 secs]
405.648: [GC (Allocation Failure) 26912K->435K(68800K), 0.0002150 secs]
405.659: [GC (Allocation Failure) 26131K->435K(73984K), 0.0002050 secs]
405.676: [GC (Allocation Failure) 31307K->435K(80192K), 0.0002140 secs]
405.697: [GC (Allocation Failure) 37461K->435K(87616K), 0.0002230 secs]
405.740: [GC (Allocation Failure) 44884K->435K(86016K), 0.0002260 secs]
405.759: [GC (Allocation Failure) 43321K->435K(94656K), 0.0002760 secs]
405.810: [GC (Allocation Failure) 52018K->435K(92736K), 0.0002140 secs]
405.833: [GC (Allocation Failure) 50064K->435K(90880K), 0.0002040 secs]
405.921: [GC (Allocation Failure) 48204K->435K(89152K), 0.0003300 secs]
405.945: [GC (Allocation Failure) 46446K->435K(87488K), 0.0002050 secs]
405.964: [GC (Allocation Failure) 44786K->435K(85888K), 0.0002140 secs]
405.985: [GC (Allocation Failure) 43223K->435K(84352K), 0.0002130 secs]
406.056: [GC (Allocation Failure) 41660K->435K(82880K), 0.0002250 secs]
406.077: [GC (Allocation Failure) 40195K->435K(81472K), 0.0002030 secs]
406.201: [GC (Allocation Failure) 38828K->435K(80128K), 0.0002770 secs]
406.255: [GC (Allocation Failure) 37461K->435K(78848K), 0.0002230 secs]
406.271: [GC (Allocation Failure) 36191K->435K(77632K), 0.0002190 secs]
406.286: [GC (Allocation Failure) 34921K->435K(76480K), 0.0002040 secs]
406.300: [GC (Allocation Failure) 33749K->435K(75392K), 0.0002150 secs]
406.339: [GC (Allocation Failure) 32675K->435K(74368K), 0.0002110 secs]
406.353: [GC (Allocation Failure) 31698K->435K(73344K), 0.0002150 secs]
406.366: [GC (Allocation Failure) 30624K->435K(79424K), 0.0002040 secs]
406.385: [GC (Allocation Failure) 36777K->435K(86720K), 0.0002110 secs]
406.415: [GC (Allocation Failure) 44005K->435K(85184K), 0.0002100 secs]
406.435: [GC (Allocation Failure) 42540K->435K(83712K), 0.0002100 secs]
406.453: [GC (Allocation Failure) 41074K->435K(82304K), 0.0002100 secs]
406.506: [GC (Allocation Failure) 39609K->435K(80960K), 0.0002190 secs]
406.527: [GC (Allocation Failure) 38242K->435K(79680K), 0.0002090 secs]
406.543: [GC (Allocation Failure) 36972K->435K(78464K), 0.0002180 secs]
406.596: [GC (Allocation Failure) 35800K->435K(77312K), 0.0002150 secs]
406.633: [GC (Allocation Failure) 34628K->435K(76160K), 0.0002320 secs]
406.648: [GC (Allocation Failure) 33456K->435K(82816K), 0.0003500 secs]
406.669: [GC (Allocation Failure) 40098K->435K(81408K), 0.0002230 secs]
406.806: [GC (Allocation Failure) 38730K->435K(80064K), 0.0002160 secs]
406.822: [GC (Allocation Failure) 37363K->435K(78784K), 0.0002190 secs]
406.838: [GC (Allocation Failure) 36093K->435K(77568K), 0.0002050 secs]
406.853: [GC (Allocation Failure) 34921K->435K(76416K), 0.0002040 secs]
406.900: [GC (Allocation Failure) 33749K->435K(75328K), 0.0002160 secs]
406.918: [GC (Allocation Failure) 32675K->435K(74304K), 0.0002010 secs]
406.936: [GC (Allocation Failure) 31600K->435K(73280K), 0.0002140 secs]
406.953: [GC (Allocation Failure) 30624K->435K(72320K), 0.0002210 secs]
406.970: [GC (Allocation Failure) 29647K->435K(71424K), 0.0002120 secs]
407.030: [GC (Allocation Failure) 28768K->435K(70528K), 0.0002080 secs]
407.046: [GC (Allocation Failure) 27889K->435K(69696K), 0.0002240 secs]
407.058: [GC (Allocation Failure) 27010K->435K(75072K), 0.0002160 secs]
407.100: [GC (Allocation Failure) 32382K->435K(74048K), 0.0002060 secs]
407.127: [GC (Allocation Failure) 31405K->435K(73088K), 0.0002170 secs]
407.140: [GC (Allocation Failure) 30428K->435K(72128K), 0.0002030 secs]
407.199: [GC (Allocation Failure) 29451K->435K(71232K), 0.0002150 secs]
407.215: [GC (Allocation Failure) 28572K->435K(70400K), 0.0002100 secs]
407.252: [GC (Allocation Failure) 27693K->435K(69568K), 0.0002070 secs]
407.268: [GC (Allocation Failure) 26912K->435K(68800K), 0.0002180 secs]
407.283: [GC (Allocation Failure) 26131K->435K(68032K), 0.0002130 secs]
407.301: [GC (Allocation Failure) 25349K->435K(67328K), 0.0002220 secs]
407.312: [GC (Allocation Failure) 24662K->435K(72192K), 0.0002260 secs]
407.329: [GC (Allocation Failure) 29549K->435K(78016K), 0.0002230 secs]
407.356: [GC (Allocation Failure) 35312K->435K(85056K), 0.0002190 secs]
407.378: [GC (Allocation Failure) 42344K->435K(83584K), 0.0002090 secs]
407.396: [GC (Allocation Failure) 40879K->435K(82176K), 0.0002200 secs]
407.417: [GC (Allocation Failure) 39512K->435K(80832K), 0.0002020 secs]
407.434: [GC (Allocation Failure) 38144K->435K(79552K), 0.0002090 secs]
407.450: [GC (Allocation Failure) 36875K->435K(86848K), 0.0002060 secs]
407.472: [GC (Allocation Failure) 44200K->435K(85312K), 0.0002130 secs]
407.505: [GC (Allocation Failure) 42637K->435K(83840K), 0.0002760 secs]
407.539: [GC (Allocation Failure) 41172K->435K(82432K), 0.0002180 secs]
407.658: [GC (Allocation Failure) 39707K->435K(81088K), 0.0002110 secs]
407.678: [GC (Allocation Failure) 38437K->435K(79808K), 0.0002030 secs]
407.695: [GC (Allocation Failure) 37168K->435K(78592K), 0.0002300 secs]
407.710: [GC (Allocation Failure) 35898K->435K(77376K), 0.0002030 secs]
407.725: [GC (Allocation Failure) 34726K->435K(76224K), 0.0002160 secs]
407.751: [GC (Allocation Failure) 33554K->435K(75136K), 0.0002150 secs]
407.769: [GC (Allocation Failure) 32479K->435K(74112K), 0.0002020 secs]
407.787: [GC (Allocation Failure) 31405K->435K(73152K), 0.0002020 secs]
407.804: [GC (Allocation Failure) 30428K->435K(72192K), 0.0002300 secs]
407.819: [GC (Allocation Failure) 29549K->435K(78016K), 0.0002210 secs]
407.834: [GC (Allocation Failure) 35312K->435K(85056K), 0.0002150 secs]
407.859: [GC (Allocation Failure) 42344K->435K(93504K), 0.0002140 secs]
407.881: [GC (Allocation Failure) 50846K->435K(91648K), 0.0002070 secs]
407.913: [GC (Allocation Failure) 48986K->435K(89856K), 0.0002400 secs]
407.933: [GC (Allocation Failure) 47130K->435K(88128K), 0.0002760 secs]
408.007: [GC (Allocation Failure) 45470K->435K(86528K), 0.0002250 secs]
408.030: [GC (Allocation Failure) 43809K->435K(84992K), 0.0002210 secs]
408.055: [GC (Allocation Failure) 42344K->435K(83520K), 0.0002040 secs]
408.077: [GC (Allocation Failure) 40879K->435K(82112K), 0.0002130 secs]
408.098: [GC (Allocation Failure) 39414K->435K(80768K), 0.0002130 secs]
408.137: [GC (Allocation Failure) 38047K->435K(79488K), 0.0002730 secs]
408.235: [GC (Allocation Failure) 36777K->435K(78272K), 0.0004410 secs]
408.251: [GC (Allocation Failure) 35605K->435K(77120K), 0.0002180 secs]
408.268: [GC (Allocation Failure) 34433K->435K(75968K), 0.0002030 secs]
408.311: [GC (Allocation Failure) 33261K->435K(74880K), 0.0003250 secs]
408.333: [GC (Allocation Failure) 32186K->435K(73856K), 0.0002170 secs]
408.351: [GC (Allocation Failure) 31210K->435K(72896K), 0.0002060 secs]
408.368: [GC (Allocation Failure) 30233K->435K(71936K), 0.0002300 secs]
408.384: [GC (Allocation Failure) 29256K->435K(71040K), 0.0002170 secs]
408.396: [GC (Allocation Failure) 28377K->435K(76672K), 0.0002140 secs]
408.411: [GC (Allocation Failure) 33944K->435K(83392K), 0.0002020 secs]
408.432: [GC (Allocation Failure) 40684K->435K(91456K), 0.0002230 secs]
408.459: [GC (Allocation Failure) 48791K->435K(89664K), 0.0002020 secs]
408.483: [GC (Allocation Failure) 46935K->435K(87936K), 0.0002730 secs]
408.507: [GC (Allocation Failure) 45274K->435K(86336K), 0.0002140 secs]
408.526: [GC (Allocation Failure) 43614K->435K(84800K), 0.0002120 secs]
408.544: [GC (Allocation Failure) 42149K->435K(83328K), 0.0002040 secs]
408.601: [GC (Allocation Failure) 40684K->435K(81920K), 0.0002140 secs]
408.622: [GC (Allocation Failure) 39219K->435K(80576K), 0.0002030 secs]
408.643: [GC (Allocation Failure) 37851K->435K(79296K), 0.0002110 secs]
408.666: [GC (Allocation Failure) 36582K->435K(78080K), 0.0002220 secs]
408.681: [GC (Allocation Failure) 35409K->435K(76928K), 0.0002040 secs]
408.700: [GC (Allocation Failure) 34237K->435K(75840K), 0.0002120 secs]
408.852: [GC (Allocation Failure) 33163K->435K(74752K), 0.0002800 secs]
408.902: [GC (Allocation Failure) 32089K->435K(73728K), 0.0002240 secs]
408.919: [GC (Allocation Failure) 31014K->435K(72768K), 0.0002730 secs]
408.937: [GC (Allocation Failure) 30038K->435K(71808K), 0.0002170 secs]
408.949: [GC (Allocation Failure) 29158K->435K(77568K), 0.0002070 secs]
408.964: [GC (Allocation Failure) 34921K->435K(84480K), 0.0002060 secs]
408.982: [GC (Allocation Failure) 41758K->435K(92800K), 0.0002020 secs]
409.004: [GC (Allocation Failure) 50162K->435K(90944K), 0.0002010 secs]
409.029: [GC (Allocation Failure) 48302K->435K(89216K), 0.0002350 secs]
409.113: [GC (Allocation Failure) 46544K->435K(87552K), 0.0002140 secs]
409.136: [GC (Allocation Failure) 44884K->435K(85952K), 0.0002050 secs]
409.155: [GC (Allocation Failure) 43223K->435K(84416K), 0.0002050 secs]
409.173: [GC (Allocation Failure) 41758K->435K(82944K), 0.0002130 secs]
409.194: [GC (Allocation Failure) 40293K->435K(81536K), 0.0002130 secs]
409.215: [GC (Allocation Failure) 38828K->435K(80192K), 0.0002030 secs]
409.235: [GC (Allocation Failure) 37461K->435K(78912K), 0.0002040 secs]
409.251: [GC (Allocation Failure) 36191K->435K(77696K), 0.0002140 secs]
409.270: [GC (Allocation Failure) 35019K->435K(76544K), 0.0002120 secs]
409.284: [GC (Allocation Failure) 33847K->435K(83264K), 0.0002080 secs]
409.302: [GC (Allocation Failure) 40586K->435K(91328K), 0.0002040 secs]
409.323: [GC (Allocation Failure) 48595K->435K(89536K), 0.0002100 secs]
409.409: [GC (Allocation Failure) 46837K->435K(87872K), 0.0002120 secs]
409.440: [GC (Allocation Failure) 45177K->435K(86272K), 0.0002050 secs]
409.458: [GC (Allocation Failure) 43614K->435K(84736K), 0.0002790 secs]
409.511: [GC (Allocation Failure) 42051K->435K(83264K), 0.0002140 secs]
409.533: [GC (Allocation Failure) 40586K->435K(81856K), 0.0002020 secs]
409.553: [GC (Allocation Failure) 39219K->435K(80512K), 0.0002220 secs]
409.710: [GC (Allocation Failure) 37851K->435K(79232K), 0.0002130 secs]
409.726: [GC (Allocation Failure) 36582K->435K(78016K), 0.0002710 secs]
409.755: [GC (Allocation Failure) 35312K->435K(76864K), 0.0002170 secs]
409.770: [GC (Allocation Failure) 34140K->435K(75776K), 0.0002060 secs]
409.795: [GC (Allocation Failure) 33065K->435K(74688K), 0.0002400 secs]
409.812: [GC (Allocation Failure) 31991K->435K(73664K), 0.0002110 secs]
409.857: [GC (Allocation Failure) 31014K->435K(72704K), 0.0002080 secs]
409.874: [GC (Allocation Failure) 30038K->435K(71808K), 0.0002080 secs]
409.887: [GC (Allocation Failure) 29158K->435K(77568K), 0.0002210 secs]
409.909: [GC (Allocation Failure) 34921K->435K(76416K), 0.0002140 secs]
409.928: [GC (Allocation Failure) 33749K->435K(75328K), 0.0002290 secs]
410.004: [GC (Allocation Failure) 32675K->435K(74304K), 0.0002150 secs]
410.018: [GC (Allocation Failure) 31600K->435K(73280K), 0.0002030 secs]
410.103: [GC (Allocation Failure) 30624K->435K(72320K), 0.0002140 secs]
410.116: [GC (Allocation Failure) 29647K->435K(71424K), 0.0002030 secs]
410.132: [GC (Allocation Failure) 28768K->435K(70528K), 0.0002010 secs]
410.148: [GC (Allocation Failure) 27889K->435K(69696K), 0.0002120 secs]
410.160: [GC (Allocation Failure) 27010K->435K(75072K), 0.0002070 secs]
410.174: [GC (Allocation Failure) 32382K->435K(81472K), 0.0002050 secs]
410.235: [GC (Allocation Failure) 38828K->435K(80128K), 0.0002180 secs]
410.255: [GC (Allocation Failure) 37461K->435K(78848K), 0.0002150 secs]
410.271: [GC (Allocation Failure) 36191K->435K(77632K), 0.0002060 secs]
410.333: [GC (Allocation Failure) 34921K->435K(76480K), 0.0002160 secs]
410.352: [GC (Allocation Failure) 33749K->435K(75392K), 0.0002760 secs]
410.366: [GC (Allocation Failure) 32675K->435K(81856K), 0.0002050 secs]
410.407: [GC (Allocation Failure) 39219K->435K(80512K), 0.0002040 secs]
410.541: [GC (Allocation Failure) 37851K->435K(79232K), 0.0002180 secs]
410.556: [GC (Allocation Failure) 36582K->435K(78016K), 0.0002160 secs]
410.571: [GC (Allocation Failure) 35312K->435K(76864K), 0.0002040 secs]
410.587: [GC (Allocation Failure) 34140K->435K(75776K), 0.0002030 secs]
410.605: [GC (Allocation Failure) 33065K->435K(82368K), 0.0002750 secs]
410.624: [GC (Allocation Failure) 39707K->435K(90240K), 0.0002180 secs]
410.658: [GC (Allocation Failure) 47521K->435K(88512K), 0.0002200 secs]
410.681: [GC (Allocation Failure) 45860K->435K(86848K), 0.0002100 secs]
410.701: [GC (Allocation Failure) 44200K->435K(85312K), 0.0002090 secs]
410.740: [GC (Allocation Failure) 42637K->435K(83840K), 0.0002250 secs]
410.758: [GC (Allocation Failure) 41172K->435K(82432K), 0.0001980 secs]
410.779: [GC (Allocation Failure) 39707K->435K(81088K), 0.0002740 secs]
410.799: [GC (Allocation Failure) 38437K->435K(79808K), 0.0002230 secs]
410.861: [GC (Allocation Failure) 37168K->435K(78592K), 0.0002220 secs]
410.881: [GC (Allocation Failure) 35898K->435K(77376K), 0.0002020 secs]
410.900: [GC (Allocation Failure) 34726K->435K(76224K), 0.0002280 secs]
410.919: [GC (Allocation Failure) 33554K->435K(75136K), 0.0002120 secs]
410.935: [GC (Allocation Failure) 32479K->435K(81600K), 0.0003240 secs]
410.962: [GC (Allocation Failure) 38926K->435K(89344K), 0.0002150 secs]
410.986: [GC (Allocation Failure) 46642K->435K(87680K), 0.0002030 secs]
411.006: [GC (Allocation Failure) 44981K->435K(96640K), 0.0002720 secs]
411.215: [GC (Allocation Failure) 53971K->435K(94592K), 0.0002250 secs]
411.237: [GC (Allocation Failure) 51920K->435K(92672K), 0.0002020 secs]
411.258: [GC (Allocation Failure) 49967K->435K(90816K), 0.0002050 secs]
411.317: [GC (Allocation Failure) 48107K->435K(89088K), 0.0002170 secs]
411.341: [GC (Allocation Failure) 46446K->435K(87424K), 0.0002020 secs]
411.362: [GC (Allocation Failure) 44786K->435K(85824K), 0.0002720 secs]
411.416: [GC (Allocation Failure) 43126K->435K(84288K), 0.0002420 secs]
411.439: [GC (Allocation Failure) 41563K->435K(82816K), 0.0002190 secs]
411.458: [GC (Allocation Failure) 40098K->435K(81408K), 0.0002170 secs]
411.478: [GC (Allocation Failure) 38730K->435K(80064K), 0.0002120 secs]
411.540: [GC (Allocation Failure) 37363K->435K(78784K), 0.0002040 secs]
411.559: [GC (Allocation Failure) 36093K->435K(77568K), 0.0002060 secs]
411.604: [GC (Allocation Failure) 34921K->435K(76416K), 0.0002310 secs]
411.619: [GC (Allocation Failure) 33749K->435K(75328K), 0.0002050 secs]
411.711: [GC (Allocation Failure) 32675K->435K(74304K), 0.0002180 secs]
411.729: [GC (Allocation Failure) 31600K->435K(73280K), 0.0002560 secs]
411.746: [GC (Allocation Failure) 30624K->435K(72320K), 0.0002110 secs]
411.763: [GC (Allocation Failure) 29647K->435K(71424K), 0.0002130 secs]
411.776: [GC (Allocation Failure) 28768K->435K(77120K), 0.0002720 secs]
411.793: [GC (Allocation Failure) 34433K->435K(83968K), 0.0002700 secs]
411.811: [GC (Allocation Failure) 41270K->435K(92160K), 0.0002060 secs]
411.843: [GC (Allocation Failure) 49474K->435K(90368K), 0.0002020 secs]
411.864: [GC (Allocation Failure) 47716K->435K(88640K), 0.0002170 secs]
411.887: [GC (Allocation Failure) 45958K->435K(86976K), 0.0002170 secs]
411.910: [GC (Allocation Failure) 44298K->435K(85376K), 0.0002140 secs]
411.932: [GC (Allocation Failure) 42735K->435K(83904K), 0.0002330 secs]
411.954: [GC (Allocation Failure) 41172K->435K(82496K), 0.0002130 secs]
411.975: [GC (Allocation Failure) 39805K->435K(81152K), 0.0002120 secs]
411.993: [GC (Allocation Failure) 38437K->435K(79872K), 0.0002100 secs]
412.009: [GC (Allocation Failure) 37168K->435K(78656K), 0.0002050 secs]
412.029: [GC (Allocation Failure) 35996K->435K(85824K), 0.0002560 secs]
412.062: [GC (Allocation Failure) 43126K->435K(84288K), 0.0002030 secs]
412.111: [GC (Allocation Failure) 41563K->435K(82816K), 0.0002140 secs]
412.164: [GC (Allocation Failure) 40098K->435K(81408K), 0.0002150 secs]
412.181: [GC (Allocation Failure) 38730K->435K(80064K), 0.0002040 secs]
412.309: [GC (Allocation Failure) 37363K->435K(78784K), 0.0002050 secs]
412.336: [GC (Allocation Failure) 36093K->435K(77568K), 0.0002160 secs]
412.351: [GC (Allocation Failure) 34921K->435K(76416K), 0.0002040 secs]
412.412: [GC (Allocation Failure) 33749K->435K(75328K), 0.0002240 secs]
412.426: [GC (Allocation Failure) 32675K->435K(74304K), 0.0002030 secs]
412.440: [GC (Allocation Failure) 31600K->435K(73280K), 0.0002110 secs]
412.597: [GC (Allocation Failure) 30624K->435K(72320K), 0.0002250 secs]
412.615: [GC (Allocation Failure) 29647K->435K(71424K), 0.0002620 secs]
412.634: [GC (Allocation Failure) 28768K->435K(70528K), 0.0002290 secs]
412.646: [GC (Allocation Failure) 27889K->435K(76032K), 0.0002440 secs]
412.661: [GC (Allocation Failure) 33358K->435K(82624K), 0.0002060 secs]
412.715: [GC (Allocation Failure) 39902K->435K(81280K), 0.0002130 secs]
412.736: [GC (Allocation Failure) 38633K->435K(80000K), 0.0002050 secs]
412.764: [GC (Allocation Failure) 37363K->435K(78720K), 0.0002030 secs]
412.779: [GC (Allocation Failure) 35996K->435K(77504K), 0.0002050 secs]
412.798: [GC (Allocation Failure) 34823K->435K(76352K), 0.0002130 secs]
412.812: [GC (Allocation Failure) 33651K->435K(83008K), 0.0002140 secs]
412.834: [GC (Allocation Failure) 40293K->435K(81600K), 0.0002030 secs]
412.850: [GC (Allocation Failure) 38926K->435K(80256K), 0.0002130 secs]
412.915: [GC (Allocation Failure) 37558K->435K(78976K), 0.0002130 secs]
412.934: [GC (Allocation Failure) 36289K->435K(77760K), 0.0002220 secs]
413.013: [GC (Allocation Failure) 35116K->435K(76608K), 0.0002100 secs]
413.033: [GC (Allocation Failure) 33944K->435K(75520K), 0.0002140 secs]
413.047: [GC (Allocation Failure) 32870K->435K(74496K), 0.0002220 secs]
413.136: [GC (Allocation Failure) 31796K->435K(73472K), 0.0002330 secs]
413.153: [GC (Allocation Failure) 30819K->435K(72512K), 0.0002240 secs]
413.212: [GC (Allocation Failure) 29842K->435K(71616K), 0.0002130 secs]
413.224: [GC (Allocation Failure) 28963K->435K(77376K), 0.0003270 secs]
413.264: [GC (Allocation Failure) 34726K->435K(84288K), 0.0003930 secs]
413.285: [GC (Allocation Failure) 41563K->435K(92544K), 0.0002150 secs]
413.306: [GC (Allocation Failure) 49867K->435K(90688K), 0.0002050 secs]
413.327: [GC (Allocation Failure) 48009K->435K(100224K), 0.0002710 secs]
413.371: [GC (Allocation Failure) 57585K->435K(98048K), 0.0002310 secs]
413.395: [GC (Allocation Failure) 55339K->435K(95936K), 0.0002010 secs]
413.468: [GC (Allocation Failure) 53287K->435K(93952K), 0.0002730 secs]
413.521: [GC (Allocation Failure) 51236K->435K(92032K), 0.0002170 secs]
413.546: [GC (Allocation Failure) 49377K->435K(90240K), 0.0002120 secs]
413.566: [GC (Allocation Failure) 47521K->435K(88512K), 0.0002690 secs]
413.619: [GC (Allocation Failure) 45860K->435K(86848K), 0.0002250 secs]
413.638: [GC (Allocation Failure) 44200K->435K(85312K), 0.0002140 secs]
413.664: [GC (Allocation Failure) 42637K->435K(83840K), 0.0002270 secs]
413.743: [GC (Allocation Failure) 41172K->435K(82432K), 0.0002120 secs]
413.760: [GC (Allocation Failure) 39707K->435K(81088K), 0.0002160 secs]
413.812: [GC (Allocation Failure) 38437K->435K(79808K), 0.0002060 secs]
413.843: [GC (Allocation Failure) 37168K->435K(78592K), 0.0002180 secs]
413.862: [GC (Allocation Failure) 35898K->435K(77376K), 0.0002130 secs]
413.908: [GC (Allocation Failure) 34726K->435K(76224K), 0.0002070 secs]
414.060: [GC (Allocation Failure) 33554K->435K(75136K), 0.0002180 secs]
414.114: [GC (Allocation Failure) 32479K->435K(74112K), 0.0002240 secs]
414.132: [GC (Allocation Failure) 31405K->435K(73152K), 0.0002230 secs]
414.163: [GC (Allocation Failure) 30428K->435K(72192K), 0.0002130 secs]
414.176: [GC (Allocation Failure) 29549K->435K(78016K), 0.0003250 secs]
414.215: [GC (Allocation Failure) 35312K->435K(76864K), 0.0002140 secs]
414.235: [GC (Allocation Failure) 34140K->435K(75776K), 0.0002040 secs]
414.338: [GC (Allocation Failure) 33065K->435K(74688K), 0.0002780 secs]
414.410: [GC (Allocation Failure) 31991K->435K(73664K), 0.0002180 secs]
414.428: [GC (Allocation Failure) 31014K->435K(72704K), 0.0002280 secs]
414.446: [GC (Allocation Failure) 30038K->435K(71808K), 0.0002380 secs]
414.513: [GC (Allocation Failure) 29158K->435K(70912K), 0.0002160 secs]
414.525: [GC (Allocation Failure) 28182K->435K(70080K), 0.0002040 secs]
414.596: [GC (Allocation Failure) 27400K->435K(69248K), 0.0002150 secs]
414.611: [GC (Allocation Failure) 26521K->435K(68480K), 0.0002260 secs]
414.623: [GC (Allocation Failure) 25838K->435K(73600K), 0.0002170 secs]
414.640: [GC (Allocation Failure) 30917K->435K(79744K), 0.0002120 secs]
414.677: [GC (Allocation Failure) 37070K->435K(78528K), 0.0002050 secs]
414.692: [GC (Allocation Failure) 35800K->435K(77312K), 0.0002150 secs]
414.711: [GC (Allocation Failure) 34628K->435K(76160K), 0.0002130 secs]
414.726: [GC (Allocation Failure) 33456K->435K(82816K), 0.0002200 secs]
414.765: [GC (Allocation Failure) 40098K->435K(81408K), 0.0002480 secs]
414.864: [GC (Allocation Failure) 38730K->435K(80064K), 0.0002310 secs]
414.884: [GC (Allocation Failure) 37363K->435K(78784K), 0.0002210 secs]
414.917: [GC (Allocation Failure) 36093K->435K(77568K), 0.0002840 secs]
414.936: [GC (Allocation Failure) 34921K->435K(76416K), 0.0002060 secs]
414.955: [GC (Allocation Failure) 33749K->435K(75328K), 0.0002020 secs]
414.969: [GC (Allocation Failure) 32675K->435K(74304K), 0.0002120 secs]
414.983: [GC (Allocation Failure) 31600K->435K(80576K), 0.0002130 secs]
414.999: [GC (Allocation Failure) 37851K->435K(88128K), 0.0002030 secs]
415.019: [GC (Allocation Failure) 45470K->435K(97152K), 0.0002030 secs]
415.043: [GC (Allocation Failure) 54459K->435K(95104K), 0.0002090 secs]
415.070: [GC (Allocation Failure) 52408K->435K(93120K), 0.0002160 secs]
415.096: [GC (Allocation Failure) 50455K->435K(91264K), 0.0002030 secs]
415.121: [GC (Allocation Failure) 48595K->435K(89472K), 0.0002040 secs]
415.145: [GC (Allocation Failure) 46739K->435K(87808K), 0.0002850 secs]
415.217: [GC (Allocation Failure) 45079K->435K(86208K), 0.0002180 secs]
415.266: [GC (Allocation Failure) 43516K->435K(84672K), 0.0002160 secs]
415.285: [GC (Allocation Failure) 41953K->435K(83200K), 0.0002160 secs]
415.319: [GC (Allocation Failure) 40488K->435K(81792K), 0.0002190 secs]
415.336: [GC (Allocation Failure) 39121K->435K(80448K), 0.0002170 secs]
415.356: [GC (Allocation Failure) 37754K->435K(79168K), 0.0002210 secs]
415.408: [GC (Allocation Failure) 36484K->435K(77952K), 0.0002870 secs]
415.445: [GC (Allocation Failure) 35312K->435K(76800K), 0.0002510 secs]
415.464: [GC (Allocation Failure) 34140K->435K(75712K), 0.0002340 secs]
415.479: [GC (Allocation Failure) 33065K->435K(74624K), 0.0002080 secs]
415.496: [GC (Allocation Failure) 31893K->435K(73600K), 0.0002030 secs]
415.510: [GC (Allocation Failure) 30917K->435K(79744K), 0.0002070 secs]
415.541: [GC (Allocation Failure) 37070K->435K(78528K), 0.0002050 secs]
415.617: [GC (Allocation Failure) 35800K->435K(77312K), 0.0002190 secs]
415.632: [GC (Allocation Failure) 34628K->435K(76160K), 0.0002150 secs]
415.648: [GC (Allocation Failure) 33456K->435K(75072K), 0.0002210 secs]
415.812: [GC (Allocation Failure) 32382K->435K(74048K), 0.0002170 secs]
415.825: [GC (Allocation Failure) 31405K->435K(73088K), 0.0002040 secs]
415.838: [GC (Allocation Failure) 30428K->435K(72128K), 0.0002040 secs]
415.851: [GC (Allocation Failure) 29451K->435K(77952K), 0.0002170 secs]
415.866: [GC (Allocation Failure) 35312K->435K(84928K), 0.0002040 secs]
415.921: [GC (Allocation Failure) 42247K->435K(83456K), 0.0002260 secs]
415.942: [GC (Allocation Failure) 40781K->435K(82048K), 0.0002140 secs]
415.959: [GC (Allocation Failure) 39316K->435K(80704K), 0.0002040 secs]
416.037: [GC (Allocation Failure) 38047K->435K(79424K), 0.0002350 secs]
416.052: [GC (Allocation Failure) 36777K->435K(78208K), 0.0002140 secs]
416.068: [GC (Allocation Failure) 35507K->435K(77056K), 0.0002080 secs]
416.082: [GC (Allocation Failure) 34335K->435K(83904K), 0.0002070 secs]
416.100: [GC (Allocation Failure) 41172K->435K(82496K), 0.0002010 secs]
416.170: [GC (Allocation Failure) 39805K->435K(81152K), 0.0002240 secs]
416.190: [GC (Allocation Failure) 38437K->435K(79872K), 0.0002220 secs]
416.219: [GC (Allocation Failure) 37168K->435K(78656K), 0.0002120 secs]
416.235: [GC (Allocation Failure) 35996K->435K(77440K), 0.0002040 secs]
416.250: [GC (Allocation Failure) 34726K->435K(76288K), 0.0002040 secs]
416.339: [GC (Allocation Failure) 33554K->435K(75200K), 0.0002250 secs]
416.415: [GC (Allocation Failure) 32479K->435K(74176K), 0.0002430 secs]
416.429: [GC (Allocation Failure) 31503K->435K(73152K), 0.0002640 secs]
416.466: [GC (Allocation Failure) 30428K->435K(72192K), 0.0002130 secs]
416.479: [GC (Allocation Failure) 29549K->435K(78016K), 0.0003240 secs]
416.519: [GC (Allocation Failure) 35312K->435K(85056K), 0.0003340 secs]
416.541: [GC (Allocation Failure) 42344K->435K(83584K), 0.0002070 secs]
416.559: [GC (Allocation Failure) 40879K->435K(82176K), 0.0002160 secs]
416.579: [GC (Allocation Failure) 39512K->435K(80832K), 0.0002160 secs]
416.596: [GC (Allocation Failure) 38144K->435K(79552K), 0.0002030 secs]
416.646: [GC (Allocation Failure) 36875K->435K(78336K), 0.0003370 secs]
416.663: [GC (Allocation Failure) 35605K->435K(77184K), 0.0002090 secs]
416.678: [GC (Allocation Failure) 34530K->435K(76032K), 0.0002050 secs]
416.741: [GC (Allocation Failure) 33358K->435K(74944K), 0.0002110 secs]
416.768: [GC (Allocation Failure) 32284K->435K(73920K), 0.0002220 secs]
416.785: [GC (Allocation Failure) 31210K->435K(72960K), 0.0002100 secs]
416.813: [GC (Allocation Failure) 30233K->435K(72000K), 0.0002740 secs]
416.909: [GC (Allocation Failure) 29354K->435K(71104K), 0.0002230 secs]
416.921: [GC (Allocation Failure) 28377K->435K(70272K), 0.0002180 secs]
416.937: [GC (Allocation Failure) 27596K->435K(69440K), 0.0002120 secs]
417.012: [GC (Allocation Failure) 26717K->435K(68672K), 0.0002780 secs]
417.065: [GC (Allocation Failure) 26033K->435K(67904K), 0.0002230 secs]
417.076: [GC (Allocation Failure) 25250K->435K(67200K), 0.0002190 secs]
417.111: [GC (Allocation Failure) 24466K->435K(66496K), 0.0002150 secs]
417.121: [GC (Allocation Failure) 23783K->435K(71232K), 0.0002160 secs]
417.263: [GC (Allocation Failure) 28572K->435K(70400K), 0.0002060 secs]
417.313: [GC (Allocation Failure) 27693K->435K(69568K), 0.0002260 secs]
417.324: [GC (Allocation Failure) 26912K->435K(68800K), 0.0002050 secs]
417.366: [GC (Allocation Failure) 26131K->435K(68032K), 0.0002250 secs]
417.381: [GC (Allocation Failure) 25349K->435K(67328K), 0.0002120 secs]
417.392: [GC (Allocation Failure) 24662K->435K(72192K), 0.0003210 secs]
417.442: [GC (Allocation Failure) 29549K->435K(78016K), 0.0002150 secs]
417.468: [GC (Allocation Failure) 35312K->435K(76864K), 0.0002190 secs]
417.516: [GC (Allocation Failure) 34140K->435K(75776K), 0.0002290 secs]
417.534: [GC (Allocation Failure) 33065K->435K(74688K), 0.0002150 secs]
417.551: [GC (Allocation Failure) 31991K->435K(73664K), 0.0002030 secs]
417.602: [GC (Allocation Failure) 31014K->435K(72704K), 0.0003240 secs]
417.663: [GC (Allocation Failure) 30038K->435K(71808K), 0.0002190 secs]
417.733: [GC (Allocation Failure) 29158K->435K(70912K), 0.0002150 secs]
417.817: [GC (Allocation Failure) 28182K->435K(70080K), 0.0002230 secs]
417.830: [GC (Allocation Failure) 27400K->435K(69248K), 0.0002190 secs]
417.842: [GC (Allocation Failure) 26521K->435K(68480K), 0.0002050 secs]
417.912: [GC (Allocation Failure) 25838K->435K(67712K), 0.0002170 secs]
417.927: [GC (Allocation Failure) 25052K->435K(67008K), 0.0002020 secs]
417.962: [GC (Allocation Failure) 24369K->435K(66304K), 0.0002740 secs]
418.019: [GC (Allocation Failure) 23587K->435K(65664K), 0.0002280 secs]
418.032: [GC (Allocation Failure) 23001K->435K(65024K), 0.0002240 secs]
418.042: [GC (Allocation Failure) 22317K->435K(69440K), 0.0002170 secs]
418.054: [GC (Allocation Failure) 26717K->435K(74752K), 0.0002010 secs]
418.115: [GC (Allocation Failure) 32089K->435K(73728K), 0.0002160 secs]
418.129: [GC (Allocation Failure) 31014K->435K(79872K), 0.0002040 secs]
418.149: [GC (Allocation Failure) 37168K->435K(87232K), 0.0002140 secs]
418.168: [GC (Allocation Failure) 44591K->435K(96064K), 0.0002170 secs]
418.195: [GC (Allocation Failure) 53385K->435K(94080K), 0.0002130 secs]
418.228: [GC (Allocation Failure) 51432K->435K(92160K), 0.0002170 secs]
418.249: [GC (Allocation Failure) 49474K->435K(90368K), 0.0002720 secs]
418.417: [GC (Allocation Failure) 47716K->435K(88640K), 0.0003240 secs]
418.436: [GC (Allocation Failure) 45958K->435K(86976K), 0.0002050 secs]
418.462: [GC (Allocation Failure) 44298K->435K(85376K), 0.0002290 secs]
418.481: [GC (Allocation Failure) 42735K->435K(83904K), 0.0002040 secs]
418.498: [GC (Allocation Failure) 41172K->435K(82496K), 0.0002140 secs]
418.516: [GC (Allocation Failure) 39805K->435K(81152K), 0.0002030 secs]
418.573: [GC (Allocation Failure) 38437K->435K(79872K), 0.0002230 secs]
418.590: [GC (Allocation Failure) 37168K->435K(78656K), 0.0002090 secs]
418.645: [GC (Allocation Failure) 35996K->435K(77440K), 0.0002130 secs]
418.671: [GC (Allocation Failure) 34726K->435K(76288K), 0.0002160 secs]
418.690: [GC (Allocation Failure) 33554K->435K(75200K), 0.0002040 secs]
418.747: [GC (Allocation Failure) 32479K->435K(74176K), 0.0002090 secs]
418.761: [GC (Allocation Failure) 31503K->435K(73152K), 0.0002410 secs]
418.774: [GC (Allocation Failure) 30428K->435K(79168K), 0.0002730 secs]
418.822: [GC (Allocation Failure) 36484K->435K(77952K), 0.0002150 secs]
418.841: [GC (Allocation Failure) 35312K->435K(76800K), 0.0002020 secs]
418.860: [GC (Allocation Failure) 34140K->435K(75712K), 0.0002020 secs]
418.875: [GC (Allocation Failure) 33065K->435K(74624K), 0.0002050 secs]
418.966: [GC (Allocation Failure) 31893K->435K(73600K), 0.0002040 secs]
419.020: [GC (Allocation Failure) 30917K->435K(72640K), 0.0002210 secs]
419.034: [GC (Allocation Failure) 29940K->435K(71744K), 0.0002250 secs]
419.070: [GC (Allocation Failure) 29061K->435K(70848K), 0.0002310 secs]
419.082: [GC (Allocation Failure) 28182K->435K(76416K), 0.0002730 secs]
419.098: [GC (Allocation Failure) 33749K->435K(83136K), 0.0002050 secs]
419.119: [GC (Allocation Failure) 40488K->435K(91200K), 0.0002110 secs]
419.274: [GC (Allocation Failure) 48498K->435K(89408K), 0.0002140 secs]
419.298: [GC (Allocation Failure) 46739K->435K(87744K), 0.0002030 secs]
419.372: [GC (Allocation Failure) 45079K->435K(86144K), 0.0002770 secs]
419.426: [GC (Allocation Failure) 43419K->435K(84608K), 0.0002240 secs]
419.448: [GC (Allocation Failure) 41953K->435K(83136K), 0.0002180 secs]
419.466: [GC (Allocation Failure) 40488K->435K(81728K), 0.0002160 secs]
419.483: [GC (Allocation Failure) 39023K->435K(80384K), 0.0002040 secs]
419.520: [GC (Allocation Failure) 37656K->435K(79104K), 0.0003200 secs]
419.569: [GC (Allocation Failure) 36386K->435K(77888K), 0.0002750 secs]
419.619: [GC (Allocation Failure) 35214K->435K(76736K), 0.0002140 secs]
419.637: [GC (Allocation Failure) 34042K->435K(75648K), 0.0002020 secs]
419.654: [GC (Allocation Failure) 32968K->435K(74560K), 0.0002040 secs]
419.668: [GC (Allocation Failure) 31893K->435K(73536K), 0.0002160 secs]
419.681: [GC (Allocation Failure) 30819K->435K(79680K), 0.0002150 secs]
419.720: [GC (Allocation Failure) 36972K->435K(78464K), 0.0002240 secs]
419.739: [GC (Allocation Failure) 35800K->435K(77312K), 0.0002220 secs]
419.787: [GC (Allocation Failure) 34628K->435K(76160K), 0.0002170 secs]
419.804: [GC (Allocation Failure) 33456K->435K(75072K), 0.0002020 secs]
419.822: [GC (Allocation Failure) 32382K->435K(74048K), 0.0002120 secs]
419.841: [GC (Allocation Failure) 31405K->435K(73088K), 0.0002160 secs]
419.858: [GC (Allocation Failure) 30428K->435K(72128K), 0.0002200 secs]
419.875: [GC (Allocation Failure) 29451K->435K(71232K), 0.0002260 secs]
419.905: [GC (Allocation Failure) 28572K->435K(70400K), 0.0002260 secs]
419.917: [GC (Allocation Failure) 27693K->435K(75904K), 0.0002710 secs]
419.935: [GC (Allocation Failure) 33261K->435K(82496K), 0.0002060 secs]
419.975: [GC (Allocation Failure) 39805K->435K(81152K), 0.0002220 secs]
419.995: [GC (Allocation Failure) 38437K->435K(79872K), 0.0002130 secs]
420.012: [GC (Allocation Failure) 37168K->435K(78656K), 0.0002060 secs]
420.170: [GC (Allocation Failure) 35996K->435K(77440K), 0.0002040 secs]
420.223: [GC (Allocation Failure) 34726K->435K(76288K), 0.0002110 secs]
420.243: [GC (Allocation Failure) 33554K->435K(75200K), 0.0002140 secs]
420.258: [GC (Allocation Failure) 32479K->435K(74176K), 0.0002190 secs]
420.275: [GC (Allocation Failure) 31503K->435K(73152K), 0.0002030 secs]
420.292: [GC (Allocation Failure) 30428K->435K(72192K), 0.0002140 secs]
420.305: [GC (Allocation Failure) 29549K->435K(78016K), 0.0002170 secs]
420.320: [GC (Allocation Failure) 35312K->435K(85056K), 0.0002020 secs]
420.339: [GC (Allocation Failure) 42344K->435K(93504K), 0.0002060 secs]
420.414: [GC (Allocation Failure) 50846K->435K(91648K), 0.0002050 secs]
420.465: [GC (Allocation Failure) 48986K->435K(89856K), 0.0002120 secs]
420.489: [GC (Allocation Failure) 47130K->435K(88128K), 0.0002140 secs]
420.513: [GC (Allocation Failure) 45470K->435K(86528K), 0.0002110 secs]
420.578: [GC (Allocation Failure) 43809K->435K(84992K), 0.0002020 secs]
420.601: [GC (Allocation Failure) 42344K->435K(83520K), 0.0002330 secs]
420.619: [GC (Allocation Failure) 40879K->435K(82112K), 0.0002060 secs]
420.664: [GC (Allocation Failure) 39414K->435K(80768K), 0.0002060 secs]
420.680: [GC (Allocation Failure) 38047K->435K(79488K), 0.0002040 secs]
420.725: [GC (Allocation Failure) 36777K->435K(78272K), 0.0002100 secs]
420.741: [GC (Allocation Failure) 35605K->435K(77120K), 0.0002030 secs]
420.774: [GC (Allocation Failure) 34433K->435K(75968K), 0.0002190 secs]
420.789: [GC (Allocation Failure) 33261K->435K(74880K), 0.0002130 secs]
420.803: [GC (Allocation Failure) 32186K->435K(73856K), 0.0002060 secs]
420.816: [GC (Allocation Failure) 31210K->435K(80064K), 0.0002030 secs]
420.875: [GC (Allocation Failure) 37363K->435K(78784K), 0.0002110 secs]
420.895: [GC (Allocation Failure) 36093K->435K(77568K), 0.0002020 secs]
420.936: [GC (Allocation Failure) 34921K->435K(76416K), 0.0003210 secs]
420.971: [GC (Allocation Failure) 33749K->435K(75328K), 0.0002310 secs]
420.989: [GC (Allocation Failure) 32675K->435K(74304K), 0.0002120 secs]
421.023: [GC (Allocation Failure) 31600K->435K(73280K), 0.0002010 secs]
421.042: [GC (Allocation Failure) 30624K->435K(72320K), 0.0002240 secs]
421.056: [GC (Allocation Failure) 29647K->435K(71424K), 0.0002030 secs]
421.118: [GC (Allocation Failure) 28768K->435K(70528K), 0.0002750 secs]
421.136: [GC (Allocation Failure) 27889K->435K(69696K), 0.0002120 secs]
421.148: [GC (Allocation Failure) 27010K->435K(75072K), 0.0003260 secs]
421.170: [GC (Allocation Failure) 32382K->435K(81472K), 0.0002300 secs]
421.187: [GC (Allocation Failure) 38828K->435K(89152K), 0.0002040 secs]
421.227: [GC (Allocation Failure) 46446K->435K(87488K), 0.0002280 secs]
421.250: [GC (Allocation Failure) 44786K->435K(85888K), 0.0002020 secs]
421.275: [GC (Allocation Failure) 43223K->435K(84352K), 0.0002050 secs]
421.324: [GC (Allocation Failure) 41660K->435K(82880K), 0.0002750 secs]
421.378: [GC (Allocation Failure) 40195K->435K(81472K), 0.0002210 secs]
421.398: [GC (Allocation Failure) 38828K->435K(80128K), 0.0002010 secs]
421.422: [GC (Allocation Failure) 37461K->435K(78848K), 0.0002260 secs]
421.443: [GC (Allocation Failure) 36191K->435K(77632K), 0.0002180 secs]
421.468: [GC (Allocation Failure) 34921K->435K(76480K), 0.0002090 secs]
421.487: [GC (Allocation Failure) 33749K->435K(75392K), 0.0002050 secs]
421.539: [GC (Allocation Failure) 32675K->435K(74368K), 0.0002220 secs]
421.553: [GC (Allocation Failure) 31698K->435K(73344K), 0.0002700 secs]
421.585: [GC (Allocation Failure) 30624K->435K(72384K), 0.0002130 secs]
421.598: [GC (Allocation Failure) 29745K->435K(78272K), 0.0002310 secs]
421.618: [GC (Allocation Failure) 35605K->435K(77120K), 0.0002020 secs]
421.633: [GC (Allocation Failure) 34433K->435K(83968K), 0.0002160 secs]
421.654: [GC (Allocation Failure) 41270K->435K(82560K), 0.0002090 secs]
421.674: [GC (Allocation Failure) 39902K->435K(90496K), 0.0002740 secs]
421.727: [GC (Allocation Failure) 47814K->435K(88768K), 0.0002260 secs]
421.747: [GC (Allocation Failure) 46056K->435K(87104K), 0.0002060 secs]
421.770: [GC (Allocation Failure) 44395K->435K(85504K), 0.0002140 secs]
421.789: [GC (Allocation Failure) 42833K->435K(83968K), 0.0002050 secs]
421.810: [GC (Allocation Failure) 41270K->435K(82560K), 0.0002100 secs]
421.874: [GC (Allocation Failure) 39902K->435K(81216K), 0.0002160 secs]
421.909: [GC (Allocation Failure) 38535K->435K(79936K), 0.0002020 secs]
421.937: [GC (Allocation Failure) 37265K->435K(78656K), 0.0002150 secs]
421.972: [GC (Allocation Failure) 35996K->435K(77440K), 0.0002050 secs]
422.022: [GC (Allocation Failure) 34726K->435K(76288K), 0.0002060 secs]
422.135: [GC (Allocation Failure) 33554K->435K(75200K), 0.0002160 secs]
422.221: [GC (Allocation Failure) 32479K->435K(74176K), 0.0002130 secs]
422.251: [GC (Allocation Failure) 31503K->435K(73152K), 0.0002180 secs]
422.268: [GC (Allocation Failure) 30428K->435K(72192K), 0.0002150 secs]
422.281: [GC (Allocation Failure) 29549K->435K(71296K), 0.0002060 secs]
422.324: [GC (Allocation Failure) 28572K->435K(70400K), 0.0002220 secs]
422.340: [GC (Allocation Failure) 27693K->435K(69568K), 0.0002100 secs]
422.473: [GC (Allocation Failure) 26912K->435K(68800K), 0.0002130 secs]
422.488: [GC (Allocation Failure) 26131K->435K(68032K), 0.0002400 secs]
422.568: [GC (Allocation Failure) 25349K->435K(67328K), 0.0002180 secs]
422.583: [GC (Allocation Failure) 24662K->435K(66624K), 0.0002030 secs]
422.615: [GC (Allocation Failure) 23978K->435K(65984K), 0.0002020 secs]
422.625: [GC (Allocation Failure) 23294K->435K(65344K), 0.0002130 secs]
422.636: [GC (Allocation Failure) 22610K->435K(69824K), 0.0001950 secs]
422.656: [GC (Allocation Failure) 27107K->435K(75200K), 0.0002310 secs]
422.671: [GC (Allocation Failure) 32479K->435K(81664K), 0.0002230 secs]
422.738: [GC (Allocation Failure) 39023K->435K(80320K), 0.0002230 secs]
422.754: [GC (Allocation Failure) 37656K->435K(79040K), 0.0002100 secs]
422.828: [GC (Allocation Failure) 36386K->435K(77824K), 0.0002240 secs]
422.847: [GC (Allocation Failure) 35116K->435K(76672K), 0.0002150 secs]
422.873: [GC (Allocation Failure) 33944K->435K(75584K), 0.0002050 secs]
422.907: [GC (Allocation Failure) 32870K->435K(74560K), 0.0002150 secs]
422.925: [GC (Allocation Failure) 31893K->435K(73536K), 0.0002180 secs]
423.022: [GC (Allocation Failure) 30819K->435K(72576K), 0.0002060 secs]
423.071: [GC (Allocation Failure) 29842K->435K(71680K), 0.0002270 secs]
423.084: [GC (Allocation Failure) 28963K->435K(70784K), 0.0002190 secs]
423.133: [GC (Allocation Failure) 28084K->435K(69952K), 0.0002060 secs]
423.170: [GC (Allocation Failure) 27303K->435K(69120K), 0.0002760 secs]
423.220: [GC (Allocation Failure) 26424K->435K(68352K), 0.0002070 secs]
423.324: [GC (Allocation Failure) 25642K->435K(67584K), 0.0002200 secs]
423.334: [GC (Allocation Failure) 24857K->435K(66880K), 0.0002050 secs]
423.403: [GC (Allocation Failure) 24173K->435K(66176K), 0.0002620 secs]
423.423: [GC (Allocation Failure) 23490K->435K(65536K), 0.0003680 secs]
423.434: [GC (Allocation Failure) 22806K->435K(70080K), 0.0002670 secs]
423.448: [GC (Allocation Failure) 27400K->435K(75520K), 0.0002190 secs]
423.466: [GC (Allocation Failure) 32870K->435K(82048K), 0.0002280 secs]
423.533: [GC (Allocation Failure) 39316K->435K(80704K), 0.0002040 secs]
423.625: [GC (Allocation Failure) 38047K->435K(79424K), 0.0002160 secs]
423.645: [GC (Allocation Failure) 36777K->435K(78208K), 0.0002030 secs]
423.664: [GC (Allocation Failure) 35507K->435K(77056K), 0.0002180 secs]
423.683: [GC (Allocation Failure) 34335K->435K(75904K), 0.0002200 secs]
423.698: [GC (Allocation Failure) 33261K->435K(82496K), 0.0002730 secs]
423.726: [GC (Allocation Failure) 39805K->435K(81152K), 0.0002280 secs]
423.743: [GC (Allocation Failure) 38437K->435K(88768K), 0.0002060 secs]
423.779: [GC (Allocation Failure) 46056K->435K(87104K), 0.0002240 secs]
423.802: [GC (Allocation Failure) 44395K->435K(85504K), 0.0002030 secs]
423.820: [GC (Allocation Failure) 42833K->435K(83968K), 0.0002150 secs]
423.855: [GC (Allocation Failure) 41270K->435K(82560K), 0.0002370 secs]
423.876: [GC (Allocation Failure) 39902K->435K(81216K), 0.0002180 secs]
423.930: [GC (Allocation Failure) 38535K->435K(79936K), 0.0002260 secs]
423.950: [GC (Allocation Failure) 37265K->435K(78656K), 0.0002020 secs]
423.966: [GC (Allocation Failure) 35996K->435K(77440K), 0.0002190 secs]
424.029: [GC (Allocation Failure) 34726K->435K(76288K), 0.0002400 secs]
424.048: [GC (Allocation Failure) 33554K->435K(75200K), 0.0002130 secs]
424.078: [GC (Allocation Failure) 32479K->435K(74176K), 0.0002050 secs]
424.091: [GC (Allocation Failure) 31503K->435K(73152K), 0.0002760 secs]
424.123: [GC (Allocation Failure) 30428K->435K(72192K), 0.0002730 secs]
424.141: [GC (Allocation Failure) 29549K->435K(71296K), 0.0002050 secs]
424.226: [GC (Allocation Failure) 28572K->435K(70400K), 0.0002070 secs]
424.242: [GC (Allocation Failure) 27693K->435K(69568K), 0.0002170 secs]
424.258: [GC (Allocation Failure) 26912K->435K(68800K), 0.0002010 secs]
424.274: [GC (Allocation Failure) 26131K->435K(68032K), 0.0002250 secs]
424.325: [GC (Allocation Failure) 25349K->435K(67328K), 0.0002050 secs]
424.336: [GC (Allocation Failure) 24662K->435K(72192K), 0.0003220 secs]
424.377: [GC (Allocation Failure) 29549K->435K(78016K), 0.0002160 secs]
424.393: [GC (Allocation Failure) 35312K->435K(85056K), 0.0002120 secs]
424.528: [GC (Allocation Failure) 42344K->435K(83584K), 0.0002040 secs]
424.578: [GC (Allocation Failure) 40879K->435K(82176K), 0.0002150 secs]
424.600: [GC (Allocation Failure) 39512K->435K(80832K), 0.0002030 secs]
424.632: [GC (Allocation Failure) 38144K->435K(79552K), 0.0002060 secs]
424.653: [GC (Allocation Failure) 36875K->435K(78336K), 0.0002040 secs]
424.668: [GC (Allocation Failure) 35605K->435K(77184K), 0.0002020 secs]
424.683: [GC (Allocation Failure) 34530K->435K(76032K), 0.0002050 secs]
424.755: [GC (Allocation Failure) 33358K->435K(74944K), 0.0002160 secs]
424.770: [GC (Allocation Failure) 32284K->435K(73920K), 0.0002180 secs]
424.783: [GC (Allocation Failure) 31210K->435K(80128K), 0.0002150 secs]
424.827: [GC (Allocation Failure) 37461K->435K(78848K), 0.0002250 secs]
424.847: [GC (Allocation Failure) 36191K->435K(77632K), 0.0002100 secs]
424.880: [GC (Allocation Failure) 34921K->435K(76480K), 0.0002050 secs]
424.899: [GC (Allocation Failure) 33749K->435K(75392K), 0.0002060 secs]
424.913: [GC (Allocation Failure) 32675K->435K(74368K), 0.0002160 secs]
425.056: [GC (Allocation Failure) 31698K->435K(73344K), 0.0002270 secs]
425.073: [GC (Allocation Failure) 30624K->435K(72384K), 0.0002150 secs]
425.086: [GC (Allocation Failure) 29745K->435K(71488K), 0.0002150 secs]
425.124: [GC (Allocation Failure) 28768K->435K(70592K), 0.0002080 secs]
425.150: [GC (Allocation Failure) 27889K->435K(69760K), 0.0002050 secs]
425.173: [GC (Allocation Failure) 27107K->435K(68992K), 0.0002160 secs]
425.184: [GC (Allocation Failure) 26326K->435K(68224K), 0.0002040 secs]
425.226: [GC (Allocation Failure) 25545K->435K(67520K), 0.0002220 secs]
425.237: [GC (Allocation Failure) 24857K->435K(72448K), 0.0002200 secs]
425.378: [GC (Allocation Failure) 29745K->435K(71552K), 0.0002110 secs]
425.395: [GC (Allocation Failure) 28865K->435K(70656K), 0.0002160 secs]
425.424: [GC (Allocation Failure) 27986K->435K(69824K), 0.0002230 secs]
425.436: [GC (Allocation Failure) 27107K->435K(68992K), 0.0002030 secs]
425.447: [GC (Allocation Failure) 26326K->435K(74176K), 0.0002140 secs]
425.479: [GC (Allocation Failure) 31503K->435K(80448K), 0.0002120 secs]
425.496: [GC (Allocation Failure) 37754K->435K(87936K), 0.0002150 secs]
425.515: [GC (Allocation Failure) 45274K->435K(86336K), 0.0002030 secs]
425.543: [GC (Allocation Failure) 43614K->435K(84800K), 0.0002100 secs]
425.566: [GC (Allocation Failure) 42149K->435K(83328K), 0.0002000 secs]
425.583: [GC (Allocation Failure) 40684K->435K(91392K), 0.0002730 secs]
425.678: [GC (Allocation Failure) 48693K->435K(89600K), 0.0002180 secs]
425.698: [GC (Allocation Failure) 46935K->435K(87936K), 0.0002030 secs]
425.732: [GC (Allocation Failure) 45274K->435K(86336K), 0.0002250 secs]
425.754: [GC (Allocation Failure) 43614K->435K(84800K), 0.0002010 secs]
425.777: [GC (Allocation Failure) 42149K->435K(83328K), 0.0002100 secs]
425.795: [GC (Allocation Failure) 40684K->435K(81920K), 0.0002720 secs]
425.829: [GC (Allocation Failure) 39219K->435K(80576K), 0.0002010 secs]
425.856: [GC (Allocation Failure) 37851K->435K(79296K), 0.0002360 secs]
425.876: [GC (Allocation Failure) 36582K->435K(78080K), 0.0002180 secs]
425.895: [GC (Allocation Failure) 35409K->435K(76928K), 0.0002170 secs]
425.913: [GC (Allocation Failure) 34237K->435K(75840K), 0.0002300 secs]
425.958: [GC (Allocation Failure) 33163K->435K(74752K), 0.0002240 secs]
425.972: [GC (Allocation Failure) 32089K->435K(73728K), 0.0002220 secs]
425.986: [GC (Allocation Failure) 31014K->435K(79872K), 0.0002050 secs]
426.006: [GC (Allocation Failure) 37168K->435K(87232K), 0.0002150 secs]
426.025: [GC (Allocation Failure) 44591K->435K(85632K), 0.0002050 secs]
426.085: [GC (Allocation Failure) 42930K->435K(84096K), 0.0002230 secs]
426.107: [GC (Allocation Failure) 41367K->435K(82624K), 0.0002170 secs]
426.125: [GC (Allocation Failure) 39902K->435K(81280K), 0.0002260 secs]
426.233: [GC (Allocation Failure) 38633K->435K(80000K), 0.0002230 secs]
426.251: [GC (Allocation Failure) 37363K->435K(78720K), 0.0002090 secs]
426.267: [GC (Allocation Failure) 35996K->435K(77504K), 0.0002050 secs]
426.285: [GC (Allocation Failure) 34823K->435K(76352K), 0.0002160 secs]
426.327: [GC (Allocation Failure) 33651K->435K(75264K), 0.0002060 secs]
426.381: [GC (Allocation Failure) 32577K->435K(74240K), 0.0002150 secs]
426.398: [GC (Allocation Failure) 31600K->435K(73216K), 0.0002040 secs]
426.412: [GC (Allocation Failure) 30526K->435K(72256K), 0.0002290 secs]
426.429: [GC (Allocation Failure) 29549K->435K(78144K), 0.0002510 secs]
426.532: [GC (Allocation Failure) 35409K->435K(76992K), 0.0002090 secs]
426.551: [GC (Allocation Failure) 34335K->435K(75904K), 0.0002050 secs]
426.566: [GC (Allocation Failure) 33261K->435K(74816K), 0.0002040 secs]
426.597: [GC (Allocation Failure) 32089K->435K(73792K), 0.0002130 secs]
426.611: [GC (Allocation Failure) 31112K->435K(72832K), 0.0002060 secs]
426.626: [GC (Allocation Failure) 30135K->435K(78784K), 0.0002170 secs]
426.642: [GC (Allocation Failure) 36093K->435K(85952K), 0.0002040 secs]
426.668: [GC (Allocation Failure) 43223K->435K(84416K), 0.0002110 secs]
426.739: [GC (Allocation Failure) 41758K->435K(82944K), 0.0002780 secs]
426.835: [GC (Allocation Failure) 40293K->435K(81536K), 0.0002150 secs]
426.856: [GC (Allocation Failure) 38828K->435K(80192K), 0.0002030 secs]
426.876: [GC (Allocation Failure) 37461K->435K(78912K), 0.0002170 secs]
426.892: [GC (Allocation Failure) 36191K->435K(77696K), 0.0002140 secs]
426.911: [GC (Allocation Failure) 35019K->435K(76544K), 0.0002120 secs]
426.926: [GC (Allocation Failure) 33847K->435K(75456K), 0.0002130 secs]
426.940: [GC (Allocation Failure) 32772K->435K(81984K), 0.0002050 secs]
426.985: [GC (Allocation Failure) 39316K->435K(80640K), 0.0002210 secs]
427.001: [GC (Allocation Failure) 37949K->435K(79360K), 0.0002030 secs]
427.062: [GC (Allocation Failure) 36679K->435K(78144K), 0.0002280 secs]
427.077: [GC (Allocation Failure) 35409K->435K(76992K), 0.0002040 secs]
427.092: [GC (Allocation Failure) 34335K->435K(75904K), 0.0002060 secs]
427.110: [GC (Allocation Failure) 33261K->435K(74816K), 0.0002250 secs]
427.160: [GC (Allocation Failure) 32089K->435K(73792K), 0.0002150 secs]
427.173: [GC (Allocation Failure) 31112K->435K(79936K), 0.0002730 secs]
427.230: [GC (Allocation Failure) 37265K->435K(78656K), 0.0002170 secs]
427.250: [GC (Allocation Failure) 35996K->435K(77440K), 0.0002150 secs]
427.279: [GC (Allocation Failure) 34726K->435K(76288K), 0.0002040 secs]
427.339: [GC (Allocation Failure) 33554K->435K(75200K), 0.0002140 secs]
427.354: [GC (Allocation Failure) 32479K->435K(74176K), 0.0002690 secs]
427.410: [GC (Allocation Failure) 31503K->435K(73152K), 0.0002240 secs]
427.427: [GC (Allocation Failure) 30428K->435K(72192K), 0.0002100 secs]
427.440: [GC (Allocation Failure) 29549K->435K(78016K), 0.0002850 secs]
427.483: [GC (Allocation Failure) 35312K->435K(76864K), 0.0002200 secs]
427.502: [GC (Allocation Failure) 34140K->435K(75776K), 0.0002040 secs]
427.517: [GC (Allocation Failure) 33065K->435K(82368K), 0.0002210 secs]
427.590: [GC (Allocation Failure) 39707K->435K(81024K), 0.0002130 secs]
427.606: [GC (Allocation Failure) 38340K->435K(79744K), 0.0002740 secs]
427.635: [GC (Allocation Failure) 37070K->435K(87104K), 0.0003350 secs]
427.655: [GC (Allocation Failure) 44395K->435K(95936K), 0.0003280 secs]
427.738: [GC (Allocation Failure) 53287K->435K(93952K), 0.0002140 secs]
427.764: [GC (Allocation Failure) 51236K->435K(92032K), 0.0002010 secs]
427.789: [GC (Allocation Failure) 49377K->435K(90240K), 0.0002170 secs]
427.809: [GC (Allocation Failure) 47521K->435K(88512K), 0.0002010 secs]
427.829: [GC (Allocation Failure) 45860K->435K(86848K), 0.0002130 secs]
427.912: [GC (Allocation Failure) 44200K->435K(85312K), 0.0002270 secs]
427.934: [GC (Allocation Failure) 42637K->435K(83840K), 0.0002010 secs]
427.987: [GC (Allocation Failure) 41172K->435K(82432K), 0.0002060 secs]
428.004: [GC (Allocation Failure) 39707K->435K(81088K), 0.0002040 secs]
428.029: [GC (Allocation Failure) 38437K->435K(79808K), 0.0002110 secs]
428.045: [GC (Allocation Failure) 37168K->435K(78592K), 0.0002170 secs]
428.085: [GC (Allocation Failure) 35898K->435K(77376K), 0.0002250 secs]
428.104: [GC (Allocation Failure) 34726K->435K(76224K), 0.0002060 secs]
428.121: [GC (Allocation Failure) 33554K->435K(75136K), 0.0002310 secs]
428.135: [GC (Allocation Failure) 32479K->435K(74112K), 0.0002060 secs]
428.257: [GC (Allocation Failure) 31405K->435K(73152K), 0.0002130 secs]
428.274: [GC (Allocation Failure) 30428K->435K(72192K), 0.0002150 secs]
428.287: [GC (Allocation Failure) 29549K->435K(71296K), 0.0002200 secs]
428.332: [GC (Allocation Failure) 28572K->435K(70400K), 0.0002280 secs]
428.349: [GC (Allocation Failure) 27693K->435K(69568K), 0.0002150 secs]
428.381: [GC (Allocation Failure) 26912K->435K(68800K), 0.0002060 secs]
428.397: [GC (Allocation Failure) 26131K->435K(68032K), 0.0002620 secs]
428.412: [GC (Allocation Failure) 25349K->435K(73024K), 0.0002610 secs]
428.429: [GC (Allocation Failure) 30331K->435K(79040K), 0.0002560 secs]
428.449: [GC (Allocation Failure) 36386K->435K(86272K), 0.0002130 secs]
428.585: [GC (Allocation Failure) 43614K->435K(84736K), 0.0002000 secs]
428.607: [GC (Allocation Failure) 42051K->435K(83264K), 0.0002760 secs]
428.629: [GC (Allocation Failure) 40586K->435K(81856K), 0.0002130 secs]
428.662: [GC (Allocation Failure) 39219K->435K(80512K), 0.0002260 secs]
428.678: [GC (Allocation Failure) 37851K->435K(79232K), 0.0002070 secs]
428.732: [GC (Allocation Failure) 36582K->435K(78016K), 0.0002050 secs]
428.885: [GC (Allocation Failure) 35312K->435K(76864K), 0.0002850 secs]
428.904: [GC (Allocation Failure) 34140K->435K(75776K), 0.0002040 secs]
428.919: [GC (Allocation Failure) 33065K->435K(74688K), 0.0002020 secs]
428.932: [GC (Allocation Failure) 31991K->435K(73664K), 0.0002050 secs]
428.980: [GC (Allocation Failure) 31014K->435K(72704K), 0.0002270 secs]
428.993: [GC (Allocation Failure) 30038K->435K(71808K), 0.0002150 secs]
429.009: [GC (Allocation Failure) 29158K->435K(70912K), 0.0002090 secs]
429.021: [GC (Allocation Failure) 28182K->435K(76480K), 0.0002120 secs]
429.135: [GC (Allocation Failure) 33749K->435K(75392K), 0.0002230 secs]
429.150: [GC (Allocation Failure) 32675K->435K(74368K), 0.0002190 secs]
429.167: [GC (Allocation Failure) 31698K->435K(73344K), 0.0002010 secs]
429.234: [GC (Allocation Failure) 30624K->435K(72384K), 0.0002090 secs]
429.247: [GC (Allocation Failure) 29745K->435K(78272K), 0.0003230 secs]
429.283: [GC (Allocation Failure) 35605K->435K(85312K), 0.0002310 secs]
429.305: [GC (Allocation Failure) 42637K->435K(83840K), 0.0002020 secs]
429.414: [GC (Allocation Failure) 41172K->435K(82432K), 0.0002180 secs]
429.432: [GC (Allocation Failure) 39707K->435K(81088K), 0.0002160 secs]
429.462: [GC (Allocation Failure) 38437K->435K(79808K), 0.0002050 secs]
429.537: [GC (Allocation Failure) 37168K->435K(78592K), 0.0002260 secs]
429.557: [GC (Allocation Failure) 35898K->435K(77376K), 0.0002080 secs]
429.576: [GC (Allocation Failure) 34726K->435K(76224K), 0.0002120 secs]
429.594: [GC (Allocation Failure) 33554K->435K(75136K), 0.0002020 secs]
429.735: [GC (Allocation Failure) 32479K->435K(74112K), 0.0002100 secs]
429.753: [GC (Allocation Failure) 31405K->435K(73152K), 0.0002030 secs]
429.768: [GC (Allocation Failure) 30428K->435K(72192K), 0.0002110 secs]
429.781: [GC (Allocation Failure) 29549K->435K(71296K), 0.0002090 secs]
429.830: [GC (Allocation Failure) 28572K->435K(70400K), 0.0002160 secs]
429.842: [GC (Allocation Failure) 27693K->435K(69568K), 0.0002030 secs]
429.862: [GC (Allocation Failure) 26912K->435K(68800K), 0.0002190 secs]
429.877: [GC (Allocation Failure) 26131K->435K(73984K), 0.0002040 secs]
429.938: [GC (Allocation Failure) 31307K->435K(73024K), 0.0002100 secs]
429.951: [GC (Allocation Failure) 30331K->435K(72064K), 0.0002090 secs]
430.035: [GC (Allocation Failure) 29354K->435K(71168K), 0.0002190 secs]
430.051: [GC (Allocation Failure) 28475K->435K(70336K), 0.0002290 secs]
430.084: [GC (Allocation Failure) 27693K->435K(69504K), 0.0002200 secs]
430.096: [GC (Allocation Failure) 26814K->435K(74816K), 0.0003240 secs]
430.136: [GC (Allocation Failure) 32089K->435K(81216K), 0.0003360 secs]
430.154: [GC (Allocation Failure) 38535K->435K(88896K), 0.0003280 secs]
430.188: [GC (Allocation Failure) 46251K->435K(98112K), 0.0002070 secs]
430.342: [GC (Allocation Failure) 55436K->435K(96000K), 0.0002140 secs]
430.365: [GC (Allocation Failure) 53287K->435K(94016K), 0.0002030 secs]
430.419: [GC (Allocation Failure) 51334K->435K(92096K), 0.0002120 secs]
430.444: [GC (Allocation Failure) 49377K->435K(90304K), 0.0002020 secs]
430.469: [GC (Allocation Failure) 47618K->435K(88576K), 0.0002120 secs]
430.589: [GC (Allocation Failure) 45860K->435K(86912K), 0.0002150 secs]
430.625: [GC (Allocation Failure) 44200K->435K(85312K), 0.0002390 secs]
430.647: [GC (Allocation Failure) 42637K->435K(83840K), 0.0001920 secs]
430.682: [GC (Allocation Failure) 41172K->435K(82432K), 0.0002280 secs]
430.699: [GC (Allocation Failure) 39707K->435K(81088K), 0.0002170 secs]
430.740: [GC (Allocation Failure) 38437K->435K(79808K), 0.0002150 secs]
430.756: [GC (Allocation Failure) 37168K->435K(78592K), 0.0002170 secs]
430.885: [GC (Allocation Failure) 35898K->435K(77376K), 0.0002270 secs]
430.988: [GC (Allocation Failure) 34726K->435K(76224K), 0.0002140 secs]
431.006: [GC (Allocation Failure) 33554K->435K(75136K), 0.0002140 secs]
431.037: [GC (Allocation Failure) 32479K->435K(74112K), 0.0002130 secs]
431.053: [GC (Allocation Failure) 31405K->435K(73152K), 0.0002040 secs]
431.070: [GC (Allocation Failure) 30428K->435K(72192K), 0.0002140 secs]
431.138: [GC (Allocation Failure) 29549K->435K(71296K), 0.0002440 secs]
431.151: [GC (Allocation Failure) 28572K->435K(70400K), 0.0002690 secs]
431.163: [GC (Allocation Failure) 27693K->435K(75904K), 0.0002170 secs]
431.234: [GC (Allocation Failure) 33261K->435K(74816K), 0.0002150 secs]
431.252: [GC (Allocation Failure) 32089K->435K(73792K), 0.0002140 secs]
431.283: [GC (Allocation Failure) 31112K->435K(72832K), 0.0002170 secs]
431.333: [GC (Allocation Failure) 30135K->435K(71872K), 0.0002830 secs]
431.345: [GC (Allocation Failure) 29158K->435K(70976K), 0.0002180 secs]
431.358: [GC (Allocation Failure) 28279K->435K(76608K), 0.0002150 secs]
431.488: [GC (Allocation Failure) 33944K->435K(75520K), 0.0002140 secs]
431.502: [GC (Allocation Failure) 32870K->435K(74496K), 0.0002310 secs]
431.516: [GC (Allocation Failure) 31796K->435K(80832K), 0.0002060 secs]
431.590: [GC (Allocation Failure) 38144K->435K(79552K), 0.0002140 secs]
431.610: [GC (Allocation Failure) 36875K->435K(78336K), 0.0002030 secs]
431.626: [GC (Allocation Failure) 35605K->435K(77184K), 0.0002130 secs]
431.641: [GC (Allocation Failure) 34530K->435K(84032K), 0.0002120 secs]
431.658: [GC (Allocation Failure) 41367K->435K(82624K), 0.0002020 secs]
431.679: [GC (Allocation Failure) 39902K->435K(81280K), 0.0002240 secs]
431.738: [GC (Allocation Failure) 38633K->435K(80000K), 0.0002140 secs]
431.758: [GC (Allocation Failure) 37363K->435K(78720K), 0.0002120 secs]
431.773: [GC (Allocation Failure) 35996K->435K(77504K), 0.0002030 secs]
431.839: [GC (Allocation Failure) 34823K->435K(76352K), 0.0002170 secs]
431.855: [GC (Allocation Failure) 33651K->435K(75264K), 0.0002190 secs]
431.869: [GC (Allocation Failure) 32577K->435K(74240K), 0.0002010 secs]
431.883: [GC (Allocation Failure) 31600K->435K(80512K), 0.0002080 secs]
431.899: [GC (Allocation Failure) 37851K->435K(88000K), 0.0002170 secs]
431.944: [GC (Allocation Failure) 45274K->435K(86400K), 0.0002220 secs]
431.967: [GC (Allocation Failure) 43712K->435K(84864K), 0.0002040 secs]
431.990: [GC (Allocation Failure) 42149K->435K(83392K), 0.0002150 secs]
432.008: [GC (Allocation Failure) 40684K->435K(81984K), 0.0002320 secs]
432.029: [GC (Allocation Failure) 39316K->435K(80640K), 0.0002090 secs]
432.045: [GC (Allocation Failure) 37949K->435K(79360K), 0.0002030 secs]
432.091: [GC (Allocation Failure) 36679K->435K(78144K), 0.0002210 secs]
432.106: [GC (Allocation Failure) 35409K->435K(76992K), 0.0002060 secs]
432.136: [GC (Allocation Failure) 34335K->435K(75904K), 0.0002060 secs]
432.185: [GC (Allocation Failure) 33261K->435K(74816K), 0.0002260 secs]
432.203: [GC (Allocation Failure) 32089K->435K(73792K), 0.0002130 secs]
432.216: [GC (Allocation Failure) 31112K->435K(72832K), 0.0002150 secs]
432.234: [GC (Allocation Failure) 30135K->435K(71872K), 0.0002280 secs]
432.249: [GC (Allocation Failure) 29158K->435K(77632K), 0.0001940 secs]
432.339: [GC (Allocation Failure) 34921K->435K(76480K), 0.0002170 secs]
432.358: [GC (Allocation Failure) 33749K->435K(75392K), 0.0002180 secs]
432.373: [GC (Allocation Failure) 32675K->435K(74368K), 0.0002060 secs]
432.439: [GC (Allocation Failure) 31698K->435K(73344K), 0.0002140 secs]
432.453: [GC (Allocation Failure) 30624K->435K(72384K), 0.0002150 secs]
432.466: [GC (Allocation Failure) 29745K->435K(78272K), 0.0002130 secs]
432.485: [GC (Allocation Failure) 35605K->435K(77120K), 0.0002010 secs]
432.500: [GC (Allocation Failure) 34433K->435K(83968K), 0.0002440 secs]
432.601: [GC (Allocation Failure) 41270K->435K(82560K), 0.0002250 secs]
432.619: [GC (Allocation Failure) 39902K->435K(81216K), 0.0002210 secs]
432.667: [GC (Allocation Failure) 38535K->435K(79936K), 0.0002140 secs]
432.687: [GC (Allocation Failure) 37265K->435K(78656K), 0.0002120 secs]
432.703: [GC (Allocation Failure) 35996K->435K(77440K), 0.0002190 secs]
432.718: [GC (Allocation Failure) 34726K->435K(76288K), 0.0002010 secs]
432.733: [GC (Allocation Failure) 33554K->435K(82944K), 0.0002020 secs]
432.754: [GC (Allocation Failure) 40293K->435K(81536K), 0.0002110 secs]
432.792: [GC (Allocation Failure) 38828K->435K(80192K), 0.0002060 secs]
432.812: [GC (Allocation Failure) 37461K->435K(78912K), 0.0002120 secs]
432.828: [GC (Allocation Failure) 36191K->435K(77696K), 0.0002050 secs]
432.847: [GC (Allocation Failure) 35019K->435K(76544K), 0.0002140 secs]
432.939: [GC (Allocation Failure) 33847K->435K(75456K), 0.0002020 secs]
432.957: [GC (Allocation Failure) 32772K->435K(74432K), 0.0002020 secs]
432.971: [GC (Allocation Failure) 31698K->435K(73408K), 0.0002130 secs]
432.988: [GC (Allocation Failure) 30721K->435K(72448K), 0.0002210 secs]
433.026: [GC (Allocation Failure) 29745K->435K(71552K), 0.0002100 secs]
433.042: [GC (Allocation Failure) 28865K->435K(70656K), 0.0002120 secs]
433.055: [GC (Allocation Failure) 27986K->435K(76224K), 0.0002140 secs]
433.073: [GC (Allocation Failure) 33554K->435K(82880K), 0.0002230 secs]
433.094: [GC (Allocation Failure) 40195K->435K(81472K), 0.0002060 secs]
433.170: [GC (Allocation Failure) 38828K->435K(80128K), 0.0002180 secs]
433.191: [GC (Allocation Failure) 37461K->435K(78848K), 0.0002220 secs]
433.238: [GC (Allocation Failure) 36191K->435K(77632K), 0.0002160 secs]
433.292: [GC (Allocation Failure) 34921K->435K(76480K), 0.0002120 secs]
433.310: [GC (Allocation Failure) 33749K->435K(75392K), 0.0002030 secs]
433.325: [GC (Allocation Failure) 32675K->435K(74368K), 0.0002220 secs]
433.342: [GC (Allocation Failure) 31698K->435K(73344K), 0.0002120 secs]
433.410: [GC (Allocation Failure) 30624K->435K(72384K), 0.0002080 secs]
433.423: [GC (Allocation Failure) 29745K->435K(71488K), 0.0002450 secs]
433.439: [GC (Allocation Failure) 28768K->435K(77184K), 0.0003370 secs]
433.469: [GC (Allocation Failure) 34530K->435K(84032K), 0.0002060 secs]
433.491: [GC (Allocation Failure) 41367K->435K(82624K), 0.0002050 secs]
433.508: [GC (Allocation Failure) 39902K->435K(90560K), 0.0002460 secs]
433.573: [GC (Allocation Failure) 47911K->435K(88832K), 0.0002180 secs]
433.593: [GC (Allocation Failure) 46153K->435K(87168K), 0.0002040 secs]
433.612: [GC (Allocation Failure) 44493K->435K(85568K), 0.0002170 secs]
433.642: [GC (Allocation Failure) 42930K->435K(84032K), 0.0002160 secs]
433.659: [GC (Allocation Failure) 41367K->435K(82624K), 0.0002140 secs]
433.794: [GC (Allocation Failure) 39902K->435K(81280K), 0.0002230 secs]
433.815: [GC (Allocation Failure) 38633K->435K(80000K), 0.0002130 secs]
433.889: [GC (Allocation Failure) 37363K->435K(78720K), 0.0002120 secs]
434.089: [GC (Allocation Failure) 35996K->435K(77504K), 0.0002170 secs]
434.108: [GC (Allocation Failure) 34823K->435K(76352K), 0.0002130 secs]
434.136: [GC (Allocation Failure) 33651K->435K(75264K), 0.0003230 secs]
434.192: [GC (Allocation Failure) 32577K->435K(74240K), 0.0002150 secs]
434.210: [GC (Allocation Failure) 31600K->435K(73216K), 0.0002760 secs]
434.223: [GC (Allocation Failure) 30526K->435K(72256K), 0.0002300 secs]
434.240: [GC (Allocation Failure) 29549K->435K(78144K), 0.0002110 secs]
434.272: [GC (Allocation Failure) 35409K->435K(76992K), 0.0003300 secs]
434.370: [GC (Allocation Failure) 34335K->435K(75904K), 0.0002180 secs]
434.385: [GC (Allocation Failure) 33261K->435K(74816K), 0.0002470 secs]
434.402: [GC (Allocation Failure) 32089K->435K(73792K), 0.0002130 secs]
434.491: [GC (Allocation Failure) 31112K->435K(72832K), 0.0002040 secs]
434.505: [GC (Allocation Failure) 30135K->435K(71872K), 0.0002490 secs]
434.521: [GC (Allocation Failure) 29158K->435K(77632K), 0.0002030 secs]
434.540: [GC (Allocation Failure) 34921K->435K(84544K), 0.0002270 secs]
434.559: [GC (Allocation Failure) 41856K->435K(83072K), 0.0002060 secs]
434.610: [GC (Allocation Failure) 40391K->435K(81664K), 0.0002410 secs]
434.632: [GC (Allocation Failure) 39023K->435K(80320K), 0.0002150 secs]
434.653: [GC (Allocation Failure) 37656K->435K(79040K), 0.0001980 secs]
434.669: [GC (Allocation Failure) 36386K->435K(77824K), 0.0002300 secs]
434.736: [GC (Allocation Failure) 35116K->435K(76672K), 0.0002230 secs]
434.767: [GC (Allocation Failure) 33944K->435K(75584K), 0.0002180 secs]
434.785: [GC (Allocation Failure) 32870K->435K(74560K), 0.0002240 secs]
434.886: [GC (Allocation Failure) 31893K->435K(73536K), 0.0002220 secs]
434.906: [GC (Allocation Failure) 30819K->435K(72576K), 0.0002160 secs]
434.919: [GC (Allocation Failure) 29842K->435K(71680K), 0.0002150 secs]
434.935: [GC (Allocation Failure) 28963K->435K(70784K), 0.0002140 secs]
434.991: [GC (Allocation Failure) 28084K->435K(69952K), 0.0002070 secs]
435.007: [GC (Allocation Failure) 27303K->435K(69120K), 0.0002210 secs]
435.019: [GC (Allocation Failure) 26424K->435K(74368K), 0.0002680 secs]
435.043: [GC (Allocation Failure) 31698K->435K(80640K), 0.0002230 secs]
435.059: [GC (Allocation Failure) 37949K->435K(88192K), 0.0002040 secs]
435.095: [GC (Allocation Failure) 45470K->435K(86592K), 0.0002160 secs]
435.114: [GC (Allocation Failure) 43907K->435K(85056K), 0.0002030 secs]
435.148: [GC (Allocation Failure) 42344K->435K(83584K), 0.0002410 secs]
435.166: [GC (Allocation Failure) 40879K->435K(82176K), 0.0002160 secs]
435.188: [GC (Allocation Failure) 39512K->435K(80832K), 0.0002110 secs]
435.204: [GC (Allocation Failure) 38144K->435K(79552K), 0.0002050 secs]
435.295: [GC (Allocation Failure) 36875K->435K(78336K), 0.0002120 secs]
435.311: [GC (Allocation Failure) 35605K->435K(77184K), 0.0002720 secs]
435.341: [GC (Allocation Failure) 34530K->435K(76032K), 0.0002180 secs]
435.390: [GC (Allocation Failure) 33358K->435K(74944K), 0.0002240 secs]
435.407: [GC (Allocation Failure) 32284K->435K(73920K), 0.0002030 secs]
435.425: [GC (Allocation Failure) 31210K->435K(72960K), 0.0002170 secs]
435.442: [GC (Allocation Failure) 30233K->435K(72000K), 0.0002150 secs]
435.466: [GC (Allocation Failure) 29354K->435K(71104K), 0.0002120 secs]
435.482: [GC (Allocation Failure) 28377K->435K(76736K), 0.0002740 secs]
435.497: [GC (Allocation Failure) 34042K->435K(83520K), 0.0003210 secs]
435.548: [GC (Allocation Failure) 40879K->435K(91648K), 0.0002270 secs]
435.573: [GC (Allocation Failure) 48986K->435K(89856K), 0.0002440 secs]
435.596: [GC (Allocation Failure) 47130K->435K(88128K), 0.0002270 secs]
435.616: [GC (Allocation Failure) 45470K->435K(86528K), 0.0002060 secs]
435.649: [GC (Allocation Failure) 43809K->435K(84992K), 0.0002170 secs]
435.671: [GC (Allocation Failure) 42344K->435K(83520K), 0.0002010 secs]
435.688: [GC (Allocation Failure) 40879K->435K(82112K), 0.0002160 secs]
435.705: [GC (Allocation Failure) 39414K->435K(80768K), 0.0002130 secs]
435.721: [GC (Allocation Failure) 38047K->435K(88320K), 0.0002680 secs]
435.750: [GC (Allocation Failure) 45665K->435K(86656K), 0.0002170 secs]
435.769: [GC (Allocation Failure) 44005K->435K(85120K), 0.0002130 secs]
435.795: [GC (Allocation Failure) 42442K->435K(83648K), 0.0002190 secs]
435.848: [GC (Allocation Failure) 40977K->435K(82240K), 0.0002180 secs]
435.866: [GC (Allocation Failure) 39512K->435K(80896K), 0.0002750 secs]
435.940: [GC (Allocation Failure) 38242K->435K(79616K), 0.0002190 secs]
435.957: [GC (Allocation Failure) 36972K->435K(78400K), 0.0002590 secs]
435.972: [GC (Allocation Failure) 35702K->435K(77248K), 0.0002050 secs]
435.987: [GC (Allocation Failure) 34530K->435K(76096K), 0.0002050 secs]
436.095: [GC (Allocation Failure) 33456K->435K(75008K), 0.0002250 secs]
436.109: [GC (Allocation Failure) 32284K->435K(73984K), 0.0002200 secs]
436.126: [GC (Allocation Failure) 31307K->435K(73024K), 0.0002220 secs]
436.190: [GC (Allocation Failure) 30331K->435K(72064K), 0.0002150 secs]
436.206: [GC (Allocation Failure) 29354K->435K(71168K), 0.0002000 secs]
436.243: [GC (Allocation Failure) 28475K->435K(70336K), 0.0002060 secs]
436.259: [GC (Allocation Failure) 27693K->435K(69504K), 0.0002090 secs]
436.271: [GC (Allocation Failure) 26814K->435K(74816K), 0.0002030 secs]
436.291: [GC (Allocation Failure) 32089K->435K(81216K), 0.0002670 secs]
436.341: [GC (Allocation Failure) 38535K->435K(79936K), 0.0002230 secs]
436.361: [GC (Allocation Failure) 37265K->435K(78656K), 0.0002230 secs]
436.393: [GC (Allocation Failure) 35996K->435K(77440K), 0.0002240 secs]
436.408: [GC (Allocation Failure) 34726K->435K(76288K), 0.0002040 secs]
436.422: [GC (Allocation Failure) 33554K->435K(75200K), 0.0002040 secs]
436.440: [GC (Allocation Failure) 32479K->435K(74176K), 0.0002100 secs]
436.494: [GC (Allocation Failure) 31503K->435K(73152K), 0.0002050 secs]
436.512: [GC (Allocation Failure) 30428K->435K(72192K), 0.0002070 secs]
436.525: [GC (Allocation Failure) 29549K->435K(71296K), 0.0002040 secs]
436.541: [GC (Allocation Failure) 28572K->435K(76992K), 0.0002120 secs]
436.597: [GC (Allocation Failure) 34335K->435K(75904K), 0.0002200 secs]
436.612: [GC (Allocation Failure) 33261K->435K(82496K), 0.0002660 secs]
436.631: [GC (Allocation Failure) 39805K->435K(81152K), 0.0002150 secs]
436.663: [GC (Allocation Failure) 38437K->435K(79872K), 0.0002100 secs]
436.682: [GC (Allocation Failure) 37168K->435K(78656K), 0.0002730 secs]
436.698: [GC (Allocation Failure) 35996K->435K(85824K), 0.0002300 secs]
436.717: [GC (Allocation Failure) 43126K->435K(94400K), 0.0002090 secs]
436.747: [GC (Allocation Failure) 51725K->435K(92480K), 0.0002150 secs]
436.773: [GC (Allocation Failure) 49767K->435K(90624K), 0.0002410 secs]
436.794: [GC (Allocation Failure) 47911K->435K(88896K), 0.0002740 secs]
436.848: [GC (Allocation Failure) 46251K->435K(87232K), 0.0002150 secs]
436.912: [GC (Allocation Failure) 44591K->435K(85632K), 0.0003310 secs]
436.951: [GC (Allocation Failure) 42930K->435K(84096K), 0.0003350 secs]
436.974: [GC (Allocation Failure) 41367K->435K(82624K), 0.0002310 secs]
437.049: [GC (Allocation Failure) 39902K->435K(81280K), 0.0002120 secs]
437.071: [GC (Allocation Failure) 38633K->435K(80000K), 0.0002140 secs]
437.087: [GC (Allocation Failure) 37363K->435K(78720K), 0.0002090 secs]
437.106: [GC (Allocation Failure) 35996K->435K(77504K), 0.0002150 secs]
437.121: [GC (Allocation Failure) 34823K->435K(76352K), 0.0002040 secs]
437.143: [GC (Allocation Failure) 33651K->435K(75264K), 0.0002690 secs]
437.174: [GC (Allocation Failure) 32577K->435K(74240K), 0.0002220 secs]
437.192: [GC (Allocation Failure) 31600K->435K(73216K), 0.0002250 secs]
437.292: [GC (Allocation Failure) 30526K->435K(72256K), 0.0002070 secs]
437.345: [GC (Allocation Failure) 29549K->435K(71360K), 0.0002420 secs]
437.362: [GC (Allocation Failure) 28670K->435K(70464K), 0.0002310 secs]
437.375: [GC (Allocation Failure) 27791K->435K(69632K), 0.0002050 secs]
437.386: [GC (Allocation Failure) 26912K->435K(74944K), 0.0002140 secs]
437.538: [GC (Allocation Failure) 32284K->435K(73920K), 0.0002150 secs]
437.556: [GC (Allocation Failure) 31210K->435K(72960K), 0.0002030 secs]
437.586: [GC (Allocation Failure) 30233K->435K(72000K), 0.0002020 secs]
437.599: [GC (Allocation Failure) 29354K->435K(77824K), 0.0003240 secs]
437.644: [GC (Allocation Failure) 35116K->435K(76672K), 0.0002260 secs]
437.658: [GC (Allocation Failure) 33944K->435K(83392K), 0.0002030 secs]
437.696: [GC (Allocation Failure) 40684K->435K(81984K), 0.0002070 secs]
437.742: [GC (Allocation Failure) 39316K->435K(80640K), 0.0002250 secs]
437.759: [GC (Allocation Failure) 37949K->435K(88192K), 0.0003240 secs]
437.799: [GC (Allocation Failure) 45470K->435K(86592K), 0.0002160 secs]
437.818: [GC (Allocation Failure) 43907K->435K(85056K), 0.0002130 secs]
437.848: [GC (Allocation Failure) 42344K->435K(83584K), 0.0002120 secs]
437.870: [GC (Allocation Failure) 40879K->435K(82176K), 0.0002140 secs]
437.887: [GC (Allocation Failure) 39512K->435K(80832K), 0.0002180 secs]
437.907: [GC (Allocation Failure) 38144K->435K(79552K), 0.0002020 secs]
437.928: [GC (Allocation Failure) 36875K->435K(78336K), 0.0002210 secs]
437.995: [GC (Allocation Failure) 35605K->435K(77184K), 0.0002040 secs]
438.028: [GC (Allocation Failure) 34530K->435K(76032K), 0.0002220 secs]
438.046: [GC (Allocation Failure) 33358K->435K(74944K), 0.0002300 secs]
438.061: [GC (Allocation Failure) 32284K->435K(73920K), 0.0002130 secs]
438.138: [GC (Allocation Failure) 31210K->435K(72960K), 0.0002210 secs]
438.155: [GC (Allocation Failure) 30233K->435K(72000K), 0.0002030 secs]
438.242: [GC (Allocation Failure) 29354K->435K(71104K), 0.0002260 secs]
438.258: [GC (Allocation Failure) 28377K->435K(70272K), 0.0003180 secs]
438.280: [GC (Allocation Failure) 27596K->435K(69440K), 0.0002250 secs]
438.296: [GC (Allocation Failure) 26717K->435K(74752K), 0.0002630 secs]
438.326: [GC (Allocation Failure) 32089K->435K(73728K), 0.0002730 secs]
438.347: [GC (Allocation Failure) 31014K->435K(72768K), 0.0002200 secs]
438.364: [GC (Allocation Failure) 30038K->435K(71808K), 0.0002020 secs]
438.393: [GC (Allocation Failure) 29158K->435K(70912K), 0.0003230 secs]
438.446: [GC (Allocation Failure) 28182K->435K(70080K), 0.0003510 secs]
438.458: [GC (Allocation Failure) 27400K->435K(75520K), 0.0002300 secs]
438.475: [GC (Allocation Failure) 32870K->435K(82048K), 0.0002140 secs]
438.492: [GC (Allocation Failure) 39316K->435K(89856K), 0.0002170 secs]
438.554: [GC (Allocation Failure) 47130K->435K(88128K), 0.0002230 secs]
438.578: [GC (Allocation Failure) 45470K->435K(86528K), 0.0002010 secs]
438.598: [GC (Allocation Failure) 43809K->435K(84992K), 0.0002060 secs]
438.634: [GC (Allocation Failure) 42344K->435K(83520K), 0.0002160 secs]
438.668: [GC (Allocation Failure) 40879K->435K(82112K), 0.0002390 secs]
438.689: [GC (Allocation Failure) 39414K->435K(80768K), 0.0002110 secs]
438.710: [GC (Allocation Failure) 38047K->435K(79488K), 0.0002030 secs]
438.726: [GC (Allocation Failure) 36777K->435K(78272K), 0.0002310 secs]
438.745: [GC (Allocation Failure) 35605K->435K(77120K), 0.0002190 secs]
438.795: [GC (Allocation Failure) 34433K->435K(75968K), 0.0002080 secs]
438.845: [GC (Allocation Failure) 33261K->435K(74880K), 0.0002740 secs]
438.998: [GC (Allocation Failure) 32186K->435K(73856K), 0.0002120 secs]
439.015: [GC (Allocation Failure) 31210K->435K(72896K), 0.0002240 secs]
439.031: [GC (Allocation Failure) 30233K->435K(71936K), 0.0002120 secs]
439.048: [GC (Allocation Failure) 29256K->435K(71040K), 0.0002130 secs]
439.075: [GC (Allocation Failure) 28377K->435K(70208K), 0.0002200 secs]
439.091: [GC (Allocation Failure) 27498K->435K(69376K), 0.0002130 secs]
439.106: [GC (Allocation Failure) 26717K->435K(68608K), 0.0002170 secs]
439.142: [GC (Allocation Failure) 25935K->435K(67840K), 0.0002030 secs]
439.292: [GC (Allocation Failure) 25150K->435K(67136K), 0.0002640 secs]
439.335: [GC (Allocation Failure) 24466K->435K(66432K), 0.0002110 secs]
439.349: [GC (Allocation Failure) 23783K->435K(65792K), 0.0002260 secs]
439.359: [GC (Allocation Failure) 23099K->435K(70336K), 0.0002730 secs]
439.393: [GC (Allocation Failure) 27693K->435K(75840K), 0.0002140 secs]
439.450: [GC (Allocation Failure) 33163K->435K(74752K), 0.0002160 secs]
439.464: [GC (Allocation Failure) 32089K->435K(73728K), 0.0002100 secs]
439.477: [GC (Allocation Failure) 31014K->435K(79872K), 0.0002080 secs]
439.498: [GC (Allocation Failure) 37168K->435K(87232K), 0.0002170 secs]
439.521: [GC (Allocation Failure) 44591K->435K(96064K), 0.0002600 secs]
439.586: [GC (Allocation Failure) 53385K->435K(94080K), 0.0002090 secs]
439.609: [GC (Allocation Failure) 51432K->435K(92160K), 0.0002040 secs]
439.707: [GC (Allocation Failure) 49474K->435K(90368K), 0.0002140 secs]
439.728: [GC (Allocation Failure) 47716K->435K(88640K), 0.0002170 secs]
439.751: [GC (Allocation Failure) 45958K->435K(86976K), 0.0002010 secs]
439.772: [GC (Allocation Failure) 44298K->435K(85376K), 0.0002100 secs]
439.794: [GC (Allocation Failure) 42735K->435K(83904K), 0.0002120 secs]
439.904: [GC (Allocation Failure) 41172K->435K(82496K), 0.0002100 secs]
439.925: [GC (Allocation Failure) 39805K->435K(81152K), 0.0002130 secs]
439.998: [GC (Allocation Failure) 38437K->435K(79872K), 0.0002060 secs]
440.052: [GC (Allocation Failure) 37168K->435K(78656K), 0.0002220 secs]
440.067: [GC (Allocation Failure) 35996K->435K(77440K), 0.0002150 secs]
440.082: [GC (Allocation Failure) 34726K->435K(76288K), 0.0002010 secs]
440.097: [GC (Allocation Failure) 33554K->435K(75200K), 0.0002020 secs]
440.115: [GC (Allocation Failure) 32479K->435K(74176K), 0.0002100 secs]
440.128: [GC (Allocation Failure) 31503K->435K(80448K), 0.0002200 secs]
440.199: [GC (Allocation Failure) 37754K->435K(79168K), 0.0002300 secs]
440.215: [GC (Allocation Failure) 36484K->435K(77952K), 0.0002130 secs]
440.252: [GC (Allocation Failure) 35312K->435K(76800K), 0.0002230 secs]
440.272: [GC (Allocation Failure) 34140K->435K(75712K), 0.0002150 secs]
440.286: [GC (Allocation Failure) 33065K->435K(74624K), 0.0002150 secs]
440.304: [GC (Allocation Failure) 31893K->435K(80960K), 0.0002740 secs]
440.324: [GC (Allocation Failure) 38242K->435K(88576K), 0.0002150 secs]
440.348: [GC (Allocation Failure) 45860K->435K(86912K), 0.0002200 secs]
440.368: [GC (Allocation Failure) 44200K->435K(85312K), 0.0002140 secs]
440.390: [GC (Allocation Failure) 42637K->435K(83840K), 0.0002120 secs]
440.412: [GC (Allocation Failure) 41172K->435K(82432K), 0.0002130 secs]
440.429: [GC (Allocation Failure) 39707K->435K(81088K), 0.0002040 secs]
440.500: [GC (Allocation Failure) 38437K->435K(79808K), 0.0002160 secs]
440.541: [GC (Allocation Failure) 37168K->435K(78592K), 0.0002690 secs]
440.560: [GC (Allocation Failure) 35898K->435K(77376K), 0.0002080 secs]
440.577: [GC (Allocation Failure) 34726K->435K(76224K), 0.0002070 secs]
440.596: [GC (Allocation Failure) 33554K->435K(75136K), 0.0002120 secs]
440.610: [GC (Allocation Failure) 32479K->435K(81600K), 0.0003240 secs]
440.667: [GC (Allocation Failure) 38926K->435K(80256K), 0.0002190 secs]
440.685: [GC (Allocation Failure) 37558K->435K(78976K), 0.0002270 secs]
440.704: [GC (Allocation Failure) 36289K->435K(77760K), 0.0002130 secs]
440.724: [GC (Allocation Failure) 35116K->435K(76608K), 0.0002310 secs]
440.742: [GC (Allocation Failure) 33944K->435K(75520K), 0.0002140 secs]
440.775: [GC (Allocation Failure) 32870K->435K(74496K), 0.0002050 secs]
440.851: [GC (Allocation Failure) 31796K->435K(73472K), 0.0002230 secs]
440.869: [GC (Allocation Failure) 30819K->435K(72512K), 0.0002130 secs]
440.900: [GC (Allocation Failure) 29842K->435K(71616K), 0.0002180 secs]
440.913: [GC (Allocation Failure) 28963K->435K(70720K), 0.0002140 secs]
441.046: [GC (Allocation Failure) 27986K->435K(69888K), 0.0002240 secs]
441.061: [GC (Allocation Failure) 27205K->435K(69056K), 0.0002110 secs]
441.134: [GC (Allocation Failure) 26326K->435K(68288K), 0.0002180 secs]
441.145: [GC (Allocation Failure) 25642K->435K(67520K), 0.0002050 secs]
441.160: [GC (Allocation Failure) 24857K->435K(72448K), 0.0002160 secs]
441.201: [GC (Allocation Failure) 29745K->435K(71552K), 0.0002430 secs]
441.217: [GC (Allocation Failure) 28865K->435K(70656K), 0.0002110 secs]
441.230: [GC (Allocation Failure) 27986K->435K(76224K), 0.0002190 secs]
441.244: [GC (Allocation Failure) 33554K->435K(82880K), 0.0002040 secs]
441.351: [GC (Allocation Failure) 40195K->435K(81472K), 0.0002140 secs]
441.368: [GC (Allocation Failure) 38828K->435K(80128K), 0.0002020 secs]
441.404: [GC (Allocation Failure) 37461K->435K(78848K), 0.0002260 secs]
441.420: [GC (Allocation Failure) 36191K->435K(77632K), 0.0002040 secs]
441.435: [GC (Allocation Failure) 34921K->435K(76480K), 0.0002000 secs]
441.449: [GC (Allocation Failure) 33749K->435K(83200K), 0.0002030 secs]
441.482: [GC (Allocation Failure) 40488K->435K(81792K), 0.0002170 secs]
441.503: [GC (Allocation Failure) 39121K->435K(80448K), 0.0002230 secs]
441.582: [GC (Allocation Failure) 37754K->435K(79168K), 0.0002140 secs]
441.602: [GC (Allocation Failure) 36484K->435K(77952K), 0.0002030 secs]
441.621: [GC (Allocation Failure) 35312K->435K(76800K), 0.0002130 secs]
441.640: [GC (Allocation Failure) 34140K->435K(75712K), 0.0002120 secs]
441.703: [GC (Allocation Failure) 33065K->435K(74624K), 0.0002150 secs]
441.717: [GC (Allocation Failure) 31893K->435K(73600K), 0.0002710 secs]
441.734: [GC (Allocation Failure) 30917K->435K(79744K), 0.0002330 secs]
441.750: [GC (Allocation Failure) 37070K->435K(87104K), 0.0002710 secs]
441.881: [GC (Allocation Failure) 44395K->435K(85504K), 0.0002150 secs]
441.958: [GC (Allocation Failure) 42833K->435K(83968K), 0.0002170 secs]
441.975: [GC (Allocation Failure) 41270K->435K(82560K), 0.0002760 secs]
442.006: [GC (Allocation Failure) 39902K->435K(81216K), 0.0002230 secs]
442.023: [GC (Allocation Failure) 38535K->435K(79936K), 0.0002040 secs]
442.051: [GC (Allocation Failure) 37265K->435K(78656K), 0.0002150 secs]
442.071: [GC (Allocation Failure) 35996K->435K(77440K), 0.0002010 secs]
442.090: [GC (Allocation Failure) 34726K->435K(76288K), 0.0002090 secs]
442.108: [GC (Allocation Failure) 33554K->435K(75200K), 0.0002020 secs]
442.199: [GC (Allocation Failure) 32479K->435K(74176K), 0.0002140 secs]
442.253: [GC (Allocation Failure) 31503K->435K(73152K), 0.0002190 secs]
442.270: [GC (Allocation Failure) 30428K->435K(72192K), 0.0002080 secs]
442.283: [GC (Allocation Failure) 29549K->435K(71296K), 0.0002130 secs]
442.300: [GC (Allocation Failure) 28572K->435K(70400K), 0.0002110 secs]
442.333: [GC (Allocation Failure) 27693K->435K(69568K), 0.0002160 secs]
442.344: [GC (Allocation Failure) 26912K->435K(74880K), 0.0002740 secs]
442.410: [GC (Allocation Failure) 32186K->435K(73856K), 0.0002240 secs]
442.428: [GC (Allocation Failure) 31210K->435K(72896K), 0.0002160 secs]
442.445: [GC (Allocation Failure) 30233K->435K(71936K), 0.0002030 secs]
442.462: [GC (Allocation Failure) 29256K->435K(77760K), 0.0002160 secs]
442.481: [GC (Allocation Failure) 35116K->435K(76608K), 0.0002010 secs]
442.500: [GC (Allocation Failure) 33944K->435K(75520K), 0.0002140 secs]
442.514: [GC (Allocation Failure) 32870K->435K(82048K), 0.0002150 secs]
442.601: [GC (Allocation Failure) 39316K->435K(80704K), 0.0002180 secs]
442.653: [GC (Allocation Failure) 38047K->435K(79424K), 0.0002130 secs]
442.674: [GC (Allocation Failure) 36777K->435K(78208K), 0.0002130 secs]
442.736: [GC (Allocation Failure) 35507K->435K(77056K), 0.0002070 secs]
442.755: [GC (Allocation Failure) 34335K->435K(75904K), 0.0002050 secs]
442.801: [GC (Allocation Failure) 33261K->435K(74816K), 0.0002860 secs]
442.850: [GC (Allocation Failure) 32089K->435K(73792K), 0.0002180 secs]
442.864: [GC (Allocation Failure) 31112K->435K(72832K), 0.0002140 secs]
442.903: [GC (Allocation Failure) 30135K->435K(71872K), 0.0002140 secs]
442.916: [GC (Allocation Failure) 29158K->435K(70976K), 0.0002300 secs]
442.928: [GC (Allocation Failure) 28279K->435K(76608K), 0.0002060 secs]
442.951: [GC (Allocation Failure) 33944K->435K(75520K), 0.0002050 secs]
443.078: [GC (Allocation Failure) 32870K->435K(74496K), 0.0002200 secs]
443.092: [GC (Allocation Failure) 31796K->435K(73472K), 0.0002070 secs]
443.150: [GC (Allocation Failure) 30819K->435K(72512K), 0.0002040 secs]
443.177: [GC (Allocation Failure) 29842K->435K(71616K), 0.0002140 secs]
443.203: [GC (Allocation Failure) 28963K->435K(70720K), 0.0002250 secs]
443.215: [GC (Allocation Failure) 27986K->435K(69888K), 0.0002220 secs]
443.231: [GC (Allocation Failure) 27205K->435K(75264K), 0.0002240 secs]
443.251: [GC (Allocation Failure) 32577K->435K(81728K), 0.0002310 secs]
443.268: [GC (Allocation Failure) 39023K->435K(89472K), 0.0002030 secs]
443.292: [GC (Allocation Failure) 46739K->435K(87808K), 0.0002110 secs]
443.345: [GC (Allocation Failure) 45079K->435K(86208K), 0.0003340 secs]
443.410: [GC (Allocation Failure) 43516K->435K(84672K), 0.0002180 secs]
443.432: [GC (Allocation Failure) 41953K->435K(83200K), 0.0002020 secs]
443.449: [GC (Allocation Failure) 40488K->435K(91264K), 0.0003550 secs]
443.471: [GC (Allocation Failure) 48595K->435K(89472K), 0.0002140 secs]
443.495: [GC (Allocation Failure) 46739K->435K(87808K), 0.0002130 secs]
443.544: [GC (Allocation Failure) 45079K->435K(86208K), 0.0002020 secs]
443.567: [GC (Allocation Failure) 43516K->435K(84672K), 0.0002030 secs]
443.588: [GC (Allocation Failure) 41953K->435K(83200K), 0.0002010 secs]
443.605: [GC (Allocation Failure) 40488K->435K(81792K), 0.0002740 secs]
443.655: [GC (Allocation Failure) 39121K->435K(80448K), 0.0002200 secs]
443.704: [GC (Allocation Failure) 37754K->435K(79168K), 0.0002160 secs]
443.757: [GC (Allocation Failure) 36484K->435K(77952K), 0.0002230 secs]
443.776: [GC (Allocation Failure) 35312K->435K(76800K), 0.0002210 secs]
443.802: [GC (Allocation Failure) 34140K->435K(75712K), 0.0002140 secs]
443.821: [GC (Allocation Failure) 33065K->435K(74624K), 0.0002150 secs]
443.834: [GC (Allocation Failure) 31893K->435K(73600K), 0.0002130 secs]
443.851: [GC (Allocation Failure) 30917K->435K(72640K), 0.0002170 secs]
443.865: [GC (Allocation Failure) 29940K->435K(78592K), 0.0003080 secs]
443.892: [GC (Allocation Failure) 35898K->435K(85696K), 0.0002230 secs]
443.915: [GC (Allocation Failure) 43028K->435K(94272K), 0.0002760 secs]
443.937: [GC (Allocation Failure) 51627K->435K(104512K), 0.0002030 secs]
443.992: [GC (Allocation Failure) 61785K->435K(102080K), 0.0002270 secs]
444.022: [GC (Allocation Failure) 59441K->435K(99776K), 0.0002150 secs]
444.046: [GC (Allocation Failure) 57097K->435K(97600K), 0.0002150 secs]
444.074: [GC (Allocation Failure) 54948K->435K(95552K), 0.0002140 secs]
444.101: [GC (Allocation Failure) 52897K->435K(93568K), 0.0002190 secs]
444.123: [GC (Allocation Failure) 50846K->435K(91712K), 0.0002150 secs]
444.144: [GC (Allocation Failure) 48986K->435K(89920K), 0.0002120 secs]
444.165: [GC (Allocation Failure) 47228K->435K(88192K), 0.0002230 secs]
444.184: [GC (Allocation Failure) 45470K->435K(86592K), 0.0002160 secs]
444.261: [GC (Allocation Failure) 43907K->435K(85056K), 0.0002260 secs]
444.284: [GC (Allocation Failure) 42344K->435K(83584K), 0.0002060 secs]
444.302: [GC (Allocation Failure) 40879K->435K(82176K), 0.0002160 secs]
444.321: [GC (Allocation Failure) 39512K->435K(80832K), 0.0002030 secs]
444.359: [GC (Allocation Failure) 38144K->435K(79552K), 0.0002150 secs]
444.379: [GC (Allocation Failure) 36875K->435K(78336K), 0.0002030 secs]
444.394: [GC (Allocation Failure) 35605K->435K(77184K), 0.0002160 secs]
444.409: [GC (Allocation Failure) 34530K->435K(76032K), 0.0002150 secs]
444.424: [GC (Allocation Failure) 33358K->435K(82624K), 0.0002060 secs]
444.458: [GC (Allocation Failure) 39902K->435K(81280K), 0.0002130 secs]
444.478: [GC (Allocation Failure) 38633K->435K(80000K), 0.0002190 secs]
444.495: [GC (Allocation Failure) 37363K->435K(78720K), 0.0002150 secs]
444.514: [GC (Allocation Failure) 35996K->435K(77504K), 0.0002220 secs]
444.539: [GC (Allocation Failure) 34823K->435K(76352K), 0.0002150 secs]
444.554: [GC (Allocation Failure) 33651K->435K(75264K), 0.0002170 secs]
444.597: [GC (Allocation Failure) 32577K->435K(74240K), 0.0002220 secs]
444.615: [GC (Allocation Failure) 31600K->435K(73216K), 0.0002480 secs]
444.656: [GC (Allocation Failure) 30526K->435K(72256K), 0.0002020 secs]
444.733: [GC (Allocation Failure) 29549K->435K(71360K), 0.0002070 secs]
444.756: [GC (Allocation Failure) 28670K->435K(70464K), 0.0002230 secs]
444.769: [GC (Allocation Failure) 27791K->435K(69632K), 0.0002290 secs]
444.780: [GC (Allocation Failure) 26912K->435K(74944K), 0.0002050 secs]
444.857: [GC (Allocation Failure) 32284K->435K(73920K), 0.0002230 secs]
444.875: [GC (Allocation Failure) 31210K->435K(72960K), 0.0002260 secs]
444.906: [GC (Allocation Failure) 30233K->435K(72000K), 0.0002330 secs]
444.920: [GC (Allocation Failure) 29354K->435K(77824K), 0.0002680 secs]
444.958: [GC (Allocation Failure) 35116K->435K(76672K), 0.0002190 secs]
444.977: [GC (Allocation Failure) 33944K->435K(75584K), 0.0002120 secs]
444.991: [GC (Allocation Failure) 32870K->435K(82112K), 0.0002190 secs]
445.008: [GC (Allocation Failure) 39414K->435K(89920K), 0.0002030 secs]
445.029: [GC (Allocation Failure) 47228K->435K(99328K), 0.0002290 secs]
445.053: [GC (Allocation Failure) 56608K->435K(97152K), 0.0002030 secs]
445.091: [GC (Allocation Failure) 54459K->435K(95104K), 0.0002280 secs]
445.117: [GC (Allocation Failure) 52408K->435K(93120K), 0.0002030 secs]
445.139: [GC (Allocation Failure) 50455K->435K(91264K), 0.0002080 secs]
445.190: [GC (Allocation Failure) 48595K->435K(89472K), 0.0002110 secs]
445.210: [GC (Allocation Failure) 46739K->435K(87808K), 0.0002050 secs]
445.229: [GC (Allocation Failure) 45079K->435K(86208K), 0.0002050 secs]
445.259: [GC (Allocation Failure) 43516K->435K(84672K), 0.0002140 secs]
445.315: [GC (Allocation Failure) 41953K->435K(83200K), 0.0002780 secs]
445.411: [GC (Allocation Failure) 40488K->435K(81792K), 0.0002230 secs]
445.429: [GC (Allocation Failure) 39121K->435K(80448K), 0.0002130 secs]
445.484: [GC (Allocation Failure) 37754K->435K(79168K), 0.0002150 secs]
445.506: [GC (Allocation Failure) 36484K->435K(77952K), 0.0002320 secs]
445.521: [GC (Allocation Failure) 35312K->435K(76800K), 0.0002020 secs]
445.555: [GC (Allocation Failure) 34140K->435K(75712K), 0.0002290 secs]
445.573: [GC (Allocation Failure) 33065K->435K(74624K), 0.0002100 secs]
445.658: [GC (Allocation Failure) 31893K->435K(73600K), 0.0002320 secs]
445.672: [GC (Allocation Failure) 30917K->435K(72640K), 0.0002700 secs]
445.690: [GC (Allocation Failure) 29940K->435K(71744K), 0.0002280 secs]
445.707: [GC (Allocation Failure) 29061K->435K(70848K), 0.0002140 secs]
445.753: [GC (Allocation Failure) 28182K->435K(70016K), 0.0002760 secs]
445.806: [GC (Allocation Failure) 27303K->435K(69184K), 0.0002130 secs]
445.822: [GC (Allocation Failure) 26521K->435K(68416K), 0.0002220 secs]
445.837: [GC (Allocation Failure) 25740K->435K(67648K), 0.0002130 secs]
445.855: [GC (Allocation Failure) 24955K->435K(66944K), 0.0002390 secs]
445.867: [GC (Allocation Failure) 24271K->435K(71744K), 0.0002640 secs]
445.906: [GC (Allocation Failure) 29061K->435K(77504K), 0.0002200 secs]
446.010: [GC (Allocation Failure) 34823K->435K(76352K), 0.0002220 secs]
446.024: [GC (Allocation Failure) 33651K->435K(75264K), 0.0002440 secs]
446.039: [GC (Allocation Failure) 32577K->435K(81728K), 0.0002130 secs]
446.061: [GC (Allocation Failure) 39023K->435K(89472K), 0.0002220 secs]
446.081: [GC (Allocation Failure) 46739K->435K(87808K), 0.0002050 secs]
446.110: [GC (Allocation Failure) 45079K->435K(86208K), 0.0002170 secs]
446.129: [GC (Allocation Failure) 43516K->435K(84672K), 0.0002040 secs]
446.263: [GC (Allocation Failure) 41953K->435K(83200K), 0.0002220 secs]
446.282: [GC (Allocation Failure) 40488K->435K(81792K), 0.0002810 secs]
446.358: [GC (Allocation Failure) 39121K->435K(80448K), 0.0002080 secs]
446.411: [GC (Allocation Failure) 37754K->435K(79168K), 0.0002140 secs]
446.431: [GC (Allocation Failure) 36484K->435K(77952K), 0.0002110 secs]
446.593: [GC (Allocation Failure) 35312K->435K(76800K), 0.0002990 secs]
446.620: [GC (Allocation Failure) 34140K->435K(75712K), 0.0002310 secs]
446.638: [GC (Allocation Failure) 33065K->435K(74624K), 0.0002160 secs]
446.653: [GC (Allocation Failure) 31893K->435K(73600K), 0.0002240 secs]
446.669: [GC (Allocation Failure) 30917K->435K(72640K), 0.0001910 secs]
446.704: [GC (Allocation Failure) 29940K->435K(71744K), 0.0002110 secs]
446.717: [GC (Allocation Failure) 29061K->435K(70848K), 0.0002040 secs]
446.733: [GC (Allocation Failure) 28182K->435K(76416K), 0.0002330 secs]
446.784: [GC (Allocation Failure) 33749K->435K(75328K), 0.0002180 secs]
446.802: [GC (Allocation Failure) 32675K->435K(74304K), 0.0002030 secs]
446.820: [GC (Allocation Failure) 31600K->435K(73280K), 0.0002150 secs]
446.837: [GC (Allocation Failure) 30624K->435K(72320K), 0.0002040 secs]
446.854: [GC (Allocation Failure) 29647K->435K(71424K), 0.0002150 secs]
446.908: [GC (Allocation Failure) 28768K->435K(70528K), 0.0002040 secs]
446.925: [GC (Allocation Failure) 27889K->435K(69696K), 0.0002170 secs]
446.937: [GC (Allocation Failure) 27010K->435K(75072K), 0.0002210 secs]
446.960: [GC (Allocation Failure) 32382K->435K(74048K), 0.0002140 secs]
446.978: [GC (Allocation Failure) 31405K->435K(73088K), 0.0002120 secs]
446.992: [GC (Allocation Failure) 30428K->435K(79104K), 0.0002150 secs]
447.008: [GC (Allocation Failure) 36386K->435K(86336K), 0.0002050 secs]
447.211: [GC (Allocation Failure) 43614K->435K(84800K), 0.0002140 secs]
447.229: [GC (Allocation Failure) 42149K->435K(83328K), 0.0002030 secs]
447.264: [GC (Allocation Failure) 40684K->435K(81920K), 0.0002130 secs]
447.285: [GC (Allocation Failure) 39219K->435K(80576K), 0.0002090 secs]
447.305: [GC (Allocation Failure) 37851K->435K(79296K), 0.0002170 secs]
447.321: [GC (Allocation Failure) 36582K->435K(78080K), 0.0002030 secs]
447.408: [GC (Allocation Failure) 35409K->435K(76928K), 0.0002170 secs]
447.462: [GC (Allocation Failure) 34237K->435K(75840K), 0.0002150 secs]
447.481: [GC (Allocation Failure) 33163K->435K(74752K), 0.0002170 secs]
447.511: [GC (Allocation Failure) 32089K->435K(73728K), 0.0002800 secs]
447.529: [GC (Allocation Failure) 31014K->435K(72768K), 0.0002020 secs]
447.543: [GC (Allocation Failure) 30038K->435K(71808K), 0.0002110 secs]
447.556: [GC (Allocation Failure) 29158K->435K(77568K), 0.0002050 secs]
447.571: [GC (Allocation Failure) 34921K->435K(84480K), 0.0001990 secs]
447.588: [GC (Allocation Failure) 41758K->435K(92800K), 0.0002150 secs]
447.610: [GC (Allocation Failure) 50162K->435K(90944K), 0.0002020 secs]
447.635: [GC (Allocation Failure) 48302K->435K(89216K), 0.0002120 secs]
447.668: [GC (Allocation Failure) 46544K->435K(87552K), 0.0002160 secs]
447.692: [GC (Allocation Failure) 44884K->435K(85952K), 0.0002320 secs]
447.710: [GC (Allocation Failure) 43223K->435K(84416K), 0.0002130 secs]
447.728: [GC (Allocation Failure) 41758K->435K(82944K), 0.0002060 secs]
447.761: [GC (Allocation Failure) 40293K->435K(81536K), 0.0002340 secs]
447.777: [GC (Allocation Failure) 38828K->435K(80192K), 0.0002010 secs]
447.793: [GC (Allocation Failure) 37461K->435K(78912K), 0.0002090 secs]
447.813: [GC (Allocation Failure) 36191K->435K(77696K), 0.0002280 secs]
447.858: [GC (Allocation Failure) 35019K->435K(76544K), 0.0002250 secs]
447.877: [GC (Allocation Failure) 33847K->435K(75456K), 0.0002230 secs]
447.899: [GC (Allocation Failure) 32772K->435K(74432K), 0.0002450 secs]
447.913: [GC (Allocation Failure) 31698K->435K(80704K), 0.0002290 secs]
447.990: [GC (Allocation Failure) 38047K->435K(79424K), 0.0002220 secs]
448.006: [GC (Allocation Failure) 36777K->435K(78208K), 0.0002040 secs]
448.028: [GC (Allocation Failure) 35507K->435K(77056K), 0.0002120 secs]
448.044: [GC (Allocation Failure) 34335K->435K(75904K), 0.0002000 secs]
448.108: [GC (Allocation Failure) 33261K->435K(74816K), 0.0002280 secs]
448.126: [GC (Allocation Failure) 32089K->435K(73792K), 0.0002220 secs]
448.157: [GC (Allocation Failure) 31112K->435K(72832K), 0.0002140 secs]
448.174: [GC (Allocation Failure) 30135K->435K(71872K), 0.0002140 secs]
448.186: [GC (Allocation Failure) 29158K->435K(70976K), 0.0002040 secs]
448.198: [GC (Allocation Failure) 28279K->435K(76608K), 0.0002700 secs]
448.312: [GC (Allocation Failure) 33944K->435K(75520K), 0.0002150 secs]
448.327: [GC (Allocation Failure) 32870K->435K(82048K), 0.0002310 secs]
448.348: [GC (Allocation Failure) 39316K->435K(89856K), 0.0002190 secs]
448.418: [GC (Allocation Failure) 47130K->435K(88128K), 0.0002120 secs]
448.442: [GC (Allocation Failure) 45470K->435K(86528K), 0.0002020 secs]
448.461: [GC (Allocation Failure) 43809K->435K(84992K), 0.0002870 secs]
448.491: [GC (Allocation Failure) 42344K->435K(83520K), 0.0002060 secs]
448.511: [GC (Allocation Failure) 40879K->435K(82112K), 0.0002730 secs]
448.601: [GC (Allocation Failure) 39414K->435K(80768K), 0.0002730 secs]
448.622: [GC (Allocation Failure) 38047K->435K(79488K), 0.0002140 secs]
448.638: [GC (Allocation Failure) 36777K->435K(78272K), 0.0002220 secs]
448.658: [GC (Allocation Failure) 35605K->435K(77120K), 0.0002010 secs]
448.674: [GC (Allocation Failure) 34433K->435K(75968K), 0.0002160 secs]
448.692: [GC (Allocation Failure) 33261K->435K(74880K), 0.0002150 secs]
448.710: [GC (Allocation Failure) 32186K->435K(73856K), 0.0002140 secs]
448.862: [GC (Allocation Failure) 31210K->435K(72896K), 0.0002150 secs]
448.879: [GC (Allocation Failure) 30233K->435K(71936K), 0.0002190 secs]
448.912: [GC (Allocation Failure) 29256K->435K(71040K), 0.0002110 secs]
448.924: [GC (Allocation Failure) 28377K->435K(70208K), 0.0002210 secs]
448.957: [GC (Allocation Failure) 27498K->435K(69376K), 0.0002260 secs]
448.969: [GC (Allocation Failure) 26717K->435K(74688K), 0.0002130 secs]
449.009: [GC (Allocation Failure) 31991K->435K(73664K), 0.0002250 secs]
449.022: [GC (Allocation Failure) 31014K->435K(79808K), 0.0002160 secs]
449.095: [GC (Allocation Failure) 37168K->435K(78592K), 0.0002260 secs]
449.115: [GC (Allocation Failure) 35898K->435K(77376K), 0.0002790 secs]
449.134: [GC (Allocation Failure) 34726K->435K(76224K), 0.0002130 secs]
449.152: [GC (Allocation Failure) 33554K->435K(75136K), 0.0002150 secs]
449.167: [GC (Allocation Failure) 32479K->435K(81600K), 0.0002320 secs]
449.187: [GC (Allocation Failure) 38926K->435K(89344K), 0.0002150 secs]
449.269: [GC (Allocation Failure) 46642K->435K(87680K), 0.0002020 secs]
449.289: [GC (Allocation Failure) 44981K->435K(86080K), 0.0002830 secs]
449.314: [GC (Allocation Failure) 43419K->435K(84544K), 0.0003230 secs]
449.404: [GC (Allocation Failure) 41856K->435K(83072K), 0.0002250 secs]
449.422: [GC (Allocation Failure) 40391K->435K(81664K), 0.0002030 secs]
449.466: [GC (Allocation Failure) 39023K->435K(80320K), 0.0002240 secs]
449.487: [GC (Allocation Failure) 37656K->435K(79040K), 0.0002120 secs]
449.503: [GC (Allocation Failure) 36386K->435K(77824K), 0.0002190 secs]
449.518: [GC (Allocation Failure) 35116K->435K(76672K), 0.0002130 secs]
449.532: [GC (Allocation Failure) 33944K->435K(83392K), 0.0002040 secs]
449.567: [GC (Allocation Failure) 40684K->435K(81984K), 0.0002120 secs]
449.584: [GC (Allocation Failure) 39316K->435K(80640K), 0.0002160 secs]
449.604: [GC (Allocation Failure) 37949K->435K(88192K), 0.0002720 secs]
449.628: [GC (Allocation Failure) 45470K->435K(86592K), 0.0002160 secs]
449.650: [GC (Allocation Failure) 43907K->435K(85056K), 0.0001990 secs]
449.768: [GC (Allocation Failure) 42344K->435K(83584K), 0.0002120 secs]
449.787: [GC (Allocation Failure) 40879K->435K(82176K), 0.0002030 secs]
449.807: [GC (Allocation Failure) 39512K->435K(80832K), 0.0002130 secs]
449.824: [GC (Allocation Failure) 38144K->435K(79552K), 0.0002040 secs]
449.862: [GC (Allocation Failure) 36875K->435K(78336K), 0.0002160 secs]
449.889: [GC (Allocation Failure) 35605K->435K(77184K), 0.0002010 secs]
449.908: [GC (Allocation Failure) 34530K->435K(76032K), 0.0002100 secs]
449.987: [GC (Allocation Failure) 33358K->435K(74944K), 0.0003270 secs]
450.011: [GC (Allocation Failure) 32284K->435K(73920K), 0.0002350 secs]
450.060: [GC (Allocation Failure) 31210K->435K(72960K), 0.0002050 secs]
450.110: [GC (Allocation Failure) 30233K->435K(72000K), 0.0002150 secs]
450.122: [GC (Allocation Failure) 29354K->435K(71104K), 0.0002170 secs]
450.163: [GC (Allocation Failure) 28377K->435K(70272K), 0.0002240 secs]
450.175: [GC (Allocation Failure) 27596K->435K(69440K), 0.0002180 secs]
450.186: [GC (Allocation Failure) 26717K->435K(74752K), 0.0002050 secs]
450.204: [GC (Allocation Failure) 32089K->435K(81088K), 0.0002140 secs]
450.224: [GC (Allocation Failure) 38437K->435K(88704K), 0.0002750 secs]
450.247: [GC (Allocation Failure) 46056K->435K(97856K), 0.0002030 secs]
450.271: [GC (Allocation Failure) 55143K->435K(95744K), 0.0002070 secs]
450.299: [GC (Allocation Failure) 53092K->435K(93760K), 0.0002150 secs]
450.369: [GC (Allocation Failure) 51041K->435K(91840K), 0.0002160 secs]
450.397: [GC (Allocation Failure) 49181K->435K(90048K), 0.0002030 secs]
450.417: [GC (Allocation Failure) 47325K->435K(88320K), 0.0002070 secs]
450.470: [GC (Allocation Failure) 45665K->435K(86656K), 0.0002250 secs]
450.490: [GC (Allocation Failure) 44005K->435K(85120K), 0.0002050 secs]
450.512: [GC (Allocation Failure) 42442K->435K(83648K), 0.0002120 secs]
450.597: [GC (Allocation Failure) 40977K->435K(82240K), 0.0002110 secs]
450.637: [GC (Allocation Failure) 39512K->435K(80896K), 0.0002170 secs]
450.658: [GC (Allocation Failure) 38242K->435K(79616K), 0.0002230 secs]
450.674: [GC (Allocation Failure) 36972K->435K(78400K), 0.0002070 secs]
450.690: [GC (Allocation Failure) 35702K->435K(77248K), 0.0002030 secs]
450.712: [GC (Allocation Failure) 34530K->435K(76096K), 0.0002170 secs]
450.731: [GC (Allocation Failure) 33456K->435K(75008K), 0.0002050 secs]
450.761: [GC (Allocation Failure) 32284K->435K(73984K), 0.0002740 secs]
450.789: [GC (Allocation Failure) 31307K->435K(73024K), 0.0002330 secs]
450.813: [GC (Allocation Failure) 30331K->435K(72064K), 0.0002150 secs]
450.825: [GC (Allocation Failure) 29354K->435K(71168K), 0.0002180 secs]
450.838: [GC (Allocation Failure) 28475K->435K(76800K), 0.0002030 secs]
450.852: [GC (Allocation Failure) 34140K->435K(83584K), 0.0002010 secs]
450.879: [GC (Allocation Failure) 40879K->435K(91712K), 0.0002160 secs]
450.900: [GC (Allocation Failure) 48986K->435K(89920K), 0.0002020 secs]
450.953: [GC (Allocation Failure) 47228K->435K(88192K), 0.0002300 secs]
450.973: [GC (Allocation Failure) 45470K->435K(86592K), 0.0002150 secs]
451.017: [GC (Allocation Failure) 43907K->435K(85056K), 0.0002130 secs]
451.036: [GC (Allocation Failure) 42344K->435K(83584K), 0.0002140 secs]
451.057: [GC (Allocation Failure) 40879K->435K(82176K), 0.0002120 secs]
451.094: [GC (Allocation Failure) 39512K->435K(80832K), 0.0002180 secs]
451.114: [GC (Allocation Failure) 38144K->435K(79552K), 0.0002020 secs]
451.137: [GC (Allocation Failure) 36875K->435K(78336K), 0.0003240 secs]
451.168: [GC (Allocation Failure) 35605K->435K(77184K), 0.0002850 secs]
451.188: [GC (Allocation Failure) 34530K->435K(76032K), 0.0002060 secs]
451.206: [GC (Allocation Failure) 33358K->435K(74944K), 0.0002040 secs]
451.220: [GC (Allocation Failure) 32284K->435K(73920K), 0.0002200 secs]
451.266: [GC (Allocation Failure) 31210K->435K(72960K), 0.0002140 secs]
451.284: [GC (Allocation Failure) 30233K->435K(72000K), 0.0002170 secs]
451.297: [GC (Allocation Failure) 29354K->435K(77824K), 0.0002220 secs]
451.312: [GC (Allocation Failure) 35116K->435K(84800K), 0.0002040 secs]
451.339: [GC (Allocation Failure) 42149K->435K(93184K), 0.0002790 secs]
451.418: [GC (Allocation Failure) 50455K->435K(91328K), 0.0002130 secs]
451.444: [GC (Allocation Failure) 48595K->435K(89536K), 0.0002140 secs]
451.499: [GC (Allocation Failure) 46837K->435K(87872K), 0.0002070 secs]
451.518: [GC (Allocation Failure) 45177K->435K(86272K), 0.0002090 secs]
451.572: [GC (Allocation Failure) 43614K->435K(84736K), 0.0002250 secs]
451.590: [GC (Allocation Failure) 42051K->435K(83264K), 0.0002060 secs]
451.608: [GC (Allocation Failure) 40586K->435K(81856K), 0.0002150 secs]
451.746: [GC (Allocation Failure) 39219K->435K(80512K), 0.0002280 secs]
451.767: [GC (Allocation Failure) 37851K->435K(79232K), 0.0002180 secs]
451.788: [GC (Allocation Failure) 36582K->435K(78016K), 0.0002770 secs]
451.819: [GC (Allocation Failure) 35312K->435K(76864K), 0.0002150 secs]
451.833: [GC (Allocation Failure) 34140K->435K(75776K), 0.0002150 secs]
451.850: [GC (Allocation Failure) 33065K->435K(74688K), 0.0002050 secs]
451.868: [GC (Allocation Failure) 31991K->435K(73664K), 0.0002130 secs]
451.885: [GC (Allocation Failure) 31014K->435K(72704K), 0.0002150 secs]
451.900: [GC (Allocation Failure) 30038K->435K(78656K), 0.0002150 secs]
451.916: [GC (Allocation Failure) 35996K->435K(85824K), 0.0002300 secs]
451.935: [GC (Allocation Failure) 43126K->435K(94400K), 0.0002050 secs]
451.957: [GC (Allocation Failure) 51725K->435K(92480K), 0.0002020 secs]
452.071: [GC (Allocation Failure) 49767K->435K(90624K), 0.0002150 secs]
452.096: [GC (Allocation Failure) 47911K->435K(88896K), 0.0002130 secs]
452.170: [GC (Allocation Failure) 46251K->435K(87232K), 0.0002150 secs]
452.193: [GC (Allocation Failure) 44591K->435K(85632K), 0.0002140 secs]
452.216: [GC (Allocation Failure) 42930K->435K(84096K), 0.0002090 secs]
452.238: [GC (Allocation Failure) 41367K->435K(82624K), 0.0002740 secs]
452.255: [GC (Allocation Failure) 39902K->435K(81280K), 0.0002060 secs]
452.293: [GC (Allocation Failure) 38633K->435K(80000K), 0.0003390 secs]
452.367: [GC (Allocation Failure) 37363K->435K(78720K), 0.0002070 secs]
452.416: [GC (Allocation Failure) 35996K->435K(77504K), 0.0002780 secs]
452.466: [GC (Allocation Failure) 34823K->435K(76352K), 0.0002150 secs]
452.592: [GC (Allocation Failure) 33651K->435K(75264K), 0.0002150 secs]
452.606: [GC (Allocation Failure) 32577K->435K(74240K), 0.0002070 secs]
452.676: [GC (Allocation Failure) 31600K->435K(73216K), 0.0002010 secs]
452.689: [GC (Allocation Failure) 30526K->435K(72256K), 0.0002750 secs]
452.718: [GC (Allocation Failure) 29549K->435K(71360K), 0.0002340 secs]
452.735: [GC (Allocation Failure) 28670K->435K(70464K), 0.0002040 secs]
452.763: [GC (Allocation Failure) 27791K->435K(69632K), 0.0002800 secs]
452.788: [GC (Allocation Failure) 26912K->435K(68864K), 0.0002090 secs]
452.907: [GC (Allocation Failure) 26131K->435K(68096K), 0.0002250 secs]
452.919: [GC (Allocation Failure) 25447K->435K(67392K), 0.0002290 secs]
452.933: [GC (Allocation Failure) 24662K->435K(72256K), 0.0002120 secs]
452.946: [GC (Allocation Failure) 29549K->435K(78144K), 0.0002190 secs]
452.966: [GC (Allocation Failure) 35409K->435K(85184K), 0.0002730 secs]
452.988: [GC (Allocation Failure) 42540K->435K(93632K), 0.0002190 secs]
453.014: [GC (Allocation Failure) 50943K->435K(91776K), 0.0002030 secs]
453.072: [GC (Allocation Failure) 49084K->435K(89984K), 0.0002820 secs]
453.145: [GC (Allocation Failure) 47325K->435K(88256K), 0.0002150 secs]
453.165: [GC (Allocation Failure) 45567K->435K(86592K), 0.0002150 secs]
453.221: [GC (Allocation Failure) 43907K->435K(85056K), 0.0002150 secs]
453.239: [GC (Allocation Failure) 42344K->435K(83584K), 0.0002140 secs]
453.321: [GC (Allocation Failure) 40879K->435K(82176K), 0.0002170 secs]
453.338: [GC (Allocation Failure) 39512K->435K(80832K), 0.0002130 secs]
453.358: [GC (Allocation Failure) 38144K->435K(79552K), 0.0002210 secs]
453.497: [GC (Allocation Failure) 36875K->435K(78336K), 0.0003950 secs]
453.514: [GC (Allocation Failure) 35605K->435K(77184K), 0.0002200 secs]
453.529: [GC (Allocation Failure) 34530K->435K(76032K), 0.0002040 secs]
453.543: [GC (Allocation Failure) 33358K->435K(74944K), 0.0002160 secs]
453.561: [GC (Allocation Failure) 32284K->435K(73920K), 0.0002120 secs]
453.594: [GC (Allocation Failure) 31210K->435K(72960K), 0.0002030 secs]
453.612: [GC (Allocation Failure) 30233K->435K(72000K), 0.0002160 secs]
453.624: [GC (Allocation Failure) 29354K->435K(77824K), 0.0002160 secs]
453.671: [GC (Allocation Failure) 35116K->435K(76672K), 0.0002240 secs]
453.690: [GC (Allocation Failure) 33944K->435K(75584K), 0.0002010 secs]
453.704: [GC (Allocation Failure) 32870K->435K(82112K), 0.0002300 secs]
453.721: [GC (Allocation Failure) 39414K->435K(89920K), 0.0002020 secs]
453.742: [GC (Allocation Failure) 47228K->435K(88192K), 0.0002020 secs]
453.772: [GC (Allocation Failure) 45470K->435K(86592K), 0.0002770 secs]
453.822: [GC (Allocation Failure) 43907K->435K(85056K), 0.0002150 secs]
453.840: [GC (Allocation Failure) 42344K->435K(83584K), 0.0002120 secs]
453.861: [GC (Allocation Failure) 40879K->435K(82176K), 0.0002120 secs]
453.879: [GC (Allocation Failure) 39512K->435K(80832K), 0.0001960 secs]
453.923: [GC (Allocation Failure) 38144K->435K(79552K), 0.0002160 secs]
453.943: [GC (Allocation Failure) 36875K->435K(78336K), 0.0002040 secs]
453.958: [GC (Allocation Failure) 35605K->435K(77184K), 0.0002040 secs]
454.072: [GC (Allocation Failure) 34530K->435K(76032K), 0.0002150 secs]
454.090: [GC (Allocation Failure) 33358K->435K(74944K), 0.0002170 secs]
454.171: [GC (Allocation Failure) 32284K->435K(73920K), 0.0002040 secs]
454.188: [GC (Allocation Failure) 31210K->435K(72960K), 0.0002310 secs]
454.220: [GC (Allocation Failure) 30233K->435K(72000K), 0.0002130 secs]
454.233: [GC (Allocation Failure) 29354K->435K(71104K), 0.0002050 secs]
454.337: [GC (Allocation Failure) 28377K->435K(70272K), 0.0002230 secs]
454.349: [GC (Allocation Failure) 27596K->435K(69440K), 0.0002170 secs]
454.408: [GC (Allocation Failure) 26717K->435K(68672K), 0.0002250 secs]
454.420: [GC (Allocation Failure) 26033K->435K(73792K), 0.0003970 secs]
454.467: [GC (Allocation Failure) 31112K->435K(79936K), 0.0002160 secs]
454.521: [GC (Allocation Failure) 37265K->435K(78656K), 0.0002160 secs]
454.536: [GC (Allocation Failure) 35996K->435K(77440K), 0.0002050 secs]
454.569: [GC (Allocation Failure) 34726K->435K(76288K), 0.0002170 secs]
454.596: [GC (Allocation Failure) 33554K->435K(75200K), 0.0002130 secs]
454.618: [GC (Allocation Failure) 32479K->435K(74176K), 0.0002020 secs]
454.660: [GC (Allocation Failure) 31503K->435K(73152K), 0.0002150 secs]
454.674: [GC (Allocation Failure) 30428K->435K(72192K), 0.0002040 secs]
454.697: [GC (Allocation Failure) 29549K->435K(71296K), 0.0002160 secs]
454.710: [GC (Allocation Failure) 28572K->435K(76992K), 0.0003230 secs]
454.743: [GC (Allocation Failure) 34335K->435K(83776K), 0.0002180 secs]
454.761: [GC (Allocation Failure) 41074K->435K(91968K), 0.0002700 secs]
454.803: [GC (Allocation Failure) 49279K->435K(90176K), 0.0002180 secs]
454.824: [GC (Allocation Failure) 47521K->435K(99648K), 0.0002780 secs]
454.929: [GC (Allocation Failure) 56999K->435K(97472K), 0.0002530 secs]
454.952: [GC (Allocation Failure) 54753K->435K(95424K), 0.0002050 secs]
454.980: [GC (Allocation Failure) 52701K->435K(93440K), 0.0002160 secs]
455.033: [GC (Allocation Failure) 50748K->435K(91584K), 0.0002230 secs]
455.054: [GC (Allocation Failure) 48888K->435K(89792K), 0.0002780 secs]
455.077: [GC (Allocation Failure) 47130K->435K(88064K), 0.0002250 secs]
455.102: [GC (Allocation Failure) 45372K->435K(86464K), 0.0002210 secs]
455.121: [GC (Allocation Failure) 43809K->435K(84928K), 0.0002760 secs]
455.179: [GC (Allocation Failure) 42247K->435K(83456K), 0.0002090 secs]
455.200: [GC (Allocation Failure) 40781K->435K(82048K), 0.0002040 secs]
455.218: [GC (Allocation Failure) 39316K->435K(80704K), 0.0002050 secs]
455.274: [GC (Allocation Failure) 38047K->435K(79424K), 0.0002140 secs]
455.293: [GC (Allocation Failure) 36777K->435K(78208K), 0.0002010 secs]
455.323: [GC (Allocation Failure) 35507K->435K(77056K), 0.0002190 secs]
455.412: [GC (Allocation Failure) 34335K->435K(75904K), 0.0002310 secs]
455.430: [GC (Allocation Failure) 33261K->435K(74816K), 0.0002040 secs]
455.444: [GC (Allocation Failure) 32089K->435K(73792K), 0.0002190 secs]
455.471: [GC (Allocation Failure) 31112K->435K(72832K), 0.0002260 secs]
455.488: [GC (Allocation Failure) 30135K->435K(71872K), 0.0002110 secs]
455.574: [GC (Allocation Failure) 29158K->435K(70976K), 0.0002080 secs]
455.591: [GC (Allocation Failure) 28279K->435K(70144K), 0.0002220 secs]
455.624: [GC (Allocation Failure) 27498K->435K(69312K), 0.0002120 secs]
455.635: [GC (Allocation Failure) 26619K->435K(68544K), 0.0002280 secs]
455.651: [GC (Allocation Failure) 25838K->435K(73664K), 0.0002210 secs]
455.672: [GC (Allocation Failure) 31014K->435K(79808K), 0.0002640 secs]
455.717: [GC (Allocation Failure) 37168K->435K(78592K), 0.0002170 secs]
455.736: [GC (Allocation Failure) 35898K->435K(77376K), 0.0002160 secs]
455.755: [GC (Allocation Failure) 34726K->435K(76224K), 0.0002190 secs]
455.774: [GC (Allocation Failure) 33554K->435K(75136K), 0.0002110 secs]
455.788: [GC (Allocation Failure) 32479K->435K(81600K), 0.0002290 secs]
455.809: [GC (Allocation Failure) 38926K->435K(89344K), 0.0002070 secs]
455.878: [GC (Allocation Failure) 46642K->435K(87680K), 0.0002740 secs]
455.904: [GC (Allocation Failure) 44981K->435K(86080K), 0.0002170 secs]
455.926: [GC (Allocation Failure) 43419K->435K(84544K), 0.0002040 secs]
455.997: [GC (Allocation Failure) 41856K->435K(83072K), 0.0002180 secs]
456.026: [GC (Allocation Failure) 40391K->435K(81664K), 0.0002190 secs]
456.080: [GC (Allocation Failure) 39023K->435K(80320K), 0.0002250 secs]
456.100: [GC (Allocation Failure) 37656K->435K(79040K), 0.0002120 secs]
456.128: [GC (Allocation Failure) 36386K->435K(77824K), 0.0002170 secs]
456.147: [GC (Allocation Failure) 35116K->435K(76672K), 0.0002030 secs]
456.166: [GC (Allocation Failure) 33944K->435K(75584K), 0.0002020 secs]
456.180: [GC (Allocation Failure) 32870K->435K(74560K), 0.0002150 secs]
456.198: [GC (Allocation Failure) 31893K->435K(73536K), 0.0002120 secs]
456.294: [GC (Allocation Failure) 30819K->435K(72576K), 0.0002120 secs]
456.326: [GC (Allocation Failure) 29842K->435K(71680K), 0.0002260 secs]
456.339: [GC (Allocation Failure) 28963K->435K(70784K), 0.0002220 secs]
456.351: [GC (Allocation Failure) 28084K->435K(76352K), 0.0002050 secs]
456.369: [GC (Allocation Failure) 33651K->435K(83008K), 0.0002150 secs]
456.414: [GC (Allocation Failure) 40293K->435K(81600K), 0.0002030 secs]
456.431: [GC (Allocation Failure) 38926K->435K(89344K), 0.0002770 secs]
456.465: [GC (Allocation Failure) 46642K->435K(87680K), 0.0002240 secs]
456.484: [GC (Allocation Failure) 44981K->435K(86080K), 0.0002050 secs]
456.598: [GC (Allocation Failure) 43419K->435K(84544K), 0.0002150 secs]
456.620: [GC (Allocation Failure) 41856K->435K(83072K), 0.0002360 secs]
456.642: [GC (Allocation Failure) 40391K->435K(81664K), 0.0002050 secs]
456.664: [GC (Allocation Failure) 39023K->435K(80320K), 0.0002040 secs]
456.684: [GC (Allocation Failure) 37656K->435K(79040K), 0.0002140 secs]
456.700: [GC (Allocation Failure) 36386K->435K(77824K), 0.0002070 secs]
456.715: [GC (Allocation Failure) 35116K->435K(76672K), 0.0002040 secs]
456.729: [GC (Allocation Failure) 33944K->435K(83392K), 0.0002040 secs]
456.751: [GC (Allocation Failure) 40684K->435K(81984K), 0.0002110 secs]
456.781: [GC (Allocation Failure) 39316K->435K(80640K), 0.0002150 secs]
456.797: [GC (Allocation Failure) 37949K->435K(79360K), 0.0002030 secs]
456.913: [GC (Allocation Failure) 36679K->435K(78144K), 0.0003320 secs]
456.979: [GC (Allocation Failure) 35409K->435K(76992K), 0.0002230 secs]
456.998: [GC (Allocation Failure) 34335K->435K(75904K), 0.0002020 secs]
457.028: [GC (Allocation Failure) 33261K->435K(74816K), 0.0002070 secs]
457.042: [GC (Allocation Failure) 32089K->435K(73792K), 0.0002030 secs]
457.077: [GC (Allocation Failure) 31112K->435K(72832K), 0.0002130 secs]
457.091: [GC (Allocation Failure) 30135K->435K(71872K), 0.0002060 secs]
457.108: [GC (Allocation Failure) 29158K->435K(70976K), 0.0002140 secs]
457.126: [GC (Allocation Failure) 28279K->435K(70144K), 0.0002190 secs]
457.143: [GC (Allocation Failure) 27498K->435K(75584K), 0.0002150 secs]
457.228: [GC (Allocation Failure) 32870K->435K(74560K), 0.0002260 secs]
457.242: [GC (Allocation Failure) 31893K->435K(73536K), 0.0002210 secs]
457.256: [GC (Allocation Failure) 30819K->435K(79680K), 0.0002070 secs]
457.330: [GC (Allocation Failure) 36972K->435K(78464K), 0.0002230 secs]
457.345: [GC (Allocation Failure) 35800K->435K(77312K), 0.0002070 secs]
457.364: [GC (Allocation Failure) 34628K->435K(76160K), 0.0002120 secs]
457.479: [GC (Allocation Failure) 33456K->435K(75072K), 0.0002140 secs]
457.498: [GC (Allocation Failure) 32382K->435K(74048K), 0.0002220 secs]
457.516: [GC (Allocation Failure) 31405K->435K(73088K), 0.0002210 secs]
457.533: [GC (Allocation Failure) 30428K->435K(72128K), 0.0002210 secs]
457.577: [GC (Allocation Failure) 29451K->435K(71232K), 0.0002160 secs]
457.590: [GC (Allocation Failure) 28572K->435K(70400K), 0.0002150 secs]
457.627: [GC (Allocation Failure) 27693K->435K(69568K), 0.0002240 secs]
457.642: [GC (Allocation Failure) 26912K->435K(68800K), 0.0002160 secs]
457.658: [GC (Allocation Failure) 26131K->435K(68032K), 0.0002140 secs]
457.673: [GC (Allocation Failure) 25349K->435K(73024K), 0.0002180 secs]
457.687: [GC (Allocation Failure) 30331K->435K(79040K), 0.0002650 secs]
457.780: [GC (Allocation Failure) 36386K->435K(77824K), 0.0002160 secs]
457.799: [GC (Allocation Failure) 35116K->435K(76672K), 0.0002170 secs]
457.818: [GC (Allocation Failure) 33944K->435K(75584K), 0.0002220 secs]
457.875: [GC (Allocation Failure) 32870K->435K(74560K), 0.0002060 secs]
457.906: [GC (Allocation Failure) 31893K->435K(73536K), 0.0002030 secs]
457.928: [GC (Allocation Failure) 30819K->435K(72576K), 0.0002610 secs]
457.946: [GC (Allocation Failure) 29842K->435K(71680K), 0.0002120 secs]
457.958: [GC (Allocation Failure) 28963K->435K(70784K), 0.0002020 secs]
457.970: [GC (Allocation Failure) 28084K->435K(76352K), 0.0002750 secs]
458.079: [GC (Allocation Failure) 33651K->435K(75264K), 0.0002110 secs]
458.097: [GC (Allocation Failure) 32577K->435K(74240K), 0.0002180 secs]
458.115: [GC (Allocation Failure) 31600K->435K(80512K), 0.0002210 secs]
458.178: [GC (Allocation Failure) 37851K->435K(79232K), 0.0002140 secs]
458.197: [GC (Allocation Failure) 36582K->435K(78016K), 0.0002120 secs]
458.217: [GC (Allocation Failure) 35312K->435K(76864K), 0.0002930 secs]
458.298: [GC (Allocation Failure) 34140K->435K(75776K), 0.0002120 secs]
458.316: [GC (Allocation Failure) 33065K->435K(74688K), 0.0002840 secs]
458.334: [GC (Allocation Failure) 31991K->435K(73664K), 0.0002140 secs]
458.352: [GC (Allocation Failure) 31014K->435K(72704K), 0.0002160 secs]
458.425: [GC (Allocation Failure) 30038K->435K(71808K), 0.0002830 secs]
458.474: [GC (Allocation Failure) 29158K->435K(70912K), 0.0002150 secs]
458.524: [GC (Allocation Failure) 28182K->435K(70080K), 0.0002550 secs]
458.540: [GC (Allocation Failure) 27400K->435K(69248K), 0.0002120 secs]
458.562: [GC (Allocation Failure) 26521K->435K(68480K), 0.0002200 secs]
458.574: [GC (Allocation Failure) 25838K->435K(67712K), 0.0002180 secs]
458.589: [GC (Allocation Failure) 25052K->435K(72640K), 0.0002700 secs]
458.602: [GC (Allocation Failure) 29940K->435K(78592K), 0.0002100 secs]
458.618: [GC (Allocation Failure) 35898K->435K(85696K), 0.0002030 secs]
458.640: [GC (Allocation Failure) 43028K->435K(94272K), 0.0002220 secs]
458.673: [GC (Allocation Failure) 51627K->435K(104512K), 0.0002840 secs]
458.701: [GC (Allocation Failure) 61785K->435K(102080K), 0.0002180 secs]
458.742: [GC (Allocation Failure) 59441K->435K(99776K), 0.0002210 secs]
458.767: [GC (Allocation Failure) 57097K->435K(97600K), 0.0002770 secs]
458.809: [GC (Allocation Failure) 54948K->435K(95552K), 0.0002200 secs]
458.832: [GC (Allocation Failure) 52897K->435K(93568K), 0.0002070 secs]
458.858: [GC (Allocation Failure) 50846K->435K(91712K), 0.0002130 secs]
458.883: [GC (Allocation Failure) 48986K->435K(89920K), 0.0002120 secs]
458.908: [GC (Allocation Failure) 47228K->435K(88192K), 0.0002120 secs]
458.986: [GC (Allocation Failure) 45470K->435K(86592K), 0.0002180 secs]
459.009: [GC (Allocation Failure) 43907K->435K(85056K), 0.0002110 secs]
459.085: [GC (Allocation Failure) 42344K->435K(83584K), 0.0002100 secs]
459.103: [GC (Allocation Failure) 40879K->435K(82176K), 0.0003220 secs]
459.222: [GC (Allocation Failure) 39512K->435K(80832K), 0.0003350 secs]
459.239: [GC (Allocation Failure) 38144K->435K(79552K), 0.0003260 secs]
459.333: [GC (Allocation Failure) 36875K->435K(78336K), 0.0002240 secs]
459.348: [GC (Allocation Failure) 35605K->435K(77184K), 0.0002040 secs]
459.378: [GC (Allocation Failure) 34530K->435K(76032K), 0.0002130 secs]
459.411: [GC (Allocation Failure) 33358K->435K(74944K), 0.0002420 secs]
459.426: [GC (Allocation Failure) 32284K->435K(73920K), 0.0002610 secs]
459.440: [GC (Allocation Failure) 31210K->435K(80128K), 0.0002180 secs]
459.505: [GC (Allocation Failure) 37461K->435K(78848K), 0.0002340 secs]
459.521: [GC (Allocation Failure) 36191K->435K(77632K), 0.0002050 secs]
459.536: [GC (Allocation Failure) 34921K->435K(76480K), 0.0002060 secs]
459.578: [GC (Allocation Failure) 33749K->435K(75392K), 0.0002050 secs]
459.599: [GC (Allocation Failure) 32675K->435K(74368K), 0.0002190 secs]
459.631: [GC (Allocation Failure) 31698K->435K(73344K), 0.0002250 secs]
459.649: [GC (Allocation Failure) 30624K->435K(72384K), 0.0002220 secs]
459.676: [GC (Allocation Failure) 29745K->435K(71488K), 0.0002060 secs]
459.784: [GC (Allocation Failure) 28768K->435K(70592K), 0.0002120 secs]
459.830: [GC (Allocation Failure) 27889K->435K(69760K), 0.0002380 secs]
459.846: [GC (Allocation Failure) 27107K->435K(68992K), 0.0002710 secs]
459.879: [GC (Allocation Failure) 26326K->435K(68224K), 0.0002020 secs]
459.893: [GC (Allocation Failure) 25545K->435K(67520K), 0.0002170 secs]
459.925: [GC (Allocation Failure) 24857K->435K(66816K), 0.0002060 secs]
459.978: [GC (Allocation Failure) 24173K->435K(66112K), 0.0002250 secs]
459.993: [GC (Allocation Failure) 23392K->435K(65472K), 0.0002550 secs]
460.007: [GC (Allocation Failure) 22806K->435K(69952K), 0.0002130 secs]
460.026: [GC (Allocation Failure) 27303K->435K(75328K), 0.0003990 secs]
460.128: [GC (Allocation Failure) 32675K->435K(74304K), 0.0002270 secs]
460.141: [GC (Allocation Failure) 31600K->435K(80576K), 0.0002150 secs]
460.284: [GC (Allocation Failure) 37851K->435K(79296K), 0.0002140 secs]
460.300: [GC (Allocation Failure) 36582K->435K(78080K), 0.0002150 secs]
460.319: [GC (Allocation Failure) 35409K->435K(76928K), 0.0002120 secs]
460.407: [GC (Allocation Failure) 34237K->435K(75840K), 0.0002170 secs]
460.483: [GC (Allocation Failure) 33163K->435K(74752K), 0.0002120 secs]
460.497: [GC (Allocation Failure) 32089K->435K(73728K), 0.0002140 secs]
460.528: [GC (Allocation Failure) 31014K->435K(72768K), 0.0002150 secs]
460.602: [GC (Allocation Failure) 30038K->435K(71808K), 0.0002280 secs]
460.615: [GC (Allocation Failure) 29158K->435K(77568K), 0.0004040 secs]
460.631: [GC (Allocation Failure) 34921K->435K(84480K), 0.0002060 secs]
460.649: [GC (Allocation Failure) 41758K->435K(92800K), 0.0002750 secs]
460.671: [GC (Allocation Failure) 50162K->435K(102784K), 0.0002720 secs]
460.709: [GC (Allocation Failure) 60124K->435K(114752K), 0.0002320 secs]
460.796: [GC (Allocation Failure) 72040K->435K(111872K), 0.0002190 secs]
460.829: [GC (Allocation Failure) 69208K->435K(109120K), 0.0002180 secs]
460.858: [GC (Allocation Failure) 66473K->435K(106496K), 0.0002050 secs]
460.920: [GC (Allocation Failure) 63836K->435K(104000K), 0.0002100 secs]
460.996: [GC (Allocation Failure) 61297K->435K(101632K), 0.0002180 secs]
461.025: [GC (Allocation Failure) 58952K->435K(99392K), 0.0002040 secs]
461.050: [GC (Allocation Failure) 56706K->435K(97216K), 0.0002150 secs]
461.093: [GC (Allocation Failure) 54557K->435K(95168K), 0.0001930 secs]
461.116: [GC (Allocation Failure) 52506K->435K(93184K), 0.0002050 secs]
461.138: [GC (Allocation Failure) 50455K->435K(91328K), 0.0002050 secs]
461.194: [GC (Allocation Failure) 48595K->435K(89536K), 0.0002240 secs]
461.216: [GC (Allocation Failure) 46837K->435K(87872K), 0.0002050 secs]
461.235: [GC (Allocation Failure) 45177K->435K(86272K), 0.0002080 secs]
461.285: [GC (Allocation Failure) 43614K->435K(84736K), 0.0002070 secs]
461.338: [GC (Allocation Failure) 42051K->435K(83264K), 0.0002240 secs]
461.359: [GC (Allocation Failure) 40586K->435K(81856K), 0.0002120 secs]
461.381: [GC (Allocation Failure) 39219K->435K(80512K), 0.0002150 secs]
461.401: [GC (Allocation Failure) 37851K->435K(79232K), 0.0002130 secs]
461.436: [GC (Allocation Failure) 36582K->435K(78016K), 0.0002120 secs]
461.455: [GC (Allocation Failure) 35312K->435K(76864K), 0.0002110 secs]
461.474: [GC (Allocation Failure) 34140K->435K(75776K), 0.0002120 secs]
461.584: [GC (Allocation Failure) 33065K->435K(74688K), 0.0002040 secs]
461.602: [GC (Allocation Failure) 31991K->435K(73664K), 0.0002290 secs]
461.680: [GC (Allocation Failure) 31014K->435K(72704K), 0.0002160 secs]
461.692: [GC (Allocation Failure) 30038K->435K(71808K), 0.0002030 secs]
461.733: [GC (Allocation Failure) 29158K->435K(70912K), 0.0002130 secs]
461.745: [GC (Allocation Failure) 28182K->435K(70080K), 0.0002120 secs]
461.828: [GC (Allocation Failure) 27400K->435K(69248K), 0.0002940 secs]
461.878: [GC (Allocation Failure) 26521K->435K(68480K), 0.0002250 secs]
461.890: [GC (Allocation Failure) 25838K->435K(73600K), 0.0004340 secs]
461.907: [GC (Allocation Failure) 30917K->435K(79744K), 0.0002160 secs]
461.928: [GC (Allocation Failure) 37070K->435K(87104K), 0.0002180 secs]
461.990: [GC (Allocation Failure) 44395K->435K(85504K), 0.0002350 secs]
462.008: [GC (Allocation Failure) 42833K->435K(83968K), 0.0002200 secs]
462.030: [GC (Allocation Failure) 41270K->435K(82560K), 0.0002150 secs]
462.131: [GC (Allocation Failure) 39902K->435K(81216K), 0.0002070 secs]
462.147: [GC (Allocation Failure) 38535K->435K(79936K), 0.0002150 secs]
462.233: [GC (Allocation Failure) 37265K->435K(78656K), 0.0002140 secs]
462.252: [GC (Allocation Failure) 35996K->435K(77440K), 0.0002100 secs]
462.271: [GC (Allocation Failure) 34726K->435K(76288K), 0.0001990 secs]
462.290: [GC (Allocation Failure) 33554K->435K(75200K), 0.0003570 secs]
462.308: [GC (Allocation Failure) 32479K->435K(74176K), 0.0002180 secs]
462.335: [GC (Allocation Failure) 31503K->435K(73152K), 0.0002740 secs]
462.410: [GC (Allocation Failure) 30428K->435K(72192K), 0.0002240 secs]
462.423: [GC (Allocation Failure) 29549K->435K(71296K), 0.0002050 secs]
462.439: [GC (Allocation Failure) 28572K->435K(70400K), 0.0002150 secs]
462.480: [GC (Allocation Failure) 27693K->435K(69568K), 0.0002160 secs]
462.491: [GC (Allocation Failure) 26912K->435K(74880K), 0.0002030 secs]
462.505: [GC (Allocation Failure) 32186K->435K(81280K), 0.0002040 secs]
462.521: [GC (Allocation Failure) 38633K->435K(88960K), 0.0002110 secs]
462.541: [GC (Allocation Failure) 46251K->435K(98176K), 0.0002050 secs]
462.568: [GC (Allocation Failure) 55534K->435K(96064K), 0.0001990 secs]
462.606: [GC (Allocation Failure) 53385K->435K(94080K), 0.0002090 secs]
462.629: [GC (Allocation Failure) 51432K->435K(92160K), 0.0002130 secs]
462.654: [GC (Allocation Failure) 49474K->435K(90368K), 0.0002100 secs]
462.689: [GC (Allocation Failure) 47716K->435K(88640K), 0.0002260 secs]
462.713: [GC (Allocation Failure) 45958K->435K(86976K), 0.0002150 secs]
462.740: [GC (Allocation Failure) 44298K->435K(85376K), 0.0002780 secs]
462.786: [GC (Allocation Failure) 42735K->435K(83904K), 0.0002260 secs]
462.804: [GC (Allocation Failure) 41172K->435K(82496K), 0.0002030 secs]
462.821: [GC (Allocation Failure) 39805K->435K(81152K), 0.0002050 secs]
462.838: [GC (Allocation Failure) 38437K->435K(79872K), 0.0002120 secs]
462.857: [GC (Allocation Failure) 37168K->435K(78656K), 0.0002230 secs]
462.888: [GC (Allocation Failure) 35996K->435K(77440K), 0.0002110 secs]
462.906: [GC (Allocation Failure) 34726K->435K(76288K), 0.0002010 secs]
463.023: [GC (Allocation Failure) 33554K->435K(75200K), 0.0002150 secs]
463.086: [GC (Allocation Failure) 32479K->435K(74176K), 0.0002130 secs]
463.101: [GC (Allocation Failure) 31503K->435K(73152K), 0.0002100 secs]
463.132: [GC (Allocation Failure) 30428K->435K(72192K), 0.0002290 secs]
463.148: [GC (Allocation Failure) 29549K->435K(71296K), 0.0002120 secs]
463.181: [GC (Allocation Failure) 28572K->435K(70400K), 0.0002040 secs]
463.203: [GC (Allocation Failure) 27693K->435K(69568K), 0.0002220 secs]
463.215: [GC (Allocation Failure) 26912K->435K(68800K), 0.0002030 secs]
463.234: [GC (Allocation Failure) 26131K->435K(68032K), 0.0002110 secs]
463.249: [GC (Allocation Failure) 25349K->435K(67328K), 0.0002030 secs]
463.260: [GC (Allocation Failure) 24662K->435K(72192K), 0.0002260 secs]
463.277: [GC (Allocation Failure) 29549K->435K(78016K), 0.0002240 secs]
463.338: [GC (Allocation Failure) 35312K->435K(76864K), 0.0002110 secs]
463.357: [GC (Allocation Failure) 34140K->435K(75776K), 0.0002050 secs]
463.371: [GC (Allocation Failure) 33065K->435K(82368K), 0.0002200 secs]
463.414: [GC (Allocation Failure) 39707K->435K(81024K), 0.0002410 secs]
463.431: [GC (Allocation Failure) 38340K->435K(79744K), 0.0002130 secs]
463.447: [GC (Allocation Failure) 37070K->435K(78528K), 0.0002050 secs]
463.484: [GC (Allocation Failure) 35800K->435K(77312K), 0.0002100 secs]
463.503: [GC (Allocation Failure) 34628K->435K(76160K), 0.0002780 secs]
463.518: [GC (Allocation Failure) 33456K->435K(82816K), 0.0002280 secs]
463.590: [GC (Allocation Failure) 40098K->435K(81408K), 0.0002660 secs]
463.608: [GC (Allocation Failure) 38730K->435K(80064K), 0.0002210 secs]
463.689: [GC (Allocation Failure) 37363K->435K(78784K), 0.0002220 secs]
463.708: [GC (Allocation Failure) 36093K->435K(77568K), 0.0002110 secs]
463.734: [GC (Allocation Failure) 34921K->435K(76416K), 0.0002740 secs]
463.888: [GC (Allocation Failure) 33749K->435K(75328K), 0.0002220 secs]
463.902: [GC (Allocation Failure) 32675K->435K(74304K), 0.0002180 secs]
463.916: [GC (Allocation Failure) 31600K->435K(73280K), 0.0002050 secs]
463.929: [GC (Allocation Failure) 30624K->435K(79360K), 0.0002090 secs]
463.945: [GC (Allocation Failure) 36679K->435K(86656K), 0.0002230 secs]
463.967: [GC (Allocation Failure) 44005K->435K(95424K), 0.0002220 secs]
464.046: [GC (Allocation Failure) 52701K->435K(93440K), 0.0002120 secs]
464.070: [GC (Allocation Failure) 50748K->435K(91584K), 0.0001990 secs]
464.091: [GC (Allocation Failure) 48888K->435K(89792K), 0.0002150 secs]
464.115: [GC (Allocation Failure) 47130K->435K(88064K), 0.0002210 secs]
464.139: [GC (Allocation Failure) 45372K->435K(86464K), 0.0002140 secs]
464.162: [GC (Allocation Failure) 43809K->435K(84928K), 0.0002010 secs]
464.181: [GC (Allocation Failure) 42247K->435K(83456K), 0.0002300 secs]
464.198: [GC (Allocation Failure) 40781K->435K(82048K), 0.0002150 secs]
464.291: [GC (Allocation Failure) 39316K->435K(80704K), 0.0002120 secs]
464.312: [GC (Allocation Failure) 38047K->435K(79424K), 0.0002070 secs]
464.328: [GC (Allocation Failure) 36777K->435K(78208K), 0.0002080 secs]
464.343: [GC (Allocation Failure) 35507K->435K(77056K), 0.0002070 secs]
464.358: [GC (Allocation Failure) 34335K->435K(83904K), 0.0002150 secs]
464.410: [GC (Allocation Failure) 41172K->435K(82496K), 0.0002070 secs]
464.487: [GC (Allocation Failure) 39805K->435K(81152K), 0.0002150 secs]
464.504: [GC (Allocation Failure) 38437K->435K(79872K), 0.0002040 secs]
464.536: [GC (Allocation Failure) 37168K->435K(78656K), 0.0002150 secs]
464.556: [GC (Allocation Failure) 35996K->435K(77440K), 0.0002250 secs]
464.590: [GC (Allocation Failure) 34726K->435K(76288K), 0.0002020 secs]
464.608: [GC (Allocation Failure) 33554K->435K(75200K), 0.0002030 secs]
464.622: [GC (Allocation Failure) 32479K->435K(74176K), 0.0002300 secs]
464.640: [GC (Allocation Failure) 31503K->435K(73152K), 0.0002140 secs]
464.660: [GC (Allocation Failure) 30428K->435K(79168K), 0.0004390 secs]
464.713: [GC (Allocation Failure) 36484K->435K(77952K), 0.0002280 secs]
464.732: [GC (Allocation Failure) 35312K->435K(76800K), 0.0002150 secs]
464.751: [GC (Allocation Failure) 34140K->435K(75712K), 0.0002130 secs]
464.765: [GC (Allocation Failure) 33065K->435K(82240K), 0.0002320 secs]
464.786: [GC (Allocation Failure) 39512K->435K(90112K), 0.0002120 secs]
464.811: [GC (Allocation Failure) 47423K->435K(88384K), 0.0002110 secs]
464.840: [GC (Allocation Failure) 45665K->435K(86720K), 0.0002260 secs]
464.863: [GC (Allocation Failure) 44005K->435K(85184K), 0.0002140 secs]
464.889: [GC (Allocation Failure) 42540K->435K(83712K), 0.0002030 secs]
464.910: [GC (Allocation Failure) 41074K->435K(82304K), 0.0002200 secs]
464.935: [GC (Allocation Failure) 39609K->435K(80960K), 0.0002140 secs]
465.041: [GC (Allocation Failure) 38242K->435K(79680K), 0.0002120 secs]
465.057: [GC (Allocation Failure) 36972K->435K(78464K), 0.0002020 secs]
465.091: [GC (Allocation Failure) 35800K->435K(77312K), 0.0002150 secs]
465.106: [GC (Allocation Failure) 34628K->435K(76160K), 0.0002130 secs]
465.124: [GC (Allocation Failure) 33456K->435K(75072K), 0.0002200 secs]
465.185: [GC (Allocation Failure) 32382K->435K(74048K), 0.0002140 secs]
465.198: [GC (Allocation Failure) 31405K->435K(73088K), 0.0002050 secs]
465.211: [GC (Allocation Failure) 30428K->435K(79104K), 0.0002140 secs]
465.337: [GC (Allocation Failure) 36386K->435K(77888K), 0.0002230 secs]
465.356: [GC (Allocation Failure) 35214K->435K(76736K), 0.0002080 secs]
465.386: [GC (Allocation Failure) 34042K->435K(75648K), 0.0002160 secs]
465.439: [GC (Allocation Failure) 32968K->435K(74560K), 0.0002130 secs]
465.453: [GC (Allocation Failure) 31893K->435K(73536K), 0.0002700 secs]
465.485: [GC (Allocation Failure) 30819K->435K(72576K), 0.0002120 secs]
465.499: [GC (Allocation Failure) 29842K->435K(78528K), 0.0002770 secs]
465.592: [GC (Allocation Failure) 35800K->435K(77312K), 0.0002220 secs]
465.607: [GC (Allocation Failure) 34628K->435K(76160K), 0.0002060 secs]
465.636: [GC (Allocation Failure) 33456K->435K(75072K), 0.0002160 secs]
465.650: [GC (Allocation Failure) 32382K->435K(74048K), 0.0002050 secs]
465.728: [GC (Allocation Failure) 31405K->435K(73088K), 0.0002230 secs]
465.745: [GC (Allocation Failure) 30428K->435K(72128K), 0.0002040 secs]
465.762: [GC (Allocation Failure) 29451K->435K(71232K), 0.0002160 secs]
465.775: [GC (Allocation Failure) 28572K->435K(76864K), 0.0002770 secs]
465.791: [GC (Allocation Failure) 34140K->435K(83648K), 0.0002060 secs]
465.914: [GC (Allocation Failure) 40977K->435K(82240K), 0.0002080 secs]
465.935: [GC (Allocation Failure) 39512K->435K(80896K), 0.0002050 secs]
465.955: [GC (Allocation Failure) 38242K->435K(79616K), 0.0002180 secs]
465.972: [GC (Allocation Failure) 36972K->435K(78400K), 0.0002160 secs]
465.987: [GC (Allocation Failure) 35702K->435K(77248K), 0.0002050 secs]
466.002: [GC (Allocation Failure) 34530K->435K(84096K), 0.0002050 secs]
466.044: [GC (Allocation Failure) 41367K->435K(82624K), 0.0002850 secs]
466.061: [GC (Allocation Failure) 39902K->435K(81280K), 0.0002140 secs]
466.089: [GC (Allocation Failure) 38633K->435K(80000K), 0.0002130 secs]
466.109: [GC (Allocation Failure) 37363K->435K(78720K), 0.0002130 secs]
466.238: [GC (Allocation Failure) 35996K->435K(77504K), 0.0002140 secs]
466.257: [GC (Allocation Failure) 34823K->435K(76352K), 0.0002020 secs]
466.287: [GC (Allocation Failure) 33651K->435K(75264K), 0.0002750 secs]
466.339: [GC (Allocation Failure) 32577K->435K(74240K), 0.0002240 secs]
466.357: [GC (Allocation Failure) 31600K->435K(73216K), 0.0002250 secs]
466.370: [GC (Allocation Failure) 30526K->435K(72256K), 0.0002060 secs]
466.385: [GC (Allocation Failure) 29549K->435K(71360K), 0.0002120 secs]
466.398: [GC (Allocation Failure) 28670K->435K(77056K), 0.0002030 secs]
466.412: [GC (Allocation Failure) 34335K->435K(83904K), 0.0002150 secs]
466.495: [GC (Allocation Failure) 41172K->435K(82496K), 0.0002220 secs]
466.516: [GC (Allocation Failure) 39805K->435K(81152K), 0.0002140 secs]
466.537: [GC (Allocation Failure) 38437K->435K(79872K), 0.0002100 secs]
466.553: [GC (Allocation Failure) 37168K->435K(78656K), 0.0002190 secs]
466.589: [GC (Allocation Failure) 35996K->435K(77440K), 0.0002720 secs]
466.623: [GC (Allocation Failure) 34726K->435K(76288K), 0.0002070 secs]
466.642: [GC (Allocation Failure) 33554K->435K(75200K), 0.0002010 secs]
466.683: [GC (Allocation Failure) 32479K->435K(74176K), 0.0002170 secs]
466.698: [GC (Allocation Failure) 31503K->435K(80448K), 0.0003100 secs]
466.714: [GC (Allocation Failure) 37754K->435K(87936K), 0.0002020 secs]
466.745: [GC (Allocation Failure) 45274K->435K(86336K), 0.0002190 secs]
466.796: [GC (Allocation Failure) 43614K->435K(84800K), 0.0002230 secs]
466.819: [GC (Allocation Failure) 42149K->435K(83328K), 0.0002060 secs]
466.836: [GC (Allocation Failure) 40684K->435K(81920K), 0.0002070 secs]
466.853: [GC (Allocation Failure) 39219K->435K(80576K), 0.0002160 secs]
466.869: [GC (Allocation Failure) 37851K->435K(79296K), 0.0002020 secs]
466.889: [GC (Allocation Failure) 36582K->435K(78080K), 0.0002180 secs]
466.908: [GC (Allocation Failure) 35409K->435K(85120K), 0.0002820 secs]
466.927: [GC (Allocation Failure) 42442K->435K(93568K), 0.0002050 secs]
467.097: [GC (Allocation Failure) 50846K->435K(91712K), 0.0001910 secs]
467.121: [GC (Allocation Failure) 48986K->435K(89920K), 0.0002040 secs]
467.145: [GC (Allocation Failure) 47228K->435K(88192K), 0.0002140 secs]
467.168: [GC (Allocation Failure) 45470K->435K(86592K), 0.0002020 secs]
467.193: [GC (Allocation Failure) 43907K->435K(85056K), 0.0002760 secs]
467.219: [GC (Allocation Failure) 42344K->435K(83584K), 0.0002140 secs]
467.237: [GC (Allocation Failure) 40879K->435K(82176K), 0.0002160 secs]
467.258: [GC (Allocation Failure) 39512K->435K(80832K), 0.0002130 secs]
467.345: [GC (Allocation Failure) 38144K->435K(79552K), 0.0002180 secs]
467.365: [GC (Allocation Failure) 36875K->435K(78336K), 0.0002160 secs]
467.380: [GC (Allocation Failure) 35605K->435K(77184K), 0.0002290 secs]
467.395: [GC (Allocation Failure) 34530K->435K(76032K), 0.0002160 secs]
467.439: [GC (Allocation Failure) 33358K->435K(74944K), 0.0002250 secs]
467.457: [GC (Allocation Failure) 32284K->435K(73920K), 0.0002440 secs]
467.488: [GC (Allocation Failure) 31210K->435K(72960K), 0.0002160 secs]
467.538: [GC (Allocation Failure) 30233K->435K(72000K), 0.0002140 secs]
467.551: [GC (Allocation Failure) 29354K->435K(71104K), 0.0002200 secs]
467.567: [GC (Allocation Failure) 28377K->435K(70272K), 0.0002150 secs]
467.591: [GC (Allocation Failure) 27596K->435K(69440K), 0.0002060 secs]
467.607: [GC (Allocation Failure) 26717K->435K(68672K), 0.0002280 secs]
467.735: [GC (Allocation Failure) 26033K->435K(67904K), 0.0002780 secs]
467.790: [GC (Allocation Failure) 25250K->435K(67200K), 0.0002230 secs]
467.800: [GC (Allocation Failure) 24466K->435K(66496K), 0.0002180 secs]
467.908: [GC (Allocation Failure) 23783K->435K(65856K), 0.0002280 secs]
467.922: [GC (Allocation Failure) 23196K->435K(65216K), 0.0002710 secs]
467.933: [GC (Allocation Failure) 22513K->435K(69696K), 0.0002310 secs]
467.986: [GC (Allocation Failure) 27010K->435K(68928K), 0.0002050 secs]
468.013: [GC (Allocation Failure) 26228K->435K(68160K), 0.0002450 secs]
468.024: [GC (Allocation Failure) 25447K->435K(73216K), 0.0002040 secs]
468.041: [GC (Allocation Failure) 30526K->435K(79296K), 0.0002730 secs]
468.057: [GC (Allocation Failure) 36582K->435K(86592K), 0.0002050 secs]
468.094: [GC (Allocation Failure) 43907K->435K(85056K), 0.0002260 secs]
468.112: [GC (Allocation Failure) 42344K->435K(83584K), 0.0002120 secs]
468.147: [GC (Allocation Failure) 40879K->435K(82176K), 0.0002410 secs]
468.165: [GC (Allocation Failure) 39512K->435K(80832K), 0.0002160 secs]
468.186: [GC (Allocation Failure) 38144K->435K(79552K), 0.0002100 secs]
468.245: [GC (Allocation Failure) 36875K->435K(78336K), 0.0002030 secs]
468.261: [GC (Allocation Failure) 35605K->435K(77184K), 0.0002040 secs]
468.291: [GC (Allocation Failure) 34530K->435K(76032K), 0.0002040 secs]
468.313: [GC (Allocation Failure) 33358K->435K(74944K), 0.0002220 secs]
468.344: [GC (Allocation Failure) 32284K->435K(73920K), 0.0002300 secs]
468.362: [GC (Allocation Failure) 31210K->435K(72960K), 0.0002240 secs]
468.380: [GC (Allocation Failure) 30233K->435K(72000K), 0.0002660 secs]
468.393: [GC (Allocation Failure) 29354K->435K(77824K), 0.0002150 secs]
468.418: [GC (Allocation Failure) 35116K->435K(76672K), 0.0002120 secs]
468.436: [GC (Allocation Failure) 33944K->435K(75584K), 0.0002080 secs]
468.450: [GC (Allocation Failure) 32870K->435K(82112K), 0.0002190 secs]
468.543: [GC (Allocation Failure) 39414K->435K(80768K), 0.0002270 secs]
468.559: [GC (Allocation Failure) 38047K->435K(79488K), 0.0002030 secs]
468.576: [GC (Allocation Failure) 36777K->435K(78272K), 0.0002010 secs]
468.592: [GC (Allocation Failure) 35605K->435K(85312K), 0.0002530 secs]
468.616: [GC (Allocation Failure) 42637K->435K(83840K), 0.0002140 secs]
468.644: [GC (Allocation Failure) 41172K->435K(82432K), 0.0002060 secs]
468.667: [GC (Allocation Failure) 39707K->435K(81088K), 0.0002120 secs]
468.688: [GC (Allocation Failure) 38437K->435K(79808K), 0.0002010 secs]
468.704: [GC (Allocation Failure) 37168K->435K(87168K), 0.0003230 secs]
468.750: [GC (Allocation Failure) 44493K->435K(85568K), 0.0002410 secs]
468.773: [GC (Allocation Failure) 42930K->435K(84032K), 0.0002230 secs]
468.799: [GC (Allocation Failure) 41367K->435K(82624K), 0.0002080 secs]
468.816: [GC (Allocation Failure) 39902K->435K(81280K), 0.0002140 secs]
468.893: [GC (Allocation Failure) 38633K->435K(80000K), 0.0002130 secs]
468.913: [GC (Allocation Failure) 37363K->435K(78720K), 0.0002130 secs]
468.929: [GC (Allocation Failure) 35996K->435K(77504K), 0.0002150 secs]
468.948: [GC (Allocation Failure) 34823K->435K(76352K), 0.0002030 secs]
468.962: [GC (Allocation Failure) 33651K->435K(75264K), 0.0002160 secs]
468.976: [GC (Allocation Failure) 32577K->435K(81728K), 0.0002130 secs]
468.993: [GC (Allocation Failure) 39023K->435K(89472K), 0.0002030 secs]
469.125: [GC (Allocation Failure) 46739K->435K(87808K), 0.0003040 secs]
469.149: [GC (Allocation Failure) 45079K->435K(86208K), 0.0002140 secs]
469.199: [GC (Allocation Failure) 43516K->435K(84672K), 0.0002250 secs]
469.221: [GC (Allocation Failure) 41953K->435K(83200K), 0.0002130 secs]
469.348: [GC (Allocation Failure) 40488K->435K(81792K), 0.0002230 secs]
469.366: [GC (Allocation Failure) 39121K->435K(80448K), 0.0002740 secs]
469.397: [GC (Allocation Failure) 37754K->435K(79168K), 0.0002140 secs]
469.417: [GC (Allocation Failure) 36484K->435K(77952K), 0.0002010 secs]
469.496: [GC (Allocation Failure) 35312K->435K(76800K), 0.0002030 secs]
469.516: [GC (Allocation Failure) 34140K->435K(75712K), 0.0002060 secs]
469.545: [GC (Allocation Failure) 33065K->435K(74624K), 0.0002150 secs]
469.559: [GC (Allocation Failure) 31893K->435K(73600K), 0.0002060 secs]
469.595: [GC (Allocation Failure) 30917K->435K(72640K), 0.0002240 secs]
469.608: [GC (Allocation Failure) 29940K->435K(71744K), 0.0002040 secs]
469.640: [GC (Allocation Failure) 29061K->435K(70848K), 0.0002730 secs]
469.657: [GC (Allocation Failure) 28182K->435K(70016K), 0.0002120 secs]
469.689: [GC (Allocation Failure) 27303K->435K(69184K), 0.0002230 secs]
469.701: [GC (Allocation Failure) 26521K->435K(74432K), 0.0002260 secs]
469.718: [GC (Allocation Failure) 31698K->435K(80704K), 0.0002120 secs]
469.741: [GC (Allocation Failure) 38047K->435K(79424K), 0.0002060 secs]
469.757: [GC (Allocation Failure) 36777K->435K(86720K), 0.0002190 secs]
469.792: [GC (Allocation Failure) 44005K->435K(85184K), 0.0002160 secs]
469.810: [GC (Allocation Failure) 42540K->435K(83712K), 0.0002150 secs]
469.832: [GC (Allocation Failure) 41074K->435K(82304K), 0.0002110 secs]
469.853: [GC (Allocation Failure) 39609K->435K(80960K), 0.0002120 secs]
469.874: [GC (Allocation Failure) 38242K->435K(79680K), 0.0002090 secs]
469.890: [GC (Allocation Failure) 36972K->435K(87040K), 0.0003220 secs]
469.947: [GC (Allocation Failure) 44395K->435K(85440K), 0.0002170 secs]
470.000: [GC (Allocation Failure) 42735K->435K(83968K), 0.0002220 secs]
470.018: [GC (Allocation Failure) 41270K->435K(82560K), 0.0002040 secs]
470.039: [GC (Allocation Failure) 39902K->435K(81216K), 0.0002130 secs]
470.056: [GC (Allocation Failure) 38535K->435K(79936K), 0.0002000 secs]
470.072: [GC (Allocation Failure) 37265K->435K(78656K), 0.0002130 secs]
470.091: [GC (Allocation Failure) 35996K->435K(77440K), 0.0002140 secs]
470.111: [GC (Allocation Failure) 34726K->435K(76288K), 0.0002120 secs]
470.128: [GC (Allocation Failure) 33554K->435K(75200K), 0.0002090 secs]
470.142: [GC (Allocation Failure) 32479K->435K(81664K), 0.0002050 secs]
470.159: [GC (Allocation Failure) 39023K->435K(89408K), 0.0002050 secs]
470.203: [GC (Allocation Failure) 46739K->435K(87744K), 0.0002400 secs]
470.227: [GC (Allocation Failure) 45079K->435K(86144K), 0.0002240 secs]
470.301: [GC (Allocation Failure) 43419K->435K(84608K), 0.0002050 secs]
470.321: [GC (Allocation Failure) 41953K->435K(83136K), 0.0002060 secs]
470.399: [GC (Allocation Failure) 40488K->435K(81728K), 0.0002070 secs]
470.420: [GC (Allocation Failure) 39023K->435K(80384K), 0.0002120 secs]
470.444: [GC (Allocation Failure) 37656K->435K(79104K), 0.0002150 secs]
470.464: [GC (Allocation Failure) 36386K->435K(77888K), 0.0002220 secs]
470.536: [GC (Allocation Failure) 35214K->435K(76736K), 0.0002740 secs]
470.596: [GC (Allocation Failure) 34042K->435K(75648K), 0.0002140 secs]
470.614: [GC (Allocation Failure) 32968K->435K(74560K), 0.0002030 secs]
470.628: [GC (Allocation Failure) 31893K->435K(73536K), 0.0002040 secs]
470.642: [GC (Allocation Failure) 30819K->435K(72576K), 0.0002030 secs]
470.661: [GC (Allocation Failure) 29842K->435K(71680K), 0.0002340 secs]
470.674: [GC (Allocation Failure) 28963K->435K(77440K), 0.0002150 secs]
470.698: [GC (Allocation Failure) 34726K->435K(84352K), 0.0002230 secs]
470.717: [GC (Allocation Failure) 41660K->435K(82880K), 0.0002000 secs]
470.850: [GC (Allocation Failure) 40195K->435K(81472K), 0.0003380 secs]
470.872: [GC (Allocation Failure) 38828K->435K(80128K), 0.0002200 secs]
470.893: [GC (Allocation Failure) 37461K->435K(78848K), 0.0002680 secs]
470.909: [GC (Allocation Failure) 36191K->435K(77632K), 0.0002190 secs]
470.924: [GC (Allocation Failure) 34921K->435K(76480K), 0.0002040 secs]
470.939: [GC (Allocation Failure) 33749K->435K(83200K), 0.0002030 secs]
470.960: [GC (Allocation Failure) 40488K->435K(81792K), 0.0002110 secs]
470.996: [GC (Allocation Failure) 39121K->435K(80448K), 0.0002770 secs]
471.141: [GC (Allocation Failure) 37754K->435K(79168K), 0.0002750 secs]
471.161: [GC (Allocation Failure) 36484K->435K(77952K), 0.0002230 secs]
471.199: [GC (Allocation Failure) 35312K->435K(76800K), 0.0002110 secs]
471.218: [GC (Allocation Failure) 34140K->435K(75712K), 0.0002060 secs]
471.232: [GC (Allocation Failure) 33065K->435K(74624K), 0.0002180 secs]
471.250: [GC (Allocation Failure) 31893K->435K(73600K), 0.0002110 secs]
471.293: [GC (Allocation Failure) 30917K->435K(72640K), 0.0002150 secs]
471.309: [GC (Allocation Failure) 29940K->435K(71744K), 0.0002150 secs]
471.326: [GC (Allocation Failure) 29061K->435K(70848K), 0.0002160 secs]
471.338: [GC (Allocation Failure) 28182K->435K(76416K), 0.0002170 secs]
471.411: [GC (Allocation Failure) 33749K->435K(75328K), 0.0002420 secs]
471.426: [GC (Allocation Failure) 32675K->435K(81792K), 0.0002670 secs]
471.447: [GC (Allocation Failure) 39121K->435K(80448K), 0.0002010 secs]
471.464: [GC (Allocation Failure) 37754K->435K(87936K), 0.0002180 secs]
471.504: [GC (Allocation Failure) 45274K->435K(96960K), 0.0008980 secs]
471.530: [GC (Allocation Failure) 54264K->435K(107776K), 0.0002230 secs]
471.558: [GC (Allocation Failure) 65106K->435K(120768K), 0.0002070 secs]
471.614: [GC (Allocation Failure) 78100K->435K(117568K), 0.0002170 secs]
471.650: [GC (Allocation Failure) 74877K->435K(114560K), 0.0002740 secs]
471.685: [GC (Allocation Failure) 71845K->435K(111680K), 0.0002120 secs]
471.714: [GC (Allocation Failure) 69013K->435K(108928K), 0.0002050 secs]
471.809: [GC (Allocation Failure) 66278K->435K(106304K), 0.0002150 secs]
471.862: [GC (Allocation Failure) 63641K->435K(103808K), 0.0002230 secs]
471.892: [GC (Allocation Failure) 61101K->435K(101440K), 0.0002200 secs]
471.938: [GC (Allocation Failure) 58757K->435K(99200K), 0.0002270 secs]
471.963: [GC (Allocation Failure) 56511K->435K(97024K), 0.0002070 secs]
471.990: [GC (Allocation Failure) 54362K->435K(94976K), 0.0002240 secs]
472.031: [GC (Allocation Failure) 52311K->435K(93056K), 0.0002030 secs]
472.057: [GC (Allocation Failure) 50357K->435K(91200K), 0.0002180 secs]
472.078: [GC (Allocation Failure) 48498K->435K(89408K), 0.0002150 secs]
472.102: [GC (Allocation Failure) 46739K->435K(87744K), 0.0002240 secs]
472.155: [GC (Allocation Failure) 45079K->435K(86144K), 0.0002230 secs]
472.174: [GC (Allocation Failure) 43419K->435K(84608K), 0.0002030 secs]
472.192: [GC (Allocation Failure) 41953K->435K(83136K), 0.0002060 secs]
472.213: [GC (Allocation Failure) 40488K->435K(81728K), 0.0002160 secs]
472.298: [GC (Allocation Failure) 39023K->435K(80384K), 0.0002140 secs]
472.401: [GC (Allocation Failure) 37656K->435K(79104K), 0.0002230 secs]
472.417: [GC (Allocation Failure) 36386K->435K(77888K), 0.0002050 secs]
472.450: [GC (Allocation Failure) 35214K->435K(76736K), 0.0002230 secs]
472.465: [GC (Allocation Failure) 34042K->435K(75648K), 0.0002170 secs]
472.479: [GC (Allocation Failure) 32968K->435K(74560K), 0.0002040 secs]
472.497: [GC (Allocation Failure) 31893K->435K(73536K), 0.0002420 secs]
472.514: [GC (Allocation Failure) 30819K->435K(72576K), 0.0002010 secs]
472.531: [GC (Allocation Failure) 29842K->435K(78528K), 0.0002320 secs]
472.547: [GC (Allocation Failure) 35800K->435K(85632K), 0.0002170 secs]
472.600: [GC (Allocation Failure) 42930K->435K(84096K), 0.0002110 secs]
472.627: [GC (Allocation Failure) 41367K->435K(82624K), 0.0002820 secs]
472.646: [GC (Allocation Failure) 39902K->435K(81280K), 0.0001850 secs]
472.666: [GC (Allocation Failure) 38633K->435K(80000K), 0.0002210 secs]
472.698: [GC (Allocation Failure) 37363K->435K(78720K), 0.0002050 secs]
472.725: [GC (Allocation Failure) 35996K->435K(77504K), 0.0002160 secs]
472.740: [GC (Allocation Failure) 34823K->435K(76352K), 0.0002070 secs]
472.758: [GC (Allocation Failure) 33651K->435K(75264K), 0.0002160 secs]
472.776: [GC (Allocation Failure) 32577K->435K(74240K), 0.0002110 secs]
472.794: [GC (Allocation Failure) 31600K->435K(73216K), 0.0002150 secs]
472.807: [GC (Allocation Failure) 30526K->435K(79296K), 0.0002240 secs]
472.827: [GC (Allocation Failure) 36582K->435K(86592K), 0.0002160 secs]
472.850: [GC (Allocation Failure) 43907K->435K(85056K), 0.0002130 secs]
472.873: [GC (Allocation Failure) 42344K->435K(83584K), 0.0002500 secs]
472.890: [GC (Allocation Failure) 40879K->435K(82176K), 0.0002040 secs]
472.911: [GC (Allocation Failure) 39512K->435K(90048K), 0.0002720 secs]
472.932: [GC (Allocation Failure) 47325K->435K(88320K), 0.0002170 secs]
472.951: [GC (Allocation Failure) 45665K->435K(86656K), 0.0002040 secs]
473.005: [GC (Allocation Failure) 44005K->435K(85120K), 0.0002140 secs]
473.024: [GC (Allocation Failure) 42442K->435K(83648K), 0.0002190 secs]
473.050: [GC (Allocation Failure) 40977K->435K(82240K), 0.0002120 secs]
473.071: [GC (Allocation Failure) 39512K->435K(80896K), 0.0002040 secs]
473.091: [GC (Allocation Failure) 38242K->435K(79616K), 0.0002220 secs]
473.133: [GC (Allocation Failure) 36972K->435K(78400K), 0.0002800 secs]
473.152: [GC (Allocation Failure) 35702K->435K(77248K), 0.0002140 secs]
473.171: [GC (Allocation Failure) 34530K->435K(76096K), 0.0002050 secs]
473.185: [GC (Allocation Failure) 33456K->435K(75008K), 0.0002150 secs]
473.250: [GC (Allocation Failure) 32284K->435K(73984K), 0.0002150 secs]
473.264: [GC (Allocation Failure) 31307K->435K(80192K), 0.0003250 secs]
473.303: [GC (Allocation Failure) 37461K->435K(87616K), 0.0003360 secs]
473.326: [GC (Allocation Failure) 44884K->435K(86016K), 0.0002070 secs]
473.349: [GC (Allocation Failure) 43321K->435K(84480K), 0.0002120 secs]
473.371: [GC (Allocation Failure) 41758K->435K(83008K), 0.0002120 secs]
473.388: [GC (Allocation Failure) 40293K->435K(81600K), 0.0002040 secs]
473.450: [GC (Allocation Failure) 38926K->435K(80256K), 0.0002020 secs]
473.499: [GC (Allocation Failure) 37558K->435K(78976K), 0.0002110 secs]
473.515: [GC (Allocation Failure) 36289K->435K(77760K), 0.0002040 secs]
473.530: [GC (Allocation Failure) 35116K->435K(76608K), 0.0002150 secs]
473.544: [GC (Allocation Failure) 33944K->435K(75520K), 0.0002140 secs]
473.601: [GC (Allocation Failure) 32870K->435K(74496K), 0.0004310 secs]
473.619: [GC (Allocation Failure) 31796K->435K(73472K), 0.0002150 secs]
473.633: [GC (Allocation Failure) 30819K->435K(79552K), 0.0002010 secs]
473.653: [GC (Allocation Failure) 36875K->435K(78336K), 0.0002120 secs]
473.748: [GC (Allocation Failure) 35605K->435K(77184K), 0.0002050 secs]
473.798: [GC (Allocation Failure) 34530K->435K(76032K), 0.0002250 secs]
473.812: [GC (Allocation Failure) 33358K->435K(74944K), 0.0002050 secs]
473.847: [GC (Allocation Failure) 32284K->435K(73920K), 0.0002250 secs]
473.861: [GC (Allocation Failure) 31210K->435K(72960K), 0.0002180 secs]
473.873: [GC (Allocation Failure) 30233K->435K(78976K), 0.0002140 secs]
473.889: [GC (Allocation Failure) 36289K->435K(86208K), 0.0002710 secs]
473.934: [GC (Allocation Failure) 43516K->435K(84672K), 0.0002080 secs]
473.955: [GC (Allocation Failure) 41953K->435K(83200K), 0.0002140 secs]
473.973: [GC (Allocation Failure) 40488K->435K(81792K), 0.0002020 secs]
473.994: [GC (Allocation Failure) 39121K->435K(80448K), 0.0002140 secs]
474.010: [GC (Allocation Failure) 37754K->435K(79168K), 0.0002040 secs]
474.103: [GC (Allocation Failure) 36484K->435K(77952K), 0.0002120 secs]
474.123: [GC (Allocation Failure) 35312K->435K(76800K), 0.0002030 secs]
474.148: [GC (Allocation Failure) 34140K->435K(75712K), 0.0002140 secs]
474.166: [GC (Allocation Failure) 33065K->435K(74624K), 0.0002020 secs]
474.180: [GC (Allocation Failure) 31893K->435K(73600K), 0.0002070 secs]
474.197: [GC (Allocation Failure) 30917K->435K(72640K), 0.0002110 secs]
474.210: [GC (Allocation Failure) 29940K->435K(78592K), 0.0002200 secs]
474.226: [GC (Allocation Failure) 35898K->435K(85696K), 0.0002140 secs]
474.332: [GC (Allocation Failure) 43028K->435K(84160K), 0.0002330 secs]
474.406: [GC (Allocation Failure) 41465K->435K(82688K), 0.0002080 secs]
474.427: [GC (Allocation Failure) 40000K->435K(81344K), 0.0002080 secs]
474.448: [GC (Allocation Failure) 38633K->435K(80000K), 0.0002130 secs]
474.464: [GC (Allocation Failure) 37363K->435K(78720K), 0.0002170 secs]
474.484: [GC (Allocation Failure) 35996K->435K(77504K), 0.0002100 secs]
474.594: [GC (Allocation Failure) 34823K->435K(76352K), 0.0002750 secs]
474.630: [GC (Allocation Failure) 33651K->435K(75264K), 0.0002050 secs]
474.665: [GC (Allocation Failure) 32577K->435K(74240K), 0.0002280 secs]
474.683: [GC (Allocation Failure) 31600K->435K(73216K), 0.0002210 secs]
474.698: [GC (Allocation Failure) 30526K->435K(72256K), 0.0002300 secs]
474.715: [GC (Allocation Failure) 29549K->435K(71360K), 0.0002060 secs]
474.733: [GC (Allocation Failure) 28670K->435K(70464K), 0.0002130 secs]
474.896: [GC (Allocation Failure) 27791K->435K(69632K), 0.0002930 secs]
474.949: [GC (Allocation Failure) 26912K->435K(68864K), 0.0002040 secs]
475.000: [GC (Allocation Failure) 26131K->435K(68096K), 0.0002190 secs]
475.011: [GC (Allocation Failure) 25447K->435K(73152K), 0.0003230 secs]
475.048: [GC (Allocation Failure) 30428K->435K(72192K), 0.0002330 secs]
475.129: [GC (Allocation Failure) 29549K->435K(71296K), 0.0002310 secs]
475.142: [GC (Allocation Failure) 28572K->435K(76992K), 0.0002680 secs]
475.193: [GC (Allocation Failure) 34335K->435K(75904K), 0.0002160 secs]
475.208: [GC (Allocation Failure) 33261K->435K(74816K), 0.0002300 secs]
475.226: [GC (Allocation Failure) 32089K->435K(73792K), 0.0002040 secs]
475.239: [GC (Allocation Failure) 31112K->435K(79936K), 0.0002210 secs]
475.301: [GC (Allocation Failure) 37265K->435K(78656K), 0.0002760 secs]
475.336: [GC (Allocation Failure) 35996K->435K(77440K), 0.0002240 secs]
475.351: [GC (Allocation Failure) 34726K->435K(76288K), 0.0002160 secs]
475.365: [GC (Allocation Failure) 33554K->435K(82944K), 0.0002710 secs]
475.410: [GC (Allocation Failure) 40293K->435K(81536K), 0.0002160 secs]
475.502: [GC (Allocation Failure) 38828K->435K(80192K), 0.0002260 secs]
475.519: [GC (Allocation Failure) 37461K->435K(78912K), 0.0002110 secs]
475.551: [GC (Allocation Failure) 36191K->435K(77696K), 0.0002160 secs]
475.569: [GC (Allocation Failure) 35019K->435K(76544K), 0.0002080 secs]
475.583: [GC (Allocation Failure) 33847K->435K(75456K), 0.0002160 secs]
475.604: [GC (Allocation Failure) 32772K->435K(74432K), 0.0002110 secs]
475.618: [GC (Allocation Failure) 31698K->435K(80704K), 0.0002720 secs]
475.652: [GC (Allocation Failure) 38047K->435K(79424K), 0.0002170 secs]
475.745: [GC (Allocation Failure) 36777K->435K(78208K), 0.0002140 secs]
475.764: [GC (Allocation Failure) 35507K->435K(77056K), 0.0002120 secs]
475.783: [GC (Allocation Failure) 34335K->435K(75904K), 0.0002120 secs]
475.798: [GC (Allocation Failure) 33261K->435K(74816K), 0.0002030 secs]
475.854: [GC (Allocation Failure) 32089K->435K(73792K), 0.0002120 secs]
475.868: [GC (Allocation Failure) 31112K->435K(79936K), 0.0003230 secs]
475.906: [GC (Allocation Failure) 37265K->435K(78656K), 0.0002230 secs]
475.922: [GC (Allocation Failure) 35996K->435K(77440K), 0.0002020 secs]
475.937: [GC (Allocation Failure) 34726K->435K(84352K), 0.0002100 secs]
475.958: [GC (Allocation Failure) 41660K->435K(82880K), 0.0002100 secs]
476.106: [GC (Allocation Failure) 40195K->435K(81472K), 0.0002030 secs]
476.127: [GC (Allocation Failure) 38828K->435K(80128K), 0.0002020 secs]
476.147: [GC (Allocation Failure) 37461K->435K(78848K), 0.0002230 secs]
476.206: [GC (Allocation Failure) 36191K->435K(77632K), 0.0002110 secs]
476.225: [GC (Allocation Failure) 34921K->435K(76480K), 0.0002010 secs]
476.335: [GC (Allocation Failure) 33749K->435K(75392K), 0.0002380 secs]
476.350: [GC (Allocation Failure) 32675K->435K(74368K), 0.0002060 secs]
476.367: [GC (Allocation Failure) 31698K->435K(73344K), 0.0002050 secs]
476.385: [GC (Allocation Failure) 30624K->435K(72384K), 0.0002610 secs]
476.398: [GC (Allocation Failure) 29745K->435K(78272K), 0.0002180 secs]
476.418: [GC (Allocation Failure) 35605K->435K(85312K), 0.0002140 secs]
476.436: [GC (Allocation Failure) 42637K->435K(83840K), 0.0002060 secs]
476.454: [GC (Allocation Failure) 41172K->435K(92032K), 0.0002080 secs]
476.508: [GC (Allocation Failure) 49377K->435K(90240K), 0.0002150 secs]
476.533: [GC (Allocation Failure) 47521K->435K(88512K), 0.0002130 secs]
476.556: [GC (Allocation Failure) 45860K->435K(86848K), 0.0002150 secs]
476.575: [GC (Allocation Failure) 44200K->435K(85312K), 0.0002000 secs]
476.598: [GC (Allocation Failure) 42637K->435K(83840K), 0.0002740 secs]
476.620: [GC (Allocation Failure) 41172K->435K(82432K), 0.0002100 secs]
476.638: [GC (Allocation Failure) 39707K->435K(81088K), 0.0002040 secs]
476.681: [GC (Allocation Failure) 38437K->435K(79808K), 0.0002250 secs]
476.698: [GC (Allocation Failure) 37168K->435K(78592K), 0.0002050 secs]
476.728: [GC (Allocation Failure) 35898K->435K(77376K), 0.0002100 secs]
476.752: [GC (Allocation Failure) 34726K->435K(76224K), 0.0002070 secs]
476.767: [GC (Allocation Failure) 33554K->435K(75136K), 0.0002170 secs]
476.785: [GC (Allocation Failure) 32479K->435K(74112K), 0.0002240 secs]
476.805: [GC (Allocation Failure) 31405K->435K(73152K), 0.0002150 secs]
476.822: [GC (Allocation Failure) 30428K->435K(72192K), 0.0002100 secs]
476.835: [GC (Allocation Failure) 29549K->435K(78016K), 0.0002220 secs]
476.857: [GC (Allocation Failure) 35312K->435K(85056K), 0.0002120 secs]
476.880: [GC (Allocation Failure) 42344K->435K(83584K), 0.0002020 secs]
476.897: [GC (Allocation Failure) 40879K->435K(82176K), 0.0002160 secs]
476.918: [GC (Allocation Failure) 39512K->435K(80832K), 0.0002060 secs]
476.935: [GC (Allocation Failure) 38144K->435K(79552K), 0.0002190 secs]
477.004: [GC (Allocation Failure) 36875K->435K(78336K), 0.0002170 secs]
477.053: [GC (Allocation Failure) 35605K->435K(77184K), 0.0002120 secs]
477.068: [GC (Allocation Failure) 34530K->435K(76032K), 0.0002030 secs]
477.082: [GC (Allocation Failure) 33358K->435K(74944K), 0.0002040 secs]
477.102: [GC (Allocation Failure) 32284K->435K(73920K), 0.0002190 secs]
477.255: [GC (Allocation Failure) 31210K->435K(72960K), 0.0002260 secs]
477.273: [GC (Allocation Failure) 30233K->435K(72000K), 0.0002110 secs]
477.334: [GC (Allocation Failure) 29354K->435K(71104K), 0.0002710 secs]
477.350: [GC (Allocation Failure) 28377K->435K(70272K), 0.0002290 secs]
477.367: [GC (Allocation Failure) 27596K->435K(69440K), 0.0002100 secs]
477.404: [GC (Allocation Failure) 26717K->435K(68672K), 0.0002070 secs]
477.415: [GC (Allocation Failure) 26033K->435K(73792K), 0.0003220 secs]
477.531: [GC (Allocation Failure) 31112K->435K(72832K), 0.0002540 secs]
477.545: [GC (Allocation Failure) 30135K->435K(78784K), 0.0002690 secs]
477.608: [GC (Allocation Failure) 36093K->435K(77568K), 0.0002350 secs]
477.627: [GC (Allocation Failure) 34921K->435K(76416K), 0.0002040 secs]
477.646: [GC (Allocation Failure) 33749K->435K(75328K), 0.0002220 secs]
477.735: [GC (Allocation Failure) 32675K->435K(74304K), 0.0002150 secs]
477.748: [GC (Allocation Failure) 31600K->435K(73280K), 0.0002050 secs]
477.761: [GC (Allocation Failure) 30624K->435K(72320K), 0.0002030 secs]
477.802: [GC (Allocation Failure) 29647K->435K(71424K), 0.0002050 secs]
477.855: [GC (Allocation Failure) 28768K->435K(70528K), 0.0002130 secs]
477.872: [GC (Allocation Failure) 27889K->435K(69696K), 0.0002290 secs]
477.901: [GC (Allocation Failure) 27010K->435K(68928K), 0.0002250 secs]
477.914: [GC (Allocation Failure) 26228K->435K(74112K), 0.0003090 secs]
477.938: [GC (Allocation Failure) 31405K->435K(80320K), 0.0002220 secs]
477.959: [GC (Allocation Failure) 37656K->435K(87808K), 0.0002330 secs]
477.983: [GC (Allocation Failure) 45079K->435K(86208K), 0.0002170 secs]
478.006: [GC (Allocation Failure) 43516K->435K(84672K), 0.0002030 secs]
478.028: [GC (Allocation Failure) 41953K->435K(83200K), 0.0002140 secs]
478.046: [GC (Allocation Failure) 40488K->435K(81792K), 0.0002140 secs]
478.110: [GC (Allocation Failure) 39121K->435K(80448K), 0.0002250 secs]
478.127: [GC (Allocation Failure) 37754K->435K(79168K), 0.0002060 secs]
478.143: [GC (Allocation Failure) 36484K->435K(77952K), 0.0002040 secs]
478.158: [GC (Allocation Failure) 35312K->435K(76800K), 0.0002040 secs]
478.204: [GC (Allocation Failure) 34140K->435K(75712K), 0.0002050 secs]
478.254: [GC (Allocation Failure) 33065K->435K(74624K), 0.0002030 secs]
478.403: [GC (Allocation Failure) 31893K->435K(73600K), 0.0002040 secs]
478.457: [GC (Allocation Failure) 30917K->435K(72640K), 0.0002150 secs]
478.470: [GC (Allocation Failure) 29940K->435K(71744K), 0.0002300 secs]
478.483: [GC (Allocation Failure) 29061K->435K(70848K), 0.0002060 secs]
478.499: [GC (Allocation Failure) 28182K->435K(70016K), 0.0002030 secs]
478.515: [GC (Allocation Failure) 27303K->435K(75456K), 0.0002240 secs]
478.554: [GC (Allocation Failure) 32772K->435K(74432K), 0.0002140 secs]
478.572: [GC (Allocation Failure) 31698K->435K(73408K), 0.0002030 secs]
478.597: [GC (Allocation Failure) 30721K->435K(72448K), 0.0002180 secs]
478.611: [GC (Allocation Failure) 29745K->435K(78336K), 0.0004390 secs]
478.631: [GC (Allocation Failure) 35605K->435K(85440K), 0.0002180 secs]
478.654: [GC (Allocation Failure) 42735K->435K(93952K), 0.0002130 secs]
478.676: [GC (Allocation Failure) 51236K->435K(104128K), 0.0002730 secs]
478.721: [GC (Allocation Failure) 61394K->435K(101760K), 0.0002250 secs]
478.746: [GC (Allocation Failure) 59050K->435K(99520K), 0.0002080 secs]
478.771: [GC (Allocation Failure) 56804K->435K(97344K), 0.0002070 secs]
478.794: [GC (Allocation Failure) 54655K->435K(95296K), 0.0002060 secs]
478.821: [GC (Allocation Failure) 52604K->435K(93312K), 0.0002010 secs]
478.842: [GC (Allocation Failure) 50650K->435K(91456K), 0.0002150 secs]
478.863: [GC (Allocation Failure) 48791K->435K(89664K), 0.0002030 secs]
478.913: [GC (Allocation Failure) 46935K->435K(87936K), 0.0002160 secs]
478.932: [GC (Allocation Failure) 45274K->435K(86336K), 0.0002060 secs]
478.955: [GC (Allocation Failure) 43614K->435K(84800K), 0.0002180 secs]
479.009: [GC (Allocation Failure) 42149K->435K(83328K), 0.0002720 secs]
479.062: [GC (Allocation Failure) 40684K->435K(81920K), 0.0002170 secs]
479.083: [GC (Allocation Failure) 39219K->435K(80576K), 0.0002040 secs]
479.103: [GC (Allocation Failure) 37851K->435K(79296K), 0.0002040 secs]
479.120: [GC (Allocation Failure) 36582K->435K(78080K), 0.0002220 secs]
479.139: [GC (Allocation Failure) 35409K->435K(76928K), 0.0002240 secs]
479.156: [GC (Allocation Failure) 34237K->435K(75840K), 0.0002330 secs]
479.170: [GC (Allocation Failure) 33163K->435K(82432K), 0.0002060 secs]
479.191: [GC (Allocation Failure) 39707K->435K(90304K), 0.0002350 secs]
479.261: [GC (Allocation Failure) 47618K->435K(88576K), 0.0002040 secs]
479.311: [GC (Allocation Failure) 45860K->435K(86912K), 0.0002160 secs]
479.334: [GC (Allocation Failure) 44200K->435K(85312K), 0.0002160 secs]
479.363: [GC (Allocation Failure) 42637K->435K(83840K), 0.0002070 secs]
479.385: [GC (Allocation Failure) 41172K->435K(82432K), 0.0002010 secs]
479.414: [GC (Allocation Failure) 39707K->435K(81088K), 0.0002220 secs]
479.435: [GC (Allocation Failure) 38437K->435K(79808K), 0.0002020 secs]
479.452: [GC (Allocation Failure) 37168K->435K(78592K), 0.0002210 secs]
479.468: [GC (Allocation Failure) 35898K->435K(77376K), 0.0002030 secs]
479.536: [GC (Allocation Failure) 34726K->435K(76224K), 0.0002740 secs]
479.610: [GC (Allocation Failure) 33554K->435K(75136K), 0.0002180 secs]
479.624: [GC (Allocation Failure) 32479K->435K(74112K), 0.0002310 secs]
479.638: [GC (Allocation Failure) 31405K->435K(73152K), 0.0002020 secs]
479.659: [GC (Allocation Failure) 30428K->435K(72192K), 0.0002400 secs]
479.671: [GC (Allocation Failure) 29549K->435K(78016K), 0.0002170 secs]
479.686: [GC (Allocation Failure) 35312K->435K(85056K), 0.0002040 secs]
479.704: [GC (Allocation Failure) 42344K->435K(93504K), 0.0002050 secs]
479.730: [GC (Allocation Failure) 50846K->435K(91648K), 0.0002110 secs]
479.797: [GC (Allocation Failure) 48986K->435K(89856K), 0.0002020 secs]
479.817: [GC (Allocation Failure) 47130K->435K(88128K), 0.0002690 secs]
479.866: [GC (Allocation Failure) 45470K->435K(86528K), 0.0002240 secs]
479.884: [GC (Allocation Failure) 43809K->435K(84992K), 0.0002150 secs]
479.902: [GC (Allocation Failure) 42344K->435K(83520K), 0.0002020 secs]
479.925: [GC (Allocation Failure) 40879K->435K(82112K), 0.0002430 secs]
479.959: [GC (Allocation Failure) 39414K->435K(80768K), 0.0002190 secs]
480.008: [GC (Allocation Failure) 38047K->435K(79488K), 0.0002180 secs]
480.028: [GC (Allocation Failure) 36777K->435K(78272K), 0.0002030 secs]
480.044: [GC (Allocation Failure) 35605K->435K(77120K), 0.0002180 secs]
480.140: [GC (Allocation Failure) 34433K->435K(75968K), 0.0002260 secs]
480.155: [GC (Allocation Failure) 33261K->435K(74880K), 0.0002290 secs]
480.169: [GC (Allocation Failure) 32186K->435K(73856K), 0.0002020 secs]
480.182: [GC (Allocation Failure) 31210K->435K(80064K), 0.0002050 secs]
480.202: [GC (Allocation Failure) 37363K->435K(87488K), 0.0002150 secs]
480.266: [GC (Allocation Failure) 44786K->435K(85888K), 0.0002160 secs]
480.284: [GC (Allocation Failure) 43223K->435K(84352K), 0.0002190 secs]
480.306: [GC (Allocation Failure) 41660K->435K(82880K), 0.0002110 secs]
480.329: [GC (Allocation Failure) 40195K->435K(81472K), 0.0002180 secs]
480.413: [GC (Allocation Failure) 38828K->435K(80128K), 0.0002140 secs]
480.430: [GC (Allocation Failure) 37461K->435K(78848K), 0.0001970 secs]
480.462: [GC (Allocation Failure) 36191K->435K(77632K), 0.0002220 secs]
480.482: [GC (Allocation Failure) 34921K->435K(76480K), 0.0002110 secs]
480.500: [GC (Allocation Failure) 33749K->435K(75392K), 0.0002210 secs]
480.557: [GC (Allocation Failure) 32675K->435K(74368K), 0.0002250 secs]
480.574: [GC (Allocation Failure) 31698K->435K(73344K), 0.0002010 secs]
480.592: [GC (Allocation Failure) 30624K->435K(72384K), 0.0002120 secs]
480.605: [GC (Allocation Failure) 29745K->435K(71488K), 0.0002270 secs]
480.622: [GC (Allocation Failure) 28768K->435K(77184K), 0.0002030 secs]
480.640: [GC (Allocation Failure) 34530K->435K(84032K), 0.0002150 secs]
480.663: [GC (Allocation Failure) 41367K->435K(82624K), 0.0002120 secs]
480.710: [GC (Allocation Failure) 39902K->435K(81280K), 0.0002730 secs]
480.737: [GC (Allocation Failure) 38633K->435K(80000K), 0.0002130 secs]
480.813: [GC (Allocation Failure) 37363K->435K(78720K), 0.0002230 secs]
480.829: [GC (Allocation Failure) 35996K->435K(77504K), 0.0002780 secs]
480.862: [GC (Allocation Failure) 34823K->435K(76352K), 0.0002230 secs]
480.877: [GC (Allocation Failure) 33651K->435K(75264K), 0.0002140 secs]
480.891: [GC (Allocation Failure) 32577K->435K(81728K), 0.0002000 secs]
480.907: [GC (Allocation Failure) 39023K->435K(89472K), 0.0002120 secs]
480.931: [GC (Allocation Failure) 46739K->435K(87808K), 0.0002120 secs]
481.017: [GC (Allocation Failure) 45079K->435K(86208K), 0.0002020 secs]
481.040: [GC (Allocation Failure) 43516K->435K(84672K), 0.0002040 secs]
481.062: [GC (Allocation Failure) 41953K->435K(83200K), 0.0002170 secs]
481.080: [GC (Allocation Failure) 40488K->435K(81792K), 0.0002140 secs]
481.101: [GC (Allocation Failure) 39121K->435K(80448K), 0.0002090 secs]
481.134: [GC (Allocation Failure) 37754K->435K(79168K), 0.0002270 secs]
481.150: [GC (Allocation Failure) 36484K->435K(77952K), 0.0002060 secs]
481.165: [GC (Allocation Failure) 35312K->435K(76800K), 0.0002050 secs]
481.180: [GC (Allocation Failure) 34140K->435K(83584K), 0.0002330 secs]
481.201: [GC (Allocation Failure) 40879K->435K(82176K), 0.0002020 secs]
481.219: [GC (Allocation Failure) 39512K->435K(90048K), 0.0002260 secs]
481.243: [GC (Allocation Failure) 47325K->435K(88320K), 0.0002010 secs]
481.267: [GC (Allocation Failure) 45665K->435K(86656K), 0.0002190 secs]
481.286: [GC (Allocation Failure) 44005K->435K(85120K), 0.0002070 secs]
481.308: [GC (Allocation Failure) 42442K->435K(83648K), 0.0002140 secs]
481.330: [GC (Allocation Failure) 40977K->435K(82240K), 0.0002110 secs]
481.347: [GC (Allocation Failure) 39512K->435K(80896K), 0.0002170 secs]
481.363: [GC (Allocation Failure) 38242K->435K(79616K), 0.0002130 secs]
481.383: [GC (Allocation Failure) 36972K->435K(78400K), 0.0002140 secs]
481.402: [GC (Allocation Failure) 35702K->435K(77248K), 0.0002110 secs]
481.421: [GC (Allocation Failure) 34530K->435K(76096K), 0.0002110 secs]
481.436: [GC (Allocation Failure) 33456K->435K(82752K), 0.0002200 secs]
481.466: [GC (Allocation Failure) 40098K->435K(81344K), 0.0002210 secs]
481.487: [GC (Allocation Failure) 38633K->435K(80000K), 0.0002240 secs]
481.515: [GC (Allocation Failure) 37363K->435K(78720K), 0.0002060 secs]
481.532: [GC (Allocation Failure) 35996K->435K(77504K), 0.0002080 secs]
481.560: [GC (Allocation Failure) 34823K->435K(76352K), 0.0002170 secs]
481.613: [GC (Allocation Failure) 33651K->435K(75264K), 0.0002120 secs]
481.632: [GC (Allocation Failure) 32577K->435K(74240K), 0.0002180 secs]
481.649: [GC (Allocation Failure) 31600K->435K(73216K), 0.0002110 secs]
481.708: [GC (Allocation Failure) 30526K->435K(72256K), 0.0002740 secs]
481.861: [GC (Allocation Failure) 29549K->435K(71360K), 0.0002240 secs]
481.878: [GC (Allocation Failure) 28670K->435K(70464K), 0.0002160 secs]
481.905: [GC (Allocation Failure) 27791K->435K(69632K), 0.0002030 secs]
481.957: [GC (Allocation Failure) 26912K->435K(68864K), 0.0002820 secs]
482.010: [GC (Allocation Failure) 26131K->435K(68096K), 0.0002230 secs]
482.022: [GC (Allocation Failure) 25447K->435K(67392K), 0.0002190 secs]
482.135: [GC (Allocation Failure) 24662K->435K(66688K), 0.0002150 secs]
482.150: [GC (Allocation Failure) 23978K->435K(66048K), 0.0002240 secs]
482.164: [GC (Allocation Failure) 23392K->435K(65408K), 0.0002020 secs]
482.174: [GC (Allocation Failure) 22708K->435K(69888K), 0.0002140 secs]
482.261: [GC (Allocation Failure) 27205K->435K(69056K), 0.0002200 secs]
482.276: [GC (Allocation Failure) 26326K->435K(74304K), 0.0002510 secs]
482.295: [GC (Allocation Failure) 31600K->435K(80576K), 0.0002120 secs]
482.315: [GC (Allocation Failure) 37851K->435K(79296K), 0.0002010 secs]
482.337: [GC (Allocation Failure) 36582K->435K(78080K), 0.0002050 secs]
482.352: [GC (Allocation Failure) 35409K->435K(85120K), 0.0002820 secs]
482.415: [GC (Allocation Failure) 42442K->435K(83648K), 0.0002210 secs]
482.436: [GC (Allocation Failure) 40977K->435K(82240K), 0.0002060 secs]
482.457: [GC (Allocation Failure) 39512K->435K(80896K), 0.0002120 secs]
482.512: [GC (Allocation Failure) 38242K->435K(79616K), 0.0002840 secs]
482.541: [GC (Allocation Failure) 36972K->435K(78400K), 0.0002250 secs]
482.560: [GC (Allocation Failure) 35702K->435K(77248K), 0.0002050 secs]
482.577: [GC (Allocation Failure) 34530K->435K(76096K), 0.0002040 secs]
482.594: [GC (Allocation Failure) 33456K->435K(75008K), 0.0002240 secs]
482.612: [GC (Allocation Failure) 32284K->435K(73984K), 0.0002120 secs]
482.633: [GC (Allocation Failure) 31307K->435K(73024K), 0.0002080 secs]
482.647: [GC (Allocation Failure) 30331K->435K(79040K), 0.0003680 secs]
482.677: [GC (Allocation Failure) 36386K->435K(86272K), 0.0002310 secs]
482.700: [GC (Allocation Failure) 43614K->435K(94912K), 0.0002100 secs]
482.723: [GC (Allocation Failure) 52213K->435K(92992K), 0.0002030 secs]
482.747: [GC (Allocation Failure) 50260K->435K(91136K), 0.0002110 secs]
482.767: [GC (Allocation Failure) 48498K->435K(89344K), 0.0002050 secs]
482.787: [GC (Allocation Failure) 46642K->435K(87680K), 0.0002170 secs]
482.811: [GC (Allocation Failure) 44981K->435K(86080K), 0.0002120 secs]
482.830: [GC (Allocation Failure) 43419K->435K(84544K), 0.0002040 secs]
482.868: [GC (Allocation Failure) 41856K->435K(83072K), 0.0002150 secs]
482.890: [GC (Allocation Failure) 40391K->435K(81664K), 0.0002020 secs]
482.911: [GC (Allocation Failure) 39023K->435K(80320K), 0.0002150 secs]
482.931: [GC (Allocation Failure) 37656K->435K(79040K), 0.0002160 secs]
482.947: [GC (Allocation Failure) 36386K->435K(77824K), 0.0002140 secs]
482.962: [GC (Allocation Failure) 35116K->435K(76672K), 0.0002030 secs]
483.012: [GC (Allocation Failure) 33944K->435K(75584K), 0.0002160 secs]
483.026: [GC (Allocation Failure) 32870K->435K(74560K), 0.0002140 secs]
483.114: [GC (Allocation Failure) 31893K->435K(73536K), 0.0002120 secs]
483.132: [GC (Allocation Failure) 30819K->435K(72576K), 0.0002130 secs]
483.164: [GC (Allocation Failure) 29842K->435K(71680K), 0.0002120 secs]
483.177: [GC (Allocation Failure) 28963K->435K(77440K), 0.0003520 secs]
483.316: [GC (Allocation Failure) 34726K->435K(76288K), 0.0002190 secs]
483.335: [GC (Allocation Failure) 33554K->435K(75200K), 0.0002020 secs]
483.349: [GC (Allocation Failure) 32479K->435K(81664K), 0.0002670 secs]
483.409: [GC (Allocation Failure) 39023K->435K(80320K), 0.0002150 secs]
483.467: [GC (Allocation Failure) 37656K->435K(79040K), 0.0002140 secs]
483.483: [GC (Allocation Failure) 36386K->435K(77824K), 0.0002140 secs]
483.498: [GC (Allocation Failure) 35116K->435K(84800K), 0.0002680 secs]
483.543: [GC (Allocation Failure) 42149K->435K(83328K), 0.0002280 secs]
483.564: [GC (Allocation Failure) 40684K->435K(81920K), 0.0002320 secs]
483.585: [GC (Allocation Failure) 39219K->435K(80576K), 0.0002030 secs]
483.605: [GC (Allocation Failure) 37851K->435K(79296K), 0.0002200 secs]
483.621: [GC (Allocation Failure) 36582K->435K(86592K), 0.0002540 secs]
483.652: [GC (Allocation Failure) 43907K->435K(85056K), 0.0002160 secs]
483.670: [GC (Allocation Failure) 42344K->435K(83584K), 0.0002030 secs]
483.715: [GC (Allocation Failure) 40879K->435K(82176K), 0.0002740 secs]
483.742: [GC (Allocation Failure) 39512K->435K(80832K), 0.0002160 secs]
483.758: [GC (Allocation Failure) 38144K->435K(79552K), 0.0002730 secs]
483.914: [GC (Allocation Failure) 36875K->435K(78336K), 0.0002140 secs]
483.934: [GC (Allocation Failure) 35605K->435K(77184K), 0.0002040 secs]
483.953: [GC (Allocation Failure) 34530K->435K(76032K), 0.0002190 secs]
483.971: [GC (Allocation Failure) 33358K->435K(74944K), 0.0002170 secs]
484.012: [GC (Allocation Failure) 32284K->435K(73920K), 0.0002150 secs]
484.025: [GC (Allocation Failure) 31210K->435K(72960K), 0.0002030 secs]
484.065: [GC (Allocation Failure) 30233K->435K(72000K), 0.0002160 secs]
484.078: [GC (Allocation Failure) 29354K->435K(71104K), 0.0002130 secs]
484.094: [GC (Allocation Failure) 28377K->435K(76736K), 0.0002110 secs]
484.113: [GC (Allocation Failure) 34042K->435K(75648K), 0.0002140 secs]
484.213: [GC (Allocation Failure) 32968K->435K(74560K), 0.0002340 secs]
484.230: [GC (Allocation Failure) 31893K->435K(73536K), 0.0002030 secs]
484.248: [GC (Allocation Failure) 30819K->435K(72576K), 0.0002110 secs]
484.265: [GC (Allocation Failure) 29842K->435K(71680K), 0.0002260 secs]
484.315: [GC (Allocation Failure) 28963K->435K(70784K), 0.0002120 secs]
484.331: [GC (Allocation Failure) 28084K->435K(69952K), 0.0002310 secs]
484.347: [GC (Allocation Failure) 27303K->435K(69120K), 0.0002010 secs]
484.360: [GC (Allocation Failure) 26424K->435K(74368K), 0.0003230 secs]
484.406: [GC (Allocation Failure) 31698K->435K(80640K), 0.0002160 secs]
484.469: [GC (Allocation Failure) 37949K->435K(79360K), 0.0002110 secs]
484.489: [GC (Allocation Failure) 36679K->435K(78144K), 0.0002070 secs]
484.504: [GC (Allocation Failure) 35409K->435K(76992K), 0.0002300 secs]
484.519: [GC (Allocation Failure) 34335K->435K(83776K), 0.0002020 secs]
484.570: [GC (Allocation Failure) 41074K->435K(82368K), 0.0002190 secs]
484.588: [GC (Allocation Failure) 39707K->435K(81024K), 0.0002150 secs]
484.608: [GC (Allocation Failure) 38340K->435K(79744K), 0.0002180 secs]
484.628: [GC (Allocation Failure) 37070K->435K(78528K), 0.0002190 secs]
484.644: [GC (Allocation Failure) 35800K->435K(77312K), 0.0002070 secs]
484.663: [GC (Allocation Failure) 34628K->435K(76160K), 0.0002120 secs]
484.678: [GC (Allocation Failure) 33456K->435K(82816K), 0.0002050 secs]
484.699: [GC (Allocation Failure) 40098K->435K(81408K), 0.0002090 secs]
484.716: [GC (Allocation Failure) 38730K->435K(80064K), 0.0002140 secs]
484.745: [GC (Allocation Failure) 37363K->435K(78784K), 0.0002290 secs]
484.765: [GC (Allocation Failure) 36093K->435K(77568K), 0.0002310 secs]
484.818: [GC (Allocation Failure) 34921K->435K(76416K), 0.0002110 secs]
484.837: [GC (Allocation Failure) 33749K->435K(75328K), 0.0002070 secs]
484.851: [GC (Allocation Failure) 32675K->435K(74304K), 0.0002180 secs]
484.907: [GC (Allocation Failure) 31600K->435K(73280K), 0.0002140 secs]
485.000: [GC (Allocation Failure) 30624K->435K(72320K), 0.0002000 secs]
485.017: [GC (Allocation Failure) 29647K->435K(71424K), 0.0002060 secs]
485.062: [GC (Allocation Failure) 28768K->435K(70528K), 0.0002150 secs]
485.112: [GC (Allocation Failure) 27889K->435K(69696K), 0.0002160 secs]
485.129: [GC (Allocation Failure) 27010K->435K(68928K), 0.0002010 secs]
485.140: [GC (Allocation Failure) 26228K->435K(68160K), 0.0002240 secs]
485.165: [GC (Allocation Failure) 25447K->435K(67456K), 0.0002310 secs]
485.180: [GC (Allocation Failure) 24759K->435K(72384K), 0.0002690 secs]
485.212: [GC (Allocation Failure) 29745K->435K(71488K), 0.0002270 secs]
485.229: [GC (Allocation Failure) 28768K->435K(70592K), 0.0002010 secs]
485.245: [GC (Allocation Failure) 27889K->435K(69760K), 0.0002030 secs]
485.260: [GC (Allocation Failure) 27107K->435K(75136K), 0.0002150 secs]
485.275: [GC (Allocation Failure) 32479K->435K(81600K), 0.0002260 secs]
485.295: [GC (Allocation Failure) 38926K->435K(89344K), 0.0002030 secs]
485.320: [GC (Allocation Failure) 46642K->435K(87680K), 0.0002120 secs]
485.340: [GC (Allocation Failure) 44981K->435K(86080K), 0.0002180 secs]
485.363: [GC (Allocation Failure) 43419K->435K(84544K), 0.0002020 secs]
485.380: [GC (Allocation Failure) 41856K->435K(83072K), 0.0002120 secs]
485.422: [GC (Allocation Failure) 40391K->435K(81664K), 0.0002250 secs]
485.442: [GC (Allocation Failure) 39023K->435K(80320K), 0.0002020 secs]
485.463: [GC (Allocation Failure) 37656K->435K(79040K), 0.0002120 secs]
485.516: [GC (Allocation Failure) 36386K->435K(77824K), 0.0002260 secs]
485.531: [GC (Allocation Failure) 35116K->435K(76672K), 0.0002150 secs]
485.545: [GC (Allocation Failure) 33944K->435K(75584K), 0.0002140 secs]
485.563: [GC (Allocation Failure) 32870K->435K(74560K), 0.0002010 secs]
485.577: [GC (Allocation Failure) 31893K->435K(80896K), 0.0002070 secs]
485.621: [GC (Allocation Failure) 38242K->435K(79616K), 0.0002110 secs]
485.637: [GC (Allocation Failure) 36972K->435K(78400K), 0.0002140 secs]
485.666: [GC (Allocation Failure) 35702K->435K(77248K), 0.0002130 secs]
485.681: [GC (Allocation Failure) 34530K->435K(76096K), 0.0002050 secs]
485.715: [GC (Allocation Failure) 33456K->435K(75008K), 0.0002150 secs]
485.733: [GC (Allocation Failure) 32284K->435K(73984K), 0.0002020 secs]
485.764: [GC (Allocation Failure) 31307K->435K(73024K), 0.0002060 secs]
485.905: [GC (Allocation Failure) 30331K->435K(72064K), 0.0002130 secs]
485.921: [GC (Allocation Failure) 29354K->435K(71168K), 0.0002140 secs]
485.940: [GC (Allocation Failure) 28475K->435K(70336K), 0.0002170 secs]
485.956: [GC (Allocation Failure) 27693K->435K(69504K), 0.0002030 secs]
486.016: [GC (Allocation Failure) 26814K->435K(68736K), 0.0002120 secs]
486.028: [GC (Allocation Failure) 26033K->435K(67968K), 0.0002310 secs]
486.043: [GC (Allocation Failure) 25250K->435K(72960K), 0.0002040 secs]
486.064: [GC (Allocation Failure) 30233K->435K(78976K), 0.0002760 secs]
486.140: [GC (Allocation Failure) 36289K->435K(77760K), 0.0002240 secs]
486.160: [GC (Allocation Failure) 35116K->435K(76608K), 0.0002060 secs]
486.216: [GC (Allocation Failure) 33944K->435K(75520K), 0.0002170 secs]
486.234: [GC (Allocation Failure) 32870K->435K(74496K), 0.0002040 secs]
486.269: [GC (Allocation Failure) 31796K->435K(73472K), 0.0002070 secs]
486.287: [GC (Allocation Failure) 30819K->435K(72512K), 0.0002210 secs]
486.318: [GC (Allocation Failure) 29842K->435K(71616K), 0.0002130 secs]
486.332: [GC (Allocation Failure) 28963K->435K(77376K), 0.0003280 secs]
486.351: [GC (Allocation Failure) 34726K->435K(84288K), 0.0002160 secs]
486.379: [GC (Allocation Failure) 41563K->435K(82816K), 0.0002430 secs]
486.397: [GC (Allocation Failure) 40098K->435K(81408K), 0.0002200 secs]
486.418: [GC (Allocation Failure) 38730K->435K(80064K), 0.0002020 secs]
486.434: [GC (Allocation Failure) 37363K->435K(78784K), 0.0002060 secs]
486.449: [GC (Allocation Failure) 36093K->435K(85952K), 0.0002050 secs]
486.524: [GC (Allocation Failure) 43223K->435K(84416K), 0.0002230 secs]
486.547: [GC (Allocation Failure) 41758K->435K(82944K), 0.0002120 secs]
486.564: [GC (Allocation Failure) 40293K->435K(81536K), 0.0002060 secs]
486.600: [GC (Allocation Failure) 38828K->435K(80192K), 0.0002150 secs]
486.620: [GC (Allocation Failure) 37461K->435K(78912K), 0.0002100 secs]
486.666: [GC (Allocation Failure) 36191K->435K(77696K), 0.0002220 secs]
486.681: [GC (Allocation Failure) 35019K->435K(76544K), 0.0002040 secs]
486.739: [GC (Allocation Failure) 33847K->435K(75456K), 0.0002170 secs]
486.758: [GC (Allocation Failure) 32772K->435K(74432K), 0.0002130 secs]
486.820: [GC (Allocation Failure) 31698K->435K(73408K), 0.0002130 secs]
486.833: [GC (Allocation Failure) 30721K->435K(79488K), 0.0003240 secs]
486.868: [GC (Allocation Failure) 36777K->435K(78272K), 0.0002060 secs]
486.918: [GC (Allocation Failure) 35605K->435K(77120K), 0.0002250 secs]
486.971: [GC (Allocation Failure) 34433K->435K(75968K), 0.0002210 secs]
486.985: [GC (Allocation Failure) 33261K->435K(74880K), 0.0002030 secs]
487.066: [GC (Allocation Failure) 32186K->435K(73856K), 0.0002240 secs]
487.080: [GC (Allocation Failure) 31210K->435K(72896K), 0.0002170 secs]
487.143: [GC (Allocation Failure) 30233K->435K(71936K), 0.0002300 secs]
487.160: [GC (Allocation Failure) 29256K->435K(71040K), 0.0002620 secs]
487.215: [GC (Allocation Failure) 28377K->435K(70208K), 0.0002800 secs]
487.237: [GC (Allocation Failure) 27498K->435K(69376K), 0.0002160 secs]
487.249: [GC (Allocation Failure) 26717K->435K(68608K), 0.0002050 secs]
487.260: [GC (Allocation Failure) 25935K->435K(73728K), 0.0002030 secs]
487.334: [GC (Allocation Failure) 31014K->435K(72768K), 0.0002170 secs]
487.410: [GC (Allocation Failure) 30038K->435K(71808K), 0.0002210 secs]
487.422: [GC (Allocation Failure) 29158K->435K(77568K), 0.0003230 secs]
487.469: [GC (Allocation Failure) 34921K->435K(76416K), 0.0002420 secs]
487.483: [GC (Allocation Failure) 33749K->435K(83136K), 0.0002160 secs]
487.504: [GC (Allocation Failure) 40488K->435K(81728K), 0.0002120 secs]
487.543: [GC (Allocation Failure) 39023K->435K(80384K), 0.0002140 secs]
487.625: [GC (Allocation Failure) 37656K->435K(79104K), 0.0002290 secs]
487.642: [GC (Allocation Failure) 36386K->435K(77888K), 0.0002290 secs]
487.661: [GC (Allocation Failure) 35214K->435K(76736K), 0.0002150 secs]
487.676: [GC (Allocation Failure) 34042K->435K(75648K), 0.0002180 secs]
487.718: [GC (Allocation Failure) 32968K->435K(74560K), 0.0002280 secs]
487.735: [GC (Allocation Failure) 31893K->435K(73536K), 0.0002310 secs]
487.748: [GC (Allocation Failure) 30819K->435K(79680K), 0.0002050 secs]
487.773: [GC (Allocation Failure) 36972K->435K(78464K), 0.0002230 secs]
487.789: [GC (Allocation Failure) 35800K->435K(85568K), 0.0002100 secs]
487.807: [GC (Allocation Failure) 42930K->435K(94080K), 0.0002170 secs]
487.915: [GC (Allocation Failure) 51432K->435K(92160K), 0.0002080 secs]
487.946: [GC (Allocation Failure) 49474K->435K(90368K), 0.0002200 secs]
487.967: [GC (Allocation Failure) 47716K->435K(88640K), 0.0002710 secs]
487.986: [GC (Allocation Failure) 45958K->435K(86976K), 0.0002060 secs]
488.027: [GC (Allocation Failure) 44298K->435K(85376K), 0.0002120 secs]
488.050: [GC (Allocation Failure) 42735K->435K(83904K), 0.0002020 secs]
488.071: [GC (Allocation Failure) 41172K->435K(82496K), 0.0002140 secs]
488.093: [GC (Allocation Failure) 39805K->435K(81152K), 0.0002080 secs]
488.113: [GC (Allocation Failure) 38437K->435K(79872K), 0.0002110 secs]
488.130: [GC (Allocation Failure) 37168K->435K(87232K), 0.0003220 secs]
488.277: [GC (Allocation Failure) 44591K->435K(85632K), 0.0002240 secs]
488.300: [GC (Allocation Failure) 42930K->435K(84096K), 0.0002210 secs]
488.344: [GC (Allocation Failure) 41367K->435K(82624K), 0.0002360 secs]
488.366: [GC (Allocation Failure) 39902K->435K(81280K), 0.0002120 secs]
488.447: [GC (Allocation Failure) 38633K->435K(80000K), 0.0002120 secs]
488.463: [GC (Allocation Failure) 37363K->435K(78720K), 0.0002770 secs]
488.524: [GC (Allocation Failure) 35996K->435K(77504K), 0.0002140 secs]
488.540: [GC (Allocation Failure) 34823K->435K(76352K), 0.0002210 secs]
488.555: [GC (Allocation Failure) 33651K->435K(75264K), 0.0002100 secs]
488.573: [GC (Allocation Failure) 32577K->435K(74240K), 0.0002030 secs]
488.591: [GC (Allocation Failure) 31600K->435K(73216K), 0.0002120 secs]
488.619: [GC (Allocation Failure) 30526K->435K(72256K), 0.0003220 secs]
488.658: [GC (Allocation Failure) 29549K->435K(71360K), 0.0002640 secs]
488.677: [GC (Allocation Failure) 28670K->435K(70464K), 0.0002260 secs]
488.689: [GC (Allocation Failure) 27791K->435K(75968K), 0.0002160 secs]
488.705: [GC (Allocation Failure) 33261K->435K(82560K), 0.0002120 secs]
488.722: [GC (Allocation Failure) 39902K->435K(90496K), 0.0002140 secs]
488.752: [GC (Allocation Failure) 47814K->435K(88768K), 0.0002240 secs]
488.776: [GC (Allocation Failure) 46056K->435K(87104K), 0.0002110 secs]
488.796: [GC (Allocation Failure) 44395K->435K(85504K), 0.0002180 secs]
488.878: [GC (Allocation Failure) 42833K->435K(83968K), 0.0002200 secs]
488.895: [GC (Allocation Failure) 41270K->435K(82560K), 0.0002180 secs]
488.916: [GC (Allocation Failure) 39902K->435K(81216K), 0.0002040 secs]
488.933: [GC (Allocation Failure) 38535K->435K(79936K), 0.0002020 secs]
488.975: [GC (Allocation Failure) 37265K->435K(78656K), 0.0002120 secs]
488.991: [GC (Allocation Failure) 35996K->435K(77440K), 0.0002160 secs]
489.005: [GC (Allocation Failure) 34726K->435K(76288K), 0.0002130 secs]
489.020: [GC (Allocation Failure) 33554K->435K(82944K), 0.0002060 secs]
489.123: [GC (Allocation Failure) 40293K->435K(81536K), 0.0002140 secs]
489.140: [GC (Allocation Failure) 38828K->435K(80192K), 0.0002130 secs]
489.176: [GC (Allocation Failure) 37461K->435K(78912K), 0.0002220 secs]
489.192: [GC (Allocation Failure) 36191K->435K(77696K), 0.0002040 secs]
489.225: [GC (Allocation Failure) 35019K->435K(76544K), 0.0002230 secs]
489.239: [GC (Allocation Failure) 33847K->435K(75456K), 0.0002180 secs]
489.253: [GC (Allocation Failure) 32772K->435K(74432K), 0.0002020 secs]
489.338: [GC (Allocation Failure) 31698K->435K(73408K), 0.0002250 secs]
489.352: [GC (Allocation Failure) 30721K->435K(72448K), 0.0002130 secs]
489.369: [GC (Allocation Failure) 29745K->435K(78336K), 0.0002310 secs]
489.408: [GC (Allocation Failure) 35605K->435K(77184K), 0.0002140 secs]
489.423: [GC (Allocation Failure) 34530K->435K(76032K), 0.0002150 secs]
489.475: [GC (Allocation Failure) 33358K->435K(74944K), 0.0002130 secs]
489.489: [GC (Allocation Failure) 32284K->435K(73920K), 0.0002300 secs]
489.502: [GC (Allocation Failure) 31210K->435K(80128K), 0.0002140 secs]
489.526: [GC (Allocation Failure) 37461K->435K(78848K), 0.0002220 secs]
489.543: [GC (Allocation Failure) 36191K->435K(86016K), 0.0002060 secs]
489.562: [GC (Allocation Failure) 43321K->435K(84480K), 0.0002070 secs]
489.580: [GC (Allocation Failure) 41758K->435K(83008K), 0.0002040 secs]
489.601: [GC (Allocation Failure) 40293K->435K(81600K), 0.0002120 secs]
489.618: [GC (Allocation Failure) 38926K->435K(80256K), 0.0002190 secs]
489.723: [GC (Allocation Failure) 37558K->435K(78976K), 0.0002300 secs]
489.739: [GC (Allocation Failure) 36289K->435K(77760K), 0.0002050 secs]
489.754: [GC (Allocation Failure) 35116K->435K(76608K), 0.0002040 secs]
489.768: [GC (Allocation Failure) 33944K->435K(83328K), 0.0002050 secs]
489.825: [GC (Allocation Failure) 40684K->435K(81920K), 0.0002160 secs]
489.846: [GC (Allocation Failure) 39219K->435K(80576K), 0.0002020 secs]
489.866: [GC (Allocation Failure) 37851K->435K(79296K), 0.0002130 secs]
489.938: [GC (Allocation Failure) 36582K->435K(78080K), 0.0002280 secs]
489.957: [GC (Allocation Failure) 35409K->435K(76928K), 0.0002070 secs]
489.972: [GC (Allocation Failure) 34237K->435K(75840K), 0.0002060 secs]
490.021: [GC (Allocation Failure) 33163K->435K(74752K), 0.0002140 secs]
490.071: [GC (Allocation Failure) 32089K->435K(73728K), 0.0002170 secs]
490.088: [GC (Allocation Failure) 31014K->435K(72768K), 0.0002210 secs]
490.124: [GC (Allocation Failure) 30038K->435K(71808K), 0.0002040 secs]
490.137: [GC (Allocation Failure) 29158K->435K(70912K), 0.0002300 secs]
490.153: [GC (Allocation Failure) 28182K->435K(70080K), 0.0002130 secs]
490.189: [GC (Allocation Failure) 27400K->435K(69248K), 0.0002100 secs]
490.204: [GC (Allocation Failure) 26521K->435K(68480K), 0.0002120 secs]
490.215: [GC (Allocation Failure) 25838K->435K(73600K), 0.0002200 secs]
490.233: [GC (Allocation Failure) 30917K->435K(79744K), 0.0002390 secs]
490.253: [GC (Allocation Failure) 37070K->435K(87104K), 0.0002220 secs]
490.330: [GC (Allocation Failure) 44395K->435K(85504K), 0.0002230 secs]
490.349: [GC (Allocation Failure) 42833K->435K(83968K), 0.0002030 secs]
490.379: [GC (Allocation Failure) 41270K->435K(82560K), 0.0002200 secs]
490.396: [GC (Allocation Failure) 39902K->435K(81216K), 0.0002730 secs]
490.428: [GC (Allocation Failure) 38535K->435K(79936K), 0.0002230 secs]
490.448: [GC (Allocation Failure) 37265K->435K(78656K), 0.0002100 secs]
490.540: [GC (Allocation Failure) 35996K->435K(77440K), 0.0002030 secs]
490.558: [GC (Allocation Failure) 34726K->435K(76288K), 0.0002000 secs]
490.576: [GC (Allocation Failure) 33554K->435K(75200K), 0.0002090 secs]
490.598: [GC (Allocation Failure) 32479K->435K(74176K), 0.0002150 secs]
490.612: [GC (Allocation Failure) 31503K->435K(73152K), 0.0002140 secs]
490.625: [GC (Allocation Failure) 30428K->435K(79168K), 0.0002050 secs]
490.641: [GC (Allocation Failure) 36484K->435K(86400K), 0.0002020 secs]
490.660: [GC (Allocation Failure) 43712K->435K(95104K), 0.0002720 secs]
490.736: [GC (Allocation Failure) 52408K->435K(93120K), 0.0002040 secs]
490.757: [GC (Allocation Failure) 50455K->435K(91264K), 0.0002080 secs]
490.879: [GC (Allocation Failure) 48595K->435K(89472K), 0.0002080 secs]
490.913: [GC (Allocation Failure) 46739K->435K(87808K), 0.0002160 secs]
490.932: [GC (Allocation Failure) 45079K->435K(86208K), 0.0002060 secs]
490.951: [GC (Allocation Failure) 43516K->435K(84672K), 0.0002140 secs]
490.976: [GC (Allocation Failure) 41953K->435K(83200K), 0.0002160 secs]
490.997: [GC (Allocation Failure) 40488K->435K(81792K), 0.0002160 secs]
491.029: [GC (Allocation Failure) 39121K->435K(80448K), 0.0002040 secs]
491.046: [GC (Allocation Failure) 37754K->435K(79168K), 0.0002190 secs]
491.138: [GC (Allocation Failure) 36484K->435K(77952K), 0.0002180 secs]
491.175: [GC (Allocation Failure) 35312K->435K(76800K), 0.0002270 secs]
491.194: [GC (Allocation Failure) 34140K->435K(75712K), 0.0002130 secs]
491.223: [GC (Allocation Failure) 33065K->435K(74624K), 0.0002170 secs]
491.272: [GC (Allocation Failure) 31893K->435K(73600K), 0.0002790 secs]
491.426: [GC (Allocation Failure) 30917K->435K(72640K), 0.0002260 secs]
491.458: [GC (Allocation Failure) 29940K->435K(71744K), 0.0002210 secs]
491.470: [GC (Allocation Failure) 29061K->435K(70848K), 0.0002060 secs]
491.525: [GC (Allocation Failure) 28182K->435K(70016K), 0.0002130 secs]
491.541: [GC (Allocation Failure) 27303K->435K(69184K), 0.0002310 secs]
491.574: [GC (Allocation Failure) 26521K->435K(68416K), 0.0002120 secs]
491.590: [GC (Allocation Failure) 25740K->435K(67648K), 0.0002160 secs]
491.724: [GC (Allocation Failure) 24955K->435K(66944K), 0.0002090 secs]
491.734: [GC (Allocation Failure) 24271K->435K(66240K), 0.0002170 secs]
491.744: [GC (Allocation Failure) 23587K->435K(70912K), 0.0002080 secs]
491.759: [GC (Allocation Failure) 28182K->435K(76480K), 0.0002020 secs]
491.778: [GC (Allocation Failure) 33749K->435K(83200K), 0.0002210 secs]
491.796: [GC (Allocation Failure) 40488K->435K(91264K), 0.0002070 secs]
491.830: [GC (Allocation Failure) 48595K->435K(89472K), 0.0002170 secs]
491.854: [GC (Allocation Failure) 46739K->435K(87808K), 0.0002040 secs]
491.877: [GC (Allocation Failure) 45079K->435K(86208K), 0.0002220 secs]
491.900: [GC (Allocation Failure) 43516K->435K(84672K), 0.0002150 secs]
491.922: [GC (Allocation Failure) 41953K->435K(83200K), 0.0002030 secs]
491.941: [GC (Allocation Failure) 40488K->435K(81792K), 0.0002060 secs]
491.960: [GC (Allocation Failure) 39121K->435K(80448K), 0.0002730 secs]
491.976: [GC (Allocation Failure) 37754K->435K(87936K), 0.0002190 secs]
491.995: [GC (Allocation Failure) 45274K->435K(86336K), 0.0002070 secs]
492.018: [GC (Allocation Failure) 43614K->435K(84800K), 0.0002170 secs]
492.041: [GC (Allocation Failure) 42149K->435K(83328K), 0.0002900 secs]
492.058: [GC (Allocation Failure) 40684K->435K(91392K), 0.0002160 secs]
492.083: [GC (Allocation Failure) 48693K->435K(89600K), 0.0002240 secs]
492.130: [GC (Allocation Failure) 46935K->435K(87936K), 0.0002170 secs]
492.149: [GC (Allocation Failure) 45274K->435K(86336K), 0.0002050 secs]
492.183: [GC (Allocation Failure) 43614K->435K(84800K), 0.0002120 secs]
492.205: [GC (Allocation Failure) 42149K->435K(83328K), 0.0002050 secs]
492.223: [GC (Allocation Failure) 40684K->435K(81920K), 0.0003220 secs]
492.331: [GC (Allocation Failure) 39219K->435K(80576K), 0.0002180 secs]
492.352: [GC (Allocation Failure) 37851K->435K(79296K), 0.0002190 secs]
492.368: [GC (Allocation Failure) 36582K->435K(78080K), 0.0002210 secs]
492.387: [GC (Allocation Failure) 35409K->435K(76928K), 0.0002140 secs]
492.426: [GC (Allocation Failure) 34237K->435K(75840K), 0.0002140 secs]
492.441: [GC (Allocation Failure) 33163K->435K(74752K), 0.0002120 secs]
492.478: [GC (Allocation Failure) 32089K->435K(73728K), 0.0002140 secs]
492.495: [GC (Allocation Failure) 31014K->435K(72768K), 0.0002040 secs]
492.511: [GC (Allocation Failure) 30038K->435K(71808K), 0.0002150 secs]
492.523: [GC (Allocation Failure) 29158K->435K(77568K), 0.0002190 secs]
492.599: [GC (Allocation Failure) 34921K->435K(76416K), 0.0002240 secs]
492.615: [GC (Allocation Failure) 33749K->435K(75328K), 0.0002440 secs]
492.661: [GC (Allocation Failure) 32675K->435K(74304K), 0.0002350 secs]
492.674: [GC (Allocation Failure) 31600K->435K(73280K), 0.0002060 secs]
492.687: [GC (Allocation Failure) 30624K->435K(79360K), 0.0002060 secs]
492.726: [GC (Allocation Failure) 36679K->435K(78144K), 0.0002150 secs]
492.876: [GC (Allocation Failure) 35409K->435K(76992K), 0.0002170 secs]
492.907: [GC (Allocation Failure) 34335K->435K(75904K), 0.0002150 secs]
492.979: [GC (Allocation Failure) 33261K->435K(74816K), 0.0002120 secs]
492.993: [GC (Allocation Failure) 32089K->435K(73792K), 0.0002170 secs]
493.009: [GC (Allocation Failure) 31112K->435K(72832K), 0.0002040 secs]
493.022: [GC (Allocation Failure) 30135K->435K(78784K), 0.0002720 secs]
493.150: [GC (Allocation Failure) 36093K->435K(77568K), 0.0002180 secs]
493.165: [GC (Allocation Failure) 34921K->435K(76416K), 0.0002040 secs]
493.226: [GC (Allocation Failure) 33749K->435K(75328K), 0.0002050 secs]
493.275: [GC (Allocation Failure) 32675K->435K(74304K), 0.0002080 secs]
493.329: [GC (Allocation Failure) 31600K->435K(73280K), 0.0002130 secs]
493.346: [GC (Allocation Failure) 30624K->435K(72320K), 0.0002020 secs]
493.362: [GC (Allocation Failure) 29647K->435K(71424K), 0.0002160 secs]
493.374: [GC (Allocation Failure) 28768K->435K(70528K), 0.0002300 secs]
493.387: [GC (Allocation Failure) 27889K->435K(76032K), 0.0002060 secs]
493.476: [GC (Allocation Failure) 33358K->435K(74944K), 0.0002040 secs]
493.530: [GC (Allocation Failure) 32284K->435K(73920K), 0.0002220 secs]
493.548: [GC (Allocation Failure) 31210K->435K(72960K), 0.0002070 secs]
493.565: [GC (Allocation Failure) 30233K->435K(72000K), 0.0002280 secs]
493.582: [GC (Allocation Failure) 29354K->435K(77824K), 0.0002730 secs]
493.631: [GC (Allocation Failure) 35116K->435K(76672K), 0.0002160 secs]
493.649: [GC (Allocation Failure) 33944K->435K(75584K), 0.0002030 secs]
493.775: [GC (Allocation Failure) 32870K->435K(74560K), 0.0003000 secs]
493.794: [GC (Allocation Failure) 31893K->435K(73536K), 0.0003260 secs]
493.830: [GC (Allocation Failure) 30819K->435K(72576K), 0.0003350 secs]
493.847: [GC (Allocation Failure) 29842K->435K(71680K), 0.0002020 secs]
493.874: [GC (Allocation Failure) 28963K->435K(70784K), 0.0002150 secs]
493.886: [GC (Allocation Failure) 28084K->435K(76352K), 0.0002160 secs]
493.930: [GC (Allocation Failure) 33651K->435K(75264K), 0.0002250 secs]
493.948: [GC (Allocation Failure) 32577K->435K(74240K), 0.0002110 secs]
494.076: [GC (Allocation Failure) 31600K->435K(73216K), 0.0002770 secs]
494.130: [GC (Allocation Failure) 30526K->435K(72256K), 0.0002160 secs]
494.142: [GC (Allocation Failure) 29549K->435K(71360K), 0.0002300 secs]
494.155: [GC (Allocation Failure) 28670K->435K(70464K), 0.0002050 secs]
494.178: [GC (Allocation Failure) 27791K->435K(69632K), 0.0002220 secs]
494.194: [GC (Allocation Failure) 26912K->435K(74944K), 0.0002160 secs]
494.208: [GC (Allocation Failure) 32284K->435K(81344K), 0.0002080 secs]
494.353: [GC (Allocation Failure) 38633K->435K(80000K), 0.0002150 secs]
494.373: [GC (Allocation Failure) 37363K->435K(78720K), 0.0002190 secs]
494.388: [GC (Allocation Failure) 35996K->435K(77504K), 0.0002050 secs]
494.428: [GC (Allocation Failure) 34823K->435K(76352K), 0.0002150 secs]
494.446: [GC (Allocation Failure) 33651K->435K(75264K), 0.0002010 secs]
494.463: [GC (Allocation Failure) 32577K->435K(74240K), 0.0002060 secs]
494.480: [GC (Allocation Failure) 31600K->435K(73216K), 0.0002050 secs]
494.494: [GC (Allocation Failure) 30526K->435K(79296K), 0.0002140 secs]
494.513: [GC (Allocation Failure) 36582K->435K(78080K), 0.0002000 secs]
494.593: [GC (Allocation Failure) 35409K->435K(76928K), 0.0003280 secs]
494.624: [GC (Allocation Failure) 34237K->435K(75840K), 0.0002110 secs]
494.642: [GC (Allocation Failure) 33163K->435K(74752K), 0.0002020 secs]
494.660: [GC (Allocation Failure) 32089K->435K(81088K), 0.0003260 secs]
494.694: [GC (Allocation Failure) 38437K->435K(79808K), 0.0002420 secs]
494.711: [GC (Allocation Failure) 37168K->435K(87168K), 0.0002740 secs]
494.735: [GC (Allocation Failure) 44493K->435K(85568K), 0.0002180 secs]
494.757: [GC (Allocation Failure) 42930K->435K(84032K), 0.0002170 secs]
494.779: [GC (Allocation Failure) 41367K->435K(82624K), 0.0002140 secs]
494.796: [GC (Allocation Failure) 39902K->435K(81280K), 0.0002180 secs]
494.813: [GC (Allocation Failure) 38633K->435K(80000K), 0.0002130 secs]
494.832: [GC (Allocation Failure) 37363K->435K(78720K), 0.0002140 secs]
494.848: [GC (Allocation Failure) 35996K->435K(85888K), 0.0002060 secs]
494.914: [GC (Allocation Failure) 43223K->435K(84352K), 0.0002170 secs]
494.931: [GC (Allocation Failure) 41660K->435K(82880K), 0.0002150 secs]
494.985: [GC (Allocation Failure) 40195K->435K(81472K), 0.0002230 secs]
495.013: [GC (Allocation Failure) 38828K->435K(80128K), 0.0002100 secs]
495.080: [GC (Allocation Failure) 37461K->435K(78848K), 0.0002780 secs]
495.229: [GC (Allocation Failure) 36191K->435K(77632K), 0.0002170 secs]
495.283: [GC (Allocation Failure) 34921K->435K(76480K), 0.0002140 secs]
495.302: [GC (Allocation Failure) 33749K->435K(75392K), 0.0002180 secs]
495.316: [GC (Allocation Failure) 32675K->435K(74368K), 0.0002190 secs]
495.382: [GC (Allocation Failure) 31698K->435K(73344K), 0.0002400 secs]
495.399: [GC (Allocation Failure) 30624K->435K(72384K), 0.0002110 secs]
495.531: [GC (Allocation Failure) 29745K->435K(71488K), 0.0002020 secs]
495.544: [GC (Allocation Failure) 28768K->435K(77184K), 0.0003420 secs]
495.583: [GC (Allocation Failure) 34530K->435K(76032K), 0.0002160 secs]
495.602: [GC (Allocation Failure) 33358K->435K(74944K), 0.0002040 secs]
495.632: [GC (Allocation Failure) 32284K->435K(73920K), 0.0002010 secs]
495.650: [GC (Allocation Failure) 31210K->435K(72960K), 0.0002030 secs]
495.665: [GC (Allocation Failure) 30233K->435K(72000K), 0.0002260 secs]
495.677: [GC (Allocation Failure) 29354K->435K(77824K), 0.0002140 secs]
495.692: [GC (Allocation Failure) 35116K->435K(84800K), 0.0002040 secs]
495.710: [GC (Allocation Failure) 42149K->435K(93184K), 0.0002150 secs]
495.736: [GC (Allocation Failure) 50455K->435K(91328K), 0.0002160 secs]
495.839: [GC (Allocation Failure) 48595K->435K(89536K), 0.0002120 secs]
495.863: [GC (Allocation Failure) 46837K->435K(87872K), 0.0002020 secs]
495.883: [GC (Allocation Failure) 45177K->435K(86272K), 0.0002130 secs]
495.905: [GC (Allocation Failure) 43614K->435K(84736K), 0.0002000 secs]
495.924: [GC (Allocation Failure) 42051K->435K(83264K), 0.0002160 secs]
495.942: [GC (Allocation Failure) 40586K->435K(81856K), 0.0002070 secs]
496.082: [GC (Allocation Failure) 39219K->435K(80512K), 0.0002170 secs]
496.098: [GC (Allocation Failure) 37851K->435K(79232K), 0.0002170 secs]
496.115: [GC (Allocation Failure) 36582K->435K(78016K), 0.0002010 secs]
496.134: [GC (Allocation Failure) 35312K->435K(76864K), 0.0002140 secs]
496.153: [GC (Allocation Failure) 34140K->435K(75776K), 0.0002070 secs]
496.167: [GC (Allocation Failure) 33065K->435K(74688K), 0.0002190 secs]
496.229: [GC (Allocation Failure) 31991K->435K(73664K), 0.0002330 secs]
496.242: [GC (Allocation Failure) 31014K->435K(72704K), 0.0002050 secs]
496.255: [GC (Allocation Failure) 30038K->435K(78656K), 0.0002070 secs]
496.275: [GC (Allocation Failure) 35996K->435K(85824K), 0.0002140 secs]
496.297: [GC (Allocation Failure) 43126K->435K(84288K), 0.0002020 secs]
496.320: [GC (Allocation Failure) 41563K->435K(82816K), 0.0002100 secs]
496.383: [GC (Allocation Failure) 40098K->435K(81408K), 0.0002710 secs]
496.413: [GC (Allocation Failure) 38730K->435K(80064K), 0.0002230 secs]
496.431: [GC (Allocation Failure) 37363K->435K(78784K), 0.0002130 secs]
496.447: [GC (Allocation Failure) 36093K->435K(77568K), 0.0002130 secs]
496.461: [GC (Allocation Failure) 34921K->435K(76416K), 0.0002020 secs]
496.476: [GC (Allocation Failure) 33749K->435K(83136K), 0.0002140 secs]
496.537: [GC (Allocation Failure) 40488K->435K(81728K), 0.0002240 secs]
496.558: [GC (Allocation Failure) 39023K->435K(80384K), 0.0002170 secs]
496.578: [GC (Allocation Failure) 37656K->435K(79104K), 0.0002160 secs]
496.595: [GC (Allocation Failure) 36386K->435K(77888K), 0.0002110 secs]
496.634: [GC (Allocation Failure) 35214K->435K(76736K), 0.0002150 secs]
496.649: [GC (Allocation Failure) 34042K->435K(75648K), 0.0002150 secs]
496.684: [GC (Allocation Failure) 32968K->435K(74560K), 0.0002400 secs]
496.698: [GC (Allocation Failure) 31893K->435K(73536K), 0.0002300 secs]
496.711: [GC (Allocation Failure) 30819K->435K(79680K), 0.0002060 secs]
496.731: [GC (Allocation Failure) 36972K->435K(87040K), 0.0002130 secs]
496.761: [GC (Allocation Failure) 44395K->435K(85440K), 0.0002200 secs]
496.783: [GC (Allocation Failure) 42735K->435K(83968K), 0.0002180 secs]
496.801: [GC (Allocation Failure) 41270K->435K(82560K), 0.0002140 secs]
496.822: [GC (Allocation Failure) 39902K->435K(81216K), 0.0002020 secs]
496.839: [GC (Allocation Failure) 38535K->435K(79936K), 0.0002070 secs]
496.913: [GC (Allocation Failure) 37265K->435K(78656K), 0.0002410 secs]
496.929: [GC (Allocation Failure) 35996K->435K(77440K), 0.0002170 secs]
496.981: [GC (Allocation Failure) 34726K->435K(76288K), 0.0002150 secs]
497.000: [GC (Allocation Failure) 33554K->435K(75200K), 0.0002120 secs]
497.014: [GC (Allocation Failure) 32479K->435K(74176K), 0.0002040 secs]
497.032: [GC (Allocation Failure) 31503K->435K(73152K), 0.0002210 secs]
497.083: [GC (Allocation Failure) 30428K->435K(72192K), 0.0002120 secs]
497.096: [GC (Allocation Failure) 29549K->435K(78016K), 0.0002930 secs]
497.136: [GC (Allocation Failure) 35312K->435K(76864K), 0.0002130 secs]
497.155: [GC (Allocation Failure) 34140K->435K(75776K), 0.0002050 secs]
497.231: [GC (Allocation Failure) 33065K->435K(74688K), 0.0002080 secs]
497.258: [GC (Allocation Failure) 31991K->435K(73664K), 0.0002280 secs]
497.276: [GC (Allocation Failure) 31014K->435K(72704K), 0.0002690 secs]
497.294: [GC (Allocation Failure) 30038K->435K(71808K), 0.0002040 secs]
497.306: [GC (Allocation Failure) 29158K->435K(77568K), 0.0002210 secs]
497.332: [GC (Allocation Failure) 34921K->435K(76416K), 0.0002290 secs]
497.347: [GC (Allocation Failure) 33749K->435K(83136K), 0.0002030 secs]
497.367: [GC (Allocation Failure) 40488K->435K(81728K), 0.0002110 secs]
497.537: [GC (Allocation Failure) 39023K->435K(80384K), 0.0002120 secs]
497.558: [GC (Allocation Failure) 37656K->435K(79104K), 0.0002040 secs]
497.588: [GC (Allocation Failure) 36386K->435K(77888K), 0.0002070 secs]
497.604: [GC (Allocation Failure) 35214K->435K(76736K), 0.0002160 secs]
497.622: [GC (Allocation Failure) 34042K->435K(75648K), 0.0002140 secs]
497.641: [GC (Allocation Failure) 32968K->435K(74560K), 0.0002200 secs]
497.655: [GC (Allocation Failure) 31893K->435K(80896K), 0.0002750 secs]
497.838: [GC (Allocation Failure) 38242K->435K(79616K), 0.0002220 secs]
497.854: [GC (Allocation Failure) 36972K->435K(78400K), 0.0002040 secs]
497.869: [GC (Allocation Failure) 35702K->435K(77248K), 0.0002040 secs]
497.884: [GC (Allocation Failure) 34530K->435K(84096K), 0.0002030 secs]
497.902: [GC (Allocation Failure) 41367K->435K(92352K), 0.0002030 secs]
497.927: [GC (Allocation Failure) 49670K->435K(90496K), 0.0002030 secs]
497.952: [GC (Allocation Failure) 47814K->435K(88768K), 0.0002160 secs]
497.976: [GC (Allocation Failure) 46056K->435K(87104K), 0.0002140 secs]
497.995: [GC (Allocation Failure) 44395K->435K(85504K), 0.0002160 secs]
498.017: [GC (Allocation Failure) 42833K->435K(83968K), 0.0002020 secs]
498.035: [GC (Allocation Failure) 41270K->435K(82560K), 0.0002050 secs]
498.059: [GC (Allocation Failure) 39902K->435K(81216K), 0.0002300 secs]
498.079: [GC (Allocation Failure) 38535K->435K(79936K), 0.0002020 secs]
498.100: [GC (Allocation Failure) 37265K->435K(78656K), 0.0002210 secs]
498.116: [GC (Allocation Failure) 35996K->435K(77440K), 0.0002200 secs]
498.136: [GC (Allocation Failure) 34726K->435K(76288K), 0.0002290 secs]
498.151: [GC (Allocation Failure) 33554K->435K(82944K), 0.0002750 secs]
498.186: [GC (Allocation Failure) 40293K->435K(90944K), 0.0002710 secs]
498.243: [GC (Allocation Failure) 48302K->435K(89216K), 0.0002230 secs]
498.263: [GC (Allocation Failure) 46544K->435K(87552K), 0.0002040 secs]
498.292: [GC (Allocation Failure) 44884K->435K(85952K), 0.0002190 secs]
498.310: [GC (Allocation Failure) 43223K->435K(84416K), 0.0002140 secs]
498.328: [GC (Allocation Failure) 41758K->435K(82944K), 0.0002020 secs]
498.369: [GC (Allocation Failure) 40293K->435K(81536K), 0.0002450 secs]
498.389: [GC (Allocation Failure) 38828K->435K(80192K), 0.0002110 secs]
498.435: [GC (Allocation Failure) 37461K->435K(78912K), 0.0002770 secs]
498.457: [GC (Allocation Failure) 36191K->435K(77696K), 0.0002290 secs]
498.476: [GC (Allocation Failure) 35019K->435K(76544K), 0.0002120 secs]
498.533: [GC (Allocation Failure) 33847K->435K(75456K), 0.0002120 secs]
498.547: [GC (Allocation Failure) 32772K->435K(74432K), 0.0002040 secs]
498.583: [GC (Allocation Failure) 31698K->435K(73408K), 0.0002730 secs]
498.610: [GC (Allocation Failure) 30721K->435K(72448K), 0.0002420 secs]
498.628: [GC (Allocation Failure) 29745K->435K(71552K), 0.0002090 secs]
498.658: [GC (Allocation Failure) 28865K->435K(70656K), 0.0002070 secs]
498.685: [GC (Allocation Failure) 27986K->435K(69824K), 0.0002400 secs]
498.701: [GC (Allocation Failure) 27107K->435K(68992K), 0.0002690 secs]
498.734: [GC (Allocation Failure) 26326K->435K(68224K), 0.0002070 secs]
498.749: [GC (Allocation Failure) 25545K->435K(67520K), 0.0002160 secs]
498.760: [GC (Allocation Failure) 24857K->435K(72448K), 0.0002740 secs]
498.785: [GC (Allocation Failure) 29745K->435K(78336K), 0.0003600 secs]
498.801: [GC (Allocation Failure) 35605K->435K(85440K), 0.0002030 secs]
498.828: [GC (Allocation Failure) 42735K->435K(93952K), 0.0002130 secs]
498.850: [GC (Allocation Failure) 51236K->435K(104128K), 0.0002030 secs]
498.923: [GC (Allocation Failure) 61394K->435K(101760K), 0.0002760 secs]
498.995: [GC (Allocation Failure) 59050K->435K(99520K), 0.0002150 secs]
499.019: [GC (Allocation Failure) 56804K->435K(97344K), 0.0002030 secs]
499.064: [GC (Allocation Failure) 54655K->435K(95296K), 0.0002140 secs]
499.096: [GC (Allocation Failure) 52604K->435K(93312K), 0.0002210 secs]
499.118: [GC (Allocation Failure) 50650K->435K(91456K), 0.0002010 secs]
499.139: [GC (Allocation Failure) 48791K->435K(89664K), 0.0002030 secs]
499.161: [GC (Allocation Failure) 46935K->435K(87936K), 0.0002070 secs]
499.184: [GC (Allocation Failure) 45274K->435K(86336K), 0.0002150 secs]
499.203: [GC (Allocation Failure) 43614K->435K(84800K), 0.0002170 secs]
499.288: [GC (Allocation Failure) 42149K->435K(83328K), 0.0002190 secs]
499.309: [GC (Allocation Failure) 40684K->435K(81920K), 0.0002760 secs]
499.330: [GC (Allocation Failure) 39219K->435K(80576K), 0.0002170 secs]
499.351: [GC (Allocation Failure) 37851K->435K(79296K), 0.0002030 secs]
499.367: [GC (Allocation Failure) 36582K->435K(78080K), 0.0002170 secs]
499.386: [GC (Allocation Failure) 35409K->435K(76928K), 0.0002160 secs]
499.401: [GC (Allocation Failure) 34237K->435K(83712K), 0.0002320 secs]
499.420: [GC (Allocation Failure) 41074K->435K(82304K), 0.0002120 secs]
499.441: [GC (Allocation Failure) 39609K->435K(80960K), 0.0002200 secs]
499.563: [GC (Allocation Failure) 38242K->435K(79680K), 0.0002250 secs]
499.579: [GC (Allocation Failure) 36972K->435K(78464K), 0.0002070 secs]
499.598: [GC (Allocation Failure) 35800K->435K(77312K), 0.0002120 secs]
499.662: [GC (Allocation Failure) 34628K->435K(76160K), 0.0002040 secs]
499.677: [GC (Allocation Failure) 33456K->435K(75072K), 0.0002500 secs]
499.734: [GC (Allocation Failure) 32382K->435K(74048K), 0.0002260 secs]
499.747: [GC (Allocation Failure) 31405K->435K(73088K), 0.0002040 secs]
499.786: [GC (Allocation Failure) 30428K->435K(72128K), 0.0002150 secs]
499.799: [GC (Allocation Failure) 29451K->435K(71232K), 0.0002050 secs]
499.837: [GC (Allocation Failure) 28572K->435K(70400K), 0.0002400 secs]
499.854: [GC (Allocation Failure) 27693K->435K(69568K), 0.0002700 secs]
499.886: [GC (Allocation Failure) 26912K->435K(68800K), 0.0002090 secs]
499.901: [GC (Allocation Failure) 26131K->435K(68032K), 0.0002210 secs]
499.916: [GC (Allocation Failure) 25349K->435K(73024K), 0.0002720 secs]
499.929: [GC (Allocation Failure) 30331K->435K(79040K), 0.0002030 secs]
499.990: [GC (Allocation Failure) 36386K->435K(77824K), 0.0002150 secs]
500.009: [GC (Allocation Failure) 35116K->435K(84800K), 0.0002760 secs]
500.031: [GC (Allocation Failure) 42149K->435K(83328K), 0.0002150 secs]
500.049: [GC (Allocation Failure) 40684K->435K(91392K), 0.0002690 secs]
500.142: [GC (Allocation Failure) 48693K->435K(89600K), 0.0002150 secs]
500.195: [GC (Allocation Failure) 46935K->435K(87936K), 0.0002230 secs]
500.218: [GC (Allocation Failure) 45274K->435K(86336K), 0.0002000 secs]
500.237: [GC (Allocation Failure) 43614K->435K(84800K), 0.0002120 secs]
500.255: [GC (Allocation Failure) 42149K->435K(83328K), 0.0002040 secs]
500.276: [GC (Allocation Failure) 40684K->435K(81920K), 0.0002350 secs]
500.361: [GC (Allocation Failure) 39219K->435K(80576K), 0.0002100 secs]
500.438: [GC (Allocation Failure) 37851K->435K(79296K), 0.0002270 secs]
500.457: [GC (Allocation Failure) 36582K->435K(78080K), 0.0002150 secs]
500.540: [GC (Allocation Failure) 35409K->435K(76928K), 0.0002190 secs]
500.555: [GC (Allocation Failure) 34237K->435K(75840K), 0.0002730 secs]
500.586: [GC (Allocation Failure) 33163K->435K(74752K), 0.0002040 secs]
500.633: [GC (Allocation Failure) 32089K->435K(73728K), 0.0002180 secs]
500.647: [GC (Allocation Failure) 31014K->435K(72768K), 0.0002240 secs]
500.678: [GC (Allocation Failure) 30038K->435K(71808K), 0.0002280 secs]
500.691: [GC (Allocation Failure) 29158K->435K(77568K), 0.0002690 secs]
500.740: [GC (Allocation Failure) 34921K->435K(76416K), 0.0002210 secs]
500.760: [GC (Allocation Failure) 33749K->435K(75328K), 0.0002230 secs]
500.840: [GC (Allocation Failure) 32675K->435K(74304K), 0.0002140 secs]
500.857: [GC (Allocation Failure) 31600K->435K(73280K), 0.0002070 secs]
500.872: [GC (Allocation Failure) 30624K->435K(72320K), 0.0002160 secs]
500.889: [GC (Allocation Failure) 29647K->435K(71424K), 0.0002180 secs]
501.038: [GC (Allocation Failure) 28768K->435K(70528K), 0.0002030 secs]
501.054: [GC (Allocation Failure) 27889K->435K(69696K), 0.0002150 secs]
501.084: [GC (Allocation Failure) 27010K->435K(68928K), 0.0002250 secs]
501.099: [GC (Allocation Failure) 26228K->435K(68160K), 0.0002130 secs]
501.110: [GC (Allocation Failure) 25447K->435K(73216K), 0.0002190 secs]
501.127: [GC (Allocation Failure) 30526K->435K(79296K), 0.0002010 secs]
501.143: [GC (Allocation Failure) 36582K->435K(86592K), 0.0002140 secs]
501.195: [GC (Allocation Failure) 43907K->435K(85056K), 0.0002110 secs]
501.217: [GC (Allocation Failure) 42344K->435K(83584K), 0.0002010 secs]
501.235: [GC (Allocation Failure) 40879K->435K(82176K), 0.0002180 secs]
501.338: [GC (Allocation Failure) 39512K->435K(80832K), 0.0002160 secs]
501.389: [GC (Allocation Failure) 38144K->435K(79552K), 0.0002090 secs]
501.439: [GC (Allocation Failure) 36875K->435K(78336K), 0.0002170 secs]
501.540: [GC (Allocation Failure) 35605K->435K(77184K), 0.0002250 secs]
501.556: [GC (Allocation Failure) 34530K->435K(76032K), 0.0002050 secs]
501.570: [GC (Allocation Failure) 33358K->435K(74944K), 0.0002070 secs]
501.585: [GC (Allocation Failure) 32284K->435K(73920K), 0.0002020 secs]
501.636: [GC (Allocation Failure) 31210K->435K(72960K), 0.0002370 secs]
501.650: [GC (Allocation Failure) 30233K->435K(72000K), 0.0002030 secs]
501.666: [GC (Allocation Failure) 29354K->435K(71104K), 0.0002100 secs]
501.679: [GC (Allocation Failure) 28377K->435K(76736K), 0.0002180 secs]
501.697: [GC (Allocation Failure) 34042K->435K(83520K), 0.0002100 secs]
501.890: [GC (Allocation Failure) 40879K->435K(82112K), 0.0002120 secs]
501.944: [GC (Allocation Failure) 39414K->435K(80768K), 0.0002150 secs]
501.966: [GC (Allocation Failure) 38047K->435K(79488K), 0.0002060 secs]
501.994: [GC (Allocation Failure) 36777K->435K(78272K), 0.0002050 secs]
502.009: [GC (Allocation Failure) 35605K->435K(77120K), 0.0002310 secs]
502.028: [GC (Allocation Failure) 34433K->435K(75968K), 0.0002220 secs]
502.062: [GC (Allocation Failure) 33261K->435K(74880K), 0.0002180 secs]
502.191: [GC (Allocation Failure) 32186K->435K(73856K), 0.0002140 secs]
502.209: [GC (Allocation Failure) 31210K->435K(72896K), 0.0002160 secs]
502.286: [GC (Allocation Failure) 30233K->435K(71936K), 0.0002320 secs]
502.299: [GC (Allocation Failure) 29256K->435K(71040K), 0.0002040 secs]
502.315: [GC (Allocation Failure) 28377K->435K(70208K), 0.0002110 secs]
502.331: [GC (Allocation Failure) 27498K->435K(69376K), 0.0002130 secs]
502.347: [GC (Allocation Failure) 26717K->435K(74688K), 0.0002210 secs]
502.406: [GC (Allocation Failure) 31991K->435K(73664K), 0.0002240 secs]
502.420: [GC (Allocation Failure) 31014K->435K(72704K), 0.0002050 secs]
502.441: [GC (Allocation Failure) 30038K->435K(71808K), 0.0002100 secs]
502.454: [GC (Allocation Failure) 29158K->435K(77568K), 0.0002180 secs]
502.536: [GC (Allocation Failure) 34921K->435K(76416K), 0.0002240 secs]
502.550: [GC (Allocation Failure) 33749K->435K(75328K), 0.0002070 secs]
502.593: [GC (Allocation Failure) 32675K->435K(74304K), 0.0002260 secs]
502.611: [GC (Allocation Failure) 31600K->435K(73280K), 0.0002040 secs]
502.628: [GC (Allocation Failure) 30624K->435K(72320K), 0.0002290 secs]
502.663: [GC (Allocation Failure) 29647K->435K(71424K), 0.0002140 secs]
502.676: [GC (Allocation Failure) 28768K->435K(70528K), 0.0002260 secs]
502.688: [GC (Allocation Failure) 27889K->435K(76032K), 0.0002060 secs]
502.702: [GC (Allocation Failure) 33358K->435K(82624K), 0.0002050 secs]
502.742: [GC (Allocation Failure) 39902K->435K(81280K), 0.0002280 secs]
502.760: [GC (Allocation Failure) 38633K->435K(80000K), 0.0002120 secs]
502.791: [GC (Allocation Failure) 37363K->435K(78720K), 0.0002070 secs]
502.840: [GC (Allocation Failure) 35996K->435K(77504K), 0.0002190 secs]
502.868: [GC (Allocation Failure) 34823K->435K(76352K), 0.0002260 secs]
502.883: [GC (Allocation Failure) 33651K->435K(75264K), 0.0002070 secs]
502.935: [GC (Allocation Failure) 32577K->435K(74240K), 0.0002160 secs]
502.948: [GC (Allocation Failure) 31600K->435K(73216K), 0.0002050 secs]
503.030: [GC (Allocation Failure) 30526K->435K(72256K), 0.0002250 secs]
503.043: [GC (Allocation Failure) 29549K->435K(71360K), 0.0002760 secs]
503.056: [GC (Allocation Failure) 28670K->435K(77056K), 0.0002050 secs]
503.139: [GC (Allocation Failure) 34335K->435K(75904K), 0.0002050 secs]
503.167: [GC (Allocation Failure) 33261K->435K(74816K), 0.0002160 secs]
503.182: [GC (Allocation Failure) 32089K->435K(81216K), 0.0002760 secs]
503.342: [GC (Allocation Failure) 38535K->435K(79936K), 0.0002170 secs]
503.395: [GC (Allocation Failure) 37265K->435K(78656K), 0.0002220 secs]
503.411: [GC (Allocation Failure) 35996K->435K(77440K), 0.0002180 secs]
503.426: [GC (Allocation Failure) 34726K->435K(76288K), 0.0002070 secs]
503.490: [GC (Allocation Failure) 33554K->435K(75200K), 0.0002270 secs]
503.508: [GC (Allocation Failure) 32479K->435K(74176K), 0.0002120 secs]
503.539: [GC (Allocation Failure) 31503K->435K(73152K), 0.0003960 secs]
503.642: [GC (Allocation Failure) 30428K->435K(72192K), 0.0002130 secs]
503.655: [GC (Allocation Failure) 29549K->435K(78016K), 0.0003220 secs]
503.736: [GC (Allocation Failure) 35312K->435K(76864K), 0.0002310 secs]
503.790: [GC (Allocation Failure) 34140K->435K(75776K), 0.0002500 secs]
503.814: [GC (Allocation Failure) 33065K->435K(74688K), 0.0002090 secs]
503.832: [GC (Allocation Failure) 31991K->435K(73664K), 0.0002070 secs]
503.849: [GC (Allocation Failure) 31014K->435K(72704K), 0.0002180 secs]
503.866: [GC (Allocation Failure) 30038K->435K(71808K), 0.0002170 secs]
503.879: [GC (Allocation Failure) 29158K->435K(77568K), 0.0002040 secs]
503.908: [GC (Allocation Failure) 34921K->435K(76416K), 0.0002040 secs]
503.922: [GC (Allocation Failure) 33749K->435K(83136K), 0.0002140 secs]
503.944: [GC (Allocation Failure) 40488K->435K(81728K), 0.0002110 secs]
503.969: [GC (Allocation Failure) 39023K->435K(80384K), 0.0002100 secs]
504.042: [GC (Allocation Failure) 37656K->435K(79104K), 0.0002160 secs]
504.062: [GC (Allocation Failure) 36386K->435K(77888K), 0.0002010 secs]
504.077: [GC (Allocation Failure) 35214K->435K(76736K), 0.0002280 secs]
504.096: [GC (Allocation Failure) 34042K->435K(75648K), 0.0002040 secs]
504.114: [GC (Allocation Failure) 32968K->435K(74560K), 0.0002120 secs]
504.138: [GC (Allocation Failure) 31893K->435K(73536K), 0.0002070 secs]
504.156: [GC (Allocation Failure) 30819K->435K(72576K), 0.0002210 secs]
504.173: [GC (Allocation Failure) 29842K->435K(71680K), 0.0002180 secs]
504.186: [GC (Allocation Failure) 28963K->435K(77440K), 0.0002280 secs]
504.201: [GC (Allocation Failure) 34726K->435K(84352K), 0.0002250 secs]
504.245: [GC (Allocation Failure) 41660K->435K(82880K), 0.0002250 secs]
504.262: [GC (Allocation Failure) 40195K->435K(81472K), 0.0002020 secs]
504.294: [GC (Allocation Failure) 38828K->435K(80128K), 0.0002140 secs]
504.310: [GC (Allocation Failure) 37461K->435K(78848K), 0.0002020 secs]
504.327: [GC (Allocation Failure) 36191K->435K(77632K), 0.0002090 secs]
504.346: [GC (Allocation Failure) 34921K->435K(76480K), 0.0002100 secs]
504.410: [GC (Allocation Failure) 33749K->435K(75392K), 0.0002100 secs]
504.425: [GC (Allocation Failure) 32675K->435K(74368K), 0.0002190 secs]
504.443: [GC (Allocation Failure) 31698K->435K(80640K), 0.0002720 secs]
504.459: [GC (Allocation Failure) 37949K->435K(88192K), 0.0002080 secs]
504.545: [GC (Allocation Failure) 45470K->435K(86592K), 0.0002310 secs]
504.564: [GC (Allocation Failure) 43907K->435K(85056K), 0.0002010 secs]
504.582: [GC (Allocation Failure) 42344K->435K(83584K), 0.0002880 secs]
504.604: [GC (Allocation Failure) 40879K->435K(91712K), 0.0002760 secs]
504.627: [GC (Allocation Failure) 48986K->435K(89920K), 0.0002120 secs]
504.652: [GC (Allocation Failure) 47228K->435K(88192K), 0.0002020 secs]
504.676: [GC (Allocation Failure) 45470K->435K(86592K), 0.0002140 secs]
504.699: [GC (Allocation Failure) 43907K->435K(85056K), 0.0002110 secs]
504.750: [GC (Allocation Failure) 42344K->435K(83584K), 0.0002280 secs]
504.769: [GC (Allocation Failure) 40879K->435K(82176K), 0.0002270 secs]
504.790: [GC (Allocation Failure) 39512K->435K(80832K), 0.0002210 secs]
504.848: [GC (Allocation Failure) 38144K->435K(79552K), 0.0002150 secs]
504.868: [GC (Allocation Failure) 36875K->435K(78336K), 0.0002100 secs]
504.884: [GC (Allocation Failure) 35605K->435K(77184K), 0.0002170 secs]
504.898: [GC (Allocation Failure) 34530K->435K(76032K), 0.0002030 secs]
504.946: [GC (Allocation Failure) 33358K->435K(74944K), 0.0002220 secs]
504.960: [GC (Allocation Failure) 32284K->435K(73920K), 0.0002040 secs]
504.991: [GC (Allocation Failure) 31210K->435K(72960K), 0.0002740 secs]
505.005: [GC (Allocation Failure) 30233K->435K(72000K), 0.0002010 secs]
505.028: [GC (Allocation Failure) 29354K->435K(71104K), 0.0002100 secs]
505.040: [GC (Allocation Failure) 28377K->435K(76736K), 0.0002190 secs]
505.059: [GC (Allocation Failure) 34042K->435K(83520K), 0.0002230 secs]
505.099: [GC (Allocation Failure) 40879K->435K(82112K), 0.0002220 secs]
505.121: [GC (Allocation Failure) 39414K->435K(80768K), 0.0002230 secs]
505.167: [GC (Allocation Failure) 38047K->435K(79488K), 0.0002120 secs]
505.187: [GC (Allocation Failure) 36777K->435K(78272K), 0.0002750 secs]
505.202: [GC (Allocation Failure) 35605K->435K(77120K), 0.0002060 secs]
505.247: [GC (Allocation Failure) 34433K->435K(75968K), 0.0002230 secs]
505.261: [GC (Allocation Failure) 33261K->435K(74880K), 0.0002150 secs]
505.275: [GC (Allocation Failure) 32186K->435K(81280K), 0.0002160 secs]
505.298: [GC (Allocation Failure) 38633K->435K(80000K), 0.0002230 secs]
505.315: [GC (Allocation Failure) 37363K->435K(87424K), 0.0002200 secs]
505.338: [GC (Allocation Failure) 44786K->435K(85824K), 0.0002210 secs]
505.401: [GC (Allocation Failure) 43126K->435K(84288K), 0.0002230 secs]
505.422: [GC (Allocation Failure) 41563K->435K(82816K), 0.0002130 secs]
505.499: [GC (Allocation Failure) 40098K->435K(81408K), 0.0002170 secs]
505.516: [GC (Allocation Failure) 38730K->435K(80064K), 0.0002040 secs]
505.536: [GC (Allocation Failure) 37363K->435K(78784K), 0.0002020 secs]
505.556: [GC (Allocation Failure) 36093K->435K(77568K), 0.0002070 secs]
505.693: [GC (Allocation Failure) 34921K->435K(76416K), 0.0002050 secs]
505.747: [GC (Allocation Failure) 33749K->435K(75328K), 0.0002290 secs]
505.762: [GC (Allocation Failure) 32675K->435K(74304K), 0.0002200 secs]
505.785: [GC (Allocation Failure) 31600K->435K(73280K), 0.0002110 secs]
505.802: [GC (Allocation Failure) 30624K->435K(72320K), 0.0002100 secs]
505.819: [GC (Allocation Failure) 29647K->435K(71424K), 0.0002320 secs]
505.832: [GC (Allocation Failure) 28768K->435K(77120K), 0.0002140 secs]
505.907: [GC (Allocation Failure) 34433K->435K(75968K), 0.0002150 secs]
505.993: [GC (Allocation Failure) 33261K->435K(74880K), 0.0002250 secs]
506.007: [GC (Allocation Failure) 32186K->435K(73856K), 0.0002040 secs]
506.042: [GC (Allocation Failure) 31210K->435K(72896K), 0.0002170 secs]
506.055: [GC (Allocation Failure) 30233K->435K(71936K), 0.0002040 secs]
506.092: [GC (Allocation Failure) 29256K->435K(71040K), 0.0002030 secs]
506.245: [GC (Allocation Failure) 28377K->435K(70208K), 0.0002210 secs]
506.261: [GC (Allocation Failure) 27498K->435K(69376K), 0.0002270 secs]
506.277: [GC (Allocation Failure) 26717K->435K(68608K), 0.0002100 secs]
506.295: [GC (Allocation Failure) 25935K->435K(67840K), 0.0002210 secs]
506.310: [GC (Allocation Failure) 25150K->435K(72832K), 0.0002820 secs]
506.323: [GC (Allocation Failure) 30135K->435K(78784K), 0.0002300 secs]
506.339: [GC (Allocation Failure) 36093K->435K(85952K), 0.0002120 secs]
506.362: [GC (Allocation Failure) 43223K->435K(94528K), 0.0002220 secs]
506.402: [GC (Allocation Failure) 51822K->435K(92608K), 0.0002040 secs]
506.601: [GC (Allocation Failure) 49967K->435K(90752K), 0.0002230 secs]
506.622: [GC (Allocation Failure) 48107K->435K(89024K), 0.0002090 secs]
506.654: [GC (Allocation Failure) 46349K->435K(87360K), 0.0002160 secs]
506.678: [GC (Allocation Failure) 44688K->435K(85760K), 0.0002030 secs]
506.697: [GC (Allocation Failure) 43028K->435K(84224K), 0.0002150 secs]
506.721: [GC (Allocation Failure) 41563K->435K(82752K), 0.0002040 secs]
506.738: [GC (Allocation Failure) 40098K->435K(81344K), 0.0002730 secs]
506.770: [GC (Allocation Failure) 38633K->435K(80000K), 0.0002090 secs]
506.850: [GC (Allocation Failure) 37363K->435K(78720K), 0.0002200 secs]
506.866: [GC (Allocation Failure) 35996K->435K(77504K), 0.0002740 secs]
506.899: [GC (Allocation Failure) 34823K->435K(76352K), 0.0002160 secs]
506.914: [GC (Allocation Failure) 33651K->435K(75264K), 0.0002070 secs]
506.944: [GC (Allocation Failure) 32577K->435K(74240K), 0.0002060 secs]
506.998: [GC (Allocation Failure) 31600K->435K(73216K), 0.0002230 secs]
507.011: [GC (Allocation Failure) 30526K->435K(72256K), 0.0002070 secs]
507.027: [GC (Allocation Failure) 29549K->435K(71360K), 0.0002250 secs]
507.047: [GC (Allocation Failure) 28670K->435K(70464K), 0.0002400 secs]
507.059: [GC (Allocation Failure) 27791K->435K(75968K), 0.0002050 secs]
507.077: [GC (Allocation Failure) 33261K->435K(82560K), 0.0002010 secs]
507.095: [GC (Allocation Failure) 39902K->435K(90496K), 0.0002170 secs]
507.115: [GC (Allocation Failure) 47814K->435K(100032K), 0.0002050 secs]
507.140: [GC (Allocation Failure) 57390K->435K(97856K), 0.0002050 secs]
507.204: [GC (Allocation Failure) 55143K->435K(95744K), 0.0002130 secs]
507.227: [GC (Allocation Failure) 53092K->435K(93760K), 0.0002030 secs]
507.253: [GC (Allocation Failure) 51041K->435K(91840K), 0.0002120 secs]
507.274: [GC (Allocation Failure) 49181K->435K(90048K), 0.0002030 secs]
507.298: [GC (Allocation Failure) 47325K->435K(88320K), 0.0002220 secs]
507.400: [GC (Allocation Failure) 45665K->435K(86656K), 0.0002160 secs]
507.423: [GC (Allocation Failure) 44005K->435K(85120K), 0.0002110 secs]
507.499: [GC (Allocation Failure) 42442K->435K(83648K), 0.0002760 secs]
507.549: [GC (Allocation Failure) 40977K->435K(82240K), 0.0002150 secs]
507.570: [GC (Allocation Failure) 39512K->435K(80896K), 0.0002060 secs]
507.602: [GC (Allocation Failure) 38242K->435K(79616K), 0.0002080 secs]
507.618: [GC (Allocation Failure) 36972K->435K(78400K), 0.0002040 secs]
507.701: [GC (Allocation Failure) 35702K->435K(77248K), 0.0002260 secs]
507.720: [GC (Allocation Failure) 34530K->435K(76096K), 0.0002280 secs]
507.734: [GC (Allocation Failure) 33456K->435K(75008K), 0.0002060 secs]
507.799: [GC (Allocation Failure) 32284K->435K(73984K), 0.0002130 secs]
507.813: [GC (Allocation Failure) 31307K->435K(73024K), 0.0002030 secs]
507.849: [GC (Allocation Failure) 30331K->435K(72064K), 0.0002510 secs]
507.862: [GC (Allocation Failure) 29354K->435K(71168K), 0.0002130 secs]
507.874: [GC (Allocation Failure) 28475K->435K(76800K), 0.0002040 secs]
507.889: [GC (Allocation Failure) 34140K->435K(83584K), 0.0002180 secs]
507.910: [GC (Allocation Failure) 40879K->435K(91712K), 0.0002730 secs]
507.935: [GC (Allocation Failure) 48986K->435K(101440K), 0.0002150 secs]
507.965: [GC (Allocation Failure) 58757K->435K(99200K), 0.0002030 secs]
507.990: [GC (Allocation Failure) 56511K->435K(97024K), 0.0002060 secs]
508.032: [GC (Allocation Failure) 54362K->435K(94976K), 0.0002040 secs]
508.055: [GC (Allocation Failure) 52311K->435K(93056K), 0.0002010 secs]
508.076: [GC (Allocation Failure) 50357K->435K(91200K), 0.0001990 secs]
508.101: [GC (Allocation Failure) 48498K->435K(89408K), 0.0002720 secs]
508.121: [GC (Allocation Failure) 46739K->435K(87744K), 0.0002050 secs]
508.151: [GC (Allocation Failure) 45079K->435K(86144K), 0.0002150 secs]
508.305: [GC (Allocation Failure) 43419K->435K(84608K), 0.0002610 secs]
508.327: [GC (Allocation Failure) 41953K->435K(83136K), 0.0002020 secs]
508.345: [GC (Allocation Failure) 40488K->435K(81728K), 0.0002140 secs]
508.361: [GC (Allocation Failure) 39023K->435K(80384K), 0.0002020 secs]
508.402: [GC (Allocation Failure) 37656K->435K(79104K), 0.0002840 secs]
508.418: [GC (Allocation Failure) 36386K->435K(77888K), 0.0002710 secs]
508.451: [GC (Allocation Failure) 35214K->435K(76736K), 0.0002170 secs]
508.466: [GC (Allocation Failure) 34042K->435K(75648K), 0.0002150 secs]
508.480: [GC (Allocation Failure) 32968K->435K(82176K), 0.0002060 secs]
508.542: [GC (Allocation Failure) 39512K->435K(80832K), 0.0002270 secs]
508.559: [GC (Allocation Failure) 38144K->435K(79552K), 0.0002180 secs]
508.597: [GC (Allocation Failure) 36875K->435K(78336K), 0.0002520 secs]
508.615: [GC (Allocation Failure) 35605K->435K(77184K), 0.0002500 secs]
508.648: [GC (Allocation Failure) 34530K->435K(76032K), 0.0002140 secs]
508.667: [GC (Allocation Failure) 33358K->435K(74944K), 0.0002750 secs]
508.681: [GC (Allocation Failure) 32284K->435K(81344K), 0.0002260 secs]
508.771: [GC (Allocation Failure) 38633K->435K(80000K), 0.0002190 secs]
508.791: [GC (Allocation Failure) 37363K->435K(87424K), 0.0004340 secs]
508.837: [GC (Allocation Failure) 44786K->435K(85824K), 0.0002170 secs]
508.860: [GC (Allocation Failure) 43126K->435K(84288K), 0.0002140 secs]
508.911: [GC (Allocation Failure) 41563K->435K(82816K), 0.0002180 secs]
508.932: [GC (Allocation Failure) 40098K->435K(81408K), 0.0002060 secs]
508.949: [GC (Allocation Failure) 38730K->435K(80064K), 0.0002170 secs]
509.003: [GC (Allocation Failure) 37363K->435K(78784K), 0.0002120 secs]
509.023: [GC (Allocation Failure) 36093K->435K(77568K), 0.0002060 secs]
509.042: [GC (Allocation Failure) 34921K->435K(76416K), 0.0002140 secs]
509.061: [GC (Allocation Failure) 33749K->435K(75328K), 0.0002950 secs]
509.139: [GC (Allocation Failure) 32675K->435K(74304K), 0.0002140 secs]
509.156: [GC (Allocation Failure) 31600K->435K(73280K), 0.0002030 secs]
509.186: [GC (Allocation Failure) 30624K->435K(72320K), 0.0002330 secs]
509.199: [GC (Allocation Failure) 29647K->435K(71424K), 0.0002060 secs]
509.246: [GC (Allocation Failure) 28768K->435K(70528K), 0.0002070 secs]
509.299: [GC (Allocation Failure) 27889K->435K(69696K), 0.0002120 secs]
509.311: [GC (Allocation Failure) 27010K->435K(68928K), 0.0002300 secs]
509.327: [GC (Allocation Failure) 26228K->435K(68160K), 0.0002160 secs]
509.349: [GC (Allocation Failure) 25447K->435K(73216K), 0.0002780 secs]
509.363: [GC (Allocation Failure) 30526K->435K(79296K), 0.0002200 secs]
509.404: [GC (Allocation Failure) 36582K->435K(78080K), 0.0002410 secs]
509.420: [GC (Allocation Failure) 35409K->435K(85120K), 0.0002710 secs]
509.443: [GC (Allocation Failure) 42442K->435K(83648K), 0.0002020 secs]
509.465: [GC (Allocation Failure) 40977K->435K(82240K), 0.0002250 secs]
509.482: [GC (Allocation Failure) 39512K->435K(80896K), 0.0002040 secs]
509.498: [GC (Allocation Failure) 38242K->435K(79616K), 0.0002040 secs]
509.518: [GC (Allocation Failure) 36972K->435K(78400K), 0.0002120 secs]
509.553: [GC (Allocation Failure) 35702K->435K(77248K), 0.0002050 secs]
509.572: [GC (Allocation Failure) 34530K->435K(76096K), 0.0002210 secs]
509.602: [GC (Allocation Failure) 33456K->435K(75008K), 0.0002190 secs]
509.616: [GC (Allocation Failure) 32284K->435K(73984K), 0.0002160 secs]
509.652: [GC (Allocation Failure) 31307K->435K(73024K), 0.0002130 secs]
509.666: [GC (Allocation Failure) 30331K->435K(79040K), 0.0003230 secs]
509.737: [GC (Allocation Failure) 36386K->435K(77824K), 0.0002280 secs]
509.752: [GC (Allocation Failure) 35116K->435K(76672K), 0.0002050 secs]
509.767: [GC (Allocation Failure) 33944K->435K(83392K), 0.0002030 secs]
509.789: [GC (Allocation Failure) 40684K->435K(81984K), 0.0002110 secs]
509.806: [GC (Allocation Failure) 39316K->435K(89792K), 0.0002750 secs]
509.855: [GC (Allocation Failure) 47130K->435K(88064K), 0.0002260 secs]
509.878: [GC (Allocation Failure) 45372K->435K(86464K), 0.0002110 secs]
509.912: [GC (Allocation Failure) 43809K->435K(84928K), 0.0002140 secs]
509.975: [GC (Allocation Failure) 42247K->435K(83456K), 0.0002120 secs]
510.007: [GC (Allocation Failure) 40781K->435K(82048K), 0.0002170 secs]
510.023: [GC (Allocation Failure) 39316K->435K(80704K), 0.0002190 secs]
510.040: [GC (Allocation Failure) 38047K->435K(79424K), 0.0002060 secs]
510.104: [GC (Allocation Failure) 36777K->435K(78208K), 0.0002140 secs]
510.121: [GC (Allocation Failure) 35507K->435K(77056K), 0.0002080 secs]
510.140: [GC (Allocation Failure) 34335K->435K(75904K), 0.0002000 secs]
510.154: [GC (Allocation Failure) 33261K->435K(74816K), 0.0002150 secs]
510.172: [GC (Allocation Failure) 32089K->435K(73792K), 0.0002110 secs]
510.302: [GC (Allocation Failure) 31112K->435K(72832K), 0.0002130 secs]
510.315: [GC (Allocation Failure) 30135K->435K(71872K), 0.0002210 secs]
510.373: [GC (Allocation Failure) 29158K->435K(70976K), 0.0002160 secs]
510.389: [GC (Allocation Failure) 28279K->435K(70144K), 0.0002240 secs]
510.406: [GC (Allocation Failure) 27498K->435K(69312K), 0.0002170 secs]
510.418: [GC (Allocation Failure) 26619K->435K(74560K), 0.0002200 secs]
510.435: [GC (Allocation Failure) 31893K->435K(80896K), 0.0002040 secs]
510.473: [GC (Allocation Failure) 38242K->435K(79616K), 0.0002170 secs]
510.612: [GC (Allocation Failure) 36972K->435K(78400K), 0.0002180 secs]
510.628: [GC (Allocation Failure) 35702K->435K(77248K), 0.0002050 secs]
510.661: [GC (Allocation Failure) 34530K->435K(76096K), 0.0002730 secs]
510.704: [GC (Allocation Failure) 33456K->435K(75008K), 0.0002150 secs]
510.718: [GC (Allocation Failure) 32284K->435K(73984K), 0.0002080 secs]
510.735: [GC (Allocation Failure) 31307K->435K(73024K), 0.0002770 secs]
510.749: [GC (Allocation Failure) 30331K->435K(79040K), 0.0002390 secs]
510.768: [GC (Allocation Failure) 36386K->435K(86272K), 0.0002120 secs]
510.798: [GC (Allocation Failure) 43614K->435K(84736K), 0.0002360 secs]
510.817: [GC (Allocation Failure) 42051K->435K(83264K), 0.0002150 secs]
510.835: [GC (Allocation Failure) 40586K->435K(81856K), 0.0002030 secs]
510.903: [GC (Allocation Failure) 39219K->435K(80512K), 0.0002260 secs]
510.919: [GC (Allocation Failure) 37851K->435K(79232K), 0.0002040 secs]
510.952: [GC (Allocation Failure) 36582K->435K(78016K), 0.0002150 secs]
511.005: [GC (Allocation Failure) 35312K->435K(76864K), 0.0002110 secs]
511.024: [GC (Allocation Failure) 34140K->435K(75776K), 0.0002100 secs]
511.038: [GC (Allocation Failure) 33065K->435K(74688K), 0.0002190 secs]
511.142: [GC (Allocation Failure) 31991K->435K(73664K), 0.0002140 secs]
511.158: [GC (Allocation Failure) 31014K->435K(72704K), 0.0002110 secs]
511.173: [GC (Allocation Failure) 30038K->435K(71808K), 0.0002070 secs]
511.203: [GC (Allocation Failure) 29158K->435K(70912K), 0.0002140 secs]
511.215: [GC (Allocation Failure) 28182K->435K(76480K), 0.0002210 secs]
511.273: [GC (Allocation Failure) 33749K->435K(75392K), 0.0002180 secs]
511.304: [GC (Allocation Failure) 32675K->435K(74368K), 0.0002130 secs]
511.318: [GC (Allocation Failure) 31698K->435K(73344K), 0.0002040 secs]
511.353: [GC (Allocation Failure) 30624K->435K(72384K), 0.0002150 secs]
511.366: [GC (Allocation Failure) 29745K->435K(71488K), 0.0002150 secs]
511.383: [GC (Allocation Failure) 28768K->435K(77184K), 0.0002150 secs]
511.405: [GC (Allocation Failure) 34530K->435K(76032K), 0.0002030 secs]
511.424: [GC (Allocation Failure) 33358K->435K(74944K), 0.0002190 secs]
511.439: [GC (Allocation Failure) 32284K->435K(81344K), 0.0002210 secs]
511.507: [GC (Allocation Failure) 38633K->435K(80000K), 0.0002200 secs]
511.524: [GC (Allocation Failure) 37363K->435K(78720K), 0.0002060 secs]
511.543: [GC (Allocation Failure) 35996K->435K(77504K), 0.0002120 secs]
511.559: [GC (Allocation Failure) 34823K->435K(84416K), 0.0003670 secs]
511.577: [GC (Allocation Failure) 41758K->435K(92736K), 0.0002010 secs]
511.613: [GC (Allocation Failure) 50064K->435K(102720K), 0.0003360 secs]
511.640: [GC (Allocation Failure) 60027K->435K(100416K), 0.0002190 secs]
511.683: [GC (Allocation Failure) 57683K->435K(98240K), 0.0002030 secs]
511.711: [GC (Allocation Failure) 55534K->435K(96128K), 0.0002020 secs]
511.760: [GC (Allocation Failure) 53483K->435K(94144K), 0.0002050 secs]
511.813: [GC (Allocation Failure) 51432K->435K(92224K), 0.0002220 secs]
511.837: [GC (Allocation Failure) 49572K->435K(90432K), 0.0002000 secs]
511.858: [GC (Allocation Failure) 47716K->435K(88704K), 0.0002120 secs]
511.877: [GC (Allocation Failure) 46056K->435K(87040K), 0.0002030 secs]
511.910: [GC (Allocation Failure) 44395K->435K(85440K), 0.0002220 secs]
511.933: [GC (Allocation Failure) 42735K->435K(83968K), 0.0002280 secs]
511.951: [GC (Allocation Failure) 41270K->435K(82560K), 0.0002030 secs]
512.054: [GC (Allocation Failure) 39902K->435K(81216K), 0.0002230 secs]
512.075: [GC (Allocation Failure) 38535K->435K(79936K), 0.0002050 secs]
512.095: [GC (Allocation Failure) 37265K->435K(78656K), 0.0002120 secs]
512.110: [GC (Allocation Failure) 35996K->435K(77440K), 0.0002140 secs]
512.125: [GC (Allocation Failure) 34726K->435K(76288K), 0.0002040 secs]
512.140: [GC (Allocation Failure) 33554K->435K(82944K), 0.0002050 secs]
512.161: [GC (Allocation Failure) 40293K->435K(81536K), 0.0002010 secs]
512.182: [GC (Allocation Failure) 38828K->435K(80192K), 0.0002200 secs]
512.345: [GC (Allocation Failure) 37461K->435K(78912K), 0.0002150 secs]
512.361: [GC (Allocation Failure) 36191K->435K(77696K), 0.0002000 secs]
512.380: [GC (Allocation Failure) 35019K->435K(76544K), 0.0002260 secs]
512.452: [GC (Allocation Failure) 33847K->435K(75456K), 0.0002290 secs]
512.467: [GC (Allocation Failure) 32772K->435K(74432K), 0.0002040 secs]
512.484: [GC (Allocation Failure) 31698K->435K(73408K), 0.0002250 secs]
512.538: [GC (Allocation Failure) 30721K->435K(72448K), 0.0002120 secs]
512.551: [GC (Allocation Failure) 29745K->435K(71552K), 0.0002280 secs]
512.563: [GC (Allocation Failure) 28865K->435K(77248K), 0.0002160 secs]
512.578: [GC (Allocation Failure) 34530K->435K(84096K), 0.0002050 secs]
512.596: [GC (Allocation Failure) 41367K->435K(92352K), 0.0002060 secs]
512.630: [GC (Allocation Failure) 49670K->435K(90496K), 0.0002210 secs]
512.656: [GC (Allocation Failure) 47814K->435K(88768K), 0.0002010 secs]
512.680: [GC (Allocation Failure) 46056K->435K(87104K), 0.0002130 secs]
512.699: [GC (Allocation Failure) 44395K->435K(85504K), 0.0002050 secs]
512.722: [GC (Allocation Failure) 42833K->435K(83968K), 0.0002130 secs]
512.739: [GC (Allocation Failure) 41270K->435K(82560K), 0.0002130 secs]
512.760: [GC (Allocation Failure) 39902K->435K(81216K), 0.0002000 secs]
512.804: [GC (Allocation Failure) 38535K->435K(79936K), 0.0002320 secs]
512.880: [GC (Allocation Failure) 37265K->435K(78656K), 0.0002170 secs]
512.895: [GC (Allocation Failure) 35996K->435K(77440K), 0.0002050 secs]
512.954: [GC (Allocation Failure) 34726K->435K(76288K), 0.0002150 secs]
512.968: [GC (Allocation Failure) 33554K->435K(75200K), 0.0002150 secs]
512.986: [GC (Allocation Failure) 32479K->435K(74176K), 0.0002130 secs]
513.026: [GC (Allocation Failure) 31503K->435K(73152K), 0.0002200 secs]
513.052: [GC (Allocation Failure) 30428K->435K(72192K), 0.0002260 secs]
513.068: [GC (Allocation Failure) 29549K->435K(71296K), 0.0002240 secs]
513.205: [GC (Allocation Failure) 28572K->435K(70400K), 0.0002150 secs]
513.221: [GC (Allocation Failure) 27693K->435K(69568K), 0.0002300 secs]
513.255: [GC (Allocation Failure) 26912K->435K(68800K), 0.0002210 secs]
513.270: [GC (Allocation Failure) 26131K->435K(68032K), 0.0002370 secs]
513.304: [GC (Allocation Failure) 25349K->435K(67328K), 0.0002100 secs]
513.315: [GC (Allocation Failure) 24662K->435K(72192K), 0.0003240 secs]
513.356: [GC (Allocation Failure) 29549K->435K(78016K), 0.0002150 secs]
513.375: [GC (Allocation Failure) 35312K->435K(85056K), 0.0002070 secs]
513.398: [GC (Allocation Failure) 42344K->435K(83584K), 0.0002120 secs]
513.416: [GC (Allocation Failure) 40879K->435K(82176K), 0.0002200 secs]
513.511: [GC (Allocation Failure) 39512K->435K(80832K), 0.0002250 secs]
513.528: [GC (Allocation Failure) 38144K->435K(79552K), 0.0002300 secs]
513.544: [GC (Allocation Failure) 36875K->435K(78336K), 0.0002040 secs]
513.564: [GC (Allocation Failure) 35605K->435K(77184K), 0.0001880 secs]
513.608: [GC (Allocation Failure) 34530K->435K(76032K), 0.0002190 secs]
513.626: [GC (Allocation Failure) 33358K->435K(74944K), 0.0002040 secs]
513.640: [GC (Allocation Failure) 32284K->435K(73920K), 0.0002290 secs]
513.654: [GC (Allocation Failure) 31210K->435K(80128K), 0.0002030 secs]
513.670: [GC (Allocation Failure) 37461K->435K(87552K), 0.0002060 secs]
513.689: [GC (Allocation Failure) 44884K->435K(96448K), 0.0002770 secs]
513.817: [GC (Allocation Failure) 53776K->435K(94400K), 0.0003640 secs]
513.840: [GC (Allocation Failure) 51725K->435K(92480K), 0.0002010 secs]
513.915: [GC (Allocation Failure) 49767K->435K(90624K), 0.0002120 secs]
513.936: [GC (Allocation Failure) 47911K->435K(88896K), 0.0002720 secs]
513.985: [GC (Allocation Failure) 46251K->435K(87232K), 0.0002170 secs]
514.005: [GC (Allocation Failure) 44591K->435K(85632K), 0.0002630 secs]
514.023: [GC (Allocation Failure) 42930K->435K(84096K), 0.0002050 secs]
514.041: [GC (Allocation Failure) 41367K->435K(82624K), 0.0002000 secs]
514.061: [GC (Allocation Failure) 39902K->435K(81280K), 0.0002030 secs]
514.107: [GC (Allocation Failure) 38633K->435K(80000K), 0.0002070 secs]
514.156: [GC (Allocation Failure) 37363K->435K(78720K), 0.0002050 secs]
514.206: [GC (Allocation Failure) 35996K->435K(77504K), 0.0002150 secs]
514.221: [GC (Allocation Failure) 34823K->435K(76352K), 0.0002260 secs]
514.239: [GC (Allocation Failure) 33651K->435K(75264K), 0.0002120 secs]
514.258: [GC (Allocation Failure) 32577K->435K(74240K), 0.0002300 secs]
514.276: [GC (Allocation Failure) 31600K->435K(73216K), 0.0002220 secs]
514.407: [GC (Allocation Failure) 30526K->435K(72256K), 0.0002110 secs]
514.420: [GC (Allocation Failure) 29549K->435K(71360K), 0.0002210 secs]
514.433: [GC (Allocation Failure) 28670K->435K(77056K), 0.0002030 secs]
514.455: [GC (Allocation Failure) 34335K->435K(75904K), 0.0002250 secs]
514.473: [GC (Allocation Failure) 33261K->435K(74816K), 0.0002110 secs]
514.487: [GC (Allocation Failure) 32089K->435K(81216K), 0.0002070 secs]
514.508: [GC (Allocation Failure) 38535K->435K(88896K), 0.0002110 secs]
514.532: [GC (Allocation Failure) 46251K->435K(87232K), 0.0002200 secs]
514.603: [GC (Allocation Failure) 44591K->435K(85632K), 0.0002290 secs]
514.627: [GC (Allocation Failure) 42930K->435K(84096K), 0.0002170 secs]
514.649: [GC (Allocation Failure) 41367K->435K(82624K), 0.0002370 secs]
514.681: [GC (Allocation Failure) 39902K->435K(81280K), 0.0002250 secs]
514.698: [GC (Allocation Failure) 38633K->435K(80000K), 0.0002040 secs]
514.745: [GC (Allocation Failure) 37363K->435K(78720K), 0.0002200 secs]
514.760: [GC (Allocation Failure) 35996K->435K(77504K), 0.0002030 secs]
514.779: [GC (Allocation Failure) 34823K->435K(76352K), 0.0002770 secs]
514.810: [GC (Allocation Failure) 33651K->435K(75264K), 0.0002160 secs]
514.829: [GC (Allocation Failure) 32577K->435K(74240K), 0.0002220 secs]
514.847: [GC (Allocation Failure) 31600K->435K(73216K), 0.0002120 secs]
514.861: [GC (Allocation Failure) 30526K->435K(79296K), 0.0002290 secs]
514.881: [GC (Allocation Failure) 36582K->435K(86592K), 0.0002140 secs]
514.903: [GC (Allocation Failure) 43907K->435K(85056K), 0.0002110 secs]
514.926: [GC (Allocation Failure) 42344K->435K(83584K), 0.0002020 secs]
514.944: [GC (Allocation Failure) 40879K->435K(82176K), 0.0002040 secs]
514.965: [GC (Allocation Failure) 39512K->435K(80832K), 0.0002030 secs]
514.981: [GC (Allocation Failure) 38144K->435K(79552K), 0.0002030 secs]
515.061: [GC (Allocation Failure) 36875K->435K(78336K), 0.0002220 secs]
515.076: [GC (Allocation Failure) 35605K->435K(77184K), 0.0002710 secs]
515.106: [GC (Allocation Failure) 34530K->435K(76032K), 0.0002160 secs]
515.121: [GC (Allocation Failure) 33358K->435K(82624K), 0.0003110 secs]
515.184: [GC (Allocation Failure) 39902K->435K(81280K), 0.0002170 secs]
515.204: [GC (Allocation Failure) 38633K->435K(80000K), 0.0002030 secs]
515.258: [GC (Allocation Failure) 37363K->435K(78720K), 0.0002280 secs]
515.277: [GC (Allocation Failure) 35996K->435K(77504K), 0.0002140 secs]
515.292: [GC (Allocation Failure) 34823K->435K(76352K), 0.0002020 secs]
515.342: [GC (Allocation Failure) 33651K->435K(75264K), 0.0002050 secs]
515.360: [GC (Allocation Failure) 32577K->435K(74240K), 0.0002020 secs]
515.378: [GC (Allocation Failure) 31600K->435K(73216K), 0.0002040 secs]
515.391: [GC (Allocation Failure) 30526K->435K(72256K), 0.0002130 secs]
515.408: [GC (Allocation Failure) 29549K->435K(78144K), 0.0002710 secs]
515.424: [GC (Allocation Failure) 35409K->435K(85184K), 0.0002150 secs]
515.442: [GC (Allocation Failure) 42540K->435K(93632K), 0.0002140 secs]
515.542: [GC (Allocation Failure) 50943K->435K(91776K), 0.0002020 secs]
515.613: [GC (Allocation Failure) 49084K->435K(89984K), 0.0002140 secs]
515.663: [GC (Allocation Failure) 47325K->435K(88256K), 0.0002060 secs]
515.712: [GC (Allocation Failure) 45567K->435K(86592K), 0.0002250 secs]
515.731: [GC (Allocation Failure) 43907K->435K(85056K), 0.0002040 secs]
515.749: [GC (Allocation Failure) 42344K->435K(83584K), 0.0002130 secs]
515.770: [GC (Allocation Failure) 40879K->435K(82176K), 0.0002110 secs]
515.860: [GC (Allocation Failure) 39512K->435K(80832K), 0.0002250 secs]
515.880: [GC (Allocation Failure) 38144K->435K(79552K), 0.0002030 secs]
515.899: [GC (Allocation Failure) 36875K->435K(78336K), 0.0002110 secs]
515.915: [GC (Allocation Failure) 35605K->435K(77184K), 0.0002160 secs]
515.930: [GC (Allocation Failure) 34530K->435K(76032K), 0.0002020 secs]
515.957: [GC (Allocation Failure) 33358K->435K(74944K), 0.0002150 secs]
515.984: [GC (Allocation Failure) 32284K->435K(73920K), 0.0002150 secs]
516.002: [GC (Allocation Failure) 31210K->435K(72960K), 0.0002210 secs]
516.080: [GC (Allocation Failure) 30233K->435K(72000K), 0.0002230 secs]
516.093: [GC (Allocation Failure) 29354K->435K(77824K), 0.0002760 secs]
516.212: [GC (Allocation Failure) 35116K->435K(76672K), 0.0002230 secs]
516.231: [GC (Allocation Failure) 33944K->435K(75584K), 0.0002170 secs]
516.261: [GC (Allocation Failure) 32870K->435K(74560K), 0.0002160 secs]
516.275: [GC (Allocation Failure) 31893K->435K(73536K), 0.0002050 secs]
516.307: [GC (Allocation Failure) 30819K->435K(72576K), 0.0002720 secs]
516.320: [GC (Allocation Failure) 29842K->435K(71680K), 0.0002180 secs]
516.385: [GC (Allocation Failure) 28963K->435K(70784K), 0.0002500 secs]
516.402: [GC (Allocation Failure) 28084K->435K(69952K), 0.0002700 secs]
516.459: [GC (Allocation Failure) 27303K->435K(69120K), 0.0002040 secs]
516.471: [GC (Allocation Failure) 26424K->435K(74368K), 0.0002200 secs]
516.511: [GC (Allocation Failure) 31698K->435K(73344K), 0.0002130 secs]
516.528: [GC (Allocation Failure) 30624K->435K(72384K), 0.0002160 secs]
516.541: [GC (Allocation Failure) 29745K->435K(78272K), 0.0002130 secs]
516.561: [GC (Allocation Failure) 35605K->435K(85312K), 0.0002550 secs]
516.598: [GC (Allocation Failure) 42637K->435K(83840K), 0.0002730 secs]
516.634: [GC (Allocation Failure) 41172K->435K(82432K), 0.0002160 secs]
516.655: [GC (Allocation Failure) 39707K->435K(81088K), 0.0002020 secs]
516.676: [GC (Allocation Failure) 38437K->435K(79808K), 0.0002220 secs]
516.740: [GC (Allocation Failure) 37168K->435K(78592K), 0.0002280 secs]
516.760: [GC (Allocation Failure) 35898K->435K(77376K), 0.0002020 secs]
516.779: [GC (Allocation Failure) 34726K->435K(76224K), 0.0002150 secs]
516.812: [GC (Allocation Failure) 33554K->435K(75136K), 0.0002090 secs]
516.827: [GC (Allocation Failure) 32479K->435K(74112K), 0.0002150 secs]
516.840: [GC (Allocation Failure) 31405K->435K(73152K), 0.0002010 secs]
516.853: [GC (Allocation Failure) 30428K->435K(79168K), 0.0002030 secs]
516.869: [GC (Allocation Failure) 36484K->435K(86400K), 0.0002110 secs]
516.887: [GC (Allocation Failure) 43712K->435K(95104K), 0.0002040 secs]
516.913: [GC (Allocation Failure) 52408K->435K(93120K), 0.0002090 secs]
517.016: [GC (Allocation Failure) 50455K->435K(91264K), 0.0002740 secs]
517.115: [GC (Allocation Failure) 48595K->435K(89472K), 0.0002140 secs]
517.139: [GC (Allocation Failure) 46739K->435K(87808K), 0.0002120 secs]
517.162: [GC (Allocation Failure) 45079K->435K(86208K), 0.0002150 secs]
517.263: [GC (Allocation Failure) 43516K->435K(84672K), 0.0002080 secs]
517.288: [GC (Allocation Failure) 41953K->435K(83200K), 0.0002200 secs]
517.305: [GC (Allocation Failure) 40488K->435K(81792K), 0.0002140 secs]
517.326: [GC (Allocation Failure) 39121K->435K(80448K), 0.0002160 secs]
517.343: [GC (Allocation Failure) 37754K->435K(79168K), 0.0002040 secs]
517.364: [GC (Allocation Failure) 36484K->435K(77952K), 0.0002220 secs]
517.384: [GC (Allocation Failure) 35312K->435K(76800K), 0.0002120 secs]
517.403: [GC (Allocation Failure) 34140K->435K(75712K), 0.0002210 secs]
517.559: [GC (Allocation Failure) 33065K->435K(74624K), 0.0002160 secs]
517.580: [GC (Allocation Failure) 31893K->435K(73600K), 0.0002730 secs]
517.595: [GC (Allocation Failure) 30917K->435K(72640K), 0.0002140 secs]
517.658: [GC (Allocation Failure) 29940K->435K(71744K), 0.0002160 secs]
517.712: [GC (Allocation Failure) 29061K->435K(70848K), 0.0002240 secs]
517.724: [GC (Allocation Failure) 28182K->435K(70016K), 0.0002200 secs]
517.857: [GC (Allocation Failure) 27303K->435K(69184K), 0.0002280 secs]
517.869: [GC (Allocation Failure) 26521K->435K(68416K), 0.0002040 secs]
517.880: [GC (Allocation Failure) 25740K->435K(73536K), 0.0002150 secs]
517.893: [GC (Allocation Failure) 30819K->435K(79680K), 0.0002020 secs]
517.937: [GC (Allocation Failure) 36972K->435K(78464K), 0.0002150 secs]
517.956: [GC (Allocation Failure) 35800K->435K(77312K), 0.0002060 secs]
517.971: [GC (Allocation Failure) 34628K->435K(84160K), 0.0002160 secs]
517.992: [GC (Allocation Failure) 41465K->435K(82688K), 0.0002020 secs]
518.014: [GC (Allocation Failure) 40000K->435K(81344K), 0.0002200 secs]
518.034: [GC (Allocation Failure) 38633K->435K(80000K), 0.0002120 secs]
518.050: [GC (Allocation Failure) 37363K->435K(87424K), 0.0002740 secs]
518.165: [GC (Allocation Failure) 44786K->435K(85824K), 0.0002180 secs]
518.184: [GC (Allocation Failure) 43126K->435K(84288K), 0.0002140 secs]
518.264: [GC (Allocation Failure) 41563K->435K(82816K), 0.0002070 secs]
518.317: [GC (Allocation Failure) 40098K->435K(81408K), 0.0002110 secs]
518.334: [GC (Allocation Failure) 38730K->435K(80064K), 0.0003230 secs]
518.388: [GC (Allocation Failure) 37363K->435K(78784K), 0.0002380 secs]
518.407: [GC (Allocation Failure) 36093K->435K(77568K), 0.0002020 secs]
518.427: [GC (Allocation Failure) 34921K->435K(76416K), 0.0002500 secs]
518.511: [GC (Allocation Failure) 33749K->435K(75328K), 0.0002060 secs]
518.560: [GC (Allocation Failure) 32675K->435K(74304K), 0.0002060 secs]
518.594: [GC (Allocation Failure) 31600K->435K(73280K), 0.0002150 secs]
518.615: [GC (Allocation Failure) 30624K->435K(72320K), 0.0002420 secs]
518.659: [GC (Allocation Failure) 29647K->435K(71424K), 0.0002790 secs]
518.676: [GC (Allocation Failure) 28768K->435K(70528K), 0.0002250 secs]
518.693: [GC (Allocation Failure) 27889K->435K(69696K), 0.0002600 secs]
518.705: [GC (Allocation Failure) 27010K->435K(75072K), 0.0002180 secs]
518.738: [GC (Allocation Failure) 32382K->435K(74048K), 0.0002200 secs]
518.756: [GC (Allocation Failure) 31405K->435K(73088K), 0.0002290 secs]
518.774: [GC (Allocation Failure) 30428K->435K(72128K), 0.0002150 secs]
518.809: [GC (Allocation Failure) 29451K->435K(71232K), 0.0002240 secs]
518.821: [GC (Allocation Failure) 28572K->435K(76864K), 0.0003720 secs]
518.836: [GC (Allocation Failure) 34140K->435K(83648K), 0.0002080 secs]
518.868: [GC (Allocation Failure) 40977K->435K(91776K), 0.0002140 secs]
518.914: [GC (Allocation Failure) 49084K->435K(89984K), 0.0002130 secs]
519.021: [GC (Allocation Failure) 47325K->435K(88256K), 0.0002250 secs]
519.041: [GC (Allocation Failure) 45567K->435K(86592K), 0.0002050 secs]
519.059: [GC (Allocation Failure) 43907K->435K(85056K), 0.0002040 secs]
519.078: [GC (Allocation Failure) 42344K->435K(83584K), 0.0002050 secs]
519.115: [GC (Allocation Failure) 40879K->435K(82176K), 0.0002250 secs]
519.136: [GC (Allocation Failure) 39512K->435K(80832K), 0.0002110 secs]
519.168: [GC (Allocation Failure) 38144K->435K(79552K), 0.0002020 secs]
519.187: [GC (Allocation Failure) 36875K->435K(78336K), 0.0002030 secs]
519.203: [GC (Allocation Failure) 35605K->435K(77184K), 0.0002150 secs]
519.218: [GC (Allocation Failure) 34530K->435K(76032K), 0.0002020 secs]
519.232: [GC (Allocation Failure) 33358K->435K(82624K), 0.0002050 secs]
519.253: [GC (Allocation Failure) 39902K->435K(81280K), 0.0002000 secs]
519.274: [GC (Allocation Failure) 38633K->435K(80000K), 0.0002220 secs]
519.337: [GC (Allocation Failure) 37363K->435K(78720K), 0.0002270 secs]
519.357: [GC (Allocation Failure) 35996K->435K(77504K), 0.0003430 secs]
519.372: [GC (Allocation Failure) 34823K->435K(84416K), 0.0002030 secs]
519.419: [GC (Allocation Failure) 41758K->435K(82944K), 0.0002230 secs]
519.436: [GC (Allocation Failure) 40293K->435K(81536K), 0.0002060 secs]
519.464: [GC (Allocation Failure) 38828K->435K(80192K), 0.0002040 secs]
519.589: [GC (Allocation Failure) 37461K->435K(78912K), 0.0002220 secs]
519.605: [GC (Allocation Failure) 36191K->435K(77696K), 0.0002300 secs]
519.624: [GC (Allocation Failure) 35019K->435K(76544K), 0.0002140 secs]
519.638: [GC (Allocation Failure) 33847K->435K(75456K), 0.0002090 secs]
519.652: [GC (Allocation Failure) 32772K->435K(81984K), 0.0002160 secs]
519.719: [GC (Allocation Failure) 39316K->435K(80640K), 0.0002220 secs]
519.735: [GC (Allocation Failure) 37949K->435K(79360K), 0.0002030 secs]
519.764: [GC (Allocation Failure) 36679K->435K(78144K), 0.0002250 secs]
519.784: [GC (Allocation Failure) 35409K->435K(76992K), 0.0002130 secs]
519.912: [GC (Allocation Failure) 34335K->435K(75904K), 0.0003240 secs]
519.967: [GC (Allocation Failure) 33261K->435K(74816K), 0.0002230 secs]
519.982: [GC (Allocation Failure) 32089K->435K(73792K), 0.0002100 secs]
520.016: [GC (Allocation Failure) 31112K->435K(72832K), 0.0002180 secs]
520.029: [GC (Allocation Failure) 30135K->435K(71872K), 0.0002160 secs]
520.046: [GC (Allocation Failure) 29158K->435K(70976K), 0.0002110 secs]
520.062: [GC (Allocation Failure) 28279K->435K(76608K), 0.0002300 secs]
520.081: [GC (Allocation Failure) 33944K->435K(83328K), 0.0002240 secs]
520.098: [GC (Allocation Failure) 40684K->435K(91392K), 0.0002060 secs]
520.173: [GC (Allocation Failure) 48693K->435K(89600K), 0.0002230 secs]
520.193: [GC (Allocation Failure) 46935K->435K(87936K), 0.0002160 secs]
520.213: [GC (Allocation Failure) 45274K->435K(86336K), 0.0002020 secs]
520.268: [GC (Allocation Failure) 43614K->435K(84800K), 0.0002260 secs]
520.286: [GC (Allocation Failure) 42149K->435K(83328K), 0.0002050 secs]
520.307: [GC (Allocation Failure) 40684K->435K(81920K), 0.0002000 secs]
520.328: [GC (Allocation Failure) 39219K->435K(80576K), 0.0002180 secs]
520.348: [GC (Allocation Failure) 37851K->435K(79296K), 0.0002040 secs]
520.364: [GC (Allocation Failure) 36582K->435K(78080K), 0.0002480 secs]
520.384: [GC (Allocation Failure) 35409K->435K(76928K), 0.0002140 secs]
520.399: [GC (Allocation Failure) 34237K->435K(83712K), 0.0002260 secs]
520.420: [GC (Allocation Failure) 41074K->435K(82304K), 0.0002010 secs]
520.442: [GC (Allocation Failure) 39609K->435K(80960K), 0.0002120 secs]
520.462: [GC (Allocation Failure) 38242K->435K(79680K), 0.0002110 secs]
520.478: [GC (Allocation Failure) 36972K->435K(78464K), 0.0002050 secs]
520.540: [GC (Allocation Failure) 35800K->435K(77312K), 0.0002420 secs]
520.556: [GC (Allocation Failure) 34628K->435K(76160K), 0.0002710 secs]
520.597: [GC (Allocation Failure) 33456K->435K(75072K), 0.0002130 secs]
520.615: [GC (Allocation Failure) 32382K->435K(74048K), 0.0002730 secs]
520.660: [GC (Allocation Failure) 31405K->435K(73088K), 0.0002260 secs]
520.673: [GC (Allocation Failure) 30428K->435K(79104K), 0.0002970 secs]
520.769: [GC (Allocation Failure) 36386K->435K(77888K), 0.0002250 secs]
520.785: [GC (Allocation Failure) 35214K->435K(76736K), 0.0002070 secs]
520.803: [GC (Allocation Failure) 34042K->435K(75648K), 0.0002160 secs]
520.864: [GC (Allocation Failure) 32968K->435K(74560K), 0.0002170 secs]
520.882: [GC (Allocation Failure) 31893K->435K(73536K), 0.0002130 secs]
520.917: [GC (Allocation Failure) 30819K->435K(72576K), 0.0002070 secs]
520.934: [GC (Allocation Failure) 29842K->435K(71680K), 0.0002230 secs]
521.066: [GC (Allocation Failure) 28963K->435K(70784K), 0.0002240 secs]
521.083: [GC (Allocation Failure) 28084K->435K(69952K), 0.0002300 secs]
521.098: [GC (Allocation Failure) 27303K->435K(69120K), 0.0002210 secs]
521.111: [GC (Allocation Failure) 26424K->435K(74368K), 0.0002240 secs]
521.129: [GC (Allocation Failure) 31698K->435K(80640K), 0.0002030 secs]
521.145: [GC (Allocation Failure) 37949K->435K(88192K), 0.0002040 secs]
521.174: [GC (Allocation Failure) 45470K->435K(86592K), 0.0001990 secs]
521.196: [GC (Allocation Failure) 43907K->435K(85056K), 0.0002060 secs]
521.218: [GC (Allocation Failure) 42344K->435K(83584K), 0.0002140 secs]
521.236: [GC (Allocation Failure) 40879K->435K(82176K), 0.0002170 secs]
521.288: [GC (Allocation Failure) 39512K->435K(80832K), 0.0002050 secs]
521.367: [GC (Allocation Failure) 38144K->435K(79552K), 0.0002730 secs]
521.421: [GC (Allocation Failure) 36875K->435K(78336K), 0.0003040 secs]
521.437: [GC (Allocation Failure) 35605K->435K(77184K), 0.0003250 secs]
521.466: [GC (Allocation Failure) 34530K->435K(76032K), 0.0002050 secs]
521.535: [GC (Allocation Failure) 33358K->435K(74944K), 0.0002170 secs]
521.619: [GC (Allocation Failure) 32284K->435K(73920K), 0.0002200 secs]
521.636: [GC (Allocation Failure) 31210K->435K(72960K), 0.0002170 secs]
521.651: [GC (Allocation Failure) 30233K->435K(72000K), 0.0002160 secs]
521.664: [GC (Allocation Failure) 29354K->435K(71104K), 0.0002210 secs]
521.681: [GC (Allocation Failure) 28377K->435K(76736K), 0.0002150 secs]
521.716: [GC (Allocation Failure) 34042K->435K(75648K), 0.0002730 secs]
521.769: [GC (Allocation Failure) 32968K->435K(74560K), 0.0003370 secs]
521.784: [GC (Allocation Failure) 31893K->435K(73536K), 0.0002190 secs]
521.797: [GC (Allocation Failure) 30819K->435K(79680K), 0.0002040 secs]
521.817: [GC (Allocation Failure) 36972K->435K(87040K), 0.0002440 secs]
521.836: [GC (Allocation Failure) 44395K->435K(95872K), 0.0002050 secs]
521.915: [GC (Allocation Failure) 53190K->435K(93888K), 0.0002170 secs]
521.943: [GC (Allocation Failure) 51236K->435K(91968K), 0.0002250 secs]
521.968: [GC (Allocation Failure) 49279K->435K(90176K), 0.0002120 secs]
521.992: [GC (Allocation Failure) 47521K->435K(88448K), 0.0002130 secs]
522.016: [GC (Allocation Failure) 45763K->435K(86784K), 0.0002760 secs]
522.039: [GC (Allocation Failure) 44102K->435K(85248K), 0.0002140 secs]
522.062: [GC (Allocation Failure) 42540K->435K(83776K), 0.0002160 secs]
522.080: [GC (Allocation Failure) 41074K->435K(82368K), 0.0002300 secs]
522.101: [GC (Allocation Failure) 39707K->435K(81024K), 0.0002120 secs]
522.130: [GC (Allocation Failure) 38340K->435K(79744K), 0.0002070 secs]
522.150: [GC (Allocation Failure) 37070K->435K(78528K), 0.0002030 secs]
522.166: [GC (Allocation Failure) 35800K->435K(85632K), 0.0002740 secs]
522.220: [GC (Allocation Failure) 42930K->435K(84096K), 0.0002170 secs]
522.238: [GC (Allocation Failure) 41367K->435K(82624K), 0.0002050 secs]
522.259: [GC (Allocation Failure) 39902K->435K(81280K), 0.0002140 secs]
522.280: [GC (Allocation Failure) 38633K->435K(80000K), 0.0002030 secs]
522.296: [GC (Allocation Failure) 37363K->435K(78720K), 0.0002300 secs]
522.316: [GC (Allocation Failure) 35996K->435K(77504K), 0.0002160 secs]
522.367: [GC (Allocation Failure) 34823K->435K(76352K), 0.0002170 secs]
522.386: [GC (Allocation Failure) 33651K->435K(75264K), 0.0002090 secs]
522.402: [GC (Allocation Failure) 32577K->435K(74240K), 0.0002350 secs]
522.516: [GC (Allocation Failure) 31600K->435K(73216K), 0.0002170 secs]
522.533: [GC (Allocation Failure) 30526K->435K(72256K), 0.0002210 secs]
522.546: [GC (Allocation Failure) 29549K->435K(71360K), 0.0002180 secs]
522.596: [GC (Allocation Failure) 28670K->435K(70464K), 0.0002300 secs]
522.609: [GC (Allocation Failure) 27791K->435K(75968K), 0.0003350 secs]
522.629: [GC (Allocation Failure) 33261K->435K(82560K), 0.0002780 secs]
522.651: [GC (Allocation Failure) 39902K->435K(90496K), 0.0002000 secs]
522.682: [GC (Allocation Failure) 47814K->435K(88768K), 0.0002130 secs]
522.701: [GC (Allocation Failure) 46056K->435K(87104K), 0.0002050 secs]
522.740: [GC (Allocation Failure) 44395K->435K(85504K), 0.0002160 secs]
522.821: [GC (Allocation Failure) 42833K->435K(83968K), 0.0002030 secs]
522.874: [GC (Allocation Failure) 41270K->435K(82560K), 0.0002190 secs]
522.891: [GC (Allocation Failure) 39902K->435K(81216K), 0.0002110 secs]
522.921: [GC (Allocation Failure) 38535K->435K(79936K), 0.0002150 secs]
522.941: [GC (Allocation Failure) 37265K->435K(78656K), 0.0002010 secs]
523.024: [GC (Allocation Failure) 35996K->435K(77440K), 0.0002060 secs]
523.072: [GC (Allocation Failure) 34726K->435K(76288K), 0.0002120 secs]
523.091: [GC (Allocation Failure) 33554K->435K(75200K), 0.0002170 secs]
523.171: [GC (Allocation Failure) 32479K->435K(74176K), 0.0002030 secs]
523.186: [GC (Allocation Failure) 31503K->435K(73152K), 0.0002080 secs]
523.216: [GC (Allocation Failure) 30428K->435K(72192K), 0.0002180 secs]
523.286: [GC (Allocation Failure) 29549K->435K(71296K), 0.0002180 secs]
523.299: [GC (Allocation Failure) 28572K->435K(70400K), 0.0002150 secs]
523.319: [GC (Allocation Failure) 27693K->435K(69568K), 0.0002220 secs]
523.335: [GC (Allocation Failure) 26912K->435K(68800K), 0.0002150 secs]
523.350: [GC (Allocation Failure) 26131K->435K(68032K), 0.0002160 secs]
523.365: [GC (Allocation Failure) 25349K->435K(73024K), 0.0002190 secs]
523.379: [GC (Allocation Failure) 30331K->435K(79040K), 0.0002060 secs]
523.398: [GC (Allocation Failure) 36386K->435K(86272K), 0.0002150 secs]
523.477: [GC (Allocation Failure) 43614K->435K(84736K), 0.0002050 secs]
523.495: [GC (Allocation Failure) 42051K->435K(83264K), 0.0002210 secs]
523.513: [GC (Allocation Failure) 40586K->435K(81856K), 0.0002070 secs]
523.530: [GC (Allocation Failure) 39219K->435K(80512K), 0.0002060 secs]
523.594: [GC (Allocation Failure) 37851K->435K(79232K), 0.0002240 secs]
523.610: [GC (Allocation Failure) 36582K->435K(78016K), 0.0002170 secs]
523.625: [GC (Allocation Failure) 35312K->435K(76864K), 0.0002060 secs]
523.669: [GC (Allocation Failure) 34140K->435K(75776K), 0.0002150 secs]
523.689: [GC (Allocation Failure) 33065K->435K(74688K), 0.0002210 secs]
523.718: [GC (Allocation Failure) 31991K->435K(73664K), 0.0002290 secs]
523.732: [GC (Allocation Failure) 31014K->435K(72704K), 0.0002060 secs]
523.745: [GC (Allocation Failure) 30038K->435K(78656K), 0.0002150 secs]
523.764: [GC (Allocation Failure) 35996K->435K(85824K), 0.0002140 secs]
523.786: [GC (Allocation Failure) 43126K->435K(84288K), 0.0002090 secs]
523.808: [GC (Allocation Failure) 41563K->435K(82816K), 0.0002000 secs]
523.826: [GC (Allocation Failure) 40098K->435K(90816K), 0.0003000 secs]
523.854: [GC (Allocation Failure) 48107K->435K(89088K), 0.0002170 secs]
523.917: [GC (Allocation Failure) 46446K->435K(87424K), 0.0002180 secs]
523.936: [GC (Allocation Failure) 44786K->435K(85824K), 0.0002050 secs]
523.954: [GC (Allocation Failure) 43126K->435K(84288K), 0.0002120 secs]
524.026: [GC (Allocation Failure) 41563K->435K(82816K), 0.0002200 secs]
524.043: [GC (Allocation Failure) 40098K->435K(81408K), 0.0002160 secs]
524.064: [GC (Allocation Failure) 38730K->435K(80064K), 0.0002150 secs]
524.080: [GC (Allocation Failure) 37363K->435K(78784K), 0.0002160 secs]
524.096: [GC (Allocation Failure) 36093K->435K(77568K), 0.0002040 secs]
524.111: [GC (Allocation Failure) 34921K->435K(84480K), 0.0002060 secs]
524.276: [GC (Allocation Failure) 41758K->435K(83008K), 0.0002240 secs]
524.294: [GC (Allocation Failure) 40293K->435K(81600K), 0.0002160 secs]
524.314: [GC (Allocation Failure) 38926K->435K(80256K), 0.0002240 secs]
524.375: [GC (Allocation Failure) 37558K->435K(78976K), 0.0003270 secs]
524.391: [GC (Allocation Failure) 36289K->435K(77760K), 0.0002890 secs]
524.409: [GC (Allocation Failure) 35116K->435K(76608K), 0.0002160 secs]
524.490: [GC (Allocation Failure) 33944K->435K(75520K), 0.0002280 secs]
524.505: [GC (Allocation Failure) 32870K->435K(74496K), 0.0002090 secs]
524.521: [GC (Allocation Failure) 31796K->435K(73472K), 0.0002070 secs]
524.538: [GC (Allocation Failure) 30819K->435K(72512K), 0.0002110 secs]
524.555: [GC (Allocation Failure) 29842K->435K(78400K), 0.0002210 secs]
524.604: [GC (Allocation Failure) 35702K->435K(77248K), 0.0002070 secs]
524.619: [GC (Allocation Failure) 34530K->435K(76096K), 0.0002170 secs]
524.638: [GC (Allocation Failure) 33456K->435K(75008K), 0.0002030 secs]
524.652: [GC (Allocation Failure) 32284K->435K(81408K), 0.0002060 secs]
524.791: [GC (Allocation Failure) 38730K->435K(80064K), 0.0002200 secs]
524.812: [GC (Allocation Failure) 37363K->435K(78784K), 0.0002090 secs]
524.871: [GC (Allocation Failure) 36093K->435K(77568K), 0.0002060 secs]
524.895: [GC (Allocation Failure) 34921K->435K(76416K), 0.0002140 secs]
524.914: [GC (Allocation Failure) 33749K->435K(75328K), 0.0002130 secs]
524.928: [GC (Allocation Failure) 32675K->435K(74304K), 0.0002070 secs]
524.973: [GC (Allocation Failure) 31600K->435K(73280K), 0.0002230 secs]
524.990: [GC (Allocation Failure) 30624K->435K(72320K), 0.0002020 secs]
525.006: [GC (Allocation Failure) 29647K->435K(71424K), 0.0002160 secs]
525.018: [GC (Allocation Failure) 28768K->435K(77120K), 0.0002070 secs]
525.075: [GC (Allocation Failure) 34433K->435K(75968K), 0.0002400 secs]
525.090: [GC (Allocation Failure) 33261K->435K(82560K), 0.0002720 secs]
525.123: [GC (Allocation Failure) 39902K->435K(81216K), 0.0002150 secs]
525.173: [GC (Allocation Failure) 38535K->435K(79936K), 0.0002830 secs]
525.222: [GC (Allocation Failure) 37265K->435K(78656K), 0.0002150 secs]
525.237: [GC (Allocation Failure) 35996K->435K(77440K), 0.0002030 secs]
525.271: [GC (Allocation Failure) 34726K->435K(76288K), 0.0002160 secs]
525.335: [GC (Allocation Failure) 33554K->435K(75200K), 0.0002300 secs]
525.350: [GC (Allocation Failure) 32479K->435K(74176K), 0.0002020 secs]
525.367: [GC (Allocation Failure) 31503K->435K(73152K), 0.0002030 secs]
525.385: [GC (Allocation Failure) 30428K->435K(72192K), 0.0002260 secs]
525.423: [GC (Allocation Failure) 29549K->435K(71296K), 0.0002120 secs]
525.435: [GC (Allocation Failure) 28572K->435K(70400K), 0.0002190 secs]
525.518: [GC (Allocation Failure) 27693K->435K(69568K), 0.0002110 secs]
525.536: [GC (Allocation Failure) 26912K->435K(68800K), 0.0002260 secs]
525.551: [GC (Allocation Failure) 26131K->435K(68032K), 0.0002290 secs]
525.567: [GC (Allocation Failure) 25349K->435K(67328K), 0.0002010 secs]
525.579: [GC (Allocation Failure) 24662K->435K(72192K), 0.0002050 secs]
525.718: [GC (Allocation Failure) 29549K->435K(71296K), 0.0002140 secs]
525.733: [GC (Allocation Failure) 28572K->435K(70400K), 0.0002080 secs]
525.811: [GC (Allocation Failure) 27693K->435K(69568K), 0.0002140 secs]
525.827: [GC (Allocation Failure) 26912K->435K(68800K), 0.0002290 secs]
525.843: [GC (Allocation Failure) 26131K->435K(68032K), 0.0002110 secs]
525.967: [GC (Allocation Failure) 25349K->435K(67328K), 0.0002260 secs]
525.981: [GC (Allocation Failure) 24662K->435K(66624K), 0.0001940 secs]
525.993: [GC (Allocation Failure) 23978K->435K(71360K), 0.0002030 secs]
526.018: [GC (Allocation Failure) 28670K->435K(70464K), 0.0002170 secs]
526.073: [GC (Allocation Failure) 27791K->435K(69632K), 0.0002210 secs]
526.089: [GC (Allocation Failure) 26912K->435K(68864K), 0.0002240 secs]
526.104: [GC (Allocation Failure) 26131K->435K(68096K), 0.0002130 secs]
526.115: [GC (Allocation Failure) 25447K->435K(73152K), 0.0002160 secs]
526.129: [GC (Allocation Failure) 30428K->435K(79168K), 0.0002140 secs]
526.144: [GC (Allocation Failure) 36484K->435K(86400K), 0.0002030 secs]
526.276: [GC (Allocation Failure) 43712K->435K(84864K), 0.0002140 secs]
526.294: [GC (Allocation Failure) 42149K->435K(83392K), 0.0002040 secs]
526.329: [GC (Allocation Failure) 40684K->435K(81984K), 0.0002170 secs]
526.346: [GC (Allocation Failure) 39316K->435K(80640K), 0.0002150 secs]
526.378: [GC (Allocation Failure) 37949K->435K(79360K), 0.0002190 secs]
526.397: [GC (Allocation Failure) 36679K->435K(78144K), 0.0002030 secs]
526.427: [GC (Allocation Failure) 35409K->435K(76992K), 0.0002040 secs]
526.445: [GC (Allocation Failure) 34335K->435K(75904K), 0.0002000 secs]
526.460: [GC (Allocation Failure) 33261K->435K(74816K), 0.0002290 secs]
526.478: [GC (Allocation Failure) 32089K->435K(73792K), 0.0002000 secs]
526.538: [GC (Allocation Failure) 31112K->435K(72832K), 0.0002310 secs]
526.552: [GC (Allocation Failure) 30135K->435K(78784K), 0.0002640 secs]
526.608: [GC (Allocation Failure) 36093K->435K(77568K), 0.0002030 secs]
526.635: [GC (Allocation Failure) 34921K->435K(76416K), 0.0002400 secs]
526.653: [GC (Allocation Failure) 33749K->435K(75328K), 0.0002770 secs]
526.668: [GC (Allocation Failure) 32675K->435K(81792K), 0.0002260 secs]
526.728: [GC (Allocation Failure) 39121K->435K(80448K), 0.0002260 secs]
526.745: [GC (Allocation Failure) 37754K->435K(79168K), 0.0002030 secs]
526.795: [GC (Allocation Failure) 36484K->435K(77952K), 0.0002150 secs]
526.877: [GC (Allocation Failure) 35312K->435K(76800K), 0.0002260 secs]
526.896: [GC (Allocation Failure) 34140K->435K(75712K), 0.0002160 secs]
526.911: [GC (Allocation Failure) 33065K->435K(74624K), 0.0002200 secs]
526.976: [GC (Allocation Failure) 31893K->435K(73600K), 0.0002440 secs]
526.990: [GC (Allocation Failure) 30917K->435K(72640K), 0.0002210 secs]
527.007: [GC (Allocation Failure) 29940K->435K(71744K), 0.0002240 secs]
527.175: [GC (Allocation Failure) 29061K->435K(70848K), 0.0002130 secs]
527.188: [GC (Allocation Failure) 28182K->435K(70016K), 0.0002350 secs]
527.200: [GC (Allocation Failure) 27303K->435K(75456K), 0.0002070 secs]
527.214: [GC (Allocation Failure) 32772K->435K(81984K), 0.0002160 secs]
527.275: [GC (Allocation Failure) 39316K->435K(80640K), 0.0002060 secs]
527.416: [GC (Allocation Failure) 37949K->435K(79360K), 0.0002130 secs]
527.436: [GC (Allocation Failure) 36679K->435K(78144K), 0.0002150 secs]
527.452: [GC (Allocation Failure) 35409K->435K(76992K), 0.0002150 secs]
527.466: [GC (Allocation Failure) 34335K->435K(75904K), 0.0002140 secs]
527.523: [GC (Allocation Failure) 33261K->435K(74816K), 0.0002160 secs]
527.573: [GC (Allocation Failure) 32089K->435K(73792K), 0.0002150 secs]
527.590: [GC (Allocation Failure) 31112K->435K(72832K), 0.0002020 secs]
527.722: [GC (Allocation Failure) 30135K->435K(71872K), 0.0002060 secs]
527.776: [GC (Allocation Failure) 29158K->435K(70976K), 0.0002150 secs]
527.792: [GC (Allocation Failure) 28279K->435K(70144K), 0.0002170 secs]
527.809: [GC (Allocation Failure) 27498K->435K(69312K), 0.0002190 secs]
527.821: [GC (Allocation Failure) 26619K->435K(74560K), 0.0002770 secs]
527.839: [GC (Allocation Failure) 31893K->435K(80896K), 0.0002130 secs]
527.880: [GC (Allocation Failure) 38242K->435K(79616K), 0.0002040 secs]
527.896: [GC (Allocation Failure) 36972K->435K(86976K), 0.0002790 secs]
528.003: [GC (Allocation Failure) 44298K->435K(85376K), 0.0002290 secs]
528.026: [GC (Allocation Failure) 42735K->435K(83904K), 0.0002120 secs]
528.081: [GC (Allocation Failure) 41172K->435K(82496K), 0.0002010 secs]
528.102: [GC (Allocation Failure) 39805K->435K(81152K), 0.0002060 secs]
528.121: [GC (Allocation Failure) 38437K->435K(79872K), 0.0002140 secs]
528.137: [GC (Allocation Failure) 37168K->435K(78656K), 0.0002050 secs]
528.156: [GC (Allocation Failure) 35996K->435K(77440K), 0.0002020 secs]
528.175: [GC (Allocation Failure) 34726K->435K(76288K), 0.0002230 secs]
528.328: [GC (Allocation Failure) 33554K->435K(75200K), 0.0002160 secs]
528.342: [GC (Allocation Failure) 32479K->435K(74176K), 0.0002210 secs]
528.360: [GC (Allocation Failure) 31503K->435K(73152K), 0.0002040 secs]
528.377: [GC (Allocation Failure) 30428K->435K(72192K), 0.0002120 secs]
528.391: [GC (Allocation Failure) 29549K->435K(78016K), 0.0003270 secs]
528.424: [GC (Allocation Failure) 35312K->435K(85056K), 0.0003400 secs]
528.448: [GC (Allocation Failure) 42344K->435K(93504K), 0.0002350 secs]
528.486: [GC (Allocation Failure) 50846K->435K(91648K), 0.0002200 secs]
528.511: [GC (Allocation Failure) 48986K->435K(89856K), 0.0002110 secs]
528.603: [GC (Allocation Failure) 47130K->435K(88128K), 0.0002250 secs]
528.627: [GC (Allocation Failure) 45470K->435K(86528K), 0.0002140 secs]
528.647: [GC (Allocation Failure) 43809K->435K(84992K), 0.0002740 secs]
528.665: [GC (Allocation Failure) 42344K->435K(83520K), 0.0002060 secs]
528.694: [GC (Allocation Failure) 40879K->435K(82112K), 0.0002220 secs]
528.715: [GC (Allocation Failure) 39414K->435K(80768K), 0.0002110 secs]
528.736: [GC (Allocation Failure) 38047K->435K(79488K), 0.0002180 secs]
528.877: [GC (Allocation Failure) 36777K->435K(78272K), 0.0002740 secs]
528.930: [GC (Allocation Failure) 35605K->435K(77120K), 0.0002230 secs]
528.945: [GC (Allocation Failure) 34433K->435K(75968K), 0.0002040 secs]
528.961: [GC (Allocation Failure) 33261K->435K(74880K), 0.0002090 secs]
528.979: [GC (Allocation Failure) 32186K->435K(73856K), 0.0002120 secs]
529.024: [GC (Allocation Failure) 31210K->435K(72896K), 0.0002160 secs]
529.037: [GC (Allocation Failure) 30233K->435K(71936K), 0.0002130 secs]
529.050: [GC (Allocation Failure) 29256K->435K(77760K), 0.0002040 secs]
529.065: [GC (Allocation Failure) 35116K->435K(84736K), 0.0002030 secs]
529.179: [GC (Allocation Failure) 42051K->435K(83264K), 0.0002150 secs]
529.203: [GC (Allocation Failure) 40586K->435K(81856K), 0.0002210 secs]
529.225: [GC (Allocation Failure) 39219K->435K(80512K), 0.0002300 secs]
529.245: [GC (Allocation Failure) 37851K->435K(79232K), 0.0002170 secs]
529.261: [GC (Allocation Failure) 36582K->435K(78016K), 0.0002070 secs]
529.276: [GC (Allocation Failure) 35312K->435K(76864K), 0.0002060 secs]
529.330: [GC (Allocation Failure) 34140K->435K(75776K), 0.0002140 secs]
529.344: [GC (Allocation Failure) 33065K->435K(74688K), 0.0002160 secs]
529.376: [GC (Allocation Failure) 31991K->435K(73664K), 0.0002660 secs]
529.410: [GC (Allocation Failure) 31014K->435K(72704K), 0.0002200 secs]
529.427: [GC (Allocation Failure) 30038K->435K(71808K), 0.0002040 secs]
529.478: [GC (Allocation Failure) 29158K->435K(70912K), 0.0002030 secs]
529.491: [GC (Allocation Failure) 28182K->435K(76480K), 0.0003240 secs]
529.576: [GC (Allocation Failure) 33749K->435K(75392K), 0.0002250 secs]
529.593: [GC (Allocation Failure) 32675K->435K(74368K), 0.0002030 secs]
529.606: [GC (Allocation Failure) 31698K->435K(80640K), 0.0002080 secs]
529.627: [GC (Allocation Failure) 37949K->435K(79360K), 0.0002140 secs]
529.699: [GC (Allocation Failure) 36679K->435K(78144K), 0.0002170 secs]
529.718: [GC (Allocation Failure) 35409K->435K(76992K), 0.0002010 secs]
529.778: [GC (Allocation Failure) 34335K->435K(75904K), 0.0002130 secs]
529.826: [GC (Allocation Failure) 33261K->435K(74816K), 0.0002050 secs]
529.876: [GC (Allocation Failure) 32089K->435K(73792K), 0.0002160 secs]
529.893: [GC (Allocation Failure) 31112K->435K(72832K), 0.0002180 secs]
529.929: [GC (Allocation Failure) 30135K->435K(71872K), 0.0002060 secs]
529.942: [GC (Allocation Failure) 29158K->435K(70976K), 0.0002150 secs]
530.079: [GC (Allocation Failure) 28279K->435K(70144K), 0.0002120 secs]
530.094: [GC (Allocation Failure) 27498K->435K(69312K), 0.0002310 secs]
530.107: [GC (Allocation Failure) 26619K->435K(74560K), 0.0002700 secs]
530.134: [GC (Allocation Failure) 31893K->435K(73536K), 0.0002150 secs]
530.180: [GC (Allocation Failure) 30819K->435K(72576K), 0.0002130 secs]
530.197: [GC (Allocation Failure) 29842K->435K(71680K), 0.0002070 secs]
530.210: [GC (Allocation Failure) 28963K->435K(77440K), 0.0002190 secs]
530.225: [GC (Allocation Failure) 34726K->435K(84352K), 0.0002220 secs]
530.247: [GC (Allocation Failure) 41660K->435K(82880K), 0.0002010 secs]
530.268: [GC (Allocation Failure) 40195K->435K(81472K), 0.0002100 secs]
530.289: [GC (Allocation Failure) 38828K->435K(80128K), 0.0002020 secs]
530.309: [GC (Allocation Failure) 37461K->435K(78848K), 0.0002160 secs]
530.325: [GC (Allocation Failure) 36191K->435K(77632K), 0.0002030 secs]
530.378: [GC (Allocation Failure) 34921K->435K(76480K), 0.0002030 secs]
530.402: [GC (Allocation Failure) 33749K->435K(75392K), 0.0002280 secs]
530.417: [GC (Allocation Failure) 32675K->435K(74368K), 0.0002320 secs]
530.477: [GC (Allocation Failure) 31698K->435K(73344K), 0.0002310 secs]
530.490: [GC (Allocation Failure) 30624K->435K(72384K), 0.0002050 secs]
530.507: [GC (Allocation Failure) 29745K->435K(71488K), 0.0002040 secs]
530.519: [GC (Allocation Failure) 28768K->435K(77184K), 0.0002730 secs]
530.539: [GC (Allocation Failure) 34530K->435K(84032K), 0.0002160 secs]
530.561: [GC (Allocation Failure) 41367K->435K(92224K), 0.0002040 secs]
530.587: [GC (Allocation Failure) 49572K->435K(90432K), 0.0002140 secs]
530.608: [GC (Allocation Failure) 47716K->435K(88704K), 0.0002050 secs]
530.628: [GC (Allocation Failure) 46056K->435K(87040K), 0.0002060 secs]
530.670: [GC (Allocation Failure) 44395K->435K(85440K), 0.0002110 secs]
530.692: [GC (Allocation Failure) 42735K->435K(83968K), 0.0002060 secs]
530.710: [GC (Allocation Failure) 41270K->435K(82560K), 0.0002010 secs]
530.730: [GC (Allocation Failure) 39902K->435K(81216K), 0.0002140 secs]
530.751: [GC (Allocation Failure) 38535K->435K(79936K), 0.0002120 secs]
530.780: [GC (Allocation Failure) 37265K->435K(78656K), 0.0002050 secs]
530.803: [GC (Allocation Failure) 35996K->435K(77440K), 0.0002040 secs]
530.822: [GC (Allocation Failure) 34726K->435K(76288K), 0.0002140 secs]
530.902: [GC (Allocation Failure) 33554K->435K(75200K), 0.0002230 secs]
530.916: [GC (Allocation Failure) 32479K->435K(74176K), 0.0002050 secs]
530.934: [GC (Allocation Failure) 31503K->435K(73152K), 0.0002130 secs]
530.951: [GC (Allocation Failure) 30428K->435K(72192K), 0.0002250 secs]
531.030: [GC (Allocation Failure) 29549K->435K(71296K), 0.0002230 secs]
531.043: [GC (Allocation Failure) 28572K->435K(70400K), 0.0002190 secs]
531.055: [GC (Allocation Failure) 27693K->435K(75904K), 0.0002050 secs]
531.073: [GC (Allocation Failure) 33261K->435K(82496K), 0.0002160 secs]
531.138: [GC (Allocation Failure) 39805K->435K(81152K), 0.0002720 secs]
531.231: [GC (Allocation Failure) 38437K->435K(79872K), 0.0002160 secs]
531.280: [GC (Allocation Failure) 37168K->435K(78656K), 0.0002150 secs]
531.330: [GC (Allocation Failure) 35996K->435K(77440K), 0.0002140 secs]
531.349: [GC (Allocation Failure) 34726K->435K(76288K), 0.0002240 secs]
531.365: [GC (Allocation Failure) 33554K->435K(75200K), 0.0002090 secs]
531.532: [GC (Allocation Failure) 32479K->435K(74176K), 0.0002020 secs]
531.546: [GC (Allocation Failure) 31503K->435K(73152K), 0.0002210 secs]
531.582: [GC (Allocation Failure) 30428K->435K(72192K), 0.0002110 secs]
531.596: [GC (Allocation Failure) 29549K->435K(71296K), 0.0002170 secs]
531.627: [GC (Allocation Failure) 28572K->435K(70400K), 0.0002070 secs]
531.701: [GC (Allocation Failure) 27693K->435K(69568K), 0.0002150 secs]
531.715: [GC (Allocation Failure) 26912K->435K(68800K), 0.0002180 secs]
531.731: [GC (Allocation Failure) 26131K->435K(68032K), 0.0002160 secs]
531.746: [GC (Allocation Failure) 25349K->435K(67328K), 0.0002030 secs]
531.756: [GC (Allocation Failure) 24662K->435K(72192K), 0.0002190 secs]
531.828: [GC (Allocation Failure) 29549K->435K(71296K), 0.0002200 secs]
531.881: [GC (Allocation Failure) 28572K->435K(70400K), 0.0002190 secs]
531.897: [GC (Allocation Failure) 27693K->435K(69568K), 0.0002040 secs]
531.931: [GC (Allocation Failure) 26912K->435K(68800K), 0.0002020 secs]
531.946: [GC (Allocation Failure) 26131K->435K(68032K), 0.0002160 secs]
531.961: [GC (Allocation Failure) 25349K->435K(67328K), 0.0002120 secs]
531.972: [GC (Allocation Failure) 24662K->435K(72192K), 0.0002190 secs]
531.989: [GC (Allocation Failure) 29549K->435K(78016K), 0.0002020 secs]
532.008: [GC (Allocation Failure) 35312K->435K(85056K), 0.0002250 secs]
532.034: [GC (Allocation Failure) 42344K->435K(93504K), 0.0002340 secs]
532.060: [GC (Allocation Failure) 50846K->435K(91648K), 0.0002120 secs]
532.140: [GC (Allocation Failure) 48986K->435K(89856K), 0.0002090 secs]
532.161: [GC (Allocation Failure) 47130K->435K(88128K), 0.0002280 secs]
532.189: [GC (Allocation Failure) 45470K->435K(86528K), 0.0002230 secs]
532.208: [GC (Allocation Failure) 43809K->435K(84992K), 0.0002210 secs]
532.234: [GC (Allocation Failure) 42344K->435K(83520K), 0.0002030 secs]
532.342: [GC (Allocation Failure) 40879K->435K(82112K), 0.0002240 secs]
532.363: [GC (Allocation Failure) 39414K->435K(80768K), 0.0002150 secs]
532.409: [GC (Allocation Failure) 38047K->435K(79488K), 0.0002150 secs]
532.429: [GC (Allocation Failure) 36777K->435K(78272K), 0.0002000 secs]
532.481: [GC (Allocation Failure) 35605K->435K(77120K), 0.0002730 secs]
532.534: [GC (Allocation Failure) 34433K->435K(75968K), 0.0002140 secs]
532.549: [GC (Allocation Failure) 33261K->435K(74880K), 0.0002150 secs]
532.562: [GC (Allocation Failure) 32186K->435K(73856K), 0.0002120 secs]
532.576: [GC (Allocation Failure) 31210K->435K(80064K), 0.0002140 secs]
532.596: [GC (Allocation Failure) 37363K->435K(78784K), 0.0002130 secs]
532.631: [GC (Allocation Failure) 36093K->435K(77568K), 0.0003270 secs]
532.661: [GC (Allocation Failure) 34921K->435K(76416K), 0.0002230 secs]
532.676: [GC (Allocation Failure) 33749K->435K(75328K), 0.0002100 secs]
532.694: [GC (Allocation Failure) 32675K->435K(81792K), 0.0002720 secs]
532.711: [GC (Allocation Failure) 39121K->435K(89536K), 0.0002210 secs]
532.786: [GC (Allocation Failure) 46837K->435K(87872K), 0.0002160 secs]
532.817: [GC (Allocation Failure) 45177K->435K(86272K), 0.0002330 secs]
532.906: [GC (Allocation Failure) 43614K->435K(84736K), 0.0002170 secs]
532.943: [GC (Allocation Failure) 42051K->435K(83264K), 0.0002140 secs]
532.964: [GC (Allocation Failure) 40586K->435K(81856K), 0.0002160 secs]
532.985: [GC (Allocation Failure) 39219K->435K(80512K), 0.0002020 secs]
533.006: [GC (Allocation Failure) 37851K->435K(79232K), 0.0002100 secs]
533.022: [GC (Allocation Failure) 36582K->435K(78016K), 0.0002220 secs]
533.037: [GC (Allocation Failure) 35312K->435K(76864K), 0.0002050 secs]
533.085: [GC (Allocation Failure) 34140K->435K(75776K), 0.0002130 secs]
533.099: [GC (Allocation Failure) 33065K->435K(82368K), 0.0002750 secs]
533.138: [GC (Allocation Failure) 39707K->435K(81024K), 0.0002290 secs]
533.156: [GC (Allocation Failure) 38340K->435K(88640K), 0.0002740 secs]
533.180: [GC (Allocation Failure) 45958K->435K(86976K), 0.0002030 secs]
533.204: [GC (Allocation Failure) 44298K->435K(85376K), 0.0002170 secs]
533.239: [GC (Allocation Failure) 42735K->435K(83904K), 0.0002090 secs]
533.261: [GC (Allocation Failure) 41172K->435K(82496K), 0.0002110 secs]
533.283: [GC (Allocation Failure) 39805K->435K(81152K), 0.0002130 secs]
533.337: [GC (Allocation Failure) 38437K->435K(79872K), 0.0002080 secs]
533.353: [GC (Allocation Failure) 37168K->435K(78656K), 0.0002020 secs]
533.386: [GC (Allocation Failure) 35996K->435K(77440K), 0.0002140 secs]
533.405: [GC (Allocation Failure) 34726K->435K(76288K), 0.0002170 secs]
533.424: [GC (Allocation Failure) 33554K->435K(75200K), 0.0002300 secs]
533.438: [GC (Allocation Failure) 32479K->435K(74176K), 0.0002170 secs]
533.531: [GC (Allocation Failure) 31503K->435K(73152K), 0.0002080 secs]
533.581: [GC (Allocation Failure) 30428K->435K(72192K), 0.0002250 secs]
533.630: [GC (Allocation Failure) 29549K->435K(71296K), 0.0002230 secs]
533.642: [GC (Allocation Failure) 28572K->435K(70400K), 0.0002150 secs]
533.679: [GC (Allocation Failure) 27693K->435K(69568K), 0.0002150 secs]
533.695: [GC (Allocation Failure) 26912K->435K(68800K), 0.0002130 secs]
533.710: [GC (Allocation Failure) 26131K->435K(68032K), 0.0002120 secs]
533.729: [GC (Allocation Failure) 25349K->435K(73024K), 0.0002760 secs]
533.746: [GC (Allocation Failure) 30331K->435K(79040K), 0.0002030 secs]
533.833: [GC (Allocation Failure) 36386K->435K(77824K), 0.0002140 secs]
533.887: [GC (Allocation Failure) 35116K->435K(76672K), 0.0003830 secs]
533.904: [GC (Allocation Failure) 33944K->435K(75584K), 0.0002120 secs]
533.936: [GC (Allocation Failure) 32870K->435K(74560K), 0.0002110 secs]
533.950: [GC (Allocation Failure) 31893K->435K(80896K), 0.0002720 secs]
533.984: [GC (Allocation Failure) 38242K->435K(79616K), 0.0002060 secs]
534.009: [GC (Allocation Failure) 36972K->435K(78400K), 0.0002210 secs]
534.028: [GC (Allocation Failure) 35702K->435K(77248K), 0.0002100 secs]
534.048: [GC (Allocation Failure) 34530K->435K(76096K), 0.0002200 secs]
534.062: [GC (Allocation Failure) 33456K->435K(75008K), 0.0002170 secs]
534.082: [GC (Allocation Failure) 32284K->435K(73984K), 0.0002320 secs]
534.100: [GC (Allocation Failure) 31307K->435K(73024K), 0.0002110 secs]
534.138: [GC (Allocation Failure) 30331K->435K(72064K), 0.0002100 secs]
534.151: [GC (Allocation Failure) 29354K->435K(77888K), 0.0002320 secs]
534.168: [GC (Allocation Failure) 35214K->435K(84864K), 0.0002120 secs]
534.190: [GC (Allocation Failure) 42149K->435K(83392K), 0.0002230 secs]
534.235: [GC (Allocation Failure) 40684K->435K(81984K), 0.0002040 secs]
534.289: [GC (Allocation Failure) 39316K->435K(80640K), 0.0002120 secs]
534.305: [GC (Allocation Failure) 37949K->435K(79360K), 0.0002330 secs]
534.321: [GC (Allocation Failure) 36679K->435K(78144K), 0.0002010 secs]
534.408: [GC (Allocation Failure) 35409K->435K(76992K), 0.0002340 secs]
534.423: [GC (Allocation Failure) 34335K->435K(75904K), 0.0002090 secs]
534.441: [GC (Allocation Failure) 33261K->435K(74816K), 0.0002200 secs]
534.505: [GC (Allocation Failure) 32089K->435K(73792K), 0.0002190 secs]
534.536: [GC (Allocation Failure) 31112K->435K(72832K), 0.0002150 secs]
534.549: [GC (Allocation Failure) 30135K->435K(71872K), 0.0002050 secs]
534.566: [GC (Allocation Failure) 29158K->435K(70976K), 0.0002250 secs]
534.585: [GC (Allocation Failure) 28279K->435K(70144K), 0.0002160 secs]
534.601: [GC (Allocation Failure) 27498K->435K(69312K), 0.0002100 secs]
534.631: [GC (Allocation Failure) 26619K->435K(68544K), 0.0002190 secs]
534.642: [GC (Allocation Failure) 25838K->435K(73664K), 0.0002060 secs]
534.656: [GC (Allocation Failure) 31014K->435K(79808K), 0.0002030 secs]
534.676: [GC (Allocation Failure) 37168K->435K(87168K), 0.0002160 secs]
534.699: [GC (Allocation Failure) 44493K->435K(96000K), 0.0002170 secs]
534.726: [GC (Allocation Failure) 53287K->435K(94016K), 0.0002020 secs]
534.752: [GC (Allocation Failure) 51334K->435K(92096K), 0.0002220 secs]
534.794: [GC (Allocation Failure) 49377K->435K(90304K), 0.0002230 secs]
534.819: [GC (Allocation Failure) 47618K->435K(88576K), 0.0002120 secs]
534.919: [GC (Allocation Failure) 45860K->435K(86912K), 0.0002190 secs]
534.939: [GC (Allocation Failure) 44200K->435K(85312K), 0.0002140 secs]
534.961: [GC (Allocation Failure) 42637K->435K(83840K), 0.0002100 secs]
535.041: [GC (Allocation Failure) 41172K->435K(82432K), 0.0002780 secs]
535.063: [GC (Allocation Failure) 39707K->435K(81088K), 0.0002730 secs]
535.090: [GC (Allocation Failure) 38437K->435K(79808K), 0.0002250 secs]
535.106: [GC (Allocation Failure) 37168K->435K(78592K), 0.0002030 secs]
535.135: [GC (Allocation Failure) 35898K->435K(77376K), 0.0002140 secs]
535.150: [GC (Allocation Failure) 34726K->435K(76224K), 0.0002060 secs]
535.164: [GC (Allocation Failure) 33554K->435K(75136K), 0.0002140 secs]
535.183: [GC (Allocation Failure) 32479K->435K(81600K), 0.0003240 secs]
535.212: [GC (Allocation Failure) 38926K->435K(89344K), 0.0002320 secs]
535.236: [GC (Allocation Failure) 46642K->435K(87680K), 0.0002120 secs]
535.292: [GC (Allocation Failure) 44981K->435K(86080K), 0.0002040 secs]
535.311: [GC (Allocation Failure) 43419K->435K(84544K), 0.0002060 secs]
535.387: [GC (Allocation Failure) 41856K->435K(83072K), 0.0002180 secs]
535.437: [GC (Allocation Failure) 40391K->435K(81664K), 0.0002150 secs]
535.586: [GC (Allocation Failure) 39023K->435K(80320K), 0.0002160 secs]
535.603: [GC (Allocation Failure) 37656K->435K(79040K), 0.0002120 secs]
535.636: [GC (Allocation Failure) 36386K->435K(77824K), 0.0002160 secs]
535.651: [GC (Allocation Failure) 35116K->435K(76672K), 0.0002160 secs]
535.665: [GC (Allocation Failure) 33944K->435K(75584K), 0.0002030 secs]
535.683: [GC (Allocation Failure) 32870K->435K(74560K), 0.0002250 secs]
535.734: [GC (Allocation Failure) 31893K->435K(73536K), 0.0002260 secs]
535.751: [GC (Allocation Failure) 30819K->435K(72576K), 0.0002250 secs]
535.822: [GC (Allocation Failure) 29842K->435K(71680K), 0.0002750 secs]
535.883: [GC (Allocation Failure) 28963K->435K(70784K), 0.0002150 secs]
535.895: [GC (Allocation Failure) 28084K->435K(69952K), 0.0002030 secs]
535.907: [GC (Allocation Failure) 27303K->435K(75328K), 0.0002060 secs]
535.925: [GC (Allocation Failure) 32675K->435K(74304K), 0.0002040 secs]
535.942: [GC (Allocation Failure) 31600K->435K(80576K), 0.0002170 secs]
535.963: [GC (Allocation Failure) 37851K->435K(79296K), 0.0002060 secs]
535.979: [GC (Allocation Failure) 36582K->435K(78080K), 0.0002050 secs]
536.136: [GC (Allocation Failure) 35409K->435K(76928K), 0.0002190 secs]
536.190: [GC (Allocation Failure) 34237K->435K(75840K), 0.0002110 secs]
536.208: [GC (Allocation Failure) 33163K->435K(74752K), 0.0002770 secs]
536.222: [GC (Allocation Failure) 32089K->435K(73728K), 0.0002150 secs]
536.235: [GC (Allocation Failure) 31014K->435K(79872K), 0.0002040 secs]
536.287: [GC (Allocation Failure) 37168K->435K(78656K), 0.0002120 secs]
536.306: [GC (Allocation Failure) 35996K->435K(77440K), 0.0002030 secs]
536.325: [GC (Allocation Failure) 34726K->435K(76288K), 0.0002110 secs]
536.415: [GC (Allocation Failure) 33554K->435K(75200K), 0.0002100 secs]
536.429: [GC (Allocation Failure) 32479K->435K(74176K), 0.0002770 secs]
536.485: [GC (Allocation Failure) 31503K->435K(73152K), 0.0002250 secs]
536.498: [GC (Allocation Failure) 30428K->435K(72192K), 0.0002050 secs]
536.514: [GC (Allocation Failure) 29549K->435K(71296K), 0.0002140 secs]
536.527: [GC (Allocation Failure) 28572K->435K(76992K), 0.0002210 secs]
536.589: [GC (Allocation Failure) 34335K->435K(75904K), 0.0002120 secs]
536.603: [GC (Allocation Failure) 33261K->435K(74816K), 0.0002040 secs]
536.633: [GC (Allocation Failure) 32089K->435K(73792K), 0.0002190 secs]
536.647: [GC (Allocation Failure) 31112K->435K(79936K), 0.0002670 secs]
536.664: [GC (Allocation Failure) 37265K->435K(87360K), 0.0002060 secs]
536.695: [GC (Allocation Failure) 44688K->435K(85760K), 0.0002130 secs]
536.714: [GC (Allocation Failure) 43028K->435K(84224K), 0.0002140 secs]
536.732: [GC (Allocation Failure) 41563K->435K(82752K), 0.0002060 secs]
536.753: [GC (Allocation Failure) 40098K->435K(81344K), 0.0002160 secs]
536.772: [GC (Allocation Failure) 38633K->435K(80000K), 0.0002080 secs]
536.788: [GC (Allocation Failure) 37363K->435K(78720K), 0.0002040 secs]
536.808: [GC (Allocation Failure) 35996K->435K(77504K), 0.0002030 secs]
536.823: [GC (Allocation Failure) 34823K->435K(84416K), 0.0002060 secs]
536.890: [GC (Allocation Failure) 41758K->435K(82944K), 0.0002050 secs]
536.911: [GC (Allocation Failure) 40293K->435K(81536K), 0.0002730 secs]
536.932: [GC (Allocation Failure) 38828K->435K(80192K), 0.0002240 secs]
537.038: [GC (Allocation Failure) 37461K->435K(78912K), 0.0002060 secs]
537.088: [GC (Allocation Failure) 36191K->435K(77696K), 0.0002200 secs]
537.107: [GC (Allocation Failure) 35019K->435K(76544K), 0.0002020 secs]
537.121: [GC (Allocation Failure) 33847K->435K(75456K), 0.0002130 secs]
537.135: [GC (Allocation Failure) 32772K->435K(74432K), 0.0002050 secs]
537.152: [GC (Allocation Failure) 31698K->435K(73408K), 0.0002290 secs]
537.166: [GC (Allocation Failure) 30721K->435K(79488K), 0.0002150 secs]
537.186: [GC (Allocation Failure) 36777K->435K(86784K), 0.0002110 secs]
537.344: [GC (Allocation Failure) 44102K->435K(85248K), 0.0002350 secs]
537.367: [GC (Allocation Failure) 42540K->435K(83776K), 0.0002160 secs]
537.386: [GC (Allocation Failure) 41074K->435K(82368K), 0.0002190 secs]
537.407: [GC (Allocation Failure) 39707K->435K(81024K), 0.0002110 secs]
537.439: [GC (Allocation Failure) 38340K->435K(79744K), 0.0002160 secs]
537.593: [GC (Allocation Failure) 37070K->435K(78528K), 0.0002400 secs]
537.610: [GC (Allocation Failure) 35800K->435K(77312K), 0.0002230 secs]
537.642: [GC (Allocation Failure) 34628K->435K(76160K), 0.0002220 secs]
537.657: [GC (Allocation Failure) 33456K->435K(82816K), 0.0003350 secs]
537.690: [GC (Allocation Failure) 40098K->435K(81408K), 0.0002060 secs]
537.889: [GC (Allocation Failure) 38730K->435K(80064K), 0.0002230 secs]
537.909: [GC (Allocation Failure) 37363K->435K(78784K), 0.0002220 secs]
537.988: [GC (Allocation Failure) 36093K->435K(77568K), 0.0002170 secs]
538.004: [GC (Allocation Failure) 34921K->435K(76416K), 0.0002050 secs]
538.027: [GC (Allocation Failure) 33749K->435K(75328K), 0.0002300 secs]
538.041: [GC (Allocation Failure) 32675K->435K(74304K), 0.0002150 secs]
538.113: [GC (Allocation Failure) 31600K->435K(73280K), 0.0002160 secs]
538.130: [GC (Allocation Failure) 30624K->435K(72320K), 0.0002090 secs]
538.147: [GC (Allocation Failure) 29647K->435K(71424K), 0.0002350 secs]
538.160: [GC (Allocation Failure) 28768K->435K(77120K), 0.0002700 secs]
538.188: [GC (Allocation Failure) 34433K->435K(83968K), 0.0002280 secs]
538.210: [GC (Allocation Failure) 41270K->435K(82560K), 0.0002120 secs]
538.294: [GC (Allocation Failure) 39902K->435K(81216K), 0.0002030 secs]
538.311: [GC (Allocation Failure) 38535K->435K(79936K), 0.0002740 secs]
538.337: [GC (Allocation Failure) 37265K->435K(78656K), 0.0002160 secs]
538.356: [GC (Allocation Failure) 35996K->435K(77440K), 0.0002110 secs]
538.407: [GC (Allocation Failure) 34726K->435K(76288K), 0.0002150 secs]
538.422: [GC (Allocation Failure) 33554K->435K(75200K), 0.0002040 secs]
538.439: [GC (Allocation Failure) 32479K->435K(74176K), 0.0002110 secs]
538.453: [GC (Allocation Failure) 31503K->435K(80448K), 0.0002040 secs]
538.541: [GC (Allocation Failure) 37754K->435K(79168K), 0.0002240 secs]
538.561: [GC (Allocation Failure) 36484K->435K(77952K), 0.0002240 secs]
538.579: [GC (Allocation Failure) 35312K->435K(76800K), 0.0002850 secs]
538.599: [GC (Allocation Failure) 34140K->435K(75712K), 0.0002220 secs]
538.613: [GC (Allocation Failure) 33065K->435K(82240K), 0.0002290 secs]
538.634: [GC (Allocation Failure) 39512K->435K(90112K), 0.0002020 secs]
538.660: [GC (Allocation Failure) 47423K->435K(88384K), 0.0002140 secs]
538.684: [GC (Allocation Failure) 45665K->435K(86720K), 0.0002200 secs]
538.703: [GC (Allocation Failure) 44005K->435K(85184K), 0.0002070 secs]
538.721: [GC (Allocation Failure) 42540K->435K(83712K), 0.0002020 secs]
538.743: [GC (Allocation Failure) 41074K->435K(82304K), 0.0002030 secs]
538.764: [GC (Allocation Failure) 39609K->435K(80960K), 0.0002160 secs]
538.784: [GC (Allocation Failure) 38242K->435K(79680K), 0.0002010 secs]
538.801: [GC (Allocation Failure) 36972K->435K(78464K), 0.0002060 secs]
538.844: [GC (Allocation Failure) 35800K->435K(77312K), 0.0002230 secs]
538.859: [GC (Allocation Failure) 34628K->435K(76160K), 0.0002060 secs]
538.875: [GC (Allocation Failure) 33456K->435K(75072K), 0.0002100 secs]
538.935: [GC (Allocation Failure) 32382K->435K(74048K), 0.0002930 secs]
538.959: [GC (Allocation Failure) 31405K->435K(73088K), 0.0002290 secs]
538.973: [GC (Allocation Failure) 30428K->435K(72128K), 0.0002250 secs]
539.038: [GC (Allocation Failure) 29451K->435K(71232K), 0.0002100 secs]
539.091: [GC (Allocation Failure) 28572K->435K(70400K), 0.0002230 secs]
539.107: [GC (Allocation Failure) 27693K->435K(69568K), 0.0002150 secs]
539.124: [GC (Allocation Failure) 26912K->435K(68800K), 0.0002140 secs]
539.190: [GC (Allocation Failure) 26131K->435K(68032K), 0.0002030 secs]
539.205: [GC (Allocation Failure) 25349K->435K(67328K), 0.0002320 secs]
539.335: [GC (Allocation Failure) 24662K->435K(66624K), 0.0002750 secs]
539.346: [GC (Allocation Failure) 23978K->435K(65984K), 0.0002170 secs]
539.389: [GC (Allocation Failure) 23294K->435K(65344K), 0.0002140 secs]
539.403: [GC (Allocation Failure) 22610K->435K(64704K), 0.0002310 secs]
539.417: [GC (Allocation Failure) 22024K->435K(69056K), 0.0002230 secs]
539.437: [GC (Allocation Failure) 26326K->435K(74304K), 0.0002050 secs]
539.493: [GC (Allocation Failure) 31600K->435K(73280K), 0.0002240 secs]
539.510: [GC (Allocation Failure) 30624K->435K(72320K), 0.0002210 secs]
539.539: [GC (Allocation Failure) 29647K->435K(71424K), 0.0002640 secs]
539.637: [GC (Allocation Failure) 28768K->435K(70528K), 0.0002130 secs]
539.649: [GC (Allocation Failure) 27889K->435K(69696K), 0.0002040 secs]
539.665: [GC (Allocation Failure) 27010K->435K(68928K), 0.0002110 secs]
539.737: [GC (Allocation Failure) 26228K->435K(68160K), 0.0002240 secs]
539.752: [GC (Allocation Failure) 25447K->435K(67456K), 0.0002200 secs]
539.783: [GC (Allocation Failure) 24759K->435K(66752K), 0.0002260 secs]
539.798: [GC (Allocation Failure) 24076K->435K(66048K), 0.0002030 secs]
539.903: [GC (Allocation Failure) 23392K->435K(65408K), 0.0002170 secs]
539.986: [GC (Allocation Failure) 22708K->435K(64768K), 0.0002120 secs]
540.011: [GC (Allocation Failure) 22122K->435K(64192K), 0.0002270 secs]
540.021: [GC (Allocation Failure) 21536K->435K(63616K), 0.0002200 secs]
540.034: [GC (Allocation Failure) 20950K->435K(67776K), 0.0002160 secs]
540.091: [GC (Allocation Failure) 25052K->435K(67072K), 0.0002070 secs]
540.105: [GC (Allocation Failure) 24369K->435K(66368K), 0.0002210 secs]
540.131: [GC (Allocation Failure) 23685K->435K(65728K), 0.0002040 secs]
540.240: [GC (Allocation Failure) 23001K->435K(65088K), 0.0002200 secs]
540.254: [GC (Allocation Failure) 22415K->435K(64512K), 0.0002070 secs]
540.267: [GC (Allocation Failure) 21829K->435K(68800K), 0.0002260 secs]
540.283: [GC (Allocation Failure) 26131K->435K(73984K), 0.0002020 secs]
540.297: [GC (Allocation Failure) 31307K->435K(80192K), 0.0002630 secs]
540.313: [GC (Allocation Failure) 37461K->435K(87616K), 0.0002810 secs]
540.346: [GC (Allocation Failure) 44884K->435K(96576K), 0.0002150 secs]
540.421: [GC (Allocation Failure) 53873K->435K(94528K), 0.0002150 secs]
540.444: [GC (Allocation Failure) 51822K->435K(92608K), 0.0002170 secs]
540.498: [GC (Allocation Failure) 49967K->435K(90752K), 0.0002090 secs]
540.523: [GC (Allocation Failure) 48107K->435K(89024K), 0.0002020 secs]
540.597: [GC (Allocation Failure) 46349K->435K(87360K), 0.0002740 secs]
540.634: [GC (Allocation Failure) 44688K->435K(85760K), 0.0002160 secs]
540.657: [GC (Allocation Failure) 43028K->435K(84224K), 0.0002340 secs]
540.748: [GC (Allocation Failure) 41563K->435K(82752K), 0.0002140 secs]
540.766: [GC (Allocation Failure) 40098K->435K(81344K), 0.0002740 secs]
540.794: [GC (Allocation Failure) 38633K->435K(80000K), 0.0002060 secs]
540.843: [GC (Allocation Failure) 37363K->435K(78720K), 0.0002150 secs]
540.863: [GC (Allocation Failure) 35996K->435K(77504K), 0.0002020 secs]
540.878: [GC (Allocation Failure) 34823K->435K(76352K), 0.0002020 secs]
540.945: [GC (Allocation Failure) 33651K->435K(75264K), 0.0002210 secs]
540.963: [GC (Allocation Failure) 32577K->435K(74240K), 0.0002030 secs]
541.091: [GC (Allocation Failure) 31600K->435K(73216K), 0.0002750 secs]
541.145: [GC (Allocation Failure) 30526K->435K(72256K), 0.0002420 secs]
541.158: [GC (Allocation Failure) 29549K->435K(71360K), 0.0002630 secs]
541.194: [GC (Allocation Failure) 28670K->435K(70464K), 0.0002200 secs]
541.207: [GC (Allocation Failure) 27791K->435K(75968K), 0.0003260 secs]
541.242: [GC (Allocation Failure) 33261K->435K(74880K), 0.0002230 secs]
541.314: [GC (Allocation Failure) 32186K->435K(73856K), 0.0002780 secs]
541.334: [GC (Allocation Failure) 31210K->435K(72896K), 0.0002780 secs]
541.391: [GC (Allocation Failure) 30233K->435K(71936K), 0.0002250 secs]
541.404: [GC (Allocation Failure) 29256K->435K(71040K), 0.0002050 secs]
541.434: [GC (Allocation Failure) 28377K->435K(70208K), 0.0002100 secs]
541.450: [GC (Allocation Failure) 27498K->435K(69376K), 0.0002190 secs]
541.466: [GC (Allocation Failure) 26717K->435K(68608K), 0.0002090 secs]
541.478: [GC (Allocation Failure) 25935K->435K(73728K), 0.0002160 secs]
541.496: [GC (Allocation Failure) 31014K->435K(79872K), 0.0002280 secs]
541.513: [GC (Allocation Failure) 37168K->435K(87232K), 0.0002140 secs]
541.552: [GC (Allocation Failure) 44591K->435K(85632K), 0.0002130 secs]
541.574: [GC (Allocation Failure) 42930K->435K(84096K), 0.0002060 secs]
541.597: [GC (Allocation Failure) 41367K->435K(82624K), 0.0002360 secs]
541.617: [GC (Allocation Failure) 39902K->435K(81280K), 0.0002080 secs]
541.695: [GC (Allocation Failure) 38633K->435K(80000K), 0.0002170 secs]
541.715: [GC (Allocation Failure) 37363K->435K(78720K), 0.0002150 secs]
541.731: [GC (Allocation Failure) 35996K->435K(77504K), 0.0002050 secs]
541.797: [GC (Allocation Failure) 34823K->435K(76352K), 0.0002220 secs]
541.812: [GC (Allocation Failure) 33651K->435K(75264K), 0.0002050 secs]
541.843: [GC (Allocation Failure) 32577K->435K(74240K), 0.0002620 secs]
541.906: [GC (Allocation Failure) 31600K->435K(73216K), 0.0002150 secs]
541.938: [GC (Allocation Failure) 30526K->435K(72256K), 0.0002230 secs]
541.951: [GC (Allocation Failure) 29549K->435K(71360K), 0.0002180 secs]
541.991: [GC (Allocation Failure) 28670K->435K(70464K), 0.0002310 secs]
542.008: [GC (Allocation Failure) 27791K->435K(69632K), 0.0002150 secs]
542.023: [GC (Allocation Failure) 26912K->435K(68864K), 0.0002250 secs]
542.040: [GC (Allocation Failure) 26131K->435K(74048K), 0.0002730 secs]
542.092: [GC (Allocation Failure) 31405K->435K(73088K), 0.0002250 secs]
542.109: [GC (Allocation Failure) 30428K->435K(72128K), 0.0002120 secs]
542.126: [GC (Allocation Failure) 29451K->435K(71232K), 0.0002010 secs]
542.138: [GC (Allocation Failure) 28572K->435K(76864K), 0.0002180 secs]
542.244: [GC (Allocation Failure) 34140K->435K(75776K), 0.0002280 secs]
542.262: [GC (Allocation Failure) 33065K->435K(74688K), 0.0002010 secs]
542.297: [GC (Allocation Failure) 31991K->435K(73664K), 0.0002070 secs]
542.315: [GC (Allocation Failure) 31014K->435K(72704K), 0.0002290 secs]
542.329: [GC (Allocation Failure) 30038K->435K(71808K), 0.0001980 secs]
542.396: [GC (Allocation Failure) 29158K->435K(70912K), 0.0002070 secs]
542.409: [GC (Allocation Failure) 28182K->435K(70080K), 0.0002160 secs]
542.425: [GC (Allocation Failure) 27400K->435K(69248K), 0.0002190 secs]
542.440: [GC (Allocation Failure) 26521K->435K(74496K), 0.0002370 secs]
542.591: [GC (Allocation Failure) 31796K->435K(73472K), 0.0003270 secs]
542.626: [GC (Allocation Failure) 30819K->435K(72512K), 0.0002160 secs]
542.639: [GC (Allocation Failure) 29842K->435K(71616K), 0.0002160 secs]
542.660: [GC (Allocation Failure) 28963K->435K(70720K), 0.0002790 secs]
542.673: [GC (Allocation Failure) 27986K->435K(76288K), 0.0002030 secs]
542.698: [GC (Allocation Failure) 33554K->435K(75200K), 0.0002030 secs]
542.713: [GC (Allocation Failure) 32479K->435K(81664K), 0.0002300 secs]
542.730: [GC (Allocation Failure) 39023K->435K(89408K), 0.0002030 secs]
542.754: [GC (Allocation Failure) 46739K->435K(87744K), 0.0002040 secs]
542.824: [GC (Allocation Failure) 45079K->435K(86144K), 0.0002230 secs]
542.899: [GC (Allocation Failure) 43419K->435K(84608K), 0.0002140 secs]
542.917: [GC (Allocation Failure) 41953K->435K(83136K), 0.0002040 secs]
542.938: [GC (Allocation Failure) 40488K->435K(81728K), 0.0002150 secs]
542.997: [GC (Allocation Failure) 39023K->435K(80384K), 0.0002050 secs]
543.026: [GC (Allocation Failure) 37656K->435K(79104K), 0.0002290 secs]
543.045: [GC (Allocation Failure) 36386K->435K(77888K), 0.0002230 secs]
543.136: [GC (Allocation Failure) 35214K->435K(76736K), 0.0002160 secs]
543.154: [GC (Allocation Failure) 34042K->435K(75648K), 0.0002020 secs]
543.248: [GC (Allocation Failure) 32968K->435K(74560K), 0.0002020 secs]
543.262: [GC (Allocation Failure) 31893K->435K(73536K), 0.0002160 secs]
543.294: [GC (Allocation Failure) 30819K->435K(72576K), 0.0002040 secs]
543.397: [GC (Allocation Failure) 29842K->435K(71680K), 0.0002110 secs]
543.410: [GC (Allocation Failure) 28963K->435K(77440K), 0.0003230 secs]
543.495: [GC (Allocation Failure) 34726K->435K(76288K), 0.0002110 secs]
543.510: [GC (Allocation Failure) 33554K->435K(75200K), 0.0002040 secs]
543.545: [GC (Allocation Failure) 32479K->435K(74176K), 0.0002030 secs]
543.621: [GC (Allocation Failure) 31503K->435K(73152K), 0.0002350 secs]
543.638: [GC (Allocation Failure) 30428K->435K(72192K), 0.0002030 secs]
543.698: [GC (Allocation Failure) 29549K->435K(71296K), 0.0002060 secs]
543.710: [GC (Allocation Failure) 28572K->435K(70400K), 0.0002310 secs]
543.722: [GC (Allocation Failure) 27693K->435K(75904K), 0.0002050 secs]
543.740: [GC (Allocation Failure) 33261K->435K(74816K), 0.0002000 secs]
543.755: [GC (Allocation Failure) 32089K->435K(81216K), 0.0002170 secs]
543.798: [GC (Allocation Failure) 38535K->435K(79936K), 0.0002260 secs]
543.814: [GC (Allocation Failure) 37265K->435K(78656K), 0.0002040 secs]
543.851: [GC (Allocation Failure) 35996K->435K(77440K), 0.0002130 secs]
543.869: [GC (Allocation Failure) 34726K->435K(76288K), 0.0002050 secs]
543.935: [GC (Allocation Failure) 33554K->435K(75200K), 0.0002860 secs]
543.995: [GC (Allocation Failure) 32479K->435K(74176K), 0.0002160 secs]
544.018: [GC (Allocation Failure) 31503K->435K(73152K), 0.0002220 secs]
544.032: [GC (Allocation Failure) 30428K->435K(72192K), 0.0002150 secs]
544.048: [GC (Allocation Failure) 29549K->435K(71296K), 0.0002120 secs]
544.094: [GC (Allocation Failure) 28572K->435K(70400K), 0.0002170 secs]
544.147: [GC (Allocation Failure) 27693K->435K(69568K), 0.0002130 secs]
544.163: [GC (Allocation Failure) 26912K->435K(68800K), 0.0002120 secs]
544.297: [GC (Allocation Failure) 26131K->435K(68032K), 0.0002120 secs]
544.312: [GC (Allocation Failure) 25349K->435K(67328K), 0.0002210 secs]
544.323: [GC (Allocation Failure) 24662K->435K(72192K), 0.0003950 secs]
544.394: [GC (Allocation Failure) 29549K->435K(78016K), 0.0002050 secs]
544.451: [GC (Allocation Failure) 35312K->435K(76864K), 0.0002160 secs]
544.470: [GC (Allocation Failure) 34140K->435K(75776K), 0.0002030 secs]
544.484: [GC (Allocation Failure) 33065K->435K(82368K), 0.0002300 secs]
544.505: [GC (Allocation Failure) 39707K->435K(81024K), 0.0002120 secs]
544.538: [GC (Allocation Failure) 38340K->435K(79744K), 0.0002150 secs]
544.612: [GC (Allocation Failure) 37070K->435K(78528K), 0.0002140 secs]
544.628: [GC (Allocation Failure) 35800K->435K(77312K), 0.0002210 secs]
544.661: [GC (Allocation Failure) 34628K->435K(76160K), 0.0002150 secs]
544.680: [GC (Allocation Failure) 33456K->435K(75072K), 0.0002120 secs]
544.698: [GC (Allocation Failure) 32382K->435K(74048K), 0.0002030 secs]
544.715: [GC (Allocation Failure) 31405K->435K(73088K), 0.0002200 secs]
544.733: [GC (Allocation Failure) 30428K->435K(72128K), 0.0002120 secs]
544.749: [GC (Allocation Failure) 29451K->435K(71232K), 0.0002190 secs]
544.762: [GC (Allocation Failure) 28572K->435K(76864K), 0.0002040 secs]
544.827: [GC (Allocation Failure) 34140K->435K(75776K), 0.0002310 secs]
544.842: [GC (Allocation Failure) 33065K->435K(82368K), 0.0002710 secs]
544.900: [GC (Allocation Failure) 39707K->435K(81024K), 0.0002160 secs]
544.920: [GC (Allocation Failure) 38340K->435K(79744K), 0.0002070 secs]
544.953: [GC (Allocation Failure) 37070K->435K(78528K), 0.0002490 secs]
544.968: [GC (Allocation Failure) 35800K->435K(77312K), 0.0002140 secs]
545.002: [GC (Allocation Failure) 34628K->435K(76160K), 0.0002230 secs]
545.016: [GC (Allocation Failure) 33456K->435K(75072K), 0.0002160 secs]
545.047: [GC (Allocation Failure) 32382K->435K(74048K), 0.0002700 secs]
545.093: [GC (Allocation Failure) 31405K->435K(73088K), 0.0002060 secs]
545.150: [GC (Allocation Failure) 30428K->435K(72128K), 0.0002220 secs]
545.167: [GC (Allocation Failure) 29451K->435K(71232K), 0.0002190 secs]
545.180: [GC (Allocation Failure) 28572K->435K(76864K), 0.0002650 secs]
545.220: [GC (Allocation Failure) 34140K->435K(75776K), 0.0002150 secs]
545.252: [GC (Allocation Failure) 33065K->435K(74688K), 0.0002460 secs]
545.270: [GC (Allocation Failure) 31991K->435K(73664K), 0.0002060 secs]
545.287: [GC (Allocation Failure) 31014K->435K(72704K), 0.0002160 secs]
545.305: [GC (Allocation Failure) 30038K->435K(78656K), 0.0002730 secs]
545.321: [GC (Allocation Failure) 35996K->435K(85824K), 0.0002180 secs]
545.456: [GC (Allocation Failure) 43126K->435K(84288K), 0.0002170 secs]
545.478: [GC (Allocation Failure) 41563K->435K(82816K), 0.0002060 secs]
545.495: [GC (Allocation Failure) 40098K->435K(81408K), 0.0002050 secs]
545.516: [GC (Allocation Failure) 38730K->435K(80064K), 0.0002030 secs]
545.532: [GC (Allocation Failure) 37363K->435K(78784K), 0.0002160 secs]
545.548: [GC (Allocation Failure) 36093K->435K(77568K), 0.0002060 secs]
545.563: [GC (Allocation Failure) 34921K->435K(84480K), 0.0002040 secs]
545.606: [GC (Allocation Failure) 41758K->435K(83008K), 0.0002120 secs]
545.623: [GC (Allocation Failure) 40293K->435K(91008K), 0.0003220 secs]
545.745: [GC (Allocation Failure) 48302K->435K(89216K), 0.0002130 secs]
545.765: [GC (Allocation Failure) 46544K->435K(87552K), 0.0002720 secs]
545.807: [GC (Allocation Failure) 44884K->435K(85952K), 0.0002130 secs]
545.826: [GC (Allocation Failure) 43223K->435K(84416K), 0.0002030 secs]
545.852: [GC (Allocation Failure) 41758K->435K(82944K), 0.0002160 secs]
545.873: [GC (Allocation Failure) 40293K->435K(81536K), 0.0002010 secs]
545.893: [GC (Allocation Failure) 38828K->435K(80192K), 0.0002080 secs]
545.913: [GC (Allocation Failure) 37461K->435K(78912K), 0.0002290 secs]
545.929: [GC (Allocation Failure) 36191K->435K(77696K), 0.0002120 secs]
545.949: [GC (Allocation Failure) 35019K->435K(76544K), 0.0002110 secs]
545.968: [GC (Allocation Failure) 33847K->435K(75456K), 0.0002010 secs]
546.027: [GC (Allocation Failure) 32772K->435K(74432K), 0.0002250 secs]
546.098: [GC (Allocation Failure) 31698K->435K(73408K), 0.0002070 secs]
546.151: [GC (Allocation Failure) 30721K->435K(72448K), 0.0002140 secs]
546.165: [GC (Allocation Failure) 29745K->435K(71552K), 0.0002520 secs]
546.197: [GC (Allocation Failure) 28865K->435K(70656K), 0.0002240 secs]
546.209: [GC (Allocation Failure) 27986K->435K(69824K), 0.0002040 secs]
546.221: [GC (Allocation Failure) 27107K->435K(75200K), 0.0002110 secs]
546.299: [GC (Allocation Failure) 32479K->435K(74176K), 0.0002060 secs]
546.352: [GC (Allocation Failure) 31503K->435K(73152K), 0.0002130 secs]
546.369: [GC (Allocation Failure) 30428K->435K(72192K), 0.0002060 secs]
546.382: [GC (Allocation Failure) 29549K->435K(71296K), 0.0002140 secs]
546.398: [GC (Allocation Failure) 28572K->435K(76992K), 0.0002110 secs]
546.423: [GC (Allocation Failure) 34335K->435K(75904K), 0.0002110 secs]
546.441: [GC (Allocation Failure) 33261K->435K(82496K), 0.0002760 secs]
546.462: [GC (Allocation Failure) 39805K->435K(81152K), 0.0002130 secs]
546.528: [GC (Allocation Failure) 38437K->435K(79872K), 0.0002140 secs]
546.544: [GC (Allocation Failure) 37168K->435K(78656K), 0.0002060 secs]
546.599: [GC (Allocation Failure) 35996K->435K(77440K), 0.0002240 secs]
546.615: [GC (Allocation Failure) 34726K->435K(76288K), 0.0002240 secs]
546.665: [GC (Allocation Failure) 33554K->435K(75200K), 0.0002090 secs]
546.699: [GC (Allocation Failure) 32479K->435K(74176K), 0.0002070 secs]
546.753: [GC (Allocation Failure) 31503K->435K(73152K), 0.0002560 secs]
546.898: [GC (Allocation Failure) 30428K->435K(72192K), 0.0002170 secs]
546.915: [GC (Allocation Failure) 29549K->435K(71296K), 0.0002110 secs]
547.002: [GC (Allocation Failure) 28572K->435K(70400K), 0.0002010 secs]
547.018: [GC (Allocation Failure) 27693K->435K(69568K), 0.0002160 secs]
547.034: [GC (Allocation Failure) 26912K->435K(68800K), 0.0002170 secs]
547.049: [GC (Allocation Failure) 26131K->435K(68032K), 0.0002170 secs]
547.064: [GC (Allocation Failure) 25349K->435K(67328K), 0.0002090 secs]
547.074: [GC (Allocation Failure) 24662K->435K(72192K), 0.0002170 secs]
547.091: [GC (Allocation Failure) 29549K->435K(78016K), 0.0002200 secs]
547.204: [GC (Allocation Failure) 35312K->435K(76864K), 0.0002130 secs]
547.221: [GC (Allocation Failure) 34140K->435K(75776K), 0.0002250 secs]
547.235: [GC (Allocation Failure) 33065K->435K(82368K), 0.0002080 secs]
547.303: [GC (Allocation Failure) 39707K->435K(81024K), 0.0002180 secs]
547.337: [GC (Allocation Failure) 38340K->435K(79744K), 0.0002140 secs]
547.409: [GC (Allocation Failure) 37070K->435K(78528K), 0.0002290 secs]
547.428: [GC (Allocation Failure) 35800K->435K(77312K), 0.0002020 secs]
547.443: [GC (Allocation Failure) 34628K->435K(76160K), 0.0002060 secs]
547.461: [GC (Allocation Failure) 33456K->435K(75072K), 0.0002020 secs]
547.479: [GC (Allocation Failure) 32382K->435K(74048K), 0.0002140 secs]
547.534: [GC (Allocation Failure) 31405K->435K(73088K), 0.0002720 secs]
547.603: [GC (Allocation Failure) 30428K->435K(72128K), 0.0002150 secs]
547.621: [GC (Allocation Failure) 29451K->435K(71232K), 0.0002080 secs]
547.634: [GC (Allocation Failure) 28572K->435K(70400K), 0.0002180 secs]
547.687: [GC (Allocation Failure) 27693K->435K(69568K), 0.0002070 secs]
547.703: [GC (Allocation Failure) 26912K->435K(68800K), 0.0002070 secs]
547.718: [GC (Allocation Failure) 26131K->435K(68032K), 0.0002000 secs]
547.733: [GC (Allocation Failure) 25349K->435K(67328K), 0.0002170 secs]
547.744: [GC (Allocation Failure) 24662K->435K(72192K), 0.0002160 secs]
547.760: [GC (Allocation Failure) 29549K->435K(78016K), 0.0002130 secs]
547.802: [GC (Allocation Failure) 35312K->435K(76864K), 0.0002060 secs]
547.855: [GC (Allocation Failure) 34140K->435K(75776K), 0.0002180 secs]
547.870: [GC (Allocation Failure) 33065K->435K(74688K), 0.0002140 secs]
547.901: [GC (Allocation Failure) 31991K->435K(73664K), 0.0002330 secs]
547.914: [GC (Allocation Failure) 31014K->435K(72704K), 0.0002050 secs]
548.026: [GC (Allocation Failure) 30038K->435K(71808K), 0.0002140 secs]
548.042: [GC (Allocation Failure) 29158K->435K(70912K), 0.0002120 secs]
548.054: [GC (Allocation Failure) 28182K->435K(76480K), 0.0002170 secs]
548.069: [GC (Allocation Failure) 33749K->435K(83200K), 0.0002040 secs]
548.105: [GC (Allocation Failure) 40488K->435K(81792K), 0.0002130 secs]
548.125: [GC (Allocation Failure) 39121K->435K(80448K), 0.0002040 secs]
548.142: [GC (Allocation Failure) 37754K->435K(79168K), 0.0002280 secs]
548.158: [GC (Allocation Failure) 36484K->435K(86400K), 0.0002160 secs]
548.210: [GC (Allocation Failure) 43712K->435K(84864K), 0.0002220 secs]
548.232: [GC (Allocation Failure) 42149K->435K(83392K), 0.0002250 secs]
548.259: [GC (Allocation Failure) 40684K->435K(81984K), 0.0002160 secs]
548.277: [GC (Allocation Failure) 39316K->435K(89792K), 0.0003190 secs]
548.362: [GC (Allocation Failure) 47130K->435K(88064K), 0.0003340 secs]
548.382: [GC (Allocation Failure) 45372K->435K(86464K), 0.0002120 secs]
548.405: [GC (Allocation Failure) 43809K->435K(84928K), 0.0002140 secs]
548.434: [GC (Allocation Failure) 42247K->435K(83456K), 0.0002210 secs]
548.456: [GC (Allocation Failure) 40781K->435K(82048K), 0.0002160 secs]
548.473: [GC (Allocation Failure) 39316K->435K(80704K), 0.0002060 secs]
548.504: [GC (Allocation Failure) 38047K->435K(79424K), 0.0002150 secs]
548.524: [GC (Allocation Failure) 36777K->435K(78208K), 0.0002130 secs]
548.543: [GC (Allocation Failure) 35507K->435K(77056K), 0.0002200 secs]
548.592: [GC (Allocation Failure) 34335K->435K(75904K), 0.0002340 secs]
548.611: [GC (Allocation Failure) 33261K->435K(74816K), 0.0002760 secs]
548.625: [GC (Allocation Failure) 32089K->435K(73792K), 0.0002150 secs]
548.656: [GC (Allocation Failure) 31112K->435K(72832K), 0.0002120 secs]
548.669: [GC (Allocation Failure) 30135K->435K(78784K), 0.0002140 secs]
548.685: [GC (Allocation Failure) 36093K->435K(85952K), 0.0002040 secs]
548.708: [GC (Allocation Failure) 43223K->435K(84416K), 0.0002020 secs]
548.730: [GC (Allocation Failure) 41758K->435K(82944K), 0.0002180 secs]
548.747: [GC (Allocation Failure) 40293K->435K(81536K), 0.0002160 secs]
548.764: [GC (Allocation Failure) 38828K->435K(89280K), 0.0002150 secs]
548.784: [GC (Allocation Failure) 46642K->435K(87616K), 0.0002130 secs]
548.810: [GC (Allocation Failure) 44884K->435K(86016K), 0.0002180 secs]
548.835: [GC (Allocation Failure) 43321K->435K(84480K), 0.0002060 secs]
548.857: [GC (Allocation Failure) 41758K->435K(83008K), 0.0002070 secs]
548.875: [GC (Allocation Failure) 40293K->435K(81600K), 0.0002220 secs]
548.910: [GC (Allocation Failure) 38926K->435K(80256K), 0.0002290 secs]
548.930: [GC (Allocation Failure) 37558K->435K(78976K), 0.0002020 secs]
549.008: [GC (Allocation Failure) 36289K->435K(77760K), 0.0003590 secs]
549.028: [GC (Allocation Failure) 35116K->435K(76608K), 0.0002140 secs]
549.203: [GC (Allocation Failure) 33944K->435K(75520K), 0.0002770 secs]
549.257: [GC (Allocation Failure) 32870K->435K(74496K), 0.0002140 secs]
549.275: [GC (Allocation Failure) 31796K->435K(73472K), 0.0002040 secs]
549.289: [GC (Allocation Failure) 30819K->435K(72512K), 0.0002100 secs]
549.338: [GC (Allocation Failure) 29842K->435K(71616K), 0.0002260 secs]
549.351: [GC (Allocation Failure) 28963K->435K(70720K), 0.0002680 secs]
549.408: [GC (Allocation Failure) 27986K->435K(69888K), 0.0002130 secs]
549.420: [GC (Allocation Failure) 27205K->435K(69056K), 0.0002040 secs]
549.451: [GC (Allocation Failure) 26326K->435K(68288K), 0.0002740 secs]
549.466: [GC (Allocation Failure) 25642K->435K(67520K), 0.0002120 secs]
549.477: [GC (Allocation Failure) 24857K->435K(72448K), 0.0002040 secs]
549.494: [GC (Allocation Failure) 29745K->435K(78336K), 0.0002100 secs]
549.558: [GC (Allocation Failure) 35605K->435K(77184K), 0.0002020 secs]
549.577: [GC (Allocation Failure) 34530K->435K(76032K), 0.0002000 secs]
549.604: [GC (Allocation Failure) 33358K->435K(82624K), 0.0003970 secs]
549.638: [GC (Allocation Failure) 39902K->435K(81280K), 0.0002170 secs]
549.654: [GC (Allocation Failure) 38633K->435K(80000K), 0.0002170 secs]
549.730: [GC (Allocation Failure) 37363K->435K(78720K), 0.0002260 secs]
549.746: [GC (Allocation Failure) 35996K->435K(77504K), 0.0002160 secs]
549.765: [GC (Allocation Failure) 34823K->435K(76352K), 0.0002270 secs]
549.780: [GC (Allocation Failure) 33651K->435K(75264K), 0.0002040 secs]
549.854: [GC (Allocation Failure) 32577K->435K(74240K), 0.0002150 secs]
549.907: [GC (Allocation Failure) 31600K->435K(73216K), 0.0002220 secs]
549.921: [GC (Allocation Failure) 30526K->435K(72256K), 0.0002820 secs]
549.956: [GC (Allocation Failure) 29549K->435K(71360K), 0.0002260 secs]
549.973: [GC (Allocation Failure) 28670K->435K(70464K), 0.0002110 secs]
550.024: [GC (Allocation Failure) 27791K->435K(69632K), 0.0002290 secs]
550.039: [GC (Allocation Failure) 26912K->435K(68864K), 0.0002220 secs]
550.101: [GC (Allocation Failure) 26131K->435K(68096K), 0.0002040 secs]
550.155: [GC (Allocation Failure) 25447K->435K(67392K), 0.0002240 secs]
550.166: [GC (Allocation Failure) 24662K->435K(66688K), 0.0002210 secs]
550.176: [GC (Allocation Failure) 23978K->435K(71424K), 0.0002050 secs]
550.206: [GC (Allocation Failure) 28768K->435K(70528K), 0.0002160 secs]
550.223: [GC (Allocation Failure) 27889K->435K(76032K), 0.0002150 secs]
550.240: [GC (Allocation Failure) 33358K->435K(82624K), 0.0002090 secs]
550.257: [GC (Allocation Failure) 39902K->435K(90560K), 0.0002150 secs]
550.282: [GC (Allocation Failure) 47911K->435K(88832K), 0.0002130 secs]
550.315: [GC (Allocation Failure) 46153K->435K(87168K), 0.0002190 secs]
550.339: [GC (Allocation Failure) 44493K->435K(85568K), 0.0002160 secs]
550.363: [GC (Allocation Failure) 42930K->435K(84032K), 0.0002050 secs]
550.385: [GC (Allocation Failure) 41367K->435K(82624K), 0.0002060 secs]
550.402: [GC (Allocation Failure) 39902K->435K(81280K), 0.0002150 secs]
550.419: [GC (Allocation Failure) 38633K->435K(80000K), 0.0002170 secs]
550.439: [GC (Allocation Failure) 37363K->435K(78720K), 0.0002210 secs]
550.456: [GC (Allocation Failure) 35996K->435K(77504K), 0.0002140 secs]
550.475: [GC (Allocation Failure) 34823K->435K(76352K), 0.0002130 secs]
550.489: [GC (Allocation Failure) 33651K->435K(83008K), 0.0002120 secs]
550.510: [GC (Allocation Failure) 40293K->435K(91008K), 0.0002120 secs]
550.605: [GC (Allocation Failure) 48302K->435K(89216K), 0.0002720 secs]
550.665: [GC (Allocation Failure) 46544K->435K(87552K), 0.0002140 secs]
550.689: [GC (Allocation Failure) 44884K->435K(85952K), 0.0002080 secs]
550.707: [GC (Allocation Failure) 43223K->435K(84416K), 0.0002170 secs]
550.763: [GC (Allocation Failure) 41758K->435K(82944K), 0.0002220 secs]
550.780: [GC (Allocation Failure) 40293K->435K(81536K), 0.0002040 secs]
550.797: [GC (Allocation Failure) 38828K->435K(80192K), 0.0002350 secs]
550.829: [GC (Allocation Failure) 37461K->435K(78912K), 0.0002130 secs]
550.908: [GC (Allocation Failure) 36191K->435K(77696K), 0.0002060 secs]
550.928: [GC (Allocation Failure) 35019K->435K(76544K), 0.0002220 secs]
550.956: [GC (Allocation Failure) 33847K->435K(75456K), 0.0002310 secs]
550.971: [GC (Allocation Failure) 32772K->435K(74432K), 0.0002050 secs]
551.059: [GC (Allocation Failure) 31698K->435K(73408K), 0.0002130 secs]
551.072: [GC (Allocation Failure) 30721K->435K(72448K), 0.0002300 secs]
551.089: [GC (Allocation Failure) 29745K->435K(71552K), 0.0002110 secs]
551.108: [GC (Allocation Failure) 28865K->435K(70656K), 0.0002330 secs]
551.121: [GC (Allocation Failure) 27986K->435K(76224K), 0.0002960 secs]
551.135: [GC (Allocation Failure) 33554K->435K(82880K), 0.0002050 secs]
551.153: [GC (Allocation Failure) 40195K->435K(90880K), 0.0002140 secs]
551.238: [GC (Allocation Failure) 48204K->435K(89152K), 0.0002160 secs]
551.262: [GC (Allocation Failure) 46446K->435K(87488K), 0.0002070 secs]
551.282: [GC (Allocation Failure) 44786K->435K(85888K), 0.0002080 secs]
551.332: [GC (Allocation Failure) 43223K->435K(84352K), 0.0002150 secs]
551.354: [GC (Allocation Failure) 41660K->435K(82880K), 0.0002030 secs]
551.376: [GC (Allocation Failure) 40195K->435K(81472K), 0.0002200 secs]
551.397: [GC (Allocation Failure) 38828K->435K(80128K), 0.0002420 secs]
551.417: [GC (Allocation Failure) 37461K->435K(78848K), 0.0002020 secs]
551.611: [GC (Allocation Failure) 36191K->435K(77632K), 0.0002080 secs]
551.631: [GC (Allocation Failure) 34921K->435K(76480K), 0.0002110 secs]
551.649: [GC (Allocation Failure) 33749K->435K(75392K), 0.0002290 secs]
551.664: [GC (Allocation Failure) 32675K->435K(81856K), 0.0002770 secs]
551.713: [GC (Allocation Failure) 39219K->435K(80512K), 0.0002220 secs]
551.734: [GC (Allocation Failure) 37851K->435K(79232K), 0.0002010 secs]
551.750: [GC (Allocation Failure) 36582K->435K(78016K), 0.0002140 secs]
551.765: [GC (Allocation Failure) 35312K->435K(76864K), 0.0002050 secs]
551.779: [GC (Allocation Failure) 34140K->435K(83648K), 0.0002060 secs]
551.864: [GC (Allocation Failure) 40977K->435K(82240K), 0.0002200 secs]
551.882: [GC (Allocation Failure) 39512K->435K(80896K), 0.0002050 secs]
551.909: [GC (Allocation Failure) 38242K->435K(79616K), 0.0002260 secs]
551.929: [GC (Allocation Failure) 36972K->435K(78400K), 0.0002020 secs]
551.948: [GC (Allocation Failure) 35702K->435K(77248K), 0.0002310 secs]
551.968: [GC (Allocation Failure) 34530K->435K(76096K), 0.0002310 secs]
551.983: [GC (Allocation Failure) 33456K->435K(82752K), 0.0002700 secs]
552.035: [GC (Allocation Failure) 40098K->435K(81344K), 0.0002270 secs]
552.056: [GC (Allocation Failure) 38633K->435K(80000K), 0.0002110 secs]
552.109: [GC (Allocation Failure) 37363K->435K(78720K), 0.0002160 secs]
552.129: [GC (Allocation Failure) 35996K->435K(77504K), 0.0002560 secs]
552.162: [GC (Allocation Failure) 34823K->435K(76352K), 0.0002140 secs]
552.177: [GC (Allocation Failure) 33651K->435K(75264K), 0.0002020 secs]
552.207: [GC (Allocation Failure) 32577K->435K(74240K), 0.0002240 secs]
552.225: [GC (Allocation Failure) 31600K->435K(80512K), 0.0003470 secs]
552.243: [GC (Allocation Failure) 37851K->435K(88000K), 0.0002140 secs]
552.343: [GC (Allocation Failure) 45274K->435K(86400K), 0.0002230 secs]
552.367: [GC (Allocation Failure) 43712K->435K(84864K), 0.0002030 secs]
552.411: [GC (Allocation Failure) 42149K->435K(83392K), 0.0002180 secs]
552.434: [GC (Allocation Failure) 40684K->435K(81984K), 0.0002030 secs]
552.451: [GC (Allocation Failure) 39316K->435K(80640K), 0.0002310 secs]
552.471: [GC (Allocation Failure) 37949K->435K(79360K), 0.0002180 secs]
552.491: [GC (Allocation Failure) 36679K->435K(78144K), 0.0002040 secs]
552.507: [GC (Allocation Failure) 35409K->435K(76992K), 0.0002180 secs]
552.521: [GC (Allocation Failure) 34335K->435K(75904K), 0.0002020 secs]
552.558: [GC (Allocation Failure) 33261K->435K(74816K), 0.0002150 secs]
552.572: [GC (Allocation Failure) 32089K->435K(73792K), 0.0002070 secs]
552.590: [GC (Allocation Failure) 31112K->435K(72832K), 0.0002090 secs]
552.607: [GC (Allocation Failure) 30135K->435K(78784K), 0.0002280 secs]
552.631: [GC (Allocation Failure) 36093K->435K(85952K), 0.0002840 secs]
552.655: [GC (Allocation Failure) 43223K->435K(84416K), 0.0002090 secs]
552.716: [GC (Allocation Failure) 41758K->435K(82944K), 0.0002140 secs]
552.734: [GC (Allocation Failure) 40293K->435K(81536K), 0.0002120 secs]
552.814: [GC (Allocation Failure) 38828K->435K(80192K), 0.0002230 secs]
552.834: [GC (Allocation Failure) 37461K->435K(78912K), 0.0002110 secs]
552.863: [GC (Allocation Failure) 36191K->435K(77696K), 0.0002030 secs]
552.879: [GC (Allocation Failure) 35019K->435K(76544K), 0.0002730 secs]
552.940: [GC (Allocation Failure) 33847K->435K(75456K), 0.0002410 secs]
552.958: [GC (Allocation Failure) 32772K->435K(74432K), 0.0002190 secs]
552.973: [GC (Allocation Failure) 31698K->435K(73408K), 0.0002390 secs]
552.990: [GC (Allocation Failure) 30721K->435K(79488K), 0.0002130 secs]
553.006: [GC (Allocation Failure) 36777K->435K(86784K), 0.0002050 secs]
553.031: [GC (Allocation Failure) 44102K->435K(85248K), 0.0002240 secs]
553.054: [GC (Allocation Failure) 42540K->435K(83776K), 0.0002120 secs]
553.071: [GC (Allocation Failure) 41074K->435K(82368K), 0.0002140 secs]
553.115: [GC (Allocation Failure) 39707K->435K(81024K), 0.0002220 secs]
553.132: [GC (Allocation Failure) 38340K->435K(79744K), 0.0002160 secs]
553.160: [GC (Allocation Failure) 37070K->435K(78528K), 0.0002060 secs]
553.235: [GC (Allocation Failure) 35800K->435K(77312K), 0.0002210 secs]
553.250: [GC (Allocation Failure) 34628K->435K(76160K), 0.0002080 secs]
553.313: [GC (Allocation Failure) 33456K->435K(75072K), 0.0002250 secs]
553.331: [GC (Allocation Failure) 32382K->435K(74048K), 0.0002280 secs]
553.362: [GC (Allocation Failure) 31405K->435K(73088K), 0.0002030 secs]
553.379: [GC (Allocation Failure) 30428K->435K(72128K), 0.0002180 secs]
553.395: [GC (Allocation Failure) 29451K->435K(71232K), 0.0002010 secs]
553.407: [GC (Allocation Failure) 28572K->435K(76864K), 0.0002730 secs]
553.535: [GC (Allocation Failure) 34140K->435K(75776K), 0.0002320 secs]
553.550: [GC (Allocation Failure) 33065K->435K(74688K), 0.0002160 secs]
553.609: [GC (Allocation Failure) 31991K->435K(73664K), 0.0002240 secs]
553.623: [GC (Allocation Failure) 31014K->435K(72704K), 0.0002140 secs]
553.658: [GC (Allocation Failure) 30038K->435K(71808K), 0.0002200 secs]
553.707: [GC (Allocation Failure) 29158K->435K(70912K), 0.0002170 secs]
553.733: [GC (Allocation Failure) 28182K->435K(70080K), 0.0002270 secs]
553.745: [GC (Allocation Failure) 27400K->435K(69248K), 0.0002180 secs]
553.757: [GC (Allocation Failure) 26521K->435K(74496K), 0.0002140 secs]
553.863: [GC (Allocation Failure) 31796K->435K(73472K), 0.0002230 secs]
553.880: [GC (Allocation Failure) 30819K->435K(72512K), 0.0002290 secs]
553.896: [GC (Allocation Failure) 29842K->435K(71616K), 0.0002160 secs]
553.908: [GC (Allocation Failure) 28963K->435K(77376K), 0.0003330 secs]
553.965: [GC (Allocation Failure) 34726K->435K(84288K), 0.0003130 secs]
553.987: [GC (Allocation Failure) 41563K->435K(92544K), 0.0002140 secs]
554.021: [GC (Allocation Failure) 49867K->435K(102464K), 0.0003420 secs]
554.051: [GC (Allocation Failure) 59734K->435K(100160K), 0.0002070 secs]
554.076: [GC (Allocation Failure) 57487K->435K(97984K), 0.0002150 secs]
554.103: [GC (Allocation Failure) 55339K->435K(95872K), 0.0002110 secs]
554.172: [GC (Allocation Failure) 53190K->435K(93888K), 0.0002120 secs]
554.194: [GC (Allocation Failure) 51236K->435K(91968K), 0.0002060 secs]
554.267: [GC (Allocation Failure) 49279K->435K(90176K), 0.0002160 secs]
554.316: [GC (Allocation Failure) 47521K->435K(88448K), 0.0002130 secs]
554.340: [GC (Allocation Failure) 45763K->435K(86784K), 0.0002040 secs]
554.366: [GC (Allocation Failure) 44102K->435K(85248K), 0.0003190 secs]
554.443: [GC (Allocation Failure) 42540K->435K(83776K), 0.0002320 secs]
554.460: [GC (Allocation Failure) 41074K->435K(82368K), 0.0002070 secs]
554.481: [GC (Allocation Failure) 39707K->435K(81024K), 0.0002250 secs]
554.538: [GC (Allocation Failure) 38340K->435K(79744K), 0.0002150 secs]
554.558: [GC (Allocation Failure) 37070K->435K(78528K), 0.0002020 secs]
554.574: [GC (Allocation Failure) 35800K->435K(77312K), 0.0002170 secs]
554.592: [GC (Allocation Failure) 34628K->435K(76160K), 0.0002030 secs]
554.664: [GC (Allocation Failure) 33456K->435K(75072K), 0.0002300 secs]
554.682: [GC (Allocation Failure) 32382K->435K(74048K), 0.0002050 secs]
554.700: [GC (Allocation Failure) 31405K->435K(73088K), 0.0002280 secs]
554.717: [GC (Allocation Failure) 30428K->435K(72128K), 0.0002260 secs]
554.735: [GC (Allocation Failure) 29451K->435K(71232K), 0.0002310 secs]
554.813: [GC (Allocation Failure) 28572K->435K(70400K), 0.0002160 secs]
554.830: [GC (Allocation Failure) 27693K->435K(69568K), 0.0002300 secs]
554.862: [GC (Allocation Failure) 26912K->435K(68800K), 0.0002140 secs]
554.878: [GC (Allocation Failure) 26131K->435K(68032K), 0.0002130 secs]
554.929: [GC (Allocation Failure) 25349K->435K(67328K), 0.0002170 secs]
554.940: [GC (Allocation Failure) 24662K->435K(66624K), 0.0002050 secs]
554.961: [GC (Allocation Failure) 23978K->435K(65984K), 0.0002210 secs]
554.972: [GC (Allocation Failure) 23294K->435K(70592K), 0.0002690 secs]
555.008: [GC (Allocation Failure) 27889K->435K(76096K), 0.0002360 secs]
555.023: [GC (Allocation Failure) 33456K->435K(82752K), 0.0002160 secs]
555.113: [GC (Allocation Failure) 40098K->435K(81344K), 0.0002060 secs]
555.163: [GC (Allocation Failure) 38633K->435K(80000K), 0.0002270 secs]
555.183: [GC (Allocation Failure) 37363K->435K(78720K), 0.0002250 secs]
555.316: [GC (Allocation Failure) 35996K->435K(77504K), 0.0002220 secs]
555.332: [GC (Allocation Failure) 34823K->435K(76352K), 0.0003240 secs]
555.362: [GC (Allocation Failure) 33651K->435K(75264K), 0.0002180 secs]
555.411: [GC (Allocation Failure) 32577K->435K(74240K), 0.0002240 secs]
555.465: [GC (Allocation Failure) 31600K->435K(73216K), 0.0002230 secs]
555.478: [GC (Allocation Failure) 30526K->435K(72256K), 0.0002030 secs]
555.494: [GC (Allocation Failure) 29549K->435K(71360K), 0.0002040 secs]
555.511: [GC (Allocation Failure) 28670K->435K(70464K), 0.0002310 secs]
555.523: [GC (Allocation Failure) 27791K->435K(75968K), 0.0002630 secs]
555.602: [GC (Allocation Failure) 33261K->435K(74880K), 0.0002260 secs]
555.616: [GC (Allocation Failure) 32186K->435K(81280K), 0.0002040 secs]
555.641: [GC (Allocation Failure) 38633K->435K(80000K), 0.0002220 secs]
555.718: [GC (Allocation Failure) 37363K->435K(78720K), 0.0002280 secs]
555.734: [GC (Allocation Failure) 35996K->435K(77504K), 0.0002280 secs]
555.753: [GC (Allocation Failure) 34823K->435K(76352K), 0.0002120 secs]
555.855: [GC (Allocation Failure) 33651K->435K(75264K), 0.0002040 secs]
555.873: [GC (Allocation Failure) 32577K->435K(74240K), 0.0002160 secs]
555.891: [GC (Allocation Failure) 31600K->435K(73216K), 0.0002030 secs]
555.961: [GC (Allocation Failure) 30526K->435K(72256K), 0.0002720 secs]
556.011: [GC (Allocation Failure) 29549K->435K(71360K), 0.0002060 secs]
556.045: [GC (Allocation Failure) 28670K->435K(70464K), 0.0002450 secs]
556.058: [GC (Allocation Failure) 27791K->435K(69632K), 0.0002680 secs]
556.135: [GC (Allocation Failure) 26912K->435K(68864K), 0.0002220 secs]
556.149: [GC (Allocation Failure) 26131K->435K(68096K), 0.0002210 secs]
556.210: [GC (Allocation Failure) 25447K->435K(67392K), 0.0002170 secs]
556.313: [GC (Allocation Failure) 24662K->435K(66688K), 0.0002270 secs]
556.327: [GC (Allocation Failure) 23978K->435K(66048K), 0.0002240 secs]
556.407: [GC (Allocation Failure) 23392K->435K(65408K), 0.0002140 secs]
556.417: [GC (Allocation Failure) 22708K->435K(64768K), 0.0002280 secs]
556.458: [GC (Allocation Failure) 22122K->435K(64192K), 0.0002790 secs]
556.468: [GC (Allocation Failure) 21536K->435K(68416K), 0.0002050 secs]
556.479: [GC (Allocation Failure) 25740K->435K(73536K), 0.0002050 secs]
556.492: [GC (Allocation Failure) 30819K->435K(79680K), 0.0002040 secs]
556.537: [GC (Allocation Failure) 36972K->435K(87040K), 0.0002260 secs]
556.560: [GC (Allocation Failure) 44395K->435K(85440K), 0.0002030 secs]
556.598: [GC (Allocation Failure) 42735K->435K(83968K), 0.0002300 secs]
556.667: [GC (Allocation Failure) 41270K->435K(82560K), 0.0002140 secs]
556.684: [GC (Allocation Failure) 39902K->435K(81216K), 0.0002760 secs]
556.769: [GC (Allocation Failure) 38535K->435K(79936K), 0.0002230 secs]
556.789: [GC (Allocation Failure) 37265K->435K(78656K), 0.0002120 secs]
556.805: [GC (Allocation Failure) 35996K->435K(77440K), 0.0002170 secs]
556.821: [GC (Allocation Failure) 34726K->435K(76288K), 0.0001820 secs]
556.835: [GC (Allocation Failure) 33554K->435K(75200K), 0.0002120 secs]
556.855: [GC (Allocation Failure) 32479K->435K(81664K), 0.0002620 secs]
556.914: [GC (Allocation Failure) 39023K->435K(80320K), 0.0002270 secs]
556.935: [GC (Allocation Failure) 37656K->435K(79040K), 0.0002170 secs]
557.069: [GC (Allocation Failure) 36386K->435K(77824K), 0.0002100 secs]
557.088: [GC (Allocation Failure) 35116K->435K(76672K), 0.0002170 secs]
557.107: [GC (Allocation Failure) 33944K->435K(75584K), 0.0002130 secs]
557.122: [GC (Allocation Failure) 32870K->435K(74560K), 0.0002130 secs]
557.164: [GC (Allocation Failure) 31893K->435K(73536K), 0.0002760 secs]
557.217: [GC (Allocation Failure) 30819K->435K(72576K), 0.0002190 secs]
557.235: [GC (Allocation Failure) 29842K->435K(71680K), 0.0002050 secs]
557.341: [GC (Allocation Failure) 28963K->435K(70784K), 0.0002190 secs]
557.358: [GC (Allocation Failure) 28084K->435K(69952K), 0.0002680 secs]
557.374: [GC (Allocation Failure) 27303K->435K(69120K), 0.0002200 secs]
557.385: [GC (Allocation Failure) 26424K->435K(74368K), 0.0002120 secs]
557.400: [GC (Allocation Failure) 31698K->435K(80640K), 0.0002010 secs]
557.466: [GC (Allocation Failure) 37949K->435K(79360K), 0.0002750 secs]
557.516: [GC (Allocation Failure) 36679K->435K(78144K), 0.0002160 secs]
557.535: [GC (Allocation Failure) 35409K->435K(76992K), 0.0002120 secs]
557.665: [GC (Allocation Failure) 34335K->435K(75904K), 0.0002720 secs]
557.715: [GC (Allocation Failure) 33261K->435K(74816K), 0.0002260 secs]
557.733: [GC (Allocation Failure) 32089K->435K(73792K), 0.0002030 secs]
557.746: [GC (Allocation Failure) 31112K->435K(72832K), 0.0002150 secs]
557.763: [GC (Allocation Failure) 30135K->435K(71872K), 0.0002120 secs]
557.905: [GC (Allocation Failure) 29158K->435K(70976K), 0.0002740 secs]
557.963: [GC (Allocation Failure) 28279K->435K(70144K), 0.0002250 secs]
557.975: [GC (Allocation Failure) 27498K->435K(69312K), 0.0002060 secs]
557.990: [GC (Allocation Failure) 26619K->435K(68544K), 0.0002150 secs]
558.002: [GC (Allocation Failure) 25838K->435K(73664K), 0.0002180 secs]
558.015: [GC (Allocation Failure) 31014K->435K(79808K), 0.0002150 secs]
558.036: [GC (Allocation Failure) 37168K->435K(87168K), 0.0002080 secs]
558.059: [GC (Allocation Failure) 44493K->435K(96000K), 0.0002210 secs]
558.086: [GC (Allocation Failure) 53287K->435K(94016K), 0.0002240 secs]
558.147: [GC (Allocation Failure) 51334K->435K(92096K), 0.0002170 secs]
558.172: [GC (Allocation Failure) 49377K->435K(90304K), 0.0002040 secs]
558.197: [GC (Allocation Failure) 47618K->435K(88576K), 0.0002130 secs]
558.271: [GC (Allocation Failure) 45860K->435K(86912K), 0.0002770 secs]
558.324: [GC (Allocation Failure) 44200K->435K(85312K), 0.0002140 secs]
558.343: [GC (Allocation Failure) 42637K->435K(83840K), 0.0002320 secs]
558.361: [GC (Allocation Failure) 41172K->435K(82432K), 0.0002240 secs]
558.382: [GC (Allocation Failure) 39707K->435K(81088K), 0.0002030 secs]
558.402: [GC (Allocation Failure) 38437K->435K(79808K), 0.0002100 secs]
558.438: [GC (Allocation Failure) 37168K->435K(78592K), 0.0002100 secs]
558.521: [GC (Allocation Failure) 35898K->435K(77376K), 0.0002200 secs]
558.540: [GC (Allocation Failure) 34726K->435K(76224K), 0.0002150 secs]
558.559: [GC (Allocation Failure) 33554K->435K(75136K), 0.0002140 secs]
558.573: [GC (Allocation Failure) 32479K->435K(74112K), 0.0002720 secs]
558.610: [GC (Allocation Failure) 31405K->435K(73152K), 0.0002070 secs]
558.632: [GC (Allocation Failure) 30428K->435K(72192K), 0.0002410 secs]
558.645: [GC (Allocation Failure) 29549K->435K(71296K), 0.0002380 secs]
558.669: [GC (Allocation Failure) 28572K->435K(76992K), 0.0002870 secs]
558.721: [GC (Allocation Failure) 34335K->435K(75904K), 0.0002030 secs]
558.735: [GC (Allocation Failure) 33261K->435K(74816K), 0.0002170 secs]
558.752: [GC (Allocation Failure) 32089K->435K(73792K), 0.0002090 secs]
558.766: [GC (Allocation Failure) 31112K->435K(79936K), 0.0002160 secs]
558.818: [GC (Allocation Failure) 37265K->435K(78656K), 0.0002170 secs]
558.868: [GC (Allocation Failure) 35996K->435K(77440K), 0.0002160 secs]
558.921: [GC (Allocation Failure) 34726K->435K(76288K), 0.0002240 secs]
558.940: [GC (Allocation Failure) 33554K->435K(75200K), 0.0002150 secs]
558.954: [GC (Allocation Failure) 32479K->435K(74176K), 0.0002160 secs]
558.972: [GC (Allocation Failure) 31503K->435K(73152K), 0.0002030 secs]
558.989: [GC (Allocation Failure) 30428K->435K(72192K), 0.0002240 secs]
559.002: [GC (Allocation Failure) 29549K->435K(78016K), 0.0002280 secs]
559.017: [GC (Allocation Failure) 35312K->435K(85056K), 0.0002150 secs]
559.035: [GC (Allocation Failure) 42344K->435K(93504K), 0.0003860 secs]
559.061: [GC (Allocation Failure) 50846K->435K(103616K), 0.0002740 secs]
559.092: [GC (Allocation Failure) 60906K->435K(115776K), 0.0002140 secs]
559.123: [GC (Allocation Failure) 73115K->435K(112832K), 0.0002160 secs]
559.157: [GC (Allocation Failure) 70185K->435K(110016K), 0.0002100 secs]
559.236: [GC (Allocation Failure) 67352K->435K(107328K), 0.0002050 secs]
559.268: [GC (Allocation Failure) 64617K->435K(104768K), 0.0002120 secs]
559.299: [GC (Allocation Failure) 62078K->435K(102336K), 0.0002030 secs]
559.325: [GC (Allocation Failure) 59636K->435K(100032K), 0.0002160 secs]
559.350: [GC (Allocation Failure) 57390K->435K(97856K), 0.0002050 secs]
559.377: [GC (Allocation Failure) 55143K->435K(95744K), 0.0002130 secs]
559.403: [GC (Allocation Failure) 53092K->435K(93760K), 0.0002040 secs]
559.425: [GC (Allocation Failure) 51041K->435K(91840K), 0.0002150 secs]
559.478: [GC (Allocation Failure) 49181K->435K(90048K), 0.0002230 secs]
559.499: [GC (Allocation Failure) 47325K->435K(88320K), 0.0002760 secs]
559.527: [GC (Allocation Failure) 45665K->435K(86656K), 0.0002190 secs]
559.546: [GC (Allocation Failure) 44005K->435K(85120K), 0.0002050 secs]
559.568: [GC (Allocation Failure) 42442K->435K(83648K), 0.0002030 secs]
559.590: [GC (Allocation Failure) 40977K->435K(82240K), 0.0002240 secs]
559.644: [GC (Allocation Failure) 39512K->435K(80896K), 0.0002150 secs]
559.665: [GC (Allocation Failure) 38242K->435K(79616K), 0.0002140 secs]
559.721: [GC (Allocation Failure) 36972K->435K(78400K), 0.0002040 secs]
559.740: [GC (Allocation Failure) 35702K->435K(77248K), 0.0002080 secs]
559.759: [GC (Allocation Failure) 34530K->435K(76096K), 0.0002110 secs]
559.774: [GC (Allocation Failure) 33456K->435K(75008K), 0.0002160 secs]
559.792: [GC (Allocation Failure) 32284K->435K(73984K), 0.0002020 secs]
559.806: [GC (Allocation Failure) 31307K->435K(80192K), 0.0002180 secs]
559.913: [GC (Allocation Failure) 37461K->435K(78912K), 0.0002260 secs]
559.929: [GC (Allocation Failure) 36191K->435K(77696K), 0.0002170 secs]
559.969: [GC (Allocation Failure) 35019K->435K(76544K), 0.0002190 secs]
560.019: [GC (Allocation Failure) 33847K->435K(75456K), 0.0002260 secs]
560.033: [GC (Allocation Failure) 32772K->435K(74432K), 0.0002130 secs]
560.050: [GC (Allocation Failure) 31698K->435K(73408K), 0.0002240 secs]
560.117: [GC (Allocation Failure) 30721K->435K(72448K), 0.0002110 secs]
560.267: [GC (Allocation Failure) 29745K->435K(71552K), 0.0002060 secs]
560.317: [GC (Allocation Failure) 28865K->435K(70656K), 0.0002710 secs]
560.332: [GC (Allocation Failure) 27986K->435K(69824K), 0.0002160 secs]
560.352: [GC (Allocation Failure) 27107K->435K(68992K), 0.0002120 secs]
560.367: [GC (Allocation Failure) 26326K->435K(68224K), 0.0002040 secs]
560.382: [GC (Allocation Failure) 25545K->435K(67520K), 0.0002320 secs]
560.394: [GC (Allocation Failure) 24857K->435K(72448K), 0.0002630 secs]
560.411: [GC (Allocation Failure) 29745K->435K(78336K), 0.0002130 secs]
560.440: [GC (Allocation Failure) 35605K->435K(85440K), 0.0002130 secs]
560.458: [GC (Allocation Failure) 42735K->435K(93952K), 0.0002060 secs]
560.484: [GC (Allocation Failure) 51236K->435K(92032K), 0.0002170 secs]
560.542: [GC (Allocation Failure) 49377K->435K(90240K), 0.0002050 secs]
560.577: [GC (Allocation Failure) 47521K->435K(88512K), 0.0002110 secs]
560.601: [GC (Allocation Failure) 45860K->435K(86848K), 0.0002320 secs]
560.624: [GC (Allocation Failure) 44200K->435K(85312K), 0.0002170 secs]
560.646: [GC (Allocation Failure) 42637K->435K(83840K), 0.0002160 secs]
560.669: [GC (Allocation Failure) 41172K->435K(82432K), 0.0002120 secs]
560.742: [GC (Allocation Failure) 39707K->435K(81088K), 0.0002170 secs]
560.764: [GC (Allocation Failure) 38437K->435K(79808K), 0.0002180 secs]
560.780: [GC (Allocation Failure) 37168K->435K(78592K), 0.0002040 secs]
560.820: [GC (Allocation Failure) 35898K->435K(77376K), 0.0002160 secs]
560.844: [GC (Allocation Failure) 34726K->435K(76224K), 0.0002210 secs]
560.862: [GC (Allocation Failure) 33554K->435K(75136K), 0.0002050 secs]
560.877: [GC (Allocation Failure) 32479K->435K(74112K), 0.0002200 secs]
560.923: [GC (Allocation Failure) 31405K->435K(73152K), 0.0002440 secs]
560.941: [GC (Allocation Failure) 30428K->435K(72192K), 0.0002310 secs]
560.954: [GC (Allocation Failure) 29549K->435K(78016K), 0.0002730 secs]
560.970: [GC (Allocation Failure) 35312K->435K(85056K), 0.0002200 secs]
561.128: [GC (Allocation Failure) 42344K->435K(83584K), 0.0002430 secs]
561.146: [GC (Allocation Failure) 40879K->435K(82176K), 0.0002210 secs]
561.167: [GC (Allocation Failure) 39512K->435K(80832K), 0.0002250 secs]
561.226: [GC (Allocation Failure) 38144K->435K(79552K), 0.0002130 secs]
561.246: [GC (Allocation Failure) 36875K->435K(78336K), 0.0002120 secs]
561.275: [GC (Allocation Failure) 35605K->435K(77184K), 0.0002190 secs]
561.294: [GC (Allocation Failure) 34530K->435K(76032K), 0.0002110 secs]
561.312: [GC (Allocation Failure) 33358K->435K(74944K), 0.0002020 secs]
561.326: [GC (Allocation Failure) 32284K->435K(73920K), 0.0002150 secs]
561.340: [GC (Allocation Failure) 31210K->435K(80128K), 0.0002030 secs]
561.356: [GC (Allocation Failure) 37461K->435K(87552K), 0.0002080 secs]
561.375: [GC (Allocation Failure) 44884K->435K(96448K), 0.0002040 secs]
561.429: [GC (Allocation Failure) 53776K->435K(94400K), 0.0002150 secs]
561.451: [GC (Allocation Failure) 51725K->435K(92480K), 0.0002040 secs]
561.527: [GC (Allocation Failure) 49767K->435K(90624K), 0.0002070 secs]
561.577: [GC (Allocation Failure) 47911K->435K(88896K), 0.0002060 secs]
561.645: [GC (Allocation Failure) 46251K->435K(87232K), 0.0002180 secs]
561.668: [GC (Allocation Failure) 44591K->435K(85632K), 0.0002240 secs]
561.729: [GC (Allocation Failure) 42930K->435K(84096K), 0.0002200 secs]
561.751: [GC (Allocation Failure) 41367K->435K(82624K), 0.0002130 secs]
561.827: [GC (Allocation Failure) 39902K->435K(81280K), 0.0002050 secs]
561.848: [GC (Allocation Failure) 38633K->435K(80000K), 0.0002050 secs]
561.864: [GC (Allocation Failure) 37363K->435K(78720K), 0.0002170 secs]
561.883: [GC (Allocation Failure) 35996K->435K(77504K), 0.0002210 secs]
561.976: [GC (Allocation Failure) 34823K->435K(76352K), 0.0002230 secs]
561.990: [GC (Allocation Failure) 33651K->435K(75264K), 0.0002190 secs]
562.004: [GC (Allocation Failure) 32577K->435K(74240K), 0.0002050 secs]
562.040: [GC (Allocation Failure) 31600K->435K(73216K), 0.0002750 secs]
562.057: [GC (Allocation Failure) 30526K->435K(72256K), 0.0002130 secs]
562.123: [GC (Allocation Failure) 29549K->435K(71360K), 0.0002180 secs]
562.140: [GC (Allocation Failure) 28670K->435K(70464K), 0.0002320 secs]
562.152: [GC (Allocation Failure) 27791K->435K(75968K), 0.0002170 secs]
562.171: [GC (Allocation Failure) 33261K->435K(82560K), 0.0002220 secs]
562.274: [GC (Allocation Failure) 39902K->435K(81216K), 0.0002160 secs]
562.295: [GC (Allocation Failure) 38535K->435K(79936K), 0.0002120 secs]
562.314: [GC (Allocation Failure) 37265K->435K(78656K), 0.0002150 secs]
562.330: [GC (Allocation Failure) 35996K->435K(77440K), 0.0002040 secs]
562.345: [GC (Allocation Failure) 34726K->435K(84352K), 0.0002160 secs]
562.367: [GC (Allocation Failure) 41660K->435K(82880K), 0.0002110 secs]
562.414: [GC (Allocation Failure) 40195K->435K(81472K), 0.0002050 secs]
562.435: [GC (Allocation Failure) 38828K->435K(80128K), 0.0002000 secs]
562.455: [GC (Allocation Failure) 37461K->435K(78848K), 0.0002040 secs]
562.473: [GC (Allocation Failure) 36191K->435K(77632K), 0.0002140 secs]
562.540: [GC (Allocation Failure) 34921K->435K(76480K), 0.0002410 secs]
562.558: [GC (Allocation Failure) 33749K->435K(75392K), 0.0002030 secs]
562.572: [GC (Allocation Failure) 32675K->435K(74368K), 0.0002040 secs]
562.594: [GC (Allocation Failure) 31698K->435K(73344K), 0.0002410 secs]
562.608: [GC (Allocation Failure) 30624K->435K(79424K), 0.0002130 secs]
562.632: [GC (Allocation Failure) 36777K->435K(78208K), 0.0002190 secs]
562.662: [GC (Allocation Failure) 35507K->435K(77056K), 0.0002130 secs]
562.676: [GC (Allocation Failure) 34335K->435K(75904K), 0.0002000 secs]
562.695: [GC (Allocation Failure) 33261K->435K(82496K), 0.0002740 secs]
562.716: [GC (Allocation Failure) 39805K->435K(90432K), 0.0002220 secs]
562.745: [GC (Allocation Failure) 47716K->435K(88704K), 0.0002210 secs]
562.769: [GC (Allocation Failure) 46056K->435K(87040K), 0.0002120 secs]
562.851: [GC (Allocation Failure) 44395K->435K(85440K), 0.0002070 secs]
562.873: [GC (Allocation Failure) 42735K->435K(83968K), 0.0002060 secs]
562.891: [GC (Allocation Failure) 41270K->435K(82560K), 0.0002190 secs]
562.926: [GC (Allocation Failure) 39902K->435K(81216K), 0.0002170 secs]
562.978: [GC (Allocation Failure) 38535K->435K(79936K), 0.0002240 secs]
562.998: [GC (Allocation Failure) 37265K->435K(78656K), 0.0002120 secs]
563.028: [GC (Allocation Failure) 35996K->435K(77440K), 0.0002020 secs]
563.046: [GC (Allocation Failure) 34726K->435K(76288K), 0.0002040 secs]
563.135: [GC (Allocation Failure) 33554K->435K(75200K), 0.0003230 secs]
563.222: [GC (Allocation Failure) 32479K->435K(74176K), 0.0002290 secs]
563.241: [GC (Allocation Failure) 31503K->435K(73152K), 0.0002680 secs]
563.265: [GC (Allocation Failure) 30428K->435K(72192K), 0.0002150 secs]
563.282: [GC (Allocation Failure) 29549K->435K(71296K), 0.0002020 secs]
563.325: [GC (Allocation Failure) 28572K->435K(70400K), 0.0002070 secs]
563.341: [GC (Allocation Failure) 27693K->435K(69568K), 0.0002130 secs]
563.356: [GC (Allocation Failure) 26912K->435K(68800K), 0.0002020 secs]
563.371: [GC (Allocation Failure) 26131K->435K(68032K), 0.0002190 secs]
563.386: [GC (Allocation Failure) 25349K->435K(73024K), 0.0002130 secs]
563.399: [GC (Allocation Failure) 30331K->435K(79040K), 0.0002760 secs]
563.478: [GC (Allocation Failure) 36386K->435K(77824K), 0.0002120 secs]
563.498: [GC (Allocation Failure) 35116K->435K(76672K), 0.0002090 secs]
563.517: [GC (Allocation Failure) 33944K->435K(75584K), 0.0002530 secs]
563.532: [GC (Allocation Failure) 32870K->435K(82112K), 0.0002070 secs]
563.548: [GC (Allocation Failure) 39414K->435K(89920K), 0.0002160 secs]
563.569: [GC (Allocation Failure) 47228K->435K(99328K), 0.0002230 secs]
563.593: [GC (Allocation Failure) 56608K->435K(97152K), 0.0002030 secs]
563.653: [GC (Allocation Failure) 54459K->435K(95104K), 0.0002140 secs]
563.676: [GC (Allocation Failure) 52408K->435K(93120K), 0.0002040 secs]
563.735: [GC (Allocation Failure) 50455K->435K(91264K), 0.0002140 secs]
563.759: [GC (Allocation Failure) 48595K->435K(89472K), 0.0002000 secs]
563.779: [GC (Allocation Failure) 46739K->435K(87808K), 0.0002060 secs]
563.829: [GC (Allocation Failure) 45079K->435K(86208K), 0.0002290 secs]
563.882: [GC (Allocation Failure) 43516K->435K(84672K), 0.0002160 secs]
563.904: [GC (Allocation Failure) 41953K->435K(83200K), 0.0002220 secs]
563.922: [GC (Allocation Failure) 40488K->435K(81792K), 0.0002030 secs]
563.942: [GC (Allocation Failure) 39121K->435K(80448K), 0.0002220 secs]
564.029: [GC (Allocation Failure) 37754K->435K(79168K), 0.0001740 secs]
564.049: [GC (Allocation Failure) 36484K->435K(77952K), 0.0003390 secs]
564.068: [GC (Allocation Failure) 35312K->435K(76800K), 0.0002190 secs]
564.088: [GC (Allocation Failure) 34140K->435K(75712K), 0.0002290 secs]
564.128: [GC (Allocation Failure) 33065K->435K(74624K), 0.0002780 secs]
564.142: [GC (Allocation Failure) 31893K->435K(80960K), 0.0002730 secs]
564.176: [GC (Allocation Failure) 38242K->435K(79680K), 0.0002070 secs]
564.326: [GC (Allocation Failure) 36972K->435K(78464K), 0.0002050 secs]
564.376: [GC (Allocation Failure) 35800K->435K(77312K), 0.0002060 secs]
564.416: [GC (Allocation Failure) 34628K->435K(76160K), 0.0002280 secs]
564.431: [GC (Allocation Failure) 33456K->435K(75072K), 0.0002030 secs]
564.454: [GC (Allocation Failure) 32382K->435K(74048K), 0.0002200 secs]
564.472: [GC (Allocation Failure) 31405K->435K(73088K), 0.0002040 secs]
564.489: [GC (Allocation Failure) 30428K->435K(72128K), 0.0002180 secs]
564.506: [GC (Allocation Failure) 29451K->435K(71232K), 0.0002030 secs]
564.523: [GC (Allocation Failure) 28572K->435K(70400K), 0.0002330 secs]
564.535: [GC (Allocation Failure) 27693K->435K(75904K), 0.0002060 secs]
564.603: [GC (Allocation Failure) 33261K->435K(74816K), 0.0002270 secs]
564.633: [GC (Allocation Failure) 32089K->435K(73792K), 0.0002180 secs]
564.647: [GC (Allocation Failure) 31112K->435K(72832K), 0.0002200 secs]
564.664: [GC (Allocation Failure) 30135K->435K(71872K), 0.0002110 secs]
564.727: [GC (Allocation Failure) 29158K->435K(70976K), 0.0002090 secs]
564.743: [GC (Allocation Failure) 28279K->435K(70144K), 0.0002130 secs]
564.759: [GC (Allocation Failure) 27498K->435K(69312K), 0.0002050 secs]
564.772: [GC (Allocation Failure) 26619K->435K(74560K), 0.0002300 secs]
564.790: [GC (Allocation Failure) 31893K->435K(80896K), 0.0002010 secs]
564.810: [GC (Allocation Failure) 38242K->435K(88512K), 0.0002220 secs]
564.880: [GC (Allocation Failure) 45860K->435K(86848K), 0.0002030 secs]
564.930: [GC (Allocation Failure) 44200K->435K(85312K), 0.0002150 secs]
564.983: [GC (Allocation Failure) 42637K->435K(83840K), 0.0002220 secs]
565.004: [GC (Allocation Failure) 41172K->435K(82432K), 0.0002020 secs]
565.022: [GC (Allocation Failure) 39707K->435K(81088K), 0.0002160 secs]
565.038: [GC (Allocation Failure) 38437K->435K(79808K), 0.0002040 secs]
565.134: [GC (Allocation Failure) 37168K->435K(78592K), 0.0002420 secs]
565.154: [GC (Allocation Failure) 35898K->435K(77376K), 0.0002150 secs]
565.174: [GC (Allocation Failure) 34726K->435K(76224K), 0.0002150 secs]
565.193: [GC (Allocation Failure) 33554K->435K(75136K), 0.0002280 secs]
565.208: [GC (Allocation Failure) 32479K->435K(81600K), 0.0002640 secs]
565.229: [GC (Allocation Failure) 38926K->435K(80256K), 0.0002020 secs]
565.246: [GC (Allocation Failure) 37558K->435K(78976K), 0.0002180 secs]
565.262: [GC (Allocation Failure) 36289K->435K(86208K), 0.0002060 secs]
565.330: [GC (Allocation Failure) 43516K->435K(84672K), 0.0002170 secs]
565.348: [GC (Allocation Failure) 41953K->435K(83200K), 0.0002170 secs]
565.369: [GC (Allocation Failure) 40488K->435K(81792K), 0.0002110 secs]
565.412: [GC (Allocation Failure) 39121K->435K(80448K), 0.0002140 secs]
565.428: [GC (Allocation Failure) 37754K->435K(79168K), 0.0002140 secs]
565.477: [GC (Allocation Failure) 36484K->435K(77952K), 0.0002140 secs]
565.496: [GC (Allocation Failure) 35312K->435K(76800K), 0.0002110 secs]
565.515: [GC (Allocation Failure) 34140K->435K(75712K), 0.0002010 secs]
565.530: [GC (Allocation Failure) 33065K->435K(82240K), 0.0003220 secs]
565.583: [GC (Allocation Failure) 39512K->435K(80896K), 0.0002410 secs]
565.604: [GC (Allocation Failure) 38242K->435K(79616K), 0.0002190 secs]
565.631: [GC (Allocation Failure) 36972K->435K(78400K), 0.0003180 secs]
565.650: [GC (Allocation Failure) 35702K->435K(77248K), 0.0002110 secs]
565.669: [GC (Allocation Failure) 34530K->435K(76096K), 0.0002140 secs]
565.746: [GC (Allocation Failure) 33456K->435K(75008K), 0.0002260 secs]
565.762: [GC (Allocation Failure) 32284K->435K(73984K), 0.0002070 secs]
565.776: [GC (Allocation Failure) 31307K->435K(73024K), 0.0002060 secs]
565.829: [GC (Allocation Failure) 30331K->435K(72064K), 0.0002220 secs]
565.842: [GC (Allocation Failure) 29354K->435K(77888K), 0.0003230 secs]
565.870: [GC (Allocation Failure) 35214K->435K(84864K), 0.0002190 secs]
565.892: [GC (Allocation Failure) 42149K->435K(83392K), 0.0002050 secs]
565.910: [GC (Allocation Failure) 40684K->435K(81984K), 0.0002060 secs]
565.931: [GC (Allocation Failure) 39316K->435K(80640K), 0.0002020 secs]
565.947: [GC (Allocation Failure) 37949K->435K(79360K), 0.0002050 secs]
565.963: [GC (Allocation Failure) 36679K->435K(86656K), 0.0002030 secs]
566.085: [GC (Allocation Failure) 44005K->435K(85120K), 0.0002140 secs]
566.103: [GC (Allocation Failure) 42442K->435K(83648K), 0.0002130 secs]
566.121: [GC (Allocation Failure) 40977K->435K(82240K), 0.0002020 secs]
566.183: [GC (Allocation Failure) 39512K->435K(80896K), 0.0002180 secs]
566.204: [GC (Allocation Failure) 38242K->435K(79616K), 0.0002040 secs]
566.220: [GC (Allocation Failure) 36972K->435K(78400K), 0.0002730 secs]
566.332: [GC (Allocation Failure) 35702K->435K(77248K), 0.0002240 secs]
566.351: [GC (Allocation Failure) 34530K->435K(76096K), 0.0002260 secs]
566.366: [GC (Allocation Failure) 33456K->435K(75008K), 0.0002040 secs]
566.431: [GC (Allocation Failure) 32284K->435K(73984K), 0.0002120 secs]
566.445: [GC (Allocation Failure) 31307K->435K(73024K), 0.0002040 secs]
566.462: [GC (Allocation Failure) 30331K->435K(79040K), 0.0002760 secs]
566.478: [GC (Allocation Failure) 36386K->435K(86272K), 0.0002210 secs]
566.540: [GC (Allocation Failure) 43614K->435K(84736K), 0.0002310 secs]
566.562: [GC (Allocation Failure) 42051K->435K(83264K), 0.0002020 secs]
566.585: [GC (Allocation Failure) 40586K->435K(81856K), 0.0002050 secs]
566.606: [GC (Allocation Failure) 39219K->435K(80512K), 0.0002040 secs]
566.626: [GC (Allocation Failure) 37851K->435K(79232K), 0.0002120 secs]
566.642: [GC (Allocation Failure) 36582K->435K(78016K), 0.0002050 secs]
566.664: [GC (Allocation Failure) 35312K->435K(76864K), 0.0002170 secs]
566.682: [GC (Allocation Failure) 34140K->435K(75776K), 0.0001990 secs]
566.711: [GC (Allocation Failure) 33065K->435K(74688K), 0.0002740 secs]
566.731: [GC (Allocation Failure) 31991K->435K(73664K), 0.0002150 secs]
566.749: [GC (Allocation Failure) 31014K->435K(72704K), 0.0002240 secs]
566.764: [GC (Allocation Failure) 30038K->435K(78656K), 0.0002120 secs]
566.853: [GC (Allocation Failure) 35996K->435K(77440K), 0.0002260 secs]
566.872: [GC (Allocation Failure) 34726K->435K(76288K), 0.0002050 secs]
566.891: [GC (Allocation Failure) 33554K->435K(75200K), 0.0002130 secs]
566.943: [GC (Allocation Failure) 32479K->435K(74176K), 0.0002080 secs]
566.956: [GC (Allocation Failure) 31503K->435K(73152K), 0.0002260 secs]
566.970: [GC (Allocation Failure) 30428K->435K(79168K), 0.0002130 secs]
566.985: [GC (Allocation Failure) 36484K->435K(86400K), 0.0002030 secs]
567.004: [GC (Allocation Failure) 43712K->435K(95104K), 0.0002030 secs]
567.030: [GC (Allocation Failure) 52408K->435K(93120K), 0.0002150 secs]
567.089: [GC (Allocation Failure) 50455K->435K(91264K), 0.0002050 secs]
567.114: [GC (Allocation Failure) 48595K->435K(89472K), 0.0002100 secs]
567.135: [GC (Allocation Failure) 46739K->435K(87808K), 0.0002060 secs]
567.237: [GC (Allocation Failure) 45079K->435K(86208K), 0.0002130 secs]
567.260: [GC (Allocation Failure) 43516K->435K(84672K), 0.0002020 secs]
567.332: [GC (Allocation Failure) 41953K->435K(83200K), 0.0002730 secs]
567.386: [GC (Allocation Failure) 40488K->435K(81792K), 0.0002220 secs]
567.403: [GC (Allocation Failure) 39121K->435K(80448K), 0.0002200 secs]
567.423: [GC (Allocation Failure) 37754K->435K(79168K), 0.0002110 secs]
567.443: [GC (Allocation Failure) 36484K->435K(77952K), 0.0002190 secs]
567.534: [GC (Allocation Failure) 35312K->435K(76800K), 0.0002220 secs]
567.553: [GC (Allocation Failure) 34140K->435K(75712K), 0.0002150 secs]
567.579: [GC (Allocation Failure) 33065K->435K(74624K), 0.0002720 secs]
567.628: [GC (Allocation Failure) 31893K->435K(73600K), 0.0002060 secs]
567.654: [GC (Allocation Failure) 30917K->435K(72640K), 0.0002150 secs]
567.667: [GC (Allocation Failure) 29940K->435K(78592K), 0.0003270 secs]
567.750: [GC (Allocation Failure) 35898K->435K(77376K), 0.0002290 secs]
567.765: [GC (Allocation Failure) 34726K->435K(76224K), 0.0002150 secs]
567.833: [GC (Allocation Failure) 33554K->435K(75136K), 0.0002150 secs]
567.848: [GC (Allocation Failure) 32479K->435K(81600K), 0.0003230 secs]
567.882: [GC (Allocation Failure) 38926K->435K(80256K), 0.0002190 secs]
567.935: [GC (Allocation Failure) 37558K->435K(78976K), 0.0002230 secs]
567.954: [GC (Allocation Failure) 36289K->435K(77760K), 0.0002200 secs]
567.996: [GC (Allocation Failure) 35116K->435K(76608K), 0.0002130 secs]
568.023: [GC (Allocation Failure) 33944K->435K(75520K), 0.0002150 secs]
568.053: [GC (Allocation Failure) 32870K->435K(74496K), 0.0002270 secs]
568.071: [GC (Allocation Failure) 31796K->435K(73472K), 0.0002120 secs]
568.129: [GC (Allocation Failure) 30819K->435K(72512K), 0.0002270 secs]
568.142: [GC (Allocation Failure) 29842K->435K(71616K), 0.0002060 secs]
568.158: [GC (Allocation Failure) 28963K->435K(70720K), 0.0002120 secs]
568.181: [GC (Allocation Failure) 27986K->435K(69888K), 0.0002760 secs]
568.193: [GC (Allocation Failure) 27205K->435K(75264K), 0.0002200 secs]
568.234: [GC (Allocation Failure) 32577K->435K(74240K), 0.0002410 secs]
568.252: [GC (Allocation Failure) 31600K->435K(73216K), 0.0002140 secs]
568.265: [GC (Allocation Failure) 30526K->435K(79296K), 0.0002200 secs]
568.341: [GC (Allocation Failure) 36582K->435K(78080K), 0.0002950 secs]
568.357: [GC (Allocation Failure) 35409K->435K(76928K), 0.0002300 secs]
568.376: [GC (Allocation Failure) 34237K->435K(75840K), 0.0002130 secs]
568.394: [GC (Allocation Failure) 33163K->435K(74752K), 0.0002150 secs]
568.408: [GC (Allocation Failure) 32089K->435K(81088K), 0.0002250 secs]
568.425: [GC (Allocation Failure) 38437K->435K(88704K), 0.0002030 secs]
568.486: [GC (Allocation Failure) 46056K->435K(87040K), 0.0002230 secs]
568.509: [GC (Allocation Failure) 44395K->435K(85440K), 0.0002570 secs]
568.538: [GC (Allocation Failure) 42735K->435K(83968K), 0.0002220 secs]
568.556: [GC (Allocation Failure) 41270K->435K(82560K), 0.0002190 secs]
568.578: [GC (Allocation Failure) 39902K->435K(81216K), 0.0002120 secs]
568.597: [GC (Allocation Failure) 38535K->435K(79936K), 0.0002240 secs]
568.613: [GC (Allocation Failure) 37265K->435K(78656K), 0.0002030 secs]
568.631: [GC (Allocation Failure) 35996K->435K(77440K), 0.0002130 secs]
568.646: [GC (Allocation Failure) 34726K->435K(84352K), 0.0002030 secs]
568.666: [GC (Allocation Failure) 41660K->435K(82880K), 0.0002080 secs]
568.688: [GC (Allocation Failure) 40195K->435K(81472K), 0.0002160 secs]
568.733: [GC (Allocation Failure) 38828K->435K(80128K), 0.0002130 secs]
568.749: [GC (Allocation Failure) 37461K->435K(78848K), 0.0002000 secs]
568.786: [GC (Allocation Failure) 36191K->435K(77632K), 0.0002190 secs]
568.805: [GC (Allocation Failure) 34921K->435K(76480K), 0.0002060 secs]
568.823: [GC (Allocation Failure) 33749K->435K(75392K), 0.0002000 secs]
568.839: [GC (Allocation Failure) 32675K->435K(74368K), 0.0002060 secs]
568.906: [GC (Allocation Failure) 31698K->435K(73344K), 0.0002060 secs]
568.934: [GC (Allocation Failure) 30624K->435K(72384K), 0.0002170 secs]
568.951: [GC (Allocation Failure) 29745K->435K(71488K), 0.0002740 secs]
568.964: [GC (Allocation Failure) 28768K->435K(77184K), 0.0002310 secs]
568.978: [GC (Allocation Failure) 34530K->435K(84032K), 0.0002050 secs]
569.034: [GC (Allocation Failure) 41367K->435K(82624K), 0.0002140 secs]
569.055: [GC (Allocation Failure) 39902K->435K(90560K), 0.0003410 secs]
569.091: [GC (Allocation Failure) 47911K->435K(88832K), 0.0002030 secs]
569.111: [GC (Allocation Failure) 46153K->435K(87168K), 0.0002040 secs]
569.140: [GC (Allocation Failure) 44493K->435K(85568K), 0.0002220 secs]
569.163: [GC (Allocation Failure) 42930K->435K(84032K), 0.0002110 secs]
569.189: [GC (Allocation Failure) 41367K->435K(82624K), 0.0002060 secs]
569.206: [GC (Allocation Failure) 39902K->435K(81280K), 0.0002130 secs]
569.223: [GC (Allocation Failure) 38633K->435K(80000K), 0.0002140 secs]
569.241: [GC (Allocation Failure) 37363K->435K(78720K), 0.0002030 secs]
569.283: [GC (Allocation Failure) 35996K->435K(77504K), 0.0002780 secs]
569.332: [GC (Allocation Failure) 34823K->435K(76352K), 0.0002280 secs]
569.346: [GC (Allocation Failure) 33651K->435K(75264K), 0.0002160 secs]
569.385: [GC (Allocation Failure) 32577K->435K(74240K), 0.0002130 secs]
569.403: [GC (Allocation Failure) 31600K->435K(73216K), 0.0002090 secs]
569.416: [GC (Allocation Failure) 30526K->435K(72256K), 0.0002190 secs]
569.530: [GC (Allocation Failure) 29549K->435K(71360K), 0.0002180 secs]
569.580: [GC (Allocation Failure) 28670K->435K(70464K), 0.0002130 secs]
569.596: [GC (Allocation Failure) 27791K->435K(69632K), 0.0002010 secs]
569.629: [GC (Allocation Failure) 26912K->435K(68864K), 0.0002710 secs]
569.683: [GC (Allocation Failure) 26131K->435K(68096K), 0.0002230 secs]
569.694: [GC (Allocation Failure) 25447K->435K(67392K), 0.0002200 secs]
569.708: [GC (Allocation Failure) 24662K->435K(66688K), 0.0002120 secs]
569.728: [GC (Allocation Failure) 23978K->435K(71424K), 0.0003960 secs]
569.788: [GC (Allocation Failure) 28768K->435K(70528K), 0.0002180 secs]
569.804: [GC (Allocation Failure) 27889K->435K(76032K), 0.0002200 secs]
569.836: [GC (Allocation Failure) 33358K->435K(74944K), 0.0002120 secs]
569.850: [GC (Allocation Failure) 32284K->435K(73920K), 0.0002170 secs]
569.885: [GC (Allocation Failure) 31210K->435K(72960K), 0.0002100 secs]
569.902: [GC (Allocation Failure) 30233K->435K(72000K), 0.0002160 secs]
569.915: [GC (Allocation Failure) 29354K->435K(77824K), 0.0002050 secs]
569.937: [GC (Allocation Failure) 35116K->435K(84800K), 0.0002490 secs]
569.959: [GC (Allocation Failure) 42149K->435K(83328K), 0.0002130 secs]
569.977: [GC (Allocation Failure) 40684K->435K(81920K), 0.0002120 secs]
569.994: [GC (Allocation Failure) 39219K->435K(89728K), 0.0002160 secs]
570.062: [GC (Allocation Failure) 47032K->435K(88000K), 0.0002170 secs]
570.085: [GC (Allocation Failure) 45274K->435K(86400K), 0.0002220 secs]
570.141: [GC (Allocation Failure) 43712K->435K(84864K), 0.0002200 secs]
570.163: [GC (Allocation Failure) 42149K->435K(83392K), 0.0002030 secs]
570.181: [GC (Allocation Failure) 40684K->435K(81984K), 0.0002150 secs]
570.202: [GC (Allocation Failure) 39316K->435K(80640K), 0.0002140 secs]
570.234: [GC (Allocation Failure) 37949K->435K(79360K), 0.0002150 secs]
570.250: [GC (Allocation Failure) 36679K->435K(78144K), 0.0002030 secs]
570.287: [GC (Allocation Failure) 35409K->435K(76992K), 0.0002110 secs]
570.306: [GC (Allocation Failure) 34335K->435K(75904K), 0.0002110 secs]
570.321: [GC (Allocation Failure) 33261K->435K(74816K), 0.0002530 secs]
570.338: [GC (Allocation Failure) 32089K->435K(73792K), 0.0002020 secs]
570.352: [GC (Allocation Failure) 31112K->435K(79936K), 0.0002280 secs]
570.368: [GC (Allocation Failure) 37265K->435K(87360K), 0.0002040 secs]
570.412: [GC (Allocation Failure) 44688K->435K(85760K), 0.0003340 secs]
570.463: [GC (Allocation Failure) 43028K->435K(84224K), 0.0002520 secs]
570.486: [GC (Allocation Failure) 41563K->435K(82752K), 0.0002350 secs]
570.504: [GC (Allocation Failure) 40098K->435K(81344K), 0.0002340 secs]
570.521: [GC (Allocation Failure) 38633K->435K(80000K), 0.0002050 secs]
570.538: [GC (Allocation Failure) 37363K->435K(78720K), 0.0001990 secs]
570.595: [GC (Allocation Failure) 35996K->435K(77504K), 0.0002150 secs]
570.630: [GC (Allocation Failure) 34823K->435K(76352K), 0.0002060 secs]
570.661: [GC (Allocation Failure) 33651K->435K(75264K), 0.0002730 secs]
570.736: [GC (Allocation Failure) 32577K->435K(74240K), 0.0002180 secs]
570.754: [GC (Allocation Failure) 31600K->435K(73216K), 0.0002290 secs]
570.767: [GC (Allocation Failure) 30526K->435K(72256K), 0.0002140 secs]
570.781: [GC (Allocation Failure) 29549K->435K(78144K), 0.0002150 secs]
570.834: [GC (Allocation Failure) 35409K->435K(76992K), 0.0002140 secs]
570.940: [GC (Allocation Failure) 34335K->435K(75904K), 0.0002420 secs]
570.955: [GC (Allocation Failure) 33261K->435K(74816K), 0.0002620 secs]
570.972: [GC (Allocation Failure) 32089K->435K(73792K), 0.0002160 secs]
571.037: [GC (Allocation Failure) 31112K->435K(72832K), 0.0002110 secs]
571.050: [GC (Allocation Failure) 30135K->435K(78784K), 0.0003230 secs]
571.089: [GC (Allocation Failure) 36093K->435K(77568K), 0.0002410 secs]
571.108: [GC (Allocation Failure) 34921K->435K(76416K), 0.0002110 secs]
571.127: [GC (Allocation Failure) 33749K->435K(75328K), 0.0002270 secs]
571.256: [GC (Allocation Failure) 32675K->435K(74304K), 0.0002170 secs]
571.274: [GC (Allocation Failure) 31600K->435K(73280K), 0.0002070 secs]
571.291: [GC (Allocation Failure) 30624K->435K(72320K), 0.0002380 secs]
571.333: [GC (Allocation Failure) 29647K->435K(71424K), 0.0002230 secs]
571.352: [GC (Allocation Failure) 28768K->435K(70528K), 0.0002820 secs]
571.364: [GC (Allocation Failure) 27889K->435K(76032K), 0.0002190 secs]
571.384: [GC (Allocation Failure) 33358K->435K(82624K), 0.0002270 secs]
571.405: [GC (Allocation Failure) 39902K->435K(81280K), 0.0002110 secs]
571.436: [GC (Allocation Failure) 38633K->435K(80000K), 0.0002160 secs]
571.585: [GC (Allocation Failure) 37363K->435K(78720K), 0.0002150 secs]
571.604: [GC (Allocation Failure) 35996K->435K(77504K), 0.0002230 secs]
571.635: [GC (Allocation Failure) 34823K->435K(76352K), 0.0002140 secs]
571.653: [GC (Allocation Failure) 33651K->435K(75264K), 0.0002180 secs]
571.670: [GC (Allocation Failure) 32577K->435K(74240K), 0.0001990 secs]
571.734: [GC (Allocation Failure) 31600K->435K(73216K), 0.0002720 secs]
571.883: [GC (Allocation Failure) 30526K->435K(72256K), 0.0002180 secs]
571.900: [GC (Allocation Failure) 29549K->435K(71360K), 0.0002140 secs]
571.916: [GC (Allocation Failure) 28670K->435K(70464K), 0.0002250 secs]
571.937: [GC (Allocation Failure) 27791K->435K(69632K), 0.0002030 secs]
571.952: [GC (Allocation Failure) 26912K->435K(68864K), 0.0002170 secs]
571.986: [GC (Allocation Failure) 26131K->435K(68096K), 0.0002060 secs]
571.997: [GC (Allocation Failure) 25447K->435K(73152K), 0.0002180 secs]
572.133: [GC (Allocation Failure) 30428K->435K(72192K), 0.0002030 secs]
572.188: [GC (Allocation Failure) 29549K->435K(71296K), 0.0002130 secs]
572.200: [GC (Allocation Failure) 28572K->435K(76992K), 0.0003230 secs]
572.235: [GC (Allocation Failure) 34335K->435K(75904K), 0.0002230 secs]
572.254: [GC (Allocation Failure) 33261K->435K(74816K), 0.0002170 secs]
572.285: [GC (Allocation Failure) 32089K->435K(73792K), 0.0002130 secs]
572.409: [GC (Allocation Failure) 31112K->435K(72832K), 0.0002120 secs]
572.438: [GC (Allocation Failure) 30135K->435K(71872K), 0.0002150 secs]
572.452: [GC (Allocation Failure) 29158K->435K(70976K), 0.0002220 secs]
572.473: [GC (Allocation Failure) 28279K->435K(70144K), 0.0002290 secs]
572.485: [GC (Allocation Failure) 27498K->435K(75584K), 0.0002170 secs]
572.586: [GC (Allocation Failure) 32870K->435K(74560K), 0.0002120 secs]
572.615: [GC (Allocation Failure) 31893K->435K(73536K), 0.0002840 secs]
572.639: [GC (Allocation Failure) 30819K->435K(72576K), 0.0002140 secs]
572.657: [GC (Allocation Failure) 29842K->435K(71680K), 0.0002080 secs]
572.670: [GC (Allocation Failure) 28963K->435K(77440K), 0.0002280 secs]
572.685: [GC (Allocation Failure) 34726K->435K(84352K), 0.0002270 secs]
572.743: [GC (Allocation Failure) 41660K->435K(82880K), 0.0002100 secs]
572.765: [GC (Allocation Failure) 40195K->435K(81472K), 0.0002040 secs]
572.786: [GC (Allocation Failure) 38828K->435K(80128K), 0.0002140 secs]
572.806: [GC (Allocation Failure) 37461K->435K(78848K), 0.0002120 secs]
572.822: [GC (Allocation Failure) 36191K->435K(77632K), 0.0002010 secs]
572.837: [GC (Allocation Failure) 34921K->435K(76480K), 0.0002050 secs]
572.852: [GC (Allocation Failure) 33749K->435K(83200K), 0.0002090 secs]
572.889: [GC (Allocation Failure) 40488K->435K(81792K), 0.0002080 secs]
572.958: [GC (Allocation Failure) 39121K->435K(80448K), 0.0002070 secs]
573.029: [GC (Allocation Failure) 37754K->435K(79168K), 0.0002270 secs]
573.050: [GC (Allocation Failure) 36484K->435K(77952K), 0.0002160 secs]
573.069: [GC (Allocation Failure) 35312K->435K(76800K), 0.0002130 secs]
573.088: [GC (Allocation Failure) 34140K->435K(75712K), 0.0002010 secs]
573.135: [GC (Allocation Failure) 33065K->435K(74624K), 0.0002730 secs]
573.186: [GC (Allocation Failure) 31893K->435K(73600K), 0.0002240 secs]
573.203: [GC (Allocation Failure) 30917K->435K(72640K), 0.0002160 secs]
573.335: [GC (Allocation Failure) 29940K->435K(71744K), 0.0002240 secs]
573.347: [GC (Allocation Failure) 29061K->435K(70848K), 0.0002040 secs]
573.363: [GC (Allocation Failure) 28182K->435K(70016K), 0.0002200 secs]
573.408: [GC (Allocation Failure) 27303K->435K(69184K), 0.0002210 secs]
573.423: [GC (Allocation Failure) 26521K->435K(68416K), 0.0002050 secs]
573.438: [GC (Allocation Failure) 25740K->435K(67648K), 0.0002020 secs]
573.453: [GC (Allocation Failure) 24955K->435K(72576K), 0.0002950 secs]
573.469: [GC (Allocation Failure) 29842K->435K(78528K), 0.0002400 secs]
573.488: [GC (Allocation Failure) 35800K->435K(85632K), 0.0003240 secs]
573.595: [GC (Allocation Failure) 42930K->435K(84096K), 0.0002180 secs]
573.617: [GC (Allocation Failure) 41367K->435K(82624K), 0.0002080 secs]
573.634: [GC (Allocation Failure) 39902K->435K(81280K), 0.0002250 secs]
573.651: [GC (Allocation Failure) 38633K->435K(88960K), 0.0002090 secs]
573.693: [GC (Allocation Failure) 46251K->435K(87296K), 0.0002290 secs]
573.896: [GC (Allocation Failure) 44591K->435K(85696K), 0.0002240 secs]
573.914: [GC (Allocation Failure) 43028K->435K(84160K), 0.0002770 secs]
573.991: [GC (Allocation Failure) 41465K->435K(82688K), 0.0002150 secs]
574.008: [GC (Allocation Failure) 40000K->435K(81344K), 0.0002050 secs]
574.024: [GC (Allocation Failure) 38633K->435K(80000K), 0.0002790 secs]
574.059: [GC (Allocation Failure) 37363K->435K(78720K), 0.0002790 secs]
574.080: [GC (Allocation Failure) 35996K->435K(77504K), 0.0002160 secs]
574.099: [GC (Allocation Failure) 34823K->435K(76352K), 0.0002140 secs]
574.114: [GC (Allocation Failure) 33651K->435K(75264K), 0.0002040 secs]
574.161: [GC (Allocation Failure) 32577K->435K(74240K), 0.0002140 secs]
574.178: [GC (Allocation Failure) 31600K->435K(73216K), 0.0002050 secs]
574.192: [GC (Allocation Failure) 30526K->435K(72256K), 0.0002190 secs]
574.237: [GC (Allocation Failure) 29549K->435K(71360K), 0.0002350 secs]
574.253: [GC (Allocation Failure) 28670K->435K(70464K), 0.0002120 secs]
574.265: [GC (Allocation Failure) 27791K->435K(75968K), 0.0002150 secs]
574.284: [GC (Allocation Failure) 33261K->435K(82560K), 0.0002170 secs]
574.413: [GC (Allocation Failure) 39902K->435K(81216K), 0.0002160 secs]
574.430: [GC (Allocation Failure) 38535K->435K(79936K), 0.0002030 secs]
574.446: [GC (Allocation Failure) 37265K->435K(78656K), 0.0002020 secs]
574.465: [GC (Allocation Failure) 35996K->435K(77440K), 0.0002090 secs]
574.540: [GC (Allocation Failure) 34726K->435K(76288K), 0.0002330 secs]
574.559: [GC (Allocation Failure) 33554K->435K(75200K), 0.0002020 secs]
574.589: [GC (Allocation Failure) 32479K->435K(74176K), 0.0002110 secs]
574.614: [GC (Allocation Failure) 31503K->435K(73152K), 0.0003720 secs]
574.633: [GC (Allocation Failure) 30428K->435K(72192K), 0.0002270 secs]
574.646: [GC (Allocation Failure) 29549K->435K(78016K), 0.0002820 secs]
574.661: [GC (Allocation Failure) 35312K->435K(85056K), 0.0002110 secs]
574.699: [GC (Allocation Failure) 42344K->435K(83584K), 0.0002280 secs]
574.718: [GC (Allocation Failure) 40879K->435K(91712K), 0.0003220 secs]
574.746: [GC (Allocation Failure) 48986K->435K(101440K), 0.0002170 secs]
574.775: [GC (Allocation Failure) 58757K->435K(99200K), 0.0002120 secs]
574.799: [GC (Allocation Failure) 56511K->435K(97024K), 0.0002040 secs]
574.869: [GC (Allocation Failure) 54362K->435K(94976K), 0.0002190 secs]
574.891: [GC (Allocation Failure) 52311K->435K(93056K), 0.0002010 secs]
574.913: [GC (Allocation Failure) 50357K->435K(91200K), 0.0002130 secs]
574.937: [GC (Allocation Failure) 48498K->435K(89408K), 0.0002220 secs]
574.969: [GC (Allocation Failure) 46739K->435K(87744K), 0.0002240 secs]
574.992: [GC (Allocation Failure) 45079K->435K(86144K), 0.0002160 secs]
575.011: [GC (Allocation Failure) 43419K->435K(84608K), 0.0002140 secs]
575.029: [GC (Allocation Failure) 41953K->435K(83136K), 0.0002140 secs]
575.050: [GC (Allocation Failure) 40488K->435K(81728K), 0.0002120 secs]
575.149: [GC (Allocation Failure) 39023K->435K(80384K), 0.0002030 secs]
575.169: [GC (Allocation Failure) 37656K->435K(79104K), 0.0002290 secs]
575.261: [GC (Allocation Failure) 36386K->435K(77888K), 0.0002220 secs]
575.340: [GC (Allocation Failure) 35214K->435K(76736K), 0.0002300 secs]
575.359: [GC (Allocation Failure) 34042K->435K(75648K), 0.0002150 secs]
575.375: [GC (Allocation Failure) 32968K->435K(74560K), 0.0002010 secs]
575.389: [GC (Allocation Failure) 31893K->435K(73536K), 0.0002040 secs]
575.402: [GC (Allocation Failure) 30819K->435K(72576K), 0.0002050 secs]
575.438: [GC (Allocation Failure) 29842K->435K(71680K), 0.0002130 secs]
575.454: [GC (Allocation Failure) 28963K->435K(70784K), 0.0002010 secs]
575.491: [GC (Allocation Failure) 28084K->435K(69952K), 0.0002070 secs]
575.507: [GC (Allocation Failure) 27303K->435K(69120K), 0.0002110 secs]
575.519: [GC (Allocation Failure) 26424K->435K(74368K), 0.0002110 secs]
575.534: [GC (Allocation Failure) 31698K->435K(80640K), 0.0002040 secs]
575.646: [GC (Allocation Failure) 37949K->435K(79360K), 0.0002120 secs]
575.666: [GC (Allocation Failure) 36679K->435K(78144K), 0.0002020 secs]
575.681: [GC (Allocation Failure) 35409K->435K(76992K), 0.0002190 secs]
575.740: [GC (Allocation Failure) 34335K->435K(75904K), 0.0002130 secs]
575.754: [GC (Allocation Failure) 33261K->435K(82496K), 0.0002760 secs]
575.797: [GC (Allocation Failure) 39805K->435K(81152K), 0.0002110 secs]
575.818: [GC (Allocation Failure) 38437K->435K(79872K), 0.0002070 secs]
575.834: [GC (Allocation Failure) 37168K->435K(87232K), 0.0002730 secs]
575.884: [GC (Allocation Failure) 44591K->435K(85632K), 0.0002170 secs]
575.945: [GC (Allocation Failure) 42930K->435K(84096K), 0.0002280 secs]
575.963: [GC (Allocation Failure) 41367K->435K(82624K), 0.0002020 secs]
575.984: [GC (Allocation Failure) 39902K->435K(81280K), 0.0002220 secs]
576.046: [GC (Allocation Failure) 38633K->435K(80000K), 0.0001940 secs]
576.066: [GC (Allocation Failure) 37363K->435K(78720K), 0.0002180 secs]
576.096: [GC (Allocation Failure) 35996K->435K(77504K), 0.0002200 secs]
576.111: [GC (Allocation Failure) 34823K->435K(76352K), 0.0002070 secs]
576.127: [GC (Allocation Failure) 33651K->435K(75264K), 0.0002110 secs]
576.145: [GC (Allocation Failure) 32577K->435K(74240K), 0.0002280 secs]
576.244: [GC (Allocation Failure) 31600K->435K(73216K), 0.0002240 secs]
576.257: [GC (Allocation Failure) 30526K->435K(72256K), 0.0002190 secs]
576.274: [GC (Allocation Failure) 29549K->435K(71360K), 0.0002170 secs]
576.290: [GC (Allocation Failure) 28670K->435K(77056K), 0.0002130 secs]
576.309: [GC (Allocation Failure) 34335K->435K(83904K), 0.0002240 secs]
576.349: [GC (Allocation Failure) 41172K->435K(82496K), 0.0002140 secs]
576.370: [GC (Allocation Failure) 39805K->435K(81152K), 0.0002080 secs]
576.391: [GC (Allocation Failure) 38437K->435K(79872K), 0.0002100 secs]
576.409: [GC (Allocation Failure) 37168K->435K(78656K), 0.0002050 secs]
576.427: [GC (Allocation Failure) 35996K->435K(77440K), 0.0002700 secs]
576.446: [GC (Allocation Failure) 34726K->435K(84352K), 0.0003070 secs]
576.465: [GC (Allocation Failure) 41660K->435K(92608K), 0.0002100 secs]
576.490: [GC (Allocation Failure) 49967K->435K(90752K), 0.0002040 secs]
576.511: [GC (Allocation Failure) 48107K->435K(89024K), 0.0002280 secs]
576.535: [GC (Allocation Failure) 46349K->435K(87360K), 0.0002020 secs]
576.558: [GC (Allocation Failure) 44688K->435K(85760K), 0.0002140 secs]
576.577: [GC (Allocation Failure) 43028K->435K(84224K), 0.0002030 secs]
576.596: [GC (Allocation Failure) 41563K->435K(82752K), 0.0002030 secs]
576.615: [GC (Allocation Failure) 40098K->435K(90688K), 0.0003080 secs]
576.648: [GC (Allocation Failure) 48009K->435K(88960K), 0.0002940 secs]
576.689: [GC (Allocation Failure) 46251K->435K(87296K), 0.0002170 secs]
576.747: [GC (Allocation Failure) 44591K->435K(85696K), 0.0002200 secs]
576.796: [GC (Allocation Failure) 43028K->435K(84160K), 0.0002140 secs]
576.818: [GC (Allocation Failure) 41465K->435K(82688K), 0.0002030 secs]
576.898: [GC (Allocation Failure) 40000K->435K(81344K), 0.0002080 secs]
576.919: [GC (Allocation Failure) 38633K->435K(80000K), 0.0002040 secs]
576.935: [GC (Allocation Failure) 37363K->435K(78720K), 0.0002130 secs]
576.954: [GC (Allocation Failure) 35996K->435K(77504K), 0.0002110 secs]
577.096: [GC (Allocation Failure) 34823K->435K(76352K), 0.0002210 secs]
577.111: [GC (Allocation Failure) 33651K->435K(75264K), 0.0002200 secs]
577.125: [GC (Allocation Failure) 32577K->435K(74240K), 0.0002130 secs]
577.195: [GC (Allocation Failure) 31600K->435K(73216K), 0.0002240 secs]
577.209: [GC (Allocation Failure) 30526K->435K(72256K), 0.0002180 secs]
577.245: [GC (Allocation Failure) 29549K->435K(71360K), 0.0002380 secs]
577.263: [GC (Allocation Failure) 28670K->435K(70464K), 0.0002240 secs]
577.333: [GC (Allocation Failure) 27791K->435K(69632K), 0.0002280 secs]
577.359: [GC (Allocation Failure) 26912K->435K(68864K), 0.0002080 secs]
577.408: [GC (Allocation Failure) 26131K->435K(68096K), 0.0002150 secs]
577.419: [GC (Allocation Failure) 25447K->435K(67392K), 0.0002190 secs]
577.434: [GC (Allocation Failure) 24662K->435K(66688K), 0.0002140 secs]
577.492: [GC (Allocation Failure) 23978K->435K(66048K), 0.0002080 secs]
577.507: [GC (Allocation Failure) 23392K->435K(65408K), 0.0002170 secs]
577.517: [GC (Allocation Failure) 22708K->435K(69888K), 0.0003940 secs]
577.544: [GC (Allocation Failure) 27205K->435K(75264K), 0.0003370 secs]
577.563: [GC (Allocation Failure) 32577K->435K(81728K), 0.0002080 secs]
577.584: [GC (Allocation Failure) 39023K->435K(89472K), 0.0002050 secs]
577.671: [GC (Allocation Failure) 46739K->435K(87808K), 0.0002220 secs]
577.695: [GC (Allocation Failure) 45079K->435K(86208K), 0.0002180 secs]
577.719: [GC (Allocation Failure) 43516K->435K(84672K), 0.0002130 secs]
577.748: [GC (Allocation Failure) 41953K->435K(83200K), 0.0002010 secs]
577.765: [GC (Allocation Failure) 40488K->435K(81792K), 0.0002150 secs]
577.786: [GC (Allocation Failure) 39121K->435K(80448K), 0.0002120 secs]
577.913: [GC (Allocation Failure) 37754K->435K(79168K), 0.0002350 secs]
577.933: [GC (Allocation Failure) 36484K->435K(77952K), 0.0002280 secs]
577.953: [GC (Allocation Failure) 35312K->435K(76800K), 0.0002120 secs]
578.027: [GC (Allocation Failure) 34140K->435K(75712K), 0.0002770 secs]
578.093: [GC (Allocation Failure) 33065K->435K(74624K), 0.0002050 secs]
578.243: [GC (Allocation Failure) 31893K->435K(73600K), 0.0002130 secs]
578.260: [GC (Allocation Failure) 30917K->435K(72640K), 0.0002120 secs]
578.346: [GC (Allocation Failure) 29940K->435K(71744K), 0.0002270 secs]
578.364: [GC (Allocation Failure) 29061K->435K(70848K), 0.0002180 secs]
578.376: [GC (Allocation Failure) 28182K->435K(70016K), 0.0002040 secs]
578.405: [GC (Allocation Failure) 27303K->435K(69184K), 0.0002900 secs]
578.417: [GC (Allocation Failure) 26521K->435K(74432K), 0.0002290 secs]
578.467: [GC (Allocation Failure) 31698K->435K(73408K), 0.0002210 secs]
578.480: [GC (Allocation Failure) 30721K->435K(79488K), 0.0002180 secs]
578.499: [GC (Allocation Failure) 36777K->435K(78272K), 0.0002170 secs]
578.540: [GC (Allocation Failure) 35605K->435K(77120K), 0.0002080 secs]
578.555: [GC (Allocation Failure) 34433K->435K(75968K), 0.0002040 secs]
578.607: [GC (Allocation Failure) 33261K->435K(74880K), 0.0002130 secs]
578.625: [GC (Allocation Failure) 32186K->435K(73856K), 0.0002180 secs]
578.643: [GC (Allocation Failure) 31210K->435K(72896K), 0.0002140 secs]
578.660: [GC (Allocation Failure) 30233K->435K(71936K), 0.0002640 secs]
578.680: [GC (Allocation Failure) 29256K->435K(77760K), 0.0002720 secs]
578.700: [GC (Allocation Failure) 35116K->435K(76608K), 0.0002040 secs]
578.844: [GC (Allocation Failure) 33944K->435K(75520K), 0.0002150 secs]
578.863: [GC (Allocation Failure) 32870K->435K(74496K), 0.0002150 secs]
578.898: [GC (Allocation Failure) 31796K->435K(73472K), 0.0002190 secs]
578.916: [GC (Allocation Failure) 30819K->435K(72512K), 0.0002140 secs]
578.933: [GC (Allocation Failure) 29842K->435K(71616K), 0.0002170 secs]
578.962: [GC (Allocation Failure) 28963K->435K(70720K), 0.0002710 secs]
578.996: [GC (Allocation Failure) 27986K->435K(69888K), 0.0002180 secs]
579.008: [GC (Allocation Failure) 27205K->435K(75264K), 0.0003460 secs]
579.135: [GC (Allocation Failure) 32577K->435K(74240K), 0.0002160 secs]
579.148: [GC (Allocation Failure) 31600K->435K(80512K), 0.0002060 secs]
579.164: [GC (Allocation Failure) 37851K->435K(88000K), 0.0002040 secs]
579.183: [GC (Allocation Failure) 45274K->435K(97024K), 0.0002130 secs]
579.211: [GC (Allocation Failure) 54362K->435K(94976K), 0.0002150 secs]
579.257: [GC (Allocation Failure) 52311K->435K(93056K), 0.0002160 secs]
579.281: [GC (Allocation Failure) 50357K->435K(91200K), 0.0002030 secs]
579.302: [GC (Allocation Failure) 48498K->435K(89408K), 0.0002050 secs]
579.400: [GC (Allocation Failure) 46739K->435K(87744K), 0.0002170 secs]
579.454: [GC (Allocation Failure) 45079K->435K(86144K), 0.0002130 secs]
579.473: [GC (Allocation Failure) 43419K->435K(84608K), 0.0002150 secs]
579.491: [GC (Allocation Failure) 41953K->435K(83136K), 0.0002030 secs]
579.512: [GC (Allocation Failure) 40488K->435K(81728K), 0.0002210 secs]
579.552: [GC (Allocation Failure) 39023K->435K(80384K), 0.0002030 secs]
579.572: [GC (Allocation Failure) 37656K->435K(79104K), 0.0002120 secs]
579.597: [GC (Allocation Failure) 36386K->435K(77888K), 0.0002300 secs]
579.665: [GC (Allocation Failure) 35214K->435K(76736K), 0.0002300 secs]
579.682: [GC (Allocation Failure) 34042K->435K(75648K), 0.0002130 secs]
579.735: [GC (Allocation Failure) 32968K->435K(74560K), 0.0002070 secs]
579.785: [GC (Allocation Failure) 31893K->435K(73536K), 0.0002060 secs]
579.849: [GC (Allocation Failure) 30819K->435K(72576K), 0.0002620 secs]
579.866: [GC (Allocation Failure) 29842K->435K(71680K), 0.0002030 secs]
579.878: [GC (Allocation Failure) 28963K->435K(70784K), 0.0002280 secs]
579.891: [GC (Allocation Failure) 28084K->435K(76352K), 0.0002040 secs]
579.936: [GC (Allocation Failure) 33651K->435K(75264K), 0.0002290 secs]
579.950: [GC (Allocation Failure) 32577K->435K(74240K), 0.0002040 secs]
579.963: [GC (Allocation Failure) 31600K->435K(80512K), 0.0002050 secs]
579.979: [GC (Allocation Failure) 37851K->435K(88000K), 0.0002160 secs]
579.999: [GC (Allocation Failure) 45274K->435K(97024K), 0.0002030 secs]
580.026: [GC (Allocation Failure) 54362K->435K(94976K), 0.0002030 secs]
580.053: [GC (Allocation Failure) 52311K->435K(93056K), 0.0002100 secs]
580.107: [GC (Allocation Failure) 50357K->435K(91200K), 0.0002130 secs]
580.128: [GC (Allocation Failure) 48498K->435K(89408K), 0.0002780 secs]
580.302: [GC (Allocation Failure) 46739K->435K(87744K), 0.0002200 secs]
580.321: [GC (Allocation Failure) 45079K->435K(86144K), 0.0002160 secs]
580.401: [GC (Allocation Failure) 43419K->435K(84608K), 0.0002060 secs]
580.454: [GC (Allocation Failure) 41953K->435K(83136K), 0.0002120 secs]
580.472: [GC (Allocation Failure) 40488K->435K(81728K), 0.0002240 secs]
580.489: [GC (Allocation Failure) 39023K->435K(80384K), 0.0002050 secs]
580.505: [GC (Allocation Failure) 37656K->435K(79104K), 0.0002030 secs]
580.537: [GC (Allocation Failure) 36386K->435K(77888K), 0.0002310 secs]
580.556: [GC (Allocation Failure) 35214K->435K(76736K), 0.0002220 secs]
580.599: [GC (Allocation Failure) 34042K->435K(75648K), 0.0002300 secs]
580.615: [GC (Allocation Failure) 32968K->435K(74560K), 0.0003080 secs]
580.630: [GC (Allocation Failure) 31893K->435K(80896K), 0.0002180 secs]
580.653: [GC (Allocation Failure) 38242K->435K(79616K), 0.0002020 secs]
580.669: [GC (Allocation Failure) 36972K->435K(78400K), 0.0002050 secs]
580.684: [GC (Allocation Failure) 35702K->435K(85504K), 0.0002030 secs]
580.706: [GC (Allocation Failure) 42833K->435K(83968K), 0.0002020 secs]
580.725: [GC (Allocation Failure) 41270K->435K(92160K), 0.0002610 secs]
580.750: [GC (Allocation Failure) 49474K->435K(90368K), 0.0002150 secs]
580.859: [GC (Allocation Failure) 47716K->435K(88640K), 0.0002170 secs]
580.878: [GC (Allocation Failure) 45958K->435K(86976K), 0.0002060 secs]
580.916: [GC (Allocation Failure) 44298K->435K(85376K), 0.0002160 secs]
580.938: [GC (Allocation Failure) 42735K->435K(83904K), 0.0002120 secs]
580.960: [GC (Allocation Failure) 41172K->435K(82496K), 0.0002240 secs]
580.982: [GC (Allocation Failure) 39805K->435K(81152K), 0.0002020 secs]
581.003: [GC (Allocation Failure) 38437K->435K(79872K), 0.0002210 secs]
581.019: [GC (Allocation Failure) 37168K->435K(78656K), 0.0002150 secs]
581.136: [GC (Allocation Failure) 35996K->435K(77440K), 0.0002190 secs]
581.203: [GC (Allocation Failure) 34726K->435K(76288K), 0.0002240 secs]
581.221: [GC (Allocation Failure) 33554K->435K(75200K), 0.0002130 secs]
581.252: [GC (Allocation Failure) 32479K->435K(74176K), 0.0002000 secs]
581.265: [GC (Allocation Failure) 31503K->435K(73152K), 0.0002050 secs]
581.290: [GC (Allocation Failure) 30428K->435K(72192K), 0.0002330 secs]
581.307: [GC (Allocation Failure) 29549K->435K(71296K), 0.0002070 secs]
581.320: [GC (Allocation Failure) 28572K->435K(76992K), 0.0002210 secs]
581.371: [GC (Allocation Failure) 34335K->435K(75904K), 0.0002280 secs]
581.386: [GC (Allocation Failure) 33261K->435K(74816K), 0.0002310 secs]
581.404: [GC (Allocation Failure) 32089K->435K(73792K), 0.0002060 secs]
581.418: [GC (Allocation Failure) 31112K->435K(79936K), 0.0002320 secs]
581.434: [GC (Allocation Failure) 37265K->435K(87360K), 0.0002060 secs]
581.453: [GC (Allocation Failure) 44688K->435K(96256K), 0.0002140 secs]
581.480: [GC (Allocation Failure) 53580K->435K(94272K), 0.0002180 secs]
581.556: [GC (Allocation Failure) 51627K->435K(92352K), 0.0002160 secs]
581.582: [GC (Allocation Failure) 49670K->435K(90496K), 0.0002100 secs]
581.609: [GC (Allocation Failure) 47814K->435K(88768K), 0.0002050 secs]
581.633: [GC (Allocation Failure) 46056K->435K(87104K), 0.0002040 secs]
581.653: [GC (Allocation Failure) 44395K->435K(85504K), 0.0002840 secs]
581.743: [GC (Allocation Failure) 42833K->435K(83968K), 0.0003340 secs]
581.762: [GC (Allocation Failure) 41270K->435K(82560K), 0.0003270 secs]
581.856: [GC (Allocation Failure) 39902K->435K(81216K), 0.0002150 secs]
581.872: [GC (Allocation Failure) 38535K->435K(79936K), 0.0002750 secs]
581.909: [GC (Allocation Failure) 37265K->435K(78656K), 0.0002150 secs]
582.004: [GC (Allocation Failure) 35996K->435K(77440K), 0.0002240 secs]
582.023: [GC (Allocation Failure) 34726K->435K(76288K), 0.0002140 secs]
582.042: [GC (Allocation Failure) 33554K->435K(75200K), 0.0002110 secs]
582.070: [GC (Allocation Failure) 32479K->435K(74176K), 0.0002100 secs]
582.084: [GC (Allocation Failure) 31503K->435K(73152K), 0.0002200 secs]
582.097: [GC (Allocation Failure) 30428K->435K(79168K), 0.0002040 secs]
582.126: [GC (Allocation Failure) 36484K->435K(77952K), 0.0002150 secs]
582.141: [GC (Allocation Failure) 35312K->435K(76800K), 0.0002050 secs]
582.156: [GC (Allocation Failure) 34140K->435K(83584K), 0.0002030 secs]
582.177: [GC (Allocation Failure) 40879K->435K(82176K), 0.0002010 secs]
582.194: [GC (Allocation Failure) 39512K->435K(90048K), 0.0002730 secs]
582.309: [GC (Allocation Failure) 47325K->435K(88320K), 0.0002250 secs]
582.333: [GC (Allocation Failure) 45665K->435K(86656K), 0.0002120 secs]
582.354: [GC (Allocation Failure) 44005K->435K(85120K), 0.0002760 secs]
582.407: [GC (Allocation Failure) 42442K->435K(83648K), 0.0002850 secs]
582.429: [GC (Allocation Failure) 40977K->435K(82240K), 0.0002040 secs]
582.446: [GC (Allocation Failure) 39512K->435K(80896K), 0.0002140 secs]
582.473: [GC (Allocation Failure) 38242K->435K(79616K), 0.0002200 secs]
582.572: [GC (Allocation Failure) 36972K->435K(78400K), 0.0002150 secs]
582.592: [GC (Allocation Failure) 35702K->435K(77248K), 0.0002040 secs]
582.611: [GC (Allocation Failure) 34530K->435K(76096K), 0.0002130 secs]
582.626: [GC (Allocation Failure) 33456K->435K(75008K), 0.0002170 secs]
582.664: [GC (Allocation Failure) 32284K->435K(73984K), 0.0002200 secs]
582.678: [GC (Allocation Failure) 31307K->435K(80192K), 0.0003240 secs]
582.702: [GC (Allocation Failure) 37461K->435K(87616K), 0.0003050 secs]
582.759: [GC (Allocation Failure) 44884K->435K(86016K), 0.0002030 secs]
582.782: [GC (Allocation Failure) 43321K->435K(84480K), 0.0002150 secs]
582.804: [GC (Allocation Failure) 41758K->435K(83008K), 0.0002040 secs]
582.822: [GC (Allocation Failure) 40293K->435K(81600K), 0.0002050 secs]
582.842: [GC (Allocation Failure) 38926K->435K(80256K), 0.0002110 secs]
582.859: [GC (Allocation Failure) 37558K->435K(78976K), 0.0002180 secs]
582.874: [GC (Allocation Failure) 36289K->435K(86208K), 0.0002770 secs]
582.912: [GC (Allocation Failure) 43516K->435K(84672K), 0.0002300 secs]
582.930: [GC (Allocation Failure) 41953K->435K(83200K), 0.0002150 secs]
583.007: [GC (Allocation Failure) 40488K->435K(81792K), 0.0002110 secs]
583.024: [GC (Allocation Failure) 39121K->435K(80448K), 0.0002160 secs]
583.044: [GC (Allocation Failure) 37754K->435K(79168K), 0.0002010 secs]
583.064: [GC (Allocation Failure) 36484K->435K(77952K), 0.0002120 secs]
583.083: [GC (Allocation Failure) 35312K->435K(76800K), 0.0002120 secs]
583.102: [GC (Allocation Failure) 34140K->435K(75712K), 0.0002020 secs]
583.117: [GC (Allocation Failure) 33065K->435K(74624K), 0.0002110 secs]
583.134: [GC (Allocation Failure) 31893K->435K(80960K), 0.0002320 secs]
583.151: [GC (Allocation Failure) 38242K->435K(88576K), 0.0002160 secs]
583.170: [GC (Allocation Failure) 45860K->435K(86912K), 0.0002040 secs]
583.193: [GC (Allocation Failure) 44200K->435K(85312K), 0.0002110 secs]
583.256: [GC (Allocation Failure) 42637K->435K(83840K), 0.0002010 secs]
583.273: [GC (Allocation Failure) 41172K->435K(82432K), 0.0002060 secs]
583.294: [GC (Allocation Failure) 39707K->435K(81088K), 0.0002140 secs]
583.315: [GC (Allocation Failure) 38437K->435K(79808K), 0.0002030 secs]
583.331: [GC (Allocation Failure) 37168K->435K(78592K), 0.0002050 secs]
583.354: [GC (Allocation Failure) 35898K->435K(77376K), 0.0001990 secs]
583.373: [GC (Allocation Failure) 34726K->435K(76224K), 0.0002120 secs]
583.411: [GC (Allocation Failure) 33554K->435K(75136K), 0.0002100 secs]
583.425: [GC (Allocation Failure) 32479K->435K(74112K), 0.0002020 secs]
583.439: [GC (Allocation Failure) 31405K->435K(73152K), 0.0002030 secs]
583.486: [GC (Allocation Failure) 30428K->435K(72192K), 0.0002170 secs]
583.537: [GC (Allocation Failure) 29549K->435K(71296K), 0.0002760 secs]
583.550: [GC (Allocation Failure) 28572K->435K(70400K), 0.0002260 secs]
583.561: [GC (Allocation Failure) 27693K->435K(75904K), 0.0002060 secs]
583.605: [GC (Allocation Failure) 33261K->435K(74816K), 0.0002210 secs]
583.619: [GC (Allocation Failure) 32089K->435K(81216K), 0.0002730 secs]
583.660: [GC (Allocation Failure) 38535K->435K(88896K), 0.0003230 secs]
583.684: [GC (Allocation Failure) 46251K->435K(87232K), 0.0002360 secs]
583.704: [GC (Allocation Failure) 44591K->435K(85632K), 0.0002290 secs]
583.760: [GC (Allocation Failure) 42930K->435K(84096K), 0.0002220 secs]
583.782: [GC (Allocation Failure) 41367K->435K(82624K), 0.0002100 secs]
583.858: [GC (Allocation Failure) 39902K->435K(81280K), 0.0002090 secs]
583.879: [GC (Allocation Failure) 38633K->435K(80000K), 0.0002040 secs]
583.907: [GC (Allocation Failure) 37363K->435K(78720K), 0.0002120 secs]
583.923: [GC (Allocation Failure) 35996K->435K(77504K), 0.0002030 secs]
583.942: [GC (Allocation Failure) 34823K->435K(76352K), 0.0002120 secs]
583.956: [GC (Allocation Failure) 33651K->435K(75264K), 0.0002050 secs]
583.970: [GC (Allocation Failure) 32577K->435K(81728K), 0.0002040 secs]
584.054: [GC (Allocation Failure) 39023K->435K(80384K), 0.0002250 secs]
584.071: [GC (Allocation Failure) 37656K->435K(79104K), 0.0002140 secs]
584.088: [GC (Allocation Failure) 36386K->435K(77888K), 0.0002100 secs]
584.103: [GC (Allocation Failure) 35214K->435K(84864K), 0.0002140 secs]
584.160: [GC (Allocation Failure) 42149K->435K(83392K), 0.0002120 secs]
584.177: [GC (Allocation Failure) 40684K->435K(81984K), 0.0002120 secs]
584.198: [GC (Allocation Failure) 39316K->435K(80640K), 0.0002150 secs]
584.341: [GC (Allocation Failure) 37949K->435K(79360K), 0.0002280 secs]
584.357: [GC (Allocation Failure) 36679K->435K(78144K), 0.0002040 secs]
584.408: [GC (Allocation Failure) 35409K->435K(76992K), 0.0002220 secs]
584.427: [GC (Allocation Failure) 34335K->435K(75904K), 0.0002140 secs]
584.441: [GC (Allocation Failure) 33261K->435K(74816K), 0.0002180 secs]
584.460: [GC (Allocation Failure) 32089K->435K(73792K), 0.0001980 secs]
584.501: [GC (Allocation Failure) 31112K->435K(72832K), 0.0002750 secs]
584.534: [GC (Allocation Failure) 30135K->435K(71872K), 0.0002260 secs]
584.550: [GC (Allocation Failure) 29158K->435K(70976K), 0.0002150 secs]
584.590: [GC (Allocation Failure) 28279K->435K(70144K), 0.0002290 secs]
584.602: [GC (Allocation Failure) 27498K->435K(69312K), 0.0001990 secs]
584.615: [GC (Allocation Failure) 26619K->435K(74560K), 0.0003110 secs]
584.661: [GC (Allocation Failure) 31893K->435K(80896K), 0.0002740 secs]
584.682: [GC (Allocation Failure) 38242K->435K(88512K), 0.0002320 secs]
584.709: [GC (Allocation Failure) 45860K->435K(86848K), 0.0002140 secs]
584.732: [GC (Allocation Failure) 44200K->435K(85312K), 0.0002110 secs]
584.761: [GC (Allocation Failure) 42637K->435K(83840K), 0.0002050 secs]
584.783: [GC (Allocation Failure) 41172K->435K(82432K), 0.0002070 secs]
584.800: [GC (Allocation Failure) 39707K->435K(81088K), 0.0002060 secs]
584.817: [GC (Allocation Failure) 38437K->435K(79808K), 0.0002290 secs]
584.876: [GC (Allocation Failure) 37168K->435K(78592K), 0.0002280 secs]
584.895: [GC (Allocation Failure) 35898K->435K(77376K), 0.0002130 secs]
584.954: [GC (Allocation Failure) 34726K->435K(76224K), 0.0002070 secs]
585.007: [GC (Allocation Failure) 33554K->435K(75136K), 0.0002130 secs]
585.022: [GC (Allocation Failure) 32479K->435K(74112K), 0.0002140 secs]
585.035: [GC (Allocation Failure) 31405K->435K(73152K), 0.0002030 secs]
585.056: [GC (Allocation Failure) 30428K->435K(72192K), 0.0002420 secs]
585.070: [GC (Allocation Failure) 29549K->435K(78016K), 0.0002170 secs]
585.140: [GC (Allocation Failure) 35312K->435K(76864K), 0.0002910 secs]
585.208: [GC (Allocation Failure) 34140K->435K(75776K), 0.0002040 secs]
585.223: [GC (Allocation Failure) 33065K->435K(82368K), 0.0003240 secs]
585.257: [GC (Allocation Failure) 39707K->435K(81024K), 0.0002170 secs]
585.277: [GC (Allocation Failure) 38340K->435K(79744K), 0.0002110 secs]
585.306: [GC (Allocation Failure) 37070K->435K(78528K), 0.0002730 secs]
585.412: [GC (Allocation Failure) 35800K->435K(77312K), 0.0002160 secs]
585.427: [GC (Allocation Failure) 34628K->435K(76160K), 0.0002180 secs]
585.504: [GC (Allocation Failure) 33456K->435K(75072K), 0.0002310 secs]
585.519: [GC (Allocation Failure) 32382K->435K(74048K), 0.0002000 secs]
585.532: [GC (Allocation Failure) 31405K->435K(73088K), 0.0002030 secs]
585.606: [GC (Allocation Failure) 30428K->435K(72128K), 0.0002410 secs]
585.622: [GC (Allocation Failure) 29451K->435K(71232K), 0.0002160 secs]
585.635: [GC (Allocation Failure) 28572K->435K(76864K), 0.0002160 secs]
585.649: [GC (Allocation Failure) 34140K->435K(83648K), 0.0002040 secs]
585.679: [GC (Allocation Failure) 40977K->435K(82240K), 0.0002420 secs]
585.697: [GC (Allocation Failure) 39512K->435K(80896K), 0.0002230 secs]
585.713: [GC (Allocation Failure) 38242K->435K(88512K), 0.0002060 secs]
585.780: [GC (Allocation Failure) 45860K->435K(86848K), 0.0002130 secs]
585.799: [GC (Allocation Failure) 44200K->435K(85312K), 0.0002790 secs]
585.859: [GC (Allocation Failure) 42637K->435K(83840K), 0.0002060 secs]
585.901: [GC (Allocation Failure) 41172K->435K(82432K), 0.0002120 secs]
585.918: [GC (Allocation Failure) 39707K->435K(81088K), 0.0002180 secs]
585.961: [GC (Allocation Failure) 38437K->435K(79808K), 0.0002120 secs]
585.977: [GC (Allocation Failure) 37168K->435K(78592K), 0.0002300 secs]
585.993: [GC (Allocation Failure) 35898K->435K(77376K), 0.0002260 secs]
586.058: [GC (Allocation Failure) 34726K->435K(76224K), 0.0001710 secs]
586.076: [GC (Allocation Failure) 33554K->435K(75136K), 0.0002160 secs]
586.090: [GC (Allocation Failure) 32479K->435K(74112K), 0.0002130 secs]
586.104: [GC (Allocation Failure) 31405K->435K(80320K), 0.0002070 secs]
586.157: [GC (Allocation Failure) 37656K->435K(79040K), 0.0002140 secs]
586.173: [GC (Allocation Failure) 36386K->435K(77824K), 0.0002280 secs]
586.188: [GC (Allocation Failure) 35116K->435K(84800K), 0.0002040 secs]
586.206: [GC (Allocation Failure) 42149K->435K(93184K), 0.0002150 secs]
586.231: [GC (Allocation Failure) 50455K->435K(91328K), 0.0002020 secs]
586.256: [GC (Allocation Failure) 48595K->435K(89536K), 0.0002120 secs]
586.281: [GC (Allocation Failure) 46837K->435K(87872K), 0.0002020 secs]
586.300: [GC (Allocation Failure) 45177K->435K(86272K), 0.0002170 secs]
586.323: [GC (Allocation Failure) 43614K->435K(84736K), 0.0002130 secs]
586.413: [GC (Allocation Failure) 42051K->435K(83264K), 0.0002100 secs]
586.435: [GC (Allocation Failure) 40586K->435K(81856K), 0.0002030 secs]
586.456: [GC (Allocation Failure) 39219K->435K(80512K), 0.0002180 secs]
586.476: [GC (Allocation Failure) 37851K->435K(79232K), 0.0002170 secs]
586.492: [GC (Allocation Failure) 36582K->435K(78016K), 0.0002040 secs]
586.596: [GC (Allocation Failure) 35312K->435K(76864K), 0.0003270 secs]
586.623: [GC (Allocation Failure) 34140K->435K(75776K), 0.0002280 secs]
586.638: [GC (Allocation Failure) 33065K->435K(74688K), 0.0002160 secs]
586.652: [GC (Allocation Failure) 31991K->435K(81024K), 0.0002710 secs]
586.682: [GC (Allocation Failure) 38340K->435K(79744K), 0.0002320 secs]
586.698: [GC (Allocation Failure) 37070K->435K(87104K), 0.0002150 secs]
586.721: [GC (Allocation Failure) 44395K->435K(85504K), 0.0002120 secs]
586.740: [GC (Allocation Failure) 42833K->435K(83968K), 0.0002040 secs]
586.761: [GC (Allocation Failure) 41270K->435K(82560K), 0.0002000 secs]
586.778: [GC (Allocation Failure) 39902K->435K(81216K), 0.0002140 secs]
586.799: [GC (Allocation Failure) 38535K->435K(79936K), 0.0002120 secs]
586.874: [GC (Allocation Failure) 37265K->435K(78656K), 0.0002100 secs]
586.892: [GC (Allocation Failure) 35996K->435K(77440K), 0.0002730 secs]
586.911: [GC (Allocation Failure) 34726K->435K(76288K), 0.0002140 secs]
586.930: [GC (Allocation Failure) 33554K->435K(75200K), 0.0002170 secs]
586.944: [GC (Allocation Failure) 32479K->435K(81664K), 0.0002170 secs]
586.961: [GC (Allocation Failure) 39023K->435K(89408K), 0.0002050 secs]
587.016: [GC (Allocation Failure) 46739K->435K(87744K), 0.0002190 secs]
587.040: [GC (Allocation Failure) 45079K->435K(86144K), 0.0002020 secs]
587.058: [GC (Allocation Failure) 43419K->435K(84608K), 0.0002140 secs]
587.076: [GC (Allocation Failure) 41953K->435K(83136K), 0.0002040 secs]
587.114: [GC (Allocation Failure) 40488K->435K(81728K), 0.0002140 secs]
587.135: [GC (Allocation Failure) 39023K->435K(80384K), 0.0002300 secs]
587.155: [GC (Allocation Failure) 37656K->435K(79104K), 0.0002220 secs]
587.209: [GC (Allocation Failure) 36386K->435K(77888K), 0.0002130 secs]
587.258: [GC (Allocation Failure) 35214K->435K(76736K), 0.0002130 secs]
587.274: [GC (Allocation Failure) 34042K->435K(75648K), 0.0002090 secs]
587.311: [GC (Allocation Failure) 32968K->435K(74560K), 0.0002220 secs]
587.325: [GC (Allocation Failure) 31893K->435K(73536K), 0.0002240 secs]
587.338: [GC (Allocation Failure) 30819K->435K(72576K), 0.0002060 secs]
587.351: [GC (Allocation Failure) 29842K->435K(78528K), 0.0002050 secs]
587.370: [GC (Allocation Failure) 35800K->435K(85632K), 0.0002170 secs]
587.393: [GC (Allocation Failure) 42930K->435K(84096K), 0.0002070 secs]
587.415: [GC (Allocation Failure) 41367K->435K(82624K), 0.0002150 secs]
587.510: [GC (Allocation Failure) 39902K->435K(81280K), 0.0002740 secs]
587.613: [GC (Allocation Failure) 38633K->435K(80000K), 0.0002140 secs]
587.629: [GC (Allocation Failure) 37363K->435K(78720K), 0.0002040 secs]
587.663: [GC (Allocation Failure) 35996K->435K(77504K), 0.0002160 secs]
587.677: [GC (Allocation Failure) 34823K->435K(76352K), 0.0002050 secs]
587.812: [GC (Allocation Failure) 33651K->435K(75264K), 0.0003230 secs]
587.829: [GC (Allocation Failure) 32577K->435K(74240K), 0.0002170 secs]
587.844: [GC (Allocation Failure) 31600K->435K(73216K), 0.0002110 secs]
587.906: [GC (Allocation Failure) 30526K->435K(72256K), 0.0002150 secs]
587.922: [GC (Allocation Failure) 29549K->435K(71360K), 0.0002150 secs]
587.960: [GC (Allocation Failure) 28670K->435K(70464K), 0.0002120 secs]
587.972: [GC (Allocation Failure) 27791K->435K(69632K), 0.0002190 secs]
587.984: [GC (Allocation Failure) 26912K->435K(74944K), 0.0002150 secs]
588.001: [GC (Allocation Failure) 32284K->435K(81344K), 0.0002220 secs]
588.081: [GC (Allocation Failure) 38633K->435K(80000K), 0.0002260 secs]
588.097: [GC (Allocation Failure) 37363K->435K(78720K), 0.0002060 secs]
588.117: [GC (Allocation Failure) 35996K->435K(77504K), 0.0002130 secs]
588.209: [GC (Allocation Failure) 34823K->435K(76352K), 0.0002220 secs]
588.263: [GC (Allocation Failure) 33651K->435K(75264K), 0.0002410 secs]
588.281: [GC (Allocation Failure) 32577K->435K(74240K), 0.0002040 secs]
588.299: [GC (Allocation Failure) 31600K->435K(73216K), 0.0002090 secs]
588.312: [GC (Allocation Failure) 30526K->435K(72256K), 0.0002060 secs]
588.401: [GC (Allocation Failure) 29549K->435K(71360K), 0.0002180 secs]
588.413: [GC (Allocation Failure) 28670K->435K(70464K), 0.0002070 secs]
588.461: [GC (Allocation Failure) 27791K->435K(69632K), 0.0004170 secs]
588.474: [GC (Allocation Failure) 26912K->435K(74944K), 0.0003990 secs]
588.508: [GC (Allocation Failure) 32284K->435K(81344K), 0.0002200 secs]
588.565: [GC (Allocation Failure) 38633K->435K(80000K), 0.0002230 secs]
588.581: [GC (Allocation Failure) 37363K->435K(87424K), 0.0002340 secs]
588.621: [GC (Allocation Failure) 44786K->435K(85824K), 0.0002240 secs]
588.643: [GC (Allocation Failure) 43126K->435K(84288K), 0.0002130 secs]
588.667: [GC (Allocation Failure) 41563K->435K(82816K), 0.0002060 secs]
588.685: [GC (Allocation Failure) 40098K->435K(81408K), 0.0002180 secs]
588.705: [GC (Allocation Failure) 38730K->435K(80064K), 0.0002120 secs]
588.737: [GC (Allocation Failure) 37363K->435K(78784K), 0.0002150 secs]
588.752: [GC (Allocation Failure) 36093K->435K(77568K), 0.0002040 secs]
588.814: [GC (Allocation Failure) 34921K->435K(76416K), 0.0002120 secs]
588.832: [GC (Allocation Failure) 33749K->435K(75328K), 0.0002120 secs]
588.939: [GC (Allocation Failure) 32675K->435K(74304K), 0.0002120 secs]
588.956: [GC (Allocation Failure) 31600K->435K(73280K), 0.0002040 secs]
588.973: [GC (Allocation Failure) 30624K->435K(72320K), 0.0002060 secs]
588.990: [GC (Allocation Failure) 29647K->435K(71424K), 0.0002330 secs]
589.002: [GC (Allocation Failure) 28768K->435K(77120K), 0.0002050 secs]
589.021: [GC (Allocation Failure) 34433K->435K(83968K), 0.0002120 secs]
589.067: [GC (Allocation Failure) 41270K->435K(82560K), 0.0002100 secs]
589.084: [GC (Allocation Failure) 39902K->435K(81216K), 0.0002040 secs]
589.116: [GC (Allocation Failure) 38535K->435K(79936K), 0.0002230 secs]
589.136: [GC (Allocation Failure) 37265K->435K(78656K), 0.0002020 secs]
589.151: [GC (Allocation Failure) 35996K->435K(77440K), 0.0002130 secs]
589.262: [GC (Allocation Failure) 34726K->435K(76288K), 0.0002120 secs]
589.281: [GC (Allocation Failure) 33554K->435K(75200K), 0.0002210 secs]
589.295: [GC (Allocation Failure) 32479K->435K(74176K), 0.0002060 secs]
589.312: [GC (Allocation Failure) 31503K->435K(73152K), 0.0002170 secs]
589.330: [GC (Allocation Failure) 30428K->435K(72192K), 0.0002130 secs]
589.342: [GC (Allocation Failure) 29549K->435K(78016K), 0.0002750 secs]
589.363: [GC (Allocation Failure) 35312K->435K(85056K), 0.0002030 secs]
589.385: [GC (Allocation Failure) 42344K->435K(93504K), 0.0002120 secs]
589.407: [GC (Allocation Failure) 50846K->435K(91648K), 0.0002050 secs]
589.567: [GC (Allocation Failure) 48986K->435K(89856K), 0.0002720 secs]
589.620: [GC (Allocation Failure) 47130K->435K(88128K), 0.0002250 secs]
589.643: [GC (Allocation Failure) 45470K->435K(86528K), 0.0002040 secs]
589.663: [GC (Allocation Failure) 43809K->435K(84992K), 0.0001910 secs]
589.681: [GC (Allocation Failure) 42344K->435K(83520K), 0.0002050 secs]
589.718: [GC (Allocation Failure) 40879K->435K(82112K), 0.0002210 secs]
589.739: [GC (Allocation Failure) 39414K->435K(80768K), 0.0002050 secs]
589.763: [GC (Allocation Failure) 38047K->435K(79488K), 0.0003410 secs]
589.788: [GC (Allocation Failure) 36777K->435K(78272K), 0.0002300 secs]
589.807: [GC (Allocation Failure) 35605K->435K(77120K), 0.0002130 secs]
589.861: [GC (Allocation Failure) 34433K->435K(75968K), 0.0002740 secs]
589.907: [GC (Allocation Failure) 33261K->435K(74880K), 0.0002190 secs]
589.960: [GC (Allocation Failure) 32186K->435K(73856K), 0.0002140 secs]
589.973: [GC (Allocation Failure) 31210K->435K(72896K), 0.0002150 secs]
590.013: [GC (Allocation Failure) 30233K->435K(71936K), 0.0002180 secs]
590.030: [GC (Allocation Failure) 29256K->435K(71040K), 0.0002030 secs]
590.163: [GC (Allocation Failure) 28377K->435K(70208K), 0.0002170 secs]
590.179: [GC (Allocation Failure) 27498K->435K(69376K), 0.0002280 secs]
590.194: [GC (Allocation Failure) 26717K->435K(68608K), 0.0002100 secs]
590.262: [GC (Allocation Failure) 25935K->435K(67840K), 0.0002030 secs]
590.277: [GC (Allocation Failure) 25150K->435K(67136K), 0.0002960 secs]
590.288: [GC (Allocation Failure) 24466K->435K(72000K), 0.0002640 secs]
590.305: [GC (Allocation Failure) 29354K->435K(77824K), 0.0002120 secs]
590.412: [GC (Allocation Failure) 35116K->435K(76672K), 0.0002720 secs]
590.464: [GC (Allocation Failure) 33944K->435K(75584K), 0.0001910 secs]
590.478: [GC (Allocation Failure) 32870K->435K(74560K), 0.0002070 secs]
590.496: [GC (Allocation Failure) 31893K->435K(80896K), 0.0002760 secs]
590.516: [GC (Allocation Failure) 38242K->435K(88512K), 0.0002220 secs]
590.540: [GC (Allocation Failure) 45860K->435K(86848K), 0.0002150 secs]
590.570: [GC (Allocation Failure) 44200K->435K(85312K), 0.0002040 secs]
590.589: [GC (Allocation Failure) 42637K->435K(83840K), 0.0002100 secs]
590.607: [GC (Allocation Failure) 41172K->435K(82432K), 0.0002060 secs]
590.678: [GC (Allocation Failure) 39707K->435K(81088K), 0.0002240 secs]
590.694: [GC (Allocation Failure) 38437K->435K(79808K), 0.0002050 secs]
590.714: [GC (Allocation Failure) 37168K->435K(78592K), 0.0002230 secs]
590.767: [GC (Allocation Failure) 35898K->435K(77376K), 0.0002130 secs]
590.786: [GC (Allocation Failure) 34726K->435K(76224K), 0.0002030 secs]
590.812: [GC (Allocation Failure) 33554K->435K(75136K), 0.0002170 secs]
590.862: [GC (Allocation Failure) 32479K->435K(74112K), 0.0002710 secs]
590.880: [GC (Allocation Failure) 31405K->435K(73152K), 0.0002180 secs]
590.897: [GC (Allocation Failure) 30428K->435K(72192K), 0.0002160 secs]
590.910: [GC (Allocation Failure) 29549K->435K(71296K), 0.0002210 secs]
590.926: [GC (Allocation Failure) 28572K->435K(76992K), 0.0002140 secs]
590.945: [GC (Allocation Failure) 34335K->435K(83776K), 0.0002040 secs]
590.963: [GC (Allocation Failure) 41074K->435K(91968K), 0.0002170 secs]
590.988: [GC (Allocation Failure) 49279K->435K(90176K), 0.0002030 secs]
591.009: [GC (Allocation Failure) 47521K->435K(88448K), 0.0002060 secs]
591.072: [GC (Allocation Failure) 45763K->435K(86784K), 0.0002130 secs]
591.095: [GC (Allocation Failure) 44102K->435K(85248K), 0.0002130 secs]
591.170: [GC (Allocation Failure) 42540K->435K(83776K), 0.0002240 secs]
591.188: [GC (Allocation Failure) 41074K->435K(82368K), 0.0002180 secs]
591.209: [GC (Allocation Failure) 39707K->435K(81024K), 0.0002150 secs]
591.226: [GC (Allocation Failure) 38340K->435K(79744K), 0.0002140 secs]
591.318: [GC (Allocation Failure) 37070K->435K(78528K), 0.0002220 secs]
591.334: [GC (Allocation Failure) 35800K->435K(77312K), 0.0002030 secs]
591.367: [GC (Allocation Failure) 34628K->435K(76160K), 0.0002120 secs]
591.382: [GC (Allocation Failure) 33456K->435K(75072K), 0.0002030 secs]
591.412: [GC (Allocation Failure) 32382K->435K(74048K), 0.0002350 secs]
591.426: [GC (Allocation Failure) 31405K->435K(73088K), 0.0002040 secs]
591.439: [GC (Allocation Failure) 30428K->435K(79104K), 0.0002160 secs]
591.459: [GC (Allocation Failure) 36386K->435K(86336K), 0.0002240 secs]
591.548: [GC (Allocation Failure) 43614K->435K(84800K), 0.0002420 secs]
591.571: [GC (Allocation Failure) 42149K->435K(83328K), 0.0002250 secs]
591.669: [GC (Allocation Failure) 40684K->435K(81920K), 0.0001940 secs]
591.690: [GC (Allocation Failure) 39219K->435K(80576K), 0.0002160 secs]
591.710: [GC (Allocation Failure) 37851K->435K(79296K), 0.0002220 secs]
591.741: [GC (Allocation Failure) 36582K->435K(78080K), 0.0002350 secs]
591.756: [GC (Allocation Failure) 35409K->435K(76928K), 0.0002050 secs]
591.774: [GC (Allocation Failure) 34237K->435K(75840K), 0.0002220 secs]
591.863: [GC (Allocation Failure) 33163K->435K(74752K), 0.0002050 secs]
591.917: [GC (Allocation Failure) 32089K->435K(73728K), 0.0002140 secs]
591.934: [GC (Allocation Failure) 31014K->435K(72768K), 0.0002110 secs]
591.949: [GC (Allocation Failure) 30038K->435K(71808K), 0.0002000 secs]
592.016: [GC (Allocation Failure) 29158K->435K(70912K), 0.0002060 secs]
592.028: [GC (Allocation Failure) 28182K->435K(70080K), 0.0002270 secs]
592.044: [GC (Allocation Failure) 27400K->435K(69248K), 0.0002000 secs]
592.059: [GC (Allocation Failure) 26521K->435K(74496K), 0.0002130 secs]
592.077: [GC (Allocation Failure) 31796K->435K(80832K), 0.0002350 secs]
592.166: [GC (Allocation Failure) 38144K->435K(79552K), 0.0002180 secs]
592.182: [GC (Allocation Failure) 36875K->435K(78336K), 0.0002040 secs]
592.200: [GC (Allocation Failure) 35605K->435K(77184K), 0.0002000 secs]
592.268: [GC (Allocation Failure) 34530K->435K(76032K), 0.0002040 secs]
592.287: [GC (Allocation Failure) 33358K->435K(74944K), 0.0002010 secs]
592.301: [GC (Allocation Failure) 32284K->435K(81344K), 0.0003210 secs]
592.413: [GC (Allocation Failure) 38633K->435K(80000K), 0.0002160 secs]
592.429: [GC (Allocation Failure) 37363K->435K(78720K), 0.0002050 secs]
592.519: [GC (Allocation Failure) 35996K->435K(77504K), 0.0002110 secs]
592.535: [GC (Allocation Failure) 34823K->435K(76352K), 0.0002720 secs]
592.568: [GC (Allocation Failure) 33651K->435K(75264K), 0.0002330 secs]
592.587: [GC (Allocation Failure) 32577K->435K(74240K), 0.0002020 secs]
592.605: [GC (Allocation Failure) 31600K->435K(80512K), 0.0002930 secs]
592.632: [GC (Allocation Failure) 37851K->435K(88000K), 0.0003290 secs]
592.665: [GC (Allocation Failure) 45274K->435K(86400K), 0.0002170 secs]
592.684: [GC (Allocation Failure) 43712K->435K(84864K), 0.0002150 secs]
592.822: [GC (Allocation Failure) 42149K->435K(83392K), 0.0003210 secs]
592.840: [GC (Allocation Failure) 40684K->435K(81984K), 0.0002160 secs]
592.866: [GC (Allocation Failure) 39316K->435K(80640K), 0.0003950 secs]
592.888: [GC (Allocation Failure) 37949K->435K(79360K), 0.0002030 secs]
592.908: [GC (Allocation Failure) 36679K->435K(78144K), 0.0002170 secs]
592.987: [GC (Allocation Failure) 35409K->435K(76992K), 0.0002070 secs]
593.006: [GC (Allocation Failure) 34335K->435K(75904K), 0.0002020 secs]
593.020: [GC (Allocation Failure) 33261K->435K(74816K), 0.0002210 secs]
593.065: [GC (Allocation Failure) 32089K->435K(73792K), 0.0002250 secs]
593.083: [GC (Allocation Failure) 31112K->435K(72832K), 0.0002020 secs]
593.114: [GC (Allocation Failure) 30135K->435K(71872K), 0.0002180 secs]
593.163: [GC (Allocation Failure) 29158K->435K(70976K), 0.0002140 secs]
593.180: [GC (Allocation Failure) 28279K->435K(70144K), 0.0002170 secs]
593.283: [GC (Allocation Failure) 27498K->435K(69312K), 0.0002080 secs]
593.295: [GC (Allocation Failure) 26619K->435K(68544K), 0.0002220 secs]
593.362: [GC (Allocation Failure) 25838K->435K(67776K), 0.0002150 secs]
593.377: [GC (Allocation Failure) 25052K->435K(67072K), 0.0002030 secs]
593.392: [GC (Allocation Failure) 24369K->435K(66368K), 0.0002250 secs]
593.403: [GC (Allocation Failure) 23685K->435K(71040K), 0.0002680 secs]
593.467: [GC (Allocation Failure) 28377K->435K(76672K), 0.0002150 secs]
593.486: [GC (Allocation Failure) 33944K->435K(75584K), 0.0002130 secs]
593.501: [GC (Allocation Failure) 32870K->435K(82112K), 0.0002280 secs]
593.518: [GC (Allocation Failure) 39414K->435K(89920K), 0.0002710 secs]
593.545: [GC (Allocation Failure) 47228K->435K(99328K), 0.0002230 secs]
593.573: [GC (Allocation Failure) 56608K->435K(97152K), 0.0002060 secs]
593.600: [GC (Allocation Failure) 54459K->435K(95104K), 0.0002060 secs]
593.623: [GC (Allocation Failure) 52408K->435K(93120K), 0.0002060 secs]
593.677: [GC (Allocation Failure) 50455K->435K(91264K), 0.0002220 secs]
593.702: [GC (Allocation Failure) 48595K->435K(89472K), 0.0002100 secs]
593.722: [GC (Allocation Failure) 46739K->435K(87808K), 0.0002040 secs]
593.742: [GC (Allocation Failure) 45079K->435K(86208K), 0.0002040 secs]
593.760: [GC (Allocation Failure) 43516K->435K(84672K), 0.0002140 secs]
593.910: [GC (Allocation Failure) 41953K->435K(83200K), 0.0002050 secs]
593.969: [GC (Allocation Failure) 40488K->435K(81792K), 0.0002130 secs]
593.990: [GC (Allocation Failure) 39121K->435K(80448K), 0.0002040 secs]
594.007: [GC (Allocation Failure) 37754K->435K(79168K), 0.0002240 secs]
594.022: [GC (Allocation Failure) 36484K->435K(77952K), 0.0002020 secs]
594.037: [GC (Allocation Failure) 35312K->435K(76800K), 0.0002130 secs]
594.067: [GC (Allocation Failure) 34140K->435K(75712K), 0.0002160 secs]
594.086: [GC (Allocation Failure) 33065K->435K(74624K), 0.0002180 secs]
594.134: [GC (Allocation Failure) 31893K->435K(73600K), 0.0002780 secs]
594.183: [GC (Allocation Failure) 30917K->435K(72640K), 0.0002180 secs]
594.196: [GC (Allocation Failure) 29940K->435K(71744K), 0.0002070 secs]
594.269: [GC (Allocation Failure) 29061K->435K(70848K), 0.0002130 secs]
594.281: [GC (Allocation Failure) 28182K->435K(76416K), 0.0003240 secs]
594.321: [GC (Allocation Failure) 33749K->435K(83136K), 0.0003290 secs]
594.339: [GC (Allocation Failure) 40488K->435K(91200K), 0.0002770 secs]
594.377: [GC (Allocation Failure) 48498K->435K(89408K), 0.0002140 secs]
594.398: [GC (Allocation Failure) 46739K->435K(87744K), 0.0002060 secs]
594.426: [GC (Allocation Failure) 45079K->435K(86144K), 0.0002130 secs]
594.445: [GC (Allocation Failure) 43419K->435K(84608K), 0.0002010 secs]
594.488: [GC (Allocation Failure) 41953K->435K(83136K), 0.0002160 secs]
594.509: [GC (Allocation Failure) 40488K->435K(81728K), 0.0002230 secs]
594.570: [GC (Allocation Failure) 39023K->435K(80384K), 0.0002080 secs]
594.591: [GC (Allocation Failure) 37656K->435K(79104K), 0.0002070 secs]
594.607: [GC (Allocation Failure) 36386K->435K(77888K), 0.0002200 secs]
594.635: [GC (Allocation Failure) 35214K->435K(76736K), 0.0002430 secs]
594.650: [GC (Allocation Failure) 34042K->435K(75648K), 0.0002190 secs]
594.664: [GC (Allocation Failure) 32968K->435K(82176K), 0.0002240 secs]
594.738: [GC (Allocation Failure) 39512K->435K(80832K), 0.0003290 secs]
594.770: [GC (Allocation Failure) 38144K->435K(79552K), 0.0002190 secs]
594.823: [GC (Allocation Failure) 36875K->435K(78336K), 0.0002110 secs]
594.839: [GC (Allocation Failure) 35605K->435K(77184K), 0.0002730 secs]
594.868: [GC (Allocation Failure) 34530K->435K(76032K), 0.0002070 secs]
594.922: [GC (Allocation Failure) 33358K->435K(74944K), 0.0002210 secs]
594.935: [GC (Allocation Failure) 32284K->435K(73920K), 0.0002020 secs]
594.967: [GC (Allocation Failure) 31210K->435K(72960K), 0.0002640 secs]
595.070: [GC (Allocation Failure) 30233K->435K(72000K), 0.0002210 secs]
595.083: [GC (Allocation Failure) 29354K->435K(71104K), 0.0002140 secs]
595.099: [GC (Allocation Failure) 28377K->435K(70272K), 0.0002110 secs]
595.120: [GC (Allocation Failure) 27596K->435K(69440K), 0.0002080 secs]
595.136: [GC (Allocation Failure) 26717K->435K(68672K), 0.0002140 secs]
595.147: [GC (Allocation Failure) 26033K->435K(73792K), 0.0002730 secs]
595.217: [GC (Allocation Failure) 31112K->435K(79936K), 0.0002810 secs]
595.287: [GC (Allocation Failure) 37265K->435K(78656K), 0.0002130 secs]
595.336: [GC (Allocation Failure) 35996K->435K(77440K), 0.0002160 secs]
595.354: [GC (Allocation Failure) 34726K->435K(76288K), 0.0002720 secs]
595.371: [GC (Allocation Failure) 33554K->435K(75200K), 0.0002000 secs]
595.385: [GC (Allocation Failure) 32479K->435K(81664K), 0.0002160 secs]
595.402: [GC (Allocation Failure) 39023K->435K(89408K), 0.0002050 secs]
595.474: [GC (Allocation Failure) 46739K->435K(87744K), 0.0002710 secs]
595.527: [GC (Allocation Failure) 45079K->435K(86144K), 0.0002170 secs]
595.546: [GC (Allocation Failure) 43419K->435K(84608K), 0.0002140 secs]
595.564: [GC (Allocation Failure) 41953K->435K(83136K), 0.0002140 secs]
595.677: [GC (Allocation Failure) 40488K->435K(81728K), 0.0002620 secs]
595.698: [GC (Allocation Failure) 39023K->435K(80384K), 0.0002200 secs]
595.719: [GC (Allocation Failure) 37656K->435K(79104K), 0.0002330 secs]
595.736: [GC (Allocation Failure) 36386K->435K(86336K), 0.0003970 secs]
595.777: [GC (Allocation Failure) 43614K->435K(84800K), 0.0002230 secs]
595.800: [GC (Allocation Failure) 42149K->435K(83328K), 0.0002130 secs]
595.817: [GC (Allocation Failure) 40684K->435K(81920K), 0.0002150 secs]
595.834: [GC (Allocation Failure) 39219K->435K(80576K), 0.0002160 secs]
595.909: [GC (Allocation Failure) 37851K->435K(79296K), 0.0002270 secs]
595.929: [GC (Allocation Failure) 36582K->435K(78080K), 0.0002220 secs]
596.020: [GC (Allocation Failure) 35409K->435K(76928K), 0.0002170 secs]
596.038: [GC (Allocation Failure) 34237K->435K(75840K), 0.0002150 secs]
596.055: [GC (Allocation Failure) 33163K->435K(74752K), 0.0002000 secs]
596.139: [GC (Allocation Failure) 32089K->435K(73728K), 0.0002170 secs]
596.155: [GC (Allocation Failure) 31014K->435K(72768K), 0.0002590 secs]
596.173: [GC (Allocation Failure) 30038K->435K(71808K), 0.0001930 secs]
596.185: [GC (Allocation Failure) 29158K->435K(77568K), 0.0002170 secs]
596.200: [GC (Allocation Failure) 34921K->435K(84480K), 0.0002180 secs]
596.277: [GC (Allocation Failure) 41758K->435K(83008K), 0.0002120 secs]
596.295: [GC (Allocation Failure) 40293K->435K(81600K), 0.0002150 secs]
596.326: [GC (Allocation Failure) 38926K->435K(80256K), 0.0002220 secs]
596.342: [GC (Allocation Failure) 37558K->435K(78976K), 0.0002050 secs]
596.358: [GC (Allocation Failure) 36289K->435K(77760K), 0.0002130 secs]
596.491: [GC (Allocation Failure) 35116K->435K(76608K), 0.0002170 secs]
596.510: [GC (Allocation Failure) 33944K->435K(75520K), 0.0002030 secs]
596.525: [GC (Allocation Failure) 32870K->435K(74496K), 0.0002290 secs]
596.570: [GC (Allocation Failure) 31796K->435K(73472K), 0.0002150 secs]
596.583: [GC (Allocation Failure) 30819K->435K(79552K), 0.0002800 secs]
596.626: [GC (Allocation Failure) 36875K->435K(78336K), 0.0002150 secs]
596.641: [GC (Allocation Failure) 35605K->435K(85440K), 0.0002730 secs]
596.669: [GC (Allocation Failure) 42735K->435K(83968K), 0.0002170 secs]
596.687: [GC (Allocation Failure) 41270K->435K(82560K), 0.0002060 secs]
596.706: [GC (Allocation Failure) 39902K->435K(81216K), 0.0002120 secs]
596.723: [GC (Allocation Failure) 38535K->435K(79936K), 0.0002060 secs]
596.739: [GC (Allocation Failure) 37265K->435K(87360K), 0.0002040 secs]
596.825: [GC (Allocation Failure) 44688K->435K(85760K), 0.0002250 secs]
596.848: [GC (Allocation Failure) 43028K->435K(84224K), 0.0002110 secs]
596.899: [GC (Allocation Failure) 41563K->435K(82752K), 0.0002290 secs]
596.917: [GC (Allocation Failure) 40098K->435K(81344K), 0.0003290 secs]
596.974: [GC (Allocation Failure) 38633K->435K(80000K), 0.0002170 secs]
596.990: [GC (Allocation Failure) 37363K->435K(78720K), 0.0002050 secs]
597.006: [GC (Allocation Failure) 35996K->435K(77504K), 0.0001990 secs]
597.021: [GC (Allocation Failure) 34823K->435K(76352K), 0.0002040 secs]
597.125: [GC (Allocation Failure) 33651K->435K(75264K), 0.0002200 secs]
597.143: [GC (Allocation Failure) 32577K->435K(74240K), 0.0002050 secs]
597.161: [GC (Allocation Failure) 31600K->435K(73216K), 0.0002210 secs]
597.220: [GC (Allocation Failure) 30526K->435K(72256K), 0.0002160 secs]
597.236: [GC (Allocation Failure) 29549K->435K(71360K), 0.0002120 secs]
597.253: [GC (Allocation Failure) 28670K->435K(70464K), 0.0002110 secs]
597.269: [GC (Allocation Failure) 27791K->435K(75968K), 0.0003230 secs]
597.339: [GC (Allocation Failure) 33261K->435K(74880K), 0.0002420 secs]
597.357: [GC (Allocation Failure) 32186K->435K(73856K), 0.0002140 secs]
597.406: [GC (Allocation Failure) 31210K->435K(72896K), 0.0002270 secs]
597.419: [GC (Allocation Failure) 30233K->435K(71936K), 0.0002040 secs]
597.432: [GC (Allocation Failure) 29256K->435K(77760K), 0.0002140 secs]
597.447: [GC (Allocation Failure) 35116K->435K(84736K), 0.0002020 secs]
597.469: [GC (Allocation Failure) 42051K->435K(93120K), 0.0002020 secs]
597.491: [GC (Allocation Failure) 50455K->435K(91264K), 0.0002130 secs]
597.512: [GC (Allocation Failure) 48595K->435K(89472K), 0.0002130 secs]
597.613: [GC (Allocation Failure) 46739K->435K(87808K), 0.0002240 secs]
597.636: [GC (Allocation Failure) 45079K->435K(86208K), 0.0002020 secs]
597.657: [GC (Allocation Failure) 43516K->435K(84672K), 0.0002040 secs]
597.680: [GC (Allocation Failure) 41953K->435K(83200K), 0.0001960 secs]
597.729: [GC (Allocation Failure) 40488K->435K(81792K), 0.0002540 secs]
597.746: [GC (Allocation Failure) 39121K->435K(80448K), 0.0002740 secs]
597.775: [GC (Allocation Failure) 37754K->435K(79168K), 0.0002060 secs]
597.795: [GC (Allocation Failure) 36484K->435K(77952K), 0.0002050 secs]
597.814: [GC (Allocation Failure) 35312K->435K(76800K), 0.0002220 secs]
597.833: [GC (Allocation Failure) 34140K->435K(83584K), 0.0003340 secs]
597.851: [GC (Allocation Failure) 40879K->435K(91712K), 0.0002060 secs]
597.878: [GC (Allocation Failure) 48986K->435K(89920K), 0.0002110 secs]
597.903: [GC (Allocation Failure) 47228K->435K(88192K), 0.0002030 secs]
597.927: [GC (Allocation Failure) 45470K->435K(86592K), 0.0002130 secs]
597.950: [GC (Allocation Failure) 43907K->435K(85056K), 0.0002020 secs]
598.030: [GC (Allocation Failure) 42344K->435K(83584K), 0.0002030 secs]
598.047: [GC (Allocation Failure) 40879K->435K(82176K), 0.0002160 secs]
598.068: [GC (Allocation Failure) 39512K->435K(80832K), 0.0002110 secs]
598.096: [GC (Allocation Failure) 38144K->435K(79552K), 0.0002080 secs]
598.116: [GC (Allocation Failure) 36875K->435K(78336K), 0.0002290 secs]
598.131: [GC (Allocation Failure) 35605K->435K(77184K), 0.0002060 secs]
598.146: [GC (Allocation Failure) 34530K->435K(76032K), 0.0002040 secs]
598.160: [GC (Allocation Failure) 33358K->435K(82624K), 0.0002160 secs]
598.192: [GC (Allocation Failure) 39902K->435K(81280K), 0.0002780 secs]
598.275: [GC (Allocation Failure) 38633K->435K(80000K), 0.0002760 secs]
598.324: [GC (Allocation Failure) 37363K->435K(78720K), 0.0002040 secs]
598.374: [GC (Allocation Failure) 35996K->435K(77504K), 0.0002150 secs]
598.388: [GC (Allocation Failure) 34823K->435K(76352K), 0.0002260 secs]
598.407: [GC (Allocation Failure) 33651K->435K(75264K), 0.0002120 secs]
598.426: [GC (Allocation Failure) 32577K->435K(74240K), 0.0002340 secs]
598.444: [GC (Allocation Failure) 31600K->435K(73216K), 0.0002130 secs]
598.534: [GC (Allocation Failure) 30526K->435K(72256K), 0.0002210 secs]
598.571: [GC (Allocation Failure) 29549K->435K(71360K), 0.0002140 secs]
598.596: [GC (Allocation Failure) 28670K->435K(70464K), 0.0002220 secs]
598.609: [GC (Allocation Failure) 27791K->435K(75968K), 0.0002840 secs]
598.630: [GC (Allocation Failure) 33261K->435K(82560K), 0.0002230 secs]
598.667: [GC (Allocation Failure) 39902K->435K(81216K), 0.0002120 secs]
598.684: [GC (Allocation Failure) 38535K->435K(79936K), 0.0002060 secs]
598.828: [GC (Allocation Failure) 37265K->435K(78656K), 0.0002240 secs]
598.844: [GC (Allocation Failure) 35996K->435K(77440K), 0.0003230 secs]
598.863: [GC (Allocation Failure) 34726K->435K(76288K), 0.0002190 secs]
598.891: [GC (Allocation Failure) 33554K->435K(75200K), 0.0002100 secs]
598.906: [GC (Allocation Failure) 32479K->435K(74176K), 0.0002090 secs]
598.922: [GC (Allocation Failure) 31503K->435K(80448K), 0.0002160 secs]
598.942: [GC (Allocation Failure) 37754K->435K(79168K), 0.0002130 secs]
598.959: [GC (Allocation Failure) 36484K->435K(86400K), 0.0002090 secs]
599.131: [GC (Allocation Failure) 43712K->435K(84864K), 0.0002150 secs]
599.154: [GC (Allocation Failure) 42149K->435K(83392K), 0.0002020 secs]
599.172: [GC (Allocation Failure) 40684K->435K(81984K), 0.0002780 secs]
599.230: [GC (Allocation Failure) 39316K->435K(80640K), 0.0002220 secs]
599.246: [GC (Allocation Failure) 37949K->435K(79360K), 0.0002150 secs]
599.262: [GC (Allocation Failure) 36679K->435K(78144K), 0.0002060 secs]
599.281: [GC (Allocation Failure) 35409K->435K(76992K), 0.0002020 secs]
599.377: [GC (Allocation Failure) 34335K->435K(75904K), 0.0002170 secs]
599.392: [GC (Allocation Failure) 33261K->435K(74816K), 0.0002180 secs]
599.477: [GC (Allocation Failure) 32089K->435K(73792K), 0.0002240 secs]
599.491: [GC (Allocation Failure) 31112K->435K(72832K), 0.0002210 secs]
599.508: [GC (Allocation Failure) 30135K->435K(71872K), 0.0002000 secs]
599.520: [GC (Allocation Failure) 29158K->435K(77632K), 0.0002790 secs]
599.579: [GC (Allocation Failure) 34921K->435K(76480K), 0.0002220 secs]
599.597: [GC (Allocation Failure) 33749K->435K(75392K), 0.0002110 secs]
599.724: [GC (Allocation Failure) 32675K->435K(74368K), 0.0002280 secs]
599.741: [GC (Allocation Failure) 31698K->435K(73344K), 0.0002030 secs]
599.759: [GC (Allocation Failure) 30624K->435K(72384K), 0.0002120 secs]
599.773: [GC (Allocation Failure) 29745K->435K(71488K), 0.0002040 secs]
599.822: [GC (Allocation Failure) 28768K->435K(70592K), 0.0002160 secs]
599.838: [GC (Allocation Failure) 27889K->435K(76096K), 0.0002730 secs]
599.853: [GC (Allocation Failure) 33456K->435K(82752K), 0.0002330 secs]
599.874: [GC (Allocation Failure) 40098K->435K(90688K), 0.0002130 secs]
599.899: [GC (Allocation Failure) 48009K->435K(88960K), 0.0002210 secs]
600.034: [GC (Allocation Failure) 46251K->435K(87296K), 0.0002230 secs]
600.053: [GC (Allocation Failure) 44591K->435K(85696K), 0.0002140 secs]
600.100: [GC (Allocation Failure) 43028K->435K(84160K), 0.0002370 secs]
600.119: [GC (Allocation Failure) 41465K->435K(82688K), 0.0002170 secs]
600.137: [GC (Allocation Failure) 40000K->435K(81344K), 0.0002060 secs]
600.153: [GC (Allocation Failure) 38633K->435K(80000K), 0.0002160 secs]
600.177: [GC (Allocation Failure) 37363K->435K(78720K), 0.0002310 secs]
600.197: [GC (Allocation Failure) 35996K->435K(77504K), 0.0002040 secs]
600.212: [GC (Allocation Failure) 34823K->435K(76352K), 0.0002250 secs]
600.231: [GC (Allocation Failure) 33651K->435K(75264K), 0.0002130 secs]
600.279: [GC (Allocation Failure) 32577K->435K(74240K), 0.0002070 secs]
600.296: [GC (Allocation Failure) 31600K->435K(73216K), 0.0002600 secs]
600.310: [GC (Allocation Failure) 30526K->435K(72256K), 0.0002160 secs]
600.327: [GC (Allocation Failure) 29549K->435K(78144K), 0.0002230 secs]
600.376: [GC (Allocation Failure) 35409K->435K(76992K), 0.0002010 secs]
600.391: [GC (Allocation Failure) 34335K->435K(75904K), 0.0001990 secs]
600.425: [GC (Allocation Failure) 33261K->435K(74816K), 0.0002160 secs]
600.497: [GC (Allocation Failure) 32089K->435K(73792K), 0.0002160 secs]
600.511: [GC (Allocation Failure) 31112K->435K(72832K), 0.0002230 secs]
600.578: [GC (Allocation Failure) 30135K->435K(71872K), 0.0002180 secs]
600.591: [GC (Allocation Failure) 29158K->435K(70976K), 0.0002200 secs]
600.627: [GC (Allocation Failure) 28279K->435K(70144K), 0.0002070 secs]
600.673: [GC (Allocation Failure) 27498K->435K(69312K), 0.0002330 secs]
600.685: [GC (Allocation Failure) 26619K->435K(74560K), 0.0003910 secs]
600.729: [GC (Allocation Failure) 31893K->435K(80896K), 0.0002790 secs]
600.749: [GC (Allocation Failure) 38242K->435K(88512K), 0.0002120 secs]
600.885: [GC (Allocation Failure) 45860K->435K(86848K), 0.0002130 secs]
600.904: [GC (Allocation Failure) 44200K->435K(85312K), 0.0002060 secs]
600.926: [GC (Allocation Failure) 42637K->435K(83840K), 0.0002230 secs]
600.983: [GC (Allocation Failure) 41172K->435K(82432K), 0.0002130 secs]
601.000: [GC (Allocation Failure) 39707K->435K(81088K), 0.0002180 secs]
601.017: [GC (Allocation Failure) 38437K->435K(79808K), 0.0002250 secs]
601.036: [GC (Allocation Failure) 37168K->435K(78592K), 0.0002250 secs]
601.177: [GC (Allocation Failure) 35898K->435K(77376K), 0.0002060 secs]
601.231: [GC (Allocation Failure) 34726K->435K(76224K), 0.0002130 secs]
601.250: [GC (Allocation Failure) 33554K->435K(75136K), 0.0002040 secs]
601.264: [GC (Allocation Failure) 32479K->435K(74112K), 0.0002200 secs]
601.298: [GC (Allocation Failure) 31405K->435K(73152K), 0.0002200 secs]
601.325: [GC (Allocation Failure) 30428K->435K(72192K), 0.0002280 secs]
601.342: [GC (Allocation Failure) 29549K->435K(71296K), 0.0002160 secs]
601.396: [GC (Allocation Failure) 28572K->435K(70400K), 0.0002050 secs]
601.412: [GC (Allocation Failure) 27693K->435K(69568K), 0.0002170 secs]
601.429: [GC (Allocation Failure) 26912K->435K(68800K), 0.0002020 secs]
601.444: [GC (Allocation Failure) 26131K->435K(68032K), 0.0002130 secs]
601.459: [GC (Allocation Failure) 25349K->435K(73024K), 0.0002380 secs]
601.529: [GC (Allocation Failure) 30331K->435K(72064K), 0.0002110 secs]
601.542: [GC (Allocation Failure) 29354K->435K(77888K), 0.0003220 secs]
601.577: [GC (Allocation Failure) 35214K->435K(84864K), 0.0002140 secs]
601.630: [GC (Allocation Failure) 42149K->435K(83392K), 0.0002160 secs]
601.698: [GC (Allocation Failure) 40684K->435K(81984K), 0.0002290 secs]
601.719: [GC (Allocation Failure) 39316K->435K(80640K), 0.0002180 secs]
601.781: [GC (Allocation Failure) 37949K->435K(79360K), 0.0002170 secs]
601.800: [GC (Allocation Failure) 36679K->435K(78144K), 0.0002030 secs]
601.816: [GC (Allocation Failure) 35409K->435K(76992K), 0.0002050 secs]
601.877: [GC (Allocation Failure) 34335K->435K(75904K), 0.0002040 secs]
601.907: [GC (Allocation Failure) 33261K->435K(74816K), 0.0002300 secs]
601.926: [GC (Allocation Failure) 32089K->435K(73792K), 0.0002130 secs]
601.939: [GC (Allocation Failure) 31112K->435K(72832K), 0.0002170 secs]
601.956: [GC (Allocation Failure) 30135K->435K(71872K), 0.0002010 secs]
601.969: [GC (Allocation Failure) 29158K->435K(77632K), 0.0002230 secs]
601.984: [GC (Allocation Failure) 34921K->435K(84544K), 0.0002170 secs]
602.031: [GC (Allocation Failure) 41856K->435K(83072K), 0.0002240 secs]
602.049: [GC (Allocation Failure) 40391K->435K(91072K), 0.0002370 secs]
602.084: [GC (Allocation Failure) 48400K->435K(89280K), 0.0002140 secs]
602.104: [GC (Allocation Failure) 46642K->435K(87616K), 0.0002050 secs]
602.132: [GC (Allocation Failure) 44884K->435K(86016K), 0.0002130 secs]
602.151: [GC (Allocation Failure) 43321K->435K(84480K), 0.0002040 secs]
602.169: [GC (Allocation Failure) 41758K->435K(83008K), 0.0002110 secs]
602.190: [GC (Allocation Failure) 40293K->435K(81600K), 0.0002120 secs]
602.207: [GC (Allocation Failure) 38926K->435K(80256K), 0.0002040 secs]
602.230: [GC (Allocation Failure) 37558K->435K(78976K), 0.0002160 secs]
602.329: [GC (Allocation Failure) 36289K->435K(77760K), 0.0002130 secs]
602.383: [GC (Allocation Failure) 35116K->435K(76608K), 0.0002110 secs]
602.402: [GC (Allocation Failure) 33944K->435K(75520K), 0.0002050 secs]
602.416: [GC (Allocation Failure) 32870K->435K(82048K), 0.0003210 secs]
602.486: [GC (Allocation Failure) 39316K->435K(80704K), 0.0002070 secs]
602.506: [GC (Allocation Failure) 38047K->435K(79424K), 0.0002350 secs]
602.534: [GC (Allocation Failure) 36777K->435K(78208K), 0.0002310 secs]
602.554: [GC (Allocation Failure) 35507K->435K(77056K), 0.0002170 secs]
602.573: [GC (Allocation Failure) 34335K->435K(75904K), 0.0002110 secs]
602.592: [GC (Allocation Failure) 33261K->435K(74816K), 0.0002190 secs]
602.610: [GC (Allocation Failure) 32089K->435K(73792K), 0.0002010 secs]
602.633: [GC (Allocation Failure) 31112K->435K(72832K), 0.0002080 secs]
602.646: [GC (Allocation Failure) 30135K->435K(78784K), 0.0003770 secs]
602.662: [GC (Allocation Failure) 36093K->435K(85952K), 0.0002720 secs]
602.732: [GC (Allocation Failure) 43223K->435K(94528K), 0.0002080 secs]
602.790: [GC (Allocation Failure) 51822K->435K(92608K), 0.0002130 secs]
602.814: [GC (Allocation Failure) 49967K->435K(90752K), 0.0002140 secs]
602.835: [GC (Allocation Failure) 48107K->435K(100288K), 0.0003740 secs]
602.860: [GC (Allocation Failure) 57585K->435K(98112K), 0.0002050 secs]
602.905: [GC (Allocation Failure) 55436K->435K(96000K), 0.0002210 secs]
602.928: [GC (Allocation Failure) 53287K->435K(94016K), 0.0002060 secs]
602.950: [GC (Allocation Failure) 51334K->435K(92096K), 0.0002160 secs]
602.986: [GC (Allocation Failure) 49377K->435K(90304K), 0.0002120 secs]
603.033: [GC (Allocation Failure) 47618K->435K(88576K), 0.0002250 secs]
603.057: [GC (Allocation Failure) 45860K->435K(86912K), 0.0002040 secs]
603.076: [GC (Allocation Failure) 44200K->435K(85312K), 0.0002200 secs]
603.098: [GC (Allocation Failure) 42637K->435K(83840K), 0.0002090 secs]
603.182: [GC (Allocation Failure) 41172K->435K(82432K), 0.0002140 secs]
603.232: [GC (Allocation Failure) 39707K->435K(81088K), 0.0002030 secs]
603.285: [GC (Allocation Failure) 38437K->435K(79808K), 0.0002130 secs]
603.301: [GC (Allocation Failure) 37168K->435K(78592K), 0.0002700 secs]
603.330: [GC (Allocation Failure) 35898K->435K(77376K), 0.0002140 secs]
603.345: [GC (Allocation Failure) 34726K->435K(76224K), 0.0002030 secs]
603.411: [GC (Allocation Failure) 33554K->435K(75136K), 0.0002110 secs]
603.425: [GC (Allocation Failure) 32479K->435K(74112K), 0.0002300 secs]
603.439: [GC (Allocation Failure) 31405K->435K(73152K), 0.0002050 secs]
603.478: [GC (Allocation Failure) 30428K->435K(72192K), 0.0002140 secs]
603.491: [GC (Allocation Failure) 29549K->435K(71296K), 0.0002050 secs]
603.507: [GC (Allocation Failure) 28572K->435K(76992K), 0.0002030 secs]
603.526: [GC (Allocation Failure) 34335K->435K(75904K), 0.0002100 secs]
603.541: [GC (Allocation Failure) 33261K->435K(82496K), 0.0002760 secs]
603.582: [GC (Allocation Failure) 39805K->435K(81152K), 0.0002080 secs]
603.632: [GC (Allocation Failure) 38437K->435K(79872K), 0.0002260 secs]
603.652: [GC (Allocation Failure) 37168K->435K(78656K), 0.0002130 secs]
603.668: [GC (Allocation Failure) 35996K->435K(77440K), 0.0002190 secs]
603.702: [GC (Allocation Failure) 34726K->435K(76288K), 0.0002260 secs]
603.720: [GC (Allocation Failure) 33554K->435K(75200K), 0.0002020 secs]
603.734: [GC (Allocation Failure) 32479K->435K(74176K), 0.0002170 secs]
603.752: [GC (Allocation Failure) 31503K->435K(73152K), 0.0002130 secs]
603.783: [GC (Allocation Failure) 30428K->435K(72192K), 0.0002480 secs]
603.796: [GC (Allocation Failure) 29549K->435K(78016K), 0.0002210 secs]
603.881: [GC (Allocation Failure) 35312K->435K(76864K), 0.0002190 secs]
603.930: [GC (Allocation Failure) 34140K->435K(75776K), 0.0002270 secs]
603.945: [GC (Allocation Failure) 33065K->435K(74688K), 0.0002250 secs]
603.958: [GC (Allocation Failure) 31991K->435K(73664K), 0.0002040 secs]
603.972: [GC (Allocation Failure) 31014K->435K(79808K), 0.0002060 secs]
603.992: [GC (Allocation Failure) 37168K->435K(87168K), 0.0002010 secs]
604.015: [GC (Allocation Failure) 44493K->435K(85568K), 0.0002160 secs]
604.038: [GC (Allocation Failure) 42930K->435K(84032K), 0.0002030 secs]
604.060: [GC (Allocation Failure) 41367K->435K(82624K), 0.0002110 secs]
604.077: [GC (Allocation Failure) 39902K->435K(81280K), 0.0002030 secs]
604.095: [GC (Allocation Failure) 38633K->435K(80000K), 0.0002140 secs]
604.184: [GC (Allocation Failure) 37363K->435K(78720K), 0.0002140 secs]
604.199: [GC (Allocation Failure) 35996K->435K(77504K), 0.0002070 secs]
604.216: [GC (Allocation Failure) 34823K->435K(76352K), 0.0002000 secs]
604.231: [GC (Allocation Failure) 33651K->435K(75264K), 0.0002180 secs]
604.245: [GC (Allocation Failure) 32577K->435K(81728K), 0.0002040 secs]
604.341: [GC (Allocation Failure) 39023K->435K(80384K), 0.0002190 secs]
604.362: [GC (Allocation Failure) 37656K->435K(79104K), 0.0002110 secs]
604.412: [GC (Allocation Failure) 36386K->435K(77888K), 0.0002030 secs]
604.428: [GC (Allocation Failure) 35214K->435K(76736K), 0.0002030 secs]
604.485: [GC (Allocation Failure) 34042K->435K(75648K), 0.0002230 secs]
604.503: [GC (Allocation Failure) 32968K->435K(74560K), 0.0002210 secs]
604.594: [GC (Allocation Failure) 31893K->435K(73536K), 0.0002160 secs]
604.619: [GC (Allocation Failure) 30819K->435K(72576K), 0.0002150 secs]
604.663: [GC (Allocation Failure) 29842K->435K(71680K), 0.0002130 secs]
604.676: [GC (Allocation Failure) 28963K->435K(70784K), 0.0002210 secs]
604.688: [GC (Allocation Failure) 28084K->435K(69952K), 0.0002030 secs]
604.700: [GC (Allocation Failure) 27303K->435K(75328K), 0.0002150 secs]
604.731: [GC (Allocation Failure) 32675K->435K(74304K), 0.0002140 secs]
604.784: [GC (Allocation Failure) 31600K->435K(73280K), 0.0002200 secs]
604.802: [GC (Allocation Failure) 30624K->435K(72320K), 0.0002130 secs]
604.901: [GC (Allocation Failure) 29647K->435K(71424K), 0.0002120 secs]
604.913: [GC (Allocation Failure) 28768K->435K(77120K), 0.0003250 secs]
604.984: [GC (Allocation Failure) 34433K->435K(75968K), 0.0003350 secs]
604.999: [GC (Allocation Failure) 33261K->435K(82560K), 0.0003300 secs]
605.035: [GC (Allocation Failure) 39902K->435K(90496K), 0.0002210 secs]
605.088: [GC (Allocation Failure) 47814K->435K(88768K), 0.0002160 secs]
605.141: [GC (Allocation Failure) 46056K->435K(87104K), 0.0002300 secs]
605.164: [GC (Allocation Failure) 44395K->435K(85504K), 0.0002130 secs]
605.190: [GC (Allocation Failure) 42833K->435K(83968K), 0.0002040 secs]
605.239: [GC (Allocation Failure) 41270K->435K(82560K), 0.0002150 secs]
605.257: [GC (Allocation Failure) 39902K->435K(81216K), 0.0002140 secs]
605.305: [GC (Allocation Failure) 38535K->435K(79936K), 0.0002320 secs]
605.322: [GC (Allocation Failure) 37265K->435K(78656K), 0.0002150 secs]
605.341: [GC (Allocation Failure) 35996K->435K(77440K), 0.0002040 secs]
605.360: [GC (Allocation Failure) 34726K->435K(76288K), 0.0002300 secs]
605.378: [GC (Allocation Failure) 33554K->435K(75200K), 0.0002120 secs]
605.536: [GC (Allocation Failure) 32479K->435K(74176K), 0.0002050 secs]
605.549: [GC (Allocation Failure) 31503K->435K(80448K), 0.0003220 secs]
605.584: [GC (Allocation Failure) 37754K->435K(79168K), 0.0002160 secs]
605.634: [GC (Allocation Failure) 36484K->435K(77952K), 0.0002050 secs]
605.683: [GC (Allocation Failure) 35312K->435K(76800K), 0.0002750 secs]
605.823: [GC (Allocation Failure) 34140K->435K(75712K), 0.0002060 secs]
605.887: [GC (Allocation Failure) 33065K->435K(74624K), 0.0002220 secs]
605.901: [GC (Allocation Failure) 31893K->435K(73600K), 0.0002190 secs]
605.918: [GC (Allocation Failure) 30917K->435K(72640K), 0.0002010 secs]
605.931: [GC (Allocation Failure) 29940K->435K(71744K), 0.0002160 secs]
606.081: [GC (Allocation Failure) 29061K->435K(70848K), 0.0002190 secs]
606.099: [GC (Allocation Failure) 28182K->435K(70016K), 0.0002140 secs]
606.110: [GC (Allocation Failure) 27303K->435K(69184K), 0.0002100 secs]
606.184: [GC (Allocation Failure) 26521K->435K(68416K), 0.0002850 secs]
606.199: [GC (Allocation Failure) 25740K->435K(67648K), 0.0002260 secs]
606.214: [GC (Allocation Failure) 24955K->435K(72576K), 0.0002120 secs]
606.382: [GC (Allocation Failure) 29842K->435K(71680K), 0.0002160 secs]
606.409: [GC (Allocation Failure) 28963K->435K(70784K), 0.0002140 secs]
606.485: [GC (Allocation Failure) 28084K->435K(69952K), 0.0002110 secs]
606.501: [GC (Allocation Failure) 27303K->435K(69120K), 0.0002330 secs]
606.513: [GC (Allocation Failure) 26424K->435K(74368K), 0.0002460 secs]
606.533: [GC (Allocation Failure) 31698K->435K(80640K), 0.0002660 secs]
606.600: [GC (Allocation Failure) 37949K->435K(79360K), 0.0002180 secs]
606.619: [GC (Allocation Failure) 36679K->435K(78144K), 0.0002060 secs]
606.635: [GC (Allocation Failure) 35409K->435K(76992K), 0.0002150 secs]
606.650: [GC (Allocation Failure) 34335K->435K(83776K), 0.0002790 secs]
606.686: [GC (Allocation Failure) 41074K->435K(82368K), 0.0002070 secs]
606.786: [GC (Allocation Failure) 39707K->435K(81024K), 0.0002070 secs]
606.840: [GC (Allocation Failure) 38340K->435K(79744K), 0.0002230 secs]
606.860: [GC (Allocation Failure) 37070K->435K(78528K), 0.0002020 secs]
606.875: [GC (Allocation Failure) 35800K->435K(77312K), 0.0002130 secs]
606.894: [GC (Allocation Failure) 34628K->435K(76160K), 0.0002090 secs]
606.988: [GC (Allocation Failure) 33456K->435K(75072K), 0.0002120 secs]
607.006: [GC (Allocation Failure) 32382K->435K(74048K), 0.0002240 secs]
607.083: [GC (Allocation Failure) 31405K->435K(73088K), 0.0002780 secs]
607.137: [GC (Allocation Failure) 30428K->435K(72128K), 0.0002160 secs]
607.154: [GC (Allocation Failure) 29451K->435K(71232K), 0.0002020 secs]
607.286: [GC (Allocation Failure) 28572K->435K(70400K), 0.0002030 secs]
607.303: [GC (Allocation Failure) 27693K->435K(69568K), 0.0002220 secs]
607.319: [GC (Allocation Failure) 26912K->435K(68800K), 0.0002130 secs]
607.335: [GC (Allocation Failure) 26131K->435K(68032K), 0.0002310 secs]
607.351: [GC (Allocation Failure) 25349K->435K(73024K), 0.0002950 secs]
607.383: [GC (Allocation Failure) 30331K->435K(72064K), 0.0002170 secs]
607.409: [GC (Allocation Failure) 29354K->435K(71168K), 0.0002190 secs]
607.426: [GC (Allocation Failure) 28475K->435K(70336K), 0.0002050 secs]
607.442: [GC (Allocation Failure) 27693K->435K(69504K), 0.0002050 secs]
607.532: [GC (Allocation Failure) 26814K->435K(68736K), 0.0002740 secs]
607.547: [GC (Allocation Failure) 26033K->435K(67968K), 0.0002050 secs]
607.558: [GC (Allocation Failure) 25250K->435K(72960K), 0.0002140 secs]
607.571: [GC (Allocation Failure) 30233K->435K(78976K), 0.0002030 secs]
607.587: [GC (Allocation Failure) 36289K->435K(86208K), 0.0002140 secs]
607.605: [GC (Allocation Failure) 43516K->435K(94848K), 0.0002030 secs]
607.643: [GC (Allocation Failure) 52115K->435K(92928K), 0.0002760 secs]
607.693: [GC (Allocation Failure) 50260K->435K(91072K), 0.0002070 secs]
607.714: [GC (Allocation Failure) 48400K->435K(89280K), 0.0002050 secs]
607.813: [GC (Allocation Failure) 46642K->435K(87616K), 0.0002250 secs]
607.837: [GC (Allocation Failure) 44884K->435K(86016K), 0.0003370 secs]
607.880: [GC (Allocation Failure) 43321K->435K(84480K), 0.0002100 secs]
607.914: [GC (Allocation Failure) 41758K->435K(83008K), 0.0002220 secs]
607.942: [GC (Allocation Failure) 40293K->435K(81600K), 0.0002240 secs]
607.959: [GC (Allocation Failure) 38926K->435K(80256K), 0.0002050 secs]
607.977: [GC (Allocation Failure) 37558K->435K(78976K), 0.0002130 secs]
607.996: [GC (Allocation Failure) 36289K->435K(77760K), 0.0002050 secs]
608.016: [GC (Allocation Failure) 35116K->435K(76608K), 0.0002130 secs]
608.034: [GC (Allocation Failure) 33944K->435K(75520K), 0.0002130 secs]
608.049: [GC (Allocation Failure) 32870K->435K(74496K), 0.0002060 secs]
608.063: [GC (Allocation Failure) 31796K->435K(80832K), 0.0002040 secs]
608.088: [GC (Allocation Failure) 38144K->435K(79552K), 0.0002390 secs]
608.105: [GC (Allocation Failure) 36875K->435K(86848K), 0.0002080 secs]
608.127: [GC (Allocation Failure) 44200K->435K(85312K), 0.0002150 secs]
608.194: [GC (Allocation Failure) 42637K->435K(83840K), 0.0002050 secs]
608.215: [GC (Allocation Failure) 41172K->435K(82432K), 0.0002070 secs]
608.233: [GC (Allocation Failure) 39707K->435K(81088K), 0.0002030 secs]
608.249: [GC (Allocation Failure) 38437K->435K(79808K), 0.0002040 secs]
608.269: [GC (Allocation Failure) 37168K->435K(78592K), 0.0002000 secs]
608.289: [GC (Allocation Failure) 35898K->435K(77376K), 0.0002180 secs]
608.308: [GC (Allocation Failure) 34726K->435K(76224K), 0.0002210 secs]
608.411: [GC (Allocation Failure) 33554K->435K(75136K), 0.0002150 secs]
608.429: [GC (Allocation Failure) 32479K->435K(74112K), 0.0002110 secs]
608.489: [GC (Allocation Failure) 31405K->435K(73152K), 0.0003140 secs]
608.507: [GC (Allocation Failure) 30428K->435K(72192K), 0.0002110 secs]
608.519: [GC (Allocation Failure) 29549K->435K(71296K), 0.0002160 secs]
608.536: [GC (Allocation Failure) 28572K->435K(76992K), 0.0002170 secs]
608.555: [GC (Allocation Failure) 34335K->435K(83776K), 0.0002130 secs]
608.572: [GC (Allocation Failure) 41074K->435K(91968K), 0.0002820 secs]
608.598: [GC (Allocation Failure) 49279K->435K(90176K), 0.0002070 secs]
608.622: [GC (Allocation Failure) 47521K->435K(88448K), 0.0002120 secs]
608.642: [GC (Allocation Failure) 45763K->435K(97536K), 0.0002780 secs]
608.673: [GC (Allocation Failure) 54850K->435K(95488K), 0.0002430 secs]
608.695: [GC (Allocation Failure) 52799K->435K(93504K), 0.0002170 secs]
608.721: [GC (Allocation Failure) 50846K->435K(91648K), 0.0002020 secs]
608.746: [GC (Allocation Failure) 48986K->435K(89856K), 0.0002130 secs]
608.766: [GC (Allocation Failure) 47130K->435K(88128K), 0.0002050 secs]
608.786: [GC (Allocation Failure) 45470K->435K(86528K), 0.0002740 secs]
608.841: [GC (Allocation Failure) 43809K->435K(84992K), 0.0002240 secs]
608.860: [GC (Allocation Failure) 42344K->435K(83520K), 0.0002050 secs]
608.881: [GC (Allocation Failure) 40879K->435K(82112K), 0.0002110 secs]
608.910: [GC (Allocation Failure) 39414K->435K(80768K), 0.0002780 secs]
608.991: [GC (Allocation Failure) 38047K->435K(79488K), 0.0002070 secs]
609.006: [GC (Allocation Failure) 36777K->435K(78272K), 0.0002070 secs]
609.038: [GC (Allocation Failure) 35605K->435K(77120K), 0.0002760 secs]
609.088: [GC (Allocation Failure) 34433K->435K(75968K), 0.0002160 secs]
609.102: [GC (Allocation Failure) 33261K->435K(74880K), 0.0002150 secs]
609.139: [GC (Allocation Failure) 32186K->435K(73856K), 0.0002250 secs]
609.156: [GC (Allocation Failure) 31210K->435K(72896K), 0.0002380 secs]
609.290: [GC (Allocation Failure) 30233K->435K(71936K), 0.0002100 secs]
609.307: [GC (Allocation Failure) 29256K->435K(71040K), 0.0002240 secs]
609.320: [GC (Allocation Failure) 28377K->435K(76672K), 0.0002650 secs]
609.335: [GC (Allocation Failure) 33944K->435K(83392K), 0.0002070 secs]
609.356: [GC (Allocation Failure) 40684K->435K(91456K), 0.0002150 secs]
609.398: [GC (Allocation Failure) 48791K->435K(89664K), 0.0002200 secs]
609.419: [GC (Allocation Failure) 46935K->435K(87936K), 0.0002130 secs]
609.438: [GC (Allocation Failure) 45274K->435K(86336K), 0.0002030 secs]
609.461: [GC (Allocation Failure) 43614K->435K(84800K), 0.0002150 secs]
609.483: [GC (Allocation Failure) 42149K->435K(83328K), 0.0002210 secs]
609.644: [GC (Allocation Failure) 40684K->435K(81920K), 0.0002200 secs]
609.665: [GC (Allocation Failure) 39219K->435K(80576K), 0.0002030 secs]
609.686: [GC (Allocation Failure) 37851K->435K(79296K), 0.0002110 secs]
609.707: [GC (Allocation Failure) 36582K->435K(78080K), 0.0002180 secs]
609.724: [GC (Allocation Failure) 35409K->435K(76928K), 0.0002150 secs]
609.739: [GC (Allocation Failure) 34237K->435K(75840K), 0.0002180 secs]
609.786: [GC (Allocation Failure) 33163K->435K(74752K), 0.0002060 secs]
609.888: [GC (Allocation Failure) 32089K->435K(73728K), 0.0002080 secs]
609.938: [GC (Allocation Failure) 31014K->435K(72768K), 0.0002170 secs]
609.954: [GC (Allocation Failure) 30038K->435K(71808K), 0.0002220 secs]
609.987: [GC (Allocation Failure) 29158K->435K(70912K), 0.0002270 secs]
610.003: [GC (Allocation Failure) 28182K->435K(70080K), 0.0002130 secs]
610.036: [GC (Allocation Failure) 27400K->435K(69248K), 0.0002770 secs]
610.107: [GC (Allocation Failure) 26521K->435K(68480K), 0.0002170 secs]
610.118: [GC (Allocation Failure) 25838K->435K(67712K), 0.0002190 secs]
610.131: [GC (Allocation Failure) 25052K->435K(72640K), 0.0002070 secs]
610.191: [GC (Allocation Failure) 29940K->435K(71744K), 0.0002240 secs]
610.208: [GC (Allocation Failure) 29061K->435K(70848K), 0.0002320 secs]
610.221: [GC (Allocation Failure) 28182K->435K(76416K), 0.0002200 secs]
610.293: [GC (Allocation Failure) 33749K->435K(75328K), 0.0002240 secs]
610.307: [GC (Allocation Failure) 32675K->435K(74304K), 0.0002080 secs]
610.335: [GC (Allocation Failure) 31600K->435K(73280K), 0.0002050 secs]
610.410: [GC (Allocation Failure) 30624K->435K(72320K), 0.0002200 secs]
610.425: [GC (Allocation Failure) 29647K->435K(71424K), 0.0002130 secs]
610.487: [GC (Allocation Failure) 28768K->435K(70528K), 0.0002080 secs]
610.537: [GC (Allocation Failure) 27889K->435K(69696K), 0.0002040 secs]
610.587: [GC (Allocation Failure) 27010K->435K(68928K), 0.0002110 secs]
610.598: [GC (Allocation Failure) 26228K->435K(68160K), 0.0002050 secs]
610.613: [GC (Allocation Failure) 25447K->435K(67456K), 0.0002140 secs]
610.628: [GC (Allocation Failure) 24759K->435K(72384K), 0.0002490 secs]
610.659: [GC (Allocation Failure) 29745K->435K(71488K), 0.0002750 secs]
610.689: [GC (Allocation Failure) 28768K->435K(70592K), 0.0002040 secs]
610.737: [GC (Allocation Failure) 27889K->435K(69760K), 0.0002240 secs]
610.753: [GC (Allocation Failure) 27107K->435K(68992K), 0.0002720 secs]
610.768: [GC (Allocation Failure) 26326K->435K(74176K), 0.0002180 secs]
610.782: [GC (Allocation Failure) 31503K->435K(80448K), 0.0002170 secs]
610.841: [GC (Allocation Failure) 37754K->435K(79168K), 0.0002130 secs]
610.891: [GC (Allocation Failure) 36484K->435K(77952K), 0.0002090 secs]
610.911: [GC (Allocation Failure) 35312K->435K(76800K), 0.0002790 secs]
610.930: [GC (Allocation Failure) 34140K->435K(75712K), 0.0002220 secs]
610.945: [GC (Allocation Failure) 33065K->435K(74624K), 0.0002030 secs]
611.010: [GC (Allocation Failure) 31893K->435K(73600K), 0.0002140 secs]
611.024: [GC (Allocation Failure) 30917K->435K(79744K), 0.0003270 secs]
611.092: [GC (Allocation Failure) 37070K->435K(78528K), 0.0002160 secs]
611.111: [GC (Allocation Failure) 35800K->435K(77312K), 0.0002040 secs]
611.140: [GC (Allocation Failure) 34628K->435K(76160K), 0.0003240 secs]
611.190: [GC (Allocation Failure) 33456K->435K(75072K), 0.0002160 secs]
611.208: [GC (Allocation Failure) 32382K->435K(74048K), 0.0002140 secs]
611.225: [GC (Allocation Failure) 31405K->435K(73088K), 0.0002120 secs]
611.242: [GC (Allocation Failure) 30428K->435K(72128K), 0.0002290 secs]
611.310: [GC (Allocation Failure) 29451K->435K(71232K), 0.0002260 secs]
611.323: [GC (Allocation Failure) 28572K->435K(70400K), 0.0002240 secs]
611.388: [GC (Allocation Failure) 27693K->435K(69568K), 0.0002050 secs]
611.408: [GC (Allocation Failure) 26912K->435K(68800K), 0.0002280 secs]
611.441: [GC (Allocation Failure) 26131K->435K(68032K), 0.0002060 secs]
611.456: [GC (Allocation Failure) 25349K->435K(67328K), 0.0002180 secs]
611.468: [GC (Allocation Failure) 24662K->435K(72192K), 0.0002720 secs]
611.493: [GC (Allocation Failure) 29549K->435K(78016K), 0.0002120 secs]
611.512: [GC (Allocation Failure) 35312K->435K(85056K), 0.0002050 secs]
611.534: [GC (Allocation Failure) 42344K->435K(83584K), 0.0002040 secs]
611.648: [GC (Allocation Failure) 40879K->435K(82176K), 0.0002090 secs]
611.665: [GC (Allocation Failure) 39512K->435K(80832K), 0.0002150 secs]
611.686: [GC (Allocation Failure) 38144K->435K(79552K), 0.0002110 secs]
611.737: [GC (Allocation Failure) 36875K->435K(78336K), 0.0003220 secs]
611.896: [GC (Allocation Failure) 35605K->435K(77184K), 0.0002260 secs]
611.915: [GC (Allocation Failure) 34530K->435K(76032K), 0.0002120 secs]
611.991: [GC (Allocation Failure) 33358K->435K(74944K), 0.0002160 secs]
612.041: [GC (Allocation Failure) 32284K->435K(73920K), 0.0002150 secs]
612.054: [GC (Allocation Failure) 31210K->435K(72960K), 0.0002050 secs]
612.112: [GC (Allocation Failure) 30233K->435K(72000K), 0.0002290 secs]
612.125: [GC (Allocation Failure) 29354K->435K(71104K), 0.0002200 secs]
612.194: [GC (Allocation Failure) 28377K->435K(70272K), 0.0002290 secs]
612.206: [GC (Allocation Failure) 27596K->435K(75712K), 0.0003940 secs]
612.295: [GC (Allocation Failure) 33065K->435K(74624K), 0.0002260 secs]
612.309: [GC (Allocation Failure) 31893K->435K(80960K), 0.0002060 secs]
612.344: [GC (Allocation Failure) 38242K->435K(79680K), 0.0002150 secs]
612.364: [GC (Allocation Failure) 36972K->435K(78464K), 0.0002040 secs]
612.408: [GC (Allocation Failure) 35800K->435K(77312K), 0.0002080 secs]
612.427: [GC (Allocation Failure) 34628K->435K(76160K), 0.0002770 secs]
612.442: [GC (Allocation Failure) 33456K->435K(75072K), 0.0002160 secs]
612.456: [GC (Allocation Failure) 32382K->435K(81472K), 0.0002030 secs]
612.512: [GC (Allocation Failure) 38828K->435K(80128K), 0.0002170 secs]
612.532: [GC (Allocation Failure) 37461K->435K(78848K), 0.0002140 secs]
612.548: [GC (Allocation Failure) 36191K->435K(77632K), 0.0002240 secs]
612.596: [GC (Allocation Failure) 34921K->435K(76480K), 0.0002190 secs]
612.613: [GC (Allocation Failure) 33749K->435K(75392K), 0.0002330 secs]
612.644: [GC (Allocation Failure) 32675K->435K(74368K), 0.0002130 secs]
612.658: [GC (Allocation Failure) 31698K->435K(73344K), 0.0002040 secs]
612.672: [GC (Allocation Failure) 30624K->435K(79424K), 0.0002160 secs]
612.692: [GC (Allocation Failure) 36777K->435K(78208K), 0.0002010 secs]
612.711: [GC (Allocation Failure) 35507K->435K(77056K), 0.0002160 secs]
612.728: [GC (Allocation Failure) 34335K->435K(75904K), 0.0002130 secs]
612.796: [GC (Allocation Failure) 33261K->435K(74816K), 0.0002180 secs]
612.810: [GC (Allocation Failure) 32089K->435K(73792K), 0.0002180 secs]
612.842: [GC (Allocation Failure) 31112K->435K(72832K), 0.0002850 secs]
612.859: [GC (Allocation Failure) 30135K->435K(78784K), 0.0002740 secs]
612.878: [GC (Allocation Failure) 36093K->435K(77568K), 0.0001980 secs]
612.897: [GC (Allocation Failure) 34921K->435K(76416K), 0.0002150 secs]
612.943: [GC (Allocation Failure) 33749K->435K(75328K), 0.0002290 secs]
612.957: [GC (Allocation Failure) 32675K->435K(74304K), 0.0002120 secs]
613.026: [GC (Allocation Failure) 31600K->435K(73280K), 0.0002190 secs]
613.044: [GC (Allocation Failure) 30624K->435K(72320K), 0.0002030 secs]
613.061: [GC (Allocation Failure) 29647K->435K(71424K), 0.0002190 secs]
613.073: [GC (Allocation Failure) 28768K->435K(77120K), 0.0003200 secs]
613.148: [GC (Allocation Failure) 34433K->435K(83968K), 0.0003340 secs]
613.166: [GC (Allocation Failure) 41270K->435K(92160K), 0.0002300 secs]
613.192: [GC (Allocation Failure) 49474K->435K(90368K), 0.0002100 secs]
613.316: [GC (Allocation Failure) 47716K->435K(88640K), 0.0002290 secs]
613.340: [GC (Allocation Failure) 45958K->435K(86976K), 0.0002020 secs]
613.402: [GC (Allocation Failure) 44298K->435K(85376K), 0.0002130 secs]
613.424: [GC (Allocation Failure) 42735K->435K(83904K), 0.0002020 secs]
613.446: [GC (Allocation Failure) 41172K->435K(82496K), 0.0002180 secs]
613.467: [GC (Allocation Failure) 39805K->435K(81152K), 0.0002040 secs]
613.496: [GC (Allocation Failure) 38437K->435K(79872K), 0.0002780 secs]
613.589: [GC (Allocation Failure) 37168K->435K(78656K), 0.0002400 secs]
613.605: [GC (Allocation Failure) 35996K->435K(77440K), 0.0002170 secs]
613.648: [GC (Allocation Failure) 34726K->435K(76288K), 0.0002450 secs]
613.668: [GC (Allocation Failure) 33554K->435K(75200K), 0.0002290 secs]
613.682: [GC (Allocation Failure) 32479K->435K(74176K), 0.0002050 secs]
613.700: [GC (Allocation Failure) 31503K->435K(73152K), 0.0001910 secs]
613.716: [GC (Allocation Failure) 30428K->435K(72192K), 0.0002150 secs]
613.729: [GC (Allocation Failure) 29549K->435K(78016K), 0.0002180 secs]
613.744: [GC (Allocation Failure) 35312K->435K(85056K), 0.0002080 secs]
613.763: [GC (Allocation Failure) 42344K->435K(93504K), 0.0002050 secs]
613.788: [GC (Allocation Failure) 50846K->435K(91648K), 0.0002020 secs]
613.813: [GC (Allocation Failure) 48986K->435K(89856K), 0.0002240 secs]
613.913: [GC (Allocation Failure) 47130K->435K(88128K), 0.0002060 secs]
613.940: [GC (Allocation Failure) 45470K->435K(86528K), 0.0002150 secs]
613.963: [GC (Allocation Failure) 43809K->435K(84992K), 0.0002000 secs]
614.002: [GC (Allocation Failure) 42344K->435K(83520K), 0.0002080 secs]
614.019: [GC (Allocation Failure) 40879K->435K(82112K), 0.0002730 secs]
614.047: [GC (Allocation Failure) 39414K->435K(80768K), 0.0002160 secs]
614.096: [GC (Allocation Failure) 38047K->435K(79488K), 0.0002170 secs]
614.116: [GC (Allocation Failure) 36777K->435K(78272K), 0.0002040 secs]
614.131: [GC (Allocation Failure) 35605K->435K(77120K), 0.0002170 secs]
614.150: [GC (Allocation Failure) 34433K->435K(75968K), 0.0002120 secs]
614.238: [GC (Allocation Failure) 33261K->435K(74880K), 0.0002180 secs]
614.256: [GC (Allocation Failure) 32186K->435K(73856K), 0.0002030 secs]
614.273: [GC (Allocation Failure) 31210K->435K(72896K), 0.0002110 secs]
614.291: [GC (Allocation Failure) 30233K->435K(71936K), 0.0002150 secs]
614.343: [GC (Allocation Failure) 29256K->435K(71040K), 0.0002720 secs]
614.392: [GC (Allocation Failure) 28377K->435K(70208K), 0.0002080 secs]
614.408: [GC (Allocation Failure) 27498K->435K(69376K), 0.0002130 secs]
614.424: [GC (Allocation Failure) 26717K->435K(68608K), 0.0002020 secs]
614.439: [GC (Allocation Failure) 25935K->435K(67840K), 0.0002020 secs]
614.454: [GC (Allocation Failure) 25150K->435K(72832K), 0.0002270 secs]
614.467: [GC (Allocation Failure) 30135K->435K(78784K), 0.0002150 secs]
614.483: [GC (Allocation Failure) 36093K->435K(85952K), 0.0002020 secs]
614.505: [GC (Allocation Failure) 43223K->435K(94528K), 0.0002050 secs]
614.600: [GC (Allocation Failure) 51822K->435K(92608K), 0.0003260 secs]
614.626: [GC (Allocation Failure) 49967K->435K(90752K), 0.0002070 secs]
614.652: [GC (Allocation Failure) 48107K->435K(89024K), 0.0002690 secs]
614.680: [GC (Allocation Failure) 46349K->435K(87360K), 0.0002230 secs]
614.700: [GC (Allocation Failure) 44688K->435K(85760K), 0.0002070 secs]
614.721: [GC (Allocation Failure) 43028K->435K(84224K), 0.0002140 secs]
614.799: [GC (Allocation Failure) 41563K->435K(82752K), 0.0002070 secs]
614.848: [GC (Allocation Failure) 40098K->435K(81344K), 0.0002160 secs]
614.899: [GC (Allocation Failure) 38633K->435K(80000K), 0.0003540 secs]
614.919: [GC (Allocation Failure) 37363K->435K(78720K), 0.0002790 secs]
614.935: [GC (Allocation Failure) 35996K->435K(77504K), 0.0002210 secs]
615.013: [GC (Allocation Failure) 34823K->435K(76352K), 0.0002300 secs]
615.032: [GC (Allocation Failure) 33651K->435K(75264K), 0.0002020 secs]
615.049: [GC (Allocation Failure) 32577K->435K(74240K), 0.0002130 secs]
615.067: [GC (Allocation Failure) 31600K->435K(73216K), 0.0002290 secs]
615.095: [GC (Allocation Failure) 30526K->435K(72256K), 0.0002150 secs]
615.111: [GC (Allocation Failure) 29549K->435K(71360K), 0.0002040 secs]
615.133: [GC (Allocation Failure) 28670K->435K(70464K), 0.0002740 secs]
615.205: [GC (Allocation Failure) 27791K->435K(69632K), 0.0002270 secs]
615.220: [GC (Allocation Failure) 26912K->435K(68864K), 0.0002030 secs]
615.236: [GC (Allocation Failure) 26131K->435K(68096K), 0.0002270 secs]
615.247: [GC (Allocation Failure) 25447K->435K(73152K), 0.0002160 secs]
615.260: [GC (Allocation Failure) 30428K->435K(79168K), 0.0002050 secs]
615.276: [GC (Allocation Failure) 36484K->435K(86400K), 0.0002140 secs]
615.295: [GC (Allocation Failure) 43712K->435K(95104K), 0.0002050 secs]
615.321: [GC (Allocation Failure) 52408K->435K(105536K), 0.0002170 secs]
615.352: [GC (Allocation Failure) 62859K->435K(103104K), 0.0002120 secs]
615.379: [GC (Allocation Failure) 60417K->435K(100800K), 0.0002030 secs]
615.408: [GC (Allocation Failure) 58073K->435K(98560K), 0.0002130 secs]
615.510: [GC (Allocation Failure) 55827K->435K(96448K), 0.0002070 secs]
615.533: [GC (Allocation Failure) 53776K->435K(94400K), 0.0002030 secs]
615.556: [GC (Allocation Failure) 51725K->435K(92480K), 0.0002030 secs]
615.708: [GC (Allocation Failure) 49767K->435K(90624K), 0.0002130 secs]
615.728: [GC (Allocation Failure) 47911K->435K(88896K), 0.0003010 secs]
615.806: [GC (Allocation Failure) 46251K->435K(87232K), 0.0002240 secs]
615.826: [GC (Allocation Failure) 44591K->435K(85632K), 0.0002000 secs]
615.855: [GC (Allocation Failure) 42930K->435K(84096K), 0.0002360 secs]
615.878: [GC (Allocation Failure) 41367K->435K(82624K), 0.0002300 secs]
615.900: [GC (Allocation Failure) 39902K->435K(81280K), 0.0002140 secs]
615.917: [GC (Allocation Failure) 38633K->435K(80000K), 0.0002130 secs]
615.937: [GC (Allocation Failure) 37363K->435K(78720K), 0.0002090 secs]
616.002: [GC (Allocation Failure) 35996K->435K(77504K), 0.0002140 secs]
616.018: [GC (Allocation Failure) 34823K->435K(76352K), 0.0002020 secs]
616.033: [GC (Allocation Failure) 33651K->435K(75264K), 0.0002120 secs]
616.051: [GC (Allocation Failure) 32577K->435K(74240K), 0.0002110 secs]
616.096: [GC (Allocation Failure) 31600K->435K(73216K), 0.0002780 secs]
616.121: [GC (Allocation Failure) 30526K->435K(72256K), 0.0002240 secs]
616.134: [GC (Allocation Failure) 29549K->435K(78144K), 0.0002720 secs]
616.154: [GC (Allocation Failure) 35409K->435K(85184K), 0.0002030 secs]
616.177: [GC (Allocation Failure) 42540K->435K(83712K), 0.0002380 secs]
616.195: [GC (Allocation Failure) 41074K->435K(82304K), 0.0002160 secs]
616.254: [GC (Allocation Failure) 39609K->435K(80960K), 0.0002140 secs]
616.275: [GC (Allocation Failure) 38242K->435K(79680K), 0.0002050 secs]
616.291: [GC (Allocation Failure) 36972K->435K(78464K), 0.0002190 secs]
616.311: [GC (Allocation Failure) 35800K->435K(77312K), 0.0002220 secs]
616.348: [GC (Allocation Failure) 34628K->435K(76160K), 0.0002270 secs]
616.366: [GC (Allocation Failure) 33456K->435K(75072K), 0.0002020 secs]
616.384: [GC (Allocation Failure) 32382K->435K(74048K), 0.0002070 secs]
616.401: [GC (Allocation Failure) 31405K->435K(73088K), 0.0002220 secs]
616.538: [GC (Allocation Failure) 30428K->435K(72128K), 0.0002140 secs]
616.554: [GC (Allocation Failure) 29451K->435K(71232K), 0.0002050 secs]
616.566: [GC (Allocation Failure) 28572K->435K(70400K), 0.0002050 secs]
616.593: [GC (Allocation Failure) 27693K->435K(69568K), 0.0002680 secs]
616.609: [GC (Allocation Failure) 26912K->435K(74880K), 0.0003250 secs]
616.628: [GC (Allocation Failure) 32186K->435K(81280K), 0.0002190 secs]
616.646: [GC (Allocation Failure) 38633K->435K(88960K), 0.0002150 secs]
616.670: [GC (Allocation Failure) 46251K->435K(98176K), 0.0002140 secs]
616.694: [GC (Allocation Failure) 55534K->435K(96064K), 0.0002060 secs]
616.721: [GC (Allocation Failure) 53385K->435K(94080K), 0.0002030 secs]
616.856: [GC (Allocation Failure) 51432K->435K(92160K), 0.0002190 secs]
616.910: [GC (Allocation Failure) 49474K->435K(90368K), 0.0002170 secs]
616.931: [GC (Allocation Failure) 47716K->435K(88640K), 0.0002060 secs]
616.955: [GC (Allocation Failure) 45958K->435K(86976K), 0.0002740 secs]
616.978: [GC (Allocation Failure) 44298K->435K(85376K), 0.0002140 secs]
617.000: [GC (Allocation Failure) 42735K->435K(83904K), 0.0002020 secs]
617.022: [GC (Allocation Failure) 41172K->435K(82496K), 0.0002140 secs]
617.043: [GC (Allocation Failure) 39805K->435K(81152K), 0.0002100 secs]
617.064: [GC (Allocation Failure) 38437K->435K(79872K), 0.0002310 secs]
617.080: [GC (Allocation Failure) 37168K->435K(78656K), 0.0002080 secs]
617.150: [GC (Allocation Failure) 35996K->435K(77440K), 0.0002070 secs]
617.203: [GC (Allocation Failure) 34726K->435K(76288K), 0.0002130 secs]
617.222: [GC (Allocation Failure) 33554K->435K(75200K), 0.0002020 secs]
617.253: [GC (Allocation Failure) 32479K->435K(74176K), 0.0002210 secs]
617.266: [GC (Allocation Failure) 31503K->435K(73152K), 0.0002700 secs]
617.315: [GC (Allocation Failure) 30428K->435K(72192K), 0.0002160 secs]
617.329: [GC (Allocation Failure) 29549K->435K(71296K), 0.0002030 secs]
617.347: [GC (Allocation Failure) 28572K->435K(70400K), 0.0002730 secs]
617.400: [GC (Allocation Failure) 27693K->435K(69568K), 0.0002150 secs]
617.416: [GC (Allocation Failure) 26912K->435K(68800K), 0.0002040 secs]
617.496: [GC (Allocation Failure) 26131K->435K(68032K), 0.0002780 secs]
617.550: [GC (Allocation Failure) 25349K->435K(67328K), 0.0002170 secs]
617.561: [GC (Allocation Failure) 24662K->435K(66624K), 0.0002290 secs]
617.579: [GC (Allocation Failure) 23978K->435K(65984K), 0.0002170 secs]
617.595: [GC (Allocation Failure) 23294K->435K(70592K), 0.0002740 secs]
617.608: [GC (Allocation Failure) 27889K->435K(76096K), 0.0003250 secs]
617.700: [GC (Allocation Failure) 33456K->435K(82752K), 0.0002310 secs]
617.721: [GC (Allocation Failure) 40098K->435K(90688K), 0.0002180 secs]
617.756: [GC (Allocation Failure) 48009K->435K(88960K), 0.0002740 secs]
617.805: [GC (Allocation Failure) 46251K->435K(87296K), 0.0002150 secs]
617.828: [GC (Allocation Failure) 44591K->435K(85696K), 0.0002040 secs]
617.847: [GC (Allocation Failure) 43028K->435K(94272K), 0.0003530 secs]
617.874: [GC (Allocation Failure) 51627K->435K(92352K), 0.0002220 secs]
617.908: [GC (Allocation Failure) 49670K->435K(90496K), 0.0002290 secs]
617.929: [GC (Allocation Failure) 47814K->435K(88768K), 0.0002160 secs]
617.960: [GC (Allocation Failure) 46056K->435K(87104K), 0.0002410 secs]
617.980: [GC (Allocation Failure) 44395K->435K(85504K), 0.0002180 secs]
618.028: [GC (Allocation Failure) 42833K->435K(83968K), 0.0002320 secs]
618.050: [GC (Allocation Failure) 41270K->435K(82560K), 0.0002120 secs]
618.104: [GC (Allocation Failure) 39902K->435K(81216K), 0.0002080 secs]
618.129: [GC (Allocation Failure) 38535K->435K(79936K), 0.0002190 secs]
618.149: [GC (Allocation Failure) 37265K->435K(78656K), 0.0002080 secs]
618.165: [GC (Allocation Failure) 35996K->435K(77440K), 0.0002050 secs]
618.217: [GC (Allocation Failure) 34726K->435K(76288K), 0.0002260 secs]
618.231: [GC (Allocation Failure) 33554K->435K(75200K), 0.0002170 secs]
618.249: [GC (Allocation Failure) 32479K->435K(74176K), 0.0002160 secs]
618.304: [GC (Allocation Failure) 31503K->435K(73152K), 0.0002030 secs]
618.321: [GC (Allocation Failure) 30428K->435K(72192K), 0.0002170 secs]
618.334: [GC (Allocation Failure) 29549K->435K(78016K), 0.0002720 secs]
618.405: [GC (Allocation Failure) 35312K->435K(76864K), 0.0002250 secs]
618.424: [GC (Allocation Failure) 34140K->435K(75776K), 0.0002150 secs]
618.451: [GC (Allocation Failure) 33065K->435K(74688K), 0.0002020 secs]
618.469: [GC (Allocation Failure) 31991K->435K(73664K), 0.0002110 secs]
618.486: [GC (Allocation Failure) 31014K->435K(72704K), 0.0002040 secs]
618.502: [GC (Allocation Failure) 30038K->435K(78656K), 0.0003190 secs]
618.518: [GC (Allocation Failure) 35996K->435K(85824K), 0.0002100 secs]
618.598: [GC (Allocation Failure) 43126K->435K(84288K), 0.0002270 secs]
618.616: [GC (Allocation Failure) 41563K->435K(82816K), 0.0002030 secs]
618.637: [GC (Allocation Failure) 40098K->435K(81408K), 0.0002130 secs]
618.654: [GC (Allocation Failure) 38730K->435K(80064K), 0.0002200 secs]
618.707: [GC (Allocation Failure) 37363K->435K(78784K), 0.0002280 secs]
618.727: [GC (Allocation Failure) 36093K->435K(77568K), 0.0002130 secs]
618.746: [GC (Allocation Failure) 34921K->435K(76416K), 0.0002110 secs]
618.851: [GC (Allocation Failure) 33749K->435K(75328K), 0.0002750 secs]
618.905: [GC (Allocation Failure) 32675K->435K(74304K), 0.0002260 secs]
618.921: [GC (Allocation Failure) 31600K->435K(73280K), 0.0002180 secs]
618.937: [GC (Allocation Failure) 30624K->435K(72320K), 0.0002090 secs]
618.954: [GC (Allocation Failure) 29647K->435K(71424K), 0.0002240 secs]
619.003: [GC (Allocation Failure) 28768K->435K(70528K), 0.0002150 secs]
619.019: [GC (Allocation Failure) 27889K->435K(69696K), 0.0002210 secs]
619.031: [GC (Allocation Failure) 27010K->435K(75072K), 0.0002160 secs]
619.045: [GC (Allocation Failure) 32382K->435K(81472K), 0.0002050 secs]
619.154: [GC (Allocation Failure) 38828K->435K(80128K), 0.0002700 secs]
619.207: [GC (Allocation Failure) 37461K->435K(78848K), 0.0002230 secs]
619.223: [GC (Allocation Failure) 36191K->435K(77632K), 0.0002150 secs]
619.252: [GC (Allocation Failure) 34921K->435K(76480K), 0.0002160 secs]
619.306: [GC (Allocation Failure) 33749K->435K(75392K), 0.0001910 secs]
619.319: [GC (Allocation Failure) 32675K->435K(74368K), 0.0002080 secs]
619.337: [GC (Allocation Failure) 31698K->435K(73344K), 0.0002250 secs]
619.406: [GC (Allocation Failure) 30624K->435K(72384K), 0.0002050 secs]
619.450: [GC (Allocation Failure) 29745K->435K(71488K), 0.0002150 secs]
619.467: [GC (Allocation Failure) 28768K->435K(70592K), 0.0002040 secs]
619.483: [GC (Allocation Failure) 27889K->435K(69760K), 0.0002350 secs]
619.499: [GC (Allocation Failure) 27107K->435K(68992K), 0.0002040 secs]
619.514: [GC (Allocation Failure) 26326K->435K(74176K), 0.0002140 secs]
619.528: [GC (Allocation Failure) 31503K->435K(80448K), 0.0002200 secs]
619.558: [GC (Allocation Failure) 37754K->435K(79168K), 0.0002210 secs]
619.577: [GC (Allocation Failure) 36484K->435K(77952K), 0.0002130 secs]
619.597: [GC (Allocation Failure) 35312K->435K(76800K), 0.0002020 secs]
619.616: [GC (Allocation Failure) 34140K->435K(75712K), 0.0002270 secs]
619.631: [GC (Allocation Failure) 33065K->435K(82240K), 0.0002230 secs]
619.652: [GC (Allocation Failure) 39512K->435K(80896K), 0.0002020 secs]
619.721: [GC (Allocation Failure) 38242K->435K(79616K), 0.0002150 secs]
619.754: [GC (Allocation Failure) 36972K->435K(78400K), 0.0002310 secs]
619.770: [GC (Allocation Failure) 35702K->435K(77248K), 0.0002060 secs]
619.785: [GC (Allocation Failure) 34530K->435K(76096K), 0.0002020 secs]
619.803: [GC (Allocation Failure) 33456K->435K(75008K), 0.0002150 secs]
619.818: [GC (Allocation Failure) 32284K->435K(81408K), 0.0002220 secs]
619.855: [GC (Allocation Failure) 38730K->435K(80064K), 0.0002210 secs]
619.908: [GC (Allocation Failure) 37363K->435K(78784K), 0.0002180 secs]
619.928: [GC (Allocation Failure) 36093K->435K(77568K), 0.0002030 secs]
620.057: [GC (Allocation Failure) 34921K->435K(76416K), 0.0002040 secs]
620.076: [GC (Allocation Failure) 33749K->435K(75328K), 0.0002310 secs]
620.090: [GC (Allocation Failure) 32675K->435K(74304K), 0.0002040 secs]
620.104: [GC (Allocation Failure) 31600K->435K(73280K), 0.0002040 secs]
620.150: [GC (Allocation Failure) 30624K->435K(72320K), 0.0002110 secs]
620.167: [GC (Allocation Failure) 29647K->435K(71424K), 0.0002260 secs]
620.179: [GC (Allocation Failure) 28768K->435K(77120K), 0.0002070 secs]
620.198: [GC (Allocation Failure) 34433K->435K(83968K), 0.0002120 secs]
620.216: [GC (Allocation Failure) 41270K->435K(92160K), 0.0002190 secs]
620.239: [GC (Allocation Failure) 49474K->435K(90368K), 0.0002010 secs]
620.313: [GC (Allocation Failure) 47716K->435K(88640K), 0.0002020 secs]
620.333: [GC (Allocation Failure) 45958K->435K(86976K), 0.0002700 secs]
620.408: [GC (Allocation Failure) 44298K->435K(85376K), 0.0002040 secs]
620.457: [GC (Allocation Failure) 42735K->435K(83904K), 0.0002230 secs]
620.475: [GC (Allocation Failure) 41172K->435K(82496K), 0.0002150 secs]
620.527: [GC (Allocation Failure) 39805K->435K(81152K), 0.0002270 secs]
620.547: [GC (Allocation Failure) 38437K->435K(79872K), 0.0002040 secs]
620.594: [GC (Allocation Failure) 37168K->435K(78656K), 0.0002240 secs]
620.613: [GC (Allocation Failure) 35996K->435K(77440K), 0.0002140 secs]
620.632: [GC (Allocation Failure) 34726K->435K(76288K), 0.0002180 secs]
620.666: [GC (Allocation Failure) 33554K->435K(75200K), 0.0002310 secs]
620.680: [GC (Allocation Failure) 32479K->435K(74176K), 0.0002650 secs]
620.707: [GC (Allocation Failure) 31503K->435K(73152K), 0.0002130 secs]
620.721: [GC (Allocation Failure) 30428K->435K(72192K), 0.0002160 secs]
620.756: [GC (Allocation Failure) 29549K->435K(71296K), 0.0002130 secs]
620.769: [GC (Allocation Failure) 28572K->435K(76992K), 0.0003200 secs]
620.906: [GC (Allocation Failure) 34335K->435K(75904K), 0.0002040 secs]
620.920: [GC (Allocation Failure) 33261K->435K(82496K), 0.0002100 secs]
620.946: [GC (Allocation Failure) 39805K->435K(81152K), 0.0002190 secs]
620.962: [GC (Allocation Failure) 38437K->435K(79872K), 0.0002140 secs]
620.982: [GC (Allocation Failure) 37168K->435K(78656K), 0.0002140 secs]
621.006: [GC (Allocation Failure) 35996K->435K(77440K), 0.0002160 secs]
621.025: [GC (Allocation Failure) 34726K->435K(76288K), 0.0002020 secs]
621.044: [GC (Allocation Failure) 33554K->435K(75200K), 0.0002380 secs]
621.139: [GC (Allocation Failure) 32479K->435K(74176K), 0.0002120 secs]
621.152: [GC (Allocation Failure) 31503K->435K(80448K), 0.0003550 secs]
621.210: [GC (Allocation Failure) 37754K->435K(79168K), 0.0002200 secs]
621.230: [GC (Allocation Failure) 36484K->435K(77952K), 0.0002150 secs]
621.250: [GC (Allocation Failure) 35312K->435K(76800K), 0.0002230 secs]
621.305: [GC (Allocation Failure) 34140K->435K(75712K), 0.0002150 secs]
621.321: [GC (Allocation Failure) 33065K->435K(74624K), 0.0002160 secs]
621.334: [GC (Allocation Failure) 31893K->435K(73600K), 0.0002060 secs]
621.354: [GC (Allocation Failure) 30917K->435K(79744K), 0.0002750 secs]
621.370: [GC (Allocation Failure) 37070K->435K(87104K), 0.0002050 secs]
621.412: [GC (Allocation Failure) 44395K->435K(85504K), 0.0002260 secs]
621.434: [GC (Allocation Failure) 42833K->435K(83968K), 0.0002100 secs]
621.459: [GC (Allocation Failure) 41270K->435K(82560K), 0.0002270 secs]
621.480: [GC (Allocation Failure) 39902K->435K(81216K), 0.0002010 secs]
621.496: [GC (Allocation Failure) 38535K->435K(79936K), 0.0002270 secs]
621.512: [GC (Allocation Failure) 37265K->435K(78656K), 0.0002170 secs]
621.532: [GC (Allocation Failure) 35996K->435K(77440K), 0.0002120 secs]
621.608: [GC (Allocation Failure) 34726K->435K(76288K), 0.0002200 secs]
621.626: [GC (Allocation Failure) 33554K->435K(75200K), 0.0002130 secs]
621.640: [GC (Allocation Failure) 32479K->435K(74176K), 0.0002280 secs]
621.658: [GC (Allocation Failure) 31503K->435K(73152K), 0.0002020 secs]
621.675: [GC (Allocation Failure) 30428K->435K(72192K), 0.0002120 secs]
621.720: [GC (Allocation Failure) 29549K->435K(71296K), 0.0002280 secs]
621.736: [GC (Allocation Failure) 28572K->435K(70400K), 0.0002160 secs]
621.752: [GC (Allocation Failure) 27693K->435K(75904K), 0.0002340 secs]
621.766: [GC (Allocation Failure) 33261K->435K(82496K), 0.0002070 secs]
621.784: [GC (Allocation Failure) 39805K->435K(90432K), 0.0002050 secs]
621.807: [GC (Allocation Failure) 47716K->435K(88704K), 0.0002010 secs]
621.865: [GC (Allocation Failure) 46056K->435K(87040K), 0.0002220 secs]
621.884: [GC (Allocation Failure) 44395K->435K(85440K), 0.0002060 secs]
621.909: [GC (Allocation Failure) 42735K->435K(83968K), 0.0002140 secs]
621.931: [GC (Allocation Failure) 41270K->435K(82560K), 0.0002010 secs]
621.948: [GC (Allocation Failure) 39902K->435K(81216K), 0.0002340 secs]
621.969: [GC (Allocation Failure) 38535K->435K(79936K), 0.0002030 secs]
621.989: [GC (Allocation Failure) 37265K->435K(78656K), 0.0002190 secs]
622.005: [GC (Allocation Failure) 35996K->435K(77440K), 0.0002210 secs]
622.020: [GC (Allocation Failure) 34726K->435K(84352K), 0.0002150 secs]
622.110: [GC (Allocation Failure) 41660K->435K(82880K), 0.0002150 secs]
622.128: [GC (Allocation Failure) 40195K->435K(81472K), 0.0002080 secs]
622.144: [GC (Allocation Failure) 38828K->435K(80128K), 0.0002050 secs]
622.160: [GC (Allocation Failure) 37461K->435K(78848K), 0.0002160 secs]
622.180: [GC (Allocation Failure) 36191K->435K(77632K), 0.0002110 secs]
622.207: [GC (Allocation Failure) 34921K->435K(76480K), 0.0002760 secs]
622.339: [GC (Allocation Failure) 33749K->435K(75392K), 0.0002130 secs]
622.353: [GC (Allocation Failure) 32675K->435K(74368K), 0.0002150 secs]
622.371: [GC (Allocation Failure) 31698K->435K(73344K), 0.0002160 secs]
622.388: [GC (Allocation Failure) 30624K->435K(72384K), 0.0002310 secs]
622.401: [GC (Allocation Failure) 29745K->435K(78272K), 0.0002150 secs]
622.461: [GC (Allocation Failure) 35605K->435K(77120K), 0.0002110 secs]
622.476: [GC (Allocation Failure) 34433K->435K(83968K), 0.0002280 secs]
622.497: [GC (Allocation Failure) 41270K->435K(82560K), 0.0002210 secs]
622.601: [GC (Allocation Failure) 39902K->435K(81216K), 0.0002130 secs]
622.618: [GC (Allocation Failure) 38535K->435K(79936K), 0.0002700 secs]
622.663: [GC (Allocation Failure) 37265K->435K(78656K), 0.0002190 secs]
622.679: [GC (Allocation Failure) 35996K->435K(77440K), 0.0002160 secs]
622.757: [GC (Allocation Failure) 34726K->435K(76288K), 0.0002140 secs]
622.807: [GC (Allocation Failure) 33554K->435K(75200K), 0.0002130 secs]
622.821: [GC (Allocation Failure) 32479K->435K(74176K), 0.0002040 secs]
622.838: [GC (Allocation Failure) 31503K->435K(73152K), 0.0002150 secs]
622.860: [GC (Allocation Failure) 30428K->435K(79168K), 0.0003410 secs]
622.878: [GC (Allocation Failure) 36484K->435K(86400K), 0.0002080 secs]
622.900: [GC (Allocation Failure) 43712K->435K(84864K), 0.0002050 secs]
622.921: [GC (Allocation Failure) 42149K->435K(83392K), 0.0002050 secs]
622.938: [GC (Allocation Failure) 40684K->435K(81984K), 0.0002180 secs]
623.013: [GC (Allocation Failure) 39316K->435K(80640K), 0.0002190 secs]
623.030: [GC (Allocation Failure) 37949K->435K(79360K), 0.0002040 secs]
623.058: [GC (Allocation Failure) 36679K->435K(78144K), 0.0002150 secs]
623.136: [GC (Allocation Failure) 35409K->435K(76992K), 0.0002190 secs]
623.162: [GC (Allocation Failure) 34335K->435K(75904K), 0.0002250 secs]
623.177: [GC (Allocation Failure) 33261K->435K(74816K), 0.0002760 secs]
623.193: [GC (Allocation Failure) 32089K->435K(73792K), 0.0002010 secs]
623.206: [GC (Allocation Failure) 31112K->435K(79936K), 0.0002160 secs]
623.222: [GC (Allocation Failure) 37265K->435K(87360K), 0.0002030 secs]
623.241: [GC (Allocation Failure) 44688K->435K(96256K), 0.0002030 secs]
623.268: [GC (Allocation Failure) 53580K->435K(94272K), 0.0002010 secs]
623.290: [GC (Allocation Failure) 51627K->435K(92352K), 0.0002150 secs]
623.316: [GC (Allocation Failure) 49670K->435K(90496K), 0.0002190 secs]
623.357: [GC (Allocation Failure) 47814K->435K(88768K), 0.0002770 secs]
623.421: [GC (Allocation Failure) 46056K->435K(87104K), 0.0002310 secs]
623.440: [GC (Allocation Failure) 44395K->435K(85504K), 0.0002070 secs]
623.516: [GC (Allocation Failure) 42833K->435K(83968K), 0.0002140 secs]
623.534: [GC (Allocation Failure) 41270K->435K(82560K), 0.0002160 secs]
623.610: [GC (Allocation Failure) 39902K->435K(81216K), 0.0002060 secs]
623.664: [GC (Allocation Failure) 38535K->435K(79936K), 0.0002130 secs]
623.684: [GC (Allocation Failure) 37265K->435K(78656K), 0.0002100 secs]
623.700: [GC (Allocation Failure) 35996K->435K(77440K), 0.0002130 secs]
623.715: [GC (Allocation Failure) 34726K->435K(76288K), 0.0002020 secs]
623.811: [GC (Allocation Failure) 33554K->435K(75200K), 0.0002230 secs]
623.826: [GC (Allocation Failure) 32479K->435K(74176K), 0.0002210 secs]
623.843: [GC (Allocation Failure) 31503K->435K(73152K), 0.0002220 secs]
623.910: [GC (Allocation Failure) 30428K->435K(72192K), 0.0002180 secs]
623.923: [GC (Allocation Failure) 29549K->435K(78016K), 0.0003210 secs]
623.963: [GC (Allocation Failure) 35312K->435K(76864K), 0.0002140 secs]
623.982: [GC (Allocation Failure) 34140K->435K(75776K), 0.0002020 secs]
623.996: [GC (Allocation Failure) 33065K->435K(82368K), 0.0002180 secs]
624.117: [GC (Allocation Failure) 39707K->435K(81024K), 0.0003100 secs]
624.134: [GC (Allocation Failure) 38340K->435K(79744K), 0.0002320 secs]
624.150: [GC (Allocation Failure) 37070K->435K(78528K), 0.0002070 secs]
624.210: [GC (Allocation Failure) 35800K->435K(77312K), 0.0002060 secs]
624.263: [GC (Allocation Failure) 34628K->435K(76160K), 0.0002120 secs]
624.277: [GC (Allocation Failure) 33456K->435K(75072K), 0.0002080 secs]
624.335: [GC (Allocation Failure) 32382K->435K(74048K), 0.0002290 secs]
624.353: [GC (Allocation Failure) 31405K->435K(73088K), 0.0002230 secs]
624.392: [GC (Allocation Failure) 30428K->435K(72128K), 0.0002080 secs]
624.409: [GC (Allocation Failure) 29451K->435K(71232K), 0.0002020 secs]
624.457: [GC (Allocation Failure) 28572K->435K(70400K), 0.0002760 secs]
624.510: [GC (Allocation Failure) 27693K->435K(69568K), 0.0001900 secs]
624.526: [GC (Allocation Failure) 26912K->435K(68800K), 0.0002150 secs]
624.591: [GC (Allocation Failure) 26131K->435K(68032K), 0.0002170 secs]
624.606: [GC (Allocation Failure) 25349K->435K(67328K), 0.0002260 secs]
624.629: [GC (Allocation Failure) 24662K->435K(66624K), 0.0002140 secs]
624.644: [GC (Allocation Failure) 23978K->435K(65984K), 0.0002260 secs]
624.655: [GC (Allocation Failure) 23294K->435K(70592K), 0.0002600 secs]
624.668: [GC (Allocation Failure) 27889K->435K(76096K), 0.0002170 secs]
624.714: [GC (Allocation Failure) 33456K->435K(82752K), 0.0002160 secs]
624.731: [GC (Allocation Failure) 40098K->435K(90688K), 0.0002160 secs]
624.752: [GC (Allocation Failure) 48009K->435K(88960K), 0.0002070 secs]
624.819: [GC (Allocation Failure) 46251K->435K(87296K), 0.0002240 secs]
624.838: [GC (Allocation Failure) 44591K->435K(85696K), 0.0002140 secs]
624.861: [GC (Allocation Failure) 43028K->435K(84160K), 0.0002160 secs]
624.967: [GC (Allocation Failure) 41465K->435K(82688K), 0.0002070 secs]
624.988: [GC (Allocation Failure) 40000K->435K(81344K), 0.0002070 secs]
625.009: [GC (Allocation Failure) 38633K->435K(80000K), 0.0002020 secs]
625.025: [GC (Allocation Failure) 37363K->435K(78720K), 0.0002170 secs]
625.061: [GC (Allocation Failure) 35996K->435K(77504K), 0.0002200 secs]
625.114: [GC (Allocation Failure) 34823K->435K(76352K), 0.0002250 secs]
625.129: [GC (Allocation Failure) 33651K->435K(75264K), 0.0002040 secs]
625.143: [GC (Allocation Failure) 32577K->435K(74240K), 0.0002160 secs]
625.156: [GC (Allocation Failure) 31600K->435K(80512K), 0.0002070 secs]
625.172: [GC (Allocation Failure) 37851K->435K(88000K), 0.0002160 secs]
625.192: [GC (Allocation Failure) 45274K->435K(97024K), 0.0002050 secs]
625.227: [GC (Allocation Failure) 54362K->435K(94976K), 0.0002140 secs]
625.254: [GC (Allocation Failure) 52311K->435K(93056K), 0.0002110 secs]
625.321: [GC (Allocation Failure) 50357K->435K(91200K), 0.0002140 secs]
625.342: [GC (Allocation Failure) 48498K->435K(89408K), 0.0002100 secs]
625.366: [GC (Allocation Failure) 46739K->435K(87744K), 0.0002180 secs]
625.389: [GC (Allocation Failure) 45079K->435K(86144K), 0.0002040 secs]
625.408: [GC (Allocation Failure) 43419K->435K(84608K), 0.0002160 secs]
625.426: [GC (Allocation Failure) 41953K->435K(83136K), 0.0002040 secs]
625.564: [GC (Allocation Failure) 40488K->435K(81728K), 0.0002170 secs]
625.580: [GC (Allocation Failure) 39023K->435K(80384K), 0.0002280 secs]
625.597: [GC (Allocation Failure) 37656K->435K(79104K), 0.0002010 secs]
625.616: [GC (Allocation Failure) 36386K->435K(77888K), 0.0002130 secs]
625.665: [GC (Allocation Failure) 35214K->435K(76736K), 0.0002160 secs]
625.680: [GC (Allocation Failure) 34042K->435K(75648K), 0.0002150 secs]
625.694: [GC (Allocation Failure) 32968K->435K(74560K), 0.0002050 secs]
625.734: [GC (Allocation Failure) 31893K->435K(73536K), 0.0002340 secs]
625.752: [GC (Allocation Failure) 30819K->435K(72576K), 0.0002120 secs]
625.769: [GC (Allocation Failure) 29842K->435K(71680K), 0.0002080 secs]
625.782: [GC (Allocation Failure) 28963K->435K(77440K), 0.0002290 secs]
625.797: [GC (Allocation Failure) 34726K->435K(84352K), 0.0002000 secs]
625.834: [GC (Allocation Failure) 41660K->435K(82880K), 0.0002150 secs]
625.856: [GC (Allocation Failure) 40195K->435K(81472K), 0.0002130 secs]
625.877: [GC (Allocation Failure) 38828K->435K(80128K), 0.0002170 secs]
625.913: [GC (Allocation Failure) 37461K->435K(78848K), 0.0002210 secs]
625.930: [GC (Allocation Failure) 36191K->435K(77632K), 0.0002200 secs]
625.955: [GC (Allocation Failure) 34921K->435K(76480K), 0.0002130 secs]
625.973: [GC (Allocation Failure) 33749K->435K(75392K), 0.0002020 secs]
625.988: [GC (Allocation Failure) 32675K->435K(74368K), 0.0002190 secs]
626.111: [GC (Allocation Failure) 31698K->435K(73344K), 0.0002310 secs]
626.124: [GC (Allocation Failure) 30624K->435K(72384K), 0.0002130 secs]
626.214: [GC (Allocation Failure) 29745K->435K(71488K), 0.0002240 secs]
626.227: [GC (Allocation Failure) 28768K->435K(70592K), 0.0002200 secs]
626.264: [GC (Allocation Failure) 27889K->435K(69760K), 0.0002260 secs]
626.280: [GC (Allocation Failure) 27107K->435K(68992K), 0.0002180 secs]
626.296: [GC (Allocation Failure) 26326K->435K(68224K), 0.0002160 secs]
626.311: [GC (Allocation Failure) 25545K->435K(73280K), 0.0002170 secs]
626.329: [GC (Allocation Failure) 30624K->435K(79360K), 0.0002780 secs]
626.413: [GC (Allocation Failure) 36679K->435K(78144K), 0.0002130 secs]
626.432: [GC (Allocation Failure) 35409K->435K(76992K), 0.0002310 secs]
626.452: [GC (Allocation Failure) 34335K->435K(75904K), 0.0002120 secs]
626.466: [GC (Allocation Failure) 33261K->435K(74816K), 0.0002200 secs]
626.516: [GC (Allocation Failure) 32089K->435K(73792K), 0.0002230 secs]
626.530: [GC (Allocation Failure) 31112K->435K(72832K), 0.0002070 secs]
626.565: [GC (Allocation Failure) 30135K->435K(71872K), 0.0002270 secs]
626.577: [GC (Allocation Failure) 29158K->435K(70976K), 0.0002070 secs]
626.590: [GC (Allocation Failure) 28279K->435K(76608K), 0.0002050 secs]
626.616: [GC (Allocation Failure) 33944K->435K(83328K), 0.0002300 secs]
626.638: [GC (Allocation Failure) 40684K->435K(81920K), 0.0002140 secs]
626.664: [GC (Allocation Failure) 39219K->435K(80576K), 0.0002290 secs]
626.680: [GC (Allocation Failure) 37851K->435K(79296K), 0.0002050 secs]
626.741: [GC (Allocation Failure) 36582K->435K(78080K), 0.0002290 secs]
626.757: [GC (Allocation Failure) 35409K->435K(76928K), 0.0002180 secs]
626.817: [GC (Allocation Failure) 34237K->435K(75840K), 0.0002290 secs]
626.833: [GC (Allocation Failure) 33163K->435K(74752K), 0.0002090 secs]
626.847: [GC (Allocation Failure) 32089K->435K(73728K), 0.0002160 secs]
626.860: [GC (Allocation Failure) 31014K->435K(79872K), 0.0002160 secs]
626.880: [GC (Allocation Failure) 37168K->435K(87232K), 0.0002120 secs]
626.937: [GC (Allocation Failure) 44591K->435K(85632K), 0.0002090 secs]
626.959: [GC (Allocation Failure) 42930K->435K(84096K), 0.0002230 secs]
627.020: [GC (Allocation Failure) 41367K->435K(82624K), 0.0002250 secs]
627.038: [GC (Allocation Failure) 39902K->435K(81280K), 0.0002060 secs]
627.055: [GC (Allocation Failure) 38633K->435K(80000K), 0.0002060 secs]
627.075: [GC (Allocation Failure) 37363K->435K(78720K), 0.0002130 secs]
627.118: [GC (Allocation Failure) 35996K->435K(77504K), 0.0002090 secs]
627.133: [GC (Allocation Failure) 34823K->435K(76352K), 0.0002160 secs]
627.149: [GC (Allocation Failure) 33651K->435K(75264K), 0.0002120 secs]
627.263: [GC (Allocation Failure) 32577K->435K(74240K), 0.0002170 secs]
627.276: [GC (Allocation Failure) 31600K->435K(73216K), 0.0002040 secs]
627.334: [GC (Allocation Failure) 30526K->435K(72256K), 0.0002260 secs]
627.349: [GC (Allocation Failure) 29549K->435K(71360K), 0.0002100 secs]
627.365: [GC (Allocation Failure) 28670K->435K(70464K), 0.0002120 secs]
627.378: [GC (Allocation Failure) 27791K->435K(75968K), 0.0002190 secs]
627.414: [GC (Allocation Failure) 33261K->435K(74880K), 0.0002280 secs]
627.428: [GC (Allocation Failure) 32186K->435K(81280K), 0.0002050 secs]
627.542: [GC (Allocation Failure) 38633K->435K(80000K), 0.0002190 secs]
627.615: [GC (Allocation Failure) 37363K->435K(78720K), 0.0002270 secs]
627.634: [GC (Allocation Failure) 35996K->435K(77504K), 0.0002150 secs]
627.649: [GC (Allocation Failure) 34823K->435K(76352K), 0.0002030 secs]
627.668: [GC (Allocation Failure) 33651K->435K(75264K), 0.0002160 secs]
627.686: [GC (Allocation Failure) 32577K->435K(74240K), 0.0002020 secs]
627.704: [GC (Allocation Failure) 31600K->435K(73216K), 0.0002300 secs]
627.718: [GC (Allocation Failure) 30526K->435K(79296K), 0.0002020 secs]
627.736: [GC (Allocation Failure) 36582K->435K(86592K), 0.0002190 secs]
627.755: [GC (Allocation Failure) 43907K->435K(85056K), 0.0002070 secs]
627.773: [GC (Allocation Failure) 42344K->435K(83584K), 0.0002040 secs]
627.832: [GC (Allocation Failure) 40879K->435K(82176K), 0.0002190 secs]
627.850: [GC (Allocation Failure) 39512K->435K(80832K), 0.0002020 secs]
627.866: [GC (Allocation Failure) 38144K->435K(88384K), 0.0002980 secs]
627.897: [GC (Allocation Failure) 45665K->435K(86720K), 0.0002350 secs]
627.917: [GC (Allocation Failure) 44005K->435K(85184K), 0.0002230 secs]
627.944: [GC (Allocation Failure) 42540K->435K(83712K), 0.0002760 secs]
627.965: [GC (Allocation Failure) 41074K->435K(82304K), 0.0002070 secs]
627.987: [GC (Allocation Failure) 39609K->435K(80960K), 0.0002130 secs]
628.016: [GC (Allocation Failure) 38242K->435K(79680K), 0.0002270 secs]
628.036: [GC (Allocation Failure) 36972K->435K(78464K), 0.0002160 secs]
628.129: [GC (Allocation Failure) 35800K->435K(77312K), 0.0002100 secs]
628.219: [GC (Allocation Failure) 34628K->435K(76160K), 0.0002110 secs]
628.234: [GC (Allocation Failure) 33456K->435K(75072K), 0.0002140 secs]
628.248: [GC (Allocation Failure) 32382K->435K(74048K), 0.0002060 secs]
628.261: [GC (Allocation Failure) 31405K->435K(73088K), 0.0002040 secs]
628.274: [GC (Allocation Failure) 30428K->435K(79104K), 0.0002060 secs]
628.294: [GC (Allocation Failure) 36386K->435K(86336K), 0.0002120 secs]
628.340: [GC (Allocation Failure) 43614K->435K(84800K), 0.0002750 secs]
628.411: [GC (Allocation Failure) 42149K->435K(83328K), 0.0002270 secs]
628.432: [GC (Allocation Failure) 40684K->435K(81920K), 0.0002130 secs]
628.517: [GC (Allocation Failure) 39219K->435K(80576K), 0.0002050 secs]
628.534: [GC (Allocation Failure) 37851K->435K(79296K), 0.0002030 secs]
628.570: [GC (Allocation Failure) 36582K->435K(78080K), 0.0002120 secs]
628.586: [GC (Allocation Failure) 35409K->435K(76928K), 0.0002690 secs]
628.620: [GC (Allocation Failure) 34237K->435K(75840K), 0.0002150 secs]
628.634: [GC (Allocation Failure) 33163K->435K(74752K), 0.0002050 secs]
628.652: [GC (Allocation Failure) 32089K->435K(73728K), 0.0002030 secs]
628.682: [GC (Allocation Failure) 31014K->435K(72768K), 0.0002250 secs]
628.699: [GC (Allocation Failure) 30038K->435K(71808K), 0.0002400 secs]
628.767: [GC (Allocation Failure) 29158K->435K(70912K), 0.0002140 secs]
628.779: [GC (Allocation Failure) 28182K->435K(70080K), 0.0002300 secs]
628.795: [GC (Allocation Failure) 27400K->435K(75520K), 0.0002100 secs]
628.819: [GC (Allocation Failure) 32870K->435K(74496K), 0.0002080 secs]
628.837: [GC (Allocation Failure) 31796K->435K(73472K), 0.0002050 secs]
628.851: [GC (Allocation Failure) 30819K->435K(79552K), 0.0002130 secs]
628.909: [GC (Allocation Failure) 36875K->435K(78336K), 0.0003210 secs]
628.931: [GC (Allocation Failure) 35605K->435K(77184K), 0.0002150 secs]
628.966: [GC (Allocation Failure) 34530K->435K(76032K), 0.0002080 secs]
629.016: [GC (Allocation Failure) 33358K->435K(74944K), 0.0002780 secs]
629.069: [GC (Allocation Failure) 32284K->435K(73920K), 0.0002060 secs]
629.087: [GC (Allocation Failure) 31210K->435K(72960K), 0.0002210 secs]
629.101: [GC (Allocation Failure) 30233K->435K(72000K), 0.0002010 secs]
629.168: [GC (Allocation Failure) 29354K->435K(71104K), 0.0002160 secs]
629.180: [GC (Allocation Failure) 28377K->435K(70272K), 0.0002190 secs]
629.317: [GC (Allocation Failure) 27596K->435K(69440K), 0.0001830 secs]
629.332: [GC (Allocation Failure) 26717K->435K(68672K), 0.0002190 secs]
629.343: [GC (Allocation Failure) 26033K->435K(73792K), 0.0002180 secs]
629.415: [GC (Allocation Failure) 31112K->435K(72832K), 0.0002170 secs]
629.432: [GC (Allocation Failure) 30135K->435K(71872K), 0.0002060 secs]
629.445: [GC (Allocation Failure) 29158K->435K(77632K), 0.0002480 secs]
629.587: [GC (Allocation Failure) 34921K->435K(76480K), 0.0002130 secs]
629.602: [GC (Allocation Failure) 33749K->435K(75392K), 0.0002010 secs]
629.666: [GC (Allocation Failure) 32675K->435K(74368K), 0.0002270 secs]
629.684: [GC (Allocation Failure) 31698K->435K(73344K), 0.0002140 secs]
629.719: [GC (Allocation Failure) 30624K->435K(72384K), 0.0002050 secs]
629.732: [GC (Allocation Failure) 29745K->435K(71488K), 0.0002300 secs]
629.748: [GC (Allocation Failure) 28768K->435K(70592K), 0.0002010 secs]
629.764: [GC (Allocation Failure) 27889K->435K(76096K), 0.0002170 secs]
629.780: [GC (Allocation Failure) 33456K->435K(82752K), 0.0002300 secs]
629.910: [GC (Allocation Failure) 40098K->435K(81344K), 0.0002070 secs]
629.973: [GC (Allocation Failure) 38633K->435K(80000K), 0.0002240 secs]
629.989: [GC (Allocation Failure) 37363K->435K(78720K), 0.0002050 secs]
630.022: [GC (Allocation Failure) 35996K->435K(77504K), 0.0002140 secs]
630.037: [GC (Allocation Failure) 34823K->435K(76352K), 0.0002830 secs]
630.071: [GC (Allocation Failure) 33651K->435K(75264K), 0.0002250 secs]
630.089: [GC (Allocation Failure) 32577K->435K(74240K), 0.0002110 secs]
630.132: [GC (Allocation Failure) 31600K->435K(73216K), 0.0002220 secs]
630.149: [GC (Allocation Failure) 30526K->435K(72256K), 0.0002220 secs]
630.161: [GC (Allocation Failure) 29549K->435K(78144K), 0.0002220 secs]
630.218: [GC (Allocation Failure) 35409K->435K(76992K), 0.0002280 secs]
630.233: [GC (Allocation Failure) 34335K->435K(75904K), 0.0002050 secs]
630.251: [GC (Allocation Failure) 33261K->435K(74816K), 0.0002020 secs]
630.265: [GC (Allocation Failure) 32089K->435K(81216K), 0.0002720 secs]
630.319: [GC (Allocation Failure) 38535K->435K(79936K), 0.0002070 secs]
630.335: [GC (Allocation Failure) 37265K->435K(78656K), 0.0002160 secs]
630.353: [GC (Allocation Failure) 35996K->435K(77440K), 0.0002000 secs]
630.372: [GC (Allocation Failure) 34726K->435K(76288K), 0.0002020 secs]
630.390: [GC (Allocation Failure) 33554K->435K(75200K), 0.0002120 secs]
630.467: [GC (Allocation Failure) 32479K->435K(74176K), 0.0002760 secs]
630.521: [GC (Allocation Failure) 31503K->435K(73152K), 0.0001950 secs]
630.537: [GC (Allocation Failure) 30428K->435K(72192K), 0.0002170 secs]
630.550: [GC (Allocation Failure) 29549K->435K(71296K), 0.0002170 secs]
630.565: [GC (Allocation Failure) 28572K->435K(76992K), 0.0002250 secs]
630.580: [GC (Allocation Failure) 34335K->435K(83776K), 0.0003020 secs]
630.602: [GC (Allocation Failure) 41074K->435K(91968K), 0.0002040 secs]
630.624: [GC (Allocation Failure) 49279K->435K(101760K), 0.0002070 secs]
630.687: [GC (Allocation Failure) 59050K->435K(99520K), 0.0002170 secs]
630.715: [GC (Allocation Failure) 56804K->435K(97344K), 0.0002050 secs]
630.743: [GC (Allocation Failure) 54655K->435K(95296K), 0.0002040 secs]
630.766: [GC (Allocation Failure) 52604K->435K(93312K), 0.0002140 secs]
630.791: [GC (Allocation Failure) 50650K->435K(91456K), 0.0002020 secs]
630.816: [GC (Allocation Failure) 48791K->435K(89664K), 0.0002130 secs]
630.836: [GC (Allocation Failure) 46935K->435K(87936K), 0.0002780 secs]
630.877: [GC (Allocation Failure) 45274K->435K(86336K), 0.0002230 secs]
630.896: [GC (Allocation Failure) 43614K->435K(84800K), 0.0002220 secs]
630.914: [GC (Allocation Failure) 42149K->435K(83328K), 0.0002720 secs]
631.075: [GC (Allocation Failure) 40684K->435K(81920K), 0.0002170 secs]
631.096: [GC (Allocation Failure) 39219K->435K(80576K), 0.0002080 secs]
631.117: [GC (Allocation Failure) 37851K->435K(79296K), 0.0002740 secs]
631.133: [GC (Allocation Failure) 36582K->435K(78080K), 0.0002220 secs]
631.170: [GC (Allocation Failure) 35409K->435K(76928K), 0.0002150 secs]
631.223: [GC (Allocation Failure) 34237K->435K(75840K), 0.0002160 secs]
631.241: [GC (Allocation Failure) 33163K->435K(74752K), 0.0002080 secs]
631.255: [GC (Allocation Failure) 32089K->435K(73728K), 0.0002160 secs]
631.337: [GC (Allocation Failure) 31014K->435K(72768K), 0.0002340 secs]
631.354: [GC (Allocation Failure) 30038K->435K(71808K), 0.0002030 secs]
631.367: [GC (Allocation Failure) 29158K->435K(77568K), 0.0003270 secs]
631.420: [GC (Allocation Failure) 34921K->435K(76416K), 0.0002150 secs]
631.473: [GC (Allocation Failure) 33749K->435K(75328K), 0.0002240 secs]
631.487: [GC (Allocation Failure) 32675K->435K(74304K), 0.0002070 secs]
631.500: [GC (Allocation Failure) 31600K->435K(80576K), 0.0002070 secs]
631.516: [GC (Allocation Failure) 37851K->435K(88128K), 0.0002040 secs]
631.624: [GC (Allocation Failure) 45470K->435K(86528K), 0.0002400 secs]
631.647: [GC (Allocation Failure) 43809K->435K(84992K), 0.0002020 secs]
631.670: [GC (Allocation Failure) 42344K->435K(83520K), 0.0002150 secs]
631.688: [GC (Allocation Failure) 40879K->435K(82112K), 0.0002210 secs]
631.705: [GC (Allocation Failure) 39414K->435K(80768K), 0.0002260 secs]
631.736: [GC (Allocation Failure) 38047K->435K(79488K), 0.0002770 secs]
631.765: [GC (Allocation Failure) 36777K->435K(78272K), 0.0002310 secs]
631.784: [GC (Allocation Failure) 35605K->435K(77120K), 0.0002110 secs]
631.907: [GC (Allocation Failure) 34433K->435K(75968K), 0.0002160 secs]
631.970: [GC (Allocation Failure) 33261K->435K(74880K), 0.0002240 secs]
631.983: [GC (Allocation Failure) 32186K->435K(73856K), 0.0002150 secs]
631.997: [GC (Allocation Failure) 31210K->435K(72896K), 0.0002060 secs]
632.018: [GC (Allocation Failure) 30233K->435K(71936K), 0.0002240 secs]
632.031: [GC (Allocation Failure) 29256K->435K(77760K), 0.0002160 secs]
632.046: [GC (Allocation Failure) 35116K->435K(84736K), 0.0002050 secs]
632.077: [GC (Allocation Failure) 42051K->435K(83264K), 0.0002180 secs]
632.099: [GC (Allocation Failure) 40586K->435K(81856K), 0.0002200 secs]
632.120: [GC (Allocation Failure) 39219K->435K(80512K), 0.0002020 secs]
632.141: [GC (Allocation Failure) 37851K->435K(79232K), 0.0002270 secs]
632.221: [GC (Allocation Failure) 36582K->435K(78016K), 0.0002260 secs]
632.236: [GC (Allocation Failure) 35312K->435K(76864K), 0.0002140 secs]
632.320: [GC (Allocation Failure) 34140K->435K(75776K), 0.0002090 secs]
632.370: [GC (Allocation Failure) 33065K->435K(74688K), 0.0002150 secs]
632.411: [GC (Allocation Failure) 31991K->435K(73664K), 0.0002190 secs]
632.524: [GC (Allocation Failure) 31014K->435K(72704K), 0.0002090 secs]
632.540: [GC (Allocation Failure) 30038K->435K(71808K), 0.0002270 secs]
632.569: [GC (Allocation Failure) 29158K->435K(70912K), 0.0002780 secs]
632.590: [GC (Allocation Failure) 28182K->435K(70080K), 0.0002070 secs]
632.605: [GC (Allocation Failure) 27400K->435K(69248K), 0.0002730 secs]
632.621: [GC (Allocation Failure) 26521K->435K(74496K), 0.0002180 secs]
632.639: [GC (Allocation Failure) 31796K->435K(80832K), 0.0002170 secs]
632.667: [GC (Allocation Failure) 38144K->435K(79552K), 0.0002330 secs]
632.688: [GC (Allocation Failure) 36875K->435K(78336K), 0.0002310 secs]
632.740: [GC (Allocation Failure) 35605K->435K(77184K), 0.0002180 secs]
632.757: [GC (Allocation Failure) 34530K->435K(76032K), 0.0002990 secs]
632.775: [GC (Allocation Failure) 33358K->435K(74944K), 0.0002160 secs]
632.789: [GC (Allocation Failure) 32284K->435K(81344K), 0.0002220 secs]
632.806: [GC (Allocation Failure) 38633K->435K(89024K), 0.0002030 secs]
632.830: [GC (Allocation Failure) 46349K->435K(87360K), 0.0002090 secs]
632.912: [GC (Allocation Failure) 44688K->435K(85760K), 0.0002960 secs]
632.940: [GC (Allocation Failure) 43028K->435K(84224K), 0.0002140 secs]
632.962: [GC (Allocation Failure) 41563K->435K(82752K), 0.0002310 secs]
632.980: [GC (Allocation Failure) 40098K->435K(81344K), 0.0002060 secs]
632.996: [GC (Allocation Failure) 38633K->435K(80000K), 0.0002060 secs]
633.025: [GC (Allocation Failure) 37363K->435K(78720K), 0.0002280 secs]
633.045: [GC (Allocation Failure) 35996K->435K(77504K), 0.0002130 secs]
633.060: [GC (Allocation Failure) 34823K->435K(76352K), 0.0002040 secs]
633.121: [GC (Allocation Failure) 33651K->435K(75264K), 0.0002020 secs]
633.175: [GC (Allocation Failure) 32577K->435K(74240K), 0.0002130 secs]
633.192: [GC (Allocation Failure) 31600K->435K(73216K), 0.0002090 secs]
633.206: [GC (Allocation Failure) 30526K->435K(72256K), 0.0002040 secs]
633.370: [GC (Allocation Failure) 29549K->435K(71360K), 0.0002120 secs]
633.382: [GC (Allocation Failure) 28670K->435K(70464K), 0.0002150 secs]
633.407: [GC (Allocation Failure) 27791K->435K(69632K), 0.0002180 secs]
633.423: [GC (Allocation Failure) 26912K->435K(68864K), 0.0002400 secs]
633.472: [GC (Allocation Failure) 26131K->435K(68096K), 0.0002120 secs]
633.483: [GC (Allocation Failure) 25447K->435K(73152K), 0.0002200 secs]
633.520: [GC (Allocation Failure) 30428K->435K(72192K), 0.0002040 secs]
633.586: [GC (Allocation Failure) 29549K->435K(71296K), 0.0002260 secs]
633.598: [GC (Allocation Failure) 28572K->435K(70400K), 0.0002150 secs]
633.610: [GC (Allocation Failure) 27693K->435K(75904K), 0.0002040 secs]
633.672: [GC (Allocation Failure) 33261K->435K(74816K), 0.0002140 secs]
633.690: [GC (Allocation Failure) 32089K->435K(73792K), 0.0002010 secs]
633.703: [GC (Allocation Failure) 31112K->435K(79936K), 0.0002290 secs]
633.719: [GC (Allocation Failure) 37265K->435K(87360K), 0.0002040 secs]
633.776: [GC (Allocation Failure) 44688K->435K(85760K), 0.0002180 secs]
633.799: [GC (Allocation Failure) 43028K->435K(84224K), 0.0002050 secs]
633.821: [GC (Allocation Failure) 41563K->435K(82752K), 0.0002130 secs]
633.838: [GC (Allocation Failure) 40098K->435K(81344K), 0.0002150 secs]
633.855: [GC (Allocation Failure) 38633K->435K(80000K), 0.0002050 secs]
633.874: [GC (Allocation Failure) 37363K->435K(78720K), 0.0002240 secs]
633.893: [GC (Allocation Failure) 35996K->435K(77504K), 0.0002120 secs]
633.973: [GC (Allocation Failure) 34823K->435K(76352K), 0.0002250 secs]
633.991: [GC (Allocation Failure) 33651K->435K(75264K), 0.0002120 secs]
634.026: [GC (Allocation Failure) 32577K->435K(74240K), 0.0002090 secs]
634.044: [GC (Allocation Failure) 31600K->435K(73216K), 0.0002020 secs]
634.057: [GC (Allocation Failure) 30526K->435K(72256K), 0.0002120 secs]
634.074: [GC (Allocation Failure) 29549K->435K(71360K), 0.0002090 secs]
634.091: [GC (Allocation Failure) 28670K->435K(70464K), 0.0002110 secs]
634.120: [GC (Allocation Failure) 27791K->435K(69632K), 0.0002120 secs]
634.137: [GC (Allocation Failure) 26912K->435K(68864K), 0.0002190 secs]
634.152: [GC (Allocation Failure) 26131K->435K(74048K), 0.0002160 secs]
634.172: [GC (Allocation Failure) 31405K->435K(80256K), 0.0002670 secs]
634.243: [GC (Allocation Failure) 37558K->435K(78976K), 0.0002240 secs]
634.263: [GC (Allocation Failure) 36289K->435K(77760K), 0.0002030 secs]
634.282: [GC (Allocation Failure) 35116K->435K(76608K), 0.0002170 secs]
634.301: [GC (Allocation Failure) 33944K->435K(75520K), 0.0002070 secs]
634.376: [GC (Allocation Failure) 32870K->435K(74496K), 0.0002130 secs]
634.394: [GC (Allocation Failure) 31796K->435K(73472K), 0.0002030 secs]
634.409: [GC (Allocation Failure) 30819K->435K(72512K), 0.0002210 secs]
634.426: [GC (Allocation Failure) 29842K->435K(71616K), 0.0002120 secs]
634.525: [GC (Allocation Failure) 28963K->435K(70720K), 0.0002090 secs]
634.537: [GC (Allocation Failure) 27986K->435K(69888K), 0.0002170 secs]
634.593: [GC (Allocation Failure) 27205K->435K(69056K), 0.0002870 secs]
634.609: [GC (Allocation Failure) 26326K->435K(68288K), 0.0002020 secs]
634.620: [GC (Allocation Failure) 25642K->435K(73344K), 0.0002190 secs]
634.633: [GC (Allocation Failure) 30624K->435K(79424K), 0.0002170 secs]
634.666: [GC (Allocation Failure) 36777K->435K(86720K), 0.0002130 secs]
634.685: [GC (Allocation Failure) 44005K->435K(95488K), 0.0002170 secs]
634.709: [GC (Allocation Failure) 52799K->435K(93504K), 0.0002000 secs]
634.835: [GC (Allocation Failure) 50846K->435K(91648K), 0.0002060 secs]
634.859: [GC (Allocation Failure) 48986K->435K(89856K), 0.0002040 secs]
634.880: [GC (Allocation Failure) 47130K->435K(88128K), 0.0002030 secs]
634.917: [GC (Allocation Failure) 45470K->435K(86528K), 0.0002280 secs]
634.937: [GC (Allocation Failure) 43809K->435K(84992K), 0.0002080 secs]
634.955: [GC (Allocation Failure) 42344K->435K(83520K), 0.0002070 secs]
634.977: [GC (Allocation Failure) 40879K->435K(82112K), 0.0002060 secs]
635.046: [GC (Allocation Failure) 39414K->435K(80768K), 0.0002160 secs]
635.067: [GC (Allocation Failure) 38047K->435K(79488K), 0.0002130 secs]
635.083: [GC (Allocation Failure) 36777K->435K(78272K), 0.0002180 secs]
635.129: [GC (Allocation Failure) 35605K->435K(77120K), 0.0002110 secs]
635.144: [GC (Allocation Failure) 34433K->435K(75968K), 0.0002170 secs]
635.174: [GC (Allocation Failure) 33261K->435K(74880K), 0.0002130 secs]
635.235: [GC (Allocation Failure) 32186K->435K(73856K), 0.0002220 secs]
635.252: [GC (Allocation Failure) 31210K->435K(72896K), 0.0002290 secs]
635.339: [GC (Allocation Failure) 30233K->435K(71936K), 0.0002350 secs]
635.356: [GC (Allocation Failure) 29256K->435K(71040K), 0.0002170 secs]
635.368: [GC (Allocation Failure) 28377K->435K(70208K), 0.0002180 secs]
635.421: [GC (Allocation Failure) 27498K->435K(69376K), 0.0002270 secs]
635.433: [GC (Allocation Failure) 26717K->435K(68608K), 0.0002050 secs]
635.444: [GC (Allocation Failure) 25935K->435K(73728K), 0.0002060 secs]
635.457: [GC (Allocation Failure) 31014K->435K(79872K), 0.0002180 secs]
635.477: [GC (Allocation Failure) 37168K->435K(87232K), 0.0002030 secs]
635.496: [GC (Allocation Failure) 44591K->435K(96064K), 0.0002170 secs]
635.523: [GC (Allocation Failure) 53385K->435K(94080K), 0.0002130 secs]
635.546: [GC (Allocation Failure) 51432K->435K(92160K), 0.0002140 secs]
635.585: [GC (Allocation Failure) 49474K->435K(90368K), 0.0002120 secs]
635.606: [GC (Allocation Failure) 47716K->435K(88640K), 0.0002130 secs]
635.630: [GC (Allocation Failure) 45958K->435K(86976K), 0.0002100 secs]
635.653: [GC (Allocation Failure) 44298K->435K(85376K), 0.0002110 secs]
635.676: [GC (Allocation Failure) 42735K->435K(83904K), 0.0002110 secs]
635.697: [GC (Allocation Failure) 41172K->435K(82496K), 0.0002210 secs]
635.777: [GC (Allocation Failure) 39805K->435K(81152K), 0.0002130 secs]
635.794: [GC (Allocation Failure) 38437K->435K(79872K), 0.0002020 secs]
635.830: [GC (Allocation Failure) 37168K->435K(78656K), 0.0002120 secs]
635.846: [GC (Allocation Failure) 35996K->435K(77440K), 0.0002730 secs]
635.875: [GC (Allocation Failure) 34726K->435K(76288K), 0.0002050 secs]
635.911: [GC (Allocation Failure) 33554K->435K(75200K), 0.0002120 secs]
635.964: [GC (Allocation Failure) 32479K->435K(74176K), 0.0002050 secs]
636.024: [GC (Allocation Failure) 31503K->435K(73152K), 0.0002030 secs]
636.078: [GC (Allocation Failure) 30428K->435K(72192K), 0.0002110 secs]
636.091: [GC (Allocation Failure) 29549K->435K(71296K), 0.0003240 secs]
636.111: [GC (Allocation Failure) 28572K->435K(70400K), 0.0002040 secs]
636.127: [GC (Allocation Failure) 27693K->435K(69568K), 0.0002030 secs]
636.141: [GC (Allocation Failure) 26912K->435K(74880K), 0.0002070 secs]
636.241: [GC (Allocation Failure) 32186K->435K(73856K), 0.0002160 secs]
636.325: [GC (Allocation Failure) 31210K->435K(72896K), 0.0002270 secs]
636.338: [GC (Allocation Failure) 30233K->435K(71936K), 0.0002160 secs]
636.373: [GC (Allocation Failure) 29256K->435K(71040K), 0.0002100 secs]
636.405: [GC (Allocation Failure) 28377K->435K(70208K), 0.0002060 secs]
636.427: [GC (Allocation Failure) 27498K->435K(69376K), 0.0002700 secs]
636.443: [GC (Allocation Failure) 26717K->435K(68608K), 0.0002160 secs]
636.539: [GC (Allocation Failure) 25935K->435K(67840K), 0.0002170 secs]
636.603: [GC (Allocation Failure) 25150K->435K(67136K), 0.0002050 secs]
636.614: [GC (Allocation Failure) 24466K->435K(66432K), 0.0002040 secs]
636.638: [GC (Allocation Failure) 23783K->435K(65792K), 0.0002150 secs]
636.649: [GC (Allocation Failure) 23099K->435K(70336K), 0.0002210 secs]
636.673: [GC (Allocation Failure) 27693K->435K(75840K), 0.0002320 secs]
636.692: [GC (Allocation Failure) 33163K->435K(82432K), 0.0002650 secs]
636.709: [GC (Allocation Failure) 39707K->435K(90304K), 0.0002740 secs]
636.741: [GC (Allocation Failure) 47618K->435K(99776K), 0.0002150 secs]
636.886: [GC (Allocation Failure) 57097K->435K(97600K), 0.0002260 secs]
636.912: [GC (Allocation Failure) 54948K->435K(95552K), 0.0002090 secs]
636.988: [GC (Allocation Failure) 52897K->435K(93568K), 0.0002260 secs]
637.011: [GC (Allocation Failure) 50846K->435K(91712K), 0.0002050 secs]
637.187: [GC (Allocation Failure) 48986K->435K(89920K), 0.0002130 secs]
637.211: [GC (Allocation Failure) 47228K->435K(88192K), 0.0002020 secs]
637.235: [GC (Allocation Failure) 45470K->435K(86592K), 0.0002140 secs]
637.258: [GC (Allocation Failure) 43907K->435K(85056K), 0.0002130 secs]
637.333: [GC (Allocation Failure) 42344K->435K(83584K), 0.0001990 secs]
637.350: [GC (Allocation Failure) 40879K->435K(82176K), 0.0002070 secs]
637.410: [GC (Allocation Failure) 39512K->435K(80832K), 0.0002180 secs]
637.429: [GC (Allocation Failure) 38144K->435K(79552K), 0.0002110 secs]
637.449: [GC (Allocation Failure) 36875K->435K(78336K), 0.0002020 secs]
637.464: [GC (Allocation Failure) 35605K->435K(77184K), 0.0002140 secs]
637.531: [GC (Allocation Failure) 34530K->435K(76032K), 0.0002170 secs]
637.550: [GC (Allocation Failure) 33358K->435K(74944K), 0.0002030 secs]
637.564: [GC (Allocation Failure) 32284K->435K(73920K), 0.0002290 secs]
637.578: [GC (Allocation Failure) 31210K->435K(80128K), 0.0002040 secs]
637.734: [GC (Allocation Failure) 37461K->435K(78848K), 0.0001590 secs]
637.749: [GC (Allocation Failure) 36191K->435K(77632K), 0.0002110 secs]
637.778: [GC (Allocation Failure) 34921K->435K(76480K), 0.0002170 secs]
637.793: [GC (Allocation Failure) 33749K->435K(75392K), 0.0002040 secs]
637.827: [GC (Allocation Failure) 32675K->435K(74368K), 0.0002290 secs]
637.845: [GC (Allocation Failure) 31698K->435K(73344K), 0.0002030 secs]
637.862: [GC (Allocation Failure) 30624K->435K(72384K), 0.0002110 secs]
637.875: [GC (Allocation Failure) 29745K->435K(78272K), 0.0002180 secs]
637.894: [GC (Allocation Failure) 35605K->435K(85312K), 0.0002110 secs]
637.913: [GC (Allocation Failure) 42637K->435K(93760K), 0.0003020 secs]
637.947: [GC (Allocation Failure) 51041K->435K(91840K), 0.0002120 secs]
637.972: [GC (Allocation Failure) 49181K->435K(90048K), 0.0002050 secs]
637.993: [GC (Allocation Failure) 47325K->435K(88320K), 0.0002070 secs]
638.083: [GC (Allocation Failure) 45665K->435K(86656K), 0.0002140 secs]
638.106: [GC (Allocation Failure) 44005K->435K(85120K), 0.0002140 secs]
638.136: [GC (Allocation Failure) 42442K->435K(83648K), 0.0002040 secs]
638.157: [GC (Allocation Failure) 40977K->435K(82240K), 0.0002030 secs]
638.334: [GC (Allocation Failure) 39512K->435K(80896K), 0.0002040 secs]
638.355: [GC (Allocation Failure) 38242K->435K(79616K), 0.0002100 secs]
638.371: [GC (Allocation Failure) 36972K->435K(78400K), 0.0002210 secs]
638.434: [GC (Allocation Failure) 35702K->435K(77248K), 0.0002410 secs]
638.453: [GC (Allocation Failure) 34530K->435K(76096K), 0.0002140 secs]
638.467: [GC (Allocation Failure) 33456K->435K(75008K), 0.0002190 secs]
638.549: [GC (Allocation Failure) 32284K->435K(73984K), 0.0002370 secs]
638.563: [GC (Allocation Failure) 31307K->435K(73024K), 0.0002830 secs]
638.580: [GC (Allocation Failure) 30331K->435K(72064K), 0.0002130 secs]
638.613: [GC (Allocation Failure) 29354K->435K(71168K), 0.0002050 secs]
638.642: [GC (Allocation Failure) 28475K->435K(70336K), 0.0002970 secs]
638.655: [GC (Allocation Failure) 27693K->435K(75840K), 0.0002090 secs]
638.732: [GC (Allocation Failure) 33163K->435K(74752K), 0.0002240 secs]
638.747: [GC (Allocation Failure) 32089K->435K(73728K), 0.0002040 secs]
638.778: [GC (Allocation Failure) 31014K->435K(72768K), 0.0002280 secs]
638.791: [GC (Allocation Failure) 30038K->435K(71808K), 0.0002050 secs]
638.807: [GC (Allocation Failure) 29158K->435K(70912K), 0.0002020 secs]
638.819: [GC (Allocation Failure) 28182K->435K(76480K), 0.0002090 secs]
638.911: [GC (Allocation Failure) 33749K->435K(75392K), 0.0002220 secs]
638.926: [GC (Allocation Failure) 32675K->435K(74368K), 0.0002030 secs]
638.944: [GC (Allocation Failure) 31698K->435K(73344K), 0.0002060 secs]
638.962: [GC (Allocation Failure) 30624K->435K(72384K), 0.0002260 secs]
639.027: [GC (Allocation Failure) 29745K->435K(71488K), 0.0002150 secs]
639.044: [GC (Allocation Failure) 28768K->435K(70592K), 0.0002150 secs]
639.060: [GC (Allocation Failure) 27889K->435K(69760K), 0.0002150 secs]
639.076: [GC (Allocation Failure) 27107K->435K(75136K), 0.0002130 secs]
639.090: [GC (Allocation Failure) 32479K->435K(81600K), 0.0002310 secs]
639.111: [GC (Allocation Failure) 38926K->435K(89344K), 0.0002230 secs]
639.139: [GC (Allocation Failure) 46642K->435K(87680K), 0.0002120 secs]
639.159: [GC (Allocation Failure) 44981K->435K(86080K), 0.0002130 secs]
639.181: [GC (Allocation Failure) 43419K->435K(84544K), 0.0002100 secs]
639.233: [GC (Allocation Failure) 41856K->435K(83072K), 0.0002160 secs]
639.251: [GC (Allocation Failure) 40391K->435K(81664K), 0.0002130 secs]
639.267: [GC (Allocation Failure) 39023K->435K(80320K), 0.0002030 secs]
639.331: [GC (Allocation Failure) 37656K->435K(79040K), 0.0002150 secs]
639.351: [GC (Allocation Failure) 36386K->435K(77824K), 0.0002020 secs]
639.408: [GC (Allocation Failure) 35116K->435K(76672K), 0.0002750 secs]
639.434: [GC (Allocation Failure) 33944K->435K(75584K), 0.0002260 secs]
639.449: [GC (Allocation Failure) 32870K->435K(74560K), 0.0002740 secs]
639.466: [GC (Allocation Failure) 31893K->435K(73536K), 0.0001990 secs]
639.533: [GC (Allocation Failure) 30819K->435K(72576K), 0.0002040 secs]
639.550: [GC (Allocation Failure) 29842K->435K(71680K), 0.0002310 secs]
639.563: [GC (Allocation Failure) 28963K->435K(70784K), 0.0002050 secs]
639.575: [GC (Allocation Failure) 28084K->435K(76352K), 0.0002050 secs]
639.593: [GC (Allocation Failure) 33651K->435K(83008K), 0.0002020 secs]
639.611: [GC (Allocation Failure) 40293K->435K(91008K), 0.0002030 secs]
639.637: [GC (Allocation Failure) 48302K->435K(89216K), 0.0002140 secs]
639.742: [GC (Allocation Failure) 46544K->435K(87552K), 0.0002090 secs]
639.761: [GC (Allocation Failure) 44884K->435K(85952K), 0.0002050 secs]
639.794: [GC (Allocation Failure) 43223K->435K(84416K), 0.0002150 secs]
639.816: [GC (Allocation Failure) 41758K->435K(82944K), 0.0002050 secs]
639.834: [GC (Allocation Failure) 40293K->435K(81536K), 0.0002090 secs]
639.850: [GC (Allocation Failure) 38828K->435K(80192K), 0.0002050 secs]
639.866: [GC (Allocation Failure) 37461K->435K(78912K), 0.0002000 secs]
639.886: [GC (Allocation Failure) 36191K->435K(86080K), 0.0002720 secs]
639.905: [GC (Allocation Failure) 43419K->435K(94720K), 0.0002810 secs]
639.942: [GC (Allocation Failure) 52018K->435K(92800K), 0.0002160 secs]
639.966: [GC (Allocation Failure) 50162K->435K(90944K), 0.0002030 secs]
639.987: [GC (Allocation Failure) 48302K->435K(89216K), 0.0002140 secs]
640.011: [GC (Allocation Failure) 46544K->435K(87552K), 0.0002100 secs]
640.040: [GC (Allocation Failure) 44884K->435K(85952K), 0.0002030 secs]
640.058: [GC (Allocation Failure) 43223K->435K(84416K), 0.0002150 secs]
640.076: [GC (Allocation Failure) 41758K->435K(82944K), 0.0002040 secs]
640.098: [GC (Allocation Failure) 40293K->435K(81536K), 0.0002110 secs]
640.137: [GC (Allocation Failure) 38828K->435K(80192K), 0.0001900 secs]
640.157: [GC (Allocation Failure) 37461K->435K(78912K), 0.0002110 secs]
640.173: [GC (Allocation Failure) 36191K->435K(77696K), 0.0002470 secs]
640.233: [GC (Allocation Failure) 35019K->435K(76544K), 0.0002000 secs]
640.248: [GC (Allocation Failure) 33847K->435K(75456K), 0.0002300 secs]
640.281: [GC (Allocation Failure) 32772K->435K(74432K), 0.0002290 secs]
640.299: [GC (Allocation Failure) 31698K->435K(73408K), 0.0002160 secs]
640.338: [GC (Allocation Failure) 30721K->435K(72448K), 0.0002180 secs]
640.351: [GC (Allocation Failure) 29745K->435K(78336K), 0.0003210 secs]
640.382: [GC (Allocation Failure) 35605K->435K(77184K), 0.0002140 secs]
640.397: [GC (Allocation Failure) 34530K->435K(84032K), 0.0002050 secs]
640.438: [GC (Allocation Failure) 41367K->435K(82624K), 0.0002190 secs]
640.456: [GC (Allocation Failure) 39902K->435K(81280K), 0.0002160 secs]
640.472: [GC (Allocation Failure) 38633K->435K(80000K), 0.0002020 secs]
640.492: [GC (Allocation Failure) 37363K->435K(78720K), 0.0002090 secs]
640.608: [GC (Allocation Failure) 35996K->435K(77504K), 0.0002160 secs]
640.631: [GC (Allocation Failure) 34823K->435K(76352K), 0.0002290 secs]
640.646: [GC (Allocation Failure) 33651K->435K(75264K), 0.0002130 secs]
640.664: [GC (Allocation Failure) 32577K->435K(74240K), 0.0002140 secs]
640.684: [GC (Allocation Failure) 31600K->435K(73216K), 0.0002090 secs]
640.698: [GC (Allocation Failure) 30526K->435K(79296K), 0.0003220 secs]
640.733: [GC (Allocation Failure) 36582K->435K(86592K), 0.0002310 secs]
640.752: [GC (Allocation Failure) 43907K->435K(95296K), 0.0002150 secs]
640.794: [GC (Allocation Failure) 52604K->435K(93312K), 0.0002220 secs]
640.816: [GC (Allocation Failure) 50650K->435K(91456K), 0.0002050 secs]
640.842: [GC (Allocation Failure) 48791K->435K(89664K), 0.0002210 secs]
640.862: [GC (Allocation Failure) 46935K->435K(87936K), 0.0002050 secs]
640.882: [GC (Allocation Failure) 45274K->435K(86336K), 0.0002030 secs]
640.904: [GC (Allocation Failure) 43614K->435K(84800K), 0.0002300 secs]
640.941: [GC (Allocation Failure) 42149K->435K(83328K), 0.0002070 secs]
640.958: [GC (Allocation Failure) 40684K->435K(81920K), 0.0002060 secs]
641.038: [GC (Allocation Failure) 39219K->435K(80576K), 0.0002200 secs]
641.058: [GC (Allocation Failure) 37851K->435K(79296K), 0.0002130 secs]
641.087: [GC (Allocation Failure) 36582K->435K(78080K), 0.0002170 secs]
641.102: [GC (Allocation Failure) 35409K->435K(76928K), 0.0002160 secs]
641.121: [GC (Allocation Failure) 34237K->435K(75840K), 0.0002020 secs]
641.139: [GC (Allocation Failure) 33163K->435K(74752K), 0.0002140 secs]
641.153: [GC (Allocation Failure) 32089K->435K(81088K), 0.0003210 secs]
641.238: [GC (Allocation Failure) 38437K->435K(79808K), 0.0002840 secs]
641.255: [GC (Allocation Failure) 37168K->435K(78592K), 0.0002060 secs]
641.334: [GC (Allocation Failure) 35898K->435K(77376K), 0.0002130 secs]
641.349: [GC (Allocation Failure) 34726K->435K(76224K), 0.0002070 secs]
641.382: [GC (Allocation Failure) 33554K->435K(75136K), 0.0002240 secs]
641.400: [GC (Allocation Failure) 32479K->435K(74112K), 0.0002040 secs]
641.418: [GC (Allocation Failure) 31405K->435K(73152K), 0.0002040 secs]
641.434: [GC (Allocation Failure) 30428K->435K(72192K), 0.0002130 secs]
641.535: [GC (Allocation Failure) 29549K->435K(71296K), 0.0002130 secs]
641.547: [GC (Allocation Failure) 28572K->435K(70400K), 0.0002200 secs]
641.559: [GC (Allocation Failure) 27693K->435K(75904K), 0.0002060 secs]
641.587: [GC (Allocation Failure) 33261K->435K(74816K), 0.0002200 secs]
641.601: [GC (Allocation Failure) 32089K->435K(81216K), 0.0002120 secs]
641.622: [GC (Allocation Failure) 38535K->435K(88896K), 0.0002230 secs]
641.692: [GC (Allocation Failure) 46251K->435K(87232K), 0.0002140 secs]
641.711: [GC (Allocation Failure) 44591K->435K(85632K), 0.0002720 secs]
641.737: [GC (Allocation Failure) 42930K->435K(84096K), 0.0002170 secs]
641.840: [GC (Allocation Failure) 41367K->435K(82624K), 0.0002230 secs]
641.858: [GC (Allocation Failure) 39902K->435K(81280K), 0.0002050 secs]
641.885: [GC (Allocation Failure) 38633K->435K(80000K), 0.0002140 secs]
641.905: [GC (Allocation Failure) 37363K->435K(78720K), 0.0002230 secs]
641.938: [GC (Allocation Failure) 35996K->435K(77504K), 0.0002120 secs]
641.953: [GC (Allocation Failure) 34823K->435K(76352K), 0.0002720 secs]
642.087: [GC (Allocation Failure) 33651K->435K(75264K), 0.0002190 secs]
642.105: [GC (Allocation Failure) 32577K->435K(74240K), 0.0002210 secs]
642.126: [GC (Allocation Failure) 31600K->435K(73216K), 0.0002890 secs]
642.148: [GC (Allocation Failure) 30526K->435K(72256K), 0.0002850 secs]
642.374: [GC (Allocation Failure) 29549K->435K(71360K), 0.0003270 secs]
642.399: [GC (Allocation Failure) 28670K->435K(77056K), 0.0028120 secs]
642.428: [GC (Allocation Failure) 34335K->435K(83904K), 0.0002070 secs]
642.450: [GC (Allocation Failure) 41172K->435K(92096K), 0.0002100 secs]
642.475: [GC (Allocation Failure) 49377K->435K(101952K), 0.0002070 secs]
642.501: [GC (Allocation Failure) 59245K->435K(113728K), 0.0002170 secs]
642.531: [GC (Allocation Failure) 71064K->435K(127872K), 0.0002070 secs]
642.572: [GC (Allocation Failure) 85230K->435K(144832K), 0.0002120 secs]
642.627: [GC (Allocation Failure) 102131K->435K(140480K), 0.0002160 secs]
642.674: [GC (Allocation Failure) 97830K->435K(136320K), 0.0002160 secs]
642.715: [GC (Allocation Failure) 93630K->435K(132352K), 0.0002070 secs]
642.753: [GC (Allocation Failure) 89625K->435K(128576K), 0.0002030 secs]
642.790: [GC (Allocation Failure) 85914K->435K(124992K), 0.0002040 secs]
642.869: [GC (Allocation Failure) 82300K->435K(121600K), 0.0002170 secs]
642.907: [GC (Allocation Failure) 78881K->435K(118400K), 0.0002040 secs]
642.943: [GC (Allocation Failure) 75756K->435K(115328K), 0.0004070 secs]
642.978: [GC (Allocation Failure) 72626K->435K(112384K), 0.0002750 secs]
643.009: [GC (Allocation Failure) 69696K->435K(109632K), 0.0002030 secs]
643.041: [GC (Allocation Failure) 66961K->435K(107008K), 0.0002030 secs]
643.112: [GC (Allocation Failure) 64324K->435K(104512K), 0.0002070 secs]
643.139: [GC (Allocation Failure) 61785K->435K(102080K), 0.0002160 secs]
643.210: [GC (Allocation Failure) 59441K->435K(99776K), 0.0002130 secs]
643.234: [GC (Allocation Failure) 57097K->435K(97600K), 0.0002750 secs]
643.363: [GC (Allocation Failure) 54948K->435K(95552K), 0.0002190 secs]
643.390: [GC (Allocation Failure) 52897K->435K(93568K), 0.0002120 secs]
643.412: [GC (Allocation Failure) 50846K->435K(91712K), 0.0002070 secs]
643.456: [GC (Allocation Failure) 48986K->435K(89920K), 0.0002200 secs]
643.481: [GC (Allocation Failure) 47228K->435K(88192K), 0.0002050 secs]
643.544: [GC (Allocation Failure) 45470K->435K(86592K), 0.0002200 secs]
643.567: [GC (Allocation Failure) 43907K->435K(85056K), 0.0002040 secs]
643.590: [GC (Allocation Failure) 42344K->435K(83584K), 0.0002140 secs]
643.608: [GC (Allocation Failure) 40879K->435K(82176K), 0.0002050 secs]
643.698: [GC (Allocation Failure) 39512K->435K(80832K), 0.0002150 secs]
643.718: [GC (Allocation Failure) 38144K->435K(79552K), 0.0002090 secs]
643.737: [GC (Allocation Failure) 36875K->435K(78336K), 0.0002670 secs]
643.756: [GC (Allocation Failure) 35605K->435K(77184K), 0.0003280 secs]
643.855: [GC (Allocation Failure) 34530K->435K(76032K), 0.0002810 secs]
643.874: [GC (Allocation Failure) 33358K->435K(74944K), 0.0002080 secs]
643.888: [GC (Allocation Failure) 32284K->435K(73920K), 0.0002210 secs]
643.938: [GC (Allocation Failure) 31210K->435K(72960K), 0.0002160 secs]
643.955: [GC (Allocation Failure) 30233K->435K(72000K), 0.0002150 secs]
643.994: [GC (Allocation Failure) 29354K->435K(71104K), 0.0002160 secs]
644.006: [GC (Allocation Failure) 28377K->435K(70272K), 0.0002030 secs]
644.022: [GC (Allocation Failure) 27596K->435K(69440K), 0.0002130 secs]
644.038: [GC (Allocation Failure) 26717K->435K(74752K), 0.0002230 secs]
644.195: [GC (Allocation Failure) 32089K->435K(73728K), 0.0002150 secs]
644.208: [GC (Allocation Failure) 31014K->435K(72768K), 0.0002060 secs]
644.221: [GC (Allocation Failure) 30038K->435K(78720K), 0.0002160 secs]
644.241: [GC (Allocation Failure) 35996K->435K(85888K), 0.0003450 secs]
644.260: [GC (Allocation Failure) 43223K->435K(94464K), 0.0002160 secs]
644.286: [GC (Allocation Failure) 51822K->435K(104768K), 0.0001990 secs]
644.316: [GC (Allocation Failure) 62078K->435K(102336K), 0.0002260 secs]
644.361: [GC (Allocation Failure) 59636K->435K(100032K), 0.0002240 secs]
644.390: [GC (Allocation Failure) 57390K->435K(97856K), 0.0002110 secs]
644.510: [GC (Allocation Failure) 55143K->435K(95744K), 0.0002030 secs]
644.537: [GC (Allocation Failure) 53092K->435K(106304K), 0.0008050 secs]
644.576: [GC (Allocation Failure) 63641K->435K(103808K), 0.0002110 secs]
644.603: [GC (Allocation Failure) 61101K->435K(101440K), 0.0002080 secs]
644.638: [GC (Allocation Failure) 58757K->435K(99200K), 0.0002150 secs]
644.663: [GC (Allocation Failure) 56511K->435K(97024K), 0.0002120 secs]
644.697: [GC (Allocation Failure) 54362K->435K(94976K), 0.0002270 secs]
644.719: [GC (Allocation Failure) 52311K->435K(93056K), 0.0002110 secs]
644.804: [GC (Allocation Failure) 50357K->435K(91200K), 0.0002890 secs]
644.857: [GC (Allocation Failure) 48498K->435K(89408K), 0.0002170 secs]
644.878: [GC (Allocation Failure) 46739K->435K(87744K), 0.0002050 secs]
644.897: [GC (Allocation Failure) 45079K->435K(86144K), 0.0002060 secs]
644.920: [GC (Allocation Failure) 43419K->435K(84608K), 0.0002130 secs]
644.957: [GC (Allocation Failure) 41953K->435K(83136K), 0.0002120 secs]
645.054: [GC (Allocation Failure) 40488K->435K(81728K), 0.0002250 secs]
645.075: [GC (Allocation Failure) 39023K->435K(80384K), 0.0002140 secs]
645.149: [GC (Allocation Failure) 37656K->435K(79104K), 0.0002270 secs]
645.168: [GC (Allocation Failure) 36386K->435K(77888K), 0.0002130 secs]
645.202: [GC (Allocation Failure) 35214K->435K(76736K), 0.0002080 secs]
645.217: [GC (Allocation Failure) 34042K->435K(75648K), 0.0002180 secs]
645.231: [GC (Allocation Failure) 32968K->435K(74560K), 0.0002040 secs]
645.351: [GC (Allocation Failure) 31893K->435K(73536K), 0.0002080 secs]
645.368: [GC (Allocation Failure) 30819K->435K(72576K), 0.0002200 secs]
645.400: [GC (Allocation Failure) 29842K->435K(71680K), 0.0002140 secs]
645.413: [GC (Allocation Failure) 28963K->435K(70784K), 0.0002170 secs]
645.425: [GC (Allocation Failure) 28084K->435K(76352K), 0.0002040 secs]
645.452: [GC (Allocation Failure) 33651K->435K(75264K), 0.0002130 secs]
645.470: [GC (Allocation Failure) 32577K->435K(74240K), 0.0002030 secs]
645.488: [GC (Allocation Failure) 31600K->435K(73216K), 0.0002260 secs]
645.502: [GC (Allocation Failure) 30526K->435K(79296K), 0.0002190 secs]
645.541: [GC (Allocation Failure) 36582K->435K(78080K), 0.0002180 secs]
645.560: [GC (Allocation Failure) 35409K->435K(76928K), 0.0002030 secs]
645.575: [GC (Allocation Failure) 34237K->435K(75840K), 0.0002140 secs]
645.589: [GC (Allocation Failure) 33163K->435K(82432K), 0.0002150 secs]
645.655: [GC (Allocation Failure) 39707K->435K(81088K), 0.0002240 secs]
645.676: [GC (Allocation Failure) 38437K->435K(79808K), 0.0002140 secs]
645.692: [GC (Allocation Failure) 37168K->435K(78592K), 0.0002280 secs]
645.708: [GC (Allocation Failure) 35898K->435K(85696K), 0.0002160 secs]
645.730: [GC (Allocation Failure) 43028K->435K(84160K), 0.0002150 secs]
645.762: [GC (Allocation Failure) 41465K->435K(82688K), 0.0002230 secs]
645.784: [GC (Allocation Failure) 40000K->435K(81344K), 0.0002270 secs]
645.805: [GC (Allocation Failure) 38633K->435K(80000K), 0.0002220 secs]
645.856: [GC (Allocation Failure) 37363K->435K(78720K), 0.0002080 secs]
645.949: [GC (Allocation Failure) 35996K->435K(77504K), 0.0002030 secs]
645.999: [GC (Allocation Failure) 34823K->435K(76352K), 0.0002170 secs]
646.014: [GC (Allocation Failure) 33651K->435K(75264K), 0.0002040 secs]
646.052: [GC (Allocation Failure) 32577K->435K(74240K), 0.0002140 secs]
646.070: [GC (Allocation Failure) 31600K->435K(73216K), 0.0002060 secs]
646.083: [GC (Allocation Failure) 30526K->435K(72256K), 0.0002200 secs]
646.154: [GC (Allocation Failure) 29549K->435K(71360K), 0.0002290 secs]
646.167: [GC (Allocation Failure) 28670K->435K(70464K), 0.0002000 secs]
646.182: [GC (Allocation Failure) 27791K->435K(69632K), 0.0002210 secs]
646.200: [GC (Allocation Failure) 26912K->435K(74944K), 0.0002350 secs]
646.214: [GC (Allocation Failure) 32284K->435K(81344K), 0.0002170 secs]
646.257: [GC (Allocation Failure) 38633K->435K(80000K), 0.0002730 secs]
646.301: [GC (Allocation Failure) 37363K->435K(78720K), 0.0002060 secs]
646.336: [GC (Allocation Failure) 35996K->435K(77504K), 0.0002170 secs]
646.408: [GC (Allocation Failure) 34823K->435K(76352K), 0.0002060 secs]
646.499: [GC (Allocation Failure) 33651K->435K(75264K), 0.0002170 secs]
646.513: [GC (Allocation Failure) 32577K->435K(74240K), 0.0002040 secs]
646.594: [GC (Allocation Failure) 31600K->435K(73216K), 0.0002160 secs]
646.611: [GC (Allocation Failure) 30526K->435K(72256K), 0.0002170 secs]
646.628: [GC (Allocation Failure) 29549K->435K(71360K), 0.0002320 secs]
646.641: [GC (Allocation Failure) 28670K->435K(70464K), 0.0002040 secs]
646.657: [GC (Allocation Failure) 27791K->435K(69632K), 0.0002020 secs]
646.673: [GC (Allocation Failure) 26912K->435K(74944K), 0.0002180 secs]
646.688: [GC (Allocation Failure) 32284K->435K(81344K), 0.0002710 secs]
646.801: [GC (Allocation Failure) 38633K->435K(80000K), 0.0002140 secs]
646.821: [GC (Allocation Failure) 37363K->435K(78720K), 0.0002110 secs]
646.837: [GC (Allocation Failure) 35996K->435K(77504K), 0.0002150 secs]
646.904: [GC (Allocation Failure) 34823K->435K(76352K), 0.0002130 secs]
646.919: [GC (Allocation Failure) 33651K->435K(75264K), 0.0002060 secs]
646.933: [GC (Allocation Failure) 32577K->435K(81728K), 0.0002150 secs]
646.959: [GC (Allocation Failure) 39023K->435K(80384K), 0.0002100 secs]
647.062: [GC (Allocation Failure) 37656K->435K(79104K), 0.0002250 secs]
647.078: [GC (Allocation Failure) 36386K->435K(77888K), 0.0002050 secs]
647.097: [GC (Allocation Failure) 35214K->435K(76736K), 0.0002290 secs]
647.111: [GC (Allocation Failure) 34042K->435K(75648K), 0.0002030 secs]
647.204: [GC (Allocation Failure) 32968K->435K(74560K), 0.0002250 secs]
647.218: [GC (Allocation Failure) 31893K->435K(73536K), 0.0002140 secs]
647.249: [GC (Allocation Failure) 30819K->435K(72576K), 0.0002060 secs]
647.360: [GC (Allocation Failure) 29842K->435K(71680K), 0.0002170 secs]
647.373: [GC (Allocation Failure) 28963K->435K(70784K), 0.0002070 secs]
647.385: [GC (Allocation Failure) 28084K->435K(69952K), 0.0002050 secs]
647.452: [GC (Allocation Failure) 27303K->435K(69120K), 0.0002240 secs]
647.464: [GC (Allocation Failure) 26424K->435K(74368K), 0.0002200 secs]
647.481: [GC (Allocation Failure) 31698K->435K(73344K), 0.0002020 secs]
647.498: [GC (Allocation Failure) 30624K->435K(79424K), 0.0002120 secs]
647.515: [GC (Allocation Failure) 36777K->435K(86720K), 0.0003250 secs]
647.544: [GC (Allocation Failure) 44005K->435K(95488K), 0.0002230 secs]
647.566: [GC (Allocation Failure) 52799K->435K(105984K), 0.0002160 secs]
647.614: [GC (Allocation Failure) 63250K->435K(103488K), 0.0002240 secs]
647.644: [GC (Allocation Failure) 60808K->435K(101120K), 0.0002120 secs]
647.670: [GC (Allocation Failure) 58464K->435K(98880K), 0.0002170 secs]
647.694: [GC (Allocation Failure) 56218K->435K(96768K), 0.0002030 secs]
647.717: [GC (Allocation Failure) 54069K->435K(94720K), 0.0002060 secs]
647.744: [GC (Allocation Failure) 52018K->435K(92800K), 0.0002710 secs]
647.770: [GC (Allocation Failure) 50162K->435K(90944K), 0.0002120 secs]
647.790: [GC (Allocation Failure) 48302K->435K(89216K), 0.0002050 secs]
647.814: [GC (Allocation Failure) 46544K->435K(87552K), 0.0002120 secs]
647.912: [GC (Allocation Failure) 44884K->435K(85952K), 0.0002760 secs]
647.960: [GC (Allocation Failure) 43223K->435K(84416K), 0.0003970 secs]
647.982: [GC (Allocation Failure) 41758K->435K(82944K), 0.0002130 secs]
648.000: [GC (Allocation Failure) 40293K->435K(81536K), 0.0002030 secs]
648.017: [GC (Allocation Failure) 38828K->435K(80192K), 0.0002050 secs]
648.033: [GC (Allocation Failure) 37461K->435K(78912K), 0.0002010 secs]
648.053: [GC (Allocation Failure) 36191K->435K(77696K), 0.0002110 secs]
648.068: [GC (Allocation Failure) 35019K->435K(76544K), 0.0002190 secs]
648.087: [GC (Allocation Failure) 33847K->435K(75456K), 0.0002100 secs]
648.167: [GC (Allocation Failure) 32772K->435K(74432K), 0.0002310 secs]
648.184: [GC (Allocation Failure) 31698K->435K(73408K), 0.0002230 secs]
648.201: [GC (Allocation Failure) 30721K->435K(72448K), 0.0002330 secs]
648.217: [GC (Allocation Failure) 29745K->435K(71552K), 0.0002130 secs]
648.234: [GC (Allocation Failure) 28865K->435K(77248K), 0.0002290 secs]
648.254: [GC (Allocation Failure) 34530K->435K(84096K), 0.0002130 secs]
648.276: [GC (Allocation Failure) 41367K->435K(82624K), 0.0002030 secs]
648.294: [GC (Allocation Failure) 39902K->435K(90560K), 0.0003240 secs]
648.358: [GC (Allocation Failure) 47911K->435K(88832K), 0.0002670 secs]
648.393: [GC (Allocation Failure) 46153K->435K(87168K), 0.0003990 secs]
648.417: [GC (Allocation Failure) 44493K->435K(85568K), 0.0002070 secs]
648.438: [GC (Allocation Failure) 42930K->435K(84032K), 0.0002100 secs]
648.545: [GC (Allocation Failure) 41367K->435K(82624K), 0.0002040 secs]
648.562: [GC (Allocation Failure) 39902K->435K(81280K), 0.0002070 secs]
648.600: [GC (Allocation Failure) 38633K->435K(80000K), 0.0002260 secs]
648.617: [GC (Allocation Failure) 37363K->435K(78720K), 0.0002030 secs]
648.654: [GC (Allocation Failure) 35996K->435K(77504K), 0.0002060 secs]
648.680: [GC (Allocation Failure) 34823K->435K(76352K), 0.0002120 secs]
648.694: [GC (Allocation Failure) 33651K->435K(75264K), 0.0002050 secs]
648.856: [GC (Allocation Failure) 32577K->435K(74240K), 0.0002130 secs]
648.874: [GC (Allocation Failure) 31600K->435K(73216K), 0.0002040 secs]
648.887: [GC (Allocation Failure) 30526K->435K(72256K), 0.0002180 secs]
648.905: [GC (Allocation Failure) 29549K->435K(71360K), 0.0002260 secs]
648.918: [GC (Allocation Failure) 28670K->435K(77056K), 0.0002030 secs]
648.957: [GC (Allocation Failure) 34335K->435K(75904K), 0.0002210 secs]
648.971: [GC (Allocation Failure) 33261K->435K(74816K), 0.0002040 secs]
649.006: [GC (Allocation Failure) 32089K->435K(73792K), 0.0002830 secs]
649.019: [GC (Allocation Failure) 31112K->435K(79936K), 0.0002160 secs]
649.035: [GC (Allocation Failure) 37265K->435K(87360K), 0.0002030 secs]
649.054: [GC (Allocation Failure) 44688K->435K(96256K), 0.0002050 secs]
649.148: [GC (Allocation Failure) 53580K->435K(94272K), 0.0002210 secs]
649.211: [GC (Allocation Failure) 51627K->435K(92352K), 0.0002120 secs]
649.236: [GC (Allocation Failure) 49670K->435K(90496K), 0.0002050 secs]
649.366: [GC (Allocation Failure) 47814K->435K(88768K), 0.0002800 secs]
649.413: [GC (Allocation Failure) 46056K->435K(87104K), 0.0002260 secs]
649.432: [GC (Allocation Failure) 44395K->435K(85504K), 0.0002180 secs]
649.454: [GC (Allocation Failure) 42833K->435K(83968K), 0.0002110 secs]
649.507: [GC (Allocation Failure) 41270K->435K(82560K), 0.0002280 secs]
649.528: [GC (Allocation Failure) 39902K->435K(81216K), 0.0002120 secs]
649.560: [GC (Allocation Failure) 38535K->435K(79936K), 0.0002020 secs]
649.579: [GC (Allocation Failure) 37265K->435K(78656K), 0.0002100 secs]
649.705: [GC (Allocation Failure) 35996K->435K(77440K), 0.0002140 secs]
649.759: [GC (Allocation Failure) 34726K->435K(76288K), 0.0002140 secs]
649.779: [GC (Allocation Failure) 33554K->435K(75200K), 0.0002050 secs]
649.807: [GC (Allocation Failure) 32479K->435K(74176K), 0.0002080 secs]
649.821: [GC (Allocation Failure) 31503K->435K(73152K), 0.0002150 secs]
649.853: [GC (Allocation Failure) 30428K->435K(72192K), 0.0002250 secs]
649.869: [GC (Allocation Failure) 29549K->435K(71296K), 0.0002020 secs]
649.881: [GC (Allocation Failure) 28572K->435K(70400K), 0.0002120 secs]
649.893: [GC (Allocation Failure) 27693K->435K(75904K), 0.0002000 secs]
650.004: [GC (Allocation Failure) 33261K->435K(74816K), 0.0002250 secs]
650.022: [GC (Allocation Failure) 32089K->435K(73792K), 0.0002210 secs]
650.053: [GC (Allocation Failure) 31112K->435K(72832K), 0.0002040 secs]
650.103: [GC (Allocation Failure) 30135K->435K(71872K), 0.0002150 secs]
650.152: [GC (Allocation Failure) 29158K->435K(70976K), 0.0002270 secs]
650.168: [GC (Allocation Failure) 28279K->435K(70144K), 0.0002700 secs]
650.184: [GC (Allocation Failure) 27498K->435K(69312K), 0.0002130 secs]
650.196: [GC (Allocation Failure) 26619K->435K(74560K), 0.0002050 secs]
650.304: [GC (Allocation Failure) 31893K->435K(73536K), 0.0002140 secs]
650.317: [GC (Allocation Failure) 30819K->435K(72576K), 0.0002000 secs]
650.330: [GC (Allocation Failure) 29842K->435K(78528K), 0.0002030 secs]
650.405: [GC (Allocation Failure) 35800K->435K(77312K), 0.0002140 secs]
650.424: [GC (Allocation Failure) 34628K->435K(76160K), 0.0002220 secs]
650.455: [GC (Allocation Failure) 33456K->435K(75072K), 0.0002150 secs]
650.468: [GC (Allocation Failure) 32382K->435K(74048K), 0.0002050 secs]
650.482: [GC (Allocation Failure) 31405K->435K(80256K), 0.0002040 secs]
650.502: [GC (Allocation Failure) 37558K->435K(87744K), 0.0002190 secs]
650.544: [GC (Allocation Failure) 45079K->435K(86144K), 0.0002100 secs]
650.564: [GC (Allocation Failure) 43419K->435K(84608K), 0.0002060 secs]
650.599: [GC (Allocation Failure) 41953K->435K(83136K), 0.0002190 secs]
650.617: [GC (Allocation Failure) 40488K->435K(81728K), 0.0002050 secs]
650.673: [GC (Allocation Failure) 39023K->435K(80384K), 0.0002110 secs]
650.691: [GC (Allocation Failure) 37656K->435K(79104K), 0.0002070 secs]
650.706: [GC (Allocation Failure) 36386K->435K(77888K), 0.0002150 secs]
650.725: [GC (Allocation Failure) 35214K->435K(76736K), 0.0002100 secs]
650.859: [GC (Allocation Failure) 34042K->435K(75648K), 0.0002140 secs]
650.878: [GC (Allocation Failure) 32968K->435K(74560K), 0.0002130 secs]
650.906: [GC (Allocation Failure) 31893K->435K(73536K), 0.0002250 secs]
650.919: [GC (Allocation Failure) 30819K->435K(72576K), 0.0002050 secs]
650.955: [GC (Allocation Failure) 29842K->435K(71680K), 0.0002040 secs]
651.003: [GC (Allocation Failure) 28963K->435K(70784K), 0.0002050 secs]
651.061: [GC (Allocation Failure) 28084K->435K(69952K), 0.0002840 secs]
651.207: [GC (Allocation Failure) 27303K->435K(69120K), 0.0002240 secs]
651.218: [GC (Allocation Failure) 26424K->435K(68352K), 0.0002320 secs]
651.256: [GC (Allocation Failure) 25642K->435K(67584K), 0.0002210 secs]
651.267: [GC (Allocation Failure) 24857K->435K(66880K), 0.0002140 secs]
651.302: [GC (Allocation Failure) 24173K->435K(66176K), 0.0002720 secs]
651.406: [GC (Allocation Failure) 23490K->435K(65536K), 0.0002110 secs]
651.420: [GC (Allocation Failure) 22806K->435K(64896K), 0.0002560 secs]
651.435: [GC (Allocation Failure) 22220K->435K(64320K), 0.0002170 secs]
651.448: [GC (Allocation Failure) 21634K->435K(68608K), 0.0002630 secs]
651.464: [GC (Allocation Failure) 25935K->435K(73728K), 0.0002700 secs]
651.482: [GC (Allocation Failure) 31014K->435K(79872K), 0.0002320 secs]
651.499: [GC (Allocation Failure) 37168K->435K(87232K), 0.0002620 secs]
651.521: [GC (Allocation Failure) 44591K->435K(96064K), 0.0002010 secs]
651.564: [GC (Allocation Failure) 53385K->435K(94080K), 0.0002890 secs]
651.614: [GC (Allocation Failure) 51432K->435K(92160K), 0.0002150 secs]
651.639: [GC (Allocation Failure) 49474K->435K(90368K), 0.0002160 secs]
651.660: [GC (Allocation Failure) 47716K->435K(88640K), 0.0002040 secs]
651.772: [GC (Allocation Failure) 45958K->435K(86976K), 0.0002370 secs]
651.792: [GC (Allocation Failure) 44298K->435K(85376K), 0.0002080 secs]
651.810: [GC (Allocation Failure) 42735K->435K(83904K), 0.0002170 secs]
651.860: [GC (Allocation Failure) 41172K->435K(82496K), 0.0002270 secs]
651.877: [GC (Allocation Failure) 39805K->435K(81152K), 0.0002040 secs]
651.909: [GC (Allocation Failure) 38437K->435K(79872K), 0.0002150 secs]
651.929: [GC (Allocation Failure) 37168K->435K(78656K), 0.0002130 secs]
652.058: [GC (Allocation Failure) 35996K->435K(77440K), 0.0002250 secs]
652.073: [GC (Allocation Failure) 34726K->435K(76288K), 0.0002050 secs]
652.087: [GC (Allocation Failure) 33554K->435K(75200K), 0.0002040 secs]
652.105: [GC (Allocation Failure) 32479K->435K(74176K), 0.0002010 secs]
652.119: [GC (Allocation Failure) 31503K->435K(80448K), 0.0002190 secs]
652.139: [GC (Allocation Failure) 37754K->435K(87936K), 0.0002750 secs]
652.164: [GC (Allocation Failure) 45274K->435K(86336K), 0.0002200 secs]
652.182: [GC (Allocation Failure) 43614K->435K(84800K), 0.0002070 secs]
652.272: [GC (Allocation Failure) 42149K->435K(83328K), 0.0002130 secs]
652.289: [GC (Allocation Failure) 40684K->435K(81920K), 0.0002090 secs]
652.338: [GC (Allocation Failure) 39219K->435K(80576K), 0.0002160 secs]
652.409: [GC (Allocation Failure) 37851K->435K(79296K), 0.0002050 secs]
652.463: [GC (Allocation Failure) 36582K->435K(78080K), 0.0002250 secs]
652.478: [GC (Allocation Failure) 35409K->435K(76928K), 0.0002160 secs]
652.496: [GC (Allocation Failure) 34237K->435K(75840K), 0.0002080 secs]
652.515: [GC (Allocation Failure) 33163K->435K(74752K), 0.0002140 secs]
652.529: [GC (Allocation Failure) 32089K->435K(73728K), 0.0002190 secs]
652.542: [GC (Allocation Failure) 31014K->435K(79872K), 0.0002050 secs]
652.562: [GC (Allocation Failure) 37168K->435K(87232K), 0.0002130 secs]
652.612: [GC (Allocation Failure) 44591K->435K(85632K), 0.0002800 secs]
652.637: [GC (Allocation Failure) 42930K->435K(84096K), 0.0002130 secs]
652.660: [GC (Allocation Failure) 41367K->435K(82624K), 0.0002130 secs]
652.677: [GC (Allocation Failure) 39902K->435K(81280K), 0.0002040 secs]
652.694: [GC (Allocation Failure) 38633K->435K(80000K), 0.0002030 secs]
652.714: [GC (Allocation Failure) 37363K->435K(78720K), 0.0002030 secs]
652.729: [GC (Allocation Failure) 35996K->435K(77504K), 0.0002150 secs]
652.748: [GC (Allocation Failure) 34823K->435K(76352K), 0.0002130 secs]
652.911: [GC (Allocation Failure) 33651K->435K(75264K), 0.0002150 secs]
652.929: [GC (Allocation Failure) 32577K->435K(74240K), 0.0002020 secs]
652.944: [GC (Allocation Failure) 31600K->435K(73216K), 0.0002100 secs]
652.958: [GC (Allocation Failure) 30526K->435K(79296K), 0.0003720 secs]
652.978: [GC (Allocation Failure) 36582K->435K(86592K), 0.0002780 secs]
653.001: [GC (Allocation Failure) 43907K->435K(95296K), 0.0002190 secs]
653.024: [GC (Allocation Failure) 52604K->435K(105792K), 0.0002090 secs]
653.071: [GC (Allocation Failure) 63152K->435K(103360K), 0.0002180 secs]
653.097: [GC (Allocation Failure) 60710K->435K(100992K), 0.0002050 secs]
653.219: [GC (Allocation Failure) 58269K->435K(98752K), 0.0002050 secs]
653.321: [GC (Allocation Failure) 56022K->435K(96640K), 0.0002110 secs]
653.344: [GC (Allocation Failure) 53971K->435K(94592K), 0.0002180 secs]
653.374: [GC (Allocation Failure) 51920K->435K(92672K), 0.0002100 secs]
653.395: [GC (Allocation Failure) 49967K->435K(90816K), 0.0002130 secs]
653.475: [GC (Allocation Failure) 48107K->435K(89088K), 0.0002270 secs]
653.499: [GC (Allocation Failure) 46446K->435K(87424K), 0.0002030 secs]
653.519: [GC (Allocation Failure) 44786K->435K(85824K), 0.0002070 secs]
653.591: [GC (Allocation Failure) 43126K->435K(84288K), 0.0002240 secs]
653.613: [GC (Allocation Failure) 41563K->435K(82816K), 0.0002240 secs]
653.742: [GC (Allocation Failure) 40098K->435K(81408K), 0.0002380 secs]
653.760: [GC (Allocation Failure) 38730K->435K(80064K), 0.0002230 secs]
653.780: [GC (Allocation Failure) 37363K->435K(78784K), 0.0002130 secs]
653.800: [GC (Allocation Failure) 36093K->435K(77568K), 0.0002090 secs]
653.819: [GC (Allocation Failure) 34921K->435K(76416K), 0.0002110 secs]
653.863: [GC (Allocation Failure) 33749K->435K(75328K), 0.0002130 secs]
653.878: [GC (Allocation Failure) 32675K->435K(74304K), 0.0002150 secs]
653.906: [GC (Allocation Failure) 31600K->435K(73280K), 0.0002160 secs]
653.920: [GC (Allocation Failure) 30624K->435K(79360K), 0.0002710 secs]
654.065: [GC (Allocation Failure) 36679K->435K(78144K), 0.0002140 secs]
654.080: [GC (Allocation Failure) 35409K->435K(76992K), 0.0002320 secs]
654.114: [GC (Allocation Failure) 34335K->435K(75904K), 0.0002230 secs]
654.129: [GC (Allocation Failure) 33261K->435K(74816K), 0.0002040 secs]
654.146: [GC (Allocation Failure) 32089K->435K(73792K), 0.0002100 secs]
654.166: [GC (Allocation Failure) 31112K->435K(72832K), 0.0002140 secs]
654.194: [GC (Allocation Failure) 30135K->435K(71872K), 0.0003360 secs]
654.207: [GC (Allocation Failure) 29158K->435K(77632K), 0.0002820 secs]
654.223: [GC (Allocation Failure) 34921K->435K(84544K), 0.0002220 secs]
654.245: [GC (Allocation Failure) 41856K->435K(92864K), 0.0002130 secs]
654.343: [GC (Allocation Failure) 50162K->435K(91008K), 0.0003270 secs]
654.418: [GC (Allocation Failure) 48302K->435K(89216K), 0.0002350 secs]
654.438: [GC (Allocation Failure) 46544K->435K(87552K), 0.0002740 secs]
654.465: [GC (Allocation Failure) 44884K->435K(85952K), 0.0002740 secs]
654.514: [GC (Allocation Failure) 43223K->435K(84416K), 0.0002250 secs]
654.532: [GC (Allocation Failure) 41758K->435K(82944K), 0.0002040 secs]
654.574: [GC (Allocation Failure) 40293K->435K(81536K), 0.0002160 secs]
654.596: [GC (Allocation Failure) 38828K->435K(80192K), 0.0002020 secs]
654.616: [GC (Allocation Failure) 37461K->435K(78912K), 0.0002480 secs]
654.662: [GC (Allocation Failure) 36191K->435K(77696K), 0.0002030 secs]
654.681: [GC (Allocation Failure) 35019K->435K(76544K), 0.0002200 secs]
654.739: [GC (Allocation Failure) 33847K->435K(75456K), 0.0002130 secs]
654.758: [GC (Allocation Failure) 32772K->435K(74432K), 0.0002220 secs]
654.810: [GC (Allocation Failure) 31698K->435K(73408K), 0.0002160 secs]
654.823: [GC (Allocation Failure) 30721K->435K(72448K), 0.0002050 secs]
654.840: [GC (Allocation Failure) 29745K->435K(71552K), 0.0002130 secs]
654.856: [GC (Allocation Failure) 28865K->435K(70656K), 0.0002220 secs]
654.937: [GC (Allocation Failure) 27986K->435K(69824K), 0.0002130 secs]
654.952: [GC (Allocation Failure) 27107K->435K(68992K), 0.0002060 secs]
654.968: [GC (Allocation Failure) 26326K->435K(68224K), 0.0002030 secs]
654.982: [GC (Allocation Failure) 25545K->435K(73280K), 0.0002120 secs]
654.997: [GC (Allocation Failure) 30624K->435K(79360K), 0.0002110 secs]
655.016: [GC (Allocation Failure) 36679K->435K(86656K), 0.0002280 secs]
655.065: [GC (Allocation Failure) 44005K->435K(85120K), 0.0002040 secs]
655.147: [GC (Allocation Failure) 42442K->435K(83648K), 0.0002140 secs]
655.170: [GC (Allocation Failure) 40977K->435K(82240K), 0.0002160 secs]
655.187: [GC (Allocation Failure) 39512K->435K(80896K), 0.0002040 secs]
655.271: [GC (Allocation Failure) 38242K->435K(79616K), 0.0002160 secs]
655.291: [GC (Allocation Failure) 36972K->435K(78400K), 0.0002040 secs]
655.310: [GC (Allocation Failure) 35702K->435K(77248K), 0.0002110 secs]
655.367: [GC (Allocation Failure) 34530K->435K(76096K), 0.0002090 secs]
655.381: [GC (Allocation Failure) 33456K->435K(75008K), 0.0002180 secs]
655.397: [GC (Allocation Failure) 32284K->435K(73984K), 0.0002140 secs]
655.471: [GC (Allocation Failure) 31307K->435K(73024K), 0.0002170 secs]
655.485: [GC (Allocation Failure) 30331K->435K(72064K), 0.0002460 secs]
655.564: [GC (Allocation Failure) 29354K->435K(71168K), 0.0002120 secs]
655.580: [GC (Allocation Failure) 28475K->435K(70336K), 0.0002190 secs]
655.597: [GC (Allocation Failure) 27693K->435K(69504K), 0.0002160 secs]
655.609: [GC (Allocation Failure) 26814K->435K(74816K), 0.0002600 secs]
655.661: [GC (Allocation Failure) 32089K->435K(73792K), 0.0002260 secs]
655.674: [GC (Allocation Failure) 31112K->435K(79936K), 0.0002040 secs]
655.770: [GC (Allocation Failure) 37265K->435K(78656K), 0.0002280 secs]
655.786: [GC (Allocation Failure) 35996K->435K(77440K), 0.0002050 secs]
655.800: [GC (Allocation Failure) 34726K->435K(76288K), 0.0002070 secs]
655.815: [GC (Allocation Failure) 33554K->435K(82944K), 0.0002060 secs]
655.836: [GC (Allocation Failure) 40293K->435K(81536K), 0.0002140 secs]
655.855: [GC (Allocation Failure) 38828K->435K(80192K), 0.0001990 secs]
655.913: [GC (Allocation Failure) 37461K->435K(78912K), 0.0002170 secs]
655.930: [GC (Allocation Failure) 36191K->435K(86080K), 0.0003200 secs]
655.971: [GC (Allocation Failure) 43419K->435K(84544K), 0.0002230 secs]
655.989: [GC (Allocation Failure) 41856K->435K(83072K), 0.0002120 secs]
656.115: [GC (Allocation Failure) 40391K->435K(81664K), 0.0002250 secs]
656.132: [GC (Allocation Failure) 39023K->435K(80320K), 0.0002040 secs]
656.148: [GC (Allocation Failure) 37656K->435K(79040K), 0.0002040 secs]
656.168: [GC (Allocation Failure) 36386K->435K(77824K), 0.0002160 secs]
656.213: [GC (Allocation Failure) 35116K->435K(76672K), 0.0002130 secs]
656.263: [GC (Allocation Failure) 33944K->435K(75584K), 0.0002250 secs]
656.277: [GC (Allocation Failure) 32870K->435K(74560K), 0.0002030 secs]
656.410: [GC (Allocation Failure) 31893K->435K(73536K), 0.0002120 secs]
656.423: [GC (Allocation Failure) 30819K->435K(72576K), 0.0002050 secs]
656.436: [GC (Allocation Failure) 29842K->435K(71680K), 0.0002030 secs]
656.465: [GC (Allocation Failure) 28963K->435K(70784K), 0.0002110 secs]
656.481: [GC (Allocation Failure) 28084K->435K(69952K), 0.0002140 secs]
656.514: [GC (Allocation Failure) 27303K->435K(69120K), 0.0002040 secs]
656.526: [GC (Allocation Failure) 26424K->435K(74368K), 0.0003220 secs]
656.573: [GC (Allocation Failure) 31698K->435K(80640K), 0.0002190 secs]
656.590: [GC (Allocation Failure) 37949K->435K(88192K), 0.0002740 secs]
656.621: [GC (Allocation Failure) 45470K->435K(86592K), 0.0002220 secs]
656.672: [GC (Allocation Failure) 43907K->435K(85056K), 0.0002190 secs]
656.717: [GC (Allocation Failure) 42344K->435K(83584K), 0.0002140 secs]
656.738: [GC (Allocation Failure) 40879K->435K(82176K), 0.0002220 secs]
656.770: [GC (Allocation Failure) 39512K->435K(80832K), 0.0002120 secs]
656.786: [GC (Allocation Failure) 38144K->435K(79552K), 0.0002720 secs]
656.815: [GC (Allocation Failure) 36875K->435K(78336K), 0.0002160 secs]
656.834: [GC (Allocation Failure) 35605K->435K(77184K), 0.0002120 secs]
656.911: [GC (Allocation Failure) 34530K->435K(76032K), 0.0002110 secs]
656.930: [GC (Allocation Failure) 33358K->435K(74944K), 0.0002110 secs]
656.974: [GC (Allocation Failure) 32284K->435K(73920K), 0.0002160 secs]
656.992: [GC (Allocation Failure) 31210K->435K(72960K), 0.0002140 secs]
657.066: [GC (Allocation Failure) 30233K->435K(72000K), 0.0002220 secs]
657.079: [GC (Allocation Failure) 29354K->435K(71104K), 0.0002210 secs]
657.095: [GC (Allocation Failure) 28377K->435K(70272K), 0.0002040 secs]
657.107: [GC (Allocation Failure) 27596K->435K(75712K), 0.0002170 secs]
657.125: [GC (Allocation Failure) 33065K->435K(82240K), 0.0002120 secs]
657.270: [GC (Allocation Failure) 39512K->435K(80896K), 0.0002070 secs]
657.291: [GC (Allocation Failure) 38242K->435K(79616K), 0.0002180 secs]
657.307: [GC (Allocation Failure) 36972K->435K(78400K), 0.0002190 secs]
657.340: [GC (Allocation Failure) 35702K->435K(77248K), 0.0002260 secs]
657.360: [GC (Allocation Failure) 34530K->435K(76096K), 0.0002300 secs]
657.411: [GC (Allocation Failure) 33456K->435K(75008K), 0.0002110 secs]
657.425: [GC (Allocation Failure) 32284K->435K(73984K), 0.0002730 secs]
657.542: [GC (Allocation Failure) 31307K->435K(73024K), 0.0002240 secs]
657.555: [GC (Allocation Failure) 30331K->435K(72064K), 0.0002060 secs]
657.572: [GC (Allocation Failure) 29354K->435K(71168K), 0.0002030 secs]
657.588: [GC (Allocation Failure) 28475K->435K(70336K), 0.0002120 secs]
657.662: [GC (Allocation Failure) 27693K->435K(69504K), 0.0002260 secs]
657.677: [GC (Allocation Failure) 26814K->435K(68736K), 0.0002120 secs]
657.689: [GC (Allocation Failure) 26033K->435K(73920K), 0.0002180 secs]
657.702: [GC (Allocation Failure) 31210K->435K(80128K), 0.0002020 secs]
657.718: [GC (Allocation Failure) 37461K->435K(87552K), 0.0002050 secs]
657.738: [GC (Allocation Failure) 44884K->435K(96448K), 0.0002160 secs]
657.766: [GC (Allocation Failure) 53776K->435K(94400K), 0.0002030 secs]
657.792: [GC (Allocation Failure) 51725K->435K(92480K), 0.0002150 secs]
657.817: [GC (Allocation Failure) 49767K->435K(90624K), 0.0002130 secs]
657.838: [GC (Allocation Failure) 47911K->435K(88896K), 0.0002720 secs]
657.871: [GC (Allocation Failure) 46251K->435K(87232K), 0.0002050 secs]
657.924: [GC (Allocation Failure) 44591K->435K(85632K), 0.0002430 secs]
657.947: [GC (Allocation Failure) 42930K->435K(84096K), 0.0002230 secs]
658.026: [GC (Allocation Failure) 41367K->435K(82624K), 0.0002490 secs]
658.044: [GC (Allocation Failure) 39902K->435K(81280K), 0.0002020 secs]
658.072: [GC (Allocation Failure) 38633K->435K(80000K), 0.0002260 secs]
658.089: [GC (Allocation Failure) 37363K->435K(78720K), 0.0003300 secs]
658.121: [GC (Allocation Failure) 35996K->435K(77504K), 0.0002200 secs]
658.135: [GC (Allocation Failure) 34823K->435K(84416K), 0.0002740 secs]
658.174: [GC (Allocation Failure) 41758K->435K(82944K), 0.0002210 secs]
658.192: [GC (Allocation Failure) 40293K->435K(81536K), 0.0002190 secs]
658.218: [GC (Allocation Failure) 38828K->435K(80192K), 0.0002050 secs]
658.267: [GC (Allocation Failure) 37461K->435K(78912K), 0.0002060 secs]
658.340: [GC (Allocation Failure) 36191K->435K(77696K), 0.0002260 secs]
658.356: [GC (Allocation Failure) 35019K->435K(76544K), 0.0002130 secs]
658.374: [GC (Allocation Failure) 33847K->435K(75456K), 0.0002140 secs]
658.411: [GC (Allocation Failure) 32772K->435K(74432K), 0.0002060 secs]
658.425: [GC (Allocation Failure) 31698K->435K(73408K), 0.0002080 secs]
658.465: [GC (Allocation Failure) 30721K->435K(72448K), 0.0002270 secs]
658.481: [GC (Allocation Failure) 29745K->435K(71552K), 0.0002030 secs]
658.498: [GC (Allocation Failure) 28865K->435K(70656K), 0.0002210 secs]
658.563: [GC (Allocation Failure) 27986K->435K(69824K), 0.0002770 secs]
658.593: [GC (Allocation Failure) 27107K->435K(68992K), 0.0002730 secs]
658.609: [GC (Allocation Failure) 26326K->435K(68224K), 0.0002010 secs]
658.630: [GC (Allocation Failure) 25545K->435K(67520K), 0.0002070 secs]
658.642: [GC (Allocation Failure) 24857K->435K(72448K), 0.0002170 secs]
658.659: [GC (Allocation Failure) 29745K->435K(78336K), 0.0002090 secs]
658.721: [GC (Allocation Failure) 35605K->435K(77184K), 0.0002270 secs]
658.740: [GC (Allocation Failure) 34530K->435K(76032K), 0.0002290 secs]
658.816: [GC (Allocation Failure) 33358K->435K(74944K), 0.0002140 secs]
658.834: [GC (Allocation Failure) 32284K->435K(73920K), 0.0002100 secs]
658.869: [GC (Allocation Failure) 31210K->435K(72960K), 0.0002030 secs]
658.886: [GC (Allocation Failure) 30233K->435K(72000K), 0.0002000 secs]
658.933: [GC (Allocation Failure) 29354K->435K(71104K), 0.0002140 secs]
658.975: [GC (Allocation Failure) 28377K->435K(70272K), 0.0002250 secs]
658.988: [GC (Allocation Failure) 27596K->435K(69440K), 0.0002210 secs]
658.999: [GC (Allocation Failure) 26717K->435K(74752K), 0.0002060 secs]
659.017: [GC (Allocation Failure) 32089K->435K(81088K), 0.0002170 secs]
659.038: [GC (Allocation Failure) 38437K->435K(79808K), 0.0002130 secs]
659.054: [GC (Allocation Failure) 37168K->435K(87168K), 0.0002130 secs]
659.083: [GC (Allocation Failure) 44493K->435K(85568K), 0.0002270 secs]
659.107: [GC (Allocation Failure) 42930K->435K(84032K), 0.0002210 secs]
659.129: [GC (Allocation Failure) 41367K->435K(82624K), 0.0002240 secs]
659.169: [GC (Allocation Failure) 39902K->435K(81280K), 0.0002130 secs]
659.319: [GC (Allocation Failure) 38633K->435K(80000K), 0.0002060 secs]
659.339: [GC (Allocation Failure) 37363K->435K(78720K), 0.0002120 secs]
659.369: [GC (Allocation Failure) 35996K->435K(77504K), 0.0002180 secs]
659.385: [GC (Allocation Failure) 34823K->435K(76352K), 0.0002150 secs]
659.421: [GC (Allocation Failure) 33651K->435K(75264K), 0.0002220 secs]
659.439: [GC (Allocation Failure) 32577K->435K(74240K), 0.0002220 secs]
659.566: [GC (Allocation Failure) 31600K->435K(73216K), 0.0002150 secs]
659.583: [GC (Allocation Failure) 30526K->435K(72256K), 0.0002030 secs]
659.596: [GC (Allocation Failure) 29549K->435K(71360K), 0.0002280 secs]
659.608: [GC (Allocation Failure) 28670K->435K(77056K), 0.0002040 secs]
659.672: [GC (Allocation Failure) 34335K->435K(75904K), 0.0002120 secs]
659.686: [GC (Allocation Failure) 33261K->435K(82496K), 0.0002720 secs]
659.720: [GC (Allocation Failure) 39805K->435K(81152K), 0.0002040 secs]
659.788: [GC (Allocation Failure) 38437K->435K(79872K), 0.0002170 secs]
659.808: [GC (Allocation Failure) 37168K->435K(78656K), 0.0002000 secs]
659.869: [GC (Allocation Failure) 35996K->435K(77440K), 0.0002050 secs]
659.907: [GC (Allocation Failure) 34726K->435K(76288K), 0.0002180 secs]
659.922: [GC (Allocation Failure) 33554K->435K(75200K), 0.0002030 secs]
659.971: [GC (Allocation Failure) 32479K->435K(74176K), 0.0002110 secs]
659.985: [GC (Allocation Failure) 31503K->435K(73152K), 0.0002020 secs]
659.998: [GC (Allocation Failure) 30428K->435K(72192K), 0.0002140 secs]
660.016: [GC (Allocation Failure) 29549K->435K(71296K), 0.0002250 secs]
660.033: [GC (Allocation Failure) 28572K->435K(76992K), 0.0002230 secs]
660.173: [GC (Allocation Failure) 34335K->435K(75904K), 0.0002110 secs]
660.188: [GC (Allocation Failure) 33261K->435K(74816K), 0.0002450 secs]
660.204: [GC (Allocation Failure) 32089K->435K(81216K), 0.0002140 secs]
660.220: [GC (Allocation Failure) 38535K->435K(88896K), 0.0002050 secs]
660.240: [GC (Allocation Failure) 46251K->435K(87232K), 0.0002060 secs]
660.261: [GC (Allocation Failure) 44591K->435K(85632K), 0.0002110 secs]
660.322: [GC (Allocation Failure) 42930K->435K(84096K), 0.0002160 secs]
660.340: [GC (Allocation Failure) 41367K->435K(82624K), 0.0002020 secs]
660.361: [GC (Allocation Failure) 39902K->435K(81280K), 0.0002110 secs]
660.413: [GC (Allocation Failure) 38633K->435K(80000K), 0.0002170 secs]
660.429: [GC (Allocation Failure) 37363K->435K(78720K), 0.0002020 secs]
660.470: [GC (Allocation Failure) 35996K->435K(77504K), 0.0002150 secs]
660.519: [GC (Allocation Failure) 34823K->435K(76352K), 0.0002050 secs]
660.538: [GC (Allocation Failure) 33651K->435K(75264K), 0.0002700 secs]
660.554: [GC (Allocation Failure) 32577K->435K(74240K), 0.0002090 secs]
660.576: [GC (Allocation Failure) 31600K->435K(73216K), 0.0002100 secs]
660.593: [GC (Allocation Failure) 30526K->435K(72256K), 0.0002780 secs]
660.606: [GC (Allocation Failure) 29549K->435K(78144K), 0.0002290 secs]
660.634: [GC (Allocation Failure) 35409K->435K(85184K), 0.0002170 secs]
660.655: [GC (Allocation Failure) 42540K->435K(83712K), 0.0002130 secs]
660.673: [GC (Allocation Failure) 41074K->435K(82304K), 0.0002050 secs]
660.690: [GC (Allocation Failure) 39609K->435K(80960K), 0.0002040 secs]
660.706: [GC (Allocation Failure) 38242K->435K(88576K), 0.0002160 secs]
660.778: [GC (Allocation Failure) 45860K->435K(86912K), 0.0002230 secs]
660.797: [GC (Allocation Failure) 44200K->435K(85312K), 0.0002160 secs]
660.827: [GC (Allocation Failure) 42637K->435K(83840K), 0.0002120 secs]
660.848: [GC (Allocation Failure) 41172K->435K(82432K), 0.0002130 secs]
660.866: [GC (Allocation Failure) 39707K->435K(81088K), 0.0002050 secs]
660.941: [GC (Allocation Failure) 38437K->435K(79808K), 0.0002430 secs]
660.958: [GC (Allocation Failure) 37168K->435K(78592K), 0.0002170 secs]
661.005: [GC (Allocation Failure) 35898K->435K(77376K), 0.0002110 secs]
661.024: [GC (Allocation Failure) 34726K->435K(76224K), 0.0002120 secs]
661.074: [GC (Allocation Failure) 33554K->435K(75136K), 0.0002060 secs]
661.088: [GC (Allocation Failure) 32479K->435K(74112K), 0.0002160 secs]
661.121: [GC (Allocation Failure) 31405K->435K(73152K), 0.0002180 secs]
661.138: [GC (Allocation Failure) 30428K->435K(72192K), 0.0002110 secs]
661.150: [GC (Allocation Failure) 29549K->435K(71296K), 0.0002050 secs]
661.167: [GC (Allocation Failure) 28572K->435K(76992K), 0.0002110 secs]
661.320: [GC (Allocation Failure) 34335K->435K(75904K), 0.0002280 secs]
661.338: [GC (Allocation Failure) 33261K->435K(74816K), 0.0002100 secs]
661.370: [GC (Allocation Failure) 32089K->435K(73792K), 0.0002080 secs]
661.388: [GC (Allocation Failure) 31112K->435K(72832K), 0.0002170 secs]
661.409: [GC (Allocation Failure) 30135K->435K(71872K), 0.0002140 secs]
661.422: [GC (Allocation Failure) 29158K->435K(70976K), 0.0002200 secs]
661.468: [GC (Allocation Failure) 28279K->435K(70144K), 0.0002300 secs]
661.480: [GC (Allocation Failure) 27498K->435K(75584K), 0.0002040 secs]
661.539: [GC (Allocation Failure) 32870K->435K(74560K), 0.0002410 secs]
661.553: [GC (Allocation Failure) 31893K->435K(80896K), 0.0002660 secs]
661.589: [GC (Allocation Failure) 38242K->435K(79616K), 0.0002260 secs]
661.605: [GC (Allocation Failure) 36972K->435K(78400K), 0.0002030 secs]
661.620: [GC (Allocation Failure) 35702K->435K(77248K), 0.0002050 secs]
661.635: [GC (Allocation Failure) 34530K->435K(84096K), 0.0002060 secs]
661.723: [GC (Allocation Failure) 41367K->435K(82624K), 0.0002140 secs]
661.744: [GC (Allocation Failure) 39902K->435K(81280K), 0.0002030 secs]
661.763: [GC (Allocation Failure) 38633K->435K(80000K), 0.0001970 secs]
661.779: [GC (Allocation Failure) 37363K->435K(78720K), 0.0002100 secs]
661.878: [GC (Allocation Failure) 35996K->435K(77504K), 0.0002190 secs]
661.897: [GC (Allocation Failure) 34823K->435K(76352K), 0.0002150 secs]
661.912: [GC (Allocation Failure) 33651K->435K(75264K), 0.0002170 secs]
661.971: [GC (Allocation Failure) 32577K->435K(74240K), 0.0002190 secs]
662.024: [GC (Allocation Failure) 31600K->435K(73216K), 0.0002140 secs]
662.037: [GC (Allocation Failure) 30526K->435K(72256K), 0.0002040 secs]
662.054: [GC (Allocation Failure) 29549K->435K(71360K), 0.0002020 secs]
662.070: [GC (Allocation Failure) 28670K->435K(70464K), 0.0002380 secs]
662.137: [GC (Allocation Failure) 27791K->435K(69632K), 0.0002390 secs]
662.153: [GC (Allocation Failure) 26912K->435K(68864K), 0.0002760 secs]
662.172: [GC (Allocation Failure) 26131K->435K(68096K), 0.0002060 secs]
662.183: [GC (Allocation Failure) 25447K->435K(73152K), 0.0002140 secs]
662.196: [GC (Allocation Failure) 30428K->435K(79168K), 0.0002040 secs]
662.212: [GC (Allocation Failure) 36484K->435K(86400K), 0.0002040 secs]
662.230: [GC (Allocation Failure) 43712K->435K(95104K), 0.0002040 secs]
662.279: [GC (Allocation Failure) 52408K->435K(93120K), 0.0001990 secs]
662.328: [GC (Allocation Failure) 50455K->435K(91264K), 0.0002150 secs]
662.422: [GC (Allocation Failure) 48595K->435K(89472K), 0.0002290 secs]
662.442: [GC (Allocation Failure) 46739K->435K(87808K), 0.0002150 secs]
662.462: [GC (Allocation Failure) 45079K->435K(86208K), 0.0002030 secs]
662.526: [GC (Allocation Failure) 43516K->435K(84672K), 0.0002180 secs]
662.544: [GC (Allocation Failure) 41953K->435K(83200K), 0.0002050 secs]
662.564: [GC (Allocation Failure) 40488K->435K(81792K), 0.0001930 secs]
662.590: [GC (Allocation Failure) 39121K->435K(80448K), 0.0002210 secs]
662.617: [GC (Allocation Failure) 37754K->435K(79168K), 0.0002170 secs]
662.633: [GC (Allocation Failure) 36484K->435K(77952K), 0.0002160 secs]
662.649: [GC (Allocation Failure) 35312K->435K(76800K), 0.0002080 secs]
662.664: [GC (Allocation Failure) 34140K->435K(75712K), 0.0002050 secs]
662.738: [GC (Allocation Failure) 33065K->435K(74624K), 0.0002160 secs]
662.752: [GC (Allocation Failure) 31893K->435K(73600K), 0.0002200 secs]
662.821: [GC (Allocation Failure) 30917K->435K(72640K), 0.0002190 secs]
662.870: [GC (Allocation Failure) 29940K->435K(71744K), 0.0002150 secs]
662.883: [GC (Allocation Failure) 29061K->435K(70848K), 0.0002140 secs]
662.899: [GC (Allocation Failure) 28182K->435K(70016K), 0.0002150 secs]
662.919: [GC (Allocation Failure) 27303K->435K(69184K), 0.0002060 secs]
662.931: [GC (Allocation Failure) 26521K->435K(74432K), 0.0002040 secs]
662.949: [GC (Allocation Failure) 31698K->435K(80704K), 0.0002520 secs]
662.969: [GC (Allocation Failure) 38047K->435K(88256K), 0.0002080 secs]
662.988: [GC (Allocation Failure) 45567K->435K(97344K), 0.0002060 secs]
663.012: [GC (Allocation Failure) 54655K->435K(95296K), 0.0002070 secs]
663.038: [GC (Allocation Failure) 52604K->435K(93312K), 0.0003250 secs]
663.086: [GC (Allocation Failure) 50650K->435K(91456K), 0.0002130 secs]
663.108: [GC (Allocation Failure) 48791K->435K(89664K), 0.0002020 secs]
663.178: [GC (Allocation Failure) 46935K->435K(87936K), 0.0002160 secs]
663.232: [GC (Allocation Failure) 45274K->435K(86336K), 0.0002240 secs]
663.251: [GC (Allocation Failure) 43614K->435K(84800K), 0.0002010 secs]
663.269: [GC (Allocation Failure) 42149K->435K(83328K), 0.0002050 secs]
663.290: [GC (Allocation Failure) 40684K->435K(81920K), 0.0002030 secs]
663.312: [GC (Allocation Failure) 39219K->435K(80576K), 0.0002130 secs]
663.332: [GC (Allocation Failure) 37851K->435K(79296K), 0.0002020 secs]
663.348: [GC (Allocation Failure) 36582K->435K(78080K), 0.0002060 secs]
663.408: [GC (Allocation Failure) 35409K->435K(76928K), 0.0002200 secs]
663.427: [GC (Allocation Failure) 34237K->435K(75840K), 0.0002740 secs]
663.446: [GC (Allocation Failure) 33163K->435K(74752K), 0.0002160 secs]
663.460: [GC (Allocation Failure) 32089K->435K(81088K), 0.0002200 secs]
663.477: [GC (Allocation Failure) 38437K->435K(88704K), 0.0002060 secs]
663.628: [GC (Allocation Failure) 46056K->435K(87040K), 0.0002760 secs]
663.678: [GC (Allocation Failure) 44395K->435K(85440K), 0.0002240 secs]
663.696: [GC (Allocation Failure) 42735K->435K(83968K), 0.0002030 secs]
663.718: [GC (Allocation Failure) 41270K->435K(82560K), 0.0002100 secs]
663.781: [GC (Allocation Failure) 39902K->435K(81216K), 0.0002230 secs]
663.797: [GC (Allocation Failure) 38535K->435K(79936K), 0.0002050 secs]
663.885: [GC (Allocation Failure) 37265K->435K(78656K), 0.0002270 secs]
663.901: [GC (Allocation Failure) 35996K->435K(77440K), 0.0002020 secs]
663.916: [GC (Allocation Failure) 34726K->435K(76288K), 0.0002040 secs]
663.974: [GC (Allocation Failure) 33554K->435K(75200K), 0.0002170 secs]
664.023: [GC (Allocation Failure) 32479K->435K(74176K), 0.0002260 secs]
664.037: [GC (Allocation Failure) 31503K->435K(73152K), 0.0002120 secs]
664.076: [GC (Allocation Failure) 30428K->435K(72192K), 0.0002130 secs]
664.089: [GC (Allocation Failure) 29549K->435K(71296K), 0.0002020 secs]
664.178: [GC (Allocation Failure) 28572K->435K(70400K), 0.0002160 secs]
664.225: [GC (Allocation Failure) 27693K->435K(69568K), 0.0002190 secs]
664.241: [GC (Allocation Failure) 26912K->435K(68800K), 0.0002260 secs]
664.256: [GC (Allocation Failure) 26131K->435K(68032K), 0.0002920 secs]
664.272: [GC (Allocation Failure) 25349K->435K(73024K), 0.0002040 secs]
664.285: [GC (Allocation Failure) 30331K->435K(79040K), 0.0002160 secs]
664.305: [GC (Allocation Failure) 36386K->435K(86272K), 0.0002320 secs]
664.324: [GC (Allocation Failure) 43614K->435K(94912K), 0.0002160 secs]
664.382: [GC (Allocation Failure) 52213K->435K(92992K), 0.0002250 secs]
664.408: [GC (Allocation Failure) 50260K->435K(91136K), 0.0002100 secs]
664.431: [GC (Allocation Failure) 48498K->435K(89344K), 0.0002060 secs]
664.534: [GC (Allocation Failure) 46642K->435K(87680K), 0.0002230 secs]
664.553: [GC (Allocation Failure) 44981K->435K(86080K), 0.0002160 secs]
664.576: [GC (Allocation Failure) 43419K->435K(84544K), 0.0002010 secs]
664.595: [GC (Allocation Failure) 41856K->435K(83072K), 0.0002030 secs]
664.628: [GC (Allocation Failure) 40391K->435K(81664K), 0.0002310 secs]
664.645: [GC (Allocation Failure) 39023K->435K(80320K), 0.0002120 secs]
664.662: [GC (Allocation Failure) 37656K->435K(79040K), 0.0002010 secs]
664.681: [GC (Allocation Failure) 36386K->435K(77824K), 0.0002130 secs]
664.701: [GC (Allocation Failure) 35116K->435K(76672K), 0.0002750 secs]
664.825: [GC (Allocation Failure) 33944K->435K(75584K), 0.0002740 secs]
664.875: [GC (Allocation Failure) 32870K->435K(74560K), 0.0002130 secs]
664.888: [GC (Allocation Failure) 31893K->435K(73536K), 0.0002040 secs]
664.902: [GC (Allocation Failure) 30819K->435K(72576K), 0.0002130 secs]
664.915: [GC (Allocation Failure) 29842K->435K(78528K), 0.0002040 secs]
664.934: [GC (Allocation Failure) 35800K->435K(85632K), 0.0002100 secs]
664.957: [GC (Allocation Failure) 42930K->435K(84096K), 0.0002330 secs]
664.977: [GC (Allocation Failure) 41367K->435K(82624K), 0.0002020 secs]
665.082: [GC (Allocation Failure) 39902K->435K(81280K), 0.0002050 secs]
665.103: [GC (Allocation Failure) 38633K->435K(80000K), 0.0002080 secs]
665.119: [GC (Allocation Failure) 37363K->435K(78720K), 0.0002190 secs]
665.139: [GC (Allocation Failure) 35996K->435K(77504K), 0.0002730 secs]
665.154: [GC (Allocation Failure) 34823K->435K(84416K), 0.0002290 secs]
665.172: [GC (Allocation Failure) 41758K->435K(92736K), 0.0002160 secs]
665.197: [GC (Allocation Failure) 50064K->435K(90880K), 0.0002100 secs]
665.232: [GC (Allocation Failure) 48204K->435K(89152K), 0.0002250 secs]
665.252: [GC (Allocation Failure) 46446K->435K(87488K), 0.0002060 secs]
665.282: [GC (Allocation Failure) 44786K->435K(85888K), 0.0002150 secs]
665.301: [GC (Allocation Failure) 43223K->435K(84352K), 0.0002690 secs]
665.384: [GC (Allocation Failure) 41660K->435K(82880K), 0.0002200 secs]
665.405: [GC (Allocation Failure) 40195K->435K(81472K), 0.0002090 secs]
665.426: [GC (Allocation Failure) 38828K->435K(80128K), 0.0002060 secs]
665.481: [GC (Allocation Failure) 37461K->435K(78848K), 0.0002060 secs]
665.497: [GC (Allocation Failure) 36191K->435K(77632K), 0.0002160 secs]
665.512: [GC (Allocation Failure) 34921K->435K(76480K), 0.0002020 secs]
665.535: [GC (Allocation Failure) 33749K->435K(75392K), 0.0002170 secs]
665.553: [GC (Allocation Failure) 32675K->435K(74368K), 0.0002150 secs]
665.580: [GC (Allocation Failure) 31698K->435K(73344K), 0.0002060 secs]
665.597: [GC (Allocation Failure) 30624K->435K(72384K), 0.0002180 secs]
665.610: [GC (Allocation Failure) 29745K->435K(78272K), 0.0002060 secs]
665.630: [GC (Allocation Failure) 35605K->435K(77120K), 0.0002110 secs]
665.677: [GC (Allocation Failure) 34433K->435K(75968K), 0.0002250 secs]
665.695: [GC (Allocation Failure) 33261K->435K(74880K), 0.0002020 secs]
665.730: [GC (Allocation Failure) 32186K->435K(73856K), 0.0002020 secs]
665.748: [GC (Allocation Failure) 31210K->435K(72896K), 0.0002180 secs]
665.762: [GC (Allocation Failure) 30233K->435K(71936K), 0.0002110 secs]
665.824: [GC (Allocation Failure) 29256K->435K(71040K), 0.0002160 secs]
665.840: [GC (Allocation Failure) 28377K->435K(70208K), 0.0002000 secs]
665.857: [GC (Allocation Failure) 27498K->435K(69376K), 0.0002550 secs]
665.873: [GC (Allocation Failure) 26717K->435K(74688K), 0.0002140 secs]
665.891: [GC (Allocation Failure) 31991K->435K(81024K), 0.0002150 secs]
665.907: [GC (Allocation Failure) 38340K->435K(88640K), 0.0002060 secs]
665.932: [GC (Allocation Failure) 45958K->435K(86976K), 0.0002170 secs]
665.951: [GC (Allocation Failure) 44298K->435K(85376K), 0.0002140 secs]
666.031: [GC (Allocation Failure) 42735K->435K(83904K), 0.0002060 secs]
666.080: [GC (Allocation Failure) 41172K->435K(82496K), 0.0002740 secs]
666.129: [GC (Allocation Failure) 39805K->435K(81152K), 0.0002130 secs]
666.146: [GC (Allocation Failure) 38437K->435K(79872K), 0.0002040 secs]
666.166: [GC (Allocation Failure) 37168K->435K(78656K), 0.0002080 secs]
666.184: [GC (Allocation Failure) 35996K->435K(77440K), 0.0002290 secs]
666.199: [GC (Allocation Failure) 34726K->435K(76288K), 0.0002080 secs]
666.213: [GC (Allocation Failure) 33554K->435K(82944K), 0.0002010 secs]
666.234: [GC (Allocation Failure) 40293K->435K(81536K), 0.0002110 secs]
666.279: [GC (Allocation Failure) 38828K->435K(80192K), 0.0002270 secs]
666.296: [GC (Allocation Failure) 37461K->435K(78912K), 0.0002050 secs]
666.328: [GC (Allocation Failure) 36191K->435K(77696K), 0.0002260 secs]
666.347: [GC (Allocation Failure) 35019K->435K(76544K), 0.0002120 secs]
666.377: [GC (Allocation Failure) 33847K->435K(75456K), 0.0002240 secs]
666.391: [GC (Allocation Failure) 32772K->435K(74432K), 0.0002080 secs]
666.530: [GC (Allocation Failure) 31698K->435K(73408K), 0.0002130 secs]
666.544: [GC (Allocation Failure) 30721K->435K(72448K), 0.0002260 secs]
666.561: [GC (Allocation Failure) 29745K->435K(71552K), 0.0002320 secs]
666.579: [GC (Allocation Failure) 28865K->435K(70656K), 0.0002140 secs]
666.591: [GC (Allocation Failure) 27986K->435K(76224K), 0.0003270 secs]
666.628: [GC (Allocation Failure) 33554K->435K(82880K), 0.0002060 secs]
666.664: [GC (Allocation Failure) 40195K->435K(81472K), 0.0002000 secs]
666.742: [GC (Allocation Failure) 38828K->435K(80128K), 0.0003370 secs]
666.762: [GC (Allocation Failure) 37461K->435K(78848K), 0.0002030 secs]
666.779: [GC (Allocation Failure) 36191K->435K(77632K), 0.0002180 secs]
666.829: [GC (Allocation Failure) 34921K->435K(76480K), 0.0002150 secs]
666.882: [GC (Allocation Failure) 33749K->435K(75392K), 0.0002240 secs]
666.896: [GC (Allocation Failure) 32675K->435K(74368K), 0.0002200 secs]
666.914: [GC (Allocation Failure) 31698K->435K(73344K), 0.0002130 secs]
666.977: [GC (Allocation Failure) 30624K->435K(72384K), 0.0002150 secs]
667.126: [GC (Allocation Failure) 29745K->435K(71488K), 0.0002060 secs]
667.180: [GC (Allocation Failure) 28768K->435K(70592K), 0.0002220 secs]
667.196: [GC (Allocation Failure) 27889K->435K(69760K), 0.0002400 secs]
667.229: [GC (Allocation Failure) 27107K->435K(68992K), 0.0002170 secs]
667.245: [GC (Allocation Failure) 26326K->435K(68224K), 0.0002080 secs]
667.260: [GC (Allocation Failure) 25545K->435K(67520K), 0.0002110 secs]
667.335: [GC (Allocation Failure) 24857K->435K(66816K), 0.0002060 secs]
667.350: [GC (Allocation Failure) 24173K->435K(66112K), 0.0002140 secs]
667.364: [GC (Allocation Failure) 23392K->435K(70720K), 0.0002700 secs]
667.378: [GC (Allocation Failure) 27986K->435K(76288K), 0.0002040 secs]
667.392: [GC (Allocation Failure) 33554K->435K(82944K), 0.0002170 secs]
667.485: [GC (Allocation Failure) 40293K->435K(81536K), 0.0002130 secs]
667.506: [GC (Allocation Failure) 38828K->435K(80192K), 0.0002080 secs]
667.527: [GC (Allocation Failure) 37461K->435K(78912K), 0.0002110 secs]
667.542: [GC (Allocation Failure) 36191K->435K(77696K), 0.0002200 secs]
667.580: [GC (Allocation Failure) 35019K->435K(76544K), 0.0003240 secs]
667.729: [GC (Allocation Failure) 33847K->435K(75456K), 0.0002040 secs]
667.784: [GC (Allocation Failure) 32772K->435K(74432K), 0.0002260 secs]
667.798: [GC (Allocation Failure) 31698K->435K(73408K), 0.0002050 secs]
667.815: [GC (Allocation Failure) 30721K->435K(72448K), 0.0002120 secs]
667.881: [GC (Allocation Failure) 29745K->435K(71552K), 0.0002240 secs]
667.898: [GC (Allocation Failure) 28865K->435K(70656K), 0.0002100 secs]
667.981: [GC (Allocation Failure) 27986K->435K(69824K), 0.0002020 secs]
667.996: [GC (Allocation Failure) 27107K->435K(68992K), 0.0002030 secs]
668.012: [GC (Allocation Failure) 26326K->435K(68224K), 0.0002300 secs]
668.027: [GC (Allocation Failure) 25545K->435K(67520K), 0.0002040 secs]
668.038: [GC (Allocation Failure) 24857K->435K(72448K), 0.0002910 secs]
668.065: [GC (Allocation Failure) 29745K->435K(78336K), 0.0002040 secs]
668.081: [GC (Allocation Failure) 35605K->435K(85440K), 0.0002280 secs]
668.133: [GC (Allocation Failure) 42735K->435K(83968K), 0.0002720 secs]
668.287: [GC (Allocation Failure) 41270K->435K(82560K), 0.0002160 secs]
668.304: [GC (Allocation Failure) 39902K->435K(81216K), 0.0002160 secs]
668.386: [GC (Allocation Failure) 38535K->435K(79936K), 0.0002140 secs]
668.405: [GC (Allocation Failure) 37265K->435K(78656K), 0.0002090 secs]
668.421: [GC (Allocation Failure) 35996K->435K(77440K), 0.0002040 secs]
668.436: [GC (Allocation Failure) 34726K->435K(76288K), 0.0002040 secs]
668.451: [GC (Allocation Failure) 33554K->435K(75200K), 0.0002030 secs]
668.580: [GC (Allocation Failure) 32479K->435K(74176K), 0.0002200 secs]
668.614: [GC (Allocation Failure) 31503K->435K(73152K), 0.0002180 secs]
668.678: [GC (Allocation Failure) 30428K->435K(72192K), 0.0002230 secs]
668.691: [GC (Allocation Failure) 29549K->435K(71296K), 0.0002220 secs]
668.732: [GC (Allocation Failure) 28572K->435K(70400K), 0.0002430 secs]
668.749: [GC (Allocation Failure) 27693K->435K(69568K), 0.0002200 secs]
668.765: [GC (Allocation Failure) 26912K->435K(68800K), 0.0002140 secs]
668.780: [GC (Allocation Failure) 26131K->435K(73984K), 0.0002290 secs]
668.879: [GC (Allocation Failure) 31307K->435K(73024K), 0.0002150 secs]
668.896: [GC (Allocation Failure) 30331K->435K(72064K), 0.0002170 secs]
668.983: [GC (Allocation Failure) 29354K->435K(71168K), 0.0002160 secs]
669.000: [GC (Allocation Failure) 28475K->435K(70336K), 0.0002290 secs]
669.032: [GC (Allocation Failure) 27693K->435K(69504K), 0.0002060 secs]
669.044: [GC (Allocation Failure) 26814K->435K(68736K), 0.0002330 secs]
669.059: [GC (Allocation Failure) 26033K->435K(73920K), 0.0002020 secs]
669.076: [GC (Allocation Failure) 31210K->435K(80128K), 0.0002000 secs]
669.097: [GC (Allocation Failure) 37461K->435K(78848K), 0.0002310 secs]
669.112: [GC (Allocation Failure) 36191K->435K(86016K), 0.0002760 secs]
669.139: [GC (Allocation Failure) 43321K->435K(94656K), 0.0002060 secs]
669.193: [GC (Allocation Failure) 52018K->435K(92736K), 0.0002250 secs]
669.214: [GC (Allocation Failure) 50064K->435K(90880K), 0.0002040 secs]
669.235: [GC (Allocation Failure) 48204K->435K(89152K), 0.0002740 secs]
669.286: [GC (Allocation Failure) 46446K->435K(87488K), 0.0002160 secs]
669.336: [GC (Allocation Failure) 44786K->435K(85888K), 0.0002050 secs]
669.415: [GC (Allocation Failure) 43223K->435K(84352K), 0.0002120 secs]
669.433: [GC (Allocation Failure) 41660K->435K(82880K), 0.0002130 secs]
669.451: [GC (Allocation Failure) 40195K->435K(81472K), 0.0002140 secs]
669.467: [GC (Allocation Failure) 38828K->435K(80128K), 0.0002000 secs]
669.483: [GC (Allocation Failure) 37461K->435K(78848K), 0.0002020 secs]
669.532: [GC (Allocation Failure) 36191K->435K(77632K), 0.0002730 secs]
669.585: [GC (Allocation Failure) 34921K->435K(76480K), 0.0002060 secs]
669.603: [GC (Allocation Failure) 33749K->435K(75392K), 0.0002110 secs]
669.618: [GC (Allocation Failure) 32675K->435K(74368K), 0.0002180 secs]
669.735: [GC (Allocation Failure) 31698K->435K(73344K), 0.0002410 secs]
669.753: [GC (Allocation Failure) 30624K->435K(72384K), 0.0002900 secs]
669.786: [GC (Allocation Failure) 29745K->435K(71488K), 0.0002100 secs]
669.799: [GC (Allocation Failure) 28768K->435K(70592K), 0.0002230 secs]
669.833: [GC (Allocation Failure) 27889K->435K(69760K), 0.0002300 secs]
669.850: [GC (Allocation Failure) 27107K->435K(68992K), 0.0002050 secs]
669.883: [GC (Allocation Failure) 26326K->435K(68224K), 0.0002030 secs]
669.898: [GC (Allocation Failure) 25545K->435K(67520K), 0.0002170 secs]
669.909: [GC (Allocation Failure) 24857K->435K(72448K), 0.0002770 secs]
670.034: [GC (Allocation Failure) 29745K->435K(71552K), 0.0002230 secs]
670.051: [GC (Allocation Failure) 28865K->435K(70656K), 0.0002120 secs]
670.063: [GC (Allocation Failure) 27986K->435K(76224K), 0.0002150 secs]
670.077: [GC (Allocation Failure) 33554K->435K(82880K), 0.0002120 secs]
670.094: [GC (Allocation Failure) 40195K->435K(90880K), 0.0002050 secs]
670.115: [GC (Allocation Failure) 48204K->435K(100480K), 0.0002150 secs]
670.146: [GC (Allocation Failure) 57780K->435K(98240K), 0.0002140 secs]
670.170: [GC (Allocation Failure) 55534K->435K(96128K), 0.0002260 secs]
670.194: [GC (Allocation Failure) 53483K->435K(94144K), 0.0002090 secs]
670.300: [GC (Allocation Failure) 51432K->435K(92224K), 0.0002150 secs]
670.325: [GC (Allocation Failure) 49572K->435K(90432K), 0.0002130 secs]
670.346: [GC (Allocation Failure) 47716K->435K(88704K), 0.0002170 secs]
670.412: [GC (Allocation Failure) 46056K->435K(87040K), 0.0002790 secs]
670.441: [GC (Allocation Failure) 44395K->435K(85440K), 0.0002160 secs]
670.463: [GC (Allocation Failure) 42735K->435K(83968K), 0.0002140 secs]
670.543: [GC (Allocation Failure) 41270K->435K(82560K), 0.0002230 secs]
670.561: [GC (Allocation Failure) 39902K->435K(81216K), 0.0002260 secs]
670.579: [GC (Allocation Failure) 38535K->435K(79936K), 0.0001930 secs]
670.599: [GC (Allocation Failure) 37265K->435K(78656K), 0.0002120 secs]
670.665: [GC (Allocation Failure) 35996K->435K(77440K), 0.0002060 secs]
670.684: [GC (Allocation Failure) 34726K->435K(76288K), 0.0002210 secs]
670.737: [GC (Allocation Failure) 33554K->435K(75200K), 0.0002450 secs]
670.751: [GC (Allocation Failure) 32479K->435K(74176K), 0.0002060 secs]
670.786: [GC (Allocation Failure) 31503K->435K(73152K), 0.0002190 secs]
670.803: [GC (Allocation Failure) 30428K->435K(72192K), 0.0002000 secs]
670.909: [GC (Allocation Failure) 29549K->435K(71296K), 0.0002050 secs]
670.922: [GC (Allocation Failure) 28572K->435K(70400K), 0.0002170 secs]
670.934: [GC (Allocation Failure) 27693K->435K(75904K), 0.0002140 secs]
670.984: [GC (Allocation Failure) 33261K->435K(74816K), 0.0002070 secs]
670.998: [GC (Allocation Failure) 32089K->435K(73792K), 0.0002070 secs]
671.032: [GC (Allocation Failure) 31112K->435K(72832K), 0.0002180 secs]
671.092: [GC (Allocation Failure) 30135K->435K(71872K), 0.0002130 secs]
671.104: [GC (Allocation Failure) 29158K->435K(70976K), 0.0002270 secs]
671.117: [GC (Allocation Failure) 28279K->435K(76608K), 0.0002040 secs]
671.184: [GC (Allocation Failure) 33944K->435K(75520K), 0.0002150 secs]
671.202: [GC (Allocation Failure) 32870K->435K(74496K), 0.0002000 secs]
671.219: [GC (Allocation Failure) 31796K->435K(73472K), 0.0002110 secs]
671.286: [GC (Allocation Failure) 30819K->435K(72512K), 0.0002120 secs]
671.303: [GC (Allocation Failure) 29842K->435K(71616K), 0.0002210 secs]
671.332: [GC (Allocation Failure) 28963K->435K(70720K), 0.0002130 secs]
671.348: [GC (Allocation Failure) 27986K->435K(69888K), 0.0002110 secs]
671.391: [GC (Allocation Failure) 27205K->435K(69056K), 0.0002100 secs]
671.406: [GC (Allocation Failure) 26326K->435K(68288K), 0.0002200 secs]
671.481: [GC (Allocation Failure) 25642K->435K(67520K), 0.0002990 secs]
671.534: [GC (Allocation Failure) 24857K->435K(66816K), 0.0002110 secs]
671.549: [GC (Allocation Failure) 24173K->435K(66112K), 0.0002160 secs]
671.584: [GC (Allocation Failure) 23392K->435K(65472K), 0.0002010 secs]
671.597: [GC (Allocation Failure) 22806K->435K(64832K), 0.0002210 secs]
671.629: [GC (Allocation Failure) 22122K->435K(64256K), 0.0002160 secs]
671.734: [GC (Allocation Failure) 21536K->435K(63680K), 0.0002240 secs]
671.743: [GC (Allocation Failure) 20950K->435K(67840K), 0.0002650 secs]
671.780: [GC (Allocation Failure) 25150K->435K(67136K), 0.0002070 secs]
671.830: [GC (Allocation Failure) 24466K->435K(66432K), 0.0002250 secs]
671.844: [GC (Allocation Failure) 23783K->435K(65792K), 0.0002110 secs]
671.854: [GC (Allocation Failure) 23099K->435K(70336K), 0.0002040 secs]
671.866: [GC (Allocation Failure) 27693K->435K(75840K), 0.0002020 secs]
671.888: [GC (Allocation Failure) 33163K->435K(82432K), 0.0002260 secs]
671.905: [GC (Allocation Failure) 39707K->435K(90304K), 0.0002160 secs]
671.926: [GC (Allocation Failure) 47618K->435K(99776K), 0.0002690 secs]
672.094: [GC (Allocation Failure) 57097K->435K(97600K), 0.0002160 secs]
672.195: [GC (Allocation Failure) 54948K->435K(95552K), 0.0002180 secs]
672.243: [GC (Allocation Failure) 52897K->435K(93568K), 0.0002100 secs]
672.298: [GC (Allocation Failure) 50846K->435K(91712K), 0.0002050 secs]
672.371: [GC (Allocation Failure) 48986K->435K(89920K), 0.0002120 secs]
672.393: [GC (Allocation Failure) 47228K->435K(88192K), 0.0002100 secs]
672.416: [GC (Allocation Failure) 45470K->435K(86592K), 0.0002120 secs]
672.489: [GC (Allocation Failure) 43907K->435K(85056K), 0.0002710 secs]
672.590: [GC (Allocation Failure) 42344K->435K(83584K), 0.0002050 secs]
672.635: [GC (Allocation Failure) 40879K->435K(82176K), 0.0002310 secs]
672.653: [GC (Allocation Failure) 39512K->435K(80832K), 0.0002050 secs]
672.688: [GC (Allocation Failure) 38144K->435K(79552K), 0.0002060 secs]
672.741: [GC (Allocation Failure) 36875K->435K(78336K), 0.0002610 secs]
672.756: [GC (Allocation Failure) 35605K->435K(77184K), 0.0002140 secs]
672.771: [GC (Allocation Failure) 34530K->435K(76032K), 0.0002080 secs]
672.785: [GC (Allocation Failure) 33358K->435K(74944K), 0.0002040 secs]
672.803: [GC (Allocation Failure) 32284K->435K(73920K), 0.0002130 secs]
672.938: [GC (Allocation Failure) 31210K->435K(72960K), 0.0002320 secs]
672.956: [GC (Allocation Failure) 30233K->435K(72000K), 0.0002620 secs]
672.968: [GC (Allocation Failure) 29354K->435K(77824K), 0.0002750 secs]
673.028: [GC (Allocation Failure) 35116K->435K(76672K), 0.0002240 secs]
673.047: [GC (Allocation Failure) 33944K->435K(83392K), 0.0003640 secs]
673.065: [GC (Allocation Failure) 40684K->435K(91456K), 0.0002470 secs]
673.097: [GC (Allocation Failure) 48791K->435K(101184K), 0.0002140 secs]
673.122: [GC (Allocation Failure) 58464K->435K(98944K), 0.0002170 secs]
673.146: [GC (Allocation Failure) 56218K->435K(96832K), 0.0002140 secs]
673.249: [GC (Allocation Failure) 54166K->435K(94784K), 0.0002230 secs]
673.275: [GC (Allocation Failure) 52115K->435K(92864K), 0.0002080 secs]
673.394: [GC (Allocation Failure) 50162K->435K(91008K), 0.0002790 secs]
673.498: [GC (Allocation Failure) 48302K->435K(89216K), 0.0002080 secs]
673.542: [GC (Allocation Failure) 46544K->435K(87552K), 0.0002170 secs]
673.561: [GC (Allocation Failure) 44884K->435K(85952K), 0.0002150 secs]
673.584: [GC (Allocation Failure) 43223K->435K(84416K), 0.0002130 secs]
673.640: [GC (Allocation Failure) 41758K->435K(82944K), 0.0002750 secs]
673.693: [GC (Allocation Failure) 40293K->435K(81536K), 0.0002120 secs]
673.714: [GC (Allocation Failure) 38828K->435K(80192K), 0.0002150 secs]
673.737: [GC (Allocation Failure) 37461K->435K(78912K), 0.0002050 secs]
673.798: [GC (Allocation Failure) 36191K->435K(77696K), 0.0002210 secs]
673.813: [GC (Allocation Failure) 35019K->435K(76544K), 0.0002170 secs]
673.831: [GC (Allocation Failure) 33847K->435K(75456K), 0.0002160 secs]
673.891: [GC (Allocation Failure) 32772K->435K(74432K), 0.0002070 secs]
673.905: [GC (Allocation Failure) 31698K->435K(73408K), 0.0002170 secs]
673.989: [GC (Allocation Failure) 30721K->435K(72448K), 0.0002150 secs]
674.002: [GC (Allocation Failure) 29745K->435K(71552K), 0.0002740 secs]
674.089: [GC (Allocation Failure) 28865K->435K(70656K), 0.0002830 secs]
674.101: [GC (Allocation Failure) 27986K->435K(76224K), 0.0002300 secs]
674.116: [GC (Allocation Failure) 33554K->435K(82880K), 0.0002040 secs]
674.194: [GC (Allocation Failure) 40195K->435K(81472K), 0.0002230 secs]
674.214: [GC (Allocation Failure) 38828K->435K(80128K), 0.0002130 secs]
674.235: [GC (Allocation Failure) 37461K->435K(78848K), 0.0002040 secs]
674.251: [GC (Allocation Failure) 36191K->435K(77632K), 0.0002290 secs]
674.266: [GC (Allocation Failure) 34921K->435K(76480K), 0.0002040 secs]
674.280: [GC (Allocation Failure) 33749K->435K(83200K), 0.0002070 secs]
674.302: [GC (Allocation Failure) 40488K->435K(91264K), 0.0002150 secs]
674.326: [GC (Allocation Failure) 48595K->435K(89472K), 0.0002210 secs]
674.393: [GC (Allocation Failure) 46739K->435K(87808K), 0.0002130 secs]
674.413: [GC (Allocation Failure) 45079K->435K(86208K), 0.0002120 secs]
674.496: [GC (Allocation Failure) 43516K->435K(84672K), 0.0002130 secs]
674.518: [GC (Allocation Failure) 41953K->435K(83200K), 0.0002020 secs]
674.600: [GC (Allocation Failure) 40488K->435K(81792K), 0.0002150 secs]
674.617: [GC (Allocation Failure) 39121K->435K(80448K), 0.0002730 secs]
674.640: [GC (Allocation Failure) 37754K->435K(79168K), 0.0002440 secs]
674.657: [GC (Allocation Failure) 36484K->435K(77952K), 0.0002110 secs]
674.692: [GC (Allocation Failure) 35312K->435K(76800K), 0.0003390 secs]
674.712: [GC (Allocation Failure) 34140K->435K(75712K), 0.0002120 secs]
674.727: [GC (Allocation Failure) 33065K->435K(74624K), 0.0002070 secs]
674.744: [GC (Allocation Failure) 31893K->435K(73600K), 0.0002120 secs]
674.791: [GC (Allocation Failure) 30917K->435K(72640K), 0.0002090 secs]
674.804: [GC (Allocation Failure) 29940K->435K(71744K), 0.0002310 secs]
674.816: [GC (Allocation Failure) 29061K->435K(77504K), 0.0002070 secs]
674.835: [GC (Allocation Failure) 34823K->435K(84416K), 0.0002240 secs]
674.914: [GC (Allocation Failure) 41758K->435K(82944K), 0.0002140 secs]
674.932: [GC (Allocation Failure) 40293K->435K(81536K), 0.0002060 secs]
674.992: [GC (Allocation Failure) 38828K->435K(80192K), 0.0002190 secs]
675.008: [GC (Allocation Failure) 37461K->435K(78912K), 0.0002020 secs]
675.028: [GC (Allocation Failure) 36191K->435K(77696K), 0.0002720 secs]
675.043: [GC (Allocation Failure) 35019K->435K(84672K), 0.0002300 secs]
675.061: [GC (Allocation Failure) 41953K->435K(92992K), 0.0002050 secs]
675.087: [GC (Allocation Failure) 50260K->435K(91136K), 0.0002120 secs]
675.108: [GC (Allocation Failure) 48498K->435K(89344K), 0.0002150 secs]
675.128: [GC (Allocation Failure) 46642K->435K(87680K), 0.0002770 secs]
675.305: [GC (Allocation Failure) 44981K->435K(86080K), 0.0002270 secs]
675.324: [GC (Allocation Failure) 43419K->435K(84544K), 0.0002030 secs]
675.392: [GC (Allocation Failure) 41856K->435K(83072K), 0.0002120 secs]
675.446: [GC (Allocation Failure) 40391K->435K(81664K), 0.0002160 secs]
675.467: [GC (Allocation Failure) 39023K->435K(80320K), 0.0002110 secs]
675.487: [GC (Allocation Failure) 37656K->435K(79040K), 0.0002110 secs]
675.541: [GC (Allocation Failure) 36386K->435K(77824K), 0.0002760 secs]
675.643: [GC (Allocation Failure) 35116K->435K(76672K), 0.0002120 secs]
675.662: [GC (Allocation Failure) 33944K->435K(75584K), 0.0002080 secs]
675.677: [GC (Allocation Failure) 32870K->435K(74560K), 0.0002270 secs]
675.743: [GC (Allocation Failure) 31893K->435K(73536K), 0.0002250 secs]
675.761: [GC (Allocation Failure) 30819K->435K(72576K), 0.0002170 secs]
675.778: [GC (Allocation Failure) 29842K->435K(71680K), 0.0002150 secs]
675.793: [GC (Allocation Failure) 28963K->435K(70784K), 0.0002100 secs]
675.841: [GC (Allocation Failure) 28084K->435K(69952K), 0.0002140 secs]
675.857: [GC (Allocation Failure) 27303K->435K(69120K), 0.0002210 secs]
675.869: [GC (Allocation Failure) 26424K->435K(74368K), 0.0002170 secs]
675.898: [GC (Allocation Failure) 31698K->435K(73344K), 0.0002160 secs]
675.915: [GC (Allocation Failure) 30624K->435K(72384K), 0.0002140 secs]
675.929: [GC (Allocation Failure) 29745K->435K(78272K), 0.0002310 secs]
675.948: [GC (Allocation Failure) 35605K->435K(85312K), 0.0002120 secs]
675.994: [GC (Allocation Failure) 42637K->435K(83840K), 0.0002020 secs]
676.024: [GC (Allocation Failure) 41172K->435K(82432K), 0.0002850 secs]
676.147: [GC (Allocation Failure) 39707K->435K(81088K), 0.0002240 secs]
676.168: [GC (Allocation Failure) 38437K->435K(79808K), 0.0002040 secs]
676.185: [GC (Allocation Failure) 37168K->435K(78592K), 0.0002160 secs]
676.200: [GC (Allocation Failure) 35898K->435K(85696K), 0.0002900 secs]
676.248: [GC (Allocation Failure) 43028K->435K(84160K), 0.0002160 secs]
676.266: [GC (Allocation Failure) 41465K->435K(82688K), 0.0002080 secs]
676.293: [GC (Allocation Failure) 40000K->435K(81344K), 0.0002140 secs]
676.310: [GC (Allocation Failure) 38633K->435K(80000K), 0.0002070 secs]
676.346: [GC (Allocation Failure) 37363K->435K(78720K), 0.0002420 secs]
676.363: [GC (Allocation Failure) 35996K->435K(77504K), 0.0002660 secs]
676.411: [GC (Allocation Failure) 34823K->435K(76352K), 0.0002230 secs]
676.426: [GC (Allocation Failure) 33651K->435K(75264K), 0.0002170 secs]
676.440: [GC (Allocation Failure) 32577K->435K(81728K), 0.0002060 secs]
676.456: [GC (Allocation Failure) 39023K->435K(89472K), 0.0002160 secs]
676.480: [GC (Allocation Failure) 46739K->435K(87808K), 0.0002100 secs]
676.540: [GC (Allocation Failure) 45079K->435K(86208K), 0.0002160 secs]
676.559: [GC (Allocation Failure) 43516K->435K(84672K), 0.0002060 secs]
676.595: [GC (Allocation Failure) 41953K->435K(83200K), 0.0002020 secs]
676.633: [GC (Allocation Failure) 40488K->435K(81792K), 0.0002260 secs]
676.653: [GC (Allocation Failure) 39121K->435K(80448K), 0.0002100 secs]
676.685: [GC (Allocation Failure) 37754K->435K(79168K), 0.0002410 secs]
676.706: [GC (Allocation Failure) 36484K->435K(77952K), 0.0002240 secs]
676.743: [GC (Allocation Failure) 35312K->435K(76800K), 0.0002030 secs]
676.762: [GC (Allocation Failure) 34140K->435K(75712K), 0.0002160 secs]
676.777: [GC (Allocation Failure) 33065K->435K(74624K), 0.0002730 secs]
676.844: [GC (Allocation Failure) 31893K->435K(73600K), 0.0002120 secs]
676.858: [GC (Allocation Failure) 30917K->435K(79744K), 0.0002730 secs]
676.909: [GC (Allocation Failure) 37070K->435K(78528K), 0.0002290 secs]
676.925: [GC (Allocation Failure) 35800K->435K(77312K), 0.0002270 secs]
676.943: [GC (Allocation Failure) 34628K->435K(76160K), 0.0002140 secs]
676.958: [GC (Allocation Failure) 33456K->435K(82816K), 0.0002150 secs]
676.977: [GC (Allocation Failure) 40098K->435K(90816K), 0.0002100 secs]
676.999: [GC (Allocation Failure) 48107K->435K(89088K), 0.0002060 secs]
677.018: [GC (Allocation Failure) 46446K->435K(87424K), 0.0002060 secs]
677.042: [GC (Allocation Failure) 44786K->435K(85824K), 0.0002150 secs]
677.064: [GC (Allocation Failure) 43126K->435K(84288K), 0.0002050 secs]
677.086: [GC (Allocation Failure) 41563K->435K(82816K), 0.0002170 secs]
677.104: [GC (Allocation Failure) 40098K->435K(81408K), 0.0002090 secs]
677.148: [GC (Allocation Failure) 38730K->435K(80064K), 0.0002130 secs]
677.164: [GC (Allocation Failure) 37363K->435K(78784K), 0.0002070 secs]
677.293: [GC (Allocation Failure) 36093K->435K(77568K), 0.0002130 secs]
677.308: [GC (Allocation Failure) 34921K->435K(76416K), 0.0002140 secs]
677.322: [GC (Allocation Failure) 33749K->435K(75328K), 0.0002150 secs]
677.397: [GC (Allocation Failure) 32675K->435K(74304K), 0.0002600 secs]
677.415: [GC (Allocation Failure) 31600K->435K(73280K), 0.0002130 secs]
677.441: [GC (Allocation Failure) 30624K->435K(72320K), 0.0002160 secs]
677.453: [GC (Allocation Failure) 29647K->435K(71424K), 0.0002060 secs]
677.470: [GC (Allocation Failure) 28768K->435K(77120K), 0.0002250 secs]
677.497: [GC (Allocation Failure) 34433K->435K(75968K), 0.0002400 secs]
677.512: [GC (Allocation Failure) 33261K->435K(82560K), 0.0002710 secs]
677.533: [GC (Allocation Failure) 39902K->435K(90496K), 0.0002030 secs]
677.558: [GC (Allocation Failure) 47814K->435K(88768K), 0.0002110 secs]
677.582: [GC (Allocation Failure) 46056K->435K(87104K), 0.0002030 secs]
677.651: [GC (Allocation Failure) 44395K->435K(85504K), 0.0002040 secs]
677.669: [GC (Allocation Failure) 42833K->435K(83968K), 0.0002160 secs]
677.691: [GC (Allocation Failure) 41270K->435K(82560K), 0.0002020 secs]
677.745: [GC (Allocation Failure) 39902K->435K(81216K), 0.0002730 secs]
677.898: [GC (Allocation Failure) 38535K->435K(79936K), 0.0002130 secs]
677.919: [GC (Allocation Failure) 37265K->435K(78656K), 0.0002020 secs]
677.936: [GC (Allocation Failure) 35996K->435K(77440K), 0.0003220 secs]
677.997: [GC (Allocation Failure) 34726K->435K(76288K), 0.0002230 secs]
678.015: [GC (Allocation Failure) 33554K->435K(75200K), 0.0002020 secs]
678.029: [GC (Allocation Failure) 32479K->435K(74176K), 0.0002160 secs]
678.146: [GC (Allocation Failure) 31503K->435K(73152K), 0.0003680 secs]
678.164: [GC (Allocation Failure) 30428K->435K(72192K), 0.0002590 secs]
678.177: [GC (Allocation Failure) 29549K->435K(78016K), 0.0002700 secs]
678.204: [GC (Allocation Failure) 35312K->435K(85056K), 0.0002360 secs]
678.224: [GC (Allocation Failure) 42344K->435K(93504K), 0.0002220 secs]
678.254: [GC (Allocation Failure) 50846K->435K(91648K), 0.0002170 secs]
678.279: [GC (Allocation Failure) 48986K->435K(89856K), 0.0002130 secs]
678.345: [GC (Allocation Failure) 47130K->435K(88128K), 0.0002280 secs]
678.369: [GC (Allocation Failure) 45470K->435K(86528K), 0.0002020 secs]
678.402: [GC (Allocation Failure) 43809K->435K(84992K), 0.0002170 secs]
678.425: [GC (Allocation Failure) 42344K->435K(83520K), 0.0002270 secs]
678.444: [GC (Allocation Failure) 40879K->435K(82112K), 0.0002210 secs]
678.494: [GC (Allocation Failure) 39414K->435K(80768K), 0.0002160 secs]
678.510: [GC (Allocation Failure) 38047K->435K(79488K), 0.0002060 secs]
678.529: [GC (Allocation Failure) 36777K->435K(78272K), 0.0002110 secs]
678.545: [GC (Allocation Failure) 35605K->435K(77120K), 0.0002160 secs]
678.564: [GC (Allocation Failure) 34433K->435K(75968K), 0.0002110 secs]
678.578: [GC (Allocation Failure) 33261K->435K(82560K), 0.0002050 secs]
678.600: [GC (Allocation Failure) 39902K->435K(81216K), 0.0002140 secs]
678.635: [GC (Allocation Failure) 38535K->435K(79936K), 0.0002190 secs]
678.656: [GC (Allocation Failure) 37265K->435K(78656K), 0.0002140 secs]
678.684: [GC (Allocation Failure) 35996K->435K(77440K), 0.0002160 secs]
678.699: [GC (Allocation Failure) 34726K->435K(76288K), 0.0002060 secs]
678.713: [GC (Allocation Failure) 33554K->435K(82944K), 0.0002720 secs]
678.739: [GC (Allocation Failure) 40293K->435K(81536K), 0.0002060 secs]
678.760: [GC (Allocation Failure) 38828K->435K(80192K), 0.0002030 secs]
678.780: [GC (Allocation Failure) 37461K->435K(78912K), 0.0002120 secs]
678.845: [GC (Allocation Failure) 36191K->435K(77696K), 0.0002050 secs]
678.899: [GC (Allocation Failure) 35019K->435K(76544K), 0.0002150 secs]
678.913: [GC (Allocation Failure) 33847K->435K(75456K), 0.0002040 secs]
679.044: [GC (Allocation Failure) 32772K->435K(74432K), 0.0002040 secs]
679.098: [GC (Allocation Failure) 31698K->435K(73408K), 0.0002100 secs]
679.111: [GC (Allocation Failure) 30721K->435K(72448K), 0.0003240 secs]
679.143: [GC (Allocation Failure) 29745K->435K(71552K), 0.0002140 secs]
679.155: [GC (Allocation Failure) 28865K->435K(77248K), 0.0002750 secs]
679.195: [GC (Allocation Failure) 34530K->435K(76096K), 0.0002070 secs]
679.245: [GC (Allocation Failure) 33456K->435K(75008K), 0.0002120 secs]
679.259: [GC (Allocation Failure) 32284K->435K(73984K), 0.0002160 secs]
679.280: [GC (Allocation Failure) 31307K->435K(73024K), 0.0002760 secs]
679.297: [GC (Allocation Failure) 30331K->435K(79040K), 0.0002140 secs]
679.313: [GC (Allocation Failure) 36386K->435K(86272K), 0.0002170 secs]
679.336: [GC (Allocation Failure) 43614K->435K(84736K), 0.0001990 secs]
679.354: [GC (Allocation Failure) 42051K->435K(83264K), 0.0002120 secs]
679.371: [GC (Allocation Failure) 40586K->435K(81856K), 0.0002140 secs]
679.410: [GC (Allocation Failure) 39219K->435K(80512K), 0.0002230 secs]
679.450: [GC (Allocation Failure) 37851K->435K(79232K), 0.0002250 secs]
679.466: [GC (Allocation Failure) 36582K->435K(78016K), 0.0002050 secs]
679.481: [GC (Allocation Failure) 35312K->435K(76864K), 0.0002030 secs]
679.540: [GC (Allocation Failure) 34140K->435K(75776K), 0.0002300 secs]
679.555: [GC (Allocation Failure) 33065K->435K(74688K), 0.0002740 secs]
679.569: [GC (Allocation Failure) 31991K->435K(81024K), 0.0002050 secs]
679.589: [GC (Allocation Failure) 38340K->435K(79744K), 0.0002050 secs]
679.610: [GC (Allocation Failure) 37070K->435K(78528K), 0.0002220 secs]
679.700: [GC (Allocation Failure) 35800K->435K(77312K), 0.0002230 secs]
679.715: [GC (Allocation Failure) 34628K->435K(76160K), 0.0002050 secs]
679.731: [GC (Allocation Failure) 33456K->435K(75072K), 0.0002100 secs]
679.788: [GC (Allocation Failure) 32382K->435K(74048K), 0.0001960 secs]
679.801: [GC (Allocation Failure) 31405K->435K(73088K), 0.0002150 secs]
679.814: [GC (Allocation Failure) 30428K->435K(79104K), 0.0002070 secs]
679.901: [GC (Allocation Failure) 36386K->435K(77888K), 0.0002220 secs]
679.916: [GC (Allocation Failure) 35214K->435K(76736K), 0.0002220 secs]
679.935: [GC (Allocation Failure) 34042K->435K(75648K), 0.0002120 secs]
679.995: [GC (Allocation Failure) 32968K->435K(74560K), 0.0002280 secs]
680.013: [GC (Allocation Failure) 31893K->435K(73536K), 0.0002140 secs]
680.048: [GC (Allocation Failure) 30819K->435K(72576K), 0.0002060 secs]
680.066: [GC (Allocation Failure) 29842K->435K(71680K), 0.0002120 secs]
680.078: [GC (Allocation Failure) 28963K->435K(77440K), 0.0003230 secs]
680.100: [GC (Allocation Failure) 34726K->435K(84352K), 0.0002140 secs]
680.119: [GC (Allocation Failure) 41660K->435K(92608K), 0.0002150 secs]
680.140: [GC (Allocation Failure) 49967K->435K(102528K), 0.0002050 secs]
680.211: [GC (Allocation Failure) 59831K->435K(100224K), 0.0002150 secs]
680.240: [GC (Allocation Failure) 57585K->435K(98048K), 0.0002040 secs]
680.264: [GC (Allocation Failure) 55339K->435K(95936K), 0.0002740 secs]
680.308: [GC (Allocation Failure) 53287K->435K(93952K), 0.0002180 secs]
680.331: [GC (Allocation Failure) 51236K->435K(92032K), 0.0002720 secs]
680.507: [GC (Allocation Failure) 49377K->435K(90240K), 0.0002240 secs]
680.527: [GC (Allocation Failure) 47521K->435K(88512K), 0.0002060 secs]
680.547: [GC (Allocation Failure) 45860K->435K(86848K), 0.0002760 secs]
680.598: [GC (Allocation Failure) 44200K->435K(85312K), 0.0002800 secs]
680.632: [GC (Allocation Failure) 42637K->435K(83840K), 0.0002070 secs]
680.669: [GC (Allocation Failure) 41172K->435K(82432K), 0.0002180 secs]
680.686: [GC (Allocation Failure) 39707K->435K(81088K), 0.0002160 secs]
680.703: [GC (Allocation Failure) 38437K->435K(79808K), 0.0002050 secs]
680.798: [GC (Allocation Failure) 37168K->435K(78592K), 0.0002160 secs]
680.852: [GC (Allocation Failure) 35898K->435K(77376K), 0.0002230 secs]
680.871: [GC (Allocation Failure) 34726K->435K(76224K), 0.0002110 secs]
680.897: [GC (Allocation Failure) 33554K->435K(75136K), 0.0002730 secs]
681.003: [GC (Allocation Failure) 32479K->435K(74112K), 0.0002170 secs]
681.020: [GC (Allocation Failure) 31405K->435K(73152K), 0.0003010 secs]
681.038: [GC (Allocation Failure) 30428K->435K(72192K), 0.0002140 secs]
681.051: [GC (Allocation Failure) 29549K->435K(78016K), 0.0002190 secs]
681.102: [GC (Allocation Failure) 35312K->435K(76864K), 0.0002170 secs]
681.121: [GC (Allocation Failure) 34140K->435K(75776K), 0.0002060 secs]
681.136: [GC (Allocation Failure) 33065K->435K(74688K), 0.0002190 secs]
681.150: [GC (Allocation Failure) 31991K->435K(81024K), 0.0002040 secs]
681.203: [GC (Allocation Failure) 38340K->435K(79744K), 0.0002130 secs]
681.223: [GC (Allocation Failure) 37070K->435K(78528K), 0.0002120 secs]
681.239: [GC (Allocation Failure) 35800K->435K(77312K), 0.0002040 secs]
681.258: [GC (Allocation Failure) 34628K->435K(76160K), 0.0002100 secs]
681.272: [GC (Allocation Failure) 33456K->435K(82816K), 0.0002210 secs]
681.294: [GC (Allocation Failure) 40098K->435K(81408K), 0.0002150 secs]
681.311: [GC (Allocation Failure) 38730K->435K(89088K), 0.0002160 secs]
681.407: [GC (Allocation Failure) 46446K->435K(87424K), 0.0002230 secs]
681.426: [GC (Allocation Failure) 44786K->435K(85824K), 0.0002050 secs]
681.444: [GC (Allocation Failure) 43126K->435K(84288K), 0.0002030 secs]
681.501: [GC (Allocation Failure) 41563K->435K(82816K), 0.0002150 secs]
681.521: [GC (Allocation Failure) 40098K->435K(81408K), 0.0002020 secs]
681.537: [GC (Allocation Failure) 38730K->435K(80064K), 0.0002020 secs]
681.649: [GC (Allocation Failure) 37363K->435K(78784K), 0.0002240 secs]
681.665: [GC (Allocation Failure) 36093K->435K(77568K), 0.0002120 secs]
681.680: [GC (Allocation Failure) 34921K->435K(76416K), 0.0002050 secs]
681.694: [GC (Allocation Failure) 33749K->435K(75328K), 0.0002040 secs]
681.712: [GC (Allocation Failure) 32675K->435K(74304K), 0.0002100 secs]
681.734: [GC (Allocation Failure) 31600K->435K(80576K), 0.0002710 secs]
681.801: [GC (Allocation Failure) 37851K->435K(79296K), 0.0002050 secs]
681.909: [GC (Allocation Failure) 36582K->435K(78080K), 0.0002260 secs]
681.924: [GC (Allocation Failure) 35409K->435K(76928K), 0.0002160 secs]
681.999: [GC (Allocation Failure) 34237K->435K(75840K), 0.0002160 secs]
682.052: [GC (Allocation Failure) 33163K->435K(74752K), 0.0002150 secs]
682.066: [GC (Allocation Failure) 32089K->435K(73728K), 0.0002170 secs]
682.080: [GC (Allocation Failure) 31014K->435K(72768K), 0.0002060 secs]
682.101: [GC (Allocation Failure) 30038K->435K(71808K), 0.0002120 secs]
682.114: [GC (Allocation Failure) 29158K->435K(77568K), 0.0002030 secs]
682.209: [GC (Allocation Failure) 34921K->435K(76416K), 0.0002240 secs]
682.228: [GC (Allocation Failure) 33749K->435K(75328K), 0.0002160 secs]
682.299: [GC (Allocation Failure) 32675K->435K(74304K), 0.0002100 secs]
682.348: [GC (Allocation Failure) 31600K->435K(73280K), 0.0002070 secs]
682.402: [GC (Allocation Failure) 30624K->435K(72320K), 0.0002240 secs]
682.418: [GC (Allocation Failure) 29647K->435K(71424K), 0.0002230 secs]
682.493: [GC (Allocation Failure) 28768K->435K(70528K), 0.0002290 secs]
682.505: [GC (Allocation Failure) 27889K->435K(69696K), 0.0002050 secs]
682.520: [GC (Allocation Failure) 27010K->435K(68928K), 0.0002100 secs]
682.546: [GC (Allocation Failure) 26228K->435K(68160K), 0.0002030 secs]
682.593: [GC (Allocation Failure) 25447K->435K(67456K), 0.0002720 secs]
682.605: [GC (Allocation Failure) 24759K->435K(66752K), 0.0002240 secs]
682.616: [GC (Allocation Failure) 24076K->435K(71488K), 0.0002160 secs]
682.632: [GC (Allocation Failure) 28768K->435K(77184K), 0.0002130 secs]
682.651: [GC (Allocation Failure) 34530K->435K(84032K), 0.0002110 secs]
682.673: [GC (Allocation Failure) 41367K->435K(92224K), 0.0002120 secs]
682.699: [GC (Allocation Failure) 49572K->435K(90432K), 0.0002130 secs]
682.719: [GC (Allocation Failure) 47716K->435K(99904K), 0.0002720 secs]
682.749: [GC (Allocation Failure) 57194K->435K(97728K), 0.0002740 secs]
682.777: [GC (Allocation Failure) 55046K->435K(95680K), 0.0002280 secs]
682.858: [GC (Allocation Failure) 52994K->435K(93696K), 0.0002150 secs]
682.884: [GC (Allocation Failure) 51041K->435K(91840K), 0.0002020 secs]
682.909: [GC (Allocation Failure) 49181K->435K(90048K), 0.0002090 secs]
682.930: [GC (Allocation Failure) 47325K->435K(88320K), 0.0002130 secs]
682.949: [GC (Allocation Failure) 45665K->435K(86656K), 0.0002040 secs]
682.972: [GC (Allocation Failure) 44005K->435K(85120K), 0.0002090 secs]
682.991: [GC (Allocation Failure) 42442K->435K(83648K), 0.0001910 secs]
683.018: [GC (Allocation Failure) 40977K->435K(82240K), 0.0002190 secs]
683.036: [GC (Allocation Failure) 39512K->435K(80896K), 0.0002500 secs]
683.103: [GC (Allocation Failure) 38242K->435K(79616K), 0.0002330 secs]
683.121: [GC (Allocation Failure) 36972K->435K(78400K), 0.0002030 secs]
683.151: [GC (Allocation Failure) 35702K->435K(77248K), 0.0003530 secs]
683.166: [GC (Allocation Failure) 34530K->435K(76096K), 0.0002170 secs]
683.184: [GC (Allocation Failure) 33456K->435K(75008K), 0.0002020 secs]
683.199: [GC (Allocation Failure) 32284K->435K(81408K), 0.0002170 secs]
683.252: [GC (Allocation Failure) 38730K->435K(80064K), 0.0002760 secs]
683.406: [GC (Allocation Failure) 37363K->435K(78784K), 0.0002150 secs]
683.426: [GC (Allocation Failure) 36093K->435K(77568K), 0.0002120 secs]
683.445: [GC (Allocation Failure) 34921K->435K(76416K), 0.0002030 secs]
683.464: [GC (Allocation Failure) 33749K->435K(75328K), 0.0002040 secs]
683.478: [GC (Allocation Failure) 32675K->435K(74304K), 0.0002200 secs]
683.500: [GC (Allocation Failure) 31600K->435K(73280K), 0.0002300 secs]
683.514: [GC (Allocation Failure) 30624K->435K(79360K), 0.0002050 secs]
683.529: [GC (Allocation Failure) 36679K->435K(86656K), 0.0002030 secs]
683.552: [GC (Allocation Failure) 44005K->435K(85120K), 0.0002130 secs]
683.571: [GC (Allocation Failure) 42442K->435K(83648K), 0.0002050 secs]
683.588: [GC (Allocation Failure) 40977K->435K(82240K), 0.0002040 secs]
683.707: [GC (Allocation Failure) 39512K->435K(80896K), 0.0002020 secs]
683.728: [GC (Allocation Failure) 38242K->435K(79616K), 0.0002080 secs]
683.744: [GC (Allocation Failure) 36972K->435K(78400K), 0.0002190 secs]
683.760: [GC (Allocation Failure) 35702K->435K(77248K), 0.0002020 secs]
683.805: [GC (Allocation Failure) 34530K->435K(76096K), 0.0002230 secs]
683.820: [GC (Allocation Failure) 33456K->435K(75008K), 0.0002060 secs]
683.837: [GC (Allocation Failure) 32284K->435K(73984K), 0.0002010 secs]
683.850: [GC (Allocation Failure) 31307K->435K(80192K), 0.0002060 secs]
683.913: [GC (Allocation Failure) 37461K->435K(78912K), 0.0002230 secs]
683.928: [GC (Allocation Failure) 36191K->435K(77696K), 0.0002040 secs]
683.947: [GC (Allocation Failure) 35019K->435K(76544K), 0.0002110 secs]
684.002: [GC (Allocation Failure) 33847K->435K(75456K), 0.0002700 secs]
684.055: [GC (Allocation Failure) 32772K->435K(74432K), 0.0002240 secs]
684.069: [GC (Allocation Failure) 31698K->435K(73408K), 0.0002070 secs]
684.104: [GC (Allocation Failure) 30721K->435K(72448K), 0.0002110 secs]
684.117: [GC (Allocation Failure) 29745K->435K(78336K), 0.0002690 secs]
684.136: [GC (Allocation Failure) 35605K->435K(85440K), 0.0002140 secs]
684.154: [GC (Allocation Failure) 42735K->435K(93952K), 0.0002130 secs]
684.219: [GC (Allocation Failure) 51236K->435K(92032K), 0.0002240 secs]
684.244: [GC (Allocation Failure) 49377K->435K(90240K), 0.0002140 secs]
684.312: [GC (Allocation Failure) 47521K->435K(88512K), 0.0002180 secs]
684.336: [GC (Allocation Failure) 45860K->435K(86848K), 0.0002230 secs]
684.366: [GC (Allocation Failure) 44200K->435K(85312K), 0.0002290 secs]
684.386: [GC (Allocation Failure) 42637K->435K(83840K), 0.0003280 secs]
684.415: [GC (Allocation Failure) 41172K->435K(82432K), 0.0003340 secs]
684.433: [GC (Allocation Failure) 39707K->435K(81088K), 0.0002290 secs]
684.450: [GC (Allocation Failure) 38437K->435K(79808K), 0.0002030 secs]
684.554: [GC (Allocation Failure) 37168K->435K(78592K), 0.0002120 secs]
684.569: [GC (Allocation Failure) 35898K->435K(77376K), 0.0002050 secs]
684.584: [GC (Allocation Failure) 34726K->435K(84288K), 0.0002850 secs]
684.619: [GC (Allocation Failure) 41563K->435K(82816K), 0.0002450 secs]
684.637: [GC (Allocation Failure) 40098K->435K(81408K), 0.0002190 secs]
684.657: [GC (Allocation Failure) 38730K->435K(80064K), 0.0002050 secs]
684.673: [GC (Allocation Failure) 37363K->435K(78784K), 0.0002150 secs]
684.688: [GC (Allocation Failure) 36093K->435K(85952K), 0.0002020 secs]
684.711: [GC (Allocation Failure) 43223K->435K(84416K), 0.0002140 secs]
684.733: [GC (Allocation Failure) 41758K->435K(82944K), 0.0002120 secs]
684.756: [GC (Allocation Failure) 40293K->435K(81536K), 0.0002060 secs]
684.855: [GC (Allocation Failure) 38828K->435K(80192K), 0.0002170 secs]
684.908: [GC (Allocation Failure) 37461K->435K(78912K), 0.0002220 secs]
684.924: [GC (Allocation Failure) 36191K->435K(77696K), 0.0002050 secs]
684.957: [GC (Allocation Failure) 35019K->435K(76544K), 0.0002100 secs]
684.972: [GC (Allocation Failure) 33847K->435K(75456K), 0.0002050 secs]
685.002: [GC (Allocation Failure) 32772K->435K(74432K), 0.0002160 secs]
685.142: [GC (Allocation Failure) 31698K->435K(73408K), 0.0002280 secs]
685.156: [GC (Allocation Failure) 30721K->435K(72448K), 0.0002730 secs]
685.173: [GC (Allocation Failure) 29745K->435K(71552K), 0.0002120 secs]
685.251: [GC (Allocation Failure) 28865K->435K(70656K), 0.0002200 secs]
685.267: [GC (Allocation Failure) 27986K->435K(69824K), 0.0002010 secs]
685.283: [GC (Allocation Failure) 27107K->435K(68992K), 0.0002110 secs]
685.308: [GC (Allocation Failure) 26326K->435K(68224K), 0.0002140 secs]
685.401: [GC (Allocation Failure) 25545K->435K(67520K), 0.0002770 secs]
685.428: [GC (Allocation Failure) 24857K->435K(66816K), 0.0002320 secs]
685.443: [GC (Allocation Failure) 24173K->435K(66112K), 0.0002020 secs]
685.457: [GC (Allocation Failure) 23392K->435K(65472K), 0.0002280 secs]
685.471: [GC (Allocation Failure) 22806K->435K(69952K), 0.0002150 secs]
685.504: [GC (Allocation Failure) 27303K->435K(69120K), 0.0002060 secs]
685.516: [GC (Allocation Failure) 26424K->435K(74368K), 0.0003250 secs]
685.556: [GC (Allocation Failure) 31698K->435K(80640K), 0.0002250 secs]
685.573: [GC (Allocation Failure) 37949K->435K(88192K), 0.0002060 secs]
685.709: [GC (Allocation Failure) 45470K->435K(86592K), 0.0002330 secs]
685.727: [GC (Allocation Failure) 43907K->435K(85056K), 0.0002040 secs]
685.746: [GC (Allocation Failure) 42344K->435K(83584K), 0.0002130 secs]
685.808: [GC (Allocation Failure) 40879K->435K(82176K), 0.0002080 secs]
685.860: [GC (Allocation Failure) 39512K->435K(80832K), 0.0002160 secs]
685.877: [GC (Allocation Failure) 38144K->435K(79552K), 0.0002850 secs]
685.913: [GC (Allocation Failure) 36875K->435K(78336K), 0.0003360 secs]
685.929: [GC (Allocation Failure) 35605K->435K(85440K), 0.0003240 secs]
686.008: [GC (Allocation Failure) 42735K->435K(83968K), 0.0002160 secs]
686.040: [GC (Allocation Failure) 41270K->435K(82560K), 0.0002140 secs]
686.057: [GC (Allocation Failure) 39902K->435K(81216K), 0.0002030 secs]
686.110: [GC (Allocation Failure) 38535K->435K(79936K), 0.0002180 secs]
686.130: [GC (Allocation Failure) 37265K->435K(78656K), 0.0002120 secs]
686.146: [GC (Allocation Failure) 35996K->435K(77440K), 0.0002050 secs]
686.161: [GC (Allocation Failure) 34726K->435K(76288K), 0.0002040 secs]
686.175: [GC (Allocation Failure) 33554K->435K(82944K), 0.0002150 secs]
686.196: [GC (Allocation Failure) 40293K->435K(81536K), 0.0002130 secs]
686.307: [GC (Allocation Failure) 38828K->435K(80192K), 0.0002740 secs]
686.360: [GC (Allocation Failure) 37461K->435K(78912K), 0.0002230 secs]
686.376: [GC (Allocation Failure) 36191K->435K(77696K), 0.0002050 secs]
686.409: [GC (Allocation Failure) 35019K->435K(76544K), 0.0002110 secs]
686.424: [GC (Allocation Failure) 33847K->435K(75456K), 0.0002720 secs]
686.454: [GC (Allocation Failure) 32772K->435K(74432K), 0.0002050 secs]
686.595: [GC (Allocation Failure) 31698K->435K(73408K), 0.0007170 secs]
686.609: [GC (Allocation Failure) 30721K->435K(72448K), 0.0002340 secs]
686.623: [GC (Allocation Failure) 29745K->435K(78336K), 0.0002020 secs]
686.651: [GC (Allocation Failure) 35605K->435K(77184K), 0.0002140 secs]
686.670: [GC (Allocation Failure) 34530K->435K(76032K), 0.0002120 secs]
686.709: [GC (Allocation Failure) 33358K->435K(74944K), 0.0002080 secs]
686.723: [GC (Allocation Failure) 32284K->435K(73920K), 0.0002140 secs]
686.736: [GC (Allocation Failure) 31210K->435K(80128K), 0.0002040 secs]
686.761: [GC (Allocation Failure) 37461K->435K(78848K), 0.0002210 secs]
686.777: [GC (Allocation Failure) 36191K->435K(86016K), 0.0002290 secs]
686.914: [GC (Allocation Failure) 43321K->435K(84480K), 0.0002280 secs]
686.936: [GC (Allocation Failure) 41758K->435K(83008K), 0.0002030 secs]
686.954: [GC (Allocation Failure) 40293K->435K(81600K), 0.0002040 secs]
687.009: [GC (Allocation Failure) 38926K->435K(80256K), 0.0002430 secs]
687.116: [GC (Allocation Failure) 37558K->435K(78976K), 0.0002160 secs]
687.136: [GC (Allocation Failure) 36289K->435K(77760K), 0.0002080 secs]
687.155: [GC (Allocation Failure) 35116K->435K(76608K), 0.0002330 secs]
687.174: [GC (Allocation Failure) 33944K->435K(75520K), 0.0002220 secs]
687.206: [GC (Allocation Failure) 32870K->435K(74496K), 0.0002130 secs]
687.219: [GC (Allocation Failure) 31796K->435K(73472K), 0.0002060 secs]
687.254: [GC (Allocation Failure) 30819K->435K(72512K), 0.0002060 secs]
687.308: [GC (Allocation Failure) 29842K->435K(71616K), 0.0002190 secs]
687.321: [GC (Allocation Failure) 28963K->435K(70720K), 0.0002160 secs]
687.337: [GC (Allocation Failure) 27986K->435K(69888K), 0.0002220 secs]
687.353: [GC (Allocation Failure) 27205K->435K(75264K), 0.0002290 secs]
687.367: [GC (Allocation Failure) 32577K->435K(81728K), 0.0002170 secs]
687.410: [GC (Allocation Failure) 39023K->435K(80384K), 0.0002210 secs]
687.462: [GC (Allocation Failure) 37656K->435K(79104K), 0.0002190 secs]
687.478: [GC (Allocation Failure) 36386K->435K(77888K), 0.0002700 secs]
687.511: [GC (Allocation Failure) 35214K->435K(76736K), 0.0002190 secs]
687.526: [GC (Allocation Failure) 34042K->435K(75648K), 0.0002150 secs]
687.540: [GC (Allocation Failure) 32968K->435K(82176K), 0.0002050 secs]
687.609: [GC (Allocation Failure) 39512K->435K(80832K), 0.0002050 secs]
687.741: [GC (Allocation Failure) 38144K->435K(79552K), 0.0002140 secs]
687.761: [GC (Allocation Failure) 36875K->435K(78336K), 0.0002060 secs]
687.776: [GC (Allocation Failure) 35605K->435K(77184K), 0.0002270 secs]
687.791: [GC (Allocation Failure) 34530K->435K(76032K), 0.0002040 secs]
687.806: [GC (Allocation Failure) 33358K->435K(74944K), 0.0002100 secs]
687.856: [GC (Allocation Failure) 32284K->435K(73920K), 0.0002190 secs]
687.909: [GC (Allocation Failure) 31210K->435K(72960K), 0.0002240 secs]
687.926: [GC (Allocation Failure) 30233K->435K(72000K), 0.0002130 secs]
687.939: [GC (Allocation Failure) 29354K->435K(71104K), 0.0002270 secs]
687.956: [GC (Allocation Failure) 28377K->435K(76736K), 0.0002040 secs]
687.971: [GC (Allocation Failure) 34042K->435K(83520K), 0.0002150 secs]
687.992: [GC (Allocation Failure) 40879K->435K(91648K), 0.0002120 secs]
688.034: [GC (Allocation Failure) 48986K->435K(89856K), 0.0002140 secs]
688.055: [GC (Allocation Failure) 47130K->435K(88128K), 0.0002040 secs]
688.112: [GC (Allocation Failure) 45470K->435K(86528K), 0.0002160 secs]
688.135: [GC (Allocation Failure) 43809K->435K(84992K), 0.0002010 secs]
688.161: [GC (Allocation Failure) 42344K->435K(83520K), 0.0004400 secs]
688.182: [GC (Allocation Failure) 40879K->435K(82112K), 0.0002740 secs]
688.204: [GC (Allocation Failure) 39414K->435K(80768K), 0.0002120 secs]
688.225: [GC (Allocation Failure) 38047K->435K(79488K), 0.0002070 secs]
688.312: [GC (Allocation Failure) 36777K->435K(78272K), 0.0002110 secs]
688.328: [GC (Allocation Failure) 35605K->435K(77120K), 0.0002210 secs]
688.358: [GC (Allocation Failure) 34433K->435K(75968K), 0.0002310 secs]
688.376: [GC (Allocation Failure) 33261K->435K(74880K), 0.0002270 secs]
688.411: [GC (Allocation Failure) 32186K->435K(73856K), 0.0002070 secs]
688.428: [GC (Allocation Failure) 31210K->435K(72896K), 0.0002150 secs]
688.443: [GC (Allocation Failure) 30233K->435K(71936K), 0.0002000 secs]
688.597: [GC (Allocation Failure) 29256K->435K(71040K), 0.0002280 secs]
688.617: [GC (Allocation Failure) 28377K->435K(70208K), 0.0002050 secs]
688.660: [GC (Allocation Failure) 27498K->435K(69376K), 0.0002150 secs]
688.675: [GC (Allocation Failure) 26717K->435K(68608K), 0.0002160 secs]
688.708: [GC (Allocation Failure) 25935K->435K(67840K), 0.0002040 secs]
688.721: [GC (Allocation Failure) 25150K->435K(67136K), 0.0002190 secs]
688.732: [GC (Allocation Failure) 24466K->435K(72000K), 0.0002180 secs]
688.760: [GC (Allocation Failure) 29354K->435K(77824K), 0.0002430 secs]
688.780: [GC (Allocation Failure) 35116K->435K(84800K), 0.0002400 secs]
688.911: [GC (Allocation Failure) 42149K->435K(83328K), 0.0002160 secs]
689.012: [GC (Allocation Failure) 40684K->435K(81920K), 0.0002260 secs]
689.029: [GC (Allocation Failure) 39219K->435K(80576K), 0.0002050 secs]
689.045: [GC (Allocation Failure) 37851K->435K(79296K), 0.0002030 secs]
689.065: [GC (Allocation Failure) 36582K->435K(78080K), 0.0002070 secs]
689.080: [GC (Allocation Failure) 35409K->435K(76928K), 0.0002130 secs]
689.098: [GC (Allocation Failure) 34237K->435K(75840K), 0.0002000 secs]
689.116: [GC (Allocation Failure) 33163K->435K(74752K), 0.0002230 secs]
689.131: [GC (Allocation Failure) 32089K->435K(81088K), 0.0002210 secs]
689.215: [GC (Allocation Failure) 38437K->435K(79808K), 0.0002260 secs]
689.231: [GC (Allocation Failure) 37168K->435K(78592K), 0.0002290 secs]
689.247: [GC (Allocation Failure) 35898K->435K(77376K), 0.0002030 secs]
689.262: [GC (Allocation Failure) 34726K->435K(84288K), 0.0002750 secs]
689.312: [GC (Allocation Failure) 41563K->435K(82816K), 0.0002160 secs]
689.365: [GC (Allocation Failure) 40098K->435K(81408K), 0.0002130 secs]
689.382: [GC (Allocation Failure) 38730K->435K(89088K), 0.0003220 secs]
689.422: [GC (Allocation Failure) 46446K->435K(87424K), 0.0002270 secs]
689.441: [GC (Allocation Failure) 44786K->435K(85824K), 0.0002070 secs]
689.459: [GC (Allocation Failure) 43126K->435K(84288K), 0.0002060 secs]
689.512: [GC (Allocation Failure) 41563K->435K(82816K), 0.0002790 secs]
689.586: [GC (Allocation Failure) 40098K->435K(81408K), 0.0002250 secs]
689.606: [GC (Allocation Failure) 38730K->435K(80064K), 0.0001980 secs]
689.623: [GC (Allocation Failure) 37363K->435K(78784K), 0.0002190 secs]
689.664: [GC (Allocation Failure) 36093K->435K(77568K), 0.0002280 secs]
689.683: [GC (Allocation Failure) 34921K->435K(76416K), 0.0002060 secs]
689.763: [GC (Allocation Failure) 33749K->435K(75328K), 0.0002020 secs]
689.778: [GC (Allocation Failure) 32675K->435K(74304K), 0.0003240 secs]
689.812: [GC (Allocation Failure) 31600K->435K(73280K), 0.0002260 secs]
689.830: [GC (Allocation Failure) 30624K->435K(72320K), 0.0002110 secs]
689.845: [GC (Allocation Failure) 29647K->435K(71424K), 0.0001990 secs]
689.857: [GC (Allocation Failure) 28768K->435K(77120K), 0.0002040 secs]
689.876: [GC (Allocation Failure) 34433K->435K(83968K), 0.0002130 secs]
689.894: [GC (Allocation Failure) 41270K->435K(92160K), 0.0002140 secs]
689.919: [GC (Allocation Failure) 49474K->435K(90368K), 0.0002110 secs]
690.065: [GC (Allocation Failure) 47716K->435K(88640K), 0.0002720 secs]
690.119: [GC (Allocation Failure) 45958K->435K(86976K), 0.0002130 secs]
690.142: [GC (Allocation Failure) 44298K->435K(85376K), 0.0002060 secs]
690.164: [GC (Allocation Failure) 42735K->435K(83904K), 0.0002020 secs]
690.214: [GC (Allocation Failure) 41172K->435K(82496K), 0.0002750 secs]
690.317: [GC (Allocation Failure) 39805K->435K(81152K), 0.0002290 secs]
690.334: [GC (Allocation Failure) 38437K->435K(79872K), 0.0002060 secs]
690.354: [GC (Allocation Failure) 37168K->435K(78656K), 0.0002130 secs]
690.369: [GC (Allocation Failure) 35996K->435K(77440K), 0.0002720 secs]
690.414: [GC (Allocation Failure) 34726K->435K(76288K), 0.0002140 secs]
690.433: [GC (Allocation Failure) 33554K->435K(75200K), 0.0002020 secs]
690.463: [GC (Allocation Failure) 32479K->435K(74176K), 0.0002100 secs]
690.477: [GC (Allocation Failure) 31503K->435K(73152K), 0.0002150 secs]
690.509: [GC (Allocation Failure) 30428K->435K(72192K), 0.0002250 secs]
690.601: [GC (Allocation Failure) 29549K->435K(71296K), 0.0003740 secs]
690.632: [GC (Allocation Failure) 28572K->435K(70400K), 0.0002790 secs]
690.646: [GC (Allocation Failure) 27693K->435K(69568K), 0.0002080 secs]
690.707: [GC (Allocation Failure) 26912K->435K(68800K), 0.0002170 secs]
690.718: [GC (Allocation Failure) 26131K->435K(73984K), 0.0002740 secs]
690.734: [GC (Allocation Failure) 31307K->435K(80192K), 0.0002050 secs]
690.762: [GC (Allocation Failure) 37461K->435K(78912K), 0.0002050 secs]
690.815: [GC (Allocation Failure) 36191K->435K(77696K), 0.0002160 secs]
690.830: [GC (Allocation Failure) 35019K->435K(76544K), 0.0002170 secs]
690.846: [GC (Allocation Failure) 33847K->435K(75456K), 0.0002000 secs]
690.864: [GC (Allocation Failure) 32772K->435K(74432K), 0.0002190 secs]
690.878: [GC (Allocation Failure) 31698K->435K(80704K), 0.0002080 secs]
690.962: [GC (Allocation Failure) 38047K->435K(79424K), 0.0002140 secs]
691.012: [GC (Allocation Failure) 36777K->435K(78208K), 0.0002760 secs]
691.065: [GC (Allocation Failure) 35507K->435K(77056K), 0.0002240 secs]
691.084: [GC (Allocation Failure) 34335K->435K(75904K), 0.0002100 secs]
691.115: [GC (Allocation Failure) 33261K->435K(74816K), 0.0002050 secs]
691.128: [GC (Allocation Failure) 32089K->435K(73792K), 0.0002030 secs]
691.164: [GC (Allocation Failure) 31112K->435K(72832K), 0.0002210 secs]
691.178: [GC (Allocation Failure) 30135K->435K(71872K), 0.0002180 secs]
691.263: [GC (Allocation Failure) 29158K->435K(70976K), 0.0002250 secs]
691.280: [GC (Allocation Failure) 28279K->435K(70144K), 0.0002690 secs]
691.296: [GC (Allocation Failure) 27498K->435K(69312K), 0.0002110 secs]
691.358: [GC (Allocation Failure) 26619K->435K(68544K), 0.0002250 secs]
691.373: [GC (Allocation Failure) 25838K->435K(67776K), 0.0002100 secs]
691.404: [GC (Allocation Failure) 25052K->435K(67072K), 0.0002140 secs]
691.415: [GC (Allocation Failure) 24369K->435K(71872K), 0.0002160 secs]
691.431: [GC (Allocation Failure) 29158K->435K(77632K), 0.0002230 secs]
691.512: [GC (Allocation Failure) 34921K->435K(76480K), 0.0002170 secs]
691.526: [GC (Allocation Failure) 33749K->435K(75392K), 0.0002160 secs]
691.544: [GC (Allocation Failure) 32675K->435K(74368K), 0.0002040 secs]
691.558: [GC (Allocation Failure) 31698K->435K(80640K), 0.0002170 secs]
691.578: [GC (Allocation Failure) 37949K->435K(88192K), 0.0002160 secs]
691.620: [GC (Allocation Failure) 45470K->435K(86592K), 0.0002070 secs]
691.643: [GC (Allocation Failure) 43907K->435K(85056K), 0.0002020 secs]
691.665: [GC (Allocation Failure) 42344K->435K(83584K), 0.0002120 secs]
691.682: [GC (Allocation Failure) 40879K->435K(82176K), 0.0002040 secs]
691.703: [GC (Allocation Failure) 39512K->435K(80832K), 0.0002210 secs]
691.815: [GC (Allocation Failure) 38144K->435K(79552K), 0.0002740 secs]
691.867: [GC (Allocation Failure) 36875K->435K(78336K), 0.0002200 secs]
691.882: [GC (Allocation Failure) 35605K->435K(77184K), 0.0002040 secs]
691.908: [GC (Allocation Failure) 34530K->435K(76032K), 0.0002170 secs]
691.962: [GC (Allocation Failure) 33358K->435K(74944K), 0.0002260 secs]
691.976: [GC (Allocation Failure) 32284K->435K(73920K), 0.0002150 secs]
692.111: [GC (Allocation Failure) 31210K->435K(72960K), 0.0002160 secs]
692.124: [GC (Allocation Failure) 30233K->435K(72000K), 0.0002050 secs]
692.140: [GC (Allocation Failure) 29354K->435K(71104K), 0.0002110 secs]
692.210: [GC (Allocation Failure) 28377K->435K(70272K), 0.0002260 secs]
692.226: [GC (Allocation Failure) 27596K->435K(69440K), 0.0002100 secs]
692.263: [GC (Allocation Failure) 26717K->435K(68672K), 0.0002060 secs]
692.275: [GC (Allocation Failure) 26033K->435K(67904K), 0.0002160 secs]
692.340: [GC (Allocation Failure) 25250K->435K(67200K), 0.0002140 secs]
692.351: [GC (Allocation Failure) 24466K->435K(72064K), 0.0002290 secs]
692.368: [GC (Allocation Failure) 29354K->435K(77888K), 0.0002030 secs]
692.383: [GC (Allocation Failure) 35214K->435K(84864K), 0.0002290 secs]
692.401: [GC (Allocation Failure) 42149K->435K(93248K), 0.0002040 secs]
692.470: [GC (Allocation Failure) 50553K->435K(91392K), 0.0002030 secs]
692.519: [GC (Allocation Failure) 48693K->435K(89600K), 0.0002690 secs]
692.540: [GC (Allocation Failure) 46935K->435K(87936K), 0.0002150 secs]
692.560: [GC (Allocation Failure) 45274K->435K(86336K), 0.0002010 secs]
692.603: [GC (Allocation Failure) 43614K->435K(84800K), 0.0007410 secs]
692.626: [GC (Allocation Failure) 42149K->435K(83328K), 0.0002170 secs]
692.668: [GC (Allocation Failure) 40684K->435K(81920K), 0.0002300 secs]
692.690: [GC (Allocation Failure) 39219K->435K(80576K), 0.0002180 secs]
692.720: [GC (Allocation Failure) 37851K->435K(79296K), 0.0002160 secs]
692.740: [GC (Allocation Failure) 36582K->435K(78080K), 0.0002730 secs]
692.755: [GC (Allocation Failure) 35409K->435K(76928K), 0.0002300 secs]
692.774: [GC (Allocation Failure) 34237K->435K(75840K), 0.0002150 secs]
692.793: [GC (Allocation Failure) 33163K->435K(82432K), 0.0002610 secs]
692.810: [GC (Allocation Failure) 39707K->435K(90304K), 0.0002040 secs]
692.830: [GC (Allocation Failure) 47618K->435K(99776K), 0.0002720 secs]
692.878: [GC (Allocation Failure) 57097K->435K(97600K), 0.0002430 secs]
692.902: [GC (Allocation Failure) 54948K->435K(95552K), 0.0002050 secs]
692.925: [GC (Allocation Failure) 52897K->435K(93568K), 0.0002280 secs]
692.949: [GC (Allocation Failure) 50846K->435K(91712K), 0.0002090 secs]
693.025: [GC (Allocation Failure) 48986K->435K(89920K), 0.0002150 secs]
693.049: [GC (Allocation Failure) 47228K->435K(88192K), 0.0002150 secs]
693.119: [GC (Allocation Failure) 45470K->435K(86592K), 0.0002100 secs]
693.137: [GC (Allocation Failure) 43907K->435K(85056K), 0.0002050 secs]
693.271: [GC (Allocation Failure) 42344K->435K(83584K), 0.0003390 secs]
693.289: [GC (Allocation Failure) 40879K->435K(82176K), 0.0002060 secs]
693.338: [GC (Allocation Failure) 39512K->435K(80832K), 0.0002200 secs]
693.370: [GC (Allocation Failure) 38144K->435K(79552K), 0.0002210 secs]
693.390: [GC (Allocation Failure) 36875K->435K(78336K), 0.0002100 secs]
693.405: [GC (Allocation Failure) 35605K->435K(77184K), 0.0002030 secs]
693.568: [GC (Allocation Failure) 34530K->435K(76032K), 0.0002150 secs]
693.585: [GC (Allocation Failure) 33358K->435K(74944K), 0.0002210 secs]
693.599: [GC (Allocation Failure) 32284K->435K(73920K), 0.0002040 secs]
693.667: [GC (Allocation Failure) 31210K->435K(72960K), 0.0002230 secs]
693.684: [GC (Allocation Failure) 30233K->435K(72000K), 0.0002100 secs]
693.712: [GC (Allocation Failure) 29354K->435K(71104K), 0.0002830 secs]
693.737: [GC (Allocation Failure) 28377K->435K(70272K), 0.0002150 secs]
693.749: [GC (Allocation Failure) 27596K->435K(69440K), 0.0002180 secs]
693.817: [GC (Allocation Failure) 26717K->435K(68672K), 0.0002170 secs]
693.832: [GC (Allocation Failure) 26033K->435K(67904K), 0.0002120 secs]
693.915: [GC (Allocation Failure) 25250K->435K(67200K), 0.0002200 secs]
693.926: [GC (Allocation Failure) 24466K->435K(66496K), 0.0002190 secs]
693.936: [GC (Allocation Failure) 23783K->435K(71232K), 0.0002040 secs]
693.966: [GC (Allocation Failure) 28572K->435K(76864K), 0.0002190 secs]
693.985: [GC (Allocation Failure) 34140K->435K(83648K), 0.0002080 secs]
694.007: [GC (Allocation Failure) 40977K->435K(82240K), 0.0002070 secs]
694.024: [GC (Allocation Failure) 39512K->435K(80896K), 0.0002140 secs]
694.041: [GC (Allocation Failure) 38242K->435K(88512K), 0.0002040 secs]
694.169: [GC (Allocation Failure) 45860K->435K(86848K), 0.0002060 secs]
694.225: [GC (Allocation Failure) 44200K->435K(85312K), 0.0002170 secs]
694.243: [GC (Allocation Failure) 42637K->435K(83840K), 0.0003250 secs]
694.268: [GC (Allocation Failure) 41172K->435K(82432K), 0.0002060 secs]
694.323: [GC (Allocation Failure) 39707K->435K(81088K), 0.0002170 secs]
694.339: [GC (Allocation Failure) 38437K->435K(79808K), 0.0002050 secs]
694.412: [GC (Allocation Failure) 37168K->435K(78592K), 0.0002240 secs]
694.432: [GC (Allocation Failure) 35898K->435K(77376K), 0.0002140 secs]
694.516: [GC (Allocation Failure) 34726K->435K(76224K), 0.0002160 secs]
694.530: [GC (Allocation Failure) 33554K->435K(75136K), 0.0002030 secs]
694.548: [GC (Allocation Failure) 32479K->435K(74112K), 0.0002170 secs]
694.565: [GC (Allocation Failure) 31405K->435K(73152K), 0.0002020 secs]
694.583: [GC (Allocation Failure) 30428K->435K(72192K), 0.0002490 secs]
694.596: [GC (Allocation Failure) 29549K->435K(78016K), 0.0002190 secs]
694.621: [GC (Allocation Failure) 35312K->435K(76864K), 0.0002250 secs]
694.640: [GC (Allocation Failure) 34140K->435K(83648K), 0.0002860 secs]
694.663: [GC (Allocation Failure) 40977K->435K(82240K), 0.0002210 secs]
694.693: [GC (Allocation Failure) 39512K->435K(80896K), 0.0002730 secs]
694.772: [GC (Allocation Failure) 38242K->435K(79616K), 0.0002140 secs]
694.788: [GC (Allocation Failure) 36972K->435K(78400K), 0.0002140 secs]
694.803: [GC (Allocation Failure) 35702K->435K(77248K), 0.0002040 secs]
694.866: [GC (Allocation Failure) 34530K->435K(76096K), 0.0002140 secs]
694.884: [GC (Allocation Failure) 33456K->435K(75008K), 0.0002020 secs]
694.898: [GC (Allocation Failure) 32284K->435K(73984K), 0.0002040 secs]
694.915: [GC (Allocation Failure) 31307K->435K(80192K), 0.0002380 secs]
694.931: [GC (Allocation Failure) 37461K->435K(87616K), 0.0002030 secs]
694.950: [GC (Allocation Failure) 44884K->435K(86016K), 0.0002030 secs]
694.969: [GC (Allocation Failure) 43321K->435K(94656K), 0.0002230 secs]
694.995: [GC (Allocation Failure) 52018K->435K(92736K), 0.0002110 secs]
695.033: [GC (Allocation Failure) 50064K->435K(90880K), 0.0002200 secs]
695.058: [GC (Allocation Failure) 48204K->435K(89152K), 0.0002160 secs]
695.083: [GC (Allocation Failure) 46446K->435K(87488K), 0.0002140 secs]
695.121: [GC (Allocation Failure) 44786K->435K(85888K), 0.0002720 secs]
695.170: [GC (Allocation Failure) 43223K->435K(84352K), 0.0002040 secs]
695.332: [GC (Allocation Failure) 41660K->435K(82880K), 0.0002400 secs]
695.352: [GC (Allocation Failure) 40195K->435K(81472K), 0.0002280 secs]
695.373: [GC (Allocation Failure) 38828K->435K(80128K), 0.0002240 secs]
695.415: [GC (Allocation Failure) 37461K->435K(78848K), 0.0002260 secs]
695.434: [GC (Allocation Failure) 36191K->435K(77632K), 0.0002760 secs]
695.452: [GC (Allocation Failure) 34921K->435K(76480K), 0.0002180 secs]
695.523: [GC (Allocation Failure) 33749K->435K(75392K), 0.0002080 secs]
695.616: [GC (Allocation Failure) 32675K->435K(74368K), 0.0002250 secs]
695.666: [GC (Allocation Failure) 31698K->435K(73344K), 0.0002050 secs]
695.720: [GC (Allocation Failure) 30624K->435K(72384K), 0.0002130 secs]
695.733: [GC (Allocation Failure) 29745K->435K(71488K), 0.0002210 secs]
695.865: [GC (Allocation Failure) 28768K->435K(70592K), 0.0002260 secs]
695.878: [GC (Allocation Failure) 27889K->435K(69760K), 0.0002020 secs]
695.919: [GC (Allocation Failure) 27107K->435K(68992K), 0.0002220 secs]
695.934: [GC (Allocation Failure) 26326K->435K(68224K), 0.0002240 secs]
695.968: [GC (Allocation Failure) 25545K->435K(67520K), 0.0002150 secs]
695.979: [GC (Allocation Failure) 24857K->435K(66816K), 0.0002160 secs]
696.014: [GC (Allocation Failure) 24173K->435K(66112K), 0.0002150 secs]
696.135: [GC (Allocation Failure) 23392K->435K(65472K), 0.0002170 secs]
696.148: [GC (Allocation Failure) 22806K->435K(64832K), 0.0002290 secs]
696.159: [GC (Allocation Failure) 22122K->435K(69184K), 0.0002630 secs]
696.171: [GC (Allocation Failure) 26521K->435K(74432K), 0.0002170 secs]
696.218: [GC (Allocation Failure) 31698K->435K(80704K), 0.0002100 secs]
696.234: [GC (Allocation Failure) 38047K->435K(88256K), 0.0002070 secs]
696.273: [GC (Allocation Failure) 45567K->435K(86592K), 0.0002140 secs]
696.326: [GC (Allocation Failure) 43907K->435K(85056K), 0.0002240 secs]
696.348: [GC (Allocation Failure) 42344K->435K(83584K), 0.0002030 secs]
696.366: [GC (Allocation Failure) 40879K->435K(82176K), 0.0002100 secs]
696.414: [GC (Allocation Failure) 39512K->435K(80832K), 0.0002190 secs]
696.430: [GC (Allocation Failure) 38144K->435K(79552K), 0.0002730 secs]
696.521: [GC (Allocation Failure) 36875K->435K(78336K), 0.0002130 secs]
696.536: [GC (Allocation Failure) 35605K->435K(77184K), 0.0002040 secs]
696.572: [GC (Allocation Failure) 34530K->435K(76032K), 0.0002500 secs]
696.592: [GC (Allocation Failure) 33358K->435K(74944K), 0.0002030 secs]
696.621: [GC (Allocation Failure) 32284K->435K(73920K), 0.0002050 secs]
696.638: [GC (Allocation Failure) 31210K->435K(72960K), 0.0002160 secs]
696.654: [GC (Allocation Failure) 30233K->435K(72000K), 0.0002090 secs]
696.667: [GC (Allocation Failure) 29354K->435K(77824K), 0.0002190 secs]
696.682: [GC (Allocation Failure) 35116K->435K(84800K), 0.0002050 secs]
696.732: [GC (Allocation Failure) 42149K->435K(83328K), 0.0002230 secs]
696.749: [GC (Allocation Failure) 40684K->435K(81920K), 0.0002040 secs]
696.821: [GC (Allocation Failure) 39219K->435K(80576K), 0.0002760 secs]
696.870: [GC (Allocation Failure) 37851K->435K(79296K), 0.0002160 secs]
696.924: [GC (Allocation Failure) 36582K->435K(78080K), 0.0002120 secs]
696.939: [GC (Allocation Failure) 35409K->435K(76928K), 0.0002200 secs]
696.954: [GC (Allocation Failure) 34237K->435K(75840K), 0.0002010 secs]
696.972: [GC (Allocation Failure) 33163K->435K(74752K), 0.0002240 secs]
696.986: [GC (Allocation Failure) 32089K->435K(73728K), 0.0002050 secs]
696.999: [GC (Allocation Failure) 31014K->435K(79872K), 0.0002040 secs]
697.019: [GC (Allocation Failure) 37168K->435K(87232K), 0.0002130 secs]
697.038: [GC (Allocation Failure) 44591K->435K(96064K), 0.0002750 secs]
697.077: [GC (Allocation Failure) 53385K->435K(94080K), 0.0002710 secs]
697.127: [GC (Allocation Failure) 51432K->435K(92160K), 0.0002150 secs]
697.152: [GC (Allocation Failure) 49474K->435K(90368K), 0.0002010 secs]
697.225: [GC (Allocation Failure) 47716K->435K(88640K), 0.0002760 secs]
697.324: [GC (Allocation Failure) 45958K->435K(86976K), 0.0002150 secs]
697.378: [GC (Allocation Failure) 44298K->435K(85376K), 0.0002160 secs]
697.400: [GC (Allocation Failure) 42735K->435K(83904K), 0.0002110 secs]
697.424: [GC (Allocation Failure) 41172K->435K(82496K), 0.0002050 secs]
697.472: [GC (Allocation Failure) 39805K->435K(81152K), 0.0002080 secs]
697.531: [GC (Allocation Failure) 38437K->435K(79872K), 0.0002250 secs]
697.548: [GC (Allocation Failure) 37168K->435K(78656K), 0.0002160 secs]
697.567: [GC (Allocation Failure) 35996K->435K(77440K), 0.0002110 secs]
697.624: [GC (Allocation Failure) 34726K->435K(76288K), 0.0002040 secs]
697.643: [GC (Allocation Failure) 33554K->435K(75200K), 0.0002270 secs]
697.657: [GC (Allocation Failure) 32479K->435K(74176K), 0.0002140 secs]
697.721: [GC (Allocation Failure) 31503K->435K(73152K), 0.0002130 secs]
697.738: [GC (Allocation Failure) 30428K->435K(72192K), 0.0002020 secs]
697.768: [GC (Allocation Failure) 29549K->435K(71296K), 0.0002760 secs]
697.828: [GC (Allocation Failure) 28572K->435K(70400K), 0.0002180 secs]
697.844: [GC (Allocation Failure) 27693K->435K(69568K), 0.0002180 secs]
697.904: [GC (Allocation Failure) 26912K->435K(68800K), 0.0002650 secs]
697.923: [GC (Allocation Failure) 26131K->435K(68032K), 0.0002260 secs]
697.934: [GC (Allocation Failure) 25349K->435K(67328K), 0.0002060 secs]
698.020: [GC (Allocation Failure) 24662K->435K(66624K), 0.0002240 secs]
698.034: [GC (Allocation Failure) 23978K->435K(65984K), 0.0002290 secs]
698.045: [GC (Allocation Failure) 23294K->435K(70592K), 0.0002640 secs]
698.058: [GC (Allocation Failure) 27889K->435K(76096K), 0.0002170 secs]
698.076: [GC (Allocation Failure) 33456K->435K(82752K), 0.0002120 secs]
698.138: [GC (Allocation Failure) 40098K->435K(81344K), 0.0002160 secs]
698.155: [GC (Allocation Failure) 38633K->435K(89024K), 0.0002070 secs]
698.179: [GC (Allocation Failure) 46349K->435K(87360K), 0.0002240 secs]
698.225: [GC (Allocation Failure) 44688K->435K(85760K), 0.0002170 secs]
698.279: [GC (Allocation Failure) 43028K->435K(84224K), 0.0003390 secs]
698.300: [GC (Allocation Failure) 41563K->435K(82752K), 0.0002200 secs]
698.318: [GC (Allocation Failure) 40098K->435K(81344K), 0.0002010 secs]
698.334: [GC (Allocation Failure) 38633K->435K(80000K), 0.0002040 secs]
698.354: [GC (Allocation Failure) 37363K->435K(78720K), 0.0002110 secs]
698.372: [GC (Allocation Failure) 35996K->435K(77504K), 0.0002290 secs]
698.391: [GC (Allocation Failure) 34823K->435K(76352K), 0.0002110 secs]
698.525: [GC (Allocation Failure) 33651K->435K(75264K), 0.0002120 secs]
698.543: [GC (Allocation Failure) 32577K->435K(74240K), 0.0002220 secs]
698.591: [GC (Allocation Failure) 31600K->435K(73216K), 0.0002050 secs]
698.623: [GC (Allocation Failure) 30526K->435K(72256K), 0.0002290 secs]
698.636: [GC (Allocation Failure) 29549K->435K(71360K), 0.0002140 secs]
698.673: [GC (Allocation Failure) 28670K->435K(70464K), 0.0003160 secs]
698.685: [GC (Allocation Failure) 27791K->435K(75968K), 0.0002160 secs]
698.727: [GC (Allocation Failure) 33261K->435K(74880K), 0.0002170 secs]
698.774: [GC (Allocation Failure) 32186K->435K(73856K), 0.0002160 secs]
698.799: [GC (Allocation Failure) 31210K->435K(72896K), 0.0002030 secs]
698.845: [GC (Allocation Failure) 30233K->435K(71936K), 0.0002170 secs]
698.862: [GC (Allocation Failure) 29256K->435K(71040K), 0.0002400 secs]
698.907: [GC (Allocation Failure) 28377K->435K(70208K), 0.0002180 secs]
698.921: [GC (Allocation Failure) 27498K->435K(69376K), 0.0002120 secs]
699.028: [GC (Allocation Failure) 26717K->435K(68608K), 0.0002170 secs]
699.044: [GC (Allocation Failure) 25935K->435K(67840K), 0.0002340 secs]
699.057: [GC (Allocation Failure) 25150K->435K(67136K), 0.0002050 secs]
699.068: [GC (Allocation Failure) 24466K->435K(72000K), 0.0002190 secs]
699.084: [GC (Allocation Failure) 29354K->435K(77824K), 0.0002130 secs]
699.176: [GC (Allocation Failure) 35116K->435K(76672K), 0.0002040 secs]
699.195: [GC (Allocation Failure) 33944K->435K(75584K), 0.0002140 secs]
699.225: [GC (Allocation Failure) 32870K->435K(74560K), 0.0002110 secs]
699.239: [GC (Allocation Failure) 31893K->435K(80896K), 0.0002780 secs]
699.274: [GC (Allocation Failure) 38242K->435K(79616K), 0.0002280 secs]
699.295: [GC (Allocation Failure) 36972K->435K(78400K), 0.0002150 secs]
699.314: [GC (Allocation Failure) 35702K->435K(77248K), 0.0002170 secs]
699.372: [GC (Allocation Failure) 34530K->435K(76096K), 0.0002150 secs]
699.391: [GC (Allocation Failure) 33456K->435K(75008K), 0.0002000 secs]
699.405: [GC (Allocation Failure) 32284K->435K(73984K), 0.0002150 secs]
699.423: [GC (Allocation Failure) 31307K->435K(73024K), 0.0002150 secs]
699.471: [GC (Allocation Failure) 30331K->435K(72064K), 0.0002160 secs]
699.487: [GC (Allocation Failure) 29354K->435K(71168K), 0.0002030 secs]
699.504: [GC (Allocation Failure) 28475K->435K(70336K), 0.0002140 secs]
699.520: [GC (Allocation Failure) 27693K->435K(69504K), 0.0002030 secs]
699.532: [GC (Allocation Failure) 26814K->435K(74816K), 0.0002180 secs]
699.671: [GC (Allocation Failure) 32089K->435K(73792K), 0.0002160 secs]
699.725: [GC (Allocation Failure) 31112K->435K(72832K), 0.0002120 secs]
699.739: [GC (Allocation Failure) 30135K->435K(78784K), 0.0003240 secs]
699.778: [GC (Allocation Failure) 36093K->435K(77568K), 0.0002180 secs]
699.797: [GC (Allocation Failure) 34921K->435K(76416K), 0.0002110 secs]
699.816: [GC (Allocation Failure) 33749K->435K(75328K), 0.0001910 secs]
699.830: [GC (Allocation Failure) 32675K->435K(81792K), 0.0002820 secs]
699.918: [GC (Allocation Failure) 39121K->435K(80448K), 0.0002230 secs]
699.934: [GC (Allocation Failure) 37754K->435K(79168K), 0.0002060 secs]
699.950: [GC (Allocation Failure) 36484K->435K(77952K), 0.0002050 secs]
700.028: [GC (Allocation Failure) 35312K->435K(76800K), 0.0002490 secs]
700.047: [GC (Allocation Failure) 34140K->435K(75712K), 0.0002120 secs]
700.077: [GC (Allocation Failure) 33065K->435K(74624K), 0.0002220 secs]
700.090: [GC (Allocation Failure) 31893K->435K(73600K), 0.0002070 secs]
700.108: [GC (Allocation Failure) 30917K->435K(72640K), 0.0002030 secs]
700.121: [GC (Allocation Failure) 29940K->435K(78592K), 0.0002180 secs]
700.234: [GC (Allocation Failure) 35898K->435K(77376K), 0.0002240 secs]
700.253: [GC (Allocation Failure) 34726K->435K(76224K), 0.0002090 secs]
700.272: [GC (Allocation Failure) 33554K->435K(75136K), 0.0002230 secs]
700.286: [GC (Allocation Failure) 32479K->435K(74112K), 0.0002160 secs]
700.300: [GC (Allocation Failure) 31405K->435K(80320K), 0.0002060 secs]
700.316: [GC (Allocation Failure) 37656K->435K(87808K), 0.0002030 secs]
700.382: [GC (Allocation Failure) 45079K->435K(86208K), 0.0002130 secs]
700.405: [GC (Allocation Failure) 43516K->435K(84672K), 0.0002130 secs]
700.427: [GC (Allocation Failure) 41953K->435K(83200K), 0.0002300 secs]
700.530: [GC (Allocation Failure) 40488K->435K(81792K), 0.0002120 secs]
700.547: [GC (Allocation Failure) 39121K->435K(80448K), 0.0002730 secs]
700.600: [GC (Allocation Failure) 37754K->435K(79168K), 0.0002230 secs]
700.620: [GC (Allocation Failure) 36484K->435K(77952K), 0.0002040 secs]
700.639: [GC (Allocation Failure) 35312K->435K(76800K), 0.0002040 secs]
700.659: [GC (Allocation Failure) 34140K->435K(75712K), 0.0002030 secs]
700.673: [GC (Allocation Failure) 33065K->435K(82240K), 0.0003220 secs]
700.826: [GC (Allocation Failure) 39512K->435K(80896K), 0.0002160 secs]
700.842: [GC (Allocation Failure) 38242K->435K(79616K), 0.0002070 secs]
700.876: [GC (Allocation Failure) 36972K->435K(78400K), 0.0002070 secs]
700.912: [GC (Allocation Failure) 35702K->435K(77248K), 0.0002190 secs]
700.974: [GC (Allocation Failure) 34530K->435K(76096K), 0.0002080 secs]
701.031: [GC (Allocation Failure) 33456K->435K(75008K), 0.0002820 secs]
701.059: [GC (Allocation Failure) 32284K->435K(73984K), 0.0002720 secs]
701.073: [GC (Allocation Failure) 31307K->435K(73024K), 0.0002300 secs]
701.127: [GC (Allocation Failure) 30331K->435K(72064K), 0.0002230 secs]
701.140: [GC (Allocation Failure) 29354K->435K(71168K), 0.0002170 secs]
701.152: [GC (Allocation Failure) 28475K->435K(76800K), 0.0002160 secs]
701.228: [GC (Allocation Failure) 34140K->435K(75712K), 0.0002100 secs]
701.243: [GC (Allocation Failure) 33065K->435K(74624K), 0.0002040 secs]
701.278: [GC (Allocation Failure) 31893K->435K(73600K), 0.0002130 secs]
701.291: [GC (Allocation Failure) 30917K->435K(72640K), 0.0002070 secs]
701.327: [GC (Allocation Failure) 29940K->435K(71744K), 0.0002120 secs]
701.344: [GC (Allocation Failure) 29061K->435K(70848K), 0.0002180 secs]
701.357: [GC (Allocation Failure) 28182K->435K(76416K), 0.0002740 secs]
701.372: [GC (Allocation Failure) 33749K->435K(83136K), 0.0002070 secs]
701.393: [GC (Allocation Failure) 40488K->435K(91200K), 0.0002120 secs]
701.433: [GC (Allocation Failure) 48498K->435K(89408K), 0.0003060 secs]
701.481: [GC (Allocation Failure) 46739K->435K(87744K), 0.0002400 secs]
701.500: [GC (Allocation Failure) 45079K->435K(86144K), 0.0002070 secs]
701.533: [GC (Allocation Failure) 43419K->435K(84608K), 0.0002230 secs]
701.556: [GC (Allocation Failure) 41953K->435K(83136K), 0.0002290 secs]
701.573: [GC (Allocation Failure) 40488K->435K(81728K), 0.0002050 secs]
701.590: [GC (Allocation Failure) 39023K->435K(80384K), 0.0002040 secs]
701.606: [GC (Allocation Failure) 37656K->435K(79104K), 0.0002040 secs]
701.626: [GC (Allocation Failure) 36386K->435K(77888K), 0.0002130 secs]
701.641: [GC (Allocation Failure) 35214K->435K(76736K), 0.0002040 secs]
701.660: [GC (Allocation Failure) 34042K->435K(75648K), 0.0002110 secs]
701.725: [GC (Allocation Failure) 32968K->435K(74560K), 0.0002740 secs]
701.774: [GC (Allocation Failure) 31893K->435K(73536K), 0.0002260 secs]
701.792: [GC (Allocation Failure) 30819K->435K(72576K), 0.0002250 secs]
701.828: [GC (Allocation Failure) 29842K->435K(71680K), 0.0002090 secs]
701.840: [GC (Allocation Failure) 28963K->435K(77440K), 0.0003500 secs]
701.911: [GC (Allocation Failure) 34726K->435K(76288K), 0.0002110 secs]
701.930: [GC (Allocation Failure) 33554K->435K(75200K), 0.0002030 secs]
701.975: [GC (Allocation Failure) 32479K->435K(74176K), 0.0002780 secs]
702.029: [GC (Allocation Failure) 31503K->435K(73152K), 0.0002110 secs]
702.046: [GC (Allocation Failure) 30428K->435K(72192K), 0.0002300 secs]
702.059: [GC (Allocation Failure) 29549K->435K(71296K), 0.0002050 secs]
702.075: [GC (Allocation Failure) 28572K->435K(70400K), 0.0002110 secs]
702.126: [GC (Allocation Failure) 27693K->435K(69568K), 0.0002080 secs]
702.142: [GC (Allocation Failure) 26912K->435K(68800K), 0.0002020 secs]
702.157: [GC (Allocation Failure) 26131K->435K(68032K), 0.0002110 secs]
702.176: [GC (Allocation Failure) 25349K->435K(67328K), 0.0002410 secs]
702.187: [GC (Allocation Failure) 24662K->435K(72192K), 0.0002170 secs]
702.235: [GC (Allocation Failure) 29549K->435K(71296K), 0.0002170 secs]
702.248: [GC (Allocation Failure) 28572K->435K(76992K), 0.0002240 secs]
702.281: [GC (Allocation Failure) 34335K->435K(75904K), 0.0002310 secs]
702.296: [GC (Allocation Failure) 33261K->435K(82496K), 0.0002820 secs]
702.314: [GC (Allocation Failure) 39805K->435K(90432K), 0.0002780 secs]
702.340: [GC (Allocation Failure) 47716K->435K(99904K), 0.0002170 secs]
702.364: [GC (Allocation Failure) 57194K->435K(97728K), 0.0002170 secs]
702.388: [GC (Allocation Failure) 55046K->435K(95680K), 0.0002180 secs]
702.412: [GC (Allocation Failure) 52994K->435K(93696K), 0.0002130 secs]
702.434: [GC (Allocation Failure) 51041K->435K(91840K), 0.0002040 secs]
702.587: [GC (Allocation Failure) 49181K->435K(90048K), 0.0002150 secs]
702.608: [GC (Allocation Failure) 47325K->435K(88320K), 0.0002160 secs]
702.635: [GC (Allocation Failure) 45665K->435K(86656K), 0.0002100 secs]
702.669: [GC (Allocation Failure) 44005K->435K(85120K), 0.0002040 secs]
702.688: [GC (Allocation Failure) 42442K->435K(83648K), 0.0002180 secs]
702.730: [GC (Allocation Failure) 40977K->435K(82240K), 0.0002140 secs]
702.751: [GC (Allocation Failure) 39512K->435K(80896K), 0.0002030 secs]
702.883: [GC (Allocation Failure) 38242K->435K(79616K), 0.0002110 secs]
702.899: [GC (Allocation Failure) 36972K->435K(78400K), 0.0002750 secs]
702.978: [GC (Allocation Failure) 35702K->435K(77248K), 0.0002050 secs]
703.023: [GC (Allocation Failure) 34530K->435K(76096K), 0.0002240 secs]
703.042: [GC (Allocation Failure) 33456K->435K(75008K), 0.0002100 secs]
703.143: [GC (Allocation Failure) 32284K->435K(73984K), 0.0002090 secs]
703.156: [GC (Allocation Failure) 31307K->435K(73024K), 0.0002170 secs]
703.173: [GC (Allocation Failure) 30331K->435K(72064K), 0.0002020 secs]
703.186: [GC (Allocation Failure) 29354K->435K(71168K), 0.0002160 secs]
703.198: [GC (Allocation Failure) 28475K->435K(76800K), 0.0002170 secs]
703.213: [GC (Allocation Failure) 34140K->435K(83584K), 0.0002730 secs]
703.284: [GC (Allocation Failure) 40879K->435K(91712K), 0.0003660 secs]
703.310: [GC (Allocation Failure) 48986K->435K(89920K), 0.0002230 secs]
703.337: [GC (Allocation Failure) 47228K->435K(88192K), 0.0002130 secs]
703.361: [GC (Allocation Failure) 45470K->435K(86592K), 0.0002140 secs]
703.384: [GC (Allocation Failure) 43907K->435K(85056K), 0.0002230 secs]
703.411: [GC (Allocation Failure) 42344K->435K(83584K), 0.0002170 secs]
703.442: [GC (Allocation Failure) 40879K->435K(82176K), 0.0002150 secs]
703.459: [GC (Allocation Failure) 39512K->435K(80832K), 0.0002220 secs]
703.489: [GC (Allocation Failure) 38144K->435K(79552K), 0.0002270 secs]
703.509: [GC (Allocation Failure) 36875K->435K(78336K), 0.0002400 secs]
703.539: [GC (Allocation Failure) 35605K->435K(77184K), 0.0002170 secs]
703.558: [GC (Allocation Failure) 34530K->435K(76032K), 0.0002120 secs]
703.577: [GC (Allocation Failure) 33358K->435K(74944K), 0.0002230 secs]
703.623: [GC (Allocation Failure) 32284K->435K(73920K), 0.0002130 secs]
703.640: [GC (Allocation Failure) 31210K->435K(72960K), 0.0002040 secs]
703.657: [GC (Allocation Failure) 30233K->435K(72000K), 0.0002110 secs]
703.670: [GC (Allocation Failure) 29354K->435K(77824K), 0.0002190 secs]
703.729: [GC (Allocation Failure) 35116K->435K(76672K), 0.0002280 secs]
703.744: [GC (Allocation Failure) 33944K->435K(75584K), 0.0002030 secs]
703.762: [GC (Allocation Failure) 32870K->435K(74560K), 0.0002100 secs]
703.777: [GC (Allocation Failure) 31893K->435K(80896K), 0.0002730 secs]
703.833: [GC (Allocation Failure) 38242K->435K(79616K), 0.0002100 secs]
703.849: [GC (Allocation Failure) 36972K->435K(78400K), 0.0002170 secs]
703.879: [GC (Allocation Failure) 35702K->435K(77248K), 0.0002070 secs]
703.912: [GC (Allocation Failure) 34530K->435K(76096K), 0.0002140 secs]
703.926: [GC (Allocation Failure) 33456K->435K(75008K), 0.0002230 secs]
703.944: [GC (Allocation Failure) 32284K->435K(73984K), 0.0002030 secs]
703.958: [GC (Allocation Failure) 31307K->435K(80192K), 0.0002170 secs]
703.985: [GC (Allocation Failure) 37461K->435K(78912K), 0.0002470 secs]
704.001: [GC (Allocation Failure) 36191K->435K(86080K), 0.0002190 secs]
704.024: [GC (Allocation Failure) 43419K->435K(84544K), 0.0002230 secs]
704.082: [GC (Allocation Failure) 41856K->435K(83072K), 0.0002170 secs]
704.099: [GC (Allocation Failure) 40391K->435K(81664K), 0.0002060 secs]
704.131: [GC (Allocation Failure) 39023K->435K(80320K), 0.0002140 secs]
704.147: [GC (Allocation Failure) 37656K->435K(79040K), 0.0002030 secs]
704.164: [GC (Allocation Failure) 36386K->435K(77824K), 0.0002100 secs]
704.183: [GC (Allocation Failure) 35116K->435K(76672K), 0.0002030 secs]
704.202: [GC (Allocation Failure) 33944K->435K(75584K), 0.0002120 secs]
704.216: [GC (Allocation Failure) 32870K->435K(82112K), 0.0003220 secs]
704.331: [GC (Allocation Failure) 39414K->435K(80768K), 0.0002150 secs]
704.347: [GC (Allocation Failure) 38047K->435K(79488K), 0.0002060 secs]
704.380: [GC (Allocation Failure) 36777K->435K(78272K), 0.0002170 secs]
704.412: [GC (Allocation Failure) 35605K->435K(77120K), 0.0003320 secs]
704.483: [GC (Allocation Failure) 34433K->435K(75968K), 0.0002220 secs]
704.497: [GC (Allocation Failure) 33261K->435K(74880K), 0.0002040 secs]
704.535: [GC (Allocation Failure) 32186K->435K(73856K), 0.0002160 secs]
704.582: [GC (Allocation Failure) 31210K->435K(72896K), 0.0002190 secs]
704.600: [GC (Allocation Failure) 30233K->435K(71936K), 0.0002690 secs]
704.615: [GC (Allocation Failure) 29256K->435K(71040K), 0.0002310 secs]
704.634: [GC (Allocation Failure) 28377K->435K(76672K), 0.0004020 secs]
704.665: [GC (Allocation Failure) 33944K->435K(83392K), 0.0002110 secs]
704.706: [GC (Allocation Failure) 40684K->435K(81984K), 0.0002180 secs]
704.724: [GC (Allocation Failure) 39316K->435K(80640K), 0.0002060 secs]
704.881: [GC (Allocation Failure) 37949K->435K(79360K), 0.0002040 secs]
704.909: [GC (Allocation Failure) 36679K->435K(78144K), 0.0002270 secs]
704.928: [GC (Allocation Failure) 35409K->435K(76992K), 0.0002020 secs]
704.946: [GC (Allocation Failure) 34335K->435K(75904K), 0.0002200 secs]
704.961: [GC (Allocation Failure) 33261K->435K(74816K), 0.0002130 secs]
704.979: [GC (Allocation Failure) 32089K->435K(73792K), 0.0002110 secs]
705.030: [GC (Allocation Failure) 31112K->435K(72832K), 0.0002740 secs]
705.178: [GC (Allocation Failure) 30135K->435K(71872K), 0.0002170 secs]
705.195: [GC (Allocation Failure) 29158K->435K(70976K), 0.0002040 secs]
705.277: [GC (Allocation Failure) 28279K->435K(70144K), 0.0002750 secs]
705.331: [GC (Allocation Failure) 27498K->435K(69312K), 0.0002960 secs]
705.408: [GC (Allocation Failure) 26619K->435K(68544K), 0.0002630 secs]
705.420: [GC (Allocation Failure) 25838K->435K(67776K), 0.0002770 secs]
705.477: [GC (Allocation Failure) 25052K->435K(67072K), 0.0002710 secs]
705.526: [GC (Allocation Failure) 24369K->435K(66368K), 0.0002040 secs]
705.603: [GC (Allocation Failure) 23685K->435K(65728K), 0.0002260 secs]
705.616: [GC (Allocation Failure) 23001K->435K(65088K), 0.0002590 secs]
705.630: [GC (Allocation Failure) 22415K->435K(64512K), 0.0002380 secs]
705.779: [GC (Allocation Failure) 21829K->435K(63936K), 0.0002210 secs]
705.792: [GC (Allocation Failure) 21243K->435K(63360K), 0.0002130 secs]
705.805: [GC (Allocation Failure) 20657K->435K(67456K), 0.0002120 secs]
705.839: [GC (Allocation Failure) 24759K->435K(66752K), 0.0002330 secs]
705.854: [GC (Allocation Failure) 24076K->435K(71488K), 0.0002160 secs]
705.866: [GC (Allocation Failure) 28768K->435K(77184K), 0.0002200 secs]
705.882: [GC (Allocation Failure) 34530K->435K(84032K), 0.0002050 secs]
705.899: [GC (Allocation Failure) 41367K->435K(92224K), 0.0002160 secs]
705.938: [GC (Allocation Failure) 49572K->435K(90432K), 0.0002270 secs]
705.962: [GC (Allocation Failure) 47716K->435K(88704K), 0.0002120 secs]
705.990: [GC (Allocation Failure) 46056K->435K(87040K), 0.0002040 secs]
706.010: [GC (Allocation Failure) 44395K->435K(85440K), 0.0002160 secs]
706.028: [GC (Allocation Failure) 42735K->435K(83968K), 0.0002160 secs]
706.065: [GC (Allocation Failure) 41270K->435K(82560K), 0.0002140 secs]
706.134: [GC (Allocation Failure) 39902K->435K(81216K), 0.0002150 secs]
706.154: [GC (Allocation Failure) 38535K->435K(79936K), 0.0002140 secs]
706.174: [GC (Allocation Failure) 37265K->435K(78656K), 0.0002210 secs]
706.239: [GC (Allocation Failure) 35996K->435K(77440K), 0.0002240 secs]
706.254: [GC (Allocation Failure) 34726K->435K(76288K), 0.0002060 secs]
706.335: [GC (Allocation Failure) 33554K->435K(75200K), 0.0002130 secs]
706.350: [GC (Allocation Failure) 32479K->435K(74176K), 0.0003240 secs]
706.381: [GC (Allocation Failure) 31503K->435K(73152K), 0.0002260 secs]
706.394: [GC (Allocation Failure) 30428K->435K(79168K), 0.0002050 secs]
706.409: [GC (Allocation Failure) 36484K->435K(86400K), 0.0002060 secs]
706.436: [GC (Allocation Failure) 43712K->435K(84864K), 0.0002250 secs]
706.454: [GC (Allocation Failure) 42149K->435K(83392K), 0.0002050 secs]
706.475: [GC (Allocation Failure) 40684K->435K(81984K), 0.0002140 secs]
706.609: [GC (Allocation Failure) 39316K->435K(80640K), 0.0002760 secs]
706.633: [GC (Allocation Failure) 37949K->435K(79360K), 0.0002400 secs]
706.649: [GC (Allocation Failure) 36679K->435K(78144K), 0.0002550 secs]
706.668: [GC (Allocation Failure) 35409K->435K(76992K), 0.0002120 secs]
706.736: [GC (Allocation Failure) 34335K->435K(75904K), 0.0002220 secs]
706.750: [GC (Allocation Failure) 33261K->435K(74816K), 0.0002060 secs]
706.785: [GC (Allocation Failure) 32089K->435K(73792K), 0.0002230 secs]
706.799: [GC (Allocation Failure) 31112K->435K(72832K), 0.0002040 secs]
706.816: [GC (Allocation Failure) 30135K->435K(71872K), 0.0002160 secs]
706.830: [GC (Allocation Failure) 29158K->435K(77632K), 0.0002290 secs]
706.845: [GC (Allocation Failure) 34921K->435K(84544K), 0.0002140 secs]
706.911: [GC (Allocation Failure) 41856K->435K(83072K), 0.0002780 secs]
706.938: [GC (Allocation Failure) 40391K->435K(81664K), 0.0002150 secs]
706.955: [GC (Allocation Failure) 39023K->435K(80320K), 0.0002140 secs]
707.035: [GC (Allocation Failure) 37656K->435K(79040K), 0.0002100 secs]
707.087: [GC (Allocation Failure) 36386K->435K(77824K), 0.0002230 secs]
707.106: [GC (Allocation Failure) 35116K->435K(76672K), 0.0002130 secs]
707.140: [GC (Allocation Failure) 33944K->435K(75584K), 0.0002250 secs]
707.155: [GC (Allocation Failure) 32870K->435K(74560K), 0.0002640 secs]
707.231: [GC (Allocation Failure) 31893K->435K(73536K), 0.0002040 secs]
707.282: [GC (Allocation Failure) 30819K->435K(72576K), 0.0002160 secs]
707.298: [GC (Allocation Failure) 29842K->435K(71680K), 0.0002120 secs]
707.311: [GC (Allocation Failure) 28963K->435K(70784K), 0.0002210 secs]
707.331: [GC (Allocation Failure) 28084K->435K(69952K), 0.0002210 secs]
707.384: [GC (Allocation Failure) 27303K->435K(69120K), 0.0002130 secs]
707.396: [GC (Allocation Failure) 26424K->435K(74368K), 0.0002300 secs]
707.413: [GC (Allocation Failure) 31698K->435K(80640K), 0.0002130 secs]
707.436: [GC (Allocation Failure) 37949K->435K(88192K), 0.0002740 secs]
707.538: [GC (Allocation Failure) 45470K->435K(86592K), 0.0002280 secs]
707.557: [GC (Allocation Failure) 43907K->435K(85056K), 0.0002040 secs]
707.640: [GC (Allocation Failure) 42344K->435K(83584K), 0.0002240 secs]
707.658: [GC (Allocation Failure) 40879K->435K(82176K), 0.0002130 secs]
707.679: [GC (Allocation Failure) 39512K->435K(80832K), 0.0002130 secs]
707.741: [GC (Allocation Failure) 38144K->435K(79552K), 0.0002320 secs]
707.762: [GC (Allocation Failure) 36875K->435K(78336K), 0.0002250 secs]
707.834: [GC (Allocation Failure) 35605K->435K(77184K), 0.0002730 secs]
707.888: [GC (Allocation Failure) 34530K->435K(76032K), 0.0002230 secs]
707.906: [GC (Allocation Failure) 33358K->435K(74944K), 0.0002150 secs]
707.920: [GC (Allocation Failure) 32284K->435K(73920K), 0.0002300 secs]
707.934: [GC (Allocation Failure) 31210K->435K(80128K), 0.0002740 secs]
708.005: [GC (Allocation Failure) 37461K->435K(78848K), 0.0002090 secs]
708.033: [GC (Allocation Failure) 36191K->435K(86016K), 0.0004300 secs]
708.056: [GC (Allocation Failure) 43321K->435K(84480K), 0.0002090 secs]
708.078: [GC (Allocation Failure) 41758K->435K(83008K), 0.0002130 secs]
708.095: [GC (Allocation Failure) 40293K->435K(91008K), 0.0002770 secs]
708.190: [GC (Allocation Failure) 48302K->435K(89216K), 0.0002030 secs]
708.240: [GC (Allocation Failure) 46544K->435K(87552K), 0.0002070 secs]
708.346: [GC (Allocation Failure) 44884K->435K(85952K), 0.0002590 secs]
708.367: [GC (Allocation Failure) 43223K->435K(84416K), 0.0002040 secs]
708.411: [GC (Allocation Failure) 41758K->435K(82944K), 0.0002150 secs]
708.432: [GC (Allocation Failure) 40293K->435K(81536K), 0.0002020 secs]
708.452: [GC (Allocation Failure) 38828K->435K(80192K), 0.0002120 secs]
708.470: [GC (Allocation Failure) 37461K->435K(78912K), 0.0002000 secs]
708.485: [GC (Allocation Failure) 36191K->435K(77696K), 0.0002060 secs]
708.504: [GC (Allocation Failure) 35019K->435K(76544K), 0.0002200 secs]
708.532: [GC (Allocation Failure) 33847K->435K(75456K), 0.0002400 secs]
708.551: [GC (Allocation Failure) 32772K->435K(74432K), 0.0002110 secs]
708.584: [GC (Allocation Failure) 31698K->435K(73408K), 0.0004050 secs]
708.598: [GC (Allocation Failure) 30721K->435K(79488K), 0.0002060 secs]
708.636: [GC (Allocation Failure) 36777K->435K(78272K), 0.0002230 secs]
708.652: [GC (Allocation Failure) 35605K->435K(77120K), 0.0002100 secs]
708.738: [GC (Allocation Failure) 34433K->435K(75968K), 0.0002150 secs]
708.753: [GC (Allocation Failure) 33261K->435K(74880K), 0.0002730 secs]
708.784: [GC (Allocation Failure) 32186K->435K(73856K), 0.0002060 secs]
708.838: [GC (Allocation Failure) 31210K->435K(72896K), 0.0002200 secs]
708.854: [GC (Allocation Failure) 30233K->435K(71936K), 0.0002030 secs]
708.982: [GC (Allocation Failure) 29256K->435K(71040K), 0.0002740 secs]
709.037: [GC (Allocation Failure) 28377K->435K(70208K), 0.0002240 secs]
709.053: [GC (Allocation Failure) 27498K->435K(69376K), 0.0002210 secs]
709.069: [GC (Allocation Failure) 26717K->435K(68608K), 0.0002250 secs]
709.084: [GC (Allocation Failure) 25935K->435K(67840K), 0.0002220 secs]
709.231: [GC (Allocation Failure) 25150K->435K(67136K), 0.0002140 secs]
709.245: [GC (Allocation Failure) 24466K->435K(66432K), 0.0002030 secs]
709.259: [GC (Allocation Failure) 23783K->435K(65792K), 0.0002210 secs]
709.384: [GC (Allocation Failure) 23099K->435K(65152K), 0.0002130 secs]
709.394: [GC (Allocation Failure) 22513K->435K(69568K), 0.0002300 secs]
709.406: [GC (Allocation Failure) 26912K->435K(74880K), 0.0002050 secs]
709.420: [GC (Allocation Failure) 32186K->435K(81280K), 0.0002040 secs]
709.469: [GC (Allocation Failure) 38633K->435K(80000K), 0.0002150 secs]
709.485: [GC (Allocation Failure) 37363K->435K(87424K), 0.0002150 secs]
709.545: [GC (Allocation Failure) 44786K->435K(85824K), 0.0002540 secs]
709.567: [GC (Allocation Failure) 43126K->435K(84288K), 0.0002120 secs]
709.639: [GC (Allocation Failure) 41563K->435K(82816K), 0.0002260 secs]
709.660: [GC (Allocation Failure) 40098K->435K(81408K), 0.0002230 secs]
709.692: [GC (Allocation Failure) 38730K->435K(80064K), 0.0002160 secs]
709.708: [GC (Allocation Failure) 37363K->435K(78784K), 0.0002790 secs]
709.788: [GC (Allocation Failure) 36093K->435K(77568K), 0.0002170 secs]
709.803: [GC (Allocation Failure) 34921K->435K(76416K), 0.0002030 secs]
709.843: [GC (Allocation Failure) 33749K->435K(75328K), 0.0002290 secs]
709.861: [GC (Allocation Failure) 32675K->435K(74304K), 0.0002240 secs]
709.911: [GC (Allocation Failure) 31600K->435K(73280K), 0.0002190 secs]
709.928: [GC (Allocation Failure) 30624K->435K(72320K), 0.0002040 secs]
709.944: [GC (Allocation Failure) 29647K->435K(71424K), 0.0002030 secs]
709.984: [GC (Allocation Failure) 28768K->435K(70528K), 0.0002170 secs]
710.000: [GC (Allocation Failure) 27889K->435K(69696K), 0.0002130 secs]
710.012: [GC (Allocation Failure) 27010K->435K(75072K), 0.0002210 secs]
710.139: [GC (Allocation Failure) 32382K->435K(74048K), 0.0002400 secs]
710.157: [GC (Allocation Failure) 31405K->435K(73088K), 0.0002300 secs]
710.173: [GC (Allocation Failure) 30428K->435K(72128K), 0.0002100 secs]
710.189: [GC (Allocation Failure) 29451K->435K(71232K), 0.0002130 secs]
710.202: [GC (Allocation Failure) 28572K->435K(76864K), 0.0002190 secs]
710.241: [GC (Allocation Failure) 34140K->435K(75776K), 0.0002260 secs]
710.256: [GC (Allocation Failure) 33065K->435K(82368K), 0.0002160 secs]
710.277: [GC (Allocation Failure) 39707K->435K(90240K), 0.0002200 secs]
710.393: [GC (Allocation Failure) 47521K->435K(88512K), 0.0002160 secs]
710.413: [GC (Allocation Failure) 45860K->435K(86848K), 0.0002230 secs]
710.492: [GC (Allocation Failure) 44200K->435K(85312K), 0.0002160 secs]
710.514: [GC (Allocation Failure) 42637K->435K(83840K), 0.0002010 secs]
710.536: [GC (Allocation Failure) 41172K->435K(82432K), 0.0002200 secs]
710.598: [GC (Allocation Failure) 39707K->435K(81088K), 0.0002110 secs]
710.619: [GC (Allocation Failure) 38437K->435K(79808K), 0.0002020 secs]
710.639: [GC (Allocation Failure) 37168K->435K(78592K), 0.0002790 secs]
710.666: [GC (Allocation Failure) 35898K->435K(77376K), 0.0002500 secs]
710.686: [GC (Allocation Failure) 34726K->435K(76224K), 0.0002320 secs]
710.705: [GC (Allocation Failure) 33554K->435K(75136K), 0.0002230 secs]
710.734: [GC (Allocation Failure) 32479K->435K(74112K), 0.0002050 secs]
710.787: [GC (Allocation Failure) 31405K->435K(73152K), 0.0002040 secs]
710.840: [GC (Allocation Failure) 30428K->435K(72192K), 0.0002210 secs]
710.853: [GC (Allocation Failure) 29549K->435K(71296K), 0.0002700 secs]
710.909: [GC (Allocation Failure) 28572K->435K(70400K), 0.0002140 secs]
710.924: [GC (Allocation Failure) 27693K->435K(69568K), 0.0002160 secs]
710.940: [GC (Allocation Failure) 26912K->435K(68800K), 0.0002040 secs]
710.985: [GC (Allocation Failure) 26131K->435K(68032K), 0.0002140 secs]
711.036: [GC (Allocation Failure) 25349K->435K(67328K), 0.0002090 secs]
711.088: [GC (Allocation Failure) 24662K->435K(66624K), 0.0002280 secs]
711.103: [GC (Allocation Failure) 23978K->435K(65984K), 0.0002310 secs]
711.113: [GC (Allocation Failure) 23294K->435K(70592K), 0.0002640 secs]
711.289: [GC (Allocation Failure) 27889K->435K(69760K), 0.0002140 secs]
711.305: [GC (Allocation Failure) 27107K->435K(68992K), 0.0002350 secs]
711.339: [GC (Allocation Failure) 26326K->435K(68224K), 0.0002230 secs]
711.355: [GC (Allocation Failure) 25545K->435K(67520K), 0.0002310 secs]
711.365: [GC (Allocation Failure) 24857K->435K(72448K), 0.0002060 secs]
711.391: [GC (Allocation Failure) 29745K->435K(78336K), 0.0002140 secs]
711.406: [GC (Allocation Failure) 35605K->435K(85440K), 0.0002060 secs]
711.424: [GC (Allocation Failure) 42735K->435K(93952K), 0.0002010 secs]
711.450: [GC (Allocation Failure) 51236K->435K(92032K), 0.0001990 secs]
711.474: [GC (Allocation Failure) 49377K->435K(90240K), 0.0002100 secs]
711.495: [GC (Allocation Failure) 47521K->435K(88512K), 0.0002040 secs]
711.647: [GC (Allocation Failure) 45860K->435K(86848K), 0.0002230 secs]
711.666: [GC (Allocation Failure) 44200K->435K(85312K), 0.0002740 secs]
711.697: [GC (Allocation Failure) 42637K->435K(83840K), 0.0002330 secs]
711.718: [GC (Allocation Failure) 41172K->435K(82432K), 0.0002110 secs]
711.735: [GC (Allocation Failure) 39707K->435K(81088K), 0.0002760 secs]
711.842: [GC (Allocation Failure) 38437K->435K(79808K), 0.0002180 secs]
711.862: [GC (Allocation Failure) 37168K->435K(78592K), 0.0002170 secs]
711.913: [GC (Allocation Failure) 35898K->435K(77376K), 0.0002420 secs]
711.928: [GC (Allocation Failure) 34726K->435K(76224K), 0.0002060 secs]
711.950: [GC (Allocation Failure) 33554K->435K(75136K), 0.0002130 secs]
711.964: [GC (Allocation Failure) 32479K->435K(74112K), 0.0002180 secs]
711.989: [GC (Allocation Failure) 31405K->435K(80320K), 0.0003280 secs]
712.145: [GC (Allocation Failure) 37656K->435K(79040K), 0.0002120 secs]
712.161: [GC (Allocation Failure) 36386K->435K(77824K), 0.0002700 secs]
712.190: [GC (Allocation Failure) 35116K->435K(76672K), 0.0002130 secs]
712.205: [GC (Allocation Failure) 33944K->435K(75584K), 0.0002050 secs]
712.240: [GC (Allocation Failure) 32870K->435K(74560K), 0.0002120 secs]
712.258: [GC (Allocation Failure) 31893K->435K(73536K), 0.0002740 secs]
712.275: [GC (Allocation Failure) 30819K->435K(79680K), 0.0002130 secs]
712.337: [GC (Allocation Failure) 36972K->435K(78464K), 0.0002140 secs]
712.412: [GC (Allocation Failure) 35800K->435K(77312K), 0.0002240 secs]
712.427: [GC (Allocation Failure) 34628K->435K(76160K), 0.0002780 secs]
712.490: [GC (Allocation Failure) 33456K->435K(75072K), 0.0002070 secs]
712.543: [GC (Allocation Failure) 32382K->435K(74048K), 0.0002200 secs]
712.561: [GC (Allocation Failure) 31405K->435K(73088K), 0.0002030 secs]
712.576: [GC (Allocation Failure) 30428K->435K(72128K), 0.0002200 secs]
712.593: [GC (Allocation Failure) 29451K->435K(71232K), 0.0002140 secs]
712.605: [GC (Allocation Failure) 28572K->435K(76864K), 0.0002020 secs]
712.624: [GC (Allocation Failure) 34140K->435K(83648K), 0.0002120 secs]
712.646: [GC (Allocation Failure) 40977K->435K(82240K), 0.0002170 secs]
712.663: [GC (Allocation Failure) 39512K->435K(80896K), 0.0002100 secs]
712.698: [GC (Allocation Failure) 38242K->435K(79616K), 0.0002320 secs]
712.714: [GC (Allocation Failure) 36972K->435K(86976K), 0.0003240 secs]
712.745: [GC (Allocation Failure) 44298K->435K(85376K), 0.0002280 secs]
712.764: [GC (Allocation Failure) 42735K->435K(83904K), 0.0002060 secs]
712.782: [GC (Allocation Failure) 41172K->435K(82496K), 0.0002060 secs]
712.847: [GC (Allocation Failure) 39805K->435K(81152K), 0.0002230 secs]
712.867: [GC (Allocation Failure) 38437K->435K(79872K), 0.0002110 secs]
712.893: [GC (Allocation Failure) 37168K->435K(78656K), 0.0002170 secs]
712.908: [GC (Allocation Failure) 35996K->435K(77440K), 0.0002030 secs]
712.942: [GC (Allocation Failure) 34726K->435K(76288K), 0.0002270 secs]
712.956: [GC (Allocation Failure) 33554K->435K(75200K), 0.0002030 secs]
712.974: [GC (Allocation Failure) 32479K->435K(74176K), 0.0002120 secs]
712.988: [GC (Allocation Failure) 31503K->435K(80448K), 0.0002200 secs]
713.008: [GC (Allocation Failure) 37754K->435K(79168K), 0.0002110 secs]
713.056: [GC (Allocation Failure) 36484K->435K(77952K), 0.0002070 secs]
713.075: [GC (Allocation Failure) 35312K->435K(76800K), 0.0002030 secs]
713.094: [GC (Allocation Failure) 34140K->435K(75712K), 0.0002110 secs]
713.108: [GC (Allocation Failure) 33065K->435K(74624K), 0.0002150 secs]
713.126: [GC (Allocation Failure) 31893K->435K(73600K), 0.0002150 secs]
713.140: [GC (Allocation Failure) 30917K->435K(79744K), 0.0002150 secs]
713.197: [GC (Allocation Failure) 37070K->435K(78528K), 0.0002660 secs]
713.212: [GC (Allocation Failure) 35800K->435K(77312K), 0.0002190 secs]
713.231: [GC (Allocation Failure) 34628K->435K(76160K), 0.0002120 secs]
713.245: [GC (Allocation Failure) 33456K->435K(82816K), 0.0002050 secs]
713.294: [GC (Allocation Failure) 40098K->435K(81408K), 0.0002140 secs]
713.344: [GC (Allocation Failure) 38730K->435K(80064K), 0.0002180 secs]
713.393: [GC (Allocation Failure) 37363K->435K(78784K), 0.0003120 secs]
713.416: [GC (Allocation Failure) 36093K->435K(77568K), 0.0002050 secs]
713.443: [GC (Allocation Failure) 34921K->435K(76416K), 0.0002080 secs]
713.535: [GC (Allocation Failure) 33749K->435K(75328K), 0.0002140 secs]
713.595: [GC (Allocation Failure) 32675K->435K(74304K), 0.0002160 secs]
713.613: [GC (Allocation Failure) 31600K->435K(73280K), 0.0002040 secs]
713.627: [GC (Allocation Failure) 30624K->435K(72320K), 0.0002010 secs]
713.644: [GC (Allocation Failure) 29647K->435K(71424K), 0.0002230 secs]
713.689: [GC (Allocation Failure) 28768K->435K(70528K), 0.0002160 secs]
713.701: [GC (Allocation Failure) 27889K->435K(69696K), 0.0002050 secs]
713.717: [GC (Allocation Failure) 27010K->435K(68928K), 0.0002140 secs]
713.728: [GC (Allocation Failure) 26228K->435K(74112K), 0.0002190 secs]
713.891: [GC (Allocation Failure) 31405K->435K(73152K), 0.0002290 secs]
713.904: [GC (Allocation Failure) 30428K->435K(72192K), 0.0002050 secs]
713.921: [GC (Allocation Failure) 29549K->435K(78016K), 0.0002040 secs]
713.940: [GC (Allocation Failure) 35312K->435K(76864K), 0.0002020 secs]
713.959: [GC (Allocation Failure) 34140K->435K(75776K), 0.0002130 secs]
713.974: [GC (Allocation Failure) 33065K->435K(82368K), 0.0002040 secs]
713.995: [GC (Allocation Failure) 39707K->435K(81024K), 0.0002140 secs]
714.011: [GC (Allocation Failure) 38340K->435K(88640K), 0.0002040 secs]
714.051: [GC (Allocation Failure) 45958K->435K(86976K), 0.0002130 secs]
714.075: [GC (Allocation Failure) 44298K->435K(85376K), 0.0002090 secs]
714.097: [GC (Allocation Failure) 42735K->435K(83904K), 0.0002200 secs]
714.138: [GC (Allocation Failure) 41172K->435K(82496K), 0.0002140 secs]
714.155: [GC (Allocation Failure) 39805K->435K(81152K), 0.0002050 secs]
714.172: [GC (Allocation Failure) 38437K->435K(79872K), 0.0002030 secs]
714.245: [GC (Allocation Failure) 37168K->435K(78656K), 0.0002070 secs]
714.297: [GC (Allocation Failure) 35996K->435K(77440K), 0.0002190 secs]
714.316: [GC (Allocation Failure) 34726K->435K(76288K), 0.0002090 secs]
714.334: [GC (Allocation Failure) 33554K->435K(75200K), 0.0002050 secs]
714.348: [GC (Allocation Failure) 32479K->435K(74176K), 0.0002240 secs]
714.366: [GC (Allocation Failure) 31503K->435K(73152K), 0.0002020 secs]
714.383: [GC (Allocation Failure) 30428K->435K(72192K), 0.0002200 secs]
714.490: [GC (Allocation Failure) 29549K->435K(71296K), 0.0002160 secs]
714.507: [GC (Allocation Failure) 28572K->435K(70400K), 0.0002190 secs]
714.595: [GC (Allocation Failure) 27693K->435K(69568K), 0.0002140 secs]
714.611: [GC (Allocation Failure) 26912K->435K(68800K), 0.0002280 secs]
714.626: [GC (Allocation Failure) 26131K->435K(68032K), 0.0002220 secs]
714.644: [GC (Allocation Failure) 25349K->435K(67328K), 0.0002270 secs]
714.656: [GC (Allocation Failure) 24662K->435K(72192K), 0.0002770 secs]
714.686: [GC (Allocation Failure) 29549K->435K(78016K), 0.0002060 secs]
714.740: [GC (Allocation Failure) 35312K->435K(76864K), 0.0002190 secs]
714.759: [GC (Allocation Failure) 34140K->435K(75776K), 0.0002130 secs]
714.847: [GC (Allocation Failure) 33065K->435K(74688K), 0.0002100 secs]
714.865: [GC (Allocation Failure) 31991K->435K(73664K), 0.0002040 secs]
714.882: [GC (Allocation Failure) 31014K->435K(72704K), 0.0002250 secs]
714.899: [GC (Allocation Failure) 30038K->435K(71808K), 0.0002120 secs]
715.045: [GC (Allocation Failure) 29158K->435K(70912K), 0.0002030 secs]
715.058: [GC (Allocation Failure) 28182K->435K(76480K), 0.0003210 secs]
715.143: [GC (Allocation Failure) 33749K->435K(75392K), 0.0002050 secs]
715.193: [GC (Allocation Failure) 32675K->435K(74368K), 0.0002710 secs]
715.392: [GC (Allocation Failure) 31698K->435K(73344K), 0.0002080 secs]
715.405: [GC (Allocation Failure) 30624K->435K(72384K), 0.0002140 secs]
715.422: [GC (Allocation Failure) 29745K->435K(71488K), 0.0002010 secs]
715.435: [GC (Allocation Failure) 28768K->435K(77184K), 0.0002270 secs]
715.451: [GC (Allocation Failure) 34530K->435K(84032K), 0.0002040 secs]
715.501: [GC (Allocation Failure) 41367K->435K(82624K), 0.0002160 secs]
715.519: [GC (Allocation Failure) 39902K->435K(81280K), 0.0002340 secs]
715.535: [GC (Allocation Failure) 38633K->435K(80000K), 0.0002080 secs]
715.555: [GC (Allocation Failure) 37363K->435K(78720K), 0.0002250 secs]
715.649: [GC (Allocation Failure) 35996K->435K(77504K), 0.0002140 secs]
715.664: [GC (Allocation Failure) 34823K->435K(76352K), 0.0002210 secs]
715.695: [GC (Allocation Failure) 33651K->435K(75264K), 0.0002060 secs]
715.743: [GC (Allocation Failure) 32577K->435K(74240K), 0.0002390 secs]
715.761: [GC (Allocation Failure) 31600K->435K(73216K), 0.0002360 secs]
715.793: [GC (Allocation Failure) 30526K->435K(72256K), 0.0002170 secs]
715.850: [GC (Allocation Failure) 29549K->435K(71360K), 0.0002110 secs]
715.905: [GC (Allocation Failure) 28670K->435K(70464K), 0.0002060 secs]
715.937: [GC (Allocation Failure) 27791K->435K(69632K), 0.0002240 secs]
715.953: [GC (Allocation Failure) 26912K->435K(68864K), 0.0002610 secs]
715.968: [GC (Allocation Failure) 26131K->435K(68096K), 0.0002130 secs]
715.980: [GC (Allocation Failure) 25447K->435K(73152K), 0.0002070 secs]
715.993: [GC (Allocation Failure) 30428K->435K(79168K), 0.0002050 secs]
716.050: [GC (Allocation Failure) 36484K->435K(77952K), 0.0002120 secs]
716.069: [GC (Allocation Failure) 35312K->435K(76800K), 0.0002020 secs]
716.088: [GC (Allocation Failure) 34140K->435K(75712K), 0.0002130 secs]
716.102: [GC (Allocation Failure) 33065K->435K(74624K), 0.0002060 secs]
716.120: [GC (Allocation Failure) 31893K->435K(73600K), 0.0002020 secs]
716.133: [GC (Allocation Failure) 30917K->435K(79744K), 0.0002130 secs]
716.149: [GC (Allocation Failure) 37070K->435K(87104K), 0.0002140 secs]
716.200: [GC (Allocation Failure) 44395K->435K(85504K), 0.0002130 secs]
716.249: [GC (Allocation Failure) 42833K->435K(83968K), 0.0002240 secs]
716.271: [GC (Allocation Failure) 41270K->435K(82560K), 0.0002100 secs]
716.302: [GC (Allocation Failure) 39902K->435K(81216K), 0.0002020 secs]
716.319: [GC (Allocation Failure) 38535K->435K(79936K), 0.0002040 secs]
716.351: [GC (Allocation Failure) 37265K->435K(78656K), 0.0002100 secs]
716.366: [GC (Allocation Failure) 35996K->435K(77440K), 0.0002730 secs]
716.496: [GC (Allocation Failure) 34726K->435K(76288K), 0.0002260 secs]
716.510: [GC (Allocation Failure) 33554K->435K(75200K), 0.0002150 secs]
716.528: [GC (Allocation Failure) 32479K->435K(74176K), 0.0002010 secs]
716.542: [GC (Allocation Failure) 31503K->435K(80448K), 0.0002700 secs]
716.598: [GC (Allocation Failure) 37754K->435K(79168K), 0.0002170 secs]
716.615: [GC (Allocation Failure) 36484K->435K(77952K), 0.0003080 secs]
716.632: [GC (Allocation Failure) 35312K->435K(76800K), 0.0002000 secs]
716.656: [GC (Allocation Failure) 34140K->435K(75712K), 0.0002170 secs]
716.752: [GC (Allocation Failure) 33065K->435K(74624K), 0.0002210 secs]
716.795: [GC (Allocation Failure) 31893K->435K(73600K), 0.0002180 secs]
716.813: [GC (Allocation Failure) 30917K->435K(72640K), 0.0002260 secs]
716.845: [GC (Allocation Failure) 29940K->435K(71744K), 0.0002090 secs]
716.898: [GC (Allocation Failure) 29061K->435K(70848K), 0.0002120 secs]
716.910: [GC (Allocation Failure) 28182K->435K(70016K), 0.0002200 secs]
716.922: [GC (Allocation Failure) 27303K->435K(75456K), 0.0002140 secs]
716.946: [GC (Allocation Failure) 32772K->435K(81984K), 0.0002760 secs]
717.055: [GC (Allocation Failure) 39316K->435K(80640K), 0.0002280 secs]
717.075: [GC (Allocation Failure) 37949K->435K(79360K), 0.0002140 secs]
717.136: [GC (Allocation Failure) 36679K->435K(78144K), 0.0002880 secs]
717.197: [GC (Allocation Failure) 35409K->435K(76992K), 0.0002760 secs]
717.247: [GC (Allocation Failure) 34335K->435K(75904K), 0.0002050 secs]
717.339: [GC (Allocation Failure) 33261K->435K(74816K), 0.0002430 secs]
717.354: [GC (Allocation Failure) 32089K->435K(73792K), 0.0002640 secs]
717.399: [GC (Allocation Failure) 31112K->435K(72832K), 0.0002120 secs]
717.412: [GC (Allocation Failure) 30135K->435K(78784K), 0.0003360 secs]
717.452: [GC (Allocation Failure) 36093K->435K(77568K), 0.0002230 secs]
717.471: [GC (Allocation Failure) 34921K->435K(76416K), 0.0002220 secs]
717.497: [GC (Allocation Failure) 33749K->435K(75328K), 0.0002240 secs]
717.515: [GC (Allocation Failure) 32675K->435K(74304K), 0.0002030 secs]
717.532: [GC (Allocation Failure) 31600K->435K(73280K), 0.0002040 secs]
717.550: [GC (Allocation Failure) 30624K->435K(72320K), 0.0002080 secs]
717.567: [GC (Allocation Failure) 29647K->435K(71424K), 0.0002100 secs]
717.579: [GC (Allocation Failure) 28768K->435K(77120K), 0.0002180 secs]
717.598: [GC (Allocation Failure) 34433K->435K(83968K), 0.0002240 secs]
717.654: [GC (Allocation Failure) 41270K->435K(82560K), 0.0002100 secs]
717.672: [GC (Allocation Failure) 39902K->435K(81216K), 0.0002110 secs]
717.692: [GC (Allocation Failure) 38535K->435K(79936K), 0.0002020 secs]
717.713: [GC (Allocation Failure) 37265K->435K(78656K), 0.0002150 secs]
717.728: [GC (Allocation Failure) 35996K->435K(77440K), 0.0002170 secs]
717.743: [GC (Allocation Failure) 34726K->435K(84352K), 0.0002760 secs]
717.805: [GC (Allocation Failure) 41660K->435K(82880K), 0.0002230 secs]
717.826: [GC (Allocation Failure) 40195K->435K(81472K), 0.0002110 secs]
717.851: [GC (Allocation Failure) 38828K->435K(80128K), 0.0002230 secs]
717.868: [GC (Allocation Failure) 37461K->435K(78848K), 0.0002070 secs]
717.952: [GC (Allocation Failure) 36191K->435K(77632K), 0.0002240 secs]
717.971: [GC (Allocation Failure) 34921K->435K(76480K), 0.0002110 secs]
718.023: [GC (Allocation Failure) 33749K->435K(75392K), 0.0002810 secs]
718.051: [GC (Allocation Failure) 32675K->435K(74368K), 0.0002110 secs]
718.065: [GC (Allocation Failure) 31698K->435K(73344K), 0.0002150 secs]
718.078: [GC (Allocation Failure) 30624K->435K(72384K), 0.0002030 secs]
718.095: [GC (Allocation Failure) 29745K->435K(78272K), 0.0002160 secs]
718.253: [GC (Allocation Failure) 35605K->435K(77120K), 0.0002120 secs]
718.268: [GC (Allocation Failure) 34433K->435K(83968K), 0.0003250 secs]
718.302: [GC (Allocation Failure) 41270K->435K(82560K), 0.0002300 secs]
718.323: [GC (Allocation Failure) 39902K->435K(81216K), 0.0002170 secs]
718.354: [GC (Allocation Failure) 38535K->435K(79936K), 0.0002080 secs]
718.374: [GC (Allocation Failure) 37265K->435K(78656K), 0.0002130 secs]
718.390: [GC (Allocation Failure) 35996K->435K(77440K), 0.0002000 secs]
718.405: [GC (Allocation Failure) 34726K->435K(84352K), 0.0003600 secs]
718.427: [GC (Allocation Failure) 41660K->435K(92608K), 0.0002030 secs]
718.452: [GC (Allocation Failure) 49967K->435K(102528K), 0.0002120 secs]
718.478: [GC (Allocation Failure) 59831K->435K(100224K), 0.0002060 secs]
718.513: [GC (Allocation Failure) 57585K->435K(98048K), 0.0002100 secs]
718.538: [GC (Allocation Failure) 55339K->435K(95936K), 0.0002170 secs]
718.560: [GC (Allocation Failure) 53287K->435K(93952K), 0.0002040 secs]
718.619: [GC (Allocation Failure) 51236K->435K(92032K), 0.0002110 secs]
718.644: [GC (Allocation Failure) 49377K->435K(90240K), 0.0002020 secs]
718.681: [GC (Allocation Failure) 47521K->435K(88512K), 0.0002140 secs]
718.857: [GC (Allocation Failure) 45860K->435K(86848K), 0.0002130 secs]
718.876: [GC (Allocation Failure) 44200K->435K(85312K), 0.0002170 secs]
718.911: [GC (Allocation Failure) 42637K->435K(83840K), 0.0002150 secs]
718.939: [GC (Allocation Failure) 41172K->435K(82432K), 0.0002250 secs]
718.959: [GC (Allocation Failure) 39707K->435K(81088K), 0.0002020 secs]
718.980: [GC (Allocation Failure) 38437K->435K(79808K), 0.0002130 secs]
718.996: [GC (Allocation Failure) 37168K->435K(78592K), 0.0002810 secs]
719.060: [GC (Allocation Failure) 35898K->435K(77376K), 0.0002160 secs]
719.079: [GC (Allocation Failure) 34726K->435K(76224K), 0.0002040 secs]
719.098: [GC (Allocation Failure) 33554K->435K(75136K), 0.0002320 secs]
719.153: [GC (Allocation Failure) 32479K->435K(74112K), 0.0002270 secs]
719.170: [GC (Allocation Failure) 31405K->435K(73152K), 0.0002170 secs]
719.185: [GC (Allocation Failure) 30428K->435K(72192K), 0.0002120 secs]
719.252: [GC (Allocation Failure) 29549K->435K(71296K), 0.0002170 secs]
719.264: [GC (Allocation Failure) 28572K->435K(70400K), 0.0002280 secs]
719.276: [GC (Allocation Failure) 27693K->435K(75904K), 0.0002040 secs]
719.343: [GC (Allocation Failure) 33261K->435K(74816K), 0.0002400 secs]
719.358: [GC (Allocation Failure) 32089K->435K(81216K), 0.0002660 secs]
719.379: [GC (Allocation Failure) 38535K->435K(88896K), 0.0002120 secs]
719.403: [GC (Allocation Failure) 46251K->435K(87232K), 0.0002020 secs]
719.423: [GC (Allocation Failure) 44591K->435K(85632K), 0.0002160 secs]
719.442: [GC (Allocation Failure) 42930K->435K(84096K), 0.0001880 secs]
719.460: [GC (Allocation Failure) 41367K->435K(82624K), 0.0002050 secs]
719.481: [GC (Allocation Failure) 39902K->435K(81280K), 0.0002020 secs]
719.501: [GC (Allocation Failure) 38633K->435K(80000K), 0.0002240 secs]
719.551: [GC (Allocation Failure) 37363K->435K(78720K), 0.0002170 secs]
719.701: [GC (Allocation Failure) 35996K->435K(77504K), 0.0002160 secs]
719.751: [GC (Allocation Failure) 34823K->435K(76352K), 0.0002050 secs]
719.791: [GC (Allocation Failure) 33651K->435K(75264K), 0.0002170 secs]
719.809: [GC (Allocation Failure) 32577K->435K(74240K), 0.0002030 secs]
719.827: [GC (Allocation Failure) 31600K->435K(73216K), 0.0002400 secs]
719.853: [GC (Allocation Failure) 30526K->435K(72256K), 0.0002190 secs]
719.866: [GC (Allocation Failure) 29549K->435K(78144K), 0.0002670 secs]
719.908: [GC (Allocation Failure) 35409K->435K(76992K), 0.0002240 secs]
719.923: [GC (Allocation Failure) 34335K->435K(75904K), 0.0002150 secs]
719.941: [GC (Allocation Failure) 33261K->435K(74816K), 0.0002190 secs]
720.004: [GC (Allocation Failure) 32089K->435K(73792K), 0.0002130 secs]
720.017: [GC (Allocation Failure) 31112K->435K(79936K), 0.0003230 secs]
720.056: [GC (Allocation Failure) 37265K->435K(78656K), 0.0002150 secs]
720.072: [GC (Allocation Failure) 35996K->435K(85824K), 0.0002750 secs]
720.105: [GC (Allocation Failure) 43126K->435K(84288K), 0.0002120 secs]
720.122: [GC (Allocation Failure) 41563K->435K(82816K), 0.0002020 secs]
720.144: [GC (Allocation Failure) 40098K->435K(81408K), 0.0002150 secs]
720.160: [GC (Allocation Failure) 38730K->435K(80064K), 0.0002160 secs]
720.258: [GC (Allocation Failure) 37363K->435K(78784K), 0.0002250 secs]
720.273: [GC (Allocation Failure) 36093K->435K(77568K), 0.0002060 secs]
720.302: [GC (Allocation Failure) 34921K->435K(76416K), 0.0002170 secs]
720.316: [GC (Allocation Failure) 33749K->435K(75328K), 0.0002060 secs]
720.333: [GC (Allocation Failure) 32675K->435K(74304K), 0.0001990 secs]
720.354: [GC (Allocation Failure) 31600K->435K(73280K), 0.0002170 secs]
720.372: [GC (Allocation Failure) 30624K->435K(72320K), 0.0002310 secs]
720.403: [GC (Allocation Failure) 29647K->435K(71424K), 0.0002220 secs]
720.416: [GC (Allocation Failure) 28768K->435K(77120K), 0.0002220 secs]
720.556: [GC (Allocation Failure) 34433K->435K(75968K), 0.0002280 secs]
720.571: [GC (Allocation Failure) 33261K->435K(74880K), 0.0002650 secs]
720.593: [GC (Allocation Failure) 32186K->435K(73856K), 0.0002010 secs]
720.632: [GC (Allocation Failure) 31210K->435K(72896K), 0.0002150 secs]
720.651: [GC (Allocation Failure) 30233K->435K(71936K), 0.0002070 secs]
720.668: [GC (Allocation Failure) 29256K->435K(71040K), 0.0002330 secs]
720.699: [GC (Allocation Failure) 28377K->435K(70208K), 0.0002760 secs]
720.733: [GC (Allocation Failure) 27498K->435K(69376K), 0.0002260 secs]
720.748: [GC (Allocation Failure) 26717K->435K(68608K), 0.0002150 secs]
720.848: [GC (Allocation Failure) 25935K->435K(67840K), 0.0002730 secs]
720.859: [GC (Allocation Failure) 25150K->435K(67136K), 0.0002140 secs]
720.874: [GC (Allocation Failure) 24466K->435K(72000K), 0.0002020 secs]
720.886: [GC (Allocation Failure) 29354K->435K(77824K), 0.0002710 secs]
720.956: [GC (Allocation Failure) 35116K->435K(84800K), 0.0002240 secs]
720.979: [GC (Allocation Failure) 42149K->435K(83328K), 0.0002150 secs]
720.996: [GC (Allocation Failure) 40684K->435K(81920K), 0.0002130 secs]
721.013: [GC (Allocation Failure) 39219K->435K(80576K), 0.0002030 secs]
721.085: [GC (Allocation Failure) 37851K->435K(79296K), 0.0002160 secs]
721.104: [GC (Allocation Failure) 36582K->435K(78080K), 0.0002130 secs]
721.120: [GC (Allocation Failure) 35409K->435K(76928K), 0.0002050 secs]
721.138: [GC (Allocation Failure) 34237K->435K(75840K), 0.0002000 secs]
721.206: [GC (Allocation Failure) 33163K->435K(74752K), 0.0002130 secs]
721.220: [GC (Allocation Failure) 32089K->435K(73728K), 0.0002180 secs]
721.255: [GC (Allocation Failure) 31014K->435K(72768K), 0.0002220 secs]
721.272: [GC (Allocation Failure) 30038K->435K(71808K), 0.0002110 secs]
721.300: [GC (Allocation Failure) 29158K->435K(70912K), 0.0002730 secs]
721.337: [GC (Allocation Failure) 28182K->435K(70080K), 0.0002170 secs]
721.349: [GC (Allocation Failure) 27400K->435K(75520K), 0.0003200 secs]
721.407: [GC (Allocation Failure) 32870K->435K(74496K), 0.0002260 secs]
721.421: [GC (Allocation Failure) 31796K->435K(80832K), 0.0002250 secs]
721.438: [GC (Allocation Failure) 38144K->435K(88384K), 0.0002120 secs]
721.467: [GC (Allocation Failure) 45665K->435K(86720K), 0.0002180 secs]
721.487: [GC (Allocation Failure) 44005K->435K(85184K), 0.0002190 secs]
721.505: [GC (Allocation Failure) 42540K->435K(83712K), 0.0002060 secs]
721.526: [GC (Allocation Failure) 41074K->435K(82304K), 0.0002130 secs]
721.555: [GC (Allocation Failure) 39609K->435K(80960K), 0.0002760 secs]
721.588: [GC (Allocation Failure) 38242K->435K(79680K), 0.0003310 secs]
721.605: [GC (Allocation Failure) 36972K->435K(78464K), 0.0002160 secs]
721.740: [GC (Allocation Failure) 35800K->435K(77312K), 0.0002280 secs]
721.759: [GC (Allocation Failure) 34628K->435K(76160K), 0.0002030 secs]
721.774: [GC (Allocation Failure) 33456K->435K(75072K), 0.0002180 secs]
721.788: [GC (Allocation Failure) 32382K->435K(81472K), 0.0002050 secs]
721.805: [GC (Allocation Failure) 38828K->435K(89152K), 0.0002140 secs]
721.859: [GC (Allocation Failure) 46446K->435K(87488K), 0.0002100 secs]
721.908: [GC (Allocation Failure) 44786K->435K(85888K), 0.0002180 secs]
721.930: [GC (Allocation Failure) 43223K->435K(84352K), 0.0002020 secs]
721.948: [GC (Allocation Failure) 41660K->435K(82880K), 0.0002170 secs]
722.006: [GC (Allocation Failure) 40195K->435K(81472K), 0.0002270 secs]
722.023: [GC (Allocation Failure) 38828K->435K(80128K), 0.0002170 secs]
722.039: [GC (Allocation Failure) 37461K->435K(78848K), 0.0002120 secs]
722.104: [GC (Allocation Failure) 36191K->435K(77632K), 0.0002760 secs]
722.158: [GC (Allocation Failure) 34921K->435K(76480K), 0.0002140 secs]
722.176: [GC (Allocation Failure) 33749K->435K(75392K), 0.0002030 secs]
722.307: [GC (Allocation Failure) 32675K->435K(74368K), 0.0002070 secs]
722.321: [GC (Allocation Failure) 31698K->435K(73344K), 0.0003250 secs]
722.357: [GC (Allocation Failure) 30624K->435K(72384K), 0.0002300 secs]
722.370: [GC (Allocation Failure) 29745K->435K(78272K), 0.0003970 secs]
722.404: [GC (Allocation Failure) 35605K->435K(85312K), 0.0002240 secs]
722.462: [GC (Allocation Failure) 42637K->435K(83840K), 0.0002220 secs]
722.483: [GC (Allocation Failure) 41172K->435K(82432K), 0.0002210 secs]
722.510: [GC (Allocation Failure) 39707K->435K(81088K), 0.0002130 secs]
722.531: [GC (Allocation Failure) 38437K->435K(79808K), 0.0002210 secs]
722.560: [GC (Allocation Failure) 37168K->435K(78592K), 0.0002140 secs]
722.577: [GC (Allocation Failure) 35898K->435K(77376K), 0.0002170 secs]
722.597: [GC (Allocation Failure) 34726K->435K(76224K), 0.0002170 secs]
722.615: [GC (Allocation Failure) 33554K->435K(75136K), 0.0002550 secs]
722.629: [GC (Allocation Failure) 32479K->435K(81600K), 0.0002020 secs]
722.650: [GC (Allocation Failure) 38926K->435K(89344K), 0.0002640 secs]
722.673: [GC (Allocation Failure) 46642K->435K(87680K), 0.0002060 secs]
722.713: [GC (Allocation Failure) 44981K->435K(86080K), 0.0002100 secs]
722.732: [GC (Allocation Failure) 43419K->435K(84544K), 0.0002210 secs]
722.762: [GC (Allocation Failure) 41856K->435K(83072K), 0.0002210 secs]
722.784: [GC (Allocation Failure) 40391K->435K(81664K), 0.0002310 secs]
722.806: [GC (Allocation Failure) 39023K->435K(80320K), 0.0002140 secs]
722.823: [GC (Allocation Failure) 37656K->435K(79040K), 0.0002030 secs]
722.909: [GC (Allocation Failure) 36386K->435K(77824K), 0.0002110 secs]
722.929: [GC (Allocation Failure) 35116K->435K(76672K), 0.0002110 secs]
723.008: [GC (Allocation Failure) 33944K->435K(75584K), 0.0002130 secs]
723.023: [GC (Allocation Failure) 32870K->435K(74560K), 0.0002060 secs]
723.057: [GC (Allocation Failure) 31893K->435K(73536K), 0.0002200 secs]
723.074: [GC (Allocation Failure) 30819K->435K(72576K), 0.0002120 secs]
723.134: [GC (Allocation Failure) 29842K->435K(71680K), 0.0002280 secs]
723.146: [GC (Allocation Failure) 28963K->435K(70784K), 0.0002140 secs]
723.202: [GC (Allocation Failure) 28084K->435K(69952K), 0.0002740 secs]
723.252: [GC (Allocation Failure) 27303K->435K(69120K), 0.0002170 secs]
723.306: [GC (Allocation Failure) 26424K->435K(68352K), 0.0002260 secs]
723.317: [GC (Allocation Failure) 25642K->435K(67584K), 0.0002260 secs]
723.355: [GC (Allocation Failure) 24857K->435K(66880K), 0.0002290 secs]
723.407: [GC (Allocation Failure) 24173K->435K(66176K), 0.0003860 secs]
723.418: [GC (Allocation Failure) 23490K->435K(65536K), 0.0002020 secs]
723.504: [GC (Allocation Failure) 22806K->435K(64896K), 0.0002130 secs]
723.518: [GC (Allocation Failure) 22220K->435K(64320K), 0.0002080 secs]
723.532: [GC (Allocation Failure) 21634K->435K(68608K), 0.0002160 secs]
723.547: [GC (Allocation Failure) 25935K->435K(73728K), 0.0002780 secs]
723.608: [GC (Allocation Failure) 31014K->435K(72768K), 0.0002090 secs]
723.625: [GC (Allocation Failure) 30038K->435K(71808K), 0.0002080 secs]
723.637: [GC (Allocation Failure) 29158K->435K(77568K), 0.0002260 secs]
723.653: [GC (Allocation Failure) 34921K->435K(84480K), 0.0002040 secs]
723.671: [GC (Allocation Failure) 41758K->435K(92800K), 0.0002040 secs]
723.692: [GC (Allocation Failure) 50162K->435K(102784K), 0.0002110 secs]
723.718: [GC (Allocation Failure) 60124K->435K(100480K), 0.0002110 secs]
723.749: [GC (Allocation Failure) 57780K->435K(98240K), 0.0002240 secs]
723.773: [GC (Allocation Failure) 55534K->435K(96128K), 0.0002710 secs]
723.818: [GC (Allocation Failure) 53483K->435K(94144K), 0.0002140 secs]
723.841: [GC (Allocation Failure) 51432K->435K(92224K), 0.0002140 secs]
723.863: [GC (Allocation Failure) 49572K->435K(90432K), 0.0002190 secs]
723.912: [GC (Allocation Failure) 47716K->435K(88704K), 0.0002230 secs]
723.931: [GC (Allocation Failure) 46056K->435K(87040K), 0.0002060 secs]
723.954: [GC (Allocation Failure) 44395K->435K(85440K), 0.0002140 secs]
723.977: [GC (Allocation Failure) 42735K->435K(83968K), 0.0002050 secs]
723.995: [GC (Allocation Failure) 41270K->435K(82560K), 0.0002780 secs]
724.059: [GC (Allocation Failure) 39902K->435K(81216K), 0.0002160 secs]
724.108: [GC (Allocation Failure) 38535K->435K(79936K), 0.0002730 secs]
724.161: [GC (Allocation Failure) 37265K->435K(78656K), 0.0002160 secs]
724.177: [GC (Allocation Failure) 35996K->435K(77440K), 0.0002030 secs]
724.207: [GC (Allocation Failure) 34726K->435K(76288K), 0.0002750 secs]
724.266: [GC (Allocation Failure) 33554K->435K(75200K), 0.0002210 secs]
724.281: [GC (Allocation Failure) 32479K->435K(74176K), 0.0002500 secs]
724.365: [GC (Allocation Failure) 31503K->435K(73152K), 0.0002140 secs]
724.382: [GC (Allocation Failure) 30428K->435K(72192K), 0.0002140 secs]
724.410: [GC (Allocation Failure) 29549K->435K(71296K), 0.0002230 secs]
724.422: [GC (Allocation Failure) 28572K->435K(70400K), 0.0002160 secs]
724.434: [GC (Allocation Failure) 27693K->435K(75904K), 0.0002070 secs]
724.460: [GC (Allocation Failure) 33261K->435K(74816K), 0.0002190 secs]
724.474: [GC (Allocation Failure) 32089K->435K(81216K), 0.0002170 secs]
724.492: [GC (Allocation Failure) 38535K->435K(88896K), 0.0002120 secs]
724.516: [GC (Allocation Failure) 46251K->435K(98112K), 0.0002750 secs]
724.542: [GC (Allocation Failure) 55436K->435K(96000K), 0.0002070 secs]
724.569: [GC (Allocation Failure) 53287K->435K(94016K), 0.0002110 secs]
724.596: [GC (Allocation Failure) 51334K->435K(92096K), 0.0002120 secs]
724.667: [GC (Allocation Failure) 49377K->435K(90304K), 0.0002200 secs]
724.692: [GC (Allocation Failure) 47618K->435K(88576K), 0.0002200 secs]
724.766: [GC (Allocation Failure) 45860K->435K(86912K), 0.0002180 secs]
724.785: [GC (Allocation Failure) 44200K->435K(85312K), 0.0002150 secs]
724.808: [GC (Allocation Failure) 42637K->435K(83840K), 0.0002110 secs]
724.915: [GC (Allocation Failure) 41172K->435K(82432K), 0.0002180 secs]
724.933: [GC (Allocation Failure) 39707K->435K(81088K), 0.0002280 secs]
724.950: [GC (Allocation Failure) 38437K->435K(79808K), 0.0002030 secs]
725.009: [GC (Allocation Failure) 37168K->435K(78592K), 0.0002820 secs]
725.059: [GC (Allocation Failure) 35898K->435K(77376K), 0.0002100 secs]
725.140: [GC (Allocation Failure) 34726K->435K(76224K), 0.0002290 secs]
725.159: [GC (Allocation Failure) 33554K->435K(75136K), 0.0002190 secs]
725.211: [GC (Allocation Failure) 32479K->435K(74112K), 0.0002040 secs]
725.229: [GC (Allocation Failure) 31405K->435K(73152K), 0.0002400 secs]
725.246: [GC (Allocation Failure) 30428K->435K(72192K), 0.0002150 secs]
725.259: [GC (Allocation Failure) 29549K->435K(71296K), 0.0002200 secs]
725.306: [GC (Allocation Failure) 28572K->435K(70400K), 0.0002280 secs]
725.322: [GC (Allocation Failure) 27693K->435K(69568K), 0.0002100 secs]
725.337: [GC (Allocation Failure) 26912K->435K(68800K), 0.0002190 secs]
725.353: [GC (Allocation Failure) 26131K->435K(73984K), 0.0002120 secs]
725.374: [GC (Allocation Failure) 31307K->435K(80192K), 0.0002710 secs]
725.469: [GC (Allocation Failure) 37461K->435K(78912K), 0.0002280 secs]
725.484: [GC (Allocation Failure) 36191K->435K(77696K), 0.0002160 secs]
725.536: [GC (Allocation Failure) 35019K->435K(76544K), 0.0002080 secs]
725.608: [GC (Allocation Failure) 33847K->435K(75456K), 0.0002180 secs]
725.661: [GC (Allocation Failure) 32772K->435K(74432K), 0.0002170 secs]
725.675: [GC (Allocation Failure) 31698K->435K(73408K), 0.0002170 secs]
725.692: [GC (Allocation Failure) 30721K->435K(72448K), 0.0002150 secs]
725.705: [GC (Allocation Failure) 29745K->435K(71552K), 0.0002190 secs]
725.738: [GC (Allocation Failure) 28865K->435K(70656K), 0.0002260 secs]
725.750: [GC (Allocation Failure) 27986K->435K(76224K), 0.0003990 secs]
725.808: [GC (Allocation Failure) 33554K->435K(82880K), 0.0002060 secs]
725.861: [GC (Allocation Failure) 40195K->435K(81472K), 0.0002150 secs]
725.909: [GC (Allocation Failure) 38828K->435K(80128K), 0.0002050 secs]
725.949: [GC (Allocation Failure) 37461K->435K(78848K), 0.0002410 secs]
725.965: [GC (Allocation Failure) 36191K->435K(77632K), 0.0002140 secs]
725.980: [GC (Allocation Failure) 34921K->435K(76480K), 0.0002050 secs]
725.995: [GC (Allocation Failure) 33749K->435K(75392K), 0.0002120 secs]
726.013: [GC (Allocation Failure) 32675K->435K(74368K), 0.0002120 secs]
726.089: [GC (Allocation Failure) 31698K->435K(73344K), 0.0002830 secs]
726.134: [GC (Allocation Failure) 30624K->435K(72384K), 0.0002160 secs]
726.200: [GC (Allocation Failure) 29745K->435K(71488K), 0.0002220 secs]
726.213: [GC (Allocation Failure) 28768K->435K(70592K), 0.0002440 secs]
726.261: [GC (Allocation Failure) 27889K->435K(69760K), 0.0002240 secs]
726.277: [GC (Allocation Failure) 27107K->435K(68992K), 0.0002520 secs]
726.292: [GC (Allocation Failure) 26326K->435K(68224K), 0.0002150 secs]
726.307: [GC (Allocation Failure) 25545K->435K(73280K), 0.0002180 secs]
726.325: [GC (Allocation Failure) 30624K->435K(79360K), 0.0002170 secs]
726.367: [GC (Allocation Failure) 36679K->435K(78144K), 0.0002270 secs]
726.386: [GC (Allocation Failure) 35409K->435K(76992K), 0.0002030 secs]
726.405: [GC (Allocation Failure) 34335K->435K(75904K), 0.0002200 secs]
726.419: [GC (Allocation Failure) 33261K->435K(74816K), 0.0002030 secs]
726.459: [GC (Allocation Failure) 32089K->435K(73792K), 0.0002150 secs]
726.508: [GC (Allocation Failure) 31112K->435K(72832K), 0.0002160 secs]
726.521: [GC (Allocation Failure) 30135K->435K(71872K), 0.0002050 secs]
726.537: [GC (Allocation Failure) 29158K->435K(70976K), 0.0002100 secs]
726.557: [GC (Allocation Failure) 28279K->435K(76608K), 0.0003970 secs]
726.594: [GC (Allocation Failure) 33944K->435K(75520K), 0.0002150 secs]
726.612: [GC (Allocation Failure) 32870K->435K(74496K), 0.0002130 secs]
726.633: [GC (Allocation Failure) 31796K->435K(73472K), 0.0002320 secs]
726.652: [GC (Allocation Failure) 30819K->435K(79552K), 0.0002690 secs]
726.710: [GC (Allocation Failure) 36875K->435K(78336K), 0.0002170 secs]
726.729: [GC (Allocation Failure) 35605K->435K(77184K), 0.0002150 secs]
726.745: [GC (Allocation Failure) 34530K->435K(76032K), 0.0002130 secs]
726.764: [GC (Allocation Failure) 33358K->435K(74944K), 0.0002150 secs]
726.778: [GC (Allocation Failure) 32284K->435K(81344K), 0.0002070 secs]
726.812: [GC (Allocation Failure) 38633K->435K(80000K), 0.0002760 secs]
726.913: [GC (Allocation Failure) 37363K->435K(78720K), 0.0002290 secs]
726.933: [GC (Allocation Failure) 35996K->435K(77504K), 0.0002360 secs]
726.948: [GC (Allocation Failure) 34823K->435K(84416K), 0.0002750 secs]
727.017: [GC (Allocation Failure) 41758K->435K(82944K), 0.0002220 secs]
727.035: [GC (Allocation Failure) 40293K->435K(81536K), 0.0002050 secs]
727.062: [GC (Allocation Failure) 38828K->435K(80192K), 0.0002140 secs]
727.112: [GC (Allocation Failure) 37461K->435K(78912K), 0.0002150 secs]
727.131: [GC (Allocation Failure) 36191K->435K(77696K), 0.0002110 secs]
727.265: [GC (Allocation Failure) 35019K->435K(76544K), 0.0002060 secs]
727.279: [GC (Allocation Failure) 33847K->435K(75456K), 0.0003230 secs]
727.314: [GC (Allocation Failure) 32772K->435K(74432K), 0.0002140 secs]
727.328: [GC (Allocation Failure) 31698K->435K(80704K), 0.0003220 secs]
727.366: [GC (Allocation Failure) 38047K->435K(79424K), 0.0002130 secs]
727.382: [GC (Allocation Failure) 36777K->435K(86720K), 0.0002710 secs]
727.416: [GC (Allocation Failure) 44005K->435K(95488K), 0.0002850 secs]
727.439: [GC (Allocation Failure) 52799K->435K(93504K), 0.0002160 secs]
727.465: [GC (Allocation Failure) 50846K->435K(91648K), 0.0002130 secs]
727.546: [GC (Allocation Failure) 48986K->435K(89856K), 0.0002370 secs]
727.567: [GC (Allocation Failure) 47130K->435K(88128K), 0.0002060 secs]
727.616: [GC (Allocation Failure) 45470K->435K(86528K), 0.0002180 secs]
727.639: [GC (Allocation Failure) 43809K->435K(84992K), 0.0002740 secs]
727.661: [GC (Allocation Failure) 42344K->435K(83520K), 0.0002140 secs]
727.679: [GC (Allocation Failure) 40879K->435K(82112K), 0.0002730 secs]
727.713: [GC (Allocation Failure) 39414K->435K(80768K), 0.0002240 secs]
727.730: [GC (Allocation Failure) 38047K->435K(79488K), 0.0002040 secs]
727.867: [GC (Allocation Failure) 36777K->435K(78272K), 0.0002170 secs]
727.883: [GC (Allocation Failure) 35605K->435K(77120K), 0.0002170 secs]
727.902: [GC (Allocation Failure) 34433K->435K(75968K), 0.0002030 secs]
727.916: [GC (Allocation Failure) 33261K->435K(82560K), 0.0003240 secs]
727.964: [GC (Allocation Failure) 39902K->435K(81216K), 0.0002160 secs]
727.984: [GC (Allocation Failure) 38535K->435K(79936K), 0.0002020 secs]
728.112: [GC (Allocation Failure) 37265K->435K(78656K), 0.0002180 secs]
728.167: [GC (Allocation Failure) 35996K->435K(77440K), 0.0002130 secs]
728.186: [GC (Allocation Failure) 34726K->435K(76288K), 0.0002000 secs]
728.212: [GC (Allocation Failure) 33554K->435K(75200K), 0.0002100 secs]
728.226: [GC (Allocation Failure) 32479K->435K(74176K), 0.0002720 secs]
728.261: [GC (Allocation Failure) 31503K->435K(73152K), 0.0002240 secs]
728.278: [GC (Allocation Failure) 30428K->435K(72192K), 0.0002130 secs]
728.290: [GC (Allocation Failure) 29549K->435K(78016K), 0.0002150 secs]
728.306: [GC (Allocation Failure) 35312K->435K(85056K), 0.0002020 secs]
728.324: [GC (Allocation Failure) 42344K->435K(93504K), 0.0002030 secs]
728.423: [GC (Allocation Failure) 50846K->435K(91648K), 0.0003800 secs]
728.448: [GC (Allocation Failure) 48986K->435K(89856K), 0.0002050 secs]
728.468: [GC (Allocation Failure) 47130K->435K(88128K), 0.0002730 secs]
728.517: [GC (Allocation Failure) 45470K->435K(86528K), 0.0002120 secs]
728.566: [GC (Allocation Failure) 43809K->435K(84992K), 0.0002700 secs]
728.596: [GC (Allocation Failure) 42344K->435K(83520K), 0.0002180 secs]
728.638: [GC (Allocation Failure) 40879K->435K(82112K), 0.0002220 secs]
728.666: [GC (Allocation Failure) 39414K->435K(80768K), 0.0002180 secs]
728.682: [GC (Allocation Failure) 38047K->435K(79488K), 0.0002070 secs]
728.714: [GC (Allocation Failure) 36777K->435K(78272K), 0.0002160 secs]
728.763: [GC (Allocation Failure) 35605K->435K(77120K), 0.0002060 secs]
728.812: [GC (Allocation Failure) 34433K->435K(75968K), 0.0002230 secs]
728.866: [GC (Allocation Failure) 33261K->435K(74880K), 0.0002210 secs]
728.884: [GC (Allocation Failure) 32186K->435K(73856K), 0.0002020 secs]
728.901: [GC (Allocation Failure) 31210K->435K(72896K), 0.0002220 secs]
728.938: [GC (Allocation Failure) 30233K->435K(71936K), 0.0003220 secs]
729.011: [GC (Allocation Failure) 29256K->435K(71040K), 0.0002030 secs]
729.065: [GC (Allocation Failure) 28377K->435K(70208K), 0.0002140 secs]
729.082: [GC (Allocation Failure) 27498K->435K(69376K), 0.0002340 secs]
729.114: [GC (Allocation Failure) 26717K->435K(68608K), 0.0002210 secs]
729.129: [GC (Allocation Failure) 25935K->435K(67840K), 0.0002070 secs]
729.144: [GC (Allocation Failure) 25150K->435K(67136K), 0.0002150 secs]
729.155: [GC (Allocation Failure) 24466K->435K(72000K), 0.0002050 secs]
729.311: [GC (Allocation Failure) 29354K->435K(71104K), 0.0002170 secs]
729.327: [GC (Allocation Failure) 28377K->435K(70272K), 0.0002150 secs]
729.339: [GC (Allocation Failure) 27596K->435K(75712K), 0.0002190 secs]
729.407: [GC (Allocation Failure) 33065K->435K(74624K), 0.0002290 secs]
729.425: [GC (Allocation Failure) 31893K->435K(73600K), 0.0002110 secs]
729.566: [GC (Allocation Failure) 30917K->435K(72640K), 0.0002050 secs]
729.579: [GC (Allocation Failure) 29940K->435K(71744K), 0.0002280 secs]
729.592: [GC (Allocation Failure) 29061K->435K(77504K), 0.0002040 secs]
729.611: [GC (Allocation Failure) 34823K->435K(84416K), 0.0002230 secs]
729.667: [GC (Allocation Failure) 41758K->435K(82944K), 0.0002040 secs]
729.720: [GC (Allocation Failure) 40293K->435K(81536K), 0.0002210 secs]
729.741: [GC (Allocation Failure) 38828K->435K(80192K), 0.0002310 secs]
729.761: [GC (Allocation Failure) 37461K->435K(78912K), 0.0002020 secs]
729.778: [GC (Allocation Failure) 36191K->435K(77696K), 0.0002140 secs]
729.797: [GC (Allocation Failure) 35019K->435K(76544K), 0.0002010 secs]
729.812: [GC (Allocation Failure) 33847K->435K(75456K), 0.0002280 secs]
729.826: [GC (Allocation Failure) 32772K->435K(81984K), 0.0002140 secs]
729.867: [GC (Allocation Failure) 39316K->435K(80640K), 0.0002100 secs]
729.887: [GC (Allocation Failure) 37949K->435K(79360K), 0.0002750 secs]
729.907: [GC (Allocation Failure) 36679K->435K(78144K), 0.0002140 secs]
729.923: [GC (Allocation Failure) 35409K->435K(85184K), 0.0002050 secs]
729.972: [GC (Allocation Failure) 42540K->435K(83712K), 0.0002140 secs]
729.989: [GC (Allocation Failure) 41074K->435K(82304K), 0.0002190 secs]
730.016: [GC (Allocation Failure) 39609K->435K(80960K), 0.0002160 secs]
730.166: [GC (Allocation Failure) 38242K->435K(79680K), 0.0002050 secs]
730.216: [GC (Allocation Failure) 36972K->435K(78464K), 0.0002140 secs]
730.235: [GC (Allocation Failure) 35800K->435K(77312K), 0.0002010 secs]
730.250: [GC (Allocation Failure) 34628K->435K(76160K), 0.0002140 secs]
730.269: [GC (Allocation Failure) 33456K->435K(75072K), 0.0002210 secs]
730.318: [GC (Allocation Failure) 32382K->435K(74048K), 0.0002050 secs]
730.335: [GC (Allocation Failure) 31405K->435K(73088K), 0.0002090 secs]
730.350: [GC (Allocation Failure) 30428K->435K(72128K), 0.0002210 secs]
730.367: [GC (Allocation Failure) 29451K->435K(71232K), 0.0002130 secs]
730.380: [GC (Allocation Failure) 28572K->435K(76864K), 0.0002080 secs]
730.415: [GC (Allocation Failure) 34140K->435K(75776K), 0.0002310 secs]
730.434: [GC (Allocation Failure) 33065K->435K(74688K), 0.0002010 secs]
730.450: [GC (Allocation Failure) 31991K->435K(73664K), 0.0002030 secs]
730.468: [GC (Allocation Failure) 31014K->435K(72704K), 0.0002250 secs]
730.517: [GC (Allocation Failure) 30038K->435K(71808K), 0.0002110 secs]
730.530: [GC (Allocation Failure) 29158K->435K(70912K), 0.0002180 secs]
730.562: [GC (Allocation Failure) 28182K->435K(70080K), 0.0002230 secs]
730.578: [GC (Allocation Failure) 27400K->435K(69248K), 0.0002120 secs]
730.593: [GC (Allocation Failure) 26521K->435K(74496K), 0.0002300 secs]
730.615: [GC (Allocation Failure) 31796K->435K(80832K), 0.0002310 secs]
730.665: [GC (Allocation Failure) 38144K->435K(79552K), 0.0002080 secs]
730.685: [GC (Allocation Failure) 36875K->435K(78336K), 0.0002160 secs]
730.700: [GC (Allocation Failure) 35605K->435K(77184K), 0.0002380 secs]
730.715: [GC (Allocation Failure) 34530K->435K(84032K), 0.0002050 secs]
730.733: [GC (Allocation Failure) 41367K->435K(92224K), 0.0002050 secs]
730.776: [GC (Allocation Failure) 49572K->435K(90432K), 0.0002210 secs]
730.796: [GC (Allocation Failure) 47716K->435K(88704K), 0.0002140 secs]
730.816: [GC (Allocation Failure) 46056K->435K(87040K), 0.0002030 secs]
730.839: [GC (Allocation Failure) 44395K->435K(85440K), 0.0002220 secs]
730.869: [GC (Allocation Failure) 42735K->435K(83968K), 0.0002220 secs]
730.891: [GC (Allocation Failure) 41270K->435K(82560K), 0.0002020 secs]
730.908: [GC (Allocation Failure) 39902K->435K(81216K), 0.0002140 secs]
730.929: [GC (Allocation Failure) 38535K->435K(79936K), 0.0002450 secs]
731.021: [GC (Allocation Failure) 37265K->435K(78656K), 0.0002110 secs]
731.037: [GC (Allocation Failure) 35996K->435K(77440K), 0.0002420 secs]
731.067: [GC (Allocation Failure) 34726K->435K(76288K), 0.0002130 secs]
731.119: [GC (Allocation Failure) 33554K->435K(75200K), 0.0002210 secs]
731.134: [GC (Allocation Failure) 32479K->435K(74176K), 0.0002700 secs]
731.169: [GC (Allocation Failure) 31503K->435K(73152K), 0.0002680 secs]
731.186: [GC (Allocation Failure) 30428K->435K(72192K), 0.0002040 secs]
731.199: [GC (Allocation Failure) 29549K->435K(78016K), 0.0002310 secs]
731.214: [GC (Allocation Failure) 35312K->435K(85056K), 0.0002050 secs]
731.232: [GC (Allocation Failure) 42344K->435K(93504K), 0.0002070 secs]
731.258: [GC (Allocation Failure) 50846K->435K(91648K), 0.0002020 secs]
731.283: [GC (Allocation Failure) 48986K->435K(89856K), 0.0002120 secs]
731.304: [GC (Allocation Failure) 47130K->435K(88128K), 0.0002160 secs]
731.375: [GC (Allocation Failure) 45470K->435K(86528K), 0.0002200 secs]
731.394: [GC (Allocation Failure) 43809K->435K(84992K), 0.0002150 secs]
731.419: [GC (Allocation Failure) 42344K->435K(83520K), 0.0002150 secs]
731.441: [GC (Allocation Failure) 40879K->435K(82112K), 0.0002150 secs]
731.469: [GC (Allocation Failure) 39414K->435K(80768K), 0.0002760 secs]
731.574: [GC (Allocation Failure) 38047K->435K(79488K), 0.0002200 secs]
731.594: [GC (Allocation Failure) 36777K->435K(78272K), 0.0002120 secs]
731.609: [GC (Allocation Failure) 35605K->435K(77120K), 0.0002190 secs]
731.628: [GC (Allocation Failure) 34433K->435K(75968K), 0.0002110 secs]
731.716: [GC (Allocation Failure) 33261K->435K(74880K), 0.0002770 secs]
731.770: [GC (Allocation Failure) 32186K->435K(73856K), 0.0002280 secs]
731.788: [GC (Allocation Failure) 31210K->435K(72896K), 0.0002200 secs]
731.802: [GC (Allocation Failure) 30233K->435K(71936K), 0.0002160 secs]
731.909: [GC (Allocation Failure) 29256K->435K(71040K), 0.0002080 secs]
731.921: [GC (Allocation Failure) 28377K->435K(76672K), 0.0003200 secs]
731.967: [GC (Allocation Failure) 33944K->435K(75584K), 0.0002200 secs]
732.016: [GC (Allocation Failure) 32870K->435K(74560K), 0.0002140 secs]
732.030: [GC (Allocation Failure) 31893K->435K(73536K), 0.0002060 secs]
732.069: [GC (Allocation Failure) 30819K->435K(72576K), 0.0002200 secs]
732.086: [GC (Allocation Failure) 29842K->435K(71680K), 0.0002110 secs]
732.133: [GC (Allocation Failure) 28963K->435K(70784K), 0.0002110 secs]
732.145: [GC (Allocation Failure) 28084K->435K(69952K), 0.0002030 secs]
732.157: [GC (Allocation Failure) 27303K->435K(75328K), 0.0002050 secs]
732.175: [GC (Allocation Failure) 32675K->435K(81792K), 0.0002220 secs]
732.223: [GC (Allocation Failure) 39121K->435K(80448K), 0.0002160 secs]
732.240: [GC (Allocation Failure) 37754K->435K(87936K), 0.0002750 secs]
732.279: [GC (Allocation Failure) 45274K->435K(86336K), 0.0002350 secs]
732.302: [GC (Allocation Failure) 43614K->435K(84800K), 0.0002060 secs]
732.324: [GC (Allocation Failure) 42149K->435K(83328K), 0.0002070 secs]
732.342: [GC (Allocation Failure) 40684K->435K(81920K), 0.0002750 secs]
732.380: [GC (Allocation Failure) 39219K->435K(80576K), 0.0002160 secs]
732.400: [GC (Allocation Failure) 37851K->435K(79296K), 0.0002040 secs]
732.419: [GC (Allocation Failure) 36582K->435K(78080K), 0.0002720 secs]
732.472: [GC (Allocation Failure) 35409K->435K(76928K), 0.0002230 secs]
732.487: [GC (Allocation Failure) 34237K->435K(75840K), 0.0002200 secs]
732.521: [GC (Allocation Failure) 33163K->435K(74752K), 0.0002210 secs]
732.535: [GC (Allocation Failure) 32089K->435K(73728K), 0.0002200 secs]
732.570: [GC (Allocation Failure) 31014K->435K(72768K), 0.0002150 secs]
732.584: [GC (Allocation Failure) 30038K->435K(78720K), 0.0002410 secs]
732.618: [GC (Allocation Failure) 35996K->435K(77504K), 0.0002030 secs]
732.667: [GC (Allocation Failure) 34823K->435K(76352K), 0.0002260 secs]
732.682: [GC (Allocation Failure) 33651K->435K(75264K), 0.0002730 secs]
732.771: [GC (Allocation Failure) 32577K->435K(74240K), 0.0002190 secs]
732.789: [GC (Allocation Failure) 31600K->435K(73216K), 0.0002160 secs]
732.802: [GC (Allocation Failure) 30526K->435K(72256K), 0.0002010 secs]
732.866: [GC (Allocation Failure) 29549K->435K(71360K), 0.0002150 secs]
732.878: [GC (Allocation Failure) 28670K->435K(70464K), 0.0002040 secs]
732.894: [GC (Allocation Failure) 27791K->435K(69632K), 0.0002110 secs]
732.915: [GC (Allocation Failure) 26912K->435K(74944K), 0.0002720 secs]
733.026: [GC (Allocation Failure) 32284K->435K(73920K), 0.0002240 secs]
733.044: [GC (Allocation Failure) 31210K->435K(72960K), 0.0002110 secs]
733.117: [GC (Allocation Failure) 30233K->435K(72000K), 0.0002800 secs]
733.133: [GC (Allocation Failure) 29354K->435K(71104K), 0.0002280 secs]
733.150: [GC (Allocation Failure) 28377K->435K(70272K), 0.0002140 secs]
733.215: [GC (Allocation Failure) 27596K->435K(69440K), 0.0002260 secs]
733.227: [GC (Allocation Failure) 26717K->435K(68672K), 0.0002150 secs]
733.336: [GC (Allocation Failure) 26033K->435K(67904K), 0.0002120 secs]
733.347: [GC (Allocation Failure) 25250K->435K(72896K), 0.0003230 secs]
733.406: [GC (Allocation Failure) 30233K->435K(71936K), 0.0002150 secs]
733.418: [GC (Allocation Failure) 29256K->435K(77760K), 0.0002150 secs]
733.433: [GC (Allocation Failure) 35116K->435K(84736K), 0.0003720 secs]
733.454: [GC (Allocation Failure) 42051K->435K(93120K), 0.0002700 secs]
733.477: [GC (Allocation Failure) 50455K->435K(103168K), 0.0002120 secs]
733.530: [GC (Allocation Failure) 60515K->435K(100800K), 0.0002070 secs]
733.589: [GC (Allocation Failure) 58073K->435K(98560K), 0.0002220 secs]
733.618: [GC (Allocation Failure) 55827K->435K(96448K), 0.0002140 secs]
733.641: [GC (Allocation Failure) 53776K->435K(94400K), 0.0002030 secs]
733.677: [GC (Allocation Failure) 51725K->435K(92480K), 0.0002760 secs]
733.730: [GC (Allocation Failure) 49767K->435K(90624K), 0.0002190 secs]
733.751: [GC (Allocation Failure) 47911K->435K(88896K), 0.0002160 secs]
733.771: [GC (Allocation Failure) 46251K->435K(87232K), 0.0002760 secs]
733.828: [GC (Allocation Failure) 44591K->435K(85632K), 0.0002140 secs]
733.850: [GC (Allocation Failure) 42930K->435K(84096K), 0.0002050 secs]
733.874: [GC (Allocation Failure) 41367K->435K(82624K), 0.0002030 secs]
733.891: [GC (Allocation Failure) 39902K->435K(81280K), 0.0002340 secs]
733.908: [GC (Allocation Failure) 38633K->435K(80000K), 0.0002030 secs]
733.928: [GC (Allocation Failure) 37363K->435K(78720K), 0.0002160 secs]
733.944: [GC (Allocation Failure) 35996K->435K(77504K), 0.0002050 secs]
733.979: [GC (Allocation Failure) 34823K->435K(76352K), 0.0002140 secs]
733.993: [GC (Allocation Failure) 33651K->435K(75264K), 0.0002140 secs]
734.007: [GC (Allocation Failure) 32577K->435K(81728K), 0.0002050 secs]
734.024: [GC (Allocation Failure) 39023K->435K(89472K), 0.0002060 secs]
734.079: [GC (Allocation Failure) 46739K->435K(87808K), 0.0002210 secs]
734.103: [GC (Allocation Failure) 45079K->435K(86208K), 0.0002050 secs]
734.126: [GC (Allocation Failure) 43516K->435K(84672K), 0.0002120 secs]
734.148: [GC (Allocation Failure) 41953K->435K(83200K), 0.0002110 secs]
734.177: [GC (Allocation Failure) 40488K->435K(81792K), 0.0002210 secs]
734.195: [GC (Allocation Failure) 39121K->435K(80448K), 0.0002300 secs]
734.215: [GC (Allocation Failure) 37754K->435K(79168K), 0.0002230 secs]
734.275: [GC (Allocation Failure) 36484K->435K(77952K), 0.0002100 secs]
734.294: [GC (Allocation Failure) 35312K->435K(76800K), 0.0002010 secs]
734.313: [GC (Allocation Failure) 34140K->435K(75712K), 0.0002020 secs]
734.328: [GC (Allocation Failure) 33065K->435K(82240K), 0.0002720 secs]
734.372: [GC (Allocation Failure) 39512K->435K(80896K), 0.0002150 secs]
734.389: [GC (Allocation Failure) 38242K->435K(79616K), 0.0002140 secs]
734.406: [GC (Allocation Failure) 36972K->435K(78400K), 0.0002120 secs]
734.425: [GC (Allocation Failure) 35702K->435K(77248K), 0.0002200 secs]
734.524: [GC (Allocation Failure) 34530K->435K(76096K), 0.0002100 secs]
734.539: [GC (Allocation Failure) 33456K->435K(82752K), 0.0003240 secs]
734.573: [GC (Allocation Failure) 40098K->435K(81344K), 0.0002050 secs]
734.590: [GC (Allocation Failure) 38633K->435K(80000K), 0.0002050 secs]
734.624: [GC (Allocation Failure) 37363K->435K(78720K), 0.0002570 secs]
734.640: [GC (Allocation Failure) 35996K->435K(77504K), 0.0002150 secs]
734.660: [GC (Allocation Failure) 34823K->435K(76352K), 0.0002010 secs]
734.676: [GC (Allocation Failure) 33651K->435K(75264K), 0.0002200 secs]
734.735: [GC (Allocation Failure) 32577K->435K(74240K), 0.0002220 secs]
734.770: [GC (Allocation Failure) 31600K->435K(73216K), 0.0002070 secs]
734.823: [GC (Allocation Failure) 30526K->435K(72256K), 0.0002150 secs]
734.836: [GC (Allocation Failure) 29549K->435K(71360K), 0.0002220 secs]
734.906: [GC (Allocation Failure) 28670K->435K(70464K), 0.0002200 secs]
734.919: [GC (Allocation Failure) 27791K->435K(69632K), 0.0002200 secs]
734.972: [GC (Allocation Failure) 26912K->435K(68864K), 0.0002230 secs]
734.987: [GC (Allocation Failure) 26131K->435K(68096K), 0.0002110 secs]
735.073: [GC (Allocation Failure) 25447K->435K(67392K), 0.0002770 secs]
735.120: [GC (Allocation Failure) 24662K->435K(66688K), 0.0002000 secs]
735.167: [GC (Allocation Failure) 23978K->435K(66048K), 0.0002160 secs]
735.181: [GC (Allocation Failure) 23392K->435K(65408K), 0.0002220 secs]
735.220: [GC (Allocation Failure) 22708K->435K(64768K), 0.0002230 secs]
735.230: [GC (Allocation Failure) 22122K->435K(64192K), 0.0002160 secs]
735.243: [GC (Allocation Failure) 21536K->435K(68416K), 0.0002130 secs]
735.257: [GC (Allocation Failure) 25740K->435K(73536K), 0.0002170 secs]
735.397: [GC (Allocation Failure) 30819K->435K(72576K), 0.0002160 secs]
735.473: [GC (Allocation Failure) 29842K->435K(71680K), 0.0002240 secs]
735.486: [GC (Allocation Failure) 28963K->435K(70784K), 0.0002210 secs]
735.498: [GC (Allocation Failure) 28084K->435K(76352K), 0.0002050 secs]
735.517: [GC (Allocation Failure) 33651K->435K(83008K), 0.0002350 secs]
735.538: [GC (Allocation Failure) 40293K->435K(91008K), 0.0002050 secs]
735.621: [GC (Allocation Failure) 48302K->435K(89216K), 0.0002130 secs]
735.641: [GC (Allocation Failure) 46544K->435K(87552K), 0.0002740 secs]
735.680: [GC (Allocation Failure) 44884K->435K(85952K), 0.0002170 secs]
735.699: [GC (Allocation Failure) 43223K->435K(84416K), 0.0002730 secs]
735.739: [GC (Allocation Failure) 41758K->435K(82944K), 0.0002260 secs]
735.757: [GC (Allocation Failure) 40293K->435K(81536K), 0.0002120 secs]
735.778: [GC (Allocation Failure) 38828K->435K(80192K), 0.0002110 secs]
735.827: [GC (Allocation Failure) 37461K->435K(78912K), 0.0002070 secs]
735.843: [GC (Allocation Failure) 36191K->435K(77696K), 0.0002150 secs]
735.862: [GC (Allocation Failure) 35019K->435K(76544K), 0.0002080 secs]
735.887: [GC (Allocation Failure) 33847K->435K(75456K), 0.0002070 secs]
735.906: [GC (Allocation Failure) 32772K->435K(74432K), 0.0002180 secs]
735.922: [GC (Allocation Failure) 31698K->435K(80704K), 0.0002740 secs]
735.974: [GC (Allocation Failure) 38047K->435K(79424K), 0.0002170 secs]
735.990: [GC (Allocation Failure) 36777K->435K(78208K), 0.0002070 secs]
736.027: [GC (Allocation Failure) 35507K->435K(77056K), 0.0002130 secs]
736.046: [GC (Allocation Failure) 34335K->435K(75904K), 0.0002030 secs]
736.060: [GC (Allocation Failure) 33261K->435K(74816K), 0.0002270 secs]
736.107: [GC (Allocation Failure) 32089K->435K(73792K), 0.0002280 secs]
736.121: [GC (Allocation Failure) 31112K->435K(79936K), 0.0002640 secs]
736.278: [GC (Allocation Failure) 37265K->435K(78656K), 0.0002250 secs]
736.294: [GC (Allocation Failure) 35996K->435K(77440K), 0.0002070 secs]
736.309: [GC (Allocation Failure) 34726K->435K(76288K), 0.0002120 secs]
736.372: [GC (Allocation Failure) 33554K->435K(75200K), 0.0002280 secs]
736.390: [GC (Allocation Failure) 32479K->435K(74176K), 0.0002140 secs]
736.422: [GC (Allocation Failure) 31503K->435K(73152K), 0.0002170 secs]
736.534: [GC (Allocation Failure) 30428K->435K(72192K), 0.0002310 secs]
736.547: [GC (Allocation Failure) 29549K->435K(71296K), 0.0002080 secs]
736.563: [GC (Allocation Failure) 28572K->435K(70400K), 0.0002000 secs]
736.579: [GC (Allocation Failure) 27693K->435K(69568K), 0.0002540 secs]
736.593: [GC (Allocation Failure) 26912K->435K(74880K), 0.0002140 secs]
736.619: [GC (Allocation Failure) 32186K->435K(81280K), 0.0002780 secs]
736.667: [GC (Allocation Failure) 38633K->435K(80000K), 0.0002130 secs]
736.683: [GC (Allocation Failure) 37363K->435K(78720K), 0.0002160 secs]
736.728: [GC (Allocation Failure) 35996K->435K(77504K), 0.0002130 secs]
736.743: [GC (Allocation Failure) 34823K->435K(84416K), 0.0002760 secs]
736.827: [GC (Allocation Failure) 41758K->435K(82944K), 0.0002170 secs]
736.848: [GC (Allocation Failure) 40293K->435K(81536K), 0.0002100 secs]
736.914: [GC (Allocation Failure) 38828K->435K(80192K), 0.0002300 secs]
736.935: [GC (Allocation Failure) 37461K->435K(78912K), 0.0002410 secs]
736.978: [GC (Allocation Failure) 36191K->435K(77696K), 0.0002120 secs]
736.993: [GC (Allocation Failure) 35019K->435K(76544K), 0.0002100 secs]
737.009: [GC (Allocation Failure) 33847K->435K(75456K), 0.0002100 secs]
737.027: [GC (Allocation Failure) 32772K->435K(74432K), 0.0002030 secs]
737.041: [GC (Allocation Failure) 31698K->435K(80704K), 0.0002250 secs]
737.057: [GC (Allocation Failure) 38047K->435K(88256K), 0.0002060 secs]
737.088: [GC (Allocation Failure) 45567K->435K(86592K), 0.0002160 secs]
737.109: [GC (Allocation Failure) 43907K->435K(85056K), 0.0002140 secs]
737.181: [GC (Allocation Failure) 42344K->435K(83584K), 0.0002210 secs]
737.199: [GC (Allocation Failure) 40879K->435K(82176K), 0.0002050 secs]
737.220: [GC (Allocation Failure) 39512K->435K(80832K), 0.0002110 secs]
737.279: [GC (Allocation Failure) 38144K->435K(79552K), 0.0002020 secs]
737.299: [GC (Allocation Failure) 36875K->435K(78336K), 0.0002030 secs]
737.315: [GC (Allocation Failure) 35605K->435K(77184K), 0.0002150 secs]
737.330: [GC (Allocation Failure) 34530K->435K(76032K), 0.0002040 secs]
737.344: [GC (Allocation Failure) 33358K->435K(82624K), 0.0002040 secs]
737.414: [GC (Allocation Failure) 39902K->435K(81280K), 0.0002300 secs]
737.431: [GC (Allocation Failure) 38633K->435K(80000K), 0.0002030 secs]
737.451: [GC (Allocation Failure) 37363K->435K(78720K), 0.0002140 secs]
737.468: [GC (Allocation Failure) 35996K->435K(77504K), 0.0002160 secs]
737.487: [GC (Allocation Failure) 34823K->435K(84416K), 0.0002770 secs]
737.509: [GC (Allocation Failure) 41758K->435K(82944K), 0.0002170 secs]
737.527: [GC (Allocation Failure) 40293K->435K(90944K), 0.0002220 secs]
737.584: [GC (Allocation Failure) 48302K->435K(89216K), 0.0002270 secs]
737.605: [GC (Allocation Failure) 46544K->435K(87552K), 0.0002040 secs]
737.624: [GC (Allocation Failure) 44884K->435K(85952K), 0.0002050 secs]
737.728: [GC (Allocation Failure) 43223K->435K(84416K), 0.0002040 secs]
737.778: [GC (Allocation Failure) 41758K->435K(82944K), 0.0002050 secs]
737.831: [GC (Allocation Failure) 40293K->435K(81536K), 0.0002170 secs]
737.852: [GC (Allocation Failure) 38828K->435K(80192K), 0.0002130 secs]
737.872: [GC (Allocation Failure) 37461K->435K(78912K), 0.0002120 secs]
737.888: [GC (Allocation Failure) 36191K->435K(77696K), 0.0002190 secs]
737.907: [GC (Allocation Failure) 35019K->435K(76544K), 0.0002120 secs]
737.925: [GC (Allocation Failure) 33847K->435K(75456K), 0.0002700 secs]
738.023: [GC (Allocation Failure) 32772K->435K(74432K), 0.0002250 secs]
738.041: [GC (Allocation Failure) 31698K->435K(73408K), 0.0002120 secs]
738.074: [GC (Allocation Failure) 30721K->435K(72448K), 0.0002700 secs]
738.123: [GC (Allocation Failure) 29745K->435K(71552K), 0.0002040 secs]
738.177: [GC (Allocation Failure) 28865K->435K(70656K), 0.0002130 secs]
738.189: [GC (Allocation Failure) 27986K->435K(69824K), 0.0002710 secs]
738.278: [GC (Allocation Failure) 27107K->435K(68992K), 0.0002170 secs]
738.293: [GC (Allocation Failure) 26326K->435K(68224K), 0.0002210 secs]
738.308: [GC (Allocation Failure) 25545K->435K(67520K), 0.0002260 secs]
738.331: [GC (Allocation Failure) 24857K->435K(66816K), 0.0002070 secs]
738.371: [GC (Allocation Failure) 24173K->435K(66112K), 0.0002150 secs]
738.385: [GC (Allocation Failure) 23392K->435K(65472K), 0.0002180 secs]
738.407: [GC (Allocation Failure) 22806K->435K(64832K), 0.0002070 secs]
738.417: [GC (Allocation Failure) 22122K->435K(69184K), 0.0002300 secs]
738.429: [GC (Allocation Failure) 26521K->435K(74432K), 0.0003480 secs]
738.538: [GC (Allocation Failure) 31698K->435K(80704K), 0.0002460 secs]
738.555: [GC (Allocation Failure) 38047K->435K(88256K), 0.0002150 secs]
738.578: [GC (Allocation Failure) 45567K->435K(97344K), 0.0002150 secs]
738.602: [GC (Allocation Failure) 54655K->435K(108224K), 0.0002790 secs]
738.645: [GC (Allocation Failure) 65496K->435K(105664K), 0.0002440 secs]
738.674: [GC (Allocation Failure) 62957K->435K(103232K), 0.0002060 secs]
738.700: [GC (Allocation Failure) 60515K->435K(100864K), 0.0002070 secs]
738.725: [GC (Allocation Failure) 58171K->435K(98624K), 0.0002070 secs]
738.753: [GC (Allocation Failure) 55925K->435K(96512K), 0.0002120 secs]
738.780: [GC (Allocation Failure) 53873K->435K(94464K), 0.0002150 secs]
738.803: [GC (Allocation Failure) 51822K->435K(92544K), 0.0002050 secs]
738.834: [GC (Allocation Failure) 49867K->435K(90688K), 0.0002310 secs]
738.854: [GC (Allocation Failure) 48009K->435K(88960K), 0.0002200 secs]
738.935: [GC (Allocation Failure) 46251K->435K(87296K), 0.0002130 secs]
738.954: [GC (Allocation Failure) 44591K->435K(85696K), 0.0002170 secs]
738.977: [GC (Allocation Failure) 43028K->435K(84160K), 0.0002150 secs]
739.033: [GC (Allocation Failure) 41465K->435K(82688K), 0.0002020 secs]
739.055: [GC (Allocation Failure) 40000K->435K(81344K), 0.0002300 secs]
739.075: [GC (Allocation Failure) 38633K->435K(80000K), 0.0002140 secs]
739.145: [GC (Allocation Failure) 37363K->435K(78720K), 0.0002170 secs]
739.161: [GC (Allocation Failure) 35996K->435K(77504K), 0.0003210 secs]
739.227: [GC (Allocation Failure) 34823K->435K(76352K), 0.0002180 secs]
739.276: [GC (Allocation Failure) 33651K->435K(75264K), 0.0002170 secs]
739.294: [GC (Allocation Failure) 32577K->435K(74240K), 0.0002230 secs]
739.330: [GC (Allocation Failure) 31600K->435K(73216K), 0.0002220 secs]
739.343: [GC (Allocation Failure) 30526K->435K(72256K), 0.0002040 secs]
739.359: [GC (Allocation Failure) 29549K->435K(71360K), 0.0002210 secs]
739.379: [GC (Allocation Failure) 28670K->435K(70464K), 0.0002400 secs]
739.391: [GC (Allocation Failure) 27791K->435K(75968K), 0.0002100 secs]
739.431: [GC (Allocation Failure) 33261K->435K(82560K), 0.0003340 secs]
739.449: [GC (Allocation Failure) 39902K->435K(90496K), 0.0003230 secs]
739.484: [GC (Allocation Failure) 47814K->435K(88768K), 0.0002110 secs]
739.532: [GC (Allocation Failure) 46056K->435K(87104K), 0.0002190 secs]
739.555: [GC (Allocation Failure) 44395K->435K(85504K), 0.0002130 secs]
739.585: [GC (Allocation Failure) 42833K->435K(83968K), 0.0002100 secs]
739.602: [GC (Allocation Failure) 41270K->435K(82560K), 0.0002140 secs]
739.634: [GC (Allocation Failure) 39902K->435K(81216K), 0.0002110 secs]
739.650: [GC (Allocation Failure) 38535K->435K(88896K), 0.0003220 secs]
739.787: [GC (Allocation Failure) 46251K->435K(87232K), 0.0002170 secs]
739.806: [GC (Allocation Failure) 44591K->435K(85632K), 0.0002760 secs]
739.831: [GC (Allocation Failure) 42930K->435K(84096K), 0.0002070 secs]
739.881: [GC (Allocation Failure) 41367K->435K(82624K), 0.0002080 secs]
739.902: [GC (Allocation Failure) 39902K->435K(81280K), 0.0002770 secs]
739.921: [GC (Allocation Failure) 38633K->435K(80000K), 0.0002140 secs]
739.937: [GC (Allocation Failure) 37363K->435K(78720K), 0.0002050 secs]
739.956: [GC (Allocation Failure) 35996K->435K(77504K), 0.0002030 secs]
739.971: [GC (Allocation Failure) 34823K->435K(76352K), 0.0002110 secs]
739.989: [GC (Allocation Failure) 33651K->435K(75264K), 0.0002110 secs]
740.081: [GC (Allocation Failure) 32577K->435K(74240K), 0.0002060 secs]
740.099: [GC (Allocation Failure) 31600K->435K(73216K), 0.0002300 secs]
740.112: [GC (Allocation Failure) 30526K->435K(72256K), 0.0002070 secs]
740.129: [GC (Allocation Failure) 29549K->435K(78144K), 0.0002120 secs]
740.182: [GC (Allocation Failure) 35409K->435K(76992K), 0.0002080 secs]
740.201: [GC (Allocation Failure) 34335K->435K(75904K), 0.0002130 secs]
740.215: [GC (Allocation Failure) 33261K->435K(74816K), 0.0002180 secs]
740.233: [GC (Allocation Failure) 32089K->435K(73792K), 0.0002110 secs]
740.247: [GC (Allocation Failure) 31112K->435K(79936K), 0.0002190 secs]
740.263: [GC (Allocation Failure) 37265K->435K(87360K), 0.0002050 secs]
740.333: [GC (Allocation Failure) 44688K->435K(85760K), 0.0002120 secs]
740.355: [GC (Allocation Failure) 43028K->435K(84224K), 0.0002010 secs]
740.435: [GC (Allocation Failure) 41563K->435K(82752K), 0.0002130 secs]
740.452: [GC (Allocation Failure) 40098K->435K(81344K), 0.0002040 secs]
740.480: [GC (Allocation Failure) 38633K->435K(80000K), 0.0002040 secs]
740.537: [GC (Allocation Failure) 37363K->435K(78720K), 0.0002150 secs]
740.556: [GC (Allocation Failure) 35996K->435K(77504K), 0.0002000 secs]
740.571: [GC (Allocation Failure) 34823K->435K(76352K), 0.0002150 secs]
740.592: [GC (Allocation Failure) 33651K->435K(75264K), 0.0002720 secs]
740.610: [GC (Allocation Failure) 32577K->435K(74240K), 0.0002160 secs]
740.628: [GC (Allocation Failure) 31600K->435K(73216K), 0.0002170 secs]
740.642: [GC (Allocation Failure) 30526K->435K(79296K), 0.0002140 secs]
740.662: [GC (Allocation Failure) 36582K->435K(86592K), 0.0002160 secs]
740.685: [GC (Allocation Failure) 43907K->435K(85056K), 0.0002070 secs]
740.707: [GC (Allocation Failure) 42344K->435K(83584K), 0.0002150 secs]
740.725: [GC (Allocation Failure) 40879K->435K(82176K), 0.0002130 secs]
740.746: [GC (Allocation Failure) 39512K->435K(80832K), 0.0002100 secs]
740.780: [GC (Allocation Failure) 38144K->435K(79552K), 0.0003020 secs]
740.908: [GC (Allocation Failure) 36875K->435K(78336K), 0.0002150 secs]
740.923: [GC (Allocation Failure) 35605K->435K(77184K), 0.0002150 secs]
740.943: [GC (Allocation Failure) 34530K->435K(76032K), 0.0002030 secs]
741.028: [GC (Allocation Failure) 33358K->435K(74944K), 0.0002110 secs]
741.046: [GC (Allocation Failure) 32284K->435K(73920K), 0.0002000 secs]
741.081: [GC (Allocation Failure) 31210K->435K(72960K), 0.0002040 secs]
741.096: [GC (Allocation Failure) 30233K->435K(72000K), 0.0002060 secs]
741.132: [GC (Allocation Failure) 29354K->435K(71104K), 0.0002030 secs]
741.144: [GC (Allocation Failure) 28377K->435K(76736K), 0.0003240 secs]
741.163: [GC (Allocation Failure) 34042K->435K(83520K), 0.0002190 secs]
741.193: [GC (Allocation Failure) 40879K->435K(82112K), 0.0002170 secs]
741.213: [GC (Allocation Failure) 39414K->435K(80768K), 0.0002120 secs]
741.233: [GC (Allocation Failure) 38047K->435K(79488K), 0.0002020 secs]
741.284: [GC (Allocation Failure) 36777K->435K(78272K), 0.0002050 secs]
741.300: [GC (Allocation Failure) 35605K->435K(77120K), 0.0002150 secs]
741.319: [GC (Allocation Failure) 34433K->435K(75968K), 0.0001980 secs]
741.333: [GC (Allocation Failure) 33261K->435K(82560K), 0.0002710 secs]
741.414: [GC (Allocation Failure) 39902K->435K(81216K), 0.0002410 secs]
741.432: [GC (Allocation Failure) 38535K->435K(79936K), 0.0002190 secs]
741.481: [GC (Allocation Failure) 37265K->435K(78656K), 0.0002280 secs]
741.501: [GC (Allocation Failure) 35996K->435K(77440K), 0.0002010 secs]
741.520: [GC (Allocation Failure) 34726K->435K(76288K), 0.0002010 secs]
741.538: [GC (Allocation Failure) 33554K->435K(75200K), 0.0002120 secs]
741.553: [GC (Allocation Failure) 32479K->435K(81664K), 0.0002820 secs]
741.582: [GC (Allocation Failure) 39023K->435K(80320K), 0.0002060 secs]
741.631: [GC (Allocation Failure) 37656K->435K(79040K), 0.0002720 secs]
741.781: [GC (Allocation Failure) 36386K->435K(77824K), 0.0002140 secs]
741.835: [GC (Allocation Failure) 35116K->435K(76672K), 0.0002240 secs]
741.853: [GC (Allocation Failure) 33944K->435K(75584K), 0.0002100 secs]
741.885: [GC (Allocation Failure) 32870K->435K(74560K), 0.0002290 secs]
741.898: [GC (Allocation Failure) 31893K->435K(73536K), 0.0002170 secs]
741.912: [GC (Allocation Failure) 30819K->435K(72576K), 0.0002060 secs]
741.924: [GC (Allocation Failure) 29842K->435K(78528K), 0.0002160 secs]
741.944: [GC (Allocation Failure) 35800K->435K(85632K), 0.0002030 secs]
741.966: [GC (Allocation Failure) 42930K->435K(84096K), 0.0002010 secs]
741.988: [GC (Allocation Failure) 41367K->435K(82624K), 0.0002080 secs]
742.083: [GC (Allocation Failure) 39902K->435K(81280K), 0.0002170 secs]
742.137: [GC (Allocation Failure) 38633K->435K(80000K), 0.0002530 secs]
742.153: [GC (Allocation Failure) 37363K->435K(78720K), 0.0002140 secs]
742.185: [GC (Allocation Failure) 35996K->435K(77504K), 0.0002190 secs]
742.200: [GC (Allocation Failure) 34823K->435K(76352K), 0.0002740 secs]
742.234: [GC (Allocation Failure) 33651K->435K(75264K), 0.0002220 secs]
742.252: [GC (Allocation Failure) 32577K->435K(74240K), 0.0002110 secs]
742.286: [GC (Allocation Failure) 31600K->435K(73216K), 0.0002040 secs]
742.333: [GC (Allocation Failure) 30526K->435K(72256K), 0.0002170 secs]
742.346: [GC (Allocation Failure) 29549K->435K(71360K), 0.0002060 secs]
742.358: [GC (Allocation Failure) 28670K->435K(77056K), 0.0002160 secs]
742.373: [GC (Allocation Failure) 34335K->435K(83904K), 0.0002000 secs]
742.390: [GC (Allocation Failure) 41172K->435K(92096K), 0.0002040 secs]
742.442: [GC (Allocation Failure) 49377K->435K(90304K), 0.0002160 secs]
742.466: [GC (Allocation Failure) 47618K->435K(88576K), 0.0002150 secs]
742.490: [GC (Allocation Failure) 45860K->435K(86912K), 0.0002130 secs]
742.539: [GC (Allocation Failure) 44200K->435K(85312K), 0.0002240 secs]
742.558: [GC (Allocation Failure) 42637K->435K(83840K), 0.0002150 secs]
742.576: [GC (Allocation Failure) 41172K->435K(82432K), 0.0002050 secs]
742.614: [GC (Allocation Failure) 39707K->435K(81088K), 0.0002290 secs]
742.636: [GC (Allocation Failure) 38437K->435K(79808K), 0.0002310 secs]
742.667: [GC (Allocation Failure) 37168K->435K(78592K), 0.0002860 secs]
742.686: [GC (Allocation Failure) 35898K->435K(77376K), 0.0002150 secs]
742.706: [GC (Allocation Failure) 34726K->435K(76224K), 0.0002120 secs]
742.731: [GC (Allocation Failure) 33554K->435K(75136K), 0.0002760 secs]
742.781: [GC (Allocation Failure) 32479K->435K(74112K), 0.0002270 secs]
742.798: [GC (Allocation Failure) 31405K->435K(73152K), 0.0002710 secs]
742.815: [GC (Allocation Failure) 30428K->435K(72192K), 0.0002140 secs]
742.828: [GC (Allocation Failure) 29549K->435K(78016K), 0.0002310 secs]
742.844: [GC (Allocation Failure) 35312K->435K(85056K), 0.0002160 secs]
742.862: [GC (Allocation Failure) 42344K->435K(93504K), 0.0002050 secs]
742.888: [GC (Allocation Failure) 50846K->435K(91648K), 0.0002020 secs]
742.913: [GC (Allocation Failure) 48986K->435K(89856K), 0.0002220 secs]
742.991: [GC (Allocation Failure) 47130K->435K(88128K), 0.0002140 secs]
743.015: [GC (Allocation Failure) 45470K->435K(86528K), 0.0002020 secs]
743.034: [GC (Allocation Failure) 43809K->435K(84992K), 0.0002150 secs]
743.086: [GC (Allocation Failure) 42344K->435K(83520K), 0.0002060 secs]
743.195: [GC (Allocation Failure) 40879K->435K(82112K), 0.0002270 secs]
743.216: [GC (Allocation Failure) 39414K->435K(80768K), 0.0002220 secs]
743.284: [GC (Allocation Failure) 38047K->435K(79488K), 0.0002170 secs]
743.304: [GC (Allocation Failure) 36777K->435K(78272K), 0.0002040 secs]
743.319: [GC (Allocation Failure) 35605K->435K(77120K), 0.0002000 secs]
743.338: [GC (Allocation Failure) 34433K->435K(75968K), 0.0002210 secs]
743.382: [GC (Allocation Failure) 33261K->435K(74880K), 0.0002170 secs]
743.396: [GC (Allocation Failure) 32186K->435K(73856K), 0.0002170 secs]
743.409: [GC (Allocation Failure) 31210K->435K(72896K), 0.0002030 secs]
743.422: [GC (Allocation Failure) 30233K->435K(78912K), 0.0002040 secs]
743.441: [GC (Allocation Failure) 36191K->435K(86080K), 0.0002020 secs]
743.497: [GC (Allocation Failure) 43419K->435K(84544K), 0.0002110 secs]
743.514: [GC (Allocation Failure) 41856K->435K(83072K), 0.0002170 secs]
743.532: [GC (Allocation Failure) 40391K->435K(81664K), 0.0002070 secs]
743.585: [GC (Allocation Failure) 39023K->435K(80320K), 0.0002750 secs]
743.607: [GC (Allocation Failure) 37656K->435K(79040K), 0.0002160 secs]
743.627: [GC (Allocation Failure) 36386K->435K(77824K), 0.0002060 secs]
743.646: [GC (Allocation Failure) 35116K->435K(76672K), 0.0002230 secs]
743.687: [GC (Allocation Failure) 33944K->435K(75584K), 0.0002210 secs]
743.701: [GC (Allocation Failure) 32870K->435K(74560K), 0.0002050 secs]
743.835: [GC (Allocation Failure) 31893K->435K(73536K), 0.0002260 secs]
743.853: [GC (Allocation Failure) 30819K->435K(72576K), 0.0002200 secs]
743.906: [GC (Allocation Failure) 29842K->435K(71680K), 0.0002720 secs]
743.935: [GC (Allocation Failure) 28963K->435K(70784K), 0.0002180 secs]
743.951: [GC (Allocation Failure) 28084K->435K(69952K), 0.0002310 secs]
743.967: [GC (Allocation Failure) 27303K->435K(69120K), 0.0002140 secs]
743.980: [GC (Allocation Failure) 26424K->435K(74368K), 0.0002210 secs]
744.086: [GC (Allocation Failure) 31698K->435K(73344K), 0.0002130 secs]
744.103: [GC (Allocation Failure) 30624K->435K(72384K), 0.0002300 secs]
744.117: [GC (Allocation Failure) 29745K->435K(78272K), 0.0002180 secs]
744.184: [GC (Allocation Failure) 35605K->435K(77120K), 0.0002050 secs]
744.233: [GC (Allocation Failure) 34433K->435K(75968K), 0.0002140 secs]
744.289: [GC (Allocation Failure) 33261K->435K(74880K), 0.0002200 secs]
744.339: [GC (Allocation Failure) 32186K->435K(73856K), 0.0002440 secs]
744.358: [GC (Allocation Failure) 31210K->435K(72896K), 0.0002150 secs]
744.375: [GC (Allocation Failure) 30233K->435K(71936K), 0.0002410 secs]
744.392: [GC (Allocation Failure) 29256K->435K(71040K), 0.0002260 secs]
744.405: [GC (Allocation Failure) 28377K->435K(76672K), 0.0002320 secs]
744.420: [GC (Allocation Failure) 33944K->435K(83392K), 0.0002020 secs]
744.441: [GC (Allocation Failure) 40684K->435K(91456K), 0.0002030 secs]
744.466: [GC (Allocation Failure) 48791K->435K(89664K), 0.0002230 secs]
744.539: [GC (Allocation Failure) 46935K->435K(87936K), 0.0002050 secs]
744.609: [GC (Allocation Failure) 45274K->435K(86336K), 0.0002440 secs]
744.642: [GC (Allocation Failure) 43614K->435K(84800K), 0.0002130 secs]
744.665: [GC (Allocation Failure) 42149K->435K(83328K), 0.0002020 secs]
744.684: [GC (Allocation Failure) 40684K->435K(81920K), 0.0002160 secs]
744.736: [GC (Allocation Failure) 39219K->435K(80576K), 0.0002060 secs]
744.790: [GC (Allocation Failure) 37851K->435K(79296K), 0.0002250 secs]
744.805: [GC (Allocation Failure) 36582K->435K(78080K), 0.0002050 secs]
744.824: [GC (Allocation Failure) 35409K->435K(76928K), 0.0002030 secs]
744.839: [GC (Allocation Failure) 34237K->435K(75840K), 0.0002150 secs]
744.853: [GC (Allocation Failure) 33163K->435K(74752K), 0.0002050 secs]
744.870: [GC (Allocation Failure) 32089K->435K(73728K), 0.0002020 secs]
744.934: [GC (Allocation Failure) 31014K->435K(72768K), 0.0003260 secs]
744.983: [GC (Allocation Failure) 30038K->435K(71808K), 0.0002060 secs]
745.036: [GC (Allocation Failure) 29158K->435K(70912K), 0.0002170 secs]
745.049: [GC (Allocation Failure) 28182K->435K(70080K), 0.0002170 secs]
745.082: [GC (Allocation Failure) 27400K->435K(69248K), 0.0002280 secs]
745.097: [GC (Allocation Failure) 26521K->435K(68480K), 0.0002130 secs]
745.109: [GC (Allocation Failure) 25838K->435K(73600K), 0.0002300 secs]
745.126: [GC (Allocation Failure) 30917K->435K(79744K), 0.0002230 secs]
745.290: [GC (Allocation Failure) 37070K->435K(78528K), 0.0002170 secs]
745.305: [GC (Allocation Failure) 35800K->435K(77312K), 0.0002050 secs]
745.339: [GC (Allocation Failure) 34628K->435K(76160K), 0.0002030 secs]
745.354: [GC (Allocation Failure) 33456K->435K(75072K), 0.0002160 secs]
745.368: [GC (Allocation Failure) 32382K->435K(81472K), 0.0002070 secs]
745.391: [GC (Allocation Failure) 38828K->435K(80128K), 0.0002110 secs]
745.418: [GC (Allocation Failure) 37461K->435K(78848K), 0.0002040 secs]
745.434: [GC (Allocation Failure) 36191K->435K(77632K), 0.0002270 secs]
745.449: [GC (Allocation Failure) 34921K->435K(84544K), 0.0002020 secs]
745.471: [GC (Allocation Failure) 41856K->435K(83072K), 0.0002000 secs]
745.494: [GC (Allocation Failure) 40391K->435K(81664K), 0.0002110 secs]
745.511: [GC (Allocation Failure) 39023K->435K(80320K), 0.0002050 secs]
745.527: [GC (Allocation Failure) 37656K->435K(79040K), 0.0002060 secs]
745.590: [GC (Allocation Failure) 36386K->435K(77824K), 0.0002260 secs]
745.610: [GC (Allocation Failure) 35116K->435K(76672K), 0.0002140 secs]
745.628: [GC (Allocation Failure) 33944K->435K(83392K), 0.0003620 secs]
745.647: [GC (Allocation Failure) 40684K->435K(91456K), 0.0002160 secs]
745.668: [GC (Allocation Failure) 48791K->435K(89664K), 0.0002050 secs]
745.692: [GC (Allocation Failure) 46935K->435K(87936K), 0.0002040 secs]
745.715: [GC (Allocation Failure) 45274K->435K(86336K), 0.0002230 secs]
745.843: [GC (Allocation Failure) 43614K->435K(84800K), 0.0002230 secs]
745.866: [GC (Allocation Failure) 42149K->435K(83328K), 0.0002120 secs]
745.884: [GC (Allocation Failure) 40684K->435K(81920K), 0.0002040 secs]
745.901: [GC (Allocation Failure) 39219K->435K(80576K), 0.0002040 secs]
745.917: [GC (Allocation Failure) 37851K->435K(79296K), 0.0001990 secs]
745.936: [GC (Allocation Failure) 36582K->435K(78080K), 0.0002150 secs]
745.955: [GC (Allocation Failure) 35409K->435K(76928K), 0.0002130 secs]
745.970: [GC (Allocation Failure) 34237K->435K(75840K), 0.0002050 secs]
746.120: [GC (Allocation Failure) 33163K->435K(74752K), 0.0002130 secs]
746.134: [GC (Allocation Failure) 32089K->435K(81088K), 0.0002790 secs]
746.188: [GC (Allocation Failure) 38437K->435K(79808K), 0.0002170 secs]
746.208: [GC (Allocation Failure) 37168K->435K(78592K), 0.0002100 secs]
746.227: [GC (Allocation Failure) 35898K->435K(77376K), 0.0002150 secs]
746.246: [GC (Allocation Failure) 34726K->435K(76224K), 0.0002110 secs]
746.265: [GC (Allocation Failure) 33554K->435K(75136K), 0.0002010 secs]
746.279: [GC (Allocation Failure) 32479K->435K(81600K), 0.0002150 secs]
746.300: [GC (Allocation Failure) 38926K->435K(80256K), 0.0002090 secs]
746.416: [GC (Allocation Failure) 37558K->435K(78976K), 0.0002180 secs]
746.436: [GC (Allocation Failure) 36289K->435K(77760K), 0.0002120 secs]
746.487: [GC (Allocation Failure) 35116K->435K(76608K), 0.0002750 secs]
746.591: [GC (Allocation Failure) 33944K->435K(75520K), 0.0002130 secs]
746.605: [GC (Allocation Failure) 32870K->435K(74496K), 0.0002150 secs]
746.629: [GC (Allocation Failure) 31796K->435K(73472K), 0.0002060 secs]
746.664: [GC (Allocation Failure) 30819K->435K(72512K), 0.0002200 secs]
746.678: [GC (Allocation Failure) 29842K->435K(78400K), 0.0003460 secs]
746.697: [GC (Allocation Failure) 35702K->435K(85504K), 0.0002220 secs]
746.741: [GC (Allocation Failure) 42833K->435K(83968K), 0.0002160 secs]
746.762: [GC (Allocation Failure) 41270K->435K(82560K), 0.0002040 secs]
746.780: [GC (Allocation Failure) 39902K->435K(81216K), 0.0002180 secs]
746.839: [GC (Allocation Failure) 38535K->435K(79936K), 0.0003230 secs]
746.888: [GC (Allocation Failure) 37265K->435K(78656K), 0.0002150 secs]
746.912: [GC (Allocation Failure) 35996K->435K(77440K), 0.0002230 secs]
746.931: [GC (Allocation Failure) 34726K->435K(76288K), 0.0002110 secs]
746.987: [GC (Allocation Failure) 33554K->435K(75200K), 0.0002290 secs]
747.005: [GC (Allocation Failure) 32479K->435K(74176K), 0.0002020 secs]
747.019: [GC (Allocation Failure) 31503K->435K(73152K), 0.0002180 secs]
747.087: [GC (Allocation Failure) 30428K->435K(72192K), 0.0002280 secs]
747.104: [GC (Allocation Failure) 29549K->435K(71296K), 0.0002160 secs]
747.116: [GC (Allocation Failure) 28572K->435K(70400K), 0.0002190 secs]
747.128: [GC (Allocation Failure) 27693K->435K(75904K), 0.0002080 secs]
747.146: [GC (Allocation Failure) 33261K->435K(82496K), 0.0002050 secs]
747.168: [GC (Allocation Failure) 39805K->435K(90432K), 0.0002170 secs]
747.189: [GC (Allocation Failure) 47716K->435K(88704K), 0.0002230 secs]
747.208: [GC (Allocation Failure) 46056K->435K(87040K), 0.0002060 secs]
747.231: [GC (Allocation Failure) 44395K->435K(85440K), 0.0002240 secs]
747.292: [GC (Allocation Failure) 42735K->435K(83968K), 0.0002060 secs]
747.339: [GC (Allocation Failure) 41270K->435K(82560K), 0.0002300 secs]
747.360: [GC (Allocation Failure) 39902K->435K(81216K), 0.0002160 secs]
747.390: [GC (Allocation Failure) 38535K->435K(79936K), 0.0002050 secs]
747.406: [GC (Allocation Failure) 37265K->435K(78656K), 0.0002030 secs]
747.443: [GC (Allocation Failure) 35996K->435K(77440K), 0.0002130 secs]
747.462: [GC (Allocation Failure) 34726K->435K(76288K), 0.0002090 secs]
747.480: [GC (Allocation Failure) 33554K->435K(75200K), 0.0002390 secs]
747.495: [GC (Allocation Failure) 32479K->435K(74176K), 0.0002060 secs]
747.512: [GC (Allocation Failure) 31503K->435K(73152K), 0.0002120 secs]
747.602: [GC (Allocation Failure) 30428K->435K(72192K), 0.0002270 secs]
747.619: [GC (Allocation Failure) 29549K->435K(71296K), 0.0002020 secs]
747.631: [GC (Allocation Failure) 28572K->435K(70400K), 0.0002190 secs]
747.690: [GC (Allocation Failure) 27693K->435K(69568K), 0.0002320 secs]
747.706: [GC (Allocation Failure) 26912K->435K(68800K), 0.0002300 secs]
747.736: [GC (Allocation Failure) 26131K->435K(68032K), 0.0002130 secs]
747.751: [GC (Allocation Failure) 25349K->435K(67328K), 0.0002260 secs]
747.890: [GC (Allocation Failure) 24662K->435K(66624K), 0.0002010 secs]
747.904: [GC (Allocation Failure) 23978K->435K(65984K), 0.0002190 secs]
747.915: [GC (Allocation Failure) 23294K->435K(70592K), 0.0002840 secs]
747.927: [GC (Allocation Failure) 27889K->435K(76096K), 0.0002070 secs]
747.946: [GC (Allocation Failure) 33456K->435K(82752K), 0.0002140 secs]
747.991: [GC (Allocation Failure) 40098K->435K(81344K), 0.0002050 secs]
748.008: [GC (Allocation Failure) 38633K->435K(89024K), 0.0002000 secs]
748.048: [GC (Allocation Failure) 46349K->435K(87360K), 0.0002100 secs]
748.071: [GC (Allocation Failure) 44688K->435K(85760K), 0.0002010 secs]
748.090: [GC (Allocation Failure) 43028K->435K(84224K), 0.0002150 secs]
748.192: [GC (Allocation Failure) 41563K->435K(82752K), 0.0002760 secs]
748.242: [GC (Allocation Failure) 40098K->435K(81344K), 0.0002260 secs]
748.258: [GC (Allocation Failure) 38633K->435K(80000K), 0.0002050 secs]
748.296: [GC (Allocation Failure) 37363K->435K(78720K), 0.0002290 secs]
748.311: [GC (Allocation Failure) 35996K->435K(77504K), 0.0002090 secs]
748.330: [GC (Allocation Failure) 34823K->435K(76352K), 0.0002120 secs]
748.396: [GC (Allocation Failure) 33651K->435K(75264K), 0.0002080 secs]
748.443: [GC (Allocation Failure) 32577K->435K(74240K), 0.0002120 secs]
748.460: [GC (Allocation Failure) 31600K->435K(73216K), 0.0002610 secs]
748.542: [GC (Allocation Failure) 30526K->435K(72256K), 0.0002110 secs]
748.555: [GC (Allocation Failure) 29549K->435K(71360K), 0.0002280 secs]
748.567: [GC (Allocation Failure) 28670K->435K(70464K), 0.0002030 secs]
748.583: [GC (Allocation Failure) 27791K->435K(75968K), 0.0002050 secs]
748.633: [GC (Allocation Failure) 33261K->435K(74880K), 0.0003310 secs]
748.651: [GC (Allocation Failure) 32186K->435K(73856K), 0.0001980 secs]
748.669: [GC (Allocation Failure) 31210K->435K(72896K), 0.0002280 secs]
748.693: [GC (Allocation Failure) 30233K->435K(71936K), 0.0002560 secs]
748.710: [GC (Allocation Failure) 29256K->435K(71040K), 0.0002210 secs]
748.723: [GC (Allocation Failure) 28377K->435K(76672K), 0.0002650 secs]
748.790: [GC (Allocation Failure) 33944K->435K(75584K), 0.0002050 secs]
748.839: [GC (Allocation Failure) 32870K->435K(74560K), 0.0002760 secs]
748.889: [GC (Allocation Failure) 31893K->435K(73536K), 0.0002090 secs]
748.906: [GC (Allocation Failure) 30819K->435K(72576K), 0.0002130 secs]
748.923: [GC (Allocation Failure) 29842K->435K(71680K), 0.0002110 secs]
748.938: [GC (Allocation Failure) 28963K->435K(77440K), 0.0002460 secs]
748.953: [GC (Allocation Failure) 34726K->435K(84352K), 0.0002050 secs]
748.975: [GC (Allocation Failure) 41660K->435K(82880K), 0.0002110 secs]
749.043: [GC (Allocation Failure) 40195K->435K(81472K), 0.0002760 secs]
749.098: [GC (Allocation Failure) 38828K->435K(80128K), 0.0002340 secs]
749.118: [GC (Allocation Failure) 37461K->435K(78848K), 0.0002130 secs]
749.134: [GC (Allocation Failure) 36191K->435K(77632K), 0.0002750 secs]
749.191: [GC (Allocation Failure) 34921K->435K(76480K), 0.0002180 secs]
749.205: [GC (Allocation Failure) 33749K->435K(75392K), 0.0002040 secs]
749.340: [GC (Allocation Failure) 32675K->435K(74368K), 0.0002060 secs]
749.394: [GC (Allocation Failure) 31698K->435K(73344K), 0.0002150 secs]
749.411: [GC (Allocation Failure) 30624K->435K(72384K), 0.0002040 secs]
749.424: [GC (Allocation Failure) 29745K->435K(71488K), 0.0002750 secs]
749.489: [GC (Allocation Failure) 28768K->435K(70592K), 0.0002050 secs]
749.542: [GC (Allocation Failure) 27889K->435K(69760K), 0.0002210 secs]
749.558: [GC (Allocation Failure) 27107K->435K(68992K), 0.0002200 secs]
749.580: [GC (Allocation Failure) 26326K->435K(68224K), 0.0002260 secs]
749.591: [GC (Allocation Failure) 25545K->435K(73280K), 0.0002170 secs]
749.604: [GC (Allocation Failure) 30624K->435K(79360K), 0.0002150 secs]
749.696: [GC (Allocation Failure) 36679K->435K(78144K), 0.0002220 secs]
749.712: [GC (Allocation Failure) 35409K->435K(76992K), 0.0002050 secs]
749.741: [GC (Allocation Failure) 34335K->435K(75904K), 0.0002240 secs]
749.759: [GC (Allocation Failure) 33261K->435K(74816K), 0.0002120 secs]
749.787: [GC (Allocation Failure) 32089K->435K(73792K), 0.0002780 secs]
749.906: [GC (Allocation Failure) 31112K->435K(72832K), 0.0002140 secs]
749.993: [GC (Allocation Failure) 30135K->435K(71872K), 0.0002140 secs]
750.006: [GC (Allocation Failure) 29158K->435K(70976K), 0.0002260 secs]
750.018: [GC (Allocation Failure) 28279K->435K(70144K), 0.0002060 secs]
750.038: [GC (Allocation Failure) 27498K->435K(69312K), 0.0002250 secs]
750.054: [GC (Allocation Failure) 26619K->435K(74560K), 0.0002020 secs]
750.068: [GC (Allocation Failure) 31893K->435K(80896K), 0.0002310 secs]
750.084: [GC (Allocation Failure) 38242K->435K(88512K), 0.0002060 secs]
750.151: [GC (Allocation Failure) 45860K->435K(86848K), 0.0002250 secs]
750.171: [GC (Allocation Failure) 44200K->435K(85312K), 0.0002190 secs]
750.245: [GC (Allocation Failure) 42637K->435K(83840K), 0.0002140 secs]
750.296: [GC (Allocation Failure) 41172K->435K(82432K), 0.0002810 secs]
750.326: [GC (Allocation Failure) 39707K->435K(81088K), 0.0002170 secs]
750.343: [GC (Allocation Failure) 38437K->435K(79808K), 0.0002070 secs]
750.400: [GC (Allocation Failure) 37168K->435K(78592K), 0.0002160 secs]
750.497: [GC (Allocation Failure) 35898K->435K(77376K), 0.0002270 secs]
750.516: [GC (Allocation Failure) 34726K->435K(76224K), 0.0002120 secs]
750.535: [GC (Allocation Failure) 33554K->435K(75136K), 0.0002290 secs]
750.553: [GC (Allocation Failure) 32479K->435K(74112K), 0.0002010 secs]
750.571: [GC (Allocation Failure) 31405K->435K(73152K), 0.0002270 secs]
750.589: [GC (Allocation Failure) 30428K->435K(72192K), 0.0002100 secs]
750.633: [GC (Allocation Failure) 29549K->435K(71296K), 0.0002940 secs]
750.645: [GC (Allocation Failure) 28572K->435K(76992K), 0.0002720 secs]
750.665: [GC (Allocation Failure) 34335K->435K(83776K), 0.0002180 secs]
750.683: [GC (Allocation Failure) 41074K->435K(91968K), 0.0002780 secs]
750.706: [GC (Allocation Failure) 49279K->435K(101760K), 0.0002100 secs]
750.736: [GC (Allocation Failure) 59050K->435K(99520K), 0.0002060 secs]
750.802: [GC (Allocation Failure) 56804K->435K(97344K), 0.0002760 secs]
750.855: [GC (Allocation Failure) 54655K->435K(95296K), 0.0002180 secs]
750.878: [GC (Allocation Failure) 52604K->435K(93312K), 0.0002130 secs]
750.904: [GC (Allocation Failure) 50650K->435K(91456K), 0.0002160 secs]
750.949: [GC (Allocation Failure) 48791K->435K(89664K), 0.0002160 secs]
751.098: [GC (Allocation Failure) 46935K->435K(87936K), 0.0002070 secs]
751.148: [GC (Allocation Failure) 45274K->435K(86336K), 0.0002060 secs]
751.201: [GC (Allocation Failure) 43614K->435K(84800K), 0.0002140 secs]
751.223: [GC (Allocation Failure) 42149K->435K(83328K), 0.0002030 secs]
751.241: [GC (Allocation Failure) 40684K->435K(81920K), 0.0002150 secs]
751.258: [GC (Allocation Failure) 39219K->435K(80576K), 0.0002030 secs]
751.337: [GC (Allocation Failure) 37851K->435K(79296K), 0.0002140 secs]
751.357: [GC (Allocation Failure) 36582K->435K(78080K), 0.0002010 secs]
751.398: [GC (Allocation Failure) 35409K->435K(76928K), 0.0002060 secs]
751.413: [GC (Allocation Failure) 34237K->435K(75840K), 0.0002730 secs]
751.443: [GC (Allocation Failure) 33163K->435K(74752K), 0.0002050 secs]
751.494: [GC (Allocation Failure) 32089K->435K(73728K), 0.0002130 secs]
751.534: [GC (Allocation Failure) 31014K->435K(72768K), 0.0002200 secs]
751.603: [GC (Allocation Failure) 30038K->435K(71808K), 0.0002160 secs]
751.616: [GC (Allocation Failure) 29158K->435K(70912K), 0.0003260 secs]
751.645: [GC (Allocation Failure) 28182K->435K(70080K), 0.0002170 secs]
751.657: [GC (Allocation Failure) 27400K->435K(75520K), 0.0002320 secs]
751.676: [GC (Allocation Failure) 32870K->435K(82048K), 0.0002170 secs]
751.693: [GC (Allocation Failure) 39316K->435K(89856K), 0.0002040 secs]
751.745: [GC (Allocation Failure) 47130K->435K(88128K), 0.0002260 secs]
751.765: [GC (Allocation Failure) 45470K->435K(86528K), 0.0002060 secs]
751.802: [GC (Allocation Failure) 43809K->435K(84992K), 0.0002830 secs]
751.825: [GC (Allocation Failure) 42344K->435K(83520K), 0.0002340 secs]
751.842: [GC (Allocation Failure) 40879K->435K(82112K), 0.0002060 secs]
751.907: [GC (Allocation Failure) 39414K->435K(80768K), 0.0002290 secs]
751.927: [GC (Allocation Failure) 38047K->435K(79488K), 0.0002050 secs]
751.944: [GC (Allocation Failure) 36777K->435K(78272K), 0.0002180 secs]
751.963: [GC (Allocation Failure) 35605K->435K(77120K), 0.0002140 secs]
751.978: [GC (Allocation Failure) 34433K->435K(75968K), 0.0002160 secs]
751.996: [GC (Allocation Failure) 33261K->435K(74880K), 0.0002080 secs]
752.015: [GC (Allocation Failure) 32186K->435K(73856K), 0.0002110 secs]
752.030: [GC (Allocation Failure) 31210K->435K(80064K), 0.0002120 secs]
752.046: [GC (Allocation Failure) 37363K->435K(87488K), 0.0002760 secs]
752.103: [GC (Allocation Failure) 44786K->435K(85888K), 0.0002140 secs]
752.122: [GC (Allocation Failure) 43223K->435K(94464K), 0.0002740 secs]
752.256: [GC (Allocation Failure) 51822K->435K(92544K), 0.0002160 secs]
752.278: [GC (Allocation Failure) 49867K->435K(90688K), 0.0002050 secs]
752.355: [GC (Allocation Failure) 48009K->435K(88960K), 0.0002120 secs]
752.379: [GC (Allocation Failure) 46251K->435K(87296K), 0.0002020 secs]
752.398: [GC (Allocation Failure) 44591K->435K(85696K), 0.0002040 secs]
752.421: [GC (Allocation Failure) 43028K->435K(84160K), 0.0002210 secs]
752.453: [GC (Allocation Failure) 41465K->435K(82688K), 0.0002300 secs]
752.475: [GC (Allocation Failure) 40000K->435K(81344K), 0.0002310 secs]
752.496: [GC (Allocation Failure) 38633K->435K(80000K), 0.0002030 secs]
752.512: [GC (Allocation Failure) 37363K->435K(78720K), 0.0002060 secs]
752.531: [GC (Allocation Failure) 35996K->435K(77504K), 0.0002040 secs]
752.546: [GC (Allocation Failure) 34823K->435K(76352K), 0.0002130 secs]
752.564: [GC (Allocation Failure) 33651K->435K(75264K), 0.0002020 secs]
752.579: [GC (Allocation Failure) 32577K->435K(81728K), 0.0002130 secs]
752.636: [GC (Allocation Failure) 39023K->435K(80384K), 0.0002240 secs]
752.657: [GC (Allocation Failure) 37656K->435K(79104K), 0.0002150 secs]
752.697: [GC (Allocation Failure) 36386K->435K(77888K), 0.0002170 secs]
752.716: [GC (Allocation Failure) 35214K->435K(76736K), 0.0002750 secs]
752.731: [GC (Allocation Failure) 34042K->435K(75648K), 0.0002180 secs]
752.795: [GC (Allocation Failure) 32968K->435K(74560K), 0.0002320 secs]
752.813: [GC (Allocation Failure) 31893K->435K(73536K), 0.0002120 secs]
752.831: [GC (Allocation Failure) 30819K->435K(72576K), 0.0002160 secs]
752.897: [GC (Allocation Failure) 29842K->435K(71680K), 0.0002200 secs]
752.910: [GC (Allocation Failure) 28963K->435K(70784K), 0.0002180 secs]
752.947: [GC (Allocation Failure) 28084K->435K(69952K), 0.0002280 secs]
752.964: [GC (Allocation Failure) 27303K->435K(69120K), 0.0002300 secs]
752.975: [GC (Allocation Failure) 26424K->435K(74368K), 0.0002160 secs]
752.993: [GC (Allocation Failure) 31698K->435K(80640K), 0.0002130 secs]
753.026: [GC (Allocation Failure) 37949K->435K(79360K), 0.0002760 secs]
753.051: [GC (Allocation Failure) 36679K->435K(78144K), 0.0002130 secs]
753.066: [GC (Allocation Failure) 35409K->435K(85184K), 0.0003230 secs]
753.105: [GC (Allocation Failure) 42540K->435K(83712K), 0.0002230 secs]
753.123: [GC (Allocation Failure) 41074K->435K(82304K), 0.0002070 secs]
753.140: [GC (Allocation Failure) 39609K->435K(90176K), 0.0002070 secs]
753.164: [GC (Allocation Failure) 47521K->435K(88448K), 0.0002160 secs]
753.184: [GC (Allocation Failure) 45763K->435K(86784K), 0.0002050 secs]
753.250: [GC (Allocation Failure) 44102K->435K(85248K), 0.0002160 secs]
753.269: [GC (Allocation Failure) 42540K->435K(83776K), 0.0002120 secs]
753.290: [GC (Allocation Failure) 41074K->435K(82368K), 0.0002130 secs]
753.308: [GC (Allocation Failure) 39707K->435K(81024K), 0.0002190 secs]
753.328: [GC (Allocation Failure) 38340K->435K(79744K), 0.0002230 secs]
753.352: [GC (Allocation Failure) 37070K->435K(78528K), 0.0002120 secs]
753.367: [GC (Allocation Failure) 35800K->435K(77312K), 0.0002280 secs]
753.386: [GC (Allocation Failure) 34628K->435K(76160K), 0.0002090 secs]
753.450: [GC (Allocation Failure) 33456K->435K(75072K), 0.0002070 secs]
753.468: [GC (Allocation Failure) 32382K->435K(74048K), 0.0002060 secs]
753.485: [GC (Allocation Failure) 31405K->435K(73088K), 0.0002100 secs]
753.503: [GC (Allocation Failure) 30428K->435K(72128K), 0.0002280 secs]
753.520: [GC (Allocation Failure) 29451K->435K(71232K), 0.0002170 secs]
753.532: [GC (Allocation Failure) 28572K->435K(76864K), 0.0002190 secs]
753.547: [GC (Allocation Failure) 34140K->435K(83648K), 0.0002180 secs]
753.565: [GC (Allocation Failure) 40977K->435K(91776K), 0.0002020 secs]
753.586: [GC (Allocation Failure) 49084K->435K(101568K), 0.0002010 secs]
753.707: [GC (Allocation Failure) 58855K->435K(99328K), 0.0003550 secs]
753.732: [GC (Allocation Failure) 56608K->435K(97152K), 0.0002040 secs]
753.755: [GC (Allocation Failure) 54459K->435K(95104K), 0.0002020 secs]
753.781: [GC (Allocation Failure) 52408K->435K(93120K), 0.0002220 secs]
753.858: [GC (Allocation Failure) 50455K->435K(91264K), 0.0002110 secs]
753.882: [GC (Allocation Failure) 48595K->435K(89472K), 0.0002000 secs]
753.913: [GC (Allocation Failure) 46739K->435K(87808K), 0.0002190 secs]
753.937: [GC (Allocation Failure) 45079K->435K(86208K), 0.0002140 secs]
754.001: [GC (Allocation Failure) 43516K->435K(84672K), 0.0002760 secs]
754.051: [GC (Allocation Failure) 41953K->435K(83200K), 0.0002170 secs]
754.072: [GC (Allocation Failure) 40488K->435K(81792K), 0.0002030 secs]
754.089: [GC (Allocation Failure) 39121K->435K(80448K), 0.0002010 secs]
754.145: [GC (Allocation Failure) 37754K->435K(79168K), 0.0002260 secs]
754.166: [GC (Allocation Failure) 36484K->435K(77952K), 0.0002400 secs]
754.248: [GC (Allocation Failure) 35312K->435K(76800K), 0.0002160 secs]
754.299: [GC (Allocation Failure) 34140K->435K(75712K), 0.0002270 secs]
754.317: [GC (Allocation Failure) 33065K->435K(74624K), 0.0002180 secs]
754.331: [GC (Allocation Failure) 31893K->435K(73600K), 0.0002070 secs]
754.346: [GC (Allocation Failure) 30917K->435K(72640K), 0.0002250 secs]
754.363: [GC (Allocation Failure) 29940K->435K(71744K), 0.0002150 secs]
754.399: [GC (Allocation Failure) 29061K->435K(70848K), 0.0002030 secs]
754.412: [GC (Allocation Failure) 28182K->435K(76416K), 0.0002230 secs]
754.426: [GC (Allocation Failure) 33749K->435K(83136K), 0.0002150 secs]
754.447: [GC (Allocation Failure) 40488K->435K(91200K), 0.0002120 secs]
754.545: [GC (Allocation Failure) 48498K->435K(89408K), 0.0002050 secs]
754.565: [GC (Allocation Failure) 46739K->435K(87744K), 0.0002780 secs]
754.603: [GC (Allocation Failure) 45079K->435K(86144K), 0.0002190 secs]
754.622: [GC (Allocation Failure) 43419K->435K(84608K), 0.0002730 secs]
754.652: [GC (Allocation Failure) 41953K->435K(83136K), 0.0002020 secs]
754.673: [GC (Allocation Failure) 40488K->435K(81728K), 0.0002760 secs]
754.694: [GC (Allocation Failure) 39023K->435K(80384K), 0.0002230 secs]
754.849: [GC (Allocation Failure) 37656K->435K(79104K), 0.0002140 secs]
754.869: [GC (Allocation Failure) 36386K->435K(77888K), 0.0001970 secs]
754.884: [GC (Allocation Failure) 35214K->435K(76736K), 0.0002130 secs]
754.902: [GC (Allocation Failure) 34042K->435K(75648K), 0.0002150 secs]
754.939: [GC (Allocation Failure) 32968K->435K(74560K), 0.0002050 secs]
754.953: [GC (Allocation Failure) 31893K->435K(73536K), 0.0002120 secs]
755.001: [GC (Allocation Failure) 30819K->435K(72576K), 0.0002110 secs]
755.018: [GC (Allocation Failure) 29842K->435K(71680K), 0.0002020 secs]
755.030: [GC (Allocation Failure) 28963K->435K(77440K), 0.0002290 secs]
755.045: [GC (Allocation Failure) 34726K->435K(84352K), 0.0002120 secs]
755.067: [GC (Allocation Failure) 41660K->435K(82880K), 0.0002030 secs]
755.089: [GC (Allocation Failure) 40195K->435K(81472K), 0.0002370 secs]
755.111: [GC (Allocation Failure) 38828K->435K(80128K), 0.0002070 secs]
755.130: [GC (Allocation Failure) 37461K->435K(78848K), 0.0002160 secs]
755.146: [GC (Allocation Failure) 36191K->435K(77632K), 0.0002160 secs]
755.161: [GC (Allocation Failure) 34921K->435K(84544K), 0.0002040 secs]
755.256: [GC (Allocation Failure) 41856K->435K(83072K), 0.0002170 secs]
755.277: [GC (Allocation Failure) 40391K->435K(81664K), 0.0002040 secs]
755.298: [GC (Allocation Failure) 39023K->435K(80320K), 0.0002020 secs]
755.341: [GC (Allocation Failure) 37656K->435K(79040K), 0.0002730 secs]
755.420: [GC (Allocation Failure) 36386K->435K(77824K), 0.0002120 secs]
755.454: [GC (Allocation Failure) 35116K->435K(76672K), 0.0002230 secs]
755.473: [GC (Allocation Failure) 33944K->435K(75584K), 0.0002330 secs]
755.515: [GC (Allocation Failure) 32870K->435K(74560K), 0.0002240 secs]
755.529: [GC (Allocation Failure) 31893K->435K(73536K), 0.0002340 secs]
755.542: [GC (Allocation Failure) 30819K->435K(72576K), 0.0002050 secs]
755.555: [GC (Allocation Failure) 29842K->435K(78528K), 0.0002060 secs]
755.574: [GC (Allocation Failure) 35800K->435K(85632K), 0.0002170 secs]
755.614: [GC (Allocation Failure) 42930K->435K(84096K), 0.0002060 secs]
755.635: [GC (Allocation Failure) 41367K->435K(82624K), 0.0002030 secs]
755.652: [GC (Allocation Failure) 39902K->435K(81280K), 0.0002060 secs]
755.702: [GC (Allocation Failure) 38633K->435K(80000K), 0.0002050 secs]
755.751: [GC (Allocation Failure) 37363K->435K(78720K), 0.0002150 secs]
755.770: [GC (Allocation Failure) 35996K->435K(77504K), 0.0002020 secs]
755.800: [GC (Allocation Failure) 34823K->435K(76352K), 0.0002790 secs]
755.849: [GC (Allocation Failure) 33651K->435K(75264K), 0.0002240 secs]
755.863: [GC (Allocation Failure) 32577K->435K(74240K), 0.0002050 secs]
755.877: [GC (Allocation Failure) 31600K->435K(73216K), 0.0002030 secs]
755.894: [GC (Allocation Failure) 30526K->435K(72256K), 0.0002230 secs]
755.938: [GC (Allocation Failure) 29549K->435K(71360K), 0.0002290 secs]
755.955: [GC (Allocation Failure) 28670K->435K(70464K), 0.0002130 secs]
755.967: [GC (Allocation Failure) 27791K->435K(75968K), 0.0002190 secs]
756.054: [GC (Allocation Failure) 33261K->435K(74880K), 0.0002270 secs]
756.073: [GC (Allocation Failure) 32186K->435K(73856K), 0.0002490 secs]
756.099: [GC (Allocation Failure) 31210K->435K(72896K), 0.0002070 secs]
756.148: [GC (Allocation Failure) 30233K->435K(71936K), 0.0002150 secs]
756.165: [GC (Allocation Failure) 29256K->435K(71040K), 0.0002140 secs]
756.225: [GC (Allocation Failure) 28377K->435K(70208K), 0.0002750 secs]
756.299: [GC (Allocation Failure) 27498K->435K(69376K), 0.0002080 secs]
756.310: [GC (Allocation Failure) 26717K->435K(68608K), 0.0001990 secs]
756.331: [GC (Allocation Failure) 25935K->435K(67840K), 0.0002340 secs]
756.346: [GC (Allocation Failure) 25150K->435K(67136K), 0.0002140 secs]
756.400: [GC (Allocation Failure) 24466K->435K(66432K), 0.0002130 secs]
756.415: [GC (Allocation Failure) 23783K->435K(65792K), 0.0002170 secs]
756.446: [GC (Allocation Failure) 23099K->435K(65152K), 0.0002240 secs]
756.459: [GC (Allocation Failure) 22513K->435K(64576K), 0.0002010 secs]
756.588: [GC (Allocation Failure) 21927K->435K(64000K), 0.0002250 secs]
756.602: [GC (Allocation Failure) 21341K->435K(63424K), 0.0002090 secs]
756.628: [GC (Allocation Failure) 20755K->435K(62912K), 0.0002050 secs]
756.640: [GC (Allocation Failure) 20266K->435K(62400K), 0.0002040 secs]
756.653: [GC (Allocation Failure) 19680K->435K(66304K), 0.0002240 secs]
756.668: [GC (Allocation Failure) 23587K->435K(70976K), 0.0002680 secs]
756.685: [GC (Allocation Failure) 28279K->435K(76608K), 0.0002110 secs]
756.704: [GC (Allocation Failure) 33944K->435K(83328K), 0.0002250 secs]
756.734: [GC (Allocation Failure) 40684K->435K(91392K), 0.0002170 secs]
756.814: [GC (Allocation Failure) 48693K->435K(89600K), 0.0002160 secs]
756.837: [GC (Allocation Failure) 46935K->435K(87936K), 0.0002000 secs]
756.910: [GC (Allocation Failure) 45274K->435K(86336K), 0.0002140 secs]
756.929: [GC (Allocation Failure) 43614K->435K(84800K), 0.0002140 secs]
756.947: [GC (Allocation Failure) 42149K->435K(83328K), 0.0002030 secs]
756.968: [GC (Allocation Failure) 40684K->435K(81920K), 0.0002010 secs]
756.987: [GC (Allocation Failure) 39219K->435K(80576K), 0.0002020 secs]
757.141: [GC (Allocation Failure) 37851K->435K(79296K), 0.0003230 secs]
757.207: [GC (Allocation Failure) 36582K->435K(78080K), 0.0002180 secs]
757.222: [GC (Allocation Failure) 35409K->435K(76928K), 0.0002740 secs]
757.256: [GC (Allocation Failure) 34237K->435K(75840K), 0.0002240 secs]
757.274: [GC (Allocation Failure) 33163K->435K(74752K), 0.0002030 secs]
757.288: [GC (Allocation Failure) 32089K->435K(73728K), 0.0002280 secs]
757.302: [GC (Allocation Failure) 31014K->435K(79872K), 0.0002030 secs]
757.337: [GC (Allocation Failure) 37168K->435K(78656K), 0.0002040 secs]
757.412: [GC (Allocation Failure) 35996K->435K(77440K), 0.0002140 secs]
757.431: [GC (Allocation Failure) 34726K->435K(76288K), 0.0002030 secs]
757.450: [GC (Allocation Failure) 33554K->435K(75200K), 0.0002120 secs]
757.464: [GC (Allocation Failure) 32479K->435K(74176K), 0.0002050 secs]
757.514: [GC (Allocation Failure) 31503K->435K(73152K), 0.0002330 secs]
757.532: [GC (Allocation Failure) 30428K->435K(72192K), 0.0002790 secs]
757.545: [GC (Allocation Failure) 29549K->435K(78016K), 0.0002180 secs]
757.588: [GC (Allocation Failure) 35312K->435K(76864K), 0.0002200 secs]
757.607: [GC (Allocation Failure) 34140K->435K(75776K), 0.0002050 secs]
757.622: [GC (Allocation Failure) 33065K->435K(82368K), 0.0002330 secs]
757.643: [GC (Allocation Failure) 39707K->435K(81024K), 0.0002030 secs]
757.660: [GC (Allocation Failure) 38340K->435K(88640K), 0.0002170 secs]
757.757: [GC (Allocation Failure) 45958K->435K(86976K), 0.0002250 secs]
757.776: [GC (Allocation Failure) 44298K->435K(85376K), 0.0002050 secs]
757.795: [GC (Allocation Failure) 42735K->435K(83904K), 0.0002060 secs]
757.812: [GC (Allocation Failure) 41172K->435K(82496K), 0.0002040 secs]
757.859: [GC (Allocation Failure) 39805K->435K(81152K), 0.0002120 secs]
757.879: [GC (Allocation Failure) 38437K->435K(79872K), 0.0002040 secs]
757.909: [GC (Allocation Failure) 37168K->435K(78656K), 0.0002140 secs]
757.924: [GC (Allocation Failure) 35996K->435K(77440K), 0.0002080 secs]
757.939: [GC (Allocation Failure) 34726K->435K(76288K), 0.0002040 secs]
758.009: [GC (Allocation Failure) 33554K->435K(75200K), 0.0002410 secs]
758.052: [GC (Allocation Failure) 32479K->435K(74176K), 0.0002150 secs]
758.070: [GC (Allocation Failure) 31503K->435K(73152K), 0.0002020 secs]
758.087: [GC (Allocation Failure) 30428K->435K(72192K), 0.0002130 secs]
758.100: [GC (Allocation Failure) 29549K->435K(71296K), 0.0002050 secs]
758.116: [GC (Allocation Failure) 28572K->435K(70400K), 0.0002020 secs]
758.132: [GC (Allocation Failure) 27693K->435K(75904K), 0.0002390 secs]
758.157: [GC (Allocation Failure) 33261K->435K(82496K), 0.0002850 secs]
758.178: [GC (Allocation Failure) 39805K->435K(90432K), 0.0002220 secs]
758.213: [GC (Allocation Failure) 47716K->435K(88704K), 0.0002170 secs]
758.237: [GC (Allocation Failure) 46056K->435K(87040K), 0.0002130 secs]
758.258: [GC (Allocation Failure) 44395K->435K(85440K), 0.0002140 secs]
758.276: [GC (Allocation Failure) 42735K->435K(83968K), 0.0002750 secs]
758.356: [GC (Allocation Failure) 41270K->435K(82560K), 0.0002150 secs]
758.377: [GC (Allocation Failure) 39902K->435K(81216K), 0.0002010 secs]
758.409: [GC (Allocation Failure) 38535K->435K(79936K), 0.0002030 secs]
758.429: [GC (Allocation Failure) 37265K->435K(78656K), 0.0002110 secs]
758.445: [GC (Allocation Failure) 35996K->435K(77440K), 0.0002020 secs]
758.539: [GC (Allocation Failure) 34726K->435K(76288K), 0.0002030 secs]
758.558: [GC (Allocation Failure) 33554K->435K(75200K), 0.0002110 secs]
758.603: [GC (Allocation Failure) 32479K->435K(74176K), 0.0002070 secs]
758.656: [GC (Allocation Failure) 31503K->435K(73152K), 0.0002160 secs]
758.673: [GC (Allocation Failure) 30428K->435K(72192K), 0.0002000 secs]
758.707: [GC (Allocation Failure) 29549K->435K(71296K), 0.0003350 secs]
758.720: [GC (Allocation Failure) 28572K->435K(70400K), 0.0002230 secs]
758.732: [GC (Allocation Failure) 27693K->435K(75904K), 0.0002180 secs]
758.757: [GC (Allocation Failure) 33261K->435K(82496K), 0.0002210 secs]
758.778: [GC (Allocation Failure) 39805K->435K(81152K), 0.0002030 secs]
758.816: [GC (Allocation Failure) 38437K->435K(79872K), 0.0002090 secs]
758.832: [GC (Allocation Failure) 37168K->435K(78656K), 0.0002060 secs]
758.855: [GC (Allocation Failure) 35996K->435K(77440K), 0.0002200 secs]
758.904: [GC (Allocation Failure) 34726K->435K(76288K), 0.0002050 secs]
758.954: [GC (Allocation Failure) 33554K->435K(75200K), 0.0002130 secs]
759.003: [GC (Allocation Failure) 32479K->435K(74176K), 0.0002040 secs]
759.053: [GC (Allocation Failure) 31503K->435K(73152K), 0.0002250 secs]
759.070: [GC (Allocation Failure) 30428K->435K(72192K), 0.0002730 secs]
759.083: [GC (Allocation Failure) 29549K->435K(71296K), 0.0002160 secs]
759.099: [GC (Allocation Failure) 28572K->435K(70400K), 0.0002060 secs]
759.201: [GC (Allocation Failure) 27693K->435K(69568K), 0.0002160 secs]
759.252: [GC (Allocation Failure) 26912K->435K(68800K), 0.0002170 secs]
759.267: [GC (Allocation Failure) 26131K->435K(68032K), 0.0002250 secs]
759.301: [GC (Allocation Failure) 25349K->435K(67328K), 0.0002250 secs]
759.311: [GC (Allocation Failure) 24662K->435K(66624K), 0.0002050 secs]
759.354: [GC (Allocation Failure) 23978K->435K(65984K), 0.0002230 secs]
759.364: [GC (Allocation Failure) 23294K->435K(70592K), 0.0002200 secs]
759.405: [GC (Allocation Failure) 27889K->435K(69760K), 0.0002290 secs]
759.417: [GC (Allocation Failure) 27107K->435K(75136K), 0.0002030 secs]
759.435: [GC (Allocation Failure) 32479K->435K(81600K), 0.0002050 secs]
759.452: [GC (Allocation Failure) 38926K->435K(89344K), 0.0002210 secs]
759.515: [GC (Allocation Failure) 46642K->435K(87680K), 0.0002410 secs]
759.534: [GC (Allocation Failure) 44981K->435K(86080K), 0.0002060 secs]
759.609: [GC (Allocation Failure) 43419K->435K(84544K), 0.0002370 secs]
759.630: [GC (Allocation Failure) 41856K->435K(83072K), 0.0002010 secs]
759.652: [GC (Allocation Failure) 40391K->435K(81664K), 0.0002140 secs]
759.673: [GC (Allocation Failure) 39023K->435K(80320K), 0.0002120 secs]
759.788: [GC (Allocation Failure) 37656K->435K(79040K), 0.0002050 secs]
759.860: [GC (Allocation Failure) 36386K->435K(77824K), 0.0002170 secs]
759.880: [GC (Allocation Failure) 35116K->435K(76672K), 0.0002110 secs]
759.898: [GC (Allocation Failure) 33944K->435K(75584K), 0.0002090 secs]
759.912: [GC (Allocation Failure) 32870K->435K(74560K), 0.0002060 secs]
759.930: [GC (Allocation Failure) 31893K->435K(73536K), 0.0002740 secs]
759.947: [GC (Allocation Failure) 30819K->435K(79680K), 0.0002190 secs]
759.963: [GC (Allocation Failure) 36972K->435K(87040K), 0.0002080 secs]
760.016: [GC (Allocation Failure) 44395K->435K(85440K), 0.0002060 secs]
760.059: [GC (Allocation Failure) 42735K->435K(83968K), 0.0002120 secs]
760.081: [GC (Allocation Failure) 41270K->435K(82560K), 0.0002020 secs]
760.158: [GC (Allocation Failure) 39902K->435K(81216K), 0.0002740 secs]
760.211: [GC (Allocation Failure) 38535K->435K(79936K), 0.0002260 secs]
760.231: [GC (Allocation Failure) 37265K->435K(78656K), 0.0002020 secs]
760.247: [GC (Allocation Failure) 35996K->435K(77440K), 0.0002150 secs]
760.316: [GC (Allocation Failure) 34726K->435K(76288K), 0.0002270 secs]
760.335: [GC (Allocation Failure) 33554K->435K(75200K), 0.0002160 secs]
760.349: [GC (Allocation Failure) 32479K->435K(74176K), 0.0002180 secs]
760.367: [GC (Allocation Failure) 31503K->435K(73152K), 0.0002130 secs]
760.410: [GC (Allocation Failure) 30428K->435K(72192K), 0.0002080 secs]
760.423: [GC (Allocation Failure) 29549K->435K(71296K), 0.0002190 secs]
760.454: [GC (Allocation Failure) 28572K->435K(70400K), 0.0002200 secs]
760.507: [GC (Allocation Failure) 27693K->435K(69568K), 0.0002210 secs]
760.521: [GC (Allocation Failure) 26912K->435K(68800K), 0.0002180 secs]
760.596: [GC (Allocation Failure) 26131K->435K(68032K), 0.0002340 secs]
760.607: [GC (Allocation Failure) 25349K->435K(67328K), 0.0002070 secs]
760.626: [GC (Allocation Failure) 24662K->435K(72192K), 0.0002690 secs]
760.654: [GC (Allocation Failure) 29549K->435K(71296K), 0.0002040 secs]
760.689: [GC (Allocation Failure) 28572K->435K(70400K), 0.0002220 secs]
760.705: [GC (Allocation Failure) 27693K->435K(69568K), 0.0002120 secs]
760.757: [GC (Allocation Failure) 26912K->435K(68800K), 0.0002170 secs]
760.773: [GC (Allocation Failure) 26131K->435K(68032K), 0.0002240 secs]
760.788: [GC (Allocation Failure) 25349K->435K(67328K), 0.0002130 secs]
760.799: [GC (Allocation Failure) 24662K->435K(72192K), 0.0002060 secs]
760.905: [GC (Allocation Failure) 29549K->435K(71296K), 0.0002680 secs]
760.937: [GC (Allocation Failure) 28572K->435K(70400K), 0.0002160 secs]
760.953: [GC (Allocation Failure) 27693K->435K(69568K), 0.0002030 secs]
760.969: [GC (Allocation Failure) 26912K->435K(68800K), 0.0002120 secs]
760.984: [GC (Allocation Failure) 26131K->435K(73984K), 0.0002240 secs]
760.998: [GC (Allocation Failure) 31307K->435K(80192K), 0.0002170 secs]
761.062: [GC (Allocation Failure) 37461K->435K(78912K), 0.0002130 secs]
761.077: [GC (Allocation Failure) 36191K->435K(86080K), 0.0002720 secs]
761.116: [GC (Allocation Failure) 43419K->435K(84544K), 0.0002200 secs]
761.134: [GC (Allocation Failure) 41856K->435K(83072K), 0.0002190 secs]
761.217: [GC (Allocation Failure) 40391K->435K(81664K), 0.0002140 secs]
761.234: [GC (Allocation Failure) 39023K->435K(80320K), 0.0002050 secs]
761.313: [GC (Allocation Failure) 37656K->435K(79040K), 0.0002720 secs]
761.329: [GC (Allocation Failure) 36386K->435K(77824K), 0.0002240 secs]
761.344: [GC (Allocation Failure) 35116K->435K(76672K), 0.0002010 secs]
761.358: [GC (Allocation Failure) 33944K->435K(83392K), 0.0002150 secs]
761.511: [GC (Allocation Failure) 40684K->435K(81984K), 0.0002080 secs]
761.586: [GC (Allocation Failure) 39316K->435K(80640K), 0.0002160 secs]
761.606: [GC (Allocation Failure) 37949K->435K(79360K), 0.0002000 secs]
761.626: [GC (Allocation Failure) 36679K->435K(78144K), 0.0002140 secs]
761.641: [GC (Allocation Failure) 35409K->435K(76992K), 0.0002150 secs]
761.656: [GC (Allocation Failure) 34335K->435K(75904K), 0.0002050 secs]
761.674: [GC (Allocation Failure) 33261K->435K(74816K), 0.0002100 secs]
761.735: [GC (Allocation Failure) 32089K->435K(73792K), 0.0002190 secs]
761.757: [GC (Allocation Failure) 31112K->435K(72832K), 0.0002300 secs]
761.775: [GC (Allocation Failure) 30135K->435K(71872K), 0.0002130 secs]
761.860: [GC (Allocation Failure) 29158K->435K(70976K), 0.0002060 secs]
761.876: [GC (Allocation Failure) 28279K->435K(70144K), 0.0002170 secs]
761.893: [GC (Allocation Failure) 27498K->435K(69312K), 0.0002180 secs]
761.904: [GC (Allocation Failure) 26619K->435K(74560K), 0.0002130 secs]
761.921: [GC (Allocation Failure) 31893K->435K(80896K), 0.0002120 secs]
761.964: [GC (Allocation Failure) 38242K->435K(79616K), 0.0002210 secs]
761.980: [GC (Allocation Failure) 36972K->435K(78400K), 0.0002040 secs]
762.109: [GC (Allocation Failure) 35702K->435K(77248K), 0.0002120 secs]
762.212: [GC (Allocation Failure) 34530K->435K(76096K), 0.0002210 secs]
762.227: [GC (Allocation Failure) 33456K->435K(75008K), 0.0002140 secs]
762.262: [GC (Allocation Failure) 32284K->435K(73984K), 0.0002440 secs]
762.275: [GC (Allocation Failure) 31307K->435K(73024K), 0.0002160 secs]
762.292: [GC (Allocation Failure) 30331K->435K(72064K), 0.0002150 secs]
762.308: [GC (Allocation Failure) 29354K->435K(77888K), 0.0002340 secs]
762.327: [GC (Allocation Failure) 35214K->435K(84864K), 0.0002250 secs]
762.411: [GC (Allocation Failure) 42149K->435K(83392K), 0.0002050 secs]
762.462: [GC (Allocation Failure) 40684K->435K(81984K), 0.0002750 secs]
762.515: [GC (Allocation Failure) 39316K->435K(80640K), 0.0002260 secs]
762.531: [GC (Allocation Failure) 37949K->435K(79360K), 0.0002060 secs]
762.547: [GC (Allocation Failure) 36679K->435K(78144K), 0.0002030 secs]
762.566: [GC (Allocation Failure) 35409K->435K(76992K), 0.0002170 secs]
762.585: [GC (Allocation Failure) 34335K->435K(75904K), 0.0002000 secs]
762.600: [GC (Allocation Failure) 33261K->435K(74816K), 0.0002160 secs]
762.615: [GC (Allocation Failure) 32089K->435K(81216K), 0.0002370 secs]
762.663: [GC (Allocation Failure) 38535K->435K(79936K), 0.0002020 secs]
762.679: [GC (Allocation Failure) 37265K->435K(78656K), 0.0002050 secs]
762.711: [GC (Allocation Failure) 35996K->435K(77440K), 0.0002100 secs]
762.726: [GC (Allocation Failure) 34726K->435K(76288K), 0.0002150 secs]
762.763: [GC (Allocation Failure) 33554K->435K(75200K), 0.0002130 secs]
762.778: [GC (Allocation Failure) 32479K->435K(74176K), 0.0002130 secs]
762.795: [GC (Allocation Failure) 31503K->435K(73152K), 0.0002110 secs]
762.812: [GC (Allocation Failure) 30428K->435K(72192K), 0.0002170 secs]
762.826: [GC (Allocation Failure) 29549K->435K(78016K), 0.0002330 secs]
762.916: [GC (Allocation Failure) 35312K->435K(76864K), 0.0002280 secs]
762.936: [GC (Allocation Failure) 34140K->435K(75776K), 0.0002020 secs]
762.950: [GC (Allocation Failure) 33065K->435K(74688K), 0.0002340 secs]
763.009: [GC (Allocation Failure) 31991K->435K(73664K), 0.0002230 secs]
763.022: [GC (Allocation Failure) 31014K->435K(72704K), 0.0002050 secs]
763.035: [GC (Allocation Failure) 30038K->435K(78656K), 0.0002760 secs]
763.064: [GC (Allocation Failure) 35996K->435K(85824K), 0.0002120 secs]
763.087: [GC (Allocation Failure) 43126K->435K(84288K), 0.0002070 secs]
763.109: [GC (Allocation Failure) 41563K->435K(82816K), 0.0002160 secs]
763.127: [GC (Allocation Failure) 40098K->435K(81408K), 0.0002140 secs]
763.145: [GC (Allocation Failure) 38730K->435K(80064K), 0.0002110 secs]
763.265: [GC (Allocation Failure) 37363K->435K(78784K), 0.0002140 secs]
763.285: [GC (Allocation Failure) 36093K->435K(77568K), 0.0002040 secs]
763.340: [GC (Allocation Failure) 34921K->435K(76416K), 0.0002040 secs]
763.359: [GC (Allocation Failure) 33749K->435K(75328K), 0.0002030 secs]
763.407: [GC (Allocation Failure) 32675K->435K(74304K), 0.0002770 secs]
763.486: [GC (Allocation Failure) 31600K->435K(73280K), 0.0002180 secs]
763.512: [GC (Allocation Failure) 30624K->435K(72320K), 0.0002160 secs]
763.558: [GC (Allocation Failure) 29647K->435K(71424K), 0.0002080 secs]
763.612: [GC (Allocation Failure) 28768K->435K(70528K), 0.0002160 secs]
763.629: [GC (Allocation Failure) 27889K->435K(69696K), 0.0002740 secs]
763.641: [GC (Allocation Failure) 27010K->435K(68928K), 0.0002230 secs]
763.656: [GC (Allocation Failure) 26228K->435K(68160K), 0.0002030 secs]
763.667: [GC (Allocation Failure) 25447K->435K(73216K), 0.0002170 secs]
763.709: [GC (Allocation Failure) 30526K->435K(79296K), 0.0002590 secs]
763.794: [GC (Allocation Failure) 36582K->435K(78080K), 0.0002190 secs]
763.809: [GC (Allocation Failure) 35409K->435K(76928K), 0.0002020 secs]
763.865: [GC (Allocation Failure) 34237K->435K(75840K), 0.0002130 secs]
763.884: [GC (Allocation Failure) 33163K->435K(74752K), 0.0002240 secs]
763.898: [GC (Allocation Failure) 32089K->435K(73728K), 0.0002040 secs]
763.912: [GC (Allocation Failure) 31014K->435K(72768K), 0.0002050 secs]
763.934: [GC (Allocation Failure) 30038K->435K(71808K), 0.0002130 secs]
763.946: [GC (Allocation Failure) 29158K->435K(77568K), 0.0002280 secs]
764.012: [GC (Allocation Failure) 34921K->435K(76416K), 0.0002280 secs]
764.026: [GC (Allocation Failure) 33749K->435K(75328K), 0.0002080 secs]
764.044: [GC (Allocation Failure) 32675K->435K(74304K), 0.0002160 secs]
764.062: [GC (Allocation Failure) 31600K->435K(73280K), 0.0002020 secs]
764.079: [GC (Allocation Failure) 30624K->435K(79360K), 0.0002140 secs]
764.097: [GC (Allocation Failure) 36679K->435K(78144K), 0.0002070 secs]
764.136: [GC (Allocation Failure) 35409K->435K(76992K), 0.0002270 secs]
764.151: [GC (Allocation Failure) 34335K->435K(75904K), 0.0002160 secs]
764.215: [GC (Allocation Failure) 33261K->435K(74816K), 0.0002200 secs]
764.229: [GC (Allocation Failure) 32089K->435K(81216K), 0.0002710 secs]
764.267: [GC (Allocation Failure) 38535K->435K(79936K), 0.0002150 secs]
764.287: [GC (Allocation Failure) 37265K->435K(78656K), 0.0002130 secs]
764.412: [GC (Allocation Failure) 35996K->435K(77440K), 0.0002070 secs]
764.462: [GC (Allocation Failure) 34726K->435K(76288K), 0.0002140 secs]
764.477: [GC (Allocation Failure) 33554K->435K(75200K), 0.0002180 secs]
764.511: [GC (Allocation Failure) 32479K->435K(74176K), 0.0002280 secs]
764.529: [GC (Allocation Failure) 31503K->435K(73152K), 0.0002370 secs]
764.546: [GC (Allocation Failure) 30428K->435K(72192K), 0.0002140 secs]
764.559: [GC (Allocation Failure) 29549K->435K(78016K), 0.0002200 secs]
764.595: [GC (Allocation Failure) 35312K->435K(76864K), 0.0002250 secs]
764.610: [GC (Allocation Failure) 34140K->435K(75776K), 0.0002030 secs]
764.633: [GC (Allocation Failure) 33065K->435K(74688K), 0.0002210 secs]
764.674: [GC (Allocation Failure) 31991K->435K(73664K), 0.0002150 secs]
764.688: [GC (Allocation Failure) 31014K->435K(72704K), 0.0002060 secs]
764.701: [GC (Allocation Failure) 30038K->435K(78656K), 0.0002060 secs]
764.720: [GC (Allocation Failure) 35996K->435K(85824K), 0.0002090 secs]
764.738: [GC (Allocation Failure) 43126K->435K(84288K), 0.0002030 secs]
764.819: [GC (Allocation Failure) 41563K->435K(82816K), 0.0002240 secs]
764.836: [GC (Allocation Failure) 40098K->435K(81408K), 0.0002170 secs]
764.857: [GC (Allocation Failure) 38730K->435K(80064K), 0.0002160 secs]
764.909: [GC (Allocation Failure) 37363K->435K(78784K), 0.0002130 secs]
764.924: [GC (Allocation Failure) 36093K->435K(77568K), 0.0002170 secs]
764.939: [GC (Allocation Failure) 34921K->435K(76416K), 0.0002160 secs]
764.954: [GC (Allocation Failure) 33749K->435K(83136K), 0.0002060 secs]
764.975: [GC (Allocation Failure) 40488K->435K(81728K), 0.0002120 secs]
765.069: [GC (Allocation Failure) 39023K->435K(80384K), 0.0002600 secs]
765.089: [GC (Allocation Failure) 37656K->435K(79104K), 0.0002120 secs]
765.118: [GC (Allocation Failure) 36386K->435K(77888K), 0.0002200 secs]
765.133: [GC (Allocation Failure) 35214K->435K(76736K), 0.0002050 secs]
765.167: [GC (Allocation Failure) 34042K->435K(75648K), 0.0002170 secs]
765.185: [GC (Allocation Failure) 32968K->435K(74560K), 0.0002150 secs]
765.199: [GC (Allocation Failure) 31893K->435K(73536K), 0.0002180 secs]
765.212: [GC (Allocation Failure) 30819K->435K(79680K), 0.0002050 secs]
765.314: [GC (Allocation Failure) 36972K->435K(78464K), 0.0002180 secs]
765.364: [GC (Allocation Failure) 35800K->435K(77312K), 0.0002180 secs]
765.383: [GC (Allocation Failure) 34628K->435K(76160K), 0.0002120 secs]
765.413: [GC (Allocation Failure) 33456K->435K(75072K), 0.0002210 secs]
765.462: [GC (Allocation Failure) 32382K->435K(74048K), 0.0002160 secs]
765.542: [GC (Allocation Failure) 31405K->435K(73088K), 0.0002270 secs]
765.560: [GC (Allocation Failure) 30428K->435K(72128K), 0.0002610 secs]
765.578: [GC (Allocation Failure) 29451K->435K(71232K), 0.0002180 secs]
765.590: [GC (Allocation Failure) 28572K->435K(70400K), 0.0002160 secs]
765.664: [GC (Allocation Failure) 27693K->435K(69568K), 0.0002230 secs]
765.680: [GC (Allocation Failure) 26912K->435K(68800K), 0.0002300 secs]
765.695: [GC (Allocation Failure) 26131K->435K(68032K), 0.0002160 secs]
765.710: [GC (Allocation Failure) 25349K->435K(73024K), 0.0002190 secs]
765.723: [GC (Allocation Failure) 30331K->435K(79040K), 0.0002320 secs]
765.743: [GC (Allocation Failure) 36386K->435K(86272K), 0.0002140 secs]
765.772: [GC (Allocation Failure) 43614K->435K(84736K), 0.0002070 secs]
765.790: [GC (Allocation Failure) 42051K->435K(83264K), 0.0002030 secs]
765.807: [GC (Allocation Failure) 40586K->435K(81856K), 0.0002050 secs]
765.866: [GC (Allocation Failure) 39219K->435K(80512K), 0.0002150 secs]
765.920: [GC (Allocation Failure) 37851K->435K(79232K), 0.0002340 secs]
765.936: [GC (Allocation Failure) 36582K->435K(78016K), 0.0002100 secs]
765.952: [GC (Allocation Failure) 35312K->435K(76864K), 0.0002070 secs]
765.966: [GC (Allocation Failure) 34140K->435K(75776K), 0.0002150 secs]
765.984: [GC (Allocation Failure) 33065K->435K(74688K), 0.0002030 secs]
766.017: [GC (Allocation Failure) 31991K->435K(73664K), 0.0002120 secs]
766.034: [GC (Allocation Failure) 31014K->435K(72704K), 0.0002120 secs]
766.138: [GC (Allocation Failure) 30038K->435K(71808K), 0.0003220 secs]
766.166: [GC (Allocation Failure) 29158K->435K(70912K), 0.0002140 secs]
766.178: [GC (Allocation Failure) 28182K->435K(70080K), 0.0002210 secs]
766.265: [GC (Allocation Failure) 27400K->435K(69248K), 0.0002410 secs]
766.281: [GC (Allocation Failure) 26521K->435K(68480K), 0.0002110 secs]
766.312: [GC (Allocation Failure) 25838K->435K(67712K), 0.0002210 secs]
766.326: [GC (Allocation Failure) 25052K->435K(67008K), 0.0002030 secs]
766.407: [GC (Allocation Failure) 24369K->435K(66304K), 0.0002040 secs]
766.421: [GC (Allocation Failure) 23587K->435K(65664K), 0.0002230 secs]
766.435: [GC (Allocation Failure) 23001K->435K(65024K), 0.0002200 secs]
766.444: [GC (Allocation Failure) 22317K->435K(69440K), 0.0002070 secs]
766.456: [GC (Allocation Failure) 26717K->435K(74752K), 0.0002730 secs]
766.518: [GC (Allocation Failure) 32089K->435K(81088K), 0.0002120 secs]
766.539: [GC (Allocation Failure) 38437K->435K(88704K), 0.0002110 secs]
766.563: [GC (Allocation Failure) 46056K->435K(87040K), 0.0002120 secs]
766.600: [GC (Allocation Failure) 44395K->435K(85440K), 0.0002020 secs]
766.623: [GC (Allocation Failure) 42735K->435K(83968K), 0.0002040 secs]
766.641: [GC (Allocation Failure) 41270K->435K(82560K), 0.0002020 secs]
766.662: [GC (Allocation Failure) 39902K->435K(81216K), 0.0002140 secs]
766.693: [GC (Allocation Failure) 38535K->435K(79936K), 0.0002720 secs]
766.721: [GC (Allocation Failure) 37265K->435K(78656K), 0.0002410 secs]
766.737: [GC (Allocation Failure) 35996K->435K(77440K), 0.0002170 secs]
766.753: [GC (Allocation Failure) 34726K->435K(84352K), 0.0002800 secs]
766.822: [GC (Allocation Failure) 41660K->435K(82880K), 0.0002220 secs]
766.844: [GC (Allocation Failure) 40195K->435K(81472K), 0.0002090 secs]
766.867: [GC (Allocation Failure) 38828K->435K(80128K), 0.0002140 secs]
766.909: [GC (Allocation Failure) 37461K->435K(78848K), 0.0002030 secs]
766.928: [GC (Allocation Failure) 36191K->435K(77632K), 0.0002100 secs]
767.016: [GC (Allocation Failure) 34921K->435K(76480K), 0.0002150 secs]
767.065: [GC (Allocation Failure) 33749K->435K(75392K), 0.0002240 secs]
767.083: [GC (Allocation Failure) 32675K->435K(74368K), 0.0002130 secs]
767.097: [GC (Allocation Failure) 31698K->435K(73344K), 0.0002700 secs]
767.119: [GC (Allocation Failure) 30624K->435K(72384K), 0.0002170 secs]
767.132: [GC (Allocation Failure) 29745K->435K(78272K), 0.0003270 secs]
767.166: [GC (Allocation Failure) 35605K->435K(85312K), 0.0002190 secs]
767.226: [GC (Allocation Failure) 42637K->435K(83840K), 0.0002170 secs]
767.319: [GC (Allocation Failure) 41172K->435K(82432K), 0.0002080 secs]
767.340: [GC (Allocation Failure) 39707K->435K(81088K), 0.0002750 secs]
767.360: [GC (Allocation Failure) 38437K->435K(79808K), 0.0002130 secs]
767.377: [GC (Allocation Failure) 37168K->435K(78592K), 0.0002270 secs]
767.392: [GC (Allocation Failure) 35898K->435K(77376K), 0.0002140 secs]
767.407: [GC (Allocation Failure) 34726K->435K(84288K), 0.0002080 secs]
767.425: [GC (Allocation Failure) 41563K->435K(92544K), 0.0002150 secs]
767.476: [GC (Allocation Failure) 49867K->435K(90688K), 0.0002140 secs]
767.501: [GC (Allocation Failure) 48009K->435K(88960K), 0.0002050 secs]
767.526: [GC (Allocation Failure) 46251K->435K(87296K), 0.0002130 secs]
767.546: [GC (Allocation Failure) 44591K->435K(85696K), 0.0002070 secs]
767.568: [GC (Allocation Failure) 43028K->435K(84160K), 0.0002280 secs]
767.619: [GC (Allocation Failure) 41465K->435K(82688K), 0.0002160 secs]
767.637: [GC (Allocation Failure) 40000K->435K(81344K), 0.0002380 secs]
767.653: [GC (Allocation Failure) 38633K->435K(80000K), 0.0002030 secs]
767.673: [GC (Allocation Failure) 37363K->435K(78720K), 0.0002220 secs]
767.717: [GC (Allocation Failure) 35996K->435K(77504K), 0.0002050 secs]
767.736: [GC (Allocation Failure) 34823K->435K(76352K), 0.0002730 secs]
767.750: [GC (Allocation Failure) 33651K->435K(75264K), 0.0002050 secs]
767.906: [GC (Allocation Failure) 32577K->435K(74240K), 0.0002050 secs]
767.966: [GC (Allocation Failure) 31600K->435K(73216K), 0.0002240 secs]
767.983: [GC (Allocation Failure) 30526K->435K(72256K), 0.0002090 secs]
768.015: [GC (Allocation Failure) 29549K->435K(71360K), 0.0002760 secs]
768.068: [GC (Allocation Failure) 28670K->435K(70464K), 0.0002740 secs]
768.081: [GC (Allocation Failure) 27791K->435K(69632K), 0.0002620 secs]
768.092: [GC (Allocation Failure) 26912K->435K(74944K), 0.0002080 secs]
768.139: [GC (Allocation Failure) 32284K->435K(73920K), 0.0002230 secs]
768.156: [GC (Allocation Failure) 31210K->435K(72960K), 0.0002130 secs]
768.219: [GC (Allocation Failure) 30233K->435K(72000K), 0.0002140 secs]
768.232: [GC (Allocation Failure) 29354K->435K(71104K), 0.0002180 secs]
768.319: [GC (Allocation Failure) 28377K->435K(70272K), 0.0002150 secs]
768.331: [GC (Allocation Failure) 27596K->435K(69440K), 0.0002230 secs]
768.368: [GC (Allocation Failure) 26717K->435K(68672K), 0.0002140 secs]
768.379: [GC (Allocation Failure) 26033K->435K(73792K), 0.0002180 secs]
768.426: [GC (Allocation Failure) 31112K->435K(72832K), 0.0002150 secs]
768.439: [GC (Allocation Failure) 30135K->435K(78784K), 0.0002310 secs]
768.455: [GC (Allocation Failure) 36093K->435K(85952K), 0.0002060 secs]
768.478: [GC (Allocation Failure) 43223K->435K(84416K), 0.0002030 secs]
768.499: [GC (Allocation Failure) 41758K->435K(82944K), 0.0002120 secs]
768.517: [GC (Allocation Failure) 40293K->435K(81536K), 0.0001990 secs]
768.534: [GC (Allocation Failure) 38828K->435K(80192K), 0.0002020 secs]
768.573: [GC (Allocation Failure) 37461K->435K(78912K), 0.0002270 secs]
768.589: [GC (Allocation Failure) 36191K->435K(77696K), 0.0002080 secs]
768.621: [GC (Allocation Failure) 35019K->435K(76544K), 0.0002050 secs]
768.635: [GC (Allocation Failure) 33847K->435K(83264K), 0.0002710 secs]
768.671: [GC (Allocation Failure) 40586K->435K(81856K), 0.0002070 secs]
768.726: [GC (Allocation Failure) 39219K->435K(80512K), 0.0002700 secs]
768.749: [GC (Allocation Failure) 37851K->435K(79232K), 0.0002160 secs]
768.769: [GC (Allocation Failure) 36582K->435K(78016K), 0.0002170 secs]
768.822: [GC (Allocation Failure) 35312K->435K(76864K), 0.0002240 secs]
768.841: [GC (Allocation Failure) 34140K->435K(75776K), 0.0002120 secs]
768.871: [GC (Allocation Failure) 33065K->435K(74688K), 0.0002130 secs]
768.889: [GC (Allocation Failure) 31991K->435K(73664K), 0.0002140 secs]
768.917: [GC (Allocation Failure) 31014K->435K(72704K), 0.0002830 secs]
769.070: [GC (Allocation Failure) 30038K->435K(71808K), 0.0002170 secs]
769.083: [GC (Allocation Failure) 29158K->435K(77568K), 0.0003220 secs]
769.168: [GC (Allocation Failure) 34921K->435K(76416K), 0.0002180 secs]
769.222: [GC (Allocation Failure) 33749K->435K(75328K), 0.0002140 secs]
769.236: [GC (Allocation Failure) 32675K->435K(74304K), 0.0002720 secs]
769.268: [GC (Allocation Failure) 31600K->435K(73280K), 0.0002700 secs]
769.333: [GC (Allocation Failure) 30624K->435K(72320K), 0.0002140 secs]
769.350: [GC (Allocation Failure) 29647K->435K(71424K), 0.0002730 secs]
769.363: [GC (Allocation Failure) 28768K->435K(77120K), 0.0002290 secs]
769.381: [GC (Allocation Failure) 34433K->435K(83968K), 0.0002150 secs]
769.414: [GC (Allocation Failure) 41270K->435K(82560K), 0.0002040 secs]
769.432: [GC (Allocation Failure) 39902K->435K(90496K), 0.0002780 secs]
769.474: [GC (Allocation Failure) 47814K->435K(88768K), 0.0002160 secs]
769.494: [GC (Allocation Failure) 46056K->435K(87104K), 0.0002040 secs]
769.528: [GC (Allocation Failure) 44395K->435K(85504K), 0.0002140 secs]
769.547: [GC (Allocation Failure) 42833K->435K(83968K), 0.0002180 secs]
769.568: [GC (Allocation Failure) 41270K->435K(82560K), 0.0002110 secs]
769.627: [GC (Allocation Failure) 39902K->435K(81216K), 0.0002250 secs]
769.647: [GC (Allocation Failure) 38535K->435K(79936K), 0.0002110 secs]
769.721: [GC (Allocation Failure) 37265K->435K(78656K), 0.0002170 secs]
769.736: [GC (Allocation Failure) 35996K->435K(77440K), 0.0002050 secs]
769.772: [GC (Allocation Failure) 34726K->435K(76288K), 0.0002160 secs]
769.790: [GC (Allocation Failure) 33554K->435K(75200K), 0.0002020 secs]
769.804: [GC (Allocation Failure) 32479K->435K(74176K), 0.0002260 secs]
769.906: [GC (Allocation Failure) 31503K->435K(73152K), 0.0002170 secs]
769.927: [GC (Allocation Failure) 30428K->435K(72192K), 0.0002160 secs]
769.940: [GC (Allocation Failure) 29549K->435K(71296K), 0.0002220 secs]
770.021: [GC (Allocation Failure) 28572K->435K(70400K), 0.0002260 secs]
770.037: [GC (Allocation Failure) 27693K->435K(69568K), 0.0002190 secs]
770.053: [GC (Allocation Failure) 26912K->435K(68800K), 0.0002120 secs]
770.068: [GC (Allocation Failure) 26131K->435K(68032K), 0.0002160 secs]
770.083: [GC (Allocation Failure) 25349K->435K(73024K), 0.0002130 secs]
770.133: [GC (Allocation Failure) 30331K->435K(72064K), 0.0002270 secs]
770.146: [GC (Allocation Failure) 29354K->435K(77888K), 0.0002040 secs]
770.165: [GC (Allocation Failure) 35214K->435K(76736K), 0.0002100 secs]
770.180: [GC (Allocation Failure) 34042K->435K(83520K), 0.0002210 secs]
770.201: [GC (Allocation Failure) 40879K->435K(91648K), 0.0002220 secs]
770.276: [GC (Allocation Failure) 48986K->435K(89856K), 0.0002150 secs]
770.300: [GC (Allocation Failure) 47130K->435K(88128K), 0.0002030 secs]
770.325: [GC (Allocation Failure) 45470K->435K(86528K), 0.0002980 secs]
770.374: [GC (Allocation Failure) 43809K->435K(84992K), 0.0002020 secs]
770.419: [GC (Allocation Failure) 42344K->435K(83520K), 0.0002260 secs]
770.438: [GC (Allocation Failure) 40879K->435K(82112K), 0.0003220 secs]
770.523: [GC (Allocation Failure) 39414K->435K(80768K), 0.0002300 secs]
770.539: [GC (Allocation Failure) 38047K->435K(79488K), 0.0002150 secs]
770.571: [GC (Allocation Failure) 36777K->435K(78272K), 0.0002040 secs]
770.604: [GC (Allocation Failure) 35605K->435K(77120K), 0.0002330 secs]
770.623: [GC (Allocation Failure) 34433K->435K(75968K), 0.0002740 secs]
770.638: [GC (Allocation Failure) 33261K->435K(74880K), 0.0002040 secs]
770.667: [GC (Allocation Failure) 32186K->435K(73856K), 0.0002130 secs]
770.690: [GC (Allocation Failure) 31210K->435K(72896K), 0.0002170 secs]
770.706: [GC (Allocation Failure) 30233K->435K(71936K), 0.0002300 secs]
770.724: [GC (Allocation Failure) 29256K->435K(71040K), 0.0002110 secs]
770.822: [GC (Allocation Failure) 28377K->435K(70208K), 0.0002140 secs]
770.838: [GC (Allocation Failure) 27498K->435K(69376K), 0.0002190 secs]
770.854: [GC (Allocation Failure) 26717K->435K(68608K), 0.0002150 secs]
770.870: [GC (Allocation Failure) 25935K->435K(73728K), 0.0002290 secs]
770.923: [GC (Allocation Failure) 31014K->435K(72768K), 0.0002150 secs]
770.940: [GC (Allocation Failure) 30038K->435K(71808K), 0.0002030 secs]
770.968: [GC (Allocation Failure) 29158K->435K(70912K), 0.0002850 secs]
771.119: [GC (Allocation Failure) 28182K->435K(70080K), 0.0002080 secs]
771.135: [GC (Allocation Failure) 27400K->435K(69248K), 0.0002170 secs]
771.150: [GC (Allocation Failure) 26521K->435K(68480K), 0.0002420 secs]
771.221: [GC (Allocation Failure) 25838K->435K(67712K), 0.0002250 secs]
771.232: [GC (Allocation Failure) 25052K->435K(72640K), 0.0002220 secs]
771.249: [GC (Allocation Failure) 29940K->435K(78592K), 0.0002130 secs]
771.269: [GC (Allocation Failure) 35898K->435K(85696K), 0.0002190 secs]
771.287: [GC (Allocation Failure) 43028K->435K(84160K), 0.0002070 secs]
771.307: [GC (Allocation Failure) 41465K->435K(82688K), 0.0002100 secs]
771.328: [GC (Allocation Failure) 40000K->435K(90624K), 0.0002760 secs]
771.349: [GC (Allocation Failure) 47911K->435K(88896K), 0.0002170 secs]
771.368: [GC (Allocation Failure) 46251K->435K(87232K), 0.0002270 secs]
771.430: [GC (Allocation Failure) 44591K->435K(85632K), 0.0002190 secs]
771.452: [GC (Allocation Failure) 42930K->435K(84096K), 0.0002030 secs]
771.474: [GC (Allocation Failure) 41367K->435K(82624K), 0.0002050 secs]
771.492: [GC (Allocation Failure) 39902K->435K(81280K), 0.0002040 secs]
771.517: [GC (Allocation Failure) 38633K->435K(80000K), 0.0002090 secs]
771.534: [GC (Allocation Failure) 37363K->435K(78720K), 0.0002270 secs]
771.553: [GC (Allocation Failure) 35996K->435K(77504K), 0.0002020 secs]
771.568: [GC (Allocation Failure) 34823K->435K(76352K), 0.0002290 secs]
771.587: [GC (Allocation Failure) 33651K->435K(75264K), 0.0002100 secs]
771.675: [GC (Allocation Failure) 32577K->435K(74240K), 0.0002750 secs]
771.693: [GC (Allocation Failure) 31600K->435K(73216K), 0.0002220 secs]
771.706: [GC (Allocation Failure) 30526K->435K(79296K), 0.0002170 secs]
771.726: [GC (Allocation Failure) 36582K->435K(78080K), 0.0002210 secs]
771.776: [GC (Allocation Failure) 35409K->435K(76928K), 0.0002140 secs]
771.791: [GC (Allocation Failure) 34237K->435K(75840K), 0.0002050 secs]
771.821: [GC (Allocation Failure) 33163K->435K(74752K), 0.0002150 secs]
771.914: [GC (Allocation Failure) 32089K->435K(73728K), 0.0002150 secs]
771.931: [GC (Allocation Failure) 31014K->435K(72768K), 0.0002360 secs]
771.949: [GC (Allocation Failure) 30038K->435K(71808K), 0.0002330 secs]
771.962: [GC (Allocation Failure) 29158K->435K(77568K), 0.0002710 secs]
772.022: [GC (Allocation Failure) 34921K->435K(76416K), 0.0002140 secs]
772.036: [GC (Allocation Failure) 33749K->435K(75328K), 0.0002150 secs]
772.054: [GC (Allocation Failure) 32675K->435K(74304K), 0.0002040 secs]
772.072: [GC (Allocation Failure) 31600K->435K(73280K), 0.0002130 secs]
772.089: [GC (Allocation Failure) 30624K->435K(72320K), 0.0002030 secs]
772.106: [GC (Allocation Failure) 29647K->435K(78208K), 0.0002180 secs]
772.126: [GC (Allocation Failure) 35507K->435K(85248K), 0.0002300 secs]
772.148: [GC (Allocation Failure) 42540K->435K(83776K), 0.0002030 secs]
772.166: [GC (Allocation Failure) 41074K->435K(82368K), 0.0002050 secs]
772.279: [GC (Allocation Failure) 39707K->435K(81024K), 0.0002120 secs]
772.296: [GC (Allocation Failure) 38340K->435K(79744K), 0.0002160 secs]
772.311: [GC (Allocation Failure) 37070K->435K(78528K), 0.0002030 secs]
772.329: [GC (Allocation Failure) 35800K->435K(77312K), 0.0002200 secs]
772.344: [GC (Allocation Failure) 34628K->435K(84160K), 0.0002100 secs]
772.365: [GC (Allocation Failure) 41465K->435K(82688K), 0.0002150 secs]
772.386: [GC (Allocation Failure) 40000K->435K(81344K), 0.0002040 secs]
772.407: [GC (Allocation Failure) 38633K->435K(80000K), 0.0002150 secs]
772.574: [GC (Allocation Failure) 37363K->435K(78720K), 0.0002750 secs]
772.612: [GC (Allocation Failure) 35996K->435K(77504K), 0.0002160 secs]
772.628: [GC (Allocation Failure) 34823K->435K(76352K), 0.0002310 secs]
772.646: [GC (Allocation Failure) 33651K->435K(75264K), 0.0002080 secs]
772.676: [GC (Allocation Failure) 32577K->435K(74240K), 0.0002140 secs]
772.694: [GC (Allocation Failure) 31600K->435K(73216K), 0.0002030 secs]
772.708: [GC (Allocation Failure) 30526K->435K(79296K), 0.0003270 secs]
772.874: [GC (Allocation Failure) 36582K->435K(78080K), 0.0002050 secs]
772.908: [GC (Allocation Failure) 35409K->435K(76928K), 0.0002170 secs]
772.927: [GC (Allocation Failure) 34237K->435K(75840K), 0.0002010 secs]
772.945: [GC (Allocation Failure) 33163K->435K(74752K), 0.0002120 secs]
772.959: [GC (Allocation Failure) 32089K->435K(73728K), 0.0002270 secs]
772.972: [GC (Allocation Failure) 31014K->435K(79872K), 0.0002120 secs]
772.992: [GC (Allocation Failure) 37168K->435K(87232K), 0.0002170 secs]
773.128: [GC (Allocation Failure) 44591K->435K(85632K), 0.0002100 secs]
773.147: [GC (Allocation Failure) 42930K->435K(84096K), 0.0002050 secs]
773.227: [GC (Allocation Failure) 41367K->435K(82624K), 0.0002070 secs]
773.280: [GC (Allocation Failure) 39902K->435K(81280K), 0.0002240 secs]
773.301: [GC (Allocation Failure) 38633K->435K(80000K), 0.0002040 secs]
773.317: [GC (Allocation Failure) 37363K->435K(78720K), 0.0002040 secs]
773.429: [GC (Allocation Failure) 35996K->435K(77504K), 0.0002210 secs]
773.444: [GC (Allocation Failure) 34823K->435K(76352K), 0.0002210 secs]
773.460: [GC (Allocation Failure) 33651K->435K(75264K), 0.0002000 secs]
773.528: [GC (Allocation Failure) 32577K->435K(74240K), 0.0002100 secs]
773.546: [GC (Allocation Failure) 31600K->435K(73216K), 0.0002260 secs]
773.577: [GC (Allocation Failure) 30526K->435K(72256K), 0.0003120 secs]
773.589: [GC (Allocation Failure) 29549K->435K(78144K), 0.0002700 secs]
773.631: [GC (Allocation Failure) 35409K->435K(76992K), 0.0002160 secs]
773.646: [GC (Allocation Failure) 34335K->435K(75904K), 0.0002050 secs]
773.724: [GC (Allocation Failure) 33261K->435K(74816K), 0.0002260 secs]
773.742: [GC (Allocation Failure) 32089K->435K(81216K), 0.0003420 secs]
773.769: [GC (Allocation Failure) 38535K->435K(79936K), 0.0002070 secs]
773.789: [GC (Allocation Failure) 37265K->435K(78656K), 0.0002080 secs]
773.805: [GC (Allocation Failure) 35996K->435K(85824K), 0.0002300 secs]
773.823: [GC (Allocation Failure) 43126K->435K(94400K), 0.0002770 secs]
773.886: [GC (Allocation Failure) 51725K->435K(92480K), 0.0002230 secs]
773.910: [GC (Allocation Failure) 49767K->435K(90624K), 0.0002120 secs]
773.931: [GC (Allocation Failure) 47911K->435K(88896K), 0.0002030 secs]
774.034: [GC (Allocation Failure) 46251K->435K(87232K), 0.0002240 secs]
774.053: [GC (Allocation Failure) 44591K->435K(85632K), 0.0002050 secs]
774.071: [GC (Allocation Failure) 42930K->435K(84096K), 0.0002130 secs]
774.089: [GC (Allocation Failure) 41367K->435K(82624K), 0.0002020 secs]
774.127: [GC (Allocation Failure) 39902K->435K(81280K), 0.0002260 secs]
774.144: [GC (Allocation Failure) 38633K->435K(80000K), 0.0002020 secs]
774.180: [GC (Allocation Failure) 37363K->435K(78720K), 0.0002120 secs]
774.196: [GC (Allocation Failure) 35996K->435K(77504K), 0.0002760 secs]
774.331: [GC (Allocation Failure) 34823K->435K(76352K), 0.0002150 secs]
774.345: [GC (Allocation Failure) 33651K->435K(75264K), 0.0002170 secs]
774.375: [GC (Allocation Failure) 32577K->435K(74240K), 0.0002170 secs]
774.410: [GC (Allocation Failure) 31600K->435K(73216K), 0.0002040 secs]
774.424: [GC (Allocation Failure) 30526K->435K(72256K), 0.0002210 secs]
774.441: [GC (Allocation Failure) 29549K->435K(78144K), 0.0002680 secs]
774.576: [GC (Allocation Failure) 35409K->435K(76992K), 0.0002280 secs]
774.591: [GC (Allocation Failure) 34335K->435K(75904K), 0.0002000 secs]
774.633: [GC (Allocation Failure) 33261K->435K(74816K), 0.0002190 secs]
774.647: [GC (Allocation Failure) 32089K->435K(81216K), 0.0002730 secs]
774.682: [GC (Allocation Failure) 38535K->435K(79936K), 0.0002150 secs]
774.702: [GC (Allocation Failure) 37265K->435K(78656K), 0.0002120 secs]
774.729: [GC (Allocation Failure) 35996K->435K(77440K), 0.0002140 secs]
774.748: [GC (Allocation Failure) 34726K->435K(76288K), 0.0002070 secs]
774.766: [GC (Allocation Failure) 33554K->435K(75200K), 0.0002110 secs]
774.831: [GC (Allocation Failure) 32479K->435K(74176K), 0.0002170 secs]
774.875: [GC (Allocation Failure) 31503K->435K(73152K), 0.0002250 secs]
774.892: [GC (Allocation Failure) 30428K->435K(72192K), 0.0002730 secs]
774.905: [GC (Allocation Failure) 29549K->435K(78016K), 0.0002310 secs]
774.920: [GC (Allocation Failure) 35312K->435K(85056K), 0.0002040 secs]
774.938: [GC (Allocation Failure) 42344K->435K(93504K), 0.0002040 secs]
774.962: [GC (Allocation Failure) 50846K->435K(91648K), 0.0002000 secs]
774.987: [GC (Allocation Failure) 48986K->435K(89856K), 0.0002130 secs]
775.035: [GC (Allocation Failure) 47130K->435K(88128K), 0.0002060 secs]
775.059: [GC (Allocation Failure) 45470K->435K(86528K), 0.0002060 secs]
775.078: [GC (Allocation Failure) 43809K->435K(84992K), 0.0002120 secs]
775.097: [GC (Allocation Failure) 42344K->435K(83520K), 0.0002150 secs]
775.118: [GC (Allocation Failure) 40879K->435K(82112K), 0.0002010 secs]
775.139: [GC (Allocation Failure) 39414K->435K(80768K), 0.0002110 secs]
775.160: [GC (Allocation Failure) 38047K->435K(79488K), 0.0002010 secs]
775.176: [GC (Allocation Failure) 36777K->435K(78272K), 0.0002160 secs]
775.195: [GC (Allocation Failure) 35605K->435K(77120K), 0.0002110 secs]
775.227: [GC (Allocation Failure) 34433K->435K(75968K), 0.0002740 secs]
775.276: [GC (Allocation Failure) 33261K->435K(74880K), 0.0002160 secs]
775.294: [GC (Allocation Failure) 32186K->435K(73856K), 0.0002730 secs]
775.311: [GC (Allocation Failure) 31210K->435K(72896K), 0.0002100 secs]
775.409: [GC (Allocation Failure) 30233K->435K(71936K), 0.0002010 secs]
775.426: [GC (Allocation Failure) 29256K->435K(71040K), 0.0002220 secs]
775.439: [GC (Allocation Failure) 28377K->435K(70208K), 0.0002070 secs]
775.458: [GC (Allocation Failure) 27498K->435K(69376K), 0.0002020 secs]
775.469: [GC (Allocation Failure) 26717K->435K(74688K), 0.0002020 secs]
775.483: [GC (Allocation Failure) 31991K->435K(81024K), 0.0002040 secs]
775.533: [GC (Allocation Failure) 38340K->435K(79744K), 0.0002060 secs]
775.553: [GC (Allocation Failure) 37070K->435K(78528K), 0.0002110 secs]
775.568: [GC (Allocation Failure) 35800K->435K(77312K), 0.0002180 secs]
775.620: [GC (Allocation Failure) 34628K->435K(76160K), 0.0002320 secs]
775.639: [GC (Allocation Failure) 33456K->435K(75072K), 0.0002010 secs]
775.657: [GC (Allocation Failure) 32382K->435K(74048K), 0.0002140 secs]
775.674: [GC (Allocation Failure) 31405K->435K(73088K), 0.0002220 secs]
775.779: [GC (Allocation Failure) 30428K->435K(72128K), 0.0002210 secs]
775.796: [GC (Allocation Failure) 29451K->435K(71232K), 0.0002110 secs]
775.809: [GC (Allocation Failure) 28572K->435K(70400K), 0.0002290 secs]
775.821: [GC (Allocation Failure) 27693K->435K(75904K), 0.0002020 secs]
775.881: [GC (Allocation Failure) 33261K->435K(74816K), 0.0002140 secs]
775.895: [GC (Allocation Failure) 32089K->435K(81216K), 0.0002720 secs]
775.935: [GC (Allocation Failure) 38535K->435K(79936K), 0.0002440 secs]
775.956: [GC (Allocation Failure) 37265K->435K(78656K), 0.0002150 secs]
775.982: [GC (Allocation Failure) 35996K->435K(77440K), 0.0002140 secs]
776.001: [GC (Allocation Failure) 34726K->435K(76288K), 0.0002170 secs]
776.019: [GC (Allocation Failure) 33554K->435K(75200K), 0.0002060 secs]
776.033: [GC (Allocation Failure) 32479K->435K(81664K), 0.0002160 secs]
776.050: [GC (Allocation Failure) 39023K->435K(89408K), 0.0002030 secs]
776.074: [GC (Allocation Failure) 46739K->435K(87744K), 0.0002110 secs]
776.132: [GC (Allocation Failure) 45079K->435K(86144K), 0.0002770 secs]
776.186: [GC (Allocation Failure) 43419K->435K(84608K), 0.0002110 secs]
776.208: [GC (Allocation Failure) 41953K->435K(83136K), 0.0002170 secs]
776.226: [GC (Allocation Failure) 40488K->435K(81728K), 0.0002040 secs]
776.334: [GC (Allocation Failure) 39023K->435K(80384K), 0.0002130 secs]
776.354: [GC (Allocation Failure) 37656K->435K(79104K), 0.0002200 secs]
776.370: [GC (Allocation Failure) 36386K->435K(77888K), 0.0002200 secs]
776.390: [GC (Allocation Failure) 35214K->435K(76736K), 0.0002010 secs]
776.404: [GC (Allocation Failure) 34042K->435K(75648K), 0.0002190 secs]
776.419: [GC (Allocation Failure) 32968K->435K(82176K), 0.0002040 secs]
776.481: [GC (Allocation Failure) 39512K->435K(80832K), 0.0002330 secs]
776.501: [GC (Allocation Failure) 38144K->435K(79552K), 0.0002120 secs]
776.541: [GC (Allocation Failure) 36875K->435K(78336K), 0.0002150 secs]
776.556: [GC (Allocation Failure) 35605K->435K(77184K), 0.0002750 secs]
776.583: [GC (Allocation Failure) 34530K->435K(76032K), 0.0002390 secs]
776.601: [GC (Allocation Failure) 33358K->435K(74944K), 0.0002320 secs]
776.615: [GC (Allocation Failure) 32284K->435K(81344K), 0.0003530 secs]
776.677: [GC (Allocation Failure) 38633K->435K(89024K), 0.0002170 secs]
776.735: [GC (Allocation Failure) 46349K->435K(87360K), 0.0002090 secs]
776.754: [GC (Allocation Failure) 44688K->435K(85760K), 0.0002060 secs]
776.777: [GC (Allocation Failure) 43028K->435K(84224K), 0.0002210 secs]
776.842: [GC (Allocation Failure) 41563K->435K(82752K), 0.0002100 secs]
776.859: [GC (Allocation Failure) 40098K->435K(81344K), 0.0002750 secs]
776.885: [GC (Allocation Failure) 38633K->435K(80000K), 0.0002240 secs]
776.901: [GC (Allocation Failure) 37363K->435K(78720K), 0.0002040 secs]
776.921: [GC (Allocation Failure) 35996K->435K(77504K), 0.0002120 secs]
776.980: [GC (Allocation Failure) 34823K->435K(76352K), 0.0002270 secs]
776.998: [GC (Allocation Failure) 33651K->435K(75264K), 0.0002110 secs]
777.032: [GC (Allocation Failure) 32577K->435K(74240K), 0.0002040 secs]
777.050: [GC (Allocation Failure) 31600K->435K(73216K), 0.0002040 secs]
777.064: [GC (Allocation Failure) 30526K->435K(79296K), 0.0003250 secs]
777.137: [GC (Allocation Failure) 36582K->435K(78080K), 0.0002070 secs]
777.156: [GC (Allocation Failure) 35409K->435K(76928K), 0.0002260 secs]
777.184: [GC (Allocation Failure) 34237K->435K(75840K), 0.0002420 secs]
777.203: [GC (Allocation Failure) 33163K->435K(74752K), 0.0002230 secs]
777.282: [GC (Allocation Failure) 32089K->435K(73728K), 0.0002160 secs]
777.300: [GC (Allocation Failure) 31014K->435K(72768K), 0.0002320 secs]
777.315: [GC (Allocation Failure) 30038K->435K(71808K), 0.0002110 secs]
777.405: [GC (Allocation Failure) 29158K->435K(70912K), 0.0002040 secs]
777.481: [GC (Allocation Failure) 28182K->435K(70080K), 0.0002220 secs]
777.493: [GC (Allocation Failure) 27400K->435K(69248K), 0.0002180 secs]
777.626: [GC (Allocation Failure) 26521K->435K(68480K), 0.0002160 secs]
777.736: [GC (Allocation Failure) 25838K->435K(67712K), 0.0002250 secs]
777.747: [GC (Allocation Failure) 25052K->435K(67008K), 0.0002190 secs]
777.757: [GC (Allocation Failure) 24369K->435K(71808K), 0.0002150 secs]
777.828: [GC (Allocation Failure) 29158K->435K(70912K), 0.0002790 secs]
777.881: [GC (Allocation Failure) 28182K->435K(70080K), 0.0002240 secs]
777.894: [GC (Allocation Failure) 27400K->435K(69248K), 0.0002160 secs]
777.932: [GC (Allocation Failure) 26521K->435K(68480K), 0.0002370 secs]
777.944: [GC (Allocation Failure) 25838K->435K(73600K), 0.0002710 secs]
778.022: [GC (Allocation Failure) 30917K->435K(72640K), 0.0002160 secs]
778.039: [GC (Allocation Failure) 29940K->435K(71744K), 0.0002030 secs]
778.056: [GC (Allocation Failure) 29061K->435K(70848K), 0.0002190 secs]
778.068: [GC (Allocation Failure) 28182K->435K(76416K), 0.0002160 secs]
778.082: [GC (Allocation Failure) 33749K->435K(83136K), 0.0002160 secs]
778.133: [GC (Allocation Failure) 40488K->435K(81728K), 0.0002160 secs]
778.150: [GC (Allocation Failure) 39023K->435K(80384K), 0.0002030 secs]
778.182: [GC (Allocation Failure) 37656K->435K(79104K), 0.0002130 secs]
778.201: [GC (Allocation Failure) 36386K->435K(77888K), 0.0002120 secs]
778.235: [GC (Allocation Failure) 35214K->435K(76736K), 0.0002130 secs]
778.250: [GC (Allocation Failure) 34042K->435K(83520K), 0.0002750 secs]
778.341: [GC (Allocation Failure) 40879K->435K(82112K), 0.0002330 secs]
778.387: [GC (Allocation Failure) 39414K->435K(80768K), 0.0002260 secs]
778.408: [GC (Allocation Failure) 38047K->435K(79488K), 0.0002180 secs]
778.482: [GC (Allocation Failure) 36777K->435K(78272K), 0.0002250 secs]
778.501: [GC (Allocation Failure) 35605K->435K(77120K), 0.0002130 secs]
778.516: [GC (Allocation Failure) 34433K->435K(75968K), 0.0002210 secs]
778.534: [GC (Allocation Failure) 33261K->435K(74880K), 0.0002230 secs]
778.606: [GC (Allocation Failure) 32186K->435K(73856K), 0.0002080 secs]
778.660: [GC (Allocation Failure) 31210K->435K(72896K), 0.0002070 secs]
778.694: [GC (Allocation Failure) 30233K->435K(71936K), 0.0002800 secs]
778.711: [GC (Allocation Failure) 29256K->435K(71040K), 0.0002080 secs]
778.723: [GC (Allocation Failure) 28377K->435K(70208K), 0.0002060 secs]
778.782: [GC (Allocation Failure) 27498K->435K(69376K), 0.0003190 secs]
778.798: [GC (Allocation Failure) 26717K->435K(68608K), 0.0002770 secs]
778.813: [GC (Allocation Failure) 25935K->435K(73728K), 0.0002220 secs]
778.834: [GC (Allocation Failure) 31014K->435K(79872K), 0.0002260 secs]
778.850: [GC (Allocation Failure) 37168K->435K(87232K), 0.0002170 secs]
778.873: [GC (Allocation Failure) 44591K->435K(85632K), 0.0002140 secs]
778.935: [GC (Allocation Failure) 42930K->435K(84096K), 0.0002060 secs]
778.989: [GC (Allocation Failure) 41367K->435K(82624K), 0.0002150 secs]
779.006: [GC (Allocation Failure) 39902K->435K(81280K), 0.0002040 secs]
779.034: [GC (Allocation Failure) 38633K->435K(80000K), 0.0002030 secs]
779.087: [GC (Allocation Failure) 37363K->435K(78720K), 0.0002200 secs]
779.102: [GC (Allocation Failure) 35996K->435K(77504K), 0.0002040 secs]
779.121: [GC (Allocation Failure) 34823K->435K(76352K), 0.0002130 secs]
779.139: [GC (Allocation Failure) 33651K->435K(75264K), 0.0002240 secs]
779.153: [GC (Allocation Failure) 32577K->435K(74240K), 0.0002080 secs]
779.235: [GC (Allocation Failure) 31600K->435K(73216K), 0.0002250 secs]
779.248: [GC (Allocation Failure) 30526K->435K(72256K), 0.0002200 secs]
779.334: [GC (Allocation Failure) 29549K->435K(71360K), 0.0002120 secs]
779.350: [GC (Allocation Failure) 28670K->435K(70464K), 0.0002320 secs]
779.363: [GC (Allocation Failure) 27791K->435K(75968K), 0.0002160 secs]
779.382: [GC (Allocation Failure) 33261K->435K(82560K), 0.0002280 secs]
779.403: [GC (Allocation Failure) 39902K->435K(81216K), 0.0002050 secs]
779.420: [GC (Allocation Failure) 38535K->435K(88896K), 0.0002280 secs]
779.440: [GC (Allocation Failure) 46251K->435K(87232K), 0.0002060 secs]
779.463: [GC (Allocation Failure) 44591K->435K(85632K), 0.0002250 secs]
779.490: [GC (Allocation Failure) 42930K->435K(84096K), 0.0002180 secs]
779.512: [GC (Allocation Failure) 41367K->435K(82624K), 0.0002120 secs]
779.546: [GC (Allocation Failure) 39902K->435K(81280K), 0.0002100 secs]
779.567: [GC (Allocation Failure) 38633K->435K(80000K), 0.0002070 secs]
779.583: [GC (Allocation Failure) 37363K->435K(78720K), 0.0002770 secs]
779.633: [GC (Allocation Failure) 35996K->435K(77504K), 0.0002170 secs]
779.687: [GC (Allocation Failure) 34823K->435K(76352K), 0.0002230 secs]
779.701: [GC (Allocation Failure) 33651K->435K(75264K), 0.0002040 secs]
779.715: [GC (Allocation Failure) 32577K->435K(74240K), 0.0002050 secs]
779.729: [GC (Allocation Failure) 31600K->435K(80512K), 0.0002140 secs]
779.792: [GC (Allocation Failure) 37851K->435K(79232K), 0.0002240 secs]
779.808: [GC (Allocation Failure) 36582K->435K(78016K), 0.0002040 secs]
779.883: [GC (Allocation Failure) 35312K->435K(76864K), 0.0002150 secs]
779.898: [GC (Allocation Failure) 34140K->435K(75776K), 0.0002150 secs]
779.916: [GC (Allocation Failure) 33065K->435K(74688K), 0.0002160 secs]
779.934: [GC (Allocation Failure) 31991K->435K(73664K), 0.0002300 secs]
779.948: [GC (Allocation Failure) 31014K->435K(79808K), 0.0002040 secs]
779.968: [GC (Allocation Failure) 37168K->435K(78592K), 0.0002010 secs]
779.987: [GC (Allocation Failure) 35898K->435K(77376K), 0.0002110 secs]
780.006: [GC (Allocation Failure) 34726K->435K(76224K), 0.0002040 secs]
780.025: [GC (Allocation Failure) 33554K->435K(75136K), 0.0002010 secs]
780.039: [GC (Allocation Failure) 32479K->435K(81600K), 0.0002200 secs]
780.135: [GC (Allocation Failure) 38926K->435K(80256K), 0.0002300 secs]
780.156: [GC (Allocation Failure) 37558K->435K(78976K), 0.0002010 secs]
780.175: [GC (Allocation Failure) 36289K->435K(77760K), 0.0002210 secs]
780.237: [GC (Allocation Failure) 35116K->435K(76608K), 0.0002120 secs]
780.256: [GC (Allocation Failure) 33944K->435K(75520K), 0.0002030 secs]
780.270: [GC (Allocation Failure) 32870K->435K(82048K), 0.0003230 secs]
780.327: [GC (Allocation Failure) 39316K->435K(80704K), 0.0002100 secs]
780.343: [GC (Allocation Failure) 38047K->435K(79424K), 0.0002080 secs]
780.363: [GC (Allocation Failure) 36777K->435K(78208K), 0.0002250 secs]
780.412: [GC (Allocation Failure) 35507K->435K(77056K), 0.0002220 secs]
780.431: [GC (Allocation Failure) 34335K->435K(75904K), 0.0002120 secs]
780.445: [GC (Allocation Failure) 33261K->435K(74816K), 0.0002050 secs]
780.487: [GC (Allocation Failure) 32089K->435K(73792K), 0.0002230 secs]
780.500: [GC (Allocation Failure) 31112K->435K(72832K), 0.0002210 secs]
780.532: [GC (Allocation Failure) 30135K->435K(71872K), 0.0002150 secs]
780.548: [GC (Allocation Failure) 29158K->435K(70976K), 0.0002380 secs]
780.609: [GC (Allocation Failure) 28279K->435K(70144K), 0.0002400 secs]
780.631: [GC (Allocation Failure) 27498K->435K(69312K), 0.0002780 secs]
780.643: [GC (Allocation Failure) 26619K->435K(74560K), 0.0002050 secs]
780.661: [GC (Allocation Failure) 31893K->435K(80896K), 0.0002340 secs]
780.685: [GC (Allocation Failure) 38242K->435K(79616K), 0.0002040 secs]
780.701: [GC (Allocation Failure) 36972K->435K(86976K), 0.0002280 secs]
780.720: [GC (Allocation Failure) 44298K->435K(85376K), 0.0002090 secs]
780.749: [GC (Allocation Failure) 42735K->435K(83904K), 0.0002210 secs]
780.770: [GC (Allocation Failure) 41172K->435K(82496K), 0.0002110 secs]
780.836: [GC (Allocation Failure) 39805K->435K(81152K), 0.0002090 secs]
780.853: [GC (Allocation Failure) 38437K->435K(79872K), 0.0002170 secs]
780.917: [GC (Allocation Failure) 37168K->435K(78656K), 0.0002410 secs]
780.933: [GC (Allocation Failure) 35996K->435K(77440K), 0.0002180 secs]
780.949: [GC (Allocation Failure) 34726K->435K(76288K), 0.0002240 secs]
780.963: [GC (Allocation Failure) 33554K->435K(82944K), 0.0002040 secs]
781.037: [GC (Allocation Failure) 40293K->435K(81536K), 0.0002260 secs]
781.054: [GC (Allocation Failure) 38828K->435K(80192K), 0.0002150 secs]
781.070: [GC (Allocation Failure) 37461K->435K(78912K), 0.0002050 secs]
781.089: [GC (Allocation Failure) 36191K->435K(77696K), 0.0002130 secs]
781.135: [GC (Allocation Failure) 35019K->435K(76544K), 0.0002770 secs]
781.166: [GC (Allocation Failure) 33847K->435K(75456K), 0.0002160 secs]
781.188: [GC (Allocation Failure) 32772K->435K(74432K), 0.0002250 secs]
781.202: [GC (Allocation Failure) 31698K->435K(73408K), 0.0002070 secs]
781.219: [GC (Allocation Failure) 30721K->435K(72448K), 0.0002040 secs]
781.287: [GC (Allocation Failure) 29745K->435K(71552K), 0.0002090 secs]
781.303: [GC (Allocation Failure) 28865K->435K(70656K), 0.0002270 secs]
781.315: [GC (Allocation Failure) 27986K->435K(76224K), 0.0002070 secs]
781.335: [GC (Allocation Failure) 33554K->435K(82880K), 0.0002280 secs]
781.352: [GC (Allocation Failure) 40195K->435K(90880K), 0.0002160 secs]
781.395: [GC (Allocation Failure) 48204K->435K(89152K), 0.0002120 secs]
781.419: [GC (Allocation Failure) 46446K->435K(87488K), 0.0002030 secs]
781.438: [GC (Allocation Failure) 44786K->435K(85888K), 0.0002150 secs]
781.461: [GC (Allocation Failure) 43223K->435K(84352K), 0.0002140 secs]
781.479: [GC (Allocation Failure) 41660K->435K(82880K), 0.0002110 secs]
781.496: [GC (Allocation Failure) 40195K->435K(81472K), 0.0002050 secs]
781.512: [GC (Allocation Failure) 38828K->435K(80128K), 0.0002040 secs]
781.542: [GC (Allocation Failure) 37461K->435K(78848K), 0.0002450 secs]
781.559: [GC (Allocation Failure) 36191K->435K(77632K), 0.0002230 secs]
781.574: [GC (Allocation Failure) 34921K->435K(84544K), 0.0002080 secs]
781.642: [GC (Allocation Failure) 41856K->435K(83072K), 0.0002230 secs]
781.664: [GC (Allocation Failure) 40391K->435K(81664K), 0.0002030 secs]
781.685: [GC (Allocation Failure) 39023K->435K(80320K), 0.0002120 secs]
781.705: [GC (Allocation Failure) 37656K->435K(79040K), 0.0002200 secs]
781.841: [GC (Allocation Failure) 36386K->435K(77824K), 0.0002160 secs]
781.859: [GC (Allocation Failure) 35116K->435K(76672K), 0.0002130 secs]
781.878: [GC (Allocation Failure) 33944K->435K(75584K), 0.0002210 secs]
781.892: [GC (Allocation Failure) 32870K->435K(74560K), 0.0002150 secs]
781.910: [GC (Allocation Failure) 31893K->435K(73536K), 0.0002200 secs]
781.924: [GC (Allocation Failure) 30819K->435K(79680K), 0.0002060 secs]
781.944: [GC (Allocation Failure) 36972K->435K(87040K), 0.0002150 secs]
781.963: [GC (Allocation Failure) 44395K->435K(85440K), 0.0002070 secs]
781.982: [GC (Allocation Failure) 42735K->435K(83968K), 0.0002060 secs]
782.003: [GC (Allocation Failure) 41270K->435K(82560K), 0.0002140 secs]
782.138: [GC (Allocation Failure) 39902K->435K(81216K), 0.0002070 secs]
782.188: [GC (Allocation Failure) 38535K->435K(79936K), 0.0002780 secs]
782.241: [GC (Allocation Failure) 37265K->435K(78656K), 0.0002130 secs]
782.257: [GC (Allocation Failure) 35996K->435K(77440K), 0.0002240 secs]
782.271: [GC (Allocation Failure) 34726K->435K(76288K), 0.0002150 secs]
782.286: [GC (Allocation Failure) 33554K->435K(75200K), 0.0002040 secs]
782.435: [GC (Allocation Failure) 32479K->435K(74176K), 0.0002150 secs]
782.453: [GC (Allocation Failure) 31503K->435K(73152K), 0.0002150 secs]
782.489: [GC (Allocation Failure) 30428K->435K(72192K), 0.0002040 secs]
782.502: [GC (Allocation Failure) 29549K->435K(78016K), 0.0003230 secs]
782.540: [GC (Allocation Failure) 35312K->435K(76864K), 0.0002170 secs]
782.559: [GC (Allocation Failure) 34140K->435K(75776K), 0.0002030 secs]
782.589: [GC (Allocation Failure) 33065K->435K(74688K), 0.0002000 secs]
782.607: [GC (Allocation Failure) 31991K->435K(73664K), 0.0002010 secs]
782.629: [GC (Allocation Failure) 31014K->435K(72704K), 0.0002350 secs]
782.642: [GC (Allocation Failure) 30038K->435K(78656K), 0.0002040 secs]
782.661: [GC (Allocation Failure) 35996K->435K(85824K), 0.0002330 secs]
782.684: [GC (Allocation Failure) 43126K->435K(84288K), 0.0002220 secs]
782.745: [GC (Allocation Failure) 41563K->435K(82816K), 0.0002300 secs]
782.762: [GC (Allocation Failure) 40098K->435K(81408K), 0.0002750 secs]
782.839: [GC (Allocation Failure) 38730K->435K(80064K), 0.0002050 secs]
782.892: [GC (Allocation Failure) 37363K->435K(78784K), 0.0002120 secs]
782.912: [GC (Allocation Failure) 36093K->435K(77568K), 0.0002140 secs]
783.024: [GC (Allocation Failure) 34921K->435K(76416K), 0.0002160 secs]
783.091: [GC (Allocation Failure) 33749K->435K(75328K), 0.0002140 secs]
783.105: [GC (Allocation Failure) 32675K->435K(74304K), 0.0002700 secs]
783.146: [GC (Allocation Failure) 31600K->435K(73280K), 0.0002110 secs]
783.247: [GC (Allocation Failure) 30624K->435K(72320K), 0.0002170 secs]
783.264: [GC (Allocation Failure) 29647K->435K(71424K), 0.0002170 secs]
783.276: [GC (Allocation Failure) 28768K->435K(70528K), 0.0002150 secs]
783.288: [GC (Allocation Failure) 27889K->435K(76032K), 0.0002070 secs]
783.337: [GC (Allocation Failure) 33358K->435K(74944K), 0.0002260 secs]
783.351: [GC (Allocation Failure) 32284K->435K(73920K), 0.0002160 secs]
783.386: [GC (Allocation Failure) 31210K->435K(72960K), 0.0002240 secs]
783.399: [GC (Allocation Failure) 30233K->435K(78976K), 0.0002050 secs]
783.415: [GC (Allocation Failure) 36289K->435K(86208K), 0.0002160 secs]
783.442: [GC (Allocation Failure) 43516K->435K(84672K), 0.0002010 secs]
783.591: [GC (Allocation Failure) 41953K->435K(83200K), 0.0002240 secs]
783.612: [GC (Allocation Failure) 40488K->435K(81792K), 0.0002030 secs]
783.629: [GC (Allocation Failure) 39121K->435K(80448K), 0.0002150 secs]
783.649: [GC (Allocation Failure) 37754K->435K(79168K), 0.0002020 secs]
783.669: [GC (Allocation Failure) 36484K->435K(77952K), 0.0002120 secs]
783.688: [GC (Allocation Failure) 35312K->435K(76800K), 0.0002100 secs]
783.707: [GC (Allocation Failure) 34140K->435K(75712K), 0.0002300 secs]
783.721: [GC (Allocation Failure) 33065K->435K(74624K), 0.0002030 secs]
783.739: [GC (Allocation Failure) 31893K->435K(80960K), 0.0002130 secs]
783.894: [GC (Allocation Failure) 38242K->435K(79680K), 0.0003340 secs]
783.910: [GC (Allocation Failure) 36972K->435K(78464K), 0.0002150 secs]
783.929: [GC (Allocation Failure) 35800K->435K(85568K), 0.0009780 secs]
783.996: [GC (Allocation Failure) 42930K->435K(94080K), 0.0002280 secs]
784.018: [GC (Allocation Failure) 51432K->435K(104320K), 0.0002160 secs]
784.051: [GC (Allocation Failure) 61590K->435K(101952K), 0.0002220 secs]
784.155: [GC (Allocation Failure) 59245K->435K(99648K), 0.0002250 secs]
784.183: [GC (Allocation Failure) 56999K->435K(97472K), 0.0002010 secs]
784.207: [GC (Allocation Failure) 54753K->435K(95424K), 0.0002070 secs]
784.251: [GC (Allocation Failure) 52701K->435K(93440K), 0.0002250 secs]
784.274: [GC (Allocation Failure) 50748K->435K(91584K), 0.0002130 secs]
784.347: [GC (Allocation Failure) 48888K->435K(89792K), 0.0002170 secs]
784.367: [GC (Allocation Failure) 47130K->435K(88064K), 0.0002180 secs]
784.391: [GC (Allocation Failure) 45372K->435K(86464K), 0.0002150 secs]
784.455: [GC (Allocation Failure) 43809K->435K(84928K), 0.0002050 secs]
784.473: [GC (Allocation Failure) 42247K->435K(83456K), 0.0002720 secs]
784.543: [GC (Allocation Failure) 40781K->435K(82048K), 0.0003370 secs]
784.561: [GC (Allocation Failure) 39316K->435K(80704K), 0.0003390 secs]
784.592: [GC (Allocation Failure) 38047K->435K(79424K), 0.0002160 secs]
784.611: [GC (Allocation Failure) 36777K->435K(78208K), 0.0002750 secs]
784.631: [GC (Allocation Failure) 35507K->435K(77056K), 0.0002040 secs]
784.647: [GC (Allocation Failure) 34335K->435K(75904K), 0.0001900 secs]
784.661: [GC (Allocation Failure) 33261K->435K(82496K), 0.0002100 secs]
784.698: [GC (Allocation Failure) 39805K->435K(81152K), 0.0002430 secs]
784.720: [GC (Allocation Failure) 38437K->435K(79872K), 0.0002260 secs]
784.791: [GC (Allocation Failure) 37168K->435K(78656K), 0.0002060 secs]
784.840: [GC (Allocation Failure) 35996K->435K(77440K), 0.0002160 secs]
784.855: [GC (Allocation Failure) 34726K->435K(76288K), 0.0002140 secs]
784.869: [GC (Allocation Failure) 33554K->435K(75200K), 0.0002030 secs]
784.889: [GC (Allocation Failure) 32479K->435K(74176K), 0.0002170 secs]
784.906: [GC (Allocation Failure) 31503K->435K(73152K), 0.0002060 secs]
784.934: [GC (Allocation Failure) 30428K->435K(72192K), 0.0002160 secs]
784.951: [GC (Allocation Failure) 29549K->435K(71296K), 0.0002210 secs]
785.042: [GC (Allocation Failure) 28572K->435K(70400K), 0.0002150 secs]
785.058: [GC (Allocation Failure) 27693K->435K(69568K), 0.0002150 secs]
785.074: [GC (Allocation Failure) 26912K->435K(68800K), 0.0002140 secs]
785.089: [GC (Allocation Failure) 26131K->435K(68032K), 0.0002170 secs]
785.105: [GC (Allocation Failure) 25349K->435K(73024K), 0.0002680 secs]
785.118: [GC (Allocation Failure) 30331K->435K(79040K), 0.0002110 secs]
785.138: [GC (Allocation Failure) 36386K->435K(86272K), 0.0002150 secs]
785.175: [GC (Allocation Failure) 43614K->435K(84736K), 0.0002070 secs]
785.251: [GC (Allocation Failure) 42051K->435K(83264K), 0.0002170 secs]
785.268: [GC (Allocation Failure) 40586K->435K(81856K), 0.0002050 secs]
785.297: [GC (Allocation Failure) 39219K->435K(80512K), 0.0002430 secs]
785.318: [GC (Allocation Failure) 37851K->435K(79232K), 0.0002310 secs]
785.335: [GC (Allocation Failure) 36582K->435K(78016K), 0.0002620 secs]
785.351: [GC (Allocation Failure) 35312K->435K(76864K), 0.0002050 secs]
785.444: [GC (Allocation Failure) 34140K->435K(75776K), 0.0002190 secs]
785.464: [GC (Allocation Failure) 33065K->435K(74688K), 0.0002730 secs]
785.480: [GC (Allocation Failure) 31991K->435K(73664K), 0.0002070 secs]
785.539: [GC (Allocation Failure) 31014K->435K(72704K), 0.0002160 secs]
785.556: [GC (Allocation Failure) 30038K->435K(71808K), 0.0002180 secs]
785.569: [GC (Allocation Failure) 29158K->435K(70912K), 0.0002070 secs]
785.585: [GC (Allocation Failure) 28182K->435K(76480K), 0.0002120 secs]
785.645: [GC (Allocation Failure) 33749K->435K(75392K), 0.0002060 secs]
785.659: [GC (Allocation Failure) 32675K->435K(74368K), 0.0002310 secs]
785.677: [GC (Allocation Failure) 31698K->435K(73344K), 0.0002130 secs]
785.739: [GC (Allocation Failure) 30624K->435K(72384K), 0.0002160 secs]
785.756: [GC (Allocation Failure) 29745K->435K(71488K), 0.0002110 secs]
785.789: [GC (Allocation Failure) 28768K->435K(70592K), 0.0002720 secs]
785.904: [GC (Allocation Failure) 27889K->435K(69760K), 0.0002170 secs]
785.932: [GC (Allocation Failure) 27107K->435K(68992K), 0.0002040 secs]
785.988: [GC (Allocation Failure) 26326K->435K(68224K), 0.0002150 secs]
785.999: [GC (Allocation Failure) 25545K->435K(67520K), 0.0002050 secs]
786.013: [GC (Allocation Failure) 24857K->435K(66816K), 0.0002120 secs]
786.027: [GC (Allocation Failure) 24173K->435K(71616K), 0.0002150 secs]
786.040: [GC (Allocation Failure) 28963K->435K(77376K), 0.0002080 secs]
786.139: [GC (Allocation Failure) 34726K->435K(76224K), 0.0002210 secs]
786.158: [GC (Allocation Failure) 33554K->435K(75136K), 0.0002100 secs]
786.247: [GC (Allocation Failure) 32479K->435K(74112K), 0.0002120 secs]
786.265: [GC (Allocation Failure) 31405K->435K(73152K), 0.0002120 secs]
786.280: [GC (Allocation Failure) 30428K->435K(72192K), 0.0002120 secs]
786.293: [GC (Allocation Failure) 29549K->435K(78016K), 0.0002250 secs]
786.354: [GC (Allocation Failure) 35312K->435K(76864K), 0.0002160 secs]
786.372: [GC (Allocation Failure) 34140K->435K(75776K), 0.0002030 secs]
786.387: [GC (Allocation Failure) 33065K->435K(74688K), 0.0002150 secs]
786.443: [GC (Allocation Failure) 31991K->435K(73664K), 0.0002060 secs]
786.493: [GC (Allocation Failure) 31014K->435K(72704K), 0.0002140 secs]
786.510: [GC (Allocation Failure) 30038K->435K(71808K), 0.0002130 secs]
786.523: [GC (Allocation Failure) 29158K->435K(70912K), 0.0002190 secs]
786.546: [GC (Allocation Failure) 28182K->435K(70080K), 0.0002270 secs]
786.558: [GC (Allocation Failure) 27400K->435K(75520K), 0.0002760 secs]
786.577: [GC (Allocation Failure) 32870K->435K(82048K), 0.0002220 secs]
786.597: [GC (Allocation Failure) 39316K->435K(89856K), 0.0002100 secs]
786.639: [GC (Allocation Failure) 47130K->435K(88128K), 0.0002240 secs]
786.664: [GC (Allocation Failure) 45470K->435K(86528K), 0.0002050 secs]
786.683: [GC (Allocation Failure) 43809K->435K(84992K), 0.0002060 secs]
786.753: [GC (Allocation Failure) 42344K->435K(83520K), 0.0002170 secs]
786.774: [GC (Allocation Failure) 40879K->435K(82112K), 0.0002080 secs]
786.847: [GC (Allocation Failure) 39414K->435K(80768K), 0.0002190 secs]
786.863: [GC (Allocation Failure) 38047K->435K(79488K), 0.0002060 secs]
786.880: [GC (Allocation Failure) 36777K->435K(78272K), 0.0002120 secs]
786.940: [GC (Allocation Failure) 35605K->435K(77120K), 0.0002240 secs]
786.955: [GC (Allocation Failure) 34433K->435K(75968K), 0.0002050 secs]
786.973: [GC (Allocation Failure) 33261K->435K(74880K), 0.0002100 secs]
786.991: [GC (Allocation Failure) 32186K->435K(73856K), 0.0002300 secs]
787.009: [GC (Allocation Failure) 31210K->435K(72896K), 0.0002380 secs]
787.093: [GC (Allocation Failure) 30233K->435K(71936K), 0.0002030 secs]
787.147: [GC (Allocation Failure) 29256K->435K(71040K), 0.0002290 secs]
787.160: [GC (Allocation Failure) 28377K->435K(70208K), 0.0002800 secs]
787.172: [GC (Allocation Failure) 27498K->435K(75648K), 0.0002190 secs]
787.187: [GC (Allocation Failure) 32968K->435K(82176K), 0.0002040 secs]
787.208: [GC (Allocation Failure) 39512K->435K(90048K), 0.0002130 secs]
787.305: [GC (Allocation Failure) 47325K->435K(88320K), 0.0002070 secs]
787.328: [GC (Allocation Failure) 45665K->435K(86656K), 0.0002030 secs]
787.348: [GC (Allocation Failure) 44005K->435K(85120K), 0.0002150 secs]
787.370: [GC (Allocation Failure) 42442K->435K(83648K), 0.0002150 secs]
787.392: [GC (Allocation Failure) 40977K->435K(82240K), 0.0002150 secs]
787.452: [GC (Allocation Failure) 39512K->435K(80896K), 0.0002060 secs]
787.472: [GC (Allocation Failure) 38242K->435K(79616K), 0.0002130 secs]
787.552: [GC (Allocation Failure) 36972K->435K(78400K), 0.0002190 secs]
787.567: [GC (Allocation Failure) 35702K->435K(77248K), 0.0002050 secs]
787.582: [GC (Allocation Failure) 34530K->435K(76096K), 0.0002110 secs]
787.646: [GC (Allocation Failure) 33456K->435K(75008K), 0.0002140 secs]
787.663: [GC (Allocation Failure) 32284K->435K(73984K), 0.0002030 secs]
787.677: [GC (Allocation Failure) 31307K->435K(73024K), 0.0002140 secs]
787.694: [GC (Allocation Failure) 30331K->435K(72064K), 0.0002100 secs]
787.744: [GC (Allocation Failure) 29354K->435K(71168K), 0.0002460 secs]
787.760: [GC (Allocation Failure) 28475K->435K(70336K), 0.0002210 secs]
787.893: [GC (Allocation Failure) 27693K->435K(69504K), 0.0002050 secs]
787.932: [GC (Allocation Failure) 26814K->435K(68736K), 0.0002110 secs]
787.944: [GC (Allocation Failure) 26033K->435K(67968K), 0.0002190 secs]
787.992: [GC (Allocation Failure) 25250K->435K(67264K), 0.0002050 secs]
788.020: [GC (Allocation Failure) 24564K->435K(66560K), 0.0002200 secs]
788.030: [GC (Allocation Failure) 23880K->435K(65920K), 0.0002070 secs]
788.130: [GC (Allocation Failure) 23196K->435K(65280K), 0.0002250 secs]
788.192: [GC (Allocation Failure) 22610K->435K(64640K), 0.0002660 secs]
788.241: [GC (Allocation Failure) 21927K->435K(64064K), 0.0002130 secs]
788.250: [GC (Allocation Failure) 21341K->435K(63488K), 0.0002160 secs]
788.295: [GC (Allocation Failure) 20755K->435K(62976K), 0.0002170 secs]
788.308: [GC (Allocation Failure) 20266K->435K(62464K), 0.0002180 secs]
788.317: [GC (Allocation Failure) 19778K->435K(66368K), 0.0002790 secs]
788.331: [GC (Allocation Failure) 23685K->435K(71040K), 0.0002170 secs]
788.412: [GC (Allocation Failure) 28377K->435K(76672K), 0.0002240 secs]
788.431: [GC (Allocation Failure) 33944K->435K(83392K), 0.0002090 secs]
788.448: [GC (Allocation Failure) 40684K->435K(91456K), 0.0002170 secs]
788.507: [GC (Allocation Failure) 48791K->435K(89664K), 0.0002130 secs]
788.527: [GC (Allocation Failure) 46935K->435K(87936K), 0.0002760 secs]
788.597: [GC (Allocation Failure) 45274K->435K(86336K), 0.0002190 secs]
788.620: [GC (Allocation Failure) 43614K->435K(84800K), 0.0002710 secs]
788.643: [GC (Allocation Failure) 42149K->435K(83328K), 0.0002220 secs]
788.661: [GC (Allocation Failure) 40684K->435K(81920K), 0.0002100 secs]
788.690: [GC (Allocation Failure) 39219K->435K(80576K), 0.0002310 secs]
788.707: [GC (Allocation Failure) 37851K->435K(79296K), 0.0002050 secs]
788.726: [GC (Allocation Failure) 36582K->435K(78080K), 0.0002120 secs]
788.757: [GC (Allocation Failure) 35409K->435K(76928K), 0.0002070 secs]
788.771: [GC (Allocation Failure) 34237K->435K(75840K), 0.0002160 secs]
788.786: [GC (Allocation Failure) 33163K->435K(82432K), 0.0002060 secs]
788.854: [GC (Allocation Failure) 39707K->435K(81088K), 0.0002220 secs]
788.874: [GC (Allocation Failure) 38437K->435K(79808K), 0.0002140 secs]
788.903: [GC (Allocation Failure) 37168K->435K(78592K), 0.0004120 secs]
788.921: [GC (Allocation Failure) 35898K->435K(77376K), 0.0002160 secs]
788.940: [GC (Allocation Failure) 34726K->435K(76224K), 0.0002140 secs]
789.051: [GC (Allocation Failure) 33554K->435K(75136K), 0.0002040 secs]
789.065: [GC (Allocation Failure) 32479K->435K(81600K), 0.0003220 secs]
789.100: [GC (Allocation Failure) 38926K->435K(80256K), 0.0002160 secs]
789.141: [GC (Allocation Failure) 37558K->435K(78976K), 0.0001970 secs]
789.160: [GC (Allocation Failure) 36289K->435K(77760K), 0.0002110 secs]
789.179: [GC (Allocation Failure) 35116K->435K(76608K), 0.0002130 secs]
789.252: [GC (Allocation Failure) 33944K->435K(75520K), 0.0002800 secs]
789.335: [GC (Allocation Failure) 32870K->435K(74496K), 0.0002210 secs]
789.401: [GC (Allocation Failure) 31796K->435K(73472K), 0.0002140 secs]
789.419: [GC (Allocation Failure) 30819K->435K(72512K), 0.0002030 secs]
789.450: [GC (Allocation Failure) 29842K->435K(71616K), 0.0002030 secs]
789.463: [GC (Allocation Failure) 28963K->435K(70720K), 0.0002210 secs]
789.496: [GC (Allocation Failure) 27986K->435K(69888K), 0.0002160 secs]
789.585: [GC (Allocation Failure) 27205K->435K(69056K), 0.0003170 secs]
789.596: [GC (Allocation Failure) 26326K->435K(68288K), 0.0002050 secs]
789.611: [GC (Allocation Failure) 25642K->435K(67520K), 0.0002200 secs]
789.695: [GC (Allocation Failure) 24857K->435K(66816K), 0.0002230 secs]
789.705: [GC (Allocation Failure) 24173K->435K(71616K), 0.0002120 secs]
789.737: [GC (Allocation Failure) 28963K->435K(70720K), 0.0002220 secs]
789.750: [GC (Allocation Failure) 27986K->435K(76288K), 0.0002180 secs]
789.791: [GC (Allocation Failure) 33554K->435K(75200K), 0.0002420 secs]
789.805: [GC (Allocation Failure) 32479K->435K(81664K), 0.0002720 secs]
789.914: [GC (Allocation Failure) 39023K->435K(80320K), 0.0002040 secs]
789.956: [GC (Allocation Failure) 37656K->435K(79040K), 0.0002130 secs]
790.004: [GC (Allocation Failure) 36386K->435K(77824K), 0.0002150 secs]
790.023: [GC (Allocation Failure) 35116K->435K(76672K), 0.0002110 secs]
790.040: [GC (Allocation Failure) 33944K->435K(75584K), 0.0002110 secs]
790.054: [GC (Allocation Failure) 32870K->435K(82112K), 0.0002770 secs]
790.105: [GC (Allocation Failure) 39414K->435K(80768K), 0.0002230 secs]
790.126: [GC (Allocation Failure) 38047K->435K(79488K), 0.0002150 secs]
790.142: [GC (Allocation Failure) 36777K->435K(78272K), 0.0002050 secs]
790.204: [GC (Allocation Failure) 35605K->435K(77120K), 0.0002280 secs]
790.220: [GC (Allocation Failure) 34433K->435K(75968K), 0.0002660 secs]
790.249: [GC (Allocation Failure) 33261K->435K(74880K), 0.0002270 secs]
790.263: [GC (Allocation Failure) 32186K->435K(73856K), 0.0002060 secs]
790.298: [GC (Allocation Failure) 31210K->435K(72896K), 0.0002130 secs]
790.311: [GC (Allocation Failure) 30233K->435K(78912K), 0.0002160 secs]
790.351: [GC (Allocation Failure) 36191K->435K(77696K), 0.0002780 secs]
790.380: [GC (Allocation Failure) 35019K->435K(76544K), 0.0002330 secs]
790.399: [GC (Allocation Failure) 33847K->435K(75456K), 0.0002050 secs]
790.417: [GC (Allocation Failure) 32772K->435K(74432K), 0.0002030 secs]
790.431: [GC (Allocation Failure) 31698K->435K(80704K), 0.0002310 secs]
790.448: [GC (Allocation Failure) 38047K->435K(88256K), 0.0002190 secs]
790.505: [GC (Allocation Failure) 45567K->435K(86592K), 0.0002070 secs]
790.554: [GC (Allocation Failure) 43907K->435K(85056K), 0.0002260 secs]
790.572: [GC (Allocation Failure) 42344K->435K(83584K), 0.0002050 secs]
790.598: [GC (Allocation Failure) 40879K->435K(82176K), 0.0002290 secs]
790.619: [GC (Allocation Failure) 39512K->435K(80832K), 0.0002140 secs]
790.636: [GC (Allocation Failure) 38144K->435K(79552K), 0.0002030 secs]
790.652: [GC (Allocation Failure) 36875K->435K(78336K), 0.0002000 secs]
790.671: [GC (Allocation Failure) 35605K->435K(77184K), 0.0002720 secs]
790.690: [GC (Allocation Failure) 34530K->435K(84032K), 0.0002230 secs]
790.807: [GC (Allocation Failure) 41367K->435K(82624K), 0.0002190 secs]
790.825: [GC (Allocation Failure) 39902K->435K(81280K), 0.0002240 secs]
790.841: [GC (Allocation Failure) 38633K->435K(80000K), 0.0002140 secs]
790.902: [GC (Allocation Failure) 37363K->435K(78720K), 0.0002080 secs]
790.951: [GC (Allocation Failure) 35996K->435K(77504K), 0.0002070 secs]
791.101: [GC (Allocation Failure) 34823K->435K(76352K), 0.0002240 secs]
791.119: [GC (Allocation Failure) 33651K->435K(75264K), 0.0002120 secs]
791.153: [GC (Allocation Failure) 32577K->435K(74240K), 0.0002150 secs]
791.170: [GC (Allocation Failure) 31600K->435K(73216K), 0.0002120 secs]
791.199: [GC (Allocation Failure) 30526K->435K(72256K), 0.0002760 secs]
791.249: [GC (Allocation Failure) 29549K->435K(71360K), 0.0002080 secs]
791.337: [GC (Allocation Failure) 28670K->435K(70464K), 0.0002290 secs]
791.354: [GC (Allocation Failure) 27791K->435K(69632K), 0.0002130 secs]
791.402: [GC (Allocation Failure) 26912K->435K(68864K), 0.0002130 secs]
791.417: [GC (Allocation Failure) 26131K->435K(68096K), 0.0002280 secs]
791.429: [GC (Allocation Failure) 25447K->435K(73152K), 0.0002640 secs]
791.499: [GC (Allocation Failure) 30428K->435K(72192K), 0.0002250 secs]
791.516: [GC (Allocation Failure) 29549K->435K(71296K), 0.0002120 secs]
791.537: [GC (Allocation Failure) 28572K->435K(70400K), 0.0002050 secs]
791.553: [GC (Allocation Failure) 27693K->435K(69568K), 0.0002200 secs]
791.569: [GC (Allocation Failure) 26912K->435K(68800K), 0.0002040 secs]
791.584: [GC (Allocation Failure) 26131K->435K(73984K), 0.0002140 secs]
791.598: [GC (Allocation Failure) 31307K->435K(80192K), 0.0002200 secs]
791.614: [GC (Allocation Failure) 37461K->435K(87616K), 0.0002030 secs]
791.633: [GC (Allocation Failure) 44884K->435K(96576K), 0.0002050 secs]
791.656: [GC (Allocation Failure) 53873K->435K(94528K), 0.0002150 secs]
791.709: [GC (Allocation Failure) 51822K->435K(92608K), 0.0002150 secs]
791.731: [GC (Allocation Failure) 49967K->435K(90752K), 0.0002050 secs]
791.755: [GC (Allocation Failure) 48107K->435K(89024K), 0.0002110 secs]
791.811: [GC (Allocation Failure) 46349K->435K(87360K), 0.0002120 secs]
791.834: [GC (Allocation Failure) 44688K->435K(85760K), 0.0002100 secs]
791.856: [GC (Allocation Failure) 43028K->435K(84224K), 0.0002710 secs]
791.910: [GC (Allocation Failure) 41563K->435K(82752K), 0.0002150 secs]
791.932: [GC (Allocation Failure) 40098K->435K(81344K), 0.0002020 secs]
792.008: [GC (Allocation Failure) 38633K->435K(80000K), 0.0002130 secs]
792.024: [GC (Allocation Failure) 37363K->435K(78720K), 0.0002050 secs]
792.057: [GC (Allocation Failure) 35996K->435K(77504K), 0.0002430 secs]
792.072: [GC (Allocation Failure) 34823K->435K(76352K), 0.0002060 secs]
792.087: [GC (Allocation Failure) 33651K->435K(75264K), 0.0001990 secs]
792.105: [GC (Allocation Failure) 32577K->435K(74240K), 0.0002020 secs]
792.123: [GC (Allocation Failure) 31600K->435K(73216K), 0.0002180 secs]
792.136: [GC (Allocation Failure) 30526K->435K(79296K), 0.0002210 secs]
792.156: [GC (Allocation Failure) 36582K->435K(86592K), 0.0002120 secs]
792.256: [GC (Allocation Failure) 43907K->435K(85056K), 0.0002030 secs]
792.309: [GC (Allocation Failure) 42344K->435K(83584K), 0.0002130 secs]
792.326: [GC (Allocation Failure) 40879K->435K(82176K), 0.0002060 secs]
792.357: [GC (Allocation Failure) 39512K->435K(80832K), 0.0002190 secs]
792.373: [GC (Allocation Failure) 38144K->435K(79552K), 0.0002080 secs]
792.389: [GC (Allocation Failure) 36875K->435K(78336K), 0.0002000 secs]
792.408: [GC (Allocation Failure) 35605K->435K(77184K), 0.0002720 secs]
792.427: [GC (Allocation Failure) 34530K->435K(76032K), 0.0002190 secs]
792.443: [GC (Allocation Failure) 33358K->435K(82624K), 0.0002120 secs]
792.460: [GC (Allocation Failure) 39902K->435K(90560K), 0.0002040 secs]
792.485: [GC (Allocation Failure) 47911K->435K(88832K), 0.0002140 secs]
792.505: [GC (Allocation Failure) 46153K->435K(87168K), 0.0002020 secs]
792.524: [GC (Allocation Failure) 44493K->435K(85568K), 0.0002030 secs]
792.542: [GC (Allocation Failure) 42930K->435K(84032K), 0.0002030 secs]
792.597: [GC (Allocation Failure) 41367K->435K(82624K), 0.0002110 secs]
792.636: [GC (Allocation Failure) 39902K->435K(81280K), 0.0002840 secs]
792.657: [GC (Allocation Failure) 38633K->435K(80000K), 0.0002230 secs]
792.673: [GC (Allocation Failure) 37363K->435K(78720K), 0.0002690 secs]
792.708: [GC (Allocation Failure) 35996K->435K(77504K), 0.0002240 secs]
792.723: [GC (Allocation Failure) 34823K->435K(76352K), 0.0002040 secs]
792.762: [GC (Allocation Failure) 33651K->435K(75264K), 0.0002290 secs]
792.780: [GC (Allocation Failure) 32577K->435K(74240K), 0.0002280 secs]
792.802: [GC (Allocation Failure) 31600K->435K(73216K), 0.0002740 secs]
792.856: [GC (Allocation Failure) 30526K->435K(72256K), 0.0002270 secs]
792.869: [GC (Allocation Failure) 29549K->435K(78144K), 0.0003340 secs]
792.904: [GC (Allocation Failure) 35409K->435K(85184K), 0.0002310 secs]
792.923: [GC (Allocation Failure) 42540K->435K(83712K), 0.0002030 secs]
792.960: [GC (Allocation Failure) 41074K->435K(82304K), 0.0002110 secs]
792.981: [GC (Allocation Failure) 39609K->435K(80960K), 0.0002090 secs]
793.001: [GC (Allocation Failure) 38242K->435K(79680K), 0.0002200 secs]
793.105: [GC (Allocation Failure) 36972K->435K(78464K), 0.0002240 secs]
793.154: [GC (Allocation Failure) 35800K->435K(77312K), 0.0002140 secs]
793.173: [GC (Allocation Failure) 34628K->435K(76160K), 0.0002170 secs]
793.203: [GC (Allocation Failure) 33456K->435K(75072K), 0.0002160 secs]
793.217: [GC (Allocation Failure) 32382K->435K(74048K), 0.0002720 secs]
793.256: [GC (Allocation Failure) 31405K->435K(73088K), 0.0002180 secs]
793.274: [GC (Allocation Failure) 30428K->435K(72128K), 0.0002060 secs]
793.289: [GC (Allocation Failure) 29451K->435K(71232K), 0.0002350 secs]
793.302: [GC (Allocation Failure) 28572K->435K(76864K), 0.0002040 secs]
793.408: [GC (Allocation Failure) 34140K->435K(75776K), 0.0002120 secs]
793.422: [GC (Allocation Failure) 33065K->435K(82368K), 0.0003220 secs]
793.442: [GC (Allocation Failure) 39707K->435K(90240K), 0.0002150 secs]
793.514: [GC (Allocation Failure) 47521K->435K(88512K), 0.0002130 secs]
793.538: [GC (Allocation Failure) 45860K->435K(86848K), 0.0002120 secs]
793.558: [GC (Allocation Failure) 44200K->435K(85312K), 0.0002130 secs]
793.590: [GC (Allocation Failure) 42637K->435K(83840K), 0.0003300 secs]
793.612: [GC (Allocation Failure) 41172K->435K(82432K), 0.0002090 secs]
793.629: [GC (Allocation Failure) 39707K->435K(81088K), 0.0002070 secs]
793.661: [GC (Allocation Failure) 38437K->435K(79808K), 0.0002170 secs]
793.681: [GC (Allocation Failure) 37168K->435K(78592K), 0.0002070 secs]
793.759: [GC (Allocation Failure) 35898K->435K(77376K), 0.0002030 secs]
793.778: [GC (Allocation Failure) 34726K->435K(76224K), 0.0002050 secs]
793.797: [GC (Allocation Failure) 33554K->435K(75136K), 0.0002160 secs]
793.858: [GC (Allocation Failure) 32479K->435K(74112K), 0.0002110 secs]
793.875: [GC (Allocation Failure) 31405K->435K(73152K), 0.0002030 secs]
793.890: [GC (Allocation Failure) 30428K->435K(72192K), 0.0002140 secs]
793.937: [GC (Allocation Failure) 29549K->435K(71296K), 0.0004080 secs]
793.952: [GC (Allocation Failure) 28572K->435K(70400K), 0.0002170 secs]
794.005: [GC (Allocation Failure) 27693K->435K(69568K), 0.0002180 secs]
794.021: [GC (Allocation Failure) 26912K->435K(68800K), 0.0002170 secs]
794.037: [GC (Allocation Failure) 26131K->435K(68032K), 0.0002180 secs]
794.052: [GC (Allocation Failure) 25349K->435K(73024K), 0.0002190 secs]
794.065: [GC (Allocation Failure) 30331K->435K(79040K), 0.0002150 secs]
794.085: [GC (Allocation Failure) 36386K->435K(86272K), 0.0002000 secs]
794.103: [GC (Allocation Failure) 43614K->435K(94912K), 0.0002190 secs]
794.130: [GC (Allocation Failure) 52213K->435K(92992K), 0.0002120 secs]
794.166: [GC (Allocation Failure) 50260K->435K(91136K), 0.0002070 secs]
794.187: [GC (Allocation Failure) 48498K->435K(89344K), 0.0002150 secs]
794.207: [GC (Allocation Failure) 46642K->435K(87680K), 0.0002770 secs]
794.314: [GC (Allocation Failure) 44981K->435K(86080K), 0.0002240 secs]
794.332: [GC (Allocation Failure) 43419K->435K(84544K), 0.0002050 secs]
794.354: [GC (Allocation Failure) 41856K->435K(83072K), 0.0002200 secs]
794.412: [GC (Allocation Failure) 40391K->435K(81664K), 0.0002120 secs]
794.432: [GC (Allocation Failure) 39023K->435K(80320K), 0.0002080 secs]
794.453: [GC (Allocation Failure) 37656K->435K(79040K), 0.0002110 secs]
794.536: [GC (Allocation Failure) 36386K->435K(77824K), 0.0002750 secs]
794.593: [GC (Allocation Failure) 35116K->435K(76672K), 0.0002180 secs]
794.607: [GC (Allocation Failure) 33944K->435K(75584K), 0.0002070 secs]
794.634: [GC (Allocation Failure) 32870K->435K(74560K), 0.0002130 secs]
794.648: [GC (Allocation Failure) 31893K->435K(73536K), 0.0002800 secs]
794.662: [GC (Allocation Failure) 30819K->435K(79680K), 0.0001990 secs]
794.691: [GC (Allocation Failure) 36972K->435K(78464K), 0.0002070 secs]
794.707: [GC (Allocation Failure) 35800K->435K(77312K), 0.0002150 secs]
794.725: [GC (Allocation Failure) 34628K->435K(84160K), 0.0002210 secs]
794.768: [GC (Allocation Failure) 41465K->435K(82688K), 0.0002320 secs]
794.790: [GC (Allocation Failure) 40000K->435K(81344K), 0.0002290 secs]
794.811: [GC (Allocation Failure) 38633K->435K(80000K), 0.0002180 secs]
794.828: [GC (Allocation Failure) 37363K->435K(78720K), 0.0002680 secs]
794.856: [GC (Allocation Failure) 35996K->435K(77504K), 0.0002240 secs]
794.875: [GC (Allocation Failure) 34823K->435K(76352K), 0.0002010 secs]
794.890: [GC (Allocation Failure) 33651K->435K(75264K), 0.0001990 secs]
794.959: [GC (Allocation Failure) 32577K->435K(74240K), 0.0002150 secs]
794.977: [GC (Allocation Failure) 31600K->435K(73216K), 0.0002020 secs]
794.990: [GC (Allocation Failure) 30526K->435K(79296K), 0.0003230 secs]
795.136: [GC (Allocation Failure) 36582K->435K(78080K), 0.0002260 secs]
795.152: [GC (Allocation Failure) 35409K->435K(76928K), 0.0002120 secs]
795.207: [GC (Allocation Failure) 34237K->435K(75840K), 0.0002160 secs]
795.225: [GC (Allocation Failure) 33163K->435K(82432K), 0.0003460 secs]
795.242: [GC (Allocation Failure) 39707K->435K(90304K), 0.0002140 secs]
795.271: [GC (Allocation Failure) 47618K->435K(88576K), 0.0002210 secs]
795.292: [GC (Allocation Failure) 45860K->435K(86912K), 0.0002120 secs]
795.340: [GC (Allocation Failure) 44200K->435K(85312K), 0.0002190 secs]
795.411: [GC (Allocation Failure) 42637K->435K(83840K), 0.0002230 secs]
795.464: [GC (Allocation Failure) 41172K->435K(82432K), 0.0002200 secs]
795.489: [GC (Allocation Failure) 39707K->435K(81088K), 0.0002760 secs]
795.562: [GC (Allocation Failure) 38437K->435K(79808K), 0.0002130 secs]
795.578: [GC (Allocation Failure) 37168K->435K(78592K), 0.0002710 secs]
795.608: [GC (Allocation Failure) 35898K->435K(77376K), 0.0002180 secs]
795.810: [GC (Allocation Failure) 34726K->435K(76224K), 0.0002240 secs]
795.829: [GC (Allocation Failure) 33554K->435K(75136K), 0.0002010 secs]
795.843: [GC (Allocation Failure) 32479K->435K(74112K), 0.0002170 secs]
795.906: [GC (Allocation Failure) 31405K->435K(73152K), 0.0002150 secs]
795.964: [GC (Allocation Failure) 30428K->435K(72192K), 0.0002160 secs]
795.977: [GC (Allocation Failure) 29549K->435K(78016K), 0.0003310 secs]
796.012: [GC (Allocation Failure) 35312K->435K(76864K), 0.0002140 secs]
796.031: [GC (Allocation Failure) 34140K->435K(75776K), 0.0002170 secs]
796.045: [GC (Allocation Failure) 33065K->435K(82368K), 0.0002160 secs]
796.066: [GC (Allocation Failure) 39707K->435K(81024K), 0.0002230 secs]
796.109: [GC (Allocation Failure) 38340K->435K(79744K), 0.0002110 secs]
796.159: [GC (Allocation Failure) 37070K->435K(78528K), 0.0002150 secs]
796.178: [GC (Allocation Failure) 35800K->435K(77312K), 0.0002150 secs]
796.193: [GC (Allocation Failure) 34628K->435K(76160K), 0.0002090 secs]
796.211: [GC (Allocation Failure) 33456K->435K(75072K), 0.0002140 secs]
796.229: [GC (Allocation Failure) 32382K->435K(74048K), 0.0002220 secs]
796.311: [GC (Allocation Failure) 31405K->435K(73088K), 0.0002120 secs]
796.328: [GC (Allocation Failure) 30428K->435K(72128K), 0.0002210 secs]
796.343: [GC (Allocation Failure) 29451K->435K(71232K), 0.0002160 secs]
796.360: [GC (Allocation Failure) 28572K->435K(70400K), 0.0002290 secs]
796.409: [GC (Allocation Failure) 27693K->435K(69568K), 0.0002250 secs]
796.424: [GC (Allocation Failure) 26912K->435K(68800K), 0.0002320 secs]
796.439: [GC (Allocation Failure) 26131K->435K(73984K), 0.0002160 secs]
796.453: [GC (Allocation Failure) 31307K->435K(80192K), 0.0002070 secs]
796.608: [GC (Allocation Failure) 37461K->435K(78912K), 0.0002290 secs]
796.628: [GC (Allocation Failure) 36191K->435K(77696K), 0.0002120 secs]
796.660: [GC (Allocation Failure) 35019K->435K(76544K), 0.0002120 secs]
796.708: [GC (Allocation Failure) 33847K->435K(75456K), 0.0002190 secs]
796.762: [GC (Allocation Failure) 32772K->435K(74432K), 0.0002210 secs]
796.775: [GC (Allocation Failure) 31698K->435K(73408K), 0.0002070 secs]
796.811: [GC (Allocation Failure) 30721K->435K(72448K), 0.0002220 secs]
796.825: [GC (Allocation Failure) 29745K->435K(78336K), 0.0002820 secs]
796.912: [GC (Allocation Failure) 35605K->435K(77184K), 0.0003340 secs]
796.932: [GC (Allocation Failure) 34530K->435K(76032K), 0.0002030 secs]
797.008: [GC (Allocation Failure) 33358K->435K(74944K), 0.0002740 secs]
797.058: [GC (Allocation Failure) 32284K->435K(73920K), 0.0002080 secs]
797.138: [GC (Allocation Failure) 31210K->435K(72960K), 0.0002400 secs]
797.157: [GC (Allocation Failure) 30233K->435K(72000K), 0.0002220 secs]
797.210: [GC (Allocation Failure) 29354K->435K(71104K), 0.0002190 secs]
797.223: [GC (Allocation Failure) 28377K->435K(70272K), 0.0002190 secs]
797.310: [GC (Allocation Failure) 27596K->435K(69440K), 0.0002240 secs]
797.325: [GC (Allocation Failure) 26717K->435K(68672K), 0.0002160 secs]
797.337: [GC (Allocation Failure) 26033K->435K(67904K), 0.0002120 secs]
797.352: [GC (Allocation Failure) 25250K->435K(72896K), 0.0002140 secs]
797.462: [GC (Allocation Failure) 30233K->435K(71936K), 0.0002050 secs]
797.478: [GC (Allocation Failure) 29256K->435K(71040K), 0.0002200 secs]
797.490: [GC (Allocation Failure) 28377K->435K(76672K), 0.0002060 secs]
797.560: [GC (Allocation Failure) 33944K->435K(75584K), 0.0002140 secs]
797.609: [GC (Allocation Failure) 32870K->435K(74560K), 0.0002310 secs]
797.627: [GC (Allocation Failure) 31893K->435K(73536K), 0.0002060 secs]
797.644: [GC (Allocation Failure) 30819K->435K(72576K), 0.0002150 secs]
797.762: [GC (Allocation Failure) 29842K->435K(71680K), 0.0002040 secs]
797.774: [GC (Allocation Failure) 28963K->435K(70784K), 0.0002310 secs]
797.786: [GC (Allocation Failure) 28084K->435K(76352K), 0.0002040 secs]
797.859: [GC (Allocation Failure) 33651K->435K(75264K), 0.0002050 secs]
797.910: [GC (Allocation Failure) 32577K->435K(74240K), 0.0002220 secs]
797.943: [GC (Allocation Failure) 31600K->435K(73216K), 0.0002230 secs]
797.956: [GC (Allocation Failure) 30526K->435K(72256K), 0.0002160 secs]
798.041: [GC (Allocation Failure) 29549K->435K(71360K), 0.0002140 secs]
798.057: [GC (Allocation Failure) 28670K->435K(70464K), 0.0002170 secs]
798.070: [GC (Allocation Failure) 27791K->435K(69632K), 0.0002130 secs]
798.081: [GC (Allocation Failure) 26912K->435K(74944K), 0.0002030 secs]
798.114: [GC (Allocation Failure) 32284K->435K(73920K), 0.0002210 secs]
798.131: [GC (Allocation Failure) 31210K->435K(80128K), 0.0002240 secs]
798.166: [GC (Allocation Failure) 37461K->435K(78848K), 0.0002050 secs]
798.181: [GC (Allocation Failure) 36191K->435K(77632K), 0.0002150 secs]
798.196: [GC (Allocation Failure) 34921K->435K(84544K), 0.0002020 secs]
798.339: [GC (Allocation Failure) 41856K->435K(83072K), 0.0002190 secs]
798.367: [GC (Allocation Failure) 40391K->435K(81664K), 0.0002090 secs]
798.383: [GC (Allocation Failure) 39023K->435K(80320K), 0.0002070 secs]
798.400: [GC (Allocation Failure) 37656K->435K(79040K), 0.0002070 secs]
798.419: [GC (Allocation Failure) 36386K->435K(77824K), 0.0002120 secs]
798.465: [GC (Allocation Failure) 35116K->435K(76672K), 0.0002080 secs]
798.483: [GC (Allocation Failure) 33944K->435K(75584K), 0.0002030 secs]
798.514: [GC (Allocation Failure) 32870K->435K(74560K), 0.0002070 secs]
798.528: [GC (Allocation Failure) 31893K->435K(73536K), 0.0002060 secs]
798.560: [GC (Allocation Failure) 30819K->435K(72576K), 0.0003090 secs]
798.577: [GC (Allocation Failure) 29842K->435K(71680K), 0.0002160 secs]
798.627: [GC (Allocation Failure) 28963K->435K(70784K), 0.0002760 secs]
798.673: [GC (Allocation Failure) 28084K->435K(69952K), 0.0002430 secs]
798.689: [GC (Allocation Failure) 27303K->435K(69120K), 0.0002700 secs]
798.762: [GC (Allocation Failure) 26424K->435K(68352K), 0.0002170 secs]
798.774: [GC (Allocation Failure) 25642K->435K(67584K), 0.0002180 secs]
798.807: [GC (Allocation Failure) 24857K->435K(66880K), 0.0002180 secs]
798.818: [GC (Allocation Failure) 24173K->435K(71680K), 0.0002040 secs]
798.834: [GC (Allocation Failure) 28963K->435K(77440K), 0.0002130 secs]
798.870: [GC (Allocation Failure) 34726K->435K(76288K), 0.0002190 secs]
798.889: [GC (Allocation Failure) 33554K->435K(75200K), 0.0002150 secs]
798.911: [GC (Allocation Failure) 32479K->435K(74176K), 0.0002150 secs]
798.929: [GC (Allocation Failure) 31503K->435K(73152K), 0.0002200 secs]
798.964: [GC (Allocation Failure) 30428K->435K(72192K), 0.0003160 secs]
798.977: [GC (Allocation Failure) 29549K->435K(78016K), 0.0002210 secs]
799.016: [GC (Allocation Failure) 35312K->435K(76864K), 0.0002230 secs]
799.035: [GC (Allocation Failure) 34140K->435K(75776K), 0.0002210 secs]
799.065: [GC (Allocation Failure) 33065K->435K(74688K), 0.0002110 secs]
799.083: [GC (Allocation Failure) 31991K->435K(73664K), 0.0002060 secs]
799.097: [GC (Allocation Failure) 31014K->435K(72704K), 0.0002140 secs]
799.183: [GC (Allocation Failure) 30038K->435K(71808K), 0.0002100 secs]
799.196: [GC (Allocation Failure) 29158K->435K(70912K), 0.0002220 secs]
799.219: [GC (Allocation Failure) 28182K->435K(70080K), 0.0002270 secs]
799.232: [GC (Allocation Failure) 27400K->435K(75520K), 0.0002680 secs]
799.250: [GC (Allocation Failure) 32870K->435K(82048K), 0.0002710 secs]
799.268: [GC (Allocation Failure) 39316K->435K(89856K), 0.0002200 secs]
799.304: [GC (Allocation Failure) 47130K->435K(99264K), 0.0002310 secs]
799.328: [GC (Allocation Failure) 56608K->435K(97088K), 0.0002050 secs]
799.353: [GC (Allocation Failure) 54362K->435K(95040K), 0.0002000 secs]
799.395: [GC (Allocation Failure) 52311K->435K(93120K), 0.0002190 secs]
799.419: [GC (Allocation Failure) 50455K->435K(91264K), 0.0002070 secs]
799.440: [GC (Allocation Failure) 48595K->435K(89472K), 0.0002060 secs]
799.465: [GC (Allocation Failure) 46739K->435K(87808K), 0.0002060 secs]
799.492: [GC (Allocation Failure) 45079K->435K(86208K), 0.0002360 secs]
799.516: [GC (Allocation Failure) 43516K->435K(84672K), 0.0002210 secs]
799.543: [GC (Allocation Failure) 41953K->435K(83200K), 0.0002110 secs]
799.562: [GC (Allocation Failure) 40488K->435K(81792K), 0.0002080 secs]
799.605: [GC (Allocation Failure) 39121K->435K(80448K), 0.0002020 secs]
799.621: [GC (Allocation Failure) 37754K->435K(79168K), 0.0002150 secs]
799.637: [GC (Allocation Failure) 36484K->435K(77952K), 0.0002150 secs]
799.652: [GC (Allocation Failure) 35312K->435K(76800K), 0.0002070 secs]
799.787: [GC (Allocation Failure) 34140K->435K(75712K), 0.0002170 secs]
799.805: [GC (Allocation Failure) 33065K->435K(74624K), 0.0002140 secs]
799.819: [GC (Allocation Failure) 31893K->435K(73600K), 0.0002190 secs]
799.837: [GC (Allocation Failure) 30917K->435K(72640K), 0.0002170 secs]
799.906: [GC (Allocation Failure) 29940K->435K(71744K), 0.0002720 secs]
799.933: [GC (Allocation Failure) 29061K->435K(70848K), 0.0002040 secs]
799.965: [GC (Allocation Failure) 28182K->435K(70016K), 0.0002390 secs]
799.981: [GC (Allocation Failure) 27303K->435K(69184K), 0.0002120 secs]
800.063: [GC (Allocation Failure) 26521K->435K(68416K), 0.0002780 secs]
800.110: [GC (Allocation Failure) 25740K->435K(67648K), 0.0002140 secs]
800.124: [GC (Allocation Failure) 24955K->435K(66944K), 0.0002130 secs]
800.135: [GC (Allocation Failure) 24271K->435K(71744K), 0.0002200 secs]
800.147: [GC (Allocation Failure) 29061K->435K(77504K), 0.0002150 secs]
800.213: [GC (Allocation Failure) 34823K->435K(76352K), 0.0002710 secs]
800.267: [GC (Allocation Failure) 33651K->435K(75264K), 0.0002250 secs]
800.285: [GC (Allocation Failure) 32577K->435K(74240K), 0.0002150 secs]
800.415: [GC (Allocation Failure) 31600K->435K(73216K), 0.0002080 secs]
800.429: [GC (Allocation Failure) 30526K->435K(79296K), 0.0003290 secs]
800.465: [GC (Allocation Failure) 36582K->435K(78080K), 0.0002200 secs]
800.518: [GC (Allocation Failure) 35409K->435K(76928K), 0.0002130 secs]
800.532: [GC (Allocation Failure) 34237K->435K(75840K), 0.0002260 secs]
800.547: [GC (Allocation Failure) 33163K->435K(82432K), 0.0002160 secs]
800.568: [GC (Allocation Failure) 39707K->435K(81088K), 0.0002150 secs]
800.589: [GC (Allocation Failure) 38437K->435K(79808K), 0.0002350 secs]
800.631: [GC (Allocation Failure) 37168K->435K(78592K), 0.0002760 secs]
800.666: [GC (Allocation Failure) 35898K->435K(77376K), 0.0002160 secs]
800.685: [GC (Allocation Failure) 34726K->435K(76224K), 0.0002190 secs]
800.714: [GC (Allocation Failure) 33554K->435K(75136K), 0.0002720 secs]
800.764: [GC (Allocation Failure) 32479K->435K(74112K), 0.0002080 secs]
800.816: [GC (Allocation Failure) 31405K->435K(73152K), 0.0002150 secs]
800.834: [GC (Allocation Failure) 30428K->435K(72192K), 0.0002160 secs]
800.847: [GC (Allocation Failure) 29549K->435K(71296K), 0.0002190 secs]
800.862: [GC (Allocation Failure) 28572K->435K(70400K), 0.0002180 secs]
800.905: [GC (Allocation Failure) 27693K->435K(69568K), 0.0002270 secs]
800.917: [GC (Allocation Failure) 26912K->435K(74880K), 0.0002150 secs]
800.930: [GC (Allocation Failure) 32186K->435K(81280K), 0.0002040 secs]
800.947: [GC (Allocation Failure) 38633K->435K(88960K), 0.0002010 secs]
800.971: [GC (Allocation Failure) 46251K->435K(98176K), 0.0002150 secs]
800.995: [GC (Allocation Failure) 55534K->435K(96064K), 0.0002140 secs]
801.076: [GC (Allocation Failure) 53385K->435K(94080K), 0.0002230 secs]
801.099: [GC (Allocation Failure) 51432K->435K(92160K), 0.0002060 secs]
801.124: [GC (Allocation Failure) 49474K->435K(90368K), 0.0002110 secs]
801.145: [GC (Allocation Failure) 47716K->435K(88640K), 0.0002040 secs]
801.169: [GC (Allocation Failure) 45958K->435K(86976K), 0.0002140 secs]
801.273: [GC (Allocation Failure) 44298K->435K(85376K), 0.0002040 secs]
801.295: [GC (Allocation Failure) 42735K->435K(83904K), 0.0002790 secs]
801.317: [GC (Allocation Failure) 41172K->435K(82496K), 0.0002130 secs]
801.339: [GC (Allocation Failure) 39805K->435K(81152K), 0.0002070 secs]
801.367: [GC (Allocation Failure) 38437K->435K(79872K), 0.0002060 secs]
801.413: [GC (Allocation Failure) 37168K->435K(78656K), 0.0002230 secs]
801.566: [GC (Allocation Failure) 35996K->435K(77440K), 0.0002230 secs]
801.581: [GC (Allocation Failure) 34726K->435K(76288K), 0.0002110 secs]
801.615: [GC (Allocation Failure) 33554K->435K(75200K), 0.0002320 secs]
801.665: [GC (Allocation Failure) 32479K->435K(74176K), 0.0002340 secs]
801.682: [GC (Allocation Failure) 31503K->435K(73152K), 0.0002040 secs]
801.699: [GC (Allocation Failure) 30428K->435K(72192K), 0.0002010 secs]
801.712: [GC (Allocation Failure) 29549K->435K(71296K), 0.0002300 secs]
801.729: [GC (Allocation Failure) 28572K->435K(76992K), 0.0002560 secs]
801.819: [GC (Allocation Failure) 34335K->435K(75904K), 0.0002070 secs]
801.834: [GC (Allocation Failure) 33261K->435K(74816K), 0.0002170 secs]
801.865: [GC (Allocation Failure) 32089K->435K(73792K), 0.0002190 secs]
801.914: [GC (Allocation Failure) 31112K->435K(72832K), 0.0002080 secs]
801.934: [GC (Allocation Failure) 30135K->435K(71872K), 0.0003210 secs]
801.969: [GC (Allocation Failure) 29158K->435K(70976K), 0.0002640 secs]
801.985: [GC (Allocation Failure) 28279K->435K(70144K), 0.0002050 secs]
802.001: [GC (Allocation Failure) 27498K->435K(69312K), 0.0002320 secs]
802.013: [GC (Allocation Failure) 26619K->435K(74560K), 0.0002670 secs]
802.032: [GC (Allocation Failure) 31893K->435K(80896K), 0.0002110 secs]
802.121: [GC (Allocation Failure) 38242K->435K(79616K), 0.0002070 secs]
802.138: [GC (Allocation Failure) 36972K->435K(78400K), 0.0002150 secs]
802.167: [GC (Allocation Failure) 35702K->435K(77248K), 0.0002150 secs]
802.182: [GC (Allocation Failure) 34530K->435K(76096K), 0.0002050 secs]
802.216: [GC (Allocation Failure) 33456K->435K(75008K), 0.0002040 secs]
802.265: [GC (Allocation Failure) 32284K->435K(73984K), 0.0002040 secs]
802.338: [GC (Allocation Failure) 31307K->435K(73024K), 0.0002130 secs]
802.351: [GC (Allocation Failure) 30331K->435K(72064K), 0.0003210 secs]
802.373: [GC (Allocation Failure) 29354K->435K(71168K), 0.0002200 secs]
802.389: [GC (Allocation Failure) 28475K->435K(70336K), 0.0002060 secs]
802.463: [GC (Allocation Failure) 27693K->435K(69504K), 0.0002170 secs]
802.479: [GC (Allocation Failure) 26814K->435K(68736K), 0.0002030 secs]
802.517: [GC (Allocation Failure) 26033K->435K(67968K), 0.0002080 secs]
802.528: [GC (Allocation Failure) 25250K->435K(72960K), 0.0003250 secs]
802.564: [GC (Allocation Failure) 30233K->435K(78976K), 0.0002250 secs]
802.600: [GC (Allocation Failure) 36289K->435K(77760K), 0.0002420 secs]
802.620: [GC (Allocation Failure) 35116K->435K(76608K), 0.0001990 secs]
802.640: [GC (Allocation Failure) 33944K->435K(75520K), 0.0002280 secs]
802.655: [GC (Allocation Failure) 32870K->435K(74496K), 0.0002120 secs]
802.719: [GC (Allocation Failure) 31796K->435K(73472K), 0.0002150 secs]
802.736: [GC (Allocation Failure) 30819K->435K(72512K), 0.0002470 secs]
802.752: [GC (Allocation Failure) 29842K->435K(71616K), 0.0002090 secs]
802.814: [GC (Allocation Failure) 28963K->435K(70720K), 0.0002170 secs]
802.830: [GC (Allocation Failure) 27986K->435K(69888K), 0.0002020 secs]
802.842: [GC (Allocation Failure) 27205K->435K(75264K), 0.0002280 secs]
802.856: [GC (Allocation Failure) 32577K->435K(81728K), 0.0002070 secs]
802.873: [GC (Allocation Failure) 39023K->435K(89472K), 0.0002050 secs]
802.945: [GC (Allocation Failure) 46739K->435K(87808K), 0.0002180 secs]
802.968: [GC (Allocation Failure) 45079K->435K(86208K), 0.0002090 secs]
802.991: [GC (Allocation Failure) 43516K->435K(84672K), 0.0002100 secs]
803.013: [GC (Allocation Failure) 41953K->435K(83200K), 0.0002270 secs]
803.073: [GC (Allocation Failure) 40488K->435K(81792K), 0.0002080 secs]
803.090: [GC (Allocation Failure) 39121K->435K(80448K), 0.0002720 secs]
803.121: [GC (Allocation Failure) 37754K->435K(79168K), 0.0002180 secs]
803.140: [GC (Allocation Failure) 36484K->435K(77952K), 0.0002140 secs]
803.160: [GC (Allocation Failure) 35312K->435K(76800K), 0.0001900 secs]
803.179: [GC (Allocation Failure) 34140K->435K(75712K), 0.0002150 secs]
803.193: [GC (Allocation Failure) 33065K->435K(74624K), 0.0002170 secs]
803.275: [GC (Allocation Failure) 31893K->435K(73600K), 0.0002250 secs]
803.289: [GC (Allocation Failure) 30917K->435K(72640K), 0.0002460 secs]
803.369: [GC (Allocation Failure) 29940K->435K(71744K), 0.0002240 secs]
803.386: [GC (Allocation Failure) 29061K->435K(70848K), 0.0002140 secs]
803.409: [GC (Allocation Failure) 28182K->435K(70016K), 0.0002590 secs]
803.425: [GC (Allocation Failure) 27303K->435K(69184K), 0.0002330 secs]
803.440: [GC (Allocation Failure) 26521K->435K(74432K), 0.0002110 secs]
803.454: [GC (Allocation Failure) 31698K->435K(80704K), 0.0003230 secs]
803.541: [GC (Allocation Failure) 38047K->435K(88256K), 0.0002260 secs]
803.562: [GC (Allocation Failure) 45567K->435K(86592K), 0.0002020 secs]
803.580: [GC (Allocation Failure) 43907K->435K(85056K), 0.0002180 secs]
803.675: [GC (Allocation Failure) 42344K->435K(83584K), 0.0002250 secs]
803.693: [GC (Allocation Failure) 40879K->435K(82176K), 0.0002060 secs]
803.714: [GC (Allocation Failure) 39512K->435K(80832K), 0.0002030 secs]
803.730: [GC (Allocation Failure) 38144K->435K(79552K), 0.0002210 secs]
803.869: [GC (Allocation Failure) 36875K->435K(78336K), 0.0002290 secs]
803.889: [GC (Allocation Failure) 35605K->435K(77184K), 0.0002130 secs]
803.968: [GC (Allocation Failure) 34530K->435K(76032K), 0.0002640 secs]
803.989: [GC (Allocation Failure) 33358K->435K(74944K), 0.0002150 secs]
804.003: [GC (Allocation Failure) 32284K->435K(73920K), 0.0002040 secs]
804.171: [GC (Allocation Failure) 31210K->435K(72960K), 0.0002110 secs]
804.188: [GC (Allocation Failure) 30233K->435K(72000K), 0.0002300 secs]
804.201: [GC (Allocation Failure) 29354K->435K(71104K), 0.0002190 secs]
804.218: [GC (Allocation Failure) 28377K->435K(70272K), 0.0002130 secs]
804.230: [GC (Allocation Failure) 27596K->435K(75712K), 0.0002180 secs]
804.272: [GC (Allocation Failure) 33065K->435K(74624K), 0.0002270 secs]
804.287: [GC (Allocation Failure) 31893K->435K(80960K), 0.0003520 secs]
804.317: [GC (Allocation Failure) 38242K->435K(88576K), 0.0002130 secs]
804.341: [GC (Allocation Failure) 45860K->435K(97728K), 0.0002180 secs]
804.388: [GC (Allocation Failure) 55046K->435K(95680K), 0.0002270 secs]
804.411: [GC (Allocation Failure) 52994K->435K(93696K), 0.0002070 secs]
804.437: [GC (Allocation Failure) 51041K->435K(91840K), 0.0002270 secs]
804.480: [GC (Allocation Failure) 49181K->435K(90048K), 0.0002190 secs]
804.500: [GC (Allocation Failure) 47325K->435K(88320K), 0.0002170 secs]
804.519: [GC (Allocation Failure) 45665K->435K(86656K), 0.0002150 secs]
804.542: [GC (Allocation Failure) 44005K->435K(85120K), 0.0002090 secs]
804.561: [GC (Allocation Failure) 42442K->435K(83648K), 0.0002190 secs]
804.578: [GC (Allocation Failure) 40977K->435K(82240K), 0.0002030 secs]
804.625: [GC (Allocation Failure) 39512K->435K(80896K), 0.0002230 secs]
804.646: [GC (Allocation Failure) 38242K->435K(79616K), 0.0002600 secs]
804.675: [GC (Allocation Failure) 36972K->435K(78400K), 0.0002110 secs]
804.694: [GC (Allocation Failure) 35702K->435K(77248K), 0.0002030 secs]
804.720: [GC (Allocation Failure) 34530K->435K(76096K), 0.0002300 secs]
804.739: [GC (Allocation Failure) 33456K->435K(75008K), 0.0002720 secs]
804.753: [GC (Allocation Failure) 32284K->435K(81408K), 0.0002130 secs]
804.774: [GC (Allocation Failure) 38730K->435K(80064K), 0.0002190 secs]
804.791: [GC (Allocation Failure) 37363K->435K(87488K), 0.0002090 secs]
804.828: [GC (Allocation Failure) 44786K->435K(85888K), 0.0002130 secs]
804.846: [GC (Allocation Failure) 43223K->435K(84352K), 0.0002040 secs]
804.868: [GC (Allocation Failure) 41660K->435K(82880K), 0.0002130 secs]
804.918: [GC (Allocation Failure) 40195K->435K(81472K), 0.0002080 secs]
804.939: [GC (Allocation Failure) 38828K->435K(80128K), 0.0002110 secs]
804.959: [GC (Allocation Failure) 37461K->435K(78848K), 0.0002290 secs]
805.021: [GC (Allocation Failure) 36191K->435K(77632K), 0.0002150 secs]
805.074: [GC (Allocation Failure) 34921K->435K(76480K), 0.0002200 secs]
805.093: [GC (Allocation Failure) 33749K->435K(75392K), 0.0002120 secs]
805.107: [GC (Allocation Failure) 32675K->435K(74368K), 0.0002200 secs]
805.125: [GC (Allocation Failure) 31698K->435K(73344K), 0.0002140 secs]
805.142: [GC (Allocation Failure) 30624K->435K(72384K), 0.0002120 secs]
805.155: [GC (Allocation Failure) 29745K->435K(78272K), 0.0002220 secs]
805.174: [GC (Allocation Failure) 35605K->435K(85312K), 0.0002020 secs]
805.192: [GC (Allocation Failure) 42637K->435K(93760K), 0.0002170 secs]
805.218: [GC (Allocation Failure) 51041K->435K(91840K), 0.0002050 secs]
805.243: [GC (Allocation Failure) 49181K->435K(90048K), 0.0002210 secs]
805.326: [GC (Allocation Failure) 47325K->435K(88320K), 0.0002150 secs]
805.345: [GC (Allocation Failure) 45665K->435K(86656K), 0.0002030 secs]
805.368: [GC (Allocation Failure) 44005K->435K(85120K), 0.0002020 secs]
805.386: [GC (Allocation Failure) 42442K->435K(83648K), 0.0002030 secs]
805.410: [GC (Allocation Failure) 40977K->435K(82240K), 0.0002130 secs]
805.431: [GC (Allocation Failure) 39512K->435K(80896K), 0.0002020 secs]
805.452: [GC (Allocation Failure) 38242K->435K(79616K), 0.0002120 secs]
805.468: [GC (Allocation Failure) 36972K->435K(78400K), 0.0002030 secs]
805.483: [GC (Allocation Failure) 35702K->435K(77248K), 0.0002040 secs]
805.505: [GC (Allocation Failure) 34530K->435K(76096K), 0.0002020 secs]
805.524: [GC (Allocation Failure) 33456K->435K(75008K), 0.0002100 secs]
805.538: [GC (Allocation Failure) 32284K->435K(81408K), 0.0002040 secs]
805.556: [GC (Allocation Failure) 38730K->435K(80064K), 0.0002010 secs]
805.573: [GC (Allocation Failure) 37363K->435K(87488K), 0.0002100 secs]
805.596: [GC (Allocation Failure) 44786K->435K(96384K), 0.0002750 secs]
805.623: [GC (Allocation Failure) 53678K->435K(94400K), 0.0002130 secs]
805.650: [GC (Allocation Failure) 51725K->435K(92480K), 0.0002040 secs]
805.676: [GC (Allocation Failure) 49767K->435K(90624K), 0.0002210 secs]
805.731: [GC (Allocation Failure) 47911K->435K(88896K), 0.0002120 secs]
805.755: [GC (Allocation Failure) 46251K->435K(87232K), 0.0002030 secs]
805.774: [GC (Allocation Failure) 44591K->435K(85632K), 0.0002070 secs]
805.793: [GC (Allocation Failure) 42930K->435K(84096K), 0.0002130 secs]
805.810: [GC (Allocation Failure) 41367K->435K(82624K), 0.0002140 secs]
805.914: [GC (Allocation Failure) 39902K->435K(81280K), 0.0002190 secs]
805.934: [GC (Allocation Failure) 38633K->435K(80000K), 0.0002020 secs]
805.951: [GC (Allocation Failure) 37363K->435K(78720K), 0.0002310 secs]
805.971: [GC (Allocation Failure) 35996K->435K(77504K), 0.0002040 secs]
805.987: [GC (Allocation Failure) 34823K->435K(76352K), 0.0002310 secs]
806.005: [GC (Allocation Failure) 33651K->435K(75264K), 0.0002120 secs]
806.025: [GC (Allocation Failure) 32577K->435K(81728K), 0.0002870 secs]
806.046: [GC (Allocation Failure) 39023K->435K(89472K), 0.0002320 secs]
806.082: [GC (Allocation Failure) 46739K->435K(87808K), 0.0002150 secs]
806.101: [GC (Allocation Failure) 45079K->435K(86208K), 0.0002040 secs]
806.120: [GC (Allocation Failure) 43516K->435K(84672K), 0.0002750 secs]
806.179: [GC (Allocation Failure) 41953K->435K(83200K), 0.0002230 secs]
806.197: [GC (Allocation Failure) 40488K->435K(81792K), 0.0002070 secs]
806.273: [GC (Allocation Failure) 39121K->435K(80448K), 0.0002160 secs]
806.294: [GC (Allocation Failure) 37754K->435K(79168K), 0.0002100 secs]
806.323: [GC (Allocation Failure) 36484K->435K(77952K), 0.0002160 secs]
806.338: [GC (Allocation Failure) 35312K->435K(76800K), 0.0002130 secs]
806.353: [GC (Allocation Failure) 34140K->435K(75712K), 0.0002090 secs]
806.371: [GC (Allocation Failure) 33065K->435K(82240K), 0.0002720 secs]
806.388: [GC (Allocation Failure) 39512K->435K(90112K), 0.0002170 secs]
806.408: [GC (Allocation Failure) 47423K->435K(88384K), 0.0002010 secs]
806.428: [GC (Allocation Failure) 45665K->435K(86720K), 0.0002060 secs]
806.451: [GC (Allocation Failure) 44005K->435K(85184K), 0.0002210 secs]
806.530: [GC (Allocation Failure) 42540K->435K(83712K), 0.0002220 secs]
806.547: [GC (Allocation Failure) 41074K->435K(82304K), 0.0002040 secs]
806.575: [GC (Allocation Failure) 39609K->435K(80960K), 0.0002120 secs]
806.608: [GC (Allocation Failure) 38242K->435K(79680K), 0.0002200 secs]
806.624: [GC (Allocation Failure) 36972K->435K(78464K), 0.0002190 secs]
806.672: [GC (Allocation Failure) 35800K->435K(77312K), 0.0002320 secs]
806.687: [GC (Allocation Failure) 34628K->435K(76160K), 0.0002120 secs]
806.721: [GC (Allocation Failure) 33456K->435K(75072K), 0.0002170 secs]
806.739: [GC (Allocation Failure) 32382K->435K(74048K), 0.0002220 secs]
806.776: [GC (Allocation Failure) 31405K->435K(73088K), 0.0002110 secs]
806.825: [GC (Allocation Failure) 30428K->435K(72128K), 0.0002260 secs]
806.842: [GC (Allocation Failure) 29451K->435K(71232K), 0.0002300 secs]
806.855: [GC (Allocation Failure) 28572K->435K(70400K), 0.0002150 secs]
806.867: [GC (Allocation Failure) 27693K->435K(75904K), 0.0002050 secs]
806.907: [GC (Allocation Failure) 33261K->435K(74816K), 0.0002040 secs]
807.072: [GC (Allocation Failure) 32089K->435K(73792K), 0.0002140 secs]
807.089: [GC (Allocation Failure) 31112K->435K(72832K), 0.0002130 secs]
807.121: [GC (Allocation Failure) 30135K->435K(71872K), 0.0002010 secs]
807.172: [GC (Allocation Failure) 29158K->435K(70976K), 0.0002280 secs]
807.188: [GC (Allocation Failure) 28279K->435K(70144K), 0.0002730 secs]
807.204: [GC (Allocation Failure) 27498K->435K(69312K), 0.0002160 secs]
807.216: [GC (Allocation Failure) 26619K->435K(74560K), 0.0002060 secs]
807.278: [GC (Allocation Failure) 31893K->435K(73536K), 0.0002170 secs]
807.291: [GC (Allocation Failure) 30819K->435K(72576K), 0.0002040 secs]
807.304: [GC (Allocation Failure) 29842K->435K(78528K), 0.0002050 secs]
807.373: [GC (Allocation Failure) 35800K->435K(77312K), 0.0002130 secs]
807.392: [GC (Allocation Failure) 34628K->435K(76160K), 0.0002020 secs]
807.407: [GC (Allocation Failure) 33456K->435K(75072K), 0.0002140 secs]
807.421: [GC (Allocation Failure) 32382K->435K(81472K), 0.0002030 secs]
807.479: [GC (Allocation Failure) 38828K->435K(80128K), 0.0002120 secs]
807.499: [GC (Allocation Failure) 37461K->435K(78848K), 0.0002130 secs]
807.515: [GC (Allocation Failure) 36191K->435K(77632K), 0.0002050 secs]
807.540: [GC (Allocation Failure) 34921K->435K(76480K), 0.0002220 secs]
807.558: [GC (Allocation Failure) 33749K->435K(75392K), 0.0002140 secs]
807.627: [GC (Allocation Failure) 32675K->435K(74368K), 0.0002040 secs]
807.641: [GC (Allocation Failure) 31698K->435K(80640K), 0.0003260 secs]
807.675: [GC (Allocation Failure) 37949K->435K(79360K), 0.0002080 secs]
807.729: [GC (Allocation Failure) 36679K->435K(78144K), 0.0002670 secs]
807.744: [GC (Allocation Failure) 35409K->435K(85184K), 0.0002740 secs]
807.777: [GC (Allocation Failure) 42540K->435K(83712K), 0.0002230 secs]
807.799: [GC (Allocation Failure) 41074K->435K(82304K), 0.0002110 secs]
807.820: [GC (Allocation Failure) 39609K->435K(80960K), 0.0002130 secs]
807.841: [GC (Allocation Failure) 38242K->435K(79680K), 0.0002210 secs]
807.929: [GC (Allocation Failure) 36972K->435K(78464K), 0.0002120 secs]
807.945: [GC (Allocation Failure) 35800K->435K(77312K), 0.0002720 secs]
807.980: [GC (Allocation Failure) 34628K->435K(76160K), 0.0002250 secs]
807.994: [GC (Allocation Failure) 33456K->435K(75072K), 0.0002070 secs]
808.008: [GC (Allocation Failure) 32382K->435K(81472K), 0.0002050 secs]
808.025: [GC (Allocation Failure) 38828K->435K(89152K), 0.0002030 secs]
808.045: [GC (Allocation Failure) 46446K->435K(87488K), 0.0002050 secs]
808.068: [GC (Allocation Failure) 44786K->435K(85888K), 0.0002130 secs]
808.086: [GC (Allocation Failure) 43223K->435K(84352K), 0.0002140 secs]
808.108: [GC (Allocation Failure) 41660K->435K(82880K), 0.0002120 secs]
808.131: [GC (Allocation Failure) 40195K->435K(81472K), 0.0002010 secs]
808.152: [GC (Allocation Failure) 38828K->435K(80128K), 0.0002150 secs]
808.172: [GC (Allocation Failure) 37461K->435K(78848K), 0.0002210 secs]
808.225: [GC (Allocation Failure) 36191K->435K(77632K), 0.0002030 secs]
808.279: [GC (Allocation Failure) 34921K->435K(76480K), 0.0002220 secs]
808.298: [GC (Allocation Failure) 33749K->435K(75392K), 0.0002000 secs]
808.312: [GC (Allocation Failure) 32675K->435K(74368K), 0.0002160 secs]
808.377: [GC (Allocation Failure) 31698K->435K(73344K), 0.0002240 secs]
808.394: [GC (Allocation Failure) 30624K->435K(72384K), 0.0002140 secs]
808.407: [GC (Allocation Failure) 29745K->435K(71488K), 0.0002220 secs]
808.423: [GC (Allocation Failure) 28768K->435K(77184K), 0.0002140 secs]
808.442: [GC (Allocation Failure) 34530K->435K(76032K), 0.0002020 secs]
808.460: [GC (Allocation Failure) 33358K->435K(82624K), 0.0002300 secs]
808.478: [GC (Allocation Failure) 39902K->435K(90560K), 0.0002030 secs]
808.502: [GC (Allocation Failure) 47911K->435K(88832K), 0.0002190 secs]
808.522: [GC (Allocation Failure) 46153K->435K(87168K), 0.0002140 secs]
808.580: [GC (Allocation Failure) 44493K->435K(85568K), 0.0002740 secs]
808.615: [GC (Allocation Failure) 42930K->435K(84032K), 0.0002560 secs]
808.637: [GC (Allocation Failure) 41367K->435K(82624K), 0.0002160 secs]
808.655: [GC (Allocation Failure) 39902K->435K(81280K), 0.0002010 secs]
808.672: [GC (Allocation Failure) 38633K->435K(80000K), 0.0002040 secs]
808.692: [GC (Allocation Failure) 37363K->435K(78720K), 0.0002020 secs]
808.707: [GC (Allocation Failure) 35996K->435K(77504K), 0.0002040 secs]
808.725: [GC (Allocation Failure) 34823K->435K(76352K), 0.0002110 secs]
808.744: [GC (Allocation Failure) 33651K->435K(75264K), 0.0002050 secs]
808.761: [GC (Allocation Failure) 32577K->435K(74240K), 0.0002100 secs]
808.779: [GC (Allocation Failure) 31600K->435K(73216K), 0.0002100 secs]
808.824: [GC (Allocation Failure) 30526K->435K(72256K), 0.0002270 secs]
808.841: [GC (Allocation Failure) 29549K->435K(71360K), 0.0002040 secs]
808.857: [GC (Allocation Failure) 28670K->435K(70464K), 0.0002140 secs]
808.869: [GC (Allocation Failure) 27791K->435K(75968K), 0.0002020 secs]
808.929: [GC (Allocation Failure) 33261K->435K(74880K), 0.0002230 secs]
808.947: [GC (Allocation Failure) 32186K->435K(73856K), 0.0002020 secs]
808.964: [GC (Allocation Failure) 31210K->435K(72896K), 0.0002400 secs]
809.074: [GC (Allocation Failure) 30233K->435K(71936K), 0.0002810 secs]
809.086: [GC (Allocation Failure) 29256K->435K(71040K), 0.0002060 secs]
809.103: [GC (Allocation Failure) 28377K->435K(70208K), 0.0002140 secs]
809.119: [GC (Allocation Failure) 27498K->435K(75648K), 0.0002260 secs]
809.180: [GC (Allocation Failure) 32968K->435K(74560K), 0.0002130 secs]
809.194: [GC (Allocation Failure) 31893K->435K(80896K), 0.0002750 secs]
809.228: [GC (Allocation Failure) 38242K->435K(79616K), 0.0002160 secs]
809.247: [GC (Allocation Failure) 36972K->435K(78400K), 0.0002030 secs]
809.376: [GC (Allocation Failure) 35702K->435K(77248K), 0.0002750 secs]
809.407: [GC (Allocation Failure) 34530K->435K(76096K), 0.0002180 secs]
809.480: [GC (Allocation Failure) 33456K->435K(75008K), 0.0002150 secs]
809.494: [GC (Allocation Failure) 32284K->435K(73984K), 0.0002720 secs]
809.529: [GC (Allocation Failure) 31307K->435K(73024K), 0.0002240 secs]
809.542: [GC (Allocation Failure) 30331K->435K(72064K), 0.0002030 secs]
809.559: [GC (Allocation Failure) 29354K->435K(71168K), 0.0002040 secs]
809.576: [GC (Allocation Failure) 28475K->435K(76800K), 0.0002350 secs]
809.595: [GC (Allocation Failure) 34140K->435K(75712K), 0.0002030 secs]
809.609: [GC (Allocation Failure) 33065K->435K(82240K), 0.0002320 secs]
809.630: [GC (Allocation Failure) 39512K->435K(90112K), 0.0002140 secs]
809.686: [GC (Allocation Failure) 47423K->435K(88384K), 0.0002180 secs]
809.710: [GC (Allocation Failure) 45665K->435K(86720K), 0.0002130 secs]
809.731: [GC (Allocation Failure) 44005K->435K(85184K), 0.0002030 secs]
809.782: [GC (Allocation Failure) 42540K->435K(83712K), 0.0002240 secs]
809.803: [GC (Allocation Failure) 41074K->435K(82304K), 0.0002010 secs]
809.829: [GC (Allocation Failure) 39609K->435K(80960K), 0.0002140 secs]
809.909: [GC (Allocation Failure) 38242K->435K(79680K), 0.0002030 secs]
809.982: [GC (Allocation Failure) 36972K->435K(78464K), 0.0002120 secs]
809.997: [GC (Allocation Failure) 35800K->435K(77312K), 0.0002030 secs]
810.031: [GC (Allocation Failure) 34628K->435K(76160K), 0.0002130 secs]
810.046: [GC (Allocation Failure) 33456K->435K(75072K), 0.0002040 secs]
810.076: [GC (Allocation Failure) 32382K->435K(74048K), 0.0002150 secs]
810.130: [GC (Allocation Failure) 31405K->435K(73088K), 0.0002120 secs]
810.147: [GC (Allocation Failure) 30428K->435K(72128K), 0.0002030 secs]
810.163: [GC (Allocation Failure) 29451K->435K(71232K), 0.0002130 secs]
810.279: [GC (Allocation Failure) 28572K->435K(70400K), 0.0002160 secs]
810.295: [GC (Allocation Failure) 27693K->435K(69568K), 0.0002260 secs]
810.328: [GC (Allocation Failure) 26912K->435K(68800K), 0.0002060 secs]
810.343: [GC (Allocation Failure) 26131K->435K(68032K), 0.0002170 secs]
810.359: [GC (Allocation Failure) 25349K->435K(67328K), 0.0002120 secs]
810.371: [GC (Allocation Failure) 24662K->435K(72192K), 0.0002190 secs]
810.388: [GC (Allocation Failure) 29549K->435K(78016K), 0.0002070 secs]
810.408: [GC (Allocation Failure) 35312K->435K(85056K), 0.0002050 secs]
810.430: [GC (Allocation Failure) 42344K->435K(83584K), 0.0002130 secs]
810.447: [GC (Allocation Failure) 40879K->435K(82176K), 0.0002050 secs]
810.534: [GC (Allocation Failure) 39512K->435K(80832K), 0.0002240 secs]
810.550: [GC (Allocation Failure) 38144K->435K(79552K), 0.0002150 secs]
810.599: [GC (Allocation Failure) 36875K->435K(78336K), 0.0002140 secs]
810.614: [GC (Allocation Failure) 35605K->435K(85440K), 0.0003050 secs]
810.668: [GC (Allocation Failure) 42735K->435K(83968K), 0.0002160 secs]
810.686: [GC (Allocation Failure) 41270K->435K(82560K), 0.0002780 secs]
810.738: [GC (Allocation Failure) 39902K->435K(81216K), 0.0002040 secs]
810.790: [GC (Allocation Failure) 38535K->435K(79936K), 0.0002220 secs]
810.810: [GC (Allocation Failure) 37265K->435K(78656K), 0.0002120 secs]
810.826: [GC (Allocation Failure) 35996K->435K(77440K), 0.0002030 secs]
810.879: [GC (Allocation Failure) 34726K->435K(76288K), 0.0002180 secs]
810.893: [GC (Allocation Failure) 33554K->435K(75200K), 0.0002040 secs]
810.927: [GC (Allocation Failure) 32479K->435K(74176K), 0.0002150 secs]
810.977: [GC (Allocation Failure) 31503K->435K(73152K), 0.0002700 secs]
811.131: [GC (Allocation Failure) 30428K->435K(72192K), 0.0002120 secs]
811.143: [GC (Allocation Failure) 29549K->435K(71296K), 0.0002280 secs]
811.230: [GC (Allocation Failure) 28572K->435K(70400K), 0.0002130 secs]
811.246: [GC (Allocation Failure) 27693K->435K(69568K), 0.0002020 secs]
811.279: [GC (Allocation Failure) 26912K->435K(68800K), 0.0002030 secs]
811.295: [GC (Allocation Failure) 26131K->435K(68032K), 0.0002150 secs]
811.310: [GC (Allocation Failure) 25349K->435K(67328K), 0.0002220 secs]
811.325: [GC (Allocation Failure) 24662K->435K(72192K), 0.0002260 secs]
811.405: [GC (Allocation Failure) 29549K->435K(71296K), 0.0002700 secs]
811.476: [GC (Allocation Failure) 28572K->435K(70400K), 0.0002050 secs]
811.530: [GC (Allocation Failure) 27693K->435K(69568K), 0.0002200 secs]
811.546: [GC (Allocation Failure) 26912K->435K(68800K), 0.0002300 secs]
811.561: [GC (Allocation Failure) 26131K->435K(68032K), 0.0001990 secs]
811.577: [GC (Allocation Failure) 25349K->435K(67328K), 0.0002220 secs]
811.588: [GC (Allocation Failure) 24662K->435K(72192K), 0.0002090 secs]
811.604: [GC (Allocation Failure) 29549K->435K(78016K), 0.0002040 secs]
811.624: [GC (Allocation Failure) 35312K->435K(85056K), 0.0002140 secs]
811.688: [GC (Allocation Failure) 42344K->435K(83584K), 0.0002770 secs]
811.736: [GC (Allocation Failure) 40879K->435K(82176K), 0.0002180 secs]
811.753: [GC (Allocation Failure) 39512K->435K(80832K), 0.0002180 secs]
811.831: [GC (Allocation Failure) 38144K->435K(79552K), 0.0002140 secs]
811.913: [GC (Allocation Failure) 36875K->435K(78336K), 0.0002260 secs]
811.929: [GC (Allocation Failure) 35605K->435K(77184K), 0.0002190 secs]
811.981: [GC (Allocation Failure) 34530K->435K(76032K), 0.0002280 secs]
812.033: [GC (Allocation Failure) 33358K->435K(74944K), 0.0002150 secs]
812.047: [GC (Allocation Failure) 32284K->435K(73920K), 0.0003250 secs]
812.082: [GC (Allocation Failure) 31210K->435K(72960K), 0.0002270 secs]
812.100: [GC (Allocation Failure) 30233K->435K(72000K), 0.0002330 secs]
812.112: [GC (Allocation Failure) 29354K->435K(77824K), 0.0002060 secs]
812.127: [GC (Allocation Failure) 35116K->435K(84800K), 0.0002150 secs]
812.145: [GC (Allocation Failure) 42149K->435K(93184K), 0.0002030 secs]
812.171: [GC (Allocation Failure) 50455K->435K(91328K), 0.0002140 secs]
812.196: [GC (Allocation Failure) 48595K->435K(89536K), 0.0002130 secs]
812.289: [GC (Allocation Failure) 46837K->435K(87872K), 0.0002090 secs]
812.309: [GC (Allocation Failure) 45177K->435K(86272K), 0.0002270 secs]
812.388: [GC (Allocation Failure) 43614K->435K(84736K), 0.0002130 secs]
812.406: [GC (Allocation Failure) 42051K->435K(83264K), 0.0002150 secs]
812.433: [GC (Allocation Failure) 40586K->435K(81856K), 0.0002160 secs]
812.450: [GC (Allocation Failure) 39219K->435K(80512K), 0.0002030 secs]
812.466: [GC (Allocation Failure) 37851K->435K(79232K), 0.0002030 secs]
812.485: [GC (Allocation Failure) 36582K->435K(78016K), 0.0002130 secs]
812.505: [GC (Allocation Failure) 35312K->435K(76864K), 0.0002700 secs]
812.521: [GC (Allocation Failure) 34140K->435K(83648K), 0.0002120 secs]
812.584: [GC (Allocation Failure) 40977K->435K(82240K), 0.0002990 secs]
812.632: [GC (Allocation Failure) 39512K->435K(80896K), 0.0002150 secs]
812.649: [GC (Allocation Failure) 38242K->435K(79616K), 0.0002760 secs]
812.681: [GC (Allocation Failure) 36972K->435K(78400K), 0.0002480 secs]
812.701: [GC (Allocation Failure) 35702K->435K(77248K), 0.0002250 secs]
812.720: [GC (Allocation Failure) 34530K->435K(76096K), 0.0002090 secs]
812.789: [GC (Allocation Failure) 33456K->435K(75008K), 0.0002200 secs]
812.803: [GC (Allocation Failure) 32284K->435K(73984K), 0.0002200 secs]
812.880: [GC (Allocation Failure) 31307K->435K(73024K), 0.0002310 secs]
812.897: [GC (Allocation Failure) 30331K->435K(72064K), 0.0002050 secs]
812.929: [GC (Allocation Failure) 29354K->435K(71168K), 0.0002050 secs]
812.982: [GC (Allocation Failure) 28475K->435K(70336K), 0.0002200 secs]
812.998: [GC (Allocation Failure) 27693K->435K(69504K), 0.0002090 secs]
813.010: [GC (Allocation Failure) 26814K->435K(68736K), 0.0002070 secs]
813.025: [GC (Allocation Failure) 26033K->435K(73920K), 0.0002120 secs]
813.134: [GC (Allocation Failure) 31210K->435K(72960K), 0.0002260 secs]
813.147: [GC (Allocation Failure) 30233K->435K(72000K), 0.0002050 secs]
813.163: [GC (Allocation Failure) 29354K->435K(71104K), 0.0002110 secs]
813.189: [GC (Allocation Failure) 28377K->435K(70272K), 0.0002750 secs]
813.217: [GC (Allocation Failure) 27596K->435K(69440K), 0.0002080 secs]
813.232: [GC (Allocation Failure) 26717K->435K(68672K), 0.0002030 secs]
813.278: [GC (Allocation Failure) 26033K->435K(67904K), 0.0002280 secs]
813.289: [GC (Allocation Failure) 25250K->435K(72896K), 0.0002050 secs]
813.302: [GC (Allocation Failure) 30233K->435K(78912K), 0.0002050 secs]
813.344: [GC (Allocation Failure) 36191K->435K(77696K), 0.0002280 secs]
813.359: [GC (Allocation Failure) 35019K->435K(84672K), 0.0002750 secs]
813.389: [GC (Allocation Failure) 41953K->435K(83200K), 0.0002220 secs]
813.407: [GC (Allocation Failure) 40488K->435K(81792K), 0.0002050 secs]
813.427: [GC (Allocation Failure) 39121K->435K(80448K), 0.0002120 secs]
813.483: [GC (Allocation Failure) 37754K->435K(79168K), 0.0002780 secs]
813.536: [GC (Allocation Failure) 36484K->435K(77952K), 0.0002160 secs]
813.555: [GC (Allocation Failure) 35312K->435K(76800K), 0.0002130 secs]
813.574: [GC (Allocation Failure) 34140K->435K(75712K), 0.0002230 secs]
813.731: [GC (Allocation Failure) 33065K->435K(74624K), 0.0002160 secs]
813.749: [GC (Allocation Failure) 31893K->435K(73600K), 0.0002160 secs]
813.762: [GC (Allocation Failure) 30917K->435K(72640K), 0.0002240 secs]
813.779: [GC (Allocation Failure) 29940K->435K(71744K), 0.0002110 secs]
813.830: [GC (Allocation Failure) 29061K->435K(70848K), 0.0002020 secs]
813.879: [GC (Allocation Failure) 28182K->435K(70016K), 0.0002140 secs]
813.895: [GC (Allocation Failure) 27303K->435K(69184K), 0.0002130 secs]
813.911: [GC (Allocation Failure) 26521K->435K(68416K), 0.0002100 secs]
813.926: [GC (Allocation Failure) 25740K->435K(67648K), 0.0002000 secs]
813.941: [GC (Allocation Failure) 24955K->435K(72576K), 0.0002390 secs]
813.987: [GC (Allocation Failure) 29842K->435K(71680K), 0.0002290 secs]
814.003: [GC (Allocation Failure) 28963K->435K(70784K), 0.0002140 secs]
814.018: [GC (Allocation Failure) 28084K->435K(76352K), 0.0002040 secs]
814.032: [GC (Allocation Failure) 33651K->435K(83008K), 0.0002270 secs]
814.054: [GC (Allocation Failure) 40293K->435K(91008K), 0.0002130 secs]
814.142: [GC (Allocation Failure) 48302K->435K(89216K), 0.0003290 secs]
814.163: [GC (Allocation Failure) 46544K->435K(87552K), 0.0002150 secs]
814.182: [GC (Allocation Failure) 44884K->435K(85952K), 0.0002040 secs]
814.336: [GC (Allocation Failure) 43223K->435K(84416K), 0.0002850 secs]
814.387: [GC (Allocation Failure) 41758K->435K(82944K), 0.0002100 secs]
814.409: [GC (Allocation Failure) 40293K->435K(81536K), 0.0002160 secs]
814.435: [GC (Allocation Failure) 38828K->435K(80192K), 0.0002170 secs]
814.451: [GC (Allocation Failure) 37461K->435K(78912K), 0.0002150 secs]
814.468: [GC (Allocation Failure) 36191K->435K(77696K), 0.0002020 secs]
814.484: [GC (Allocation Failure) 35019K->435K(76544K), 0.0002160 secs]
814.502: [GC (Allocation Failure) 33847K->435K(75456K), 0.0002020 secs]
814.519: [GC (Allocation Failure) 32772K->435K(74432K), 0.0002230 secs]
814.533: [GC (Allocation Failure) 31698K->435K(80704K), 0.0002450 secs]
814.609: [GC (Allocation Failure) 38047K->435K(79424K), 0.0002080 secs]
814.632: [GC (Allocation Failure) 36777K->435K(78208K), 0.0002220 secs]
814.662: [GC (Allocation Failure) 35507K->435K(77056K), 0.0002120 secs]
814.696: [GC (Allocation Failure) 34335K->435K(75904K), 0.0002420 secs]
814.711: [GC (Allocation Failure) 33261K->435K(74816K), 0.0002640 secs]
814.729: [GC (Allocation Failure) 32089K->435K(73792K), 0.0002110 secs]
814.886: [GC (Allocation Failure) 31112K->435K(72832K), 0.0002160 secs]
814.899: [GC (Allocation Failure) 30135K->435K(71872K), 0.0002170 secs]
814.916: [GC (Allocation Failure) 29158K->435K(70976K), 0.0002100 secs]
814.981: [GC (Allocation Failure) 28279K->435K(70144K), 0.0002180 secs]
814.993: [GC (Allocation Failure) 27498K->435K(75584K), 0.0002220 secs]
815.037: [GC (Allocation Failure) 32870K->435K(74560K), 0.0002120 secs]
815.051: [GC (Allocation Failure) 31893K->435K(73536K), 0.0002160 secs]
815.083: [GC (Allocation Failure) 30819K->435K(72576K), 0.0002630 secs]
815.137: [GC (Allocation Failure) 29842K->435K(71680K), 0.0002110 secs]
815.150: [GC (Allocation Failure) 28963K->435K(70784K), 0.0002320 secs]
815.162: [GC (Allocation Failure) 28084K->435K(76352K), 0.0002120 secs]
815.181: [GC (Allocation Failure) 33651K->435K(83008K), 0.0002160 secs]
815.202: [GC (Allocation Failure) 40293K->435K(91008K), 0.0002060 secs]
815.240: [GC (Allocation Failure) 48302K->435K(89216K), 0.0002140 secs]
815.264: [GC (Allocation Failure) 46544K->435K(87552K), 0.0002020 secs]
815.289: [GC (Allocation Failure) 44884K->435K(85952K), 0.0002990 secs]
815.338: [GC (Allocation Failure) 43223K->435K(84416K), 0.0002050 secs]
815.487: [GC (Allocation Failure) 41758K->435K(82944K), 0.0002150 secs]
815.509: [GC (Allocation Failure) 40293K->435K(81536K), 0.0002990 secs]
815.587: [GC (Allocation Failure) 38828K->435K(80192K), 0.0002160 secs]
815.603: [GC (Allocation Failure) 37461K->435K(78912K), 0.0002170 secs]
815.623: [GC (Allocation Failure) 36191K->435K(77696K), 0.0002100 secs]
815.695: [GC (Allocation Failure) 35019K->435K(76544K), 0.0002090 secs]
815.710: [GC (Allocation Failure) 33847K->435K(75456K), 0.0002140 secs]
815.784: [GC (Allocation Failure) 32772K->435K(74432K), 0.0002270 secs]
815.802: [GC (Allocation Failure) 31698K->435K(73408K), 0.0002120 secs]
815.833: [GC (Allocation Failure) 30721K->435K(72448K), 0.0002040 secs]
815.883: [GC (Allocation Failure) 29745K->435K(71552K), 0.0002180 secs]
815.936: [GC (Allocation Failure) 28865K->435K(70656K), 0.0002250 secs]
815.949: [GC (Allocation Failure) 27986K->435K(69824K), 0.0002210 secs]
815.961: [GC (Allocation Failure) 27107K->435K(75200K), 0.0002270 secs]
815.979: [GC (Allocation Failure) 32479K->435K(81664K), 0.0002130 secs]
816.000: [GC (Allocation Failure) 39023K->435K(80320K), 0.0002110 secs]
816.090: [GC (Allocation Failure) 37656K->435K(79040K), 0.0002050 secs]
816.106: [GC (Allocation Failure) 36386K->435K(77824K), 0.0002710 secs]
816.136: [GC (Allocation Failure) 35116K->435K(76672K), 0.0002170 secs]
816.150: [GC (Allocation Failure) 33944K->435K(75584K), 0.0002140 secs]
816.168: [GC (Allocation Failure) 32870K->435K(74560K), 0.0002160 secs]
816.234: [GC (Allocation Failure) 31893K->435K(73536K), 0.0002710 secs]
816.314: [GC (Allocation Failure) 30819K->435K(72576K), 0.0002400 secs]
816.332: [GC (Allocation Failure) 29842K->435K(71680K), 0.0002770 secs]
816.385: [GC (Allocation Failure) 28963K->435K(70784K), 0.0002220 secs]
816.397: [GC (Allocation Failure) 28084K->435K(69952K), 0.0002070 secs]
816.432: [GC (Allocation Failure) 27303K->435K(69120K), 0.0002270 secs]
816.482: [GC (Allocation Failure) 26424K->435K(68352K), 0.0002270 secs]
816.493: [GC (Allocation Failure) 25642K->435K(67584K), 0.0002190 secs]
816.508: [GC (Allocation Failure) 24857K->435K(72512K), 0.0002120 secs]
816.596: [GC (Allocation Failure) 29842K->435K(71616K), 0.0002090 secs]
816.609: [GC (Allocation Failure) 28963K->435K(70720K), 0.0002050 secs]
816.627: [GC (Allocation Failure) 27986K->435K(76288K), 0.0002810 secs]
816.642: [GC (Allocation Failure) 33554K->435K(82944K), 0.0002200 secs]
816.664: [GC (Allocation Failure) 40293K->435K(90944K), 0.0002120 secs]
816.698: [GC (Allocation Failure) 48302K->435K(89216K), 0.0002100 secs]
816.718: [GC (Allocation Failure) 46544K->435K(87552K), 0.0002040 secs]
816.737: [GC (Allocation Failure) 44884K->435K(85952K), 0.0002050 secs]
816.760: [GC (Allocation Failure) 43223K->435K(84416K), 0.0002010 secs]
816.783: [GC (Allocation Failure) 41758K->435K(82944K), 0.0001940 secs]
816.802: [GC (Allocation Failure) 40293K->435K(81536K), 0.0002280 secs]
816.818: [GC (Allocation Failure) 38828K->435K(80192K), 0.0002040 secs]
816.834: [GC (Allocation Failure) 37461K->435K(87616K), 0.0002760 secs]
816.902: [GC (Allocation Failure) 44884K->435K(86016K), 0.0002240 secs]
816.924: [GC (Allocation Failure) 43321K->435K(84480K), 0.0002150 secs]
816.994: [GC (Allocation Failure) 41758K->435K(83008K), 0.0002080 secs]
817.011: [GC (Allocation Failure) 40293K->435K(81600K), 0.0002720 secs]
817.042: [GC (Allocation Failure) 38926K->435K(80256K), 0.0002240 secs]
817.058: [GC (Allocation Failure) 37558K->435K(78976K), 0.0002050 secs]
817.074: [GC (Allocation Failure) 36289K->435K(77760K), 0.0002030 secs]
817.089: [GC (Allocation Failure) 35116K->435K(84736K), 0.0002040 secs]
817.111: [GC (Allocation Failure) 42051K->435K(83264K), 0.0002130 secs]
817.243: [GC (Allocation Failure) 40586K->435K(81856K), 0.0002120 secs]
817.264: [GC (Allocation Failure) 39219K->435K(80512K), 0.0002200 secs]
817.341: [GC (Allocation Failure) 37851K->435K(79232K), 0.0002120 secs]
817.357: [GC (Allocation Failure) 36582K->435K(78016K), 0.0002810 secs]
817.387: [GC (Allocation Failure) 35312K->435K(76864K), 0.0002050 secs]
817.407: [GC (Allocation Failure) 34140K->435K(75776K), 0.0002050 secs]
817.539: [GC (Allocation Failure) 33065K->435K(74688K), 0.0002260 secs]
817.557: [GC (Allocation Failure) 31991K->435K(73664K), 0.0002290 secs]
817.573: [GC (Allocation Failure) 31014K->435K(72704K), 0.0002070 secs]
817.590: [GC (Allocation Failure) 30038K->435K(71808K), 0.0002160 secs]
817.603: [GC (Allocation Failure) 29158K->435K(77568K), 0.0002220 secs]
817.642: [GC (Allocation Failure) 34921K->435K(76416K), 0.0002380 secs]
817.660: [GC (Allocation Failure) 33749K->435K(75328K), 0.0002060 secs]
817.691: [GC (Allocation Failure) 32675K->435K(74304K), 0.0002080 secs]
817.708: [GC (Allocation Failure) 31600K->435K(73280K), 0.0002030 secs]
817.786: [GC (Allocation Failure) 30624K->435K(72320K), 0.0002180 secs]
817.836: [GC (Allocation Failure) 29647K->435K(71424K), 0.0002250 secs]
817.852: [GC (Allocation Failure) 28768K->435K(70528K), 0.0002120 secs]
817.885: [GC (Allocation Failure) 27889K->435K(69696K), 0.0002220 secs]
817.900: [GC (Allocation Failure) 27010K->435K(68928K), 0.0002110 secs]
817.936: [GC (Allocation Failure) 26228K->435K(68160K), 0.0002220 secs]
817.947: [GC (Allocation Failure) 25447K->435K(67456K), 0.0002190 secs]
817.958: [GC (Allocation Failure) 24759K->435K(72384K), 0.0002130 secs]
817.973: [GC (Allocation Failure) 29745K->435K(78272K), 0.0002010 secs]
817.989: [GC (Allocation Failure) 35605K->435K(85312K), 0.0002050 secs]
818.023: [GC (Allocation Failure) 42637K->435K(93760K), 0.0003310 secs]
818.047: [GC (Allocation Failure) 51041K->435K(103936K), 0.0002340 secs]
818.073: [GC (Allocation Failure) 61297K->435K(101568K), 0.0002090 secs]
818.102: [GC (Allocation Failure) 58855K->435K(99328K), 0.0002150 secs]
818.149: [GC (Allocation Failure) 56608K->435K(97152K), 0.0002740 secs]
818.196: [GC (Allocation Failure) 54459K->435K(95104K), 0.0002060 secs]
818.246: [GC (Allocation Failure) 52408K->435K(93120K), 0.0002150 secs]
818.271: [GC (Allocation Failure) 50455K->435K(91264K), 0.0002140 secs]
818.296: [GC (Allocation Failure) 48595K->435K(89472K), 0.0002110 secs]
818.345: [GC (Allocation Failure) 46739K->435K(87808K), 0.0002760 secs]
818.393: [GC (Allocation Failure) 45079K->435K(86208K), 0.0002160 secs]
818.412: [GC (Allocation Failure) 43516K->435K(84672K), 0.0002050 secs]
818.430: [GC (Allocation Failure) 41953K->435K(83200K), 0.0002130 secs]
818.491: [GC (Allocation Failure) 40488K->435K(81792K), 0.0002130 secs]
818.512: [GC (Allocation Failure) 39121K->435K(80448K), 0.0002140 secs]
818.528: [GC (Allocation Failure) 37754K->435K(79168K), 0.0002180 secs]
818.593: [GC (Allocation Failure) 36484K->435K(77952K), 0.0002180 secs]
818.609: [GC (Allocation Failure) 35312K->435K(76800K), 0.0002040 secs]
818.665: [GC (Allocation Failure) 34140K->435K(75712K), 0.0002120 secs]
818.679: [GC (Allocation Failure) 33065K->435K(74624K), 0.0002040 secs]
818.697: [GC (Allocation Failure) 31893K->435K(73600K), 0.0002720 secs]
818.710: [GC (Allocation Failure) 30917K->435K(79744K), 0.0002050 secs]
818.737: [GC (Allocation Failure) 37070K->435K(78528K), 0.0002270 secs]
818.757: [GC (Allocation Failure) 35800K->435K(77312K), 0.0002300 secs]
818.794: [GC (Allocation Failure) 34628K->435K(76160K), 0.0002150 secs]
818.808: [GC (Allocation Failure) 33456K->435K(75072K), 0.0002090 secs]
818.822: [GC (Allocation Failure) 32382K->435K(81472K), 0.0002070 secs]
818.839: [GC (Allocation Failure) 38828K->435K(89152K), 0.0002060 secs]
818.859: [GC (Allocation Failure) 46446K->435K(87488K), 0.0002060 secs]
818.904: [GC (Allocation Failure) 44786K->435K(85888K), 0.0002240 secs]
818.923: [GC (Allocation Failure) 43223K->435K(84352K), 0.0002030 secs]
818.996: [GC (Allocation Failure) 41660K->435K(82880K), 0.0002130 secs]
819.018: [GC (Allocation Failure) 40195K->435K(81472K), 0.0002140 secs]
819.039: [GC (Allocation Failure) 38828K->435K(80128K), 0.0002040 secs]
819.059: [GC (Allocation Failure) 37461K->435K(78848K), 0.0002120 secs]
819.075: [GC (Allocation Failure) 36191K->435K(77632K), 0.0002030 secs]
819.144: [GC (Allocation Failure) 34921K->435K(76480K), 0.0003430 secs]
819.163: [GC (Allocation Failure) 33749K->435K(75392K), 0.0003210 secs]
819.190: [GC (Allocation Failure) 32675K->435K(74368K), 0.0002190 secs]
819.208: [GC (Allocation Failure) 31698K->435K(80640K), 0.0002770 secs]
819.225: [GC (Allocation Failure) 37949K->435K(88192K), 0.0002490 secs]
819.298: [GC (Allocation Failure) 45470K->435K(86592K), 0.0002130 secs]
819.321: [GC (Allocation Failure) 43907K->435K(85056K), 0.0002300 secs]
819.343: [GC (Allocation Failure) 42344K->435K(83584K), 0.0002120 secs]
819.396: [GC (Allocation Failure) 40879K->435K(82176K), 0.0002180 secs]
819.413: [GC (Allocation Failure) 39512K->435K(80832K), 0.0002130 secs]
819.434: [GC (Allocation Failure) 38144K->435K(79552K), 0.0002020 secs]
819.454: [GC (Allocation Failure) 36875K->435K(78336K), 0.0002140 secs]
819.469: [GC (Allocation Failure) 35605K->435K(77184K), 0.0002130 secs]
819.484: [GC (Allocation Failure) 34530K->435K(76032K), 0.0002040 secs]
819.498: [GC (Allocation Failure) 33358K->435K(82624K), 0.0002040 secs]
819.546: [GC (Allocation Failure) 39902K->435K(81280K), 0.0002230 secs]
819.568: [GC (Allocation Failure) 38633K->435K(80000K), 0.0002150 secs]
819.585: [GC (Allocation Failure) 37363K->435K(87424K), 0.0002870 secs]
819.648: [GC (Allocation Failure) 44786K->435K(85824K), 0.0002110 secs]
819.671: [GC (Allocation Failure) 43126K->435K(84288K), 0.0002070 secs]
819.692: [GC (Allocation Failure) 41563K->435K(82816K), 0.0002300 secs]
819.710: [GC (Allocation Failure) 40098K->435K(81408K), 0.0002050 secs]
819.747: [GC (Allocation Failure) 38730K->435K(80064K), 0.0002270 secs]
819.764: [GC (Allocation Failure) 37363K->435K(87488K), 0.0003950 secs]
819.795: [GC (Allocation Failure) 44786K->435K(85888K), 0.0002180 secs]
819.814: [GC (Allocation Failure) 43223K->435K(84352K), 0.0002130 secs]
819.836: [GC (Allocation Failure) 41660K->435K(82880K), 0.0002120 secs]
819.857: [GC (Allocation Failure) 40195K->435K(81472K), 0.0002140 secs]
819.897: [GC (Allocation Failure) 38828K->435K(80128K), 0.0002320 secs]
819.917: [GC (Allocation Failure) 37461K->435K(78848K), 0.0002110 secs]
819.933: [GC (Allocation Failure) 36191K->435K(86016K), 0.0002730 secs]
819.995: [GC (Allocation Failure) 43321K->435K(84480K), 0.0002090 secs]
820.013: [GC (Allocation Failure) 41758K->435K(83008K), 0.0002040 secs]
820.099: [GC (Allocation Failure) 40293K->435K(81600K), 0.0002170 secs]
820.147: [GC (Allocation Failure) 38926K->435K(80256K), 0.0002130 secs]
820.163: [GC (Allocation Failure) 37558K->435K(78976K), 0.0002150 secs]
820.179: [GC (Allocation Failure) 36289K->435K(77760K), 0.0002130 secs]
820.194: [GC (Allocation Failure) 35116K->435K(76608K), 0.0002020 secs]
820.241: [GC (Allocation Failure) 33944K->435K(75520K), 0.0002120 secs]
820.255: [GC (Allocation Failure) 32870K->435K(74496K), 0.0002020 secs]
820.269: [GC (Allocation Failure) 31796K->435K(80832K), 0.0002260 secs]
820.293: [GC (Allocation Failure) 38144K->435K(79552K), 0.0002160 secs]
820.343: [GC (Allocation Failure) 36875K->435K(78336K), 0.0002270 secs]
820.362: [GC (Allocation Failure) 35605K->435K(77184K), 0.0002010 secs]
820.401: [GC (Allocation Failure) 34530K->435K(76032K), 0.0002220 secs]
820.420: [GC (Allocation Failure) 33358K->435K(74944K), 0.0002070 secs]
820.434: [GC (Allocation Failure) 32284K->435K(73920K), 0.0002280 secs]
820.447: [GC (Allocation Failure) 31210K->435K(80128K), 0.0002060 secs]
820.493: [GC (Allocation Failure) 37461K->435K(78848K), 0.0002150 secs]
820.508: [GC (Allocation Failure) 36191K->435K(77632K), 0.0002170 secs]
820.546: [GC (Allocation Failure) 34921K->435K(76480K), 0.0002140 secs]
820.564: [GC (Allocation Failure) 33749K->435K(75392K), 0.0002030 secs]
820.600: [GC (Allocation Failure) 32675K->435K(74368K), 0.0002070 secs]
820.613: [GC (Allocation Failure) 31698K->435K(73344K), 0.0002140 secs]
820.626: [GC (Allocation Failure) 30624K->435K(79424K), 0.0002050 secs]
820.662: [GC (Allocation Failure) 36777K->435K(78208K), 0.0002130 secs]
820.696: [GC (Allocation Failure) 35507K->435K(77056K), 0.0002290 secs]
820.716: [GC (Allocation Failure) 34335K->435K(75904K), 0.0002050 secs]
820.795: [GC (Allocation Failure) 33261K->435K(74816K), 0.0002100 secs]
820.809: [GC (Allocation Failure) 32089K->435K(73792K), 0.0002040 secs]
820.826: [GC (Allocation Failure) 31112K->435K(72832K), 0.0002100 secs]
820.910: [GC (Allocation Failure) 30135K->435K(71872K), 0.0002050 secs]
820.922: [GC (Allocation Failure) 29158K->435K(70976K), 0.0002230 secs]
820.935: [GC (Allocation Failure) 28279K->435K(76608K), 0.0002150 secs]
820.992: [GC (Allocation Failure) 33944K->435K(75520K), 0.0002140 secs]
821.046: [GC (Allocation Failure) 32870K->435K(74496K), 0.0002210 secs]
821.064: [GC (Allocation Failure) 31796K->435K(73472K), 0.0002130 secs]
821.095: [GC (Allocation Failure) 30819K->435K(72512K), 0.0002110 secs]
821.112: [GC (Allocation Failure) 29842K->435K(71616K), 0.0002110 secs]
821.124: [GC (Allocation Failure) 28963K->435K(70720K), 0.0002160 secs]
821.140: [GC (Allocation Failure) 27986K->435K(76288K), 0.0002110 secs]
821.199: [GC (Allocation Failure) 33554K->435K(75200K), 0.0002770 secs]
821.292: [GC (Allocation Failure) 32479K->435K(74176K), 0.0002220 secs]
821.345: [GC (Allocation Failure) 31503K->435K(73152K), 0.0002250 secs]
821.363: [GC (Allocation Failure) 30428K->435K(72192K), 0.0002330 secs]
821.376: [GC (Allocation Failure) 29549K->435K(71296K), 0.0002180 secs]
821.390: [GC (Allocation Failure) 28572K->435K(76992K), 0.0002720 secs]
821.446: [GC (Allocation Failure) 34335K->435K(75904K), 0.0002250 secs]
821.461: [GC (Allocation Failure) 33261K->435K(82496K), 0.0002060 secs]
821.478: [GC (Allocation Failure) 39805K->435K(90432K), 0.0002060 secs]
821.502: [GC (Allocation Failure) 47716K->435K(88704K), 0.0002020 secs]
821.526: [GC (Allocation Failure) 46056K->435K(87040K), 0.0002230 secs]
821.547: [GC (Allocation Failure) 44395K->435K(85440K), 0.0002160 secs]
821.601: [GC (Allocation Failure) 42735K->435K(83968K), 0.0002130 secs]
821.618: [GC (Allocation Failure) 41270K->435K(82560K), 0.0002180 secs]
821.640: [GC (Allocation Failure) 39902K->435K(81216K), 0.0002170 secs]
821.699: [GC (Allocation Failure) 38535K->435K(79936K), 0.0002020 secs]
821.719: [GC (Allocation Failure) 37265K->435K(78656K), 0.0002010 secs]
821.748: [GC (Allocation Failure) 35996K->435K(77440K), 0.0002030 secs]
821.768: [GC (Allocation Failure) 34726K->435K(76288K), 0.0002280 secs]
821.897: [GC (Allocation Failure) 33554K->435K(75200K), 0.0002230 secs]
821.911: [GC (Allocation Failure) 32479K->435K(74176K), 0.0002180 secs]
821.929: [GC (Allocation Failure) 31503K->435K(73152K), 0.0002230 secs]
821.991: [GC (Allocation Failure) 30428K->435K(72192K), 0.0002160 secs]
822.127: [GC (Allocation Failure) 29549K->435K(71296K), 0.0002240 secs]
822.139: [GC (Allocation Failure) 28572K->435K(70400K), 0.0002180 secs]
822.151: [GC (Allocation Failure) 27693K->435K(69568K), 0.0002110 secs]
822.191: [GC (Allocation Failure) 26912K->435K(68800K), 0.0002250 secs]
822.202: [GC (Allocation Failure) 26131K->435K(73984K), 0.0002020 secs]
822.242: [GC (Allocation Failure) 31307K->435K(73024K), 0.0002260 secs]
822.259: [GC (Allocation Failure) 30331K->435K(72064K), 0.0002120 secs]
822.292: [GC (Allocation Failure) 29354K->435K(71168K), 0.0002750 secs]
822.398: [GC (Allocation Failure) 28475K->435K(70336K), 0.0002100 secs]
822.445: [GC (Allocation Failure) 27693K->435K(69504K), 0.0002310 secs]
822.456: [GC (Allocation Failure) 26814K->435K(68736K), 0.0002060 secs]
822.471: [GC (Allocation Failure) 26033K->435K(67968K), 0.0002140 secs]
822.540: [GC (Allocation Failure) 25250K->435K(67264K), 0.0002180 secs]
822.594: [GC (Allocation Failure) 24564K->435K(66560K), 0.0002250 secs]
822.605: [GC (Allocation Failure) 23880K->435K(65920K), 0.0002180 secs]
822.625: [GC (Allocation Failure) 23196K->435K(65280K), 0.0002290 secs]
822.635: [GC (Allocation Failure) 22610K->435K(69760K), 0.0002170 secs]
822.647: [GC (Allocation Failure) 27107K->435K(75136K), 0.0002160 secs]
822.734: [GC (Allocation Failure) 32479K->435K(74112K), 0.0002070 secs]
822.794: [GC (Allocation Failure) 31405K->435K(73152K), 0.0002090 secs]
822.847: [GC (Allocation Failure) 30428K->435K(72192K), 0.0002150 secs]
822.860: [GC (Allocation Failure) 29549K->435K(71296K), 0.0002230 secs]
822.876: [GC (Allocation Failure) 28572K->435K(70400K), 0.0002120 secs]
823.040: [GC (Allocation Failure) 27693K->435K(69568K), 0.0002160 secs]
823.051: [GC (Allocation Failure) 26912K->435K(68800K), 0.0002050 secs]
823.062: [GC (Allocation Failure) 26131K->435K(73984K), 0.0002050 secs]
823.143: [GC (Allocation Failure) 31307K->435K(73024K), 0.0002060 secs]
823.193: [GC (Allocation Failure) 30331K->435K(72064K), 0.0002160 secs]
823.393: [GC (Allocation Failure) 29354K->435K(71168K), 0.0002180 secs]
823.405: [GC (Allocation Failure) 28475K->435K(70336K), 0.0002050 secs]
823.442: [GC (Allocation Failure) 27693K->435K(69504K), 0.0002170 secs]
823.458: [GC (Allocation Failure) 26814K->435K(68736K), 0.0002750 secs]
823.470: [GC (Allocation Failure) 26033K->435K(73920K), 0.0002040 secs]
823.484: [GC (Allocation Failure) 31210K->435K(80128K), 0.0002040 secs]
823.500: [GC (Allocation Failure) 37461K->435K(87552K), 0.0002760 secs]
823.606: [GC (Allocation Failure) 44884K->435K(85952K), 0.0002270 secs]
823.628: [GC (Allocation Failure) 43223K->435K(84416K), 0.0002040 secs]
823.651: [GC (Allocation Failure) 41758K->435K(82944K), 0.0002160 secs]
823.668: [GC (Allocation Failure) 40293K->435K(81536K), 0.0002060 secs]
823.697: [GC (Allocation Failure) 38828K->435K(80192K), 0.0002140 secs]
823.714: [GC (Allocation Failure) 37461K->435K(78912K), 0.0002130 secs]
823.750: [GC (Allocation Failure) 36191K->435K(77696K), 0.0002160 secs]
823.765: [GC (Allocation Failure) 35019K->435K(76544K), 0.0002020 secs]
823.899: [GC (Allocation Failure) 33847K->435K(75456K), 0.0002210 secs]
823.918: [GC (Allocation Failure) 32772K->435K(74432K), 0.0002020 secs]
823.931: [GC (Allocation Failure) 31698K->435K(73408K), 0.0002030 secs]
823.995: [GC (Allocation Failure) 30721K->435K(72448K), 0.0002260 secs]
824.012: [GC (Allocation Failure) 29745K->435K(71552K), 0.0002070 secs]
824.029: [GC (Allocation Failure) 28865K->435K(70656K), 0.0002130 secs]
824.043: [GC (Allocation Failure) 27986K->435K(76224K), 0.0003270 secs]
824.102: [GC (Allocation Failure) 33554K->435K(75136K), 0.0002140 secs]
824.119: [GC (Allocation Failure) 32479K->435K(74112K), 0.0002020 secs]
824.137: [GC (Allocation Failure) 31405K->435K(73152K), 0.0002120 secs]
824.194: [GC (Allocation Failure) 30428K->435K(72192K), 0.0002540 secs]
824.211: [GC (Allocation Failure) 29549K->435K(71296K), 0.0002730 secs]
824.223: [GC (Allocation Failure) 28572K->435K(76992K), 0.0002160 secs]
824.238: [GC (Allocation Failure) 34335K->435K(83776K), 0.0002030 secs]
824.299: [GC (Allocation Failure) 41074K->435K(82368K), 0.0002750 secs]
824.352: [GC (Allocation Failure) 39707K->435K(81024K), 0.0002310 secs]
824.369: [GC (Allocation Failure) 38340K->435K(79744K), 0.0002760 secs]
824.413: [GC (Allocation Failure) 37070K->435K(78528K), 0.0002310 secs]
824.432: [GC (Allocation Failure) 35800K->435K(77312K), 0.0002040 secs]
824.447: [GC (Allocation Failure) 34628K->435K(76160K), 0.0002040 secs]
824.500: [GC (Allocation Failure) 33456K->435K(75072K), 0.0002130 secs]
824.518: [GC (Allocation Failure) 32382K->435K(74048K), 0.0002290 secs]
824.536: [GC (Allocation Failure) 31405K->435K(73088K), 0.0002210 secs]
824.591: [GC (Allocation Failure) 30428K->435K(72128K), 0.0002300 secs]
824.604: [GC (Allocation Failure) 29451K->435K(71232K), 0.0002010 secs]
824.620: [GC (Allocation Failure) 28572K->435K(76864K), 0.0002700 secs]
824.639: [GC (Allocation Failure) 34140K->435K(83648K), 0.0002170 secs]
824.661: [GC (Allocation Failure) 40977K->435K(82240K), 0.0002030 secs]
824.705: [GC (Allocation Failure) 39512K->435K(80896K), 0.0002260 secs]
824.722: [GC (Allocation Failure) 38242K->435K(79616K), 0.0002040 secs]
824.803: [GC (Allocation Failure) 36972K->435K(78400K), 0.0002130 secs]
824.823: [GC (Allocation Failure) 35702K->435K(77248K), 0.0002040 secs]
824.842: [GC (Allocation Failure) 34530K->435K(76096K), 0.0002240 secs]
824.901: [GC (Allocation Failure) 33456K->435K(75008K), 0.0002550 secs]
824.915: [GC (Allocation Failure) 32284K->435K(73984K), 0.0002040 secs]
824.950: [GC (Allocation Failure) 31307K->435K(73024K), 0.0002230 secs]
824.963: [GC (Allocation Failure) 30331K->435K(72064K), 0.0002040 secs]
824.979: [GC (Allocation Failure) 29354K->435K(71168K), 0.0002130 secs]
824.999: [GC (Allocation Failure) 28475K->435K(70336K), 0.0002300 secs]
825.015: [GC (Allocation Failure) 27693K->435K(75840K), 0.0002130 secs]
825.097: [GC (Allocation Failure) 33163K->435K(74752K), 0.0002760 secs]
825.150: [GC (Allocation Failure) 32089K->435K(73728K), 0.0002230 secs]
825.168: [GC (Allocation Failure) 31014K->435K(72768K), 0.0002260 secs]
825.200: [GC (Allocation Failure) 30038K->435K(71808K), 0.0002380 secs]
825.213: [GC (Allocation Failure) 29158K->435K(70912K), 0.0002080 secs]
825.302: [GC (Allocation Failure) 28182K->435K(70080K), 0.0002070 secs]
825.345: [GC (Allocation Failure) 27400K->435K(69248K), 0.0002370 secs]
825.395: [GC (Allocation Failure) 26521K->435K(68480K), 0.0002050 secs]
825.448: [GC (Allocation Failure) 25838K->435K(67712K), 0.0002190 secs]
825.459: [GC (Allocation Failure) 25052K->435K(72640K), 0.0003230 secs]
825.500: [GC (Allocation Failure) 29940K->435K(71744K), 0.0003350 secs]
825.517: [GC (Allocation Failure) 29061K->435K(77504K), 0.0002200 secs]
825.543: [GC (Allocation Failure) 34823K->435K(76352K), 0.0002740 secs]
825.651: [GC (Allocation Failure) 33651K->435K(75264K), 0.0002160 secs]
825.669: [GC (Allocation Failure) 32577K->435K(74240K), 0.0002010 secs]
825.687: [GC (Allocation Failure) 31600K->435K(73216K), 0.0002140 secs]
825.700: [GC (Allocation Failure) 30526K->435K(79296K), 0.0002200 secs]
825.720: [GC (Allocation Failure) 36582K->435K(78080K), 0.0002030 secs]
825.735: [GC (Allocation Failure) 35409K->435K(85120K), 0.0002060 secs]
825.806: [GC (Allocation Failure) 42442K->435K(83648K), 0.0002220 secs]
825.827: [GC (Allocation Failure) 40977K->435K(82240K), 0.0002160 secs]
825.845: [GC (Allocation Failure) 39512K->435K(80896K), 0.0002220 secs]
825.937: [GC (Allocation Failure) 38242K->435K(79616K), 0.0002190 secs]
826.005: [GC (Allocation Failure) 36972K->435K(78400K), 0.0002150 secs]
826.024: [GC (Allocation Failure) 35702K->435K(77248K), 0.0002060 secs]
826.049: [GC (Allocation Failure) 34530K->435K(76096K), 0.0002260 secs]
826.067: [GC (Allocation Failure) 33456K->435K(75008K), 0.0002180 secs]
826.098: [GC (Allocation Failure) 32284K->435K(73984K), 0.0002070 secs]
826.226: [GC (Allocation Failure) 31307K->435K(73024K), 0.0002270 secs]
826.239: [GC (Allocation Failure) 30331K->435K(72064K), 0.0002150 secs]
826.301: [GC (Allocation Failure) 29354K->435K(71168K), 0.0002140 secs]
826.317: [GC (Allocation Failure) 28475K->435K(70336K), 0.0002130 secs]
826.333: [GC (Allocation Failure) 27693K->435K(69504K), 0.0002120 secs]
826.345: [GC (Allocation Failure) 26814K->435K(74816K), 0.0002180 secs]
826.363: [GC (Allocation Failure) 32089K->435K(81216K), 0.0002020 secs]
826.380: [GC (Allocation Failure) 38535K->435K(88896K), 0.0002720 secs]
826.409: [GC (Allocation Failure) 46251K->435K(98112K), 0.0002340 secs]
826.435: [GC (Allocation Failure) 55436K->435K(96000K), 0.0002110 secs]
826.461: [GC (Allocation Failure) 53287K->435K(94016K), 0.0002140 secs]
826.518: [GC (Allocation Failure) 51334K->435K(92096K), 0.0002130 secs]
826.543: [GC (Allocation Failure) 49377K->435K(90304K), 0.0002230 secs]
826.604: [GC (Allocation Failure) 47618K->435K(88576K), 0.0002280 secs]
826.629: [GC (Allocation Failure) 45860K->435K(86912K), 0.0002050 secs]
826.649: [GC (Allocation Failure) 44200K->435K(85312K), 0.0003160 secs]
826.671: [GC (Allocation Failure) 42637K->435K(83840K), 0.0002210 secs]
826.802: [GC (Allocation Failure) 41172K->435K(82432K), 0.0002160 secs]
826.823: [GC (Allocation Failure) 39707K->435K(81088K), 0.0002030 secs]
826.844: [GC (Allocation Failure) 38437K->435K(79808K), 0.0002190 secs]
826.860: [GC (Allocation Failure) 37168K->435K(78592K), 0.0002180 secs]
826.904: [GC (Allocation Failure) 35898K->435K(77376K), 0.0002200 secs]
826.924: [GC (Allocation Failure) 34726K->435K(76224K), 0.0002030 secs]
826.942: [GC (Allocation Failure) 33554K->435K(75136K), 0.0002230 secs]
827.099: [GC (Allocation Failure) 32479K->435K(74112K), 0.0002140 secs]
827.149: [GC (Allocation Failure) 31405K->435K(73152K), 0.0002230 secs]
827.166: [GC (Allocation Failure) 30428K->435K(72192K), 0.0002720 secs]
827.179: [GC (Allocation Failure) 29549K->435K(71296K), 0.0002300 secs]
827.195: [GC (Allocation Failure) 28572K->435K(70400K), 0.0001900 secs]
827.211: [GC (Allocation Failure) 27693K->435K(75904K), 0.0002230 secs]
827.254: [GC (Allocation Failure) 33261K->435K(74816K), 0.0002150 secs]
827.267: [GC (Allocation Failure) 32089K->435K(81216K), 0.0002170 secs]
827.286: [GC (Allocation Failure) 38535K->435K(79936K), 0.0002000 secs]
827.309: [GC (Allocation Failure) 37265K->435K(87360K), 0.0002840 secs]
827.404: [GC (Allocation Failure) 44688K->435K(85760K), 0.0002150 secs]
827.427: [GC (Allocation Failure) 43028K->435K(84224K), 0.0002120 secs]
827.507: [GC (Allocation Failure) 41563K->435K(82752K), 0.0002220 secs]
827.524: [GC (Allocation Failure) 40098K->435K(81344K), 0.0002120 secs]
827.541: [GC (Allocation Failure) 38633K->435K(80000K), 0.0002140 secs]
827.610: [GC (Allocation Failure) 37363K->435K(78720K), 0.0002170 secs]
827.629: [GC (Allocation Failure) 35996K->435K(77504K), 0.0002040 secs]
827.652: [GC (Allocation Failure) 34823K->435K(76352K), 0.0002080 secs]
827.705: [GC (Allocation Failure) 33651K->435K(75264K), 0.0002130 secs]
827.721: [GC (Allocation Failure) 32577K->435K(74240K), 0.0002190 secs]
827.736: [GC (Allocation Failure) 31600K->435K(73216K), 0.0002120 secs]
827.750: [GC (Allocation Failure) 30526K->435K(72256K), 0.0002040 secs]
827.766: [GC (Allocation Failure) 29549K->435K(78144K), 0.0002120 secs]
827.801: [GC (Allocation Failure) 35409K->435K(76992K), 0.0002150 secs]
827.816: [GC (Allocation Failure) 34335K->435K(75904K), 0.0002050 secs]
827.834: [GC (Allocation Failure) 33261K->435K(74816K), 0.0002120 secs]
827.850: [GC (Allocation Failure) 32089K->435K(81216K), 0.0003250 secs]
827.909: [GC (Allocation Failure) 38535K->435K(79936K), 0.0002160 secs]
828.002: [GC (Allocation Failure) 37265K->435K(78656K), 0.0002250 secs]
828.021: [GC (Allocation Failure) 35996K->435K(77440K), 0.0002120 secs]
828.101: [GC (Allocation Failure) 34726K->435K(76288K), 0.0002720 secs]
828.255: [GC (Allocation Failure) 33554K->435K(75200K), 0.0002160 secs]
828.269: [GC (Allocation Failure) 32479K->435K(74176K), 0.0003210 secs]
828.301: [GC (Allocation Failure) 31503K->435K(73152K), 0.0002190 secs]
828.314: [GC (Allocation Failure) 30428K->435K(72192K), 0.0002030 secs]
828.331: [GC (Allocation Failure) 29549K->435K(71296K), 0.0002120 secs]
828.353: [GC (Allocation Failure) 28572K->435K(70400K), 0.0002030 secs]
828.369: [GC (Allocation Failure) 27693K->435K(75904K), 0.0002320 secs]
828.384: [GC (Allocation Failure) 33261K->435K(82496K), 0.0002060 secs]
828.409: [GC (Allocation Failure) 39805K->435K(81152K), 0.0002120 secs]
828.429: [GC (Allocation Failure) 38437K->435K(79872K), 0.0002050 secs]
828.458: [GC (Allocation Failure) 37168K->435K(78656K), 0.0002050 secs]
828.473: [GC (Allocation Failure) 35996K->435K(77440K), 0.0002150 secs]
828.488: [GC (Allocation Failure) 34726K->435K(84352K), 0.0002130 secs]
828.515: [GC (Allocation Failure) 41660K->435K(82880K), 0.0002260 secs]
828.537: [GC (Allocation Failure) 40195K->435K(81472K), 0.0002470 secs]
828.558: [GC (Allocation Failure) 38828K->435K(80128K), 0.0002130 secs]
828.578: [GC (Allocation Failure) 37461K->435K(78848K), 0.0002150 secs]
828.601: [GC (Allocation Failure) 36191K->435K(77632K), 0.0002450 secs]
828.628: [GC (Allocation Failure) 34921K->435K(76480K), 0.0002030 secs]
828.646: [GC (Allocation Failure) 33749K->435K(75392K), 0.0002500 secs]
828.683: [GC (Allocation Failure) 32675K->435K(74368K), 0.0002160 secs]
828.700: [GC (Allocation Failure) 31698K->435K(73344K), 0.0002020 secs]
828.718: [GC (Allocation Failure) 30624K->435K(72384K), 0.0002120 secs]
828.731: [GC (Allocation Failure) 29745K->435K(78272K), 0.0002040 secs]
828.753: [GC (Allocation Failure) 35605K->435K(77120K), 0.0002180 secs]
828.813: [GC (Allocation Failure) 34433K->435K(75968K), 0.0002160 secs]
828.827: [GC (Allocation Failure) 33261K->435K(74880K), 0.0002170 secs]
828.841: [GC (Allocation Failure) 32186K->435K(81280K), 0.0002050 secs]
828.857: [GC (Allocation Failure) 38633K->435K(88960K), 0.0002070 secs]
828.908: [GC (Allocation Failure) 46251K->435K(87296K), 0.0002290 secs]
828.931: [GC (Allocation Failure) 44591K->435K(85696K), 0.0002030 secs]
828.950: [GC (Allocation Failure) 43028K->435K(84160K), 0.0002060 secs]
829.006: [GC (Allocation Failure) 41465K->435K(82688K), 0.0002150 secs]
829.155: [GC (Allocation Failure) 40000K->435K(81344K), 0.0002160 secs]
829.209: [GC (Allocation Failure) 38633K->435K(80000K), 0.0003240 secs]
829.225: [GC (Allocation Failure) 37363K->435K(78720K), 0.0002030 secs]
829.245: [GC (Allocation Failure) 35996K->435K(77504K), 0.0002040 secs]
829.307: [GC (Allocation Failure) 34823K->435K(76352K), 0.0002220 secs]
829.322: [GC (Allocation Failure) 33651K->435K(75264K), 0.0002030 secs]
829.336: [GC (Allocation Failure) 32577K->435K(74240K), 0.0002140 secs]
829.356: [GC (Allocation Failure) 31600K->435K(73216K), 0.0002130 secs]
829.369: [GC (Allocation Failure) 30526K->435K(79296K), 0.0002170 secs]
829.412: [GC (Allocation Failure) 36582K->435K(78080K), 0.0002100 secs]
829.428: [GC (Allocation Failure) 35409K->435K(76928K), 0.0002200 secs]
829.447: [GC (Allocation Failure) 34237K->435K(75840K), 0.0002110 secs]
829.465: [GC (Allocation Failure) 33163K->435K(74752K), 0.0002100 secs]
829.479: [GC (Allocation Failure) 32089K->435K(81088K), 0.0002190 secs]
829.496: [GC (Allocation Failure) 38437K->435K(88704K), 0.0002040 secs]
829.541: [GC (Allocation Failure) 46056K->435K(87040K), 0.0002280 secs]
829.564: [GC (Allocation Failure) 44395K->435K(85440K), 0.0002150 secs]
829.617: [GC (Allocation Failure) 42735K->435K(83968K), 0.0002070 secs]
829.635: [GC (Allocation Failure) 41270K->435K(82560K), 0.0002820 secs]
829.656: [GC (Allocation Failure) 39902K->435K(81216K), 0.0002150 secs]
829.677: [GC (Allocation Failure) 38535K->435K(79936K), 0.0002390 secs]
829.695: [GC (Allocation Failure) 37265K->435K(78656K), 0.0002110 secs]
829.711: [GC (Allocation Failure) 35996K->435K(77440K), 0.0002070 secs]
829.754: [GC (Allocation Failure) 34726K->435K(76288K), 0.0002040 secs]
829.803: [GC (Allocation Failure) 33554K->435K(75200K), 0.0002140 secs]
829.817: [GC (Allocation Failure) 32479K->435K(81664K), 0.0003220 secs]
829.860: [GC (Allocation Failure) 39023K->435K(80320K), 0.0002170 secs]
829.880: [GC (Allocation Failure) 37656K->435K(79040K), 0.0002020 secs]
829.896: [GC (Allocation Failure) 36386K->435K(77824K), 0.0002040 secs]
829.911: [GC (Allocation Failure) 35116K->435K(76672K), 0.0002030 secs]
829.935: [GC (Allocation Failure) 33944K->435K(75584K), 0.0002050 secs]
829.954: [GC (Allocation Failure) 32870K->435K(74560K), 0.0002120 secs]
830.008: [GC (Allocation Failure) 31893K->435K(73536K), 0.0002240 secs]
830.026: [GC (Allocation Failure) 30819K->435K(72576K), 0.0002350 secs]
830.102: [GC (Allocation Failure) 29842K->435K(71680K), 0.0002290 secs]
830.119: [GC (Allocation Failure) 28963K->435K(70784K), 0.0002120 secs]
830.155: [GC (Allocation Failure) 28084K->435K(69952K), 0.0002190 secs]
830.171: [GC (Allocation Failure) 27303K->435K(69120K), 0.0002040 secs]
830.183: [GC (Allocation Failure) 26424K->435K(68352K), 0.0002060 secs]
830.201: [GC (Allocation Failure) 25642K->435K(73408K), 0.0002720 secs]
830.219: [GC (Allocation Failure) 30721K->435K(79488K), 0.0002130 secs]
830.305: [GC (Allocation Failure) 36777K->435K(78272K), 0.0002050 secs]
830.355: [GC (Allocation Failure) 35605K->435K(77120K), 0.0002170 secs]
830.370: [GC (Allocation Failure) 34433K->435K(75968K), 0.0002050 secs]
830.404: [GC (Allocation Failure) 33261K->435K(74880K), 0.0002050 secs]
830.458: [GC (Allocation Failure) 32186K->435K(73856K), 0.0002220 secs]
830.475: [GC (Allocation Failure) 31210K->435K(72896K), 0.0002140 secs]
830.490: [GC (Allocation Failure) 30233K->435K(71936K), 0.0002160 secs]
830.580: [GC (Allocation Failure) 29256K->435K(71040K), 0.0002240 secs]
830.631: [GC (Allocation Failure) 28377K->435K(70208K), 0.0002150 secs]
830.646: [GC (Allocation Failure) 27498K->435K(69376K), 0.0002330 secs]
830.661: [GC (Allocation Failure) 26717K->435K(68608K), 0.0002220 secs]
830.676: [GC (Allocation Failure) 25935K->435K(67840K), 0.0002310 secs]
830.690: [GC (Allocation Failure) 25150K->435K(72832K), 0.0002670 secs]
830.733: [GC (Allocation Failure) 30135K->435K(71872K), 0.0002130 secs]
830.750: [GC (Allocation Failure) 29158K->435K(77632K), 0.0002720 secs]
830.769: [GC (Allocation Failure) 34921K->435K(84544K), 0.0002210 secs]
830.816: [GC (Allocation Failure) 41856K->435K(83072K), 0.0002190 secs]
830.833: [GC (Allocation Failure) 40391K->435K(81664K), 0.0002070 secs]
830.850: [GC (Allocation Failure) 39023K->435K(80320K), 0.0002060 secs]
830.911: [GC (Allocation Failure) 37656K->435K(79040K), 0.0002130 secs]
830.927: [GC (Allocation Failure) 36386K->435K(77824K), 0.0002040 secs]
831.006: [GC (Allocation Failure) 35116K->435K(76672K), 0.0002270 secs]
831.020: [GC (Allocation Failure) 33944K->435K(75584K), 0.0002150 secs]
831.038: [GC (Allocation Failure) 32870K->435K(74560K), 0.0002110 secs]
831.055: [GC (Allocation Failure) 31893K->435K(73536K), 0.0002200 secs]
831.138: [GC (Allocation Failure) 30819K->435K(72576K), 0.0002120 secs]
831.155: [GC (Allocation Failure) 29842K->435K(71680K), 0.0002270 secs]
831.209: [GC (Allocation Failure) 28963K->435K(70784K), 0.0002150 secs]
831.225: [GC (Allocation Failure) 28084K->435K(69952K), 0.0002320 secs]
831.241: [GC (Allocation Failure) 27303K->435K(69120K), 0.0002150 secs]
831.306: [GC (Allocation Failure) 26424K->435K(68352K), 0.0002150 secs]
831.318: [GC (Allocation Failure) 25642K->435K(67584K), 0.0002140 secs]
831.331: [GC (Allocation Failure) 24857K->435K(72512K), 0.0002330 secs]
831.344: [GC (Allocation Failure) 29842K->435K(78400K), 0.0002160 secs]
831.360: [GC (Allocation Failure) 35702K->435K(85504K), 0.0002050 secs]
831.382: [GC (Allocation Failure) 42833K->435K(94016K), 0.0002160 secs]
831.414: [GC (Allocation Failure) 51334K->435K(92096K), 0.0002280 secs]
831.435: [GC (Allocation Failure) 49377K->435K(90304K), 0.0002040 secs]
831.516: [GC (Allocation Failure) 47618K->435K(88576K), 0.0002240 secs]
831.539: [GC (Allocation Failure) 45860K->435K(86912K), 0.0002120 secs]
831.614: [GC (Allocation Failure) 44200K->435K(85312K), 0.0002070 secs]
831.633: [GC (Allocation Failure) 42637K->435K(83840K), 0.0002040 secs]
831.738: [GC (Allocation Failure) 41172K->435K(82432K), 0.0002150 secs]
831.759: [GC (Allocation Failure) 39707K->435K(81088K), 0.0002030 secs]
831.812: [GC (Allocation Failure) 38437K->435K(79808K), 0.0002070 secs]
831.829: [GC (Allocation Failure) 37168K->435K(78592K), 0.0002040 secs]
831.857: [GC (Allocation Failure) 35898K->435K(77376K), 0.0002120 secs]
831.907: [GC (Allocation Failure) 34726K->435K(76224K), 0.0002040 secs]
832.018: [GC (Allocation Failure) 33554K->435K(75136K), 0.0002170 secs]
832.032: [GC (Allocation Failure) 32479K->435K(74112K), 0.0002080 secs]
832.106: [GC (Allocation Failure) 31405K->435K(73152K), 0.0002170 secs]
832.159: [GC (Allocation Failure) 30428K->435K(72192K), 0.0002270 secs]
832.172: [GC (Allocation Failure) 29549K->435K(71296K), 0.0002180 secs]
832.188: [GC (Allocation Failure) 28572K->435K(70400K), 0.0002280 secs]
832.204: [GC (Allocation Failure) 27693K->435K(69568K), 0.0002140 secs]
832.220: [GC (Allocation Failure) 26912K->435K(74880K), 0.0002410 secs]
832.334: [GC (Allocation Failure) 32186K->435K(73856K), 0.0002250 secs]
832.352: [GC (Allocation Failure) 31210K->435K(72896K), 0.0002700 secs]
832.369: [GC (Allocation Failure) 30233K->435K(71936K), 0.0002220 secs]
832.406: [GC (Allocation Failure) 29256K->435K(71040K), 0.0002290 secs]
832.423: [GC (Allocation Failure) 28377K->435K(70208K), 0.0002190 secs]
832.439: [GC (Allocation Failure) 27498K->435K(75648K), 0.0002220 secs]
832.457: [GC (Allocation Failure) 32968K->435K(82176K), 0.0002120 secs]
832.475: [GC (Allocation Failure) 39512K->435K(90048K), 0.0002150 secs]
832.499: [GC (Allocation Failure) 47325K->435K(88320K), 0.0002160 secs]
832.549: [GC (Allocation Failure) 45665K->435K(86656K), 0.0002040 secs]
832.568: [GC (Allocation Failure) 44005K->435K(85120K), 0.0002050 secs]
832.590: [GC (Allocation Failure) 42442K->435K(83648K), 0.0002160 secs]
832.614: [GC (Allocation Failure) 40977K->435K(82240K), 0.0002170 secs]
832.636: [GC (Allocation Failure) 39512K->435K(80896K), 0.0002040 secs]
832.663: [GC (Allocation Failure) 38242K->435K(79616K), 0.0002140 secs]
832.693: [GC (Allocation Failure) 36972K->435K(78400K), 0.0002250 secs]
832.743: [GC (Allocation Failure) 35702K->435K(77248K), 0.0002300 secs]
832.762: [GC (Allocation Failure) 34530K->435K(76096K), 0.0002250 secs]
832.911: [GC (Allocation Failure) 33456K->435K(75008K), 0.0002020 secs]
832.925: [GC (Allocation Failure) 32284K->435K(73984K), 0.0002190 secs]
832.957: [GC (Allocation Failure) 31307K->435K(73024K), 0.0002160 secs]
833.006: [GC (Allocation Failure) 30331K->435K(72064K), 0.0002040 secs]
833.056: [GC (Allocation Failure) 29354K->435K(71168K), 0.0002160 secs]
833.072: [GC (Allocation Failure) 28475K->435K(70336K), 0.0002710 secs]
833.088: [GC (Allocation Failure) 27693K->435K(69504K), 0.0002120 secs]
833.100: [GC (Allocation Failure) 26814K->435K(74816K), 0.0002150 secs]
833.208: [GC (Allocation Failure) 32089K->435K(73792K), 0.0002160 secs]
833.261: [GC (Allocation Failure) 31112K->435K(72832K), 0.0002250 secs]
833.274: [GC (Allocation Failure) 30135K->435K(78784K), 0.0003240 secs]
833.313: [GC (Allocation Failure) 36093K->435K(77568K), 0.0002130 secs]
833.332: [GC (Allocation Failure) 34921K->435K(76416K), 0.0002030 secs]
833.351: [GC (Allocation Failure) 33749K->435K(75328K), 0.0002130 secs]
833.365: [GC (Allocation Failure) 32675K->435K(81792K), 0.0002730 secs]
833.510: [GC (Allocation Failure) 39121K->435K(80448K), 0.0002160 secs]
833.541: [GC (Allocation Failure) 37754K->435K(79168K), 0.0002140 secs]
833.561: [GC (Allocation Failure) 36484K->435K(77952K), 0.0002160 secs]
833.580: [GC (Allocation Failure) 35312K->435K(76800K), 0.0002020 secs]
833.599: [GC (Allocation Failure) 34140K->435K(75712K), 0.0002120 secs]
833.614: [GC (Allocation Failure) 33065K->435K(74624K), 0.0002070 secs]
833.632: [GC (Allocation Failure) 31893K->435K(80960K), 0.0002740 secs]
833.653: [GC (Allocation Failure) 38242K->435K(79680K), 0.0002030 secs]
833.669: [GC (Allocation Failure) 36972K->435K(87040K), 0.0003240 secs]
833.725: [GC (Allocation Failure) 44395K->435K(85440K), 0.0002180 secs]
833.745: [GC (Allocation Failure) 42735K->435K(93952K), 0.0002400 secs]
833.767: [GC (Allocation Failure) 51236K->435K(92032K), 0.0002060 secs]
833.788: [GC (Allocation Failure) 49377K->435K(90240K), 0.0002040 secs]
833.865: [GC (Allocation Failure) 47521K->435K(88512K), 0.0002020 secs]
833.916: [GC (Allocation Failure) 45860K->435K(86848K), 0.0002220 secs]
833.935: [GC (Allocation Failure) 44200K->435K(85312K), 0.0002150 secs]
834.063: [GC (Allocation Failure) 42637K->435K(83840K), 0.0002130 secs]
834.080: [GC (Allocation Failure) 41172K->435K(82432K), 0.0002030 secs]
834.101: [GC (Allocation Failure) 39707K->435K(81088K), 0.0002110 secs]
834.141: [GC (Allocation Failure) 38437K->435K(79808K), 0.0002080 secs]
834.157: [GC (Allocation Failure) 37168K->435K(78592K), 0.0002150 secs]
834.172: [GC (Allocation Failure) 35898K->435K(77376K), 0.0002140 secs]
834.187: [GC (Allocation Failure) 34726K->435K(76224K), 0.0002050 secs]
834.209: [GC (Allocation Failure) 33554K->435K(82880K), 0.0002870 secs]
834.227: [GC (Allocation Failure) 40195K->435K(90880K), 0.0002050 secs]
834.247: [GC (Allocation Failure) 48204K->435K(89152K), 0.0002050 secs]
834.365: [GC (Allocation Failure) 46446K->435K(87488K), 0.0002730 secs]
834.417: [GC (Allocation Failure) 44786K->435K(85888K), 0.0002190 secs]
834.436: [GC (Allocation Failure) 43223K->435K(84352K), 0.0002160 secs]
834.467: [GC (Allocation Failure) 41660K->435K(82880K), 0.0002130 secs]
834.488: [GC (Allocation Failure) 40195K->435K(81472K), 0.0002790 secs]
834.510: [GC (Allocation Failure) 38828K->435K(80128K), 0.0002120 secs]
834.530: [GC (Allocation Failure) 37461K->435K(78848K), 0.0002100 secs]
834.595: [GC (Allocation Failure) 36191K->435K(77632K), 0.0002200 secs]
834.610: [GC (Allocation Failure) 34921K->435K(76480K), 0.0002030 secs]
834.625: [GC (Allocation Failure) 33749K->435K(75392K), 0.0002030 secs]
834.664: [GC (Allocation Failure) 32675K->435K(74368K), 0.0002150 secs]
834.678: [GC (Allocation Failure) 31698K->435K(73344K), 0.0002180 secs]
834.713: [GC (Allocation Failure) 30624K->435K(72384K), 0.0002120 secs]
834.726: [GC (Allocation Failure) 29745K->435K(71488K), 0.0002200 secs]
834.743: [GC (Allocation Failure) 28768K->435K(70592K), 0.0002030 secs]
834.759: [GC (Allocation Failure) 27889K->435K(76096K), 0.0002140 secs]
834.773: [GC (Allocation Failure) 33456K->435K(82752K), 0.0002170 secs]
834.795: [GC (Allocation Failure) 40098K->435K(90688K), 0.0002150 secs]
834.821: [GC (Allocation Failure) 48009K->435K(88960K), 0.0002240 secs]
834.845: [GC (Allocation Failure) 46251K->435K(87296K), 0.0002040 secs]
834.864: [GC (Allocation Failure) 44591K->435K(85696K), 0.0002070 secs]
834.926: [GC (Allocation Failure) 43028K->435K(84160K), 0.0002140 secs]
834.944: [GC (Allocation Failure) 41465K->435K(82688K), 0.0002300 secs]
834.961: [GC (Allocation Failure) 40000K->435K(81344K), 0.0002040 secs]
834.978: [GC (Allocation Failure) 38633K->435K(89024K), 0.0002720 secs]
835.016: [GC (Allocation Failure) 46349K->435K(87360K), 0.0002060 secs]
835.065: [GC (Allocation Failure) 44688K->435K(85760K), 0.0002030 secs]
835.115: [GC (Allocation Failure) 43028K->435K(84224K), 0.0002240 secs]
835.133: [GC (Allocation Failure) 41563K->435K(82752K), 0.0002230 secs]
835.264: [GC (Allocation Failure) 40098K->435K(81344K), 0.0002150 secs]
835.280: [GC (Allocation Failure) 38633K->435K(80000K), 0.0002020 secs]
835.313: [GC (Allocation Failure) 37363K->435K(78720K), 0.0002140 secs]
835.332: [GC (Allocation Failure) 35996K->435K(77504K), 0.0002020 secs]
835.361: [GC (Allocation Failure) 34823K->435K(76352K), 0.0002730 secs]
835.411: [GC (Allocation Failure) 33651K->435K(75264K), 0.0002130 secs]
835.430: [GC (Allocation Failure) 32577K->435K(74240K), 0.0002010 secs]
835.447: [GC (Allocation Failure) 31600K->435K(73216K), 0.0002140 secs]
835.461: [GC (Allocation Failure) 30526K->435K(72256K), 0.0002240 secs]
835.478: [GC (Allocation Failure) 29549K->435K(71360K), 0.0002210 secs]
835.559: [GC (Allocation Failure) 28670K->435K(70464K), 0.0002210 secs]
835.614: [GC (Allocation Failure) 27791K->435K(69632K), 0.0002260 secs]
835.629: [GC (Allocation Failure) 26912K->435K(68864K), 0.0002280 secs]
835.645: [GC (Allocation Failure) 26131K->435K(68096K), 0.0002140 secs]
835.656: [GC (Allocation Failure) 25447K->435K(73152K), 0.0002200 secs]
835.721: [GC (Allocation Failure) 30428K->435K(72192K), 0.0002170 secs]
835.734: [GC (Allocation Failure) 29549K->435K(78016K), 0.0002150 secs]
835.816: [GC (Allocation Failure) 35312K->435K(76864K), 0.0002230 secs]
835.835: [GC (Allocation Failure) 34140K->435K(75776K), 0.0002300 secs]
835.850: [GC (Allocation Failure) 33065K->435K(74688K), 0.0002170 secs]
835.911: [GC (Allocation Failure) 31991K->435K(73664K), 0.0002270 secs]
835.924: [GC (Allocation Failure) 31014K->435K(72704K), 0.0002080 secs]
835.937: [GC (Allocation Failure) 30038K->435K(78656K), 0.0002030 secs]
835.956: [GC (Allocation Failure) 35996K->435K(85824K), 0.0002220 secs]
836.028: [GC (Allocation Failure) 43126K->435K(84288K), 0.0002170 secs]
836.048: [GC (Allocation Failure) 41563K->435K(82816K), 0.0002140 secs]
836.119: [GC (Allocation Failure) 40098K->435K(81408K), 0.0002130 secs]
836.136: [GC (Allocation Failure) 38730K->435K(80064K), 0.0002190 secs]
836.156: [GC (Allocation Failure) 37363K->435K(78784K), 0.0002120 secs]
836.197: [GC (Allocation Failure) 36093K->435K(77568K), 0.0002840 secs]
836.263: [GC (Allocation Failure) 34921K->435K(76416K), 0.0002050 secs]
836.416: [GC (Allocation Failure) 33749K->435K(75328K), 0.0002210 secs]
836.431: [GC (Allocation Failure) 32675K->435K(74304K), 0.0003230 secs]
836.466: [GC (Allocation Failure) 31600K->435K(73280K), 0.0002260 secs]
836.483: [GC (Allocation Failure) 30624K->435K(72320K), 0.0002030 secs]
836.498: [GC (Allocation Failure) 29647K->435K(71424K), 0.0002080 secs]
836.511: [GC (Allocation Failure) 28768K->435K(77120K), 0.0002170 secs]
836.540: [GC (Allocation Failure) 34433K->435K(75968K), 0.0002160 secs]
836.554: [GC (Allocation Failure) 33261K->435K(82560K), 0.0002160 secs]
836.595: [GC (Allocation Failure) 39902K->435K(81216K), 0.0002080 secs]
836.615: [GC (Allocation Failure) 38535K->435K(79936K), 0.0002230 secs]
836.631: [GC (Allocation Failure) 37265K->435K(78656K), 0.0002030 secs]
836.651: [GC (Allocation Failure) 35996K->435K(77440K), 0.0001970 secs]
836.680: [GC (Allocation Failure) 34726K->435K(76288K), 0.0002190 secs]
836.695: [GC (Allocation Failure) 33554K->435K(75200K), 0.0002050 secs]
836.713: [GC (Allocation Failure) 32479K->435K(74176K), 0.0002290 secs]
836.762: [GC (Allocation Failure) 31503K->435K(73152K), 0.0002040 secs]
836.817: [GC (Allocation Failure) 30428K->435K(72192K), 0.0002430 secs]
836.830: [GC (Allocation Failure) 29549K->435K(71296K), 0.0002180 secs]
836.907: [GC (Allocation Failure) 28572K->435K(70400K), 0.0002130 secs]
836.923: [GC (Allocation Failure) 27693K->435K(69568K), 0.0002110 secs]
836.961: [GC (Allocation Failure) 26912K->435K(68800K), 0.0003870 secs]
837.010: [GC (Allocation Failure) 26131K->435K(68032K), 0.0002060 secs]
837.060: [GC (Allocation Failure) 25349K->435K(67328K), 0.0002050 secs]
837.114: [GC (Allocation Failure) 24662K->435K(66624K), 0.0002240 secs]
837.128: [GC (Allocation Failure) 23978K->435K(65984K), 0.0002180 secs]
837.138: [GC (Allocation Failure) 23294K->435K(70592K), 0.0002170 secs]
837.222: [GC (Allocation Failure) 27889K->435K(69760K), 0.0002150 secs]
837.238: [GC (Allocation Failure) 27107K->435K(68992K), 0.0002330 secs]
837.254: [GC (Allocation Failure) 26326K->435K(68224K), 0.0002010 secs]
837.269: [GC (Allocation Failure) 25545K->435K(73280K), 0.0002200 secs]
837.286: [GC (Allocation Failure) 30624K->435K(79360K), 0.0002150 secs]
837.306: [GC (Allocation Failure) 36679K->435K(86656K), 0.0002130 secs]
837.325: [GC (Allocation Failure) 44005K->435K(85120K), 0.0002070 secs]
837.348: [GC (Allocation Failure) 42442K->435K(83648K), 0.0002120 secs]
837.369: [GC (Allocation Failure) 40977K->435K(82240K), 0.0002130 secs]
837.417: [GC (Allocation Failure) 39512K->435K(80896K), 0.0002240 secs]
837.433: [GC (Allocation Failure) 38242K->435K(79616K), 0.0002050 secs]
837.569: [GC (Allocation Failure) 36972K->435K(78400K), 0.0002130 secs]
837.589: [GC (Allocation Failure) 35702K->435K(77248K), 0.0002020 secs]
837.668: [GC (Allocation Failure) 34530K->435K(76096K), 0.0002070 secs]
837.683: [GC (Allocation Failure) 33456K->435K(75008K), 0.0002170 secs]
837.700: [GC (Allocation Failure) 32284K->435K(73984K), 0.0002000 secs]
837.863: [GC (Allocation Failure) 31307K->435K(73024K), 0.0002760 secs]
837.966: [GC (Allocation Failure) 30331K->435K(72064K), 0.0002220 secs]
837.979: [GC (Allocation Failure) 29354K->435K(71168K), 0.0002180 secs]
837.992: [GC (Allocation Failure) 28475K->435K(70336K), 0.0002040 secs]
838.004: [GC (Allocation Failure) 27693K->435K(75840K), 0.0002170 secs]
838.019: [GC (Allocation Failure) 33163K->435K(82432K), 0.0002050 secs]
838.040: [GC (Allocation Failure) 39707K->435K(90304K), 0.0002760 secs]
838.065: [GC (Allocation Failure) 47618K->435K(99776K), 0.0002140 secs]
838.090: [GC (Allocation Failure) 57097K->435K(97600K), 0.0002050 secs]
838.178: [GC (Allocation Failure) 54948K->435K(95552K), 0.0002250 secs]
838.205: [GC (Allocation Failure) 52897K->435K(93568K), 0.0002240 secs]
838.272: [GC (Allocation Failure) 50846K->435K(91712K), 0.0002150 secs]
838.293: [GC (Allocation Failure) 48986K->435K(89920K), 0.0002040 secs]
838.313: [GC (Allocation Failure) 47228K->435K(88192K), 0.0002150 secs]
838.413: [GC (Allocation Failure) 45470K->435K(86592K), 0.0002680 secs]
838.431: [GC (Allocation Failure) 43907K->435K(85056K), 0.0002020 secs]
838.450: [GC (Allocation Failure) 42344K->435K(83584K), 0.0002040 secs]
838.471: [GC (Allocation Failure) 40879K->435K(82176K), 0.0002130 secs]
838.488: [GC (Allocation Failure) 39512K->435K(80832K), 0.0002170 secs]
838.509: [GC (Allocation Failure) 38144K->435K(79552K), 0.0002230 secs]
838.537: [GC (Allocation Failure) 36875K->435K(78336K), 0.0002310 secs]
838.557: [GC (Allocation Failure) 35605K->435K(77184K), 0.0002480 secs]
838.576: [GC (Allocation Failure) 34530K->435K(76032K), 0.0002130 secs]
838.593: [GC (Allocation Failure) 33358K->435K(74944K), 0.0002300 secs]
838.623: [GC (Allocation Failure) 32284K->435K(73920K), 0.0002330 secs]
838.641: [GC (Allocation Failure) 31210K->435K(72960K), 0.0002230 secs]
838.659: [GC (Allocation Failure) 30233K->435K(72000K), 0.0002010 secs]
838.718: [GC (Allocation Failure) 29354K->435K(71104K), 0.0002010 secs]
838.730: [GC (Allocation Failure) 28377K->435K(70272K), 0.0002160 secs]
838.817: [GC (Allocation Failure) 27596K->435K(69440K), 0.0002130 secs]
838.833: [GC (Allocation Failure) 26717K->435K(68672K), 0.0003020 secs]
838.844: [GC (Allocation Failure) 26033K->435K(73792K), 0.0002050 secs]
838.869: [GC (Allocation Failure) 31112K->435K(79936K), 0.0002670 secs]
838.889: [GC (Allocation Failure) 37265K->435K(87360K), 0.0002110 secs]
838.912: [GC (Allocation Failure) 44688K->435K(85760K), 0.0002140 secs]
838.931: [GC (Allocation Failure) 43028K->435K(84224K), 0.0002050 secs]
838.949: [GC (Allocation Failure) 41563K->435K(82752K), 0.0002030 secs]
839.023: [GC (Allocation Failure) 40098K->435K(81344K), 0.0002230 secs]
839.044: [GC (Allocation Failure) 38633K->435K(80000K), 0.0002040 secs]
839.060: [GC (Allocation Failure) 37363K->435K(78720K), 0.0002300 secs]
839.080: [GC (Allocation Failure) 35996K->435K(77504K), 0.0002220 secs]
839.121: [GC (Allocation Failure) 34823K->435K(76352K), 0.0002420 secs]
839.135: [GC (Allocation Failure) 33651K->435K(75264K), 0.0002140 secs]
839.166: [GC (Allocation Failure) 32577K->435K(74240K), 0.0002240 secs]
839.179: [GC (Allocation Failure) 31600K->435K(73216K), 0.0002040 secs]
839.227: [GC (Allocation Failure) 30526K->435K(72256K), 0.0003390 secs]
839.240: [GC (Allocation Failure) 29549K->435K(78144K), 0.0002330 secs]
839.259: [GC (Allocation Failure) 35409K->435K(85184K), 0.0002240 secs]
839.320: [GC (Allocation Failure) 42540K->435K(83712K), 0.0002050 secs]
839.342: [GC (Allocation Failure) 41074K->435K(82304K), 0.0002140 secs]
839.363: [GC (Allocation Failure) 39609K->435K(80960K), 0.0002160 secs]
839.384: [GC (Allocation Failure) 38242K->435K(79680K), 0.0002110 secs]
839.400: [GC (Allocation Failure) 36972K->435K(78464K), 0.0002160 secs]
839.420: [GC (Allocation Failure) 35800K->435K(77312K), 0.0002100 secs]
839.471: [GC (Allocation Failure) 34628K->435K(76160K), 0.0002020 secs]
839.485: [GC (Allocation Failure) 33456K->435K(82816K), 0.0002740 secs]
839.625: [GC (Allocation Failure) 40098K->435K(81408K), 0.0003430 secs]
839.642: [GC (Allocation Failure) 38730K->435K(80064K), 0.0002150 secs]
839.662: [GC (Allocation Failure) 37363K->435K(78784K), 0.0002020 secs]
839.718: [GC (Allocation Failure) 36093K->435K(77568K), 0.0002060 secs]
839.787: [GC (Allocation Failure) 34921K->435K(76416K), 0.0002180 secs]
839.801: [GC (Allocation Failure) 33749K->435K(75328K), 0.0002050 secs]
839.819: [GC (Allocation Failure) 32675K->435K(74304K), 0.0002040 secs]
839.837: [GC (Allocation Failure) 31600K->435K(73280K), 0.0002150 secs]
839.853: [GC (Allocation Failure) 30624K->435K(72320K), 0.0002030 secs]
839.870: [GC (Allocation Failure) 29647K->435K(71424K), 0.0002130 secs]
839.883: [GC (Allocation Failure) 28768K->435K(77120K), 0.0002180 secs]
839.943: [GC (Allocation Failure) 34433K->435K(75968K), 0.0002240 secs]
839.958: [GC (Allocation Failure) 33261K->435K(74880K), 0.0002200 secs]
839.972: [GC (Allocation Failure) 32186K->435K(81280K), 0.0002170 secs]
840.020: [GC (Allocation Failure) 38633K->435K(80000K), 0.0002170 secs]
840.141: [GC (Allocation Failure) 37363K->435K(78720K), 0.0002560 secs]
840.156: [GC (Allocation Failure) 35996K->435K(77504K), 0.0002150 secs]
840.175: [GC (Allocation Failure) 34823K->435K(76352K), 0.0002010 secs]
840.190: [GC (Allocation Failure) 33651K->435K(75264K), 0.0002050 secs]
840.218: [GC (Allocation Failure) 32577K->435K(74240K), 0.0002020 secs]
840.271: [GC (Allocation Failure) 31600K->435K(73216K), 0.0002140 secs]
840.284: [GC (Allocation Failure) 30526K->435K(72256K), 0.0002190 secs]
840.308: [GC (Allocation Failure) 29549K->435K(71360K), 0.0002090 secs]
840.324: [GC (Allocation Failure) 28670K->435K(70464K), 0.0002110 secs]
840.336: [GC (Allocation Failure) 27791K->435K(75968K), 0.0002060 secs]
840.354: [GC (Allocation Failure) 33261K->435K(82560K), 0.0002130 secs]
840.410: [GC (Allocation Failure) 39902K->435K(81216K), 0.0002150 secs]
840.429: [GC (Allocation Failure) 38535K->435K(79936K), 0.0002190 secs]
840.449: [GC (Allocation Failure) 37265K->435K(78656K), 0.0002260 secs]
840.523: [GC (Allocation Failure) 35996K->435K(77440K), 0.0002200 secs]
840.542: [GC (Allocation Failure) 34726K->435K(76288K), 0.0002030 secs]
840.568: [GC (Allocation Failure) 33554K->435K(75200K), 0.0002740 secs]
840.598: [GC (Allocation Failure) 32479K->435K(74176K), 0.0002160 secs]
840.611: [GC (Allocation Failure) 31503K->435K(80448K), 0.0002740 secs]
840.631: [GC (Allocation Failure) 37754K->435K(87936K), 0.0002080 secs]
840.670: [GC (Allocation Failure) 45274K->435K(86336K), 0.0002190 secs]
840.689: [GC (Allocation Failure) 43614K->435K(84800K), 0.0002040 secs]
840.776: [GC (Allocation Failure) 42149K->435K(83328K), 0.0002230 secs]
840.794: [GC (Allocation Failure) 40684K->435K(81920K), 0.0002070 secs]
840.834: [GC (Allocation Failure) 39219K->435K(80576K), 0.0002320 secs]
840.850: [GC (Allocation Failure) 37851K->435K(79296K), 0.0002160 secs]
840.870: [GC (Allocation Failure) 36582K->435K(78080K), 0.0002200 secs]
840.916: [GC (Allocation Failure) 35409K->435K(76928K), 0.0002140 secs]
840.931: [GC (Allocation Failure) 34237K->435K(75840K), 0.0002300 secs]
840.945: [GC (Allocation Failure) 33163K->435K(74752K), 0.0002030 secs]
841.072: [GC (Allocation Failure) 32089K->435K(73728K), 0.0002120 secs]
841.090: [GC (Allocation Failure) 31014K->435K(72768K), 0.0002170 secs]
841.105: [GC (Allocation Failure) 30038K->435K(71808K), 0.0002080 secs]
841.117: [GC (Allocation Failure) 29158K->435K(77568K), 0.0002140 secs]
841.132: [GC (Allocation Failure) 34921K->435K(84480K), 0.0002170 secs]
841.150: [GC (Allocation Failure) 41758K->435K(92800K), 0.0002050 secs]
841.180: [GC (Allocation Failure) 50162K->435K(90944K), 0.0002130 secs]
841.201: [GC (Allocation Failure) 48302K->435K(89216K), 0.0002720 secs]
841.254: [GC (Allocation Failure) 46544K->435K(87552K), 0.0002290 secs]
841.273: [GC (Allocation Failure) 44884K->435K(85952K), 0.0002130 secs]
841.296: [GC (Allocation Failure) 43223K->435K(84416K), 0.0002140 secs]
841.343: [GC (Allocation Failure) 41758K->435K(82944K), 0.0002700 secs]
841.360: [GC (Allocation Failure) 40293K->435K(81536K), 0.0002260 secs]
841.377: [GC (Allocation Failure) 38828K->435K(80192K), 0.0002040 secs]
841.409: [GC (Allocation Failure) 37461K->435K(78912K), 0.0002040 secs]
841.470: [GC (Allocation Failure) 36191K->435K(77696K), 0.0002070 secs]
841.540: [GC (Allocation Failure) 35019K->435K(76544K), 0.0002250 secs]
841.555: [GC (Allocation Failure) 33847K->435K(75456K), 0.0002600 secs]
841.621: [GC (Allocation Failure) 32772K->435K(74432K), 0.0002750 secs]
841.669: [GC (Allocation Failure) 31698K->435K(73408K), 0.0002170 secs]
841.719: [GC (Allocation Failure) 30721K->435K(72448K), 0.0002110 secs]
841.733: [GC (Allocation Failure) 29745K->435K(71552K), 0.0002070 secs]
841.772: [GC (Allocation Failure) 28865K->435K(70656K), 0.0002200 secs]
841.784: [GC (Allocation Failure) 27986K->435K(76224K), 0.0003220 secs]
841.911: [GC (Allocation Failure) 33554K->435K(75136K), 0.0002430 secs]
841.926: [GC (Allocation Failure) 32479K->435K(81600K), 0.0002650 secs]
841.947: [GC (Allocation Failure) 38926K->435K(80256K), 0.0002140 secs]
842.023: [GC (Allocation Failure) 37558K->435K(78976K), 0.0002070 secs]
842.071: [GC (Allocation Failure) 36289K->435K(77760K), 0.0002080 secs]
842.133: [GC (Allocation Failure) 35116K->435K(76608K), 0.0002260 secs]
842.152: [GC (Allocation Failure) 33944K->435K(75520K), 0.0002130 secs]
842.170: [GC (Allocation Failure) 32870K->435K(74496K), 0.0002140 secs]
842.184: [GC (Allocation Failure) 31796K->435K(73472K), 0.0002030 secs]
842.273: [GC (Allocation Failure) 30819K->435K(72512K), 0.0002250 secs]
842.290: [GC (Allocation Failure) 29842K->435K(71616K), 0.0002250 secs]
842.319: [GC (Allocation Failure) 28963K->435K(70720K), 0.0002050 secs]
842.368: [GC (Allocation Failure) 27986K->435K(69888K), 0.0002260 secs]
842.380: [GC (Allocation Failure) 27205K->435K(69056K), 0.0002230 secs]
842.391: [GC (Allocation Failure) 26326K->435K(74304K), 0.0002160 secs]
842.405: [GC (Allocation Failure) 31600K->435K(80576K), 0.0002150 secs]
842.523: [GC (Allocation Failure) 37851K->435K(79296K), 0.0002030 secs]
842.572: [GC (Allocation Failure) 36582K->435K(78080K), 0.0002220 secs]
842.592: [GC (Allocation Failure) 35409K->435K(76928K), 0.0002110 secs]
842.624: [GC (Allocation Failure) 34237K->435K(75840K), 0.0002040 secs]
842.642: [GC (Allocation Failure) 33163K->435K(74752K), 0.0002030 secs]
842.657: [GC (Allocation Failure) 32089K->435K(73728K), 0.0002280 secs]
842.670: [GC (Allocation Failure) 31014K->435K(79872K), 0.0002040 secs]
842.690: [GC (Allocation Failure) 37168K->435K(78656K), 0.0002020 secs]
842.706: [GC (Allocation Failure) 35996K->435K(85824K), 0.0002280 secs]
842.724: [GC (Allocation Failure) 43126K->435K(94400K), 0.0002140 secs]
842.746: [GC (Allocation Failure) 51725K->435K(92480K), 0.0002040 secs]
842.768: [GC (Allocation Failure) 49767K->435K(90624K), 0.0002130 secs]
842.828: [GC (Allocation Failure) 47911K->435K(88896K), 0.0002100 secs]
842.881: [GC (Allocation Failure) 46251K->435K(87232K), 0.0002260 secs]
842.900: [GC (Allocation Failure) 44591K->435K(85632K), 0.0002050 secs]
842.925: [GC (Allocation Failure) 42930K->435K(84096K), 0.0002160 secs]
842.943: [GC (Allocation Failure) 41367K->435K(82624K), 0.0002070 secs]
842.964: [GC (Allocation Failure) 39902K->435K(81280K), 0.0002220 secs]
843.041: [GC (Allocation Failure) 38633K->435K(80000K), 0.0002070 secs]
843.073: [GC (Allocation Failure) 37363K->435K(78720K), 0.0002030 secs]
843.123: [GC (Allocation Failure) 35996K->435K(77504K), 0.0002150 secs]
843.138: [GC (Allocation Failure) 34823K->435K(76352K), 0.0002160 secs]
843.172: [GC (Allocation Failure) 33651K->435K(75264K), 0.0002250 secs]
843.186: [GC (Allocation Failure) 32577K->435K(74240K), 0.0002140 secs]
843.199: [GC (Allocation Failure) 31600K->435K(73216K), 0.0002050 secs]
843.216: [GC (Allocation Failure) 30526K->435K(79296K), 0.0002780 secs]
843.331: [GC (Allocation Failure) 36582K->435K(78080K), 0.0002120 secs]
843.377: [GC (Allocation Failure) 35409K->435K(76928K), 0.0002140 secs]
843.392: [GC (Allocation Failure) 34237K->435K(75840K), 0.0002160 secs]
843.406: [GC (Allocation Failure) 33163K->435K(74752K), 0.0002060 secs]
843.424: [GC (Allocation Failure) 32089K->435K(73728K), 0.0002110 secs]
843.475: [GC (Allocation Failure) 31014K->435K(72768K), 0.0002090 secs]
843.492: [GC (Allocation Failure) 30038K->435K(71808K), 0.0002060 secs]
843.505: [GC (Allocation Failure) 29158K->435K(70912K), 0.0002070 secs]
843.612: [GC (Allocation Failure) 28182K->435K(70080K), 0.0002230 secs]
843.624: [GC (Allocation Failure) 27400K->435K(69248K), 0.0002170 secs]
843.669: [GC (Allocation Failure) 26521K->435K(68480K), 0.0002140 secs]
843.721: [GC (Allocation Failure) 25838K->435K(67712K), 0.0002180 secs]
843.732: [GC (Allocation Failure) 25052K->435K(67008K), 0.0002060 secs]
843.772: [GC (Allocation Failure) 24369K->435K(66304K), 0.0002240 secs]
843.787: [GC (Allocation Failure) 23587K->435K(65664K), 0.0002160 secs]
843.801: [GC (Allocation Failure) 23001K->435K(70208K), 0.0002110 secs]
843.936: [GC (Allocation Failure) 27498K->435K(69376K), 0.0002070 secs]
843.952: [GC (Allocation Failure) 26717K->435K(68608K), 0.0002170 secs]
844.025: [GC (Allocation Failure) 25935K->435K(67840K), 0.0002190 secs]
844.040: [GC (Allocation Failure) 25150K->435K(67136K), 0.0002160 secs]
844.051: [GC (Allocation Failure) 24466K->435K(72000K), 0.0002650 secs]
844.075: [GC (Allocation Failure) 29354K->435K(77824K), 0.0002220 secs]
844.094: [GC (Allocation Failure) 35116K->435K(84800K), 0.0002100 secs]
844.116: [GC (Allocation Failure) 42149K->435K(83328K), 0.0002150 secs]
844.226: [GC (Allocation Failure) 40684K->435K(81920K), 0.0002720 secs]
844.254: [GC (Allocation Failure) 39219K->435K(80576K), 0.0002430 secs]
844.275: [GC (Allocation Failure) 37851K->435K(79296K), 0.0002270 secs]
844.324: [GC (Allocation Failure) 36582K->435K(78080K), 0.0002740 secs]
844.374: [GC (Allocation Failure) 35409K->435K(76928K), 0.0002150 secs]
844.407: [GC (Allocation Failure) 34237K->435K(75840K), 0.0002060 secs]
844.425: [GC (Allocation Failure) 33163K->435K(74752K), 0.0002030 secs]
844.439: [GC (Allocation Failure) 32089K->435K(73728K), 0.0002060 secs]
844.452: [GC (Allocation Failure) 31014K->435K(72768K), 0.0002060 secs]
844.465: [GC (Allocation Failure) 30038K->435K(78720K), 0.0002240 secs]
844.484: [GC (Allocation Failure) 35996K->435K(85888K), 0.0002140 secs]
844.503: [GC (Allocation Failure) 43223K->435K(94464K), 0.0002070 secs]
844.529: [GC (Allocation Failure) 51822K->435K(92544K), 0.0002220 secs]
844.585: [GC (Allocation Failure) 49867K->435K(90688K), 0.0002000 secs]
844.609: [GC (Allocation Failure) 48009K->435K(88960K), 0.0002150 secs]
844.639: [GC (Allocation Failure) 46251K->435K(87296K), 0.0002230 secs]
844.659: [GC (Allocation Failure) 44591K->435K(85696K), 0.0001990 secs]
844.681: [GC (Allocation Failure) 43028K->435K(84160K), 0.0002730 secs]
844.699: [GC (Allocation Failure) 41465K->435K(82688K), 0.0002310 secs]
844.716: [GC (Allocation Failure) 40000K->435K(81344K), 0.0002250 secs]
844.733: [GC (Allocation Failure) 38633K->435K(80000K), 0.0002040 secs]
844.753: [GC (Allocation Failure) 37363K->435K(78720K), 0.0002120 secs]
844.775: [GC (Allocation Failure) 35996K->435K(77504K), 0.0002150 secs]
844.794: [GC (Allocation Failure) 34823K->435K(76352K), 0.0002050 secs]
844.809: [GC (Allocation Failure) 33651K->435K(83008K), 0.0002150 secs]
844.877: [GC (Allocation Failure) 40293K->435K(81600K), 0.0002700 secs]
844.910: [GC (Allocation Failure) 38926K->435K(80256K), 0.0002130 secs]
845.129: [GC (Allocation Failure) 37558K->435K(78976K), 0.0002190 secs]
845.149: [GC (Allocation Failure) 36289K->435K(77760K), 0.0002030 secs]
845.230: [GC (Allocation Failure) 35116K->435K(76608K), 0.0002140 secs]
845.248: [GC (Allocation Failure) 33944K->435K(75520K), 0.0002050 secs]
845.262: [GC (Allocation Failure) 32870K->435K(74496K), 0.0002300 secs]
845.276: [GC (Allocation Failure) 31796K->435K(73472K), 0.0002060 secs]
845.336: [GC (Allocation Failure) 30819K->435K(72512K), 0.0002260 secs]
845.353: [GC (Allocation Failure) 29842K->435K(71616K), 0.0002340 secs]
845.365: [GC (Allocation Failure) 28963K->435K(77376K), 0.0002030 secs]
845.425: [GC (Allocation Failure) 34726K->435K(76224K), 0.0002050 secs]
845.479: [GC (Allocation Failure) 33554K->435K(75136K), 0.0002120 secs]
845.493: [GC (Allocation Failure) 32479K->435K(74112K), 0.0002030 secs]
845.524: [GC (Allocation Failure) 31405K->435K(73152K), 0.0002140 secs]
845.580: [GC (Allocation Failure) 30428K->435K(72192K), 0.0002140 secs]
845.593: [GC (Allocation Failure) 29549K->435K(71296K), 0.0002710 secs]
845.635: [GC (Allocation Failure) 28572K->435K(70400K), 0.0002270 secs]
845.649: [GC (Allocation Failure) 27693K->435K(69568K), 0.0002000 secs]
845.664: [GC (Allocation Failure) 26912K->435K(74880K), 0.0002180 secs]
845.682: [GC (Allocation Failure) 32186K->435K(81280K), 0.0002300 secs]
845.704: [GC (Allocation Failure) 38633K->435K(80000K), 0.0002320 secs]
845.721: [GC (Allocation Failure) 37363K->435K(87424K), 0.0002470 secs]
845.744: [GC (Allocation Failure) 44786K->435K(85824K), 0.0002010 secs]
845.767: [GC (Allocation Failure) 43126K->435K(84288K), 0.0002110 secs]
845.789: [GC (Allocation Failure) 41563K->435K(82816K), 0.0002110 secs]
845.828: [GC (Allocation Failure) 40098K->435K(81408K), 0.0002730 secs]
845.909: [GC (Allocation Failure) 38730K->435K(80064K), 0.0002140 secs]
845.981: [GC (Allocation Failure) 37363K->435K(78784K), 0.0002250 secs]
846.000: [GC (Allocation Failure) 36093K->435K(77568K), 0.0002130 secs]
846.019: [GC (Allocation Failure) 34921K->435K(76416K), 0.0002130 secs]
846.038: [GC (Allocation Failure) 33749K->435K(75328K), 0.0002010 secs]
846.052: [GC (Allocation Failure) 32675K->435K(74304K), 0.0002190 secs]
846.075: [GC (Allocation Failure) 31600K->435K(73280K), 0.0003200 secs]
846.128: [GC (Allocation Failure) 30624K->435K(72320K), 0.0002240 secs]
846.145: [GC (Allocation Failure) 29647K->435K(71424K), 0.0002110 secs]
846.158: [GC (Allocation Failure) 28768K->435K(77120K), 0.0002190 secs]
846.177: [GC (Allocation Failure) 34433K->435K(83968K), 0.0002450 secs]
846.262: [GC (Allocation Failure) 41270K->435K(82560K), 0.0002080 secs]
846.279: [GC (Allocation Failure) 39902K->435K(81216K), 0.0002710 secs]
846.312: [GC (Allocation Failure) 38535K->435K(79936K), 0.0002050 secs]
846.332: [GC (Allocation Failure) 37265K->435K(78656K), 0.0002030 secs]
846.381: [GC (Allocation Failure) 35996K->435K(77440K), 0.0002030 secs]
846.400: [GC (Allocation Failure) 34726K->435K(76288K), 0.0002140 secs]
846.418: [GC (Allocation Failure) 33554K->435K(75200K), 0.0002110 secs]
846.434: [GC (Allocation Failure) 32479K->435K(81664K), 0.0002770 secs]
846.540: [GC (Allocation Failure) 39023K->435K(80320K), 0.0002150 secs]
846.560: [GC (Allocation Failure) 37656K->435K(79040K), 0.0002170 secs]
846.576: [GC (Allocation Failure) 36386K->435K(77824K), 0.0002060 secs]
846.600: [GC (Allocation Failure) 35116K->435K(76672K), 0.0003390 secs]
846.630: [GC (Allocation Failure) 33944K->435K(75584K), 0.0002180 secs]
846.661: [GC (Allocation Failure) 32870K->435K(74560K), 0.0002760 secs]
846.729: [GC (Allocation Failure) 31893K->435K(73536K), 0.0002260 secs]
846.746: [GC (Allocation Failure) 30819K->435K(72576K), 0.0002040 secs]
846.762: [GC (Allocation Failure) 29842K->435K(71680K), 0.0002170 secs]
846.836: [GC (Allocation Failure) 28963K->435K(70784K), 0.0002120 secs]
846.853: [GC (Allocation Failure) 28084K->435K(69952K), 0.0002320 secs]
846.869: [GC (Allocation Failure) 27303K->435K(69120K), 0.0002220 secs]
846.912: [GC (Allocation Failure) 26424K->435K(68352K), 0.0002190 secs]
846.924: [GC (Allocation Failure) 25642K->435K(73408K), 0.0002180 secs]
846.941: [GC (Allocation Failure) 30721K->435K(79488K), 0.0002120 secs]
846.978: [GC (Allocation Failure) 36777K->435K(78272K), 0.0002280 secs]
846.997: [GC (Allocation Failure) 35605K->435K(77120K), 0.0002110 secs]
847.031: [GC (Allocation Failure) 34433K->435K(75968K), 0.0002040 secs]
847.045: [GC (Allocation Failure) 33261K->435K(82560K), 0.0002770 secs]
847.134: [GC (Allocation Failure) 39902K->435K(81216K), 0.0002180 secs]
847.151: [GC (Allocation Failure) 38535K->435K(79936K), 0.0002160 secs]
847.167: [GC (Allocation Failure) 37265K->435K(78656K), 0.0002050 secs]
847.232: [GC (Allocation Failure) 35996K->435K(77440K), 0.0002150 secs]
847.251: [GC (Allocation Failure) 34726K->435K(76288K), 0.0002070 secs]
847.270: [GC (Allocation Failure) 33554K->435K(75200K), 0.0002140 secs]
847.284: [GC (Allocation Failure) 32479K->435K(81664K), 0.0002760 secs]
847.337: [GC (Allocation Failure) 39023K->435K(80320K), 0.0002160 secs]
847.409: [GC (Allocation Failure) 37656K->435K(79040K), 0.0002130 secs]
847.428: [GC (Allocation Failure) 36386K->435K(77824K), 0.0002040 secs]
847.447: [GC (Allocation Failure) 35116K->435K(76672K), 0.0002180 secs]
847.463: [GC (Allocation Failure) 33944K->435K(75584K), 0.0002000 secs]
847.527: [GC (Allocation Failure) 32870K->435K(74560K), 0.0002720 secs]
847.577: [GC (Allocation Failure) 31893K->435K(73536K), 0.0002130 secs]
847.594: [GC (Allocation Failure) 30819K->435K(72576K), 0.0002110 secs]
847.611: [GC (Allocation Failure) 29842K->435K(71680K), 0.0002120 secs]
847.627: [GC (Allocation Failure) 28963K->435K(77440K), 0.0003270 secs]
847.732: [GC (Allocation Failure) 34726K->435K(76288K), 0.0002200 secs]
847.751: [GC (Allocation Failure) 33554K->435K(75200K), 0.0002340 secs]
847.765: [GC (Allocation Failure) 32479K->435K(81664K), 0.0002150 secs]
847.782: [GC (Allocation Failure) 39023K->435K(89408K), 0.0002060 secs]
847.837: [GC (Allocation Failure) 46739K->435K(87744K), 0.0002250 secs]
847.861: [GC (Allocation Failure) 45079K->435K(86144K), 0.0002110 secs]
847.882: [GC (Allocation Failure) 43419K->435K(84608K), 0.0002270 secs]
847.900: [GC (Allocation Failure) 41953K->435K(83136K), 0.0002060 secs]
847.921: [GC (Allocation Failure) 40488K->435K(81728K), 0.0002130 secs]
847.941: [GC (Allocation Failure) 39023K->435K(80384K), 0.0002230 secs]
848.035: [GC (Allocation Failure) 37656K->435K(79104K), 0.0002150 secs]
848.051: [GC (Allocation Failure) 36386K->435K(77888K), 0.0002190 secs]
848.070: [GC (Allocation Failure) 35214K->435K(76736K), 0.0002030 secs]
848.085: [GC (Allocation Failure) 34042K->435K(75648K), 0.0002150 secs]
848.099: [GC (Allocation Failure) 32968K->435K(82176K), 0.0002070 secs]
848.135: [GC (Allocation Failure) 39512K->435K(80832K), 0.0002240 secs]
848.151: [GC (Allocation Failure) 38144K->435K(79552K), 0.0002150 secs]
848.167: [GC (Allocation Failure) 36875K->435K(78336K), 0.0002060 secs]
848.333: [GC (Allocation Failure) 35605K->435K(77184K), 0.0002240 secs]
848.352: [GC (Allocation Failure) 34530K->435K(76032K), 0.0002220 secs]
848.428: [GC (Allocation Failure) 33358K->435K(74944K), 0.0002340 secs]
848.446: [GC (Allocation Failure) 32284K->435K(73920K), 0.0002740 secs]
848.464: [GC (Allocation Failure) 31210K->435K(72960K), 0.0002150 secs]
848.481: [GC (Allocation Failure) 30233K->435K(72000K), 0.0002180 secs]
848.590: [GC (Allocation Failure) 29354K->435K(71104K), 0.0002260 secs]
848.615: [GC (Allocation Failure) 28377K->435K(70272K), 0.0002470 secs]
848.627: [GC (Allocation Failure) 27596K->435K(69440K), 0.0002180 secs]
848.638: [GC (Allocation Failure) 26717K->435K(74752K), 0.0002040 secs]
848.656: [GC (Allocation Failure) 32089K->435K(81088K), 0.0002160 secs]
848.681: [GC (Allocation Failure) 38437K->435K(88704K), 0.0002730 secs]
848.734: [GC (Allocation Failure) 46056K->435K(87040K), 0.0002250 secs]
848.757: [GC (Allocation Failure) 44395K->435K(85440K), 0.0002010 secs]
848.779: [GC (Allocation Failure) 42735K->435K(83968K), 0.0002210 secs]
848.840: [GC (Allocation Failure) 41270K->435K(82560K), 0.0002380 secs]
848.861: [GC (Allocation Failure) 39902K->435K(81216K), 0.0002160 secs]
848.878: [GC (Allocation Failure) 38535K->435K(79936K), 0.0002070 secs]
848.931: [GC (Allocation Failure) 37265K->435K(78656K), 0.0002150 secs]
848.947: [GC (Allocation Failure) 35996K->435K(77440K), 0.0002160 secs]
848.984: [GC (Allocation Failure) 34726K->435K(76288K), 0.0002230 secs]
849.003: [GC (Allocation Failure) 33554K->435K(75200K), 0.0002120 secs]
849.033: [GC (Allocation Failure) 32479K->435K(74176K), 0.0002050 secs]
849.047: [GC (Allocation Failure) 31503K->435K(73152K), 0.0002040 secs]
849.079: [GC (Allocation Failure) 30428K->435K(72192K), 0.0002640 secs]
849.133: [GC (Allocation Failure) 29549K->435K(71296K), 0.0002270 secs]
849.145: [GC (Allocation Failure) 28572K->435K(70400K), 0.0002140 secs]
849.157: [GC (Allocation Failure) 27693K->435K(75904K), 0.0002030 secs]
849.231: [GC (Allocation Failure) 33261K->435K(74816K), 0.0002650 secs]
849.251: [GC (Allocation Failure) 32089K->435K(73792K), 0.0002280 secs]
849.266: [GC (Allocation Failure) 31112K->435K(72832K), 0.0002030 secs]
849.332: [GC (Allocation Failure) 30135K->435K(71872K), 0.0002090 secs]
849.345: [GC (Allocation Failure) 29158K->435K(70976K), 0.0002150 secs]
849.357: [GC (Allocation Failure) 28279K->435K(76608K), 0.0002040 secs]
849.372: [GC (Allocation Failure) 33944K->435K(83328K), 0.0002040 secs]
849.393: [GC (Allocation Failure) 40684K->435K(91392K), 0.0002000 secs]
849.414: [GC (Allocation Failure) 48693K->435K(89600K), 0.0002160 secs]
849.438: [GC (Allocation Failure) 46935K->435K(87936K), 0.0002120 secs]
849.485: [GC (Allocation Failure) 45274K->435K(86336K), 0.0002160 secs]
849.539: [GC (Allocation Failure) 43614K->435K(84800K), 0.0002120 secs]
849.561: [GC (Allocation Failure) 42149K->435K(83328K), 0.0002280 secs]
849.578: [GC (Allocation Failure) 40684K->435K(81920K), 0.0002140 secs]
849.595: [GC (Allocation Failure) 39219K->435K(80576K), 0.0002060 secs]
849.611: [GC (Allocation Failure) 37851K->435K(79296K), 0.0002050 secs]
849.630: [GC (Allocation Failure) 36582K->435K(78080K), 0.0002020 secs]
849.646: [GC (Allocation Failure) 35409K->435K(76928K), 0.0002150 secs]
849.665: [GC (Allocation Failure) 34237K->435K(75840K), 0.0002140 secs]
849.684: [GC (Allocation Failure) 33163K->435K(74752K), 0.0002340 secs]
849.698: [GC (Allocation Failure) 32089K->435K(81088K), 0.0002060 secs]
849.783: [GC (Allocation Failure) 38437K->435K(79808K), 0.0002740 secs]
849.833: [GC (Allocation Failure) 37168K->435K(78592K), 0.0002320 secs]
849.882: [GC (Allocation Failure) 35898K->435K(77376K), 0.0002170 secs]
849.931: [GC (Allocation Failure) 34726K->435K(76224K), 0.0002150 secs]
849.949: [GC (Allocation Failure) 33554K->435K(75136K), 0.0002130 secs]
849.963: [GC (Allocation Failure) 32479K->435K(74112K), 0.0002190 secs]
849.977: [GC (Allocation Failure) 31405K->435K(73152K), 0.0002140 secs]
849.990: [GC (Allocation Failure) 30428K->435K(79168K), 0.0002130 secs]
850.048: [GC (Allocation Failure) 36484K->435K(77952K), 0.0002280 secs]
850.067: [GC (Allocation Failure) 35312K->435K(76800K), 0.0002160 secs]
850.086: [GC (Allocation Failure) 34140K->435K(75712K), 0.0002140 secs]
850.100: [GC (Allocation Failure) 33065K->435K(82240K), 0.0002210 secs]
850.134: [GC (Allocation Failure) 39512K->435K(80896K), 0.0002260 secs]
850.151: [GC (Allocation Failure) 38242K->435K(79616K), 0.0002050 secs]
850.187: [GC (Allocation Failure) 36972K->435K(78400K), 0.0002140 secs]
850.206: [GC (Allocation Failure) 35702K->435K(77248K), 0.0002030 secs]
850.225: [GC (Allocation Failure) 34530K->435K(76096K), 0.0002030 secs]
850.239: [GC (Allocation Failure) 33456K->435K(75008K), 0.0002280 secs]
850.257: [GC (Allocation Failure) 32284K->435K(73984K), 0.0002010 secs]
850.271: [GC (Allocation Failure) 31307K->435K(80192K), 0.0002740 secs]
850.337: [GC (Allocation Failure) 37461K->435K(78912K), 0.0002180 secs]
850.353: [GC (Allocation Failure) 36191K->435K(86080K), 0.0002250 secs]
850.375: [GC (Allocation Failure) 43419K->435K(84544K), 0.0002090 secs]
850.411: [GC (Allocation Failure) 41856K->435K(83072K), 0.0002750 secs]
850.435: [GC (Allocation Failure) 40391K->435K(81664K), 0.0002290 secs]
850.452: [GC (Allocation Failure) 39023K->435K(80320K), 0.0002160 secs]
850.483: [GC (Allocation Failure) 37656K->435K(79040K), 0.0002060 secs]
850.541: [GC (Allocation Failure) 36386K->435K(77824K), 0.0002160 secs]
850.556: [GC (Allocation Failure) 35116K->435K(76672K), 0.0002040 secs]
850.571: [GC (Allocation Failure) 33944K->435K(75584K), 0.0002030 secs]
850.607: [GC (Allocation Failure) 32870K->435K(74560K), 0.0002150 secs]
850.625: [GC (Allocation Failure) 31893K->435K(73536K), 0.0002080 secs]
850.642: [GC (Allocation Failure) 30819K->435K(72576K), 0.0002210 secs]
850.659: [GC (Allocation Failure) 29842K->435K(71680K), 0.0002120 secs]
850.672: [GC (Allocation Failure) 28963K->435K(77440K), 0.0003220 secs]
850.732: [GC (Allocation Failure) 34726K->435K(84352K), 0.0002070 secs]
850.785: [GC (Allocation Failure) 41660K->435K(82880K), 0.0002260 secs]
850.803: [GC (Allocation Failure) 40195K->435K(81472K), 0.0002020 secs]
850.910: [GC (Allocation Failure) 38828K->435K(80128K), 0.0002190 secs]
850.988: [GC (Allocation Failure) 37461K->435K(78848K), 0.0002190 secs]
851.004: [GC (Allocation Failure) 36191K->435K(77632K), 0.0002730 secs]
851.033: [GC (Allocation Failure) 34921K->435K(76480K), 0.0002120 secs]
851.082: [GC (Allocation Failure) 33749K->435K(75392K), 0.0002260 secs]
851.096: [GC (Allocation Failure) 32675K->435K(74368K), 0.0002040 secs]
851.139: [GC (Allocation Failure) 31698K->435K(73344K), 0.0002270 secs]
851.156: [GC (Allocation Failure) 30624K->435K(72384K), 0.0002800 secs]
851.170: [GC (Allocation Failure) 29745K->435K(78272K), 0.0002140 secs]
851.189: [GC (Allocation Failure) 35605K->435K(77120K), 0.0002110 secs]
851.238: [GC (Allocation Failure) 34433K->435K(75968K), 0.0002170 secs]
851.253: [GC (Allocation Failure) 33261K->435K(74880K), 0.0002110 secs]
851.267: [GC (Allocation Failure) 32186K->435K(81280K), 0.0002060 secs]
851.283: [GC (Allocation Failure) 38633K->435K(88960K), 0.0002060 secs]
851.342: [GC (Allocation Failure) 46251K->435K(87296K), 0.0002230 secs]
851.362: [GC (Allocation Failure) 44591K->435K(85696K), 0.0002060 secs]
851.388: [GC (Allocation Failure) 43028K->435K(84160K), 0.0002770 secs]
851.490: [GC (Allocation Failure) 41465K->435K(82688K), 0.0002110 secs]
851.512: [GC (Allocation Failure) 40000K->435K(81344K), 0.0002060 secs]
851.537: [GC (Allocation Failure) 38633K->435K(80000K), 0.0002750 secs]
851.589: [GC (Allocation Failure) 37363K->435K(78720K), 0.0002500 secs]
851.604: [GC (Allocation Failure) 35996K->435K(77504K), 0.0002810 secs]
851.637: [GC (Allocation Failure) 34823K->435K(76352K), 0.0002120 secs]
851.651: [GC (Allocation Failure) 33651K->435K(75264K), 0.0002060 secs]
851.683: [GC (Allocation Failure) 32577K->435K(74240K), 0.0002650 secs]
851.738: [GC (Allocation Failure) 31600K->435K(73216K), 0.0002230 secs]
851.751: [GC (Allocation Failure) 30526K->435K(72256K), 0.0002180 secs]
851.836: [GC (Allocation Failure) 29549K->435K(71360K), 0.0002280 secs]
851.853: [GC (Allocation Failure) 28670K->435K(70464K), 0.0002260 secs]
851.865: [GC (Allocation Failure) 27791K->435K(69632K), 0.0002120 secs]
851.877: [GC (Allocation Failure) 26912K->435K(74944K), 0.0002270 secs]
851.894: [GC (Allocation Failure) 32284K->435K(81344K), 0.0002010 secs]
851.915: [GC (Allocation Failure) 38633K->435K(89024K), 0.0002180 secs]
851.935: [GC (Allocation Failure) 46349K->435K(98240K), 0.0002160 secs]
851.963: [GC (Allocation Failure) 55534K->435K(96128K), 0.0002030 secs]
851.990: [GC (Allocation Failure) 53483K->435K(94144K), 0.0002100 secs]
852.012: [GC (Allocation Failure) 51432K->435K(92224K), 0.0002160 secs]
852.033: [GC (Allocation Failure) 49572K->435K(90432K), 0.0002030 secs]
852.094: [GC (Allocation Failure) 47716K->435K(88704K), 0.0002170 secs]
852.118: [GC (Allocation Failure) 46056K->435K(87040K), 0.0001990 secs]
852.137: [GC (Allocation Failure) 44395K->435K(85440K), 0.0002220 secs]
852.155: [GC (Allocation Failure) 42735K->435K(83968K), 0.0002050 secs]
852.191: [GC (Allocation Failure) 41270K->435K(82560K), 0.0002100 secs]
852.208: [GC (Allocation Failure) 39902K->435K(81216K), 0.0002720 secs]
852.240: [GC (Allocation Failure) 38535K->435K(79936K), 0.0002140 secs]
852.260: [GC (Allocation Failure) 37265K->435K(78656K), 0.0002040 secs]
852.276: [GC (Allocation Failure) 35996K->435K(77440K), 0.0002140 secs]
852.296: [GC (Allocation Failure) 34726K->435K(76288K), 0.0002120 secs]
852.315: [GC (Allocation Failure) 33554K->435K(75200K), 0.0002090 secs]
852.329: [GC (Allocation Failure) 32479K->435K(81664K), 0.0002190 secs]
852.391: [GC (Allocation Failure) 39023K->435K(80320K), 0.0002250 secs]
852.412: [GC (Allocation Failure) 37656K->435K(79040K), 0.0002220 secs]
852.430: [GC (Allocation Failure) 36386K->435K(77824K), 0.0001910 secs]
852.444: [GC (Allocation Failure) 35116K->435K(76672K), 0.0002200 secs]
852.476: [GC (Allocation Failure) 33944K->435K(75584K), 0.0002170 secs]
852.534: [GC (Allocation Failure) 32870K->435K(74560K), 0.0002750 secs]
852.603: [GC (Allocation Failure) 31893K->435K(73536K), 0.0002780 secs]
852.620: [GC (Allocation Failure) 30819K->435K(72576K), 0.0002130 secs]
852.637: [GC (Allocation Failure) 29842K->435K(71680K), 0.0002050 secs]
852.650: [GC (Allocation Failure) 28963K->435K(77440K), 0.0003260 secs]
852.665: [GC (Allocation Failure) 34726K->435K(84352K), 0.0002000 secs]
852.687: [GC (Allocation Failure) 41660K->435K(92608K), 0.0002730 secs]
852.713: [GC (Allocation Failure) 49967K->435K(102528K), 0.0002130 secs]
852.750: [GC (Allocation Failure) 59831K->435K(100224K), 0.0002160 secs]
852.779: [GC (Allocation Failure) 57585K->435K(98048K), 0.0002140 secs]
852.803: [GC (Allocation Failure) 55339K->435K(95936K), 0.0002050 secs]
852.825: [GC (Allocation Failure) 53287K->435K(93952K), 0.0002030 secs]
852.850: [GC (Allocation Failure) 51236K->435K(92032K), 0.0002090 secs]
852.871: [GC (Allocation Failure) 49377K->435K(90240K), 0.0002040 secs]
852.946: [GC (Allocation Failure) 47521K->435K(88512K), 0.0002450 secs]
852.970: [GC (Allocation Failure) 45860K->435K(86848K), 0.0002250 secs]
852.990: [GC (Allocation Failure) 44200K->435K(85312K), 0.0002270 secs]
853.012: [GC (Allocation Failure) 42637K->435K(83840K), 0.0002040 secs]
853.034: [GC (Allocation Failure) 41172K->435K(82432K), 0.0002280 secs]
853.088: [GC (Allocation Failure) 39707K->435K(81088K), 0.0002270 secs]
853.104: [GC (Allocation Failure) 38437K->435K(79808K), 0.0002070 secs]
853.124: [GC (Allocation Failure) 37168K->435K(78592K), 0.0002130 secs]
853.144: [GC (Allocation Failure) 35898K->435K(77376K), 0.0002040 secs]
853.163: [GC (Allocation Failure) 34726K->435K(76224K), 0.0002200 secs]
853.182: [GC (Allocation Failure) 33554K->435K(75136K), 0.0002140 secs]
853.235: [GC (Allocation Failure) 32479K->435K(74112K), 0.0002790 secs]
853.285: [GC (Allocation Failure) 31405K->435K(73152K), 0.0002740 secs]
853.338: [GC (Allocation Failure) 30428K->435K(72192K), 0.0002150 secs]
853.351: [GC (Allocation Failure) 29549K->435K(71296K), 0.0002290 secs]
853.367: [GC (Allocation Failure) 28572K->435K(70400K), 0.0002110 secs]
853.383: [GC (Allocation Failure) 27693K->435K(69568K), 0.0002030 secs]
853.399: [GC (Allocation Failure) 26912K->435K(74880K), 0.0002320 secs]
853.417: [GC (Allocation Failure) 32186K->435K(81280K), 0.0002120 secs]
853.437: [GC (Allocation Failure) 38633K->435K(80000K), 0.0002170 secs]
853.453: [GC (Allocation Failure) 37363K->435K(87424K), 0.0002030 secs]
853.544: [GC (Allocation Failure) 44786K->435K(85824K), 0.0002400 secs]
853.568: [GC (Allocation Failure) 43126K->435K(84288K), 0.0002180 secs]
853.591: [GC (Allocation Failure) 41563K->435K(82816K), 0.0002420 secs]
853.641: [GC (Allocation Failure) 40098K->435K(81408K), 0.0002060 secs]
853.657: [GC (Allocation Failure) 38730K->435K(80064K), 0.0002070 secs]
853.692: [GC (Allocation Failure) 37363K->435K(78784K), 0.0002130 secs]
853.711: [GC (Allocation Failure) 36093K->435K(77568K), 0.0002130 secs]
853.749: [GC (Allocation Failure) 34921K->435K(76416K), 0.0002250 secs]
853.767: [GC (Allocation Failure) 33749K->435K(75328K), 0.0002040 secs]
853.781: [GC (Allocation Failure) 32675K->435K(74304K), 0.0002300 secs]
853.795: [GC (Allocation Failure) 31600K->435K(80576K), 0.0002060 secs]
853.811: [GC (Allocation Failure) 37851K->435K(88128K), 0.0002060 secs]
853.831: [GC (Allocation Failure) 45470K->435K(86528K), 0.0002040 secs]
853.854: [GC (Allocation Failure) 43809K->435K(84992K), 0.0002160 secs]
853.893: [GC (Allocation Failure) 42344K->435K(83520K), 0.0002070 secs]
853.910: [GC (Allocation Failure) 40879K->435K(82112K), 0.0002030 secs]
853.927: [GC (Allocation Failure) 39414K->435K(80768K), 0.0002040 secs]
853.993: [GC (Allocation Failure) 38047K->435K(79488K), 0.0002130 secs]
854.008: [GC (Allocation Failure) 36777K->435K(78272K), 0.0002050 secs]
854.027: [GC (Allocation Failure) 35605K->435K(77120K), 0.0002140 secs]
854.043: [GC (Allocation Failure) 34433K->435K(75968K), 0.0002160 secs]
854.087: [GC (Allocation Failure) 33261K->435K(74880K), 0.0002190 secs]
854.135: [GC (Allocation Failure) 32186K->435K(73856K), 0.0002200 secs]
854.186: [GC (Allocation Failure) 31210K->435K(72896K), 0.0002780 secs]
854.240: [GC (Allocation Failure) 30233K->435K(71936K), 0.0004390 secs]
854.257: [GC (Allocation Failure) 29256K->435K(71040K), 0.0002200 secs]
854.269: [GC (Allocation Failure) 28377K->435K(70208K), 0.0002160 secs]
854.281: [GC (Allocation Failure) 27498K->435K(75648K), 0.0002040 secs]
854.295: [GC (Allocation Failure) 32968K->435K(82176K), 0.0002140 secs]
854.390: [GC (Allocation Failure) 39512K->435K(80832K), 0.0002060 secs]
854.410: [GC (Allocation Failure) 38144K->435K(79552K), 0.0002710 secs]
854.430: [GC (Allocation Failure) 36875K->435K(78336K), 0.0002140 secs]
854.446: [GC (Allocation Failure) 35605K->435K(77184K), 0.0002040 secs]
854.492: [GC (Allocation Failure) 34530K->435K(76032K), 0.0002130 secs]
854.511: [GC (Allocation Failure) 33358K->435K(74944K), 0.0002120 secs]
854.539: [GC (Allocation Failure) 32284K->435K(73920K), 0.0002190 secs]
854.556: [GC (Allocation Failure) 31210K->435K(72960K), 0.0002100 secs]
854.573: [GC (Allocation Failure) 30233K->435K(72000K), 0.0002180 secs]
854.587: [GC (Allocation Failure) 29354K->435K(77824K), 0.0002190 secs]
854.602: [GC (Allocation Failure) 35116K->435K(84800K), 0.0002000 secs]
854.620: [GC (Allocation Failure) 42149K->435K(93184K), 0.0002040 secs]
854.646: [GC (Allocation Failure) 50455K->435K(91328K), 0.0002120 secs]
854.671: [GC (Allocation Failure) 48595K->435K(89536K), 0.0002120 secs]
854.744: [GC (Allocation Failure) 46837K->435K(87872K), 0.0002180 secs]
854.797: [GC (Allocation Failure) 45177K->435K(86272K), 0.0002110 secs]
854.815: [GC (Allocation Failure) 43614K->435K(84736K), 0.0002160 secs]
854.846: [GC (Allocation Failure) 42051K->435K(83264K), 0.0002270 secs]
854.868: [GC (Allocation Failure) 40586K->435K(81856K), 0.0002120 secs]
854.891: [GC (Allocation Failure) 39219K->435K(80512K), 0.0003230 secs]
854.947: [GC (Allocation Failure) 37851K->435K(79232K), 0.0002070 secs]
854.994: [GC (Allocation Failure) 36582K->435K(78016K), 0.0002230 secs]
855.013: [GC (Allocation Failure) 35312K->435K(76864K), 0.0002020 secs]
855.032: [GC (Allocation Failure) 34140K->435K(75776K), 0.0002270 secs]
855.046: [GC (Allocation Failure) 33065K->435K(82368K), 0.0002750 secs]
855.091: [GC (Allocation Failure) 39707K->435K(81024K), 0.0002020 secs]
855.247: [GC (Allocation Failure) 38340K->435K(79744K), 0.0002310 secs]
855.263: [GC (Allocation Failure) 37070K->435K(78528K), 0.0002090 secs]
855.340: [GC (Allocation Failure) 35800K->435K(77312K), 0.0002280 secs]
855.356: [GC (Allocation Failure) 34628K->435K(84160K), 0.0003960 secs]
855.396: [GC (Allocation Failure) 41465K->435K(82688K), 0.0002220 secs]
855.417: [GC (Allocation Failure) 40000K->435K(81344K), 0.0002050 secs]
855.438: [GC (Allocation Failure) 38633K->435K(80000K), 0.0002200 secs]
855.454: [GC (Allocation Failure) 37363K->435K(78720K), 0.0002040 secs]
855.473: [GC (Allocation Failure) 35996K->435K(77504K), 0.0002260 secs]
855.544: [GC (Allocation Failure) 34823K->435K(76352K), 0.0002130 secs]
855.558: [GC (Allocation Failure) 33651K->435K(83008K), 0.0003250 secs]
855.592: [GC (Allocation Failure) 40293K->435K(81600K), 0.0002150 secs]
855.620: [GC (Allocation Failure) 38926K->435K(80256K), 0.0002160 secs]
855.637: [GC (Allocation Failure) 37558K->435K(78976K), 0.0002150 secs]
855.652: [GC (Allocation Failure) 36289K->435K(77760K), 0.0002030 secs]
855.690: [GC (Allocation Failure) 35116K->435K(76608K), 0.0002130 secs]
855.735: [GC (Allocation Failure) 33944K->435K(75520K), 0.0002050 secs]
855.843: [GC (Allocation Failure) 32870K->435K(74496K), 0.0002210 secs]
855.861: [GC (Allocation Failure) 31796K->435K(73472K), 0.0003360 secs]
855.934: [GC (Allocation Failure) 30819K->435K(72512K), 0.0002160 secs]
855.988: [GC (Allocation Failure) 29842K->435K(71616K), 0.0002050 secs]
856.049: [GC (Allocation Failure) 28963K->435K(70720K), 0.0002130 secs]
856.061: [GC (Allocation Failure) 27986K->435K(69888K), 0.0002200 secs]
856.137: [GC (Allocation Failure) 27205K->435K(69056K), 0.0002900 secs]
856.148: [GC (Allocation Failure) 26326K->435K(68288K), 0.0002160 secs]
856.191: [GC (Allocation Failure) 25642K->435K(67520K), 0.0002250 secs]
856.201: [GC (Allocation Failure) 24857K->435K(72448K), 0.0002210 secs]
856.242: [GC (Allocation Failure) 29745K->435K(71552K), 0.0002820 secs]
856.259: [GC (Allocation Failure) 28865K->435K(70656K), 0.0002010 secs]
856.271: [GC (Allocation Failure) 27986K->435K(76224K), 0.0002130 secs]
856.294: [GC (Allocation Failure) 33554K->435K(82880K), 0.0002130 secs]
856.315: [GC (Allocation Failure) 40195K->435K(81472K), 0.0002020 secs]
856.336: [GC (Allocation Failure) 38828K->435K(80128K), 0.0002110 secs]
856.357: [GC (Allocation Failure) 37461K->435K(78848K), 0.0002100 secs]
856.408: [GC (Allocation Failure) 36191K->435K(77632K), 0.0002160 secs]
856.456: [GC (Allocation Failure) 34921K->435K(76480K), 0.0002460 secs]
856.475: [GC (Allocation Failure) 33749K->435K(75392K), 0.0002300 secs]
856.489: [GC (Allocation Failure) 32675K->435K(74368K), 0.0002140 secs]
856.540: [GC (Allocation Failure) 31698K->435K(73344K), 0.0002280 secs]
856.557: [GC (Allocation Failure) 30624K->435K(72384K), 0.0002130 secs]
856.569: [GC (Allocation Failure) 29745K->435K(71488K), 0.0002030 secs]
856.586: [GC (Allocation Failure) 28768K->435K(70592K), 0.0002000 secs]
856.602: [GC (Allocation Failure) 27889K->435K(76096K), 0.0002270 secs]
856.618: [GC (Allocation Failure) 33456K->435K(82752K), 0.0002170 secs]
856.664: [GC (Allocation Failure) 40098K->435K(81344K), 0.0002140 secs]
856.698: [GC (Allocation Failure) 38633K->435K(80000K), 0.0002390 secs]
856.715: [GC (Allocation Failure) 37363K->435K(78720K), 0.0002210 secs]
856.736: [GC (Allocation Failure) 35996K->435K(77504K), 0.0002140 secs]
856.791: [GC (Allocation Failure) 34823K->435K(76352K), 0.0002060 secs]
856.841: [GC (Allocation Failure) 33651K->435K(75264K), 0.0002130 secs]
856.859: [GC (Allocation Failure) 32577K->435K(74240K), 0.0002130 secs]
856.876: [GC (Allocation Failure) 31600K->435K(73216K), 0.0002120 secs]
856.890: [GC (Allocation Failure) 30526K->435K(72256K), 0.0002090 secs]
856.906: [GC (Allocation Failure) 29549K->435K(78144K), 0.0002720 secs]
856.922: [GC (Allocation Failure) 35409K->435K(85184K), 0.0002030 secs]
856.949: [GC (Allocation Failure) 42540K->435K(83712K), 0.0002210 secs]
856.967: [GC (Allocation Failure) 41074K->435K(82304K), 0.0002050 secs]
856.984: [GC (Allocation Failure) 39609K->435K(80960K), 0.0002020 secs]
857.000: [GC (Allocation Failure) 38242K->435K(88576K), 0.0002070 secs]
857.020: [GC (Allocation Failure) 45860K->435K(86912K), 0.0002030 secs]
857.096: [GC (Allocation Failure) 44200K->435K(85312K), 0.0002160 secs]
857.118: [GC (Allocation Failure) 42637K->435K(83840K), 0.0002100 secs]
857.144: [GC (Allocation Failure) 41172K->435K(82432K), 0.0002470 secs]
857.165: [GC (Allocation Failure) 39707K->435K(81088K), 0.0002170 secs]
857.255: [GC (Allocation Failure) 38437K->435K(79808K), 0.0002130 secs]
857.271: [GC (Allocation Failure) 37168K->435K(78592K), 0.0002180 secs]
857.287: [GC (Allocation Failure) 35898K->435K(77376K), 0.0002060 secs]
857.301: [GC (Allocation Failure) 34726K->435K(76224K), 0.0002030 secs]
857.316: [GC (Allocation Failure) 33554K->435K(82880K), 0.0002040 secs]
857.342: [GC (Allocation Failure) 40195K->435K(81472K), 0.0002120 secs]
857.363: [GC (Allocation Failure) 38828K->435K(80128K), 0.0002190 secs]
857.383: [GC (Allocation Failure) 37461K->435K(78848K), 0.0002130 secs]
857.399: [GC (Allocation Failure) 36191K->435K(77632K), 0.0002150 secs]
857.414: [GC (Allocation Failure) 34921K->435K(84544K), 0.0002770 secs]
857.449: [GC (Allocation Failure) 41856K->435K(83072K), 0.0002120 secs]
857.471: [GC (Allocation Failure) 40391K->435K(81664K), 0.0002170 secs]
857.492: [GC (Allocation Failure) 39023K->435K(80320K), 0.0002110 secs]
857.512: [GC (Allocation Failure) 37656K->435K(79040K), 0.0002030 secs]
857.540: [GC (Allocation Failure) 36386K->435K(77824K), 0.0002070 secs]
857.559: [GC (Allocation Failure) 35116K->435K(76672K), 0.0002130 secs]
857.578: [GC (Allocation Failure) 33944K->435K(75584K), 0.0002140 secs]
857.592: [GC (Allocation Failure) 32870K->435K(74560K), 0.0002170 secs]
857.647: [GC (Allocation Failure) 31893K->435K(73536K), 0.0002200 secs]
857.664: [GC (Allocation Failure) 30819K->435K(72576K), 0.0002350 secs]
857.681: [GC (Allocation Failure) 29842K->435K(71680K), 0.0002110 secs]
857.694: [GC (Allocation Failure) 28963K->435K(77440K), 0.0002200 secs]
857.709: [GC (Allocation Failure) 34726K->435K(84352K), 0.0002060 secs]
857.728: [GC (Allocation Failure) 41660K->435K(92608K), 0.0002110 secs]
857.903: [GC (Allocation Failure) 49967K->435K(90752K), 0.0002130 secs]
857.924: [GC (Allocation Failure) 48107K->435K(89024K), 0.0002160 secs]
857.948: [GC (Allocation Failure) 46349K->435K(87360K), 0.0002110 secs]
857.997: [GC (Allocation Failure) 44688K->435K(85760K), 0.0002040 secs]
858.047: [GC (Allocation Failure) 43028K->435K(84224K), 0.0002140 secs]
858.147: [GC (Allocation Failure) 41563K->435K(82752K), 0.0002290 secs]
858.168: [GC (Allocation Failure) 40098K->435K(81344K), 0.0002010 secs]
858.245: [GC (Allocation Failure) 38633K->435K(80000K), 0.0002160 secs]
858.265: [GC (Allocation Failure) 37363K->435K(78720K), 0.0002010 secs]
858.298: [GC (Allocation Failure) 35996K->435K(77504K), 0.0002050 secs]
858.313: [GC (Allocation Failure) 34823K->435K(76352K), 0.0002050 secs]
858.329: [GC (Allocation Failure) 33651K->435K(75264K), 0.0002100 secs]
858.347: [GC (Allocation Failure) 32577K->435K(74240K), 0.0002000 secs]
858.364: [GC (Allocation Failure) 31600K->435K(73216K), 0.0002180 secs]
858.377: [GC (Allocation Failure) 30526K->435K(79296K), 0.0002170 secs]
858.409: [GC (Allocation Failure) 36582K->435K(78080K), 0.0002170 secs]
858.456: [GC (Allocation Failure) 35409K->435K(76928K), 0.0002140 secs]
858.475: [GC (Allocation Failure) 34237K->435K(75840K), 0.0002330 secs]
858.490: [GC (Allocation Failure) 33163K->435K(74752K), 0.0002050 secs]
858.507: [GC (Allocation Failure) 32089K->435K(73728K), 0.0002140 secs]
858.542: [GC (Allocation Failure) 31014K->435K(72768K), 0.0002730 secs]
858.592: [GC (Allocation Failure) 30038K->435K(71808K), 0.0002080 secs]
858.629: [GC (Allocation Failure) 29158K->435K(70912K), 0.0002180 secs]
858.641: [GC (Allocation Failure) 28182K->435K(70080K), 0.0002160 secs]
858.662: [GC (Allocation Failure) 27400K->435K(69248K), 0.0002170 secs]
858.677: [GC (Allocation Failure) 26521K->435K(68480K), 0.0002180 secs]
858.691: [GC (Allocation Failure) 25838K->435K(73600K), 0.0002660 secs]
858.738: [GC (Allocation Failure) 30917K->435K(72640K), 0.0002130 secs]
858.751: [GC (Allocation Failure) 29940K->435K(78592K), 0.0002200 secs]
858.795: [GC (Allocation Failure) 35898K->435K(77376K), 0.0002240 secs]
858.810: [GC (Allocation Failure) 34726K->435K(76224K), 0.0002040 secs]
858.824: [GC (Allocation Failure) 33554K->435K(82880K), 0.0002030 secs]
858.847: [GC (Allocation Failure) 40195K->435K(81472K), 0.0002090 secs]
858.864: [GC (Allocation Failure) 38828K->435K(80128K), 0.0002060 secs]
858.895: [GC (Allocation Failure) 37461K->435K(78848K), 0.0002190 secs]
858.915: [GC (Allocation Failure) 36191K->435K(77632K), 0.0002170 secs]
858.934: [GC (Allocation Failure) 34921K->435K(76480K), 0.0002170 secs]
858.953: [GC (Allocation Failure) 33749K->435K(75392K), 0.0002270 secs]
859.047: [GC (Allocation Failure) 32675K->435K(74368K), 0.0002150 secs]
859.061: [GC (Allocation Failure) 31698K->435K(80640K), 0.0003230 secs]
859.096: [GC (Allocation Failure) 37949K->435K(79360K), 0.0002200 secs]
859.149: [GC (Allocation Failure) 36679K->435K(78144K), 0.0002130 secs]
859.164: [GC (Allocation Failure) 35409K->435K(76992K), 0.0002290 secs]
859.179: [GC (Allocation Failure) 34335K->435K(75904K), 0.0002040 secs]
859.394: [GC (Allocation Failure) 33261K->435K(74816K), 0.0003390 secs]
859.412: [GC (Allocation Failure) 32089K->435K(73792K), 0.0002240 secs]
859.443: [GC (Allocation Failure) 31112K->435K(72832K), 0.0002140 secs]
859.493: [GC (Allocation Failure) 30135K->435K(71872K), 0.0002140 secs]
859.585: [GC (Allocation Failure) 29158K->435K(70976K), 0.0002420 secs]
859.602: [GC (Allocation Failure) 28279K->435K(70144K), 0.0002690 secs]
859.619: [GC (Allocation Failure) 27498K->435K(69312K), 0.0002130 secs]
859.631: [GC (Allocation Failure) 26619K->435K(74560K), 0.0003180 secs]
859.653: [GC (Allocation Failure) 31893K->435K(80896K), 0.0002330 secs]
859.669: [GC (Allocation Failure) 38242K->435K(88512K), 0.0002070 secs]
859.754: [GC (Allocation Failure) 45860K->435K(86848K), 0.0002230 secs]
859.774: [GC (Allocation Failure) 44200K->435K(85312K), 0.0002030 secs]
859.799: [GC (Allocation Failure) 42637K->435K(83840K), 0.0002230 secs]
859.914: [GC (Allocation Failure) 41172K->435K(82432K), 0.0002250 secs]
859.932: [GC (Allocation Failure) 39707K->435K(81088K), 0.0002040 secs]
859.977: [GC (Allocation Failure) 38437K->435K(79808K), 0.0002170 secs]
859.993: [GC (Allocation Failure) 37168K->435K(78592K), 0.0002150 secs]
860.008: [GC (Allocation Failure) 35898K->435K(77376K), 0.0002150 secs]
860.051: [GC (Allocation Failure) 34726K->435K(76224K), 0.0002150 secs]
860.069: [GC (Allocation Failure) 33554K->435K(75136K), 0.0002150 secs]
860.083: [GC (Allocation Failure) 32479K->435K(74112K), 0.0002220 secs]
860.097: [GC (Allocation Failure) 31405K->435K(80320K), 0.0002140 secs]
860.139: [GC (Allocation Failure) 37656K->435K(79040K), 0.0002190 secs]
860.156: [GC (Allocation Failure) 36386K->435K(77824K), 0.0002150 secs]
860.196: [GC (Allocation Failure) 35116K->435K(76672K), 0.0002550 secs]
860.211: [GC (Allocation Failure) 33944K->435K(75584K), 0.0002030 secs]
860.229: [GC (Allocation Failure) 32870K->435K(74560K), 0.0002030 secs]
860.243: [GC (Allocation Failure) 31893K->435K(80896K), 0.0002170 secs]
860.260: [GC (Allocation Failure) 38242K->435K(88512K), 0.0002070 secs]
860.301: [GC (Allocation Failure) 45860K->435K(86848K), 0.0002260 secs]
860.324: [GC (Allocation Failure) 44200K->435K(85312K), 0.0002100 secs]
860.353: [GC (Allocation Failure) 42637K->435K(83840K), 0.0002070 secs]
860.375: [GC (Allocation Failure) 41172K->435K(82432K), 0.0002120 secs]
860.393: [GC (Allocation Failure) 39707K->435K(81088K), 0.0002160 secs]
860.409: [GC (Allocation Failure) 38437K->435K(79808K), 0.0002030 secs]
860.429: [GC (Allocation Failure) 37168K->435K(78592K), 0.0002100 secs]
860.451: [GC (Allocation Failure) 35898K->435K(77376K), 0.0002070 secs]
860.470: [GC (Allocation Failure) 34726K->435K(76224K), 0.0002010 secs]
860.489: [GC (Allocation Failure) 33554K->435K(75136K), 0.0002140 secs]
860.591: [GC (Allocation Failure) 32479K->435K(74112K), 0.0002020 secs]
860.623: [GC (Allocation Failure) 31405K->435K(73152K), 0.0002320 secs]
860.636: [GC (Allocation Failure) 30428K->435K(72192K), 0.0002150 secs]
860.677: [GC (Allocation Failure) 29549K->435K(71296K), 0.0002190 secs]
860.690: [GC (Allocation Failure) 28572K->435K(76992K), 0.0003220 secs]
860.797: [GC (Allocation Failure) 34335K->435K(75904K), 0.0002280 secs]
860.815: [GC (Allocation Failure) 33261K->435K(74816K), 0.0002000 secs]
860.847: [GC (Allocation Failure) 32089K->435K(73792K), 0.0002780 secs]
860.895: [GC (Allocation Failure) 31112K->435K(72832K), 0.0002080 secs]
860.938: [GC (Allocation Failure) 30135K->435K(71872K), 0.0002290 secs]
860.951: [GC (Allocation Failure) 29158K->435K(70976K), 0.0002060 secs]
860.963: [GC (Allocation Failure) 28279K->435K(70144K), 0.0002070 secs]
860.994: [GC (Allocation Failure) 27498K->435K(69312K), 0.0002640 secs]
861.093: [GC (Allocation Failure) 26619K->435K(68544K), 0.0002040 secs]
861.197: [GC (Allocation Failure) 25838K->435K(67776K), 0.0002220 secs]
861.208: [GC (Allocation Failure) 25052K->435K(67072K), 0.0002200 secs]
861.219: [GC (Allocation Failure) 24369K->435K(71872K), 0.0002040 secs]
861.233: [GC (Allocation Failure) 29158K->435K(77632K), 0.0002110 secs]
861.252: [GC (Allocation Failure) 34921K->435K(84544K), 0.0002160 secs]
861.351: [GC (Allocation Failure) 41856K->435K(83072K), 0.0002170 secs]
861.368: [GC (Allocation Failure) 40391K->435K(81664K), 0.0002150 secs]
861.404: [GC (Allocation Failure) 39023K->435K(80320K), 0.0002250 secs]
861.424: [GC (Allocation Failure) 37656K->435K(79040K), 0.0002150 secs]
861.440: [GC (Allocation Failure) 36386K->435K(77824K), 0.0002200 secs]
861.502: [GC (Allocation Failure) 35116K->435K(76672K), 0.0002280 secs]
861.521: [GC (Allocation Failure) 33944K->435K(75584K), 0.0002070 secs]
861.536: [GC (Allocation Failure) 32870K->435K(74560K), 0.0002290 secs]
861.553: [GC (Allocation Failure) 31893K->435K(73536K), 0.0002110 secs]
861.650: [GC (Allocation Failure) 30819K->435K(72576K), 0.0002080 secs]
861.667: [GC (Allocation Failure) 29842K->435K(71680K), 0.0002180 secs]
861.679: [GC (Allocation Failure) 28963K->435K(77440K), 0.0002170 secs]
861.694: [GC (Allocation Failure) 34726K->435K(84352K), 0.0002060 secs]
861.716: [GC (Allocation Failure) 41660K->435K(82880K), 0.0002020 secs]
861.738: [GC (Allocation Failure) 40195K->435K(81472K), 0.0002100 secs]
861.759: [GC (Allocation Failure) 38828K->435K(80128K), 0.0002110 secs]
861.799: [GC (Allocation Failure) 37461K->435K(78848K), 0.0002730 secs]
861.940: [GC (Allocation Failure) 36191K->435K(77632K), 0.0002410 secs]
861.960: [GC (Allocation Failure) 34921K->435K(76480K), 0.0002290 secs]
861.979: [GC (Allocation Failure) 33749K->435K(75392K), 0.0002030 secs]
861.993: [GC (Allocation Failure) 32675K->435K(74368K), 0.0002120 secs]
862.011: [GC (Allocation Failure) 31698K->435K(73344K), 0.0002160 secs]
862.028: [GC (Allocation Failure) 30624K->435K(72384K), 0.0002270 secs]
862.043: [GC (Allocation Failure) 29745K->435K(78272K), 0.0002190 secs]
862.062: [GC (Allocation Failure) 35605K->435K(85312K), 0.0002140 secs]
862.102: [GC (Allocation Failure) 42637K->435K(83840K), 0.0002140 secs]
862.159: [GC (Allocation Failure) 41172K->435K(82432K), 0.0002170 secs]
862.255: [GC (Allocation Failure) 39707K->435K(81088K), 0.0002170 secs]
862.276: [GC (Allocation Failure) 38437K->435K(79808K), 0.0002090 secs]
862.292: [GC (Allocation Failure) 37168K->435K(78592K), 0.0002190 secs]
862.308: [GC (Allocation Failure) 35898K->435K(77376K), 0.0002770 secs]
862.353: [GC (Allocation Failure) 34726K->435K(76224K), 0.0002220 secs]
862.371: [GC (Allocation Failure) 33554K->435K(75136K), 0.0002130 secs]
862.402: [GC (Allocation Failure) 32479K->435K(74112K), 0.0002080 secs]
862.420: [GC (Allocation Failure) 31405K->435K(73152K), 0.0002020 secs]
862.434: [GC (Allocation Failure) 30428K->435K(72192K), 0.0002200 secs]
862.448: [GC (Allocation Failure) 29549K->435K(78016K), 0.0002150 secs]
862.463: [GC (Allocation Failure) 35312K->435K(85056K), 0.0002060 secs]
862.482: [GC (Allocation Failure) 42344K->435K(93504K), 0.0002070 secs]
862.543: [GC (Allocation Failure) 50846K->435K(91648K), 0.0002110 secs]
862.614: [GC (Allocation Failure) 48986K->435K(89856K), 0.0002080 secs]
862.655: [GC (Allocation Failure) 47130K->435K(88128K), 0.0002770 secs]
862.689: [GC (Allocation Failure) 45470K->435K(86528K), 0.0002240 secs]
862.712: [GC (Allocation Failure) 43809K->435K(84992K), 0.0002130 secs]
862.803: [GC (Allocation Failure) 42344K->435K(83520K), 0.0002270 secs]
862.825: [GC (Allocation Failure) 40879K->435K(82112K), 0.0002130 secs]
862.846: [GC (Allocation Failure) 39414K->435K(80768K), 0.0002850 secs]
862.866: [GC (Allocation Failure) 38047K->435K(79488K), 0.0002130 secs]
862.882: [GC (Allocation Failure) 36777K->435K(78272K), 0.0002140 secs]
862.901: [GC (Allocation Failure) 35605K->435K(77120K), 0.0002110 secs]
862.936: [GC (Allocation Failure) 34433K->435K(75968K), 0.0002710 secs]
863.099: [GC (Allocation Failure) 33261K->435K(74880K), 0.0002150 secs]
863.113: [GC (Allocation Failure) 32186K->435K(73856K), 0.0002140 secs]
863.199: [GC (Allocation Failure) 31210K->435K(72896K), 0.0002050 secs]
863.253: [GC (Allocation Failure) 30233K->435K(71936K), 0.0002260 secs]
863.270: [GC (Allocation Failure) 29256K->435K(71040K), 0.0002190 secs]
863.282: [GC (Allocation Failure) 28377K->435K(70208K), 0.0002170 secs]
863.301: [GC (Allocation Failure) 27498K->435K(69376K), 0.0002130 secs]
863.317: [GC (Allocation Failure) 26717K->435K(74688K), 0.0002250 secs]
863.336: [GC (Allocation Failure) 31991K->435K(73664K), 0.0002170 secs]
863.354: [GC (Allocation Failure) 31014K->435K(72704K), 0.0002040 secs]
863.371: [GC (Allocation Failure) 30038K->435K(78656K), 0.0002320 secs]
863.401: [GC (Allocation Failure) 35996K->435K(77440K), 0.0002150 secs]
863.416: [GC (Allocation Failure) 34726K->435K(84352K), 0.0002170 secs]
863.436: [GC (Allocation Failure) 41660K->435K(82880K), 0.0002000 secs]
863.457: [GC (Allocation Failure) 40195K->435K(81472K), 0.0002230 secs]
863.506: [GC (Allocation Failure) 38828K->435K(80128K), 0.0002120 secs]
863.526: [GC (Allocation Failure) 37461K->435K(78848K), 0.0002150 secs]
863.555: [GC (Allocation Failure) 36191K->435K(77632K), 0.0002210 secs]
863.574: [GC (Allocation Failure) 34921K->435K(76480K), 0.0002140 secs]
863.593: [GC (Allocation Failure) 33749K->435K(75392K), 0.0002120 secs]
863.607: [GC (Allocation Failure) 32675K->435K(74368K), 0.0002300 secs]
863.625: [GC (Allocation Failure) 31698K->435K(73344K), 0.0002120 secs]
863.651: [GC (Allocation Failure) 30624K->435K(72384K), 0.0002090 secs]
863.667: [GC (Allocation Failure) 29745K->435K(78272K), 0.0002760 secs]
863.683: [GC (Allocation Failure) 35605K->435K(85312K), 0.0002320 secs]
863.706: [GC (Allocation Failure) 42637K->435K(93760K), 0.0002040 secs]
863.728: [GC (Allocation Failure) 51041K->435K(91840K), 0.0002150 secs]
863.749: [GC (Allocation Failure) 49181K->435K(90048K), 0.0002050 secs]
863.806: [GC (Allocation Failure) 47325K->435K(88320K), 0.0002270 secs]
863.826: [GC (Allocation Failure) 45665K->435K(86656K), 0.0002040 secs]
863.859: [GC (Allocation Failure) 44005K->435K(85120K), 0.0002240 secs]
863.878: [GC (Allocation Failure) 42442K->435K(83648K), 0.0002710 secs]
863.910: [GC (Allocation Failure) 40977K->435K(82240K), 0.0002170 secs]
864.007: [GC (Allocation Failure) 39512K->435K(80896K), 0.0002180 secs]
864.028: [GC (Allocation Failure) 38242K->435K(79616K), 0.0002030 secs]
864.044: [GC (Allocation Failure) 36972K->435K(78400K), 0.0002120 secs]
864.106: [GC (Allocation Failure) 35702K->435K(77248K), 0.0002390 secs]
864.125: [GC (Allocation Failure) 34530K->435K(76096K), 0.0002160 secs]
864.140: [GC (Allocation Failure) 33456K->435K(75008K), 0.0002180 secs]
864.158: [GC (Allocation Failure) 32284K->435K(73984K), 0.0002100 secs]
864.250: [GC (Allocation Failure) 31307K->435K(73024K), 0.0002720 secs]
864.287: [GC (Allocation Failure) 30331K->435K(72064K), 0.0002100 secs]
864.321: [GC (Allocation Failure) 29354K->435K(71168K), 0.0002190 secs]
864.337: [GC (Allocation Failure) 28475K->435K(70336K), 0.0002070 secs]
864.399: [GC (Allocation Failure) 27693K->435K(69504K), 0.0003010 secs]
864.417: [GC (Allocation Failure) 26814K->435K(68736K), 0.0002300 secs]
864.432: [GC (Allocation Failure) 26033K->435K(67968K), 0.0002010 secs]
864.453: [GC (Allocation Failure) 25250K->435K(67264K), 0.0002660 secs]
864.465: [GC (Allocation Failure) 24564K->435K(72128K), 0.0002160 secs]
864.482: [GC (Allocation Failure) 29451K->435K(77952K), 0.0002050 secs]
864.501: [GC (Allocation Failure) 35312K->435K(84928K), 0.0002170 secs]
864.520: [GC (Allocation Failure) 42247K->435K(93312K), 0.0002100 secs]
864.605: [GC (Allocation Failure) 50650K->435K(91456K), 0.0002190 secs]
864.631: [GC (Allocation Failure) 48791K->435K(89664K), 0.0002140 secs]
864.652: [GC (Allocation Failure) 46935K->435K(87936K), 0.0001980 secs]
864.671: [GC (Allocation Failure) 45274K->435K(86336K), 0.0002000 secs]
864.710: [GC (Allocation Failure) 43614K->435K(84800K), 0.0002160 secs]
864.732: [GC (Allocation Failure) 42149K->435K(83328K), 0.0002290 secs]
864.750: [GC (Allocation Failure) 40684K->435K(81920K), 0.0002050 secs]
864.860: [GC (Allocation Failure) 39219K->435K(80576K), 0.0002160 secs]
864.880: [GC (Allocation Failure) 37851K->435K(79296K), 0.0002170 secs]
864.896: [GC (Allocation Failure) 36582K->435K(78080K), 0.0002180 secs]
864.938: [GC (Allocation Failure) 35409K->435K(76928K), 0.0002290 secs]
864.953: [GC (Allocation Failure) 34237K->435K(75840K), 0.0002160 secs]
864.968: [GC (Allocation Failure) 33163K->435K(74752K), 0.0002120 secs]
864.985: [GC (Allocation Failure) 32089K->435K(73728K), 0.0002110 secs]
865.005: [GC (Allocation Failure) 31014K->435K(72768K), 0.0002370 secs]
865.022: [GC (Allocation Failure) 30038K->435K(71808K), 0.0002040 secs]
865.035: [GC (Allocation Failure) 29158K->435K(77568K), 0.0002200 secs]
865.057: [GC (Allocation Failure) 34921K->435K(84480K), 0.0002130 secs]
865.079: [GC (Allocation Failure) 41758K->435K(83008K), 0.0002260 secs]
865.097: [GC (Allocation Failure) 40293K->435K(91008K), 0.0002740 secs]
865.159: [GC (Allocation Failure) 48302K->435K(89216K), 0.0002770 secs]
865.212: [GC (Allocation Failure) 46544K->435K(87552K), 0.0002240 secs]
865.235: [GC (Allocation Failure) 44884K->435K(85952K), 0.0002170 secs]
865.307: [GC (Allocation Failure) 43223K->435K(84416K), 0.0002130 secs]
865.324: [GC (Allocation Failure) 41758K->435K(82944K), 0.0002030 secs]
865.414: [GC (Allocation Failure) 40293K->435K(81536K), 0.0002120 secs]
865.434: [GC (Allocation Failure) 38828K->435K(80192K), 0.0002030 secs]
865.454: [GC (Allocation Failure) 37461K->435K(78912K), 0.0002110 secs]
865.470: [GC (Allocation Failure) 36191K->435K(77696K), 0.0003220 secs]
865.504: [GC (Allocation Failure) 35019K->435K(76544K), 0.0002050 secs]
865.553: [GC (Allocation Failure) 33847K->435K(75456K), 0.0002130 secs]
865.587: [GC (Allocation Failure) 32772K->435K(74432K), 0.0002410 secs]
865.602: [GC (Allocation Failure) 31698K->435K(73408K), 0.0002620 secs]
865.659: [GC (Allocation Failure) 30721K->435K(72448K), 0.0002780 secs]
865.702: [GC (Allocation Failure) 29745K->435K(71552K), 0.0002180 secs]
865.739: [GC (Allocation Failure) 28865K->435K(70656K), 0.0002070 secs]
865.751: [GC (Allocation Failure) 27986K->435K(69824K), 0.0002140 secs]
865.763: [GC (Allocation Failure) 27107K->435K(75200K), 0.0002060 secs]
865.803: [GC (Allocation Failure) 32479K->435K(74176K), 0.0002150 secs]
865.820: [GC (Allocation Failure) 31503K->435K(73152K), 0.0002020 secs]
865.838: [GC (Allocation Failure) 30428K->435K(72192K), 0.0002110 secs]
865.850: [GC (Allocation Failure) 29549K->435K(78016K), 0.0002200 secs]
865.866: [GC (Allocation Failure) 35312K->435K(85056K), 0.0002030 secs]
865.884: [GC (Allocation Failure) 42344K->435K(93504K), 0.0002040 secs]
865.909: [GC (Allocation Failure) 50846K->435K(91648K), 0.0002110 secs]
865.942: [GC (Allocation Failure) 48986K->435K(89856K), 0.0002730 secs]
866.010: [GC (Allocation Failure) 47130K->435K(88128K), 0.0002160 secs]
866.060: [GC (Allocation Failure) 45470K->435K(86528K), 0.0002290 secs]
866.083: [GC (Allocation Failure) 43809K->435K(84992K), 0.0002030 secs]
866.105: [GC (Allocation Failure) 42344K->435K(83520K), 0.0002140 secs]
866.123: [GC (Allocation Failure) 40879K->435K(82112K), 0.0002780 secs]
866.156: [GC (Allocation Failure) 39414K->435K(80768K), 0.0002070 secs]
866.289: [GC (Allocation Failure) 38047K->435K(79488K), 0.0002240 secs]
866.304: [GC (Allocation Failure) 36777K->435K(78272K), 0.0002140 secs]
866.355: [GC (Allocation Failure) 35605K->435K(77120K), 0.0002160 secs]
866.374: [GC (Allocation Failure) 34433K->435K(75968K), 0.0002120 secs]
866.404: [GC (Allocation Failure) 33261K->435K(74880K), 0.0002150 secs]
866.418: [GC (Allocation Failure) 32186K->435K(73856K), 0.0002040 secs]
866.431: [GC (Allocation Failure) 31210K->435K(72896K), 0.0002050 secs]
866.453: [GC (Allocation Failure) 30233K->435K(71936K), 0.0002030 secs]
866.537: [GC (Allocation Failure) 29256K->435K(71040K), 0.0002230 secs]
866.550: [GC (Allocation Failure) 28377K->435K(70208K), 0.0002170 secs]
866.562: [GC (Allocation Failure) 27498K->435K(75648K), 0.0002010 secs]
866.576: [GC (Allocation Failure) 32968K->435K(82176K), 0.0002070 secs]
866.597: [GC (Allocation Failure) 39512K->435K(90048K), 0.0002720 secs]
866.618: [GC (Allocation Failure) 47325K->435K(99456K), 0.0002270 secs]
866.643: [GC (Allocation Failure) 56804K->435K(97280K), 0.0002040 secs]
866.670: [GC (Allocation Failure) 54557K->435K(95232K), 0.0002030 secs]
866.697: [GC (Allocation Failure) 52506K->435K(93248K), 0.0002130 secs]
866.721: [GC (Allocation Failure) 50553K->435K(91392K), 0.0002070 secs]
866.742: [GC (Allocation Failure) 48693K->435K(89600K), 0.0002680 secs]
866.854: [GC (Allocation Failure) 46935K->435K(87936K), 0.0002140 secs]
866.885: [GC (Allocation Failure) 45274K->435K(86336K), 0.0002200 secs]
866.915: [GC (Allocation Failure) 43614K->435K(84800K), 0.0002130 secs]
866.937: [GC (Allocation Failure) 42149K->435K(83328K), 0.0002130 secs]
866.955: [GC (Allocation Failure) 40684K->435K(81920K), 0.0002150 secs]
867.011: [GC (Allocation Failure) 39219K->435K(80576K), 0.0002230 secs]
867.032: [GC (Allocation Failure) 37851K->435K(79296K), 0.0002220 secs]
867.107: [GC (Allocation Failure) 36582K->435K(78080K), 0.0002210 secs]
867.160: [GC (Allocation Failure) 35409K->435K(76928K), 0.0002240 secs]
867.175: [GC (Allocation Failure) 34237K->435K(75840K), 0.0002180 secs]
867.190: [GC (Allocation Failure) 33163K->435K(74752K), 0.0002030 secs]
867.207: [GC (Allocation Failure) 32089K->435K(73728K), 0.0002110 secs]
867.259: [GC (Allocation Failure) 31014K->435K(72768K), 0.0002130 secs]
867.277: [GC (Allocation Failure) 30038K->435K(71808K), 0.0002460 secs]
867.308: [GC (Allocation Failure) 29158K->435K(70912K), 0.0002090 secs]
867.320: [GC (Allocation Failure) 28182K->435K(76480K), 0.0002750 secs]
867.363: [GC (Allocation Failure) 33749K->435K(75392K), 0.0002250 secs]
867.381: [GC (Allocation Failure) 32675K->435K(74368K), 0.0002130 secs]
867.409: [GC (Allocation Failure) 31698K->435K(73344K), 0.0002190 secs]
867.427: [GC (Allocation Failure) 30624K->435K(72384K), 0.0002660 secs]
867.440: [GC (Allocation Failure) 29745K->435K(78272K), 0.0002210 secs]
867.507: [GC (Allocation Failure) 35605K->435K(77120K), 0.0002260 secs]
867.525: [GC (Allocation Failure) 34433K->435K(75968K), 0.0002110 secs]
867.556: [GC (Allocation Failure) 33261K->435K(74880K), 0.0002290 secs]
867.570: [GC (Allocation Failure) 32186K->435K(73856K), 0.0002150 secs]
867.603: [GC (Allocation Failure) 31210K->435K(72896K), 0.0002410 secs]
867.620: [GC (Allocation Failure) 30233K->435K(71936K), 0.0002710 secs]
867.733: [GC (Allocation Failure) 29256K->435K(71040K), 0.0002730 secs]
867.804: [GC (Allocation Failure) 28377K->435K(70208K), 0.0002050 secs]
867.854: [GC (Allocation Failure) 27498K->435K(69376K), 0.0002030 secs]
867.907: [GC (Allocation Failure) 26717K->435K(68608K), 0.0002130 secs]
867.921: [GC (Allocation Failure) 25935K->435K(67840K), 0.0002190 secs]
867.936: [GC (Allocation Failure) 25150K->435K(67136K), 0.0002280 secs]
867.947: [GC (Allocation Failure) 24466K->435K(72000K), 0.0002060 secs]
868.049: [GC (Allocation Failure) 29354K->435K(71104K), 0.0003160 secs]
868.062: [GC (Allocation Failure) 28377K->435K(76736K), 0.0003280 secs]
868.092: [GC (Allocation Failure) 34042K->435K(83520K), 0.0002200 secs]
868.113: [GC (Allocation Failure) 40879K->435K(91648K), 0.0002030 secs]
868.138: [GC (Allocation Failure) 48986K->435K(89856K), 0.0002130 secs]
868.158: [GC (Allocation Failure) 47130K->435K(88128K), 0.0002160 secs]
868.178: [GC (Allocation Failure) 45470K->435K(86528K), 0.0002060 secs]
868.201: [GC (Allocation Failure) 43809K->435K(84992K), 0.0002130 secs]
868.339: [GC (Allocation Failure) 42344K->435K(83520K), 0.0002760 secs]
868.414: [GC (Allocation Failure) 40879K->435K(82112K), 0.0002130 secs]
868.435: [GC (Allocation Failure) 39414K->435K(80768K), 0.0002030 secs]
868.457: [GC (Allocation Failure) 38047K->435K(79488K), 0.0002070 secs]
868.473: [GC (Allocation Failure) 36777K->435K(78272K), 0.0002260 secs]
868.565: [GC (Allocation Failure) 35605K->435K(77120K), 0.0002270 secs]
868.584: [GC (Allocation Failure) 34433K->435K(75968K), 0.0002770 secs]
868.611: [GC (Allocation Failure) 33261K->435K(74880K), 0.0002200 secs]
868.633: [GC (Allocation Failure) 32186K->435K(73856K), 0.0002240 secs]
868.650: [GC (Allocation Failure) 31210K->435K(72896K), 0.0001980 secs]
868.665: [GC (Allocation Failure) 30233K->435K(71936K), 0.0002070 secs]
868.706: [GC (Allocation Failure) 29256K->435K(71040K), 0.0002130 secs]
868.721: [GC (Allocation Failure) 28377K->435K(70208K), 0.0002030 secs]
868.759: [GC (Allocation Failure) 27498K->435K(69376K), 0.0002120 secs]
868.775: [GC (Allocation Failure) 26717K->435K(68608K), 0.0002260 secs]
868.908: [GC (Allocation Failure) 25935K->435K(67840K), 0.0002160 secs]
868.923: [GC (Allocation Failure) 25150K->435K(67136K), 0.0002290 secs]
868.934: [GC (Allocation Failure) 24466K->435K(72000K), 0.0002620 secs]
868.952: [GC (Allocation Failure) 29354K->435K(77824K), 0.0002280 secs]
868.971: [GC (Allocation Failure) 35116K->435K(84800K), 0.0002140 secs]
868.993: [GC (Allocation Failure) 42149K->435K(93184K), 0.0002120 secs]
869.069: [GC (Allocation Failure) 50455K->435K(91328K), 0.0002140 secs]
869.094: [GC (Allocation Failure) 48595K->435K(89536K), 0.0001990 secs]
869.214: [GC (Allocation Failure) 46837K->435K(87872K), 0.0002720 secs]
869.268: [GC (Allocation Failure) 45177K->435K(86272K), 0.0002220 secs]
869.287: [GC (Allocation Failure) 43614K->435K(84736K), 0.0002290 secs]
869.309: [GC (Allocation Failure) 42051K->435K(83264K), 0.0002160 secs]
869.331: [GC (Allocation Failure) 40586K->435K(81856K), 0.0002130 secs]
869.351: [GC (Allocation Failure) 39219K->435K(80512K), 0.0002000 secs]
869.514: [GC (Allocation Failure) 37851K->435K(79232K), 0.0003350 secs]
869.530: [GC (Allocation Failure) 36582K->435K(78016K), 0.0002160 secs]
869.545: [GC (Allocation Failure) 35312K->435K(76864K), 0.0002030 secs]
869.583: [GC (Allocation Failure) 34140K->435K(75776K), 0.0002170 secs]
869.612: [GC (Allocation Failure) 33065K->435K(74688K), 0.0002220 secs]
869.630: [GC (Allocation Failure) 31991K->435K(73664K), 0.0002030 secs]
869.648: [GC (Allocation Failure) 31014K->435K(72704K), 0.0002140 secs]
869.667: [GC (Allocation Failure) 30038K->435K(71808K), 0.0002220 secs]
869.679: [GC (Allocation Failure) 29158K->435K(77568K), 0.0002090 secs]
869.767: [GC (Allocation Failure) 34921K->435K(76416K), 0.0002070 secs]
869.787: [GC (Allocation Failure) 33749K->435K(75328K), 0.0002070 secs]
869.859: [GC (Allocation Failure) 32675K->435K(74304K), 0.0002780 secs]
869.910: [GC (Allocation Failure) 31600K->435K(73280K), 0.0002150 secs]
869.928: [GC (Allocation Failure) 30624K->435K(72320K), 0.0002300 secs]
870.061: [GC (Allocation Failure) 29647K->435K(71424K), 0.0002210 secs]
870.074: [GC (Allocation Failure) 28768K->435K(70528K), 0.0002140 secs]
870.157: [GC (Allocation Failure) 27889K->435K(69696K), 0.0002330 secs]
870.172: [GC (Allocation Failure) 27010K->435K(68928K), 0.0002070 secs]
870.184: [GC (Allocation Failure) 26228K->435K(74112K), 0.0002300 secs]
870.197: [GC (Allocation Failure) 31405K->435K(80320K), 0.0002040 secs]
870.337: [GC (Allocation Failure) 37656K->435K(79040K), 0.0002250 secs]
870.352: [GC (Allocation Failure) 36386K->435K(77824K), 0.0002040 secs]
870.367: [GC (Allocation Failure) 35116K->435K(76672K), 0.0002150 secs]
870.382: [GC (Allocation Failure) 33944K->435K(83392K), 0.0002730 secs]
870.415: [GC (Allocation Failure) 40684K->435K(91456K), 0.0002110 secs]
870.439: [GC (Allocation Failure) 48791K->435K(89664K), 0.0002080 secs]
870.461: [GC (Allocation Failure) 46935K->435K(87936K), 0.0002070 secs]
870.480: [GC (Allocation Failure) 45274K->435K(86336K), 0.0002070 secs]
870.518: [GC (Allocation Failure) 43614K->435K(84800K), 0.0002140 secs]
870.540: [GC (Allocation Failure) 42149K->435K(83328K), 0.0002130 secs]
870.558: [GC (Allocation Failure) 40684K->435K(81920K), 0.0002150 secs]
870.596: [GC (Allocation Failure) 39219K->435K(80576K), 0.0001990 secs]
870.635: [GC (Allocation Failure) 37851K->435K(79296K), 0.0002140 secs]
870.651: [GC (Allocation Failure) 36582K->435K(78080K), 0.0002020 secs]
870.670: [GC (Allocation Failure) 35409K->435K(76928K), 0.0002710 secs]
870.685: [GC (Allocation Failure) 34237K->435K(75840K), 0.0002060 secs]
870.764: [GC (Allocation Failure) 33163K->435K(74752K), 0.0002190 secs]
870.778: [GC (Allocation Failure) 32089K->435K(73728K), 0.0002040 secs]
870.809: [GC (Allocation Failure) 31014K->435K(72768K), 0.0002260 secs]
870.822: [GC (Allocation Failure) 30038K->435K(71808K), 0.0002040 secs]
870.870: [GC (Allocation Failure) 29158K->435K(70912K), 0.0002240 secs]
870.882: [GC (Allocation Failure) 28182K->435K(70080K), 0.0002220 secs]
870.896: [GC (Allocation Failure) 27400K->435K(75520K), 0.0002040 secs]
870.910: [GC (Allocation Failure) 32870K->435K(82048K), 0.0002080 secs]
870.967: [GC (Allocation Failure) 39316K->435K(80704K), 0.0002230 secs]
870.988: [GC (Allocation Failure) 38047K->435K(79424K), 0.0002100 secs]
871.062: [GC (Allocation Failure) 36777K->435K(78208K), 0.0002140 secs]
871.077: [GC (Allocation Failure) 35507K->435K(77056K), 0.0002140 secs]
871.092: [GC (Allocation Failure) 34335K->435K(75904K), 0.0002040 secs]
871.110: [GC (Allocation Failure) 33261K->435K(74816K), 0.0002130 secs]
871.124: [GC (Allocation Failure) 32089K->435K(81216K), 0.0002190 secs]
871.267: [GC (Allocation Failure) 38535K->435K(79936K), 0.0002410 secs]
871.288: [GC (Allocation Failure) 37265K->435K(78656K), 0.0002290 secs]
871.304: [GC (Allocation Failure) 35996K->435K(77440K), 0.0002660 secs]
871.365: [GC (Allocation Failure) 34726K->435K(76288K), 0.0002200 secs]
871.383: [GC (Allocation Failure) 33554K->435K(75200K), 0.0002010 secs]
871.515: [GC (Allocation Failure) 32479K->435K(74176K), 0.0002060 secs]
871.528: [GC (Allocation Failure) 31503K->435K(73152K), 0.0002240 secs]
871.542: [GC (Allocation Failure) 30428K->435K(72192K), 0.0002020 secs]
871.613: [GC (Allocation Failure) 29549K->435K(71296K), 0.0002210 secs]
871.626: [GC (Allocation Failure) 28572K->435K(70400K), 0.0002150 secs]
871.638: [GC (Allocation Failure) 27693K->435K(75904K), 0.0002040 secs]
871.666: [GC (Allocation Failure) 33261K->435K(74816K), 0.0002250 secs]
871.680: [GC (Allocation Failure) 32089K->435K(81216K), 0.0002070 secs]
871.718: [GC (Allocation Failure) 38535K->435K(79936K), 0.0002370 secs]
871.739: [GC (Allocation Failure) 37265K->435K(78656K), 0.0002010 secs]
871.755: [GC (Allocation Failure) 35996K->435K(85824K), 0.0003200 secs]
871.816: [GC (Allocation Failure) 43126K->435K(84288K), 0.0002050 secs]
871.869: [GC (Allocation Failure) 41563K->435K(82816K), 0.0002130 secs]
871.886: [GC (Allocation Failure) 40098K->435K(81408K), 0.0002740 secs]
871.918: [GC (Allocation Failure) 38730K->435K(80064K), 0.0002130 secs]
871.934: [GC (Allocation Failure) 37363K->435K(87488K), 0.0002720 secs]
871.971: [GC (Allocation Failure) 44786K->435K(85888K), 0.0002130 secs]
871.990: [GC (Allocation Failure) 43223K->435K(84352K), 0.0002710 secs]
872.076: [GC (Allocation Failure) 41660K->435K(82880K), 0.0002170 secs]
872.097: [GC (Allocation Failure) 40195K->435K(81472K), 0.0002050 secs]
872.118: [GC (Allocation Failure) 38828K->435K(80128K), 0.0002740 secs]
872.138: [GC (Allocation Failure) 37461K->435K(78848K), 0.0002140 secs]
872.154: [GC (Allocation Failure) 36191K->435K(86016K), 0.0002800 secs]
872.221: [GC (Allocation Failure) 43321K->435K(84480K), 0.0002280 secs]
872.243: [GC (Allocation Failure) 41758K->435K(83008K), 0.0002120 secs]
872.260: [GC (Allocation Failure) 40293K->435K(81600K), 0.0002070 secs]
872.419: [GC (Allocation Failure) 38926K->435K(80256K), 0.0002220 secs]
872.435: [GC (Allocation Failure) 37558K->435K(78976K), 0.0002020 secs]
872.451: [GC (Allocation Failure) 36289K->435K(77760K), 0.0002050 secs]
872.466: [GC (Allocation Failure) 35116K->435K(76608K), 0.0002030 secs]
872.480: [GC (Allocation Failure) 33944K->435K(83328K), 0.0002030 secs]
872.502: [GC (Allocation Failure) 40684K->435K(81920K), 0.0002120 secs]
872.521: [GC (Allocation Failure) 39219K->435K(80576K), 0.0002130 secs]
872.564: [GC (Allocation Failure) 37851K->435K(79296K), 0.0002150 secs]
872.584: [GC (Allocation Failure) 36582K->435K(78080K), 0.0002050 secs]
872.612: [GC (Allocation Failure) 35409K->435K(76928K), 0.0002140 secs]
872.627: [GC (Allocation Failure) 34237K->435K(75840K), 0.0002170 secs]
872.662: [GC (Allocation Failure) 33163K->435K(74752K), 0.0002250 secs]
872.680: [GC (Allocation Failure) 32089K->435K(73728K), 0.0002030 secs]
872.697: [GC (Allocation Failure) 31014K->435K(72768K), 0.0002140 secs]
872.765: [GC (Allocation Failure) 30038K->435K(71808K), 0.0002020 secs]
872.778: [GC (Allocation Failure) 29158K->435K(70912K), 0.0002270 secs]
872.795: [GC (Allocation Failure) 28182K->435K(70080K), 0.0002150 secs]
872.806: [GC (Allocation Failure) 27400K->435K(75520K), 0.0002050 secs]
872.824: [GC (Allocation Failure) 32870K->435K(82048K), 0.0002110 secs]
872.873: [GC (Allocation Failure) 39316K->435K(80704K), 0.0002170 secs]
872.913: [GC (Allocation Failure) 38047K->435K(79424K), 0.0002160 secs]
872.929: [GC (Allocation Failure) 36777K->435K(78208K), 0.0002170 secs]
872.971: [GC (Allocation Failure) 35507K->435K(77056K), 0.0002270 secs]
872.990: [GC (Allocation Failure) 34335K->435K(75904K), 0.0002740 secs]
873.005: [GC (Allocation Failure) 33261K->435K(82496K), 0.0002380 secs]
873.022: [GC (Allocation Failure) 39805K->435K(90432K), 0.0002040 secs]
873.057: [GC (Allocation Failure) 47716K->435K(88704K), 0.0002130 secs]
873.081: [GC (Allocation Failure) 46056K->435K(87040K), 0.0002030 secs]
873.118: [GC (Allocation Failure) 44395K->435K(85440K), 0.0002730 secs]
873.268: [GC (Allocation Failure) 42735K->435K(83968K), 0.0002120 secs]
873.290: [GC (Allocation Failure) 41270K->435K(82560K), 0.0002260 secs]
873.338: [GC (Allocation Failure) 39902K->435K(81216K), 0.0002770 secs]
873.370: [GC (Allocation Failure) 38535K->435K(79936K), 0.0002230 secs]
873.390: [GC (Allocation Failure) 37265K->435K(78656K), 0.0002090 secs]
873.408: [GC (Allocation Failure) 35996K->435K(77440K), 0.0002770 secs]
873.544: [GC (Allocation Failure) 34726K->435K(76288K), 0.0002360 secs]
873.563: [GC (Allocation Failure) 33554K->435K(75200K), 0.0002030 secs]
873.578: [GC (Allocation Failure) 32479K->435K(81664K), 0.0003230 secs]
873.667: [GC (Allocation Failure) 39023K->435K(80320K), 0.0002310 secs]
873.683: [GC (Allocation Failure) 37656K->435K(79040K), 0.0002020 secs]
873.720: [GC (Allocation Failure) 36386K->435K(77824K), 0.0002200 secs]
873.739: [GC (Allocation Failure) 35116K->435K(76672K), 0.0002120 secs]
873.868: [GC (Allocation Failure) 33944K->435K(75584K), 0.0002100 secs]
873.883: [GC (Allocation Failure) 32870K->435K(82112K), 0.0003260 secs]
873.921: [GC (Allocation Failure) 39414K->435K(80768K), 0.0003310 secs]
873.942: [GC (Allocation Failure) 38047K->435K(79488K), 0.0002100 secs]
873.958: [GC (Allocation Failure) 36777K->435K(78272K), 0.0002140 secs]
874.019: [GC (Allocation Failure) 35605K->435K(77120K), 0.0002210 secs]
874.034: [GC (Allocation Failure) 34433K->435K(75968K), 0.0002020 secs]
874.076: [GC (Allocation Failure) 33261K->435K(74880K), 0.0002250 secs]
874.094: [GC (Allocation Failure) 32186K->435K(73856K), 0.0002120 secs]
874.118: [GC (Allocation Failure) 31210K->435K(72896K), 0.0002080 secs]
874.135: [GC (Allocation Failure) 30233K->435K(71936K), 0.0002420 secs]
874.167: [GC (Allocation Failure) 29256K->435K(71040K), 0.0002230 secs]
874.180: [GC (Allocation Failure) 28377K->435K(70208K), 0.0002180 secs]
874.192: [GC (Allocation Failure) 27498K->435K(75648K), 0.0002780 secs]
874.269: [GC (Allocation Failure) 32968K->435K(82176K), 0.0002570 secs]
874.286: [GC (Allocation Failure) 39512K->435K(90048K), 0.0002160 secs]
874.310: [GC (Allocation Failure) 47325K->435K(88320K), 0.0002100 secs]
874.341: [GC (Allocation Failure) 45665K->435K(86656K), 0.0002240 secs]
874.374: [GC (Allocation Failure) 44005K->435K(85120K), 0.0002260 secs]
874.393: [GC (Allocation Failure) 42442K->435K(83648K), 0.0002290 secs]
874.411: [GC (Allocation Failure) 40977K->435K(82240K), 0.0002050 secs]
874.432: [GC (Allocation Failure) 39512K->435K(80896K), 0.0002160 secs]
874.451: [GC (Allocation Failure) 38242K->435K(79616K), 0.0001990 secs]
874.468: [GC (Allocation Failure) 36972K->435K(86976K), 0.0002770 secs]
874.524: [GC (Allocation Failure) 44298K->435K(85376K), 0.0003370 secs]
874.544: [GC (Allocation Failure) 42735K->435K(83904K), 0.0002160 secs]
874.566: [GC (Allocation Failure) 41172K->435K(82496K), 0.0002230 secs]
874.600: [GC (Allocation Failure) 39805K->435K(81152K), 0.0002230 secs]
874.622: [GC (Allocation Failure) 38437K->435K(79872K), 0.0002080 secs]
874.638: [GC (Allocation Failure) 37168K->435K(78656K), 0.0002280 secs]
874.658: [GC (Allocation Failure) 35996K->435K(77440K), 0.0002100 secs]
874.716: [GC (Allocation Failure) 34726K->435K(76288K), 0.0002860 secs]
874.770: [GC (Allocation Failure) 33554K->435K(75200K), 0.0002230 secs]
874.784: [GC (Allocation Failure) 32479K->435K(74176K), 0.0002190 secs]
874.802: [GC (Allocation Failure) 31503K->435K(73152K), 0.0002010 secs]
874.864: [GC (Allocation Failure) 30428K->435K(72192K), 0.0002780 secs]
874.906: [GC (Allocation Failure) 29549K->435K(71296K), 0.0002180 secs]
875.014: [GC (Allocation Failure) 28572K->435K(70400K), 0.0002130 secs]
875.026: [GC (Allocation Failure) 27693K->435K(69568K), 0.0002030 secs]
875.067: [GC (Allocation Failure) 26912K->435K(68800K), 0.0002120 secs]
875.083: [GC (Allocation Failure) 26131K->435K(68032K), 0.0002400 secs]
875.117: [GC (Allocation Failure) 25349K->435K(67328K), 0.0002250 secs]
875.127: [GC (Allocation Failure) 24662K->435K(72192K), 0.0002200 secs]
875.168: [GC (Allocation Failure) 29549K->435K(71296K), 0.0002180 secs]
875.181: [GC (Allocation Failure) 28572K->435K(76992K), 0.0002140 secs]
875.277: [GC (Allocation Failure) 34335K->435K(75904K), 0.0002130 secs]
875.291: [GC (Allocation Failure) 33261K->435K(74816K), 0.0002090 secs]
875.369: [GC (Allocation Failure) 32089K->435K(73792K), 0.0002160 secs]
875.383: [GC (Allocation Failure) 31112K->435K(72832K), 0.0002200 secs]
875.415: [GC (Allocation Failure) 30135K->435K(71872K), 0.0002190 secs]
875.465: [GC (Allocation Failure) 29158K->435K(70976K), 0.0002260 secs]
875.533: [GC (Allocation Failure) 28279K->435K(70144K), 0.0002140 secs]
875.545: [GC (Allocation Failure) 27498K->435K(69312K), 0.0002030 secs]
875.564: [GC (Allocation Failure) 26619K->435K(68544K), 0.0002750 secs]
875.579: [GC (Allocation Failure) 25838K->435K(67776K), 0.0002070 secs]
875.676: [GC (Allocation Failure) 25052K->435K(67072K), 0.0002060 secs]
875.691: [GC (Allocation Failure) 24369K->435K(66368K), 0.0002150 secs]
875.701: [GC (Allocation Failure) 23685K->435K(71040K), 0.0002180 secs]
875.769: [GC (Allocation Failure) 28377K->435K(70208K), 0.0002420 secs]
875.785: [GC (Allocation Failure) 27498K->435K(69376K), 0.0002110 secs]
875.801: [GC (Allocation Failure) 26717K->435K(74688K), 0.0002220 secs]
875.819: [GC (Allocation Failure) 31991K->435K(81024K), 0.0002110 secs]
875.836: [GC (Allocation Failure) 38340K->435K(88640K), 0.0002180 secs]
875.860: [GC (Allocation Failure) 45958K->435K(86976K), 0.0002130 secs]
875.916: [GC (Allocation Failure) 44298K->435K(85376K), 0.0002030 secs]
875.938: [GC (Allocation Failure) 42735K->435K(83904K), 0.0002130 secs]
875.960: [GC (Allocation Failure) 41172K->435K(82496K), 0.0002210 secs]
876.024: [GC (Allocation Failure) 39805K->435K(81152K), 0.0002130 secs]
876.044: [GC (Allocation Failure) 38437K->435K(79872K), 0.0002050 secs]
876.061: [GC (Allocation Failure) 37168K->435K(78656K), 0.0002140 secs]
876.172: [GC (Allocation Failure) 35996K->435K(77440K), 0.0002220 secs]
876.192: [GC (Allocation Failure) 34726K->435K(76288K), 0.0002150 secs]
876.210: [GC (Allocation Failure) 33554K->435K(75200K), 0.0002190 secs]
876.225: [GC (Allocation Failure) 32479K->435K(74176K), 0.0002440 secs]
876.242: [GC (Allocation Failure) 31503K->435K(73152K), 0.0002200 secs]
876.267: [GC (Allocation Failure) 30428K->435K(72192K), 0.0002750 secs]
876.294: [GC (Allocation Failure) 29549K->435K(71296K), 0.0002410 secs]
876.306: [GC (Allocation Failure) 28572K->435K(76992K), 0.0002120 secs]
876.339: [GC (Allocation Failure) 34335K->435K(75904K), 0.0002170 secs]
876.354: [GC (Allocation Failure) 33261K->435K(82496K), 0.0002440 secs]
876.371: [GC (Allocation Failure) 39805K->435K(90432K), 0.0002050 secs]
876.477: [GC (Allocation Failure) 47716K->435K(88704K), 0.0002050 secs]
876.501: [GC (Allocation Failure) 46056K->435K(87040K), 0.0002440 secs]
876.520: [GC (Allocation Failure) 44395K->435K(85440K), 0.0002130 secs]
876.576: [GC (Allocation Failure) 42735K->435K(83968K), 0.0002200 secs]
876.595: [GC (Allocation Failure) 41270K->435K(82560K), 0.0002080 secs]
876.615: [GC (Allocation Failure) 39902K->435K(81216K), 0.0003120 secs]
876.663: [GC (Allocation Failure) 38535K->435K(79936K), 0.0002790 secs]
876.770: [GC (Allocation Failure) 37265K->435K(78656K), 0.0002340 secs]
876.820: [GC (Allocation Failure) 35996K->435K(77440K), 0.0002140 secs]
876.835: [GC (Allocation Failure) 34726K->435K(76288K), 0.0002170 secs]
876.849: [GC (Allocation Failure) 33554K->435K(75200K), 0.0002700 secs]
876.870: [GC (Allocation Failure) 32479K->435K(74176K), 0.0002210 secs]
876.887: [GC (Allocation Failure) 31503K->435K(80448K), 0.0002740 secs]
876.903: [GC (Allocation Failure) 37754K->435K(87936K), 0.0002060 secs]
876.986: [GC (Allocation Failure) 45274K->435K(86336K), 0.0002230 secs]
877.005: [GC (Allocation Failure) 43614K->435K(84800K), 0.0002020 secs]
877.077: [GC (Allocation Failure) 42149K->435K(83328K), 0.0002860 secs]
877.094: [GC (Allocation Failure) 40684K->435K(81920K), 0.0002170 secs]
877.111: [GC (Allocation Failure) 39219K->435K(80576K), 0.0002040 secs]
877.128: [GC (Allocation Failure) 37851K->435K(79296K), 0.0002050 secs]
877.147: [GC (Allocation Failure) 36582K->435K(78080K), 0.0002210 secs]
877.174: [GC (Allocation Failure) 35409K->435K(76928K), 0.0002140 secs]
877.189: [GC (Allocation Failure) 34237K->435K(83712K), 0.0002780 secs]
877.326: [GC (Allocation Failure) 41074K->435K(82304K), 0.0002230 secs]
877.348: [GC (Allocation Failure) 39609K->435K(80960K), 0.0002010 secs]
877.369: [GC (Allocation Failure) 38242K->435K(79680K), 0.0002220 secs]
877.385: [GC (Allocation Failure) 36972K->435K(78464K), 0.0002060 secs]
877.404: [GC (Allocation Failure) 35800K->435K(77312K), 0.0002120 secs]
877.419: [GC (Allocation Failure) 34628K->435K(76160K), 0.0002040 secs]
877.437: [GC (Allocation Failure) 33456K->435K(75072K), 0.0002110 secs]
877.473: [GC (Allocation Failure) 32382K->435K(74048K), 0.0002030 secs]
877.490: [GC (Allocation Failure) 31405K->435K(73088K), 0.0002030 secs]
877.505: [GC (Allocation Failure) 30428K->435K(72128K), 0.0002150 secs]
877.586: [GC (Allocation Failure) 29451K->435K(71232K), 0.0002140 secs]
877.598: [GC (Allocation Failure) 28572K->435K(70400K), 0.0002140 secs]
877.672: [GC (Allocation Failure) 27693K->435K(69568K), 0.0002180 secs]
877.688: [GC (Allocation Failure) 26912K->435K(68800K), 0.0002310 secs]
877.701: [GC (Allocation Failure) 26131K->435K(73984K), 0.0002160 secs]
877.715: [GC (Allocation Failure) 31307K->435K(80192K), 0.0002750 secs]
877.741: [GC (Allocation Failure) 37461K->435K(87616K), 0.0002340 secs]
877.764: [GC (Allocation Failure) 44884K->435K(96576K), 0.0002300 secs]
877.792: [GC (Allocation Failure) 53873K->435K(94528K), 0.0002030 secs]
877.814: [GC (Allocation Failure) 51822K->435K(92608K), 0.0002050 secs]
877.906: [GC (Allocation Failure) 49967K->435K(90752K), 0.0002330 secs]
877.931: [GC (Allocation Failure) 48107K->435K(89024K), 0.0002110 secs]
878.026: [GC (Allocation Failure) 46349K->435K(87360K), 0.0002740 secs]
878.080: [GC (Allocation Failure) 44688K->435K(85760K), 0.0002340 secs]
878.099: [GC (Allocation Failure) 43028K->435K(84224K), 0.0002090 secs]
878.129: [GC (Allocation Failure) 41563K->435K(82752K), 0.0002280 secs]
878.146: [GC (Allocation Failure) 40098K->435K(81344K), 0.0002020 secs]
878.163: [GC (Allocation Failure) 38633K->435K(80000K), 0.0002150 secs]
878.183: [GC (Allocation Failure) 37363K->435K(78720K), 0.0002020 secs]
878.198: [GC (Allocation Failure) 35996K->435K(77504K), 0.0002140 secs]
878.217: [GC (Allocation Failure) 34823K->435K(76352K), 0.0002090 secs]
878.231: [GC (Allocation Failure) 33651K->435K(83008K), 0.0002070 secs]
878.253: [GC (Allocation Failure) 40293K->435K(81600K), 0.0002200 secs]
878.273: [GC (Allocation Failure) 38926K->435K(80256K), 0.0002120 secs]
878.293: [GC (Allocation Failure) 37558K->435K(78976K), 0.0002100 secs]
878.313: [GC (Allocation Failure) 36289K->435K(77760K), 0.0002120 secs]
878.336: [GC (Allocation Failure) 35116K->435K(84736K), 0.0004320 secs]
878.375: [GC (Allocation Failure) 42051K->435K(83264K), 0.0002160 secs]
878.392: [GC (Allocation Failure) 40586K->435K(81856K), 0.0001990 secs]
878.409: [GC (Allocation Failure) 39219K->435K(80512K), 0.0002140 secs]
878.425: [GC (Allocation Failure) 37851K->435K(88000K), 0.0002050 secs]
878.444: [GC (Allocation Failure) 45274K->435K(86400K), 0.0002030 secs]
878.463: [GC (Allocation Failure) 43712K->435K(84864K), 0.0002130 secs]
878.525: [GC (Allocation Failure) 42149K->435K(83392K), 0.0002030 secs]
878.566: [GC (Allocation Failure) 40684K->435K(81984K), 0.0002040 secs]
878.587: [GC (Allocation Failure) 39316K->435K(80640K), 0.0002720 secs]
878.604: [GC (Allocation Failure) 37949K->435K(79360K), 0.0002090 secs]
878.620: [GC (Allocation Failure) 36679K->435K(78144K), 0.0002060 secs]
878.639: [GC (Allocation Failure) 35409K->435K(76992K), 0.0002110 secs]
878.661: [GC (Allocation Failure) 34335K->435K(75904K), 0.0002710 secs]
878.691: [GC (Allocation Failure) 33261K->435K(74816K), 0.0003330 secs]
878.706: [GC (Allocation Failure) 32089K->435K(81216K), 0.0002760 secs]
878.727: [GC (Allocation Failure) 38535K->435K(88896K), 0.0002220 secs]
878.781: [GC (Allocation Failure) 46251K->435K(87232K), 0.0002110 secs]
878.800: [GC (Allocation Failure) 44591K->435K(85632K), 0.0002770 secs]
878.881: [GC (Allocation Failure) 42930K->435K(84096K), 0.0002370 secs]
878.902: [GC (Allocation Failure) 41367K->435K(82624K), 0.0002090 secs]
878.919: [GC (Allocation Failure) 39902K->435K(81280K), 0.0002170 secs]
878.936: [GC (Allocation Failure) 38633K->435K(80000K), 0.0002050 secs]
878.956: [GC (Allocation Failure) 37363K->435K(78720K), 0.0002250 secs]
878.973: [GC (Allocation Failure) 35996K->435K(77504K), 0.0002140 secs]
878.992: [GC (Allocation Failure) 34823K->435K(76352K), 0.0002040 secs]
879.007: [GC (Allocation Failure) 33651K->435K(83008K), 0.0002300 secs]
879.028: [GC (Allocation Failure) 40293K->435K(91008K), 0.0002230 secs]
879.078: [GC (Allocation Failure) 48302K->435K(89216K), 0.0002140 secs]
879.102: [GC (Allocation Failure) 46544K->435K(87552K), 0.0002030 secs]
879.126: [GC (Allocation Failure) 44884K->435K(85952K), 0.0002120 secs]
879.145: [GC (Allocation Failure) 43223K->435K(84416K), 0.0002020 secs]
879.163: [GC (Allocation Failure) 41758K->435K(82944K), 0.0002040 secs]
879.184: [GC (Allocation Failure) 40293K->435K(81536K), 0.0002100 secs]
879.224: [GC (Allocation Failure) 38828K->435K(80192K), 0.0002040 secs]
879.286: [GC (Allocation Failure) 37461K->435K(78912K), 0.0002240 secs]
879.301: [GC (Allocation Failure) 36191K->435K(77696K), 0.0002070 secs]
879.324: [GC (Allocation Failure) 35019K->435K(76544K), 0.0002300 secs]
879.342: [GC (Allocation Failure) 33847K->435K(75456K), 0.0002040 secs]
879.376: [GC (Allocation Failure) 32772K->435K(74432K), 0.0002060 secs]
879.390: [GC (Allocation Failure) 31698K->435K(73408K), 0.0002150 secs]
879.406: [GC (Allocation Failure) 30721K->435K(72448K), 0.0002040 secs]
879.423: [GC (Allocation Failure) 29745K->435K(71552K), 0.0002120 secs]
879.474: [GC (Allocation Failure) 28865K->435K(70656K), 0.0002030 secs]
879.487: [GC (Allocation Failure) 27986K->435K(69824K), 0.0002190 secs]
879.524: [GC (Allocation Failure) 27107K->435K(68992K), 0.0002230 secs]
879.539: [GC (Allocation Failure) 26326K->435K(68224K), 0.0002210 secs]
879.673: [GC (Allocation Failure) 25545K->435K(67520K), 0.0002140 secs]
879.684: [GC (Allocation Failure) 24857K->435K(72448K), 0.0003210 secs]
879.771: [GC (Allocation Failure) 29745K->435K(71552K), 0.0002050 secs]
879.825: [GC (Allocation Failure) 28865K->435K(70656K), 0.0002410 secs]
879.837: [GC (Allocation Failure) 27986K->435K(69824K), 0.0002040 secs]
879.849: [GC (Allocation Failure) 27107K->435K(75200K), 0.0002030 secs]
879.911: [GC (Allocation Failure) 32479K->435K(74176K), 0.0003210 secs]
879.972: [GC (Allocation Failure) 31503K->435K(73152K), 0.0002140 secs]
879.985: [GC (Allocation Failure) 30428K->435K(72192K), 0.0002050 secs]
880.002: [GC (Allocation Failure) 29549K->435K(71296K), 0.0002150 secs]
880.014: [GC (Allocation Failure) 28572K->435K(76992K), 0.0002210 secs]
880.029: [GC (Allocation Failure) 34335K->435K(83776K), 0.0002140 secs]
880.051: [GC (Allocation Failure) 41074K->435K(91968K), 0.0002030 secs]
880.073: [GC (Allocation Failure) 49279K->435K(90176K), 0.0002070 secs]
880.097: [GC (Allocation Failure) 47521K->435K(88448K), 0.0002760 secs]
880.117: [GC (Allocation Failure) 45763K->435K(86784K), 0.0002050 secs]
880.186: [GC (Allocation Failure) 44102K->435K(85248K), 0.0002140 secs]
880.204: [GC (Allocation Failure) 42540K->435K(83776K), 0.0002050 secs]
880.225: [GC (Allocation Failure) 41074K->435K(82368K), 0.0002130 secs]
880.243: [GC (Allocation Failure) 39707K->435K(81024K), 0.0002190 secs]
880.263: [GC (Allocation Failure) 38340K->435K(79744K), 0.0002160 secs]
880.283: [GC (Allocation Failure) 37070K->435K(78528K), 0.0002230 secs]
880.324: [GC (Allocation Failure) 35800K->435K(77312K), 0.0002050 secs]
880.378: [GC (Allocation Failure) 34628K->435K(76160K), 0.0002230 secs]
880.392: [GC (Allocation Failure) 33456K->435K(75072K), 0.0002010 secs]
880.406: [GC (Allocation Failure) 32382K->435K(74048K), 0.0002170 secs]
880.420: [GC (Allocation Failure) 31405K->435K(80256K), 0.0002040 secs]
880.487: [GC (Allocation Failure) 37558K->435K(78976K), 0.0002070 secs]
880.507: [GC (Allocation Failure) 36289K->435K(77760K), 0.0002090 secs]
880.526: [GC (Allocation Failure) 35116K->435K(76608K), 0.0002040 secs]
880.545: [GC (Allocation Failure) 33944K->435K(75520K), 0.0002140 secs]
880.559: [GC (Allocation Failure) 32870K->435K(74496K), 0.0002030 secs]
880.573: [GC (Allocation Failure) 31796K->435K(80832K), 0.0002040 secs]
880.601: [GC (Allocation Failure) 38144K->435K(79552K), 0.0002420 secs]
880.622: [GC (Allocation Failure) 36875K->435K(78336K), 0.0002160 secs]
880.638: [GC (Allocation Failure) 35605K->435K(85440K), 0.0002640 secs]
880.665: [GC (Allocation Failure) 42735K->435K(83968K), 0.0002230 secs]
880.687: [GC (Allocation Failure) 41270K->435K(82560K), 0.0002210 secs]
880.830: [GC (Allocation Failure) 39902K->435K(81216K), 0.0002250 secs]
880.847: [GC (Allocation Failure) 38535K->435K(79936K), 0.0002060 secs]
880.863: [GC (Allocation Failure) 37265K->435K(78656K), 0.0002060 secs]
880.909: [GC (Allocation Failure) 35996K->435K(77440K), 0.0002270 secs]
880.975: [GC (Allocation Failure) 34726K->435K(76288K), 0.0002160 secs]
881.128: [GC (Allocation Failure) 33554K->435K(75200K), 0.0002220 secs]
881.143: [GC (Allocation Failure) 32479K->435K(74176K), 0.0002150 secs]
881.174: [GC (Allocation Failure) 31503K->435K(73152K), 0.0002160 secs]
881.227: [GC (Allocation Failure) 30428K->435K(72192K), 0.0002030 secs]
881.240: [GC (Allocation Failure) 29549K->435K(71296K), 0.0003230 secs]
881.274: [GC (Allocation Failure) 28572K->435K(70400K), 0.0002140 secs]
881.290: [GC (Allocation Failure) 27693K->435K(69568K), 0.0002160 secs]
881.305: [GC (Allocation Failure) 26912K->435K(74880K), 0.0002170 secs]
881.321: [GC (Allocation Failure) 32186K->435K(81280K), 0.0002190 secs]
881.381: [GC (Allocation Failure) 38633K->435K(80000K), 0.0002030 secs]
881.398: [GC (Allocation Failure) 37363K->435K(78720K), 0.0002150 secs]
881.430: [GC (Allocation Failure) 35996K->435K(77504K), 0.0002140 secs]
881.446: [GC (Allocation Failure) 34823K->435K(76352K), 0.0002030 secs]
881.460: [GC (Allocation Failure) 33651K->435K(75264K), 0.0002080 secs]
881.474: [GC (Allocation Failure) 32577K->435K(81728K), 0.0002050 secs]
881.491: [GC (Allocation Failure) 39023K->435K(89472K), 0.0002030 secs]
881.515: [GC (Allocation Failure) 46739K->435K(87808K), 0.0002110 secs]
881.538: [GC (Allocation Failure) 45079K->435K(86208K), 0.0002120 secs]
881.681: [GC (Allocation Failure) 43516K->435K(84672K), 0.0002790 secs]
881.729: [GC (Allocation Failure) 41953K->435K(83200K), 0.0002770 secs]
881.782: [GC (Allocation Failure) 40488K->435K(81792K), 0.0002260 secs]
881.799: [GC (Allocation Failure) 39121K->435K(80448K), 0.0002170 secs]
881.819: [GC (Allocation Failure) 37754K->435K(79168K), 0.0002150 secs]
881.839: [GC (Allocation Failure) 36484K->435K(77952K), 0.0002040 secs]
881.858: [GC (Allocation Failure) 35312K->435K(76800K), 0.0002120 secs]
881.880: [GC (Allocation Failure) 34140K->435K(75712K), 0.0002210 secs]
881.894: [GC (Allocation Failure) 33065K->435K(74624K), 0.0002140 secs]
881.912: [GC (Allocation Failure) 31893K->435K(73600K), 0.0002000 secs]
881.979: [GC (Allocation Failure) 30917K->435K(72640K), 0.0002040 secs]
881.992: [GC (Allocation Failure) 29940K->435K(78592K), 0.0003250 secs]
882.077: [GC (Allocation Failure) 35898K->435K(77376K), 0.0002240 secs]
882.091: [GC (Allocation Failure) 34726K->435K(76224K), 0.0002050 secs]
882.106: [GC (Allocation Failure) 33554K->435K(82880K), 0.0002040 secs]
882.123: [GC (Allocation Failure) 40195K->435K(90880K), 0.0002060 secs]
882.144: [GC (Allocation Failure) 48204K->435K(89152K), 0.0002140 secs]
882.164: [GC (Allocation Failure) 46446K->435K(87488K), 0.0002040 secs]
882.187: [GC (Allocation Failure) 44786K->435K(85888K), 0.0002010 secs]
882.206: [GC (Allocation Failure) 43223K->435K(84352K), 0.0002050 secs]
882.230: [GC (Allocation Failure) 41660K->435K(82880K), 0.0002130 secs]
882.247: [GC (Allocation Failure) 40195K->435K(81472K), 0.0002020 secs]
882.264: [GC (Allocation Failure) 38828K->435K(80128K), 0.0002040 secs]
882.280: [GC (Allocation Failure) 37461K->435K(78848K), 0.0002150 secs]
882.300: [GC (Allocation Failure) 36191K->435K(77632K), 0.0002130 secs]
882.319: [GC (Allocation Failure) 34921K->435K(76480K), 0.0002020 secs]
882.337: [GC (Allocation Failure) 33749K->435K(75392K), 0.0002190 secs]
882.352: [GC (Allocation Failure) 32675K->435K(81856K), 0.0002200 secs]
882.379: [GC (Allocation Failure) 39219K->435K(80512K), 0.0002390 secs]
882.396: [GC (Allocation Failure) 37851K->435K(79232K), 0.0002040 secs]
882.432: [GC (Allocation Failure) 36582K->435K(78016K), 0.0002140 secs]
882.451: [GC (Allocation Failure) 35312K->435K(76864K), 0.0002010 secs]
882.470: [GC (Allocation Failure) 34140K->435K(83648K), 0.0003500 secs]
882.488: [GC (Allocation Failure) 40977K->435K(91776K), 0.0002260 secs]
882.513: [GC (Allocation Failure) 49084K->435K(101568K), 0.0002370 secs]
882.588: [GC (Allocation Failure) 58855K->435K(99328K), 0.0002130 secs]
882.639: [GC (Allocation Failure) 56608K->435K(97152K), 0.0002170 secs]
882.663: [GC (Allocation Failure) 54459K->435K(95104K), 0.0002020 secs]
882.744: [GC (Allocation Failure) 52408K->435K(93120K), 0.0002510 secs]
882.769: [GC (Allocation Failure) 50455K->435K(91264K), 0.0002130 secs]
882.795: [GC (Allocation Failure) 48595K->435K(89472K), 0.0002020 secs]
882.815: [GC (Allocation Failure) 46739K->435K(87808K), 0.0002050 secs]
882.888: [GC (Allocation Failure) 45079K->435K(86208K), 0.0002290 secs]
882.910: [GC (Allocation Failure) 43516K->435K(84672K), 0.0002050 secs]
882.985: [GC (Allocation Failure) 41953K->435K(83200K), 0.0002100 secs]
883.002: [GC (Allocation Failure) 40488K->435K(81792K), 0.0003250 secs]
883.054: [GC (Allocation Failure) 39121K->435K(80448K), 0.0002250 secs]
883.070: [GC (Allocation Failure) 37754K->435K(79168K), 0.0002030 secs]
883.085: [GC (Allocation Failure) 36484K->435K(77952K), 0.0002050 secs]
883.129: [GC (Allocation Failure) 35312K->435K(76800K), 0.0002150 secs]
883.182: [GC (Allocation Failure) 34140K->435K(75712K), 0.0002240 secs]
883.196: [GC (Allocation Failure) 33065K->435K(74624K), 0.0002420 secs]
883.214: [GC (Allocation Failure) 31893K->435K(73600K), 0.0001990 secs]
883.280: [GC (Allocation Failure) 30917K->435K(72640K), 0.0002020 secs]
883.293: [GC (Allocation Failure) 29940K->435K(71744K), 0.0002170 secs]
883.337: [GC (Allocation Failure) 29061K->435K(70848K), 0.0002120 secs]
883.350: [GC (Allocation Failure) 28182K->435K(76416K), 0.0003220 secs]
883.411: [GC (Allocation Failure) 33749K->435K(75328K), 0.0002140 secs]
883.426: [GC (Allocation Failure) 32675K->435K(81792K), 0.0002040 secs]
883.486: [GC (Allocation Failure) 39121K->435K(80448K), 0.0002240 secs]
883.502: [GC (Allocation Failure) 37754K->435K(79168K), 0.0002060 secs]
883.517: [GC (Allocation Failure) 36484K->435K(77952K), 0.0002050 secs]
883.583: [GC (Allocation Failure) 35312K->435K(76800K), 0.0002230 secs]
883.601: [GC (Allocation Failure) 34140K->435K(75712K), 0.0002120 secs]
883.616: [GC (Allocation Failure) 33065K->435K(74624K), 0.0002190 secs]
883.634: [GC (Allocation Failure) 31893K->435K(73600K), 0.0002120 secs]
883.647: [GC (Allocation Failure) 30917K->435K(79744K), 0.0002190 secs]
883.663: [GC (Allocation Failure) 37070K->435K(87104K), 0.0002060 secs]
883.687: [GC (Allocation Failure) 44395K->435K(85504K), 0.0002070 secs]
883.706: [GC (Allocation Failure) 42833K->435K(83968K), 0.0002180 secs]
883.727: [GC (Allocation Failure) 41270K->435K(82560K), 0.0002150 secs]
883.744: [GC (Allocation Failure) 39902K->435K(81216K), 0.0002140 secs]
883.764: [GC (Allocation Failure) 38535K->435K(79936K), 0.0002120 secs]
883.792: [GC (Allocation Failure) 37265K->435K(78656K), 0.0002120 secs]
883.808: [GC (Allocation Failure) 35996K->435K(77440K), 0.0002200 secs]
883.829: [GC (Allocation Failure) 34726K->435K(76288K), 0.0002150 secs]
883.879: [GC (Allocation Failure) 33554K->435K(75200K), 0.0002140 secs]
883.907: [GC (Allocation Failure) 32479K->435K(74176K), 0.0002040 secs]
883.928: [GC (Allocation Failure) 31503K->435K(73152K), 0.0002740 secs]
883.942: [GC (Allocation Failure) 30428K->435K(72192K), 0.0002120 secs]
883.958: [GC (Allocation Failure) 29549K->435K(78016K), 0.0002230 secs]
883.984: [GC (Allocation Failure) 35312K->435K(76864K), 0.0002040 secs]
884.003: [GC (Allocation Failure) 34140K->435K(75776K), 0.0002060 secs]
884.017: [GC (Allocation Failure) 33065K->435K(82368K), 0.0002040 secs]
884.085: [GC (Allocation Failure) 39707K->435K(81024K), 0.0002060 secs]
884.101: [GC (Allocation Failure) 38340K->435K(79744K), 0.0002170 secs]
884.117: [GC (Allocation Failure) 37070K->435K(78528K), 0.0002060 secs]
884.192: [GC (Allocation Failure) 35800K->435K(77312K), 0.0002140 secs]
884.207: [GC (Allocation Failure) 34628K->435K(76160K), 0.0002070 secs]
884.230: [GC (Allocation Failure) 33456K->435K(75072K), 0.0002200 secs]
884.279: [GC (Allocation Failure) 32382K->435K(74048K), 0.0002160 secs]
884.329: [GC (Allocation Failure) 31405K->435K(73088K), 0.0002140 secs]
884.382: [GC (Allocation Failure) 30428K->435K(72128K), 0.0002220 secs]
884.399: [GC (Allocation Failure) 29451K->435K(71232K), 0.0002020 secs]
884.411: [GC (Allocation Failure) 28572K->435K(70400K), 0.0002160 secs]
884.423: [GC (Allocation Failure) 27693K->435K(75904K), 0.0002060 secs]
884.441: [GC (Allocation Failure) 33261K->435K(82496K), 0.0002240 secs]
884.538: [GC (Allocation Failure) 39805K->435K(81152K), 0.0002060 secs]
884.582: [GC (Allocation Failure) 38437K->435K(79872K), 0.0002210 secs]
884.601: [GC (Allocation Failure) 37168K->435K(78656K), 0.0002020 secs]
884.616: [GC (Allocation Failure) 35996K->435K(77440K), 0.0002020 secs]
884.679: [GC (Allocation Failure) 34726K->435K(76288K), 0.0002220 secs]
884.698: [GC (Allocation Failure) 33554K->435K(75200K), 0.0002030 secs]
884.729: [GC (Allocation Failure) 32479K->435K(74176K), 0.0002730 secs]
884.880: [GC (Allocation Failure) 31503K->435K(73152K), 0.0002290 secs]
884.893: [GC (Allocation Failure) 30428K->435K(72192K), 0.0002060 secs]
884.982: [GC (Allocation Failure) 29549K->435K(71296K), 0.0002130 secs]
884.994: [GC (Allocation Failure) 28572K->435K(70400K), 0.0002190 secs]
885.032: [GC (Allocation Failure) 27693K->435K(69568K), 0.0002120 secs]
885.047: [GC (Allocation Failure) 26912K->435K(68800K), 0.0002190 secs]
885.063: [GC (Allocation Failure) 26131K->435K(68032K), 0.0002190 secs]
885.078: [GC (Allocation Failure) 25349K->435K(73024K), 0.0002240 secs]
885.091: [GC (Allocation Failure) 30331K->435K(79040K), 0.0002160 secs]
885.186: [GC (Allocation Failure) 36386K->435K(77824K), 0.0002200 secs]
885.205: [GC (Allocation Failure) 35116K->435K(76672K), 0.0002010 secs]
885.224: [GC (Allocation Failure) 33944K->435K(75584K), 0.0002270 secs]
885.238: [GC (Allocation Failure) 32870K->435K(74560K), 0.0002030 secs]
885.256: [GC (Allocation Failure) 31893K->435K(73536K), 0.0002110 secs]
885.281: [GC (Allocation Failure) 30819K->435K(72576K), 0.0002270 secs]
885.293: [GC (Allocation Failure) 29842K->435K(78528K), 0.0002060 secs]
885.332: [GC (Allocation Failure) 35800K->435K(77312K), 0.0002060 secs]
885.389: [GC (Allocation Failure) 34628K->435K(76160K), 0.0002050 secs]
885.407: [GC (Allocation Failure) 33456K->435K(75072K), 0.0002750 secs]
885.425: [GC (Allocation Failure) 32382K->435K(74048K), 0.0002130 secs]
885.443: [GC (Allocation Failure) 31405K->435K(73088K), 0.0002180 secs]
885.460: [GC (Allocation Failure) 30428K->435K(72128K), 0.0002210 secs]
885.477: [GC (Allocation Failure) 29451K->435K(77952K), 0.0002370 secs]
885.532: [GC (Allocation Failure) 35312K->435K(76800K), 0.0002160 secs]
885.546: [GC (Allocation Failure) 34140K->435K(75712K), 0.0002150 secs]
885.565: [GC (Allocation Failure) 33065K->435K(74624K), 0.0002230 secs]
885.580: [GC (Allocation Failure) 31893K->435K(80960K), 0.0002150 secs]
885.597: [GC (Allocation Failure) 38242K->435K(88576K), 0.0002740 secs]
885.687: [GC (Allocation Failure) 45860K->435K(86912K), 0.0002200 secs]
885.736: [GC (Allocation Failure) 44200K->435K(85312K), 0.0002150 secs]
885.758: [GC (Allocation Failure) 42637K->435K(83840K), 0.0002010 secs]
885.780: [GC (Allocation Failure) 41172K->435K(82432K), 0.0002130 secs]
885.797: [GC (Allocation Failure) 39707K->435K(81088K), 0.0002740 secs]
885.837: [GC (Allocation Failure) 38437K->435K(79808K), 0.0002250 secs]
885.853: [GC (Allocation Failure) 37168K->435K(78592K), 0.0002130 secs]
885.882: [GC (Allocation Failure) 35898K->435K(77376K), 0.0002140 secs]
885.940: [GC (Allocation Failure) 34726K->435K(76224K), 0.0002400 secs]
885.959: [GC (Allocation Failure) 33554K->435K(75136K), 0.0002160 secs]
885.973: [GC (Allocation Failure) 32479K->435K(74112K), 0.0002130 secs]
885.987: [GC (Allocation Failure) 31405K->435K(80320K), 0.0002150 secs]
886.037: [GC (Allocation Failure) 37656K->435K(79040K), 0.0002220 secs]
886.053: [GC (Allocation Failure) 36386K->435K(77824K), 0.0002130 secs]
886.084: [GC (Allocation Failure) 35116K->435K(76672K), 0.0002130 secs]
886.098: [GC (Allocation Failure) 33944K->435K(75584K), 0.0002070 secs]
886.117: [GC (Allocation Failure) 32870K->435K(74560K), 0.0002220 secs]
886.134: [GC (Allocation Failure) 31893K->435K(80896K), 0.0002330 secs]
886.151: [GC (Allocation Failure) 38242K->435K(88512K), 0.0002050 secs]
886.170: [GC (Allocation Failure) 45860K->435K(86848K), 0.0002150 secs]
886.318: [GC (Allocation Failure) 44200K->435K(85312K), 0.0002020 secs]
886.336: [GC (Allocation Failure) 42637K->435K(83840K), 0.0002770 secs]
886.390: [GC (Allocation Failure) 41172K->435K(82432K), 0.0002160 secs]
886.407: [GC (Allocation Failure) 39707K->435K(81088K), 0.0002150 secs]
886.434: [GC (Allocation Failure) 38437K->435K(79808K), 0.0002150 secs]
886.454: [GC (Allocation Failure) 37168K->435K(78592K), 0.0002030 secs]
886.474: [GC (Allocation Failure) 35898K->435K(77376K), 0.0002130 secs]
886.494: [GC (Allocation Failure) 34726K->435K(76224K), 0.0002150 secs]
886.591: [GC (Allocation Failure) 33554K->435K(75136K), 0.0002750 secs]
886.619: [GC (Allocation Failure) 32479K->435K(74112K), 0.0002300 secs]
886.633: [GC (Allocation Failure) 31405K->435K(73152K), 0.0002030 secs]
886.646: [GC (Allocation Failure) 30428K->435K(79168K), 0.0002900 secs]
886.684: [GC (Allocation Failure) 36484K->435K(77952K), 0.0002260 secs]
886.704: [GC (Allocation Failure) 35312K->435K(76800K), 0.0002030 secs]
886.721: [GC (Allocation Failure) 34140K->435K(75712K), 0.0002110 secs]
886.782: [GC (Allocation Failure) 33065K->435K(74624K), 0.0002180 secs]
886.907: [GC (Allocation Failure) 31893K->435K(73600K), 0.0002180 secs]
886.986: [GC (Allocation Failure) 30917K->435K(72640K), 0.0002130 secs]
886.999: [GC (Allocation Failure) 29940K->435K(71744K), 0.0003230 secs]
887.031: [GC (Allocation Failure) 29061K->435K(70848K), 0.0002040 secs]
887.185: [GC (Allocation Failure) 28182K->435K(70016K), 0.0002330 secs]
887.201: [GC (Allocation Failure) 27303K->435K(69184K), 0.0002070 secs]
887.216: [GC (Allocation Failure) 26521K->435K(68416K), 0.0002410 secs]
887.281: [GC (Allocation Failure) 25740K->435K(67648K), 0.0002130 secs]
887.299: [GC (Allocation Failure) 24955K->435K(66944K), 0.0002480 secs]
887.310: [GC (Allocation Failure) 24271K->435K(71744K), 0.0002060 secs]
887.322: [GC (Allocation Failure) 29061K->435K(77504K), 0.0002070 secs]
887.397: [GC (Allocation Failure) 34823K->435K(76352K), 0.0002520 secs]
887.411: [GC (Allocation Failure) 33651K->435K(83008K), 0.0002160 secs]
887.433: [GC (Allocation Failure) 40293K->435K(91008K), 0.0002450 secs]
887.494: [GC (Allocation Failure) 48302K->435K(89216K), 0.0002070 secs]
887.514: [GC (Allocation Failure) 46544K->435K(87552K), 0.0002150 secs]
887.533: [GC (Allocation Failure) 44884K->435K(85952K), 0.0002020 secs]
887.556: [GC (Allocation Failure) 43223K->435K(84416K), 0.0002110 secs]
887.591: [GC (Allocation Failure) 41758K->435K(82944K), 0.0002030 secs]
887.608: [GC (Allocation Failure) 40293K->435K(81536K), 0.0002830 secs]
887.636: [GC (Allocation Failure) 38828K->435K(80192K), 0.0002150 secs]
887.698: [GC (Allocation Failure) 37461K->435K(78912K), 0.0002270 secs]
887.714: [GC (Allocation Failure) 36191K->435K(77696K), 0.0002070 secs]
887.735: [GC (Allocation Failure) 35019K->435K(76544K), 0.0002200 secs]
887.788: [GC (Allocation Failure) 33847K->435K(75456K), 0.0004410 secs]
887.807: [GC (Allocation Failure) 32772K->435K(74432K), 0.0002350 secs]
887.821: [GC (Allocation Failure) 31698K->435K(73408K), 0.0002040 secs]
887.887: [GC (Allocation Failure) 30721K->435K(72448K), 0.0002150 secs]
887.900: [GC (Allocation Failure) 29745K->435K(71552K), 0.0002210 secs]
887.936: [GC (Allocation Failure) 28865K->435K(70656K), 0.0002140 secs]
887.949: [GC (Allocation Failure) 27986K->435K(76224K), 0.0002540 secs]
887.963: [GC (Allocation Failure) 33554K->435K(82880K), 0.0002030 secs]
887.980: [GC (Allocation Failure) 40195K->435K(90880K), 0.0002150 secs]
888.001: [GC (Allocation Failure) 48204K->435K(100480K), 0.0002140 secs]
888.062: [GC (Allocation Failure) 57780K->435K(98240K), 0.0002130 secs]
888.086: [GC (Allocation Failure) 55534K->435K(96128K), 0.0002710 secs]
888.147: [GC (Allocation Failure) 53483K->435K(94144K), 0.0002170 secs]
888.170: [GC (Allocation Failure) 51432K->435K(92224K), 0.0002030 secs]
888.241: [GC (Allocation Failure) 49572K->435K(90432K), 0.0002240 secs]
888.264: [GC (Allocation Failure) 47716K->435K(88704K), 0.0002070 secs]
888.295: [GC (Allocation Failure) 46056K->435K(87040K), 0.0002270 secs]
888.315: [GC (Allocation Failure) 44395K->435K(85440K), 0.0002290 secs]
888.334: [GC (Allocation Failure) 42735K->435K(83968K), 0.0002020 secs]
888.392: [GC (Allocation Failure) 41270K->435K(82560K), 0.0002110 secs]
888.410: [GC (Allocation Failure) 39902K->435K(81216K), 0.0002040 secs]
888.488: [GC (Allocation Failure) 38535K->435K(79936K), 0.0002070 secs]
888.596: [GC (Allocation Failure) 37265K->435K(78656K), 0.0002090 secs]
888.615: [GC (Allocation Failure) 35996K->435K(77440K), 0.0002550 secs]
888.630: [GC (Allocation Failure) 34726K->435K(76288K), 0.0002130 secs]
888.644: [GC (Allocation Failure) 33554K->435K(75200K), 0.0002270 secs]
888.687: [GC (Allocation Failure) 32479K->435K(74176K), 0.0002160 secs]
888.700: [GC (Allocation Failure) 31503K->435K(73152K), 0.0002180 secs]
888.721: [GC (Allocation Failure) 30428K->435K(72192K), 0.0002110 secs]
888.734: [GC (Allocation Failure) 29549K->435K(78016K), 0.0002740 secs]
888.790: [GC (Allocation Failure) 35312K->435K(76864K), 0.0002130 secs]
888.809: [GC (Allocation Failure) 34140K->435K(75776K), 0.0002150 secs]
888.894: [GC (Allocation Failure) 33065K->435K(74688K), 0.0002160 secs]
888.907: [GC (Allocation Failure) 31991K->435K(73664K), 0.0002050 secs]
888.938: [GC (Allocation Failure) 31014K->435K(72704K), 0.0002270 secs]
888.956: [GC (Allocation Failure) 30038K->435K(71808K), 0.0002800 secs]
888.984: [GC (Allocation Failure) 29158K->435K(70912K), 0.0002160 secs]
889.000: [GC (Allocation Failure) 28182K->435K(70080K), 0.0002130 secs]
889.012: [GC (Allocation Failure) 27400K->435K(75520K), 0.0002200 secs]
889.040: [GC (Allocation Failure) 32870K->435K(82048K), 0.0002410 secs]
889.058: [GC (Allocation Failure) 39316K->435K(89856K), 0.0002190 secs]
889.082: [GC (Allocation Failure) 47130K->435K(88128K), 0.0002110 secs]
889.145: [GC (Allocation Failure) 45470K->435K(86528K), 0.0003240 secs]
889.244: [GC (Allocation Failure) 43809K->435K(84992K), 0.0002260 secs]
889.267: [GC (Allocation Failure) 42344K->435K(83520K), 0.0002050 secs]
889.342: [GC (Allocation Failure) 40879K->435K(82112K), 0.0002060 secs]
889.363: [GC (Allocation Failure) 39414K->435K(80768K), 0.0002130 secs]
889.388: [GC (Allocation Failure) 38047K->435K(79488K), 0.0002160 secs]
889.408: [GC (Allocation Failure) 36777K->435K(78272K), 0.0002230 secs]
889.524: [GC (Allocation Failure) 35605K->435K(77120K), 0.0002250 secs]
889.543: [GC (Allocation Failure) 34433K->435K(75968K), 0.0002220 secs]
889.587: [GC (Allocation Failure) 33261K->435K(74880K), 0.0002120 secs]
889.605: [GC (Allocation Failure) 32186K->435K(73856K), 0.0002030 secs]
889.622: [GC (Allocation Failure) 31210K->435K(72896K), 0.0002110 secs]
889.639: [GC (Allocation Failure) 30233K->435K(71936K), 0.0002160 secs]
889.656: [GC (Allocation Failure) 29256K->435K(71040K), 0.0002140 secs]
889.668: [GC (Allocation Failure) 28377K->435K(76672K), 0.0002060 secs]
889.684: [GC (Allocation Failure) 33944K->435K(83392K), 0.0001990 secs]
889.705: [GC (Allocation Failure) 40684K->435K(91456K), 0.0002780 secs]
889.730: [GC (Allocation Failure) 48791K->435K(89664K), 0.0002180 secs]
889.751: [GC (Allocation Failure) 46935K->435K(87936K), 0.0002160 secs]
889.770: [GC (Allocation Failure) 45274K->435K(86336K), 0.0002050 secs]
889.793: [GC (Allocation Failure) 43614K->435K(84800K), 0.0002020 secs]
889.816: [GC (Allocation Failure) 42149K->435K(83328K), 0.0002200 secs]
889.834: [GC (Allocation Failure) 40684K->435K(81920K), 0.0002130 secs]
889.850: [GC (Allocation Failure) 39219K->435K(80576K), 0.0002150 secs]
889.889: [GC (Allocation Failure) 37851K->435K(79296K), 0.0002030 secs]
889.908: [GC (Allocation Failure) 36582K->435K(78080K), 0.0002100 secs]
889.923: [GC (Allocation Failure) 35409K->435K(76928K), 0.0002020 secs]
890.088: [GC (Allocation Failure) 34237K->435K(75840K), 0.0002050 secs]
890.135: [GC (Allocation Failure) 33163K->435K(74752K), 0.0002170 secs]
890.148: [GC (Allocation Failure) 32089K->435K(73728K), 0.0002170 secs]
890.190: [GC (Allocation Failure) 31014K->435K(72768K), 0.0002200 secs]
890.207: [GC (Allocation Failure) 30038K->435K(71808K), 0.0002330 secs]
890.220: [GC (Allocation Failure) 29158K->435K(70912K), 0.0002050 secs]
890.236: [GC (Allocation Failure) 28182K->435K(76480K), 0.0002110 secs]
890.339: [GC (Allocation Failure) 33749K->435K(75392K), 0.0002170 secs]
890.391: [GC (Allocation Failure) 32675K->435K(74368K), 0.0002170 secs]
890.405: [GC (Allocation Failure) 31698K->435K(80640K), 0.0003210 secs]
890.440: [GC (Allocation Failure) 37949K->435K(79360K), 0.0002200 secs]
890.493: [GC (Allocation Failure) 36679K->435K(78144K), 0.0002220 secs]
890.508: [GC (Allocation Failure) 35409K->435K(76992K), 0.0002780 secs]
890.538: [GC (Allocation Failure) 34335K->435K(75904K), 0.0002130 secs]
890.556: [GC (Allocation Failure) 33261K->435K(74816K), 0.0002060 secs]
890.570: [GC (Allocation Failure) 32089K->435K(81216K), 0.0002260 secs]
890.591: [GC (Allocation Failure) 38535K->435K(79936K), 0.0002130 secs]
890.607: [GC (Allocation Failure) 37265K->435K(87360K), 0.0002010 secs]
890.626: [GC (Allocation Failure) 44688K->435K(85760K), 0.0002050 secs]
890.683: [GC (Allocation Failure) 43028K->435K(84224K), 0.0002130 secs]
890.705: [GC (Allocation Failure) 41563K->435K(82752K), 0.0002200 secs]
890.738: [GC (Allocation Failure) 40098K->435K(81344K), 0.0002260 secs]
890.755: [GC (Allocation Failure) 38633K->435K(80000K), 0.0002050 secs]
890.790: [GC (Allocation Failure) 37363K->435K(78720K), 0.0002060 secs]
890.843: [GC (Allocation Failure) 35996K->435K(77504K), 0.0002220 secs]
890.858: [GC (Allocation Failure) 34823K->435K(76352K), 0.0002050 secs]
890.874: [GC (Allocation Failure) 33651K->435K(75264K), 0.0002070 secs]
890.897: [GC (Allocation Failure) 32577K->435K(74240K), 0.0002210 secs]
890.987: [GC (Allocation Failure) 31600K->435K(73216K), 0.0002180 secs]
891.004: [GC (Allocation Failure) 30526K->435K(72256K), 0.0002170 secs]
891.091: [GC (Allocation Failure) 29549K->435K(71360K), 0.0002190 secs]
891.107: [GC (Allocation Failure) 28670K->435K(70464K), 0.0002230 secs]
891.133: [GC (Allocation Failure) 27791K->435K(69632K), 0.0002150 secs]
891.287: [GC (Allocation Failure) 26912K->435K(68864K), 0.0002190 secs]
891.298: [GC (Allocation Failure) 26131K->435K(68096K), 0.0002070 secs]
891.313: [GC (Allocation Failure) 25447K->435K(67392K), 0.0002120 secs]
891.324: [GC (Allocation Failure) 24662K->435K(72256K), 0.0002170 secs]
891.388: [GC (Allocation Failure) 29549K->435K(71360K), 0.0003240 secs]
891.409: [GC (Allocation Failure) 28670K->435K(70464K), 0.0002170 secs]
891.421: [GC (Allocation Failure) 27791K->435K(75968K), 0.0003220 secs]
891.439: [GC (Allocation Failure) 33261K->435K(82560K), 0.0002170 secs]
891.460: [GC (Allocation Failure) 39902K->435K(90496K), 0.0002030 secs]
891.485: [GC (Allocation Failure) 47814K->435K(100032K), 0.0002130 secs]
891.514: [GC (Allocation Failure) 57390K->435K(97856K), 0.0002100 secs]
891.549: [GC (Allocation Failure) 55143K->435K(95744K), 0.0002210 secs]
891.575: [GC (Allocation Failure) 53092K->435K(93760K), 0.0002040 secs]
891.597: [GC (Allocation Failure) 51041K->435K(91840K), 0.0002150 secs]
891.618: [GC (Allocation Failure) 49181K->435K(90048K), 0.0002000 secs]
891.642: [GC (Allocation Failure) 47325K->435K(88320K), 0.0002030 secs]
891.666: [GC (Allocation Failure) 45665K->435K(86656K), 0.0002120 secs]
891.685: [GC (Allocation Failure) 44005K->435K(85120K), 0.0002160 secs]
891.707: [GC (Allocation Failure) 42442K->435K(83648K), 0.0002010 secs]
891.747: [GC (Allocation Failure) 40977K->435K(82240K), 0.0002170 secs]
891.765: [GC (Allocation Failure) 39512K->435K(80896K), 0.0002180 secs]
891.842: [GC (Allocation Failure) 38242K->435K(79616K), 0.0002190 secs]
891.891: [GC (Allocation Failure) 36972K->435K(78400K), 0.0002710 secs]
891.912: [GC (Allocation Failure) 35702K->435K(77248K), 0.0002120 secs]
891.930: [GC (Allocation Failure) 34530K->435K(76096K), 0.0002000 secs]
891.990: [GC (Allocation Failure) 33456K->435K(75008K), 0.0002170 secs]
892.098: [GC (Allocation Failure) 32284K->435K(73984K), 0.0002260 secs]
892.113: [GC (Allocation Failure) 31307K->435K(73024K), 0.0002160 secs]
892.126: [GC (Allocation Failure) 30331K->435K(72064K), 0.0002030 secs]
892.142: [GC (Allocation Failure) 29354K->435K(71168K), 0.0002040 secs]
892.159: [GC (Allocation Failure) 28475K->435K(70336K), 0.0002380 secs]
892.175: [GC (Allocation Failure) 27693K->435K(75840K), 0.0002150 secs]
892.244: [GC (Allocation Failure) 33163K->435K(74752K), 0.0002040 secs]
892.258: [GC (Allocation Failure) 32089K->435K(81088K), 0.0002730 secs]
892.292: [GC (Allocation Failure) 38437K->435K(79808K), 0.0002460 secs]
892.312: [GC (Allocation Failure) 37168K->435K(78592K), 0.0002120 secs]
892.336: [GC (Allocation Failure) 35898K->435K(77376K), 0.0002750 secs]
892.411: [GC (Allocation Failure) 34726K->435K(76224K), 0.0002130 secs]
892.430: [GC (Allocation Failure) 33554K->435K(75136K), 0.0002010 secs]
892.495: [GC (Allocation Failure) 32479K->435K(74112K), 0.0002080 secs]
892.513: [GC (Allocation Failure) 31405K->435K(73152K), 0.0002130 secs]
892.530: [GC (Allocation Failure) 30428K->435K(72192K), 0.0002270 secs]
892.544: [GC (Allocation Failure) 29549K->435K(78016K), 0.0002620 secs]
892.559: [GC (Allocation Failure) 35312K->435K(85056K), 0.0002060 secs]
892.577: [GC (Allocation Failure) 42344K->435K(93504K), 0.0002010 secs]
892.604: [GC (Allocation Failure) 50846K->435K(91648K), 0.0002010 secs]
892.627: [GC (Allocation Failure) 48986K->435K(89856K), 0.0002140 secs]
892.667: [GC (Allocation Failure) 47130K->435K(88128K), 0.0002740 secs]
892.744: [GC (Allocation Failure) 45470K->435K(86528K), 0.0002150 secs]
892.766: [GC (Allocation Failure) 43809K->435K(84992K), 0.0002030 secs]
892.789: [GC (Allocation Failure) 42344K->435K(83520K), 0.0003350 secs]
892.807: [GC (Allocation Failure) 40879K->435K(82112K), 0.0002170 secs]
892.824: [GC (Allocation Failure) 39414K->435K(80768K), 0.0002050 secs]
892.847: [GC (Allocation Failure) 38047K->435K(79488K), 0.0002220 secs]
892.863: [GC (Allocation Failure) 36777K->435K(78272K), 0.0002030 secs]
892.882: [GC (Allocation Failure) 35605K->435K(77120K), 0.0002000 secs]
892.897: [GC (Allocation Failure) 34433K->435K(83968K), 0.0002150 secs]
892.942: [GC (Allocation Failure) 41270K->435K(82560K), 0.0002100 secs]
892.960: [GC (Allocation Failure) 39902K->435K(90496K), 0.0002740 secs]
893.048: [GC (Allocation Failure) 47814K->435K(88768K), 0.0002260 secs]
893.067: [GC (Allocation Failure) 46056K->435K(87104K), 0.0002150 secs]
893.090: [GC (Allocation Failure) 44395K->435K(85504K), 0.0002130 secs]
893.139: [GC (Allocation Failure) 42833K->435K(83968K), 0.0002240 secs]
893.161: [GC (Allocation Failure) 41270K->435K(82560K), 0.0001990 secs]
893.179: [GC (Allocation Failure) 39902K->435K(81216K), 0.0002150 secs]
893.299: [GC (Allocation Failure) 38535K->435K(79936K), 0.0002190 secs]
893.319: [GC (Allocation Failure) 37265K->435K(78656K), 0.0002040 secs]
893.336: [GC (Allocation Failure) 35996K->435K(77440K), 0.0002320 secs]
893.351: [GC (Allocation Failure) 34726K->435K(76288K), 0.0002030 secs]
893.366: [GC (Allocation Failure) 33554K->435K(75200K), 0.0002040 secs]
893.396: [GC (Allocation Failure) 32479K->435K(74176K), 0.0002180 secs]
893.410: [GC (Allocation Failure) 31503K->435K(73152K), 0.0002140 secs]
893.423: [GC (Allocation Failure) 30428K->435K(79168K), 0.0002060 secs]
893.438: [GC (Allocation Failure) 36484K->435K(86400K), 0.0002030 secs]
893.547: [GC (Allocation Failure) 43712K->435K(84864K), 0.0002200 secs]
893.587: [GC (Allocation Failure) 42149K->435K(83392K), 0.0002140 secs]
893.608: [GC (Allocation Failure) 40684K->435K(81984K), 0.0002150 secs]
893.626: [GC (Allocation Failure) 39316K->435K(80640K), 0.0002130 secs]
893.646: [GC (Allocation Failure) 37949K->435K(79360K), 0.0002160 secs]
893.666: [GC (Allocation Failure) 36679K->435K(78144K), 0.0002200 secs]
893.697: [GC (Allocation Failure) 35409K->435K(76992K), 0.0002220 secs]
893.715: [GC (Allocation Failure) 34335K->435K(75904K), 0.0002150 secs]
893.730: [GC (Allocation Failure) 33261K->435K(74816K), 0.0002220 secs]
893.748: [GC (Allocation Failure) 32089K->435K(73792K), 0.0002130 secs]
893.804: [GC (Allocation Failure) 31112K->435K(72832K), 0.0002060 secs]
893.817: [GC (Allocation Failure) 30135K->435K(71872K), 0.0002150 secs]
893.833: [GC (Allocation Failure) 29158K->435K(70976K), 0.0002100 secs]
893.850: [GC (Allocation Failure) 28279K->435K(76608K), 0.0002390 secs]
893.893: [GC (Allocation Failure) 33944K->435K(75520K), 0.0002030 secs]
893.943: [GC (Allocation Failure) 32870K->435K(74496K), 0.0002190 secs]
893.996: [GC (Allocation Failure) 31796K->435K(73472K), 0.0002130 secs]
894.014: [GC (Allocation Failure) 30819K->435K(72512K), 0.0002030 secs]
894.029: [GC (Allocation Failure) 29842K->435K(71616K), 0.0002290 secs]
894.042: [GC (Allocation Failure) 28963K->435K(77376K), 0.0002280 secs]
894.057: [GC (Allocation Failure) 34726K->435K(84288K), 0.0002750 secs]
894.139: [GC (Allocation Failure) 41563K->435K(82816K), 0.0002150 secs]
894.160: [GC (Allocation Failure) 40098K->435K(81408K), 0.0002030 secs]
894.249: [GC (Allocation Failure) 38730K->435K(80064K), 0.0002170 secs]
894.265: [GC (Allocation Failure) 37363K->435K(78784K), 0.0002030 secs]
894.281: [GC (Allocation Failure) 36093K->435K(77568K), 0.0002040 secs]
894.296: [GC (Allocation Failure) 34921K->435K(76416K), 0.0002110 secs]
894.336: [GC (Allocation Failure) 33749K->435K(75328K), 0.0002300 secs]
894.354: [GC (Allocation Failure) 32675K->435K(74304K), 0.0002020 secs]
894.410: [GC (Allocation Failure) 31600K->435K(73280K), 0.0002030 secs]
894.428: [GC (Allocation Failure) 30624K->435K(72320K), 0.0002310 secs]
894.445: [GC (Allocation Failure) 29647K->435K(71424K), 0.0002310 secs]
894.458: [GC (Allocation Failure) 28768K->435K(77120K), 0.0002630 secs]
894.503: [GC (Allocation Failure) 34433K->435K(75968K), 0.0002090 secs]
894.521: [GC (Allocation Failure) 33261K->435K(74880K), 0.0002140 secs]
894.543: [GC (Allocation Failure) 32186K->435K(73856K), 0.0002780 secs]
894.593: [GC (Allocation Failure) 31210K->435K(72896K), 0.0002260 secs]
894.606: [GC (Allocation Failure) 30233K->435K(71936K), 0.0002030 secs]
894.627: [GC (Allocation Failure) 29256K->435K(71040K), 0.0002160 secs]
894.644: [GC (Allocation Failure) 28377K->435K(70208K), 0.0002060 secs]
894.660: [GC (Allocation Failure) 27498K->435K(69376K), 0.0002030 secs]
894.676: [GC (Allocation Failure) 26717K->435K(74688K), 0.0002160 secs]
894.694: [GC (Allocation Failure) 31991K->435K(81024K), 0.0002120 secs]
894.710: [GC (Allocation Failure) 38340K->435K(88640K), 0.0002040 secs]
894.734: [GC (Allocation Failure) 45958K->435K(86976K), 0.0002150 secs]
894.799: [GC (Allocation Failure) 44298K->435K(85376K), 0.0002160 secs]
894.848: [GC (Allocation Failure) 42735K->435K(83904K), 0.0002160 secs]
894.899: [GC (Allocation Failure) 41172K->435K(82496K), 0.0002160 secs]
894.916: [GC (Allocation Failure) 39805K->435K(81152K), 0.0002050 secs]
894.932: [GC (Allocation Failure) 38437K->435K(79872K), 0.0002040 secs]
895.008: [GC (Allocation Failure) 37168K->435K(78656K), 0.0002220 secs]
895.023: [GC (Allocation Failure) 35996K->435K(77440K), 0.0002750 secs]
895.042: [GC (Allocation Failure) 34726K->435K(76288K), 0.0002740 secs]
895.060: [GC (Allocation Failure) 33554K->435K(82944K), 0.0002210 secs]
895.078: [GC (Allocation Failure) 40293K->435K(90944K), 0.0002090 secs]
895.103: [GC (Allocation Failure) 48302K->435K(89216K), 0.0002010 secs]
895.123: [GC (Allocation Failure) 46544K->435K(87552K), 0.0002050 secs]
895.149: [GC (Allocation Failure) 44884K->435K(85952K), 0.0002160 secs]
895.172: [GC (Allocation Failure) 43223K->435K(84416K), 0.0002010 secs]
895.194: [GC (Allocation Failure) 41758K->435K(82944K), 0.0002220 secs]
895.342: [GC (Allocation Failure) 40293K->435K(81536K), 0.0002210 secs]
895.362: [GC (Allocation Failure) 38828K->435K(80192K), 0.0002030 secs]
895.381: [GC (Allocation Failure) 37461K->435K(78912K), 0.0002110 secs]
895.450: [GC (Allocation Failure) 36191K->435K(77696K), 0.0002200 secs]
895.465: [GC (Allocation Failure) 35019K->435K(76544K), 0.0002040 secs]
895.536: [GC (Allocation Failure) 33847K->435K(75456K), 0.0002170 secs]
895.599: [GC (Allocation Failure) 32772K->435K(74432K), 0.0002130 secs]
895.613: [GC (Allocation Failure) 31698K->435K(73408K), 0.0002170 secs]
895.645: [GC (Allocation Failure) 30721K->435K(72448K), 0.0002270 secs]
895.688: [GC (Allocation Failure) 29745K->435K(71552K), 0.0003350 secs]
895.705: [GC (Allocation Failure) 28865K->435K(70656K), 0.0002100 secs]
895.717: [GC (Allocation Failure) 27986K->435K(69824K), 0.0002120 secs]
895.736: [GC (Allocation Failure) 27107K->435K(68992K), 0.0002410 secs]
895.752: [GC (Allocation Failure) 26326K->435K(74176K), 0.0002120 secs]
895.806: [GC (Allocation Failure) 31503K->435K(73152K), 0.0002040 secs]
895.823: [GC (Allocation Failure) 30428K->435K(72192K), 0.0002210 secs]
895.836: [GC (Allocation Failure) 29549K->435K(78016K), 0.0002150 secs]
895.851: [GC (Allocation Failure) 35312K->435K(85056K), 0.0002060 secs]
895.870: [GC (Allocation Failure) 42344K->435K(93504K), 0.0002030 secs]
895.907: [GC (Allocation Failure) 50846K->435K(91648K), 0.0002230 secs]
895.932: [GC (Allocation Failure) 48986K->435K(89856K), 0.0002100 secs]
895.952: [GC (Allocation Failure) 47130K->435K(88128K), 0.0002030 secs]
895.971: [GC (Allocation Failure) 45470K->435K(86528K), 0.0002040 secs]
895.994: [GC (Allocation Failure) 43809K->435K(84992K), 0.0002120 secs]
896.054: [GC (Allocation Failure) 42344K->435K(83520K), 0.0002000 secs]
896.071: [GC (Allocation Failure) 40879K->435K(82112K), 0.0003240 secs]
896.110: [GC (Allocation Failure) 39414K->435K(80768K), 0.0002270 secs]
896.130: [GC (Allocation Failure) 38047K->435K(79488K), 0.0002170 secs]
896.147: [GC (Allocation Failure) 36777K->435K(86784K), 0.0002790 secs]
896.201: [GC (Allocation Failure) 44102K->435K(85248K), 0.0002060 secs]
896.250: [GC (Allocation Failure) 42540K->435K(83776K), 0.0002150 secs]
896.272: [GC (Allocation Failure) 41074K->435K(82368K), 0.0002020 secs]
896.303: [GC (Allocation Failure) 39707K->435K(81024K), 0.0002100 secs]
896.319: [GC (Allocation Failure) 38340K->435K(79744K), 0.0002060 secs]
896.335: [GC (Allocation Failure) 37070K->435K(78528K), 0.0002050 secs]
896.355: [GC (Allocation Failure) 35800K->435K(77312K), 0.0002020 secs]
896.370: [GC (Allocation Failure) 34628K->435K(76160K), 0.0002190 secs]
896.496: [GC (Allocation Failure) 33456K->435K(75072K), 0.0002160 secs]
896.510: [GC (Allocation Failure) 32382K->435K(74048K), 0.0002130 secs]
896.523: [GC (Allocation Failure) 31405K->435K(73088K), 0.0002050 secs]
896.536: [GC (Allocation Failure) 30428K->435K(79104K), 0.0002130 secs]
896.597: [GC (Allocation Failure) 36386K->435K(77888K), 0.0002130 secs]
896.612: [GC (Allocation Failure) 35214K->435K(84864K), 0.0002790 secs]
896.634: [GC (Allocation Failure) 42149K->435K(93248K), 0.0002030 secs]
896.679: [GC (Allocation Failure) 50553K->435K(91392K), 0.0002130 secs]
896.700: [GC (Allocation Failure) 48693K->435K(89600K), 0.0002160 secs]
896.757: [GC (Allocation Failure) 46935K->435K(87936K), 0.0002210 secs]
896.780: [GC (Allocation Failure) 45274K->435K(86336K), 0.0002030 secs]
896.799: [GC (Allocation Failure) 43614K->435K(84800K), 0.0002130 secs]
896.817: [GC (Allocation Failure) 42149K->435K(83328K), 0.0002010 secs]
896.854: [GC (Allocation Failure) 40684K->435K(81920K), 0.0002210 secs]
896.875: [GC (Allocation Failure) 39219K->435K(80576K), 0.0002130 secs]
896.897: [GC (Allocation Failure) 37851K->435K(79296K), 0.0002340 secs]
896.913: [GC (Allocation Failure) 36582K->435K(78080K), 0.0002480 secs]
897.005: [GC (Allocation Failure) 35409K->435K(76928K), 0.0002170 secs]
897.052: [GC (Allocation Failure) 34237K->435K(75840K), 0.0002150 secs]
897.070: [GC (Allocation Failure) 33163K->435K(74752K), 0.0002120 secs]
897.084: [GC (Allocation Failure) 32089K->435K(73728K), 0.0002050 secs]
897.134: [GC (Allocation Failure) 31014K->435K(72768K), 0.0002150 secs]
897.147: [GC (Allocation Failure) 30038K->435K(71808K), 0.0002030 secs]
897.196: [GC (Allocation Failure) 29158K->435K(70912K), 0.0002050 secs]
897.306: [GC (Allocation Failure) 28182K->435K(70080K), 0.0002170 secs]
897.318: [GC (Allocation Failure) 27400K->435K(69248K), 0.0002430 secs]
897.336: [GC (Allocation Failure) 26521K->435K(68480K), 0.0002760 secs]
897.352: [GC (Allocation Failure) 25838K->435K(73600K), 0.0002040 secs]
897.365: [GC (Allocation Failure) 30917K->435K(79744K), 0.0002170 secs]
897.381: [GC (Allocation Failure) 37070K->435K(87104K), 0.0002150 secs]
897.416: [GC (Allocation Failure) 44395K->435K(85504K), 0.0002180 secs]
897.435: [GC (Allocation Failure) 42833K->435K(83968K), 0.0002120 secs]
897.456: [GC (Allocation Failure) 41270K->435K(82560K), 0.0002020 secs]
897.473: [GC (Allocation Failure) 39902K->435K(81216K), 0.0002040 secs]
897.504: [GC (Allocation Failure) 38535K->435K(79936K), 0.0002230 secs]
897.524: [GC (Allocation Failure) 37265K->435K(78656K), 0.0002150 secs]
897.592: [GC (Allocation Failure) 35996K->435K(77440K), 0.0002050 secs]
897.611: [GC (Allocation Failure) 34726K->435K(76288K), 0.0002070 secs]
897.629: [GC (Allocation Failure) 33554K->435K(75200K), 0.0002180 secs]
897.644: [GC (Allocation Failure) 32479K->435K(74176K), 0.0002180 secs]
897.661: [GC (Allocation Failure) 31503K->435K(73152K), 0.0002110 secs]
897.679: [GC (Allocation Failure) 30428K->435K(72192K), 0.0002130 secs]
897.692: [GC (Allocation Failure) 29549K->435K(78016K), 0.0002800 secs]
897.708: [GC (Allocation Failure) 35312K->435K(85056K), 0.0002030 secs]
897.726: [GC (Allocation Failure) 42344K->435K(93504K), 0.0002030 secs]
897.760: [GC (Allocation Failure) 50846K->435K(91648K), 0.0002110 secs]
897.784: [GC (Allocation Failure) 48986K->435K(89856K), 0.0002020 secs]
897.805: [GC (Allocation Failure) 47130K->435K(88128K), 0.0002830 secs]
897.835: [GC (Allocation Failure) 45470K->435K(86528K), 0.0002180 secs]
897.854: [GC (Allocation Failure) 43809K->435K(84992K), 0.0002120 secs]
897.872: [GC (Allocation Failure) 42344K->435K(83520K), 0.0002040 secs]
897.943: [GC (Allocation Failure) 40879K->435K(82112K), 0.0002260 secs]
897.965: [GC (Allocation Failure) 39414K->435K(80768K), 0.0002330 secs]
897.985: [GC (Allocation Failure) 38047K->435K(79488K), 0.0002000 secs]
898.052: [GC (Allocation Failure) 36777K->435K(78272K), 0.0002020 secs]
898.068: [GC (Allocation Failure) 35605K->435K(77120K), 0.0002720 secs]
898.105: [GC (Allocation Failure) 34433K->435K(75968K), 0.0002180 secs]
898.119: [GC (Allocation Failure) 33261K->435K(74880K), 0.0002160 secs]
898.133: [GC (Allocation Failure) 32186K->435K(81280K), 0.0002060 secs]
898.202: [GC (Allocation Failure) 38633K->435K(80000K), 0.0002260 secs]
898.222: [GC (Allocation Failure) 37363K->435K(78720K), 0.0002030 secs]
898.237: [GC (Allocation Failure) 35996K->435K(77504K), 0.0002140 secs]
898.256: [GC (Allocation Failure) 34823K->435K(76352K), 0.0002130 secs]
898.303: [GC (Allocation Failure) 33651K->435K(75264K), 0.0002020 secs]
898.322: [GC (Allocation Failure) 32577K->435K(74240K), 0.0002010 secs]
898.349: [GC (Allocation Failure) 31600K->435K(73216K), 0.0002850 secs]
898.406: [GC (Allocation Failure) 30526K->435K(72256K), 0.0002260 secs]
898.423: [GC (Allocation Failure) 29549K->435K(71360K), 0.0002030 secs]
898.502: [GC (Allocation Failure) 28670K->435K(70464K), 0.0002050 secs]
898.515: [GC (Allocation Failure) 27791K->435K(69632K), 0.0002330 secs]
898.526: [GC (Allocation Failure) 26912K->435K(74944K), 0.0002050 secs]
898.594: [GC (Allocation Failure) 32284K->435K(73920K), 0.0003250 secs]
898.629: [GC (Allocation Failure) 31210K->435K(72960K), 0.0002320 secs]
898.643: [GC (Allocation Failure) 30233K->435K(72000K), 0.0002030 secs]
898.659: [GC (Allocation Failure) 29354K->435K(77824K), 0.0002760 secs]
898.804: [GC (Allocation Failure) 35116K->435K(76672K), 0.0002170 secs]
898.823: [GC (Allocation Failure) 33944K->435K(75584K), 0.0002110 secs]
898.837: [GC (Allocation Failure) 32870K->435K(74560K), 0.0002130 secs]
898.855: [GC (Allocation Failure) 31893K->435K(73536K), 0.0002030 secs]
898.872: [GC (Allocation Failure) 30819K->435K(72576K), 0.0002170 secs]
898.902: [GC (Allocation Failure) 29842K->435K(71680K), 0.0002060 secs]
898.915: [GC (Allocation Failure) 28963K->435K(77440K), 0.0002190 secs]
898.936: [GC (Allocation Failure) 34726K->435K(76288K), 0.0002240 secs]
898.951: [GC (Allocation Failure) 33554K->435K(82944K), 0.0002150 secs]
899.103: [GC (Allocation Failure) 40293K->435K(81536K), 0.0002780 secs]
899.157: [GC (Allocation Failure) 38828K->435K(80192K), 0.0002130 secs]
899.177: [GC (Allocation Failure) 37461K->435K(78912K), 0.0002050 secs]
899.193: [GC (Allocation Failure) 36191K->435K(77696K), 0.0002290 secs]
899.255: [GC (Allocation Failure) 35019K->435K(76544K), 0.0002130 secs]
899.270: [GC (Allocation Failure) 33847K->435K(75456K), 0.0002140 secs]
899.284: [GC (Allocation Failure) 32772K->435K(74432K), 0.0002160 secs]
899.302: [GC (Allocation Failure) 31698K->435K(73408K), 0.0002140 secs]
899.315: [GC (Allocation Failure) 30721K->435K(79488K), 0.0002090 secs]
899.402: [GC (Allocation Failure) 36777K->435K(78272K), 0.0002170 secs]
899.422: [GC (Allocation Failure) 35605K->435K(77120K), 0.0002130 secs]
899.436: [GC (Allocation Failure) 34433K->435K(75968K), 0.0002020 secs]
899.455: [GC (Allocation Failure) 33261K->435K(74880K), 0.0002070 secs]
899.473: [GC (Allocation Failure) 32186K->435K(73856K), 0.0002020 secs]
899.490: [GC (Allocation Failure) 31210K->435K(72896K), 0.0002010 secs]
899.549: [GC (Allocation Failure) 30233K->435K(71936K), 0.0002150 secs]
899.653: [GC (Allocation Failure) 29256K->435K(71040K), 0.0002110 secs]
899.666: [GC (Allocation Failure) 28377K->435K(70208K), 0.0002560 secs]
899.678: [GC (Allocation Failure) 27498K->435K(75648K), 0.0002140 secs]
899.692: [GC (Allocation Failure) 32968K->435K(82176K), 0.0002140 secs]
899.714: [GC (Allocation Failure) 39512K->435K(90048K), 0.0002180 secs]
899.735: [GC (Allocation Failure) 47325K->435K(99456K), 0.0002070 secs]
899.759: [GC (Allocation Failure) 56804K->435K(97280K), 0.0002050 secs]
899.787: [GC (Allocation Failure) 54557K->435K(95232K), 0.0002130 secs]
899.919: [GC (Allocation Failure) 52506K->435K(93248K), 0.0002110 secs]
899.945: [GC (Allocation Failure) 50553K->435K(91392K), 0.0002130 secs]
899.966: [GC (Allocation Failure) 48693K->435K(89600K), 0.0002060 secs]
899.987: [GC (Allocation Failure) 46935K->435K(87936K), 0.0002130 secs]
900.011: [GC (Allocation Failure) 45274K->435K(86336K), 0.0002160 secs]
900.029: [GC (Allocation Failure) 43614K->435K(84800K), 0.0002160 secs]
900.047: [GC (Allocation Failure) 42149K->435K(83328K), 0.0002030 secs]
900.109: [GC (Allocation Failure) 40684K->435K(81920K), 0.0002240 secs]
900.130: [GC (Allocation Failure) 39219K->435K(80576K), 0.0002130 secs]
900.154: [GC (Allocation Failure) 37851K->435K(79296K), 0.0002190 secs]
900.257: [GC (Allocation Failure) 36582K->435K(78080K), 0.0002230 secs]
900.273: [GC (Allocation Failure) 35409K->435K(76928K), 0.0002010 secs]
900.306: [GC (Allocation Failure) 34237K->435K(75840K), 0.0002190 secs]
900.325: [GC (Allocation Failure) 33163K->435K(74752K), 0.0002030 secs]
900.339: [GC (Allocation Failure) 32089K->435K(73728K), 0.0002290 secs]
900.352: [GC (Allocation Failure) 31014K->435K(79872K), 0.0002130 secs]
900.372: [GC (Allocation Failure) 37168K->435K(78656K), 0.0002010 secs]
900.388: [GC (Allocation Failure) 35996K->435K(85824K), 0.0002010 secs]
900.415: [GC (Allocation Failure) 43126K->435K(84288K), 0.0002220 secs]
900.513: [GC (Allocation Failure) 41563K->435K(82816K), 0.0002170 secs]
900.534: [GC (Allocation Failure) 40098K->435K(81408K), 0.0002020 secs]
900.600: [GC (Allocation Failure) 38730K->435K(80064K), 0.0002110 secs]
900.617: [GC (Allocation Failure) 37363K->435K(78784K), 0.0002130 secs]
900.658: [GC (Allocation Failure) 36093K->435K(77568K), 0.0002120 secs]
900.677: [GC (Allocation Failure) 34921K->435K(76416K), 0.0002140 secs]
900.696: [GC (Allocation Failure) 33749K->435K(75328K), 0.0002130 secs]
900.710: [GC (Allocation Failure) 32675K->435K(74304K), 0.0002180 secs]
900.724: [GC (Allocation Failure) 31600K->435K(80576K), 0.0002170 secs]
900.740: [GC (Allocation Failure) 37851K->435K(88128K), 0.0002130 secs]
900.858: [GC (Allocation Failure) 45470K->435K(86528K), 0.0002150 secs]
900.880: [GC (Allocation Failure) 43809K->435K(84992K), 0.0002020 secs]
900.919: [GC (Allocation Failure) 42344K->435K(83520K), 0.0002120 secs]
900.937: [GC (Allocation Failure) 40879K->435K(82112K), 0.0002080 secs]
901.005: [GC (Allocation Failure) 39414K->435K(80768K), 0.0002170 secs]
901.022: [GC (Allocation Failure) 38047K->435K(79488K), 0.0002150 secs]
901.108: [GC (Allocation Failure) 36777K->435K(78272K), 0.0002260 secs]
901.124: [GC (Allocation Failure) 35605K->435K(77120K), 0.0002180 secs]
901.143: [GC (Allocation Failure) 34433K->435K(75968K), 0.0002120 secs]
901.207: [GC (Allocation Failure) 33261K->435K(74880K), 0.0002100 secs]
901.225: [GC (Allocation Failure) 32186K->435K(73856K), 0.0002020 secs]
901.242: [GC (Allocation Failure) 31210K->435K(72896K), 0.0002140 secs]
901.260: [GC (Allocation Failure) 30233K->435K(71936K), 0.0002130 secs]
901.276: [GC (Allocation Failure) 29256K->435K(71040K), 0.0002120 secs]
901.288: [GC (Allocation Failure) 28377K->435K(76672K), 0.0002300 secs]
901.333: [GC (Allocation Failure) 33944K->435K(75584K), 0.0002270 secs]
901.351: [GC (Allocation Failure) 32870K->435K(74560K), 0.0002010 secs]
901.403: [GC (Allocation Failure) 31893K->435K(73536K), 0.0002140 secs]
901.416: [GC (Allocation Failure) 30819K->435K(72576K), 0.0002050 secs]
901.429: [GC (Allocation Failure) 29842K->435K(78528K), 0.0002040 secs]
901.448: [GC (Allocation Failure) 35800K->435K(85632K), 0.0002130 secs]
901.471: [GC (Allocation Failure) 42930K->435K(84096K), 0.0002110 secs]
901.511: [GC (Allocation Failure) 41367K->435K(82624K), 0.0002020 secs]
901.528: [GC (Allocation Failure) 39902K->435K(81280K), 0.0002740 secs]
901.556: [GC (Allocation Failure) 38633K->435K(80000K), 0.0002050 secs]
901.706: [GC (Allocation Failure) 37363K->435K(78720K), 0.0002030 secs]
901.755: [GC (Allocation Failure) 35996K->435K(77504K), 0.0002160 secs]
901.769: [GC (Allocation Failure) 34823K->435K(76352K), 0.0002050 secs]
901.788: [GC (Allocation Failure) 33651K->435K(75264K), 0.0002040 secs]
901.806: [GC (Allocation Failure) 32577K->435K(74240K), 0.0002120 secs]
901.824: [GC (Allocation Failure) 31600K->435K(73216K), 0.0002160 secs]
901.837: [GC (Allocation Failure) 30526K->435K(79296K), 0.0002160 secs]
901.856: [GC (Allocation Failure) 36582K->435K(78080K), 0.0002290 secs]
901.912: [GC (Allocation Failure) 35409K->435K(76928K), 0.0002080 secs]
901.927: [GC (Allocation Failure) 34237K->435K(83712K), 0.0003220 secs]
902.008: [GC (Allocation Failure) 41074K->435K(82304K), 0.0002300 secs]
902.025: [GC (Allocation Failure) 39609K->435K(80960K), 0.0002030 secs]
902.057: [GC (Allocation Failure) 38242K->435K(79680K), 0.0002260 secs]
902.076: [GC (Allocation Failure) 36972K->435K(78464K), 0.0002110 secs]
902.092: [GC (Allocation Failure) 35800K->435K(77312K), 0.0002020 secs]
902.109: [GC (Allocation Failure) 34628K->435K(76160K), 0.0002030 secs]
902.154: [GC (Allocation Failure) 33456K->435K(75072K), 0.0002760 secs]
902.216: [GC (Allocation Failure) 32382K->435K(74048K), 0.0002140 secs]
902.234: [GC (Allocation Failure) 31405K->435K(73088K), 0.0002070 secs]
902.251: [GC (Allocation Failure) 30428K->435K(72128K), 0.0002190 secs]
902.268: [GC (Allocation Failure) 29451K->435K(71232K), 0.0002150 secs]
902.281: [GC (Allocation Failure) 28572K->435K(76864K), 0.0003210 secs]
902.359: [GC (Allocation Failure) 34140K->435K(75776K), 0.0002410 secs]
902.374: [GC (Allocation Failure) 33065K->435K(82368K), 0.0002190 secs]
902.396: [GC (Allocation Failure) 39707K->435K(81024K), 0.0002020 secs]
902.412: [GC (Allocation Failure) 38340K->435K(88640K), 0.0002170 secs]
902.460: [GC (Allocation Failure) 45958K->435K(86976K), 0.0002750 secs]
902.564: [GC (Allocation Failure) 44298K->435K(85376K), 0.0003220 secs]
902.588: [GC (Allocation Failure) 42735K->435K(83904K), 0.0002210 secs]
902.633: [GC (Allocation Failure) 41172K->435K(82496K), 0.0002310 secs]
902.651: [GC (Allocation Failure) 39805K->435K(81152K), 0.0002360 secs]
902.707: [GC (Allocation Failure) 38437K->435K(79872K), 0.0002070 secs]
902.737: [GC (Allocation Failure) 37168K->435K(78656K), 0.0002160 secs]
902.756: [GC (Allocation Failure) 35996K->435K(77440K), 0.0002760 secs]
902.859: [GC (Allocation Failure) 34726K->435K(76288K), 0.0003400 secs]
902.877: [GC (Allocation Failure) 33554K->435K(75200K), 0.0002360 secs]
902.891: [GC (Allocation Failure) 32479K->435K(74176K), 0.0002090 secs]
902.913: [GC (Allocation Failure) 31503K->435K(73152K), 0.0002070 secs]
902.958: [GC (Allocation Failure) 30428K->435K(72192K), 0.0002210 secs]
902.971: [GC (Allocation Failure) 29549K->435K(78016K), 0.0003260 secs]
903.011: [GC (Allocation Failure) 35312K->435K(85056K), 0.0003390 secs]
903.033: [GC (Allocation Failure) 42344K->435K(83584K), 0.0002110 secs]
903.050: [GC (Allocation Failure) 40879K->435K(91712K), 0.0002160 secs]
903.142: [GC (Allocation Failure) 48986K->435K(89920K), 0.0002730 secs]
903.216: [GC (Allocation Failure) 47228K->435K(88192K), 0.0002150 secs]
903.239: [GC (Allocation Failure) 45470K->435K(86592K), 0.0002130 secs]
903.315: [GC (Allocation Failure) 43907K->435K(85056K), 0.0002240 secs]
903.337: [GC (Allocation Failure) 42344K->435K(83584K), 0.0002110 secs]
903.355: [GC (Allocation Failure) 40879K->435K(82176K), 0.0002230 secs]
903.410: [GC (Allocation Failure) 39512K->435K(80832K), 0.0002200 secs]
903.458: [GC (Allocation Failure) 38144K->435K(79552K), 0.0002160 secs]
903.474: [GC (Allocation Failure) 36875K->435K(78336K), 0.0002170 secs]
903.507: [GC (Allocation Failure) 35605K->435K(77184K), 0.0002040 secs]
903.561: [GC (Allocation Failure) 34530K->435K(76032K), 0.0002790 secs]
903.579: [GC (Allocation Failure) 33358K->435K(74944K), 0.0002170 secs]
903.606: [GC (Allocation Failure) 32284K->435K(73920K), 0.0002280 secs]
903.619: [GC (Allocation Failure) 31210K->435K(72960K), 0.0002060 secs]
903.632: [GC (Allocation Failure) 30233K->435K(72000K), 0.0002030 secs]
903.805: [GC (Allocation Failure) 29354K->435K(71104K), 0.0002240 secs]
903.854: [GC (Allocation Failure) 28377K->435K(70272K), 0.0002070 secs]
903.904: [GC (Allocation Failure) 27596K->435K(69440K), 0.0002020 secs]
904.054: [GC (Allocation Failure) 26717K->435K(68672K), 0.0002040 secs]
904.109: [GC (Allocation Failure) 26033K->435K(67904K), 0.0002190 secs]
904.120: [GC (Allocation Failure) 25250K->435K(67200K), 0.0002230 secs]
904.157: [GC (Allocation Failure) 24466K->435K(66496K), 0.0002220 secs]
904.171: [GC (Allocation Failure) 23783K->435K(65856K), 0.0002320 secs]
904.186: [GC (Allocation Failure) 23196K->435K(65216K), 0.0002160 secs]
904.196: [GC (Allocation Failure) 22513K->435K(69696K), 0.0002710 secs]
904.217: [GC (Allocation Failure) 27010K->435K(75072K), 0.0002200 secs]
904.235: [GC (Allocation Failure) 32382K->435K(81472K), 0.0002050 secs]
904.256: [GC (Allocation Failure) 38828K->435K(89152K), 0.0002130 secs]
904.280: [GC (Allocation Failure) 46446K->435K(87488K), 0.0002110 secs]
904.299: [GC (Allocation Failure) 44786K->435K(85888K), 0.0002140 secs]
904.322: [GC (Allocation Failure) 43223K->435K(84352K), 0.0002100 secs]
904.414: [GC (Allocation Failure) 41660K->435K(82880K), 0.0002120 secs]
904.435: [GC (Allocation Failure) 40195K->435K(81472K), 0.0002110 secs]
904.460: [GC (Allocation Failure) 38828K->435K(80128K), 0.0002040 secs]
904.522: [GC (Allocation Failure) 37461K->435K(78848K), 0.0002270 secs]
904.537: [GC (Allocation Failure) 36191K->435K(77632K), 0.0002070 secs]
904.552: [GC (Allocation Failure) 34921K->435K(76480K), 0.0002060 secs]
904.567: [GC (Allocation Failure) 33749K->435K(75392K), 0.0002010 secs]
904.585: [GC (Allocation Failure) 32675K->435K(74368K), 0.0002020 secs]
904.599: [GC (Allocation Failure) 31698K->435K(80640K), 0.0002240 secs]
904.619: [GC (Allocation Failure) 37949K->435K(88192K), 0.0002690 secs]
904.643: [GC (Allocation Failure) 45470K->435K(86592K), 0.0002040 secs]
904.665: [GC (Allocation Failure) 43907K->435K(85056K), 0.0002100 secs]
904.687: [GC (Allocation Failure) 42344K->435K(83584K), 0.0002190 secs]
904.705: [GC (Allocation Failure) 40879K->435K(82176K), 0.0002130 secs]
904.726: [GC (Allocation Failure) 39512K->435K(80832K), 0.0002100 secs]
904.760: [GC (Allocation Failure) 38144K->435K(79552K), 0.0002160 secs]
