0.389: [GC (Allocation Failure) 16128K->758K(61824K), 0.0018400 secs]
0.412: [GC (Allocation Failure) 16848K->734K(61824K), 0.0014140 secs]
0.445: [GC (Allocation Failure) 16828K->738K(61824K), 0.0017480 secs]
0.473: [GC (Allocation Failure) 16864K->722K(77952K), 0.0022110 secs]
0.525: [GC (Allocation Failure) 32978K->750K(77952K), 0.0020030 secs]
0.563: [GC (Allocation Failure) 33004K->742K(108288K), 0.0013930 secs]
0.640: [GC (Allocation Failure) 65244K->765K(108288K), 0.0015370 secs]
0.701: [GC (Allocation Failure) 65274K->769K(172800K), 0.0004430 secs]
0.841: [GC (Allocation Failure) 129642K->757K(172928K), 0.0008110 secs]
0.958: [GC (Allocation Failure) 129639K->777K(250240K), 0.0004120 secs]
1.192: [GC (Allocation Failure) 206975K->765K(250304K), 0.0007590 secs]
1.345: [GC (Allocation Failure) 206954K->785K(374080K), 0.0005560 secs]
1.615: [GC (Allocation Failure) 330729K->773K(357440K), 0.0008340 secs]
1.807: [GC (Allocation Failure) 315039K->793K(342592K), 0.0005440 secs]
1.994: [GC (Allocation Failure) 300178K->793K(328448K), 0.0005390 secs]
2.163: [GC (Allocation Failure) 286020K->793K(315008K), 0.0006290 secs]
2.320: [GC (Allocation Failure) 272596K->793K(302208K), 0.0004190 secs]
2.465: [GC (Allocation Failure) 259801K->797K(290048K), 0.0006010 secs]
2.609: [GC (Allocation Failure) 247645K->797K(278464K), 0.0004340 secs]
2.744: [GC (Allocation Failure) 236036K->801K(267456K), 0.0006080 secs]
2.876: [GC (Allocation Failure) 225019K->785K(256960K), 0.0007120 secs]
3.007: [GC (Allocation Failure) 214609K->801K(247104K), 0.0006190 secs]
3.134: [GC (Allocation Failure) 204693K->801K(237696K), 0.0004860 secs]
3.250: [GC (Allocation Failure) 195297K->801K(228736K), 0.0010100 secs]
3.357: [GC (Allocation Failure) 186325K->785K(220160K), 0.0008050 secs]
3.464: [GC (Allocation Failure) 177764K->805K(212160K), 0.0006150 secs]
3.565: [GC (Allocation Failure) 169717K->789K(204416K), 0.0007430 secs]
3.663: [GC (Allocation Failure) 162021K->805K(197184K), 0.0006030 secs]
3.758: [GC (Allocation Failure) 154755K->805K(190272K), 0.0004330 secs]
3.844: [GC (Allocation Failure) 147877K->805K(183680K), 0.0005700 secs]
3.932: [GC (Allocation Failure) 141257K->805K(177408K), 0.0004340 secs]
4.012: [GC (Allocation Failure) 134965K->805K(171456K), 0.0004430 secs]
4.088: [GC (Allocation Failure) 129031K->805K(165760K), 0.0004310 secs]
4.156: [GC (Allocation Failure) 123339K->805K(160384K), 0.0004430 secs]
4.225: [GC (Allocation Failure) 117984K->805K(155264K), 0.0005400 secs]
4.287: [GC (Allocation Failure) 112863K->805K(150400K), 0.0004420 secs]
4.349: [GC (Allocation Failure) 107992K->805K(145792K), 0.0005320 secs]
4.410: [GC (Allocation Failure) 103355K->789K(141312K), 0.0005590 secs]
4.466: [GC (Allocation Failure) 98922K->789K(137152K), 0.0007060 secs]
4.520: [GC (Allocation Failure) 94756K->805K(133248K), 0.0004390 secs]
4.567: [GC (Allocation Failure) 90827K->805K(129472K), 0.0004280 secs]
4.618: [GC (Allocation Failure) 87040K->805K(125888K), 0.0005280 secs]
4.665: [GC (Allocation Failure) 83486K->805K(122432K), 0.0005430 secs]
4.710: [GC (Allocation Failure) 80017K->805K(119168K), 0.0004820 secs]
4.758: [GC (Allocation Failure) 76771K->805K(116096K), 0.0005420 secs]
4.799: [GC (Allocation Failure) 73674K->789K(113088K), 0.0005420 secs]
4.840: [GC (Allocation Failure) 70708K->789K(128512K), 0.0007170 secs]
4.891: [GC (Allocation Failure) 86123K->805K(124992K), 0.0004220 secs]
4.938: [GC (Allocation Failure) 82564K->805K(121600K), 0.0005420 secs]
4.987: [GC (Allocation Failure) 79162K->805K(118400K), 0.0004240 secs]
5.028: [GC (Allocation Failure) 75990K->805K(115328K), 0.0004300 secs]
5.072: [GC (Allocation Failure) 72931K->805K(112384K), 0.0004890 secs]
5.114: [GC (Allocation Failure) 69953K->809K(109632K), 0.0004350 secs]
5.152: [GC (Allocation Failure) 67213K->809K(123456K), 0.0005440 secs]
5.202: [GC (Allocation Failure) 81168K->906K(120320K), 0.0003890 secs]
5.245: [GC (Allocation Failure) 77927K->906K(117120K), 0.0004320 secs]
5.286: [GC (Allocation Failure) 74787K->906K(114112K), 0.0005480 secs]
5.325: [GC (Allocation Failure) 71806K->906K(111104K), 0.0004190 secs]
5.365: [GC (Allocation Failure) 68914K->1004K(108608K), 0.0003940 secs]
5.400: [GC (Allocation Failure) 66325K->1004K(105984K), 0.0003900 secs]
5.438: [GC (Allocation Failure) 63783K->1004K(103488K), 0.0004240 secs]
5.473: [GC (Allocation Failure) 61274K->988K(115456K), 0.0007530 secs]
5.515: [GC (Allocation Failure) 73350K->1102K(130176K), 0.0003880 secs]
5.564: [GC (Allocation Failure) 87999K->1102K(147520K), 0.0004720 secs]
5.623: [GC (Allocation Failure) 105382K->1102K(143040K), 0.0004350 secs]
5.680: [GC (Allocation Failure) 100898K->1102K(138752K), 0.0004970 secs]
5.738: [GC (Allocation Failure) 96632K->1102K(134720K), 0.0005200 secs]
5.797: [GC (Allocation Failure) 92599K->1102K(130752K), 0.0005390 secs]
5.853: [GC (Allocation Failure) 88773K->1203K(127296K), 0.0004950 secs]
5.902: [GC (Allocation Failure) 85202K->1203K(123712K), 0.0005510 secs]
5.951: [GC (Allocation Failure) 81693K->1203K(120384K), 0.0007060 secs]
5.998: [GC (Allocation Failure) 78346K->1203K(117248K), 0.0004960 secs]
6.044: [GC (Allocation Failure) 75245K->1203K(114240K), 0.0004330 secs]
6.082: [GC (Allocation Failure) 72238K->1203K(128320K), 0.0005330 secs]
6.130: [GC (Allocation Failure) 86423K->1301K(145600K), 0.0005060 secs]
6.189: [GC (Allocation Failure) 103603K->1285K(165952K), 0.0007500 secs]
6.264: [GC (Allocation Failure) 124101K->1301K(160640K), 0.0005330 secs]
6.332: [GC (Allocation Failure) 118696K->1301K(155456K), 0.0004180 secs]
6.399: [GC (Allocation Failure) 113582K->1350K(150656K), 0.0004620 secs]
6.461: [GC (Allocation Failure) 108790K->1350K(145984K), 0.0005030 secs]
6.521: [GC (Allocation Failure) 104159K->1399K(141632K), 0.0005060 secs]
6.582: [GC (Allocation Failure) 99791K->1399K(137344K), 0.0004200 secs]
6.636: [GC (Allocation Failure) 95576K->1448K(133440K), 0.0005010 secs]
6.689: [GC (Allocation Failure) 91661K->1448K(129600K), 0.0005180 secs]
6.741: [GC (Allocation Failure) 87868K->1496K(126080K), 0.0004260 secs]
6.787: [GC (Allocation Failure) 84359K->1496K(122560K), 0.0005530 secs]
6.840: [GC (Allocation Failure) 80886K->1545K(119360K), 0.0005380 secs]
6.887: [GC (Allocation Failure) 77657K->1545K(116160K), 0.0005720 secs]
6.932: [GC (Allocation Failure) 74549K->1594K(113280K), 0.0004440 secs]
6.973: [GC (Allocation Failure) 71662K->1594K(110400K), 0.0004430 secs]
7.013: [GC (Allocation Failure) 68827K->1643K(107776K), 0.0005510 secs]
7.052: [GC (Allocation Failure) 66215K->1643K(105152K), 0.0004130 secs]
7.086: [GC (Allocation Failure) 63633K->1692K(117632K), 0.0004230 secs]
7.125: [GC (Allocation Failure) 76089K->1692K(114560K), 0.0004220 secs]
7.169: [GC (Allocation Failure) 73100K->1725K(128896K), 0.0005650 secs]
7.218: [GC (Allocation Failure) 87448K->1729K(146048K), 0.0007510 secs]
7.278: [GC (Allocation Failure) 104594K->1745K(166720K), 0.0005430 secs]
7.350: [GC (Allocation Failure) 125222K->1745K(161216K), 0.0005480 secs]
7.421: [GC (Allocation Failure) 119795K->1793K(156096K), 0.0005440 secs]
7.487: [GC (Allocation Failure) 114671K->1793K(151104K), 0.0005470 secs]
7.551: [GC (Allocation Failure) 109736K->1842K(146496K), 0.0005530 secs]
7.617: [GC (Allocation Failure) 105109K->1842K(142016K), 0.0005040 secs]
7.677: [GC (Allocation Failure) 100714K->1891K(137856K), 0.0005430 secs]
7.737: [GC (Allocation Failure) 96542K->1891K(133760K), 0.0005240 secs]
7.789: [GC (Allocation Failure) 92471K->1940K(129984K), 0.0004230 secs]
7.841: [GC (Allocation Failure) 88701K->1940K(126272K), 0.0005390 secs]
7.891: [GC (Allocation Failure) 85031K->1989K(122880K), 0.0004880 secs]
7.941: [GC (Allocation Failure) 81626K->1989K(119552K), 0.0005280 secs]
7.986: [GC (Allocation Failure) 78395K->2038K(116480K), 0.0004440 secs]
8.030: [GC (Allocation Failure) 75278K->2038K(113472K), 0.0004240 secs]
8.068: [GC (Allocation Failure) 72368K->2087K(110720K), 0.0004780 secs]
8.109: [GC (Allocation Failure) 69602K->2087K(107968K), 0.0005090 secs]
8.146: [GC (Allocation Failure) 66887K->2135K(105472K), 0.0004420 secs]
8.186: [GC (Allocation Failure) 64405K->2135K(117888K), 0.0005290 secs]
8.235: [GC (Allocation Failure) 76839K->2184K(132928K), 0.0005700 secs]
8.288: [GC (Allocation Failure) 91892K->2184K(129088K), 0.0004180 secs]
8.335: [GC (Allocation Failure) 88093K->2233K(125568K), 0.0005160 secs]
8.386: [GC (Allocation Failure) 84572K->2217K(122112K), 0.0005880 secs]
8.430: [GC (Allocation Failure) 81166K->2233K(137984K), 0.0005550 secs]
8.485: [GC (Allocation Failure) 97002K->2233K(133888K), 0.0004560 secs]
8.536: [GC (Allocation Failure) 92961K->2282K(130112K), 0.0005730 secs]
8.588: [GC (Allocation Failure) 89161K->2266K(126400K), 0.0006050 secs]
8.638: [GC (Allocation Failure) 85502K->2282K(123008K), 0.0005510 secs]
8.687: [GC (Allocation Failure) 82086K->2282K(119680K), 0.0005310 secs]
8.729: [GC (Allocation Failure) 78785K->2331K(135104K), 0.0005880 secs]
8.782: [GC (Allocation Failure) 94201K->2331K(131136K), 0.0004160 secs]
8.833: [GC (Allocation Failure) 90319K->2380K(127488K), 0.0005380 secs]
8.881: [GC (Allocation Failure) 86651K->2364K(123904K), 0.0005500 secs]
8.929: [GC (Allocation Failure) 83119K->2364K(120576K), 0.0005660 secs]
8.974: [GC (Allocation Failure) 79763K->2380K(136128K), 0.0005150 secs]
9.031: [GC (Allocation Failure) 95265K->2380K(132224K), 0.0005730 secs]
9.080: [GC (Allocation Failure) 91384K->2364K(149952K), 0.0005910 secs]
9.142: [GC (Allocation Failure) 109220K->2477K(145472K), 0.0004610 secs]
9.206: [GC (Allocation Failure) 104742K->2477K(141056K), 0.0004240 secs]
9.258: [GC (Allocation Failure) 100321K->2477K(136896K), 0.0004380 secs]
9.312: [GC (Allocation Failure) 96139K->2477K(132800K), 0.0004130 secs]
9.363: [GC (Allocation Failure) 92188K->2575K(129152K), 0.0004200 secs]
9.414: [GC (Allocation Failure) 88482K->2575K(125568K), 0.0004110 secs]
9.463: [GC (Allocation Failure) 84935K->2575K(122176K), 0.0004530 secs]
9.508: [GC (Allocation Failure) 81506K->2559K(118784K), 0.0004940 secs]
9.553: [GC (Allocation Failure) 78224K->2673K(115904K), 0.0004820 secs]
9.600: [GC (Allocation Failure) 75300K->2673K(112896K), 0.0005540 secs]
9.640: [GC (Allocation Failure) 72332K->2673K(110080K), 0.0004550 secs]
9.683: [GC (Allocation Failure) 69525K->2722K(107392K), 0.0004160 secs]
9.718: [GC (Allocation Failure) 66900K->2677K(104832K), 0.0004510 secs]
9.753: [GC (Allocation Failure) 64282K->2677K(102400K), 0.0004210 secs]
9.786: [GC (Allocation Failure) 61844K->2677K(114240K), 0.0004950 secs]
9.829: [GC (Allocation Failure) 73697K->2661K(128384K), 0.0005500 secs]
9.877: [GC (Allocation Failure) 87880K->2677K(145600K), 0.0005820 secs]
9.937: [GC (Allocation Failure) 104983K->2677K(141120K), 0.0004720 secs]
9.993: [GC (Allocation Failure) 100580K->2677K(136960K), 0.0005750 secs]
10.052: [GC (Allocation Failure) 96423K->2677K(132864K), 0.0005460 secs]
10.106: [GC (Allocation Failure) 92437K->2774K(129280K), 0.0004140 secs]
10.158: [GC (Allocation Failure) 88786K->2774K(125632K), 0.0004510 secs]
10.207: [GC (Allocation Failure) 85191K->2774K(122240K), 0.0004400 secs]
10.254: [GC (Allocation Failure) 81788K->2774K(118848K), 0.0004240 secs]
10.295: [GC (Allocation Failure) 78548K->2872K(115968K), 0.0004300 secs]
10.335: [GC (Allocation Failure) 75561K->2872K(112960K), 0.0004420 secs]
10.376: [GC (Allocation Failure) 72613K->2872K(110144K), 0.0005630 secs]
10.413: [GC (Allocation Failure) 69807K->2872K(107328K), 0.0004170 secs]
10.450: [GC (Allocation Failure) 67110K->2970K(120384K), 0.0004570 secs]
10.492: [GC (Allocation Failure) 80059K->2970K(135744K), 0.0005540 secs]
10.545: [GC (Allocation Failure) 95480K->2970K(131840K), 0.0004440 secs]
10.598: [GC (Allocation Failure) 91589K->2970K(128128K), 0.0004090 secs]
10.645: [GC (Allocation Failure) 87863K->2970K(124608K), 0.0005630 secs]
10.693: [GC (Allocation Failure) 84354K->2970K(121216K), 0.0004100 secs]
10.738: [GC (Allocation Failure) 80973K->3019K(118016K), 0.0005340 secs]
10.779: [GC (Allocation Failure) 77825K->2970K(114816K), 0.0005440 secs]
10.821: [GC (Allocation Failure) 74682K->3067K(112128K), 0.0004570 secs]
10.866: [GC (Allocation Failure) 71902K->3051K(125824K), 0.0007470 secs]
10.913: [GC (Allocation Failure) 85703K->3067K(142464K), 0.0004430 secs]
10.969: [GC (Allocation Failure) 102293K->3067K(138240K), 0.0004390 secs]
11.024: [GC (Allocation Failure) 98064K->3067K(134208K), 0.0005770 secs]
11.074: [GC (Allocation Failure) 94054K->3067K(130368K), 0.0004290 secs]
11.125: [GC (Allocation Failure) 90210K->3067K(126720K), 0.0004540 secs]
11.172: [GC (Allocation Failure) 86562K->3051K(123136K), 0.0005870 secs]
11.222: [GC (Allocation Failure) 83073K->3165K(120000K), 0.0004120 secs]
11.265: [GC (Allocation Failure) 79866K->3165K(116800K), 0.0004440 secs]
11.308: [GC (Allocation Failure) 76755K->3165K(113792K), 0.0004990 secs]
11.350: [GC (Allocation Failure) 73747K->3165K(110848K), 0.0004230 secs]
11.389: [GC (Allocation Failure) 70912K->3263K(108352K), 0.0004010 secs]
11.426: [GC (Allocation Failure) 68342K->3263K(121344K), 0.0005580 secs]
11.472: [GC (Allocation Failure) 81405K->3263K(118144K), 0.0004510 secs]
11.517: [GC (Allocation Failure) 78189K->3263K(115072K), 0.0005260 secs]
11.557: [GC (Allocation Failure) 75094K->3263K(112192K), 0.0004460 secs]
11.594: [GC (Allocation Failure) 72245K->3247K(125888K), 0.0005940 secs]
11.641: [GC (Allocation Failure) 86035K->3360K(142656K), 0.0004130 secs]
11.699: [GC (Allocation Failure) 102740K->3360K(138368K), 0.0004550 secs]
11.750: [GC (Allocation Failure) 98510K->3344K(134272K), 0.0005840 secs]
11.804: [GC (Allocation Failure) 94449K->3360K(130496K), 0.0005310 secs]
11.854: [GC (Allocation Failure) 90649K->3360K(126848K), 0.0005700 secs]
11.903: [GC (Allocation Failure) 86977K->3360K(123264K), 0.0005560 secs]
11.949: [GC (Allocation Failure) 83513K->3458K(120128K), 0.0005160 secs]
11.995: [GC (Allocation Failure) 80280K->3458K(116928K), 0.0004440 secs]
12.038: [GC (Allocation Failure) 77153K->3458K(113920K), 0.0005710 secs]
12.080: [GC (Allocation Failure) 74167K->3458K(128064K), 0.0005240 secs]
12.129: [GC (Allocation Failure) 88321K->3458K(145088K), 0.0006060 secs]
12.188: [GC (Allocation Failure) 105313K->3458K(140608K), 0.0004280 secs]
12.244: [GC (Allocation Failure) 100952K->3556K(136640K), 0.0004250 secs]
12.294: [GC (Allocation Failure) 96895K->3556K(132608K), 0.0005020 secs]
12.349: [GC (Allocation Failure) 92951K->3556K(128832K), 0.0005490 secs]
12.400: [GC (Allocation Failure) 89142K->3540K(125184K), 0.0007590 secs]
12.448: [GC (Allocation Failure) 85571K->3556K(121856K), 0.0004920 secs]
12.498: [GC (Allocation Failure) 82174K->3540K(137536K), 0.0007470 secs]
12.556: [GC (Allocation Failure) 97905K->3556K(156480K), 0.0005630 secs]
12.621: [GC (Allocation Failure) 116789K->3556K(151488K), 0.0005380 secs]
12.682: [GC (Allocation Failure) 111898K->3605K(146880K), 0.0004590 secs]
12.739: [GC (Allocation Failure) 107279K->3605K(142336K), 0.0004860 secs]
12.797: [GC (Allocation Failure) 102765K->3654K(138176K), 0.0004500 secs]
12.851: [GC (Allocation Failure) 98610K->3654K(134080K), 0.0004570 secs]
12.902: [GC (Allocation Failure) 94568K->3702K(130304K), 0.0005600 secs]
12.956: [GC (Allocation Failure) 90769K->3702K(126592K), 0.0005510 secs]
13.006: [GC (Allocation Failure) 87135K->3751K(123200K), 0.0004410 secs]
13.052: [GC (Allocation Failure) 83724K->3735K(119808K), 0.0005450 secs]
13.097: [GC (Allocation Failure) 80389K->3735K(135168K), 0.0007850 secs]
13.151: [GC (Allocation Failure) 95759K->3751K(153664K), 0.0005460 secs]
13.214: [GC (Allocation Failure) 114171K->3751K(148864K), 0.0004520 secs]
13.274: [GC (Allocation Failure) 109398K->3735K(169920K), 0.0008380 secs]
13.350: [GC (Allocation Failure) 130577K->3849K(164480K), 0.0005230 secs]
13.418: [GC (Allocation Failure) 125102K->3849K(159168K), 0.0005340 secs]
13.486: [GC (Allocation Failure) 119771K->3849K(154112K), 0.0004550 secs]
13.549: [GC (Allocation Failure) 114725K->3849K(149184K), 0.0005560 secs]
13.617: [GC (Allocation Failure) 109960K->3947K(144768K), 0.0005550 secs]
13.681: [GC (Allocation Failure) 105471K->3947K(140416K), 0.0005310 secs]
13.740: [GC (Allocation Failure) 101131K->3947K(136256K), 0.0004570 secs]
13.794: [GC (Allocation Failure) 96967K->3947K(132224K), 0.0005530 secs]
13.846: [GC (Allocation Failure) 93099K->4044K(128704K), 0.0005310 secs]
13.892: [GC (Allocation Failure) 89441K->4028K(124992K), 0.0005790 secs]
13.937: [GC (Allocation Failure) 85838K->4044K(121664K), 0.0005200 secs]
13.980: [GC (Allocation Failure) 82507K->4028K(118400K), 0.0005380 secs]
14.024: [GC (Allocation Failure) 79273K->4028K(133504K), 0.0008040 secs]
14.078: [GC (Allocation Failure) 94364K->4044K(151680K), 0.0005300 secs]
14.144: [GC (Allocation Failure) 112482K->4028K(173312K), 0.0006670 secs]
14.223: [GC (Allocation Failure) 134171K->4044K(167552K), 0.0004360 secs]
14.298: [GC (Allocation Failure) 128451K->4093K(162112K), 0.0005680 secs]
14.367: [GC (Allocation Failure) 122985K->4093K(156864K), 0.0004570 secs]
14.433: [GC (Allocation Failure) 117805K->4130K(151936K), 0.0005930 secs]
14.499: [GC (Allocation Failure) 112884K->4146K(147264K), 0.0004210 secs]
14.561: [GC (Allocation Failure) 108171K->4146K(142784K), 0.0005830 secs]
14.615: [GC (Allocation Failure) 103717K->4146K(138432K), 0.0004320 secs]
14.668: [GC (Allocation Failure) 99477K->4228K(134528K), 0.0007380 secs]
14.722: [GC (Allocation Failure) 95513K->4244K(130688K), 0.0004210 secs]
14.776: [GC (Allocation Failure) 91687K->4228K(126976K), 0.0007800 secs]
14.827: [GC (Allocation Failure) 88056K->4244K(123520K), 0.0004630 secs]
14.873: [GC (Allocation Failure) 84611K->4293K(120256K), 0.0005430 secs]
14.920: [GC (Allocation Failure) 81340K->4293K(117056K), 0.0004410 secs]
14.961: [GC (Allocation Failure) 78198K->4341K(114112K), 0.0005760 secs]
15.003: [GC (Allocation Failure) 75246K->4341K(111168K), 0.0004370 secs]
15.040: [GC (Allocation Failure) 72369K->4374K(124800K), 0.0005790 secs]
15.088: [GC (Allocation Failure) 86038K->4374K(141184K), 0.0008000 secs]
15.145: [GC (Allocation Failure) 102390K->4390K(160896K), 0.0004530 secs]
15.211: [GC (Allocation Failure) 122052K->4374K(155712K), 0.0005530 secs]
15.278: [GC (Allocation Failure) 116912K->4390K(150912K), 0.0004450 secs]
15.339: [GC (Allocation Failure) 112062K->4390K(146176K), 0.0005320 secs]
15.398: [GC (Allocation Failure) 107384K->4439K(141824K), 0.0005120 secs]
15.454: [GC (Allocation Failure) 103023K->4439K(137536K), 0.0005580 secs]
15.507: [GC (Allocation Failure) 98801K->4488K(133632K), 0.0004610 secs]
15.558: [GC (Allocation Failure) 94901K->4488K(129792K), 0.0005450 secs]
15.611: [GC (Allocation Failure) 91097K->4537K(126208K), 0.0004520 secs]
15.660: [GC (Allocation Failure) 87502K->4521K(122688K), 0.0007670 secs]
15.708: [GC (Allocation Failure) 84028K->4537K(119488K), 0.0004460 secs]
15.749: [GC (Allocation Failure) 80822K->4537K(134720K), 0.0005740 secs]
15.803: [GC (Allocation Failure) 96086K->4586K(130944K), 0.0004570 secs]
15.856: [GC (Allocation Failure) 92311K->4586K(127232K), 0.0004450 secs]
15.906: [GC (Allocation Failure) 88645K->4634K(123776K), 0.0005750 secs]
15.953: [GC (Allocation Failure) 85187K->4634K(120384K), 0.0004430 secs]
15.998: [GC (Allocation Failure) 81860K->4683K(117312K), 0.0005790 secs]
16.043: [GC (Allocation Failure) 78794K->4683K(114240K), 0.0004670 secs]
16.082: [GC (Allocation Failure) 75780K->4732K(111424K), 0.0004500 secs]
16.122: [GC (Allocation Failure) 72930K->4732K(108608K), 0.0004350 secs]
16.161: [GC (Allocation Failure) 70182K->4781K(121792K), 0.0005510 secs]
16.205: [GC (Allocation Failure) 83361K->4765K(137472K), 0.0005630 secs]
16.260: [GC (Allocation Failure) 99097K->4781K(156416K), 0.0005500 secs]
16.325: [GC (Allocation Failure) 117991K->4781K(151424K), 0.0005560 secs]
16.388: [GC (Allocation Failure) 113045K->4830K(146816K), 0.0005070 secs]
16.449: [GC (Allocation Failure) 108426K->4830K(142272K), 0.0005630 secs]
16.508: [GC (Allocation Failure) 103921K->4879K(138112K), 0.0005130 secs]
16.561: [GC (Allocation Failure) 99760K->4883K(134016K), 0.0004790 secs]
16.612: [GC (Allocation Failure) 95721K->4931K(130240K), 0.0005100 secs]
16.665: [GC (Allocation Failure) 91960K->4915K(126528K), 0.0007760 secs]
16.714: [GC (Allocation Failure) 88290K->4931K(123136K), 0.0005780 secs]
16.765: [GC (Allocation Failure) 84855K->4931K(119808K), 0.0005550 secs]
16.811: [GC (Allocation Failure) 81599K->4980K(135232K), 0.0006270 secs]
16.862: [GC (Allocation Failure) 96970K->4980K(131264K), 0.0004400 secs]
16.915: [GC (Allocation Failure) 93088K->5029K(127616K), 0.0005160 secs]
16.962: [GC (Allocation Failure) 89426K->5029K(124032K), 0.0004780 secs]
17.011: [GC (Allocation Failure) 85898K->5078K(120768K), 0.0005780 secs]
17.057: [GC (Allocation Failure) 82633K->5078K(136256K), 0.0005680 secs]
17.110: [GC (Allocation Failure) 98188K->5127K(132352K), 0.0005840 secs]
17.162: [GC (Allocation Failure) 94243K->5127K(128576K), 0.0004420 secs]
17.213: [GC (Allocation Failure) 90548K->5176K(125056K), 0.0004500 secs]
17.259: [GC (Allocation Failure) 87014K->5176K(121600K), 0.0004530 secs]
17.306: [GC (Allocation Failure) 83592K->5225K(118464K), 0.0005860 secs]
17.354: [GC (Allocation Failure) 80452K->5225K(115328K), 0.0004530 secs]
17.396: [GC (Allocation Failure) 77375K->5257K(129792K), 0.0008170 secs]
17.448: [GC (Allocation Failure) 91882K->5273K(147200K), 0.0004260 secs]
17.506: [GC (Allocation Failure) 109240K->5273K(142720K), 0.0004610 secs]
17.562: [GC (Allocation Failure) 104773K->5257K(162496K), 0.0008670 secs]
17.632: [GC (Allocation Failure) 124636K->5371K(157376K), 0.0004800 secs]
17.700: [GC (Allocation Failure) 119520K->5371K(152384K), 0.0004250 secs]
17.762: [GC (Allocation Failure) 114533K->5371K(147648K), 0.0004650 secs]
17.821: [GC (Allocation Failure) 109802K->5371K(143040K), 0.0004270 secs]
17.880: [GC (Allocation Failure) 105292K->5469K(138944K), 0.0005460 secs]
17.938: [GC (Allocation Failure) 101113K->5469K(134848K), 0.0005140 secs]
17.995: [GC (Allocation Failure) 97074K->5469K(131008K), 0.0004630 secs]
18.043: [GC (Allocation Failure) 93254K->5469K(127360K), 0.0005270 secs]
18.094: [GC (Allocation Failure) 89592K->5469K(123840K), 0.0006000 secs]
18.140: [GC (Allocation Failure) 86085K->5469K(120512K), 0.0005370 secs]
18.186: [GC (Allocation Failure) 82781K->5469K(117376K), 0.0005360 secs]
18.229: [GC (Allocation Failure) 79617K->5469K(114240K), 0.0004370 secs]
18.269: [GC (Allocation Failure) 76632K->5566K(111552K), 0.0004810 secs]
18.310: [GC (Allocation Failure) 73820K->5566K(125184K), 0.0005900 secs]
18.359: [GC (Allocation Failure) 87550K->5566K(141632K), 0.0006270 secs]
18.416: [GC (Allocation Failure) 103992K->5566K(161344K), 0.0006580 secs]
18.481: [GC (Allocation Failure) 123677K->5566K(156160K), 0.0005220 secs]
18.547: [GC (Allocation Failure) 118511K->5566K(151104K), 0.0005960 secs]
18.609: [GC (Allocation Failure) 113580K->5664K(146624K), 0.0005510 secs]
18.666: [GC (Allocation Failure) 109010K->5664K(142144K), 0.0004560 secs]
18.725: [GC (Allocation Failure) 104592K->5648K(137856K), 0.0008400 secs]
18.782: [GC (Allocation Failure) 100337K->5664K(133888K), 0.0004780 secs]
18.832: [GC (Allocation Failure) 96312K->5664K(130048K), 0.0005130 secs]
18.883: [GC (Allocation Failure) 92465K->5664K(126272K), 0.0004300 secs]
18.932: [GC (Allocation Failure) 88826K->5762K(122944K), 0.0005660 secs]
18.981: [GC (Allocation Failure) 85481K->5762K(119680K), 0.0004370 secs]
19.022: [GC (Allocation Failure) 82194K->5762K(116544K), 0.0004650 secs]
19.065: [GC (Allocation Failure) 79081K->5762K(113472K), 0.0005700 secs]
19.104: [GC (Allocation Failure) 76123K->5860K(110848K), 0.0004350 secs]
19.144: [GC (Allocation Failure) 73410K->5860K(124352K), 0.0005190 secs]
19.191: [GC (Allocation Failure) 86982K->5860K(140608K), 0.0006360 secs]
19.249: [GC (Allocation Failure) 103260K->5844K(160064K), 0.0005980 secs]
19.317: [GC (Allocation Failure) 122731K->5860K(155008K), 0.0006010 secs]
19.383: [GC (Allocation Failure) 117658K->5860K(150080K), 0.0004910 secs]
19.444: [GC (Allocation Failure) 112797K->5908K(145536K), 0.0004680 secs]
19.501: [GC (Allocation Failure) 108210K->5908K(141056K), 0.0004480 secs]
19.558: [GC (Allocation Failure) 103801K->5957K(136960K), 0.0006050 secs]
19.611: [GC (Allocation Failure) 99717K->5957K(132928K), 0.0005690 secs]
19.666: [GC (Allocation Failure) 95745K->6006K(129216K), 0.0004640 secs]
19.712: [GC (Allocation Failure) 91989K->6006K(125568K), 0.0004250 secs]
19.759: [GC (Allocation Failure) 88438K->6055K(122240K), 0.0004840 secs]
19.807: [GC (Allocation Failure) 85047K->6055K(118912K), 0.0005590 secs]
19.852: [GC (Allocation Failure) 81796K->6104K(115904K), 0.0005940 secs]
19.894: [GC (Allocation Failure) 78763K->6104K(112896K), 0.0004490 secs]
19.931: [GC (Allocation Failure) 75846K->6153K(126912K), 0.0004670 secs]
19.981: [GC (Allocation Failure) 89862K->6153K(123392K), 0.0004500 secs]
20.027: [GC (Allocation Failure) 86397K->6201K(120128K), 0.0004840 secs]
20.070: [GC (Allocation Failure) 83101K->6201K(116928K), 0.0004580 secs]
20.112: [GC (Allocation Failure) 79950K->6250K(131776K), 0.0005980 secs]
20.166: [GC (Allocation Failure) 94815K->6250K(128000K), 0.0004960 secs]
20.215: [GC (Allocation Failure) 91093K->6299K(124544K), 0.0004740 secs]
20.260: [GC (Allocation Failure) 87643K->6299K(140800K), 0.0005740 secs]
20.320: [GC (Allocation Failure) 103934K->6332K(136640K), 0.0006090 secs]
20.374: [GC (Allocation Failure) 99819K->6348K(132736K), 0.0005590 secs]
20.425: [GC (Allocation Failure) 95853K->6348K(128960K), 0.0004890 secs]
20.478: [GC (Allocation Failure) 92089K->6332K(145984K), 0.0008370 secs]
20.537: [GC (Allocation Failure) 109217K->6446K(141696K), 0.0004450 secs]
20.593: [GC (Allocation Failure) 104899K->6446K(137472K), 0.0004850 secs]
20.647: [GC (Allocation Failure) 100702K->6446K(133504K), 0.0004700 secs]
20.701: [GC (Allocation Failure) 96750K->6446K(129600K), 0.0004420 secs]
20.752: [GC (Allocation Failure) 92949K->6543K(126208K), 0.0005650 secs]
20.798: [GC (Allocation Failure) 89454K->6543K(122688K), 0.0004840 secs]
20.847: [GC (Allocation Failure) 86021K->6543K(119424K), 0.0006170 secs]
20.896: [GC (Allocation Failure) 82732K->6543K(116288K), 0.0005400 secs]
20.938: [GC (Allocation Failure) 79598K->6543K(113344K), 0.0005250 secs]
20.980: [GC (Allocation Failure) 76651K->6543K(110528K), 0.0004250 secs]
21.017: [GC (Allocation Failure) 73858K->6543K(107840K), 0.0004600 secs]
21.054: [GC (Allocation Failure) 71159K->6543K(120640K), 0.0005100 secs]
21.099: [GC (Allocation Failure) 84094K->6641K(136384K), 0.0005680 secs]
21.158: [GC (Allocation Failure) 99746K->6641K(154944K), 0.0005940 secs]
21.226: [GC (Allocation Failure) 118350K->6625K(150016K), 0.0006220 secs]
21.286: [GC (Allocation Failure) 113490K->6641K(145472K), 0.0004420 secs]
21.343: [GC (Allocation Failure) 108899K->6641K(141056K), 0.0005750 secs]
21.400: [GC (Allocation Failure) 104494K->6641K(136768K), 0.0005860 secs]
21.462: [GC (Allocation Failure) 100328K->6723K(132928K), 0.0008130 secs]
21.516: [GC (Allocation Failure) 96440K->6739K(129152K), 0.0004320 secs]
21.565: [GC (Allocation Failure) 92646K->6723K(125504K), 0.0006170 secs]
21.610: [GC (Allocation Failure) 89081K->6723K(142016K), 0.0008420 secs]
21.674: [GC (Allocation Failure) 105596K->6739K(161856K), 0.0006010 secs]
21.748: [GC (Allocation Failure) 125354K->6723K(156608K), 0.0005890 secs]
21.814: [GC (Allocation Failure) 120148K->6723K(179328K), 0.0008730 secs]
21.890: [GC (Allocation Failure) 142880K->6743K(173312K), 0.0004920 secs]
21.964: [GC (Allocation Failure) 136829K->6743K(167552K), 0.0004730 secs]
22.036: [GC (Allocation Failure) 131057K->6743K(161984K), 0.0005950 secs]
22.110: [GC (Allocation Failure) 125630K->6840K(156928K), 0.0005670 secs]
22.179: [GC (Allocation Failure) 120537K->6840K(152000K), 0.0004370 secs]
22.246: [GC (Allocation Failure) 115636K->6840K(147264K), 0.0006090 secs]
22.306: [GC (Allocation Failure) 110881K->6840K(142656K), 0.0004460 secs]
22.364: [GC (Allocation Failure) 106388K->6938K(138560K), 0.0004400 secs]
22.418: [GC (Allocation Failure) 102283K->6938K(134528K), 0.0005650 secs]
22.472: [GC (Allocation Failure) 98233K->6922K(130624K), 0.0008510 secs]
22.524: [GC (Allocation Failure) 94386K->6938K(126976K), 0.0004630 secs]
22.570: [GC (Allocation Failure) 90767K->6987K(123584K), 0.0005290 secs]
22.622: [GC (Allocation Failure) 87325K->6987K(120192K), 0.0005860 secs]
22.667: [GC (Allocation Failure) 83998K->7036K(117120K), 0.0005570 secs]
22.712: [GC (Allocation Failure) 80951K->7036K(131840K), 0.0005860 secs]
22.765: [GC (Allocation Failure) 95700K->7085K(149696K), 0.0006040 secs]
22.832: [GC (Allocation Failure) 113558K->7085K(145024K), 0.0004580 secs]
22.892: [GC (Allocation Failure) 108953K->7133K(140736K), 0.0006020 secs]
22.948: [GC (Allocation Failure) 104622K->7133K(136512K), 0.0004590 secs]
23.002: [GC (Allocation Failure) 100491K->7182K(132608K), 0.0005210 secs]
23.054: [GC (Allocation Failure) 96586K->7182K(128768K), 0.0004520 secs]
23.101: [GC (Allocation Failure) 92791K->7231K(125248K), 0.0005290 secs]
23.149: [GC (Allocation Failure) 89247K->7231K(121792K), 0.0005840 secs]
23.200: [GC (Allocation Failure) 85841K->7280K(118656K), 0.0005960 secs]
23.245: [GC (Allocation Failure) 82705K->7280K(115520K), 0.0004580 secs]
23.285: [GC (Allocation Failure) 79638K->7313K(130048K), 0.0006300 secs]
23.336: [GC (Allocation Failure) 94183K->7329K(147520K), 0.0005700 secs]
23.397: [GC (Allocation Failure) 111649K->7329K(168384K), 0.0005880 secs]
23.470: [GC (Allocation Failure) 132513K->7329K(162752K), 0.0007270 secs]
23.537: [GC (Allocation Failure) 126978K->7411K(186816K), 0.0008240 secs]
23.622: [GC (Allocation Failure) 150983K->7411K(180352K), 0.0006310 secs]
23.699: [GC (Allocation Failure) 144590K->7427K(174336K), 0.0005670 secs]
23.778: [GC (Allocation Failure) 138530K->7427K(168448K), 0.0005840 secs]
23.851: [GC (Allocation Failure) 132712K->7475K(163008K), 0.0005520 secs]
23.925: [GC (Allocation Failure) 127262K->7479K(157696K), 0.0005840 secs]
23.993: [GC (Allocation Failure) 122006K->7528K(152768K), 0.0004750 secs]
24.058: [GC (Allocation Failure) 117089K->7528K(147968K), 0.0005960 secs]
24.118: [GC (Allocation Failure) 112360K->7577K(143552K), 0.0004690 secs]
24.175: [GC (Allocation Failure) 107892K->7577K(139200K), 0.0006110 secs]
24.237: [GC (Allocation Failure) 103629K->7626K(135168K), 0.0006160 secs]
24.291: [GC (Allocation Failure) 99552K->7610K(131200K), 0.0008400 secs]
24.346: [GC (Allocation Failure) 95664K->7610K(127488K), 0.0006350 secs]
24.393: [GC (Allocation Failure) 91926K->7626K(144448K), 0.0005220 secs]
24.452: [GC (Allocation Failure) 108871K->7626K(140096K), 0.0006310 secs]
24.511: [GC (Allocation Failure) 104487K->7626K(135872K), 0.0004530 secs]
24.561: [GC (Allocation Failure) 100418K->7724K(132096K), 0.0005260 secs]
24.612: [GC (Allocation Failure) 96602K->7724K(128384K), 0.0004380 secs]
24.664: [GC (Allocation Failure) 92898K->7724K(124864K), 0.0004760 secs]
24.712: [GC (Allocation Failure) 89364K->7724K(121344K), 0.0006200 secs]
24.759: [GC (Allocation Failure) 85947K->7805K(137152K), 0.0008320 secs]
24.813: [GC (Allocation Failure) 101755K->7821K(155968K), 0.0004430 secs]
24.876: [GC (Allocation Failure) 120545K->7821K(151040K), 0.0004710 secs]
24.939: [GC (Allocation Failure) 115646K->7821K(146240K), 0.0004570 secs]
24.994: [GC (Allocation Failure) 110957K->7919K(141952K), 0.0004460 secs]
25.057: [GC (Allocation Failure) 106671K->7919K(137728K), 0.0005770 secs]
25.111: [GC (Allocation Failure) 102398K->7919K(133696K), 0.0005530 secs]
25.165: [GC (Allocation Failure) 98404K->7919K(129856K), 0.0004450 secs]
25.212: [GC (Allocation Failure) 94546K->7919K(126208K), 0.0004760 secs]
25.257: [GC (Allocation Failure) 90917K->7919K(122752K), 0.0005530 secs]
25.303: [GC (Allocation Failure) 87426K->7903K(138624K), 0.0006580 secs]
25.358: [GC (Allocation Failure) 103369K->7919K(134592K), 0.0004610 secs]
25.410: [GC (Allocation Failure) 99331K->7968K(130816K), 0.0006220 secs]
25.464: [GC (Allocation Failure) 95574K->7968K(127104K), 0.0005050 secs]
25.512: [GC (Allocation Failure) 91915K->8017K(123648K), 0.0004730 secs]
25.562: [GC (Allocation Failure) 88442K->8017K(120256K), 0.0004750 secs]
25.603: [GC (Allocation Failure) 85119K->8065K(117184K), 0.0005180 secs]
25.643: [GC (Allocation Failure) 82031K->8065K(131968K), 0.0005240 secs]
25.696: [GC (Allocation Failure) 96878K->8114K(128320K), 0.0004750 secs]
25.744: [GC (Allocation Failure) 93188K->8114K(145280K), 0.0005810 secs]
25.804: [GC (Allocation Failure) 110251K->8163K(140992K), 0.0004610 secs]
25.859: [GC (Allocation Failure) 105928K->8163K(136768K), 0.0005350 secs]
25.913: [GC (Allocation Failure) 101755K->8212K(132864K), 0.0004780 secs]
25.969: [GC (Allocation Failure) 97859K->8212K(129024K), 0.0005950 secs]
26.019: [GC (Allocation Failure) 94091K->8261K(125504K), 0.0004790 secs]
26.067: [GC (Allocation Failure) 90520K->8261K(122048K), 0.0004650 secs]
26.113: [GC (Allocation Failure) 87132K->8310K(118848K), 0.0006160 secs]
26.155: [GC (Allocation Failure) 83954K->8310K(115712K), 0.0004860 secs]
26.196: [GC (Allocation Failure) 80875K->8359K(112832K), 0.0004740 secs]
26.238: [GC (Allocation Failure) 77982K->8359K(126720K), 0.0005210 secs]
26.284: [GC (Allocation Failure) 91909K->8407K(143552K), 0.0004800 secs]
26.340: [GC (Allocation Failure) 108711K->8391K(163584K), 0.0006130 secs]
26.407: [GC (Allocation Failure) 128833K->8391K(187712K), 0.0008940 secs]
26.488: [GC (Allocation Failure) 152935K->8407K(181312K), 0.0005490 secs]
26.566: [GC (Allocation Failure) 146500K->8407K(175168K), 0.0004850 secs]
26.643: [GC (Allocation Failure) 140337K->8407K(169216K), 0.0004830 secs]
26.713: [GC (Allocation Failure) 134533K->8505K(163776K), 0.0004500 secs]
26.784: [GC (Allocation Failure) 129038K->8505K(158464K), 0.0005830 secs]
26.858: [GC (Allocation Failure) 123726K->8505K(153472K), 0.0005960 secs]
26.924: [GC (Allocation Failure) 118759K->8505K(148544K), 0.0006200 secs]
26.983: [GC (Allocation Failure) 113969K->8603K(144128K), 0.0005840 secs]
27.041: [GC (Allocation Failure) 109512K->8603K(139840K), 0.0004480 secs]
27.098: [GC (Allocation Failure) 105210K->8603K(135744K), 0.0004890 secs]
27.151: [GC (Allocation Failure) 101146K->8603K(131712K), 0.0004650 secs]
27.198: [GC (Allocation Failure) 97228K->8700K(128192K), 0.0004650 secs]
27.247: [GC (Allocation Failure) 93622K->8700K(124608K), 0.0005420 secs]
27.293: [GC (Allocation Failure) 90072K->8700K(121216K), 0.0004820 secs]
27.335: [GC (Allocation Failure) 86710K->8700K(118016K), 0.0004510 secs]
27.378: [GC (Allocation Failure) 83485K->8700K(114944K), 0.0004900 secs]
27.421: [GC (Allocation Failure) 80435K->8684K(129280K), 0.0006280 secs]
27.468: [GC (Allocation Failure) 94813K->8700K(146624K), 0.0006210 secs]
27.529: [GC (Allocation Failure) 112096K->8700K(167296K), 0.0006010 secs]
27.599: [GC (Allocation Failure) 132824K->8749K(161920K), 0.0005000 secs]
27.672: [GC (Allocation Failure) 127467K->8733K(156672K), 0.0008630 secs]
27.738: [GC (Allocation Failure) 122244K->8749K(151808K), 0.0006270 secs]
27.803: [GC (Allocation Failure) 117357K->8749K(147072K), 0.0005150 secs]
27.863: [GC (Allocation Failure) 112648K->8798K(142656K), 0.0005030 secs]
27.920: [GC (Allocation Failure) 108224K->8798K(138368K), 0.0005130 secs]
27.978: [GC (Allocation Failure) 104016K->8847K(134400K), 0.0006250 secs]
28.028: [GC (Allocation Failure) 100041K->8847K(130496K), 0.0004740 secs]
28.078: [GC (Allocation Failure) 96202K->8896K(126912K), 0.0006280 secs]
28.127: [GC (Allocation Failure) 92575K->8896K(123392K), 0.0005910 secs]
28.173: [GC (Allocation Failure) 89128K->8945K(120128K), 0.0004860 secs]
28.216: [GC (Allocation Failure) 85830K->8945K(135488K), 0.0005870 secs]
28.271: [GC (Allocation Failure) 101273K->8994K(154048K), 0.0006060 secs]
28.336: [GC (Allocation Failure) 119812K->8994K(149184K), 0.0006080 secs]
28.399: [GC (Allocation Failure) 115040K->9042K(144704K), 0.0006070 secs]
28.457: [GC (Allocation Failure) 110523K->9042K(140288K), 0.0006030 secs]
28.519: [GC (Allocation Failure) 106186K->9075K(136128K), 0.0007220 secs]
28.573: [GC (Allocation Failure) 102033K->9091K(132288K), 0.0004550 secs]
28.625: [GC (Allocation Failure) 98139K->9091K(128576K), 0.0005000 secs]
28.673: [GC (Allocation Failure) 94461K->9091K(124864K), 0.0006090 secs]
28.721: [GC (Allocation Failure) 90882K->9189K(141376K), 0.0006110 secs]
28.779: [GC (Allocation Failure) 107347K->9189K(161024K), 0.0005870 secs]
28.852: [GC (Allocation Failure) 126985K->9189K(155904K), 0.0004950 secs]
28.912: [GC (Allocation Failure) 121859K->9189K(150848K), 0.0004660 secs]
28.970: [GC (Allocation Failure) 116935K->9287K(146304K), 0.0004500 secs]
29.032: [GC (Allocation Failure) 112363K->9287K(141888K), 0.0005950 secs]
29.086: [GC (Allocation Failure) 107947K->9287K(137664K), 0.0004930 secs]
29.138: [GC (Allocation Failure) 103707K->9287K(133504K), 0.0004660 secs]
29.189: [GC (Allocation Failure) 99692K->9384K(129920K), 0.0004540 secs]
29.241: [GC (Allocation Failure) 96000K->9384K(126208K), 0.0004850 secs]
29.292: [GC (Allocation Failure) 92349K->9384K(122752K), 0.0004860 secs]
29.337: [GC (Allocation Failure) 88917K->9384K(119488K), 0.0005930 secs]
29.380: [GC (Allocation Failure) 85628K->9368K(134720K), 0.0009160 secs]
29.433: [GC (Allocation Failure) 100935K->9384K(153152K), 0.0005310 secs]
29.501: [GC (Allocation Failure) 119324K->9384K(175168K), 0.0006400 secs]
29.576: [GC (Allocation Failure) 141329K->9384K(169216K), 0.0004720 secs]
29.648: [GC (Allocation Failure) 135503K->9466K(163840K), 0.0008450 secs]
29.719: [GC (Allocation Failure) 130025K->9482K(158464K), 0.0005140 secs]
29.785: [GC (Allocation Failure) 124720K->9482K(153472K), 0.0004930 secs]
29.847: [GC (Allocation Failure) 119735K->9482K(148544K), 0.0005390 secs]
29.910: [GC (Allocation Failure) 114913K->9580K(144192K), 0.0005960 secs]
29.965: [GC (Allocation Failure) 110478K->9580K(139840K), 0.0004790 secs]
30.019: [GC (Allocation Failure) 106172K->9580K(135744K), 0.0006570 secs]
30.079: [GC (Allocation Failure) 102089K->9580K(131840K), 0.0006060 secs]
30.134: [GC (Allocation Failure) 98196K->9580K(128128K), 0.0004930 secs]
30.183: [GC (Allocation Failure) 94469K->9580K(124480K), 0.0004750 secs]
30.232: [GC (Allocation Failure) 90969K->9677K(121280K), 0.0004590 secs]
30.277: [GC (Allocation Failure) 87686K->9677K(118016K), 0.0006030 secs]
30.321: [GC (Allocation Failure) 84452K->9677K(114944K), 0.0004930 secs]
30.362: [GC (Allocation Failure) 81402K->9677K(129344K), 0.0005970 secs]
30.411: [GC (Allocation Failure) 95783K->9677K(125760K), 0.0004920 secs]
30.456: [GC (Allocation Failure) 92228K->9661K(142144K), 0.0006840 secs]
30.512: [GC (Allocation Failure) 108716K->9775K(162176K), 0.0005820 secs]
30.583: [GC (Allocation Failure) 128647K->9759K(185856K), 0.0006810 secs]
30.670: [GC (Allocation Failure) 152479K->9775K(179520K), 0.0006300 secs]
30.748: [GC (Allocation Failure) 146062K->9759K(173376K), 0.0006350 secs]
30.822: [GC (Allocation Failure) 139980K->9775K(167680K), 0.0006210 secs]
30.894: [GC (Allocation Failure) 134230K->9759K(162112K), 0.0006960 secs]
30.960: [GC (Allocation Failure) 128735K->9775K(156992K), 0.0004820 secs]
31.021: [GC (Allocation Failure) 123544K->9775K(152000K), 0.0004890 secs]
31.085: [GC (Allocation Failure) 118610K->9824K(147328K), 0.0005000 secs]
31.146: [GC (Allocation Failure) 113952K->9824K(142784K), 0.0004710 secs]
31.204: [GC (Allocation Failure) 109428K->9873K(138560K), 0.0004920 secs]
31.257: [GC (Allocation Failure) 105198K->9873K(134464K), 0.0006120 secs]
31.312: [GC (Allocation Failure) 101177K->9922K(130688K), 0.0006300 secs]
31.361: [GC (Allocation Failure) 97381K->9922K(126976K), 0.0004800 secs]
31.409: [GC (Allocation Failure) 93759K->9970K(123584K), 0.0006310 secs]
31.456: [GC (Allocation Failure) 90337K->9970K(120192K), 0.0005220 secs]
31.498: [GC (Allocation Failure) 86982K->10019K(117120K), 0.0004970 secs]
31.541: [GC (Allocation Failure) 83911K->10019K(114048K), 0.0004580 secs]
31.584: [GC (Allocation Failure) 80919K->10068K(111232K), 0.0004870 secs]
31.620: [GC (Allocation Failure) 78081K->10068K(124800K), 0.0006120 secs]
31.669: [GC (Allocation Failure) 91698K->10117K(141248K), 0.0004870 secs]
31.728: [GC (Allocation Failure) 108153K->10117K(137024K), 0.0004810 secs]
31.779: [GC (Allocation Failure) 103969K->10166K(133120K), 0.0004930 secs]
31.832: [GC (Allocation Failure) 100045K->10166K(129280K), 0.0006150 secs]
31.883: [GC (Allocation Failure) 96283K->10215K(146624K), 0.0006670 secs]
31.944: [GC (Allocation Failure) 113627K->10199K(167296K), 0.0008900 secs]
32.018: [GC (Allocation Failure) 134341K->10215K(161920K), 0.0005000 secs]
32.088: [GC (Allocation Failure) 128910K->10215K(156672K), 0.0004800 secs]
32.148: [GC (Allocation Failure) 123733K->10263K(151808K), 0.0004840 secs]
32.212: [GC (Allocation Failure) 118870K->10263K(147072K), 0.0004750 secs]
32.270: [GC (Allocation Failure) 114154K->10296K(142592K), 0.0006500 secs]
32.332: [GC (Allocation Failure) 109712K->10312K(138432K), 0.0004580 secs]
32.383: [GC (Allocation Failure) 105509K->10312K(134400K), 0.0005150 secs]
32.436: [GC (Allocation Failure) 101492K->10312K(130432K), 0.0006220 secs]
32.486: [GC (Allocation Failure) 97645K->10410K(126912K), 0.0004630 secs]
32.535: [GC (Allocation Failure) 94091K->10410K(123456K), 0.0004870 secs]
32.582: [GC (Allocation Failure) 90644K->10394K(139456K), 0.0009410 secs]
32.641: [GC (Allocation Failure) 106680K->10410K(158720K), 0.0006140 secs]
32.711: [GC (Allocation Failure) 125957K->10459K(153728K), 0.0005540 secs]
32.774: [GC (Allocation Failure) 120987K->10459K(148864K), 0.0004980 secs]
32.835: [GC (Allocation Failure) 116145K->10508K(144384K), 0.0004950 secs]
32.892: [GC (Allocation Failure) 111649K->10492K(139968K), 0.0006420 secs]
32.945: [GC (Allocation Failure) 107324K->10508K(135936K), 0.0004970 secs]
32.996: [GC (Allocation Failure) 103232K->10508K(131968K), 0.0006130 secs]
33.049: [GC (Allocation Failure) 99339K->10557K(128320K), 0.0004880 secs]
33.098: [GC (Allocation Failure) 95670K->10541K(124736K), 0.0006450 secs]
33.151: [GC (Allocation Failure) 92132K->10541K(141056K), 0.0009200 secs]
33.206: [GC (Allocation Failure) 108456K->10557K(160704K), 0.0004620 secs]
33.275: [GC (Allocation Failure) 128019K->10557K(184256K), 0.0009790 secs]
33.354: [GC (Allocation Failure) 151581K->10557K(177856K), 0.0004860 secs]
33.429: [GC (Allocation Failure) 145305K->10654K(171968K), 0.0005230 secs]
33.507: [GC (Allocation Failure) 139389K->10654K(166272K), 0.0004750 secs]
33.578: [GC (Allocation Failure) 133695K->10654K(160832K), 0.0007550 secs]
33.646: [GC (Allocation Failure) 128244K->10654K(155584K), 0.0006290 secs]
33.714: [GC (Allocation Failure) 123149K->10752K(150848K), 0.0005820 secs]
33.783: [GC (Allocation Failure) 118372K->10752K(146176K), 0.0006270 secs]
33.842: [GC (Allocation Failure) 113697K->10752K(141760K), 0.0005000 secs]
33.902: [GC (Allocation Failure) 109267K->10752K(137408K), 0.0005470 secs]
33.957: [GC (Allocation Failure) 105054K->10850K(133632K), 0.0004640 secs]
34.005: [GC (Allocation Failure) 101198K->10850K(129792K), 0.0006280 secs]
34.062: [GC (Allocation Failure) 97396K->10850K(126144K), 0.0006510 secs]
34.121: [GC (Allocation Failure) 93781K->10850K(122688K), 0.0004620 secs]
34.166: [GC (Allocation Failure) 90314K->10850K(119424K), 0.0006600 secs]
34.210: [GC (Allocation Failure) 87027K->10850K(134592K), 0.0006400 secs]
34.265: [GC (Allocation Failure) 102367K->10947K(130944K), 0.0004670 secs]
34.315: [GC (Allocation Failure) 98604K->10947K(127232K), 0.0005090 secs]
34.365: [GC (Allocation Failure) 94956K->10947K(144064K), 0.0006760 secs]
34.424: [GC (Allocation Failure) 111807K->10947K(164288K), 0.0006120 secs]
34.494: [GC (Allocation Failure) 132031K->10947K(158976K), 0.0005040 secs]
34.559: [GC (Allocation Failure) 126722K->10947K(153920K), 0.0005680 secs]
34.621: [GC (Allocation Failure) 121626K->10947K(149120K), 0.0006550 secs]
34.685: [GC (Allocation Failure) 116837K->10947K(144448K), 0.0004770 secs]
34.742: [GC (Allocation Failure) 112278K->11045K(140288K), 0.0004700 secs]
34.800: [GC (Allocation Failure) 108060K->11045K(136128K), 0.0004900 secs]
34.853: [GC (Allocation Failure) 103962K->11045K(132224K), 0.0005000 secs]
34.904: [GC (Allocation Failure) 100035K->11045K(128384K), 0.0004350 secs]
34.954: [GC (Allocation Failure) 96353K->11143K(124992K), 0.0006170 secs]
35.001: [GC (Allocation Failure) 92827K->11143K(121536K), 0.0004880 secs]
35.046: [GC (Allocation Failure) 89477K->11143K(118336K), 0.0006510 secs]
35.089: [GC (Allocation Failure) 86251K->11143K(115264K), 0.0004630 secs]
35.130: [GC (Allocation Failure) 83174K->11143K(129728K), 0.0005050 secs]
35.182: [GC (Allocation Failure) 97654K->11127K(146944K), 0.0009250 secs]
35.243: [GC (Allocation Failure) 114992K->11244K(167936K), 0.0004710 secs]
35.318: [GC (Allocation Failure) 135900K->11244K(162368K), 0.0005130 secs]
35.382: [GC (Allocation Failure) 130412K->11244K(157120K), 0.0005090 secs]
35.446: [GC (Allocation Failure) 125147K->11244K(152192K), 0.0004650 secs]
35.513: [GC (Allocation Failure) 120207K->11244K(147456K), 0.0006690 secs]
35.571: [GC (Allocation Failure) 115452K->11244K(142976K), 0.0006170 secs]
35.630: [GC (Allocation Failure) 111003K->11244K(138688K), 0.0005010 secs]
35.681: [GC (Allocation Failure) 106720K->11244K(134528K), 0.0004840 secs]
35.735: [GC (Allocation Failure) 102653K->11342K(130880K), 0.0005950 secs]
35.787: [GC (Allocation Failure) 98938K->11326K(127104K), 0.0007490 secs]
35.839: [GC (Allocation Failure) 95246K->11342K(144000K), 0.0006370 secs]
35.898: [GC (Allocation Failure) 112133K->11342K(164096K), 0.0006350 secs]
35.967: [GC (Allocation Failure) 132255K->11391K(158848K), 0.0005740 secs]
36.035: [GC (Allocation Failure) 127031K->11391K(153728K), 0.0004780 secs]
36.097: [GC (Allocation Failure) 121969K->11440K(148992K), 0.0004970 secs]
36.158: [GC (Allocation Failure) 117193K->11440K(144384K), 0.0004960 secs]
36.214: [GC (Allocation Failure) 112684K->11489K(140096K), 0.0004980 secs]
36.268: [GC (Allocation Failure) 108342K->11489K(135936K), 0.0004920 secs]
36.318: [GC (Allocation Failure) 104253K->11537K(132096K), 0.0006520 secs]
36.369: [GC (Allocation Failure) 100389K->11537K(128320K), 0.0004880 secs]
36.414: [GC (Allocation Failure) 96676K->11586K(124864K), 0.0005190 secs]
36.464: [GC (Allocation Failure) 93208K->11586K(121408K), 0.0005010 secs]
36.510: [GC (Allocation Failure) 89816K->11635K(137152K), 0.0006490 secs]
36.562: [GC (Allocation Failure) 105540K->11635K(133120K), 0.0004980 secs]
36.611: [GC (Allocation Failure) 101610K->11684K(129408K), 0.0005310 secs]
36.659: [GC (Allocation Failure) 97855K->11684K(146624K), 0.0006470 secs]
36.718: [GC (Allocation Failure) 115145K->11717K(167360K), 0.0006860 secs]
36.795: [GC (Allocation Failure) 135914K->11733K(161984K), 0.0006180 secs]
36.867: [GC (Allocation Failure) 130477K->11733K(156800K), 0.0007120 secs]
36.938: [GC (Allocation Failure) 125318K->11733K(151744K), 0.0004900 secs]
36.996: [GC (Allocation Failure) 120369K->11830K(147200K), 0.0004690 secs]
37.059: [GC (Allocation Failure) 115789K->11830K(142720K), 0.0006330 secs]
37.123: [GC (Allocation Failure) 111337K->11814K(138432K), 0.0009800 secs]
37.181: [GC (Allocation Failure) 107090K->11830K(157504K), 0.0006440 secs]
37.246: [GC (Allocation Failure) 126179K->11879K(152576K), 0.0005690 secs]
37.310: [GC (Allocation Failure) 121250K->11879K(147776K), 0.0006260 secs]
37.372: [GC (Allocation Failure) 116471K->11928K(143360K), 0.0005040 secs]
37.435: [GC (Allocation Failure) 112057K->11928K(139008K), 0.0006320 secs]
37.492: [GC (Allocation Failure) 107788K->11977K(134976K), 0.0006760 secs]
37.547: [GC (Allocation Failure) 103740K->11977K(131072K), 0.0006450 secs]
37.597: [GC (Allocation Failure) 99906K->12026K(127424K), 0.0005040 secs]
37.645: [GC (Allocation Failure) 96243K->12026K(123840K), 0.0004930 secs]
37.688: [GC (Allocation Failure) 92687K->12075K(120576K), 0.0005050 secs]
37.731: [GC (Allocation Failure) 89416K->12075K(117312K), 0.0004840 secs]
37.777: [GC (Allocation Failure) 86210K->12124K(114368K), 0.0005050 secs]
37.817: [GC (Allocation Failure) 83287K->12108K(128576K), 0.0006650 secs]
37.867: [GC (Allocation Failure) 97530K->12124K(145728K), 0.0006890 secs]
37.924: [GC (Allocation Failure) 114603K->12124K(166208K), 0.0005110 secs]
37.992: [GC (Allocation Failure) 135153K->12172K(160832K), 0.0005040 secs]
38.059: [GC (Allocation Failure) 129803K->12172K(155648K), 0.0005330 secs]
38.124: [GC (Allocation Failure) 124672K->12221K(150848K), 0.0005690 secs]
38.184: [GC (Allocation Failure) 119851K->12205K(146112K), 0.0006630 secs]
38.245: [GC (Allocation Failure) 115174K->12221K(141760K), 0.0006690 secs]
38.302: [GC (Allocation Failure) 110781K->12221K(137472K), 0.0006470 secs]
38.355: [GC (Allocation Failure) 106550K->12270K(133568K), 0.0006130 secs]
38.407: [GC (Allocation Failure) 102599K->12270K(129728K), 0.0005010 secs]
38.458: [GC (Allocation Failure) 98858K->12319K(126144K), 0.0005170 secs]
38.505: [GC (Allocation Failure) 95233K->12319K(122624K), 0.0004940 secs]
38.550: [GC (Allocation Failure) 91771K->12368K(119424K), 0.0005160 secs]
38.595: [GC (Allocation Failure) 88579K->12352K(134656K), 0.0010140 secs]
38.647: [GC (Allocation Failure) 103851K->12368K(153024K), 0.0006800 secs]
38.710: [GC (Allocation Failure) 122177K->12368K(174976K), 0.0005460 secs]
38.787: [GC (Allocation Failure) 144195K->12417K(169216K), 0.0005980 secs]
38.860: [GC (Allocation Failure) 138412K->12417K(163584K), 0.0006470 secs]
38.934: [GC (Allocation Failure) 132853K->12465K(158400K), 0.0006670 secs]
39.004: [GC (Allocation Failure) 127642K->12465K(153344K), 0.0005430 secs]
39.069: [GC (Allocation Failure) 122633K->12514K(148608K), 0.0006640 secs]
39.130: [GC (Allocation Failure) 117881K->12514K(144000K), 0.0005450 secs]
39.189: [GC (Allocation Failure) 113373K->12563K(139776K), 0.0006620 secs]
39.247: [GC (Allocation Failure) 109118K->12563K(135616K), 0.0005050 secs]
39.299: [GC (Allocation Failure) 105017K->12612K(131776K), 0.0006520 secs]
39.354: [GC (Allocation Failure) 101179K->12612K(128000K), 0.0005020 secs]
39.402: [GC (Allocation Failure) 97429K->12661K(124544K), 0.0005760 secs]
39.451: [GC (Allocation Failure) 93959K->12661K(121088K), 0.0005070 secs]
39.496: [GC (Allocation Failure) 90577K->12710K(136768K), 0.0006620 secs]
39.550: [GC (Allocation Failure) 106242K->12710K(132736K), 0.0004970 secs]
39.603: [GC (Allocation Failure) 102265K->12758K(150720K), 0.0006500 secs]
39.667: [GC (Allocation Failure) 120275K->12758K(145984K), 0.0006370 secs]
39.732: [GC (Allocation Failure) 115602K->12807K(141632K), 0.0005050 secs]
39.791: [GC (Allocation Failure) 111228K->12807K(137344K), 0.0006150 secs]
39.845: [GC (Allocation Failure) 106999K->12840K(133376K), 0.0006910 secs]
39.899: [GC (Allocation Failure) 103042K->12856K(151488K), 0.0006390 secs]
39.966: [GC (Allocation Failure) 121136K->12856K(146816K), 0.0006720 secs]
40.025: [GC (Allocation Failure) 116459K->12856K(142208K), 0.0006570 secs]
40.082: [GC (Allocation Failure) 111991K->12954K(138112K), 0.0004850 secs]
40.136: [GC (Allocation Failure) 107817K->12954K(134080K), 0.0006140 secs]
40.187: [GC (Allocation Failure) 103805K->12954K(130240K), 0.0005160 secs]
40.236: [GC (Allocation Failure) 99976K->12954K(126464K), 0.0004870 secs]
40.282: [GC (Allocation Failure) 96302K->13052K(123136K), 0.0004790 secs]
40.329: [GC (Allocation Failure) 92950K->13052K(139136K), 0.0006210 secs]
40.391: [GC (Allocation Failure) 108986K->13052K(158336K), 0.0009680 secs]
40.453: [GC (Allocation Failure) 128154K->13056K(181376K), 0.0004680 secs]
40.532: [GC (Allocation Failure) 151221K->13056K(175232K), 0.0006860 secs]
40.607: [GC (Allocation Failure) 145080K->13056K(169280K), 0.0007030 secs]
40.684: [GC (Allocation Failure) 139220K->13153K(163904K), 0.0005470 secs]
40.751: [GC (Allocation Failure) 133768K->13153K(158528K), 0.0006990 secs]
40.814: [GC (Allocation Failure) 128443K->13153K(153472K), 0.0006820 secs]
40.879: [GC (Allocation Failure) 123391K->13153K(148672K), 0.0004810 secs]
40.940: [GC (Allocation Failure) 118592K->13153K(144128K), 0.0006750 secs]
41.001: [GC (Allocation Failure) 114035K->13153K(139840K), 0.0006500 secs]
41.058: [GC (Allocation Failure) 109763K->13153K(135744K), 0.0006990 secs]
41.113: [GC (Allocation Failure) 105695K->13137K(154176K), 0.0010390 secs]
41.178: [GC (Allocation Failure) 124236K->13251K(176640K), 0.0006450 secs]
41.255: [GC (Allocation Failure) 146598K->13251K(170688K), 0.0005780 secs]
41.324: [GC (Allocation Failure) 140703K->13251K(165056K), 0.0005170 secs]
41.396: [GC (Allocation Failure) 135093K->13251K(159680K), 0.0004840 secs]
41.462: [GC (Allocation Failure) 129708K->13251K(154624K), 0.0006840 secs]
41.526: [GC (Allocation Failure) 124661K->13251K(149632K), 0.0004910 secs]
41.584: [GC (Allocation Failure) 119789K->13349K(145216K), 0.0004850 secs]
41.643: [GC (Allocation Failure) 115286K->13349K(140800K), 0.0005820 secs]
41.699: [GC (Allocation Failure) 110907K->13349K(136640K), 0.0005420 secs]
41.752: [GC (Allocation Failure) 106762K->13349K(132672K), 0.0004760 secs]
41.803: [GC (Allocation Failure) 102781K->13349K(128896K), 0.0007370 secs]
41.854: [GC (Allocation Failure) 99020K->13349K(125184K), 0.0004950 secs]
41.902: [GC (Allocation Failure) 95448K->13430K(141824K), 0.0010110 secs]
41.962: [GC (Allocation Failure) 111990K->13446K(161472K), 0.0004860 secs]
42.030: [GC (Allocation Failure) 131705K->13446K(156288K), 0.0005360 secs]
42.090: [GC (Allocation Failure) 126534K->13446K(151232K), 0.0004960 secs]
42.149: [GC (Allocation Failure) 121581K->13544K(146752K), 0.0006310 secs]
42.211: [GC (Allocation Failure) 116985K->13544K(142272K), 0.0006860 secs]
42.270: [GC (Allocation Failure) 112594K->13544K(138048K), 0.0006720 secs]
42.323: [GC (Allocation Failure) 108392K->13544K(134016K), 0.0005070 secs]
42.373: [GC (Allocation Failure) 104312K->13544K(130176K), 0.0005130 secs]
42.421: [GC (Allocation Failure) 100500K->13544K(126400K), 0.0004900 secs]
42.469: [GC (Allocation Failure) 96869K->13626K(143296K), 0.0006870 secs]
42.524: [GC (Allocation Failure) 113629K->13626K(163200K), 0.0007100 secs]
42.589: [GC (Allocation Failure) 133672K->13642K(158016K), 0.0005140 secs]
42.658: [GC (Allocation Failure) 128428K->13642K(152960K), 0.0005060 secs]
42.719: [GC (Allocation Failure) 123463K->13691K(148288K), 0.0006700 secs]
42.787: [GC (Allocation Failure) 118772K->13691K(143680K), 0.0006740 secs]
42.846: [GC (Allocation Failure) 114227K->13739K(139456K), 0.0005210 secs]
42.901: [GC (Allocation Failure) 109977K->13723K(135296K), 0.0006870 secs]
42.957: [GC (Allocation Failure) 105852K->13739K(131456K), 0.0006800 secs]
43.007: [GC (Allocation Failure) 101981K->13739K(127680K), 0.0005200 secs]
43.059: [GC (Allocation Failure) 98256K->13772K(144640K), 0.0010250 secs]
43.119: [GC (Allocation Failure) 115267K->13788K(165056K), 0.0005660 secs]
43.189: [GC (Allocation Failure) 135636K->13788K(159680K), 0.0005340 secs]
43.258: [GC (Allocation Failure) 130236K->13788K(154496K), 0.0005000 secs]
43.322: [GC (Allocation Failure) 125172K->13886K(149760K), 0.0004900 secs]
43.384: [GC (Allocation Failure) 120423K->13870K(171008K), 0.0010040 secs]
43.460: [GC (Allocation Failure) 141707K->13886K(165440K), 0.0006770 secs]
43.530: [GC (Allocation Failure) 136091K->13886K(160000K), 0.0005100 secs]
43.600: [GC (Allocation Failure) 130703K->13919K(183424K), 0.0011120 secs]
43.678: [GC (Allocation Failure) 154191K->13935K(177216K), 0.0006610 secs]
43.753: [GC (Allocation Failure) 147908K->13919K(171200K), 0.0007210 secs]
43.825: [GC (Allocation Failure) 141940K->13935K(165568K), 0.0005130 secs]
43.898: [GC (Allocation Failure) 136347K->13984K(160256K), 0.0005130 secs]
43.962: [GC (Allocation Failure) 130991K->13984K(155072K), 0.0006580 secs]
44.031: [GC (Allocation Failure) 125881K->14032K(150272K), 0.0006960 secs]
44.098: [GC (Allocation Failure) 121071K->14032K(145600K), 0.0006710 secs]
44.159: [GC (Allocation Failure) 116467K->14081K(141248K), 0.0007080 secs]
44.214: [GC (Allocation Failure) 112118K->14081K(137024K), 0.0005600 secs]
44.268: [GC (Allocation Failure) 107963K->14130K(133120K), 0.0005910 secs]
44.320: [GC (Allocation Failure) 104026K->14130K(129280K), 0.0005570 secs]
44.369: [GC (Allocation Failure) 100226K->14179K(125760K), 0.0005820 secs]
44.418: [GC (Allocation Failure) 96727K->14179K(122304K), 0.0005590 secs]
44.463: [GC (Allocation Failure) 93318K->14228K(138240K), 0.0006660 secs]
44.517: [GC (Allocation Failure) 109268K->14228K(157184K), 0.0012320 secs]
44.583: [GC (Allocation Failure) 128250K->14277K(180096K), 0.0005200 secs]
44.662: [GC (Allocation Failure) 151158K->14277K(207424K), 0.0006730 secs]
44.754: [GC (Allocation Failure) 178529K->14325K(200064K), 0.0005280 secs]
44.846: [GC (Allocation Failure) 171179K->14325K(192896K), 0.0005050 secs]
44.928: [GC (Allocation Failure) 164081K->14374K(186240K), 0.0006840 secs]
45.012: [GC (Allocation Failure) 157377K->14358K(179776K), 0.0007030 secs]
45.092: [GC (Allocation Failure) 150996K->14374K(173760K), 0.0006850 secs]
45.164: [GC (Allocation Failure) 144904K->14358K(167936K), 0.0006960 secs]
45.243: [GC (Allocation Failure) 139156K->14374K(162496K), 0.0005220 secs]
45.313: [GC (Allocation Failure) 133649K->14374K(157184K), 0.0006520 secs]
45.375: [GC (Allocation Failure) 128395K->14423K(152256K), 0.0005230 secs]
45.438: [GC (Allocation Failure) 123460K->14407K(147456K), 0.0009830 secs]
45.500: [GC (Allocation Failure) 118724K->14423K(143040K), 0.0006930 secs]
45.554: [GC (Allocation Failure) 114230K->14423K(138688K), 0.0005500 secs]
45.614: [GC (Allocation Failure) 109956K->14472K(134720K), 0.0005220 secs]
45.665: [GC (Allocation Failure) 105975K->14472K(130816K), 0.0006700 secs]
45.717: [GC (Allocation Failure) 102127K->14521K(127232K), 0.0005330 secs]
45.770: [GC (Allocation Failure) 98543K->14521K(144000K), 0.0006700 secs]
45.833: [GC (Allocation Failure) 115373K->14554K(164224K), 0.0010360 secs]
45.905: [GC (Allocation Failure) 135640K->14570K(188544K), 0.0004880 secs]
45.991: [GC (Allocation Failure) 159874K->14574K(182016K), 0.0005260 secs]
46.073: [GC (Allocation Failure) 153350K->14574K(175680K), 0.0006740 secs]
46.150: [GC (Allocation Failure) 147153K->14671K(169920K), 0.0006440 secs]
46.221: [GC (Allocation Failure) 141359K->14671K(164352K), 0.0006520 secs]
46.292: [GC (Allocation Failure) 135778K->14671K(159040K), 0.0006970 secs]
46.358: [GC (Allocation Failure) 130498K->14671K(153856K), 0.0005040 secs]
46.423: [GC (Allocation Failure) 125429K->14769K(149184K), 0.0006670 secs]
46.488: [GC (Allocation Failure) 120709K->14769K(144640K), 0.0004900 secs]
46.546: [GC (Allocation Failure) 116194K->14769K(140288K), 0.0007020 secs]
46.603: [GC (Allocation Failure) 111856K->14769K(136000K), 0.0005080 secs]
46.655: [GC (Allocation Failure) 107691K->14867K(132288K), 0.0006930 secs]
46.707: [GC (Allocation Failure) 103887K->14867K(128512K), 0.0005940 secs]
46.760: [GC (Allocation Failure) 100139K->14867K(145600K), 0.0006900 secs]
46.820: [GC (Allocation Failure) 117249K->14867K(141184K), 0.0005460 secs]
46.875: [GC (Allocation Failure) 112802K->14867K(160832K), 0.0007120 secs]
46.942: [GC (Allocation Failure) 132498K->14867K(155712K), 0.0005610 secs]
47.009: [GC (Allocation Failure) 127354K->14867K(150848K), 0.0005320 secs]
47.074: [GC (Allocation Failure) 122470K->14867K(146048K), 0.0006680 secs]
47.135: [GC (Allocation Failure) 117829K->14964K(141824K), 0.0004920 secs]
47.190: [GC (Allocation Failure) 113478K->14964K(137536K), 0.0006940 secs]
47.245: [GC (Allocation Failure) 109254K->14964K(133568K), 0.0006010 secs]
47.296: [GC (Allocation Failure) 105311K->14964K(129792K), 0.0005000 secs]
47.344: [GC (Allocation Failure) 101514K->14964K(126144K), 0.0006030 secs]
47.392: [GC (Allocation Failure) 97894K->14964K(142656K), 0.0005910 secs]
47.450: [GC (Allocation Failure) 114502K->15062K(138624K), 0.0005110 secs]
47.505: [GC (Allocation Failure) 110412K->15062K(134528K), 0.0006910 secs]
47.557: [GC (Allocation Failure) 106390K->15062K(152832K), 0.0006030 secs]
47.627: [GC (Allocation Failure) 124652K->15062K(148096K), 0.0006900 secs]
47.687: [GC (Allocation Failure) 119956K->15062K(143552K), 0.0005850 secs]
47.745: [GC (Allocation Failure) 115382K->15062K(139136K), 0.0005140 secs]
47.799: [GC (Allocation Failure) 111126K->15160K(135232K), 0.0005120 secs]
47.848: [GC (Allocation Failure) 107108K->15160K(131264K), 0.0005250 secs]
47.898: [GC (Allocation Failure) 103207K->15164K(127552K), 0.0005330 secs]
47.944: [GC (Allocation Failure) 99472K->15148K(144384K), 0.0007360 secs]
48.002: [GC (Allocation Failure) 116373K->15164K(140096K), 0.0005330 secs]
48.061: [GC (Allocation Failure) 112046K->15164K(135936K), 0.0005180 secs]
48.113: [GC (Allocation Failure) 107924K->15213K(132096K), 0.0005240 secs]
48.163: [GC (Allocation Failure) 104081K->15213K(128320K), 0.0005170 secs]
48.213: [GC (Allocation Failure) 100391K->15262K(124864K), 0.0005260 secs]
48.259: [GC (Allocation Failure) 96891K->15262K(121408K), 0.0005140 secs]
48.305: [GC (Allocation Failure) 93497K->15294K(137088K), 0.0008600 secs]
48.360: [GC (Allocation Failure) 109212K->15310K(155968K), 0.0004950 secs]
48.424: [GC (Allocation Failure) 128076K->15310K(178560K), 0.0006210 secs]
48.502: [GC (Allocation Failure) 150669K->15310K(172416K), 0.0005910 secs]
48.573: [GC (Allocation Failure) 144619K->15408K(166848K), 0.0006630 secs]
48.647: [GC (Allocation Failure) 139046K->15392K(191552K), 0.0011330 secs]
48.738: [GC (Allocation Failure) 163776K->15392K(184896K), 0.0007390 secs]
48.820: [GC (Allocation Failure) 157133K->15408K(178624K), 0.0004940 secs]
48.898: [GC (Allocation Failure) 150786K->15408K(172608K), 0.0005390 secs]
48.973: [GC (Allocation Failure) 144816K->15408K(166784K), 0.0006820 secs]
49.042: [GC (Allocation Failure) 139109K->15510K(161472K), 0.0005700 secs]
49.109: [GC (Allocation Failure) 133768K->15510K(156288K), 0.0005130 secs]
49.173: [GC (Allocation Failure) 128559K->15494K(151296K), 0.0010640 secs]
49.236: [GC (Allocation Failure) 123613K->15494K(146624K), 0.0007040 secs]
49.297: [GC (Allocation Failure) 118967K->15510K(142272K), 0.0006090 secs]
49.355: [GC (Allocation Failure) 114540K->15510K(162048K), 0.0007350 secs]
49.420: [GC (Allocation Failure) 134375K->15559K(185920K), 0.0006990 secs]
49.506: [GC (Allocation Failure) 158244K->15559K(179456K), 0.0005180 secs]
49.589: [GC (Allocation Failure) 151866K->15607K(173440K), 0.0006810 secs]
49.664: [GC (Allocation Failure) 145836K->15607K(167616K), 0.0005170 secs]
49.734: [GC (Allocation Failure) 140065K->15656K(162176K), 0.0007030 secs]
49.801: [GC (Allocation Failure) 134610K->15656K(156928K), 0.0005670 secs]
49.866: [GC (Allocation Failure) 129419K->15705K(152064K), 0.0006070 secs]
49.928: [GC (Allocation Failure) 124535K->15705K(147264K), 0.0005190 secs]
49.986: [GC (Allocation Failure) 119789K->15754K(142848K), 0.0005350 secs]
50.041: [GC (Allocation Failure) 115371K->15754K(138496K), 0.0006760 secs]
50.096: [GC (Allocation Failure) 111078K->15803K(134528K), 0.0006020 secs]
50.148: [GC (Allocation Failure) 107117K->15803K(130624K), 0.0006800 secs]
50.198: [GC (Allocation Failure) 103275K->15852K(127040K), 0.0005480 secs]
50.246: [GC (Allocation Failure) 99648K->15852K(123520K), 0.0005160 secs]
50.289: [GC (Allocation Failure) 96198K->15900K(139712K), 0.0005360 secs]
50.342: [GC (Allocation Failure) 112396K->15900K(158976K), 0.0005520 secs]
50.408: [GC (Allocation Failure) 131732K->15949K(153984K), 0.0005260 secs]
50.475: [GC (Allocation Failure) 126704K->15949K(149120K), 0.0005230 secs]
50.545: [GC (Allocation Failure) 121933K->15998K(144640K), 0.0006090 secs]
50.604: [GC (Allocation Failure) 117392K->15998K(140224K), 0.0005180 secs]
50.661: [GC (Allocation Failure) 113085K->16047K(136128K), 0.0006820 secs]
50.716: [GC (Allocation Failure) 108969K->16047K(132160K), 0.0006800 secs]
50.767: [GC (Allocation Failure) 105049K->16096K(150080K), 0.0007090 secs]
50.830: [GC (Allocation Failure) 122953K->16096K(145408K), 0.0005280 secs]
50.889: [GC (Allocation Failure) 118327K->16145K(141056K), 0.0007090 secs]
50.945: [GC (Allocation Failure) 113983K->16149K(136832K), 0.0005160 secs]
51.001: [GC (Allocation Failure) 109837K->16182K(155584K), 0.0007490 secs]
51.067: [GC (Allocation Failure) 128599K->16198K(150784K), 0.0005260 secs]
51.127: [GC (Allocation Failure) 123742K->16198K(146112K), 0.0007270 secs]
51.192: [GC (Allocation Failure) 119105K->16198K(141568K), 0.0004960 secs]
51.246: [GC (Allocation Failure) 114656K->16295K(137472K), 0.0006540 secs]
51.303: [GC (Allocation Failure) 110564K->16295K(133504K), 0.0005170 secs]
51.354: [GC (Allocation Failure) 106556K->16295K(129728K), 0.0006950 secs]
51.401: [GC (Allocation Failure) 102821K->16295K(146944K), 0.0005210 secs]
51.461: [GC (Allocation Failure) 120136K->16393K(142592K), 0.0005130 secs]
51.519: [GC (Allocation Failure) 115754K->16393K(138368K), 0.0004970 secs]
51.572: [GC (Allocation Failure) 111544K->16393K(134336K), 0.0005460 secs]
51.630: [GC (Allocation Failure) 107483K->16393K(130496K), 0.0006690 secs]
51.681: [GC (Allocation Failure) 103674K->16393K(126848K), 0.0005260 secs]
51.728: [GC (Allocation Failure) 100020K->16393K(143488K), 0.0006930 secs]
51.791: [GC (Allocation Failure) 116775K->16491K(139392K), 0.0005310 secs]
51.845: [GC (Allocation Failure) 112602K->16491K(158592K), 0.0007010 secs]
51.912: [GC (Allocation Failure) 131865K->16491K(153536K), 0.0006130 secs]
51.977: [GC (Allocation Failure) 126794K->16491K(148736K), 0.0005080 secs]
52.033: [GC (Allocation Failure) 122022K->16491K(144192K), 0.0005440 secs]
52.090: [GC (Allocation Failure) 117435K->16491K(139840K), 0.0005050 secs]
52.147: [GC (Allocation Failure) 113115K->16491K(135744K), 0.0007160 secs]
52.205: [GC (Allocation Failure) 109016K->16491K(131712K), 0.0007150 secs]
52.255: [GC (Allocation Failure) 105113K->16592K(128192K), 0.0005160 secs]
52.306: [GC (Allocation Failure) 101496K->16592K(124608K), 0.0005340 secs]
52.353: [GC (Allocation Failure) 97964K->16592K(140928K), 0.0007200 secs]
52.409: [GC (Allocation Failure) 114278K->16592K(160384K), 0.0006000 secs]
52.476: [GC (Allocation Failure) 133877K->16674K(184064K), 0.0010300 secs]
52.563: [GC (Allocation Failure) 157445K->16690K(212160K), 0.0005300 secs]
52.655: [GC (Allocation Failure) 185645K->16674K(204416K), 0.0009020 secs]
52.746: [GC (Allocation Failure) 177944K->16690K(197120K), 0.0005170 secs]
52.833: [GC (Allocation Failure) 170654K->16739K(190272K), 0.0005400 secs]
52.918: [GC (Allocation Failure) 163788K->16723K(183616K), 0.0007290 secs]
52.994: [GC (Allocation Failure) 157194K->16739K(177408K), 0.0005390 secs]
53.071: [GC (Allocation Failure) 150916K->16739K(171392K), 0.0005340 secs]
53.141: [GC (Allocation Failure) 144977K->16788K(165760K), 0.0007130 secs]
53.214: [GC (Allocation Failure) 139342K->16788K(160320K), 0.0005850 secs]
53.285: [GC (Allocation Failure) 133957K->16821K(155200K), 0.0010760 secs]
53.347: [GC (Allocation Failure) 128871K->16837K(150400K), 0.0005260 secs]
53.409: [GC (Allocation Failure) 123992K->16837K(145792K), 0.0005490 secs]
53.469: [GC (Allocation Failure) 119417K->16837K(141248K), 0.0005150 secs]
53.523: [GC (Allocation Failure) 114983K->16934K(137216K), 0.0006850 secs]
53.583: [GC (Allocation Failure) 110948K->16934K(133248K), 0.0005180 secs]
53.633: [GC (Allocation Failure) 106978K->16934K(129472K), 0.0007020 secs]
53.687: [GC (Allocation Failure) 103174K->16934K(146624K), 0.0008040 secs]
53.745: [GC (Allocation Failure) 120451K->17032K(167488K), 0.0006430 secs]
53.814: [GC (Allocation Failure) 141317K->17016K(192320K), 0.0008850 secs]
53.902: [GC (Allocation Failure) 166166K->17032K(222272K), 0.0007180 secs]
54.005: [GC (Allocation Failure) 196096K->17032K(214016K), 0.0005970 secs]
54.104: [GC (Allocation Failure) 187884K->17081K(206336K), 0.0005410 secs]
54.197: [GC (Allocation Failure) 180212K->17081K(198912K), 0.0005470 secs]
54.289: [GC (Allocation Failure) 172844K->17130K(191936K), 0.0007150 secs]
54.378: [GC (Allocation Failure) 165856K->17130K(185216K), 0.0007020 secs]
54.459: [GC (Allocation Failure) 159166K->17178K(178944K), 0.0005530 secs]
54.535: [GC (Allocation Failure) 152907K->17162K(172864K), 0.0007180 secs]
54.609: [GC (Allocation Failure) 146850K->17178K(167168K), 0.0005440 secs]
54.684: [GC (Allocation Failure) 141133K->17162K(161664K), 0.0010450 secs]
54.755: [GC (Allocation Failure) 135663K->17178K(156544K), 0.0007280 secs]
54.822: [GC (Allocation Failure) 130493K->17178K(151552K), 0.0005840 secs]
54.882: [GC (Allocation Failure) 125553K->17227K(146944K), 0.0007180 secs]
54.941: [GC (Allocation Failure) 120943K->17227K(142400K), 0.0006940 secs]
55.000: [GC (Allocation Failure) 116489K->17276K(138240K), 0.0005410 secs]
55.055: [GC (Allocation Failure) 112302K->17280K(134144K), 0.0007070 secs]
55.109: [GC (Allocation Failure) 108278K->17329K(152448K), 0.0007290 secs]
55.173: [GC (Allocation Failure) 126556K->17333K(174272K), 0.0007260 secs]
55.250: [GC (Allocation Failure) 148455K->17382K(168512K), 0.0007030 secs]
55.325: [GC (Allocation Failure) 142673K->17382K(162944K), 0.0005350 secs]
55.392: [GC (Allocation Failure) 137160K->17415K(157696K), 0.0009050 secs]
55.459: [GC (Allocation Failure) 131956K->17431K(152768K), 0.0005360 secs]
55.521: [GC (Allocation Failure) 126962K->17431K(148032K), 0.0005590 secs]
55.579: [GC (Allocation Failure) 122215K->17431K(143424K), 0.0007180 secs]
55.639: [GC (Allocation Failure) 117736K->17528K(139264K), 0.0005980 secs]
55.693: [GC (Allocation Failure) 113566K->17528K(135168K), 0.0005120 secs]
55.746: [GC (Allocation Failure) 109476K->17528K(153600K), 0.0007190 secs]
55.812: [GC (Allocation Failure) 127900K->17528K(148672K), 0.0007060 secs]
55.870: [GC (Allocation Failure) 123110K->17626K(144256K), 0.0005510 secs]
55.932: [GC (Allocation Failure) 118672K->17626K(139904K), 0.0006870 secs]
55.992: [GC (Allocation Failure) 114296K->17626K(135808K), 0.0007090 secs]
56.049: [GC (Allocation Failure) 110213K->17626K(154240K), 0.0007060 secs]
56.115: [GC (Allocation Failure) 128790K->17724K(149632K), 0.0005160 secs]
56.175: [GC (Allocation Failure) 124059K->17728K(144960K), 0.0007390 secs]
56.233: [GC (Allocation Failure) 119468K->17728K(165312K), 0.0007230 secs]
56.304: [GC (Allocation Failure) 139806K->17728K(159936K), 0.0005150 secs]
56.368: [GC (Allocation Failure) 134422K->17728K(154816K), 0.0005470 secs]
56.428: [GC (Allocation Failure) 129327K->17728K(149952K), 0.0005190 secs]
56.488: [GC (Allocation Failure) 124459K->17728K(145344K), 0.0005460 secs]
56.548: [GC (Allocation Failure) 119840K->17728K(140864K), 0.0006260 secs]
56.602: [GC (Allocation Failure) 115513K->17825K(136896K), 0.0006880 secs]
56.656: [GC (Allocation Failure) 111433K->17825K(132864K), 0.0005400 secs]
56.707: [GC (Allocation Failure) 107481K->17825K(150848K), 0.0006950 secs]
56.770: [GC (Allocation Failure) 125447K->17825K(146176K), 0.0005980 secs]
56.835: [GC (Allocation Failure) 120763K->17825K(141760K), 0.0005620 secs]
56.890: [GC (Allocation Failure) 116366K->17825K(137408K), 0.0005120 secs]
56.942: [GC (Allocation Failure) 112128K->17923K(133632K), 0.0006000 secs]
56.997: [GC (Allocation Failure) 108283K->17923K(129792K), 0.0005440 secs]
57.044: [GC (Allocation Failure) 104507K->17923K(126144K), 0.0006260 secs]
57.094: [GC (Allocation Failure) 100823K->17923K(142784K), 0.0006720 secs]
57.150: [GC (Allocation Failure) 117504K->17923K(162752K), 0.0005630 secs]
57.222: [GC (Allocation Failure) 137440K->17923K(157376K), 0.0007190 secs]
57.286: [GC (Allocation Failure) 132194K->18021K(152576K), 0.0005170 secs]
57.351: [GC (Allocation Failure) 127326K->18021K(147776K), 0.0007270 secs]
57.410: [GC (Allocation Failure) 122587K->18021K(143296K), 0.0005520 secs]
57.470: [GC (Allocation Failure) 118099K->18021K(139008K), 0.0006880 secs]
57.524: [GC (Allocation Failure) 113789K->18021K(134912K), 0.0005500 secs]
57.580: [GC (Allocation Failure) 109690K->18021K(130944K), 0.0005200 secs]
57.629: [GC (Allocation Failure) 105866K->18118K(127424K), 0.0005150 secs]
57.675: [GC (Allocation Failure) 102240K->18118K(144192K), 0.0006460 secs]
57.732: [GC (Allocation Failure) 119094K->18118K(164416K), 0.0007150 secs]
57.804: [GC (Allocation Failure) 139312K->18118K(159104K), 0.0005350 secs]
57.869: [GC (Allocation Failure) 133977K->18106K(182272K), 0.0011250 secs]
57.949: [GC (Allocation Failure) 157222K->18122K(176064K), 0.0005330 secs]
58.024: [GC (Allocation Failure) 151006K->18155K(170176K), 0.0007630 secs]
58.099: [GC (Allocation Failure) 145148K->18171K(164608K), 0.0005930 secs]
58.171: [GC (Allocation Failure) 139578K->18171K(159296K), 0.0005430 secs]
58.235: [GC (Allocation Failure) 134238K->18171K(154112K), 0.0007150 secs]
58.299: [GC (Allocation Failure) 129211K->18269K(149440K), 0.0006020 secs]
58.359: [GC (Allocation Failure) 124490K->18269K(144832K), 0.0006700 secs]
58.417: [GC (Allocation Failure) 119887K->18269K(140480K), 0.0005530 secs]
58.473: [GC (Allocation Failure) 115507K->18269K(136192K), 0.0005240 secs]
58.524: [GC (Allocation Failure) 111355K->18367K(132352K), 0.0005240 secs]
