0.349: [GC (Allocation Failure) 16042K->913K(61824K), 0.0023930 secs]
0.378: [GC (Allocation Failure) 17033K->978K(61824K), 0.0037420 secs]
0.406: [GC (Allocation Failure) 17035K->873K(61824K), 0.0019710 secs]
0.425: [GC (Allocation Failure) 16997K->885K(77952K), 0.0017460 secs]
0.467: [GC (Allocation Failure) 33108K->877K(77952K), 0.0037060 secs]
0.500: [GC (Allocation Failure) 33131K->897K(108544K), 0.0017740 secs]
0.583: [GC (Allocation Failure) 65335K->913K(108544K), 0.0017190 secs]
0.642: [GC (Allocation Failure) 65383K->917K(173120K), 0.0004170 secs]
0.784: [GC (Allocation Failure) 129790K->921K(173184K), 0.0007610 secs]
0.887: [GC (Allocation Failure) 129808K->925K(250624K), 0.0004410 secs]
1.099: [GC (Allocation Failure) 207188K->933K(250624K), 0.0005860 secs]
1.254: [GC (Allocation Failure) 207215K->921K(374464K), 0.0006570 secs]
1.573: [GC (Allocation Failure) 331057K->941K(374464K), 0.0004420 secs]
1.815: [GC (Allocation Failure) 331065K->945K(357760K), 0.0006970 secs]
1.999: [GC (Allocation Failure) 315381K->949K(342848K), 0.0004720 secs]
2.172: [GC (Allocation Failure) 300459K->949K(328640K), 0.0007350 secs]
2.325: [GC (Allocation Failure) 286241K->949K(315136K), 0.0006500 secs]
2.468: [GC (Allocation Failure) 272776K->949K(302336K), 0.0004570 secs]
2.600: [GC (Allocation Failure) 259990K->949K(290176K), 0.0004630 secs]
2.723: [GC (Allocation Failure) 247829K->949K(278592K), 0.0004800 secs]
2.843: [GC (Allocation Failure) 236207K->953K(267584K), 0.0006600 secs]
2.959: [GC (Allocation Failure) 225252K->953K(257152K), 0.0004500 secs]
3.074: [GC (Allocation Failure) 214764K->953K(247232K), 0.0006490 secs]
3.179: [GC (Allocation Failure) 204882K->953K(237824K), 0.0004650 secs]
3.280: [GC (Allocation Failure) 195511K->1050K(228992K), 0.0007420 secs]
3.371: [GC (Allocation Failure) 186646K->953K(220352K), 0.0004730 secs]
3.461: [GC (Allocation Failure) 177950K->953K(212288K), 0.0006400 secs]
3.547: [GC (Allocation Failure) 169976K->953K(204608K), 0.0004860 secs]
3.636: [GC (Allocation Failure) 162284K->953K(197312K), 0.0004800 secs]
3.714: [GC (Allocation Failure) 154968K->953K(190400K), 0.0004610 secs]
3.792: [GC (Allocation Failure) 148068K->953K(183808K), 0.0006590 secs]
3.864: [GC (Allocation Failure) 141489K->953K(177536K), 0.0005920 secs]
3.930: [GC (Allocation Failure) 135175K->953K(171584K), 0.0004730 secs]
3.993: [GC (Allocation Failure) 129258K->953K(165888K), 0.0004660 secs]
4.053: [GC (Allocation Failure) 123556K->953K(160512K), 0.0004740 secs]
4.117: [GC (Allocation Failure) 118158K->953K(155392K), 0.0004630 secs]
4.173: [GC (Allocation Failure) 113056K->953K(150528K), 0.0004810 secs]
4.230: [GC (Allocation Failure) 108217K->953K(145920K), 0.0004420 secs]
4.284: [GC (Allocation Failure) 103578K->953K(141504K), 0.0006710 secs]
4.334: [GC (Allocation Failure) 99185K->953K(166080K), 0.0014420 secs]
4.397: [GC (Allocation Failure) 123710K->953K(193152K), 0.0005580 secs]
4.472: [GC (Allocation Failure) 150831K->953K(186432K), 0.0004740 secs]
4.544: [GC (Allocation Failure) 144072K->953K(180032K), 0.0006370 secs]
4.613: [GC (Allocation Failure) 137712K->953K(173952K), 0.0004840 secs]
4.683: [GC (Allocation Failure) 131567K->953K(168192K), 0.0006790 secs]
4.746: [GC (Allocation Failure) 125875K->953K(162688K), 0.0005560 secs]
4.806: [GC (Allocation Failure) 120341K->1050K(157568K), 0.0005460 secs]
4.864: [GC (Allocation Failure) 115152K->953K(152384K), 0.0004410 secs]
4.916: [GC (Allocation Failure) 110042K->1050K(147712K), 0.0004660 secs]
4.973: [GC (Allocation Failure) 105461K->1034K(143232K), 0.0007930 secs]
5.025: [GC (Allocation Failure) 100984K->1050K(138944K), 0.0006620 secs]
5.072: [GC (Allocation Failure) 96708K->1050K(134912K), 0.0004840 secs]
5.119: [GC (Allocation Failure) 92629K->1050K(131072K), 0.0004740 secs]
5.165: [GC (Allocation Failure) 88771K->1050K(127424K), 0.0005620 secs]
5.208: [GC (Allocation Failure) 85141K->1050K(123904K), 0.0004780 secs]
5.251: [GC (Allocation Failure) 81684K->1050K(120512K), 0.0004290 secs]
5.290: [GC (Allocation Failure) 78359K->1246K(136064K), 0.0006140 secs]
5.335: [GC (Allocation Failure) 93991K->1246K(154624K), 0.0004460 secs]
5.394: [GC (Allocation Failure) 112546K->1246K(149824K), 0.0004830 secs]
5.448: [GC (Allocation Failure) 107757K->1246K(145152K), 0.0004530 secs]
5.497: [GC (Allocation Failure) 103129K->1343K(140864K), 0.0004850 secs]
5.547: [GC (Allocation Failure) 98927K->1343K(136704K), 0.0004770 secs]
5.595: [GC (Allocation Failure) 94769K->1343K(132736K), 0.0004380 secs]
5.641: [GC (Allocation Failure) 90722K->1347K(128896K), 0.0004370 secs]
5.683: [GC (Allocation Failure) 87043K->1433K(125376K), 0.0006240 secs]
5.729: [GC (Allocation Failure) 83480K->1449K(121984K), 0.0004300 secs]
5.776: [GC (Allocation Failure) 80101K->1632K(137792K), 0.0008460 secs]
5.824: [GC (Allocation Failure) 96074K->1551K(156480K), 0.0006700 secs]
5.884: [GC (Allocation Failure) 114925K->1746K(179520K), 0.0004440 secs]
5.954: [GC (Allocation Failure) 137848K->1746K(173312K), 0.0004720 secs]
6.022: [GC (Allocation Failure) 131750K->1746K(167552K), 0.0004860 secs]
6.082: [GC (Allocation Failure) 125985K->1746K(162112K), 0.0004580 secs]
6.144: [GC (Allocation Failure) 120571K->1746K(156928K), 0.0004980 secs]
6.201: [GC (Allocation Failure) 115354K->1746K(152000K), 0.0004640 secs]
6.254: [GC (Allocation Failure) 110418K->1730K(147328K), 0.0007920 secs]
6.306: [GC (Allocation Failure) 105762K->1746K(142848K), 0.0004700 secs]
6.356: [GC (Allocation Failure) 101282K->1746K(138624K), 0.0004840 secs]
6.402: [GC (Allocation Failure) 97030K->1746K(134528K), 0.0004460 secs]
6.447: [GC (Allocation Failure) 93023K->1844K(130752K), 0.0004830 secs]
6.492: [GC (Allocation Failure) 89293K->1844K(127104K), 0.0004470 secs]
6.532: [GC (Allocation Failure) 85611K->1844K(123648K), 0.0005090 secs]
6.574: [GC (Allocation Failure) 82186K->1844K(139712K), 0.0005410 secs]
6.621: [GC (Allocation Failure) 98346K->1941K(135680K), 0.0004830 secs]
6.667: [GC (Allocation Failure) 94310K->1941K(131776K), 0.0005380 secs]
6.712: [GC (Allocation Failure) 90377K->1941K(128064K), 0.0004780 secs]
6.759: [GC (Allocation Failure) 86713K->1925K(144896K), 0.0008800 secs]
6.811: [GC (Allocation Failure) 103614K->2039K(165376K), 0.0005110 secs]
6.871: [GC (Allocation Failure) 124066K->2039K(189824K), 0.0006860 secs]
6.947: [GC (Allocation Failure) 148503K->2039K(183232K), 0.0004840 secs]
7.016: [GC (Allocation Failure) 141975K->2039K(176896K), 0.0004820 secs]
7.082: [GC (Allocation Failure) 135656K->2121K(171008K), 0.0006930 secs]
7.147: [GC (Allocation Failure) 129801K->2137K(165376K), 0.0004380 secs]
7.209: [GC (Allocation Failure) 124233K->2137K(160000K), 0.0005850 secs]
7.268: [GC (Allocation Failure) 118811K->2137K(154816K), 0.0004750 secs]
7.326: [GC (Allocation Failure) 113681K->2234K(150016K), 0.0005680 secs]
7.383: [GC (Allocation Failure) 108971K->2234K(145408K), 0.0005680 secs]
7.435: [GC (Allocation Failure) 104348K->2234K(141056K), 0.0004840 secs]
7.482: [GC (Allocation Failure) 99992K->2234K(136832K), 0.0005050 secs]
7.528: [GC (Allocation Failure) 95783K->2332K(132928K), 0.0004770 secs]
7.572: [GC (Allocation Failure) 91930K->2332K(129152K), 0.0004500 secs]
7.616: [GC (Allocation Failure) 88190K->2332K(125568K), 0.0005050 secs]
7.657: [GC (Allocation Failure) 84615K->2332K(122112K), 0.0005140 secs]
7.697: [GC (Allocation Failure) 81226K->2430K(118912K), 0.0004750 secs]
7.735: [GC (Allocation Failure) 77981K->2430K(134080K), 0.0004460 secs]
7.781: [GC (Allocation Failure) 93218K->2414K(152256K), 0.0006090 secs]
7.840: [GC (Allocation Failure) 111373K->2430K(174016K), 0.0005820 secs]
7.905: [GC (Allocation Failure) 133220K->2527K(168320K), 0.0005790 secs]
7.968: [GC (Allocation Failure) 127520K->2527K(162816K), 0.0004470 secs]
8.027: [GC (Allocation Failure) 122033K->2527K(157568K), 0.0004890 secs]
8.083: [GC (Allocation Failure) 116831K->2511K(152448K), 0.0006420 secs]
8.137: [GC (Allocation Failure) 111795K->2625K(147840K), 0.0004730 secs]
8.193: [GC (Allocation Failure) 107179K->2625K(143360K), 0.0004850 secs]
8.241: [GC (Allocation Failure) 102679K->2625K(139072K), 0.0004960 secs]
8.287: [GC (Allocation Failure) 98338K->2625K(134912K), 0.0005420 secs]
8.334: [GC (Allocation Failure) 94304K->2707K(131136K), 0.0006030 secs]
8.378: [GC (Allocation Failure) 90530K->2723K(148736K), 0.0005390 secs]
8.430: [GC (Allocation Failure) 108178K->2723K(144192K), 0.0004890 secs]
8.478: [GC (Allocation Failure) 103640K->2723K(139840K), 0.0004450 secs]
8.534: [GC (Allocation Failure) 99300K->2804K(159232K), 0.0008440 secs]
8.591: [GC (Allocation Failure) 118678K->2820K(154176K), 0.0004540 secs]
8.648: [GC (Allocation Failure) 113644K->2820K(149376K), 0.0006230 secs]
8.700: [GC (Allocation Failure) 108916K->2820K(144768K), 0.0005070 secs]
8.750: [GC (Allocation Failure) 104318K->2918K(140480K), 0.0005880 secs]
8.798: [GC (Allocation Failure) 100108K->2918K(136320K), 0.0004520 secs]
8.842: [GC (Allocation Failure) 95974K->2902K(132416K), 0.0005970 secs]
8.886: [GC (Allocation Failure) 92018K->2918K(128640K), 0.0004430 secs]
8.928: [GC (Allocation Failure) 88300K->3016K(125120K), 0.0004890 secs]
8.971: [GC (Allocation Failure) 84860K->3016K(121728K), 0.0004500 secs]
9.015: [GC (Allocation Failure) 81461K->3016K(137472K), 0.0006910 secs]
9.064: [GC (Allocation Failure) 97206K->3016K(156288K), 0.0005420 secs]
9.124: [GC (Allocation Failure) 116032K->3113K(151424K), 0.0004840 secs]
9.176: [GC (Allocation Failure) 111199K->3113K(146752K), 0.0004510 secs]
9.225: [GC (Allocation Failure) 106601K->3113K(142336K), 0.0004930 secs]
9.273: [GC (Allocation Failure) 102163K->3113K(138048K), 0.0004500 secs]
9.318: [GC (Allocation Failure) 97938K->3211K(134080K), 0.0004830 secs]
9.368: [GC (Allocation Failure) 93985K->3211K(130240K), 0.0005730 secs]
9.411: [GC (Allocation Failure) 90178K->3211K(126592K), 0.0004960 secs]
9.451: [GC (Allocation Failure) 86519K->3211K(143232K), 0.0005420 secs]
9.500: [GC (Allocation Failure) 103155K->3309K(139008K), 0.0004860 secs]
9.548: [GC (Allocation Failure) 99001K->3309K(158208K), 0.0006010 secs]
9.604: [GC (Allocation Failure) 118169K->3309K(153216K), 0.0004850 secs]
9.656: [GC (Allocation Failure) 113173K->3309K(148416K), 0.0005450 secs]
9.712: [GC (Allocation Failure) 108455K->3406K(143936K), 0.0006000 secs]
9.761: [GC (Allocation Failure) 104048K->3406K(139648K), 0.0004550 secs]
9.808: [GC (Allocation Failure) 99790K->3406K(135552K), 0.0005890 secs]
9.855: [GC (Allocation Failure) 95664K->3406K(131584K), 0.0004560 secs]
9.902: [GC (Allocation Failure) 91743K->3508K(127936K), 0.0006210 secs]
9.946: [GC (Allocation Failure) 88103K->3508K(124416K), 0.0004050 secs]
9.988: [GC (Allocation Failure) 84565K->3508K(121088K), 0.0005190 secs]
10.025: [GC (Allocation Failure) 81328K->3508K(136640K), 0.0004430 secs]
10.072: [GC (Allocation Failure) 96854K->3606K(155392K), 0.0005570 secs]
10.127: [GC (Allocation Failure) 115718K->3606K(150528K), 0.0004600 secs]
10.182: [GC (Allocation Failure) 110813K->3606K(145920K), 0.0004940 secs]
10.237: [GC (Allocation Failure) 106181K->3590K(166336K), 0.0009060 secs]
10.301: [GC (Allocation Failure) 126746K->3703K(161024K), 0.0005930 secs]
10.358: [GC (Allocation Failure) 121444K->3703K(155904K), 0.0004790 secs]
10.414: [GC (Allocation Failure) 116294K->3703K(151040K), 0.0004990 secs]
10.469: [GC (Allocation Failure) 111393K->3703K(146304K), 0.0005110 secs]
10.522: [GC (Allocation Failure) 106775K->3801K(141952K), 0.0005210 secs]
10.570: [GC (Allocation Failure) 102463K->3801K(137728K), 0.0005620 secs]
10.617: [GC (Allocation Failure) 98238K->3801K(133696K), 0.0004930 secs]
10.663: [GC (Allocation Failure) 94215K->3801K(129856K), 0.0005790 secs]
10.707: [GC (Allocation Failure) 90441K->3899K(126272K), 0.0005280 secs]
10.749: [GC (Allocation Failure) 86890K->3899K(142912K), 0.0005570 secs]
10.798: [GC (Allocation Failure) 103520K->3899K(138624K), 0.0004890 secs]
10.846: [GC (Allocation Failure) 99198K->3899K(134528K), 0.0004760 secs]
10.891: [GC (Allocation Failure) 95170K->3996K(130752K), 0.0004950 secs]
10.935: [GC (Allocation Failure) 91460K->3996K(148288K), 0.0005530 secs]
10.988: [GC (Allocation Failure) 108993K->3996K(143744K), 0.0005580 secs]
11.042: [GC (Allocation Failure) 104470K->3996K(139392K), 0.0005290 secs]
11.092: [GC (Allocation Failure) 100188K->4094K(135360K), 0.0006360 secs]
11.139: [GC (Allocation Failure) 96156K->4094K(131456K), 0.0004610 secs]
11.184: [GC (Allocation Failure) 92273K->4094K(127744K), 0.0004920 secs]
11.227: [GC (Allocation Failure) 88490K->4094K(124160K), 0.0004510 secs]
11.266: [GC (Allocation Failure) 85049K->4192K(120896K), 0.0004850 secs]
11.303: [GC (Allocation Failure) 81804K->4192K(136448K), 0.0004630 secs]
11.350: [GC (Allocation Failure) 97346K->4192K(155136K), 0.0005360 secs]
11.411: [GC (Allocation Failure) 116004K->4192K(150208K), 0.0005610 secs]
11.464: [GC (Allocation Failure) 111110K->4289K(145664K), 0.0004830 secs]
11.516: [GC (Allocation Failure) 106672K->4289K(141248K), 0.0004620 secs]
11.565: [GC (Allocation Failure) 102220K->4273K(137088K), 0.0006280 secs]
11.610: [GC (Allocation Failure) 98081K->4289K(133056K), 0.0004560 secs]
11.655: [GC (Allocation Failure) 94074K->4387K(129344K), 0.0004960 secs]
11.700: [GC (Allocation Failure) 90464K->4387K(125760K), 0.0004960 secs]
11.741: [GC (Allocation Failure) 86817K->4387K(122368K), 0.0004940 secs]
11.781: [GC (Allocation Failure) 83446K->4387K(138176K), 0.0005630 secs]
11.827: [GC (Allocation Failure) 99301K->4485K(157248K), 0.0004970 secs]
11.884: [GC (Allocation Failure) 118469K->4485K(180096K), 0.0006430 secs]
11.954: [GC (Allocation Failure) 141263K->4485K(174016K), 0.0005530 secs]
12.021: [GC (Allocation Failure) 135167K->4485K(168192K), 0.0005710 secs]
12.083: [GC (Allocation Failure) 129402K->4582K(162752K), 0.0004930 secs]
12.143: [GC (Allocation Failure) 124067K->4582K(157504K), 0.0004650 secs]
12.198: [GC (Allocation Failure) 118772K->4582K(152512K), 0.0006300 secs]
12.255: [GC (Allocation Failure) 113828K->4582K(147712K), 0.0004630 secs]
12.307: [GC (Allocation Failure) 109000K->4680K(143296K), 0.0005000 secs]
12.360: [GC (Allocation Failure) 104711K->4680K(139008K), 0.0004610 secs]
12.408: [GC (Allocation Failure) 100392K->4684K(134912K), 0.0006310 secs]
12.455: [GC (Allocation Failure) 96255K->4668K(153152K), 0.0009340 secs]
12.513: [GC (Allocation Failure) 114644K->4786K(175296K), 0.0005960 secs]
12.580: [GC (Allocation Failure) 136817K->4770K(201728K), 0.0008650 secs]
12.664: [GC (Allocation Failure) 163192K->4786K(194560K), 0.0006390 secs]
12.743: [GC (Allocation Failure) 156063K->4786K(187712K), 0.0005870 secs]
12.818: [GC (Allocation Failure) 149244K->4884K(181312K), 0.0006160 secs]
12.889: [GC (Allocation Failure) 142846K->4884K(175168K), 0.0005720 secs]
12.956: [GC (Allocation Failure) 136751K->4884K(169344K), 0.0005050 secs]
13.019: [GC (Allocation Failure) 130949K->4884K(163712K), 0.0004710 secs]
13.080: [GC (Allocation Failure) 125328K->4981K(158464K), 0.0006190 secs]
13.138: [GC (Allocation Failure) 120140K->4981K(153472K), 0.0004580 secs]
13.194: [GC (Allocation Failure) 115123K->4981K(148672K), 0.0006170 secs]
13.247: [GC (Allocation Failure) 110345K->4981K(144064K), 0.0004640 secs]
13.296: [GC (Allocation Failure) 105800K->5079K(139840K), 0.0006320 secs]
13.346: [GC (Allocation Failure) 101565K->5079K(135744K), 0.0004680 secs]
13.392: [GC (Allocation Failure) 97548K->5079K(131840K), 0.0006050 secs]
13.437: [GC (Allocation Failure) 93595K->5079K(128064K), 0.0005680 secs]
13.482: [GC (Allocation Failure) 89875K->5177K(124608K), 0.0004970 secs]
13.523: [GC (Allocation Failure) 86431K->5177K(140928K), 0.0005010 secs]
13.571: [GC (Allocation Failure) 102806K->5177K(136768K), 0.0005050 secs]
13.617: [GC (Allocation Failure) 98609K->5177K(132736K), 0.0004570 secs]
13.663: [GC (Allocation Failure) 94656K->5274K(129024K), 0.0005040 secs]
13.706: [GC (Allocation Failure) 91029K->5258K(146176K), 0.0008300 secs]
13.758: [GC (Allocation Failure) 108086K->5274K(166784K), 0.0005180 secs]
13.821: [GC (Allocation Failure) 128733K->5274K(161280K), 0.0004680 secs]
13.879: [GC (Allocation Failure) 123282K->5372K(156160K), 0.0006120 secs]
13.936: [GC (Allocation Failure) 118189K->5356K(178752K), 0.0008380 secs]
14.005: [GC (Allocation Failure) 140779K->5372K(172736K), 0.0006290 secs]
14.069: [GC (Allocation Failure) 134804K->5372K(166976K), 0.0005750 secs]
14.130: [GC (Allocation Failure) 129105K->5470K(161600K), 0.0004950 secs]
14.188: [GC (Allocation Failure) 123803K->5470K(156416K), 0.0004640 secs]
14.246: [GC (Allocation Failure) 118574K->5470K(151488K), 0.0005100 secs]
14.302: [GC (Allocation Failure) 113674K->5470K(146752K), 0.0005760 secs]
14.355: [GC (Allocation Failure) 109013K->5571K(142400K), 0.0005160 secs]
14.405: [GC (Allocation Failure) 104610K->5571K(138176K), 0.0004700 secs]
14.456: [GC (Allocation Failure) 100400K->5571K(134144K), 0.0006440 secs]
14.501: [GC (Allocation Failure) 96359K->5571K(130240K), 0.0005850 secs]
14.544: [GC (Allocation Failure) 92533K->5669K(147712K), 0.0006410 secs]
14.598: [GC (Allocation Failure) 110100K->5669K(168640K), 0.0004790 secs]
14.659: [GC (Allocation Failure) 130983K->5669K(163136K), 0.0005100 secs]
14.717: [GC (Allocation Failure) 125473K->5669K(157824K), 0.0004680 secs]
14.775: [GC (Allocation Failure) 120245K->5767K(152896K), 0.0006270 secs]
14.829: [GC (Allocation Failure) 115321K->5767K(148160K), 0.0004760 secs]
14.881: [GC (Allocation Failure) 110573K->5767K(143616K), 0.0006430 secs]
14.933: [GC (Allocation Failure) 106101K->5767K(139264K), 0.0004970 secs]
14.981: [GC (Allocation Failure) 101758K->5848K(135232K), 0.0006680 secs]
15.029: [GC (Allocation Failure) 97782K->5864K(131328K), 0.0004700 secs]
15.072: [GC (Allocation Failure) 93879K->5864K(127616K), 0.0005210 secs]
15.113: [GC (Allocation Failure) 90143K->5864K(144448K), 0.0004730 secs]
15.163: [GC (Allocation Failure) 107071K->5962K(164800K), 0.0006260 secs]
15.223: [GC (Allocation Failure) 127426K->5962K(159488K), 0.0004630 secs]
15.283: [GC (Allocation Failure) 122104K->5962K(154432K), 0.0005110 secs]
15.340: [GC (Allocation Failure) 117092K->5962K(149568K), 0.0005760 secs]
15.394: [GC (Allocation Failure) 112299K->6060K(145024K), 0.0005070 secs]
15.445: [GC (Allocation Failure) 107752K->6060K(140672K), 0.0004970 secs]
15.494: [GC (Allocation Failure) 103427K->6060K(136512K), 0.0005540 secs]
15.538: [GC (Allocation Failure) 99298K->6060K(132480K), 0.0004860 secs]
15.585: [GC (Allocation Failure) 95263K->6157K(128768K), 0.0005080 secs]
15.628: [GC (Allocation Failure) 91632K->6157K(145920K), 0.0006150 secs]
15.680: [GC (Allocation Failure) 108746K->6157K(141504K), 0.0005120 secs]
15.728: [GC (Allocation Failure) 104316K->6141K(161024K), 0.0009710 secs]
15.785: [GC (Allocation Failure) 123989K->6255K(184768K), 0.0004990 secs]
15.855: [GC (Allocation Failure) 147714K->6255K(178432K), 0.0005440 secs]
15.923: [GC (Allocation Failure) 141414K->6255K(172416K), 0.0005230 secs]
15.986: [GC (Allocation Failure) 135406K->6255K(166656K), 0.0005950 secs]
16.051: [GC (Allocation Failure) 129691K->6353K(161280K), 0.0005120 secs]
16.109: [GC (Allocation Failure) 124361K->6353K(156096K), 0.0005170 secs]
16.166: [GC (Allocation Failure) 119183K->6353K(151168K), 0.0006460 secs]
16.219: [GC (Allocation Failure) 114165K->6353K(146432K), 0.0004710 secs]
16.271: [GC (Allocation Failure) 109541K->6450K(142080K), 0.0005100 secs]
16.321: [GC (Allocation Failure) 105206K->6450K(137856K), 0.0005690 secs]
16.368: [GC (Allocation Failure) 100974K->6450K(133824K), 0.0005370 secs]
16.414: [GC (Allocation Failure) 96935K->6450K(129920K), 0.0004770 secs]
16.456: [GC (Allocation Failure) 93095K->6548K(147328K), 0.0005930 secs]
16.507: [GC (Allocation Failure) 110524K->6548K(142848K), 0.0004770 secs]
16.557: [GC (Allocation Failure) 106088K->6548K(162816K), 0.0006380 secs]
16.615: [GC (Allocation Failure) 126055K->6548K(157504K), 0.0004710 secs]
16.671: [GC (Allocation Failure) 120851K->6646K(152576K), 0.0006410 secs]
16.727: [GC (Allocation Failure) 115930K->6630K(174464K), 0.0008570 secs]
16.791: [GC (Allocation Failure) 137750K->6646K(168640K), 0.0005150 secs]
16.855: [GC (Allocation Failure) 131940K->6646K(163072K), 0.0005700 secs]
16.916: [GC (Allocation Failure) 126515K->6743K(157888K), 0.0007500 secs]
16.976: [GC (Allocation Failure) 121342K->6727K(180864K), 0.0008620 secs]
17.045: [GC (Allocation Failure) 144230K->6743K(208384K), 0.0006590 secs]
17.126: [GC (Allocation Failure) 171766K->6743K(200832K), 0.0004780 secs]
17.206: [GC (Allocation Failure) 164287K->6841K(193792K), 0.0006400 secs]
17.282: [GC (Allocation Failure) 157315K->6841K(187008K), 0.0005990 secs]
17.354: [GC (Allocation Failure) 150565K->6825K(180608K), 0.0009100 secs]
17.421: [GC (Allocation Failure) 144157K->6841K(174400K), 0.0004760 secs]
17.488: [GC (Allocation Failure) 137956K->6923K(168640K), 0.0009380 secs]
17.552: [GC (Allocation Failure) 132224K->6939K(163136K), 0.0004810 secs]
17.617: [GC (Allocation Failure) 126716K->6939K(157888K), 0.0006660 secs]
17.674: [GC (Allocation Failure) 121500K->6939K(152832K), 0.0004730 secs]
17.727: [GC (Allocation Failure) 116507K->7036K(148160K), 0.0006440 secs]
17.779: [GC (Allocation Failure) 111891K->7036K(143616K), 0.0004810 secs]
17.829: [GC (Allocation Failure) 107361K->7036K(139328K), 0.0006460 secs]
17.877: [GC (Allocation Failure) 103035K->7036K(135168K), 0.0004800 secs]
17.921: [GC (Allocation Failure) 98909K->7134K(131328K), 0.0005060 secs]
17.965: [GC (Allocation Failure) 95180K->7134K(127616K), 0.0004730 secs]
18.008: [GC (Allocation Failure) 91446K->7134K(124096K), 0.0005230 secs]
18.049: [GC (Allocation Failure) 87893K->7134K(140224K), 0.0005370 secs]
18.096: [GC (Allocation Failure) 104124K->7232K(159744K), 0.0005240 secs]
18.152: [GC (Allocation Failure) 123697K->7232K(154688K), 0.0005450 secs]
18.210: [GC (Allocation Failure) 118638K->7232K(149824K), 0.0006520 secs]
18.263: [GC (Allocation Failure) 113767K->7232K(145152K), 0.0004760 secs]
18.312: [GC (Allocation Failure) 109126K->7329K(140864K), 0.0006410 secs]
18.363: [GC (Allocation Failure) 104883K->7329K(136704K), 0.0004750 secs]
18.410: [GC (Allocation Failure) 100679K->7329K(155392K), 0.0006430 secs]
18.466: [GC (Allocation Failure) 119371K->7329K(177792K), 0.0005910 secs]
18.531: [GC (Allocation Failure) 141888K->7427K(171904K), 0.0005560 secs]
18.594: [GC (Allocation Failure) 135990K->7427K(166208K), 0.0005180 secs]
18.657: [GC (Allocation Failure) 130358K->7427K(160832K), 0.0006510 secs]
18.717: [GC (Allocation Failure) 124975K->7427K(155648K), 0.0005960 secs]
18.774: [GC (Allocation Failure) 119838K->7525K(150848K), 0.0006430 secs]
18.828: [GC (Allocation Failure) 115025K->7525K(146176K), 0.0004980 secs]
18.877: [GC (Allocation Failure) 110423K->7525K(141760K), 0.0005660 secs]
18.925: [GC (Allocation Failure) 105995K->7525K(137472K), 0.0004730 secs]
18.972: [GC (Allocation Failure) 101771K->7622K(133568K), 0.0005620 secs]
19.015: [GC (Allocation Failure) 97870K->7622K(129792K), 0.0004740 secs]
19.060: [GC (Allocation Failure) 94070K->7622K(147136K), 0.0006150 secs]
19.111: [GC (Allocation Failure) 111482K->7622K(167872K), 0.0005960 secs]
19.175: [GC (Allocation Failure) 132211K->7720K(162432K), 0.0006450 secs]
19.234: [GC (Allocation Failure) 126842K->7720K(157184K), 0.0004850 secs]
19.289: [GC (Allocation Failure) 121588K->7720K(152256K), 0.0006520 secs]
19.345: [GC (Allocation Failure) 116704K->7720K(147456K), 0.0005490 secs]
19.397: [GC (Allocation Failure) 111966K->7818K(143040K), 0.0005210 secs]
19.447: [GC (Allocation Failure) 107533K->7818K(138752K), 0.0006060 secs]
19.494: [GC (Allocation Failure) 103219K->7818K(134720K), 0.0005240 secs]
19.539: [GC (Allocation Failure) 99184K->7818K(152960K), 0.0005580 secs]
19.595: [GC (Allocation Failure) 117486K->7915K(148288K), 0.0005170 secs]
19.648: [GC (Allocation Failure) 112879K->7915K(143744K), 0.0005070 secs]
19.699: [GC (Allocation Failure) 108330K->7915K(139456K), 0.0006490 secs]
19.747: [GC (Allocation Failure) 104099K->7915K(135296K), 0.0004760 secs]
19.795: [GC (Allocation Failure) 99990K->8013K(131456K), 0.0005180 secs]
19.841: [GC (Allocation Failure) 96139K->8013K(127744K), 0.0005420 secs]
19.882: [GC (Allocation Failure) 92412K->8013K(144640K), 0.0005090 secs]
19.931: [GC (Allocation Failure) 109321K->8013K(164864K), 0.0006020 secs]
19.993: [GC (Allocation Failure) 129650K->8111K(159616K), 0.0005130 secs]
20.049: [GC (Allocation Failure) 124382K->8111K(154560K), 0.0004900 secs]
20.105: [GC (Allocation Failure) 119352K->8111K(149760K), 0.0005220 secs]
20.157: [GC (Allocation Failure) 114537K->8095K(170944K), 0.0010030 secs]
20.221: [GC (Allocation Failure) 135889K->8208K(196672K), 0.0005200 secs]
20.299: [GC (Allocation Failure) 161570K->8208K(189760K), 0.0005590 secs]
20.369: [GC (Allocation Failure) 154676K->8208K(183168K), 0.0005180 secs]
20.442: [GC (Allocation Failure) 148075K->8208K(176832K), 0.0004770 secs]
20.505: [GC (Allocation Failure) 141763K->8306K(170944K), 0.0005210 secs]
20.569: [GC (Allocation Failure) 135951K->8306K(165312K), 0.0004860 secs]
20.631: [GC (Allocation Failure) 130338K->8306K(159936K), 0.0006810 secs]
20.692: [GC (Allocation Failure) 124929K->8306K(154752K), 0.0005810 secs]
20.749: [GC (Allocation Failure) 119822K->8404K(149952K), 0.0006490 secs]
20.802: [GC (Allocation Failure) 115002K->8404K(145344K), 0.0004890 secs]
20.854: [GC (Allocation Failure) 110414K->8404K(140992K), 0.0005250 secs]
20.904: [GC (Allocation Failure) 106061K->8388K(160448K), 0.0010250 secs]
20.969: [GC (Allocation Failure) 125635K->8485K(184064K), 0.0009420 secs]
21.045: [GC (Allocation Failure) 149216K->8501K(212224K), 0.0005110 secs]
21.125: [GC (Allocation Failure) 177399K->8501K(204544K), 0.0005250 secs]
21.208: [GC (Allocation Failure) 169777K->8501K(197184K), 0.0006450 secs]
21.283: [GC (Allocation Failure) 162431K->8599K(190336K), 0.0005240 secs]
21.357: [GC (Allocation Failure) 155637K->8599K(183744K), 0.0005940 secs]
21.428: [GC (Allocation Failure) 149037K->8599K(177472K), 0.0006670 secs]
21.496: [GC (Allocation Failure) 142767K->8599K(171456K), 0.0006450 secs]
21.558: [GC (Allocation Failure) 136786K->8697K(165824K), 0.0005100 secs]
21.617: [GC (Allocation Failure) 131169K->8697K(160448K), 0.0004880 secs]
21.677: [GC (Allocation Failure) 125854K->8697K(155328K), 0.0005060 secs]
21.736: [GC (Allocation Failure) 120750K->8681K(150336K), 0.0010370 secs]
21.790: [GC (Allocation Failure) 115805K->8794K(145856K), 0.0005140 secs]
21.845: [GC (Allocation Failure) 111346K->8794K(141440K), 0.0006590 secs]
21.893: [GC (Allocation Failure) 106970K->8794K(137280K), 0.0005240 secs]
21.938: [GC (Allocation Failure) 102732K->8778K(155968K), 0.0007840 secs]
21.997: [GC (Allocation Failure) 121566K->8892K(178688K), 0.0006560 secs]
22.064: [GC (Allocation Failure) 144313K->8892K(205824K), 0.0006110 secs]
22.148: [GC (Allocation Failure) 171366K->8892K(198464K), 0.0005310 secs]
22.225: [GC (Allocation Failure) 163996K->8876K(191360K), 0.0007370 secs]
22.296: [GC (Allocation Failure) 157015K->8990K(184832K), 0.0005320 secs]
22.363: [GC (Allocation Failure) 150536K->8990K(178496K), 0.0005180 secs]
22.431: [GC (Allocation Failure) 144204K->8990K(172480K), 0.0005370 secs]
22.494: [GC (Allocation Failure) 138155K->8990K(166720K), 0.0006120 secs]
22.557: [GC (Allocation Failure) 132417K->9087K(161344K), 0.0006740 secs]
22.618: [GC (Allocation Failure) 127112K->9087K(156160K), 0.0004850 secs]
22.672: [GC (Allocation Failure) 121914K->9087K(151232K), 0.0005900 secs]
22.728: [GC (Allocation Failure) 116999K->9071K(146432K), 0.0007430 secs]
22.778: [GC (Allocation Failure) 112358K->9185K(142144K), 0.0005250 secs]
22.830: [GC (Allocation Failure) 108030K->9185K(137920K), 0.0005140 secs]
22.875: [GC (Allocation Failure) 103818K->9169K(156864K), 0.0006970 secs]
22.932: [GC (Allocation Failure) 122684K->9169K(179456K), 0.0007380 secs]
22.999: [GC (Allocation Failure) 145479K->9283K(173504K), 0.0005250 secs]
23.063: [GC (Allocation Failure) 139477K->9283K(167744K), 0.0006450 secs]
23.128: [GC (Allocation Failure) 133680K->9267K(192640K), 0.0010160 secs]
23.204: [GC (Allocation Failure) 158563K->9283K(185856K), 0.0006260 secs]
23.274: [GC (Allocation Failure) 151886K->9380K(179520K), 0.0005310 secs]
23.344: [GC (Allocation Failure) 145620K->9380K(173440K), 0.0006520 secs]
23.414: [GC (Allocation Failure) 139523K->9380K(167680K), 0.0006740 secs]
23.476: [GC (Allocation Failure) 133706K->9380K(162112K), 0.0005180 secs]
23.537: [GC (Allocation Failure) 128279K->9478K(156992K), 0.0006510 secs]
23.595: [GC (Allocation Failure) 123128K->9478K(152064K), 0.0005450 secs]
23.648: [GC (Allocation Failure) 118263K->9478K(147328K), 0.0006610 secs]
23.699: [GC (Allocation Failure) 113451K->9478K(142784K), 0.0005040 secs]
23.749: [GC (Allocation Failure) 108991K->9576K(138624K), 0.0005240 secs]
23.797: [GC (Allocation Failure) 104884K->9576K(134592K), 0.0006150 secs]
23.843: [GC (Allocation Failure) 100858K->9576K(130752K), 0.0005330 secs]
23.892: [GC (Allocation Failure) 96993K->9560K(148160K), 0.0010490 secs]
23.944: [GC (Allocation Failure) 114515K->9673K(169344K), 0.0005510 secs]
24.006: [GC (Allocation Failure) 135683K->9673K(194560K), 0.0006720 secs]
24.082: [GC (Allocation Failure) 160962K->9673K(224832K), 0.0006760 secs]
24.174: [GC (Allocation Failure) 191233K->9673K(216448K), 0.0004930 secs]
24.261: [GC (Allocation Failure) 182861K->9771K(208640K), 0.0005270 secs]
24.340: [GC (Allocation Failure) 175115K->9755K(201152K), 0.0007890 secs]
24.420: [GC (Allocation Failure) 167619K->9771K(194048K), 0.0005430 secs]
24.494: [GC (Allocation Failure) 160520K->9771K(187200K), 0.0006240 secs]
24.565: [GC (Allocation Failure) 153677K->9853K(180800K), 0.0007150 secs]
24.630: [GC (Allocation Failure) 147352K->9869K(174656K), 0.0004930 secs]
24.696: [GC (Allocation Failure) 141236K->9869K(168832K), 0.0005350 secs]
24.759: [GC (Allocation Failure) 135375K->9869K(163264K), 0.0005150 secs]
24.820: [GC (Allocation Failure) 129841K->9966K(158080K), 0.0005370 secs]
24.877: [GC (Allocation Failure) 124758K->9966K(153088K), 0.0006320 secs]
24.931: [GC (Allocation Failure) 119733K->9966K(148352K), 0.0005400 secs]
24.982: [GC (Allocation Failure) 115019K->9966K(143744K), 0.0005340 secs]
25.031: [GC (Allocation Failure) 110463K->10064K(139520K), 0.0006630 secs]
25.082: [GC (Allocation Failure) 106242K->10064K(135424K), 0.0006310 secs]
25.130: [GC (Allocation Failure) 102133K->10064K(153856K), 0.0005910 secs]
25.185: [GC (Allocation Failure) 120633K->10064K(148992K), 0.0005480 secs]
25.236: [GC (Allocation Failure) 115821K->10162K(144512K), 0.0005400 secs]
25.289: [GC (Allocation Failure) 111377K->10162K(164800K), 0.0006310 secs]
25.349: [GC (Allocation Failure) 131635K->10162K(159488K), 0.0005820 secs]
25.408: [GC (Allocation Failure) 126333K->10162K(154368K), 0.0005280 secs]
25.464: [GC (Allocation Failure) 121315K->10259K(149632K), 0.0005210 secs]
25.514: [GC (Allocation Failure) 116593K->10259K(145024K), 0.0004800 secs]
25.565: [GC (Allocation Failure) 111975K->10259K(140672K), 0.0005820 secs]
25.616: [GC (Allocation Failure) 107576K->10259K(136448K), 0.0006410 secs]
25.663: [GC (Allocation Failure) 103491K->10357K(132544K), 0.0005410 secs]
25.710: [GC (Allocation Failure) 99567K->10357K(150400K), 0.0006380 secs]
25.767: [GC (Allocation Failure) 117456K->10357K(171840K), 0.0006800 secs]
25.829: [GC (Allocation Failure) 138923K->10357K(166080K), 0.0005080 secs]
25.891: [GC (Allocation Failure) 133191K->10455K(160768K), 0.0005420 secs]
25.951: [GC (Allocation Failure) 127904K->10455K(155648K), 0.0005010 secs]
26.007: [GC (Allocation Failure) 122782K->10439K(150784K), 0.0007280 secs]
26.065: [GC (Allocation Failure) 117941K->10455K(146048K), 0.0006590 secs]
26.118: [GC (Allocation Failure) 113234K->10552K(141696K), 0.0005490 secs]
26.168: [GC (Allocation Failure) 108920K->10552K(137472K), 0.0005530 secs]
26.216: [GC (Allocation Failure) 104675K->10552K(156352K), 0.0006880 secs]
26.272: [GC (Allocation Failure) 123584K->10552K(151360K), 0.0005150 secs]
26.325: [GC (Allocation Failure) 118704K->10650K(173056K), 0.0006760 secs]
26.390: [GC (Allocation Failure) 140400K->10650K(167296K), 0.0005070 secs]
26.452: [GC (Allocation Failure) 134586K->10650K(161856K), 0.0007390 secs]
26.511: [GC (Allocation Failure) 129183K->10650K(156608K), 0.0005030 secs]
26.568: [GC (Allocation Failure) 124046K->10748K(151744K), 0.0006740 secs]
26.620: [GC (Allocation Failure) 119151K->10748K(147072K), 0.0005240 secs]
26.670: [GC (Allocation Failure) 114504K->10748K(142592K), 0.0005500 secs]
26.720: [GC (Allocation Failure) 109987K->10748K(138304K), 0.0005000 secs]
26.767: [GC (Allocation Failure) 105757K->10845K(134336K), 0.0005440 secs]
26.813: [GC (Allocation Failure) 101906K->10845K(130496K), 0.0004950 secs]
26.857: [GC (Allocation Failure) 97996K->10845K(126848K), 0.0005390 secs]
26.897: [GC (Allocation Failure) 94425K->10845K(143552K), 0.0005040 secs]
26.946: [GC (Allocation Failure) 111149K->10927K(163712K), 0.0010850 secs]
27.006: [GC (Allocation Failure) 131371K->10943K(187840K), 0.0005020 secs]
27.075: [GC (Allocation Failure) 155480K->10943K(216768K), 0.0005970 secs]
27.165: [GC (Allocation Failure) 184350K->10943K(208768K), 0.0006580 secs]
27.248: [GC (Allocation Failure) 176446K->11041K(201344K), 0.0005370 secs]
27.325: [GC (Allocation Failure) 169092K->11041K(194176K), 0.0005060 secs]
27.401: [GC (Allocation Failure) 161923K->11041K(187392K), 0.0005570 secs]
27.470: [GC (Allocation Failure) 155152K->11041K(180864K), 0.0004980 secs]
27.539: [GC (Allocation Failure) 148684K->11139K(174784K), 0.0006820 secs]
27.603: [GC (Allocation Failure) 142564K->11139K(168960K), 0.0005030 secs]
27.667: [GC (Allocation Failure) 136738K->11139K(163392K), 0.0005500 secs]
27.727: [GC (Allocation Failure) 131247K->11143K(158080K), 0.0005090 secs]
27.785: [GC (Allocation Failure) 126023K->11240K(153152K), 0.0005480 secs]
27.842: [GC (Allocation Failure) 121080K->11240K(148416K), 0.0006570 secs]
27.897: [GC (Allocation Failure) 116363K->11240K(143872K), 0.0006920 secs]
27.947: [GC (Allocation Failure) 111772K->11240K(139520K), 0.0004990 secs]
27.995: [GC (Allocation Failure) 107525K->11338K(135488K), 0.0005410 secs]
28.040: [GC (Allocation Failure) 103507K->11338K(131584K), 0.0005040 secs]
28.085: [GC (Allocation Failure) 99568K->11338K(149248K), 0.0005980 secs]
28.137: [GC (Allocation Failure) 117262K->11338K(170432K), 0.0005950 secs]
28.201: [GC (Allocation Failure) 138498K->11436K(164864K), 0.0005430 secs]
28.260: [GC (Allocation Failure) 132983K->11436K(159552K), 0.0006490 secs]
28.319: [GC (Allocation Failure) 127675K->11436K(154496K), 0.0005550 secs]
28.373: [GC (Allocation Failure) 122588K->11436K(149632K), 0.0005070 secs]
28.425: [GC (Allocation Failure) 117855K->11533K(145088K), 0.0005390 secs]
28.477: [GC (Allocation Failure) 113321K->11517K(165504K), 0.0009630 secs]
28.539: [GC (Allocation Failure) 133681K->11533K(189952K), 0.0006990 secs]
28.614: [GC (Allocation Failure) 158172K->11533K(183296K), 0.0005070 secs]
28.686: [GC (Allocation Failure) 151583K->11631K(177088K), 0.0005410 secs]
28.753: [GC (Allocation Failure) 145384K->11631K(171136K), 0.0005140 secs]
28.817: [GC (Allocation Failure) 139454K->11615K(165504K), 0.0007370 secs]
28.876: [GC (Allocation Failure) 133773K->11631K(160064K), 0.0005020 secs]
28.933: [GC (Allocation Failure) 128470K->11713K(155008K), 0.0007260 secs]
28.989: [GC (Allocation Failure) 123442K->11729K(150144K), 0.0005570 secs]
29.041: [GC (Allocation Failure) 118545K->11729K(145536K), 0.0005530 secs]
29.091: [GC (Allocation Failure) 113996K->11729K(141056K), 0.0005130 secs]
29.139: [GC (Allocation Failure) 109505K->11826K(136960K), 0.0005970 secs]
29.187: [GC (Allocation Failure) 105473K->11826K(132992K), 0.0005150 secs]
29.230: [GC (Allocation Failure) 101540K->11826K(150976K), 0.0005490 secs]
29.286: [GC (Allocation Failure) 119512K->11826K(172480K), 0.0006640 secs]
29.352: [GC (Allocation Failure) 141065K->11924K(198400K), 0.0007050 secs]
29.429: [GC (Allocation Failure) 167048K->11924K(191424K), 0.0005170 secs]
29.500: [GC (Allocation Failure) 160052K->11924K(184768K), 0.0006190 secs]
29.569: [GC (Allocation Failure) 153350K->11924K(178368K), 0.0005620 secs]
29.637: [GC (Allocation Failure) 147059K->12022K(172416K), 0.0005520 secs]
29.706: [GC (Allocation Failure) 141085K->12022K(166720K), 0.0006560 secs]
29.766: [GC (Allocation Failure) 135446K->12022K(161280K), 0.0005440 secs]
29.825: [GC (Allocation Failure) 129955K->12006K(155968K), 0.0007700 secs]
29.882: [GC (Allocation Failure) 124806K->12119K(151168K), 0.0005390 secs]
29.933: [GC (Allocation Failure) 120015K->12119K(146496K), 0.0006860 secs]
29.986: [GC (Allocation Failure) 115312K->12119K(142080K), 0.0005450 secs]
30.038: [GC (Allocation Failure) 110879K->12119K(161792K), 0.0006600 secs]
30.098: [GC (Allocation Failure) 130711K->12217K(185600K), 0.0006950 secs]
30.168: [GC (Allocation Failure) 154469K->12217K(179264K), 0.0005140 secs]
30.235: [GC (Allocation Failure) 148143K->12217K(173248K), 0.0005580 secs]
30.301: [GC (Allocation Failure) 142147K->12217K(167424K), 0.0005180 secs]
30.362: [GC (Allocation Failure) 136350K->12315K(162048K), 0.0005570 secs]
30.424: [GC (Allocation Failure) 131091K->12315K(156864K), 0.0009070 secs]
30.482: [GC (Allocation Failure) 125888K->12315K(151936K), 0.0005570 secs]
30.536: [GC (Allocation Failure) 120891K->12315K(147200K), 0.0005950 secs]
30.590: [GC (Allocation Failure) 116284K->12412K(142784K), 0.0005520 secs]
30.641: [GC (Allocation Failure) 111856K->12412K(162688K), 0.0006420 secs]
30.699: [GC (Allocation Failure) 131813K->12412K(157440K), 0.0005640 secs]
30.759: [GC (Allocation Failure) 126515K->12412K(152384K), 0.0006710 secs]
30.815: [GC (Allocation Failure) 121577K->12510K(147712K), 0.0005520 secs]
30.866: [GC (Allocation Failure) 116933K->12510K(143232K), 0.0005630 secs]
30.918: [GC (Allocation Failure) 112436K->12510K(138944K), 0.0005490 secs]
30.964: [GC (Allocation Failure) 108093K->12510K(134848K), 0.0005370 secs]
31.011: [GC (Allocation Failure) 104087K->12608K(153280K), 0.0005520 secs]
31.066: [GC (Allocation Failure) 122549K->12608K(148544K), 0.0005620 secs]
31.120: [GC (Allocation Failure) 117849K->12608K(169600K), 0.0007390 secs]
31.182: [GC (Allocation Failure) 138900K->12608K(163968K), 0.0005250 secs]
31.243: [GC (Allocation Failure) 133292K->12705K(158720K), 0.0005530 secs]
31.299: [GC (Allocation Failure) 128084K->12705K(153664K), 0.0005010 secs]
31.358: [GC (Allocation Failure) 123063K->12689K(175744K), 0.0010480 secs]
31.430: [GC (Allocation Failure) 145163K->12689K(202112K), 0.0007760 secs]
31.510: [GC (Allocation Failure) 171620K->12803K(195072K), 0.0005490 secs]
31.584: [GC (Allocation Failure) 164530K->12787K(225472K), 0.0012360 secs]
31.678: [GC (Allocation Failure) 194966K->12803K(217152K), 0.0007050 secs]
31.763: [GC (Allocation Failure) 186620K->12803K(209152K), 0.0005190 secs]
31.844: [GC (Allocation Failure) 178749K->12901K(201664K), 0.0005510 secs]
31.920: [GC (Allocation Failure) 171274K->12901K(194496K), 0.0006710 secs]
31.996: [GC (Allocation Failure) 164133K->12901K(187712K), 0.0005800 secs]
32.066: [GC (Allocation Failure) 157268K->12901K(181184K), 0.0005300 secs]
32.134: [GC (Allocation Failure) 150802K->12998K(175104K), 0.0005560 secs]
32.201: [GC (Allocation Failure) 144806K->12998K(169280K), 0.0005130 secs]
32.265: [GC (Allocation Failure) 138997K->12998K(163712K), 0.0006170 secs]
32.325: [GC (Allocation Failure) 133405K->12998K(158400K), 0.0005160 secs]
32.382: [GC (Allocation Failure) 128193K->13096K(153472K), 0.0006030 secs]
32.437: [GC (Allocation Failure) 123252K->13080K(175552K), 0.0010030 secs]
32.502: [GC (Allocation Failure) 145360K->13096K(169664K), 0.0005610 secs]
32.562: [GC (Allocation Failure) 139421K->13096K(164032K), 0.0005210 secs]
32.621: [GC (Allocation Failure) 133898K->13194K(158784K), 0.0006120 secs]
32.680: [GC (Allocation Failure) 128677K->13194K(153728K), 0.0005440 secs]
32.738: [GC (Allocation Failure) 123651K->13178K(175872K), 0.0010690 secs]
32.806: [GC (Allocation Failure) 145763K->13194K(202368K), 0.0005360 secs]
32.887: [GC (Allocation Failure) 172269K->13275K(234304K), 0.0010520 secs]
32.981: [GC (Allocation Failure) 204300K->13275K(225536K), 0.0007390 secs]
33.072: [GC (Allocation Failure) 195487K->13291K(217216K), 0.0006140 secs]
33.158: [GC (Allocation Failure) 187178K->13291K(209216K), 0.0005960 secs]
33.243: [GC (Allocation Failure) 179300K->13389K(201728K), 0.0005540 secs]
33.324: [GC (Allocation Failure) 171845K->13389K(194560K), 0.0005940 secs]
33.398: [GC (Allocation Failure) 164590K->13389K(187776K), 0.0005540 secs]
33.467: [GC (Allocation Failure) 157805K->13389K(181248K), 0.0005100 secs]
33.536: [GC (Allocation Failure) 151356K->13471K(175168K), 0.0008550 secs]
33.604: [GC (Allocation Failure) 145285K->13487K(169344K), 0.0005840 secs]
33.666: [GC (Allocation Failure) 139555K->13487K(163776K), 0.0005640 secs]
33.724: [GC (Allocation Failure) 133988K->13487K(158400K), 0.0005210 secs]
33.787: [GC (Allocation Failure) 128658K->13568K(153472K), 0.0010590 secs]
33.845: [GC (Allocation Failure) 123734K->13584K(148672K), 0.0005240 secs]
33.895: [GC (Allocation Failure) 118939K->13584K(144128K), 0.0005590 secs]
33.944: [GC (Allocation Failure) 114393K->13584K(164288K), 0.0006890 secs]
34.006: [GC (Allocation Failure) 134647K->13682K(188608K), 0.0006140 secs]
34.080: [GC (Allocation Failure) 159026K->13682K(182080K), 0.0006670 secs]
34.157: [GC (Allocation Failure) 152403K->13666K(209856K), 0.0010860 secs]
34.240: [GC (Allocation Failure) 180255K->13682K(202240K), 0.0005910 secs]
34.318: [GC (Allocation Failure) 172674K->13780K(195136K), 0.0005540 secs]
34.391: [GC (Allocation Failure) 165646K->13764K(188288K), 0.0006830 secs]
34.463: [GC (Allocation Failure) 158714K->13780K(181824K), 0.0005690 secs]
34.532: [GC (Allocation Failure) 152284K->13780K(175616K), 0.0005280 secs]
34.599: [GC (Allocation Failure) 146195K->13877K(169792K), 0.0005700 secs]
34.660: [GC (Allocation Failure) 140399K->13877K(164224K), 0.0005220 secs]
34.719: [GC (Allocation Failure) 134765K->13877K(158912K), 0.0005640 secs]
34.774: [GC (Allocation Failure) 129462K->13877K(153792K), 0.0005230 secs]
34.830: [GC (Allocation Failure) 124444K->13975K(149056K), 0.0005450 secs]
34.882: [GC (Allocation Failure) 119720K->13975K(144512K), 0.0005280 secs]
34.934: [GC (Allocation Failure) 115192K->13959K(164800K), 0.0010850 secs]
34.997: [GC (Allocation Failure) 135425K->13975K(189056K), 0.0005380 secs]
35.073: [GC (Allocation Failure) 159819K->14073K(182592K), 0.0007460 secs]
35.145: [GC (Allocation Failure) 153368K->14073K(176384K), 0.0005250 secs]
35.213: [GC (Allocation Failure) 147145K->14073K(170496K), 0.0007580 secs]
35.279: [GC (Allocation Failure) 141242K->14073K(164800K), 0.0006800 secs]
35.342: [GC (Allocation Failure) 135661K->14170K(159552K), 0.0005630 secs]
35.400: [GC (Allocation Failure) 130419K->14170K(154496K), 0.0005810 secs]
35.456: [GC (Allocation Failure) 125313K->14170K(149696K), 0.0006400 secs]
35.510: [GC (Allocation Failure) 120574K->14170K(145024K), 0.0006240 secs]
35.567: [GC (Allocation Failure) 115964K->14252K(165504K), 0.0010770 secs]
35.631: [GC (Allocation Failure) 136468K->14268K(189952K), 0.0005830 secs]
35.705: [GC (Allocation Failure) 160913K->14268K(183360K), 0.0005750 secs]
35.774: [GC (Allocation Failure) 154347K->14268K(177024K), 0.0005310 secs]
35.839: [GC (Allocation Failure) 148015K->14366K(171136K), 0.0005630 secs]
35.903: [GC (Allocation Failure) 142189K->14366K(165504K), 0.0005290 secs]
35.965: [GC (Allocation Failure) 136540K->14366K(160128K), 0.0005700 secs]
36.021: [GC (Allocation Failure) 131221K->14366K(154944K), 0.0005220 secs]
36.077: [GC (Allocation Failure) 126015K->14463K(150144K), 0.0005450 secs]
36.134: [GC (Allocation Failure) 121265K->14463K(145536K), 0.0006790 secs]
36.186: [GC (Allocation Failure) 116649K->14463K(141120K), 0.0005690 secs]
36.235: [GC (Allocation Failure) 112243K->14463K(136896K), 0.0005370 secs]
36.282: [GC (Allocation Failure) 108113K->14561K(132992K), 0.0005620 secs]
36.325: [GC (Allocation Failure) 104270K->14561K(150976K), 0.0005090 secs]
36.380: [GC (Allocation Failure) 122268K->14561K(146304K), 0.0005680 secs]
36.432: [GC (Allocation Failure) 117519K->14561K(141824K), 0.0005520 secs]
36.482: [GC (Allocation Failure) 113120K->14659K(137664K), 0.0005710 secs]
36.531: [GC (Allocation Failure) 108983K->14659K(156544K), 0.0005940 secs]
36.585: [GC (Allocation Failure) 127878K->14659K(151616K), 0.0005680 secs]
36.639: [GC (Allocation Failure) 122920K->14659K(173248K), 0.0006900 secs]
36.704: [GC (Allocation Failure) 144695K->14756K(167552K), 0.0005730 secs]
36.766: [GC (Allocation Failure) 139007K->14756K(162112K), 0.0005870 secs]
36.831: [GC (Allocation Failure) 133558K->14756K(156928K), 0.0007560 secs]
36.888: [GC (Allocation Failure) 128362K->14756K(151936K), 0.0005460 secs]
36.942: [GC (Allocation Failure) 123461K->14854K(147328K), 0.0005700 secs]
36.993: [GC (Allocation Failure) 118911K->14838K(168192K), 0.0009950 secs]
37.055: [GC (Allocation Failure) 139693K->14854K(193216K), 0.0005650 secs]
37.134: [GC (Allocation Failure) 164751K->14854K(186432K), 0.0006850 secs]
37.206: [GC (Allocation Failure) 158067K->14936K(180096K), 0.0007820 secs]
37.281: [GC (Allocation Failure) 151756K->14936K(207488K), 0.0010520 secs]
37.362: [GC (Allocation Failure) 179113K->14952K(200064K), 0.0005700 secs]
37.437: [GC (Allocation Failure) 171674K->14952K(192896K), 0.0005370 secs]
37.513: [GC (Allocation Failure) 164648K->15049K(186240K), 0.0007220 secs]
37.586: [GC (Allocation Failure) 158018K->15033K(179840K), 0.0010460 secs]
37.658: [GC (Allocation Failure) 151524K->15049K(173760K), 0.0005820 secs]
37.724: [GC (Allocation Failure) 145470K->15049K(167936K), 0.0005520 secs]
37.784: [GC (Allocation Failure) 139774K->15147K(162496K), 0.0005630 secs]
37.842: [GC (Allocation Failure) 134292K->15131K(157248K), 0.0007450 secs]
37.899: [GC (Allocation Failure) 129044K->15147K(152256K), 0.0005610 secs]
37.953: [GC (Allocation Failure) 124097K->15147K(147456K), 0.0005480 secs]
38.008: [GC (Allocation Failure) 119395K->15245K(143040K), 0.0006950 secs]
38.056: [GC (Allocation Failure) 115002K->15245K(163008K), 0.0005540 secs]
38.113: [GC (Allocation Failure) 134936K->15245K(157760K), 0.0005650 secs]
38.168: [GC (Allocation Failure) 129727K->15229K(180544K), 0.0011690 secs]
38.239: [GC (Allocation Failure) 152627K->15342K(208192K), 0.0005700 secs]
38.317: [GC (Allocation Failure) 180205K->15342K(200704K), 0.0005630 secs]
38.395: [GC (Allocation Failure) 172703K->15342K(193600K), 0.0005720 secs]
38.468: [GC (Allocation Failure) 165646K->15342K(186752K), 0.0007020 secs]
38.541: [GC (Allocation Failure) 158880K->15440K(180416K), 0.0005700 secs]
38.606: [GC (Allocation Failure) 152566K->15440K(174336K), 0.0005080 secs]
38.677: [GC (Allocation Failure) 146432K->15424K(168512K), 0.0011240 secs]
38.739: [GC (Allocation Failure) 140653K->15440K(162944K), 0.0005300 secs]
38.796: [GC (Allocation Failure) 135166K->15538K(157760K), 0.0005750 secs]
38.855: [GC (Allocation Failure) 130030K->15538K(152768K), 0.0005350 secs]
38.911: [GC (Allocation Failure) 124994K->15538K(148032K), 0.0005830 secs]
38.962: [GC (Allocation Failure) 120271K->15522K(168896K), 0.0011810 secs]
39.024: [GC (Allocation Failure) 141269K->15619K(194176K), 0.0011020 secs]
39.102: [GC (Allocation Failure) 166449K->15635K(224384K), 0.0005780 secs]
39.192: [GC (Allocation Failure) 196721K->15635K(260608K), 0.0007400 secs]
39.302: [GC (Allocation Failure) 232892K->15635K(250432K), 0.0005350 secs]
39.403: [GC (Allocation Failure) 222812K->15733K(240896K), 0.0005810 secs]
39.499: [GC (Allocation Failure) 213346K->15733K(231808K), 0.0005420 secs]
39.597: [GC (Allocation Failure) 204184K->15733K(223168K), 0.0005930 secs]
39.683: [GC (Allocation Failure) 195546K->15733K(214912K), 0.0005280 secs]
39.768: [GC (Allocation Failure) 187408K->15815K(207168K), 0.0011200 secs]
39.851: [GC (Allocation Failure) 179715K->15831K(199744K), 0.0005380 secs]
39.927: [GC (Allocation Failure) 172306K->15831K(192704K), 0.0007420 secs]
40.004: [GC (Allocation Failure) 165222K->15831K(185920K), 0.0005890 secs]
40.075: [GC (Allocation Failure) 158522K->15928K(179584K), 0.0005850 secs]
40.144: [GC (Allocation Failure) 152233K->15928K(173504K), 0.0007210 secs]
40.207: [GC (Allocation Failure) 146168K->15928K(167744K), 0.0005680 secs]
40.269: [GC (Allocation Failure) 140343K->16026K(162176K), 0.0007230 secs]
40.330: [GC (Allocation Failure) 134948K->16124K(157056K), 0.0007370 secs]
40.388: [GC (Allocation Failure) 129823K->16124K(152128K), 0.0005560 secs]
40.442: [GC (Allocation Failure) 124982K->16124K(147392K), 0.0005810 secs]
40.495: [GC (Allocation Failure) 120168K->16124K(142848K), 0.0005400 secs]
40.546: [GC (Allocation Failure) 115764K->16221K(138624K), 0.0005720 secs]
40.593: [GC (Allocation Failure) 111543K->16221K(134592K), 0.0005890 secs]
40.638: [GC (Allocation Failure) 107501K->16221K(152896K), 0.0005830 secs]
40.690: [GC (Allocation Failure) 125811K->16221K(174784K), 0.0005270 secs]
40.757: [GC (Allocation Failure) 147741K->16319K(201216K), 0.0007380 secs]
40.836: [GC (Allocation Failure) 174186K->16319K(194112K), 0.0005990 secs]
40.910: [GC (Allocation Failure) 167094K->16319K(187328K), 0.0005840 secs]
40.983: [GC (Allocation Failure) 160297K->16319K(180800K), 0.0005620 secs]
41.049: [GC (Allocation Failure) 153915K->16417K(174720K), 0.0006120 secs]
41.117: [GC (Allocation Failure) 147833K->16417K(168896K), 0.0005460 secs]
41.179: [GC (Allocation Failure) 142000K->16417K(163392K), 0.0005830 secs]
41.239: [GC (Allocation Failure) 136503K->16417K(158080K), 0.0005450 secs]
41.294: [GC (Allocation Failure) 131272K->16514K(153152K), 0.0005810 secs]
41.350: [GC (Allocation Failure) 126354K->16514K(148416K), 0.0006050 secs]
41.402: [GC (Allocation Failure) 121666K->16514K(143872K), 0.0005770 secs]
41.453: [GC (Allocation Failure) 117122K->16514K(139520K), 0.0005520 secs]
41.502: [GC (Allocation Failure) 112809K->16612K(158848K), 0.0007620 secs]
41.558: [GC (Allocation Failure) 132106K->16612K(182016K), 0.0005470 secs]
41.631: [GC (Allocation Failure) 155362K->16612K(175808K), 0.0006530 secs]
41.697: [GC (Allocation Failure) 149066K->16612K(169856K), 0.0005410 secs]
41.760: [GC (Allocation Failure) 143193K->16710K(164352K), 0.0005810 secs]
41.818: [GC (Allocation Failure) 137705K->16710K(159040K), 0.0005460 secs]
41.876: [GC (Allocation Failure) 132483K->16710K(153984K), 0.0005910 secs]
41.932: [GC (Allocation Failure) 127386K->16710K(149120K), 0.0006140 secs]
41.985: [GC (Allocation Failure) 122556K->16807K(144640K), 0.0005860 secs]
42.035: [GC (Allocation Failure) 118125K->16791K(164928K), 0.0008440 secs]
42.096: [GC (Allocation Failure) 138372K->16807K(189312K), 0.0006740 secs]
42.171: [GC (Allocation Failure) 162791K->16791K(218432K), 0.0012220 secs]
42.257: [GC (Allocation Failure) 192080K->16905K(253632K), 0.0005720 secs]
42.361: [GC (Allocation Failure) 227217K->16905K(243904K), 0.0005690 secs]
42.457: [GC (Allocation Failure) 217488K->16905K(234624K), 0.0005770 secs]
42.554: [GC (Allocation Failure) 208256K->16905K(225792K), 0.0005680 secs]
42.645: [GC (Allocation Failure) 199443K->17003K(217472K), 0.0005770 secs]
42.730: [GC (Allocation Failure) 191176K->17003K(209536K), 0.0006080 secs]
42.812: [GC (Allocation Failure) 183231K->17003K(201984K), 0.0005970 secs]
42.891: [GC (Allocation Failure) 175647K->17003K(194752K), 0.0006310 secs]
42.965: [GC (Allocation Failure) 168466K->17100K(187968K), 0.0005840 secs]
43.043: [GC (Allocation Failure) 161782K->17100K(181504K), 0.0007050 secs]
43.112: [GC (Allocation Failure) 155277K->17084K(175360K), 0.0008050 secs]
43.177: [GC (Allocation Failure) 149175K->17100K(169472K), 0.0005470 secs]
43.240: [GC (Allocation Failure) 143371K->17198K(163968K), 0.0005930 secs]
43.297: [GC (Allocation Failure) 137805K->17198K(158656K), 0.0005460 secs]
43.355: [GC (Allocation Failure) 132578K->17198K(153600K), 0.0005840 secs]
43.411: [GC (Allocation Failure) 127451K->17198K(148736K), 0.0006070 secs]
43.465: [GC (Allocation Failure) 122643K->17296K(144256K), 0.0007510 secs]
43.516: [GC (Allocation Failure) 118213K->17296K(164480K), 0.0007050 secs]
43.577: [GC (Allocation Failure) 138480K->17296K(159168K), 0.0005740 secs]
43.635: [GC (Allocation Failure) 133154K->17296K(182336K), 0.0007140 secs]
43.702: [GC (Allocation Failure) 156353K->17394K(210240K), 0.0007520 secs]
43.784: [GC (Allocation Failure) 184311K->17394K(202688K), 0.0006380 secs]
43.860: [GC (Allocation Failure) 176745K->17394K(195456K), 0.0005940 secs]
43.939: [GC (Allocation Failure) 169520K->17394K(188544K), 0.0007210 secs]
44.010: [GC (Allocation Failure) 162669K->17491K(182080K), 0.0005720 secs]
44.079: [GC (Allocation Failure) 156296K->17491K(175872K), 0.0005500 secs]
44.144: [GC (Allocation Failure) 150074K->17491K(169984K), 0.0007330 secs]
44.208: [GC (Allocation Failure) 144154K->17491K(164352K), 0.0005510 secs]
44.267: [GC (Allocation Failure) 138576K->17589K(159104K), 0.0007500 secs]
44.324: [GC (Allocation Failure) 133382K->17589K(154048K), 0.0005740 secs]
44.380: [GC (Allocation Failure) 128344K->17589K(149248K), 0.0007520 secs]
44.433: [GC (Allocation Failure) 123513K->17589K(144640K), 0.0005440 secs]
44.483: [GC (Allocation Failure) 119024K->17687K(140352K), 0.0005920 secs]
44.536: [GC (Allocation Failure) 114771K->17687K(159808K), 0.0007340 secs]
44.594: [GC (Allocation Failure) 134224K->17687K(183168K), 0.0005910 secs]
44.661: [GC (Allocation Failure) 157560K->17687K(211136K), 0.0007030 secs]
44.748: [GC (Allocation Failure) 185598K->17784K(203584K), 0.0007690 secs]
44.831: [GC (Allocation Failure) 178010K->17768K(235648K), 0.0011070 secs]
44.926: [GC (Allocation Failure) 210093K->17784K(226816K), 0.0005860 secs]
45.014: [GC (Allocation Failure) 201301K->17784K(218368K), 0.0005540 secs]
45.100: [GC (Allocation Failure) 192938K->17882K(210432K), 0.0006590 secs]
45.181: [GC (Allocation Failure) 184999K->17882K(202816K), 0.0005530 secs]
45.261: [GC (Allocation Failure) 177365K->17882K(195584K), 0.0005780 secs]
45.337: [GC (Allocation Failure) 170124K->17882K(188672K), 0.0007260 secs]
45.411: [GC (Allocation Failure) 163339K->17980K(182208K), 0.0007570 secs]
45.478: [GC (Allocation Failure) 156873K->17964K(176000K), 0.0007810 secs]
45.543: [GC (Allocation Failure) 150678K->17980K(170112K), 0.0005940 secs]
45.605: [GC (Allocation Failure) 144754K->17980K(164480K), 0.0005510 secs]
45.666: [GC (Allocation Failure) 139168K->18077K(159232K), 0.0005670 secs]
45.722: [GC (Allocation Failure) 133961K->18077K(154176K), 0.0005470 secs]
45.778: [GC (Allocation Failure) 128948K->18077K(149376K), 0.0007730 secs]
45.831: [GC (Allocation Failure) 124127K->18077K(144768K), 0.0005510 secs]
45.879: [GC (Allocation Failure) 119598K->18175K(140480K), 0.0005910 secs]
45.928: [GC (Allocation Failure) 115367K->18175K(159936K), 0.0005800 secs]
45.986: [GC (Allocation Failure) 134844K->18175K(154816K), 0.0006510 secs]
46.044: [GC (Allocation Failure) 129677K->18175K(177088K), 0.0007230 secs]
46.110: [GC (Allocation Failure) 151988K->18273K(203968K), 0.0007730 secs]
46.191: [GC (Allocation Failure) 178881K->18273K(196672K), 0.0005520 secs]
46.269: [GC (Allocation Failure) 171623K->18273K(189760K), 0.0005900 secs]
46.341: [GC (Allocation Failure) 164732K->18273K(183104K), 0.0005530 secs]
46.411: [GC (Allocation Failure) 158167K->18370K(176896K), 0.0007530 secs]
46.477: [GC (Allocation Failure) 151959K->18370K(170944K), 0.0007170 secs]
46.543: [GC (Allocation Failure) 146045K->18370K(165312K), 0.0006010 secs]
46.608: [GC (Allocation Failure) 140397K->18370K(159872K), 0.0007330 secs]
46.667: [GC (Allocation Failure) 135012K->18468K(154816K), 0.0007660 secs]
46.724: [GC (Allocation Failure) 130012K->18468K(149952K), 0.0006340 secs]
46.778: [GC (Allocation Failure) 125093K->18468K(145344K), 0.0005970 secs]
46.834: [GC (Allocation Failure) 120476K->18452K(165632K), 0.0012410 secs]
46.896: [GC (Allocation Failure) 140925K->18570K(190272K), 0.0007660 secs]
46.968: [GC (Allocation Failure) 165501K->18570K(219712K), 0.0005910 secs]
47.055: [GC (Allocation Failure) 194998K->18554K(255040K), 0.0008700 secs]
47.159: [GC (Allocation Failure) 230329K->18570K(245184K), 0.0005710 secs]
47.260: [GC (Allocation Failure) 220467K->18667K(235904K), 0.0006060 secs]
47.354: [GC (Allocation Failure) 211224K->18667K(227072K), 0.0005600 secs]
47.445: [GC (Allocation Failure) 202413K->18667K(218624K), 0.0005960 secs]
47.529: [GC (Allocation Failure) 193970K->18667K(210560K), 0.0005430 secs]
47.610: [GC (Allocation Failure) 185992K->18765K(203008K), 0.0005930 secs]
47.691: [GC (Allocation Failure) 178489K->18765K(195776K), 0.0007180 secs]
47.767: [GC (Allocation Failure) 171222K->18765K(188928K), 0.0006130 secs]
47.841: [GC (Allocation Failure) 164420K->18765K(182336K), 0.0005670 secs]
47.909: [GC (Allocation Failure) 157838K->18863K(176192K), 0.0007720 secs]
47.978: [GC (Allocation Failure) 151747K->18863K(170304K), 0.0007230 secs]
48.044: [GC (Allocation Failure) 145859K->18863K(164672K), 0.0007900 secs]
48.104: [GC (Allocation Failure) 140245K->18863K(159296K), 0.0006700 secs]
48.161: [GC (Allocation Failure) 134925K->18960K(154304K), 0.0005930 secs]
48.218: [GC (Allocation Failure) 129906K->18960K(149504K), 0.0007260 secs]
48.273: [GC (Allocation Failure) 125107K->18960K(170752K), 0.0007750 secs]
48.341: [GC (Allocation Failure) 146419K->18960K(196224K), 0.0007360 secs]
48.418: [GC (Allocation Failure) 171890K->19058K(226944K), 0.0007680 secs]
48.508: [GC (Allocation Failure) 202699K->19058K(218560K), 0.0005840 secs]
48.594: [GC (Allocation Failure) 194301K->19042K(210560K), 0.0008390 secs]
48.676: [GC (Allocation Failure) 186247K->19058K(202880K), 0.0005580 secs]
48.757: [GC (Allocation Failure) 178701K->19140K(195712K), 0.0011850 secs]
48.833: [GC (Allocation Failure) 171508K->19156K(188864K), 0.0007410 secs]
48.908: [GC (Allocation Failure) 164705K->19156K(182336K), 0.0006020 secs]
48.978: [GC (Allocation Failure) 158227K->19156K(176064K), 0.0005510 secs]
49.043: [GC (Allocation Failure) 152009K->19253K(170240K), 0.0007840 secs]
49.108: [GC (Allocation Failure) 146147K->19253K(164608K), 0.0005570 secs]
49.168: [GC (Allocation Failure) 140541K->19253K(159296K), 0.0006100 secs]
49.225: [GC (Allocation Failure) 135195K->19253K(154176K), 0.0007270 secs]
49.282: [GC (Allocation Failure) 130194K->19351K(149440K), 0.0006620 secs]
49.335: [GC (Allocation Failure) 125486K->19351K(170688K), 0.0007290 secs]
49.400: [GC (Allocation Failure) 146689K->19351K(196224K), 0.0006210 secs]
49.473: [GC (Allocation Failure) 172302K->19351K(189248K), 0.0005540 secs]
49.544: [GC (Allocation Failure) 165317K->19449K(182784K), 0.0006780 secs]
49.612: [GC (Allocation Failure) 158913K->19449K(176576K), 0.0005670 secs]
49.676: [GC (Allocation Failure) 152724K->19449K(170688K), 0.0008040 secs]
49.744: [GC (Allocation Failure) 146820K->19449K(164992K), 0.0005630 secs]
49.805: [GC (Allocation Failure) 141220K->19546K(159680K), 0.0005980 secs]
49.861: [GC (Allocation Failure) 135919K->19546K(154624K), 0.0005660 secs]
49.917: [GC (Allocation Failure) 130886K->19546K(149824K), 0.0006090 secs]
49.970: [GC (Allocation Failure) 126052K->19546K(171072K), 0.0007620 secs]
50.036: [GC (Allocation Failure) 147369K->19644K(196736K), 0.0007970 secs]
50.117: [GC (Allocation Failure) 173079K->19644K(189824K), 0.0005650 secs]
50.189: [GC (Allocation Failure) 166110K->19644K(183232K), 0.0006030 secs]
50.258: [GC (Allocation Failure) 159530K->19644K(176896K), 0.0005600 secs]
50.326: [GC (Allocation Failure) 153287K->19742K(171008K), 0.0007780 secs]
50.388: [GC (Allocation Failure) 147420K->19742K(165376K), 0.0005660 secs]
50.446: [GC (Allocation Failure) 141824K->19726K(160000K), 0.0008430 secs]
50.505: [GC (Allocation Failure) 136389K->19742K(154816K), 0.0005680 secs]
50.558: [GC (Allocation Failure) 131294K->19839K(150016K), 0.0005920 secs]
50.613: [GC (Allocation Failure) 126574K->19839K(145408K), 0.0006200 secs]
50.662: [GC (Allocation Failure) 121945K->19839K(165888K), 0.0006080 secs]
50.725: [GC (Allocation Failure) 142402K->19839K(160448K), 0.0005740 secs]
50.783: [GC (Allocation Failure) 137003K->19937K(155392K), 0.0006660 secs]
50.839: [GC (Allocation Failure) 131972K->19937K(177856K), 0.0006280 secs]
50.907: [GC (Allocation Failure) 154503K->19937K(171904K), 0.0006660 secs]
50.969: [GC (Allocation Failure) 148572K->19937K(166144K), 0.0005520 secs]
51.030: [GC (Allocation Failure) 142864K->20035K(160832K), 0.0006030 secs]
51.087: [GC (Allocation Failure) 137531K->20035K(155712K), 0.0005720 secs]
51.145: [GC (Allocation Failure) 132451K->20035K(150848K), 0.0007870 secs]
51.200: [GC (Allocation Failure) 127540K->20035K(172352K), 0.0006720 secs]
51.264: [GC (Allocation Failure) 149146K->20116K(198272K), 0.0012320 secs]
51.342: [GC (Allocation Failure) 175102K->20132K(229312K), 0.0005780 secs]
51.430: [GC (Allocation Failure) 206148K->20132K(220800K), 0.0006010 secs]
51.522: [GC (Allocation Failure) 197641K->20132K(212608K), 0.0005780 secs]
51.605: [GC (Allocation Failure) 189529K->20230K(204992K), 0.0005970 secs]
51.683: [GC (Allocation Failure) 181946K->20230K(197696K), 0.0007400 secs]
51.758: [GC (Allocation Failure) 174656K->20230K(190720K), 0.0006070 secs]
51.831: [GC (Allocation Failure) 167652K->20230K(184064K), 0.0007440 secs]
51.901: [GC (Allocation Failure) 161072K->20328K(177856K), 0.0007880 secs]
51.968: [GC (Allocation Failure) 154883K->20328K(171904K), 0.0005530 secs]
52.030: [GC (Allocation Failure) 148880K->20328K(166208K), 0.0007910 secs]
52.091: [GC (Allocation Failure) 143247K->20328K(160768K), 0.0006830 secs]
52.154: [GC (Allocation Failure) 137845K->20409K(184384K), 0.0012150 secs]
52.225: [GC (Allocation Failure) 161472K->20425K(212608K), 0.0005800 secs]
52.309: [GC (Allocation Failure) 189705K->20425K(204928K), 0.0006080 secs]
52.389: [GC (Allocation Failure) 182022K->20425K(197568K), 0.0007480 secs]
52.467: [GC (Allocation Failure) 174789K->20523K(190656K), 0.0006050 secs]
52.538: [GC (Allocation Failure) 167862K->20523K(184064K), 0.0005750 secs]
52.605: [GC (Allocation Failure) 161296K->20523K(177792K), 0.0006080 secs]
52.671: [GC (Allocation Failure) 154963K->20523K(171776K), 0.0005670 secs]
52.738: [GC (Allocation Failure) 149046K->20621K(166144K), 0.0007980 secs]
52.799: [GC (Allocation Failure) 143501K->20621K(160768K), 0.0005700 secs]
52.856: [GC (Allocation Failure) 138051K->20621K(155648K), 0.0007200 secs]
52.915: [GC (Allocation Failure) 132909K->20621K(150720K), 0.0006430 secs]
52.969: [GC (Allocation Failure) 128095K->20718K(146112K), 0.0006180 secs]
53.024: [GC (Allocation Failure) 123554K->20718K(141696K), 0.0005880 secs]
53.076: [GC (Allocation Failure) 119074K->20702K(161408K), 0.0012550 secs]
53.137: [GC (Allocation Failure) 138844K->20718K(185024K), 0.0005660 secs]
53.210: [GC (Allocation Failure) 162475K->20816K(213504K), 0.0008100 secs]
53.297: [GC (Allocation Failure) 190966K->20816K(247552K), 0.0005800 secs]
53.401: [GC (Allocation Failure) 225017K->20816K(238144K), 0.0008150 secs]
53.496: [GC (Allocation Failure) 215672K->20816K(229120K), 0.0005730 secs]
53.592: [GC (Allocation Failure) 206726K->20914K(220672K), 0.0008020 secs]
53.680: [GC (Allocation Failure) 198286K->20914K(212544K), 0.0006010 secs]
53.761: [GC (Allocation Failure) 190114K->20914K(204864K), 0.0006170 secs]
53.841: [GC (Allocation Failure) 182469K->20914K(197504K), 0.0007520 secs]
53.924: [GC (Allocation Failure) 175144K->20995K(190592K), 0.0011230 secs]
53.995: [GC (Allocation Failure) 168246K->21011K(184000K), 0.0006370 secs]
54.063: [GC (Allocation Failure) 161684K->21011K(177728K), 0.0006180 secs]
54.136: [GC (Allocation Failure) 155449K->21011K(171712K), 0.0006820 secs]
54.201: [GC (Allocation Failure) 149478K->21109K(166080K), 0.0006100 secs]
54.262: [GC (Allocation Failure) 143840K->21109K(160704K), 0.0005760 secs]
54.318: [GC (Allocation Failure) 138468K->21093K(155584K), 0.0008570 secs]
54.380: [GC (Allocation Failure) 133402K->21093K(177920K), 0.0013410 secs]
54.449: [GC (Allocation Failure) 155824K->21207K(205056K), 0.0007830 secs]
54.534: [GC (Allocation Failure) 182991K->21207K(237440K), 0.0006980 secs]
54.629: [GC (Allocation Failure) 215291K->21207K(228480K), 0.0007810 secs]
54.719: [GC (Allocation Failure) 206401K->21207K(219904K), 0.0005820 secs]
54.805: [GC (Allocation Failure) 197868K->21304K(211904K), 0.0006000 secs]
54.890: [GC (Allocation Failure) 189851K->21304K(204224K), 0.0005870 secs]
54.970: [GC (Allocation Failure) 182236K->21304K(196928K), 0.0006880 secs]
55.045: [GC (Allocation Failure) 174968K->21304K(189952K), 0.0005850 secs]
55.118: [GC (Allocation Failure) 168051K->21386K(183424K), 0.0008740 secs]
55.188: [GC (Allocation Failure) 161458K->21402K(177152K), 0.0005800 secs]
55.252: [GC (Allocation Failure) 155271K->21402K(171200K), 0.0008440 secs]
55.315: [GC (Allocation Failure) 149289K->21402K(165504K), 0.0005780 secs]
55.376: [GC (Allocation Failure) 143677K->21484K(190080K), 0.0008810 secs]
55.450: [GC (Allocation Failure) 168251K->21500K(183488K), 0.0005840 secs]
55.517: [GC (Allocation Failure) 161668K->21500K(177216K), 0.0006170 secs]
55.585: [GC (Allocation Failure) 155365K->21500K(171200K), 0.0005740 secs]
55.646: [GC (Allocation Failure) 149462K->21597K(165632K), 0.0006150 secs]
55.708: [GC (Allocation Failure) 143959K->21597K(160256K), 0.0005790 secs]
55.766: [GC (Allocation Failure) 138528K->21597K(155136K), 0.0006860 secs]
55.819: [GC (Allocation Failure) 133442K->21597K(150208K), 0.0005750 secs]
55.873: [GC (Allocation Failure) 128524K->21695K(145664K), 0.0006040 secs]
55.926: [GC (Allocation Failure) 124086K->21695K(141248K), 0.0005770 secs]
55.973: [GC (Allocation Failure) 119657K->21695K(160896K), 0.0008120 secs]
56.033: [GC (Allocation Failure) 139232K->21679K(184320K), 0.0009040 secs]
56.106: [GC (Allocation Failure) 162852K->21793K(212736K), 0.0005970 secs]
56.192: [GC (Allocation Failure) 191175K->21797K(205056K), 0.0006210 secs]
56.271: [GC (Allocation Failure) 183514K->21797K(197760K), 0.0006930 secs]
56.348: [GC (Allocation Failure) 176239K->21797K(190720K), 0.0005740 secs]
56.422: [GC (Allocation Failure) 169252K->21894K(184192K), 0.0006120 secs]
56.489: [GC (Allocation Failure) 162806K->21878K(177920K), 0.0008360 secs]
56.557: [GC (Allocation Failure) 156516K->21894K(171968K), 0.0008110 secs]
56.622: [GC (Allocation Failure) 150557K->21894K(166208K), 0.0005750 secs]
56.686: [GC (Allocation Failure) 144840K->21992K(160896K), 0.0006190 secs]
56.742: [GC (Allocation Failure) 139539K->21992K(155776K), 0.0005810 secs]
56.796: [GC (Allocation Failure) 134433K->21992K(150912K), 0.0006770 secs]
56.850: [GC (Allocation Failure) 129593K->21992K(172416K), 0.0007750 secs]
56.915: [GC (Allocation Failure) 151156K->22090K(198336K), 0.0006190 secs]
56.992: [GC (Allocation Failure) 177090K->22090K(191360K), 0.0007460 secs]
57.067: [GC (Allocation Failure) 170098K->22090K(184704K), 0.0006930 secs]
57.140: [GC (Allocation Failure) 163525K->22074K(212864K), 0.0014110 secs]
57.232: [GC (Allocation Failure) 191707K->22171K(246976K), 0.0012820 secs]
57.329: [GC (Allocation Failure) 225882K->22187K(287744K), 0.0006120 secs]
57.449: [GC (Allocation Failure) 266607K->22187K(276288K), 0.0007020 secs]
57.567: [GC (Allocation Failure) 255183K->22187K(265344K), 0.0007620 secs]
57.676: [GC (Allocation Failure) 244309K->22285K(255104K), 0.0006230 secs]
57.779: [GC (Allocation Failure) 234029K->22285K(245312K), 0.0005810 secs]
57.881: [GC (Allocation Failure) 224332K->22285K(235968K), 0.0006200 secs]
57.976: [GC (Allocation Failure) 214907K->22285K(227072K), 0.0007410 secs]
58.064: [GC (Allocation Failure) 206111K->22383K(218688K), 0.0006300 secs]
58.147: [GC (Allocation Failure) 197753K->22383K(210688K), 0.0005850 secs]
58.230: [GC (Allocation Failure) 189786K->22383K(203072K), 0.0006230 secs]
58.309: [GC (Allocation Failure) 182094K->22367K(195712K), 0.0013060 secs]
58.386: [GC (Allocation Failure) 174940K->22480K(188992K), 0.0008030 secs]
58.461: [GC (Allocation Failure) 168128K->22480K(182464K), 0.0008110 secs]
58.530: [GC (Allocation Failure) 161666K->22480K(176256K), 0.0006190 secs]
58.594: [GC (Allocation Failure) 155458K->22480K(170304K), 0.0005820 secs]
58.654: [GC (Allocation Failure) 149557K->22578K(164736K), 0.0006210 secs]
58.712: [GC (Allocation Failure) 143953K->22578K(159424K), 0.0006010 secs]
58.769: [GC (Allocation Failure) 138655K->22562K(182656K), 0.0012700 secs]
58.838: [GC (Allocation Failure) 161938K->22578K(210496K), 0.0006030 secs]
58.918: [GC (Allocation Failure) 189794K->22676K(244032K), 0.0006210 secs]
59.020: [GC (Allocation Failure) 223405K->22676K(234752K), 0.0007760 secs]
59.115: [GC (Allocation Failure) 214149K->22676K(225984K), 0.0006290 secs]
59.202: [GC (Allocation Failure) 205339K->22676K(217536K), 0.0005830 secs]
59.290: [GC (Allocation Failure) 196960K->22773K(209664K), 0.0006240 secs]
59.375: [GC (Allocation Failure) 189110K->22773K(202112K), 0.0005890 secs]
59.454: [GC (Allocation Failure) 181545K->22773K(194944K), 0.0006180 secs]
59.531: [GC (Allocation Failure) 174448K->22773K(188032K), 0.0005830 secs]
59.600: [GC (Allocation Failure) 167570K->22871K(181632K), 0.0006300 secs]
59.670: [GC (Allocation Failure) 161238K->22871K(175488K), 0.0005830 secs]
59.734: [GC (Allocation Failure) 155067K->22855K(169600K), 0.0008740 secs]
59.794: [GC (Allocation Failure) 149139K->22871K(163968K), 0.0005980 secs]
59.856: [GC (Allocation Failure) 143553K->22969K(158720K), 0.0006890 secs]
59.911: [GC (Allocation Failure) 138354K->22969K(153664K), 0.0005830 secs]
59.964: [GC (Allocation Failure) 133339K->22969K(148864K), 0.0006240 secs]
60.016: [GC (Allocation Failure) 128495K->22969K(169920K), 0.0008060 secs]
60.079: [GC (Allocation Failure) 149669K->23066K(195328K), 0.0008130 secs]
60.154: [GC (Allocation Failure) 175037K->23066K(225792K), 0.0005920 secs]
60.245: [GC (Allocation Failure) 205503K->23066K(217408K), 0.0006330 secs]
60.330: [GC (Allocation Failure) 197181K->23066K(209408K), 0.0005850 secs]
60.410: [GC (Allocation Failure) 189218K->23164K(201920K), 0.0006910 secs]
60.491: [GC (Allocation Failure) 181809K->23164K(194752K), 0.0006580 secs]
60.566: [GC (Allocation Failure) 174642K->23164K(187968K), 0.0006240 secs]
60.639: [GC (Allocation Failure) 167851K->23164K(181440K), 0.0005940 secs]
60.705: [GC (Allocation Failure) 161369K->23246K(175360K), 0.0008870 secs]
60.772: [GC (Allocation Failure) 155269K->23262K(169536K), 0.0007730 secs]
60.837: [GC (Allocation Failure) 149465K->23262K(163968K), 0.0006170 secs]
60.898: [GC (Allocation Failure) 143964K->23262K(158592K), 0.0005910 secs]
60.953: [GC (Allocation Failure) 138643K->23359K(153600K), 0.0006170 secs]
61.010: [GC (Allocation Failure) 133601K->23359K(148800K), 0.0006620 secs]
61.066: [GC (Allocation Failure) 128849K->23359K(169920K), 0.0008520 secs]
61.129: [GC (Allocation Failure) 149958K->23359K(195200K), 0.0005910 secs]
61.205: [GC (Allocation Failure) 175343K->23457K(188416K), 0.0006270 secs]
61.274: [GC (Allocation Failure) 168534K->23457K(181888K), 0.0005970 secs]
61.346: [GC (Allocation Failure) 162048K->23457K(175680K), 0.0006310 secs]
61.411: [GC (Allocation Failure) 155838K->23457K(169728K), 0.0005890 secs]
61.480: [GC (Allocation Failure) 149946K->23539K(195136K), 0.0010890 secs]
61.557: [GC (Allocation Failure) 175401K->23555K(225536K), 0.0007830 secs]
61.648: [GC (Allocation Failure) 205792K->23555K(217216K), 0.0006300 secs]
61.733: [GC (Allocation Failure) 197462K->23539K(209152K), 0.0009440 secs]
61.816: [GC (Allocation Failure) 189542K->23653K(201728K), 0.0006370 secs]
61.892: [GC (Allocation Failure) 182085K->23653K(194560K), 0.0006900 secs]
61.972: [GC (Allocation Failure) 174945K->23653K(187776K), 0.0008580 secs]
62.044: [GC (Allocation Failure) 168147K->23848K(181248K), 0.0009720 secs]
62.112: [GC (Allocation Failure) 161857K->23930K(208960K), 0.0009090 secs]
62.195: [GC (Allocation Failure) 189573K->23930K(242112K), 0.0010730 secs]
62.292: [GC (Allocation Failure) 222723K->23946K(281920K), 0.0008270 secs]
62.408: [GC (Allocation Failure) 262577K->23946K(270720K), 0.0005950 secs]
62.519: [GC (Allocation Failure) 251373K->24027K(260224K), 0.0009010 secs]
62.624: [GC (Allocation Failure) 240894K->24043K(250176K), 0.0005920 secs]
62.724: [GC (Allocation Failure) 230873K->24043K(240640K), 0.0006370 secs]
62.819: [GC (Allocation Failure) 221417K->24043K(231488K), 0.0006130 secs]
62.916: [GC (Allocation Failure) 212287K->24141K(222912K), 0.0006400 secs]
63.004: [GC (Allocation Failure) 203699K->24141K(214720K), 0.0006330 secs]
63.086: [GC (Allocation Failure) 195534K->24141K(206912K), 0.0008410 secs]
63.168: [GC (Allocation Failure) 187738K->24141K(199424K), 0.0005980 secs]
63.244: [GC (Allocation Failure) 180312K->24223K(192448K), 0.0012360 secs]
63.319: [GC (Allocation Failure) 173355K->24239K(185728K), 0.0005870 secs]
63.389: [GC (Allocation Failure) 166668K->24239K(179392K), 0.0007090 secs]
63.458: [GC (Allocation Failure) 160346K->24239K(173248K), 0.0007910 secs]
63.523: [GC (Allocation Failure) 154279K->24336K(167552K), 0.0006080 secs]
63.588: [GC (Allocation Failure) 148618K->24336K(162112K), 0.0006160 secs]
63.648: [GC (Allocation Failure) 143117K->24336K(156928K), 0.0008530 secs]
63.706: [GC (Allocation Failure) 137946K->24336K(151936K), 0.0005910 secs]
63.760: [GC (Allocation Failure) 133031K->24434K(173760K), 0.0007010 secs]
63.825: [GC (Allocation Failure) 154865K->24434K(168000K), 0.0006030 secs]
63.885: [GC (Allocation Failure) 149168K->24434K(162496K), 0.0006410 secs]
63.944: [GC (Allocation Failure) 143663K->24434K(157184K), 0.0006070 secs]
64.002: [GC (Allocation Failure) 138338K->24532K(152256K), 0.0006200 secs]
64.055: [GC (Allocation Failure) 133519K->24532K(147520K), 0.0005970 secs]
64.107: [GC (Allocation Failure) 128692K->24532K(168384K), 0.0006490 secs]
64.173: [GC (Allocation Failure) 149608K->24532K(193344K), 0.0007850 secs]
64.255: [GC (Allocation Failure) 174650K->24613K(223488K), 0.0013310 secs]
64.344: [GC (Allocation Failure) 204825K->24629K(259584K), 0.0006070 secs]
64.453: [GC (Allocation Failure) 240939K->24629K(249536K), 0.0006270 secs]
64.553: [GC (Allocation Failure) 230898K->24629K(239936K), 0.0006010 secs]
64.653: [GC (Allocation Failure) 221340K->24727K(230912K), 0.0006280 secs]
64.748: [GC (Allocation Failure) 212369K->24727K(222336K), 0.0006160 secs]
64.838: [GC (Allocation Failure) 203710K->24727K(214144K), 0.0006390 secs]
64.923: [GC (Allocation Failure) 195581K->24727K(206336K), 0.0008110 secs]
65.004: [GC (Allocation Failure) 187812K->24825K(199040K), 0.0008600 secs]
65.082: [GC (Allocation Failure) 180549K->24825K(192000K), 0.0007980 secs]
65.157: [GC (Allocation Failure) 173560K->24825K(185344K), 0.0008490 secs]
65.229: [GC (Allocation Failure) 166857K->24825K(178944K), 0.0005960 secs]
65.300: [GC (Allocation Failure) 160472K->24922K(172992K), 0.0008610 secs]
65.363: [GC (Allocation Failure) 154576K->24922K(167232K), 0.0005910 secs]
65.431: [GC (Allocation Failure) 148842K->24922K(161792K), 0.0008840 secs]
65.488: [GC (Allocation Failure) 143368K->24922K(185472K), 0.0007600 secs]
65.559: [GC (Allocation Failure) 167138K->25020K(179200K), 0.0006400 secs]
65.626: [GC (Allocation Failure) 160955K->25020K(173184K), 0.0006090 secs]
65.692: [GC (Allocation Failure) 154931K->25020K(167424K), 0.0006670 secs]
65.754: [GC (Allocation Failure) 149155K->25020K(161920K), 0.0005940 secs]
65.814: [GC (Allocation Failure) 143701K->25118K(156800K), 0.0007100 secs]
65.871: [GC (Allocation Failure) 138632K->25118K(179520K), 0.0006830 secs]
65.942: [GC (Allocation Failure) 161360K->25118K(206784K), 0.0008520 secs]
66.021: [GC (Allocation Failure) 188609K->25118K(199296K), 0.0006060 secs]
66.096: [GC (Allocation Failure) 181119K->25215K(192320K), 0.0006250 secs]
66.167: [GC (Allocation Failure) 174250K->25215K(185600K), 0.0005850 secs]
66.240: [GC (Allocation Failure) 167455K->25215K(179264K), 0.0006400 secs]
66.306: [GC (Allocation Failure) 161155K->25215K(173184K), 0.0006050 secs]
66.371: [GC (Allocation Failure) 155176K->25313K(167488K), 0.0006420 secs]
66.433: [GC (Allocation Failure) 149447K->25313K(162048K), 0.0006020 secs]
66.494: [GC (Allocation Failure) 144084K->25313K(156864K), 0.0008640 secs]
66.551: [GC (Allocation Failure) 138909K->25313K(151872K), 0.0006020 secs]
66.610: [GC (Allocation Failure) 133896K->25395K(173696K), 0.0013460 secs]
66.678: [GC (Allocation Failure) 155730K->25411K(199808K), 0.0005990 secs]
66.755: [GC (Allocation Failure) 181912K->25411K(231168K), 0.0006390 secs]
66.845: [GC (Allocation Failure) 213224K->25411K(222464K), 0.0006070 secs]
66.932: [GC (Allocation Failure) 204647K->25508K(214336K), 0.0006590 secs]
67.015: [GC (Allocation Failure) 196561K->25508K(206528K), 0.0006300 secs]
67.093: [GC (Allocation Failure) 188686K->25508K(199104K), 0.0006450 secs]
67.168: [GC (Allocation Failure) 181331K->25508K(192000K), 0.0006080 secs]
67.241: [GC (Allocation Failure) 174245K->25590K(185408K), 0.0009840 secs]
67.314: [GC (Allocation Failure) 167696K->25606K(179072K), 0.0006040 secs]
67.382: [GC (Allocation Failure) 161345K->25606K(173056K), 0.0006470 secs]
67.446: [GC (Allocation Failure) 155326K->25606K(167232K), 0.0006010 secs]
67.509: [GC (Allocation Failure) 149631K->25704K(161856K), 0.0006450 secs]
67.567: [GC (Allocation Failure) 144243K->25704K(156672K), 0.0008050 secs]
67.624: [GC (Allocation Failure) 139109K->25704K(179392K), 0.0008590 secs]
67.692: [GC (Allocation Failure) 161735K->25704K(206592K), 0.0006130 secs]
67.776: [GC (Allocation Failure) 189021K->25801K(199232K), 0.0006390 secs]
67.853: [GC (Allocation Failure) 181682K->25801K(192192K), 0.0006070 secs]
67.925: [GC (Allocation Failure) 174717K->25801K(185536K), 0.0006530 secs]
67.997: [GC (Allocation Failure) 168046K->25801K(179136K), 0.0006160 secs]
68.062: [GC (Allocation Failure) 161723K->25899K(173184K), 0.0006320 secs]
68.124: [GC (Allocation Failure) 155743K->25899K(167424K), 0.0006090 secs]
68.185: [GC (Allocation Failure) 149970K->25899K(161984K), 0.0008530 secs]
68.244: [GC (Allocation Failure) 144615K->25899K(185664K), 0.0008130 secs]
68.317: [GC (Allocation Failure) 168340K->25997K(179392K), 0.0006220 secs]
68.382: [GC (Allocation Failure) 162044K->25997K(173312K), 0.0005770 secs]
68.444: [GC (Allocation Failure) 156037K->25997K(167552K), 0.0006480 secs]
68.504: [GC (Allocation Failure) 150232K->25997K(162048K), 0.0006170 secs]
68.564: [GC (Allocation Failure) 144837K->26094K(156928K), 0.0006510 secs]
68.622: [GC (Allocation Failure) 139701K->26094K(152000K), 0.0006060 secs]
68.678: [GC (Allocation Failure) 134773K->26094K(173760K), 0.0007320 secs]
68.742: [GC (Allocation Failure) 156516K->26094K(167936K), 0.0006120 secs]
68.803: [GC (Allocation Failure) 150816K->26192K(192960K), 0.0008540 secs]
68.877: [GC (Allocation Failure) 175877K->26176K(222912K), 0.0008850 secs]
68.967: [GC (Allocation Failure) 205786K->26176K(258880K), 0.0009400 secs]
69.076: [GC (Allocation Failure) 241706K->26192K(248832K), 0.0007970 secs]
69.177: [GC (Allocation Failure) 231777K->26290K(239424K), 0.0006370 secs]
69.274: [GC (Allocation Failure) 222410K->26290K(230400K), 0.0006060 secs]
69.365: [GC (Allocation Failure) 213376K->26290K(221824K), 0.0006470 secs]
69.450: [GC (Allocation Failure) 204829K->26290K(213632K), 0.0005990 secs]
69.532: [GC (Allocation Failure) 196679K->26387K(205952K), 0.0006450 secs]
69.612: [GC (Allocation Failure) 188989K->26387K(198592K), 0.0006050 secs]
69.686: [GC (Allocation Failure) 181621K->26371K(191616K), 0.0013250 secs]
69.760: [GC (Allocation Failure) 174697K->26387K(184896K), 0.0006120 secs]
69.831: [GC (Allocation Failure) 168022K->26485K(178624K), 0.0006480 secs]
69.896: [GC (Allocation Failure) 161836K->26485K(172608K), 0.0006120 secs]
69.958: [GC (Allocation Failure) 155750K->26485K(166912K), 0.0007290 secs]
70.017: [GC (Allocation Failure) 150038K->26485K(161408K), 0.0006080 secs]
70.074: [GC (Allocation Failure) 144612K->26583K(156288K), 0.0006490 secs]
70.131: [GC (Allocation Failure) 139594K->26583K(151360K), 0.0006750 secs]
70.183: [GC (Allocation Failure) 134657K->26583K(172992K), 0.0006540 secs]
70.248: [GC (Allocation Failure) 156225K->26583K(198912K), 0.0006440 secs]
70.326: [GC (Allocation Failure) 182274K->26680K(191936K), 0.0007330 secs]
70.400: [GC (Allocation Failure) 175299K->26680K(185280K), 0.0006230 secs]
70.470: [GC (Allocation Failure) 168632K->26680K(178944K), 0.0006510 secs]
70.537: [GC (Allocation Failure) 162337K->26680K(172864K), 0.0006050 secs]
70.601: [GC (Allocation Failure) 156304K->26778K(167168K), 0.0006490 secs]
70.662: [GC (Allocation Failure) 150630K->26778K(161728K), 0.0005960 secs]
70.720: [GC (Allocation Failure) 145217K->26778K(156544K), 0.0006580 secs]
70.777: [GC (Allocation Failure) 139989K->26778K(151552K), 0.0006320 secs]
70.836: [GC (Allocation Failure) 135068K->26876K(173312K), 0.0008690 secs]
70.903: [GC (Allocation Failure) 156917K->26876K(199360K), 0.0006230 secs]
70.977: [GC (Allocation Failure) 182902K->26876K(192320K), 0.0006510 secs]
71.051: [GC (Allocation Failure) 175877K->26876K(185536K), 0.0006050 secs]
71.121: [GC (Allocation Failure) 169122K->26973K(179264K), 0.0006440 secs]
71.189: [GC (Allocation Failure) 162899K->26957K(206464K), 0.0013020 secs]
71.272: [GC (Allocation Failure) 190107K->26957K(239104K), 0.0009800 secs]
71.369: [GC (Allocation Failure) 222768K->26973K(230016K), 0.0006160 secs]
71.462: [GC (Allocation Failure) 213771K->27071K(221504K), 0.0006490 secs]
71.555: [GC (Allocation Failure) 205287K->27071K(213376K), 0.0008190 secs]
71.640: [GC (Allocation Failure) 197142K->27071K(205632K), 0.0006680 secs]
71.718: [GC (Allocation Failure) 189385K->27071K(198208K), 0.0006210 secs]
71.794: [GC (Allocation Failure) 182011K->27169K(191296K), 0.0006570 secs]
71.865: [GC (Allocation Failure) 175117K->27169K(184640K), 0.0006120 secs]
71.934: [GC (Allocation Failure) 168489K->27169K(178304K), 0.0006590 secs]
71.999: [GC (Allocation Failure) 162115K->27169K(172224K), 0.0006100 secs]
72.061: [GC (Allocation Failure) 156113K->27266K(166592K), 0.0006770 secs]
72.123: [GC (Allocation Failure) 150519K->27266K(161152K), 0.0006180 secs]
72.179: [GC (Allocation Failure) 145108K->27266K(155968K), 0.0006540 secs]
72.232: [GC (Allocation Failure) 139968K->27250K(178432K), 0.0010140 secs]
72.297: [GC (Allocation Failure) 162504K->27348K(205632K), 0.0010060 secs]
72.377: [GC (Allocation Failure) 189637K->27364K(238144K), 0.0008460 secs]
72.475: [GC (Allocation Failure) 222236K->27364K(277120K), 0.0007380 secs]
72.589: [GC (Allocation Failure) 261167K->27364K(266176K), 0.0006180 secs]
72.697: [GC (Allocation Failure) 250266K->27462K(255872K), 0.0006510 secs]
72.804: [GC (Allocation Failure) 240044K->27462K(246016K), 0.0008390 secs]
72.906: [GC (Allocation Failure) 230201K->27462K(236672K), 0.0006560 secs]
72.998: [GC (Allocation Failure) 220841K->27462K(227712K), 0.0006200 secs]
73.089: [GC (Allocation Failure) 211974K->27559K(219328K), 0.0006420 secs]
73.177: [GC (Allocation Failure) 203565K->27559K(211264K), 0.0008330 secs]
73.263: [GC (Allocation Failure) 195548K->27559K(203648K), 0.0007440 secs]
73.340: [GC (Allocation Failure) 187897K->27559K(196352K), 0.0006160 secs]
73.414: [GC (Allocation Failure) 180620K->27657K(189504K), 0.0008650 secs]
73.486: [GC (Allocation Failure) 173833K->27657K(182976K), 0.0005960 secs]
73.555: [GC (Allocation Failure) 167345K->27657K(176768K), 0.0006670 secs]
73.621: [GC (Allocation Failure) 161137K->27657K(170752K), 0.0006180 secs]
73.686: [GC (Allocation Failure) 155128K->27755K(165184K), 0.0008670 secs]
73.750: [GC (Allocation Failure) 149617K->27755K(159808K), 0.0006970 secs]
73.808: [GC (Allocation Failure) 144217K->27755K(183168K), 0.0007550 secs]
73.878: [GC (Allocation Failure) 167623K->27755K(176832K), 0.0006210 secs]
73.945: [GC (Allocation Failure) 161326K->27852K(170944K), 0.0006560 secs]
74.008: [GC (Allocation Failure) 155529K->27852K(165312K), 0.0006960 secs]
74.069: [GC (Allocation Failure) 149809K->27836K(189760K), 0.0013800 secs]
74.145: [GC (Allocation Failure) 174299K->27852K(219008K), 0.0007210 secs]
74.229: [GC (Allocation Failure) 203630K->27950K(254272K), 0.0006480 secs]
74.335: [GC (Allocation Failure) 238945K->27950K(244480K), 0.0008390 secs]
74.432: [GC (Allocation Failure) 229103K->27950K(235200K), 0.0007860 secs]
74.526: [GC (Allocation Failure) 219871K->27950K(226304K), 0.0006210 secs]
74.616: [GC (Allocation Failure) 211035K->28048K(217984K), 0.0007350 secs]
74.699: [GC (Allocation Failure) 202748K->28048K(210048K), 0.0006270 secs]
74.782: [GC (Allocation Failure) 194765K->28048K(202496K), 0.0006530 secs]
74.861: [GC (Allocation Failure) 187246K->28032K(234240K), 0.0014500 secs]
74.958: [GC (Allocation Failure) 219135K->28145K(225600K), 0.0006530 secs]
75.047: [GC (Allocation Failure) 210390K->28145K(217280K), 0.0006730 secs]
75.136: [GC (Allocation Failure) 202095K->28243K(209344K), 0.0010580 secs]
75.216: [GC (Allocation Failure) 194256K->28243K(201728K), 0.0007290 secs]
75.296: [GC (Allocation Failure) 186768K->28325K(233536K), 0.0014190 secs]
75.390: [GC (Allocation Failure) 218537K->28341K(224768K), 0.0006210 secs]
75.482: [GC (Allocation Failure) 209802K->28341K(216448K), 0.0008780 secs]
75.570: [GC (Allocation Failure) 201453K->28341K(208512K), 0.0006190 secs]
75.653: [GC (Allocation Failure) 193570K->28438K(201088K), 0.0008970 secs]
75.730: [GC (Allocation Failure) 186244K->28438K(193984K), 0.0006270 secs]
75.805: [GC (Allocation Failure) 179124K->28438K(187200K), 0.0006640 secs]
75.874: [GC (Allocation Failure) 172343K->28438K(180672K), 0.0006200 secs]
75.942: [GC (Allocation Failure) 165832K->28520K(208256K), 0.0013960 secs]
76.024: [GC (Allocation Failure) 193493K->28536K(241280K), 0.0006530 secs]
76.124: [GC (Allocation Failure) 226524K->28536K(232128K), 0.0007610 secs]
76.217: [GC (Allocation Failure) 217380K->28536K(223424K), 0.0006220 secs]
76.304: [GC (Allocation Failure) 208721K->28634K(215232K), 0.0008820 secs]
76.391: [GC (Allocation Failure) 200570K->28634K(207424K), 0.0008320 secs]
76.474: [GC (Allocation Failure) 192699K->28634K(200000K), 0.0006810 secs]
76.550: [GC (Allocation Failure) 185302K->28634K(192832K), 0.0006260 secs]
76.626: [GC (Allocation Failure) 178202K->28731K(186176K), 0.0006320 secs]
76.696: [GC (Allocation Failure) 171553K->28731K(179776K), 0.0008370 secs]
76.768: [GC (Allocation Failure) 165184K->28731K(173696K), 0.0008290 secs]
76.836: [GC (Allocation Failure) 159161K->28731K(167872K), 0.0008550 secs]
76.900: [GC (Allocation Failure) 153353K->28829K(192896K), 0.0008740 secs]
76.976: [GC (Allocation Failure) 178432K->28829K(186176K), 0.0006160 secs]
77.044: [GC (Allocation Failure) 171732K->28829K(214784K), 0.0008270 secs]
77.132: [GC (Allocation Failure) 200335K->28829K(206912K), 0.0006890 secs]
77.214: [GC (Allocation Failure) 192524K->28927K(199552K), 0.0007370 secs]
77.293: [GC (Allocation Failure) 185191K->28927K(192512K), 0.0008340 secs]
77.369: [GC (Allocation Failure) 178141K->28911K(222400K), 0.0010600 secs]
77.464: [GC (Allocation Failure) 208045K->28927K(258176K), 0.0014800 secs]
77.568: [GC (Allocation Failure) 243856K->29024K(282496K), 0.0007050 secs]
77.685: [GC (Allocation Failure) 268137K->29024K(271232K), 0.0006760 secs]
77.798: [GC (Allocation Failure) 256900K->29024K(260608K), 0.0009670 secs]
77.909: [GC (Allocation Failure) 246295K->29024K(250432K), 0.0009080 secs]
78.010: [GC (Allocation Failure) 236187K->29122K(240896K), 0.0006580 secs]
78.107: [GC (Allocation Failure) 226733K->29122K(231808K), 0.0006270 secs]
78.201: [GC (Allocation Failure) 217581K->29122K(223168K), 0.0006720 secs]
78.290: [GC (Allocation Failure) 209000K->29122K(214912K), 0.0006290 secs]
78.375: [GC (Allocation Failure) 200799K->29220K(207168K), 0.0007940 secs]
78.454: [GC (Allocation Failure) 193092K->29220K(199744K), 0.0006340 secs]
78.532: [GC (Allocation Failure) 185692K->29220K(192704K), 0.0009310 secs]
78.607: [GC (Allocation Failure) 178620K->29220K(185920K), 0.0006300 secs]
78.676: [GC (Allocation Failure) 171928K->29317K(179584K), 0.0008540 secs]
78.744: [GC (Allocation Failure) 165561K->29301K(206848K), 0.0009410 secs]
78.825: [GC (Allocation Failure) 192790K->29317K(239616K), 0.0009020 secs]
78.921: [GC (Allocation Failure) 225629K->29317K(230528K), 0.0006300 secs]
79.011: [GC (Allocation Failure) 216563K->29415K(222016K), 0.0006710 secs]
79.096: [GC (Allocation Failure) 208130K->29415K(213824K), 0.0006500 secs]
79.181: [GC (Allocation Failure) 199883K->29415K(206080K), 0.0006830 secs]
79.258: [GC (Allocation Failure) 192204K->29415K(198656K), 0.0006310 secs]
79.334: [GC (Allocation Failure) 184835K->29513K(191680K), 0.0006600 secs]
79.404: [GC (Allocation Failure) 177846K->29513K(185024K), 0.0006250 secs]
79.474: [GC (Allocation Failure) 171259K->29513K(178688K), 0.0009000 secs]
79.541: [GC (Allocation Failure) 164857K->29513K(172608K), 0.0006270 secs]
79.603: [GC (Allocation Failure) 158871K->29610K(166976K), 0.0006650 secs]
79.666: [GC (Allocation Failure) 153236K->29610K(161536K), 0.0008410 secs]
79.727: [GC (Allocation Failure) 147830K->29610K(185216K), 0.0007900 secs]
79.795: [GC (Allocation Failure) 171548K->29610K(178816K), 0.0006320 secs]
79.864: [GC (Allocation Failure) 165163K->29708K(172864K), 0.0006700 secs]
79.927: [GC (Allocation Failure) 159222K->29708K(167104K), 0.0006380 secs]
79.989: [GC (Allocation Failure) 153547K->29708K(191872K), 0.0007730 secs]
80.063: [GC (Allocation Failure) 178241K->29708K(185152K), 0.0006340 secs]
80.133: [GC (Allocation Failure) 171634K->29806K(178880K), 0.0006800 secs]
80.199: [GC (Allocation Failure) 165343K->29806K(206016K), 0.0008500 secs]
80.281: [GC (Allocation Failure) 192517K->29806K(198656K), 0.0006850 secs]
80.359: [GC (Allocation Failure) 185164K->29806K(191616K), 0.0008560 secs]
80.434: [GC (Allocation Failure) 178145K->29904K(185024K), 0.0006730 secs]
80.502: [GC (Allocation Failure) 171641K->29904K(178688K), 0.0006310 secs]
80.568: [GC (Allocation Failure) 165238K->29904K(172672K), 0.0009070 secs]
80.633: [GC (Allocation Failure) 159256K->29904K(166912K), 0.0006290 secs]
80.692: [GC (Allocation Failure) 153548K->30099K(191744K), 0.0007710 secs]
80.764: [GC (Allocation Failure) 178538K->30099K(185088K), 0.0006360 secs]
80.832: [GC (Allocation Failure) 171914K->30099K(178752K), 0.0006920 secs]
80.897: [GC (Allocation Failure) 165510K->30099K(172672K), 0.0006350 secs]
80.962: [GC (Allocation Failure) 159557K->30197K(167040K), 0.0006910 secs]
81.023: [GC (Allocation Failure) 153903K->30197K(161600K), 0.0006380 secs]
81.085: [GC (Allocation Failure) 148508K->30197K(185280K), 0.0009240 secs]
81.157: [GC (Allocation Failure) 172208K->30197K(178880K), 0.0006310 secs]
81.224: [GC (Allocation Failure) 165857K->30294K(172928K), 0.0006770 secs]
81.289: [GC (Allocation Failure) 159955K->30294K(198912K), 0.0008460 secs]
81.372: [GC (Allocation Failure) 185901K->30294K(230080K), 0.0009230 secs]
81.462: [GC (Allocation Failure) 217099K->30294K(221440K), 0.0006370 secs]
81.549: [GC (Allocation Failure) 208497K->30392K(213376K), 0.0006680 secs]
81.634: [GC (Allocation Failure) 200487K->30392K(205632K), 0.0006370 secs]
81.713: [GC (Allocation Failure) 192706K->30392K(198272K), 0.0007000 secs]
81.790: [GC (Allocation Failure) 185306K->30392K(191232K), 0.0006320 secs]
81.864: [GC (Allocation Failure) 178330K->30587K(184640K), 0.0007700 secs]
81.934: [GC (Allocation Failure) 171937K->30571K(178304K), 0.0009480 secs]
82.002: [GC (Allocation Failure) 165521K->30587K(172288K), 0.0007000 secs]
82.066: [GC (Allocation Failure) 159603K->30587K(166528K), 0.0006380 secs]
82.127: [GC (Allocation Failure) 153899K->30685K(161152K), 0.0006760 secs]
82.185: [GC (Allocation Failure) 148510K->30685K(184768K), 0.0008510 secs]
82.255: [GC (Allocation Failure) 172117K->30685K(213120K), 0.0006910 secs]
82.339: [GC (Allocation Failure) 200534K->30685K(205312K), 0.0006380 secs]
82.417: [GC (Allocation Failure) 192780K->30767K(237824K), 0.0016440 secs]
82.516: [GC (Allocation Failure) 225232K->30783K(276736K), 0.0006520 secs]
82.626: [GC (Allocation Failure) 264211K->30783K(265856K), 0.0006860 secs]
82.736: [GC (Allocation Failure) 253361K->30783K(255424K), 0.0007700 secs]
82.839: [GC (Allocation Failure) 242960K->30880K(245632K), 0.0006820 secs]
82.935: [GC (Allocation Failure) 233225K->30880K(236288K), 0.0007230 secs]
83.031: [GC (Allocation Failure) 223867K->30880K(227392K), 0.0007040 secs]
83.127: [GC (Allocation Failure) 215007K->30880K(218880K), 0.0008770 secs]
83.214: [GC (Allocation Failure) 206483K->30978K(210944K), 0.0009790 secs]
83.300: [GC (Allocation Failure) 198584K->30978K(203328K), 0.0008670 secs]
83.377: [GC (Allocation Failure) 191020K->30978K(196096K), 0.0006960 secs]
83.452: [GC (Allocation Failure) 183804K->30978K(189120K), 0.0006640 secs]
83.523: [GC (Allocation Failure) 176840K->31076K(182656K), 0.0006810 secs]
83.592: [GC (Allocation Failure) 170375K->31076K(176448K), 0.0006420 secs]
83.660: [GC (Allocation Failure) 164172K->31076K(170560K), 0.0007040 secs]
83.724: [GC (Allocation Failure) 158360K->31076K(164864K), 0.0006640 secs]
83.786: [GC (Allocation Failure) 152729K->31173K(159616K), 0.0006750 secs]
83.843: [GC (Allocation Failure) 147447K->31173K(154560K), 0.0006370 secs]
83.900: [GC (Allocation Failure) 142438K->31173K(149760K), 0.0007010 secs]
83.951: [GC (Allocation Failure) 137604K->31173K(171008K), 0.0006470 secs]
84.013: [GC (Allocation Failure) 158955K->31271K(196672K), 0.0006780 secs]
84.088: [GC (Allocation Failure) 184633K->31271K(189760K), 0.0006420 secs]
84.160: [GC (Allocation Failure) 177741K->31271K(219072K), 0.0009480 secs]
84.249: [GC (Allocation Failure) 207017K->31271K(211008K), 0.0006420 secs]
84.331: [GC (Allocation Failure) 199072K->31369K(203456K), 0.0009830 secs]
84.410: [GC (Allocation Failure) 191557K->31369K(196224K), 0.0006440 secs]
84.488: [GC (Allocation Failure) 184296K->31369K(189312K), 0.0009140 secs]
84.561: [GC (Allocation Failure) 177350K->31373K(182720K), 0.0006420 secs]
84.629: [GC (Allocation Failure) 170853K->31470K(176576K), 0.0006840 secs]
84.695: [GC (Allocation Failure) 164741K->31470K(203264K), 0.0008710 secs]
84.775: [GC (Allocation Failure) 191403K->31470K(235264K), 0.0009280 secs]
84.872: [GC (Allocation Failure) 223458K->31470K(226368K), 0.0006660 secs]
84.962: [GC (Allocation Failure) 214618K->31568K(218048K), 0.0006790 secs]
85.050: [GC (Allocation Failure) 206347K->31568K(210048K), 0.0006650 secs]
85.133: [GC (Allocation Failure) 198311K->31568K(202496K), 0.0006900 secs]
85.213: [GC (Allocation Failure) 190725K->31568K(195264K), 0.0006430 secs]
85.288: [GC (Allocation Failure) 183631K->31666K(188480K), 0.0007780 secs]
85.361: [GC (Allocation Failure) 176837K->31666K(181952K), 0.0006500 secs]
85.431: [GC (Allocation Failure) 170273K->31666K(175744K), 0.0009380 secs]
85.498: [GC (Allocation Failure) 164069K->31666K(169792K), 0.0006480 secs]
85.563: [GC (Allocation Failure) 158249K->31747K(195200K), 0.0016330 secs]
85.638: [GC (Allocation Failure) 183620K->31763K(225600K), 0.0006560 secs]
85.730: [GC (Allocation Failure) 214016K->31763K(262080K), 0.0009240 secs]
85.840: [GC (Allocation Failure) 250512K->31763K(251840K), 0.0006940 secs]
85.942: [GC (Allocation Failure) 240306K->31861K(242240K), 0.0006790 secs]
86.040: [GC (Allocation Failure) 230748K->31861K(233088K), 0.0007600 secs]
86.134: [GC (Allocation Failure) 221674K->31861K(224384K), 0.0007020 secs]
86.223: [GC (Allocation Failure) 212957K->31861K(216064K), 0.0008720 secs]
86.311: [GC (Allocation Failure) 204679K->31959K(208256K), 0.0006800 secs]
86.393: [GC (Allocation Failure) 196902K->31959K(200768K), 0.0008640 secs]
86.472: [GC (Allocation Failure) 189432K->31959K(193664K), 0.0007180 secs]
86.549: [GC (Allocation Failure) 182351K->31943K(223616K), 0.0015470 secs]
86.640: [GC (Allocation Failure) 212353K->32056K(259840K), 0.0006960 secs]
86.747: [GC (Allocation Failure) 248570K->32056K(249792K), 0.0006700 secs]
86.848: [GC (Allocation Failure) 238538K->32056K(240256K), 0.0007290 secs]
86.947: [GC (Allocation Failure) 228953K->32056K(231104K), 0.0006490 secs]
87.039: [GC (Allocation Failure) 219916K->32154K(222528K), 0.0006830 secs]
87.127: [GC (Allocation Failure) 211356K->32154K(214336K), 0.0006530 secs]
87.214: [GC (Allocation Failure) 203182K->32154K(206528K), 0.0008000 secs]
87.294: [GC (Allocation Failure) 195339K->32154K(199040K), 0.0006420 secs]
87.372: [GC (Allocation Failure) 187965K->32252K(192064K), 0.0006930 secs]
87.443: [GC (Allocation Failure) 180985K->32236K(185408K), 0.0010270 secs]
87.515: [GC (Allocation Failure) 174379K->32252K(179072K), 0.0008020 secs]
87.583: [GC (Allocation Failure) 167998K->32252K(172992K), 0.0006540 secs]
87.645: [GC (Allocation Failure) 161995K->32349K(167296K), 0.0006790 secs]
87.704: [GC (Allocation Failure) 156294K->32349K(192128K), 0.0008530 secs]
87.777: [GC (Allocation Failure) 181191K->32349K(221952K), 0.0006990 secs]
87.865: [GC (Allocation Failure) 210972K->32349K(213696K), 0.0008730 secs]
87.946: [GC (Allocation Failure) 202825K->32447K(206016K), 0.0006780 secs]
88.025: [GC (Allocation Failure) 195129K->32447K(198656K), 0.0008700 secs]
88.101: [GC (Allocation Failure) 187771K->32447K(191680K), 0.0007120 secs]
88.175: [GC (Allocation Failure) 180790K->32447K(184960K), 0.0006580 secs]
88.245: [GC (Allocation Failure) 174194K->32545K(178688K), 0.0007920 secs]
88.312: [GC (Allocation Failure) 167913K->32545K(172672K), 0.0006740 secs]
88.376: [GC (Allocation Failure) 161911K->32529K(198592K), 0.0011090 secs]
88.456: [GC (Allocation Failure) 187849K->32529K(229568K), 0.0015950 secs]
88.551: [GC (Allocation Failure) 218874K->32642K(267008K), 0.0006970 secs]
88.660: [GC (Allocation Failure) 256301K->32642K(289984K), 0.0007500 secs]
88.781: [GC (Allocation Failure) 279265K->32642K(278400K), 0.0006890 secs]
88.899: [GC (Allocation Failure) 267757K->32642K(267264K), 0.0006930 secs]
89.012: [GC (Allocation Failure) 256796K->32838K(257152K), 0.0009140 secs]
89.118: [GC (Allocation Failure) 246568K->32838K(247104K), 0.0007070 secs]
89.218: [GC (Allocation Failure) 236670K->32838K(237696K), 0.0006900 secs]
89.318: [GC (Allocation Failure) 227181K->32838K(228736K), 0.0009140 secs]
89.411: [GC (Allocation Failure) 218261K->32838K(220224K), 0.0006970 secs]
89.498: [GC (Allocation Failure) 209702K->32838K(212160K), 0.0006790 secs]
89.578: [GC (Allocation Failure) 201663K->32838K(204480K), 0.0006950 secs]
89.657: [GC (Allocation Failure) 193967K->32838K(197120K), 0.0006570 secs]
89.735: [GC (Allocation Failure) 186741K->32935K(190272K), 0.0009360 secs]
89.810: [GC (Allocation Failure) 179856K->32935K(183680K), 0.0008810 secs]
89.879: [GC (Allocation Failure) 173321K->32935K(177408K), 0.0007010 secs]
89.947: [GC (Allocation Failure) 167016K->32935K(171392K), 0.0006470 secs]
90.012: [GC (Allocation Failure) 161097K->33017K(197120K), 0.0015170 secs]
90.089: [GC (Allocation Failure) 186844K->33033K(227904K), 0.0006710 secs]
90.176: [GC (Allocation Failure) 217656K->33033K(264832K), 0.0007020 secs]
90.287: [GC (Allocation Failure) 254573K->33033K(254464K), 0.0006580 secs]
90.392: [GC (Allocation Failure) 244239K->33131K(244736K), 0.0009480 secs]
90.489: [GC (Allocation Failure) 234586K->33131K(235456K), 0.0006920 secs]
90.590: [GC (Allocation Failure) 225316K->33115K(226624K), 0.0015990 secs]
90.681: [GC (Allocation Failure) 216383K->33131K(218176K), 0.0008850 secs]
90.767: [GC (Allocation Failure) 208023K->33228K(210240K), 0.0006650 secs]
90.851: [GC (Allocation Failure) 200158K->33228K(202688K), 0.0006620 secs]
90.931: [GC (Allocation Failure) 192578K->33228K(195456K), 0.0007060 secs]
91.007: [GC (Allocation Failure) 185364K->33228K(188544K), 0.0006560 secs]
91.078: [GC (Allocation Failure) 178560K->33326K(182080K), 0.0007030 secs]
91.145: [GC (Allocation Failure) 172117K->33326K(175872K), 0.0006640 secs]
91.213: [GC (Allocation Failure) 165914K->33310K(202432K), 0.0015210 secs]
91.294: [GC (Allocation Failure) 192464K->33326K(234240K), 0.0007530 secs]
91.391: [GC (Allocation Failure) 224354K->33424K(225536K), 0.0006900 secs]
91.478: [GC (Allocation Failure) 215608K->33424K(217216K), 0.0006590 secs]
91.560: [GC (Allocation Failure) 207312K->33424K(209280K), 0.0007210 secs]
91.639: [GC (Allocation Failure) 199382K->33424K(201664K), 0.0006520 secs]
91.718: [GC (Allocation Failure) 191884K->33521K(194560K), 0.0007810 secs]
91.792: [GC (Allocation Failure) 184723K->33521K(187776K), 0.0006790 secs]
91.865: [GC (Allocation Failure) 178011K->33521K(181312K), 0.0009400 secs]
91.934: [GC (Allocation Failure) 171529K->33505K(208832K), 0.0012910 secs]
92.016: [GC (Allocation Failure) 199120K->33619K(242112K), 0.0006890 secs]
92.117: [GC (Allocation Failure) 232448K->33619K(232960K), 0.0009300 secs]
92.209: [GC (Allocation Failure) 223281K->33619K(224256K), 0.0006990 secs]
92.298: [GC (Allocation Failure) 214611K->33619K(215936K), 0.0006540 secs]
92.380: [GC (Allocation Failure) 206349K->33717K(208128K), 0.0007190 secs]
92.461: [GC (Allocation Failure) 198544K->33701K(200640K), 0.0010470 secs]
92.539: [GC (Allocation Failure) 191067K->33717K(193536K), 0.0009290 secs]
92.612: [GC (Allocation Failure) 183919K->33717K(186688K), 0.0006600 secs]
92.681: [GC (Allocation Failure) 177180K->33814K(180352K), 0.0007730 secs]
92.748: [GC (Allocation Failure) 170830K->33814K(207808K), 0.0009020 secs]
92.827: [GC (Allocation Failure) 198353K->33814K(200320K), 0.0006980 secs]
92.902: [GC (Allocation Failure) 190812K->33798K(231616K), 0.0013500 secs]
93.003: [GC (Allocation Failure) 222217K->33896K(269440K), 0.0009900 secs]
93.119: [GC (Allocation Failure) 260037K->33912K(285440K), 0.0009910 secs]
93.239: [GC (Allocation Failure) 275989K->33912K(274048K), 0.0008180 secs]
93.356: [GC (Allocation Failure) 264637K->33912K(263104K), 0.0007070 secs]
93.464: [GC (Allocation Failure) 253864K->34107K(253184K), 0.0006750 secs]
93.566: [GC (Allocation Failure) 243887K->34107K(243328K), 0.0009370 secs]
93.666: [GC (Allocation Failure) 234165K->34107K(234112K), 0.0006980 secs]
93.760: [GC (Allocation Failure) 224942K->34107K(225344K), 0.0006890 secs]
93.852: [GC (Allocation Failure) 216142K->34107K(217024K), 0.0007170 secs]
93.937: [GC (Allocation Failure) 207827K->34107K(209088K), 0.0009200 secs]
94.017: [GC (Allocation Failure) 199855K->34107K(201536K), 0.0007140 secs]
94.097: [GC (Allocation Failure) 192353K->34107K(194304K), 0.0006540 secs]
94.173: [GC (Allocation Failure) 185186K->34205K(187584K), 0.0006980 secs]
94.242: [GC (Allocation Failure) 178499K->34205K(181120K), 0.0008930 secs]
94.310: [GC (Allocation Failure) 172017K->34205K(174976K), 0.0007090 secs]
94.373: [GC (Allocation Failure) 165825K->34205K(169088K), 0.0006620 secs]
94.437: [GC (Allocation Failure) 160018K->34303K(194368K), 0.0009340 secs]
94.514: [GC (Allocation Failure) 185383K->34303K(224640K), 0.0008970 secs]
94.605: [GC (Allocation Failure) 215672K->34303K(216320K), 0.0007110 secs]
94.691: [GC (Allocation Failure) 207271K->34303K(208384K), 0.0006650 secs]
94.774: [GC (Allocation Failure) 199455K->34400K(200960K), 0.0007040 secs]
94.851: [GC (Allocation Failure) 192092K->34400K(193856K), 0.0006420 secs]
94.927: [GC (Allocation Failure) 184913K->34400K(187072K), 0.0009530 secs]
94.998: [GC (Allocation Failure) 178200K->34400K(180544K), 0.0006670 secs]
95.065: [GC (Allocation Failure) 171694K->34498K(174464K), 0.0009500 secs]
95.131: [GC (Allocation Failure) 165606K->34498K(168640K), 0.0006720 secs]
95.193: [GC (Allocation Failure) 159815K->34498K(193728K), 0.0008000 secs]
95.268: [GC (Allocation Failure) 184883K->34498K(186880K), 0.0006960 secs]
95.337: [GC (Allocation Failure) 178174K->34596K(180544K), 0.0007130 secs]
95.402: [GC (Allocation Failure) 171816K->34596K(174464K), 0.0006650 secs]
95.467: [GC (Allocation Failure) 165721K->34596K(168640K), 0.0007040 secs]
95.529: [GC (Allocation Failure) 159895K->34596K(163072K), 0.0006710 secs]
95.590: [GC (Allocation Failure) 154398K->34693K(187136K), 0.0008060 secs]
95.661: [GC (Allocation Failure) 178500K->34693K(215936K), 0.0007480 secs]
95.746: [GC (Allocation Failure) 207314K->34693K(208064K), 0.0007060 secs]
95.824: [GC (Allocation Failure) 199459K->34693K(200512K), 0.0006870 secs]
95.902: [GC (Allocation Failure) 191950K->34791K(193472K), 0.0007080 secs]
95.975: [GC (Allocation Failure) 184907K->34791K(186752K), 0.0006500 secs]
96.046: [GC (Allocation Failure) 178246K->34791K(180352K), 0.0007140 secs]
96.114: [GC (Allocation Failure) 171828K->34791K(174208K), 0.0007830 secs]
96.183: [GC (Allocation Failure) 165791K->34889K(200512K), 0.0009430 secs]
96.262: [GC (Allocation Failure) 192066K->34889K(193408K), 0.0007570 secs]
96.337: [GC (Allocation Failure) 184994K->34889K(186688K), 0.0007150 secs]
96.407: [GC (Allocation Failure) 178284K->34889K(215360K), 0.0009000 secs]
96.494: [GC (Allocation Failure) 206993K->34986K(207616K), 0.0007970 secs]
96.576: [GC (Allocation Failure) 199327K->34986K(200192K), 0.0006930 secs]
96.654: [GC (Allocation Failure) 191875K->34986K(193088K), 0.0009670 secs]
96.735: [GC (Allocation Failure) 184803K->34986K(223040K), 0.0009330 secs]
96.823: [GC (Allocation Failure) 214818K->35068K(259072K), 0.0010520 secs]
96.928: [GC (Allocation Failure) 250782K->35084K(249088K), 0.0009320 secs]
97.030: [GC (Allocation Failure) 240813K->35084K(239552K), 0.0007140 secs]
97.128: [GC (Allocation Failure) 231331K->35084K(230464K), 0.0006860 secs]
97.227: [GC (Allocation Failure) 222277K->35166K(221952K), 0.0015560 secs]
97.317: [GC (Allocation Failure) 213779K->35182K(213760K), 0.0009050 secs]
97.400: [GC (Allocation Failure) 205650K->35182K(206016K), 0.0009540 secs]
97.483: [GC (Allocation Failure) 197878K->35166K(238464K), 0.0011380 secs]
97.580: [GC (Allocation Failure) 230431K->35279K(229632K), 0.0007040 secs]
97.670: [GC (Allocation Failure) 221573K->35279K(221056K), 0.0007040 secs]
97.758: [GC (Allocation Failure) 213014K->35279K(212928K), 0.0007090 secs]
97.842: [GC (Allocation Failure) 204859K->35279K(205120K), 0.0006680 secs]
97.922: [GC (Allocation Failure) 197152K->35377K(197824K), 0.0008120 secs]
97.998: [GC (Allocation Failure) 189911K->35377K(190848K), 0.0006690 secs]
98.071: [GC (Allocation Failure) 182940K->35377K(184256K), 0.0008060 secs]
98.140: [GC (Allocation Failure) 176311K->35361K(212352K), 0.0013290 secs]
98.227: [GC (Allocation Failure) 204558K->35475K(246336K), 0.0007030 secs]
98.329: [GC (Allocation Failure) 238517K->35475K(236992K), 0.0009490 secs]
98.426: [GC (Allocation Failure) 229160K->35475K(228096K), 0.0007120 secs]
98.514: [GC (Allocation Failure) 220228K->35475K(219584K), 0.0009080 secs]
98.602: [GC (Allocation Failure) 211835K->35572K(211584K), 0.0008000 secs]
98.684: [GC (Allocation Failure) 203882K->35572K(203904K), 0.0008650 secs]
98.767: [GC (Allocation Failure) 196187K->35572K(196608K), 0.0008160 secs]
98.844: [GC (Allocation Failure) 188826K->35572K(189632K), 0.0006690 secs]
98.916: [GC (Allocation Failure) 181999K->35670K(183104K), 0.0006830 secs]
98.986: [GC (Allocation Failure) 175504K->35670K(176896K), 0.0006780 secs]
99.054: [GC (Allocation Failure) 169242K->35670K(170944K), 0.0009780 secs]
99.121: [GC (Allocation Failure) 163318K->35670K(165248K), 0.0006750 secs]
99.183: [GC (Allocation Failure) 157647K->35768K(159936K), 0.0006900 secs]
99.239: [GC (Allocation Failure) 152426K->35768K(183296K), 0.0006720 secs]
99.311: [GC (Allocation Failure) 175726K->35768K(211328K), 0.0009760 secs]
99.395: [GC (Allocation Failure) 203778K->35768K(203648K), 0.0006760 secs]
99.474: [GC (Allocation Failure) 196204K->35865K(196480K), 0.0007110 secs]
99.547: [GC (Allocation Failure) 189048K->35865K(189568K), 0.0006750 secs]
99.617: [GC (Allocation Failure) 182133K->35865K(183040K), 0.0007080 secs]
99.692: [GC (Allocation Failure) 175547K->35963K(210944K), 0.0010420 secs]
99.775: [GC (Allocation Failure) 203659K->36061K(203392K), 0.0007180 secs]
99.853: [GC (Allocation Failure) 196108K->36061K(196160K), 0.0006770 secs]
99.929: [GC (Allocation Failure) 188924K->36061K(189248K), 0.0007130 secs]
100.003: [GC (Allocation Failure) 181947K->36061K(182656K), 0.0009150 secs]
100.070: [GC (Allocation Failure) 175443K->36159K(176512K), 0.0007050 secs]
100.134: [GC (Allocation Failure) 169334K->36159K(170624K), 0.0006780 secs]
100.195: [GC (Allocation Failure) 163467K->36159K(164992K), 0.0007190 secs]
100.255: [GC (Allocation Failure) 157821K->36159K(189312K), 0.0006830 secs]
100.328: [GC (Allocation Failure) 182243K->36256K(182848K), 0.0007260 secs]
100.397: [GC (Allocation Failure) 175826K->36256K(176640K), 0.0006780 secs]
100.462: [GC (Allocation Failure) 169540K->36240K(203328K), 0.0015770 secs]
100.543: [GC (Allocation Failure) 196258K->36256K(235328K), 0.0006830 secs]
100.637: [GC (Allocation Failure) 228327K->36354K(273856K), 0.0007140 secs]
100.749: [GC (Allocation Failure) 266889K->36354K(263104K), 0.0007650 secs]
100.860: [GC (Allocation Failure) 256191K->36354K(252864K), 0.0007210 secs]
100.959: [GC (Allocation Failure) 245890K->36354K(243072K), 0.0006720 secs]
101.058: [GC (Allocation Failure) 236167K->36452K(233920K), 0.0009660 secs]
101.152: [GC (Allocation Failure) 227090K->36452K(225152K), 0.0006830 secs]
101.240: [GC (Allocation Failure) 218254K->36452K(216832K), 0.0007160 secs]
101.330: [GC (Allocation Failure) 209943K->36452K(208832K), 0.0009140 secs]
101.412: [GC (Allocation Failure) 202005K->36549K(201408K), 0.0007110 secs]
101.487: [GC (Allocation Failure) 194691K->36549K(194240K), 0.0006800 secs]
101.568: [GC (Allocation Failure) 187471K->36549K(187456K), 0.0009820 secs]
101.639: [GC (Allocation Failure) 180655K->36549K(180928K), 0.0006810 secs]
101.708: [GC (Allocation Failure) 174267K->36647K(174848K), 0.0007190 secs]
101.776: [GC (Allocation Failure) 168153K->36647K(169024K), 0.0007860 secs]
101.836: [GC (Allocation Failure) 162346K->36647K(194176K), 0.0008870 secs]
101.914: [GC (Allocation Failure) 187545K->36647K(187328K), 0.0006740 secs]
101.984: [GC (Allocation Failure) 180722K->36745K(180928K), 0.0007890 secs]
102.051: [GC (Allocation Failure) 174376K->36745K(174784K), 0.0006750 secs]
102.114: [GC (Allocation Failure) 168172K->36745K(168960K), 0.0007130 secs]
102.177: [GC (Allocation Failure) 162366K->36729K(193984K), 0.0011180 secs]
102.252: [GC (Allocation Failure) 187529K->36842K(224320K), 0.0008280 secs]
102.341: [GC (Allocation Failure) 217840K->36842K(260544K), 0.0007020 secs]
102.445: [GC (Allocation Failure) 254055K->36842K(250432K), 0.0007160 secs]
102.549: [GC (Allocation Failure) 243942K->36940K(240768K), 0.0008640 secs]
102.644: [GC (Allocation Failure) 234462K->37038K(231744K), 0.0007160 secs]
102.734: [GC (Allocation Failure) 225515K->37038K(223104K), 0.0006740 secs]
102.824: [GC (Allocation Failure) 216797K->37022K(259072K), 0.0016320 secs]
102.931: [GC (Allocation Failure) 252817K->37038K(249024K), 0.0006850 secs]
103.033: [GC (Allocation Failure) 242771K->37135K(239552K), 0.0007180 secs]
103.129: [GC (Allocation Failure) 233361K->37135K(230528K), 0.0006870 secs]
103.221: [GC (Allocation Failure) 224305K->37135K(221952K), 0.0007290 secs]
103.310: [GC (Allocation Failure) 215779K->37135K(213696K), 0.0006720 secs]
103.394: [GC (Allocation Failure) 207605K->37233K(206016K), 0.0009710 secs]
103.476: [GC (Allocation Failure) 199928K->37233K(198656K), 0.0006690 secs]
103.553: [GC (Allocation Failure) 192622K->37233K(191680K), 0.0008190 secs]
103.624: [GC (Allocation Failure) 185573K->37237K(184960K), 0.0007880 secs]
103.695: [GC (Allocation Failure) 178905K->37335K(178688K), 0.0007230 secs]
103.760: [GC (Allocation Failure) 172679K->37335K(172672K), 0.0007000 secs]
103.824: [GC (Allocation Failure) 166677K->37319K(198592K), 0.0010910 secs]
103.899: [GC (Allocation Failure) 192630K->37335K(229632K), 0.0006920 secs]
103.993: [GC (Allocation Failure) 223731K->37432K(221120K), 0.0007220 secs]
104.079: [GC (Allocation Failure) 215264K->37432K(212992K), 0.0009270 secs]
104.166: [GC (Allocation Failure) 207094K->37432K(205248K), 0.0007310 secs]
104.246: [GC (Allocation Failure) 199324K->37432K(197824K), 0.0006830 secs]
104.327: [GC (Allocation Failure) 192048K->37530K(190912K), 0.0009800 secs]
104.401: [GC (Allocation Failure) 185082K->37530K(184320K), 0.0007810 secs]
104.474: [GC (Allocation Failure) 178562K->37514K(212544K), 0.0016070 secs]
104.558: [GC (Allocation Failure) 206769K->37530K(246336K), 0.0006780 secs]
104.660: [GC (Allocation Failure) 240643K->37628K(273536K), 0.0008540 secs]
104.773: [GC (Allocation Failure) 267774K->37628K(262720K), 0.0007190 secs]
104.877: [GC (Allocation Failure) 257010K->37628K(252544K), 0.0007100 secs]
104.979: [GC (Allocation Failure) 246862K->37628K(242816K), 0.0011280 secs]
105.081: [GC (Allocation Failure) 237214K->37725K(233664K), 0.0007280 secs]
105.174: [GC (Allocation Failure) 228065K->37725K(224896K), 0.0006760 secs]
105.260: [GC (Allocation Failure) 219316K->37725K(216576K), 0.0008670 secs]
105.350: [GC (Allocation Failure) 210947K->37725K(208640K), 0.0008130 secs]
105.431: [GC (Allocation Failure) 203076K->37823K(201216K), 0.0007250 secs]
105.508: [GC (Allocation Failure) 195715K->37823K(194112K), 0.0009610 secs]
105.584: [GC (Allocation Failure) 188574K->37823K(187328K), 0.0010220 secs]
105.657: [GC (Allocation Failure) 181812K->37823K(180800K), 0.0006820 secs]
105.724: [GC (Allocation Failure) 175354K->37905K(208384K), 0.0017880 secs]
105.806: [GC (Allocation Failure) 202948K->37921K(241408K), 0.0009320 secs]
105.905: [GC (Allocation Failure) 236002K->37921K(281088K), 0.0007380 secs]
106.027: [GC (Allocation Failure) 275680K->37921K(285888K), 0.0010590 secs]
106.150: [GC (Allocation Failure) 280565K->38018K(274624K), 0.0007420 secs]
106.267: [GC (Allocation Failure) 269367K->38018K(263680K), 0.0010430 secs]
106.373: [GC (Allocation Failure) 258599K->38214K(253760K), 0.0006850 secs]
106.473: [GC (Allocation Failure) 248503K->38214K(243904K), 0.0007310 secs]
106.576: [GC (Allocation Failure) 238790K->38214K(234624K), 0.0007520 secs]
106.669: [GC (Allocation Failure) 229549K->38214K(225856K), 0.0007150 secs]
106.756: [GC (Allocation Failure) 220789K->38214K(217472K), 0.0007590 secs]
106.843: [GC (Allocation Failure) 212345K->38214K(209536K), 0.0007240 secs]
106.926: [GC (Allocation Failure) 204441K->38214K(201984K), 0.0008320 secs]
107.011: [GC (Allocation Failure) 196854K->38214K(233664K), 0.0016900 secs]
107.109: [GC (Allocation Failure) 228600K->38311K(224960K), 0.0007310 secs]
107.200: [GC (Allocation Failure) 220000K->38311K(216640K), 0.0008610 secs]
107.287: [GC (Allocation Failure) 211603K->38295K(251328K), 0.0010890 secs]
107.389: [GC (Allocation Failure) 246343K->38311K(241664K), 0.0007060 secs]
107.488: [GC (Allocation Failure) 236771K->38393K(281472K), 0.0016500 secs]
107.608: [GC (Allocation Failure) 276555K->38393K(284416K), 0.0014150 secs]
107.730: [GC (Allocation Failure) 279455K->38409K(273152K), 0.0008600 secs]
107.845: [GC (Allocation Failure) 268227K->38409K(262272K), 0.0007250 secs]
107.951: [GC (Allocation Failure) 257571K->38604K(252352K), 0.0006870 secs]
108.054: [GC (Allocation Failure) 247532K->38604K(242624K), 0.0009730 secs]
108.151: [GC (Allocation Failure) 237918K->38608K(233408K), 0.0007320 secs]
108.245: [GC (Allocation Failure) 228711K->38608K(224704K), 0.0007300 secs]
108.335: [GC (Allocation Failure) 219987K->38608K(216384K), 0.0007420 secs]
108.422: [GC (Allocation Failure) 211706K->38608K(208448K), 0.0006950 secs]
108.504: [GC (Allocation Failure) 203761K->38706K(201024K), 0.0007400 secs]
108.585: [GC (Allocation Failure) 196438K->38706K(193920K), 0.0006990 secs]
108.660: [GC (Allocation Failure) 189359K->38706K(187136K), 0.0007250 secs]
108.731: [GC (Allocation Failure) 182517K->38706K(180608K), 0.0006950 secs]
108.799: [GC (Allocation Failure) 176028K->38804K(174528K), 0.0009940 secs]
108.872: [GC (Allocation Failure) 170033K->38804K(200832K), 0.0009610 secs]
108.952: [GC (Allocation Failure) 196276K->38804K(193728K), 0.0007510 secs]
109.026: [GC (Allocation Failure) 189170K->38804K(186880K), 0.0006990 secs]
109.099: [GC (Allocation Failure) 182390K->38901K(180544K), 0.0007320 secs]
109.167: [GC (Allocation Failure) 176171K->38901K(174464K), 0.0006990 secs]
109.233: [GC (Allocation Failure) 170101K->38885K(200704K), 0.0011080 secs]
109.310: [GC (Allocation Failure) 196264K->38901K(232128K), 0.0009650 secs]
109.403: [GC (Allocation Failure) 227791K->38999K(270016K), 0.0007180 secs]
109.512: [GC (Allocation Failure) 265730K->38999K(259456K), 0.0006930 secs]
109.617: [GC (Allocation Failure) 255119K->38999K(249408K), 0.0010020 secs]
109.720: [GC (Allocation Failure) 245083K->38999K(239808K), 0.0007830 secs]
109.819: [GC (Allocation Failure) 235580K->39097K(230848K), 0.0007490 secs]
109.912: [GC (Allocation Failure) 226643K->39097K(222272K), 0.0009550 secs]
110.009: [GC (Allocation Failure) 218103K->39097K(214080K), 0.0010220 secs]
110.097: [GC (Allocation Failure) 209843K->39097K(206272K), 0.0009540 secs]
110.178: [GC (Allocation Failure) 202140K->39194K(198976K), 0.0007290 secs]
110.253: [GC (Allocation Failure) 194820K->39194K(191936K), 0.0006840 secs]
110.325: [GC (Allocation Failure) 187804K->39194K(185280K), 0.0007420 secs]
110.396: [GC (Allocation Failure) 181131K->39194K(178880K), 0.0006960 secs]
110.466: [GC (Allocation Failure) 174845K->39292K(172928K), 0.0007120 secs]
110.532: [GC (Allocation Failure) 168927K->39292K(198912K), 0.0009720 secs]
110.611: [GC (Allocation Failure) 194893K->39292K(191872K), 0.0007280 secs]
110.683: [GC (Allocation Failure) 187821K->39276K(221504K), 0.0017180 secs]
110.773: [GC (Allocation Failure) 217628K->39390K(257344K), 0.0007250 secs]
110.879: [GC (Allocation Failure) 253457K->39374K(281280K), 0.0013660 secs]
110.995: [GC (Allocation Failure) 277285K->39390K(281280K), 0.0007540 secs]
111.115: [GC (Allocation Failure) 277289K->39487K(270080K), 0.0008130 secs]
111.225: [GC (Allocation Failure) 266228K->39487K(259520K), 0.0007380 secs]
111.332: [GC (Allocation Failure) 255684K->39487K(249408K), 0.0007120 secs]
111.434: [GC (Allocation Failure) 245613K->39585K(239936K), 0.0010820 secs]
111.532: [GC (Allocation Failure) 236190K->39585K(230848K), 0.0006980 secs]
111.627: [GC (Allocation Failure) 227080K->39585K(222272K), 0.0007510 secs]
111.714: [GC (Allocation Failure) 218591K->39585K(214016K), 0.0007060 secs]
111.800: [GC (Allocation Failure) 210326K->39683K(206336K), 0.0007510 secs]
111.885: [GC (Allocation Failure) 202753K->39667K(238976K), 0.0016130 secs]
111.982: [GC (Allocation Failure) 235321K->39683K(229952K), 0.0007500 secs]
112.074: [GC (Allocation Failure) 226325K->39683K(221312K), 0.0006960 secs]
112.165: [GC (Allocation Failure) 217701K->39780K(213248K), 0.0008750 secs]
112.248: [GC (Allocation Failure) 209723K->39780K(205504K), 0.0009700 secs]
112.329: [GC (Allocation Failure) 201989K->39780K(198144K), 0.0007480 secs]
112.407: [GC (Allocation Failure) 194597K->39780K(191104K), 0.0009740 secs]
112.486: [GC (Allocation Failure) 187606K->39862K(220800K), 0.0018200 secs]
112.578: [GC (Allocation Failure) 217358K->39878K(256320K), 0.0006960 secs]
112.687: [GC (Allocation Failure) 252919K->39862K(298944K), 0.0012720 secs]
112.821: [GC (Allocation Failure) 295496K->39878K(327360K), 0.0010580 secs]
112.971: [GC (Allocation Failure) 323976K->39976K(313984K), 0.0007380 secs]
113.109: [GC (Allocation Failure) 310695K->39976K(301056K), 0.0010580 secs]
113.235: [GC (Allocation Failure) 297867K->40171K(289216K), 0.0007060 secs]
113.352: [GC (Allocation Failure) 285964K->40171K(277632K), 0.0007410 secs]
113.466: [GC (Allocation Failure) 274515K->40155K(266688K), 0.0009050 secs]
113.580: [GC (Allocation Failure) 263578K->40171K(256320K), 0.0010120 secs]
113.690: [GC (Allocation Failure) 253223K->40171K(246464K), 0.0010480 secs]
113.792: [GC (Allocation Failure) 243285K->40171K(236992K), 0.0007110 secs]
113.885: [GC (Allocation Failure) 233938K->40269K(228160K), 0.0007300 secs]
113.976: [GC (Allocation Failure) 225098K->40269K(219712K), 0.0007170 secs]
114.064: [GC (Allocation Failure) 216650K->40269K(211648K), 0.0007610 secs]
114.145: [GC (Allocation Failure) 208577K->40269K(203904K), 0.0007000 secs]
114.226: [GC (Allocation Failure) 200890K->40366K(196672K), 0.0007450 secs]
114.302: [GC (Allocation Failure) 193703K->40366K(189760K), 0.0006900 secs]
114.372: [GC (Allocation Failure) 186830K->40366K(183168K), 0.0007440 secs]
114.442: [GC (Allocation Failure) 180245K->40366K(176832K), 0.0007990 secs]
114.509: [GC (Allocation Failure) 173929K->40464K(170944K), 0.0008400 secs]
114.572: [GC (Allocation Failure) 168119K->40464K(165312K), 0.0007180 secs]
114.632: [GC (Allocation Failure) 162504K->40464K(189760K), 0.0008270 secs]
114.705: [GC (Allocation Failure) 186917K->40464K(219008K), 0.0009660 secs]
114.791: [GC (Allocation Failure) 216248K->40562K(254272K), 0.0007420 secs]
114.897: [GC (Allocation Failure) 251520K->40562K(244480K), 0.0009600 secs]
114.997: [GC (Allocation Failure) 241682K->40562K(235200K), 0.0007540 secs]
115.094: [GC (Allocation Failure) 232423K->40562K(226304K), 0.0007100 secs]
115.187: [GC (Allocation Failure) 223624K->40659K(217984K), 0.0010150 secs]
115.277: [GC (Allocation Failure) 215371K->40659K(210048K), 0.0009630 secs]
115.360: [GC (Allocation Failure) 207396K->40659K(202496K), 0.0008170 secs]
115.442: [GC (Allocation Failure) 199889K->40659K(195264K), 0.0007050 secs]
115.514: [GC (Allocation Failure) 192717K->40757K(188480K), 0.0007510 secs]
115.586: [GC (Allocation Failure) 185929K->40757K(181952K), 0.0008000 secs]
115.655: [GC (Allocation Failure) 179428K->40757K(175744K), 0.0007430 secs]
115.718: [GC (Allocation Failure) 173164K->40757K(169792K), 0.0007060 secs]
115.779: [GC (Allocation Failure) 167331K->40855K(195200K), 0.0007500 secs]
115.855: [GC (Allocation Failure) 192773K->40855K(188352K), 0.0007250 secs]
115.925: [GC (Allocation Failure) 185916K->40855K(217408K), 0.0008540 secs]
116.013: [GC (Allocation Failure) 214958K->40855K(209408K), 0.0007090 secs]
116.098: [GC (Allocation Failure) 206998K->40952K(201920K), 0.0010490 secs]
116.180: [GC (Allocation Failure) 199589K->40936K(233664K), 0.0011110 secs]
116.271: [GC (Allocation Failure) 231272K->40952K(224896K), 0.0007470 secs]
116.359: [GC (Allocation Failure) 222537K->40952K(216512K), 0.0007120 secs]
116.445: [GC (Allocation Failure) 214181K->41050K(208704K), 0.0007440 secs]
116.530: [GC (Allocation Failure) 206475K->41050K(201216K), 0.0007100 secs]
116.605: [GC (Allocation Failure) 198928K->41050K(194112K), 0.0007360 secs]
116.679: [GC (Allocation Failure) 191861K->41050K(187264K), 0.0007150 secs]
116.748: [GC (Allocation Failure) 185054K->41148K(180864K), 0.0007580 secs]
116.817: [GC (Allocation Failure) 178664K->41148K(174720K), 0.0007000 secs]
116.879: [GC (Allocation Failure) 172568K->41148K(168896K), 0.0007500 secs]
116.940: [GC (Allocation Failure) 166774K->41148K(193984K), 0.0009910 secs]
117.015: [GC (Allocation Failure) 191906K->41343K(224256K), 0.0017480 secs]
117.107: [GC (Allocation Failure) 222308K->41343K(260480K), 0.0007200 secs]
117.214: [GC (Allocation Failure) 258523K->41343K(303936K), 0.0007600 secs]
117.339: [GC (Allocation Failure) 301982K->41343K(291648K), 0.0007220 secs]
117.459: [GC (Allocation Failure) 289783K->41441K(280064K), 0.0007570 secs]
117.580: [GC (Allocation Failure) 278241K->41441K(268992K), 0.0007210 secs]
117.693: [GC (Allocation Failure) 267169K->41425K(258496K), 0.0017770 secs]
117.808: [GC (Allocation Failure) 256645K->41441K(248448K), 0.0010180 secs]
117.914: [GC (Allocation Failure) 246678K->41538K(239040K), 0.0010210 secs]
118.010: [GC (Allocation Failure) 237269K->41538K(230016K), 0.0007050 secs]
118.102: [GC (Allocation Failure) 228274K->41538K(221440K), 0.0010280 secs]
118.193: [GC (Allocation Failure) 219624K->41538K(213248K), 0.0007200 secs]
118.276: [GC (Allocation Failure) 211526K->41636K(205568K), 0.0007620 secs]
118.357: [GC (Allocation Failure) 203855K->41636K(198208K), 0.0007170 secs]
118.433: [GC (Allocation Failure) 196571K->41636K(191232K), 0.0008580 secs]
118.507: [GC (Allocation Failure) 189555K->41636K(184512K), 0.0007130 secs]
118.578: [GC (Allocation Failure) 182864K->41734K(178240K), 0.0007390 secs]
118.646: [GC (Allocation Failure) 176676K->41734K(172224K), 0.0007110 secs]
118.708: [GC (Allocation Failure) 170679K->41734K(166528K), 0.0007650 secs]
118.768: [GC (Allocation Failure) 164953K->41734K(191168K), 0.0007940 secs]
118.846: [GC (Allocation Failure) 189665K->41815K(220864K), 0.0011480 secs]
118.934: [GC (Allocation Failure) 219368K->41831K(256384K), 0.0009790 secs]
119.042: [GC (Allocation Failure) 254916K->41831K(246528K), 0.0007560 secs]
119.145: [GC (Allocation Failure) 245021K->41831K(237056K), 0.0009900 secs]
119.243: [GC (Allocation Failure) 235670K->41929K(228224K), 0.0010190 secs]
119.336: [GC (Allocation Failure) 226819K->41929K(219776K), 0.0008070 secs]
119.425: [GC (Allocation Failure) 218395K->41929K(211712K), 0.0008670 secs]
119.509: [GC (Allocation Failure) 210303K->41929K(203968K), 0.0007280 secs]
119.590: [GC (Allocation Failure) 202658K->42027K(196736K), 0.0010420 secs]
119.668: [GC (Allocation Failure) 195481K->42027K(189824K), 0.0008540 secs]
119.741: [GC (Allocation Failure) 188496K->42027K(219136K), 0.0008670 secs]
119.832: [GC (Allocation Failure) 217802K->42027K(211072K), 0.0007190 secs]
119.914: [GC (Allocation Failure) 209854K->42124K(203520K), 0.0007400 secs]
119.994: [GC (Allocation Failure) 202353K->42124K(196288K), 0.0007140 secs]
120.071: [GC (Allocation Failure) 195082K->42124K(189376K), 0.0010350 secs]
120.143: [GC (Allocation Failure) 188208K->42124K(182784K), 0.0007340 secs]
120.213: [GC (Allocation Failure) 181677K->42222K(210816K), 0.0010370 secs]
120.297: [GC (Allocation Failure) 209743K->42222K(244352K), 0.0007170 secs]
120.400: [GC (Allocation Failure) 243279K->42222K(235072K), 0.0009410 secs]
120.493: [GC (Allocation Failure) 234010K->42222K(226176K), 0.0009850 secs]
120.585: [GC (Allocation Failure) 225183K->42320K(217856K), 0.0007480 secs]
120.670: [GC (Allocation Failure) 216875K->42320K(209920K), 0.0007170 secs]
120.753: [GC (Allocation Failure) 208927K->42320K(202368K), 0.0008620 secs]
120.829: [GC (Allocation Failure) 201364K->42320K(195136K), 0.0007130 secs]
120.906: [GC (Allocation Failure) 194164K->42418K(188352K), 0.0007460 secs]
120.981: [GC (Allocation Failure) 187485K->42418K(181824K), 0.0010270 secs]
121.050: [GC (Allocation Failure) 180897K->42418K(209536K), 0.0007850 secs]
121.134: [GC (Allocation Failure) 208629K->42418K(201920K), 0.0007210 secs]
121.212: [GC (Allocation Failure) 201060K->42515K(194816K), 0.0007530 secs]
121.287: [GC (Allocation Failure) 194001K->42515K(187968K), 0.0007240 secs]
121.359: [GC (Allocation Failure) 187208K->42515K(216960K), 0.0010470 secs]
121.446: [GC (Allocation Failure) 216192K->42515K(208960K), 0.0007200 secs]
121.527: [GC (Allocation Failure) 208241K->42613K(201472K), 0.0007610 secs]
121.607: [GC (Allocation Failure) 200764K->42613K(194304K), 0.0007010 secs]
121.679: [GC (Allocation Failure) 193609K->42613K(187520K), 0.0007630 secs]
121.751: [GC (Allocation Failure) 186810K->42613K(180992K), 0.0007180 secs]
121.822: [GC (Allocation Failure) 180378K->42711K(208640K), 0.0010450 secs]
121.906: [GC (Allocation Failure) 208022K->42711K(241728K), 0.0009920 secs]
122.003: [GC (Allocation Failure) 241094K->42711K(232576K), 0.0007460 secs]
122.097: [GC (Allocation Failure) 231974K->42711K(223808K), 0.0009900 secs]
122.193: [GC (Allocation Failure) 223283K->42808K(215616K), 0.0007520 secs]
122.278: [GC (Allocation Failure) 215103K->42808K(207744K), 0.0007280 secs]
122.361: [GC (Allocation Failure) 207205K->42808K(200256K), 0.0007650 secs]
122.437: [GC (Allocation Failure) 199704K->42808K(193088K), 0.0007160 secs]
122.517: [GC (Allocation Failure) 192686K->42906K(186432K), 0.0010500 secs]
122.588: [GC (Allocation Failure) 186047K->42906K(215104K), 0.0008510 secs]
122.673: [GC (Allocation Failure) 214744K->42906K(207296K), 0.0007630 secs]
122.755: [GC (Allocation Failure) 206866K->42906K(240064K), 0.0014770 secs]
122.757: [Full GC (Ergonomics) 42906K->904K(214464K), 0.0117810 secs]
122.870: [GC (Allocation Failure) 197700K->1132K(205440K), 0.0005710 secs]
122.962: [GC (Allocation Failure) 188901K->1132K(196800K), 0.0005050 secs]
123.054: [GC (Allocation Failure) 180263K->1132K(188608K), 0.0005970 secs]
123.138: [GC (Allocation Failure) 171993K->1132K(180800K), 0.0004340 secs]
123.218: [GC (Allocation Failure) 164314K->1229K(173504K), 0.0005680 secs]
123.294: [GC (Allocation Failure) 157051K->1229K(166464K), 0.0004310 secs]
123.367: [GC (Allocation Failure) 150002K->1229K(159808K), 0.0004700 secs]
123.436: [GC (Allocation Failure) 143335K->1229K(153408K), 0.0004550 secs]
123.502: [GC (Allocation Failure) 136979K->1327K(147456K), 0.0005760 secs]
123.565: [GC (Allocation Failure) 131071K->1327K(141696K), 0.0004310 secs]
123.626: [GC (Allocation Failure) 125274K->1327K(136256K), 0.0004820 secs]
123.687: [GC (Allocation Failure) 119857K->1327K(131008K), 0.0004260 secs]
123.741: [GC (Allocation Failure) 114661K->1425K(126144K), 0.0004640 secs]
123.792: [GC (Allocation Failure) 109901K->1425K(121472K), 0.0004590 secs]
123.849: [GC (Allocation Failure) 105166K->1409K(116992K), 0.0008090 secs]
123.899: [GC (Allocation Failure) 100653K->1425K(112704K), 0.0004380 secs]
123.946: [GC (Allocation Failure) 96457K->1522K(108736K), 0.0005650 secs]
123.994: [GC (Allocation Failure) 92506K->1522K(104896K), 0.0004400 secs]
124.038: [GC (Allocation Failure) 88679K->1522K(101248K), 0.0005130 secs]
124.080: [GC (Allocation Failure) 85014K->1522K(97728K), 0.0004400 secs]
124.120: [GC (Allocation Failure) 81590K->1620K(113792K), 0.0006020 secs]
124.170: [GC (Allocation Failure) 97681K->1620K(132928K), 0.0005220 secs]
124.228: [GC (Allocation Failure) 116809K->1620K(127936K), 0.0004760 secs]
124.282: [GC (Allocation Failure) 111861K->1620K(123072K), 0.0005490 secs]
124.334: [GC (Allocation Failure) 107044K->1718K(118592K), 0.0004730 secs]
124.385: [GC (Allocation Failure) 102616K->1718K(114304K), 0.0004630 secs]
124.432: [GC (Allocation Failure) 98310K->1718K(110208K), 0.0006110 secs]
124.481: [GC (Allocation Failure) 94262K->1702K(106176K), 0.0005950 secs]
124.524: [GC (Allocation Failure) 90335K->1815K(102592K), 0.0004880 secs]
124.568: [GC (Allocation Failure) 86698K->1815K(99072K), 0.0005080 secs]
124.607: [GC (Allocation Failure) 83169K->1815K(115264K), 0.0004840 secs]
124.654: [GC (Allocation Failure) 99376K->1815K(134592K), 0.0005280 secs]
124.712: [GC (Allocation Failure) 118743K->1913K(129536K), 0.0004740 secs]
124.768: [GC (Allocation Failure) 113757K->1913K(124672K), 0.0004630 secs]
124.822: [GC (Allocation Failure) 108915K->1913K(120064K), 0.0004730 secs]
124.873: [GC (Allocation Failure) 104283K->1913K(115584K), 0.0005290 secs]
124.923: [GC (Allocation Failure) 99892K->2015K(111488K), 0.0005100 secs]
124.976: [GC (Allocation Failure) 95839K->2015K(107520K), 0.0006590 secs]
125.021: [GC (Allocation Failure) 91784K->2019K(103744K), 0.0004770 secs]
125.065: [GC (Allocation Failure) 88025K->2019K(100096K), 0.0005260 secs]
125.107: [GC (Allocation Failure) 84449K->2116K(96768K), 0.0004780 secs]
125.145: [GC (Allocation Failure) 81208K->2116K(112576K), 0.0005290 secs]
125.194: [GC (Allocation Failure) 96932K->2116K(131456K), 0.0004820 secs]
125.248: [GC (Allocation Failure) 115829K->2116K(126464K), 0.0004350 secs]
125.299: [GC (Allocation Failure) 110901K->2214K(121792K), 0.0004700 secs]
125.354: [GC (Allocation Failure) 106260K->2214K(117312K), 0.0004410 secs]
125.407: [GC (Allocation Failure) 101829K->2214K(113088K), 0.0004870 secs]
125.453: [GC (Allocation Failure) 97614K->2214K(108992K), 0.0004380 secs]
125.499: [GC (Allocation Failure) 93600K->2312K(105216K), 0.0005160 secs]
125.542: [GC (Allocation Failure) 89856K->2312K(101568K), 0.0004390 secs]
125.583: [GC (Allocation Failure) 86215K->2312K(98112K), 0.0005840 secs]
125.626: [GC (Allocation Failure) 82668K->2312K(94720K), 0.0004380 secs]
125.665: [GC (Allocation Failure) 79335K->2409K(91648K), 0.0005070 secs]
125.702: [GC (Allocation Failure) 76387K->2409K(106432K), 0.0004430 secs]
125.747: [GC (Allocation Failure) 91145K->2409K(124096K), 0.0005870 secs]
125.804: [GC (Allocation Failure) 108835K->2393K(145152K), 0.0006020 secs]
125.868: [GC (Allocation Failure) 129972K->2507K(139648K), 0.0004990 secs]
125.929: [GC (Allocation Failure) 124395K->2507K(134272K), 0.0005650 secs]
125.988: [GC (Allocation Failure) 119065K->2491K(129216K), 0.0007080 secs]
126.042: [GC (Allocation Failure) 114019K->2507K(124288K), 0.0005360 secs]
126.095: [GC (Allocation Failure) 109123K->2605K(119744K), 0.0004860 secs]
126.144: [GC (Allocation Failure) 104624K->2605K(115392K), 0.0004440 secs]
126.193: [GC (Allocation Failure) 100281K->2605K(111232K), 0.0004860 secs]
126.237: [GC (Allocation Failure) 96128K->2605K(107200K), 0.0004490 secs]
126.283: [GC (Allocation Failure) 92191K->2702K(103488K), 0.0004830 secs]
126.326: [GC (Allocation Failure) 88452K->2702K(99904K), 0.0004440 secs]
126.367: [GC (Allocation Failure) 84938K->2702K(96512K), 0.0004870 secs]
126.413: [GC (Allocation Failure) 81487K->2702K(93184K), 0.0005540 secs]
126.451: [GC (Allocation Failure) 78257K->2800K(108352K), 0.0004860 secs]
126.494: [GC (Allocation Failure) 93488K->2800K(126400K), 0.0004500 secs]
126.548: [GC (Allocation Failure) 111490K->2800K(121728K), 0.0004840 secs]
126.602: [GC (Allocation Failure) 106840K->2800K(117184K), 0.0005430 secs]
126.653: [GC (Allocation Failure) 102328K->2898K(113024K), 0.0004810 secs]
126.699: [GC (Allocation Failure) 98195K->2898K(108992K), 0.0005400 secs]
126.744: [GC (Allocation Failure) 94186K->2898K(105152K), 0.0004920 secs]
126.786: [GC (Allocation Failure) 90361K->2898K(101440K), 0.0004480 secs]
126.826: [GC (Allocation Failure) 86685K->2979K(118208K), 0.0008190 secs]
126.880: [GC (Allocation Failure) 103510K->3093K(138240K), 0.0008370 secs]
126.941: [GC (Allocation Failure) 123593K->3093K(162240K), 0.0004850 secs]
127.014: [GC (Allocation Failure) 147647K->3093K(190912K), 0.0005420 secs]
127.103: [GC (Allocation Failure) 176388K->3175K(183104K), 0.0006130 secs]
127.187: [GC (Allocation Failure) 168612K->3191K(175616K), 0.0005620 secs]
127.266: [GC (Allocation Failure) 161059K->3191K(168512K), 0.0005240 secs]
127.338: [GC (Allocation Failure) 154004K->3191K(161664K), 0.0004710 secs]
127.410: [GC (Allocation Failure) 147202K->3288K(155264K), 0.0005910 secs]
127.479: [GC (Allocation Failure) 140817K->3288K(149120K), 0.0004390 secs]
127.545: [GC (Allocation Failure) 134689K->3288K(143296K), 0.0004960 secs]
127.608: [GC (Allocation Failure) 128898K->3288K(137728K), 0.0005560 secs]
127.668: [GC (Allocation Failure) 123394K->3386K(132544K), 0.0005270 secs]
127.727: [GC (Allocation Failure) 118251K->3386K(127552K), 0.0004550 secs]
127.779: [GC (Allocation Failure) 113255K->3386K(122816K), 0.0006030 secs]
127.831: [GC (Allocation Failure) 108455K->3386K(118208K), 0.0004930 secs]
127.882: [GC (Allocation Failure) 103926K->3484K(113984K), 0.0004860 secs]
127.932: [GC (Allocation Failure) 99788K->3484K(109888K), 0.0004950 secs]
127.979: [GC (Allocation Failure) 95666K->3484K(105984K), 0.0006010 secs]
128.024: [GC (Allocation Failure) 91723K->3484K(102208K), 0.0004500 secs]
128.066: [GC (Allocation Failure) 88059K->3581K(98752K), 0.0005990 secs]
128.106: [GC (Allocation Failure) 84633K->3581K(114880K), 0.0004530 secs]
128.154: [GC (Allocation Failure) 100748K->3565K(134208K), 0.0006220 secs]
128.215: [GC (Allocation Failure) 120083K->3581K(129088K), 0.0004510 secs]
128.270: [GC (Allocation Failure) 115020K->3663K(124288K), 0.0006080 secs]
128.321: [GC (Allocation Failure) 110198K->3679K(119680K), 0.0005460 secs]
128.376: [GC (Allocation Failure) 105664K->3679K(115328K), 0.0006560 secs]
128.428: [GC (Allocation Failure) 101255K->3679K(111104K), 0.0005510 secs]
128.472: [GC (Allocation Failure) 97129K->3777K(107200K), 0.0004880 secs]
128.517: [GC (Allocation Failure) 93294K->3777K(103424K), 0.0004460 secs]
128.558: [GC (Allocation Failure) 89520K->3777K(99840K), 0.0004950 secs]
128.601: [GC (Allocation Failure) 85905K->3777K(96384K), 0.0004500 secs]
128.645: [GC (Allocation Failure) 82472K->3874K(93184K), 0.0005310 secs]
128.684: [GC (Allocation Failure) 79310K->3874K(108224K), 0.0005870 secs]
128.733: [GC (Allocation Failure) 94356K->3874K(126208K), 0.0004930 secs]
128.785: [GC (Allocation Failure) 112378K->3874K(121472K), 0.0004800 secs]
128.838: [GC (Allocation Failure) 107729K->3972K(117056K), 0.0004840 secs]
128.888: [GC (Allocation Failure) 103319K->3972K(112832K), 0.0004570 secs]
128.937: [GC (Allocation Failure) 99074K->3972K(108800K), 0.0004920 secs]
128.985: [GC (Allocation Failure) 95040K->3956K(126784K), 0.0008200 secs]
129.042: [GC (Allocation Failure) 113197K->4070K(122176K), 0.0004840 secs]
129.097: [GC (Allocation Failure) 108501K->4070K(117696K), 0.0005770 secs]
129.148: [GC (Allocation Failure) 104085K->4070K(113408K), 0.0004910 secs]
129.193: [GC (Allocation Failure) 99757K->4070K(109312K), 0.0004570 secs]
129.238: [GC (Allocation Failure) 95755K->4167K(105536K), 0.0005380 secs]
129.285: [GC (Allocation Failure) 92013K->4167K(101888K), 0.0005510 secs]
129.326: [GC (Allocation Failure) 88369K->4167K(98368K), 0.0004830 secs]
129.366: [GC (Allocation Failure) 84789K->4167K(114432K), 0.0004580 secs]
129.415: [GC (Allocation Failure) 100906K->4265K(133760K), 0.0005430 secs]
129.471: [GC (Allocation Failure) 120339K->4265K(128704K), 0.0004540 secs]
129.527: [GC (Allocation Failure) 115293K->4265K(123904K), 0.0006090 secs]
129.581: [GC (Allocation Failure) 110472K->4265K(119296K), 0.0005540 secs]
129.634: [GC (Allocation Failure) 105869K->4363K(115008K), 0.0004900 secs]
129.680: [GC (Allocation Failure) 101626K->4363K(110848K), 0.0005710 secs]
129.727: [GC (Allocation Failure) 97517K->4363K(106944K), 0.0005020 secs]
129.770: [GC (Allocation Failure) 93580K->4363K(103104K), 0.0004580 secs]
129.812: [GC (Allocation Failure) 89832K->4460K(120192K), 0.0005570 secs]
129.862: [GC (Allocation Failure) 106954K->4460K(115776K), 0.0004600 secs]
129.913: [GC (Allocation Failure) 102525K->4460K(111616K), 0.0005370 secs]
129.963: [GC (Allocation Failure) 98411K->4460K(107584K), 0.0005720 secs]
130.008: [GC (Allocation Failure) 94436K->4558K(125568K), 0.0006110 secs]
130.061: [GC (Allocation Failure) 112459K->4558K(120896K), 0.0004610 secs]
130.113: [GC (Allocation Failure) 107716K->4558K(116480K), 0.0006110 secs]
130.165: [GC (Allocation Failure) 103314K->4558K(112192K), 0.0005590 secs]
130.212: [GC (Allocation Failure) 99117K->4656K(108224K), 0.0005100 secs]
130.256: [GC (Allocation Failure) 95125K->4656K(104448K), 0.0004560 secs]
130.297: [GC (Allocation Failure) 91385K->4656K(100800K), 0.0005060 secs]
130.337: [GC (Allocation Failure) 87777K->4656K(117248K), 0.0004580 secs]
130.387: [GC (Allocation Failure) 104278K->4737K(137152K), 0.0006320 secs]
130.444: [GC (Allocation Failure) 124146K->4753K(131904K), 0.0004580 secs]
130.501: [GC (Allocation Failure) 118924K->4753K(126912K), 0.0004990 secs]
130.553: [GC (Allocation Failure) 113916K->4753K(122112K), 0.0004500 secs]
130.603: [GC (Allocation Failure) 109213K->4855K(117696K), 0.0004990 secs]
130.651: [GC (Allocation Failure) 104790K->4855K(113408K), 0.0004680 secs]
130.700: [GC (Allocation Failure) 100538K->4855K(109376K), 0.0004980 secs]
130.745: [GC (Allocation Failure) 96478K->4855K(105472K), 0.0004620 secs]
130.788: [GC (Allocation Failure) 92689K->4953K(101888K), 0.0005000 secs]
130.833: [GC (Allocation Failure) 89160K->4953K(98368K), 0.0005690 secs]
130.875: [GC (Allocation Failure) 85595K->4937K(114496K), 0.0008820 secs]
130.924: [GC (Allocation Failure) 101730K->4953K(133696K), 0.0004580 secs]
130.983: [GC (Allocation Failure) 120952K->5050K(156864K), 0.0006790 secs]
131.056: [GC (Allocation Failure) 144195K->5050K(184512K), 0.0005710 secs]
131.136: [GC (Allocation Failure) 171870K->5050K(176960K), 0.0005220 secs]
131.215: [GC (Allocation Failure) 164278K->5050K(169728K), 0.0004670 secs]
131.288: [GC (Allocation Failure) 157132K->5148K(162944K), 0.0005160 secs]
131.360: [GC (Allocation Failure) 150339K->5148K(156416K), 0.0004760 secs]
131.430: [GC (Allocation Failure) 143878K->5148K(150208K), 0.0005110 secs]
131.496: [GC (Allocation Failure) 137631K->5148K(144256K), 0.0005220 secs]
131.557: [GC (Allocation Failure) 131739K->5246K(138752K), 0.0004990 secs]
131.617: [GC (Allocation Failure) 126322K->5230K(133440K), 0.0006020 secs]
131.675: [GC (Allocation Failure) 120911K->5230K(128384K), 0.0008840 secs]
131.730: [GC (Allocation Failure) 115894K->5246K(123520K), 0.0004610 secs]
131.781: [GC (Allocation Failure) 111100K->5343K(119040K), 0.0004980 secs]
131.832: [GC (Allocation Failure) 106648K->5343K(114688K), 0.0004630 secs]
131.881: [GC (Allocation Failure) 102306K->5343K(110592K), 0.0006150 secs]
131.927: [GC (Allocation Failure) 98194K->5343K(106624K), 0.0004700 secs]
131.971: [GC (Allocation Failure) 94357K->5441K(102976K), 0.0005460 secs]
132.015: [GC (Allocation Failure) 90711K->5441K(119936K), 0.0005740 secs]
132.066: [GC (Allocation Failure) 107694K->5441K(115584K), 0.0005060 secs]
132.113: [GC (Allocation Failure) 103312K->5425K(134912K), 0.0006390 secs]
132.173: [GC (Allocation Failure) 122791K->5539K(158400K), 0.0005940 secs]
132.245: [GC (Allocation Failure) 146213K->5539K(152128K), 0.0004890 secs]
132.312: [GC (Allocation Failure) 139912K->5539K(146176K), 0.0005080 secs]
132.378: [GC (Allocation Failure) 133983K->5539K(140416K), 0.0004690 secs]
132.436: [GC (Allocation Failure) 128306K->5636K(135104K), 0.0005220 secs]
132.497: [GC (Allocation Failure) 123055K->5636K(129984K), 0.0005770 secs]
132.552: [GC (Allocation Failure) 117874K->5636K(125120K), 0.0005100 secs]
132.603: [GC (Allocation Failure) 113016K->5636K(120448K), 0.0004730 secs]
132.656: [GC (Allocation Failure) 108444K->5734K(116096K), 0.0005090 secs]
132.703: [GC (Allocation Failure) 104079K->5734K(111872K), 0.0004820 secs]
132.752: [GC (Allocation Failure) 99869K->5734K(107904K), 0.0005080 secs]
132.796: [GC (Allocation Failure) 95922K->5734K(104064K), 0.0006300 secs]
132.841: [GC (Allocation Failure) 92175K->5832K(121344K), 0.0006190 secs]
132.891: [GC (Allocation Failure) 109428K->5832K(116864K), 0.0004640 secs]
132.943: [GC (Allocation Failure) 104985K->5832K(112640K), 0.0005120 secs]
132.988: [GC (Allocation Failure) 100716K->5832K(108544K), 0.0005150 secs]
133.033: [GC (Allocation Failure) 96680K->5929K(104768K), 0.0005380 secs]
133.076: [GC (Allocation Failure) 92941K->5913K(122176K), 0.0008360 secs]
133.129: [GC (Allocation Failure) 110391K->5913K(142976K), 0.0006450 secs]
133.196: [GC (Allocation Failure) 131211K->5913K(167808K), 0.0009130 secs]
133.269: [GC (Allocation Failure) 156125K->6027K(197824K), 0.0005000 secs]
133.358: [GC (Allocation Failure) 186140K->6027K(189568K), 0.0004930 secs]
133.442: [GC (Allocation Failure) 177876K->6011K(181760K), 0.0006600 secs]
133.520: [GC (Allocation Failure) 170098K->6027K(174272K), 0.0004810 secs]
133.597: [GC (Allocation Failure) 162632K->6125K(167296K), 0.0006190 secs]
133.672: [GC (Allocation Failure) 155735K->6125K(160576K), 0.0005050 secs]
133.743: [GC (Allocation Failure) 148954K->6125K(154176K), 0.0006370 secs]
133.815: [GC (Allocation Failure) 142541K->6125K(148032K), 0.0005820 secs]
133.881: [GC (Allocation Failure) 136557K->6222K(142336K), 0.0004930 secs]
133.943: [GC (Allocation Failure) 130830K->6222K(136832K), 0.0005780 secs]
134.004: [GC (Allocation Failure) 125321K->6222K(131648K), 0.0005370 secs]
134.061: [GC (Allocation Failure) 120132K->6222K(126656K), 0.0004590 secs]
134.113: [GC (Allocation Failure) 115213K->6320K(121984K), 0.0004990 secs]
134.163: [GC (Allocation Failure) 110567K->6320K(117504K), 0.0005840 secs]
134.215: [GC (Allocation Failure) 106121K->6320K(113216K), 0.0005560 secs]
134.261: [GC (Allocation Failure) 101841K->6320K(109120K), 0.0004610 secs]
134.308: [GC (Allocation Failure) 97797K->6418K(105344K), 0.0005610 secs]
134.353: [GC (Allocation Failure) 94056K->6418K(101696K), 0.0004660 secs]
134.393: [GC (Allocation Failure) 90409K->6418K(98176K), 0.0005080 secs]
134.433: [GC (Allocation Failure) 86875K->6418K(94784K), 0.0004640 secs]
134.470: [GC (Allocation Failure) 83539K->6515K(110272K), 0.0005040 secs]
134.517: [GC (Allocation Failure) 99046K->6515K(128704K), 0.0004600 secs]
134.569: [GC (Allocation Failure) 117475K->6515K(123904K), 0.0004850 secs]
134.622: [GC (Allocation Failure) 112737K->6515K(119296K), 0.0004740 secs]
134.675: [GC (Allocation Failure) 108127K->6613K(115008K), 0.0006220 secs]
134.724: [GC (Allocation Failure) 103902K->6613K(110848K), 0.0004720 secs]
134.770: [GC (Allocation Failure) 99771K->6613K(106944K), 0.0005160 secs]
134.815: [GC (Allocation Failure) 95816K->6613K(124608K), 0.0005860 secs]
134.870: [GC (Allocation Failure) 113619K->6711K(120064K), 0.0006160 secs]
134.921: [GC (Allocation Failure) 109096K->6711K(115648K), 0.0005110 secs]
134.968: [GC (Allocation Failure) 104686K->6711K(111488K), 0.0005130 secs]
135.015: [GC (Allocation Failure) 100518K->6695K(130048K), 0.0009030 secs]
135.071: [GC (Allocation Failure) 119202K->6808K(152576K), 0.0005050 secs]
135.137: [GC (Allocation Failure) 141661K->6808K(146560K), 0.0005020 secs]
135.202: [GC (Allocation Failure) 135671K->6808K(140864K), 0.0005100 secs]
135.265: [GC (Allocation Failure) 129939K->6808K(135360K), 0.0005950 secs]
135.324: [GC (Allocation Failure) 124476K->6890K(130304K), 0.0007600 secs]
135.380: [GC (Allocation Failure) 119488K->6906K(125440K), 0.0005750 secs]
135.435: [GC (Allocation Failure) 114602K->6906K(120768K), 0.0005190 secs]
135.484: [GC (Allocation Failure) 109987K->6890K(116224K), 0.0006480 secs]
135.536: [GC (Allocation Failure) 105560K->7004K(112128K), 0.0004980 secs]
135.583: [GC (Allocation Failure) 101387K->7004K(108160K), 0.0005010 secs]
135.628: [GC (Allocation Failure) 97404K->7004K(104384K), 0.0005270 secs]
135.671: [GC (Allocation Failure) 93677K->7004K(100672K), 0.0005080 secs]
135.713: [GC (Allocation Failure) 90030K->7101K(117248K), 0.0005040 secs]
135.763: [GC (Allocation Failure) 106621K->7101K(113024K), 0.0004730 secs]
135.810: [GC (Allocation Failure) 102393K->7101K(108992K), 0.0005460 secs]
135.858: [GC (Allocation Failure) 98353K->7101K(105088K), 0.0005340 secs]
135.904: [GC (Allocation Failure) 94545K->7199K(122560K), 0.0006400 secs]
135.955: [GC (Allocation Failure) 112050K->7199K(143424K), 0.0004740 secs]
136.017: [GC (Allocation Failure) 132899K->7199K(137856K), 0.0005150 secs]
136.075: [GC (Allocation Failure) 127385K->7199K(132544K), 0.0004700 secs]
136.131: [GC (Allocation Failure) 122061K->7281K(155520K), 0.0009160 secs]
136.202: [GC (Allocation Failure) 145065K->7297K(149376K), 0.0005940 secs]
136.267: [GC (Allocation Failure) 138976K->7297K(143552K), 0.0006400 secs]
136.328: [GC (Allocation Failure) 133180K->7281K(137856K), 0.0006770 secs]
136.388: [GC (Allocation Failure) 127557K->7395K(132736K), 0.0005170 secs]
136.443: [GC (Allocation Failure) 122394K->7395K(127744K), 0.0005040 secs]
136.497: [GC (Allocation Failure) 117465K->7395K(123008K), 0.0006200 secs]
136.550: [GC (Allocation Failure) 112722K->7395K(118400K), 0.0004790 secs]
136.601: [GC (Allocation Failure) 108119K->7492K(114176K), 0.0005160 secs]
136.648: [GC (Allocation Failure) 103995K->7492K(110080K), 0.0004850 secs]
136.694: [GC (Allocation Failure) 99861K->7492K(106176K), 0.0006470 secs]
136.738: [GC (Allocation Failure) 95936K->7492K(102400K), 0.0004780 secs]
136.778: [GC (Allocation Failure) 92284K->7590K(119296K), 0.0005170 secs]
136.829: [GC (Allocation Failure) 109203K->7590K(114944K), 0.0004830 secs]
136.875: [GC (Allocation Failure) 104779K->7590K(110784K), 0.0005190 secs]
136.921: [GC (Allocation Failure) 100699K->7590K(129216K), 0.0006050 secs]
136.977: [GC (Allocation Failure) 119144K->7688K(151488K), 0.0005540 secs]
137.044: [GC (Allocation Failure) 141442K->7688K(145536K), 0.0005510 secs]
137.108: [GC (Allocation Failure) 135542K->7688K(139904K), 0.0006620 secs]
137.169: [GC (Allocation Failure) 129873K->7688K(134464K), 0.0004790 secs]
137.227: [GC (Allocation Failure) 124523K->7785K(129408K), 0.0005120 secs]
137.284: [GC (Allocation Failure) 119436K->7785K(124544K), 0.0004840 secs]
137.341: [GC (Allocation Failure) 114615K->7769K(119936K), 0.0009320 secs]
137.395: [GC (Allocation Failure) 110022K->7785K(115520K), 0.0004780 secs]
137.446: [GC (Allocation Failure) 105641K->7883K(111424K), 0.0006520 secs]
137.494: [GC (Allocation Failure) 101625K->7883K(107456K), 0.0004790 secs]
137.539: [GC (Allocation Failure) 97590K->7883K(125312K), 0.0005720 secs]
137.591: [GC (Allocation Failure) 115498K->7883K(120576K), 0.0004830 secs]
137.644: [GC (Allocation Failure) 110854K->7981K(141120K), 0.0006700 secs]
137.703: [GC (Allocation Failure) 131426K->7981K(135680K), 0.0004810 secs]
137.760: [GC (Allocation Failure) 125922K->7981K(130496K), 0.0006530 secs]
137.821: [GC (Allocation Failure) 120806K->7981K(125504K), 0.0007430 secs]
137.876: [GC (Allocation Failure) 115857K->8078K(120896K), 0.0005560 secs]
137.929: [GC (Allocation Failure) 111249K->8078K(116480K), 0.0006010 secs]
137.977: [GC (Allocation Failure) 106841K->8078K(112256K), 0.0005250 secs]
138.025: [GC (Allocation Failure) 102614K->8078K(108160K), 0.0005130 secs]
138.069: [GC (Allocation Failure) 98580K->8176K(104448K), 0.0005150 secs]
138.113: [GC (Allocation Failure) 94874K->8160K(121792K), 0.0006710 secs]
138.166: [GC (Allocation Failure) 112209K->8176K(142528K), 0.0005240 secs]
138.227: [GC (Allocation Failure) 133002K->8176K(136960K), 0.0004800 secs]
138.287: [GC (Allocation Failure) 127498K->8258K(131776K), 0.0006840 secs]
138.345: [GC (Allocation Failure) 122360K->8274K(126784K), 0.0004930 secs]
138.399: [GC (Allocation Failure) 117343K->8274K(122048K), 0.0005280 secs]
138.451: [GC (Allocation Failure) 112638K->8274K(117504K), 0.0004830 secs]
138.499: [GC (Allocation Failure) 108118K->8371K(113280K), 0.0005250 secs]
138.548: [GC (Allocation Failure) 103987K->8371K(109248K), 0.0005330 secs]
138.592: [GC (Allocation Failure) 99943K->8371K(105408K), 0.0005490 secs]
138.637: [GC (Allocation Failure) 96104K->8371K(122816K), 0.0006010 secs]
138.694: [GC (Allocation Failure) 113500K->8469K(143808K), 0.0006480 secs]
138.756: [GC (Allocation Failure) 134586K->8469K(138240K), 0.0004850 secs]
138.813: [GC (Allocation Failure) 128974K->8469K(132928K), 0.0005250 secs]
138.868: [GC (Allocation Failure) 123662K->8469K(127872K), 0.0004840 secs]
138.922: [GC (Allocation Failure) 118704K->8567K(123136K), 0.0006460 secs]
138.973: [GC (Allocation Failure) 114031K->8567K(118592K), 0.0004860 secs]
139.026: [GC (Allocation Failure) 109425K->8567K(114304K), 0.0005300 secs]
139.076: [GC (Allocation Failure) 105129K->8567K(110144K), 0.0006240 secs]
139.125: [GC (Allocation Failure) 101029K->8664K(128640K), 0.0006490 secs]
139.182: [GC (Allocation Failure) 119618K->8664K(150720K), 0.0005810 secs]
139.248: [GC (Allocation Failure) 141650K->8664K(144832K), 0.0005280 secs]
139.313: [GC (Allocation Failure) 135756K->8664K(139136K), 0.0006110 secs]
139.372: [GC (Allocation Failure) 130157K->8762K(133888K), 0.0005340 secs]
139.428: [GC (Allocation Failure) 124927K->8762K(128832K), 0.0004960 secs]
139.486: [GC (Allocation Failure) 119909K->8762K(124032K), 0.0005370 secs]
139.545: [GC (Allocation Failure) 115101K->8746K(145088K), 0.0009440 secs]
139.610: [GC (Allocation Failure) 136229K->8860K(139584K), 0.0006460 secs]
139.670: [GC (Allocation Failure) 130736K->8860K(134208K), 0.0005130 secs]
139.727: [GC (Allocation Failure) 125317K->8860K(129152K), 0.0006670 secs]
139.782: [GC (Allocation Failure) 120325K->8860K(124224K), 0.0004800 secs]
139.836: [GC (Allocation Failure) 115428K->8957K(119680K), 0.0005890 secs]
139.887: [GC (Allocation Failure) 110952K->8957K(115328K), 0.0006040 secs]
139.938: [GC (Allocation Failure) 106609K->8957K(111168K), 0.0005320 secs]
139.983: [GC (Allocation Failure) 102407K->8957K(107136K), 0.0004870 secs]
140.029: [GC (Allocation Failure) 98461K->9055K(103424K), 0.0005230 secs]
140.071: [GC (Allocation Failure) 94725K->9055K(120448K), 0.0004960 secs]
140.123: [GC (Allocation Failure) 111743K->9055K(116032K), 0.0005330 secs]
140.174: [GC (Allocation Failure) 107327K->9055K(111808K), 0.0005430 secs]
140.224: [GC (Allocation Failure) 103257K->9153K(130624K), 0.0006660 secs]
140.280: [GC (Allocation Failure) 122077K->9153K(125696K), 0.0004950 secs]
140.331: [GC (Allocation Failure) 117160K->9153K(121024K), 0.0005310 secs]
140.383: [GC (Allocation Failure) 112435K->9153K(116544K), 0.0004910 secs]
140.436: [GC (Allocation Failure) 108005K->9234K(136320K), 0.0009800 secs]
140.495: [GC (Allocation Failure) 127865K->9250K(159936K), 0.0004950 secs]
140.565: [GC (Allocation Failure) 151457K->9250K(153600K), 0.0005830 secs]
140.633: [GC (Allocation Failure) 145157K->9250K(147520K), 0.0004950 secs]
140.699: [GC (Allocation Failure) 139096K->9348K(141824K), 0.0005280 secs]
140.760: [GC (Allocation Failure) 133481K->9348K(136384K), 0.0006310 secs]
140.820: [GC (Allocation Failure) 127982K->9348K(131200K), 0.0005930 secs]
140.879: [GC (Allocation Failure) 122859K->9348K(126208K), 0.0004940 secs]
140.933: [GC (Allocation Failure) 117947K->9430K(121600K), 0.0008010 secs]
140.987: [GC (Allocation Failure) 113272K->9446K(117120K), 0.0004960 secs]
141.035: [GC (Allocation Failure) 108864K->9446K(112896K), 0.0005410 secs]
141.085: [GC (Allocation Failure) 104650K->9446K(108800K), 0.0004870 secs]
141.128: [GC (Allocation Failure) 100628K->9543K(126976K), 0.0006720 secs]
141.185: [GC (Allocation Failure) 118829K->9543K(122240K), 0.0004930 secs]
141.234: [GC (Allocation Failure) 114107K->9543K(117760K), 0.0005300 secs]
141.286: [GC (Allocation Failure) 109576K->9543K(113408K), 0.0004910 secs]
141.335: [GC (Allocation Failure) 105332K->9641K(109440K), 0.0005270 secs]
141.379: [GC (Allocation Failure) 101414K->9641K(105600K), 0.0004890 secs]
141.424: [GC (Allocation Failure) 97577K->9641K(123072K), 0.0006160 secs]
141.477: [GC (Allocation Failure) 114955K->9641K(118464K), 0.0004910 secs]
141.529: [GC (Allocation Failure) 110467K->9723K(138624K), 0.0009730 secs]
141.590: [GC (Allocation Failure) 130585K->9739K(162688K), 0.0005320 secs]
141.668: [GC (Allocation Failure) 154729K->9739K(156224K), 0.0005380 secs]
141.737: [GC (Allocation Failure) 148249K->9739K(150016K), 0.0005330 secs]
141.801: [GC (Allocation Failure) 142154K->9820K(144192K), 0.0007080 secs]
141.866: [GC (Allocation Failure) 136308K->9836K(138624K), 0.0006220 secs]
141.924: [GC (Allocation Failure) 130721K->9836K(133312K), 0.0005620 secs]
141.979: [GC (Allocation Failure) 125423K->9836K(128192K), 0.0004960 secs]
142.034: [GC (Allocation Failure) 120406K->9918K(123456K), 0.0006990 secs]
142.087: [GC (Allocation Failure) 115665K->9934K(118912K), 0.0005370 secs]
142.136: [GC (Allocation Failure) 111154K->9934K(114560K), 0.0006470 secs]
142.186: [GC (Allocation Failure) 106827K->9934K(110400K), 0.0005350 secs]
142.232: [GC (Allocation Failure) 102673K->10032K(128896K), 0.0006720 secs]
142.287: [GC (Allocation Failure) 121187K->10032K(151040K), 0.0004970 secs]
142.355: [GC (Allocation Failure) 143373K->10032K(145152K), 0.0006880 secs]
142.417: [GC (Allocation Failure) 137482K->10032K(139456K), 0.0005060 secs]
142.476: [GC (Allocation Failure) 131863K->10129K(134208K), 0.0005420 secs]
142.534: [GC (Allocation Failure) 126598K->10129K(129152K), 0.0004980 secs]
142.588: [GC (Allocation Failure) 121572K->10129K(124288K), 0.0006990 secs]
142.644: [GC (Allocation Failure) 116722K->10129K(119616K), 0.0006440 secs]
142.697: [GC (Allocation Failure) 112135K->10227K(115328K), 0.0005410 secs]
142.743: [GC (Allocation Failure) 107804K->10227K(111168K), 0.0004930 secs]
142.788: [GC (Allocation Failure) 103677K->10227K(129792K), 0.0006100 secs]
142.845: [GC (Allocation Failure) 122263K->10227K(152064K), 0.0007990 secs]
142.910: [GC (Allocation Failure) 144598K->10325K(178880K), 0.0006720 secs]
142.993: [GC (Allocation Failure) 171515K->10325K(171584K), 0.0004980 secs]
143.071: [GC (Allocation Failure) 164225K->10325K(164672K), 0.0005490 secs]
143.146: [GC (Allocation Failure) 157246K->10325K(158016K), 0.0005450 secs]
143.217: [GC (Allocation Failure) 150692K->10406K(151808K), 0.0009820 secs]
143.284: [GC (Allocation Failure) 144461K->10422K(145856K), 0.0005030 secs]
143.348: [GC (Allocation Failure) 138610K->10422K(140224K), 0.0005450 secs]
143.408: [GC (Allocation Failure) 132982K->10422K(134784K), 0.0006240 secs]
143.468: [GC (Allocation Failure) 127562K->10520K(129728K), 0.0005360 secs]
143.525: [GC (Allocation Failure) 122535K->10520K(124864K), 0.0006260 secs]
143.577: [GC (Allocation Failure) 117634K->10520K(120256K), 0.0005980 secs]
143.627: [GC (Allocation Failure) 113022K->10520K(115776K), 0.0005000 secs]
143.676: [GC (Allocation Failure) 108690K->10618K(111680K), 0.0006820 secs]
143.725: [GC (Allocation Failure) 104569K->10618K(107712K), 0.0004980 secs]
143.771: [GC (Allocation Failure) 100605K->10618K(125632K), 0.0007030 secs]
143.826: [GC (Allocation Failure) 118560K->10618K(147072K), 0.0006320 secs]
143.891: [GC (Allocation Failure) 140058K->10715K(141440K), 0.0005400 secs]
143.954: [GC (Allocation Failure) 134409K->10715K(136000K), 0.0006150 secs]
144.011: [GC (Allocation Failure) 129045K->10699K(159552K), 0.0007210 secs]
144.083: [GC (Allocation Failure) 152549K->10715K(153152K), 0.0006370 secs]
144.152: [GC (Allocation Failure) 146266K->10813K(147200K), 0.0005330 secs]
144.216: [GC (Allocation Failure) 140263K->10813K(141504K), 0.0005020 secs]
144.277: [GC (Allocation Failure) 134650K->10813K(136064K), 0.0006850 secs]
144.339: [GC (Allocation Failure) 129118K->10813K(130816K), 0.0006380 secs]
144.396: [GC (Allocation Failure) 123936K->10911K(125952K), 0.0005390 secs]
144.447: [GC (Allocation Failure) 119198K->10911K(121280K), 0.0005010 secs]
144.497: [GC (Allocation Failure) 114497K->10911K(116864K), 0.0005410 secs]
144.545: [GC (Allocation Failure) 110054K->10895K(136448K), 0.0007070 secs]
144.604: [GC (Allocation Failure) 129807K->11008K(131392K), 0.0005440 secs]
144.663: [GC (Allocation Failure) 124688K->11008K(126464K), 0.0006900 secs]
144.720: [GC (Allocation Failure) 119797K->11008K(148096K), 0.0006990 secs]
144.792: [GC (Allocation Failure) 141426K->11008K(142272K), 0.0006540 secs]
144.854: [GC (Allocation Failure) 135642K->11106K(136832K), 0.0005410 secs]
144.912: [GC (Allocation Failure) 130254K->11106K(131648K), 0.0005160 secs]
144.967: [GC (Allocation Failure) 125023K->11106K(126720K), 0.0005280 secs]
145.021: [GC (Allocation Failure) 120156K->11106K(121920K), 0.0006390 secs]
145.075: [GC (Allocation Failure) 115418K->11204K(117504K), 0.0005410 secs]
145.125: [GC (Allocation Failure) 111030K->11204K(113216K), 0.0005050 secs]
145.171: [GC (Allocation Failure) 106719K->11204K(109184K), 0.0005420 secs]
145.215: [GC (Allocation Failure) 102688K->11204K(105280K), 0.0005050 secs]
145.257: [GC (Allocation Failure) 98848K->11301K(122752K), 0.0005350 secs]
145.311: [GC (Allocation Failure) 116349K->11301K(143680K), 0.0006310 secs]
145.373: [GC (Allocation Failure) 137307K->11301K(138112K), 0.0005500 secs]
145.431: [GC (Allocation Failure) 131697K->11301K(132800K), 0.0005010 secs]
145.488: [GC (Allocation Failure) 126490K->11399K(127872K), 0.0006140 secs]
145.541: [GC (Allocation Failure) 121573K->11399K(123072K), 0.0004940 secs]
145.594: [GC (Allocation Failure) 116733K->11399K(118528K), 0.0006940 secs]
145.644: [GC (Allocation Failure) 112223K->11399K(114176K), 0.0005070 secs]
145.693: [GC (Allocation Failure) 107898K->11497K(133440K), 0.0006820 secs]
145.751: [GC (Allocation Failure) 127273K->11497K(156480K), 0.0006370 secs]
145.820: [GC (Allocation Failure) 150289K->11497K(150272K), 0.0005590 secs]
145.884: [GC (Allocation Failure) 144102K->11497K(144320K), 0.0005140 secs]
145.951: [GC (Allocation Failure) 138173K->11578K(169536K), 0.0010170 secs]
146.029: [GC (Allocation Failure) 163394K->11594K(162688K), 0.0005040 secs]
146.099: [GC (Allocation Failure) 156584K->11594K(156224K), 0.0005440 secs]
146.167: [GC (Allocation Failure) 150103K->11594K(150016K), 0.0005090 secs]
146.230: [GC (Allocation Failure) 143947K->11692K(144192K), 0.0006760 secs]
146.292: [GC (Allocation Failure) 138193K->11692K(138624K), 0.0005210 secs]
146.350: [GC (Allocation Failure) 132581K->11692K(133312K), 0.0005480 secs]
146.405: [GC (Allocation Failure) 127276K->11692K(128192K), 0.0005100 secs]
146.460: [GC (Allocation Failure) 122261K->11790K(123456K), 0.0005950 secs]
146.513: [GC (Allocation Failure) 117501K->11790K(118912K), 0.0006330 secs]
146.564: [GC (Allocation Failure) 113011K->11790K(139072K), 0.0007190 secs]
146.623: [GC (Allocation Failure) 133189K->11774K(163136K), 0.0007150 secs]
146.697: [GC (Allocation Failure) 157311K->11887K(156736K), 0.0005430 secs]
146.766: [GC (Allocation Failure) 150879K->11871K(150528K), 0.0008390 secs]
146.832: [GC (Allocation Failure) 144734K->11887K(144640K), 0.0005520 secs]
146.892: [GC (Allocation Failure) 138784K->11871K(138944K), 0.0007380 secs]
146.955: [GC (Allocation Failure) 133261K->11985K(133760K), 0.0006770 secs]
147.014: [GC (Allocation Failure) 128026K->11985K(128704K), 0.0006900 secs]
147.069: [GC (Allocation Failure) 123022K->11985K(123904K), 0.0005630 secs]
147.120: [GC (Allocation Failure) 118210K->11985K(119296K), 0.0005230 secs]
147.169: [GC (Allocation Failure) 113602K->12083K(115008K), 0.0005470 secs]
147.216: [GC (Allocation Failure) 109351K->12083K(110848K), 0.0005150 secs]
147.260: [GC (Allocation Failure) 105236K->12083K(129408K), 0.0005780 secs]
147.313: [GC (Allocation Failure) 123825K->12083K(124480K), 0.0005090 secs]
147.364: [GC (Allocation Failure) 118923K->12180K(119936K), 0.0005690 secs]
147.415: [GC (Allocation Failure) 114375K->12180K(115584K), 0.0005550 secs]
147.464: [GC (Allocation Failure) 110062K->12180K(111424K), 0.0005560 secs]
147.512: [GC (Allocation Failure) 105912K->12180K(107392K), 0.0005220 secs]
147.555: [GC (Allocation Failure) 101889K->12278K(125312K), 0.0005410 secs]
147.606: [GC (Allocation Failure) 119889K->12278K(146752K), 0.0005100 secs]
147.672: [GC (Allocation Failure) 141338K->12278K(141056K), 0.0005640 secs]
147.733: [GC (Allocation Failure) 135634K->12278K(135552K), 0.0005050 secs]
147.789: [GC (Allocation Failure) 130216K->12376K(130496K), 0.0005450 secs]
147.850: [GC (Allocation Failure) 125179K->12360K(152960K), 0.0010410 secs]
147.919: [GC (Allocation Failure) 147617K->12376K(146944K), 0.0005660 secs]
147.982: [GC (Allocation Failure) 141632K->12376K(141184K), 0.0005110 secs]
148.044: [GC (Allocation Failure) 135910K->12473K(135808K), 0.0005660 secs]
148.100: [GC (Allocation Failure) 130613K->12457K(130624K), 0.0007220 secs]
148.157: [GC (Allocation Failure) 125375K->12473K(153088K), 0.0007330 secs]
148.223: [GC (Allocation Failure) 147874K->12473K(147008K), 0.0005150 secs]
148.288: [GC (Allocation Failure) 141826K->12571K(141376K), 0.0005500 secs]
148.347: [GC (Allocation Failure) 136216K->12571K(135936K), 0.0005080 secs]
148.404: [GC (Allocation Failure) 130800K->12571K(130752K), 0.0007250 secs]
148.459: [GC (Allocation Failure) 125607K->12571K(125760K), 0.0004960 secs]
148.511: [GC (Allocation Failure) 120682K->12669K(121152K), 0.0005480 secs]
148.561: [GC (Allocation Failure) 116131K->12669K(116736K), 0.0005710 secs]
148.614: [GC (Allocation Failure) 111689K->12669K(112512K), 0.0005530 secs]
148.661: [GC (Allocation Failure) 107441K->12669K(108416K), 0.0005110 secs]
148.706: [GC (Allocation Failure) 103436K->12766K(126528K), 0.0006940 secs]
148.761: [GC (Allocation Failure) 121556K->12766K(148224K), 0.0005160 secs]
148.827: [GC (Allocation Failure) 143270K->12766K(142464K), 0.0006270 secs]
148.891: [GC (Allocation Failure) 137493K->12750K(136832K), 0.0007430 secs]
148.949: [GC (Allocation Failure) 131982K->12864K(131712K), 0.0005410 secs]
149.007: [GC (Allocation Failure) 126856K->12864K(126784K), 0.0005340 secs]
149.063: [GC (Allocation Failure) 121942K->12864K(122048K), 0.0006250 secs]
149.114: [GC (Allocation Failure) 117224K->12864K(117504K), 0.0005170 secs]
149.162: [GC (Allocation Failure) 112712K->12962K(113280K), 0.0005300 secs]
149.210: [GC (Allocation Failure) 108578K->12962K(109248K), 0.0005150 secs]
149.253: [GC (Allocation Failure) 104449K->12962K(105408K), 0.0005560 secs]
149.297: [GC (Allocation Failure) 100692K->12962K(122816K), 0.0005200 secs]
149.350: [GC (Allocation Failure) 118103K->13059K(143808K), 0.0005590 secs]
149.413: [GC (Allocation Failure) 139167K->13059K(138240K), 0.0006420 secs]
149.472: [GC (Allocation Failure) 133564K->13059K(132928K), 0.0005690 secs]
149.529: [GC (Allocation Failure) 128241K->13059K(127872K), 0.0005190 secs]
149.582: [GC (Allocation Failure) 123330K->13157K(123136K), 0.0005580 secs]
149.635: [GC (Allocation Failure) 118612K->13157K(118592K), 0.0005160 secs]
149.686: [GC (Allocation Failure) 114069K->13157K(114304K), 0.0005630 secs]
149.732: [GC (Allocation Failure) 109750K->13157K(133440K), 0.0006630 secs]
149.790: [GC (Allocation Failure) 128906K->13255K(128448K), 0.0005610 secs]
149.844: [GC (Allocation Failure) 124005K->13255K(123648K), 0.0005190 secs]
149.898: [GC (Allocation Failure) 119185K->13255K(119104K), 0.0005600 secs]
149.947: [GC (Allocation Failure) 114650K->13255K(114688K), 0.0005200 secs]
149.996: [GC (Allocation Failure) 110318K->13352K(110656K), 0.0005860 secs]
150.045: [GC (Allocation Failure) 106311K->13352K(129152K), 0.0006690 secs]
150.102: [GC (Allocation Failure) 124802K->13352K(151360K), 0.0007110 secs]
150.171: [GC (Allocation Failure) 147030K->13352K(145344K), 0.0005180 secs]
150.232: [GC (Allocation Failure) 141027K->13450K(139776K), 0.0005830 secs]
150.290: [GC (Allocation Failure) 135529K->13450K(134400K), 0.0005020 secs]
150.346: [GC (Allocation Failure) 130133K->13450K(129280K), 0.0005670 secs]
150.402: [GC (Allocation Failure) 124999K->13450K(124352K), 0.0004940 secs]
150.453: [GC (Allocation Failure) 120178K->13548K(119808K), 0.0005450 secs]
150.501: [GC (Allocation Failure) 115649K->13548K(115456K), 0.0005160 secs]
150.548: [GC (Allocation Failure) 111327K->13548K(111296K), 0.0005500 secs]
150.595: [GC (Allocation Failure) 107103K->13548K(107264K), 0.0005560 secs]
150.641: [GC (Allocation Failure) 103153K->13646K(125184K), 0.0006230 secs]
150.696: [GC (Allocation Failure) 121164K->13646K(146560K), 0.0005240 secs]
150.760: [GC (Allocation Failure) 142508K->13646K(140864K), 0.0006790 secs]
150.821: [GC (Allocation Failure) 136800K->13646K(135360K), 0.0005130 secs]
150.880: [GC (Allocation Failure) 131393K->13743K(130304K), 0.0005880 secs]
150.939: [GC (Allocation Failure) 126356K->13743K(125440K), 0.0006520 secs]
150.994: [GC (Allocation Failure) 121442K->13743K(120768K), 0.0005720 secs]
151.049: [GC (Allocation Failure) 116792K->13727K(141184K), 0.0010990 secs]
151.111: [GC (Allocation Failure) 137332K->13841K(165952K), 0.0005500 secs]
151.185: [GC (Allocation Failure) 162045K->13841K(159296K), 0.0005550 secs]
151.252: [GC (Allocation Failure) 155387K->13841K(152960K), 0.0007900 secs]
151.322: [GC (Allocation Failure) 149059K->13841K(146880K), 0.0006660 secs]
151.385: [GC (Allocation Failure) 143091K->13939K(141248K), 0.0005610 secs]
151.444: [GC (Allocation Failure) 137491K->13939K(135808K), 0.0005240 secs]
151.502: [GC (Allocation Failure) 132067K->13939K(130624K), 0.0005750 secs]
151.558: [GC (Allocation Failure) 126860K->13939K(125632K), 0.0005230 secs]
151.612: [GC (Allocation Failure) 121942K->14036K(121024K), 0.0006450 secs]
151.664: [GC (Allocation Failure) 117355K->14036K(116608K), 0.0005400 secs]
151.714: [GC (Allocation Failure) 112883K->14020K(136320K), 0.0007730 secs]
151.771: [GC (Allocation Failure) 132651K->14036K(131072K), 0.0005180 secs]
151.826: [GC (Allocation Failure) 127418K->14118K(153728K), 0.0007620 secs]
151.893: [GC (Allocation Failure) 150132K->14134K(147712K), 0.0005260 secs]
151.955: [GC (Allocation Failure) 144139K->14134K(141952K), 0.0005830 secs]
152.018: [GC (Allocation Failure) 138379K->14134K(136448K), 0.0005820 secs]
152.079: [GC (Allocation Failure) 132939K->14232K(131328K), 0.0005730 secs]
152.133: [GC (Allocation Failure) 127851K->14232K(126400K), 0.0005190 secs]
152.185: [GC (Allocation Failure) 122940K->14232K(121728K), 0.0005690 secs]
152.235: [GC (Allocation Failure) 118272K->14216K(142336K), 0.0010980 secs]
152.299: [GC (Allocation Failure) 138941K->14329K(167296K), 0.0005650 secs]
152.373: [GC (Allocation Failure) 163896K->14329K(160576K), 0.0005550 secs]
152.441: [GC (Allocation Failure) 157235K->14329K(154176K), 0.0005710 secs]
152.509: [GC (Allocation Failure) 150782K->14329K(148032K), 0.0006620 secs]
152.573: [GC (Allocation Failure) 144675K->14427K(142336K), 0.0005720 secs]
152.635: [GC (Allocation Failure) 139038K->14427K(136832K), 0.0005920 secs]
152.697: [GC (Allocation Failure) 133534K->14427K(131648K), 0.0007300 secs]
152.755: [GC (Allocation Failure) 128323K->14427K(126656K), 0.0005260 secs]
152.807: [GC (Allocation Failure) 123470K->14525K(121984K), 0.0005690 secs]
152.859: [GC (Allocation Failure) 118805K->14525K(142720K), 0.0007890 secs]
152.921: [GC (Allocation Failure) 139515K->14525K(167616K), 0.0007420 secs]
152.997: [GC (Allocation Failure) 164406K->14525K(160832K), 0.0005310 secs]
153.069: [GC (Allocation Failure) 157749K->14622K(154496K), 0.0005720 secs]
153.136: [GC (Allocation Failure) 151410K->14622K(148416K), 0.0007190 secs]
153.202: [GC (Allocation Failure) 145371K->14622K(142656K), 0.0005700 secs]
153.265: [GC (Allocation Failure) 139553K->14622K(137088K), 0.0006790 secs]
153.326: [GC (Allocation Failure) 134036K->14720K(131904K), 0.0005730 secs]
153.380: [GC (Allocation Failure) 128927K->14720K(126912K), 0.0005310 secs]
153.436: [GC (Allocation Failure) 123909K->14720K(148672K), 0.0009440 secs]
153.500: [GC (Allocation Failure) 145639K->14724K(142784K), 0.0005340 secs]
153.565: [GC (Allocation Failure) 139853K->14822K(137344K), 0.0007480 secs]
153.624: [GC (Allocation Failure) 134428K->14822K(132096K), 0.0005270 secs]
153.678: [GC (Allocation Failure) 129224K->14822K(127104K), 0.0005590 secs]
153.733: [GC (Allocation Failure) 124203K->14822K(122304K), 0.0006700 secs]
153.786: [GC (Allocation Failure) 119494K->14903K(143232K), 0.0007690 secs]
153.846: [GC (Allocation Failure) 140412K->14919K(168192K), 0.0005350 secs]
153.918: [GC (Allocation Failure) 165430K->14903K(198144K), 0.0007710 secs]
154.009: [GC (Allocation Failure) 195373K->14919K(189824K), 0.0005290 secs]
154.091: [GC (Allocation Failure) 187052K->15017K(182080K), 0.0005560 secs]
154.173: [GC (Allocation Failure) 179394K->15017K(174656K), 0.0005330 secs]
154.250: [GC (Allocation Failure) 171986K->15017K(167552K), 0.0005700 secs]
154.325: [GC (Allocation Failure) 164818K->15017K(160768K), 0.0005820 secs]
154.395: [GC (Allocation Failure) 158135K->15115K(154432K), 0.0005710 secs]
154.463: [GC (Allocation Failure) 151854K->15115K(148352K), 0.0005860 secs]
154.527: [GC (Allocation Failure) 145749K->15115K(142592K), 0.0005750 secs]
154.588: [GC (Allocation Failure) 139956K->15099K(136960K), 0.0011040 secs]
154.649: [GC (Allocation Failure) 134482K->15212K(131840K), 0.0005610 secs]
154.706: [GC (Allocation Failure) 129323K->15212K(126848K), 0.0005690 secs]
154.758: [GC (Allocation Failure) 124371K->15212K(122112K), 0.0005790 secs]
154.811: [GC (Allocation Failure) 119568K->15212K(117568K), 0.0005260 secs]
154.859: [GC (Allocation Failure) 115144K->15294K(137536K), 0.0007800 secs]
154.917: [GC (Allocation Failure) 135093K->15310K(161408K), 0.0005400 secs]
154.990: [GC (Allocation Failure) 159006K->15310K(155008K), 0.0005630 secs]
155.060: [GC (Allocation Failure) 152601K->15310K(148864K), 0.0007090 secs]
155.125: [GC (Allocation Failure) 146524K->15408K(143104K), 0.0005680 secs]
155.186: [GC (Allocation Failure) 140821K->15408K(137600K), 0.0006840 secs]
155.244: [GC (Allocation Failure) 135308K->15408K(132352K), 0.0005920 secs]
155.303: [GC (Allocation Failure) 130094K->15408K(127296K), 0.0005450 secs]
155.355: [GC (Allocation Failure) 125098K->15505K(122624K), 0.0005700 secs]
155.409: [GC (Allocation Failure) 120409K->15505K(118080K), 0.0005360 secs]
155.461: [GC (Allocation Failure) 115896K->15505K(138048K), 0.0007520 secs]
155.521: [GC (Allocation Failure) 135805K->15505K(132736K), 0.0005390 secs]
155.576: [GC (Allocation Failure) 130595K->15603K(127808K), 0.0005650 secs]
155.629: [GC (Allocation Failure) 125685K->15603K(149760K), 0.0006800 secs]
155.698: [GC (Allocation Failure) 147683K->15587K(176064K), 0.0011080 secs]
155.776: [GC (Allocation Failure) 173945K->15603K(207488K), 0.0005510 secs]
155.869: [GC (Allocation Failure) 205454K->15701K(198848K), 0.0005690 secs]
155.959: [GC (Allocation Failure) 196842K->15701K(190592K), 0.0005380 secs]
156.044: [GC (Allocation Failure) 188614K->15701K(182720K), 0.0005700 secs]
156.132: [GC (Allocation Failure) 180736K->15701K(175168K), 0.0007100 secs]
156.210: [GC (Allocation Failure) 173204K->15798K(168128K), 0.0005650 secs]
156.281: [GC (Allocation Failure) 166200K->15798K(161344K), 0.0005100 secs]
156.356: [GC (Allocation Failure) 159411K->15798K(154944K), 0.0007680 secs]
156.423: [GC (Allocation Failure) 153018K->15798K(148800K), 0.0005150 secs]
156.486: [GC (Allocation Failure) 146908K->15896K(143040K), 0.0005720 secs]
156.548: [GC (Allocation Failure) 141199K->15896K(137536K), 0.0006900 secs]
156.606: [GC (Allocation Failure) 135704K->15896K(132288K), 0.0005560 secs]
156.663: [GC (Allocation Failure) 130440K->15880K(155008K), 0.0011010 secs]
156.732: [GC (Allocation Failure) 153294K->15994K(148992K), 0.0005590 secs]
156.796: [GC (Allocation Failure) 147315K->15994K(143168K), 0.0005840 secs]
156.856: [GC (Allocation Failure) 141400K->15994K(137664K), 0.0006020 secs]
156.914: [GC (Allocation Failure) 135909K->15994K(132352K), 0.0006840 secs]
156.970: [GC (Allocation Failure) 130673K->16091K(127424K), 0.0005820 secs]
157.029: [GC (Allocation Failure) 125814K->16189K(122688K), 0.0006090 secs]
157.080: [GC (Allocation Failure) 121208K->16173K(143616K), 0.0008160 secs]
157.141: [GC (Allocation Failure) 142055K->16189K(168576K), 0.0005400 secs]
157.215: [GC (Allocation Failure) 167101K->16287K(161856K), 0.0005760 secs]
157.284: [GC (Allocation Failure) 160385K->16287K(155392K), 0.0005370 secs]
157.353: [GC (Allocation Failure) 153986K->16287K(149248K), 0.0005800 secs]
157.419: [GC (Allocation Failure) 147802K->16287K(143360K), 0.0005440 secs]
157.479: [GC (Allocation Failure) 141999K->16384K(137856K), 0.0005680 secs]
157.538: [GC (Allocation Failure) 136508K->16384K(132608K), 0.0006950 secs]
157.597: [GC (Allocation Failure) 131290K->16384K(127616K), 0.0007470 secs]
157.651: [GC (Allocation Failure) 126252K->16384K(122816K), 0.0005420 secs]
157.706: [GC (Allocation Failure) 121541K->16482K(118336K), 0.0005790 secs]
157.754: [GC (Allocation Failure) 117110K->16482K(114048K), 0.0005210 secs]
157.807: [GC (Allocation Failure) 112778K->16482K(109952K), 0.0006230 secs]
157.854: [GC (Allocation Failure) 108742K->16482K(128256K), 0.0006130 secs]
157.910: [GC (Allocation Failure) 127044K->16564K(150336K), 0.0008700 secs]
157.976: [GC (Allocation Failure) 149166K->16580K(176704K), 0.0006070 secs]
158.056: [GC (Allocation Failure) 175550K->16580K(169536K), 0.0006040 secs]
158.133: [GC (Allocation Failure) 168369K->16580K(162624K), 0.0006990 secs]
158.206: [GC (Allocation Failure) 161531K->16677K(156224K), 0.0005800 secs]
158.275: [GC (Allocation Failure) 155168K->16677K(150080K), 0.0005460 secs]
158.340: [GC (Allocation Failure) 149064K->16677K(144192K), 0.0005820 secs]
158.402: [GC (Allocation Failure) 143169K->16677K(138560K), 0.0005390 secs]
158.466: [GC (Allocation Failure) 137558K->16759K(162688K), 0.0011370 secs]
158.537: [GC (Allocation Failure) 161753K->16775K(156224K), 0.0005390 secs]
158.603: [GC (Allocation Failure) 155277K->16775K(150080K), 0.0005810 secs]
158.668: [GC (Allocation Failure) 149162K->16775K(144128K), 0.0005630 secs]
158.730: [GC (Allocation Failure) 143252K->16873K(138624K), 0.0007570 secs]
158.793: [GC (Allocation Failure) 137757K->16873K(133312K), 0.0005380 secs]
158.849: [GC (Allocation Failure) 132451K->16873K(128256K), 0.0007490 secs]
158.902: [GC (Allocation Failure) 127436K->16873K(123392K), 0.0005230 secs]
158.952: [GC (Allocation Failure) 122621K->16970K(144512K), 0.0007460 secs]
159.018: [GC (Allocation Failure) 143738K->16970K(169728K), 0.0007000 secs]
159.098: [GC (Allocation Failure) 169033K->16954K(200000K), 0.0011500 secs]
159.190: [GC (Allocation Failure) 199209K->16970K(191616K), 0.0005370 secs]
159.276: [GC (Allocation Failure) 190892K->17068K(183744K), 0.0005840 secs]
159.357: [GC (Allocation Failure) 183101K->17068K(176192K), 0.0005470 secs]
159.434: [GC (Allocation Failure) 175512K->17068K(169024K), 0.0007360 secs]
159.508: [GC (Allocation Failure) 168330K->17068K(162176K), 0.0005450 secs]
159.579: [GC (Allocation Failure) 161549K->17166K(155776K), 0.0007560 secs]
159.647: [GC (Allocation Failure) 155250K->17166K(149632K), 0.0005480 secs]
159.712: [GC (Allocation Failure) 149072K->17166K(143808K), 0.0006570 secs]
159.775: [GC (Allocation Failure) 143260K->17166K(138176K), 0.0007050 secs]
159.834: [GC (Allocation Failure) 137677K->17263K(132928K), 0.0005770 secs]
159.890: [GC (Allocation Failure) 132442K->17263K(127936K), 0.0005410 secs]
159.943: [GC (Allocation Failure) 127526K->17263K(123136K), 0.0005870 secs]
159.994: [GC (Allocation Failure) 122716K->17263K(118528K), 0.0005500 secs]
160.044: [GC (Allocation Failure) 118178K->17361K(138688K), 0.0007520 secs]
160.103: [GC (Allocation Failure) 138346K->17361K(133376K), 0.0005500 secs]
160.159: [GC (Allocation Failure) 133037K->17361K(128320K), 0.0005710 secs]
160.212: [GC (Allocation Failure) 127929K->17361K(123456K), 0.0005320 secs]
160.212: [Full GC (Ergonomics) 17361K->883K(123392K), 0.0065090 secs]
160.269: [GC (Allocation Failure) 106727K->1094K(144384K), 0.0007890 secs]
160.335: [GC (Allocation Failure) 127876K->1094K(138816K), 0.0005500 secs]
160.396: [GC (Allocation Failure) 122265K->1110K(133504K), 0.0004800 secs]
160.454: [GC (Allocation Failure) 116968K->1110K(128384K), 0.0004240 secs]
160.507: [GC (Allocation Failure) 111868K->1208K(123648K), 0.0004800 secs]
160.559: [GC (Allocation Failure) 107249K->1192K(119104K), 0.0007290 secs]
160.610: [GC (Allocation Failure) 102600K->1208K(114752K), 0.0004710 secs]
160.660: [GC (Allocation Failure) 98284K->1208K(110528K), 0.0004350 secs]
160.704: [GC (Allocation Failure) 94170K->1305K(106688K), 0.0004780 secs]
160.747: [GC (Allocation Failure) 90303K->1305K(102976K), 0.0004320 secs]
160.789: [GC (Allocation Failure) 86595K->1305K(99392K), 0.0004640 secs]
160.833: [GC (Allocation Failure) 83038K->1305K(95936K), 0.0005340 secs]
160.873: [GC (Allocation Failure) 79697K->1403K(92800K), 0.0004660 secs]
160.909: [GC (Allocation Failure) 76560K->1403K(107712K), 0.0004310 secs]
160.954: [GC (Allocation Failure) 91500K->1403K(103936K), 0.0005130 secs]
160.999: [GC (Allocation Failure) 87666K->1403K(100288K), 0.0004460 secs]
161.039: [GC (Allocation Failure) 84103K->1501K(96896K), 0.0004710 secs]
161.079: [GC (Allocation Failure) 80770K->1501K(112576K), 0.0004720 secs]
161.127: [GC (Allocation Failure) 96421K->1501K(108544K), 0.0005210 secs]
161.170: [GC (Allocation Failure) 92394K->1501K(104640K), 0.0004420 secs]
161.214: [GC (Allocation Failure) 88565K->1582K(121984K), 0.0007780 secs]
161.266: [GC (Allocation Failure) 105957K->1598K(142720K), 0.0004330 secs]
161.328: [GC (Allocation Failure) 126718K->1598K(137216K), 0.0004790 secs]
161.391: [GC (Allocation Failure) 121207K->1598K(131904K), 0.0005320 secs]
161.449: [GC (Allocation Failure) 115894K->1680K(126976K), 0.0005930 secs]
161.501: [GC (Allocation Failure) 110980K->1696K(122240K), 0.0004290 secs]
161.553: [GC (Allocation Failure) 106266K->1680K(117760K), 0.0005890 secs]
161.604: [GC (Allocation Failure) 101825K->1696K(113408K), 0.0004410 secs]
161.655: [GC (Allocation Failure) 97497K->1794K(109376K), 0.0005790 secs]
161.706: [GC (Allocation Failure) 93528K->1794K(105536K), 0.0005400 secs]
161.748: [GC (Allocation Failure) 89727K->1794K(101824K), 0.0004960 secs]
161.795: [GC (Allocation Failure) 85994K->1794K(98240K), 0.0005460 secs]
161.836: [GC (Allocation Failure) 82417K->1891K(114304K), 0.0005370 secs]
161.882: [GC (Allocation Failure) 98588K->1891K(110208K), 0.0004410 secs]
161.927: [GC (Allocation Failure) 94451K->1891K(106304K), 0.0004810 secs]
161.973: [GC (Allocation Failure) 90582K->1891K(102528K), 0.0005310 secs]
162.015: [GC (Allocation Failure) 86867K->1989K(99072K), 0.0004770 secs]
162.055: [GC (Allocation Failure) 83441K->1989K(115200K), 0.0004390 secs]
162.105: [GC (Allocation Failure) 99564K->1989K(111040K), 0.0005830 secs]
162.153: [GC (Allocation Failure) 95339K->1989K(107008K), 0.0004350 secs]
162.196: [GC (Allocation Failure) 91405K->2087K(124800K), 0.0005740 secs]
162.250: [GC (Allocation Failure) 109211K->2087K(120192K), 0.0004410 secs]
162.304: [GC (Allocation Failure) 104677K->2087K(115776K), 0.0005770 secs]
162.353: [GC (Allocation Failure) 100250K->2087K(111552K), 0.0004360 secs]
162.401: [GC (Allocation Failure) 96028K->2184K(107648K), 0.0005810 secs]
162.445: [GC (Allocation Failure) 92196K->2184K(103872K), 0.0004210 secs]
162.488: [GC (Allocation Failure) 88455K->2184K(100288K), 0.0005860 secs]
162.530: [GC (Allocation Failure) 84812K->2184K(96768K), 0.0004330 secs]
162.571: [GC (Allocation Failure) 81373K->2282K(93568K), 0.0004730 secs]
162.609: [GC (Allocation Failure) 78223K->2282K(90496K), 0.0004210 secs]
162.644: [GC (Allocation Failure) 75162K->2282K(104960K), 0.0004990 secs]
162.693: [GC (Allocation Failure) 89635K->2282K(101248K), 0.0004350 secs]
162.735: [GC (Allocation Failure) 85992K->2380K(117888K), 0.0005820 secs]
162.784: [GC (Allocation Failure) 102620K->2380K(113600K), 0.0004470 secs]
162.832: [GC (Allocation Failure) 98289K->2380K(109504K), 0.0004700 secs]
162.876: [GC (Allocation Failure) 94237K->2380K(127680K), 0.0005600 secs]
162.934: [GC (Allocation Failure) 112434K->2478K(149568K), 0.0006810 secs]
163.003: [GC (Allocation Failure) 134433K->2478K(143744K), 0.0004640 secs]
163.067: [GC (Allocation Failure) 128537K->2478K(138176K), 0.0005380 secs]
163.125: [GC (Allocation Failure) 122970K->2478K(132800K), 0.0004470 secs]
163.181: [GC (Allocation Failure) 117655K->2575K(127872K), 0.0004720 secs]
163.234: [GC (Allocation Failure) 112844K->2575K(123072K), 0.0005640 secs]
163.288: [GC (Allocation Failure) 107978K->2575K(118528K), 0.0005510 secs]
163.338: [GC (Allocation Failure) 103501K->2575K(114176K), 0.0004430 secs]
163.384: [GC (Allocation Failure) 99174K->2673K(110144K), 0.0005000 secs]
163.428: [GC (Allocation Failure) 95146K->2673K(106240K), 0.0004520 secs]
163.473: [GC (Allocation Failure) 91310K->2673K(102528K), 0.0004880 secs]
163.516: [GC (Allocation Failure) 87561K->2673K(98944K), 0.0005440 secs]
163.555: [GC (Allocation Failure) 84030K->2771K(95616K), 0.0004710 secs]
163.593: [GC (Allocation Failure) 80769K->2755K(111104K), 0.0005610 secs]
163.638: [GC (Allocation Failure) 96206K->2771K(129664K), 0.0004850 secs]
163.695: [GC (Allocation Failure) 114806K->2771K(124736K), 0.0004790 secs]
163.746: [GC (Allocation Failure) 109906K->2868K(120192K), 0.0004800 secs]
163.797: [GC (Allocation Failure) 105383K->2868K(115776K), 0.0004700 secs]
163.853: [GC (Allocation Failure) 100997K->2868K(111616K), 0.0006170 secs]
163.900: [GC (Allocation Failure) 96794K->2868K(107584K), 0.0004670 secs]
163.943: [GC (Allocation Failure) 92878K->2966K(103872K), 0.0004890 secs]
163.987: [GC (Allocation Failure) 89142K->2966K(100288K), 0.0004470 secs]
164.030: [GC (Allocation Failure) 85596K->2966K(116672K), 0.0006100 secs]
164.078: [GC (Allocation Failure) 102022K->2966K(112384K), 0.0004260 secs]
164.124: [GC (Allocation Failure) 97793K->3064K(108416K), 0.0004840 secs]
164.171: [GC (Allocation Failure) 93840K->3064K(104576K), 0.0004480 secs]
164.213: [GC (Allocation Failure) 90007K->3064K(100928K), 0.0004840 secs]
164.255: [GC (Allocation Failure) 86328K->3064K(117376K), 0.0005460 secs]
164.305: [GC (Allocation Failure) 102811K->3161K(113152K), 0.0004800 secs]
164.351: [GC (Allocation Failure) 98645K->3161K(132096K), 0.0005610 secs]
164.409: [GC (Allocation Failure) 117626K->3161K(127104K), 0.0005940 secs]
164.463: [GC (Allocation Failure) 112627K->3161K(122304K), 0.0004530 secs]
164.514: [GC (Allocation Failure) 107918K->3259K(117888K), 0.0004680 secs]
164.563: [GC (Allocation Failure) 103543K->3259K(113600K), 0.0004530 secs]
164.611: [GC (Allocation Failure) 99255K->3259K(109504K), 0.0004890 secs]
164.657: [GC (Allocation Failure) 95121K->3259K(105536K), 0.0004890 secs]
164.701: [GC (Allocation Failure) 91198K->3357K(101888K), 0.0004850 secs]
164.744: [GC (Allocation Failure) 87635K->3357K(98368K), 0.0004500 secs]
164.787: [GC (Allocation Failure) 84117K->3357K(114368K), 0.0006070 secs]
164.834: [GC (Allocation Failure) 100053K->3357K(110208K), 0.0004520 secs]
164.880: [GC (Allocation Failure) 96014K->3438K(128640K), 0.0007170 secs]
164.935: [GC (Allocation Failure) 114391K->3454K(150592K), 0.0004480 secs]
165.001: [GC (Allocation Failure) 136422K->3454K(144704K), 0.0004840 secs]
165.068: [GC (Allocation Failure) 130526K->3454K(139008K), 0.0004520 secs]
165.128: [GC (Allocation Failure) 124909K->3552K(133760K), 0.0004970 secs]
165.186: [GC (Allocation Failure) 119624K->3536K(128704K), 0.0006660 secs]
165.239: [GC (Allocation Failure) 114588K->3552K(123904K), 0.0004970 secs]
165.293: [GC (Allocation Failure) 109775K->3552K(119232K), 0.0004580 secs]
165.341: [GC (Allocation Failure) 105167K->3650K(114944K), 0.0004830 secs]
165.389: [GC (Allocation Failure) 100932K->3650K(110784K), 0.0004750 secs]
165.439: [GC (Allocation Failure) 96803K->3634K(129280K), 0.0008490 secs]
165.496: [GC (Allocation Failure) 115257K->3650K(124352K), 0.0004540 secs]
165.553: [GC (Allocation Failure) 110463K->3747K(119808K), 0.0006010 secs]
165.605: [GC (Allocation Failure) 105945K->3747K(115456K), 0.0004520 secs]
165.654: [GC (Allocation Failure) 101595K->3747K(111296K), 0.0005460 secs]
165.702: [GC (Allocation Failure) 97399K->3747K(107264K), 0.0004520 secs]
165.745: [GC (Allocation Failure) 93447K->3845K(103552K), 0.0005960 secs]
165.789: [GC (Allocation Failure) 89706K->3845K(99968K), 0.0004500 secs]
165.831: [GC (Allocation Failure) 86183K->3845K(116288K), 0.0005340 secs]
165.881: [GC (Allocation Failure) 102507K->3845K(112000K), 0.0004790 secs]
165.927: [GC (Allocation Failure) 98254K->3943K(108032K), 0.0004840 secs]
165.979: [GC (Allocation Failure) 94343K->3943K(104256K), 0.0005640 secs]
166.023: [GC (Allocation Failure) 90561K->3943K(121408K), 0.0006050 secs]
166.073: [GC (Allocation Failure) 107733K->3943K(116864K), 0.0004490 secs]
166.121: [GC (Allocation Failure) 103202K->4040K(112704K), 0.0004850 secs]
166.166: [GC (Allocation Failure) 99067K->4040K(108672K), 0.0004530 secs]
166.211: [GC (Allocation Failure) 95028K->4040K(104832K), 0.0005010 secs]
166.257: [GC (Allocation Failure) 91264K->4040K(101120K), 0.0005480 secs]
166.304: [GC (Allocation Failure) 87536K->4138K(117824K), 0.0008720 secs]
166.355: [GC (Allocation Failure) 104269K->4138K(137728K), 0.0004600 secs]
166.416: [GC (Allocation Failure) 124217K->4138K(161536K), 0.0006290 secs]
166.487: [GC (Allocation Failure) 147994K->4138K(155008K), 0.0004650 secs]
166.556: [GC (Allocation Failure) 141520K->4236K(148928K), 0.0005450 secs]
166.619: [GC (Allocation Failure) 135557K->4236K(143104K), 0.0004530 secs]
166.679: [GC (Allocation Failure) 129729K->4220K(137600K), 0.0006400 secs]
166.737: [GC (Allocation Failure) 124210K->4236K(132288K), 0.0004590 secs]
166.797: [GC (Allocation Failure) 118913K->4333K(127360K), 0.0006000 secs]
166.850: [GC (Allocation Failure) 114009K->4333K(122624K), 0.0004510 secs]
166.900: [GC (Allocation Failure) 109296K->4333K(118080K), 0.0005190 secs]
166.948: [GC (Allocation Failure) 104771K->4333K(113728K), 0.0004750 secs]
166.998: [GC (Allocation Failure) 100509K->4415K(132864K), 0.0008490 secs]
167.055: [GC (Allocation Failure) 119679K->4431K(127872K), 0.0004690 secs]
167.107: [GC (Allocation Failure) 114617K->4431K(123072K), 0.0004910 secs]
167.159: [GC (Allocation Failure) 109826K->4431K(118464K), 0.0005710 secs]
167.210: [GC (Allocation Failure) 105352K->4529K(114240K), 0.0005280 secs]
167.256: [GC (Allocation Failure) 101140K->4529K(110144K), 0.0004810 secs]
167.301: [GC (Allocation Failure) 96997K->4529K(106240K), 0.0004960 secs]
167.345: [GC (Allocation Failure) 93156K->4529K(102464K), 0.0004780 secs]
167.386: [GC (Allocation Failure) 89414K->4626K(99008K), 0.0004760 secs]
167.432: [GC (Allocation Failure) 85973K->4626K(115200K), 0.0007120 secs]
167.483: [GC (Allocation Failure) 102186K->4626K(134528K), 0.0006410 secs]
167.541: [GC (Allocation Failure) 121544K->4626K(157632K), 0.0004540 secs]
167.612: [GC (Allocation Failure) 144659K->4724K(151424K), 0.0004970 secs]
167.677: [GC (Allocation Failure) 138492K->4724K(145472K), 0.0005620 secs]
167.742: [GC (Allocation Failure) 132584K->4724K(139840K), 0.0004940 secs]
167.800: [GC (Allocation Failure) 126885K->4724K(134400K), 0.0004590 secs]
167.858: [GC (Allocation Failure) 121536K->4822K(129344K), 0.0005270 secs]
167.912: [GC (Allocation Failure) 116472K->4822K(124480K), 0.0004680 secs]
167.963: [GC (Allocation Failure) 111700K->4822K(119872K), 0.0008020 secs]
168.014: [GC (Allocation Failure) 107010K->4822K(115456K), 0.0005640 secs]
168.064: [GC (Allocation Failure) 102698K->4919K(111360K), 0.0005710 secs]
168.112: [GC (Allocation Failure) 98648K->4919K(107392K), 0.0005060 secs]
168.158: [GC (Allocation Failure) 94624K->4919K(103616K), 0.0005460 secs]
168.201: [GC (Allocation Failure) 90886K->4919K(99968K), 0.0004570 secs]
168.243: [GC (Allocation Failure) 87350K->5017K(116352K), 0.0005330 secs]
168.292: [GC (Allocation Failure) 103753K->5017K(135936K), 0.0005600 secs]
168.349: [GC (Allocation Failure) 123262K->5017K(130752K), 0.0005010 secs]
168.408: [GC (Allocation Failure) 118130K->5001K(153024K), 0.0008600 secs]
168.476: [GC (Allocation Failure) 140530K->5115K(147136K), 0.0004890 secs]
168.543: [GC (Allocation Failure) 134570K->5115K(141440K), 0.0006010 secs]
168.602: [GC (Allocation Failure) 128950K->5115K(136000K), 0.0005010 secs]
168.662: [GC (Allocation Failure) 123444K->5115K(130752K), 0.0004960 secs]
168.720: [GC (Allocation Failure) 118242K->5212K(125888K), 0.0006210 secs]
168.773: [GC (Allocation Failure) 113412K->5212K(121216K), 0.0004710 secs]
168.826: [GC (Allocation Failure) 108785K->5212K(116736K), 0.0005030 secs]
168.875: [GC (Allocation Failure) 104267K->5212K(112448K), 0.0004990 secs]
168.920: [GC (Allocation Failure) 100046K->5310K(108480K), 0.0005770 secs]
168.965: [GC (Allocation Failure) 96100K->5310K(104640K), 0.0004710 secs]
169.010: [GC (Allocation Failure) 92333K->5294K(121920K), 0.0008870 secs]
169.065: [GC (Allocation Failure) 109520K->5310K(142528K), 0.0005700 secs]
169.128: [GC (Allocation Failure) 130233K->5408K(167360K), 0.0006210 secs]
169.205: [GC (Allocation Failure) 155125K->5408K(160640K), 0.0004650 secs]
169.274: [GC (Allocation Failure) 148433K->5408K(154240K), 0.0006160 secs]
169.340: [GC (Allocation Failure) 141953K->5408K(148096K), 0.0004800 secs]
169.408: [GC (Allocation Failure) 135936K->5505K(142400K), 0.0006580 secs]
169.472: [GC (Allocation Failure) 130294K->5505K(136896K), 0.0005740 secs]
169.533: [GC (Allocation Failure) 124729K->5505K(131648K), 0.0005040 secs]
169.588: [GC (Allocation Failure) 119511K->5505K(126592K), 0.0004520 secs]
169.640: [GC (Allocation Failure) 114493K->5603K(121920K), 0.0005020 secs]
169.695: [GC (Allocation Failure) 109853K->5587K(117440K), 0.0008350 secs]
169.746: [GC (Allocation Failure) 105340K->5603K(113152K), 0.0005070 secs]
169.794: [GC (Allocation Failure) 101130K->5603K(109056K), 0.0004650 secs]
169.841: [GC (Allocation Failure) 97078K->5701K(105280K), 0.0005520 secs]
169.886: [GC (Allocation Failure) 93333K->5701K(101632K), 0.0005360 secs]
169.928: [GC (Allocation Failure) 89703K->5701K(118272K), 0.0005270 secs]
169.976: [GC (Allocation Failure) 106321K->5701K(113920K), 0.0004760 secs]
170.025: [GC (Allocation Failure) 102084K->5798K(109888K), 0.0005080 secs]
170.069: [GC (Allocation Failure) 98049K->5798K(128192K), 0.0005710 secs]
170.125: [GC (Allocation Failure) 116340K->5798K(123392K), 0.0005060 secs]
170.176: [GC (Allocation Failure) 111537K->5798K(118784K), 0.0004770 secs]
170.226: [GC (Allocation Failure) 107004K->5896K(114496K), 0.0005450 secs]
170.274: [GC (Allocation Failure) 102776K->5896K(133696K), 0.0006050 secs]
170.331: [GC (Allocation Failure) 121932K->5896K(128640K), 0.0005160 secs]
170.389: [GC (Allocation Failure) 116855K->5896K(123776K), 0.0005770 secs]
170.442: [GC (Allocation Failure) 112076K->5994K(119232K), 0.0005090 secs]
170.493: [GC (Allocation Failure) 107602K->5994K(114880K), 0.0004690 secs]
170.542: [GC (Allocation Failure) 103181K->5994K(110720K), 0.0005630 secs]
170.587: [GC (Allocation Failure) 99044K->5994K(106752K), 0.0004710 secs]
170.632: [GC (Allocation Failure) 95116K->6091K(124480K), 0.0006520 secs]
170.683: [GC (Allocation Failure) 112920K->6091K(119872K), 0.0004700 secs]
170.732: [GC (Allocation Failure) 108305K->6091K(115520K), 0.0005110 secs]
170.778: [GC (Allocation Failure) 103941K->6091K(111296K), 0.0004690 secs]
170.827: [GC (Allocation Failure) 99816K->6189K(129920K), 0.0006430 secs]
170.885: [GC (Allocation Failure) 118433K->6189K(125056K), 0.0004620 secs]
170.939: [GC (Allocation Failure) 113570K->6189K(120448K), 0.0005150 secs]
170.988: [GC (Allocation Failure) 108971K->6189K(115968K), 0.0004860 secs]
171.035: [GC (Allocation Failure) 104555K->6287K(111808K), 0.0005110 secs]
171.084: [GC (Allocation Failure) 100405K->6287K(107840K), 0.0004810 secs]
171.129: [GC (Allocation Failure) 96493K->6287K(104064K), 0.0005570 secs]
171.171: [GC (Allocation Failure) 92730K->6287K(100416K), 0.0004740 secs]
171.211: [GC (Allocation Failure) 89117K->6384K(116864K), 0.0005060 secs]
171.258: [GC (Allocation Failure) 105634K->6384K(112640K), 0.0004740 secs]
171.306: [GC (Allocation Failure) 101385K->6384K(108608K), 0.0005090 secs]
171.350: [GC (Allocation Failure) 97343K->6384K(104704K), 0.0004820 secs]
171.395: [GC (Allocation Failure) 93537K->6482K(101120K), 0.0005000 secs]
171.436: [GC (Allocation Failure) 89907K->6482K(117632K), 0.0006080 secs]
171.487: [GC (Allocation Failure) 106510K->6482K(137472K), 0.0005140 secs]
171.547: [GC (Allocation Failure) 126302K->6482K(132160K), 0.0004680 secs]
171.606: [GC (Allocation Failure) 121073K->6564K(154944K), 0.0007640 secs]
171.680: [GC (Allocation Failure) 143883K->6580K(148864K), 0.0004980 secs]
171.745: [GC (Allocation Failure) 137803K->6580K(143040K), 0.0005120 secs]
171.804: [GC (Allocation Failure) 132000K->6580K(137472K), 0.0004840 secs]
171.863: [GC (Allocation Failure) 126473K->6677K(132288K), 0.0005090 secs]
171.920: [GC (Allocation Failure) 121343K->6677K(127296K), 0.0004710 secs]
171.972: [GC (Allocation Failure) 116345K->6677K(122560K), 0.0005900 secs]
172.027: [GC (Allocation Failure) 111632K->6677K(117952K), 0.0005110 secs]
172.076: [GC (Allocation Failure) 107074K->6775K(113728K), 0.0006570 secs]
172.125: [GC (Allocation Failure) 102871K->6775K(109632K), 0.0005190 secs]
172.169: [GC (Allocation Failure) 98745K->6775K(105728K), 0.0005170 secs]
172.219: [GC (Allocation Failure) 94812K->6775K(123136K), 0.0005970 secs]
172.272: [GC (Allocation Failure) 112297K->6873K(118656K), 0.0005160 secs]
172.323: [GC (Allocation Failure) 107895K->6873K(114304K), 0.0004820 secs]
172.371: [GC (Allocation Failure) 103561K->6873K(110208K), 0.0005560 secs]
172.416: [GC (Allocation Failure) 99448K->6857K(128448K), 0.0006560 secs]
172.470: [GC (Allocation Failure) 117794K->6970K(123776K), 0.0005060 secs]
172.525: [GC (Allocation Failure) 113108K->6970K(119232K), 0.0006210 secs]
172.575: [GC (Allocation Failure) 108550K->6970K(139392K), 0.0006300 secs]
172.638: [GC (Allocation Failure) 128721K->6970K(134016K), 0.0005950 secs]
172.699: [GC (Allocation Failure) 123417K->7068K(129024K), 0.0006360 secs]
172.753: [GC (Allocation Failure) 118418K->7068K(124160K), 0.0005490 secs]
172.807: [GC (Allocation Failure) 113588K->7052K(145280K), 0.0009220 secs]
172.872: [GC (Allocation Failure) 134729K->7068K(170496K), 0.0005770 secs]
172.948: [GC (Allocation Failure) 159940K->7166K(163648K), 0.0006340 secs]
173.020: [GC (Allocation Failure) 153211K->7166K(157120K), 0.0004920 secs]
173.091: [GC (Allocation Failure) 146600K->7166K(150912K), 0.0006460 secs]
173.155: [GC (Allocation Failure) 140445K->7166K(144960K), 0.0004640 secs]
173.216: [GC (Allocation Failure) 134520K->7263K(139392K), 0.0005360 secs]
173.274: [GC (Allocation Failure) 129051K->7263K(134080K), 0.0004720 secs]
173.330: [GC (Allocation Failure) 123726K->7263K(129024K), 0.0005170 secs]
173.383: [GC (Allocation Failure) 118669K->7263K(124096K), 0.0005300 secs]
173.437: [GC (Allocation Failure) 113741K->7361K(119552K), 0.0006490 secs]
173.487: [GC (Allocation Failure) 109247K->7361K(115200K), 0.0004750 secs]
173.537: [GC (Allocation Failure) 104931K->7361K(111040K), 0.0005760 secs]
173.582: [GC (Allocation Failure) 100799K->7361K(107008K), 0.0004790 secs]
173.625: [GC (Allocation Failure) 96823K->7459K(103296K), 0.0005110 secs]
173.666: [GC (Allocation Failure) 93132K->7459K(99712K), 0.0004680 secs]
173.707: [GC (Allocation Failure) 89493K->7459K(115968K), 0.0005680 secs]
173.756: [GC (Allocation Failure) 105821K->7459K(135424K), 0.0004720 secs]
173.811: [GC (Allocation Failure) 125286K->7540K(158848K), 0.0006700 secs]
173.882: [GC (Allocation Failure) 148751K->7556K(152512K), 0.0004800 secs]
173.948: [GC (Allocation Failure) 142386K->7556K(146496K), 0.0005200 secs]
174.012: [GC (Allocation Failure) 136414K->7556K(140736K), 0.0004730 secs]
174.073: [GC (Allocation Failure) 130702K->7654K(135360K), 0.0006390 secs]
174.130: [GC (Allocation Failure) 125411K->7654K(130240K), 0.0004750 secs]
174.186: [GC (Allocation Failure) 120287K->7654K(125376K), 0.0005140 secs]
174.241: [GC (Allocation Failure) 115371K->7638K(120576K), 0.0006570 secs]
174.294: [GC (Allocation Failure) 110717K->7752K(116288K), 0.0005150 secs]
174.343: [GC (Allocation Failure) 106416K->7752K(112064K), 0.0005550 secs]
174.389: [GC (Allocation Failure) 102176K->7752K(108032K), 0.0006450 secs]
174.434: [GC (Allocation Failure) 98150K->7752K(104192K), 0.0004820 secs]
174.479: [GC (Allocation Failure) 94312K->7849K(100608K), 0.0005130 secs]
174.519: [GC (Allocation Failure) 90786K->7849K(117056K), 0.0004690 secs]
174.567: [GC (Allocation Failure) 107288K->7849K(136768K), 0.0006380 secs]
174.626: [GC (Allocation Failure) 126972K->7849K(131520K), 0.0004780 secs]
174.684: [GC (Allocation Failure) 121831K->7947K(126656K), 0.0006760 secs]
174.739: [GC (Allocation Failure) 116942K->7951K(121920K), 0.0005950 secs]
174.794: [GC (Allocation Failure) 112217K->7951K(117440K), 0.0006530 secs]
174.845: [GC (Allocation Failure) 107781K->7951K(113088K), 0.0004800 secs]
174.891: [GC (Allocation Failure) 103429K->8049K(109120K), 0.0005180 secs]
174.937: [GC (Allocation Failure) 99528K->8049K(105280K), 0.0004760 secs]
174.979: [GC (Allocation Failure) 95693K->8049K(122624K), 0.0005930 secs]
175.029: [GC (Allocation Failure) 113017K->8049K(143360K), 0.0004810 secs]
175.093: [GC (Allocation Failure) 133855K->8146K(137856K), 0.0005200 secs]
175.154: [GC (Allocation Failure) 128322K->8146K(132608K), 0.0004870 secs]
175.209: [GC (Allocation Failure) 123137K->8146K(127616K), 0.0005180 secs]
175.264: [GC (Allocation Failure) 118088K->8130K(122752K), 0.0006880 secs]
175.319: [GC (Allocation Failure) 113386K->8244K(118336K), 0.0006370 secs]
175.368: [GC (Allocation Failure) 108979K->8244K(114048K), 0.0005360 secs]
175.416: [GC (Allocation Failure) 104633K->8244K(109952K), 0.0005370 secs]
175.461: [GC (Allocation Failure) 100575K->8244K(105984K), 0.0004830 secs]
175.506: [GC (Allocation Failure) 96652K->8342K(123584K), 0.0005670 secs]
175.559: [GC (Allocation Failure) 114246K->8342K(119040K), 0.0004850 secs]
175.610: [GC (Allocation Failure) 109740K->8342K(114688K), 0.0005280 secs]
175.662: [GC (Allocation Failure) 105428K->8326K(133824K), 0.0009260 secs]
175.720: [GC (Allocation Failure) 124677K->8439K(156992K), 0.0005380 secs]
175.786: [GC (Allocation Failure) 147817K->8439K(150784K), 0.0005130 secs]
175.853: [GC (Allocation Failure) 141532K->8439K(144896K), 0.0005680 secs]
175.918: [GC (Allocation Failure) 135668K->8439K(139200K), 0.0005330 secs]
175.979: [GC (Allocation Failure) 130017K->8537K(133952K), 0.0006560 secs]
176.037: [GC (Allocation Failure) 124795K->8521K(128896K), 0.0007280 secs]
176.091: [GC (Allocation Failure) 119763K->8537K(124096K), 0.0006780 secs]
176.144: [GC (Allocation Failure) 114946K->8537K(119424K), 0.0004850 secs]
176.193: [GC (Allocation Failure) 110410K->8635K(115136K), 0.0005270 secs]
176.240: [GC (Allocation Failure) 106114K->8635K(110976K), 0.0004800 secs]
176.287: [GC (Allocation Failure) 101953K->8635K(107008K), 0.0005930 secs]
176.332: [GC (Allocation Failure) 97950K->8635K(124672K), 0.0005210 secs]
176.384: [GC (Allocation Failure) 115742K->8733K(120128K), 0.0005310 secs]
176.433: [GC (Allocation Failure) 111222K->8733K(115712K), 0.0004830 secs]
176.482: [GC (Allocation Failure) 106810K->8733K(111552K), 0.0005800 secs]
176.527: [GC (Allocation Failure) 102647K->8733K(107520K), 0.0004940 secs]
176.571: [GC (Allocation Failure) 98642K->8830K(125440K), 0.0006500 secs]
176.625: [GC (Allocation Failure) 116642K->8830K(146752K), 0.0004860 secs]
176.692: [GC (Allocation Failure) 137892K->8830K(141056K), 0.0006800 secs]
176.754: [GC (Allocation Failure) 132277K->8830K(135552K), 0.0004650 secs]
176.814: [GC (Allocation Failure) 126768K->8928K(130432K), 0.0005200 secs]
176.871: [GC (Allocation Failure) 121744K->8928K(125504K), 0.0004900 secs]
176.922: [GC (Allocation Failure) 116746K->8928K(120832K), 0.0005270 secs]
176.973: [GC (Allocation Failure) 112086K->8928K(116352K), 0.0006100 secs]
177.022: [GC (Allocation Failure) 107668K->9026K(112192K), 0.0005310 secs]
177.072: [GC (Allocation Failure) 103530K->9026K(108160K), 0.0006120 secs]
177.120: [GC (Allocation Failure) 99495K->9026K(104320K), 0.0005270 secs]
177.163: [GC (Allocation Failure) 95671K->9026K(121408K), 0.0004910 secs]
177.216: [GC (Allocation Failure) 112801K->9123K(116992K), 0.0005270 secs]
177.263: [GC (Allocation Failure) 108474K->9123K(112768K), 0.0004910 secs]
177.311: [GC (Allocation Failure) 104237K->9107K(131648K), 0.0009640 secs]
177.368: [GC (Allocation Failure) 123131K->9123K(154176K), 0.0004830 secs]
177.436: [GC (Allocation Failure) 145752K->9221K(181248K), 0.0005980 secs]
177.519: [GC (Allocation Failure) 172830K->9221K(173824K), 0.0006180 secs]
177.597: [GC (Allocation Failure) 165414K->9221K(166784K), 0.0005280 secs]
177.673: [GC (Allocation Failure) 158332K->9221K(160000K), 0.0005330 secs]
177.741: [GC (Allocation Failure) 151657K->9319K(153728K), 0.0005140 secs]
177.809: [GC (Allocation Failure) 145434K->9319K(147648K), 0.0006120 secs]
177.871: [GC (Allocation Failure) 139357K->9319K(141888K), 0.0005320 secs]
177.931: [GC (Allocation Failure) 133554K->9319K(136384K), 0.0006140 secs]
177.992: [GC (Allocation Failure) 128113K->9416K(131264K), 0.0006510 secs]
178.050: [GC (Allocation Failure) 123016K->9400K(153792K), 0.0009780 secs]
178.119: [GC (Allocation Failure) 145512K->9416K(147712K), 0.0005820 secs]
178.186: [GC (Allocation Failure) 139520K->9416K(141888K), 0.0004890 secs]
178.248: [GC (Allocation Failure) 133758K->9514K(136512K), 0.0005360 secs]
178.309: [GC (Allocation Failure) 128342K->9514K(131328K), 0.0006210 secs]
178.365: [GC (Allocation Failure) 123225K->9514K(126400K), 0.0005290 secs]
178.420: [GC (Allocation Failure) 118278K->9514K(121664K), 0.0006260 secs]
178.471: [GC (Allocation Failure) 113590K->9612K(117248K), 0.0005260 secs]
178.518: [GC (Allocation Failure) 109257K->9612K(113024K), 0.0004900 secs]
178.567: [GC (Allocation Failure) 105035K->9612K(108992K), 0.0005810 secs]
178.613: [GC (Allocation Failure) 100998K->9612K(105088K), 0.0005090 secs]
178.655: [GC (Allocation Failure) 97159K->9709K(122496K), 0.0005290 secs]
178.705: [GC (Allocation Failure) 114559K->9709K(118016K), 0.0005050 secs]
178.753: [GC (Allocation Failure) 110094K->9709K(137920K), 0.0006770 secs]
178.814: [GC (Allocation Failure) 129999K->9709K(132608K), 0.0005050 secs]
178.868: [GC (Allocation Failure) 124699K->9807K(127680K), 0.0005400 secs]
178.924: [GC (Allocation Failure) 119852K->9807K(122944K), 0.0006480 secs]
178.975: [GC (Allocation Failure) 115059K->9807K(118400K), 0.0005340 secs]
179.026: [GC (Allocation Failure) 110595K->9807K(114048K), 0.0005000 secs]
179.077: [GC (Allocation Failure) 106267K->9905K(110016K), 0.0005810 secs]
179.122: [GC (Allocation Failure) 102266K->9905K(106112K), 0.0004940 secs]
179.164: [GC (Allocation Failure) 98339K->9905K(123648K), 0.0005540 secs]
179.215: [GC (Allocation Failure) 115896K->9905K(144576K), 0.0004980 secs]
179.278: [GC (Allocation Failure) 136891K->10002K(139008K), 0.0005330 secs]
179.340: [GC (Allocation Failure) 131350K->10002K(133696K), 0.0004970 secs]
179.397: [GC (Allocation Failure) 126078K->9986K(128640K), 0.0007080 secs]
179.457: [GC (Allocation Failure) 120938K->9986K(150464K), 0.0009690 secs]
179.529: [GC (Allocation Failure) 142961K->10100K(176896K), 0.0006810 secs]
179.609: [GC (Allocation Failure) 169308K->10100K(169728K), 0.0005800 secs]
179.684: [GC (Allocation Failure) 162176K->10100K(162880K), 0.0005430 secs]
179.757: [GC (Allocation Failure) 155291K->10100K(156288K), 0.0004950 secs]
179.826: [GC (Allocation Failure) 148793K->10198K(150144K), 0.0005390 secs]
179.892: [GC (Allocation Failure) 142683K->10198K(144256K), 0.0005100 secs]
179.953: [GC (Allocation Failure) 136786K->10198K(138688K), 0.0005420 secs]
180.012: [GC (Allocation Failure) 131189K->10198K(133312K), 0.0005250 secs]
180.068: [GC (Allocation Failure) 125878K->10295K(128320K), 0.0005320 secs]
180.122: [GC (Allocation Failure) 120962K->10295K(123520K), 0.0006160 secs]
180.175: [GC (Allocation Failure) 116144K->10295K(118976K), 0.0005460 secs]
180.223: [GC (Allocation Failure) 111616K->10295K(114560K), 0.0005000 secs]
180.269: [GC (Allocation Failure) 107284K->10393K(110528K), 0.0005330 secs]
180.315: [GC (Allocation Failure) 103253K->10393K(128960K), 0.0006220 secs]
180.372: [GC (Allocation Failure) 121656K->10393K(124160K), 0.0005220 secs]
180.427: [GC (Allocation Failure) 116926K->10393K(119488K), 0.0006320 secs]
180.477: [GC (Allocation Failure) 112288K->10491K(115200K), 0.0005310 secs]
180.524: [GC (Allocation Failure) 108073K->10491K(111040K), 0.0005130 secs]
180.568: [GC (Allocation Failure) 103842K->10491K(129536K), 0.0006310 secs]
180.625: [GC (Allocation Failure) 122401K->10491K(151616K), 0.0006290 secs]
180.693: [GC (Allocation Failure) 144527K->10588K(178176K), 0.0006810 secs]
180.775: [GC (Allocation Failure) 171090K->10588K(170944K), 0.0005020 secs]
180.851: [GC (Allocation Failure) 163844K->10588K(164032K), 0.0005850 secs]
180.921: [GC (Allocation Failure) 156969K->10588K(157376K), 0.0004970 secs]
180.991: [GC (Allocation Failure) 150415K->10686K(151232K), 0.0005400 secs]
181.058: [GC (Allocation Failure) 144242K->10670K(145280K), 0.0006800 secs]
181.121: [GC (Allocation Failure) 138308K->10686K(139648K), 0.0005410 secs]
181.182: [GC (Allocation Failure) 132665K->10670K(134144K), 0.0007120 secs]
181.243: [GC (Allocation Failure) 127338K->10784K(129152K), 0.0005860 secs]
181.304: [GC (Allocation Failure) 122329K->10784K(124288K), 0.0006860 secs]
181.356: [GC (Allocation Failure) 117414K->10784K(119680K), 0.0005740 secs]
181.405: [GC (Allocation Failure) 112789K->10784K(115264K), 0.0004940 secs]
181.451: [GC (Allocation Failure) 108469K->10881K(111168K), 0.0005340 secs]
181.498: [GC (Allocation Failure) 104426K->10881K(129728K), 0.0006250 secs]
181.555: [GC (Allocation Failure) 122987K->10881K(151936K), 0.0005970 secs]
181.622: [GC (Allocation Failure) 145144K->10881K(145920K), 0.0005140 secs]
181.683: [GC (Allocation Failure) 139229K->10979K(140288K), 0.0005350 secs]
181.745: [GC (Allocation Failure) 133634K->10979K(134912K), 0.0005020 secs]
181.803: [GC (Allocation Failure) 128223K->10979K(129792K), 0.0005410 secs]
181.857: [GC (Allocation Failure) 123111K->10979K(124864K), 0.0005040 secs]
181.912: [GC (Allocation Failure) 118283K->11077K(120320K), 0.0005670 secs]
181.963: [GC (Allocation Failure) 113750K->11077K(115904K), 0.0005070 secs]
182.013: [GC (Allocation Failure) 109322K->11077K(111744K), 0.0005440 secs]
182.059: [GC (Allocation Failure) 105211K->11077K(107712K), 0.0005130 secs]
182.105: [GC (Allocation Failure) 101181K->11174K(104000K), 0.0005250 secs]
182.147: [GC (Allocation Failure) 97542K->11174K(100416K), 0.0004870 secs]
182.187: [GC (Allocation Failure) 93900K->11174K(116800K), 0.0005370 secs]
182.243: [GC (Allocation Failure) 110324K->11174K(136384K), 0.0006700 secs]
182.302: [GC (Allocation Failure) 129975K->11272K(131264K), 0.0005430 secs]
182.357: [GC (Allocation Failure) 124908K->11272K(126336K), 0.0005010 secs]
182.411: [GC (Allocation Failure) 119942K->11272K(121664K), 0.0005420 secs]
182.464: [GC (Allocation Failure) 115316K->11272K(117120K), 0.0005070 secs]
182.511: [GC (Allocation Failure) 110808K->11370K(112960K), 0.0005690 secs]
182.558: [GC (Allocation Failure) 106655K->11370K(108928K), 0.0004990 secs]
182.604: [GC (Allocation Failure) 102622K->11370K(105088K), 0.0005470 secs]
182.646: [GC (Allocation Failure) 98791K->11370K(122368K), 0.0005040 secs]
182.699: [GC (Allocation Failure) 116117K->11467K(117952K), 0.0005490 secs]
182.747: [GC (Allocation Failure) 111808K->11467K(137856K), 0.0006870 secs]
182.808: [GC (Allocation Failure) 131643K->11467K(161664K), 0.0005630 secs]
182.880: [GC (Allocation Failure) 155467K->11467K(155136K), 0.0005100 secs]
182.948: [GC (Allocation Failure) 148987K->11565K(149056K), 0.0006950 secs]
183.012: [GC (Allocation Failure) 142951K->11565K(143232K), 0.0005190 secs]
183.073: [GC (Allocation Failure) 137149K->11549K(168128K), 0.0010050 secs]
183.148: [GC (Allocation Failure) 162023K->11565K(161280K), 0.0006050 secs]
183.217: [GC (Allocation Failure) 155289K->11647K(154944K), 0.0007280 secs]
183.286: [GC (Allocation Failure) 148958K->11663K(148864K), 0.0005530 secs]
183.349: [GC (Allocation Failure) 142902K->11663K(143040K), 0.0005400 secs]
183.412: [GC (Allocation Failure) 137037K->11663K(137472K), 0.0005480 secs]
183.471: [GC (Allocation Failure) 131514K->11858K(161280K), 0.0013410 secs]
183.543: [GC (Allocation Failure) 155475K->11858K(189696K), 0.0005190 secs]
183.630: [GC (Allocation Failure) 183899K->11842K(203008K), 0.0010770 secs]
183.722: [GC (Allocation Failure) 197118K->11858K(194432K), 0.0005350 secs]
183.810: [GC (Allocation Failure) 188627K->11858K(186368K), 0.0005390 secs]
183.893: [GC (Allocation Failure) 180554K->11858K(178624K), 0.0006760 secs]
183.971: [GC (Allocation Failure) 172870K->11956K(171392K), 0.0005460 secs]
184.044: [GC (Allocation Failure) 165710K->11956K(164480K), 0.0005120 secs]
184.116: [GC (Allocation Failure) 158825K->11956K(157888K), 0.0005800 secs]
184.187: [GC (Allocation Failure) 152196K->11956K(151552K), 0.0005130 secs]
184.250: [GC (Allocation Failure) 145928K->12037K(145664K), 0.0008240 secs]
184.316: [GC (Allocation Failure) 140096K->12053K(140032K), 0.0006660 secs]
184.378: [GC (Allocation Failure) 134408K->12037K(164288K), 0.0011170 secs]
184.450: [GC (Allocation Failure) 158694K->12053K(157632K), 0.0005090 secs]
184.519: [GC (Allocation Failure) 152094K->12151K(151424K), 0.0005570 secs]
184.583: [GC (Allocation Failure) 145936K->12151K(145472K), 0.0005130 secs]
184.647: [GC (Allocation Failure) 139996K->12151K(139840K), 0.0007150 secs]
184.709: [GC (Allocation Failure) 134301K->12151K(134400K), 0.0005100 secs]
184.771: [GC (Allocation Failure) 129011K->12233K(157632K), 0.0011860 secs]
184.842: [GC (Allocation Failure) 152208K->12249K(151360K), 0.0005160 secs]
184.906: [GC (Allocation Failure) 145951K->12249K(145408K), 0.0005610 secs]
184.968: [GC (Allocation Failure) 140033K->12249K(139712K), 0.0006830 secs]
185.027: [GC (Allocation Failure) 134361K->12346K(134400K), 0.0005540 secs]
185.085: [GC (Allocation Failure) 129084K->12346K(129280K), 0.0006460 secs]
185.142: [GC (Allocation Failure) 123985K->12346K(124416K), 0.0006280 secs]
185.196: [GC (Allocation Failure) 119071K->12346K(145472K), 0.0006790 secs]
185.259: [GC (Allocation Failure) 140224K->12444K(139904K), 0.0005520 secs]
185.317: [GC (Allocation Failure) 134712K->12444K(134528K), 0.0005050 secs]
185.374: [GC (Allocation Failure) 129306K->12444K(129408K), 0.0005650 secs]
185.431: [GC (Allocation Failure) 124182K->12444K(124480K), 0.0005200 secs]
185.483: [GC (Allocation Failure) 119363K->12542K(119936K), 0.0005730 secs]
185.535: [GC (Allocation Failure) 114813K->12542K(115520K), 0.0005140 secs]
185.583: [GC (Allocation Failure) 110388K->12542K(111360K), 0.0005820 secs]
185.628: [GC (Allocation Failure) 106281K->12542K(107328K), 0.0005220 secs]
185.673: [GC (Allocation Failure) 102238K->12639K(125184K), 0.0007800 secs]
185.727: [GC (Allocation Failure) 120151K->12639K(146560K), 0.0005150 secs]
185.791: [GC (Allocation Failure) 141588K->12639K(172032K), 0.0005680 secs]
185.867: [GC (Allocation Failure) 166983K->12639K(164992K), 0.0005160 secs]
185.939: [GC (Allocation Failure) 160046K->12737K(158464K), 0.0005490 secs]
186.009: [GC (Allocation Failure) 153591K->12721K(152192K), 0.0007710 secs]
186.078: [GC (Allocation Failure) 147301K->12737K(146240K), 0.0006290 secs]
186.140: [GC (Allocation Failure) 141309K->12737K(140480K), 0.0005160 secs]
186.204: [GC (Allocation Failure) 135599K->12835K(135168K), 0.0007890 secs]
186.263: [GC (Allocation Failure) 130382K->12835K(130048K), 0.0005080 secs]
186.316: [GC (Allocation Failure) 125281K->12835K(125184K), 0.0006610 secs]
186.371: [GC (Allocation Failure) 120338K->12835K(120448K), 0.0005340 secs]
186.423: [GC (Allocation Failure) 115721K->12932K(116096K), 0.0006230 secs]
186.474: [GC (Allocation Failure) 111384K->12932K(111872K), 0.0005280 secs]
186.519: [GC (Allocation Failure) 107170K->12932K(130560K), 0.0005830 secs]
186.573: [GC (Allocation Failure) 125856K->12932K(125568K), 0.0005180 secs]
186.628: [GC (Allocation Failure) 120938K->13030K(147008K), 0.0007690 secs]
186.693: [GC (Allocation Failure) 142355K->13030K(141312K), 0.0005150 secs]
186.755: [GC (Allocation Failure) 136679K->13030K(135872K), 0.0005720 secs]
186.816: [GC (Allocation Failure) 131251K->13014K(159168K), 0.0010640 secs]
186.885: [GC (Allocation Failure) 154651K->13128K(187328K), 0.0005590 secs]
186.969: [GC (Allocation Failure) 182794K->13128K(179584K), 0.0005510 secs]
187.046: [GC (Allocation Failure) 175092K->13128K(172224K), 0.0005790 secs]
187.124: [GC (Allocation Failure) 167716K->13112K(165120K), 0.0010640 secs]
187.198: [GC (Allocation Failure) 160740K->13225K(158656K), 0.0006340 secs]
187.267: [GC (Allocation Failure) 154278K->13225K(152384K), 0.0005370 secs]
187.331: [GC (Allocation Failure) 148004K->13225K(146368K), 0.0005780 secs]
187.392: [GC (Allocation Failure) 141982K->13209K(140544K), 0.0007650 secs]
187.455: [GC (Allocation Failure) 136241K->13421K(135296K), 0.0007820 secs]
187.514: [GC (Allocation Failure) 131099K->13421K(130176K), 0.0005400 secs]
187.574: [GC (Allocation Failure) 125955K->13421K(125312K), 0.0007250 secs]
187.628: [GC (Allocation Failure) 121120K->13421K(120576K), 0.0005200 secs]
187.678: [GC (Allocation Failure) 116385K->13518K(116224K), 0.0005620 secs]
187.726: [GC (Allocation Failure) 112084K->13518K(112000K), 0.0005210 secs]
187.777: [GC (Allocation Failure) 107853K->13518K(130688K), 0.0006440 secs]
187.834: [GC (Allocation Failure) 126519K->13518K(125696K), 0.0005390 secs]
187.889: [GC (Allocation Failure) 121593K->13616K(121088K), 0.0005660 secs]
187.943: [GC (Allocation Failure) 117070K->13616K(141632K), 0.0006860 secs]
188.007: [GC (Allocation Failure) 137648K->13616K(136192K), 0.0005760 secs]
188.064: [GC (Allocation Failure) 132145K->13616K(130944K), 0.0005150 secs]
188.119: [GC (Allocation Failure) 127018K->13714K(126080K), 0.0005670 secs]
188.173: [GC (Allocation Failure) 122113K->13714K(121408K), 0.0005030 secs]
188.223: [GC (Allocation Failure) 117483K->13698K(142016K), 0.0011940 secs]
188.287: [GC (Allocation Failure) 138025K->13714K(166592K), 0.0005280 secs]
188.360: [GC (Allocation Failure) 162685K->13909K(196160K), 0.0007860 secs]
188.449: [GC (Allocation Failure) 192420K->13909K(188032K), 0.0005210 secs]
188.530: [GC (Allocation Failure) 184280K->13909K(180288K), 0.0005770 secs]
188.611: [GC (Allocation Failure) 176547K->13909K(172864K), 0.0005370 secs]
188.685: [GC (Allocation Failure) 169154K->14007K(165952K), 0.0005630 secs]
188.756: [GC (Allocation Failure) 162264K->14007K(159296K), 0.0005420 secs]
188.824: [GC (Allocation Failure) 155657K->14007K(152960K), 0.0005660 secs]
188.890: [GC (Allocation Failure) 149351K->14007K(146880K), 0.0006720 secs]
188.954: [GC (Allocation Failure) 143347K->14104K(141248K), 0.0005690 secs]
189.017: [GC (Allocation Failure) 137731K->14104K(135808K), 0.0005180 secs]
189.075: [GC (Allocation Failure) 132310K->14104K(130624K), 0.0007330 secs]
189.136: [GC (Allocation Failure) 127108K->14104K(125632K), 0.0006950 secs]
189.191: [GC (Allocation Failure) 122186K->14186K(147136K), 0.0012300 secs]
189.256: [GC (Allocation Failure) 143647K->14202K(172800K), 0.0005250 secs]
189.332: [GC (Allocation Failure) 169331K->14202K(165824K), 0.0005720 secs]
189.403: [GC (Allocation Failure) 162406K->14202K(159104K), 0.0007340 secs]
189.477: [GC (Allocation Failure) 155748K->14300K(152832K), 0.0007960 secs]
189.545: [GC (Allocation Failure) 149525K->14300K(146816K), 0.0005330 secs]
189.607: [GC (Allocation Failure) 143451K->14300K(141120K), 0.0005790 secs]
189.666: [GC (Allocation Failure) 137764K->14300K(135616K), 0.0005220 secs]
189.724: [GC (Allocation Failure) 132343K->14397K(130496K), 0.0007710 secs]
189.781: [GC (Allocation Failure) 127232K->14397K(125568K), 0.0005760 secs]
189.834: [GC (Allocation Failure) 122315K->14397K(120896K), 0.0005890 secs]
189.883: [GC (Allocation Failure) 117677K->14397K(116416K), 0.0005270 secs]
189.930: [GC (Allocation Failure) 113261K->14495K(112256K), 0.0005590 secs]
189.979: [GC (Allocation Failure) 109107K->14495K(131008K), 0.0005320 secs]
190.036: [GC (Allocation Failure) 127815K->14495K(126080K), 0.0005830 secs]
190.091: [GC (Allocation Failure) 122894K->14495K(121344K), 0.0005240 secs]
190.143: [GC (Allocation Failure) 118272K->14593K(141952K), 0.0006670 secs]
190.204: [GC (Allocation Failure) 138930K->14593K(136512K), 0.0005190 secs]
190.260: [GC (Allocation Failure) 133431K->14593K(131328K), 0.0006000 secs]
190.318: [GC (Allocation Failure) 128265K->14593K(126336K), 0.0005300 secs]
190.370: [GC (Allocation Failure) 123389K->14690K(121728K), 0.0005550 secs]
190.420: [GC (Allocation Failure) 118759K->14690K(117248K), 0.0005330 secs]
190.470: [GC (Allocation Failure) 114250K->14690K(113024K), 0.0005810 secs]
190.518: [GC (Allocation Failure) 110110K->14690K(108928K), 0.0005280 secs]
190.565: [GC (Allocation Failure) 106039K->14788K(127104K), 0.0006490 secs]
190.621: [GC (Allocation Failure) 124271K->14788K(148800K), 0.0006740 secs]
190.689: [GC (Allocation Failure) 145960K->14788K(142976K), 0.0005660 secs]
190.751: [GC (Allocation Failure) 140113K->14788K(137408K), 0.0005320 secs]
190.812: [GC (Allocation Failure) 134596K->14984K(161216K), 0.0007950 secs]
190.882: [GC (Allocation Failure) 158590K->14984K(154816K), 0.0005320 secs]
190.948: [GC (Allocation Failure) 152110K->14984K(148736K), 0.0005840 secs]
191.013: [GC (Allocation Failure) 146092K->14984K(142848K), 0.0008220 secs]
191.077: [GC (Allocation Failure) 140291K->15179K(137408K), 0.0006910 secs]
191.134: [GC (Allocation Failure) 134902K->15179K(132160K), 0.0005340 secs]
191.189: [GC (Allocation Failure) 129686K->15179K(127168K), 0.0005930 secs]
191.241: [GC (Allocation Failure) 124670K->15163K(148736K), 0.0007630 secs]
191.305: [GC (Allocation Failure) 146376K->15374K(174912K), 0.0007860 secs]
191.381: [GC (Allocation Failure) 172652K->15358K(206080K), 0.0007840 secs]
191.474: [GC (Allocation Failure) 203745K->15374K(197440K), 0.0005720 secs]
191.563: [GC (Allocation Failure) 195170K->15374K(189184K), 0.0005490 secs]
191.648: [GC (Allocation Failure) 186988K->15570K(181440K), 0.0008020 secs]
191.731: [GC (Allocation Failure) 179341K->15570K(174016K), 0.0005380 secs]
191.811: [GC (Allocation Failure) 171953K->15570K(166976K), 0.0005910 secs]
191.890: [GC (Allocation Failure) 164854K->15570K(160192K), 0.0005450 secs]
191.961: [GC (Allocation Failure) 158197K->15667K(153856K), 0.0005700 secs]
192.029: [GC (Allocation Failure) 151858K->15651K(147776K), 0.0007460 secs]
192.091: [GC (Allocation Failure) 145786K->15667K(142016K), 0.0005920 secs]
192.153: [GC (Allocation Failure) 139998K->15667K(136448K), 0.0005400 secs]
192.210: [GC (Allocation Failure) 134495K->15765K(131328K), 0.0005590 secs]
192.266: [GC (Allocation Failure) 129490K->15765K(126400K), 0.0005330 secs]
192.318: [GC (Allocation Failure) 124562K->15765K(121728K), 0.0005830 secs]
192.368: [GC (Allocation Failure) 119798K->15765K(117184K), 0.0005390 secs]
192.420: [GC (Allocation Failure) 115413K->15863K(113024K), 0.0006860 secs]
192.469: [GC (Allocation Failure) 111279K->15863K(131968K), 0.0005930 secs]
192.532: [GC (Allocation Failure) 130169K->15863K(154624K), 0.0007650 secs]
192.599: [GC (Allocation Failure) 152883K->15863K(181696K), 0.0006870 secs]
192.683: [GC (Allocation Failure) 179948K->15960K(174336K), 0.0008230 secs]
192.763: [GC (Allocation Failure) 172682K->15960K(167296K), 0.0005390 secs]
192.838: [GC (Allocation Failure) 165583K->15960K(160576K), 0.0005850 secs]
192.911: [GC (Allocation Failure) 158861K->15960K(154112K), 0.0005380 secs]
192.978: [GC (Allocation Failure) 152501K->16156K(148096K), 0.0009230 secs]
193.043: [GC (Allocation Failure) 146560K->16156K(142336K), 0.0005400 secs]
193.103: [GC (Allocation Failure) 140845K->16156K(136832K), 0.0006040 secs]
193.162: [GC (Allocation Failure) 135383K->16156K(131520K), 0.0005410 secs]
193.217: [GC (Allocation Failure) 130066K->16253K(126656K), 0.0005720 secs]
193.272: [GC (Allocation Failure) 125309K->16253K(121920K), 0.0005260 secs]
193.322: [GC (Allocation Failure) 120526K->16253K(117440K), 0.0005980 secs]
193.372: [GC (Allocation Failure) 116081K->16253K(137152K), 0.0006890 secs]
193.431: [GC (Allocation Failure) 135785K->16351K(131968K), 0.0005690 secs]
193.486: [GC (Allocation Failure) 130641K->16351K(126976K), 0.0005430 secs]
193.541: [GC (Allocation Failure) 125652K->16335K(148672K), 0.0008640 secs]
193.605: [GC (Allocation Failure) 147338K->16351K(174528K), 0.0005320 secs]
193.684: [GC (Allocation Failure) 173315K->16449K(167488K), 0.0005800 secs]
193.760: [GC (Allocation Failure) 166331K->16449K(160768K), 0.0005350 secs]
193.833: [GC (Allocation Failure) 159548K->16449K(154368K), 0.0005850 secs]
193.902: [GC (Allocation Failure) 153165K->16449K(148224K), 0.0006000 secs]
193.965: [GC (Allocation Failure) 147131K->16546K(142528K), 0.0005850 secs]
194.027: [GC (Allocation Failure) 141451K->16546K(137024K), 0.0006100 secs]
194.084: [GC (Allocation Failure) 135879K->16546K(131776K), 0.0005950 secs]
194.141: [GC (Allocation Failure) 130656K->16546K(126720K), 0.0005990 secs]
194.194: [GC (Allocation Failure) 125728K->16628K(148416K), 0.0008830 secs]
194.260: [GC (Allocation Failure) 147352K->16644K(174272K), 0.0005610 secs]
194.342: [GC (Allocation Failure) 173236K->16644K(167232K), 0.0007900 secs]
194.415: [GC (Allocation Failure) 166267K->16644K(160448K), 0.0005460 secs]
194.483: [GC (Allocation Failure) 159468K->16839K(154112K), 0.0006230 secs]
194.550: [GC (Allocation Failure) 153257K->16823K(148032K), 0.0007630 secs]
194.617: [GC (Allocation Failure) 147254K->16839K(142272K), 0.0007670 secs]
194.679: [GC (Allocation Failure) 141471K->16839K(136704K), 0.0005330 secs]
194.738: [GC (Allocation Failure) 135957K->16937K(131584K), 0.0005710 secs]
194.797: [GC (Allocation Failure) 130841K->16937K(126656K), 0.0007220 secs]
194.851: [GC (Allocation Failure) 125929K->16937K(121920K), 0.0006030 secs]
194.900: [GC (Allocation Failure) 121212K->16921K(142464K), 0.0008070 secs]
194.960: [GC (Allocation Failure) 141858K->17035K(167360K), 0.0005960 secs]
195.035: [GC (Allocation Failure) 166782K->17035K(160640K), 0.0005710 secs]
195.106: [GC (Allocation Failure) 159983K->17035K(154240K), 0.0005910 secs]
195.173: [GC (Allocation Failure) 153642K->17035K(148096K), 0.0006320 secs]
195.238: [GC (Allocation Failure) 147559K->17230K(142400K), 0.0006960 secs]
195.299: [GC (Allocation Failure) 141983K->17230K(136896K), 0.0005460 secs]
195.356: [GC (Allocation Failure) 136451K->17230K(131648K), 0.0005940 secs]
195.411: [GC (Allocation Failure) 131243K->17230K(126592K), 0.0005500 secs]
195.466: [GC (Allocation Failure) 126212K->17328K(121920K), 0.0005970 secs]
195.516: [GC (Allocation Failure) 121585K->17328K(117440K), 0.0006230 secs]
195.568: [GC (Allocation Failure) 117118K->17328K(137216K), 0.0006480 secs]
195.626: [GC (Allocation Failure) 136931K->17328K(131904K), 0.0005500 secs]
195.627: [Full GC (Ergonomics) 17328K->847K(131776K), 0.0084510 secs]
195.694: [GC (Allocation Failure) 115139K->1075K(126848K), 0.0005380 secs]
195.748: [GC (Allocation Failure) 110360K->1075K(122112K), 0.0004310 secs]
195.802: [GC (Allocation Failure) 105644K->1075K(117632K), 0.0004920 secs]
195.851: [GC (Allocation Failure) 101195K->1075K(113280K), 0.0004370 secs]
195.899: [GC (Allocation Failure) 96932K->1270K(109248K), 0.0005260 secs]
195.947: [GC (Allocation Failure) 93027K->1270K(105408K), 0.0004780 secs]
195.989: [GC (Allocation Failure) 89114K->1270K(101696K), 0.0004880 secs]
196.030: [GC (Allocation Failure) 85465K->1270K(118336K), 0.0006480 secs]
196.081: [GC (Allocation Failure) 102179K->1368K(138368K), 0.0005430 secs]
196.141: [GC (Allocation Failure) 122252K->1368K(133056K), 0.0004350 secs]
196.196: [GC (Allocation Failure) 116938K->1368K(128000K), 0.0004880 secs]
196.251: [GC (Allocation Failure) 111816K->1368K(123136K), 0.0004360 secs]
196.306: [GC (Allocation Failure) 107076K->1465K(118656K), 0.0006820 secs]
196.356: [GC (Allocation Failure) 102583K->1465K(114304K), 0.0004400 secs]
196.403: [GC (Allocation Failure) 98240K->1465K(110208K), 0.0006040 secs]
196.448: [GC (Allocation Failure) 94128K->1465K(106240K), 0.0004510 secs]
196.492: [GC (Allocation Failure) 90284K->1547K(123904K), 0.0009720 secs]
196.546: [GC (Allocation Failure) 107971K->1563K(144960K), 0.0004940 secs]
196.611: [GC (Allocation Failure) 129050K->1563K(170112K), 0.0004830 secs]
196.686: [GC (Allocation Failure) 154197K->1563K(163200K), 0.0004400 secs]
196.756: [GC (Allocation Failure) 147351K->1661K(156736K), 0.0004940 secs]
196.822: [GC (Allocation Failure) 140858K->1661K(150528K), 0.0004380 secs]
196.890: [GC (Allocation Failure) 134671K->1661K(144640K), 0.0005000 secs]
196.954: [GC (Allocation Failure) 128739K->1661K(138944K), 0.0004430 secs]
197.018: [GC (Allocation Failure) 123125K->1758K(133696K), 0.0006540 secs]
197.081: [GC (Allocation Failure) 117886K->1758K(128640K), 0.0004830 secs]
197.135: [GC (Allocation Failure) 112907K->1758K(123840K), 0.0004990 secs]
197.186: [GC (Allocation Failure) 108097K->1758K(119168K), 0.0004340 secs]
197.236: [GC (Allocation Failure) 103466K->1856K(114880K), 0.0005600 secs]
197.286: [GC (Allocation Failure) 99234K->1856K(110720K), 0.0004270 secs]
197.331: [GC (Allocation Failure) 95104K->1856K(106752K), 0.0004840 secs]
197.377: [GC (Allocation Failure) 91064K->1856K(102912K), 0.0004720 secs]
197.418: [GC (Allocation Failure) 87312K->1954K(99392K), 0.0004820 secs]
197.458: [GC (Allocation Failure) 83795K->1954K(96000K), 0.0004360 secs]
197.498: [GC (Allocation Failure) 80440K->1954K(111552K), 0.0005800 secs]
197.545: [GC (Allocation Failure) 95990K->1954K(107520K), 0.0004430 secs]
197.591: [GC (Allocation Failure) 92048K->2051K(103808K), 0.0004930 secs]
197.635: [GC (Allocation Failure) 88298K->2051K(120832K), 0.0005310 secs]
197.689: [GC (Allocation Failure) 105331K->2035K(141248K), 0.0008170 secs]
197.752: [GC (Allocation Failure) 125778K->2051K(135744K), 0.0004290 secs]
197.808: [GC (Allocation Failure) 120377K->2149K(130624K), 0.0005510 secs]
197.865: [GC (Allocation Failure) 115274K->2149K(125696K), 0.0004420 secs]
197.917: [GC (Allocation Failure) 110328K->2149K(121024K), 0.0004940 secs]
197.972: [GC (Allocation Failure) 105701K->2149K(116544K), 0.0005460 secs]
198.022: [GC (Allocation Failure) 101204K->2247K(112384K), 0.0004800 secs]
198.072: [GC (Allocation Failure) 97155K->2247K(108352K), 0.0005360 secs]
198.117: [GC (Allocation Failure) 93035K->2247K(104512K), 0.0004890 secs]
198.164: [GC (Allocation Failure) 89201K->2247K(100800K), 0.0005530 secs]
198.210: [GC (Allocation Failure) 85623K->2344K(97408K), 0.0005850 secs]
198.250: [GC (Allocation Failure) 82224K->2344K(94144K), 0.0004410 secs]
198.287: [GC (Allocation Failure) 78980K->2344K(109312K), 0.0004760 secs]
198.334: [GC (Allocation Failure) 94117K->2344K(127360K), 0.0005350 secs]
198.388: [GC (Allocation Failure) 112213K->2442K(122688K), 0.0005020 secs]
198.439: [GC (Allocation Failure) 107596K->2442K(118144K), 0.0005310 secs]
198.489: [GC (Allocation Failure) 103068K->2442K(113856K), 0.0004930 secs]
198.535: [GC (Allocation Failure) 98740K->2442K(109696K), 0.0004460 secs]
198.581: [GC (Allocation Failure) 94708K->2540K(105856K), 0.0005150 secs]
198.625: [GC (Allocation Failure) 90860K->2540K(102144K), 0.0004440 secs]
198.667: [GC (Allocation Failure) 87142K->2540K(118848K), 0.0006220 secs]
198.717: [GC (Allocation Failure) 103826K->2540K(138752K), 0.0005350 secs]
198.777: [GC (Allocation Failure) 123830K->2637K(133504K), 0.0004880 secs]
198.832: [GC (Allocation Failure) 118615K->2637K(128448K), 0.0004600 secs]
198.888: [GC (Allocation Failure) 113611K->2637K(123648K), 0.0005060 secs]
198.940: [GC (Allocation Failure) 108762K->2637K(118976K), 0.0005550 secs]
198.994: [GC (Allocation Failure) 104113K->2719K(139072K), 0.0007950 secs]
199.054: [GC (Allocation Failure) 124266K->2735K(133760K), 0.0004400 secs]
199.113: [GC (Allocation Failure) 119002K->2735K(128704K), 0.0004910 secs]
199.166: [GC (Allocation Failure) 113882K->2735K(123840K), 0.0004510 secs]
199.217: [GC (Allocation Failure) 109149K->2833K(119296K), 0.0004850 secs]
199.268: [GC (Allocation Failure) 104640K->2817K(114944K), 0.0005770 secs]
199.315: [GC (Allocation Failure) 100198K->2833K(110784K), 0.0004960 secs]
199.363: [GC (Allocation Failure) 96068K->2833K(106752K), 0.0004770 secs]
199.408: [GC (Allocation Failure) 92138K->2931K(103040K), 0.0004770 secs]
199.451: [GC (Allocation Failure) 88411K->2931K(99456K), 0.0004500 secs]
199.490: [GC (Allocation Failure) 84883K->2931K(96064K), 0.0004830 secs]
199.529: [GC (Allocation Failure) 81522K->2931K(111552K), 0.0005340 secs]
199.578: [GC (Allocation Failure) 97029K->3028K(107648K), 0.0004870 secs]
199.621: [GC (Allocation Failure) 93133K->3028K(103872K), 0.0004350 secs]
199.668: [GC (Allocation Failure) 89397K->3012K(120960K), 0.0008410 secs]
199.719: [GC (Allocation Failure) 106494K->3028K(141376K), 0.0004500 secs]
199.780: [GC (Allocation Failure) 126979K->3126K(165888K), 0.0006330 secs]
199.857: [GC (Allocation Failure) 151468K->3126K(159232K), 0.0004730 secs]
199.928: [GC (Allocation Failure) 144861K->3126K(152896K), 0.0005410 secs]
199.993: [GC (Allocation Failure) 138473K->3126K(146816K), 0.0004480 secs]
200.058: [GC (Allocation Failure) 132455K->3224K(141184K), 0.0004820 secs]
200.118: [GC (Allocation Failure) 126858K->3224K(135744K), 0.0004510 secs]
200.176: [GC (Allocation Failure) 121452K->3224K(130560K), 0.0005930 secs]
200.233: [GC (Allocation Failure) 116306K->3224K(125568K), 0.0004560 secs]
200.287: [GC (Allocation Failure) 111332K->3321K(120960K), 0.0004920 secs]
200.339: [GC (Allocation Failure) 106765K->3321K(116544K), 0.0004420 secs]
200.386: [GC (Allocation Failure) 102362K->3321K(112320K), 0.0004940 secs]
200.435: [GC (Allocation Failure) 98146K->3321K(108224K), 0.0004540 secs]
200.478: [GC (Allocation Failure) 94111K->3419K(104448K), 0.0004840 secs]
200.522: [GC (Allocation Failure) 90382K->3419K(100800K), 0.0005420 secs]
200.564: [GC (Allocation Failure) 86736K->3419K(97344K), 0.0004880 secs]
200.602: [GC (Allocation Failure) 83200K->3403K(113024K), 0.0006940 secs]
200.649: [GC (Allocation Failure) 99028K->3517K(132032K), 0.0004800 secs]
200.704: [GC (Allocation Failure) 118041K->3517K(127040K), 0.0004750 secs]
200.757: [GC (Allocation Failure) 113002K->3517K(122304K), 0.0005310 secs]
200.810: [GC (Allocation Failure) 108270K->3517K(117760K), 0.0004650 secs]
200.862: [GC (Allocation Failure) 103837K->3614K(113536K), 0.0004860 secs]
200.907: [GC (Allocation Failure) 99620K->3614K(109440K), 0.0004530 secs]
200.951: [GC (Allocation Failure) 95493K->3614K(105536K), 0.0004930 secs]
200.996: [GC (Allocation Failure) 91622K->3614K(101760K), 0.0004500 secs]
201.039: [GC (Allocation Failure) 87870K->3712K(118464K), 0.0006940 secs]
201.088: [GC (Allocation Failure) 104683K->3712K(138368K), 0.0004540 secs]
201.148: [GC (Allocation Failure) 124581K->3712K(133056K), 0.0005130 secs]
201.205: [GC (Allocation Failure) 119272K->3712K(127936K), 0.0005510 secs]
201.259: [GC (Allocation Failure) 114168K->3810K(123200K), 0.0004880 secs]
201.312: [GC (Allocation Failure) 109457K->3810K(118656K), 0.0004630 secs]
201.362: [GC (Allocation Failure) 104940K->3810K(114304K), 0.0005340 secs]
201.414: [GC (Allocation Failure) 100585K->3810K(110144K), 0.0005620 secs]
201.461: [GC (Allocation Failure) 96509K->3907K(106304K), 0.0004850 secs]
201.507: [GC (Allocation Failure) 92711K->3907K(102592K), 0.0004630 secs]
201.550: [GC (Allocation Failure) 88994K->3907K(99072K), 0.0005050 secs]
201.589: [GC (Allocation Failure) 85452K->3907K(95616K), 0.0004510 secs]
201.626: [GC (Allocation Failure) 82088K->4005K(111168K), 0.0004920 secs]
201.677: [GC (Allocation Failure) 97648K->3989K(129664K), 0.0007970 secs]
201.734: [GC (Allocation Failure) 116086K->4005K(151808K), 0.0004950 secs]
201.800: [GC (Allocation Failure) 138294K->4005K(145792K), 0.0004900 secs]
201.862: [GC (Allocation Failure) 132384K->4103K(140160K), 0.0004890 secs]
201.920: [GC (Allocation Failure) 126763K->4103K(134784K), 0.0007480 secs]
201.977: [GC (Allocation Failure) 121361K->4103K(129664K), 0.0006030 secs]
202.031: [GC (Allocation Failure) 116236K->4103K(124736K), 0.0004640 secs]
202.083: [GC (Allocation Failure) 111418K->4200K(120192K), 0.0004960 secs]
202.136: [GC (Allocation Failure) 106905K->4200K(115776K), 0.0005550 secs]
202.185: [GC (Allocation Failure) 102474K->4200K(111616K), 0.0004920 secs]
202.230: [GC (Allocation Failure) 98336K->4200K(107584K), 0.0004540 secs]
202.274: [GC (Allocation Failure) 94301K->4298K(103872K), 0.0006160 secs]
202.321: [GC (Allocation Failure) 90652K->4298K(120896K), 0.0005620 secs]
202.371: [GC (Allocation Failure) 107680K->4298K(116480K), 0.0004820 secs]
202.420: [GC (Allocation Failure) 103244K->4298K(112192K), 0.0004570 secs]
202.465: [GC (Allocation Failure) 99018K->4396K(108224K), 0.0004960 secs]
202.513: [GC (Allocation Failure) 95085K->4396K(104384K), 0.0005480 secs]
202.556: [GC (Allocation Failure) 91249K->4396K(100736K), 0.0005000 secs]
202.599: [GC (Allocation Failure) 87600K->4396K(117120K), 0.0004950 secs]
202.649: [GC (Allocation Failure) 104074K->4493K(112896K), 0.0005340 secs]
202.695: [GC (Allocation Failure) 99897K->4493K(108864K), 0.0004630 secs]
202.742: [GC (Allocation Failure) 95838K->4477K(126912K), 0.0006350 secs]
202.794: [GC (Allocation Failure) 113871K->4477K(148352K), 0.0006290 secs]
202.856: [GC (Allocation Failure) 135401K->4591K(142656K), 0.0004870 secs]
202.916: [GC (Allocation Failure) 129720K->4591K(137152K), 0.0004880 secs]
202.976: [GC (Allocation Failure) 124207K->4591K(131904K), 0.0006030 secs]
203.035: [GC (Allocation Failure) 118958K->4591K(126848K), 0.0004570 secs]
203.091: [GC (Allocation Failure) 113939K->4689K(122176K), 0.0005980 secs]
203.145: [GC (Allocation Failure) 109333K->4689K(117696K), 0.0005060 secs]
203.193: [GC (Allocation Failure) 104831K->4689K(113408K), 0.0005360 secs]
203.241: [GC (Allocation Failure) 100572K->4689K(109248K), 0.0005780 secs]
203.286: [GC (Allocation Failure) 96466K->4786K(105408K), 0.0005000 secs]
203.331: [GC (Allocation Failure) 92720K->4786K(122752K), 0.0005720 secs]
203.381: [GC (Allocation Failure) 110040K->4786K(118208K), 0.0004990 secs]
203.431: [GC (Allocation Failure) 105503K->4786K(113856K), 0.0004670 secs]
203.477: [GC (Allocation Failure) 101199K->4884K(109824K), 0.0004940 secs]
203.523: [GC (Allocation Failure) 97140K->4884K(105920K), 0.0004540 secs]
203.569: [GC (Allocation Failure) 93319K->4884K(102208K), 0.0005000 secs]
203.609: [GC (Allocation Failure) 89566K->4868K(118784K), 0.0006190 secs]
203.660: [GC (Allocation Failure) 106281K->4982K(138944K), 0.0005980 secs]
203.723: [GC (Allocation Failure) 126429K->4982K(133632K), 0.0004950 secs]
203.780: [GC (Allocation Failure) 121073K->4982K(128576K), 0.0005140 secs]
203.833: [GC (Allocation Failure) 116042K->4982K(123712K), 0.0004710 secs]
203.884: [GC (Allocation Failure) 111217K->5079K(119168K), 0.0004960 secs]
203.935: [GC (Allocation Failure) 106774K->5079K(114816K), 0.0005630 secs]
203.985: [GC (Allocation Failure) 102328K->5063K(110656K), 0.0006550 secs]
204.034: [GC (Allocation Failure) 98210K->5079K(106624K), 0.0004990 secs]
204.079: [GC (Allocation Failure) 94200K->5177K(102912K), 0.0004950 secs]
204.120: [GC (Allocation Failure) 90561K->5177K(99328K), 0.0004620 secs]
204.160: [GC (Allocation Failure) 87022K->5177K(115520K), 0.0005990 secs]
204.210: [GC (Allocation Failure) 103140K->5177K(134848K), 0.0006130 secs]
204.269: [GC (Allocation Failure) 122526K->5275K(158080K), 0.0005030 secs]
204.335: [GC (Allocation Failure) 145844K->5275K(151808K), 0.0004610 secs]
204.401: [GC (Allocation Failure) 139543K->5275K(145856K), 0.0006250 secs]
204.465: [GC (Allocation Failure) 133647K->5275K(140096K), 0.0004630 secs]
204.526: [GC (Allocation Failure) 127921K->5372K(134784K), 0.0005030 secs]
204.581: [GC (Allocation Failure) 122631K->5372K(129664K), 0.0004630 secs]
204.636: [GC (Allocation Failure) 117558K->5372K(124800K), 0.0005260 secs]
204.687: [GC (Allocation Failure) 112694K->5372K(120128K), 0.0004610 secs]
204.737: [GC (Allocation Failure) 108058K->5470K(115776K), 0.0004890 secs]
204.785: [GC (Allocation Failure) 103740K->5470K(111616K), 0.0004620 secs]
204.831: [GC (Allocation Failure) 99604K->5470K(107648K), 0.0005030 secs]
204.874: [GC (Allocation Failure) 95563K->5470K(103808K), 0.0004770 secs]
204.916: [GC (Allocation Failure) 91834K->5568K(120896K), 0.0006490 secs]
204.968: [GC (Allocation Failure) 108947K->5568K(116480K), 0.0004660 secs]
205.025: [GC (Allocation Failure) 104481K->5568K(112256K), 0.0006640 secs]
205.072: [GC (Allocation Failure) 100273K->5568K(130944K), 0.0005580 secs]
205.127: [GC (Allocation Failure) 119048K->5649K(153408K), 0.0006540 secs]
205.194: [GC (Allocation Failure) 141490K->5665K(147392K), 0.0004710 secs]
205.260: [GC (Allocation Failure) 135513K->5665K(141632K), 0.0005130 secs]
205.321: [GC (Allocation Failure) 129805K->5665K(136128K), 0.0004710 secs]
205.377: [GC (Allocation Failure) 124294K->5763K(131008K), 0.0005000 secs]
205.438: [GC (Allocation Failure) 119283K->5763K(126080K), 0.0005870 secs]
205.493: [GC (Allocation Failure) 114356K->5747K(121408K), 0.0006510 secs]
205.543: [GC (Allocation Failure) 109620K->5763K(116864K), 0.0004660 secs]
205.590: [GC (Allocation Failure) 105213K->5861K(112704K), 0.0005000 secs]
205.636: [GC (Allocation Failure) 101067K->5861K(108672K), 0.0004610 secs]
205.685: [GC (Allocation Failure) 96996K->5861K(104832K), 0.0006480 secs]
205.728: [GC (Allocation Failure) 93210K->5861K(121984K), 0.0006060 secs]
205.783: [GC (Allocation Failure) 110412K->5958K(117568K), 0.0005010 secs]
205.833: [GC (Allocation Failure) 105974K->5958K(113280K), 0.0004630 secs]
205.881: [GC (Allocation Failure) 101760K->5958K(109184K), 0.0005080 secs]
205.925: [GC (Allocation Failure) 97591K->5958K(127232K), 0.0005950 secs]
205.980: [GC (Allocation Failure) 115734K->6056K(122560K), 0.0005070 secs]
206.030: [GC (Allocation Failure) 111085K->6056K(118016K), 0.0004640 secs]
206.081: [GC (Allocation Failure) 106591K->6040K(137920K), 0.0006930 secs]
206.138: [GC (Allocation Failure) 126440K->6056K(132608K), 0.0004710 secs]
206.193: [GC (Allocation Failure) 121246K->6154K(127680K), 0.0005090 secs]
206.248: [GC (Allocation Failure) 116312K->6154K(122880K), 0.0005450 secs]
206.302: [GC (Allocation Failure) 111501K->6138K(118336K), 0.0006530 secs]
206.355: [GC (Allocation Failure) 106954K->6154K(113984K), 0.0005830 secs]
206.408: [GC (Allocation Failure) 102655K->6235K(133120K), 0.0007520 secs]
206.466: [GC (Allocation Failure) 121823K->6251K(128064K), 0.0004690 secs]
206.520: [GC (Allocation Failure) 116819K->6251K(123264K), 0.0005170 secs]
206.572: [GC (Allocation Failure) 111977K->6251K(118656K), 0.0005680 secs]
206.621: [GC (Allocation Failure) 107473K->6349K(114368K), 0.0005040 secs]
206.670: [GC (Allocation Failure) 103239K->6349K(110272K), 0.0004750 secs]
206.716: [GC (Allocation Failure) 99120K->6333K(128576K), 0.0008270 secs]
206.772: [GC (Allocation Failure) 117402K->6349K(150464K), 0.0004500 secs]
206.839: [GC (Allocation Failure) 139325K->6447K(144640K), 0.0005030 secs]
206.899: [GC (Allocation Failure) 133531K->6431K(139008K), 0.0006250 secs]
206.960: [GC (Allocation Failure) 127901K->6447K(133696K), 0.0006320 secs]
207.020: [GC (Allocation Failure) 122603K->6447K(128576K), 0.0005880 secs]
207.076: [GC (Allocation Failure) 117582K->6544K(123840K), 0.0006930 secs]
207.128: [GC (Allocation Failure) 112876K->6544K(119232K), 0.0004700 secs]
207.179: [GC (Allocation Failure) 108256K->6544K(114880K), 0.0005630 secs]
207.233: [GC (Allocation Failure) 103918K->6544K(110656K), 0.0006000 secs]
207.280: [GC (Allocation Failure) 99765K->6642K(106752K), 0.0005060 secs]
207.322: [GC (Allocation Failure) 95858K->6642K(102976K), 0.0004710 secs]
207.363: [GC (Allocation Failure) 92126K->6642K(119872K), 0.0005170 secs]
207.413: [GC (Allocation Failure) 109039K->6642K(140032K), 0.0006000 secs]
207.474: [GC (Allocation Failure) 129198K->6740K(134720K), 0.0004910 secs]
207.530: [GC (Allocation Failure) 123975K->6740K(129600K), 0.0004730 secs]
207.588: [GC (Allocation Failure) 118777K->6740K(124736K), 0.0005640 secs]
207.644: [GC (Allocation Failure) 113934K->6724K(145792K), 0.0008930 secs]
207.707: [GC (Allocation Failure) 135098K->6837K(140224K), 0.0005490 secs]
207.769: [GC (Allocation Failure) 129589K->6821K(164480K), 0.0009040 secs]
207.844: [GC (Allocation Failure) 153784K->6837K(157888K), 0.0006380 secs]
207.913: [GC (Allocation Failure) 147205K->6837K(151552K), 0.0004540 secs]
207.979: [GC (Allocation Failure) 140907K->6935K(145664K), 0.0005510 secs]
208.041: [GC (Allocation Failure) 135107K->6935K(140032K), 0.0004700 secs]
208.102: [GC (Allocation Failure) 129398K->6935K(134656K), 0.0005730 secs]
208.164: [GC (Allocation Failure) 124100K->6935K(129472K), 0.0005920 secs]
208.219: [GC (Allocation Failure) 118974K->7033K(124672K), 0.0005100 secs]
208.270: [GC (Allocation Failure) 114161K->7033K(120064K), 0.0004730 secs]
208.323: [GC (Allocation Failure) 109600K->7033K(115648K), 0.0006670 secs]
208.373: [GC (Allocation Failure) 105199K->7033K(111424K), 0.0005120 secs]
208.420: [GC (Allocation Failure) 100975K->7130K(107520K), 0.0005320 secs]
208.468: [GC (Allocation Failure) 97132K->7114K(125312K), 0.0008770 secs]
208.524: [GC (Allocation Failure) 114894K->7130K(146624K), 0.0006600 secs]
208.587: [GC (Allocation Failure) 136278K->7130K(172032K), 0.0004750 secs]
208.663: [GC (Allocation Failure) 161660K->7228K(165120K), 0.0005170 secs]
208.733: [GC (Allocation Failure) 154840K->7228K(158528K), 0.0004680 secs]
208.803: [GC (Allocation Failure) 148275K->7228K(152256K), 0.0005200 secs]
208.870: [GC (Allocation Failure) 142007K->7228K(146176K), 0.0004790 secs]
208.932: [GC (Allocation Failure) 135988K->7326K(140544K), 0.0006290 secs]
208.994: [GC (Allocation Failure) 130351K->7326K(135104K), 0.0004730 secs]
209.051: [GC (Allocation Failure) 124954K->7326K(129984K), 0.0005110 secs]
209.113: [GC (Allocation Failure) 119826K->7326K(125056K), 0.0005960 secs]
209.169: [GC (Allocation Failure) 114922K->7423K(120448K), 0.0005170 secs]
209.218: [GC (Allocation Failure) 110309K->7423K(116032K), 0.0004760 secs]
209.268: [GC (Allocation Failure) 105982K->7407K(135488K), 0.0009540 secs]
209.329: [GC (Allocation Failure) 125330K->7423K(130240K), 0.0005110 secs]
209.384: [GC (Allocation Failure) 120245K->7521K(125376K), 0.0005320 secs]
209.444: [GC (Allocation Failure) 115414K->7521K(120704K), 0.0006120 secs]
209.494: [GC (Allocation Failure) 110701K->7521K(116288K), 0.0005230 secs]
209.546: [GC (Allocation Failure) 106283K->7521K(112000K), 0.0005950 secs]
209.596: [GC (Allocation Failure) 102017K->7603K(130752K), 0.0009260 secs]
209.653: [GC (Allocation Failure) 120795K->7619K(153088K), 0.0005350 secs]
209.720: [GC (Allocation Failure) 143166K->7619K(147072K), 0.0005590 secs]
209.782: [GC (Allocation Failure) 137169K->7619K(141248K), 0.0004790 secs]
209.844: [GC (Allocation Failure) 131368K->7716K(135872K), 0.0006530 secs]
209.908: [GC (Allocation Failure) 126116K->7716K(130688K), 0.0006350 secs]
209.967: [GC (Allocation Failure) 120897K->7716K(125760K), 0.0005230 secs]
210.019: [GC (Allocation Failure) 115934K->7700K(120960K), 0.0006540 secs]
210.070: [GC (Allocation Failure) 111280K->7814K(116608K), 0.0006340 secs]
210.120: [GC (Allocation Failure) 106859K->7814K(112384K), 0.0005180 secs]
210.168: [GC (Allocation Failure) 102718K->7814K(108352K), 0.0005300 secs]
210.214: [GC (Allocation Failure) 98609K->7814K(126208K), 0.0005970 secs]
210.266: [GC (Allocation Failure) 116605K->7912K(121536K), 0.0005110 secs]
210.317: [GC (Allocation Failure) 111882K->7912K(117056K), 0.0004710 secs]
210.365: [GC (Allocation Failure) 107476K->7912K(112832K), 0.0005240 secs]
210.416: [GC (Allocation Failure) 103227K->7912K(131584K), 0.0006110 secs]
210.471: [GC (Allocation Failure) 122023K->8009K(126656K), 0.0005040 secs]
210.525: [GC (Allocation Failure) 117193K->8009K(121920K), 0.0005990 secs]
210.577: [GC (Allocation Failure) 112441K->8009K(142528K), 0.0006570 secs]
210.639: [GC (Allocation Failure) 133038K->8009K(136960K), 0.0005970 secs]
210.698: [GC (Allocation Failure) 127530K->8107K(131776K), 0.0005130 secs]
210.756: [GC (Allocation Failure) 122402K->8107K(126784K), 0.0004860 secs]
210.808: [GC (Allocation Failure) 117388K->8107K(122048K), 0.0005500 secs]
210.858: [GC (Allocation Failure) 112663K->8107K(117504K), 0.0004780 secs]
210.906: [GC (Allocation Failure) 108147K->8205K(113280K), 0.0005150 secs]
210.955: [GC (Allocation Failure) 103919K->8205K(109184K), 0.0004830 secs]
211.001: [GC (Allocation Failure) 99840K->8189K(127296K), 0.0006850 secs]
211.058: [GC (Allocation Failure) 118005K->8205K(148928K), 0.0005970 secs]
211.123: [GC (Allocation Failure) 139701K->8302K(174912K), 0.0008320 secs]
211.201: [GC (Allocation Failure) 165681K->8302K(167808K), 0.0004880 secs]
211.273: [GC (Allocation Failure) 158603K->8302K(161024K), 0.0005220 secs]
211.344: [GC (Allocation Failure) 151824K->8302K(154560K), 0.0004950 secs]
211.412: [GC (Allocation Failure) 145402K->8400K(148544K), 0.0006480 secs]
211.476: [GC (Allocation Failure) 139398K->8400K(142720K), 0.0004970 secs]
211.538: [GC (Allocation Failure) 133615K->8400K(137216K), 0.0005240 secs]
211.597: [GC (Allocation Failure) 128110K->8400K(131904K), 0.0005310 secs]
211.654: [GC (Allocation Failure) 122803K->8498K(126976K), 0.0005260 secs]
211.710: [GC (Allocation Failure) 117969K->8498K(122240K), 0.0004850 secs]
211.769: [GC (Allocation Failure) 113255K->8498K(117760K), 0.0005770 secs]
211.820: [GC (Allocation Failure) 108729K->8498K(113408K), 0.0006150 secs]
211.869: [GC (Allocation Failure) 104402K->8595K(109376K), 0.0005130 secs]
211.913: [GC (Allocation Failure) 100468K->8595K(105472K), 0.0004870 secs]
211.956: [GC (Allocation Failure) 96574K->8595K(101760K), 0.0005730 secs]
211.997: [GC (Allocation Failure) 92802K->8599K(118336K), 0.0004990 secs]
212.048: [GC (Allocation Failure) 109502K->8697K(114112K), 0.0005230 secs]
212.094: [GC (Allocation Failure) 105299K->8697K(133184K), 0.0005160 secs]
212.151: [GC (Allocation Failure) 124384K->8697K(128128K), 0.0005770 secs]
212.207: [GC (Allocation Failure) 119256K->8697K(123264K), 0.0004630 secs]
212.264: [GC (Allocation Failure) 114533K->8795K(118784K), 0.0006720 secs]
212.318: [GC (Allocation Failure) 110085K->8795K(114432K), 0.0004920 secs]
212.366: [GC (Allocation Failure) 105658K->8795K(110336K), 0.0005270 secs]
212.412: [GC (Allocation Failure) 101652K->8795K(106368K), 0.0004740 secs]
212.457: [GC (Allocation Failure) 97699K->8892K(102720K), 0.0005200 secs]
212.498: [GC (Allocation Failure) 94082K->8892K(119552K), 0.0004850 secs]
212.547: [GC (Allocation Failure) 110896K->8892K(139712K), 0.0006680 secs]
212.606: [GC (Allocation Failure) 131040K->8892K(134272K), 0.0005300 secs]
212.664: [GC (Allocation Failure) 125752K->8990K(129216K), 0.0005300 secs]
212.719: [GC (Allocation Failure) 120734K->8990K(124352K), 0.0004940 secs]
212.779: [GC (Allocation Failure) 115869K->8990K(119744K), 0.0006670 secs]
212.830: [GC (Allocation Failure) 111184K->8990K(115264K), 0.0004940 secs]
212.877: [GC (Allocation Failure) 106768K->9088K(111168K), 0.0005220 secs]
212.922: [GC (Allocation Failure) 102727K->9088K(107200K), 0.0004860 secs]
212.968: [GC (Allocation Failure) 98774K->9088K(124928K), 0.0006470 secs]
213.021: [GC (Allocation Failure) 116541K->9088K(120256K), 0.0004920 secs]
213.073: [GC (Allocation Failure) 111856K->9186K(140608K), 0.0006600 secs]
213.134: [GC (Allocation Failure) 132311K->9186K(135168K), 0.0004780 secs]
213.192: [GC (Allocation Failure) 126796K->9186K(130048K), 0.0005290 secs]
213.245: [GC (Allocation Failure) 121690K->9186K(125120K), 0.0004800 secs]
213.304: [GC (Allocation Failure) 116863K->9283K(146432K), 0.0009760 secs]
213.367: [GC (Allocation Failure) 138149K->9283K(140736K), 0.0004920 secs]
213.428: [GC (Allocation Failure) 132526K->9283K(135296K), 0.0005290 secs]
213.489: [GC (Allocation Failure) 127031K->9283K(130112K), 0.0006260 secs]
213.545: [GC (Allocation Failure) 121986K->9381K(125248K), 0.0005250 secs]
213.599: [GC (Allocation Failure) 117102K->9381K(120576K), 0.0004910 secs]
213.652: [GC (Allocation Failure) 112470K->9381K(116160K), 0.0006680 secs]
213.700: [GC (Allocation Failure) 108043K->9381K(111872K), 0.0004890 secs]
213.749: [GC (Allocation Failure) 103813K->9479K(107904K), 0.0005670 secs]
213.797: [GC (Allocation Failure) 99881K->9479K(125760K), 0.0006160 secs]
213.850: [GC (Allocation Failure) 117676K->9479K(121088K), 0.0005300 secs]
213.902: [GC (Allocation Failure) 113076K->9479K(141440K), 0.0006160 secs]
213.964: [GC (Allocation Failure) 133424K->9576K(136064K), 0.0005710 secs]
214.021: [GC (Allocation Failure) 128127K->9576K(130880K), 0.0004840 secs]
214.078: [GC (Allocation Failure) 122915K->9576K(125952K), 0.0005230 secs]
214.131: [GC (Allocation Failure) 118040K->9576K(121216K), 0.0006220 secs]
214.182: [GC (Allocation Failure) 113355K->9674K(116800K), 0.0005340 secs]
214.230: [GC (Allocation Failure) 108923K->9674K(112576K), 0.0004910 secs]
214.275: [GC (Allocation Failure) 104702K->9674K(108544K), 0.0005320 secs]
214.322: [GC (Allocation Failure) 100665K->9674K(104640K), 0.0004800 secs]
214.367: [GC (Allocation Failure) 96905K->9772K(101056K), 0.0005350 secs]
214.409: [GC (Allocation Failure) 93292K->9756K(117632K), 0.0009300 secs]
214.460: [GC (Allocation Failure) 109891K->9772K(137408K), 0.0005450 secs]
214.517: [GC (Allocation Failure) 129684K->9756K(160960K), 0.0006900 secs]
214.590: [GC (Allocation Failure) 153344K->9869K(179200K), 0.0006800 secs]
214.673: [GC (Allocation Failure) 171436K->9853K(189504K), 0.0008280 secs]
214.765: [GC (Allocation Failure) 181808K->9869K(181632K), 0.0005370 secs]
214.843: [GC (Allocation Failure) 173940K->9869K(174016K), 0.0005350 secs]
214.922: [GC (Allocation Failure) 166578K->10049K(167168K), 0.0006690 secs]
214.996: [GC (Allocation Failure) 159650K->10065K(160384K), 0.0006600 secs]
215.069: [GC (Allocation Failure) 152954K->10065K(153984K), 0.0006750 secs]
215.138: [GC (Allocation Failure) 146492K->10065K(147840K), 0.0005370 secs]
215.203: [GC (Allocation Failure) 140417K->10162K(142144K), 0.0005300 secs]
215.265: [GC (Allocation Failure) 134807K->10162K(136640K), 0.0004910 secs]
215.322: [GC (Allocation Failure) 129247K->10162K(131392K), 0.0006740 secs]
215.379: [GC (Allocation Failure) 123990K->10162K(126400K), 0.0004980 secs]
215.435: [GC (Allocation Failure) 119058K->10260K(121728K), 0.0005340 secs]
215.488: [GC (Allocation Failure) 114419K->10260K(117248K), 0.0004960 secs]
215.538: [GC (Allocation Failure) 109962K->10260K(112960K), 0.0005310 secs]
215.584: [GC (Allocation Failure) 105674K->10260K(108864K), 0.0004930 secs]
215.630: [GC (Allocation Failure) 101631K->10358K(126976K), 0.0006750 secs]
215.684: [GC (Allocation Failure) 119824K->10358K(148608K), 0.0005950 secs]
215.749: [GC (Allocation Failure) 141466K->10358K(142784K), 0.0005840 secs]
215.810: [GC (Allocation Failure) 135592K->10358K(137216K), 0.0004980 secs]
215.870: [GC (Allocation Failure) 130077K->10455K(132032K), 0.0005780 secs]
215.928: [GC (Allocation Failure) 124967K->10455K(127040K), 0.0005150 secs]
215.985: [GC (Allocation Failure) 120019K->10455K(122304K), 0.0006870 secs]
216.040: [GC (Allocation Failure) 115214K->10455K(142912K), 0.0008080 secs]
216.102: [GC (Allocation Failure) 135873K->10553K(137472K), 0.0005210 secs]
216.159: [GC (Allocation Failure) 130462K->10537K(161152K), 0.0007470 secs]
216.227: [GC (Allocation Failure) 154139K->10553K(154752K), 0.0005490 secs]
216.294: [GC (Allocation Failure) 147758K->10553K(148608K), 0.0006260 secs]
216.359: [GC (Allocation Failure) 141749K->10651K(142848K), 0.0005380 secs]
216.419: [GC (Allocation Failure) 135985K->10651K(137344K), 0.0005020 secs]
216.480: [GC (Allocation Failure) 130467K->10651K(132096K), 0.0006990 secs]
216.537: [GC (Allocation Failure) 125253K->10651K(127040K), 0.0004890 secs]
216.592: [GC (Allocation Failure) 120232K->10748K(122368K), 0.0005830 secs]
216.645: [GC (Allocation Failure) 115602K->10748K(117824K), 0.0005000 secs]
216.696: [GC (Allocation Failure) 111077K->10748K(113536K), 0.0006960 secs]
216.744: [GC (Allocation Failure) 106721K->10732K(132416K), 0.0007240 secs]
216.802: [GC (Allocation Failure) 125723K->10846K(155264K), 0.0005360 secs]
216.870: [GC (Allocation Failure) 148631K->10846K(149120K), 0.0005330 secs]
216.935: [GC (Allocation Failure) 142455K->10846K(143296K), 0.0005430 secs]
216.996: [GC (Allocation Failure) 136643K->10846K(137664K), 0.0006770 secs]
217.058: [GC (Allocation Failure) 131024K->10944K(132480K), 0.0006830 secs]
217.114: [GC (Allocation Failure) 125938K->10944K(127488K), 0.0004960 secs]
217.170: [GC (Allocation Failure) 120905K->10944K(122752K), 0.0005490 secs]
217.223: [GC (Allocation Failure) 116208K->10944K(118144K), 0.0005520 secs]
217.274: [GC (Allocation Failure) 111673K->11041K(113920K), 0.0005430 secs]
217.323: [GC (Allocation Failure) 107452K->11041K(109824K), 0.0005400 secs]
217.368: [GC (Allocation Failure) 103306K->11041K(105920K), 0.0005560 secs]
217.412: [GC (Allocation Failure) 99461K->11041K(123328K), 0.0006670 secs]
217.466: [GC (Allocation Failure) 116942K->11139K(144256K), 0.0005420 secs]
217.529: [GC (Allocation Failure) 137829K->11123K(169280K), 0.0006730 secs]
217.606: [GC (Allocation Failure) 162865K->11139K(162432K), 0.0005480 secs]
217.676: [GC (Allocation Failure) 156026K->11139K(155904K), 0.0005080 secs]
217.744: [GC (Allocation Failure) 149593K->11237K(149824K), 0.0007090 secs]
217.811: [GC (Allocation Failure) 143521K->11237K(143936K), 0.0006290 secs]
217.874: [GC (Allocation Failure) 137635K->11237K(138368K), 0.0005580 secs]
217.935: [GC (Allocation Failure) 132062K->11237K(132992K), 0.0004300 secs]
217.994: [GC (Allocation Failure) 126808K->11334K(128000K), 0.0005920 secs]
218.050: [GC (Allocation Failure) 121797K->11334K(123200K), 0.0005540 secs]
218.103: [GC (Allocation Failure) 116980K->11334K(118656K), 0.0005490 secs]
218.152: [GC (Allocation Failure) 112430K->11334K(114240K), 0.0006680 secs]
218.200: [GC (Allocation Failure) 108108K->11432K(133440K), 0.0006380 secs]
218.259: [GC (Allocation Failure) 127388K->11432K(128384K), 0.0005060 secs]
218.312: [GC (Allocation Failure) 122300K->11432K(123584K), 0.0005560 secs]
218.363: [GC (Allocation Failure) 117468K->11432K(118976K), 0.0005080 secs]
218.415: [GC (Allocation Failure) 112930K->11530K(114688K), 0.0005450 secs]
218.461: [GC (Allocation Failure) 108695K->11530K(110528K), 0.0005120 secs]
218.506: [GC (Allocation Failure) 104585K->11530K(106624K), 0.0005420 secs]
218.551: [GC (Allocation Failure) 100655K->11530K(124160K), 0.0005120 secs]
218.605: [GC (Allocation Failure) 118261K->11627K(119616K), 0.0005430 secs]
218.654: [GC (Allocation Failure) 113727K->11627K(115264K), 0.0005030 secs]
218.702: [GC (Allocation Failure) 109411K->11627K(111104K), 0.0005500 secs]
218.749: [GC (Allocation Failure) 105184K->11627K(129536K), 0.0006320 secs]
218.805: [GC (Allocation Failure) 123681K->11725K(151744K), 0.0005500 secs]
218.872: [GC (Allocation Failure) 145993K->11823K(178240K), 0.0007220 secs]
218.950: [GC (Allocation Failure) 172558K->11823K(170944K), 0.0005360 secs]
219.028: [GC (Allocation Failure) 165207K->11823K(163968K), 0.0006700 secs]
219.103: [GC (Allocation Failure) 158363K->11920K(157440K), 0.0005470 secs]
219.172: [GC (Allocation Failure) 151887K->11920K(151168K), 0.0006820 secs]
219.239: [GC (Allocation Failure) 145597K->11920K(145216K), 0.0005460 secs]
219.300: [GC (Allocation Failure) 139605K->11920K(139520K), 0.0005190 secs]
219.363: [GC (Allocation Failure) 133978K->12018K(134208K), 0.0007020 secs]
219.421: [GC (Allocation Failure) 128684K->12018K(129088K), 0.0005040 secs]
219.476: [GC (Allocation Failure) 123568K->12018K(124224K), 0.0005680 secs]
219.527: [GC (Allocation Failure) 118750K->12018K(119552K), 0.0005070 secs]
219.577: [GC (Allocation Failure) 114104K->12116K(115264K), 0.0006910 secs]
219.627: [GC (Allocation Failure) 109903K->12116K(111104K), 0.0005540 secs]
219.673: [GC (Allocation Failure) 105673K->12116K(129600K), 0.0005560 secs]
219.726: [GC (Allocation Failure) 124156K->12116K(124672K), 0.0005070 secs]
219.778: [GC (Allocation Failure) 119344K->12213K(120128K), 0.0005490 secs]
219.829: [GC (Allocation Failure) 114808K->12213K(115712K), 0.0005060 secs]
219.881: [GC (Allocation Failure) 110385K->12197K(135104K), 0.0010330 secs]
219.942: [GC (Allocation Failure) 129829K->12213K(158272K), 0.0005060 secs]
220.011: [GC (Allocation Failure) 153070K->12311K(152064K), 0.0005470 secs]
220.075: [GC (Allocation Failure) 146887K->12311K(146112K), 0.0005080 secs]
220.139: [GC (Allocation Failure) 140878K->12311K(140416K), 0.0005550 secs]
220.202: [GC (Allocation Failure) 135252K->12311K(134976K), 0.0005100 secs]
220.261: [GC (Allocation Failure) 129837K->12409K(129920K), 0.0007380 secs]
220.317: [GC (Allocation Failure) 124836K->12409K(125056K), 0.0006460 secs]
220.373: [GC (Allocation Failure) 119982K->12409K(146304K), 0.0007200 secs]
220.438: [GC (Allocation Failure) 141176K->12393K(171584K), 0.0007340 secs]
220.514: [GC (Allocation Failure) 166623K->12506K(164736K), 0.0005420 secs]
220.584: [GC (Allocation Failure) 159761K->12506K(158144K), 0.0005420 secs]
220.655: [GC (Allocation Failure) 153170K->12506K(151872K), 0.0006090 secs]
220.723: [GC (Allocation Failure) 146849K->12506K(145856K), 0.0005150 secs]
220.788: [GC (Allocation Failure) 140948K->12604K(140224K), 0.0005680 secs]
220.849: [GC (Allocation Failure) 135334K->12604K(134848K), 0.0005080 secs]
220.906: [GC (Allocation Failure) 129925K->12604K(129728K), 0.0005640 secs]
220.960: [GC (Allocation Failure) 124859K->12604K(124800K), 0.0004940 secs]
221.012: [GC (Allocation Failure) 119908K->12702K(120256K), 0.0005610 secs]
221.061: [GC (Allocation Failure) 115457K->12702K(115840K), 0.0005600 secs]
221.111: [GC (Allocation Failure) 111068K->12702K(111616K), 0.0005710 secs]
221.159: [GC (Allocation Failure) 106750K->12686K(130112K), 0.0008090 secs]
221.215: [GC (Allocation Failure) 125407K->12799K(152512K), 0.0005990 secs]
221.283: [GC (Allocation Failure) 147753K->12799K(179136K), 0.0007070 secs]
221.360: [GC (Allocation Failure) 174426K->12799K(171840K), 0.0005900 secs]
221.437: [GC (Allocation Failure) 167123K->12783K(180096K), 0.0010700 secs]
221.519: [GC (Allocation Failure) 175387K->12897K(172800K), 0.0005640 secs]
221.593: [GC (Allocation Failure) 168218K->12897K(165632K), 0.0005450 secs]
221.666: [GC (Allocation Failure) 161222K->13092K(159296K), 0.0005190 secs]
221.738: [GC (Allocation Failure) 154716K->13092K(152832K), 0.0005550 secs]
221.805: [GC (Allocation Failure) 148431K->13092K(146816K), 0.0005550 secs]
221.869: [GC (Allocation Failure) 142417K->13092K(141120K), 0.0005490 secs]
221.931: [GC (Allocation Failure) 136738K->13092K(135680K), 0.0005620 secs]
221.991: [GC (Allocation Failure) 131296K->13092K(130496K), 0.0005550 secs]
222.045: [GC (Allocation Failure) 126098K->13092K(125568K), 0.0005470 secs]
222.096: [GC (Allocation Failure) 121102K->13092K(120896K), 0.0005520 secs]
222.148: [GC (Allocation Failure) 116455K->13092K(116480K), 0.0007130 secs]
222.197: [GC (Allocation Failure) 112048K->13092K(112192K), 0.0005550 secs]
222.245: [GC (Allocation Failure) 107834K->13190K(108224K), 0.0005430 secs]
222.290: [GC (Allocation Failure) 103889K->13190K(126144K), 0.0005150 secs]
222.344: [GC (Allocation Failure) 121769K->13190K(121472K), 0.0005540 secs]
222.394: [GC (Allocation Failure) 117162K->13190K(141888K), 0.0006470 secs]
222.455: [GC (Allocation Failure) 137589K->13288K(136448K), 0.0005540 secs]
222.519: [GC (Allocation Failure) 132220K->13272K(159936K), 0.0010080 secs]
222.592: [GC (Allocation Failure) 155699K->13288K(178368K), 0.0007390 secs]
222.671: [GC (Allocation Failure) 174093K->13288K(171008K), 0.0005590 secs]
222.749: [GC (Allocation Failure) 166729K->13288K(164096K), 0.0007920 secs]
222.822: [GC (Allocation Failure) 159840K->13288K(157440K), 0.0005430 secs]
222.893: [GC (Allocation Failure) 153264K->13385K(151232K), 0.0005850 secs]
222.957: [GC (Allocation Failure) 147129K->13385K(145280K), 0.0006810 secs]
223.021: [GC (Allocation Failure) 141115K->13369K(139648K), 0.0008230 secs]
223.081: [GC (Allocation Failure) 135482K->13385K(134208K), 0.0005200 secs]
223.137: [GC (Allocation Failure) 130145K->13483K(129152K), 0.0005610 secs]
223.197: [GC (Allocation Failure) 125117K->13483K(124288K), 0.0005950 secs]
223.249: [GC (Allocation Failure) 120205K->13483K(119680K), 0.0005580 secs]
223.300: [GC (Allocation Failure) 115667K->13483K(139776K), 0.0006610 secs]
223.359: [GC (Allocation Failure) 135826K->13581K(134464K), 0.0005880 secs]
223.419: [GC (Allocation Failure) 130526K->13581K(129344K), 0.0005700 secs]
223.479: [GC (Allocation Failure) 125422K->13581K(124480K), 0.0007200 secs]
223.536: [GC (Allocation Failure) 120559K->13565K(145536K), 0.0010610 secs]
223.600: [GC (Allocation Failure) 141739K->13678K(170944K), 0.0005490 secs]
223.676: [GC (Allocation Failure) 167147K->13678K(164032K), 0.0005500 secs]
223.750: [GC (Allocation Failure) 160232K->13678K(157440K), 0.0005660 secs]
223.818: [GC (Allocation Failure) 153559K->13678K(151104K), 0.0005180 secs]
223.883: [GC (Allocation Failure) 147349K->13776K(145216K), 0.0005470 secs]
223.944: [GC (Allocation Failure) 141464K->13776K(139584K), 0.0005220 secs]
224.002: [GC (Allocation Failure) 135846K->13776K(134208K), 0.0005760 secs]
224.060: [GC (Allocation Failure) 130424K->13776K(129024K), 0.0006740 secs]
224.116: [GC (Allocation Failure) 125331K->13874K(124224K), 0.0005580 secs]
224.168: [GC (Allocation Failure) 120593K->13874K(119616K), 0.0006170 secs]
224.224: [GC (Allocation Failure) 115976K->13874K(115264K), 0.0006980 secs]
224.273: [GC (Allocation Failure) 111651K->13874K(111040K), 0.0005150 secs]
224.320: [GC (Allocation Failure) 107416K->13971K(129600K), 0.0005540 secs]
224.381: [GC (Allocation Failure) 126081K->13955K(151808K), 0.0010330 secs]
224.446: [GC (Allocation Failure) 148222K->13971K(178304K), 0.0005720 secs]
224.525: [GC (Allocation Failure) 174717K->13971K(170944K), 0.0005210 secs]
224.600: [GC (Allocation Failure) 167447K->14069K(164096K), 0.0005640 secs]
224.670: [GC (Allocation Failure) 160650K->14053K(157504K), 0.0007160 secs]
224.739: [GC (Allocation Failure) 154034K->14069K(151232K), 0.0006370 secs]
224.803: [GC (Allocation Failure) 147746K->14069K(145216K), 0.0005300 secs]
224.867: [GC (Allocation Failure) 141851K->14167K(139648K), 0.0005710 secs]
224.927: [GC (Allocation Failure) 136339K->14167K(134272K), 0.0005150 secs]
224.983: [GC (Allocation Failure) 130891K->14167K(129152K), 0.0005590 secs]
225.041: [GC (Allocation Failure) 125802K->14167K(124224K), 0.0006700 secs]
225.096: [GC (Allocation Failure) 120962K->14248K(145344K), 0.0008700 secs]
225.158: [GC (Allocation Failure) 142120K->14264K(139712K), 0.0005240 secs]
225.216: [GC (Allocation Failure) 136453K->14264K(134336K), 0.0005750 secs]
225.274: [GC (Allocation Failure) 131115K->14264K(129152K), 0.0005230 secs]
225.328: [GC (Allocation Failure) 125998K->14362K(124352K), 0.0005800 secs]
225.379: [GC (Allocation Failure) 121199K->14346K(145408K), 0.0007260 secs]
225.440: [GC (Allocation Failure) 142218K->14362K(170624K), 0.0005970 secs]
225.516: [GC (Allocation Failure) 167432K->14362K(163648K), 0.0005240 secs]
225.591: [GC (Allocation Failure) 160517K->14460K(157184K), 0.0005670 secs]
225.661: [GC (Allocation Failure) 154127K->14460K(150976K), 0.0005270 secs]
225.728: [GC (Allocation Failure) 147941K->14460K(145024K), 0.0005830 secs]
225.789: [GC (Allocation Failure) 141942K->14460K(139328K), 0.0006670 secs]
225.849: [GC (Allocation Failure) 136335K->14557K(134016K), 0.0005510 secs]
225.904: [GC (Allocation Failure) 131023K->14557K(128960K), 0.0005380 secs]
225.957: [GC (Allocation Failure) 126010K->14557K(124096K), 0.0005860 secs]
226.012: [GC (Allocation Failure) 121179K->14557K(119424K), 0.0005290 secs]
226.060: [GC (Allocation Failure) 116571K->14655K(115136K), 0.0005820 secs]
226.107: [GC (Allocation Failure) 112237K->14655K(110976K), 0.0005250 secs]
226.151: [GC (Allocation Failure) 108105K->14655K(129472K), 0.0005710 secs]
226.211: [GC (Allocation Failure) 126589K->14639K(151488K), 0.0011660 secs]
226.279: [GC (Allocation Failure) 148715K->14753K(178112K), 0.0005620 secs]
226.360: [GC (Allocation Failure) 175376K->14753K(183232K), 0.0007920 secs]
226.447: [GC (Allocation Failure) 180402K->14753K(175680K), 0.0005680 secs]
226.523: [GC (Allocation Failure) 172936K->14757K(168320K), 0.0005590 secs]
226.599: [GC (Allocation Failure) 165743K->14952K(161856K), 0.0005350 secs]
226.671: [GC (Allocation Failure) 159165K->14952K(155264K), 0.0005690 secs]
226.739: [GC (Allocation Failure) 152668K->14952K(149120K), 0.0006290 secs]
226.805: [GC (Allocation Failure) 146565K->14952K(143296K), 0.0007110 secs]
226.868: [GC (Allocation Failure) 140769K->14952K(137728K), 0.0006890 secs]
226.927: [GC (Allocation Failure) 135163K->14952K(132480K), 0.0005620 secs]
226.988: [GC (Allocation Failure) 129940K->14952K(127488K), 0.0007500 secs]
227.044: [GC (Allocation Failure) 124920K->14952K(122688K), 0.0006380 secs]
227.098: [GC (Allocation Failure) 120178K->15050K(118208K), 0.0005750 secs]
227.147: [GC (Allocation Failure) 115774K->15050K(113920K), 0.0005560 secs]
227.194: [GC (Allocation Failure) 111460K->15050K(132992K), 0.0005730 secs]
227.251: [GC (Allocation Failure) 130533K->15050K(127872K), 0.0005770 secs]
227.304: [GC (Allocation Failure) 125419K->15147K(123136K), 0.0005430 secs]
227.354: [GC (Allocation Failure) 120714K->15147K(118592K), 0.0005230 secs]
227.403: [GC (Allocation Failure) 116174K->15147K(138560K), 0.0007340 secs]
227.463: [GC (Allocation Failure) 136156K->15147K(162368K), 0.0005340 secs]
227.532: [GC (Allocation Failure) 160053K->15245K(155968K), 0.0006650 secs]
227.603: [GC (Allocation Failure) 153740K->15245K(149824K), 0.0005340 secs]
227.666: [GC (Allocation Failure) 147547K->15245K(143936K), 0.0005830 secs]
227.735: [GC (Allocation Failure) 141648K->15229K(168768K), 0.0010970 secs]
227.812: [GC (Allocation Failure) 166598K->15343K(162112K), 0.0007500 secs]
227.887: [GC (Allocation Failure) 159961K->15327K(155648K), 0.0007700 secs]
227.956: [GC (Allocation Failure) 153418K->15343K(149504K), 0.0005960 secs]
228.022: [GC (Allocation Failure) 147331K->15343K(143616K), 0.0005400 secs]
228.085: [GC (Allocation Failure) 141540K->15425K(138112K), 0.0007950 secs]
228.145: [GC (Allocation Failure) 136020K->15441K(132800K), 0.0006760 secs]
228.204: [GC (Allocation Failure) 130730K->15441K(127744K), 0.0006640 secs]
228.260: [GC (Allocation Failure) 125710K->15441K(149440K), 0.0006820 secs]
228.325: [GC (Allocation Failure) 147461K->15538K(143680K), 0.0005750 secs]
228.388: [GC (Allocation Failure) 141662K->15538K(138112K), 0.0005550 secs]
228.453: [GC (Allocation Failure) 136128K->15538K(132800K), 0.0007480 secs]
228.510: [GC (Allocation Failure) 130831K->15538K(127680K), 0.0006930 secs]
228.565: [GC (Allocation Failure) 125785K->15636K(122944K), 0.0005730 secs]
228.620: [GC (Allocation Failure) 121092K->15636K(143744K), 0.0006910 secs]
228.682: [GC (Allocation Failure) 141826K->15636K(138176K), 0.0005890 secs]
228.744: [GC (Allocation Failure) 136307K->15636K(161920K), 0.0007120 secs]
228.818: [GC (Allocation Failure) 160123K->15718K(179776K), 0.0007960 secs]
228.898: [GC (Allocation Failure) 177926K->15734K(172352K), 0.0005640 secs]
228.977: [GC (Allocation Failure) 170572K->15734K(165376K), 0.0006730 secs]
229.051: [GC (Allocation Failure) 163623K->15718K(158592K), 0.0008160 secs]
229.122: [GC (Allocation Failure) 156892K->15831K(152384K), 0.0006680 secs]
229.192: [GC (Allocation Failure) 150661K->15831K(146368K), 0.0005700 secs]
229.253: [GC (Allocation Failure) 144687K->15831K(140672K), 0.0005840 secs]
229.315: [GC (Allocation Failure) 139028K->15831K(135168K), 0.0006960 secs]
229.372: [GC (Allocation Failure) 133579K->15929K(130112K), 0.0005940 secs]
229.426: [GC (Allocation Failure) 128559K->15929K(125248K), 0.0005330 secs]
229.477: [GC (Allocation Failure) 123641K->15929K(120576K), 0.0005990 secs]
229.526: [GC (Allocation Failure) 119030K->15929K(116096K), 0.0005350 secs]
229.576: [GC (Allocation Failure) 114591K->16027K(135680K), 0.0006730 secs]
229.638: [GC (Allocation Failure) 134138K->16027K(130496K), 0.0005350 secs]
229.700: [GC (Allocation Failure) 129029K->16027K(152832K), 0.0007790 secs]
229.768: [GC (Allocation Failure) 151373K->16027K(179456K), 0.0007180 secs]
229.852: [GC (Allocation Failure) 178019K->16124K(172160K), 0.0008270 secs]
229.929: [GC (Allocation Failure) 170756K->16124K(165184K), 0.0005430 secs]
230.003: [GC (Allocation Failure) 163744K->16124K(158528K), 0.0006010 secs]
230.073: [GC (Allocation Failure) 157179K->16128K(152192K), 0.0005390 secs]
230.137: [GC (Allocation Failure) 150890K->16226K(146240K), 0.0005890 secs]
230.199: [GC (Allocation Failure) 144987K->16226K(140544K), 0.0005380 secs]
230.259: [GC (Allocation Failure) 139277K->16226K(135104K), 0.0005930 secs]
230.315: [GC (Allocation Failure) 133774K->16226K(129920K), 0.0005350 secs]
230.369: [GC (Allocation Failure) 128736K->16324K(125120K), 0.0005710 secs]
230.422: [GC (Allocation Failure) 123941K->16324K(120448K), 0.0006080 secs]
230.479: [GC (Allocation Failure) 119299K->16308K(140800K), 0.0012520 secs]
230.543: [GC (Allocation Failure) 139631K->16324K(165120K), 0.0006970 secs]
230.615: [GC (Allocation Failure) 163973K->16421K(188288K), 0.0005880 secs]
230.702: [GC (Allocation Failure) 187102K->16519K(180480K), 0.0006080 secs]
230.782: [GC (Allocation Failure) 179517K->16519K(173120K), 0.0005820 secs]
230.856: [GC (Allocation Failure) 172133K->16519K(166016K), 0.0005690 secs]
230.929: [GC (Allocation Failure) 165123K->16617K(159424K), 0.0005680 secs]
231.001: [GC (Allocation Failure) 158541K->16617K(153088K), 0.0007160 secs]
231.067: [GC (Allocation Failure) 152141K->16617K(147072K), 0.0005950 secs]
231.129: [GC (Allocation Failure) 146161K->16617K(141248K), 0.0005410 secs]
231.191: [GC (Allocation Failure) 140449K->16714K(135872K), 0.0005820 secs]
231.252: [GC (Allocation Failure) 135041K->16698K(130688K), 0.0008130 secs]
231.309: [GC (Allocation Failure) 129895K->16714K(125760K), 0.0005960 secs]
231.360: [GC (Allocation Failure) 125002K->16714K(121024K), 0.0005480 secs]
231.416: [GC (Allocation Failure) 120294K->16812K(141568K), 0.0008230 secs]
231.477: [GC (Allocation Failure) 140843K->16812K(166016K), 0.0005950 secs]
231.551: [GC (Allocation Failure) 165324K->16812K(159360K), 0.0006910 secs]
231.621: [GC (Allocation Failure) 158624K->16812K(152960K), 0.0005490 secs]
231.689: [GC (Allocation Failure) 152342K->16910K(147008K), 0.0005730 secs]
231.753: [GC (Allocation Failure) 146349K->16910K(141312K), 0.0005340 secs]
231.816: [GC (Allocation Failure) 140661K->16910K(135872K), 0.0005920 secs]
231.874: [GC (Allocation Failure) 135256K->16910K(130624K), 0.0005970 secs]
231.931: [GC (Allocation Failure) 130092K->17007K(125760K), 0.0005780 secs]
231.986: [GC (Allocation Failure) 125214K->17007K(121088K), 0.0007030 secs]
232.039: [GC (Allocation Failure) 120583K->17007K(116608K), 0.0005930 secs]
232.090: [GC (Allocation Failure) 116062K->17007K(136128K), 0.0007010 secs]
232.152: [GC (Allocation Failure) 135632K->17105K(159616K), 0.0008300 secs]
232.222: [GC (Allocation Failure) 159236K->17105K(187648K), 0.0005420 secs]
232.306: [GC (Allocation Failure) 187199K->17105K(179904K), 0.0006720 secs]
232.389: [GC (Allocation Failure) 179504K->17105K(172480K), 0.0005440 secs]
232.466: [GC (Allocation Failure) 172110K->17203K(165568K), 0.0005850 secs]
232.539: [GC (Allocation Failure) 165299K->17203K(158912K), 0.0005940 secs]
232.606: [GC (Allocation Failure) 158635K->17203K(152576K), 0.0005950 secs]
232.676: [GC (Allocation Failure) 152222K->17203K(146496K), 0.0005520 secs]
232.677: [Full GC (Ergonomics) 17203K->847K(146432K), 0.0064500 secs]
232.747: [GC (Allocation Failure) 129902K->1075K(140800K), 0.0004770 secs]
232.807: [GC (Allocation Failure) 124370K->1075K(135360K), 0.0004420 secs]
232.863: [GC (Allocation Failure) 119018K->1075K(130176K), 0.0004630 secs]
232.918: [GC (Allocation Failure) 113797K->1075K(125184K), 0.0004290 secs]
232.973: [GC (Allocation Failure) 108870K->1172K(120576K), 0.0004700 secs]
233.026: [GC (Allocation Failure) 104314K->1172K(116160K), 0.0004320 secs]
233.076: [GC (Allocation Failure) 99898K->1172K(111936K), 0.0004990 secs]
233.125: [GC (Allocation Failure) 95604K->1156K(107776K), 0.0006690 secs]
233.171: [GC (Allocation Failure) 91652K->1270K(104064K), 0.0006490 secs]
233.215: [GC (Allocation Failure) 87830K->1270K(100416K), 0.0004620 secs]
233.256: [GC (Allocation Failure) 84182K->1270K(116800K), 0.0005640 secs]
233.306: [GC (Allocation Failure) 100622K->1270K(136320K), 0.0005300 secs]
233.363: [GC (Allocation Failure) 120196K->1368K(131200K), 0.0004720 secs]
233.420: [GC (Allocation Failure) 115157K->1368K(126272K), 0.0004410 secs]
233.472: [GC (Allocation Failure) 110166K->1368K(121536K), 0.0004960 secs]
233.525: [GC (Allocation Failure) 105408K->1368K(116992K), 0.0004340 secs]
233.573: [GC (Allocation Failure) 100991K->1465K(112768K), 0.0004760 secs]
233.620: [GC (Allocation Failure) 96756K->1465K(108736K), 0.0004550 secs]
233.664: [GC (Allocation Failure) 92758K->1465K(104896K), 0.0004710 secs]
233.708: [GC (Allocation Failure) 88914K->1465K(101184K), 0.0004730 secs]
233.749: [GC (Allocation Failure) 85286K->1563K(97792K), 0.0004730 secs]
233.792: [GC (Allocation Failure) 81937K->1563K(113664K), 0.0005540 secs]
233.838: [GC (Allocation Failure) 97759K->1563K(109568K), 0.0004820 secs]
233.882: [GC (Allocation Failure) 93715K->1563K(105600K), 0.0004360 secs]
233.924: [GC (Allocation Failure) 89800K->1661K(101952K), 0.0005010 secs]
233.965: [GC (Allocation Failure) 86156K->1661K(118720K), 0.0006450 secs]
234.016: [GC (Allocation Failure) 102891K->1661K(138752K), 0.0004880 secs]
234.075: [GC (Allocation Failure) 122957K->1661K(133376K), 0.0005240 secs]
234.132: [GC (Allocation Failure) 117629K->1758K(128384K), 0.0004760 secs]
234.186: [GC (Allocation Failure) 112725K->1758K(123584K), 0.0004350 secs]
234.240: [GC (Allocation Failure) 107903K->1758K(118976K), 0.0004860 secs]
234.291: [GC (Allocation Failure) 103292K->1758K(114560K), 0.0004400 secs]
234.337: [GC (Allocation Failure) 98944K->1856K(110464K), 0.0004670 secs]
234.381: [GC (Allocation Failure) 94910K->1856K(106560K), 0.0004310 secs]
234.424: [GC (Allocation Failure) 90979K->1856K(102784K), 0.0005200 secs]
234.465: [GC (Allocation Failure) 87137K->1856K(99136K), 0.0004360 secs]
234.510: [GC (Allocation Failure) 83602K->2051K(115328K), 0.0006400 secs]
234.558: [GC (Allocation Failure) 99924K->2051K(111168K), 0.0004410 secs]
234.603: [GC (Allocation Failure) 95802K->2051K(107200K), 0.0004770 secs]
234.647: [GC (Allocation Failure) 91756K->2051K(103360K), 0.0004720 secs]
234.691: [GC (Allocation Failure) 87999K->2149K(99840K), 0.0005050 secs]
234.732: [GC (Allocation Failure) 84573K->2149K(116096K), 0.0005330 secs]
234.784: [GC (Allocation Failure) 100787K->2247K(135616K), 0.0006890 secs]
234.843: [GC (Allocation Failure) 120374K->2247K(158912K), 0.0005350 secs]
234.911: [GC (Allocation Failure) 143796K->2328K(152640K), 0.0006200 secs]
234.978: [GC (Allocation Failure) 137465K->2344K(146624K), 0.0005410 secs]
235.040: [GC (Allocation Failure) 131559K->2344K(140928K), 0.0004990 secs]
235.103: [GC (Allocation Failure) 125838K->2328K(135360K), 0.0008000 secs]
235.162: [GC (Allocation Failure) 120352K->2442K(130304K), 0.0004720 secs]
235.221: [GC (Allocation Failure) 115249K->2442K(125376K), 0.0005860 secs]
235.275: [GC (Allocation Failure) 110349K->2442K(120704K), 0.0004990 secs]
235.324: [GC (Allocation Failure) 105724K->2442K(116224K), 0.0004600 secs]
235.371: [GC (Allocation Failure) 101290K->2540K(112064K), 0.0004870 secs]
235.416: [GC (Allocation Failure) 97170K->2540K(108032K), 0.0004570 secs]
235.464: [GC (Allocation Failure) 93148K->2524K(125952K), 0.0008190 secs]
235.520: [GC (Allocation Failure) 111028K->2540K(121216K), 0.0004730 secs]
235.573: [GC (Allocation Failure) 106410K->2637K(116800K), 0.0004950 secs]
235.626: [GC (Allocation Failure) 101976K->2637K(112576K), 0.0005560 secs]
235.673: [GC (Allocation Failure) 97755K->2637K(108544K), 0.0004880 secs]
235.719: [GC (Allocation Failure) 93724K->2637K(104640K), 0.0004520 secs]
235.761: [GC (Allocation Failure) 89893K->2735K(101056K), 0.0004780 secs]
235.804: [GC (Allocation Failure) 86334K->2735K(117568K), 0.0005800 secs]
235.857: [GC (Allocation Failure) 102876K->2735K(137280K), 0.0006190 secs]
235.920: [GC (Allocation Failure) 122552K->2735K(131968K), 0.0005610 secs]
235.977: [GC (Allocation Failure) 117305K->2833K(127040K), 0.0004740 secs]
236.033: [GC (Allocation Failure) 112411K->2833K(122304K), 0.0004450 secs]
236.083: [GC (Allocation Failure) 107700K->2833K(117760K), 0.0004910 secs]
236.133: [GC (Allocation Failure) 103152K->2833K(113408K), 0.0004440 secs]
236.181: [GC (Allocation Failure) 98850K->2931K(109376K), 0.0005920 secs]
236.227: [GC (Allocation Failure) 94893K->2931K(105472K), 0.0004480 secs]
236.269: [GC (Allocation Failure) 90969K->2915K(122880K), 0.0006700 secs]
236.319: [GC (Allocation Failure) 108350K->2931K(118272K), 0.0004510 secs]
236.367: [GC (Allocation Failure) 103857K->3028K(113984K), 0.0004840 secs]
236.416: [GC (Allocation Failure) 99515K->3028K(109888K), 0.0004560 secs]
236.463: [GC (Allocation Failure) 95485K->3028K(105984K), 0.0005250 secs]
236.508: [GC (Allocation Failure) 91558K->3028K(102208K), 0.0005380 secs]
236.550: [GC (Allocation Failure) 87826K->3126K(98752K), 0.0004840 secs]
236.589: [GC (Allocation Failure) 84378K->3126K(114816K), 0.0004480 secs]
236.639: [GC (Allocation Failure) 100504K->3126K(110656K), 0.0005280 secs]
236.685: [GC (Allocation Failure) 96369K->3126K(129024K), 0.0005450 secs]
236.740: [GC (Allocation Failure) 114771K->3224K(124224K), 0.0005090 secs]
236.795: [GC (Allocation Failure) 109961K->3224K(119616K), 0.0004810 secs]
236.844: [GC (Allocation Failure) 105428K->3224K(115200K), 0.0005060 secs]
236.894: [GC (Allocation Failure) 101007K->3224K(110976K), 0.0004780 secs]
236.942: [GC (Allocation Failure) 96779K->3321K(107072K), 0.0005130 secs]
236.985: [GC (Allocation Failure) 92931K->3321K(103296K), 0.0004450 secs]
237.030: [GC (Allocation Failure) 89196K->3321K(99712K), 0.0004930 secs]
237.070: [GC (Allocation Failure) 85539K->3321K(115904K), 0.0005610 secs]
237.122: [GC (Allocation Failure) 101862K->3419K(135424K), 0.0006010 secs]
237.183: [GC (Allocation Failure) 121347K->3419K(130240K), 0.0005490 secs]
237.242: [GC (Allocation Failure) 116228K->3419K(125312K), 0.0004960 secs]
237.294: [GC (Allocation Failure) 111225K->3419K(120576K), 0.0005430 secs]
237.346: [GC (Allocation Failure) 106606K->3517K(116224K), 0.0004860 secs]
237.396: [GC (Allocation Failure) 102279K->3517K(112000K), 0.0004970 secs]
237.442: [GC (Allocation Failure) 98044K->3517K(107968K), 0.0004950 secs]
237.486: [GC (Allocation Failure) 94023K->3517K(104064K), 0.0005450 secs]
237.530: [GC (Allocation Failure) 90177K->3614K(100480K), 0.0004850 secs]
237.573: [GC (Allocation Failure) 86636K->3614K(116864K), 0.0005850 secs]
237.624: [GC (Allocation Failure) 103055K->3614K(112640K), 0.0005020 secs]
237.670: [GC (Allocation Failure) 98834K->3614K(108544K), 0.0004660 secs]
237.713: [GC (Allocation Failure) 94789K->3712K(104768K), 0.0004800 secs]
237.756: [GC (Allocation Failure) 91059K->3712K(121984K), 0.0004940 secs]
237.808: [GC (Allocation Failure) 108280K->3712K(117504K), 0.0004980 secs]
237.856: [GC (Allocation Failure) 103754K->3712K(113152K), 0.0004530 secs]
237.904: [GC (Allocation Failure) 99432K->3810K(109120K), 0.0005710 secs]
237.949: [GC (Allocation Failure) 95495K->3810K(105280K), 0.0004530 secs]
237.993: [GC (Allocation Failure) 91640K->3794K(122688K), 0.0008410 secs]
238.044: [GC (Allocation Failure) 109046K->3794K(143360K), 0.0006320 secs]
238.106: [GC (Allocation Failure) 129814K->3907K(168320K), 0.0004790 secs]
238.185: [GC (Allocation Failure) 154761K->3907K(161536K), 0.0004840 secs]
238.257: [GC (Allocation Failure) 148012K->3907K(155072K), 0.0004860 secs]
238.327: [GC (Allocation Failure) 141480K->3907K(148864K), 0.0005720 secs]
238.393: [GC (Allocation Failure) 135418K->4005K(143104K), 0.0005370 secs]
238.455: [GC (Allocation Failure) 129621K->4005K(137536K), 0.0004590 secs]
238.514: [GC (Allocation Failure) 124097K->4005K(132288K), 0.0006170 secs]
238.573: [GC (Allocation Failure) 118869K->4005K(127232K), 0.0004530 secs]
238.625: [GC (Allocation Failure) 113840K->4103K(122560K), 0.0005060 secs]
238.678: [GC (Allocation Failure) 109234K->4103K(118016K), 0.0004560 secs]
238.729: [GC (Allocation Failure) 104635K->4103K(113728K), 0.0006090 secs]
238.781: [GC (Allocation Failure) 100381K->4087K(132608K), 0.0008330 secs]
238.841: [GC (Allocation Failure) 119359K->4200K(127680K), 0.0004860 secs]
238.894: [GC (Allocation Failure) 114465K->4200K(122880K), 0.0005880 secs]
238.947: [GC (Allocation Failure) 109647K->4184K(118336K), 0.0006360 secs]
238.998: [GC (Allocation Failure) 105101K->4200K(113920K), 0.0004900 secs]
239.044: [GC (Allocation Failure) 100771K->4298K(109888K), 0.0005910 secs]
239.089: [GC (Allocation Failure) 96745K->4298K(105984K), 0.0004600 secs]
239.134: [GC (Allocation Failure) 92834K->4298K(102272K), 0.0005390 secs]
239.175: [GC (Allocation Failure) 89068K->4298K(98688K), 0.0004540 secs]
239.217: [GC (Allocation Failure) 85547K->4396K(114880K), 0.0006020 secs]
239.265: [GC (Allocation Failure) 101779K->4396K(134144K), 0.0004510 secs]
239.320: [GC (Allocation Failure) 121067K->4396K(129024K), 0.0005120 secs]
239.373: [GC (Allocation Failure) 115957K->4396K(124096K), 0.0004560 secs]
239.427: [GC (Allocation Failure) 111097K->4493K(119552K), 0.0005000 secs]
239.477: [GC (Allocation Failure) 106612K->4493K(115200K), 0.0004510 secs]
239.527: [GC (Allocation Failure) 102241K->4493K(111040K), 0.0005160 secs]
239.574: [GC (Allocation Failure) 98044K->4493K(107008K), 0.0004560 secs]
239.621: [GC (Allocation Failure) 94092K->4591K(103296K), 0.0005940 secs]
239.665: [GC (Allocation Failure) 90464K->4591K(99712K), 0.0005580 secs]
239.706: [GC (Allocation Failure) 86826K->4591K(115968K), 0.0005050 secs]
239.760: [GC (Allocation Failure) 103054K->4575K(135296K), 0.0008550 secs]
239.818: [GC (Allocation Failure) 122511K->4689K(158720K), 0.0004830 secs]
239.888: [GC (Allocation Failure) 145948K->4689K(152384K), 0.0004910 secs]
239.956: [GC (Allocation Failure) 139640K->4689K(146368K), 0.0006570 secs]
240.022: [GC (Allocation Failure) 133613K->4689K(140608K), 0.0005660 secs]
240.085: [GC (Allocation Failure) 127927K->4770K(135232K), 0.0006430 secs]
240.142: [GC (Allocation Failure) 122509K->4786K(130048K), 0.0004600 secs]
240.200: [GC (Allocation Failure) 117413K->4786K(125120K), 0.0006280 secs]
240.254: [GC (Allocation Failure) 112496K->4786K(120384K), 0.0004590 secs]
240.303: [GC (Allocation Failure) 107774K->4884K(116032K), 0.0005010 secs]
240.352: [GC (Allocation Failure) 103445K->4884K(111808K), 0.0005580 secs]
240.399: [GC (Allocation Failure) 99229K->4884K(107776K), 0.0004990 secs]
240.442: [GC (Allocation Failure) 95185K->4884K(103936K), 0.0004560 secs]
240.486: [GC (Allocation Failure) 91430K->4982K(100352K), 0.0005400 secs]
240.527: [GC (Allocation Failure) 87884K->4982K(96896K), 0.0004650 secs]
240.566: [GC (Allocation Failure) 84463K->4982K(112576K), 0.0005100 secs]
240.614: [GC (Allocation Failure) 100105K->4982K(108480K), 0.0004620 secs]
240.660: [GC (Allocation Failure) 96077K->5079K(126528K), 0.0005700 secs]
240.716: [GC (Allocation Failure) 114169K->5079K(121792K), 0.0004630 secs]
240.768: [GC (Allocation Failure) 109439K->5079K(117312K), 0.0005370 secs]
240.818: [GC (Allocation Failure) 104907K->5079K(112960K), 0.0004660 secs]
240.866: [GC (Allocation Failure) 100695K->5177K(108992K), 0.0005170 secs]
240.914: [GC (Allocation Failure) 96759K->5177K(105152K), 0.0005660 secs]
240.963: [GC (Allocation Failure) 92920K->5161K(122496K), 0.0008990 secs]
241.018: [GC (Allocation Failure) 110245K->5177K(143232K), 0.0005600 secs]
241.084: [GC (Allocation Failure) 131053K->5275K(137728K), 0.0005210 secs]
241.141: [GC (Allocation Failure) 125574K->5275K(132480K), 0.0004600 secs]
241.200: [GC (Allocation Failure) 120334K->5275K(127488K), 0.0006440 secs]
241.255: [GC (Allocation Failure) 115272K->5275K(122624K), 0.0004770 secs]
241.312: [GC (Allocation Failure) 110521K->5470K(143424K), 0.0009840 secs]
241.381: [GC (Allocation Failure) 131479K->5470K(168256K), 0.0005810 secs]
241.455: [GC (Allocation Failure) 156254K->5470K(161472K), 0.0004980 secs]
241.527: [GC (Allocation Failure) 149477K->5470K(154944K), 0.0004650 secs]
241.597: [GC (Allocation Failure) 143063K->5568K(148864K), 0.0004920 secs]
241.664: [GC (Allocation Failure) 136980K->5568K(143040K), 0.0004880 secs]
241.724: [GC (Allocation Failure) 131180K->5568K(137472K), 0.0005230 secs]
241.786: [GC (Allocation Failure) 125553K->5568K(132160K), 0.0005860 secs]
241.843: [GC (Allocation Failure) 120359K->5665K(127232K), 0.0005080 secs]
241.897: [GC (Allocation Failure) 115447K->5665K(122496K), 0.0005700 secs]
241.951: [GC (Allocation Failure) 110715K->5665K(117952K), 0.0004990 secs]
242.002: [GC (Allocation Failure) 106174K->5665K(113600K), 0.0005710 secs]
242.049: [GC (Allocation Failure) 101869K->5747K(109568K), 0.0006500 secs]
242.094: [GC (Allocation Failure) 97841K->5763K(105664K), 0.0004670 secs]
242.136: [GC (Allocation Failure) 93997K->5763K(101952K), 0.0005100 secs]
242.178: [GC (Allocation Failure) 90234K->5747K(118592K), 0.0008740 secs]
242.229: [GC (Allocation Failure) 106962K->5861K(138752K), 0.0004980 secs]
242.288: [GC (Allocation Failure) 127152K->5861K(162752K), 0.0005670 secs]
242.363: [GC (Allocation Failure) 151150K->5861K(156224K), 0.0005050 secs]
242.432: [GC (Allocation Failure) 144618K->5861K(149952K), 0.0004750 secs]
242.502: [GC (Allocation Failure) 138451K->5958K(144128K), 0.0005610 secs]
242.564: [GC (Allocation Failure) 132658K->5958K(138560K), 0.0004660 secs]
242.624: [GC (Allocation Failure) 127040K->5958K(133248K), 0.0005230 secs]
242.680: [GC (Allocation Failure) 121739K->5958K(128128K), 0.0005760 secs]
242.738: [GC (Allocation Failure) 116703K->6056K(123392K), 0.0006170 secs]
242.795: [GC (Allocation Failure) 112039K->6056K(118848K), 0.0005830 secs]
242.848: [GC (Allocation Failure) 107452K->6056K(114496K), 0.0005960 secs]
242.895: [GC (Allocation Failure) 103141K->6056K(110272K), 0.0004710 secs]
242.941: [GC (Allocation Failure) 98984K->6154K(106432K), 0.0006190 secs]
242.986: [GC (Allocation Failure) 95140K->6154K(124032K), 0.0005550 secs]
243.039: [GC (Allocation Failure) 112762K->6154K(119424K), 0.0005160 secs]
243.089: [GC (Allocation Failure) 108153K->6154K(115008K), 0.0004710 secs]
243.139: [GC (Allocation Failure) 103747K->6251K(110912K), 0.0005010 secs]
243.188: [GC (Allocation Failure) 99702K->6251K(106944K), 0.0006070 secs]
243.234: [GC (Allocation Failure) 95769K->6251K(103168K), 0.0005020 secs]
243.278: [GC (Allocation Failure) 91925K->6251K(120000K), 0.0005070 secs]
243.327: [GC (Allocation Failure) 108853K->6349K(115648K), 0.0005070 secs]
243.377: [GC (Allocation Failure) 104518K->6349K(111488K), 0.0004610 secs]
243.425: [GC (Allocation Failure) 100379K->6349K(107520K), 0.0005160 secs]
243.469: [GC (Allocation Failure) 96454K->6349K(103680K), 0.0004610 secs]
243.510: [GC (Allocation Failure) 92614K->6447K(100160K), 0.0004920 secs]
243.552: [GC (Allocation Failure) 89174K->6447K(116480K), 0.0005760 secs]
243.601: [GC (Allocation Failure) 105473K->6447K(136000K), 0.0005140 secs]
243.661: [GC (Allocation Failure) 124983K->6447K(130752K), 0.0004720 secs]
243.718: [GC (Allocation Failure) 119762K->6544K(125888K), 0.0005030 secs]
243.772: [GC (Allocation Failure) 114949K->6544K(121216K), 0.0006010 secs]
243.825: [GC (Allocation Failure) 110313K->6544K(116736K), 0.0005150 secs]
243.875: [GC (Allocation Failure) 105788K->6544K(112448K), 0.0005010 secs]
243.924: [GC (Allocation Failure) 101639K->6642K(108480K), 0.0005050 secs]
243.967: [GC (Allocation Failure) 97632K->6642K(104640K), 0.0004640 secs]
244.011: [GC (Allocation Failure) 93793K->6642K(100992K), 0.0005110 secs]
244.055: [GC (Allocation Failure) 90129K->6642K(97472K), 0.0005110 secs]
244.094: [GC (Allocation Failure) 86703K->6740K(113344K), 0.0005060 secs]
244.140: [GC (Allocation Failure) 102647K->6740K(132288K), 0.0004560 secs]
244.197: [GC (Allocation Failure) 121530K->6724K(154944K), 0.0006620 secs]
244.263: [GC (Allocation Failure) 144248K->6740K(148736K), 0.0005820 secs]
244.329: [GC (Allocation Failure) 138040K->6837K(142976K), 0.0005090 secs]
244.393: [GC (Allocation Failure) 132329K->6837K(137472K), 0.0004710 secs]
244.453: [GC (Allocation Failure) 126808K->6837K(132224K), 0.0005170 secs]
244.507: [GC (Allocation Failure) 121639K->6837K(127168K), 0.0004880 secs]
244.561: [GC (Allocation Failure) 116614K->6935K(122496K), 0.0005060 secs]
244.613: [GC (Allocation Failure) 111991K->6935K(117952K), 0.0005890 secs]
244.663: [GC (Allocation Failure) 107455K->6935K(113664K), 0.0005390 secs]
244.709: [GC (Allocation Failure) 103139K->6935K(109504K), 0.0004710 secs]
244.754: [GC (Allocation Failure) 98999K->7033K(105664K), 0.0005130 secs]
244.797: [GC (Allocation Failure) 95259K->7017K(123072K), 0.0006260 secs]
244.850: [GC (Allocation Failure) 112667K->7033K(143936K), 0.0005190 secs]
244.910: [GC (Allocation Failure) 133530K->7033K(138304K), 0.0004790 secs]
244.972: [GC (Allocation Failure) 127915K->7130K(133056K), 0.0006820 secs]
245.035: [GC (Allocation Failure) 122764K->7130K(128000K), 0.0004750 secs]
245.088: [GC (Allocation Failure) 117648K->7130K(123200K), 0.0005310 secs]
245.139: [GC (Allocation Failure) 112879K->7130K(118592K), 0.0004740 secs]
245.189: [GC (Allocation Failure) 108326K->7228K(114304K), 0.0005020 secs]
245.239: [GC (Allocation Failure) 104087K->7228K(110208K), 0.0004790 secs]
245.286: [GC (Allocation Failure) 99984K->7228K(106304K), 0.0006400 secs]
245.330: [GC (Allocation Failure) 96056K->7228K(102528K), 0.0004720 secs]
245.376: [GC (Allocation Failure) 92315K->7310K(119488K), 0.0009190 secs]
245.427: [GC (Allocation Failure) 109325K->7326K(139648K), 0.0004730 secs]
245.485: [GC (Allocation Failure) 129495K->7326K(163712K), 0.0005600 secs]
245.559: [GC (Allocation Failure) 153598K->7326K(157120K), 0.0004800 secs]
245.631: [GC (Allocation Failure) 147073K->7423K(150976K), 0.0005160 secs]
245.696: [GC (Allocation Failure) 140990K->7423K(145024K), 0.0004770 secs]
245.759: [GC (Allocation Failure) 135003K->7423K(139392K), 0.0005150 secs]
245.817: [GC (Allocation Failure) 129407K->7423K(133952K), 0.0004730 secs]
245.872: [GC (Allocation Failure) 123985K->7521K(128896K), 0.0006430 secs]
245.934: [GC (Allocation Failure) 118950K->7505K(124032K), 0.0008720 secs]
245.987: [GC (Allocation Failure) 114116K->7521K(119424K), 0.0005220 secs]
246.038: [GC (Allocation Failure) 109495K->7505K(139392K), 0.0006720 secs]
246.096: [GC (Allocation Failure) 129576K->7619K(134144K), 0.0006360 secs]
246.156: [GC (Allocation Failure) 124275K->7619K(129024K), 0.0005090 secs]
246.211: [GC (Allocation Failure) 119232K->7619K(124160K), 0.0005150 secs]
246.264: [GC (Allocation Failure) 114346K->7619K(119488K), 0.0004740 secs]
246.314: [GC (Allocation Failure) 109726K->7700K(115200K), 0.0007140 secs]
246.364: [GC (Allocation Failure) 105470K->7716K(111040K), 0.0004800 secs]
246.416: [GC (Allocation Failure) 101258K->7716K(129536K), 0.0009650 secs]
246.472: [GC (Allocation Failure) 119753K->7716K(151616K), 0.0005040 secs]
246.536: [GC (Allocation Failure) 141898K->7814K(145728K), 0.0005100 secs]
246.601: [GC (Allocation Failure) 136077K->7814K(140032K), 0.0004760 secs]
246.659: [GC (Allocation Failure) 130377K->7798K(134656K), 0.0006820 secs]
246.717: [GC (Allocation Failure) 125012K->7814K(129472K), 0.0004780 secs]
246.774: [GC (Allocation Failure) 119936K->7912K(124672K), 0.0005190 secs]
246.828: [GC (Allocation Failure) 115126K->7912K(120064K), 0.0004910 secs]
246.877: [GC (Allocation Failure) 110521K->7912K(115648K), 0.0005160 secs]
246.926: [GC (Allocation Failure) 106132K->7912K(111424K), 0.0005900 secs]
246.974: [GC (Allocation Failure) 101938K->7993K(130048K), 0.0006860 secs]
247.031: [GC (Allocation Failure) 120569K->8009K(152256K), 0.0006050 secs]
247.098: [GC (Allocation Failure) 142857K->8009K(146240K), 0.0005270 secs]
247.160: [GC (Allocation Failure) 136837K->8009K(140480K), 0.0004870 secs]
247.223: [GC (Allocation Failure) 131128K->8107K(135104K), 0.0005820 secs]
247.283: [GC (Allocation Failure) 125741K->8107K(129984K), 0.0004770 secs]
247.340: [GC (Allocation Failure) 120617K->8107K(125120K), 0.0005230 secs]
247.391: [GC (Allocation Failure) 115817K->8107K(120384K), 0.0004810 secs]
247.441: [GC (Allocation Failure) 111107K->8205K(116032K), 0.0005180 secs]
247.488: [GC (Allocation Failure) 106753K->8205K(111808K), 0.0004850 secs]
247.536: [GC (Allocation Failure) 102519K->8205K(107776K), 0.0005280 secs]
247.579: [GC (Allocation Failure) 98507K->8205K(103936K), 0.0004780 secs]
247.627: [GC (Allocation Failure) 94742K->8302K(121088K), 0.0006650 secs]
247.679: [GC (Allocation Failure) 111964K->8302K(116608K), 0.0004930 secs]
247.728: [GC (Allocation Failure) 107459K->8302K(136192K), 0.0006940 secs]
247.788: [GC (Allocation Failure) 127002K->8302K(130944K), 0.0004900 secs]
247.844: [GC (Allocation Failure) 121809K->8384K(153408K), 0.0006850 secs]
247.912: [GC (Allocation Failure) 144332K->8400K(147328K), 0.0005900 secs]
247.975: [GC (Allocation Failure) 138319K->8400K(141568K), 0.0005310 secs]
248.036: [GC (Allocation Failure) 132523K->8400K(136064K), 0.0004980 secs]
248.094: [GC (Allocation Failure) 127088K->8498K(130944K), 0.0005120 secs]
248.151: [GC (Allocation Failure) 122006K->8498K(126016K), 0.0004820 secs]
248.206: [GC (Allocation Failure) 117046K->8498K(121344K), 0.0006460 secs]
248.263: [GC (Allocation Failure) 112381K->8482K(141696K), 0.0009410 secs]
248.324: [GC (Allocation Failure) 132825K->8595K(136320K), 0.0005160 secs]
248.385: [GC (Allocation Failure) 127431K->8595K(131136K), 0.0005510 secs]
248.442: [GC (Allocation Failure) 122273K->8595K(126208K), 0.0005290 secs]
248.497: [GC (Allocation Failure) 117388K->8595K(121408K), 0.0004840 secs]
248.552: [GC (Allocation Failure) 112578K->8693K(142016K), 0.0009630 secs]
248.612: [GC (Allocation Failure) 133227K->8693K(166592K), 0.0006050 secs]
248.687: [GC (Allocation Failure) 157821K->8693K(159872K), 0.0005240 secs]
248.755: [GC (Allocation Failure) 151137K->8693K(153408K), 0.0004690 secs]
248.821: [GC (Allocation Failure) 144719K->8791K(147392K), 0.0005220 secs]
248.884: [GC (Allocation Failure) 138748K->8791K(141632K), 0.0005310 secs]
248.946: [GC (Allocation Failure) 132931K->8791K(136192K), 0.0005160 secs]
249.006: [GC (Allocation Failure) 127485K->8791K(130944K), 0.0004940 secs]
249.060: [GC (Allocation Failure) 122370K->8888K(126080K), 0.0005290 secs]
249.119: [GC (Allocation Failure) 117485K->8888K(121408K), 0.0006150 secs]
249.173: [GC (Allocation Failure) 112860K->8888K(116928K), 0.0006620 secs]
249.223: [GC (Allocation Failure) 108332K->8888K(112640K), 0.0004920 secs]
249.273: [GC (Allocation Failure) 104093K->8986K(108672K), 0.0005250 secs]
249.319: [GC (Allocation Failure) 100157K->8986K(104832K), 0.0005380 secs]
249.362: [GC (Allocation Failure) 96410K->8970K(122112K), 0.0006950 secs]
249.415: [GC (Allocation Failure) 113626K->8986K(142720K), 0.0004960 secs]
249.477: [GC (Allocation Failure) 134298K->9084K(137280K), 0.0005330 secs]
249.537: [GC (Allocation Failure) 128952K->9068K(132032K), 0.0006540 secs]
249.597: [GC (Allocation Failure) 123635K->9084K(127040K), 0.0004720 secs]
249.649: [GC (Allocation Failure) 118703K->9084K(122240K), 0.0005380 secs]
249.702: [GC (Allocation Failure) 113942K->9182K(117760K), 0.0005210 secs]
249.753: [GC (Allocation Failure) 109493K->9182K(113472K), 0.0005240 secs]
249.802: [GC (Allocation Failure) 105157K->9182K(109376K), 0.0006660 secs]
249.850: [GC (Allocation Failure) 101119K->9182K(105408K), 0.0004880 secs]
249.897: [GC (Allocation Failure) 97204K->9279K(122880K), 0.0006860 secs]
249.948: [GC (Allocation Failure) 114655K->9279K(143680K), 0.0006240 secs]
250.010: [GC (Allocation Failure) 135493K->9279K(138112K), 0.0005310 secs]
250.067: [GC (Allocation Failure) 129979K->9279K(132736K), 0.0004890 secs]
250.124: [GC (Allocation Failure) 124664K->9377K(127744K), 0.0005420 secs]
250.177: [GC (Allocation Failure) 119651K->9377K(122944K), 0.0006290 secs]
250.231: [GC (Allocation Failure) 114825K->9361K(143744K), 0.0007120 secs]
250.293: [GC (Allocation Failure) 135667K->9377K(138112K), 0.0004890 secs]
250.360: [GC (Allocation Failure) 130076K->9475K(132864K), 0.0006170 secs]
250.416: [GC (Allocation Failure) 124846K->9475K(127808K), 0.0005350 secs]
250.473: [GC (Allocation Failure) 119822K->9475K(123008K), 0.0005350 secs]
250.526: [GC (Allocation Failure) 115008K->9459K(143680K), 0.0009290 secs]
250.590: [GC (Allocation Failure) 135826K->9572K(164352K), 0.0005860 secs]
250.664: [GC (Allocation Failure) 156404K->9572K(157696K), 0.0005400 secs]
250.731: [GC (Allocation Failure) 149834K->9572K(151424K), 0.0005430 secs]
250.795: [GC (Allocation Failure) 143543K->9572K(145408K), 0.0005110 secs]
250.858: [GC (Allocation Failure) 137633K->9670K(139840K), 0.0005350 secs]
250.918: [GC (Allocation Failure) 132089K->9670K(134464K), 0.0004950 secs]
250.977: [GC (Allocation Failure) 126724K->9670K(129344K), 0.0005370 secs]
251.036: [GC (Allocation Failure) 121578K->9670K(124416K), 0.0006160 secs]
251.088: [GC (Allocation Failure) 116664K->9768K(119872K), 0.0006350 secs]
251.141: [GC (Allocation Failure) 112160K->9768K(115456K), 0.0004870 secs]
251.191: [GC (Allocation Failure) 107729K->9768K(111296K), 0.0005380 secs]
251.238: [GC (Allocation Failure) 103646K->9768K(107264K), 0.0006180 secs]
251.288: [GC (Allocation Failure) 99654K->9963K(125056K), 0.0007410 secs]
251.341: [GC (Allocation Failure) 117577K->9947K(146368K), 0.0007080 secs]
251.406: [GC (Allocation Failure) 138887K->9963K(167744K), 0.0005400 secs]
251.481: [GC (Allocation Failure) 160185K->9963K(160896K), 0.0004940 secs]
251.549: [GC (Allocation Failure) 153369K->9963K(154496K), 0.0005300 secs]
251.618: [GC (Allocation Failure) 146955K->9963K(148352K), 0.0005730 secs]
251.684: [GC (Allocation Failure) 140963K->10061K(142592K), 0.0005490 secs]
251.747: [GC (Allocation Failure) 135172K->10061K(137088K), 0.0004970 secs]
251.806: [GC (Allocation Failure) 129736K->10045K(131840K), 0.0007860 secs]
251.860: [GC (Allocation Failure) 124445K->10061K(126784K), 0.0005170 secs]
251.913: [GC (Allocation Failure) 119431K->10158K(122112K), 0.0005410 secs]
251.963: [GC (Allocation Failure) 114811K->10158K(117632K), 0.0004940 secs]
252.011: [GC (Allocation Failure) 110379K->10158K(113344K), 0.0005490 secs]
252.058: [GC (Allocation Failure) 106060K->10158K(132224K), 0.0006190 secs]
252.115: [GC (Allocation Failure) 125034K->10256K(127296K), 0.0005710 secs]
252.171: [GC (Allocation Failure) 120135K->10256K(122560K), 0.0004970 secs]
252.224: [GC (Allocation Failure) 115399K->10256K(118016K), 0.0005520 secs]
252.275: [GC (Allocation Failure) 110787K->10256K(113664K), 0.0004980 secs]
252.323: [GC (Allocation Failure) 106557K->10354K(109632K), 0.0006090 secs]
252.368: [GC (Allocation Failure) 102523K->10354K(127872K), 0.0004960 secs]
252.424: [GC (Allocation Failure) 120721K->10338K(149760K), 0.0011410 secs]
252.490: [GC (Allocation Failure) 142664K->10354K(170304K), 0.0005370 secs]
252.564: [GC (Allocation Failure) 163219K->10451K(163456K), 0.0005340 secs]
252.636: [GC (Allocation Failure) 156429K->10451K(156736K), 0.0005240 secs]
252.702: [GC (Allocation Failure) 149939K->10647K(150720K), 0.0004950 secs]
252.765: [GC (Allocation Failure) 143926K->10647K(144832K), 0.0005440 secs]
252.831: [GC (Allocation Failure) 138026K->10647K(139200K), 0.0005400 secs]
252.892: [GC (Allocation Failure) 132420K->10647K(133824K), 0.0006620 secs]
252.949: [GC (Allocation Failure) 127004K->10647K(128768K), 0.0005370 secs]
253.003: [GC (Allocation Failure) 121972K->10647K(123904K), 0.0005430 secs]
253.054: [GC (Allocation Failure) 117140K->10647K(119296K), 0.0005720 secs]
253.104: [GC (Allocation Failure) 112533K->10647K(114880K), 0.0005030 secs]
253.150: [GC (Allocation Failure) 108129K->10744K(110784K), 0.0005370 secs]
253.198: [GC (Allocation Failure) 104104K->10744K(106816K), 0.0005350 secs]
253.243: [GC (Allocation Failure) 100142K->10744K(103040K), 0.0005400 secs]
253.284: [GC (Allocation Failure) 96316K->10744K(119872K), 0.0005600 secs]
253.337: [GC (Allocation Failure) 113212K->10842K(140160K), 0.0005940 secs]
253.399: [GC (Allocation Failure) 133512K->10842K(134784K), 0.0004950 secs]
253.455: [GC (Allocation Failure) 128192K->10842K(129664K), 0.0005460 secs]
253.508: [GC (Allocation Failure) 123075K->10842K(124736K), 0.0006240 secs]
253.563: [GC (Allocation Failure) 118168K->10940K(120192K), 0.0005430 secs]
253.614: [GC (Allocation Failure) 113723K->10940K(115776K), 0.0005430 secs]
253.661: [GC (Allocation Failure) 109284K->10940K(111552K), 0.0005460 secs]
253.710: [GC (Allocation Failure) 105057K->10940K(107520K), 0.0005090 secs]
253.756: [GC (Allocation Failure) 101046K->11037K(125376K), 0.0006180 secs]
253.813: [GC (Allocation Failure) 118948K->11037K(146688K), 0.0006470 secs]
253.880: [GC (Allocation Failure) 140290K->11037K(168192K), 0.0007160 secs]
253.956: [GC (Allocation Failure) 161743K->11037K(161344K), 0.0005230 secs]
254.027: [GC (Allocation Failure) 154936K->11037K(154880K), 0.0005380 secs]
254.096: [GC (Allocation Failure) 148450K->11037K(148672K), 0.0005360 secs]
254.165: [GC (Allocation Failure) 142350K->11119K(171968K), 0.0011480 secs]
254.243: [GC (Allocation Failure) 165552K->11135K(164928K), 0.0005160 secs]
254.313: [GC (Allocation Failure) 158592K->11135K(158336K), 0.0005370 secs]
254.382: [GC (Allocation Failure) 152001K->11135K(152000K), 0.0005210 secs]
254.450: [GC (Allocation Failure) 145768K->11233K(146112K), 0.0006120 secs]
254.515: [GC (Allocation Failure) 139892K->11233K(140416K), 0.0005810 secs]
254.578: [GC (Allocation Failure) 134189K->11233K(135040K), 0.0005540 secs]
254.636: [GC (Allocation Failure) 128783K->11233K(129856K), 0.0005620 secs]
254.690: [GC (Allocation Failure) 123676K->11330K(125056K), 0.0005320 secs]
254.744: [GC (Allocation Failure) 118909K->11330K(120384K), 0.0006520 secs]
254.794: [GC (Allocation Failure) 114219K->11330K(115968K), 0.0005470 secs]
254.845: [GC (Allocation Failure) 109886K->11314K(135296K), 0.0007220 secs]
254.904: [GC (Allocation Failure) 129255K->11526K(158656K), 0.0005920 secs]
254.971: [GC (Allocation Failure) 152680K->11526K(152320K), 0.0005280 secs]
255.044: [GC (Allocation Failure) 146383K->11526K(146304K), 0.0007130 secs]
255.110: [GC (Allocation Failure) 140370K->11526K(140544K), 0.0006490 secs]
255.169: [GC (Allocation Failure) 134677K->11623K(135168K), 0.0005350 secs]
255.226: [GC (Allocation Failure) 129331K->11623K(130048K), 0.0006250 secs]
255.282: [GC (Allocation Failure) 124245K->11623K(125120K), 0.0005530 secs]
255.335: [GC (Allocation Failure) 119330K->11623K(120384K), 0.0005080 secs]
255.384: [GC (Allocation Failure) 114607K->11721K(116032K), 0.0005730 secs]
255.434: [GC (Allocation Failure) 110266K->11721K(135488K), 0.0006490 secs]
255.492: [GC (Allocation Failure) 129760K->11721K(130304K), 0.0005520 secs]
255.548: [GC (Allocation Failure) 124546K->11721K(125312K), 0.0005130 secs]
255.601: [GC (Allocation Failure) 119644K->11803K(146688K), 0.0008230 secs]
255.664: [GC (Allocation Failure) 141055K->11819K(140992K), 0.0005110 secs]
255.723: [GC (Allocation Failure) 135389K->11819K(135552K), 0.0005650 secs]
255.781: [GC (Allocation Failure) 129955K->11819K(130304K), 0.0005050 secs]
255.837: [GC (Allocation Failure) 124742K->11916K(125440K), 0.0005420 secs]
255.889: [GC (Allocation Failure) 119932K->11916K(120768K), 0.0005030 secs]
255.939: [GC (Allocation Failure) 115196K->11916K(116352K), 0.0005420 secs]
255.989: [GC (Allocation Failure) 110777K->11916K(112064K), 0.0005080 secs]
256.035: [GC (Allocation Failure) 106558K->12014K(108096K), 0.0005500 secs]
256.080: [GC (Allocation Failure) 102610K->12014K(126016K), 0.0005610 secs]
256.132: [GC (Allocation Failure) 120610K->12014K(147456K), 0.0005680 secs]
256.196: [GC (Allocation Failure) 142000K->12014K(141632K), 0.0005950 secs]
256.260: [GC (Allocation Failure) 136256K->12112K(136256K), 0.0005470 secs]
256.319: [GC (Allocation Failure) 130921K->12112K(131072K), 0.0005150 secs]
256.375: [GC (Allocation Failure) 125736K->12096K(153536K), 0.0008180 secs]
256.444: [GC (Allocation Failure) 148219K->12112K(147392K), 0.0005950 secs]
256.509: [GC (Allocation Failure) 142131K->12209K(141696K), 0.0005290 secs]
256.573: [GC (Allocation Failure) 136437K->12209K(136256K), 0.0006460 secs]
256.631: [GC (Allocation Failure) 130988K->12209K(131072K), 0.0007090 secs]
256.688: [GC (Allocation Failure) 125812K->12209K(126080K), 0.0006450 secs]
256.744: [GC (Allocation Failure) 120900K->12307K(121408K), 0.0006320 secs]
256.794: [GC (Allocation Failure) 116266K->12307K(116928K), 0.0005630 secs]
256.850: [GC (Allocation Failure) 111746K->12307K(136576K), 0.0007200 secs]
256.909: [GC (Allocation Failure) 131426K->12307K(131264K), 0.0005010 secs]
256.966: [GC (Allocation Failure) 126210K->12405K(126336K), 0.0006840 secs]
257.021: [GC (Allocation Failure) 121267K->12405K(121600K), 0.0005100 secs]
257.073: [GC (Allocation Failure) 116564K->12389K(142208K), 0.0010440 secs]
257.136: [GC (Allocation Failure) 137122K->12405K(166784K), 0.0005750 secs]
257.208: [GC (Allocation Failure) 161817K->12502K(160128K), 0.0005500 secs]
257.275: [GC (Allocation Failure) 155134K->12502K(153728K), 0.0005090 secs]
257.340: [GC (Allocation Failure) 148742K->12502K(147648K), 0.0005610 secs]
257.404: [GC (Allocation Failure) 142729K->12502K(141824K), 0.0006270 secs]
257.464: [GC (Allocation Failure) 136938K->12600K(136384K), 0.0005700 secs]
257.524: [GC (Allocation Failure) 131520K->12600K(131200K), 0.0005800 secs]
257.579: [GC (Allocation Failure) 126385K->12600K(126272K), 0.0005580 secs]
257.635: [GC (Allocation Failure) 121367K->12600K(121472K), 0.0006520 secs]
257.688: [GC (Allocation Failure) 116664K->12698K(117056K), 0.0005560 secs]
257.740: [GC (Allocation Failure) 112331K->12698K(136704K), 0.0006510 secs]
257.797: [GC (Allocation Failure) 131912K->12698K(131456K), 0.0005580 secs]
257.853: [GC (Allocation Failure) 126707K->12698K(126400K), 0.0005530 secs]
257.906: [GC (Allocation Failure) 121691K->12795K(121728K), 0.0005470 secs]
257.956: [GC (Allocation Failure) 117074K->12795K(117248K), 0.0005130 secs]
258.003: [GC (Allocation Failure) 112543K->12795K(112960K), 0.0005540 secs]
258.052: [GC (Allocation Failure) 108294K->12795K(131776K), 0.0005820 secs]
258.110: [GC (Allocation Failure) 127175K->12893K(154432K), 0.0008240 secs]
258.184: [GC (Allocation Failure) 149886K->12893K(169152K), 0.0007180 secs]
258.257: [GC (Allocation Failure) 164575K->12893K(162304K), 0.0005680 secs]
258.326: [GC (Allocation Failure) 157788K->12893K(155648K), 0.0005460 secs]
258.396: [GC (Allocation Failure) 151278K->13088K(149824K), 0.0006620 secs]
258.460: [GC (Allocation Failure) 145308K->13088K(143808K), 0.0005790 secs]
258.523: [GC (Allocation Failure) 139466K->13088K(138240K), 0.0005550 secs]
258.584: [GC (Allocation Failure) 133860K->13088K(132928K), 0.0005520 secs]
258.642: [GC (Allocation Failure) 128535K->13072K(155712K), 0.0010720 secs]
258.713: [GC (Allocation Failure) 151371K->13088K(149568K), 0.0006880 secs]
258.778: [GC (Allocation Failure) 145171K->13088K(143680K), 0.0005600 secs]
258.841: [GC (Allocation Failure) 139267K->13088K(138048K), 0.0005250 secs]
258.903: [GC (Allocation Failure) 133789K->13186K(132800K), 0.0005540 secs]
258.959: [GC (Allocation Failure) 128563K->13186K(127744K), 0.0005690 secs]
259.016: [GC (Allocation Failure) 123440K->13186K(122944K), 0.0005520 secs]
259.068: [GC (Allocation Failure) 118710K->13186K(118336K), 0.0005210 secs]
259.120: [GC (Allocation Failure) 114086K->13284K(114048K), 0.0007110 secs]
259.167: [GC (Allocation Failure) 109863K->13284K(109952K), 0.0005240 secs]
259.214: [GC (Allocation Failure) 105744K->13479K(128256K), 0.0007460 secs]
259.269: [GC (Allocation Failure) 124322K->13479K(150080K), 0.0005210 secs]
259.336: [GC (Allocation Failure) 146143K->13577K(144256K), 0.0006170 secs]
259.401: [GC (Allocation Failure) 140375K->13577K(138688K), 0.0005210 secs]
259.459: [GC (Allocation Failure) 134857K->13577K(133376K), 0.0005630 secs]
259.514: [GC (Allocation Failure) 129464K->13577K(128256K), 0.0005190 secs]
259.568: [GC (Allocation Failure) 124433K->13674K(123520K), 0.0006400 secs]
259.621: [GC (Allocation Failure) 119704K->13674K(144448K), 0.0006580 secs]
259.683: [GC (Allocation Failure) 140663K->13674K(138816K), 0.0005710 secs]
259.741: [GC (Allocation Failure) 135064K->13674K(133440K), 0.0005130 secs]
259.799: [GC (Allocation Failure) 129743K->13772K(128448K), 0.0005610 secs]
259.852: [GC (Allocation Failure) 124731K->13772K(123648K), 0.0005390 secs]
259.907: [GC (Allocation Failure) 119923K->13772K(119040K), 0.0007330 secs]
259.958: [GC (Allocation Failure) 115391K->13772K(114624K), 0.0005160 secs]
260.007: [GC (Allocation Failure) 110957K->13870K(133888K), 0.0006190 secs]
260.067: [GC (Allocation Failure) 130318K->13870K(128832K), 0.0005260 secs]
260.122: [GC (Allocation Failure) 125294K->13870K(123968K), 0.0005670 secs]
260.174: [GC (Allocation Failure) 120408K->13870K(119296K), 0.0005190 secs]
260.223: [GC (Allocation Failure) 115786K->13967K(115008K), 0.0005630 secs]
260.269: [GC (Allocation Failure) 111550K->13967K(110848K), 0.0005140 secs]
260.315: [GC (Allocation Failure) 107319K->13967K(129280K), 0.0007260 secs]
260.371: [GC (Allocation Failure) 125811K->13967K(151296K), 0.0005210 secs]
260.439: [GC (Allocation Failure) 147824K->14065K(165824K), 0.0007210 secs]
260.512: [GC (Allocation Failure) 162408K->14065K(159104K), 0.0007100 secs]
260.583: [GC (Allocation Failure) 155676K->14065K(152768K), 0.0006610 secs]
260.651: [GC (Allocation Failure) 149407K->14065K(146688K), 0.0005280 secs]
260.715: [GC (Allocation Failure) 143317K->14163K(141056K), 0.0005700 secs]
260.777: [GC (Allocation Failure) 137802K->14163K(135616K), 0.0005220 secs]
260.839: [GC (Allocation Failure) 132348K->14163K(130432K), 0.0005770 secs]
260.895: [GC (Allocation Failure) 127164K->14163K(125440K), 0.0006680 secs]
260.948: [GC (Allocation Failure) 122171K->14260K(120832K), 0.0005820 secs]
261.001: [GC (Allocation Failure) 117633K->14260K(141248K), 0.0006940 secs]
261.061: [GC (Allocation Failure) 138080K->14260K(135808K), 0.0005970 secs]
261.120: [GC (Allocation Failure) 132593K->14260K(130560K), 0.0005400 secs]
261.178: [GC (Allocation Failure) 127384K->14456K(125696K), 0.0006130 secs]
261.233: [GC (Allocation Failure) 122743K->14456K(121024K), 0.0005250 secs]
261.282: [GC (Allocation Failure) 118031K->14456K(116544K), 0.0005870 secs]
261.332: [GC (Allocation Failure) 113586K->14456K(112256K), 0.0005310 secs]
261.378: [GC (Allocation Failure) 109285K->14537K(131072K), 0.0009020 secs]
261.433: [GC (Allocation Failure) 128147K->14553K(153536K), 0.0005760 secs]
261.503: [GC (Allocation Failure) 150661K->14553K(176512K), 0.0006590 secs]
261.589: [GC (Allocation Failure) 173583K->14537K(180480K), 0.0012930 secs]
261.671: [GC (Allocation Failure) 177512K->14553K(180480K), 0.0005580 secs]
261.751: [GC (Allocation Failure) 177554K->14553K(173056K), 0.0005360 secs]
261.833: [GC (Allocation Failure) 170174K->14553K(166016K), 0.0005660 secs]
261.906: [GC (Allocation Failure) 163150K->14553K(159296K), 0.0005400 secs]
261.975: [GC (Allocation Failure) 156491K->14651K(153024K), 0.0005600 secs]
262.044: [GC (Allocation Failure) 150192K->14651K(147008K), 0.0005310 secs]
262.108: [GC (Allocation Failure) 144176K->14651K(141248K), 0.0007150 secs]
262.170: [GC (Allocation Failure) 138463K->14651K(135744K), 0.0005240 secs]
262.229: [GC (Allocation Failure) 132960K->14749K(130624K), 0.0005570 secs]
262.284: [GC (Allocation Failure) 127944K->14749K(125696K), 0.0006680 secs]
262.339: [GC (Allocation Failure) 122952K->14749K(121024K), 0.0005730 secs]
262.392: [GC (Allocation Failure) 118286K->14749K(116480K), 0.0006870 secs]
262.441: [GC (Allocation Failure) 113881K->14846K(136064K), 0.0005700 secs]
262.497: [GC (Allocation Failure) 133469K->14846K(130880K), 0.0005190 secs]
262.554: [GC (Allocation Failure) 128275K->14846K(125952K), 0.0005870 secs]
262.608: [GC (Allocation Failure) 123346K->14830K(147264K), 0.0009020 secs]
262.672: [GC (Allocation Failure) 144756K->14944K(173120K), 0.0008290 secs]
262.748: [GC (Allocation Failure) 170571K->14944K(203840K), 0.0005710 secs]
262.858: [GC (Allocation Failure) 201287K->14944K(195264K), 0.0007390 secs]
262.945: [GC (Allocation Failure) 192776K->14944K(187072K), 0.0006850 secs]
263.032: [GC (Allocation Failure) 184578K->15042K(179392K), 0.0007760 secs]
263.112: [GC (Allocation Failure) 176943K->15042K(172032K), 0.0005590 secs]
263.189: [GC (Allocation Failure) 169576K->15042K(165056K), 0.0005730 secs]
263.259: [GC (Allocation Failure) 162683K->15042K(158336K), 0.0005320 secs]
263.333: [GC (Allocation Failure) 156006K->15139K(152128K), 0.0008060 secs]
263.398: [GC (Allocation Failure) 149787K->15139K(146112K), 0.0005320 secs]
263.465: [GC (Allocation Failure) 143787K->15139K(140416K), 0.0007320 secs]
263.528: [GC (Allocation Failure) 138071K->15139K(134976K), 0.0005820 secs]
263.587: [GC (Allocation Failure) 132683K->15237K(129920K), 0.0005740 secs]
263.641: [GC (Allocation Failure) 127736K->15237K(125056K), 0.0005270 secs]
263.696: [GC (Allocation Failure) 122850K->15237K(120384K), 0.0006660 secs]
263.746: [GC (Allocation Failure) 118131K->15237K(115904K), 0.0005340 secs]
263.794: [GC (Allocation Failure) 113704K->15319K(135488K), 0.0012400 secs]
263.859: [GC (Allocation Failure) 133335K->15319K(158848K), 0.0010510 secs]
263.930: [GC (Allocation Failure) 156759K->15335K(186816K), 0.0005710 secs]
264.016: [GC (Allocation Failure) 184735K->15335K(209728K), 0.0007770 secs]
264.116: [GC (Allocation Failure) 207621K->15433K(200960K), 0.0006660 secs]
264.208: [GC (Allocation Failure) 198980K->15433K(192384K), 0.0005870 secs]
264.291: [GC (Allocation Failure) 190537K->15628K(184576K), 0.0005350 secs]
264.371: [GC (Allocation Failure) 182750K->15628K(176960K), 0.0005680 secs]
264.447: [GC (Allocation Failure) 175086K->15628K(169728K), 0.0005650 secs]
264.522: [GC (Allocation Failure) 167905K->15628K(162880K), 0.0005630 secs]
264.591: [GC (Allocation Failure) 161026K->15628K(156352K), 0.0005650 secs]
264.660: [GC (Allocation Failure) 154526K->15628K(150144K), 0.0005590 secs]
264.723: [GC (Allocation Failure) 148298K->15628K(144256K), 0.0005730 secs]
264.789: [GC (Allocation Failure) 142415K->15628K(138624K), 0.0005420 secs]
264.850: [GC (Allocation Failure) 136895K->15726K(133376K), 0.0005710 secs]
264.909: [GC (Allocation Failure) 131663K->15726K(128320K), 0.0006990 secs]
264.965: [GC (Allocation Failure) 126569K->15726K(123520K), 0.0007380 secs]
265.020: [GC (Allocation Failure) 121805K->15726K(144384K), 0.0007250 secs]
265.082: [GC (Allocation Failure) 142677K->15823K(138816K), 0.0005740 secs]
265.143: [GC (Allocation Failure) 137186K->15823K(133504K), 0.0007020 secs]
265.201: [GC (Allocation Failure) 131901K->15827K(156416K), 0.0007370 secs]
265.271: [GC (Allocation Failure) 154808K->15827K(150144K), 0.0005350 secs]
265.334: [GC (Allocation Failure) 148622K->15925K(144320K), 0.0005790 secs]
265.397: [GC (Allocation Failure) 142813K->15925K(138688K), 0.0005340 secs]
265.457: [GC (Allocation Failure) 137190K->15909K(133376K), 0.0007940 secs]
265.515: [GC (Allocation Failure) 131866K->15925K(128256K), 0.0005400 secs]
265.571: [GC (Allocation Failure) 126776K->16023K(123520K), 0.0006220 secs]
265.622: [GC (Allocation Failure) 122060K->16023K(118912K), 0.0005310 secs]
265.672: [GC (Allocation Failure) 117452K->16023K(114560K), 0.0005730 secs]
265.719: [GC (Allocation Failure) 113112K->16023K(133696K), 0.0006770 secs]
265.782: [GC (Allocation Failure) 132298K->16120K(156736K), 0.0005690 secs]
265.850: [GC (Allocation Failure) 155430K->16120K(150528K), 0.0005330 secs]
265.919: [GC (Allocation Failure) 149199K->16120K(144640K), 0.0005830 secs]
265.983: [GC (Allocation Failure) 143283K->16120K(138944K), 0.0006960 secs]
266.047: [GC (Allocation Failure) 137664K->16218K(133696K), 0.0005780 secs]
266.103: [GC (Allocation Failure) 132488K->16218K(128640K), 0.0005440 secs]
266.159: [GC (Allocation Failure) 127424K->16218K(123840K), 0.0005760 secs]
266.213: [GC (Allocation Failure) 122633K->16218K(119168K), 0.0005470 secs]
266.262: [GC (Allocation Failure) 117992K->16316K(114880K), 0.0005750 secs]
266.311: [GC (Allocation Failure) 113770K->16316K(110720K), 0.0005420 secs]
266.355: [GC (Allocation Failure) 109564K->16316K(129152K), 0.0005870 secs]
266.410: [GC (Allocation Failure) 127970K->16300K(151168K), 0.0011250 secs]
266.478: [GC (Allocation Failure) 150150K->16413K(177792K), 0.0007350 secs]
266.561: [GC (Allocation Failure) 176749K->16413K(206336K), 0.0007480 secs]
266.654: [GC (Allocation Failure) 205185K->16413K(197632K), 0.0007630 secs]
266.741: [GC (Allocation Failure) 196606K->16413K(189184K), 0.0005610 secs]
266.829: [GC (Allocation Failure) 188334K->16609K(181696K), 0.0006930 secs]
266.910: [GC (Allocation Failure) 180690K->16609K(174144K), 0.0005770 secs]
266.988: [GC (Allocation Failure) 173267K->16609K(167040K), 0.0007620 secs]
267.062: [GC (Allocation Failure) 166199K->16609K(160320K), 0.0005710 secs]
267.130: [GC (Allocation Failure) 159448K->16609K(153920K), 0.0005800 secs]
267.198: [GC (Allocation Failure) 153054K->16609K(147840K), 0.0007320 secs]
267.266: [GC (Allocation Failure) 147033K->16609K(142080K), 0.0005900 secs]
267.326: [GC (Allocation Failure) 141238K->16613K(136512K), 0.0005960 secs]
267.382: [GC (Allocation Failure) 135737K->16710K(131328K), 0.0006050 secs]
267.439: [GC (Allocation Failure) 130609K->16710K(126336K), 0.0006890 secs]
267.496: [GC (Allocation Failure) 125606K->16710K(147840K), 0.0007870 secs]
267.563: [GC (Allocation Failure) 147049K->16710K(173504K), 0.0006980 secs]
267.642: [GC (Allocation Failure) 172787K->16808K(166528K), 0.0007420 secs]
267.717: [GC (Allocation Failure) 165831K->16808K(159808K), 0.0006940 secs]
267.789: [GC (Allocation Failure) 159123K->16808K(153472K), 0.0005870 secs]
267.856: [GC (Allocation Failure) 152870K->16808K(147328K), 0.0005480 secs]
267.918: [GC (Allocation Failure) 146772K->16906K(141632K), 0.0005690 secs]
267.980: [GC (Allocation Failure) 141032K->16906K(136192K), 0.0005470 secs]
268.040: [GC (Allocation Failure) 135637K->16906K(131008K), 0.0006770 secs]
268.098: [GC (Allocation Failure) 130429K->16906K(126016K), 0.0005950 secs]
268.150: [GC (Allocation Failure) 125506K->17003K(121408K), 0.0005760 secs]
268.201: [GC (Allocation Failure) 120957K->17003K(116928K), 0.0005980 secs]
268.252: [GC (Allocation Failure) 116460K->17003K(112704K), 0.0006040 secs]
268.300: [GC (Allocation Failure) 112222K->17003K(131456K), 0.0006820 secs]
268.357: [GC (Allocation Failure) 131095K->17101K(154048K), 0.0005860 secs]
268.426: [GC (Allocation Failure) 153721K->17101K(147968K), 0.0005420 secs]
268.489: [GC (Allocation Failure) 147620K->17101K(142208K), 0.0005910 secs]
268.548: [GC (Allocation Failure) 141827K->17101K(136640K), 0.0005630 secs]
268.549: [Full GC (Ergonomics) 17101K->847K(136640K), 0.0064650 secs]
268.615: [GC (Allocation Failure) 120062K->1075K(131456K), 0.0004760 secs]
268.671: [GC (Allocation Failure) 115087K->1075K(126464K), 0.0004450 secs]
268.725: [GC (Allocation Failure) 110067K->1075K(121728K), 0.0004770 secs]
268.778: [GC (Allocation Failure) 105343K->1075K(117184K), 0.0004280 secs]
268.826: [GC (Allocation Failure) 100824K->1172K(112960K), 0.0004690 secs]
268.871: [GC (Allocation Failure) 96665K->1172K(108928K), 0.0004360 secs]
268.916: [GC (Allocation Failure) 92644K->1172K(105088K), 0.0005780 secs]
268.961: [GC (Allocation Failure) 88822K->1172K(101376K), 0.0004340 secs]
269.004: [GC (Allocation Failure) 85144K->1270K(97920K), 0.0006140 secs]
269.044: [GC (Allocation Failure) 81713K->1270K(113792K), 0.0004550 secs]
269.093: [GC (Allocation Failure) 97631K->1270K(109696K), 0.0005180 secs]
269.138: [GC (Allocation Failure) 93524K->1270K(105728K), 0.0004370 secs]
269.187: [GC (Allocation Failure) 89589K->1352K(123264K), 0.0007840 secs]
269.242: [GC (Allocation Failure) 107185K->1368K(118720K), 0.0004340 secs]
269.292: [GC (Allocation Failure) 102588K->1352K(138752K), 0.0008140 secs]
269.353: [GC (Allocation Failure) 122635K->1368K(133376K), 0.0004350 secs]
269.410: [GC (Allocation Failure) 117351K->1465K(128384K), 0.0005670 secs]
269.465: [GC (Allocation Failure) 112423K->1465K(123584K), 0.0004320 secs]
269.518: [GC (Allocation Failure) 107602K->1465K(118976K), 0.0004770 secs]
269.570: [GC (Allocation Failure) 102988K->1465K(114560K), 0.0004390 secs]
269.616: [GC (Allocation Failure) 98660K->1547K(110464K), 0.0006050 secs]
269.663: [GC (Allocation Failure) 94576K->1563K(106496K), 0.0004390 secs]
269.707: [GC (Allocation Failure) 90564K->1563K(102720K), 0.0004790 secs]
269.747: [GC (Allocation Failure) 86822K->1563K(99072K), 0.0004370 secs]
269.789: [GC (Allocation Failure) 83195K->1645K(115264K), 0.0005720 secs]
269.836: [GC (Allocation Failure) 99421K->1661K(111104K), 0.0004400 secs]
269.881: [GC (Allocation Failure) 95304K->1661K(107136K), 0.0004800 secs]
269.926: [GC (Allocation Failure) 91375K->1661K(103296K), 0.0005290 secs]
269.969: [GC (Allocation Failure) 87530K->1758K(99776K), 0.0004670 secs]
270.010: [GC (Allocation Failure) 84065K->1758K(96384K), 0.0004500 secs]
270.052: [GC (Allocation Failure) 80726K->1758K(112000K), 0.0006030 secs]
270.098: [GC (Allocation Failure) 96295K->1758K(130624K), 0.0004390 secs]
270.152: [GC (Allocation Failure) 114967K->1856K(125760K), 0.0004830 secs]
270.206: [GC (Allocation Failure) 110144K->1856K(121088K), 0.0004390 secs]
270.257: [GC (Allocation Failure) 105534K->1856K(116608K), 0.0004780 secs]
270.307: [GC (Allocation Failure) 100979K->1856K(112320K), 0.0004450 secs]
270.352: [GC (Allocation Failure) 96784K->1954K(108352K), 0.0005800 secs]
270.396: [GC (Allocation Failure) 92845K->1938K(126336K), 0.0005600 secs]
270.451: [GC (Allocation Failure) 110837K->1954K(121600K), 0.0005210 secs]
270.502: [GC (Allocation Failure) 106125K->1954K(117056K), 0.0004420 secs]
270.554: [GC (Allocation Failure) 101601K->2051K(112832K), 0.0005710 secs]
270.601: [GC (Allocation Failure) 97459K->2051K(108800K), 0.0004370 secs]
270.646: [GC (Allocation Failure) 93346K->2051K(104960K), 0.0004760 secs]
270.688: [GC (Allocation Failure) 89507K->2051K(101248K), 0.0004540 secs]
270.728: [GC (Allocation Failure) 85862K->2149K(97792K), 0.0004940 secs]
270.772: [GC (Allocation Failure) 82514K->2133K(113728K), 0.0007560 secs]
270.824: [GC (Allocation Failure) 98425K->2149K(132736K), 0.0005990 secs]
270.881: [GC (Allocation Failure) 117435K->2149K(155392K), 0.0004450 secs]
270.949: [GC (Allocation Failure) 140146K->2247K(149312K), 0.0004800 secs]
271.018: [GC (Allocation Failure) 134126K->2247K(143488K), 0.0004430 secs]
271.081: [GC (Allocation Failure) 128306K->2247K(137920K), 0.0004910 secs]
271.141: [GC (Allocation Failure) 122740K->2247K(132544K), 0.0005290 secs]
271.198: [GC (Allocation Failure) 117416K->2344K(127552K), 0.0005230 secs]
271.254: [GC (Allocation Failure) 112485K->2344K(122752K), 0.0005310 secs]
271.305: [GC (Allocation Failure) 107596K->2344K(118208K), 0.0004870 secs]
271.354: [GC (Allocation Failure) 103063K->2344K(113856K), 0.0005350 secs]
271.404: [GC (Allocation Failure) 98832K->2442K(109824K), 0.0005200 secs]
271.449: [GC (Allocation Failure) 94801K->2442K(105920K), 0.0005280 secs]
271.491: [GC (Allocation Failure) 90873K->2442K(102208K), 0.0004760 secs]
271.531: [GC (Allocation Failure) 87232K->2442K(98624K), 0.0004400 secs]
271.570: [GC (Allocation Failure) 83695K->2540K(95296K), 0.0004610 secs]
271.608: [GC (Allocation Failure) 80334K->2540K(110720K), 0.0005380 secs]
271.655: [GC (Allocation Failure) 95791K->2540K(129152K), 0.0004820 secs]
271.712: [GC (Allocation Failure) 114270K->2540K(124224K), 0.0004470 secs]
271.766: [GC (Allocation Failure) 109369K->2637K(119680K), 0.0004790 secs]
271.824: [GC (Allocation Failure) 104847K->2637K(115264K), 0.0004450 secs]
271.871: [GC (Allocation Failure) 100486K->2637K(111104K), 0.0005240 secs]
271.921: [GC (Allocation Failure) 96274K->2637K(107072K), 0.0005420 secs]
271.966: [GC (Allocation Failure) 92348K->2735K(103360K), 0.0004720 secs]
272.007: [GC (Allocation Failure) 88613K->2735K(99776K), 0.0004430 secs]
272.047: [GC (Allocation Failure) 85032K->2735K(96384K), 0.0004900 secs]
272.087: [GC (Allocation Failure) 81679K->2735K(93056K), 0.0004580 secs]
272.123: [GC (Allocation Failure) 78445K->2833K(108096K), 0.0004890 secs]
272.169: [GC (Allocation Failure) 93506K->2833K(126016K), 0.0005410 secs]
272.226: [GC (Allocation Failure) 111435K->2833K(121344K), 0.0004890 secs]
272.279: [GC (Allocation Failure) 106704K->2833K(116800K), 0.0004650 secs]
272.330: [GC (Allocation Failure) 102280K->2931K(112640K), 0.0005430 secs]
272.378: [GC (Allocation Failure) 98160K->2931K(108608K), 0.0005350 secs]
272.423: [GC (Allocation Failure) 94114K->2931K(104768K), 0.0004850 secs]
272.465: [GC (Allocation Failure) 90215K->2931K(101056K), 0.0004490 secs]
272.505: [GC (Allocation Failure) 86640K->3028K(97664K), 0.0004920 secs]
272.550: [GC (Allocation Failure) 83276K->3028K(113472K), 0.0005560 secs]
272.602: [GC (Allocation Failure) 99008K->3028K(132480K), 0.0006150 secs]
272.660: [GC (Allocation Failure) 118018K->3028K(127424K), 0.0004500 secs]
272.712: [GC (Allocation Failure) 113021K->3126K(122688K), 0.0005970 secs]
272.764: [GC (Allocation Failure) 108361K->3126K(118144K), 0.0004530 secs]
272.814: [GC (Allocation Failure) 103858K->3126K(113856K), 0.0005270 secs]
272.863: [GC (Allocation Failure) 99524K->3126K(109696K), 0.0005440 secs]
272.911: [GC (Allocation Failure) 95461K->3224K(105856K), 0.0004840 secs]
272.955: [GC (Allocation Failure) 91663K->3224K(102144K), 0.0004490 secs]
272.999: [GC (Allocation Failure) 87882K->3224K(98624K), 0.0006140 secs]
273.040: [GC (Allocation Failure) 84363K->3224K(95168K), 0.0004450 secs]
273.080: [GC (Allocation Failure) 81002K->3321K(110592K), 0.0005060 secs]
273.125: [GC (Allocation Failure) 96475K->3321K(129024K), 0.0004460 secs]
273.178: [GC (Allocation Failure) 114872K->3321K(124160K), 0.0004830 secs]
273.233: [GC (Allocation Failure) 110028K->3321K(119488K), 0.0005430 secs]
273.284: [GC (Allocation Failure) 105402K->3419K(115200K), 0.0006350 secs]
273.333: [GC (Allocation Failure) 101198K->3419K(111040K), 0.0004450 secs]
273.377: [GC (Allocation Failure) 96954K->3403K(129536K), 0.0006160 secs]
273.431: [GC (Allocation Failure) 115441K->3419K(124608K), 0.0004520 secs]
273.484: [GC (Allocation Failure) 110642K->3517K(120064K), 0.0005170 secs]
273.535: [GC (Allocation Failure) 106123K->3517K(115648K), 0.0004500 secs]
273.586: [GC (Allocation Failure) 101694K->3517K(111424K), 0.0005950 secs]
273.633: [GC (Allocation Failure) 97457K->3517K(107392K), 0.0005500 secs]
273.680: [GC (Allocation Failure) 93488K->3614K(103680K), 0.0005110 secs]
273.722: [GC (Allocation Failure) 89868K->3614K(100096K), 0.0004510 secs]
273.762: [GC (Allocation Failure) 86224K->3614K(116416K), 0.0005120 secs]
273.816: [GC (Allocation Failure) 102555K->3598K(135872K), 0.0008330 secs]
273.876: [GC (Allocation Failure) 122102K->3712K(159360K), 0.0004760 secs]
273.947: [GC (Allocation Failure) 145632K->3696K(187328K), 0.0008380 secs]
274.033: [GC (Allocation Failure) 173552K->3712K(179584K), 0.0005280 secs]
274.110: [GC (Allocation Failure) 165824K->3712K(172160K), 0.0004490 secs]
274.184: [GC (Allocation Failure) 158440K->3810K(165248K), 0.0006120 secs]
274.261: [GC (Allocation Failure) 151640K->3810K(158592K), 0.0005510 secs]
274.332: [GC (Allocation Failure) 144970K->3810K(152256K), 0.0005480 secs]
274.397: [GC (Allocation Failure) 138570K->3810K(146176K), 0.0004490 secs]
274.461: [GC (Allocation Failure) 132556K->3907K(140544K), 0.0004930 secs]
274.522: [GC (Allocation Failure) 126981K->3907K(135104K), 0.0004440 secs]
274.580: [GC (Allocation Failure) 121546K->3907K(129984K), 0.0005550 secs]
274.634: [GC (Allocation Failure) 116429K->3907K(124992K), 0.0004520 secs]
274.688: [GC (Allocation Failure) 111526K->4005K(120384K), 0.0005470 secs]
274.740: [GC (Allocation Failure) 106968K->3989K(115968K), 0.0008110 secs]
274.789: [GC (Allocation Failure) 102514K->4005K(111744K), 0.0004970 secs]
274.838: [GC (Allocation Failure) 98341K->4005K(107648K), 0.0005570 secs]
274.884: [GC (Allocation Failure) 94268K->4103K(103936K), 0.0004900 secs]
274.927: [GC (Allocation Failure) 90538K->4103K(100288K), 0.0004580 secs]
274.969: [GC (Allocation Failure) 86918K->4103K(96832K), 0.0005000 secs]
275.011: [GC (Allocation Failure) 83457K->4087K(112448K), 0.0006320 secs]
275.056: [GC (Allocation Failure) 99169K->4200K(131392K), 0.0006020 secs]
275.114: [GC (Allocation Failure) 118118K->4200K(153920K), 0.0004890 secs]
275.182: [GC (Allocation Failure) 140635K->4200K(147840K), 0.0006230 secs]
275.246: [GC (Allocation Failure) 134538K->4200K(142016K), 0.0004450 secs]
275.307: [GC (Allocation Failure) 128806K->4298K(136576K), 0.0006030 secs]
275.369: [GC (Allocation Failure) 123419K->4298K(131328K), 0.0005080 secs]
275.424: [GC (Allocation Failure) 118205K->4298K(126336K), 0.0005040 secs]
275.479: [GC (Allocation Failure) 113196K->4298K(121536K), 0.0004520 secs]
275.529: [GC (Allocation Failure) 108476K->4396K(117120K), 0.0004810 secs]
275.579: [GC (Allocation Failure) 104106K->4396K(112832K), 0.0005550 secs]
275.627: [GC (Allocation Failure) 99818K->4396K(108800K), 0.0004980 secs]
275.673: [GC (Allocation Failure) 95759K->4396K(104896K), 0.0004610 secs]
275.718: [GC (Allocation Failure) 91938K->4493K(101312K), 0.0006010 secs]
275.760: [GC (Allocation Failure) 88390K->4493K(117888K), 0.0005680 secs]
275.811: [GC (Allocation Failure) 104933K->4493K(113600K), 0.0005030 secs]
275.858: [GC (Allocation Failure) 100676K->4493K(109440K), 0.0004590 secs]
275.907: [GC (Allocation Failure) 96512K->4591K(105600K), 0.0006000 secs]
275.949: [GC (Allocation Failure) 92725K->4591K(101888K), 0.0004580 secs]
275.990: [GC (Allocation Failure) 89000K->4591K(118528K), 0.0004950 secs]
276.038: [GC (Allocation Failure) 105707K->4591K(114112K), 0.0004570 secs]
276.087: [GC (Allocation Failure) 101281K->4689K(133248K), 0.0006310 secs]
276.144: [GC (Allocation Failure) 120467K->4673K(156096K), 0.0008250 secs]
276.219: [GC (Allocation Failure) 143271K->4689K(183424K), 0.0006210 secs]
276.299: [GC (Allocation Failure) 170648K->4689K(175808K), 0.0004570 secs]
276.378: [GC (Allocation Failure) 163148K->4786K(168704K), 0.0005440 secs]
276.452: [GC (Allocation Failure) 156058K->4786K(161920K), 0.0006670 secs]
276.522: [GC (Allocation Failure) 149294K->4786K(155456K), 0.0006120 secs]
276.592: [GC (Allocation Failure) 142781K->4786K(149248K), 0.0005420 secs]
276.655: [GC (Allocation Failure) 136598K->4884K(143488K), 0.0005000 secs]
276.718: [GC (Allocation Failure) 130886K->4884K(137920K), 0.0005070 secs]
276.780: [GC (Allocation Failure) 125385K->4884K(132608K), 0.0005010 secs]
276.837: [GC (Allocation Failure) 120082K->4884K(127488K), 0.0004590 secs]
276.894: [GC (Allocation Failure) 114997K->4982K(122752K), 0.0004950 secs]
276.944: [GC (Allocation Failure) 110245K->4982K(118208K), 0.0004760 secs]
276.995: [GC (Allocation Failure) 105765K->4982K(113920K), 0.0004960 secs]
277.049: [GC (Allocation Failure) 101451K->4982K(109760K), 0.0008900 secs]
277.098: [GC (Allocation Failure) 97330K->5079K(105920K), 0.0005040 secs]
277.140: [GC (Allocation Failure) 93514K->5079K(102208K), 0.0004780 secs]
277.183: [GC (Allocation Failure) 89877K->5079K(98688K), 0.0004950 secs]
277.222: [GC (Allocation Failure) 86341K->5079K(114624K), 0.0004610 secs]
277.273: [GC (Allocation Failure) 102350K->5177K(133888K), 0.0006080 secs]
277.330: [GC (Allocation Failure) 121642K->5177K(128768K), 0.0004620 secs]
277.383: [GC (Allocation Failure) 116499K->5177K(123904K), 0.0005110 secs]
277.436: [GC (Allocation Failure) 111604K->5177K(119232K), 0.0004610 secs]
277.484: [GC (Allocation Failure) 106992K->5275K(114944K), 0.0005080 secs]
277.534: [GC (Allocation Failure) 102757K->5275K(110784K), 0.0004960 secs]
277.581: [GC (Allocation Failure) 98621K->5275K(106816K), 0.0005310 secs]
277.624: [GC (Allocation Failure) 94674K->5275K(102976K), 0.0004870 secs]
277.665: [GC (Allocation Failure) 90854K->5372K(99456K), 0.0004980 secs]
277.706: [GC (Allocation Failure) 87404K->5372K(115648K), 0.0005030 secs]
277.753: [GC (Allocation Failure) 103527K->5372K(134976K), 0.0005130 secs]
277.811: [GC (Allocation Failure) 122919K->5372K(129792K), 0.0004660 secs]
277.865: [GC (Allocation Failure) 117810K->5470K(124992K), 0.0005050 secs]
277.916: [GC (Allocation Failure) 112986K->5470K(120320K), 0.0004650 secs]
277.967: [GC (Allocation Failure) 108348K->5470K(115904K), 0.0005040 secs]
278.018: [GC (Allocation Failure) 103941K->5470K(111616K), 0.0004990 secs]
278.065: [GC (Allocation Failure) 99685K->5568K(107712K), 0.0006210 secs]
278.110: [GC (Allocation Failure) 95872K->5568K(103936K), 0.0004580 secs]
278.153: [GC (Allocation Failure) 92000K->5568K(121024K), 0.0006200 secs]
278.208: [GC (Allocation Failure) 109129K->5568K(116480K), 0.0004750 secs]
278.256: [GC (Allocation Failure) 104622K->5665K(112320K), 0.0005020 secs]
278.301: [GC (Allocation Failure) 100494K->5649K(131072K), 0.0006050 secs]
278.360: [GC (Allocation Failure) 119241K->5665K(126144K), 0.0005100 secs]
278.411: [GC (Allocation Failure) 114354K->5665K(121344K), 0.0004650 secs]
278.463: [GC (Allocation Failure) 109633K->5763K(116928K), 0.0005520 secs]
278.511: [GC (Allocation Failure) 105222K->5763K(112704K), 0.0004630 secs]
278.556: [GC (Allocation Failure) 100986K->5763K(108672K), 0.0005040 secs]
278.602: [GC (Allocation Failure) 96945K->5763K(104768K), 0.0005180 secs]
278.644: [GC (Allocation Failure) 93112K->5861K(122112K), 0.0005230 secs]
278.696: [GC (Allocation Failure) 110518K->5861K(117632K), 0.0004720 secs]
278.744: [GC (Allocation Failure) 106056K->5861K(113344K), 0.0004990 secs]
278.793: [GC (Allocation Failure) 101768K->5861K(109184K), 0.0004650 secs]
278.838: [GC (Allocation Failure) 97622K->5958K(105344K), 0.0005050 secs]
278.882: [GC (Allocation Failure) 93881K->5958K(101632K), 0.0004710 secs]
278.925: [GC (Allocation Failure) 90158K->5958K(98112K), 0.0005070 secs]
278.963: [GC (Allocation Failure) 86622K->5958K(113984K), 0.0004660 secs]
279.014: [GC (Allocation Failure) 102527K->6056K(109952K), 0.0005040 secs]
279.058: [GC (Allocation Failure) 98588K->6056K(128256K), 0.0005190 secs]
279.113: [GC (Allocation Failure) 116880K->6056K(123456K), 0.0005090 secs]
279.166: [GC (Allocation Failure) 112091K->6056K(118848K), 0.0004680 secs]
279.214: [GC (Allocation Failure) 107556K->6138K(114560K), 0.0006390 secs]
279.264: [GC (Allocation Failure) 103221K->6154K(110400K), 0.0004710 secs]
279.313: [GC (Allocation Failure) 99111K->6138K(128768K), 0.0009010 secs]
279.368: [GC (Allocation Failure) 117477K->6154K(150656K), 0.0004680 secs]
279.433: [GC (Allocation Failure) 139437K->6251K(144832K), 0.0005040 secs]
279.498: [GC (Allocation Failure) 133632K->6251K(139200K), 0.0004650 secs]
279.562: [GC (Allocation Failure) 128020K->6251K(133824K), 0.0005910 secs]
279.620: [GC (Allocation Failure) 122614K->6251K(128704K), 0.0005130 secs]
279.679: [GC (Allocation Failure) 117585K->6349K(123904K), 0.0006240 secs]
279.732: [GC (Allocation Failure) 112777K->6349K(119296K), 0.0004740 secs]
279.781: [GC (Allocation Failure) 108159K->6349K(114944K), 0.0005350 secs]
279.830: [GC (Allocation Failure) 103817K->6349K(110720K), 0.0004720 secs]
279.877: [GC (Allocation Failure) 99706K->6447K(106816K), 0.0006220 secs]
279.922: [GC (Allocation Failure) 95763K->6447K(103040K), 0.0004690 secs]
279.964: [GC (Allocation Failure) 92003K->6447K(99456K), 0.0005120 secs]
280.003: [GC (Allocation Failure) 88466K->6447K(115584K), 0.0004710 secs]
280.052: [GC (Allocation Failure) 104617K->6544K(134976K), 0.0005650 secs]
280.112: [GC (Allocation Failure) 124086K->6544K(129856K), 0.0005020 secs]
280.168: [GC (Allocation Failure) 118957K->6544K(124992K), 0.0005360 secs]
280.221: [GC (Allocation Failure) 114048K->6544K(120256K), 0.0005790 secs]
280.271: [GC (Allocation Failure) 109433K->6642K(115904K), 0.0005090 secs]
280.318: [GC (Allocation Failure) 105107K->6642K(111680K), 0.0004620 secs]
280.363: [GC (Allocation Failure) 100877K->6642K(107712K), 0.0005160 secs]
280.410: [GC (Allocation Failure) 96946K->6642K(103872K), 0.0005150 secs]
280.453: [GC (Allocation Failure) 93101K->6740K(100288K), 0.0004530 secs]
280.493: [GC (Allocation Failure) 89557K->6740K(96832K), 0.0004650 secs]
280.531: [GC (Allocation Failure) 86122K->6740K(112512K), 0.0005100 secs]
280.578: [GC (Allocation Failure) 101842K->6740K(131264K), 0.0005190 secs]
280.636: [GC (Allocation Failure) 120650K->6837K(153792K), 0.0006390 secs]
280.701: [GC (Allocation Failure) 143178K->6837K(147712K), 0.0004710 secs]
280.767: [GC (Allocation Failure) 137078K->6837K(141952K), 0.0005120 secs]
280.826: [GC (Allocation Failure) 131287K->6837K(136384K), 0.0004750 secs]
280.887: [GC (Allocation Failure) 125809K->6935K(131264K), 0.0005110 secs]
280.945: [GC (Allocation Failure) 120744K->6935K(126336K), 0.0004670 secs]
281.001: [GC (Allocation Failure) 115831K->6935K(121600K), 0.0005160 secs]
281.055: [GC (Allocation Failure) 111085K->6935K(117056K), 0.0005100 secs]
281.104: [GC (Allocation Failure) 106574K->7033K(112832K), 0.0005060 secs]
281.152: [GC (Allocation Failure) 102438K->7033K(108800K), 0.0006370 secs]
281.197: [GC (Allocation Failure) 98419K->7033K(104960K), 0.0005160 secs]
281.239: [GC (Allocation Failure) 94572K->7033K(101248K), 0.0004700 secs]
281.282: [GC (Allocation Failure) 90855K->7130K(117888K), 0.0005510 secs]
281.331: [GC (Allocation Failure) 107536K->7114K(137728K), 0.0006400 secs]
281.389: [GC (Allocation Failure) 127419K->7130K(161408K), 0.0005170 secs]
281.459: [GC (Allocation Failure) 151088K->7130K(183296K), 0.0009290 secs]
281.541: [GC (Allocation Failure) 173062K->7232K(175808K), 0.0005670 secs]
281.621: [GC (Allocation Failure) 165627K->7232K(168448K), 0.0004910 secs]
281.695: [GC (Allocation Failure) 158394K->7427K(161984K), 0.0004810 secs]
281.766: [GC (Allocation Failure) 151847K->7411K(155392K), 0.0006660 secs]
281.831: [GC (Allocation Failure) 145301K->7411K(149248K), 0.0006710 secs]
281.895: [GC (Allocation Failure) 139205K->7427K(143360K), 0.0004820 secs]
281.960: [GC (Allocation Failure) 133428K->7525K(137856K), 0.0005200 secs]
282.017: [GC (Allocation Failure) 127931K->7525K(132544K), 0.0004780 secs]
282.075: [GC (Allocation Failure) 122596K->7525K(127552K), 0.0005670 secs]
282.132: [GC (Allocation Failure) 117599K->7525K(122688K), 0.0005290 secs]
282.185: [GC (Allocation Failure) 112868K->7623K(118208K), 0.0005120 secs]
282.233: [GC (Allocation Failure) 108346K->7623K(113920K), 0.0004820 secs]
282.279: [GC (Allocation Failure) 104120K->7623K(109824K), 0.0005210 secs]
282.331: [GC (Allocation Failure) 99990K->7607K(127936K), 0.0009010 secs]
282.386: [GC (Allocation Failure) 118172K->7720K(149888K), 0.0005070 secs]
282.450: [GC (Allocation Failure) 140196K->7720K(144000K), 0.0006280 secs]
282.512: [GC (Allocation Failure) 134224K->7720K(138432K), 0.0005250 secs]
282.572: [GC (Allocation Failure) 128698K->7720K(133056K), 0.0004790 secs]
282.629: [GC (Allocation Failure) 123398K->7818K(128064K), 0.0005110 secs]
282.684: [GC (Allocation Failure) 118472K->7818K(123264K), 0.0005230 secs]
282.736: [GC (Allocation Failure) 113650K->7818K(118720K), 0.0005290 secs]
282.785: [GC (Allocation Failure) 109125K->7818K(114304K), 0.0004790 secs]
282.831: [GC (Allocation Failure) 104719K->7916K(110208K), 0.0005190 secs]
282.881: [GC (Allocation Failure) 100643K->7900K(128512K), 0.0008840 secs]
282.937: [GC (Allocation Failure) 118967K->7916K(150464K), 0.0005230 secs]
283.003: [GC (Allocation Failure) 140886K->7916K(144512K), 0.0004800 secs]
283.066: [GC (Allocation Failure) 135047K->8013K(138944K), 0.0006610 secs]
283.127: [GC (Allocation Failure) 129536K->8013K(133632K), 0.0004830 secs]
283.186: [GC (Allocation Failure) 124153K->8013K(128576K), 0.0005170 secs]
283.239: [GC (Allocation Failure) 119170K->8013K(123712K), 0.0004870 secs]
283.292: [GC (Allocation Failure) 114324K->8111K(119168K), 0.0005480 secs]
283.346: [GC (Allocation Failure) 109797K->8111K(114816K), 0.0006000 secs]
283.393: [GC (Allocation Failure) 105500K->8111K(110656K), 0.0005250 secs]
283.438: [GC (Allocation Failure) 101359K->8111K(106624K), 0.0004740 secs]
283.483: [GC (Allocation Failure) 97321K->8209K(102912K), 0.0005240 secs]
283.526: [GC (Allocation Failure) 93672K->8209K(99328K), 0.0004940 secs]
283.568: [GC (Allocation Failure) 90051K->8209K(115520K), 0.0009720 secs]
283.616: [GC (Allocation Failure) 106284K->8209K(134848K), 0.0004910 secs]
283.676: [GC (Allocation Failure) 125640K->8306K(158144K), 0.0006510 secs]
283.747: [GC (Allocation Failure) 148978K->8306K(180032K), 0.0006480 secs]
283.828: [GC (Allocation Failure) 170920K->8306K(172672K), 0.0007000 secs]
283.906: [GC (Allocation Failure) 163538K->8306K(165504K), 0.0005170 secs]
283.980: [GC (Allocation Failure) 156563K->8502K(159168K), 0.0004850 secs]
284.050: [GC (Allocation Failure) 150039K->8502K(152704K), 0.0005080 secs]
284.118: [GC (Allocation Failure) 143740K->8502K(146688K), 0.0005290 secs]
284.184: [GC (Allocation Failure) 137748K->8502K(140992K), 0.0005450 secs]
284.246: [GC (Allocation Failure) 132057K->8502K(135552K), 0.0005250 secs]
284.304: [GC (Allocation Failure) 126641K->8502K(130368K), 0.0005820 secs]
284.358: [GC (Allocation Failure) 121432K->8502K(125440K), 0.0005200 secs]
284.413: [GC (Allocation Failure) 116506K->8502K(120704K), 0.0005210 secs]
284.464: [GC (Allocation Failure) 111856K->8599K(116352K), 0.0005160 secs]
284.514: [GC (Allocation Failure) 107541K->8599K(112128K), 0.0004820 secs]
284.559: [GC (Allocation Failure) 103236K->8583K(108096K), 0.0006870 secs]
284.605: [GC (Allocation Failure) 99238K->8599K(125952K), 0.0005940 secs]
284.659: [GC (Allocation Failure) 117189K->8697K(121344K), 0.0005300 secs]
284.711: [GC (Allocation Failure) 112557K->8697K(116864K), 0.0004820 secs]
284.758: [GC (Allocation Failure) 108059K->8697K(112640K), 0.0005220 secs]
284.807: [GC (Allocation Failure) 103885K->8697K(108544K), 0.0004810 secs]
284.851: [GC (Allocation Failure) 99885K->8795K(104768K), 0.0005230 secs]
284.898: [GC (Allocation Failure) 96148K->8779K(121984K), 0.0007550 secs]
284.950: [GC (Allocation Failure) 113337K->8795K(142656K), 0.0006600 secs]
285.013: [GC (Allocation Failure) 133986K->8795K(167296K), 0.0004870 secs]
285.087: [GC (Allocation Failure) 158686K->8892K(160640K), 0.0005250 secs]
285.156: [GC (Allocation Failure) 152112K->8876K(154240K), 0.0006530 secs]
285.230: [GC (Allocation Failure) 145676K->8876K(148160K), 0.0009600 secs]
285.296: [GC (Allocation Failure) 139570K->8892K(142272K), 0.0004990 secs]
285.356: [GC (Allocation Failure) 133820K->8990K(136832K), 0.0005250 secs]
285.415: [GC (Allocation Failure) 128377K->8990K(131584K), 0.0004900 secs]
285.470: [GC (Allocation Failure) 123164K->8990K(126592K), 0.0006870 secs]
285.524: [GC (Allocation Failure) 118150K->8990K(121792K), 0.0004850 secs]
285.577: [GC (Allocation Failure) 113351K->9088K(117376K), 0.0005240 secs]
285.629: [GC (Allocation Failure) 109029K->9072K(113088K), 0.0006570 secs]
285.675: [GC (Allocation Failure) 104659K->9088K(131968K), 0.0006010 secs]
285.730: [GC (Allocation Failure) 123572K->9088K(126912K), 0.0004960 secs]
285.786: [GC (Allocation Failure) 118634K->9186K(122240K), 0.0005240 secs]
285.836: [GC (Allocation Failure) 113960K->9186K(117696K), 0.0004980 secs]
285.884: [GC (Allocation Failure) 109425K->9186K(113408K), 0.0005310 secs]
285.931: [GC (Allocation Failure) 105103K->9186K(109248K), 0.0004940 secs]
285.978: [GC (Allocation Failure) 101058K->9283K(105408K), 0.0005970 secs]
286.021: [GC (Allocation Failure) 97208K->9283K(122752K), 0.0004930 secs]
286.072: [GC (Allocation Failure) 114539K->9267K(143552K), 0.0007100 secs]
286.135: [GC (Allocation Failure) 135380K->9283K(137920K), 0.0004940 secs]
286.193: [GC (Allocation Failure) 129791K->9381K(132672K), 0.0005210 secs]
286.250: [GC (Allocation Failure) 124580K->9381K(127616K), 0.0006090 secs]
286.304: [GC (Allocation Failure) 119557K->9381K(122816K), 0.0006930 secs]
286.359: [GC (Allocation Failure) 114712K->9381K(118208K), 0.0004960 secs]
286.409: [GC (Allocation Failure) 110205K->9479K(113920K), 0.0005290 secs]
286.455: [GC (Allocation Failure) 105970K->9479K(109824K), 0.0004910 secs]
286.502: [GC (Allocation Failure) 101843K->9463K(128128K), 0.0010630 secs]
286.557: [GC (Allocation Failure) 120123K->9479K(149888K), 0.0004960 secs]
286.620: [GC (Allocation Failure) 141981K->9576K(175744K), 0.0005150 secs]
286.700: [GC (Allocation Failure) 167813K->9576K(168512K), 0.0005340 secs]
286.776: [GC (Allocation Failure) 160638K->9576K(161728K), 0.0005360 secs]
286.847: [GC (Allocation Failure) 153821K->9576K(155200K), 0.0005190 secs]
286.918: [GC (Allocation Failure) 147365K->9674K(149120K), 0.0006740 secs]
286.982: [GC (Allocation Failure) 141383K->9674K(143296K), 0.0005240 secs]
287.042: [GC (Allocation Failure) 135560K->9674K(137728K), 0.0005370 secs]
287.103: [GC (Allocation Failure) 129959K->9674K(132416K), 0.0005000 secs]
287.158: [GC (Allocation Failure) 124663K->9772K(127488K), 0.0005280 secs]
287.211: [GC (Allocation Failure) 119843K->9772K(122688K), 0.0004910 secs]
287.264: [GC (Allocation Failure) 115026K->9772K(118144K), 0.0005380 secs]
287.314: [GC (Allocation Failure) 110487K->9772K(113792K), 0.0004980 secs]
287.363: [GC (Allocation Failure) 106166K->9869K(109760K), 0.0005350 secs]
287.409: [GC (Allocation Failure) 102138K->9869K(105856K), 0.0004840 secs]
287.455: [GC (Allocation Failure) 98299K->9853K(123328K), 0.0009730 secs]
287.508: [GC (Allocation Failure) 115693K->9869K(144128K), 0.0005050 secs]
287.568: [GC (Allocation Failure) 136579K->9967K(169216K), 0.0006430 secs]
287.645: [GC (Allocation Failure) 161728K->9967K(162368K), 0.0006120 secs]
287.722: [GC (Allocation Failure) 154906K->9967K(155904K), 0.0005380 secs]
287.788: [GC (Allocation Failure) 148463K->9967K(149696K), 0.0005110 secs]
287.851: [GC (Allocation Failure) 142272K->10065K(143872K), 0.0005330 secs]
287.911: [GC (Allocation Failure) 136436K->10065K(138304K), 0.0005000 secs]
287.971: [GC (Allocation Failure) 130940K->10065K(132992K), 0.0005350 secs]
288.029: [GC (Allocation Failure) 125627K->10065K(127872K), 0.0004920 secs]
288.082: [GC (Allocation Failure) 120585K->10162K(123136K), 0.0005240 secs]
288.135: [GC (Allocation Failure) 115807K->10162K(118592K), 0.0005440 secs]
288.185: [GC (Allocation Failure) 111280K->10162K(114240K), 0.0006740 secs]
288.237: [GC (Allocation Failure) 106955K->10162K(110080K), 0.0004950 secs]
288.281: [GC (Allocation Failure) 102819K->10260K(106240K), 0.0005140 secs]
288.323: [GC (Allocation Failure) 99083K->10260K(102528K), 0.0004910 secs]
288.369: [GC (Allocation Failure) 95354K->10260K(119296K), 0.0006880 secs]
288.420: [GC (Allocation Failure) 112065K->10260K(139328K), 0.0004930 secs]
288.481: [GC (Allocation Failure) 132191K->10358K(134016K), 0.0005330 secs]
288.546: [GC (Allocation Failure) 126884K->10358K(128896K), 0.0006350 secs]
288.600: [GC (Allocation Failure) 121805K->10358K(124032K), 0.0006620 secs]
288.656: [GC (Allocation Failure) 116974K->10358K(119360K), 0.0005210 secs]
288.705: [GC (Allocation Failure) 112362K->10455K(115072K), 0.0005350 secs]
288.755: [GC (Allocation Failure) 108034K->10455K(134336K), 0.0006180 secs]
288.811: [GC (Allocation Failure) 127304K->10455K(129216K), 0.0005440 secs]
288.865: [GC (Allocation Failure) 122244K->10455K(124288K), 0.0005000 secs]
288.919: [GC (Allocation Failure) 117335K->10553K(119744K), 0.0005510 secs]
288.968: [GC (Allocation Failure) 112844K->10553K(115328K), 0.0004950 secs]
289.018: [GC (Allocation Failure) 108439K->10553K(111168K), 0.0005450 secs]
289.063: [GC (Allocation Failure) 104261K->10537K(129536K), 0.0007180 secs]
289.117: [GC (Allocation Failure) 122766K->10651K(151808K), 0.0005260 secs]
289.187: [GC (Allocation Failure) 145027K->10651K(145856K), 0.0005860 secs]
289.251: [GC (Allocation Failure) 139009K->10651K(140160K), 0.0005440 secs]
289.311: [GC (Allocation Failure) 133399K->10651K(134720K), 0.0005030 secs]
289.367: [GC (Allocation Failure) 128002K->10748K(129664K), 0.0005400 secs]
289.425: [GC (Allocation Failure) 122954K->10748K(124800K), 0.0005600 secs]
289.479: [GC (Allocation Failure) 118139K->10748K(120128K), 0.0005430 secs]
289.528: [GC (Allocation Failure) 113446K->10748K(115648K), 0.0005130 secs]
289.579: [GC (Allocation Failure) 108986K->10846K(111488K), 0.0005400 secs]
289.626: [GC (Allocation Failure) 104849K->10846K(107520K), 0.0005080 secs]
289.674: [GC (Allocation Failure) 100938K->10846K(103744K), 0.0006100 secs]
289.718: [GC (Allocation Failure) 97118K->10846K(120704K), 0.0005570 secs]
289.768: [GC (Allocation Failure) 114127K->10944K(141120K), 0.0006780 secs]
289.829: [GC (Allocation Failure) 134583K->10944K(135680K), 0.0005010 secs]
289.887: [GC (Allocation Failure) 129180K->10944K(130496K), 0.0005450 secs]
289.945: [GC (Allocation Failure) 123959K->10928K(152704K), 0.0007250 secs]
290.012: [GC (Allocation Failure) 146281K->11041K(146816K), 0.0005320 secs]
290.075: [GC (Allocation Failure) 140379K->11139K(141120K), 0.0007760 secs]
290.135: [GC (Allocation Failure) 134823K->11139K(135680K), 0.0006120 secs]
290.194: [GC (Allocation Failure) 129342K->11143K(130432K), 0.0005040 secs]
290.248: [GC (Allocation Failure) 124154K->11241K(125568K), 0.0005660 secs]
290.302: [GC (Allocation Failure) 119329K->11241K(120896K), 0.0005030 secs]
290.355: [GC (Allocation Failure) 114728K->11241K(116416K), 0.0007140 secs]
290.402: [GC (Allocation Failure) 110202K->11241K(112128K), 0.0005040 secs]
290.447: [GC (Allocation Failure) 105964K->11338K(130944K), 0.0005350 secs]
290.502: [GC (Allocation Failure) 124811K->11338K(126016K), 0.0005010 secs]
290.559: [GC (Allocation Failure) 119937K->11322K(147456K), 0.0008560 secs]
290.624: [GC (Allocation Failure) 141350K->11338K(141632K), 0.0005050 secs]
290.683: [GC (Allocation Failure) 135580K->11436K(136192K), 0.0005500 secs]
290.743: [GC (Allocation Failure) 130151K->11436K(131008K), 0.0005530 secs]
290.797: [GC (Allocation Failure) 125024K->11436K(126080K), 0.0007000 secs]
290.852: [GC (Allocation Failure) 120105K->11436K(121280K), 0.0005070 secs]
290.908: [GC (Allocation Failure) 115314K->11534K(141888K), 0.0010340 secs]
290.971: [GC (Allocation Failure) 135980K->11534K(166400K), 0.0005650 secs]
291.049: [GC (Allocation Failure) 160502K->11534K(159680K), 0.0005780 secs]
291.119: [GC (Allocation Failure) 153742K->11534K(153280K), 0.0005110 secs]
291.186: [GC (Allocation Failure) 147394K->11631K(147264K), 0.0005930 secs]
291.248: [GC (Allocation Failure) 141473K->11631K(141504K), 0.0005060 secs]
291.308: [GC (Allocation Failure) 135664K->11631K(136064K), 0.0005500 secs]
291.367: [GC (Allocation Failure) 130250K->11631K(130816K), 0.0005040 secs]
291.421: [GC (Allocation Failure) 125050K->11729K(125952K), 0.0005370 secs]
291.473: [GC (Allocation Failure) 120228K->11729K(121280K), 0.0006390 secs]
291.527: [GC (Allocation Failure) 115555K->11713K(141760K), 0.0007840 secs]
291.589: [GC (Allocation Failure) 135994K->11729K(136192K), 0.0005060 secs]
291.646: [GC (Allocation Failure) 130573K->11827K(131072K), 0.0005520 secs]
291.702: [GC (Allocation Failure) 125488K->11827K(126144K), 0.0004970 secs]
291.754: [GC (Allocation Failure) 120518K->11827K(121408K), 0.0005520 secs]
291.803: [GC (Allocation Failure) 115804K->11827K(116864K), 0.0005550 secs]
291.855: [GC (Allocation Failure) 111341K->11924K(112704K), 0.0005450 secs]
291.905: [GC (Allocation Failure) 107124K->11924K(108672K), 0.0005610 secs]
291.949: [GC (Allocation Failure) 103108K->11924K(126720K), 0.0005540 secs]
292.001: [GC (Allocation Failure) 121200K->11924K(121920K), 0.0005030 secs]
292.051: [GC (Allocation Failure) 116482K->12022K(117504K), 0.0005480 secs]
292.101: [GC (Allocation Failure) 112060K->12022K(137216K), 0.0005650 secs]
292.164: [GC (Allocation Failure) 131827K->12022K(131968K), 0.0005640 secs]
292.219: [GC (Allocation Failure) 126516K->12022K(126912K), 0.0006390 secs]
292.275: [GC (Allocation Failure) 121494K->12104K(148608K), 0.0007420 secs]
292.341: [GC (Allocation Failure) 143208K->12120K(142784K), 0.0005110 secs]
292.400: [GC (Allocation Failure) 137426K->12120K(137280K), 0.0005590 secs]
292.462: [GC (Allocation Failure) 131927K->12120K(131968K), 0.0005140 secs]
292.521: [GC (Allocation Failure) 126711K->12217K(127040K), 0.0005480 secs]
292.577: [GC (Allocation Failure) 121812K->12217K(122304K), 0.0006390 secs]
292.631: [GC (Allocation Failure) 117047K->12217K(117760K), 0.0005640 secs]
292.683: [GC (Allocation Failure) 112540K->12217K(113408K), 0.0005050 secs]
292.730: [GC (Allocation Failure) 108227K->12315K(109376K), 0.0006010 secs]
292.778: [GC (Allocation Failure) 104197K->12315K(127552K), 0.0005600 secs]
292.833: [GC (Allocation Failure) 122378K->12315K(149312K), 0.0007040 secs]
292.903: [GC (Allocation Failure) 144121K->12315K(143424K), 0.0006600 secs]
292.966: [GC (Allocation Failure) 138334K->12413K(137920K), 0.0005960 secs]
293.026: [GC (Allocation Failure) 132850K->12413K(132608K), 0.0005260 secs]
293.083: [GC (Allocation Failure) 127563K->12413K(127552K), 0.0005550 secs]
293.139: [GC (Allocation Failure) 122485K->12397K(149184K), 0.0010030 secs]
293.206: [GC (Allocation Failure) 144288K->12510K(166784K), 0.0005590 secs]
293.278: [GC (Allocation Failure) 161741K->12510K(160000K), 0.0005200 secs]
293.350: [GC (Allocation Failure) 155025K->12510K(153600K), 0.0005430 secs]
293.418: [GC (Allocation Failure) 148634K->12510K(147456K), 0.0005340 secs]
293.480: [GC (Allocation Failure) 142560K->12608K(141760K), 0.0005510 secs]
293.539: [GC (Allocation Failure) 136957K->12608K(136256K), 0.0005260 secs]
293.595: [GC (Allocation Failure) 131437K->12608K(131072K), 0.0005730 secs]
293.653: [GC (Allocation Failure) 126232K->12608K(126080K), 0.0006470 secs]
293.707: [GC (Allocation Failure) 121295K->12706K(121408K), 0.0005560 secs]
293.759: [GC (Allocation Failure) 116659K->12706K(116928K), 0.0005170 secs]
293.807: [GC (Allocation Failure) 112154K->12706K(112704K), 0.0005660 secs]
293.860: [GC (Allocation Failure) 107923K->12690K(131392K), 0.0009420 secs]
293.917: [GC (Allocation Failure) 126791K->12803K(154048K), 0.0005450 secs]
293.986: [GC (Allocation Failure) 149428K->12787K(174400K), 0.0010610 secs]
294.065: [GC (Allocation Failure) 169689K->12803K(174400K), 0.0005730 secs]
294.143: [GC (Allocation Failure) 169674K->12901K(167232K), 0.0006060 secs]
294.218: [GC (Allocation Failure) 162713K->12901K(160512K), 0.0007830 secs]
294.286: [GC (Allocation Failure) 155938K->12901K(154048K), 0.0005200 secs]
294.354: [GC (Allocation Failure) 149525K->12999K(148032K), 0.0005390 secs]
294.419: [GC (Allocation Failure) 143535K->12999K(142272K), 0.0005080 secs]
294.482: [GC (Allocation Failure) 137825K->12999K(136768K), 0.0005580 secs]
294.539: [GC (Allocation Failure) 132331K->12999K(131456K), 0.0005140 secs]
294.602: [GC (Allocation Failure) 127014K->13096K(126528K), 0.0007850 secs]
294.656: [GC (Allocation Failure) 122179K->13096K(121792K), 0.0005430 secs]
294.709: [GC (Allocation Failure) 117459K->13096K(117312K), 0.0005660 secs]
294.757: [GC (Allocation Failure) 112937K->13096K(112960K), 0.0005110 secs]
294.805: [GC (Allocation Failure) 108701K->13292K(131904K), 0.0006730 secs]
294.860: [GC (Allocation Failure) 127696K->13292K(154496K), 0.0005430 secs]
294.931: [GC (Allocation Failure) 150303K->13292K(148416K), 0.0007330 secs]
294.999: [GC (Allocation Failure) 144275K->13292K(142528K), 0.0005190 secs]
295.063: [GC (Allocation Failure) 138470K->13389K(137088K), 0.0005710 secs]
295.122: [GC (Allocation Failure) 132989K->13393K(131840K), 0.0005780 secs]
295.179: [GC (Allocation Failure) 127788K->13393K(126848K), 0.0005680 secs]
295.233: [GC (Allocation Failure) 122746K->13377K(148288K), 0.0010380 secs]
295.298: [GC (Allocation Failure) 144367K->13491K(174272K), 0.0005650 secs]
295.373: [GC (Allocation Failure) 170355K->13491K(167168K), 0.0005450 secs]
295.446: [GC (Allocation Failure) 163205K->13491K(160448K), 0.0005690 secs]
295.514: [GC (Allocation Failure) 156507K->13491K(153984K), 0.0005090 secs]
295.582: [GC (Allocation Failure) 150106K->13589K(147968K), 0.0005670 secs]
295.652: [GC (Allocation Failure) 144104K->13589K(142208K), 0.0010310 secs]
295.714: [GC (Allocation Failure) 138324K->13589K(136704K), 0.0005680 secs]
295.775: [GC (Allocation Failure) 132804K->13589K(131392K), 0.0006590 secs]
295.832: [GC (Allocation Failure) 127556K->13686K(126464K), 0.0006560 secs]
295.887: [GC (Allocation Failure) 122650K->13686K(121728K), 0.0005170 secs]
295.941: [GC (Allocation Failure) 117950K->13686K(142272K), 0.0007370 secs]
296.012: [GC (Allocation Failure) 138491K->13686K(136704K), 0.0006660 secs]
296.071: [GC (Allocation Failure) 133016K->13882K(131520K), 0.0006700 secs]
296.126: [GC (Allocation Failure) 127899K->13882K(126528K), 0.0005160 secs]
296.179: [GC (Allocation Failure) 122960K->13882K(121792K), 0.0006080 secs]
296.232: [GC (Allocation Failure) 118246K->13882K(142336K), 0.0005920 secs]
296.292: [GC (Allocation Failure) 138802K->13979K(136896K), 0.0005830 secs]
296.354: [GC (Allocation Failure) 133395K->13979K(131648K), 0.0006950 secs]
296.410: [GC (Allocation Failure) 128181K->13979K(126656K), 0.0005740 secs]
296.465: [GC (Allocation Failure) 123166K->13963K(148096K), 0.0007550 secs]
296.532: [GC (Allocation Failure) 144755K->14061K(174080K), 0.0010770 secs]
296.610: [GC (Allocation Failure) 170663K->14077K(201984K), 0.0005530 secs]
296.719: [GC (Allocation Failure) 198497K->14061K(201984K), 0.0012160 secs]
296.809: [GC (Allocation Failure) 198486K->14077K(193472K), 0.0005350 secs]
296.896: [GC (Allocation Failure) 190055K->14175K(185408K), 0.0006390 secs]
296.976: [GC (Allocation Failure) 182103K->14175K(177728K), 0.0005570 secs]
297.057: [GC (Allocation Failure) 174548K->14272K(170560K), 0.0005660 secs]
297.131: [GC (Allocation Failure) 167412K->14272K(163648K), 0.0005250 secs]
297.200: [GC (Allocation Failure) 160444K->14272K(157120K), 0.0007240 secs]
297.271: [GC (Allocation Failure) 153952K->14272K(150848K), 0.0005720 secs]
297.336: [GC (Allocation Failure) 147733K->14370K(144960K), 0.0005740 secs]
297.399: [GC (Allocation Failure) 141849K->14370K(139328K), 0.0005230 secs]
297.461: [GC (Allocation Failure) 136244K->14354K(133952K), 0.0008350 secs]
297.516: [GC (Allocation Failure) 130806K->14370K(128768K), 0.0005340 secs]
297.571: [GC (Allocation Failure) 125787K->14468K(123968K), 0.0005670 secs]
297.624: [GC (Allocation Failure) 120993K->14565K(144960K), 0.0009090 secs]
297.688: [GC (Allocation Failure) 142098K->14565K(170112K), 0.0006580 secs]
297.765: [GC (Allocation Failure) 167214K->14565K(163200K), 0.0005240 secs]
297.840: [GC (Allocation Failure) 160342K->14761K(156736K), 0.0007710 secs]
297.909: [GC (Allocation Failure) 154029K->14761K(150528K), 0.0006800 secs]
297.976: [GC (Allocation Failure) 147841K->14761K(144640K), 0.0005680 secs]
298.037: [GC (Allocation Failure) 141962K->14761K(138944K), 0.0006750 secs]
298.097: [GC (Allocation Failure) 136345K->14858K(133696K), 0.0005510 secs]
298.156: [GC (Allocation Failure) 131134K->14858K(128640K), 0.0006890 secs]
298.210: [GC (Allocation Failure) 126002K->14858K(150592K), 0.0007510 secs]
298.275: [GC (Allocation Failure) 147951K->14858K(144640K), 0.0005280 secs]
298.338: [GC (Allocation Failure) 142142K->14956K(139072K), 0.0005850 secs]
298.401: [GC (Allocation Failure) 136593K->14956K(133696K), 0.0006770 secs]
298.459: [GC (Allocation Failure) 131209K->14956K(128640K), 0.0005750 secs]
298.515: [GC (Allocation Failure) 126099K->14956K(123776K), 0.0005390 secs]
298.567: [GC (Allocation Failure) 121386K->15054K(119232K), 0.0005720 secs]
298.618: [GC (Allocation Failure) 116848K->15054K(114880K), 0.0005290 secs]
298.666: [GC (Allocation Failure) 112442K->15054K(134080K), 0.0006510 secs]
298.723: [GC (Allocation Failure) 131700K->15054K(157056K), 0.0006710 secs]
298.791: [GC (Allocation Failure) 154744K->15135K(184704K), 0.0008600 secs]
298.872: [GC (Allocation Failure) 182375K->15151K(217664K), 0.0007150 secs]
298.981: [GC (Allocation Failure) 215397K->15151K(208448K), 0.0006780 secs]
299.084: [GC (Allocation Failure) 206099K->15151K(199616K), 0.0007370 secs]
299.176: [GC (Allocation Failure) 197414K->15249K(191360K), 0.0008370 secs]
299.262: [GC (Allocation Failure) 189142K->15249K(183424K), 0.0005310 secs]
299.340: [GC (Allocation Failure) 181206K->15249K(175872K), 0.0005720 secs]
299.419: [GC (Allocation Failure) 173704K->15249K(168640K), 0.0005350 secs]
299.493: [GC (Allocation Failure) 166493K->15347K(161920K), 0.0005600 secs]
299.562: [GC (Allocation Failure) 159819K->15347K(155456K), 0.0005280 secs]
299.636: [GC (Allocation Failure) 153321K->15347K(149312K), 0.0007860 secs]
299.702: [GC (Allocation Failure) 147213K->15347K(143424K), 0.0005400 secs]
299.762: [GC (Allocation Failure) 141348K->15445K(137920K), 0.0005710 secs]
299.819: [GC (Allocation Failure) 135934K->15445K(132608K), 0.0005320 secs]
299.874: [GC (Allocation Failure) 130626K->15445K(127552K), 0.0005710 secs]
299.929: [GC (Allocation Failure) 125513K->15445K(122688K), 0.0005330 secs]
299.983: [GC (Allocation Failure) 120698K->15542K(118208K), 0.0006600 secs]
300.034: [GC (Allocation Failure) 116260K->15542K(113920K), 0.0005410 secs]
300.083: [GC (Allocation Failure) 112028K->15542K(132928K), 0.0006540 secs]
300.142: [GC (Allocation Failure) 131000K->15542K(127808K), 0.0005420 secs]
300.196: [GC (Allocation Failure) 126006K->15640K(123072K), 0.0006040 secs]
300.247: [GC (Allocation Failure) 121280K->15640K(118528K), 0.0005310 secs]
300.299: [GC (Allocation Failure) 116741K->15624K(138496K), 0.0012490 secs]
300.358: [GC (Allocation Failure) 136621K->15640K(162368K), 0.0005380 secs]
300.430: [GC (Allocation Failure) 160638K->15738K(191104K), 0.0006500 secs]
300.517: [GC (Allocation Failure) 189426K->15738K(183168K), 0.0005350 secs]
300.599: [GC (Allocation Failure) 181482K->15738K(175616K), 0.0005830 secs]
300.677: [GC (Allocation Failure) 173921K->15722K(168320K), 0.0007720 secs]
300.754: [GC (Allocation Failure) 166711K->15835K(161664K), 0.0005670 secs]
300.822: [GC (Allocation Failure) 160046K->15835K(155200K), 0.0005620 secs]
300.891: [GC (Allocation Failure) 153562K->15835K(149056K), 0.0005730 secs]
300.958: [GC (Allocation Failure) 147421K->15819K(143104K), 0.0011130 secs]
301.028: [GC (Allocation Failure) 141598K->15917K(168128K), 0.0012090 secs]
301.102: [GC (Allocation Failure) 166605K->15917K(197888K), 0.0009260 secs]
301.195: [GC (Allocation Failure) 196322K->15917K(233024K), 0.0011970 secs]
301.318: [GC (Allocation Failure) 231421K->15933K(233536K), 0.0009500 secs]
301.425: [GC (Allocation Failure) 231948K->15933K(223424K), 0.0005860 secs]
301.528: [GC (Allocation Failure) 221894K->15933K(213696K), 0.0005910 secs]
301.625: [GC (Allocation Failure) 212370K->16112K(204928K), 0.0007960 secs]
301.721: [GC (Allocation Failure) 203496K->16128K(196288K), 0.0007150 secs]
301.808: [GC (Allocation Failure) 194942K->16128K(188096K), 0.0006730 secs]
301.895: [GC (Allocation Failure) 186760K->16128K(180288K), 0.0005410 secs]
301.975: [GC (Allocation Failure) 179019K->16226K(172992K), 0.0005670 secs]
302.052: [GC (Allocation Failure) 171734K->16226K(165952K), 0.0005380 secs]
302.125: [GC (Allocation Failure) 164737K->16226K(159296K), 0.0005810 secs]
302.192: [GC (Allocation Failure) 158069K->16226K(152896K), 0.0005370 secs]
302.257: [GC (Allocation Failure) 151768K->16324K(146944K), 0.0005730 secs]
302.322: [GC (Allocation Failure) 145775K->16324K(141184K), 0.0005920 secs]
302.381: [GC (Allocation Failure) 140072K->16308K(135744K), 0.0007950 secs]
302.439: [GC (Allocation Failure) 134639K->16324K(130496K), 0.0005390 secs]
302.499: [GC (Allocation Failure) 129418K->16421K(125632K), 0.0007520 secs]
302.553: [GC (Allocation Failure) 124590K->16421K(120960K), 0.0005390 secs]
302.603: [GC (Allocation Failure) 119891K->16421K(116480K), 0.0005830 secs]
302.653: [GC (Allocation Failure) 115471K->16421K(135936K), 0.0005930 secs]
302.713: [GC (Allocation Failure) 134948K->16519K(130816K), 0.0005640 secs]
302.767: [GC (Allocation Failure) 129850K->16519K(125888K), 0.0005300 secs]
302.821: [GC (Allocation Failure) 124917K->16519K(121216K), 0.0005820 secs]
302.871: [GC (Allocation Failure) 120300K->16519K(141632K), 0.0007050 secs]
302.932: [GC (Allocation Failure) 140712K->16617K(166208K), 0.0005890 secs]
303.006: [GC (Allocation Failure) 165330K->16617K(159552K), 0.0005380 secs]
303.075: [GC (Allocation Failure) 158729K->16601K(187584K), 0.0011090 secs]
303.161: [GC (Allocation Failure) 186749K->16617K(179776K), 0.0005430 secs]
303.241: [GC (Allocation Failure) 179021K->16698K(172480K), 0.0007950 secs]
303.317: [GC (Allocation Failure) 171700K->16714K(165504K), 0.0006970 secs]
303.390: [GC (Allocation Failure) 164744K->16714K(158848K), 0.0005820 secs]
303.460: [GC (Allocation Failure) 158067K->16714K(152448K), 0.0007280 secs]
303.530: [GC (Allocation Failure) 151764K->16812K(146496K), 0.0007660 secs]
303.593: [GC (Allocation Failure) 145882K->16812K(140800K), 0.0005390 secs]
303.654: [GC (Allocation Failure) 140153K->16812K(135360K), 0.0005810 secs]
303.710: [GC (Allocation Failure) 134742K->16812K(130112K), 0.0005410 secs]
303.765: [GC (Allocation Failure) 129528K->16910K(125248K), 0.0005720 secs]
303.819: [GC (Allocation Failure) 124688K->16910K(120576K), 0.0007000 secs]
303.870: [GC (Allocation Failure) 120003K->16910K(116160K), 0.0005700 secs]
303.917: [GC (Allocation Failure) 115574K->16910K(135552K), 0.0005200 secs]
303.973: [GC (Allocation Failure) 135055K->17007K(130432K), 0.0005750 secs]
304.027: [GC (Allocation Failure) 129934K->17007K(125504K), 0.0005380 secs]
304.079: [GC (Allocation Failure) 125018K->16991K(146816K), 0.0008000 secs]
304.141: [GC (Allocation Failure) 146341K->17007K(172288K), 0.0005450 secs]
304.219: [GC (Allocation Failure) 171933K->17105K(165376K), 0.0005870 secs]
304.291: [GC (Allocation Failure) 165053K->17105K(158720K), 0.0006940 secs]
304.360: [GC (Allocation Failure) 158369K->17105K(152384K), 0.0006040 secs]
304.426: [GC (Allocation Failure) 152075K->17105K(146304K), 0.0007100 secs]
304.427: [Full GC (Ergonomics) 17105K->847K(146240K), 0.0096810 secs]
304.499: [GC (Allocation Failure) 129799K->1075K(140608K), 0.0004680 secs]
304.559: [GC (Allocation Failure) 124250K->1075K(135168K), 0.0005180 secs]
304.616: [GC (Allocation Failure) 118814K->1075K(129984K), 0.0004800 secs]
304.676: [GC (Allocation Failure) 113690K->1075K(124992K), 0.0007530 secs]
304.730: [GC (Allocation Failure) 108782K->1172K(120384K), 0.0004650 secs]
304.783: [GC (Allocation Failure) 104121K->1172K(115968K), 0.0004350 secs]
304.832: [GC (Allocation Failure) 99730K->1172K(111744K), 0.0004820 secs]
304.879: [GC (Allocation Failure) 95501K->1172K(107648K), 0.0004410 secs]
304.923: [GC (Allocation Failure) 91467K->1270K(103872K), 0.0004740 secs]
304.966: [GC (Allocation Failure) 87740K->1270K(100224K), 0.0004360 secs]
305.010: [GC (Allocation Failure) 84075K->1270K(96768K), 0.0005870 secs]
305.050: [GC (Allocation Failure) 80644K->1270K(93440K), 0.0004380 secs]
305.092: [GC (Allocation Failure) 77380K->1368K(108480K), 0.0006060 secs]
305.139: [GC (Allocation Failure) 92453K->1368K(104640K), 0.0004430 secs]
305.184: [GC (Allocation Failure) 88629K->1368K(121792K), 0.0006330 secs]
305.236: [GC (Allocation Failure) 105741K->1368K(142336K), 0.0005770 secs]
305.296: [GC (Allocation Failure) 126347K->1466K(166976K), 0.0006030 secs]
305.374: [GC (Allocation Failure) 151082K->1466K(160256K), 0.0004770 secs]
305.443: [GC (Allocation Failure) 144303K->1466K(153856K), 0.0004820 secs]
305.512: [GC (Allocation Failure) 137972K->1466K(147712K), 0.0005560 secs]
305.577: [GC (Allocation Failure) 131813K->1547K(142016K), 0.0006120 secs]
305.640: [GC (Allocation Failure) 126159K->1563K(136512K), 0.0004370 secs]
305.697: [GC (Allocation Failure) 120708K->1563K(131264K), 0.0004780 secs]
305.751: [GC (Allocation Failure) 115444K->1563K(126208K), 0.0004380 secs]
305.809: [GC (Allocation Failure) 110428K->1645K(121536K), 0.0007960 secs]
305.861: [GC (Allocation Failure) 105814K->1661K(117056K), 0.0005360 secs]
305.912: [GC (Allocation Failure) 101316K->1661K(112768K), 0.0004800 secs]
305.959: [GC (Allocation Failure) 97078K->1661K(108672K), 0.0004440 secs]
306.005: [GC (Allocation Failure) 93048K->1759K(104896K), 0.0004700 secs]
306.047: [GC (Allocation Failure) 89298K->1759K(101248K), 0.0004350 secs]
306.089: [GC (Allocation Failure) 85568K->1759K(97728K), 0.0005100 secs]
306.131: [GC (Allocation Failure) 82113K->1759K(94336K), 0.0004410 secs]
306.168: [GC (Allocation Failure) 78773K->1856K(91264K), 0.0004790 secs]
306.203: [GC (Allocation Failure) 75732K->1856K(105792K), 0.0004360 secs]
306.246: [GC (Allocation Failure) 90283K->1840K(123264K), 0.0005940 secs]
306.296: [GC (Allocation Failure) 107681K->1856K(144000K), 0.0004490 secs]
306.359: [GC (Allocation Failure) 128530K->1954K(138496K), 0.0005040 secs]
306.417: [GC (Allocation Failure) 123056K->1954K(133184K), 0.0004400 secs]
306.476: [GC (Allocation Failure) 117727K->1954K(128128K), 0.0004870 secs]
306.529: [GC (Allocation Failure) 112716K->1954K(123264K), 0.0004330 secs]
306.579: [GC (Allocation Failure) 107889K->2052K(118784K), 0.0004850 secs]
306.628: [GC (Allocation Failure) 103473K->2052K(114432K), 0.0006650 secs]
306.676: [GC (Allocation Failure) 99131K->2052K(110272K), 0.0005210 secs]
306.724: [GC (Allocation Failure) 94914K->2052K(106304K), 0.0004830 secs]
306.767: [GC (Allocation Failure) 91075K->2149K(102656K), 0.0004780 secs]
306.808: [GC (Allocation Failure) 87417K->2149K(119488K), 0.0005720 secs]
306.863: [GC (Allocation Failure) 104233K->2149K(115072K), 0.0004840 secs]
306.910: [GC (Allocation Failure) 99809K->2149K(110848K), 0.0004460 secs]
306.956: [GC (Allocation Failure) 95685K->2247K(106944K), 0.0004810 secs]
306.999: [GC (Allocation Failure) 91835K->2231K(124544K), 0.0005950 secs]
307.050: [GC (Allocation Failure) 109411K->2231K(145600K), 0.0006010 secs]
307.114: [GC (Allocation Failure) 130473K->2247K(139840K), 0.0004400 secs]
307.172: [GC (Allocation Failure) 124801K->2345K(134528K), 0.0004970 secs]
307.231: [GC (Allocation Failure) 119483K->2345K(129408K), 0.0004460 secs]
307.287: [GC (Allocation Failure) 114387K->2345K(124544K), 0.0005290 secs]
307.340: [GC (Allocation Failure) 109468K->2345K(119872K), 0.0004880 secs]
307.392: [GC (Allocation Failure) 104929K->2442K(115520K), 0.0004830 secs]
307.442: [GC (Allocation Failure) 100613K->2442K(111360K), 0.0005340 secs]
307.493: [GC (Allocation Failure) 96382K->2442K(107392K), 0.0005920 secs]
307.538: [GC (Allocation Failure) 92450K->2442K(103552K), 0.0004330 secs]
307.579: [GC (Allocation Failure) 88624K->2540K(100032K), 0.0004780 secs]
307.620: [GC (Allocation Failure) 85153K->2540K(96576K), 0.0005030 secs]
307.658: [GC (Allocation Failure) 81725K->2540K(112192K), 0.0004870 secs]
307.706: [GC (Allocation Failure) 97332K->2540K(130816K), 0.0005560 secs]
307.762: [GC (Allocation Failure) 116053K->2638K(125952K), 0.0004880 secs]
307.814: [GC (Allocation Failure) 111229K->2638K(121280K), 0.0004400 secs]
307.867: [GC (Allocation Failure) 106494K->2638K(116800K), 0.0004960 secs]
307.915: [GC (Allocation Failure) 102082K->2638K(112512K), 0.0004650 secs]
307.961: [GC (Allocation Failure) 97852K->2719K(108544K), 0.0006070 secs]
308.006: [GC (Allocation Failure) 93900K->2735K(126464K), 0.0005400 secs]
308.066: [GC (Allocation Failure) 111803K->2719K(147904K), 0.0007100 secs]
308.130: [GC (Allocation Failure) 133240K->2735K(142080K), 0.0004450 secs]
308.197: [GC (Allocation Failure) 127456K->2833K(136640K), 0.0005900 secs]
308.256: [GC (Allocation Failure) 122054K->2833K(131392K), 0.0004410 secs]
308.313: [GC (Allocation Failure) 116840K->2833K(126400K), 0.0005020 secs]
308.366: [GC (Allocation Failure) 111829K->2833K(121600K), 0.0005540 secs]
308.419: [GC (Allocation Failure) 107097K->2931K(117184K), 0.0005270 secs]
308.468: [GC (Allocation Failure) 102676K->2931K(112896K), 0.0004460 secs]
308.515: [GC (Allocation Failure) 98422K->2915K(108864K), 0.0006250 secs]
308.562: [GC (Allocation Failure) 94397K->2931K(104960K), 0.0004420 secs]
308.604: [GC (Allocation Failure) 90572K->3028K(101376K), 0.0004900 secs]
308.647: [GC (Allocation Failure) 87003K->3028K(97856K), 0.0004510 secs]
308.687: [GC (Allocation Failure) 83489K->3028K(94528K), 0.0004910 secs]
308.724: [GC (Allocation Failure) 80135K->3028K(109696K), 0.0005590 secs]
308.772: [GC (Allocation Failure) 95383K->3126K(127936K), 0.0004860 secs]
308.833: [GC (Allocation Failure) 113661K->3126K(123136K), 0.0005510 secs]
308.885: [GC (Allocation Failure) 108866K->3126K(118592K), 0.0004850 secs]
308.935: [GC (Allocation Failure) 104344K->3126K(114176K), 0.0004500 secs]
308.985: [GC (Allocation Failure) 100016K->3224K(110080K), 0.0006630 secs]
309.029: [GC (Allocation Failure) 95916K->3224K(106176K), 0.0004490 secs]
309.074: [GC (Allocation Failure) 92006K->3224K(102464K), 0.0005310 secs]
309.116: [GC (Allocation Failure) 88309K->3224K(119104K), 0.0004500 secs]
309.164: [GC (Allocation Failure) 105001K->3321K(139200K), 0.0005920 secs]
309.225: [GC (Allocation Failure) 125175K->3305K(133824K), 0.0005980 secs]
309.283: [GC (Allocation Failure) 119760K->3321K(128704K), 0.0004900 secs]
309.342: [GC (Allocation Failure) 114662K->3321K(123776K), 0.0004510 secs]
309.395: [GC (Allocation Failure) 109773K->3419K(119232K), 0.0005370 secs]
309.448: [GC (Allocation Failure) 105224K->3419K(114880K), 0.0004500 secs]
309.497: [GC (Allocation Failure) 100891K->3419K(110720K), 0.0005290 secs]
309.546: [GC (Allocation Failure) 96773K->3419K(106688K), 0.0004440 secs]
309.591: [GC (Allocation Failure) 92742K->3517K(102976K), 0.0006020 secs]
309.635: [GC (Allocation Failure) 89098K->3517K(99392K), 0.0004470 secs]
309.674: [GC (Allocation Failure) 85554K->3517K(96000K), 0.0004920 secs]
309.713: [GC (Allocation Failure) 82108K->3501K(111360K), 0.0006980 secs]
309.759: [GC (Allocation Failure) 97642K->3614K(130048K), 0.0004900 secs]
309.814: [GC (Allocation Failure) 116227K->3614K(152256K), 0.0004820 secs]
309.883: [GC (Allocation Failure) 138477K->3614K(146240K), 0.0004880 secs]
309.945: [GC (Allocation Failure) 132477K->3614K(140480K), 0.0004300 secs]
310.006: [GC (Allocation Failure) 126766K->3712K(135104K), 0.0005200 secs]
310.069: [GC (Allocation Failure) 121469K->3696K(129920K), 0.0007840 secs]
310.126: [GC (Allocation Failure) 116218K->3712K(124992K), 0.0004880 secs]
310.179: [GC (Allocation Failure) 111329K->3712K(120256K), 0.0005480 secs]
310.230: [GC (Allocation Failure) 106603K->3810K(115904K), 0.0004820 secs]
310.277: [GC (Allocation Failure) 102278K->3810K(111680K), 0.0005540 secs]
310.324: [GC (Allocation Failure) 98124K->3810K(107648K), 0.0005110 secs]
310.367: [GC (Allocation Failure) 94110K->3810K(103808K), 0.0004520 secs]
310.410: [GC (Allocation Failure) 90273K->3907K(100224K), 0.0005200 secs]
310.454: [GC (Allocation Failure) 86731K->3907K(116544K), 0.0005590 secs]
310.503: [GC (Allocation Failure) 103059K->3907K(112320K), 0.0004760 secs]
310.550: [GC (Allocation Failure) 98817K->3907K(130944K), 0.0005510 secs]
310.608: [GC (Allocation Failure) 117507K->4005K(126080K), 0.0005070 secs]
310.660: [GC (Allocation Failure) 112698K->4005K(121344K), 0.0004480 secs]
310.709: [GC (Allocation Failure) 107975K->4005K(116864K), 0.0004860 secs]
310.757: [GC (Allocation Failure) 103455K->4005K(112512K), 0.0004490 secs]
310.802: [GC (Allocation Failure) 99144K->4103K(108544K), 0.0004820 secs]
310.847: [GC (Allocation Failure) 95302K->4103K(104704K), 0.0005550 secs]
310.890: [GC (Allocation Failure) 91453K->4103K(101056K), 0.0004970 secs]
310.931: [GC (Allocation Failure) 87776K->4103K(117504K), 0.0005670 secs]
310.981: [GC (Allocation Failure) 104252K->4200K(113280K), 0.0004810 secs]
311.028: [GC (Allocation Failure) 100083K->4200K(132160K), 0.0005510 secs]
311.087: [GC (Allocation Failure) 118967K->4200K(127168K), 0.0005090 secs]
311.140: [GC (Allocation Failure) 113952K->4204K(122368K), 0.0004580 secs]
311.195: [GC (Allocation Failure) 109248K->4302K(117888K), 0.0004940 secs]
311.246: [GC (Allocation Failure) 104830K->4302K(113600K), 0.0004880 secs]
311.299: [GC (Allocation Failure) 100505K->4302K(109504K), 0.0006160 secs]
311.344: [GC (Allocation Failure) 96373K->4302K(105536K), 0.0004920 secs]
311.387: [GC (Allocation Failure) 92537K->4400K(101888K), 0.0004840 secs]
311.432: [GC (Allocation Failure) 88895K->4400K(118528K), 0.0005700 secs]
311.480: [GC (Allocation Failure) 105521K->4400K(138496K), 0.0006250 secs]
311.540: [GC (Allocation Failure) 125470K->4384K(162240K), 0.0008580 secs]
311.612: [GC (Allocation Failure) 149364K->4497K(155840K), 0.0004950 secs]
311.679: [GC (Allocation Failure) 142990K->4497K(149632K), 0.0006970 secs]
311.745: [GC (Allocation Failure) 136771K->4497K(143744K), 0.0005540 secs]
311.807: [GC (Allocation Failure) 130814K->4501K(138112K), 0.0004640 secs]
311.865: [GC (Allocation Failure) 125292K->4599K(132864K), 0.0006020 secs]
311.927: [GC (Allocation Failure) 120039K->4583K(127808K), 0.0008280 secs]
311.981: [GC (Allocation Failure) 115022K->4599K(123008K), 0.0004980 secs]
312.036: [GC (Allocation Failure) 110254K->4599K(118400K), 0.0005020 secs]
312.084: [GC (Allocation Failure) 105621K->4697K(114112K), 0.0005120 secs]
312.131: [GC (Allocation Failure) 101369K->4697K(110016K), 0.0005610 secs]
312.178: [GC (Allocation Failure) 97340K->4697K(106112K), 0.0005490 secs]
312.221: [GC (Allocation Failure) 93420K->4697K(102336K), 0.0004530 secs]
312.265: [GC (Allocation Failure) 89674K->4794K(119168K), 0.0006080 secs]
312.313: [GC (Allocation Failure) 106603K->4794K(114816K), 0.0004580 secs]
312.360: [GC (Allocation Failure) 102266K->4794K(110656K), 0.0005160 secs]
312.410: [GC (Allocation Failure) 98035K->4794K(128960K), 0.0005850 secs]
312.466: [GC (Allocation Failure) 116416K->4892K(124160K), 0.0004890 secs]
312.520: [GC (Allocation Failure) 111635K->4892K(119552K), 0.0004570 secs]
312.568: [GC (Allocation Failure) 107009K->4892K(115136K), 0.0005290 secs]
312.618: [GC (Allocation Failure) 102650K->4892K(110912K), 0.0004440 secs]
312.663: [GC (Allocation Failure) 98446K->4990K(107008K), 0.0004930 secs]
312.708: [GC (Allocation Failure) 94607K->4990K(103232K), 0.0004670 secs]
312.752: [GC (Allocation Failure) 90863K->4990K(99648K), 0.0005370 secs]
312.792: [GC (Allocation Failure) 87235K->4990K(96192K), 0.0004610 secs]
312.831: [GC (Allocation Failure) 83841K->5087K(111808K), 0.0006110 secs]
312.881: [GC (Allocation Failure) 99505K->5087K(130432K), 0.0004610 secs]
312.939: [GC (Allocation Failure) 118101K->5087K(125504K), 0.0005060 secs]
312.994: [GC (Allocation Failure) 113160K->5087K(120768K), 0.0005070 secs]
313.048: [GC (Allocation Failure) 108563K->5169K(116352K), 0.0006700 secs]
313.096: [GC (Allocation Failure) 104096K->5185K(112128K), 0.0004660 secs]
313.141: [GC (Allocation Failure) 99915K->5185K(108096K), 0.0005030 secs]
313.184: [GC (Allocation Failure) 95887K->5185K(104192K), 0.0004770 secs]
313.226: [GC (Allocation Failure) 92039K->5283K(121344K), 0.0005000 secs]
313.278: [GC (Allocation Failure) 109258K->5283K(116864K), 0.0004600 secs]
313.328: [GC (Allocation Failure) 104723K->5283K(112576K), 0.0005900 secs]
313.374: [GC (Allocation Failure) 100483K->5283K(108480K), 0.0004630 secs]
313.421: [GC (Allocation Failure) 96464K->5380K(104704K), 0.0005090 secs]
313.465: [GC (Allocation Failure) 92714K->5380K(101056K), 0.0004640 secs]
313.511: [GC (Allocation Failure) 89082K->5380K(97600K), 0.0005590 secs]
313.550: [GC (Allocation Failure) 85548K->5380K(113344K), 0.0004690 secs]
313.597: [GC (Allocation Failure) 101364K->5478K(132352K), 0.0005430 secs]
313.653: [GC (Allocation Failure) 120443K->5478K(155008K), 0.0005660 secs]
313.723: [GC (Allocation Failure) 143081K->5478K(148864K), 0.0005090 secs]
313.788: [GC (Allocation Failure) 136985K->5478K(142976K), 0.0004820 secs]
313.850: [GC (Allocation Failure) 131082K->5576K(137472K), 0.0005600 secs]
313.909: [GC (Allocation Failure) 125681K->5576K(132224K), 0.0004640 secs]
313.965: [GC (Allocation Failure) 120439K->5576K(127232K), 0.0006340 secs]
314.020: [GC (Allocation Failure) 115452K->5576K(122432K), 0.0005050 secs]
314.070: [GC (Allocation Failure) 110726K->5673K(117952K), 0.0004960 secs]
314.121: [GC (Allocation Failure) 106214K->5673K(113664K), 0.0004950 secs]
314.170: [GC (Allocation Failure) 101975K->5673K(109568K), 0.0005430 secs]
314.215: [GC (Allocation Failure) 97841K->5673K(105600K), 0.0004880 secs]
314.258: [GC (Allocation Failure) 93912K->5771K(101952K), 0.0004990 secs]
314.301: [GC (Allocation Failure) 90369K->5771K(98432K), 0.0004960 secs]
314.345: [GC (Allocation Failure) 86821K->5771K(114432K), 0.0006420 secs]
314.393: [GC (Allocation Failure) 102854K->5771K(133504K), 0.0005700 secs]
314.454: [GC (Allocation Failure) 121942K->5869K(156480K), 0.0006300 secs]
314.523: [GC (Allocation Failure) 144945K->5869K(150272K), 0.0004640 secs]
314.589: [GC (Allocation Failure) 138766K->5853K(144384K), 0.0006470 secs]
314.655: [GC (Allocation Failure) 132810K->5869K(138688K), 0.0005800 secs]
314.716: [GC (Allocation Failure) 127228K->5966K(133440K), 0.0006450 secs]
314.774: [GC (Allocation Failure) 122002K->5966K(128384K), 0.0004730 secs]
314.828: [GC (Allocation Failure) 116998K->5966K(123584K), 0.0005110 secs]
314.881: [GC (Allocation Failure) 112198K->5966K(118912K), 0.0004480 secs]
314.933: [GC (Allocation Failure) 107585K->6064K(114624K), 0.0005500 secs]
314.984: [GC (Allocation Failure) 103340K->6064K(133760K), 0.0007990 secs]
315.044: [GC (Allocation Failure) 122445K->6064K(128704K), 0.0005630 secs]
315.098: [GC (Allocation Failure) 117405K->6064K(123776K), 0.0004760 secs]
315.156: [GC (Allocation Failure) 112508K->6162K(119232K), 0.0006260 secs]
315.207: [GC (Allocation Failure) 107975K->6162K(114880K), 0.0004650 secs]
315.254: [GC (Allocation Failure) 103653K->6162K(110720K), 0.0005190 secs]
315.300: [GC (Allocation Failure) 99503K->6146K(129024K), 0.0008850 secs]
315.356: [GC (Allocation Failure) 117919K->6259K(151168K), 0.0005060 secs]
315.422: [GC (Allocation Failure) 140039K->6259K(145216K), 0.0005030 secs]
315.486: [GC (Allocation Failure) 134131K->6259K(139584K), 0.0005080 secs]
315.545: [GC (Allocation Failure) 128437K->6259K(134144K), 0.0004710 secs]
315.600: [GC (Allocation Failure) 123115K->6357K(129088K), 0.0005130 secs]
315.657: [GC (Allocation Failure) 118098K->6357K(124224K), 0.0005010 secs]
315.708: [GC (Allocation Failure) 113193K->6357K(119616K), 0.0005110 secs]
315.760: [GC (Allocation Failure) 108538K->6357K(115136K), 0.0004750 secs]
315.807: [GC (Allocation Failure) 104116K->6455K(111040K), 0.0005520 secs]
315.852: [GC (Allocation Failure) 100087K->6455K(107072K), 0.0004710 secs]
315.898: [GC (Allocation Failure) 96141K->6455K(103296K), 0.0006350 secs]
315.941: [GC (Allocation Failure) 92324K->6455K(99648K), 0.0004620 secs]
315.981: [GC (Allocation Failure) 88766K->6552K(115968K), 0.0005120 secs]
316.031: [GC (Allocation Failure) 105093K->6552K(111744K), 0.0004770 secs]
316.076: [GC (Allocation Failure) 100888K->6536K(130304K), 0.0006880 secs]
316.132: [GC (Allocation Failure) 119447K->6552K(152448K), 0.0006160 secs]
316.199: [GC (Allocation Failure) 141647K->6650K(146496K), 0.0005030 secs]
316.260: [GC (Allocation Failure) 135733K->6650K(140800K), 0.0004790 secs]
316.322: [GC (Allocation Failure) 130094K->6650K(135360K), 0.0005610 secs]
316.378: [GC (Allocation Failure) 124597K->6650K(130112K), 0.0004730 secs]
316.434: [GC (Allocation Failure) 119451K->6748K(125248K), 0.0005050 secs]
316.488: [GC (Allocation Failure) 114559K->6748K(120576K), 0.0004780 secs]
316.538: [GC (Allocation Failure) 109924K->6748K(116160K), 0.0005140 secs]
316.588: [GC (Allocation Failure) 105484K->6748K(111872K), 0.0005110 secs]
316.640: [GC (Allocation Failure) 101265K->6845K(107904K), 0.0006500 secs]
316.684: [GC (Allocation Failure) 97320K->6829K(125696K), 0.0006690 secs]
316.737: [GC (Allocation Failure) 115137K->6845K(147008K), 0.0005110 secs]
316.801: [GC (Allocation Failure) 136470K->6845K(141184K), 0.0004740 secs]
316.865: [GC (Allocation Failure) 130670K->6943K(135808K), 0.0004980 secs]
316.922: [GC (Allocation Failure) 125368K->6943K(130624K), 0.0005910 secs]
316.979: [GC (Allocation Failure) 120223K->6943K(125696K), 0.0006180 secs]
317.035: [GC (Allocation Failure) 115295K->6943K(120960K), 0.0004720 secs]
317.091: [GC (Allocation Failure) 110606K->7041K(116544K), 0.0006320 secs]
317.138: [GC (Allocation Failure) 106193K->7041K(112320K), 0.0004720 secs]
317.184: [GC (Allocation Failure) 101964K->7041K(108288K), 0.0005230 secs]
317.227: [GC (Allocation Failure) 97935K->7041K(104384K), 0.0004640 secs]
317.271: [GC (Allocation Failure) 94091K->7138K(100800K), 0.0005050 secs]
317.312: [GC (Allocation Failure) 90528K->7138K(117248K), 0.0005420 secs]
317.363: [GC (Allocation Failure) 106951K->7138K(136960K), 0.0006350 secs]
317.426: [GC (Allocation Failure) 126735K->7138K(131648K), 0.0004780 secs]
317.485: [GC (Allocation Failure) 121427K->7236K(126720K), 0.0005220 secs]
317.541: [GC (Allocation Failure) 116611K->7236K(121984K), 0.0004910 secs]
317.591: [GC (Allocation Failure) 111805K->7236K(117504K), 0.0005170 secs]
317.642: [GC (Allocation Failure) 107373K->7236K(113152K), 0.0004780 secs]
317.687: [GC (Allocation Failure) 103034K->7334K(109120K), 0.0005160 secs]
317.733: [GC (Allocation Failure) 99076K->7334K(105216K), 0.0004790 secs]
317.779: [GC (Allocation Failure) 95150K->7318K(122560K), 0.0009250 secs]
317.830: [GC (Allocation Failure) 112466K->7334K(143232K), 0.0004810 secs]
317.892: [GC (Allocation Failure) 133249K->7431K(168064K), 0.0005150 secs]
317.966: [GC (Allocation Failure) 158129K->7431K(161280K), 0.0004750 secs]
318.034: [GC (Allocation Failure) 151355K->7431K(154816K), 0.0005200 secs]
318.099: [GC (Allocation Failure) 144846K->7431K(148608K), 0.0004730 secs]
318.165: [GC (Allocation Failure) 138743K->7529K(142848K), 0.0005120 secs]
318.225: [GC (Allocation Failure) 132937K->7529K(137280K), 0.0004740 secs]
318.284: [GC (Allocation Failure) 127452K->7529K(132032K), 0.0006470 secs]
318.341: [GC (Allocation Failure) 122217K->7529K(126976K), 0.0006000 secs]
318.395: [GC (Allocation Failure) 117213K->7627K(122304K), 0.0005160 secs]
318.451: [GC (Allocation Failure) 112490K->7611K(142912K), 0.0008810 secs]
318.514: [GC (Allocation Failure) 133127K->7627K(137344K), 0.0006540 secs]
318.573: [GC (Allocation Failure) 127613K->7627K(132032K), 0.0004810 secs]
318.628: [GC (Allocation Failure) 122321K->7725K(127104K), 0.0005450 secs]
318.683: [GC (Allocation Failure) 117411K->7725K(122368K), 0.0004840 secs]
318.736: [GC (Allocation Failure) 112680K->7725K(117824K), 0.0005730 secs]
318.787: [GC (Allocation Failure) 108165K->7725K(113472K), 0.0004830 secs]
318.833: [GC (Allocation Failure) 103827K->7822K(109440K), 0.0005120 secs]
318.880: [GC (Allocation Failure) 99898K->7822K(127552K), 0.0006100 secs]
318.936: [GC (Allocation Failure) 117937K->7822K(122752K), 0.0006030 secs]
318.989: [GC (Allocation Failure) 113133K->7822K(118144K), 0.0005890 secs]
319.041: [GC (Allocation Failure) 108634K->7920K(113856K), 0.0005170 secs]
319.089: [GC (Allocation Failure) 104378K->7904K(132928K), 0.0008920 secs]
319.148: [GC (Allocation Failure) 123391K->7920K(155712K), 0.0005350 secs]
319.214: [GC (Allocation Failure) 146226K->7920K(149504K), 0.0004800 secs]
319.277: [GC (Allocation Failure) 140116K->8018K(143680K), 0.0005000 secs]
319.338: [GC (Allocation Failure) 134319K->8018K(138112K), 0.0004790 secs]
319.400: [GC (Allocation Failure) 128780K->8002K(132800K), 0.0009340 secs]
319.458: [GC (Allocation Failure) 123382K->8018K(127680K), 0.0004800 secs]
319.510: [GC (Allocation Failure) 118392K->8115K(122944K), 0.0005210 secs]
319.563: [GC (Allocation Failure) 113673K->8115K(118400K), 0.0005160 secs]
319.614: [GC (Allocation Failure) 109105K->8115K(114048K), 0.0005230 secs]
319.667: [GC (Allocation Failure) 104807K->8115K(109888K), 0.0006050 secs]
319.713: [GC (Allocation Failure) 100652K->8213K(106048K), 0.0005220 secs]
319.759: [GC (Allocation Failure) 96847K->8197K(123520K), 0.0006480 secs]
319.810: [GC (Allocation Failure) 114334K->8213K(144384K), 0.0005250 secs]
319.871: [GC (Allocation Failure) 135204K->8213K(138688K), 0.0004690 secs]
319.929: [GC (Allocation Failure) 129598K->8311K(133440K), 0.0005160 secs]
319.987: [GC (Allocation Failure) 124370K->8311K(128384K), 0.0004830 secs]
320.040: [GC (Allocation Failure) 119272K->8311K(123584K), 0.0005990 secs]
320.094: [GC (Allocation Failure) 114532K->8311K(118912K), 0.0004840 secs]
320.146: [GC (Allocation Failure) 109896K->8408K(114624K), 0.0005600 secs]
320.196: [GC (Allocation Failure) 105655K->8408K(110464K), 0.0005010 secs]
320.243: [GC (Allocation Failure) 101474K->8408K(106496K), 0.0005190 secs]
320.286: [GC (Allocation Failure) 97537K->8408K(102656K), 0.0004860 secs]
320.330: [GC (Allocation Failure) 93699K->8506K(99136K), 0.0005190 secs]
320.371: [GC (Allocation Failure) 90257K->8506K(115264K), 0.0004840 secs]
320.425: [GC (Allocation Failure) 106371K->8506K(134528K), 0.0006870 secs]
320.484: [GC (Allocation Failure) 125658K->8506K(129344K), 0.0004920 secs]
320.541: [GC (Allocation Failure) 120497K->8604K(124544K), 0.0005160 secs]
320.594: [GC (Allocation Failure) 115725K->8604K(119936K), 0.0004760 secs]
320.645: [GC (Allocation Failure) 111182K->8604K(115520K), 0.0005280 secs]
320.696: [GC (Allocation Failure) 106759K->8604K(111296K), 0.0004850 secs]
320.741: [GC (Allocation Failure) 102545K->8701K(107392K), 0.0006470 secs]
320.787: [GC (Allocation Failure) 98704K->8701K(125120K), 0.0006040 secs]
320.839: [GC (Allocation Failure) 116411K->8701K(146304K), 0.0005200 secs]
320.903: [GC (Allocation Failure) 137639K->8701K(140544K), 0.0004900 secs]
320.962: [GC (Allocation Failure) 131952K->8799K(135168K), 0.0005200 secs]
321.019: [GC (Allocation Failure) 126618K->8799K(129984K), 0.0004840 secs]
321.076: [GC (Allocation Failure) 121399K->8799K(125056K), 0.0006900 secs]
321.130: [GC (Allocation Failure) 116509K->8799K(120320K), 0.0004860 secs]
321.180: [GC (Allocation Failure) 111790K->8897K(115968K), 0.0005260 secs]
321.227: [GC (Allocation Failure) 107450K->8897K(111744K), 0.0004850 secs]
321.274: [GC (Allocation Failure) 103233K->8897K(107712K), 0.0005400 secs]
321.317: [GC (Allocation Failure) 99203K->8897K(103808K), 0.0004860 secs]
321.359: [GC (Allocation Failure) 95392K->8994K(120896K), 0.0005300 secs]
321.412: [GC (Allocation Failure) 112451K->8994K(116416K), 0.0005070 secs]
321.461: [GC (Allocation Failure) 108011K->8994K(112192K), 0.0005260 secs]
321.506: [GC (Allocation Failure) 103817K->8994K(108096K), 0.0004860 secs]
321.550: [GC (Allocation Failure) 99790K->9092K(126016K), 0.0005300 secs]
321.606: [GC (Allocation Failure) 117672K->9092K(121280K), 0.0005270 secs]
321.656: [GC (Allocation Failure) 112973K->9092K(116800K), 0.0005270 secs]
321.705: [GC (Allocation Failure) 108533K->9076K(136256K), 0.0009680 secs]
321.764: [GC (Allocation Failure) 128088K->9190K(159808K), 0.0005320 secs]
321.834: [GC (Allocation Failure) 151646K->9190K(153408K), 0.0004950 secs]
321.902: [GC (Allocation Failure) 145205K->9190K(147328K), 0.0006580 secs]
321.966: [GC (Allocation Failure) 139146K->9190K(141504K), 0.0004860 secs]
322.025: [GC (Allocation Failure) 133347K->9287K(136064K), 0.0005210 secs]
322.084: [GC (Allocation Failure) 127922K->9287K(130880K), 0.0004900 secs]
322.141: [GC (Allocation Failure) 122815K->9287K(125952K), 0.0005250 secs]
322.195: [GC (Allocation Failure) 117874K->9287K(121216K), 0.0004900 secs]
322.247: [GC (Allocation Failure) 113164K->9385K(116800K), 0.0005750 secs]
322.298: [GC (Allocation Failure) 108824K->9369K(136384K), 0.0009100 secs]
322.361: [GC (Allocation Failure) 128404K->9385K(131136K), 0.0005410 secs]
322.419: [GC (Allocation Failure) 123098K->9385K(153472K), 0.0006130 secs]
322.486: [GC (Allocation Failure) 145522K->9483K(147456K), 0.0005750 secs]
322.554: [GC (Allocation Failure) 139520K->9483K(141696K), 0.0005360 secs]
322.617: [GC (Allocation Failure) 133812K->9483K(136192K), 0.0005350 secs]
322.676: [GC (Allocation Failure) 128301K->9483K(130944K), 0.0004980 secs]
322.733: [GC (Allocation Failure) 123091K->9580K(126080K), 0.0005300 secs]
322.787: [GC (Allocation Failure) 118279K->9580K(121344K), 0.0005410 secs]
322.838: [GC (Allocation Failure) 113543K->9580K(116864K), 0.0005380 secs]
322.890: [GC (Allocation Failure) 109026K->9580K(112512K), 0.0004910 secs]
322.938: [GC (Allocation Failure) 104761K->9678K(108544K), 0.0005300 secs]
322.982: [GC (Allocation Failure) 100869K->9678K(104704K), 0.0005060 secs]
323.025: [GC (Allocation Failure) 97013K->9678K(101056K), 0.0005330 secs]
323.069: [GC (Allocation Failure) 93362K->9678K(117504K), 0.0006160 secs]
323.124: [GC (Allocation Failure) 109820K->9776K(137344K), 0.0006740 secs]
323.183: [GC (Allocation Failure) 129689K->9776K(132096K), 0.0004930 secs]
323.243: [GC (Allocation Failure) 124459K->9776K(127104K), 0.0005430 secs]
323.298: [GC (Allocation Failure) 119521K->9776K(122304K), 0.0005060 secs]
323.353: [GC (Allocation Failure) 114706K->9873K(117824K), 0.0006700 secs]
323.404: [GC (Allocation Failure) 110277K->9873K(113536K), 0.0005400 secs]
323.453: [GC (Allocation Failure) 106032K->9873K(109440K), 0.0005860 secs]
323.501: [GC (Allocation Failure) 101932K->9873K(105472K), 0.0004920 secs]
323.546: [GC (Allocation Failure) 98011K->9971K(122880K), 0.0006490 secs]
323.600: [GC (Allocation Failure) 115500K->9971K(143616K), 0.0005640 secs]
323.664: [GC (Allocation Failure) 136166K->9971K(168448K), 0.0006970 secs]
323.740: [GC (Allocation Failure) 161042K->9971K(161600K), 0.0004990 secs]
323.812: [GC (Allocation Failure) 154272K->10069K(155200K), 0.0005520 secs]
323.878: [GC (Allocation Failure) 147868K->10069K(149056K), 0.0004800 secs]
323.941: [GC (Allocation Failure) 141685K->10069K(143232K), 0.0005310 secs]
324.006: [GC (Allocation Failure) 135956K->10053K(137536K), 0.0009720 secs]
324.069: [GC (Allocation Failure) 130344K->10166K(132352K), 0.0005220 secs]
324.125: [GC (Allocation Failure) 125103K->10166K(127360K), 0.0005280 secs]
324.181: [GC (Allocation Failure) 120131K->10166K(122560K), 0.0005430 secs]
324.233: [GC (Allocation Failure) 115296K->10166K(117952K), 0.0005660 secs]
324.282: [GC (Allocation Failure) 110801K->10248K(137856K), 0.0007140 secs]
324.342: [GC (Allocation Failure) 130750K->10264K(161536K), 0.0006180 secs]
324.415: [GC (Allocation Failure) 154454K->10264K(155072K), 0.0006800 secs]
324.486: [GC (Allocation Failure) 147946K->10264K(148864K), 0.0005010 secs]
324.551: [GC (Allocation Failure) 141784K->10362K(143104K), 0.0005370 secs]
324.612: [GC (Allocation Failure) 136038K->10362K(137536K), 0.0006590 secs]
324.671: [GC (Allocation Failure) 130530K->10362K(132288K), 0.0005470 secs]
324.726: [GC (Allocation Failure) 125254K->10362K(127232K), 0.0004950 secs]
324.779: [GC (Allocation Failure) 120219K->10459K(122496K), 0.0005880 secs]
324.829: [GC (Allocation Failure) 115611K->10443K(117952K), 0.0006710 secs]
324.881: [GC (Allocation Failure) 110974K->10459K(113664K), 0.0005820 secs]
324.927: [GC (Allocation Failure) 106771K->10459K(132544K), 0.0004950 secs]
324.985: [GC (Allocation Failure) 125705K->10557K(127552K), 0.0005370 secs]
325.042: [GC (Allocation Failure) 120717K->10557K(122752K), 0.0005000 secs]
325.094: [GC (Allocation Failure) 115888K->10557K(118208K), 0.0005460 secs]
325.145: [GC (Allocation Failure) 111397K->10557K(113792K), 0.0004920 secs]
325.196: [GC (Allocation Failure) 107058K->10655K(132864K), 0.0007200 secs]
325.254: [GC (Allocation Failure) 126116K->10655K(127808K), 0.0004840 secs]
325.314: [GC (Allocation Failure) 121086K->10639K(149568K), 0.0010120 secs]
325.387: [GC (Allocation Failure) 142842K->10655K(175552K), 0.0006460 secs]
325.463: [GC (Allocation Failure) 168927K->10752K(168448K), 0.0005410 secs]
325.537: [GC (Allocation Failure) 161816K->10752K(161664K), 0.0004980 secs]
325.606: [GC (Allocation Failure) 155055K->10752K(155200K), 0.0006030 secs]
325.674: [GC (Allocation Failure) 148570K->10752K(148992K), 0.0004980 secs]
325.737: [GC (Allocation Failure) 142374K->10850K(143232K), 0.0005350 secs]
325.799: [GC (Allocation Failure) 136672K->10850K(137664K), 0.0006520 secs]
325.860: [GC (Allocation Failure) 131115K->10850K(132352K), 0.0005550 secs]
325.915: [GC (Allocation Failure) 125846K->10850K(127296K), 0.0005010 secs]
325.970: [GC (Allocation Failure) 120829K->10948K(122560K), 0.0005850 secs]
326.023: [GC (Allocation Failure) 116102K->10948K(118016K), 0.0005420 secs]
326.076: [GC (Allocation Failure) 111571K->10932K(137856K), 0.0010180 secs]
326.135: [GC (Allocation Failure) 131420K->10948K(161600K), 0.0015060 secs]
326.207: [GC (Allocation Failure) 155264K->11045K(190144K), 0.0005400 secs]
326.294: [GC (Allocation Failure) 183776K->11045K(196608K), 0.0007720 secs]
326.384: [GC (Allocation Failure) 190285K->11045K(196672K), 0.0006900 secs]
326.471: [GC (Allocation Failure) 190297K->11045K(188416K), 0.0005430 secs]
326.556: [GC (Allocation Failure) 182089K->11045K(180608K), 0.0005540 secs]
326.633: [GC (Allocation Failure) 174238K->11045K(173120K), 0.0005280 secs]
326.707: [GC (Allocation Failure) 166832K->11127K(166144K), 0.0008830 secs]
326.780: [GC (Allocation Failure) 159848K->11143K(159424K), 0.0005200 secs]
326.851: [GC (Allocation Failure) 153179K->11143K(153088K), 0.0006310 secs]
326.917: [GC (Allocation Failure) 146872K->11143K(147008K), 0.0006750 secs]
326.984: [GC (Allocation Failure) 140846K->11338K(141312K), 0.0007300 secs]
327.048: [GC (Allocation Failure) 135268K->11322K(135872K), 0.0008280 secs]
327.106: [GC (Allocation Failure) 129757K->11338K(159168K), 0.0007050 secs]
327.179: [GC (Allocation Failure) 153077K->11338K(152768K), 0.0005190 secs]
327.247: [GC (Allocation Failure) 146768K->11436K(146816K), 0.0005470 secs]
327.311: [GC (Allocation Failure) 140844K->11436K(141056K), 0.0006470 secs]
327.373: [GC (Allocation Failure) 135065K->11440K(135616K), 0.0005530 secs]
327.430: [GC (Allocation Failure) 129674K->11440K(130368K), 0.0005070 secs]
327.484: [GC (Allocation Failure) 124469K->11538K(125504K), 0.0007760 secs]
327.537: [GC (Allocation Failure) 119645K->11538K(120832K), 0.0005020 secs]
327.592: [GC (Allocation Failure) 114991K->11538K(141184K), 0.0007340 secs]
327.654: [GC (Allocation Failure) 135363K->11538K(135680K), 0.0006310 secs]
327.714: [GC (Allocation Failure) 129926K->11635K(130560K), 0.0005490 secs]
327.770: [GC (Allocation Failure) 124843K->11635K(125632K), 0.0005140 secs]
327.825: [GC (Allocation Failure) 119923K->11635K(120960K), 0.0005620 secs]
327.876: [GC (Allocation Failure) 115211K->11635K(116416K), 0.0005570 secs]
327.925: [GC (Allocation Failure) 110679K->11733K(136000K), 0.0007620 secs]
327.984: [GC (Allocation Failure) 130366K->11733K(159296K), 0.0005060 secs]
328.052: [GC (Allocation Failure) 153679K->11733K(152960K), 0.0005670 secs]
328.119: [GC (Allocation Failure) 147260K->11733K(146880K), 0.0005590 secs]
328.183: [GC (Allocation Failure) 141258K->11831K(141184K), 0.0007730 secs]
328.246: [GC (Allocation Failure) 135661K->11831K(135744K), 0.0005110 secs]
328.303: [GC (Allocation Failure) 130159K->11831K(130560K), 0.0005560 secs]
328.357: [GC (Allocation Failure) 124954K->11831K(125568K), 0.0005100 secs]
328.411: [GC (Allocation Failure) 120043K->11928K(120960K), 0.0005450 secs]
328.461: [GC (Allocation Failure) 115511K->11928K(116480K), 0.0005050 secs]
328.511: [GC (Allocation Failure) 110992K->11928K(112256K), 0.0005570 secs]
328.559: [GC (Allocation Failure) 106822K->11928K(108160K), 0.0005830 secs]
328.603: [GC (Allocation Failure) 102713K->12026K(126080K), 0.0005510 secs]
328.658: [GC (Allocation Failure) 120708K->12026K(121344K), 0.0005130 secs]
328.708: [GC (Allocation Failure) 115991K->12026K(116864K), 0.0005550 secs]
328.758: [GC (Allocation Failure) 111475K->12026K(112512K), 0.0005100 secs]
328.805: [GC (Allocation Failure) 107246K->12124K(131328K), 0.0007590 secs]
328.861: [GC (Allocation Failure) 126027K->12124K(153792K), 0.0004960 secs]
328.927: [GC (Allocation Failure) 148560K->12124K(180608K), 0.0007100 secs]
329.010: [GC (Allocation Failure) 175383K->12124K(173120K), 0.0005170 secs]
329.089: [GC (Allocation Failure) 167912K->12319K(166144K), 0.0007580 secs]
329.163: [GC (Allocation Failure) 161048K->12319K(159424K), 0.0005150 secs]
329.236: [GC (Allocation Failure) 154360K->12319K(153088K), 0.0006320 secs]
329.305: [GC (Allocation Failure) 148062K->12319K(147008K), 0.0005140 secs]
329.366: [GC (Allocation Failure) 141956K->12401K(141312K), 0.0008320 secs]
329.428: [GC (Allocation Failure) 136325K->12417K(135872K), 0.0005780 secs]
329.490: [GC (Allocation Failure) 130936K->12417K(130688K), 0.0006380 secs]
329.547: [GC (Allocation Failure) 125729K->12417K(125696K), 0.0005680 secs]
329.599: [GC (Allocation Failure) 120811K->12514K(121088K), 0.0005550 secs]
329.649: [GC (Allocation Failure) 116188K->12514K(116608K), 0.0005100 secs]
329.696: [GC (Allocation Failure) 111748K->12514K(136192K), 0.0006740 secs]
329.757: [GC (Allocation Failure) 131324K->12514K(130944K), 0.0005560 secs]
329.813: [GC (Allocation Failure) 126142K->12612K(126080K), 0.0005460 secs]
329.865: [GC (Allocation Failure) 121311K->12612K(121344K), 0.0005060 secs]
329.918: [GC (Allocation Failure) 116547K->12612K(116864K), 0.0005620 secs]
329.965: [GC (Allocation Failure) 112061K->12612K(112512K), 0.0005130 secs]
330.010: [GC (Allocation Failure) 107826K->12710K(131328K), 0.0005560 secs]
330.065: [GC (Allocation Failure) 126619K->12710K(126336K), 0.0005180 secs]
330.116: [GC (Allocation Failure) 121699K->12710K(121600K), 0.0005730 secs]
330.170: [GC (Allocation Failure) 116947K->12710K(117056K), 0.0005130 secs]
330.217: [GC (Allocation Failure) 112433K->12807K(112832K), 0.0005540 secs]
330.266: [GC (Allocation Failure) 108201K->12807K(108800K), 0.0005170 secs]
330.313: [GC (Allocation Failure) 104190K->12807K(126784K), 0.0005700 secs]
330.365: [GC (Allocation Failure) 122196K->12807K(121984K), 0.0005100 secs]
330.415: [GC (Allocation Failure) 117472K->12905K(117568K), 0.0005560 secs]
330.463: [GC (Allocation Failure) 113038K->12905K(113280K), 0.0004920 secs]
330.511: [GC (Allocation Failure) 108816K->12905K(132160K), 0.0005750 secs]
330.566: [GC (Allocation Failure) 127708K->12905K(127104K), 0.0005480 secs]
330.621: [GC (Allocation Failure) 122687K->13100K(148800K), 0.0006640 secs]
330.684: [GC (Allocation Failure) 144508K->13100K(142976K), 0.0005140 secs]
330.747: [GC (Allocation Failure) 138715K->13100K(137408K), 0.0005780 secs]
330.806: [GC (Allocation Failure) 133084K->13084K(160896K), 0.0008550 secs]
330.876: [GC (Allocation Failure) 156704K->13198K(154560K), 0.0005580 secs]
330.944: [GC (Allocation Failure) 150321K->13198K(181632K), 0.0017270 secs]
331.029: [GC (Allocation Failure) 177435K->13198K(214016K), 0.0007470 secs]
331.139: [GC (Allocation Failure) 209840K->13198K(225536K), 0.0007550 secs]
331.242: [GC (Allocation Failure) 221444K->13296K(215936K), 0.0005520 secs]
331.338: [GC (Allocation Failure) 211797K->13296K(206592K), 0.0005480 secs]
331.431: [GC (Allocation Failure) 202653K->13491K(198208K), 0.0005200 secs]
331.517: [GC (Allocation Failure) 194163K->13491K(189824K), 0.0005410 secs]
331.599: [GC (Allocation Failure) 185916K->13491K(181952K), 0.0005660 secs]
331.677: [GC (Allocation Failure) 178064K->13491K(174464K), 0.0005450 secs]
331.755: [GC (Allocation Failure) 170578K->13475K(167360K), 0.0008390 secs]
331.828: [GC (Allocation Failure) 163437K->13491K(160640K), 0.0005510 secs]
331.899: [GC (Allocation Failure) 156726K->13491K(154240K), 0.0007180 secs]
331.976: [GC (Allocation Failure) 150324K->13491K(148096K), 0.0005940 secs]
332.041: [GC (Allocation Failure) 144217K->13589K(142336K), 0.0006990 secs]
332.101: [GC (Allocation Failure) 138504K->13589K(136832K), 0.0005190 secs]
332.160: [GC (Allocation Failure) 132990K->13589K(131584K), 0.0007220 secs]
332.218: [GC (Allocation Failure) 127754K->13589K(126528K), 0.0005190 secs]
332.273: [GC (Allocation Failure) 122785K->13686K(121856K), 0.0006990 secs]
332.329: [GC (Allocation Failure) 118150K->13686K(117376K), 0.0006780 secs]
332.379: [GC (Allocation Failure) 113701K->13686K(113088K), 0.0005670 secs]
332.425: [GC (Allocation Failure) 109399K->13686K(131904K), 0.0005150 secs]
332.479: [GC (Allocation Failure) 128281K->13784K(126976K), 0.0005530 secs]
332.532: [GC (Allocation Failure) 123368K->13784K(122240K), 0.0005200 secs]
332.584: [GC (Allocation Failure) 118623K->13784K(117696K), 0.0005990 secs]
332.633: [GC (Allocation Failure) 114123K->13784K(113344K), 0.0005180 secs]
332.686: [GC (Allocation Failure) 109759K->13882K(109312K), 0.0005730 secs]
332.732: [GC (Allocation Failure) 105755K->13882K(127424K), 0.0005250 secs]
332.785: [GC (Allocation Failure) 123959K->13882K(122624K), 0.0005680 secs]
332.835: [GC (Allocation Failure) 119133K->13882K(118016K), 0.0005260 secs]
332.887: [GC (Allocation Failure) 114564K->13980K(113792K), 0.0005640 secs]
332.939: [GC (Allocation Failure) 110380K->13980K(132800K), 0.0006690 secs]
332.997: [GC (Allocation Failure) 129422K->13980K(155520K), 0.0007140 secs]
333.068: [GC (Allocation Failure) 152064K->13964K(182592K), 0.0007740 secs]
333.152: [GC (Allocation Failure) 179292K->14077K(175232K), 0.0006110 secs]
333.234: [GC (Allocation Failure) 171951K->14061K(168064K), 0.0007540 secs]
333.309: [GC (Allocation Failure) 164761K->14077K(161280K), 0.0005650 secs]
333.379: [GC (Allocation Failure) 157950K->14077K(154752K), 0.0006020 secs]
333.445: [GC (Allocation Failure) 151458K->14175K(148672K), 0.0005470 secs]
333.508: [GC (Allocation Failure) 145477K->14175K(142848K), 0.0005420 secs]
333.568: [GC (Allocation Failure) 139586K->14175K(137280K), 0.0005890 secs]
333.628: [GC (Allocation Failure) 134074K->14175K(131968K), 0.0006400 secs]
333.687: [GC (Allocation Failure) 128772K->14273K(127040K), 0.0005620 secs]
333.739: [GC (Allocation Failure) 123956K->14273K(122304K), 0.0005250 secs]
333.793: [GC (Allocation Failure) 119192K->14273K(117760K), 0.0007250 secs]
333.844: [GC (Allocation Failure) 114682K->14273K(137472K), 0.0006560 secs]
333.902: [GC (Allocation Failure) 134375K->14370K(132288K), 0.0005760 secs]
333.960: [GC (Allocation Failure) 129253K->14370K(127296K), 0.0005300 secs]
334.015: [GC (Allocation Failure) 124235K->14370K(122496K), 0.0005700 secs]
334.065: [GC (Allocation Failure) 119443K->14370K(117888K), 0.0005210 secs]
334.114: [GC (Allocation Failure) 114919K->14468K(137728K), 0.0006180 secs]
334.175: [GC (Allocation Failure) 134770K->14468K(161408K), 0.0006640 secs]
334.246: [GC (Allocation Failure) 158486K->14468K(154944K), 0.0007170 secs]
334.313: [GC (Allocation Failure) 151988K->14468K(148736K), 0.0005180 secs]
334.379: [GC (Allocation Failure) 145877K->14566K(142976K), 0.0005590 secs]
334.441: [GC (Allocation Failure) 140166K->14566K(137408K), 0.0005790 secs]
334.501: [GC (Allocation Failure) 134567K->14566K(132160K), 0.0005460 secs]
334.557: [GC (Allocation Failure) 129350K->14566K(127104K), 0.0005160 secs]
334.614: [GC (Allocation Failure) 124328K->14663K(122432K), 0.0006340 secs]
334.666: [GC (Allocation Failure) 119691K->14663K(117888K), 0.0006720 secs]
334.717: [GC (Allocation Failure) 115192K->14663K(113600K), 0.0005690 secs]
334.763: [GC (Allocation Failure) 110868K->14663K(132480K), 0.0005230 secs]
334.821: [GC (Allocation Failure) 129847K->14761K(127488K), 0.0005670 secs]
334.877: [GC (Allocation Failure) 124845K->14761K(122688K), 0.0005200 secs]
334.930: [GC (Allocation Failure) 120025K->14761K(118144K), 0.0005660 secs]
334.978: [GC (Allocation Failure) 115469K->14761K(113792K), 0.0005360 secs]
335.027: [GC (Allocation Failure) 111224K->14859K(132864K), 0.0006350 secs]
335.088: [GC (Allocation Failure) 130306K->14859K(127808K), 0.0005800 secs]
335.142: [GC (Allocation Failure) 125226K->14859K(123008K), 0.0005660 secs]
335.194: [GC (Allocation Failure) 120501K->14859K(118400K), 0.0005280 secs]
335.246: [GC (Allocation Failure) 115957K->14956K(138368K), 0.0007330 secs]
335.308: [GC (Allocation Failure) 135949K->14956K(162176K), 0.0005890 secs]
335.376: [GC (Allocation Failure) 159740K->14956K(155712K), 0.0007320 secs]
335.445: [GC (Allocation Failure) 153270K->14956K(149504K), 0.0005260 secs]
335.514: [GC (Allocation Failure) 147146K->15054K(143680K), 0.0007240 secs]
335.577: [GC (Allocation Failure) 141369K->15054K(138112K), 0.0005270 secs]
335.636: [GC (Allocation Failure) 135747K->15054K(132800K), 0.0005740 secs]
335.691: [GC (Allocation Failure) 130445K->15054K(127680K), 0.0005280 secs]
335.746: [GC (Allocation Failure) 125409K->15152K(122944K), 0.0005680 secs]
335.800: [GC (Allocation Failure) 120657K->15152K(118400K), 0.0007090 secs]
335.850: [GC (Allocation Failure) 116173K->15152K(114048K), 0.0005760 secs]
335.899: [GC (Allocation Failure) 111831K->15152K(133056K), 0.0005360 secs]
335.954: [GC (Allocation Failure) 130924K->15249K(128064K), 0.0005650 secs]
336.012: [GC (Allocation Failure) 125912K->15249K(149824K), 0.0006800 secs]
336.078: [GC (Allocation Failure) 147666K->15249K(143936K), 0.0005630 secs]
336.140: [GC (Allocation Failure) 141750K->15249K(138304K), 0.0005450 secs]
336.200: [GC (Allocation Failure) 136223K->15347K(133056K), 0.0007410 secs]
336.258: [GC (Allocation Failure) 131013K->15347K(128000K), 0.0005040 secs]
336.311: [GC (Allocation Failure) 125920K->15347K(123200K), 0.0005780 secs]
336.363: [GC (Allocation Failure) 121193K->15347K(118592K), 0.0005130 secs]
336.413: [GC (Allocation Failure) 116648K->15445K(114304K), 0.0005750 secs]
336.463: [GC (Allocation Failure) 112329K->15445K(133376K), 0.0005930 secs]
336.519: [GC (Allocation Failure) 131416K->15445K(128320K), 0.0005730 secs]
336.574: [GC (Allocation Failure) 126404K->15445K(123456K), 0.0005250 secs]
336.625: [GC (Allocation Failure) 121582K->15542K(118912K), 0.0005670 secs]
336.676: [GC (Allocation Failure) 117058K->15542K(138944K), 0.0006850 secs]
336.738: [GC (Allocation Failure) 137114K->15542K(162816K), 0.0006310 secs]
336.812: [GC (Allocation Failure) 160939K->15526K(191296K), 0.0009610 secs]
336.899: [GC (Allocation Failure) 189546K->15640K(183488K), 0.0005730 secs]
336.983: [GC (Allocation Failure) 181749K->15640K(175936K), 0.0007750 secs]
337.063: [GC (Allocation Failure) 174230K->15640K(168768K), 0.0005850 secs]
337.138: [GC (Allocation Failure) 167031K->15640K(161856K), 0.0005890 secs]
337.209: [GC (Allocation Failure) 160142K->15738K(155456K), 0.0006190 secs]
337.279: [GC (Allocation Failure) 153826K->15738K(149312K), 0.0005350 secs]
337.343: [GC (Allocation Failure) 147653K->15738K(143488K), 0.0005810 secs]
337.406: [GC (Allocation Failure) 141799K->15738K(137856K), 0.0005400 secs]
337.464: [GC (Allocation Failure) 136231K->15835K(132608K), 0.0005730 secs]
337.520: [GC (Allocation Failure) 131027K->15835K(127552K), 0.0005520 secs]
337.573: [GC (Allocation Failure) 126006K->15835K(122752K), 0.0005680 secs]
337.626: [GC (Allocation Failure) 121175K->15835K(118144K), 0.0005880 secs]
337.675: [GC (Allocation Failure) 116669K->15933K(113856K), 0.0005510 secs]
337.723: [GC (Allocation Failure) 112429K->15933K(109760K), 0.0005170 secs]
337.767: [GC (Allocation Failure) 108298K->15933K(105856K), 0.0005510 secs]
337.809: [GC (Allocation Failure) 104361K->15933K(123200K), 0.0005310 secs]
337.859: [GC (Allocation Failure) 121840K->16031K(144064K), 0.0005750 secs]
337.922: [GC (Allocation Failure) 142714K->16031K(138496K), 0.0005490 secs]
337.983: [GC (Allocation Failure) 137098K->16031K(133184K), 0.0006410 secs]
338.038: [GC (Allocation Failure) 131809K->16031K(128064K), 0.0005360 secs]
338.094: [GC (Allocation Failure) 126786K->16128K(123328K), 0.0005710 secs]
338.147: [GC (Allocation Failure) 122050K->16128K(118784K), 0.0005400 secs]
338.196: [GC (Allocation Failure) 117525K->16128K(114432K), 0.0005830 secs]
338.242: [GC (Allocation Failure) 113213K->16128K(133504K), 0.0005370 secs]
338.298: [GC (Allocation Failure) 132315K->16226K(128512K), 0.0005730 secs]
338.354: [GC (Allocation Failure) 127356K->16226K(123712K), 0.0005450 secs]
338.405: [GC (Allocation Failure) 122553K->16210K(144704K), 0.0007950 secs]
338.469: [GC (Allocation Failure) 143570K->16226K(169664K), 0.0005390 secs]
338.543: [GC (Allocation Failure) 168595K->16324K(162880K), 0.0005760 secs]
338.615: [GC (Allocation Failure) 161793K->16324K(156352K), 0.0005390 secs]
338.685: [GC (Allocation Failure) 155305K->16324K(150144K), 0.0005690 secs]
338.750: [GC (Allocation Failure) 149087K->16308K(144128K), 0.0007970 secs]
338.817: [GC (Allocation Failure) 143200K->16421K(138624K), 0.0006330 secs]
338.878: [GC (Allocation Failure) 137607K->16421K(133312K), 0.0005630 secs]
338.935: [GC (Allocation Failure) 132381K->16421K(128256K), 0.0005820 secs]
338.992: [GC (Allocation Failure) 127272K->16421K(123392K), 0.0007250 secs]
339.046: [GC (Allocation Failure) 122464K->16519K(144320K), 0.0007660 secs]
339.111: [GC (Allocation Failure) 143470K->16519K(169280K), 0.0005950 secs]
339.184: [GC (Allocation Failure) 168402K->16519K(162432K), 0.0005900 secs]
339.256: [GC (Allocation Failure) 161522K->16519K(155840K), 0.0005440 secs]
339.328: [GC (Allocation Failure) 155022K->16617K(149696K), 0.0006390 secs]
339.392: [GC (Allocation Failure) 148905K->16617K(143808K), 0.0005440 secs]
339.452: [GC (Allocation Failure) 143011K->16617K(138240K), 0.0005870 secs]
339.511: [GC (Allocation Failure) 137465K->16617K(132864K), 0.0005250 secs]
339.567: [GC (Allocation Failure) 132188K->16714K(127872K), 0.0005780 secs]
339.620: [GC (Allocation Failure) 127191K->16714K(123072K), 0.0005400 secs]
339.670: [GC (Allocation Failure) 122372K->16714K(118528K), 0.0005780 secs]
339.719: [GC (Allocation Failure) 117833K->16698K(138368K), 0.0007900 secs]
339.782: [GC (Allocation Failure) 137765K->16812K(162368K), 0.0007160 secs]
339.854: [GC (Allocation Failure) 161799K->16812K(155840K), 0.0005730 secs]
339.923: [GC (Allocation Failure) 155219K->16816K(149632K), 0.0005880 secs]
339.988: [GC (Allocation Failure) 149011K->16816K(143680K), 0.0006100 secs]
340.051: [GC (Allocation Failure) 143211K->16914K(138176K), 0.0005750 secs]
340.109: [GC (Allocation Failure) 137726K->16914K(132864K), 0.0005400 secs]
340.167: [GC (Allocation Failure) 132390K->16914K(127808K), 0.0007560 secs]
340.222: [GC (Allocation Failure) 127295K->16914K(122944K), 0.0005460 secs]
340.273: [GC (Allocation Failure) 122555K->17011K(118464K), 0.0005810 secs]
340.326: [GC (Allocation Failure) 118094K->17011K(114112K), 0.0005390 secs]
340.374: [GC (Allocation Failure) 113705K->17011K(133184K), 0.0005870 secs]
340.432: [GC (Allocation Failure) 132774K->17011K(155904K), 0.0006920 secs]
340.433: [Full GC (Ergonomics) 17011K->847K(156032K), 0.0064750 secs]
340.505: [GC (Allocation Failure) 139452K->1075K(149888K), 0.0004680 secs]
340.568: [GC (Allocation Failure) 133472K->1075K(144000K), 0.0004680 secs]
340.632: [GC (Allocation Failure) 127586K->1075K(138432K), 0.0004660 secs]
340.690: [GC (Allocation Failure) 121966K->1075K(133056K), 0.0004400 secs]
340.749: [GC (Allocation Failure) 116651K->1172K(128064K), 0.0005190 secs]
340.804: [GC (Allocation Failure) 111743K->1172K(123264K), 0.0005570 secs]
340.857: [GC (Allocation Failure) 106905K->1172K(118720K), 0.0005260 secs]
340.908: [GC (Allocation Failure) 102362K->1172K(114304K), 0.0004400 secs]
340.956: [GC (Allocation Failure) 98065K->1270K(110272K), 0.0004820 secs]
341.004: [GC (Allocation Failure) 94003K->1270K(106368K), 0.0005610 secs]
341.050: [GC (Allocation Failure) 90079K->1270K(102656K), 0.0006290 secs]
341.093: [GC (Allocation Failure) 86453K->1270K(99072K), 0.0004350 secs]
341.134: [GC (Allocation Failure) 82913K->1368K(115264K), 0.0005690 secs]
341.183: [GC (Allocation Failure) 99150K->1368K(111104K), 0.0004310 secs]
341.229: [GC (Allocation Failure) 94995K->1368K(107136K), 0.0004780 secs]
341.278: [GC (Allocation Failure) 90971K->1368K(103296K), 0.0005350 secs]
341.320: [GC (Allocation Failure) 87245K->1465K(99776K), 0.0005300 secs]
341.360: [GC (Allocation Failure) 83700K->1465K(116032K), 0.0005450 secs]
341.412: [GC (Allocation Failure) 99934K->1465K(111808K), 0.0004760 secs]
341.460: [GC (Allocation Failure) 95801K->1449K(130240K), 0.0007800 secs]
341.518: [GC (Allocation Failure) 114274K->1563K(152576K), 0.0004980 secs]
341.587: [GC (Allocation Failure) 136594K->1563K(146560K), 0.0004530 secs]
341.649: [GC (Allocation Failure) 130624K->1563K(140864K), 0.0004750 secs]
341.708: [GC (Allocation Failure) 124908K->1563K(135360K), 0.0004360 secs]
341.768: [GC (Allocation Failure) 119507K->1661K(130240K), 0.0004320 secs]
341.824: [GC (Allocation Failure) 114367K->1661K(125312K), 0.0005460 secs]
341.878: [GC (Allocation Failure) 109471K->1661K(120640K), 0.0004790 secs]
341.939: [GC (Allocation Failure) 104748K->1661K(116160K), 0.0005280 secs]
341.992: [GC (Allocation Failure) 100410K->1758K(112000K), 0.0006230 secs]
342.039: [GC (Allocation Failure) 96195K->1758K(107968K), 0.0004290 secs]
342.087: [GC (Allocation Failure) 92254K->1742K(125760K), 0.0007970 secs]
342.142: [GC (Allocation Failure) 109946K->1758K(121024K), 0.0004400 secs]
342.194: [GC (Allocation Failure) 105312K->1856K(116608K), 0.0005230 secs]
342.243: [GC (Allocation Failure) 100907K->1856K(112384K), 0.0004390 secs]
342.291: [GC (Allocation Failure) 96761K->1856K(108352K), 0.0004710 secs]
342.337: [GC (Allocation Failure) 92733K->1856K(104448K), 0.0005460 secs]
342.380: [GC (Allocation Failure) 88808K->1954K(100864K), 0.0004770 secs]
342.422: [GC (Allocation Failure) 85265K->1954K(97408K), 0.0004330 secs]
342.460: [GC (Allocation Failure) 81828K->1954K(94144K), 0.0005250 secs]
342.501: [GC (Allocation Failure) 78581K->1954K(90944K), 0.0004370 secs]
342.536: [GC (Allocation Failure) 75434K->2035K(105536K), 0.0006040 secs]
342.580: [GC (Allocation Failure) 90073K->2051K(122944K), 0.0005250 secs]
342.632: [GC (Allocation Failure) 107515K->2051K(143744K), 0.0004850 secs]
342.693: [GC (Allocation Failure) 128256K->2051K(138112K), 0.0004410 secs]
342.753: [GC (Allocation Failure) 122724K->2149K(132864K), 0.0005740 secs]
342.813: [GC (Allocation Failure) 117530K->2149K(127808K), 0.0004680 secs]
342.868: [GC (Allocation Failure) 112429K->2149K(123008K), 0.0005210 secs]
342.919: [GC (Allocation Failure) 107595K->2149K(118400K), 0.0004110 secs]
342.967: [GC (Allocation Failure) 103081K->2247K(138432K), 0.0015190 secs]
343.029: [GC (Allocation Failure) 123201K->2247K(162304K), 0.0004470 secs]
343.101: [GC (Allocation Failure) 146999K->2247K(190784K), 0.0005920 secs]
343.185: [GC (Allocation Failure) 175470K->2247K(182848K), 0.0004400 secs]
343.268: [GC (Allocation Failure) 167592K->2344K(175424K), 0.0005990 secs]
343.346: [GC (Allocation Failure) 160232K->2344K(168256K), 0.0004450 secs]
343.419: [GC (Allocation Failure) 153034K->2328K(161472K), 0.0006130 secs]
343.493: [GC (Allocation Failure) 146232K->2344K(154944K), 0.0004440 secs]
343.561: [GC (Allocation Failure) 139856K->2442K(148864K), 0.0004780 secs]
343.627: [GC (Allocation Failure) 133757K->2442K(143040K), 0.0004360 secs]
343.692: [GC (Allocation Failure) 127957K->2442K(137536K), 0.0006030 secs]
343.751: [GC (Allocation Failure) 122447K->2442K(132224K), 0.0004420 secs]
343.808: [GC (Allocation Failure) 117244K->2540K(127296K), 0.0004880 secs]
343.860: [GC (Allocation Failure) 112324K->2540K(122560K), 0.0004470 secs]
343.910: [GC (Allocation Failure) 107586K->2540K(118016K), 0.0004920 secs]
343.961: [GC (Allocation Failure) 103059K->2540K(113664K), 0.0004670 secs]
344.008: [GC (Allocation Failure) 98747K->2637K(109632K), 0.0004760 secs]
344.052: [GC (Allocation Failure) 94710K->2637K(105728K), 0.0005550 secs]
344.097: [GC (Allocation Failure) 90871K->2637K(102016K), 0.0004880 secs]
344.140: [GC (Allocation Failure) 87132K->2637K(98432K), 0.0004500 secs]
344.179: [GC (Allocation Failure) 83571K->2735K(95168K), 0.0004900 secs]
344.218: [GC (Allocation Failure) 80414K->2735K(110464K), 0.0005380 secs]
344.266: [GC (Allocation Failure) 95687K->2735K(128768K), 0.0004900 secs]
344.321: [GC (Allocation Failure) 113962K->2735K(123904K), 0.0004590 secs]
344.373: [GC (Allocation Failure) 109161K->2817K(144896K), 0.0006900 secs]
344.435: [GC (Allocation Failure) 130200K->2833K(139264K), 0.0004410 secs]
344.496: [GC (Allocation Failure) 124614K->2833K(133888K), 0.0004950 secs]
344.555: [GC (Allocation Failure) 119197K->2817K(128704K), 0.0008050 secs]
344.613: [GC (Allocation Failure) 114125K->2931K(123968K), 0.0004730 secs]
344.667: [GC (Allocation Failure) 109346K->2931K(119360K), 0.0005830 secs]
344.718: [GC (Allocation Failure) 104727K->2931K(115008K), 0.0004820 secs]
344.765: [GC (Allocation Failure) 100409K->2931K(110784K), 0.0004250 secs]
344.809: [GC (Allocation Failure) 96290K->3028K(106880K), 0.0004740 secs]
344.851: [GC (Allocation Failure) 92345K->3028K(103104K), 0.0004430 secs]
344.892: [GC (Allocation Failure) 88615K->3028K(99520K), 0.0004850 secs]
344.931: [GC (Allocation Failure) 84984K->3028K(96064K), 0.0004450 secs]
344.969: [GC (Allocation Failure) 81625K->3126K(111616K), 0.0004770 secs]
345.019: [GC (Allocation Failure) 97222K->3224K(130176K), 0.0006620 secs]
345.077: [GC (Allocation Failure) 115927K->3224K(152384K), 0.0005960 secs]
345.143: [GC (Allocation Failure) 138081K->3208K(146240K), 0.0006030 secs]
345.207: [GC (Allocation Failure) 132066K->3321K(140672K), 0.0004780 secs]
345.265: [GC (Allocation Failure) 126471K->3321K(135232K), 0.0005170 secs]
345.322: [GC (Allocation Failure) 121058K->3321K(130112K), 0.0004930 secs]
345.385: [GC (Allocation Failure) 115929K->3305K(125056K), 0.0008120 secs]
345.440: [GC (Allocation Failure) 111008K->3423K(120512K), 0.0004850 secs]
345.489: [GC (Allocation Failure) 106418K->3423K(116096K), 0.0004740 secs]
345.538: [GC (Allocation Failure) 101976K->3423K(111872K), 0.0004870 secs]
345.585: [GC (Allocation Failure) 97757K->3407K(107712K), 0.0006090 secs]
345.630: [GC (Allocation Failure) 93714K->3521K(104064K), 0.0004740 secs]
345.674: [GC (Allocation Failure) 90079K->3521K(100416K), 0.0004720 secs]
345.714: [GC (Allocation Failure) 86443K->3521K(96960K), 0.0004840 secs]
345.754: [GC (Allocation Failure) 82994K->3521K(112576K), 0.0004610 secs]
345.802: [GC (Allocation Failure) 98627K->3618K(131392K), 0.0005980 secs]
345.858: [GC (Allocation Failure) 117484K->3618K(126400K), 0.0004580 secs]
345.911: [GC (Allocation Failure) 112496K->3618K(121664K), 0.0005020 secs]
345.970: [GC (Allocation Failure) 107767K->3618K(117120K), 0.0005590 secs]
346.020: [GC (Allocation Failure) 103257K->3716K(112896K), 0.0004910 secs]
346.068: [GC (Allocation Failure) 99112K->3716K(108864K), 0.0005610 secs]
346.118: [GC (Allocation Failure) 95064K->3700K(126912K), 0.0008560 secs]
346.175: [GC (Allocation Failure) 113080K->3700K(148288K), 0.0005950 secs]
346.238: [GC (Allocation Failure) 134623K->3814K(142592K), 0.0005280 secs]
346.300: [GC (Allocation Failure) 128839K->3814K(137088K), 0.0004800 secs]
346.359: [GC (Allocation Failure) 123424K->3814K(131840K), 0.0006130 secs]
346.416: [GC (Allocation Failure) 118122K->3814K(126784K), 0.0004680 secs]
346.469: [GC (Allocation Failure) 113103K->3911K(122112K), 0.0004830 secs]
346.522: [GC (Allocation Failure) 108471K->3911K(117632K), 0.0004520 secs]
346.570: [GC (Allocation Failure) 104037K->3911K(113344K), 0.0006150 secs]
346.624: [GC (Allocation Failure) 99715K->3911K(109184K), 0.0005560 secs]
346.670: [GC (Allocation Failure) 95680K->4009K(105344K), 0.0004900 secs]
346.716: [GC (Allocation Failure) 91831K->4009K(101632K), 0.0005510 secs]
346.758: [GC (Allocation Failure) 88114K->4009K(98112K), 0.0004930 secs]
346.796: [GC (Allocation Failure) 84568K->4009K(113920K), 0.0004760 secs]
346.844: [GC (Allocation Failure) 100503K->4091K(132992K), 0.0007030 secs]
346.902: [GC (Allocation Failure) 119573K->4091K(155712K), 0.0005880 secs]
346.968: [GC (Allocation Failure) 142298K->4107K(149568K), 0.0005040 secs]
347.034: [GC (Allocation Failure) 136186K->4107K(143616K), 0.0004580 secs]
347.097: [GC (Allocation Failure) 130252K->4204K(138112K), 0.0004940 secs]
347.155: [GC (Allocation Failure) 124802K->4204K(132800K), 0.0004590 secs]
347.212: [GC (Allocation Failure) 119507K->4204K(127744K), 0.0006500 secs]
347.267: [GC (Allocation Failure) 114467K->4188K(122816K), 0.0006180 secs]
347.317: [GC (Allocation Failure) 109644K->4302K(118400K), 0.0004840 secs]
347.369: [GC (Allocation Failure) 105230K->4302K(114048K), 0.0005870 secs]
347.418: [GC (Allocation Failure) 100792K->4302K(109952K), 0.0005030 secs]
347.462: [GC (Allocation Failure) 96764K->4302K(105984K), 0.0004360 secs]
347.504: [GC (Allocation Failure) 92834K->4400K(102336K), 0.0004970 secs]
347.546: [GC (Allocation Failure) 89180K->4400K(98816K), 0.0004620 secs]
347.587: [GC (Allocation Failure) 85650K->4400K(95424K), 0.0004970 secs]
347.626: [GC (Allocation Failure) 82310K->4400K(110720K), 0.0004590 secs]
347.673: [GC (Allocation Failure) 97649K->4497K(106816K), 0.0004940 secs]
347.716: [GC (Allocation Failure) 93816K->4497K(124416K), 0.0004670 secs]
347.769: [GC (Allocation Failure) 111408K->4497K(119808K), 0.0005090 secs]
347.818: [GC (Allocation Failure) 106784K->4497K(115328K), 0.0004640 secs]
347.865: [GC (Allocation Failure) 102368K->4595K(111232K), 0.0004930 secs]
347.910: [GC (Allocation Failure) 98317K->4595K(107264K), 0.0004580 secs]
347.959: [GC (Allocation Failure) 94306K->4579K(124992K), 0.0008680 secs]
348.013: [GC (Allocation Failure) 112091K->4595K(146048K), 0.0004640 secs]
348.079: [GC (Allocation Failure) 133235K->4693K(140416K), 0.0004840 secs]
348.138: [GC (Allocation Failure) 127546K->4693K(135040K), 0.0004600 secs]
348.200: [GC (Allocation Failure) 122219K->4693K(129920K), 0.0005020 secs]
348.253: [GC (Allocation Failure) 117124K->4693K(124992K), 0.0004580 secs]
348.304: [GC (Allocation Failure) 112195K->4790K(120384K), 0.0005900 secs]
348.358: [GC (Allocation Failure) 107675K->4790K(115968K), 0.0004590 secs]
348.405: [GC (Allocation Failure) 103259K->4774K(111744K), 0.0006430 secs]
348.450: [GC (Allocation Failure) 98996K->4790K(107712K), 0.0004740 secs]
348.493: [GC (Allocation Failure) 95088K->4888K(104000K), 0.0004830 secs]
348.535: [GC (Allocation Failure) 91354K->4888K(100352K), 0.0004600 secs]
348.576: [GC (Allocation Failure) 87714K->4888K(116672K), 0.0006410 secs]
348.625: [GC (Allocation Failure) 104053K->4888K(136128K), 0.0004590 secs]
348.685: [GC (Allocation Failure) 123526K->4986K(131008K), 0.0004930 secs]
348.743: [GC (Allocation Failure) 118501K->4986K(126080K), 0.0004330 secs]
348.797: [GC (Allocation Failure) 113590K->4970K(121408K), 0.0006390 secs]
348.850: [GC (Allocation Failure) 108841K->4986K(116864K), 0.0004700 secs]
348.898: [GC (Allocation Failure) 104434K->5083K(112704K), 0.0004960 secs]
348.945: [GC (Allocation Failure) 100286K->5083K(108672K), 0.0004620 secs]
348.991: [GC (Allocation Failure) 96233K->5083K(104832K), 0.0005590 secs]
349.033: [GC (Allocation Failure) 92411K->5083K(101120K), 0.0004630 secs]
349.076: [GC (Allocation Failure) 88790K->5181K(97728K), 0.0004980 secs]
349.115: [GC (Allocation Failure) 85427K->5181K(113536K), 0.0004640 secs]
349.163: [GC (Allocation Failure) 101163K->5181K(132480K), 0.0005630 secs]
349.222: [GC (Allocation Failure) 120152K->5181K(127424K), 0.0005640 secs]
349.275: [GC (Allocation Failure) 115155K->5279K(122752K), 0.0004960 secs]
349.328: [GC (Allocation Failure) 110515K->5279K(118208K), 0.0004650 secs]
349.378: [GC (Allocation Failure) 105992K->5263K(138048K), 0.0007870 secs]
349.435: [GC (Allocation Failure) 125751K->5279K(132672K), 0.0004690 secs]
349.490: [GC (Allocation Failure) 120453K->5376K(127680K), 0.0005330 secs]
349.544: [GC (Allocation Failure) 115547K->5360K(122880K), 0.0006110 secs]
349.595: [GC (Allocation Failure) 110712K->5376K(118336K), 0.0005010 secs]
349.645: [GC (Allocation Failure) 106151K->5376K(113984K), 0.0005690 secs]
349.692: [GC (Allocation Failure) 101876K->5474K(133056K), 0.0005900 secs]
349.750: [GC (Allocation Failure) 121056K->5474K(128000K), 0.0004610 secs]
349.803: [GC (Allocation Failure) 115942K->5474K(123200K), 0.0006200 secs]
349.855: [GC (Allocation Failure) 111114K->5474K(118592K), 0.0004630 secs]
349.903: [GC (Allocation Failure) 106589K->5572K(114304K), 0.0005030 secs]
349.952: [GC (Allocation Failure) 102350K->5572K(110208K), 0.0004910 secs]
349.996: [GC (Allocation Failure) 98240K->5572K(106304K), 0.0006300 secs]
350.039: [GC (Allocation Failure) 94398K->5572K(123712K), 0.0004610 secs]
350.091: [GC (Allocation Failure) 111812K->5669K(144704K), 0.0006130 secs]
350.153: [GC (Allocation Failure) 132859K->5669K(139072K), 0.0004610 secs]
350.212: [GC (Allocation Failure) 127238K->5669K(133760K), 0.0005340 secs]
350.270: [GC (Allocation Failure) 121892K->5669K(128640K), 0.0004710 secs]
350.323: [GC (Allocation Failure) 116821K->5767K(123904K), 0.0005090 secs]
350.373: [GC (Allocation Failure) 112108K->5767K(119296K), 0.0004660 secs]
350.425: [GC (Allocation Failure) 107578K->5767K(114944K), 0.0005550 secs]
350.475: [GC (Allocation Failure) 103149K->5767K(110720K), 0.0005080 secs]
350.522: [GC (Allocation Failure) 98991K->5865K(106816K), 0.0005090 secs]
350.565: [GC (Allocation Failure) 95179K->5865K(103040K), 0.0004650 secs]
350.609: [GC (Allocation Failure) 91344K->5865K(99456K), 0.0005080 secs]
350.648: [GC (Allocation Failure) 87789K->5865K(96000K), 0.0004740 secs]
350.687: [GC (Allocation Failure) 84391K->5962K(111552K), 0.0005130 secs]
350.734: [GC (Allocation Failure) 99979K->5962K(130048K), 0.0005830 secs]
350.789: [GC (Allocation Failure) 118478K->5962K(152192K), 0.0005120 secs]
350.853: [GC (Allocation Failure) 140610K->5962K(146112K), 0.0004650 secs]
350.916: [GC (Allocation Failure) 134626K->6060K(140480K), 0.0006280 secs]
350.978: [GC (Allocation Failure) 129023K->6060K(135104K), 0.0004770 secs]
351.035: [GC (Allocation Failure) 123680K->6060K(129984K), 0.0005190 secs]
351.089: [GC (Allocation Failure) 118522K->6060K(125056K), 0.0004750 secs]
351.143: [GC (Allocation Failure) 113661K->6158K(120448K), 0.0005070 secs]
351.195: [GC (Allocation Failure) 109046K->6158K(116032K), 0.0005020 secs]
351.245: [GC (Allocation Failure) 104625K->6158K(111808K), 0.0005470 secs]
351.291: [GC (Allocation Failure) 100405K->6158K(107776K), 0.0004430 secs]
351.335: [GC (Allocation Failure) 96430K->6255K(104064K), 0.0005410 secs]
351.378: [GC (Allocation Failure) 92829K->6255K(100416K), 0.0004710 secs]
351.421: [GC (Allocation Failure) 89168K->6255K(96960K), 0.0005150 secs]
351.465: [GC (Allocation Failure) 85725K->6255K(112576K), 0.0006140 secs]
351.513: [GC (Allocation Failure) 101422K->6353K(131392K), 0.0005120 secs]
351.568: [GC (Allocation Failure) 120249K->6337K(153792K), 0.0005940 secs]
351.637: [GC (Allocation Failure) 142576K->6353K(147712K), 0.0005130 secs]
351.701: [GC (Allocation Failure) 136590K->6353K(141888K), 0.0005670 secs]
351.761: [GC (Allocation Failure) 130793K->6451K(136448K), 0.0004970 secs]
351.820: [GC (Allocation Failure) 125367K->6451K(131264K), 0.0006160 secs]
351.877: [GC (Allocation Failure) 120240K->6435K(153664K), 0.0009860 secs]
351.946: [GC (Allocation Failure) 142551K->6451K(147520K), 0.0004680 secs]
352.014: [GC (Allocation Failure) 136469K->6548K(141824K), 0.0005050 secs]
352.075: [GC (Allocation Failure) 130857K->6548K(136320K), 0.0004610 secs]
352.134: [GC (Allocation Failure) 125381K->6548K(131136K), 0.0005090 secs]
352.191: [GC (Allocation Failure) 120142K->6548K(126144K), 0.0004680 secs]
352.245: [GC (Allocation Failure) 115245K->6646K(121472K), 0.0005140 secs]
352.294: [GC (Allocation Failure) 110619K->6646K(116992K), 0.0004690 secs]
352.346: [GC (Allocation Failure) 106075K->6646K(112768K), 0.0006310 secs]
352.393: [GC (Allocation Failure) 101869K->6646K(108672K), 0.0004800 secs]
352.439: [GC (Allocation Failure) 97823K->6744K(104896K), 0.0005100 secs]
352.483: [GC (Allocation Failure) 94094K->6728K(122176K), 0.0006270 secs]
352.535: [GC (Allocation Failure) 111369K->6744K(117696K), 0.0005180 secs]
352.587: [GC (Allocation Failure) 106962K->6744K(113344K), 0.0005560 secs]
352.634: [GC (Allocation Failure) 102649K->6841K(109312K), 0.0005080 secs]
352.678: [GC (Allocation Failure) 98615K->6841K(105408K), 0.0004760 secs]
352.727: [GC (Allocation Failure) 94690K->6841K(122688K), 0.0006470 secs]
352.780: [GC (Allocation Failure) 111990K->6841K(118080K), 0.0004690 secs]
352.828: [GC (Allocation Failure) 107455K->6939K(113856K), 0.0005310 secs]
352.875: [GC (Allocation Failure) 103244K->6939K(132864K), 0.0005850 secs]
352.933: [GC (Allocation Failure) 122305K->6939K(127808K), 0.0005380 secs]
352.987: [GC (Allocation Failure) 117182K->7037K(122944K), 0.0004970 secs]
353.043: [GC (Allocation Failure) 112564K->7118K(143808K), 0.0009400 secs]
353.106: [GC (Allocation Failure) 133415K->7134K(168640K), 0.0004880 secs]
353.180: [GC (Allocation Failure) 158228K->7134K(161856K), 0.0005280 secs]
353.252: [GC (Allocation Failure) 151433K->7134K(155328K), 0.0004850 secs]
353.320: [GC (Allocation Failure) 145030K->7232K(149248K), 0.0005230 secs]
353.388: [GC (Allocation Failure) 138934K->7232K(143424K), 0.0005270 secs]
353.452: [GC (Allocation Failure) 133132K->7232K(137856K), 0.0009470 secs]
353.512: [GC (Allocation Failure) 127522K->7232K(132544K), 0.0004790 secs]
353.568: [GC (Allocation Failure) 122323K->7330K(127616K), 0.0005140 secs]
353.622: [GC (Allocation Failure) 117408K->7330K(122816K), 0.0004730 secs]
353.676: [GC (Allocation Failure) 112579K->7330K(118272K), 0.0006460 secs]
353.729: [GC (Allocation Failure) 108046K->7330K(113920K), 0.0004820 secs]
353.775: [GC (Allocation Failure) 103827K->7427K(109888K), 0.0005160 secs]
353.823: [GC (Allocation Failure) 99759K->7427K(105984K), 0.0005930 secs]
353.867: [GC (Allocation Failure) 95935K->7427K(102272K), 0.0005260 secs]
353.908: [GC (Allocation Failure) 92196K->7427K(118912K), 0.0005010 secs]
353.956: [GC (Allocation Failure) 108837K->7525K(139008K), 0.0006440 secs]
354.016: [GC (Allocation Failure) 129007K->7525K(162880K), 0.0005210 secs]
354.087: [GC (Allocation Failure) 152884K->7525K(156352K), 0.0005220 secs]
354.157: [GC (Allocation Failure) 146335K->7525K(150080K), 0.0005200 secs]
354.223: [GC (Allocation Failure) 140107K->7623K(144256K), 0.0005210 secs]
354.287: [GC (Allocation Failure) 134311K->7623K(138688K), 0.0005140 secs]
354.352: [GC (Allocation Failure) 128810K->7623K(133376K), 0.0006780 secs]
354.411: [GC (Allocation Failure) 123501K->7623K(128256K), 0.0005220 secs]
354.467: [GC (Allocation Failure) 118393K->7720K(123520K), 0.0005090 secs]
354.519: [GC (Allocation Failure) 113761K->7704K(118976K), 0.0006320 secs]
354.570: [GC (Allocation Failure) 109118K->7720K(114624K), 0.0005220 secs]
354.620: [GC (Allocation Failure) 104802K->7720K(110400K), 0.0004820 secs]
354.665: [GC (Allocation Failure) 100671K->7818K(106560K), 0.0005120 secs]
354.707: [GC (Allocation Failure) 96825K->7818K(102848K), 0.0004800 secs]
354.753: [GC (Allocation Failure) 93099K->7818K(119680K), 0.0006510 secs]
354.804: [GC (Allocation Failure) 109933K->7818K(115200K), 0.0004680 secs]
354.851: [GC (Allocation Failure) 105594K->7916K(111104K), 0.0005170 secs]
354.898: [GC (Allocation Failure) 101472K->7916K(107136K), 0.0004720 secs]
354.944: [GC (Allocation Failure) 97513K->7916K(103360K), 0.0005220 secs]
354.988: [GC (Allocation Failure) 93786K->8209K(120320K), 0.0010630 secs]
355.041: [GC (Allocation Failure) 111071K->8306K(140736K), 0.0006610 secs]
355.106: [GC (Allocation Failure) 131525K->8306K(165056K), 0.0006100 secs]
355.183: [GC (Allocation Failure) 155845K->8306K(190208K), 0.0006510 secs]
355.269: [GC (Allocation Failure) 180917K->8306K(182272K), 0.0005000 secs]
355.348: [GC (Allocation Failure) 173085K->8306K(174784K), 0.0005620 secs]
355.427: [GC (Allocation Failure) 165613K->8306K(167616K), 0.0005110 secs]
355.499: [GC (Allocation Failure) 158424K->8404K(160896K), 0.0005120 secs]
355.570: [GC (Allocation Failure) 151814K->8404K(154496K), 0.0004820 secs]
355.635: [GC (Allocation Failure) 145416K->8404K(148416K), 0.0005240 secs]
355.699: [GC (Allocation Failure) 139333K->8404K(142528K), 0.0004790 secs]
355.764: [GC (Allocation Failure) 133427K->8502K(137088K), 0.0007320 secs]
355.823: [GC (Allocation Failure) 128110K->8502K(131840K), 0.0004780 secs]
355.879: [GC (Allocation Failure) 122797K->8502K(126848K), 0.0005340 secs]
355.936: [GC (Allocation Failure) 117871K->8502K(122048K), 0.0004860 secs]
355.990: [GC (Allocation Failure) 113070K->8599K(117632K), 0.0006810 secs]
356.039: [GC (Allocation Failure) 108736K->8599K(113344K), 0.0004820 secs]
356.089: [GC (Allocation Failure) 104418K->8583K(132288K), 0.0010630 secs]
356.147: [GC (Allocation Failure) 123353K->8599K(154816K), 0.0004900 secs]
356.216: [GC (Allocation Failure) 145997K->8697K(181952K), 0.0007350 secs]
356.299: [GC (Allocation Failure) 173161K->8697K(174464K), 0.0004850 secs]
356.373: [GC (Allocation Failure) 165686K->8697K(167360K), 0.0005290 secs]
356.445: [GC (Allocation Failure) 158497K->8697K(160576K), 0.0004910 secs]
356.513: [GC (Allocation Failure) 151820K->8795K(154240K), 0.0005140 secs]
356.578: [GC (Allocation Failure) 145540K->8795K(148160K), 0.0004840 secs]
356.645: [GC (Allocation Failure) 139471K->8795K(142400K), 0.0005400 secs]
356.708: [GC (Allocation Failure) 133703K->8795K(136832K), 0.0006080 secs]
356.769: [GC (Allocation Failure) 128210K->8892K(131648K), 0.0005210 secs]
356.825: [GC (Allocation Failure) 122995K->8892K(126656K), 0.0004870 secs]
356.879: [GC (Allocation Failure) 118072K->8892K(121920K), 0.0008340 secs]
356.932: [GC (Allocation Failure) 113267K->8892K(117376K), 0.0006230 secs]
356.984: [GC (Allocation Failure) 108824K->8974K(137152K), 0.0008280 secs]
357.041: [GC (Allocation Failure) 128572K->8990K(160704K), 0.0004860 secs]
357.112: [GC (Allocation Failure) 152135K->8990K(154304K), 0.0005390 secs]
357.177: [GC (Allocation Failure) 145818K->8990K(148160K), 0.0004790 secs]
357.242: [GC (Allocation Failure) 139722K->9088K(142464K), 0.0005200 secs]
357.301: [GC (Allocation Failure) 134024K->9088K(136960K), 0.0004760 secs]
357.358: [GC (Allocation Failure) 128499K->9088K(131712K), 0.0005330 secs]
357.415: [GC (Allocation Failure) 123260K->9088K(126656K), 0.0004880 secs]
357.470: [GC (Allocation Failure) 118244K->9186K(121984K), 0.0006000 secs]
357.522: [GC (Allocation Failure) 113611K->9186K(117504K), 0.0004870 secs]
357.575: [GC (Allocation Failure) 109196K->9186K(113216K), 0.0006870 secs]
357.628: [GC (Allocation Failure) 104903K->9186K(109056K), 0.0006190 secs]
357.673: [GC (Allocation Failure) 100760K->9283K(105280K), 0.0005280 secs]
357.715: [GC (Allocation Failure) 97026K->9283K(122560K), 0.0004950 secs]
357.767: [GC (Allocation Failure) 114352K->9283K(143296K), 0.0006900 secs]
357.829: [GC (Allocation Failure) 135096K->9283K(137664K), 0.0004920 secs]
357.889: [GC (Allocation Failure) 129475K->9381K(132480K), 0.0005360 secs]
357.944: [GC (Allocation Failure) 124356K->9381K(127488K), 0.0004910 secs]
358.000: [GC (Allocation Failure) 119332K->9365K(149184K), 0.0009980 secs]
358.067: [GC (Allocation Failure) 141059K->9381K(143296K), 0.0004900 secs]
358.130: [GC (Allocation Failure) 135205K->9479K(137792K), 0.0005900 secs]
358.189: [GC (Allocation Failure) 129768K->9479K(132544K), 0.0004910 secs]
358.244: [GC (Allocation Failure) 124479K->9479K(127552K), 0.0005270 secs]
358.297: [GC (Allocation Failure) 119549K->9479K(122688K), 0.0004930 secs]
358.351: [GC (Allocation Failure) 114736K->9576K(118208K), 0.0006550 secs]
358.403: [GC (Allocation Failure) 110290K->9576K(113920K), 0.0004990 secs]
358.451: [GC (Allocation Failure) 105989K->9576K(109824K), 0.0005830 secs]
358.496: [GC (Allocation Failure) 101847K->9576K(105856K), 0.0005040 secs]
358.540: [GC (Allocation Failure) 98009K->9674K(123328K), 0.0005790 secs]
358.592: [GC (Allocation Failure) 115516K->9674K(144192K), 0.0006280 secs]
358.655: [GC (Allocation Failure) 136364K->9674K(138624K), 0.0005310 secs]
358.714: [GC (Allocation Failure) 130767K->9674K(133248K), 0.0004920 secs]
358.771: [GC (Allocation Failure) 125427K->9772K(128256K), 0.0005310 secs]
358.826: [GC (Allocation Failure) 120496K->9772K(123456K), 0.0004890 secs]
358.879: [GC (Allocation Failure) 115706K->9772K(118912K), 0.0005400 secs]
358.931: [GC (Allocation Failure) 111178K->9772K(114496K), 0.0004970 secs]
358.977: [GC (Allocation Failure) 106843K->9869K(110400K), 0.0005770 secs]
359.027: [GC (Allocation Failure) 102781K->9869K(106496K), 0.0004960 secs]
359.070: [GC (Allocation Failure) 98870K->9869K(102784K), 0.0005410 secs]
359.113: [GC (Allocation Failure) 95118K->9853K(119488K), 0.0009520 secs]
359.164: [GC (Allocation Failure) 111935K->9967K(139776K), 0.0005190 secs]
359.225: [GC (Allocation Failure) 132239K->9967K(163904K), 0.0005330 secs]
359.299: [GC (Allocation Failure) 156335K->9967K(157312K), 0.0005330 secs]
359.368: [GC (Allocation Failure) 149746K->9967K(151040K), 0.0004920 secs]
359.433: [GC (Allocation Failure) 143506K->10065K(145152K), 0.0006650 secs]
359.498: [GC (Allocation Failure) 137648K->10065K(139520K), 0.0004890 secs]
359.558: [GC (Allocation Failure) 132036K->10065K(134144K), 0.0005230 secs]
359.614: [GC (Allocation Failure) 126725K->10065K(128960K), 0.0004700 secs]
359.669: [GC (Allocation Failure) 121610K->10162K(124160K), 0.0005210 secs]
359.720: [GC (Allocation Failure) 116790K->10162K(119552K), 0.0005620 secs]
359.772: [GC (Allocation Failure) 112172K->10162K(115200K), 0.0006760 secs]
359.821: [GC (Allocation Failure) 107799K->10162K(110976K), 0.0005170 secs]
359.868: [GC (Allocation Failure) 103697K->10260K(107072K), 0.0005410 secs]
359.917: [GC (Allocation Failure) 99855K->10260K(124672K), 0.0006520 secs]
359.972: [GC (Allocation Failure) 117450K->10260K(120064K), 0.0005310 secs]
360.024: [GC (Allocation Failure) 112824K->10260K(140224K), 0.0006310 secs]
360.083: [GC (Allocation Failure) 133026K->10342K(164480K), 0.0007130 secs]
360.153: [GC (Allocation Failure) 157301K->10358K(157888K), 0.0004830 secs]
360.223: [GC (Allocation Failure) 150693K->10358K(151616K), 0.0006780 secs]
360.289: [GC (Allocation Failure) 144424K->10358K(145600K), 0.0004970 secs]
360.354: [GC (Allocation Failure) 138484K->10455K(140032K), 0.0005880 secs]
360.413: [GC (Allocation Failure) 133000K->10455K(134656K), 0.0006390 secs]
360.471: [GC (Allocation Failure) 127608K->10455K(129536K), 0.0005420 secs]
360.524: [GC (Allocation Failure) 122498K->10455K(124608K), 0.0004960 secs]
360.577: [GC (Allocation Failure) 117655K->10553K(120064K), 0.0005310 secs]
360.626: [GC (Allocation Failure) 113049K->10553K(115648K), 0.0004960 secs]
360.676: [GC (Allocation Failure) 108728K->10553K(111488K), 0.0006110 secs]
360.724: [GC (Allocation Failure) 104489K->10553K(129920K), 0.0006600 secs]
360.779: [GC (Allocation Failure) 122992K->10651K(125120K), 0.0005400 secs]
360.834: [GC (Allocation Failure) 118219K->10651K(120448K), 0.0005440 secs]
360.884: [GC (Allocation Failure) 113542K->10651K(116032K), 0.0005420 secs]
360.935: [GC (Allocation Failure) 109205K->10651K(135360K), 0.0006210 secs]
360.993: [GC (Allocation Failure) 128574K->10748K(130240K), 0.0005340 secs]
361.052: [GC (Allocation Failure) 123446K->10748K(125312K), 0.0004890 secs]
361.106: [GC (Allocation Failure) 118514K->10748K(120640K), 0.0005430 secs]
361.156: [GC (Allocation Failure) 113911K->10748K(116160K), 0.0004960 secs]
361.206: [GC (Allocation Failure) 109407K->10846K(112000K), 0.0005260 secs]
361.253: [GC (Allocation Failure) 105368K->10846K(107968K), 0.0004970 secs]
361.297: [GC (Allocation Failure) 101321K->10846K(125760K), 0.0006780 secs]
361.351: [GC (Allocation Failure) 119044K->10846K(147008K), 0.0004990 secs]
361.415: [GC (Allocation Failure) 140371K->10944K(141312K), 0.0005520 secs]
361.477: [GC (Allocation Failure) 134687K->10944K(135872K), 0.0005020 secs]
361.536: [GC (Allocation Failure) 129268K->10944K(130688K), 0.0005430 secs]
361.591: [GC (Allocation Failure) 124141K->10944K(125696K), 0.0005040 secs]
361.644: [GC (Allocation Failure) 119219K->11041K(121088K), 0.0005440 secs]
361.693: [GC (Allocation Failure) 114623K->11041K(116608K), 0.0004850 secs]
361.741: [GC (Allocation Failure) 110097K->11041K(112384K), 0.0005400 secs]
361.788: [GC (Allocation Failure) 105925K->11041K(108288K), 0.0005820 secs]
361.834: [GC (Allocation Failure) 101834K->11139K(126208K), 0.0005460 secs]
361.888: [GC (Allocation Failure) 119846K->11123K(147648K), 0.0008950 secs]
361.953: [GC (Allocation Failure) 141245K->11139K(173248K), 0.0005990 secs]
362.032: [GC (Allocation Failure) 166838K->11139K(166144K), 0.0005050 secs]
362.105: [GC (Allocation Failure) 159869K->11237K(159552K), 0.0005350 secs]
362.173: [GC (Allocation Failure) 153280K->11237K(153216K), 0.0004850 secs]
362.241: [GC (Allocation Failure) 146939K->11221K(147200K), 0.0010320 secs]
362.306: [GC (Allocation Failure) 140874K->11237K(141376K), 0.0005000 secs]
362.365: [GC (Allocation Failure) 135173K->11334K(136000K), 0.0006730 secs]
362.426: [GC (Allocation Failure) 129860K->11334K(130816K), 0.0004960 secs]
362.480: [GC (Allocation Failure) 124650K->11334K(125888K), 0.0005320 secs]
362.534: [GC (Allocation Failure) 119717K->11334K(121152K), 0.0005590 secs]
362.587: [GC (Allocation Failure) 114998K->11432K(116736K), 0.0006810 secs]
362.641: [GC (Allocation Failure) 110671K->11432K(136320K), 0.0006520 secs]
362.701: [GC (Allocation Failure) 130243K->11432K(131136K), 0.0005470 secs]
362.756: [GC (Allocation Failure) 125035K->11432K(126144K), 0.0005500 secs]
362.810: [GC (Allocation Failure) 120126K->11530K(121472K), 0.0005410 secs]
362.862: [GC (Allocation Failure) 115503K->11530K(116992K), 0.0004980 secs]
362.913: [GC (Allocation Failure) 110979K->11514K(136576K), 0.0010090 secs]
362.972: [GC (Allocation Failure) 130547K->11530K(160000K), 0.0005280 secs]
363.045: [GC (Allocation Failure) 154091K->11627K(153664K), 0.0005580 secs]
363.113: [GC (Allocation Failure) 147747K->11627K(147584K), 0.0005020 secs]
363.177: [GC (Allocation Failure) 141656K->11627K(141824K), 0.0005960 secs]
363.240: [GC (Allocation Failure) 135941K->11627K(136256K), 0.0005280 secs]
363.297: [GC (Allocation Failure) 130456K->11725K(131136K), 0.0005410 secs]
363.355: [GC (Allocation Failure) 125342K->11725K(126208K), 0.0005700 secs]
363.410: [GC (Allocation Failure) 120410K->11709K(147584K), 0.0008560 secs]
363.477: [GC (Allocation Failure) 141797K->11725K(141760K), 0.0005100 secs]
363.537: [GC (Allocation Failure) 136055K->11823K(136320K), 0.0005450 secs]
363.596: [GC (Allocation Failure) 130638K->11823K(131136K), 0.0005150 secs]
363.650: [GC (Allocation Failure) 125434K->11807K(126208K), 0.0007330 secs]
363.703: [GC (Allocation Failure) 120499K->11823K(121408K), 0.0005090 secs]
363.756: [GC (Allocation Failure) 115797K->11920K(116992K), 0.0005420 secs]
363.807: [GC (Allocation Failure) 111363K->11904K(136576K), 0.0006590 secs]
363.866: [GC (Allocation Failure) 130954K->11920K(131392K), 0.0005480 secs]
363.925: [GC (Allocation Failure) 125812K->11904K(153728K), 0.0010210 secs]
363.992: [GC (Allocation Failure) 148236K->12018K(180736K), 0.0005460 secs]
364.070: [GC (Allocation Failure) 175239K->12018K(173312K), 0.0005380 secs]
364.147: [GC (Allocation Failure) 167832K->12018K(166272K), 0.0005530 secs]
364.221: [GC (Allocation Failure) 160753K->12018K(159552K), 0.0005090 secs]
364.292: [GC (Allocation Failure) 154143K->12116K(153280K), 0.0006800 secs]
364.357: [GC (Allocation Failure) 147847K->12116K(147264K), 0.0005060 secs]
364.423: [GC (Allocation Failure) 141843K->12116K(141504K), 0.0005490 secs]
364.486: [GC (Allocation Failure) 136065K->12120K(136000K), 0.0006430 secs]
364.545: [GC (Allocation Failure) 130658K->12217K(130880K), 0.0005420 secs]
364.599: [GC (Allocation Failure) 125538K->12217K(125952K), 0.0005050 secs]
364.652: [GC (Allocation Failure) 120611K->12217K(121280K), 0.0005560 secs]
364.707: [GC (Allocation Failure) 115982K->12201K(116672K), 0.0008480 secs]
364.757: [GC (Allocation Failure) 111459K->12315K(112576K), 0.0005410 secs]
364.802: [GC (Allocation Failure) 107343K->12315K(131328K), 0.0005370 secs]
364.857: [GC (Allocation Failure) 126113K->12315K(126400K), 0.0005540 secs]
364.913: [GC (Allocation Failure) 121180K->12315K(147776K), 0.0006570 secs]
364.976: [GC (Allocation Failure) 142651K->12413K(142080K), 0.0005430 secs]
365.040: [GC (Allocation Failure) 137007K->12413K(136576K), 0.0005170 secs]
365.097: [GC (Allocation Failure) 131504K->12413K(131392K), 0.0005600 secs]
365.155: [GC (Allocation Failure) 126305K->12413K(126336K), 0.0005240 secs]
365.207: [GC (Allocation Failure) 121296K->12510K(121664K), 0.0005560 secs]
365.257: [GC (Allocation Failure) 116674K->12510K(117184K), 0.0005080 secs]
365.306: [GC (Allocation Failure) 112148K->12510K(112896K), 0.0005550 secs]
365.354: [GC (Allocation Failure) 107927K->12510K(108800K), 0.0005120 secs]
365.399: [GC (Allocation Failure) 103895K->12608K(105024K), 0.0005480 secs]
365.444: [GC (Allocation Failure) 100159K->12608K(122240K), 0.0005190 secs]
365.497: [GC (Allocation Failure) 117354K->12608K(117760K), 0.0005600 secs]
365.547: [GC (Allocation Failure) 112840K->12608K(137472K), 0.0006540 secs]
365.607: [GC (Allocation Failure) 132606K->12706K(161216K), 0.0006120 secs]
365.680: [GC (Allocation Failure) 156388K->12706K(154752K), 0.0006230 secs]
365.745: [GC (Allocation Failure) 149948K->12706K(148608K), 0.0005490 secs]
365.808: [GC (Allocation Failure) 143819K->12690K(174272K), 0.0009350 secs]
365.891: [GC (Allocation Failure) 169547K->12803K(167296K), 0.0006980 secs]
365.966: [GC (Allocation Failure) 162607K->12787K(160576K), 0.0007380 secs]
366.037: [GC (Allocation Failure) 155794K->12803K(154176K), 0.0006230 secs]
366.103: [GC (Allocation Failure) 149438K->12803K(148032K), 0.0005160 secs]
366.165: [GC (Allocation Failure) 143334K->12901K(142336K), 0.0005440 secs]
366.225: [GC (Allocation Failure) 137716K->12901K(136832K), 0.0005120 secs]
366.284: [GC (Allocation Failure) 132233K->12901K(131584K), 0.0005610 secs]
366.342: [GC (Allocation Failure) 127009K->12901K(126528K), 0.0005060 secs]
366.397: [GC (Allocation Failure) 121991K->12999K(121856K), 0.0006200 secs]
366.450: [GC (Allocation Failure) 117348K->12999K(117376K), 0.0005160 secs]
366.501: [GC (Allocation Failure) 112837K->12999K(113088K), 0.0005590 secs]
366.547: [GC (Allocation Failure) 108523K->12999K(108992K), 0.0004980 secs]
366.592: [GC (Allocation Failure) 104567K->13096K(105216K), 0.0005770 secs]
366.636: [GC (Allocation Failure) 100838K->13096K(122496K), 0.0005260 secs]
366.689: [GC (Allocation Failure) 118056K->13096K(117952K), 0.0005410 secs]
366.738: [GC (Allocation Failure) 113576K->13080K(137664K), 0.0010370 secs]
366.799: [GC (Allocation Failure) 133365K->13198K(161472K), 0.0006060 secs]
366.871: [GC (Allocation Failure) 157111K->13198K(177856K), 0.0005760 secs]
366.951: [GC (Allocation Failure) 173506K->13182K(177856K), 0.0008750 secs]
367.034: [GC (Allocation Failure) 173465K->13198K(170560K), 0.0005520 secs]
367.110: [GC (Allocation Failure) 166231K->13198K(163648K), 0.0005590 secs]
367.182: [GC (Allocation Failure) 159368K->13182K(156992K), 0.0008000 secs]
367.249: [GC (Allocation Failure) 152765K->13296K(150912K), 0.0005450 secs]
367.312: [GC (Allocation Failure) 146686K->13296K(144960K), 0.0005700 secs]
367.373: [GC (Allocation Failure) 140776K->13280K(139328K), 0.0008110 secs]
367.435: [GC (Allocation Failure) 135131K->13296K(133888K), 0.0005130 secs]
367.495: [GC (Allocation Failure) 129765K->13393K(128896K), 0.0005600 secs]
367.548: [GC (Allocation Failure) 124734K->13393K(124032K), 0.0006520 secs]
367.603: [GC (Allocation Failure) 119934K->13393K(144960K), 0.0007380 secs]
367.665: [GC (Allocation Failure) 140792K->13393K(139264K), 0.0005130 secs]
367.731: [GC (Allocation Failure) 135176K->13475K(163328K), 0.0012040 secs]
367.803: [GC (Allocation Failure) 159269K->13491K(192000K), 0.0005220 secs]
367.894: [GC (Allocation Failure) 188005K->13491K(184064K), 0.0005500 secs]
367.979: [GC (Allocation Failure) 179988K->13491K(176448K), 0.0005820 secs]
368.058: [GC (Allocation Failure) 172531K->13589K(169344K), 0.0005670 secs]
368.130: [GC (Allocation Failure) 165387K->13589K(162496K), 0.0005140 secs]
368.199: [GC (Allocation Failure) 158573K->13589K(155968K), 0.0005720 secs]
368.268: [GC (Allocation Failure) 152076K->13589K(149760K), 0.0005270 secs]
368.333: [GC (Allocation Failure) 145901K->13686K(143936K), 0.0005500 secs]
368.393: [GC (Allocation Failure) 140102K->13686K(138368K), 0.0005190 secs]
368.458: [GC (Allocation Failure) 134487K->13686K(133056K), 0.0007270 secs]
368.517: [GC (Allocation Failure) 129186K->13686K(127936K), 0.0004930 secs]
368.571: [GC (Allocation Failure) 124155K->13784K(123200K), 0.0005640 secs]
368.622: [GC (Allocation Failure) 119500K->13784K(118656K), 0.0005170 secs]
368.671: [GC (Allocation Failure) 114900K->13784K(114304K), 0.0005730 secs]
368.719: [GC (Allocation Failure) 110560K->13784K(110144K), 0.0005240 secs]
368.763: [GC (Allocation Failure) 106426K->13882K(128448K), 0.0005610 secs]
368.817: [GC (Allocation Failure) 124821K->13882K(123648K), 0.0005250 secs]
368.867: [GC (Allocation Failure) 120030K->13882K(119040K), 0.0005690 secs]
368.916: [GC (Allocation Failure) 115407K->13882K(139008K), 0.0005250 secs]
368.974: [GC (Allocation Failure) 135450K->13979K(133760K), 0.0005680 secs]
369.031: [GC (Allocation Failure) 130191K->13979K(128704K), 0.0005290 secs]
369.087: [GC (Allocation Failure) 125115K->13979K(123904K), 0.0005820 secs]
369.140: [GC (Allocation Failure) 120411K->13979K(144768K), 0.0006580 secs]
369.207: [GC (Allocation Failure) 141251K->14175K(169856K), 0.0007900 secs]
369.284: [GC (Allocation Failure) 166546K->14175K(163008K), 0.0005660 secs]
369.357: [GC (Allocation Failure) 159657K->14175K(156480K), 0.0005650 secs]
369.426: [GC (Allocation Failure) 153121K->14175K(150208K), 0.0005230 secs]
369.490: [GC (Allocation Failure) 146940K->14272K(144384K), 0.0005670 secs]
369.553: [GC (Allocation Failure) 141165K->14272K(138752K), 0.0005290 secs]
369.613: [GC (Allocation Failure) 135472K->14272K(133440K), 0.0005690 secs]
369.671: [GC (Allocation Failure) 130147K->14272K(128320K), 0.0005300 secs]
369.724: [GC (Allocation Failure) 125138K->14370K(123584K), 0.0005750 secs]
369.774: [GC (Allocation Failure) 120426K->14370K(118976K), 0.0005190 secs]
369.826: [GC (Allocation Failure) 115871K->14370K(114624K), 0.0005750 secs]
369.875: [GC (Allocation Failure) 111520K->14354K(133632K), 0.0009040 secs]
369.933: [GC (Allocation Failure) 130580K->14468K(156672K), 0.0005750 secs]
370.002: [GC (Allocation Failure) 153623K->14468K(184064K), 0.0007080 secs]
370.084: [GC (Allocation Failure) 180983K->14468K(176512K), 0.0005810 secs]
370.163: [GC (Allocation Failure) 173422K->14468K(169280K), 0.0005250 secs]
370.239: [GC (Allocation Failure) 166323K->14565K(162496K), 0.0005850 secs]
370.313: [GC (Allocation Failure) 159531K->14565K(155968K), 0.0006710 secs]
370.380: [GC (Allocation Failure) 152983K->14565K(149824K), 0.0005850 secs]
370.448: [GC (Allocation Failure) 146835K->14565K(143872K), 0.0005470 secs]
370.511: [GC (Allocation Failure) 140947K->14663K(138368K), 0.0005630 secs]
370.571: [GC (Allocation Failure) 135466K->14663K(133056K), 0.0005220 secs]
370.630: [GC (Allocation Failure) 130215K->14663K(128000K), 0.0006400 secs]
370.683: [GC (Allocation Failure) 125125K->14663K(123136K), 0.0005280 secs]
370.736: [GC (Allocation Failure) 120315K->14761K(118656K), 0.0005710 secs]
370.785: [GC (Allocation Failure) 115861K->14761K(114304K), 0.0006670 secs]
370.834: [GC (Allocation Failure) 111555K->14761K(133376K), 0.0005670 secs]
370.891: [GC (Allocation Failure) 130637K->14761K(128256K), 0.0005250 secs]
370.947: [GC (Allocation Failure) 125536K->14858K(123520K), 0.0005600 secs]
370.999: [GC (Allocation Failure) 120885K->14858K(118976K), 0.0005950 secs]
371.052: [GC (Allocation Failure) 116348K->14858K(114624K), 0.0005770 secs]
371.098: [GC (Allocation Failure) 111930K->14858K(133696K), 0.0005310 secs]
371.154: [GC (Allocation Failure) 131124K->14956K(128704K), 0.0005670 secs]
371.211: [GC (Allocation Failure) 126106K->14956K(123904K), 0.0005810 secs]
371.265: [GC (Allocation Failure) 121293K->14956K(144896K), 0.0007540 secs]
371.328: [GC (Allocation Failure) 142338K->14956K(139200K), 0.0005290 secs]
371.389: [GC (Allocation Failure) 136711K->15054K(163264K), 0.0008030 secs]
371.461: [GC (Allocation Failure) 160824K->15054K(156736K), 0.0005340 secs]
371.527: [GC (Allocation Failure) 154260K->15054K(150528K), 0.0005820 secs]
371.593: [GC (Allocation Failure) 148019K->15054K(144576K), 0.0006510 secs]
371.655: [GC (Allocation Failure) 142138K->15135K(169664K), 0.0008710 secs]
371.729: [GC (Allocation Failure) 167295K->15151K(162816K), 0.0006790 secs]
371.801: [GC (Allocation Failure) 160431K->15151K(156288K), 0.0005650 secs]
371.868: [GC (Allocation Failure) 153932K->15151K(150016K), 0.0006540 secs]
371.936: [GC (Allocation Failure) 147709K->15233K(144192K), 0.0008760 secs]
372.000: [GC (Allocation Failure) 141896K->15249K(138624K), 0.0006040 secs]
372.062: [GC (Allocation Failure) 136360K->15233K(162496K), 0.0012190 secs]
372.133: [GC (Allocation Failure) 160211K->15249K(190976K), 0.0005340 secs]
372.223: [GC (Allocation Failure) 188742K->15331K(202560K), 0.0009540 secs]
372.314: [GC (Allocation Failure) 200265K->15347K(193984K), 0.0005440 secs]
372.399: [GC (Allocation Failure) 191788K->15445K(185920K), 0.0008200 secs]
372.482: [GC (Allocation Failure) 183823K->15445K(178176K), 0.0005670 secs]
372.561: [GC (Allocation Failure) 176180K->15542K(170944K), 0.0008050 secs]
372.640: [GC (Allocation Failure) 168996K->15542K(164032K), 0.0005440 secs]
372.712: [GC (Allocation Failure) 162010K->15542K(157440K), 0.0005850 secs]
372.779: [GC (Allocation Failure) 155439K->15542K(151104K), 0.0005350 secs]
372.845: [GC (Allocation Failure) 149222K->15640K(145216K), 0.0005530 secs]
372.908: [GC (Allocation Failure) 143294K->15640K(139584K), 0.0005450 secs]
372.969: [GC (Allocation Failure) 137717K->15640K(134208K), 0.0005710 secs]
373.029: [GC (Allocation Failure) 132362K->15640K(129024K), 0.0005760 secs]
373.085: [GC (Allocation Failure) 127215K->15738K(124224K), 0.0005770 secs]
373.138: [GC (Allocation Failure) 122454K->15738K(119616K), 0.0006840 secs]
373.189: [GC (Allocation Failure) 117843K->15722K(139776K), 0.0008530 secs]
373.251: [GC (Allocation Failure) 137954K->15738K(163840K), 0.0005360 secs]
373.330: [GC (Allocation Failure) 162119K->15819K(192768K), 0.0013010 secs]
373.417: [GC (Allocation Failure) 191086K->15835K(223936K), 0.0005680 secs]
373.524: [GC (Allocation Failure) 222279K->15835K(214400K), 0.0005760 secs]
373.620: [GC (Allocation Failure) 212696K->15835K(205120K), 0.0005660 secs]
373.711: [GC (Allocation Failure) 203636K->16031K(196736K), 0.0005330 secs]
373.799: [GC (Allocation Failure) 195216K->16031K(188480K), 0.0007260 secs]
373.883: [GC (Allocation Failure) 186970K->16031K(180672K), 0.0005810 secs]
373.963: [GC (Allocation Failure) 179208K->16031K(173184K), 0.0005300 secs]
374.039: [GC (Allocation Failure) 171745K->16128K(166208K), 0.0005700 secs]
374.114: [GC (Allocation Failure) 164856K->16128K(159552K), 0.0006160 secs]
374.182: [GC (Allocation Failure) 158168K->16128K(153216K), 0.0005620 secs]
374.249: [GC (Allocation Failure) 151868K->16128K(147136K), 0.0005380 secs]
374.314: [GC (Allocation Failure) 145776K->16226K(141440K), 0.0006220 secs]
374.373: [GC (Allocation Failure) 140167K->16226K(136000K), 0.0005350 secs]
374.431: [GC (Allocation Failure) 134735K->16226K(130816K), 0.0005670 secs]
374.485: [GC (Allocation Failure) 129540K->16226K(125824K), 0.0005250 secs]
374.540: [GC (Allocation Failure) 124641K->16324K(121216K), 0.0007710 secs]
374.591: [GC (Allocation Failure) 120009K->16324K(116736K), 0.0005280 secs]
374.645: [GC (Allocation Failure) 115544K->16324K(136320K), 0.0007580 secs]
374.703: [GC (Allocation Failure) 135142K->16324K(131072K), 0.0005380 secs]
374.758: [GC (Allocation Failure) 129897K->16421K(153536K), 0.0007470 secs]
374.828: [GC (Allocation Failure) 152442K->16421K(147456K), 0.0006160 secs]
374.894: [GC (Allocation Failure) 146341K->16421K(141696K), 0.0005850 secs]
374.957: [GC (Allocation Failure) 140552K->16421K(136192K), 0.0006900 secs]
375.018: [GC (Allocation Failure) 135110K->16519K(131072K), 0.0005710 secs]
375.075: [GC (Allocation Failure) 130023K->16519K(126144K), 0.0006930 secs]
375.129: [GC (Allocation Failure) 125127K->16519K(121472K), 0.0005770 secs]
375.180: [GC (Allocation Failure) 120495K->16519K(116928K), 0.0005580 secs]
375.231: [GC (Allocation Failure) 115969K->16617K(136576K), 0.0006390 secs]
375.289: [GC (Allocation Failure) 135636K->16617K(160064K), 0.0006960 secs]
375.358: [GC (Allocation Failure) 159144K->16617K(153664K), 0.0005730 secs]
375.424: [GC (Allocation Failure) 152770K->16617K(147520K), 0.0005300 secs]
375.487: [GC (Allocation Failure) 146647K->16714K(141824K), 0.0005770 secs]
375.549: [GC (Allocation Failure) 141037K->16714K(136320K), 0.0005400 secs]
375.607: [GC (Allocation Failure) 135548K->16714K(131136K), 0.0006490 secs]
375.662: [GC (Allocation Failure) 130328K->16714K(126144K), 0.0005430 secs]
375.716: [GC (Allocation Failure) 125426K->16812K(121472K), 0.0006480 secs]
375.768: [GC (Allocation Failure) 120782K->16796K(141952K), 0.0010660 secs]
375.833: [GC (Allocation Failure) 141233K->16812K(166464K), 0.0006410 secs]
375.908: [GC (Allocation Failure) 165781K->16812K(195712K), 0.0006160 secs]
375.998: [GC (Allocation Failure) 195113K->16910K(187648K), 0.0005840 secs]
376.083: [GC (Allocation Failure) 187055K->16910K(179904K), 0.0005970 secs]
376.164: [GC (Allocation Failure) 179324K->16894K(172544K), 0.0011620 secs]
376.244: [GC (Allocation Failure) 171916K->16910K(165504K), 0.0005450 secs]
376.315: [GC (Allocation Failure) 164964K->17007K(158912K), 0.0005820 secs]
376.382: [GC (Allocation Failure) 158359K->17007K(152576K), 0.0005940 secs]
376.451: [GC (Allocation Failure) 152073K->17007K(146560K), 0.0005810 secs]
376.513: [GC (Allocation Failure) 146025K->17007K(140800K), 0.0005460 secs]
376.576: [GC (Allocation Failure) 140332K->17105K(135424K), 0.0007860 secs]
376.635: [GC (Allocation Failure) 135025K->17105K(130240K), 0.0006940 secs]
376.693: [GC (Allocation Failure) 129828K->17105K(125312K), 0.0005800 secs]
376.748: [GC (Allocation Failure) 124916K->17105K(120576K), 0.0005550 secs]
376.797: [GC (Allocation Failure) 120186K->17203K(116224K), 0.0005620 secs]
376.847: [GC (Allocation Failure) 115863K->17203K(112000K), 0.0005480 secs]
376.894: [GC (Allocation Failure) 111635K->17203K(130624K), 0.0006430 secs]
376.950: [GC (Allocation Failure) 130321K->17203K(152832K), 0.0005240 secs]
376.951: [Full GC (Ergonomics) 17203K->847K(152960K), 0.0064510 secs]
377.027: [GC (Allocation Failure) 136249K->1075K(147008K), 0.0007370 secs]
377.093: [GC (Allocation Failure) 130451K->1075K(141312K), 0.0004300 secs]
377.154: [GC (Allocation Failure) 124786K->1075K(135872K), 0.0004800 secs]
377.215: [GC (Allocation Failure) 119311K->1075K(130624K), 0.0004340 secs]
377.271: [GC (Allocation Failure) 114090K->1172K(125760K), 0.0004770 secs]
377.323: [GC (Allocation Failure) 109285K->1172K(121088K), 0.0004300 secs]
377.372: [GC (Allocation Failure) 104656K->1172K(116672K), 0.0004700 secs]
377.421: [GC (Allocation Failure) 100186K->1172K(112384K), 0.0004380 secs]
377.470: [GC (Allocation Failure) 96007K->1270K(108416K), 0.0004940 secs]
377.514: [GC (Allocation Failure) 92057K->1254K(104576K), 0.0005490 secs]
377.557: [GC (Allocation Failure) 88222K->1270K(100928K), 0.0005780 secs]
377.598: [GC (Allocation Failure) 84581K->1270K(97408K), 0.0004310 secs]
377.636: [GC (Allocation Failure) 81141K->1368K(113216K), 0.0004690 secs]
377.683: [GC (Allocation Failure) 96896K->1368K(109184K), 0.0004630 secs]
377.730: [GC (Allocation Failure) 92943K->1368K(105344K), 0.0005730 secs]
377.773: [GC (Allocation Failure) 89111K->1368K(101632K), 0.0004370 secs]
377.813: [GC (Allocation Failure) 85382K->1465K(98176K), 0.0004710 secs]
377.854: [GC (Allocation Failure) 82020K->1465K(114048K), 0.0004410 secs]
377.901: [GC (Allocation Failure) 97869K->1465K(109952K), 0.0004710 secs]
377.947: [GC (Allocation Failure) 93727K->1465K(105984K), 0.0004390 secs]
377.994: [GC (Allocation Failure) 89904K->1547K(123520K), 0.0007870 secs]
378.050: [GC (Allocation Failure) 107389K->1563K(144384K), 0.0005330 secs]
378.113: [GC (Allocation Failure) 128256K->1563K(138816K), 0.0004760 secs]
378.174: [GC (Allocation Failure) 122745K->1563K(133440K), 0.0004270 secs]
378.229: [GC (Allocation Failure) 117432K->1645K(128448K), 0.0005800 secs]
378.285: [GC (Allocation Failure) 112488K->1661K(123648K), 0.0004330 secs]
378.335: [GC (Allocation Failure) 107698K->1661K(119104K), 0.0004770 secs]
378.387: [GC (Allocation Failure) 103080K->1661K(114688K), 0.0004400 secs]
378.434: [GC (Allocation Failure) 98744K->1758K(110592K), 0.0004720 secs]
378.486: [GC (Allocation Failure) 94683K->1758K(106688K), 0.0005530 secs]
378.530: [GC (Allocation Failure) 90785K->1758K(102976K), 0.0005820 secs]
378.575: [GC (Allocation Failure) 87043K->1758K(99328K), 0.0005280 secs]
378.615: [GC (Allocation Failure) 83507K->1856K(96000K), 0.0004700 secs]
378.653: [GC (Allocation Failure) 80168K->1856K(111424K), 0.0004490 secs]
378.700: [GC (Allocation Failure) 95601K->1856K(129920K), 0.0005170 secs]
378.756: [GC (Allocation Failure) 114102K->1856K(124992K), 0.0004750 secs]
378.811: [GC (Allocation Failure) 109262K->1954K(120448K), 0.0004800 secs]
378.862: [GC (Allocation Failure) 104742K->1954K(116032K), 0.0004380 secs]
378.912: [GC (Allocation Failure) 100316K->1954K(111808K), 0.0004760 secs]
378.957: [GC (Allocation Failure) 96091K->1954K(107776K), 0.0004390 secs]
379.000: [GC (Allocation Failure) 92131K->2035K(104064K), 0.0006480 secs]
379.045: [GC (Allocation Failure) 88483K->2051K(100480K), 0.0004780 secs]
379.087: [GC (Allocation Failure) 84851K->2051K(116800K), 0.0004880 secs]
379.138: [GC (Allocation Failure) 101169K->2035K(136192K), 0.0007930 secs]
379.197: [GC (Allocation Failure) 120672K->2149K(131136K), 0.0004590 secs]
379.253: [GC (Allocation Failure) 115662K->2149K(126208K), 0.0004620 secs]
379.306: [GC (Allocation Failure) 110666K->2149K(121536K), 0.0005270 secs]
379.356: [GC (Allocation Failure) 106027K->2149K(116992K), 0.0004310 secs]
379.403: [GC (Allocation Failure) 101595K->2247K(112832K), 0.0004780 secs]
379.451: [GC (Allocation Failure) 97447K->2247K(108800K), 0.0005340 secs]
379.496: [GC (Allocation Failure) 93423K->2247K(104960K), 0.0004990 secs]
379.538: [GC (Allocation Failure) 89585K->2247K(101248K), 0.0004320 secs]
379.578: [GC (Allocation Failure) 85937K->2344K(97856K), 0.0004780 secs]
379.617: [GC (Allocation Failure) 82515K->2344K(113664K), 0.0005420 secs]
379.664: [GC (Allocation Failure) 98350K->2328K(132608K), 0.0006140 secs]
379.726: [GC (Allocation Failure) 117322K->2328K(155136K), 0.0008080 secs]
379.793: [GC (Allocation Failure) 139950K->2442K(149120K), 0.0004660 secs]
379.856: [GC (Allocation Failure) 133951K->2442K(143296K), 0.0004740 secs]
379.925: [GC (Allocation Failure) 128045K->2442K(137792K), 0.0006060 secs]
379.986: [GC (Allocation Failure) 122629K->2442K(132480K), 0.0005380 secs]
380.043: [GC (Allocation Failure) 117312K->2540K(127552K), 0.0004850 secs]
380.100: [GC (Allocation Failure) 112490K->2540K(122816K), 0.0005330 secs]
380.152: [GC (Allocation Failure) 107694K->2540K(118272K), 0.0004840 secs]
380.204: [GC (Allocation Failure) 103153K->2540K(113920K), 0.0005450 secs]
380.254: [GC (Allocation Failure) 98924K->2637K(109888K), 0.0005850 secs]
380.301: [GC (Allocation Failure) 94868K->2621K(105984K), 0.0005560 secs]
380.347: [GC (Allocation Failure) 90937K->2637K(102272K), 0.0004950 secs]
380.390: [GC (Allocation Failure) 87231K->2637K(98688K), 0.0004500 secs]
380.432: [GC (Allocation Failure) 83758K->2735K(114752K), 0.0006230 secs]
380.481: [GC (Allocation Failure) 99837K->2735K(110592K), 0.0004540 secs]
380.526: [GC (Allocation Failure) 95689K->2735K(106688K), 0.0004850 secs]
380.568: [GC (Allocation Failure) 91753K->2735K(102912K), 0.0004630 secs]
380.610: [GC (Allocation Failure) 88031K->2833K(119808K), 0.0005220 secs]
380.664: [GC (Allocation Failure) 104996K->2833K(115456K), 0.0005510 secs]
380.712: [GC (Allocation Failure) 100615K->2833K(111296K), 0.0004920 secs]
380.759: [GC (Allocation Failure) 96481K->2833K(107264K), 0.0004480 secs]
380.804: [GC (Allocation Failure) 92548K->2931K(103552K), 0.0004850 secs]
380.846: [GC (Allocation Failure) 88786K->2931K(120512K), 0.0005360 secs]
380.899: [GC (Allocation Failure) 105796K->2931K(116096K), 0.0004920 secs]
380.948: [GC (Allocation Failure) 101385K->2931K(111808K), 0.0004460 secs]
380.995: [GC (Allocation Failure) 97148K->3028K(107904K), 0.0005910 secs]
381.042: [GC (Allocation Failure) 93303K->3028K(104128K), 0.0004500 secs]
381.084: [GC (Allocation Failure) 89472K->3032K(100544K), 0.0005100 secs]
381.126: [GC (Allocation Failure) 85958K->3032K(97024K), 0.0004770 secs]
381.165: [GC (Allocation Failure) 82509K->3130K(112768K), 0.0004640 secs]
381.213: [GC (Allocation Failure) 98259K->3130K(108736K), 0.0004500 secs]
381.256: [GC (Allocation Failure) 94220K->3130K(104896K), 0.0005160 secs]
381.298: [GC (Allocation Failure) 90377K->3130K(101184K), 0.0004480 secs]
381.341: [GC (Allocation Failure) 86716K->3228K(97792K), 0.0004900 secs]
381.383: [GC (Allocation Failure) 83386K->3228K(113600K), 0.0004580 secs]
381.429: [GC (Allocation Failure) 99207K->3228K(109504K), 0.0004960 secs]
381.475: [GC (Allocation Failure) 95091K->3228K(105536K), 0.0004480 secs]
381.517: [GC (Allocation Failure) 91170K->3325K(101888K), 0.0004890 secs]
381.558: [GC (Allocation Failure) 87523K->3325K(98368K), 0.0004500 secs]
381.602: [GC (Allocation Failure) 84081K->3325K(114304K), 0.0006040 secs]
381.651: [GC (Allocation Failure) 100019K->3325K(110144K), 0.0004480 secs]
381.697: [GC (Allocation Failure) 95888K->3423K(106304K), 0.0004950 secs]
381.741: [GC (Allocation Failure) 92050K->3423K(123776K), 0.0005470 secs]
381.796: [GC (Allocation Failure) 109557K->3423K(119232K), 0.0005520 secs]
381.849: [GC (Allocation Failure) 105034K->3407K(139136K), 0.0008140 secs]
381.913: [GC (Allocation Failure) 124990K->3521K(163264K), 0.0005720 secs]
381.984: [GC (Allocation Failure) 149105K->3521K(156736K), 0.0005830 secs]
382.060: [GC (Allocation Failure) 142620K->3505K(150528K), 0.0008330 secs]
382.125: [GC (Allocation Failure) 136373K->3521K(144576K), 0.0004490 secs]
382.190: [GC (Allocation Failure) 130479K->3602K(139008K), 0.0008180 secs]
382.249: [GC (Allocation Failure) 124978K->3618K(133696K), 0.0004490 secs]
382.308: [GC (Allocation Failure) 119684K->3618K(128640K), 0.0004970 secs]
382.364: [GC (Allocation Failure) 114572K->3618K(123776K), 0.0005540 secs]
382.419: [GC (Allocation Failure) 109851K->3716K(119232K), 0.0004870 secs]
382.470: [GC (Allocation Failure) 105334K->3716K(114880K), 0.0004780 secs]
382.520: [GC (Allocation Failure) 100902K->3716K(110720K), 0.0005260 secs]
382.566: [GC (Allocation Failure) 96755K->3716K(106752K), 0.0004560 secs]
382.612: [GC (Allocation Failure) 92840K->3814K(103104K), 0.0005930 secs]
382.653: [GC (Allocation Failure) 89270K->3814K(99520K), 0.0004560 secs]
382.695: [GC (Allocation Failure) 85641K->3814K(115648K), 0.0005360 secs]
382.745: [GC (Allocation Failure) 101841K->3814K(111424K), 0.0004460 secs]
382.793: [GC (Allocation Failure) 97654K->3895K(130048K), 0.0008380 secs]
382.849: [GC (Allocation Failure) 116314K->3911K(152192K), 0.0004500 secs]
382.915: [GC (Allocation Failure) 138470K->3911K(146240K), 0.0006120 secs]
382.979: [GC (Allocation Failure) 132476K->3895K(140416K), 0.0006340 secs]
383.039: [GC (Allocation Failure) 126822K->4009K(135168K), 0.0005940 secs]
383.098: [GC (Allocation Failure) 121518K->4009K(130048K), 0.0004850 secs]
383.153: [GC (Allocation Failure) 116437K->4009K(125184K), 0.0005060 secs]
383.207: [GC (Allocation Failure) 111517K->4009K(120448K), 0.0005550 secs]
383.262: [GC (Allocation Failure) 106899K->4091K(140800K), 0.0008470 secs]
383.322: [GC (Allocation Failure) 127245K->4107K(135360K), 0.0004540 secs]
383.381: [GC (Allocation Failure) 121843K->4107K(130240K), 0.0006020 secs]
383.437: [GC (Allocation Failure) 116655K->4107K(125312K), 0.0004840 secs]
383.491: [GC (Allocation Failure) 111821K->4204K(120704K), 0.0005270 secs]
383.541: [GC (Allocation Failure) 107289K->4204K(116288K), 0.0005490 secs]
383.591: [GC (Allocation Failure) 102817K->4188K(135744K), 0.0008580 secs]
383.649: [GC (Allocation Failure) 122320K->4204K(130496K), 0.0004550 secs]
383.705: [GC (Allocation Failure) 117121K->4302K(125632K), 0.0006000 secs]
383.760: [GC (Allocation Failure) 112266K->4302K(120960K), 0.0005030 secs]
383.811: [GC (Allocation Failure) 107599K->4302K(116544K), 0.0004980 secs]
383.860: [GC (Allocation Failure) 103240K->4286K(135936K), 0.0008440 secs]
383.919: [GC (Allocation Failure) 122681K->4400K(130880K), 0.0004850 secs]
383.974: [GC (Allocation Failure) 117604K->4400K(125952K), 0.0004880 secs]
384.026: [GC (Allocation Failure) 112696K->4400K(121280K), 0.0006140 secs]
384.078: [GC (Allocation Failure) 108077K->4400K(116736K), 0.0005520 secs]
384.127: [GC (Allocation Failure) 103502K->4497K(112576K), 0.0005040 secs]
384.176: [GC (Allocation Failure) 99413K->4497K(108544K), 0.0005290 secs]
384.221: [GC (Allocation Failure) 95365K->4497K(104704K), 0.0004970 secs]
384.269: [GC (Allocation Failure) 91525K->4481K(121792K), 0.0008500 secs]
384.321: [GC (Allocation Failure) 108753K->4595K(142464K), 0.0004900 secs]
384.380: [GC (Allocation Failure) 129404K->4595K(167040K), 0.0006270 secs]
384.453: [GC (Allocation Failure) 153992K->4595K(160320K), 0.0004990 secs]
384.523: [GC (Allocation Failure) 147222K->4595K(153856K), 0.0004650 secs]
384.590: [GC (Allocation Failure) 140826K->4693K(147840K), 0.0004940 secs]
384.656: [GC (Allocation Failure) 134924K->4693K(142080K), 0.0004760 secs]
384.719: [GC (Allocation Failure) 129100K->4677K(136576K), 0.0006300 secs]
384.776: [GC (Allocation Failure) 123591K->4693K(131328K), 0.0004630 secs]
384.832: [GC (Allocation Failure) 118389K->4790K(126464K), 0.0005220 secs]
384.887: [GC (Allocation Failure) 113570K->4790K(121728K), 0.0005070 secs]
384.938: [GC (Allocation Failure) 108858K->4790K(117248K), 0.0005010 secs]
384.989: [GC (Allocation Failure) 104397K->4790K(112960K), 0.0005600 secs]
385.039: [GC (Allocation Failure) 100169K->4888K(108992K), 0.0004840 secs]
385.083: [GC (Allocation Failure) 96230K->4888K(105152K), 0.0004680 secs]
385.125: [GC (Allocation Failure) 92432K->4888K(101504K), 0.0005040 secs]
385.167: [GC (Allocation Failure) 88790K->4888K(118016K), 0.0005640 secs]
385.216: [GC (Allocation Failure) 105324K->4986K(137856K), 0.0005520 secs]
385.275: [GC (Allocation Failure) 125187K->4986K(132608K), 0.0004610 secs]
385.330: [GC (Allocation Failure) 119976K->4986K(127616K), 0.0004950 secs]
385.382: [GC (Allocation Failure) 114967K->4986K(122816K), 0.0004620 secs]
385.436: [GC (Allocation Failure) 110219K->5083K(118336K), 0.0004980 secs]
385.487: [GC (Allocation Failure) 105789K->5083K(114048K), 0.0004650 secs]
385.536: [GC (Allocation Failure) 101485K->5083K(109952K), 0.0005610 secs]
385.582: [GC (Allocation Failure) 97341K->5083K(105984K), 0.0004700 secs]
385.624: [GC (Allocation Failure) 93519K->5181K(102336K), 0.0005860 secs]
385.668: [GC (Allocation Failure) 89872K->5181K(98816K), 0.0004620 secs]
385.707: [GC (Allocation Failure) 86328K->5181K(114816K), 0.0006180 secs]
385.755: [GC (Allocation Failure) 102365K->5181K(133888K), 0.0004440 secs]
385.811: [GC (Allocation Failure) 121444K->5279K(128896K), 0.0005540 secs]
385.865: [GC (Allocation Failure) 116508K->5279K(124096K), 0.0004580 secs]
385.920: [GC (Allocation Failure) 111710K->5279K(119488K), 0.0005080 secs]
385.973: [GC (Allocation Failure) 107091K->5279K(115072K), 0.0005640 secs]
386.023: [GC (Allocation Failure) 102741K->5376K(110976K), 0.0004960 secs]
386.068: [GC (Allocation Failure) 98726K->5376K(107008K), 0.0004650 secs]
386.113: [GC (Allocation Failure) 94759K->5376K(103232K), 0.0006240 secs]
386.156: [GC (Allocation Failure) 90921K->5360K(120000K), 0.0006340 secs]
386.208: [GC (Allocation Failure) 107862K->5474K(140352K), 0.0005130 secs]
386.267: [GC (Allocation Failure) 128209K->5474K(134976K), 0.0005400 secs]
386.325: [GC (Allocation Failure) 122826K->5474K(129856K), 0.0005010 secs]
386.381: [GC (Allocation Failure) 117714K->5474K(124928K), 0.0004960 secs]
386.433: [GC (Allocation Failure) 112795K->5572K(120384K), 0.0005000 secs]
386.483: [GC (Allocation Failure) 108268K->5556K(115968K), 0.0006040 secs]
386.531: [GC (Allocation Failure) 103902K->5572K(111808K), 0.0005010 secs]
386.579: [GC (Allocation Failure) 99742K->5572K(107776K), 0.0004670 secs]
386.622: [GC (Allocation Failure) 95772K->5669K(104064K), 0.0004940 secs]
386.663: [GC (Allocation Failure) 92118K->5669K(100480K), 0.0004670 secs]
386.705: [GC (Allocation Failure) 88490K->5669K(116800K), 0.0005530 secs]
386.754: [GC (Allocation Failure) 104812K->5669K(112512K), 0.0004610 secs]
386.799: [GC (Allocation Failure) 100588K->5767K(108544K), 0.0004980 secs]
386.842: [GC (Allocation Failure) 96661K->5767K(104704K), 0.0004540 secs]
386.884: [GC (Allocation Failure) 92827K->5767K(121856K), 0.0005090 secs]
386.936: [GC (Allocation Failure) 109945K->5767K(117312K), 0.0004540 secs]
386.983: [GC (Allocation Failure) 105505K->5865K(113088K), 0.0004940 secs]
387.031: [GC (Allocation Failure) 101258K->5865K(109056K), 0.0005120 secs]
387.078: [GC (Allocation Failure) 97307K->5849K(127040K), 0.0007100 secs]
387.131: [GC (Allocation Failure) 115221K->5865K(148480K), 0.0004730 secs]
387.196: [GC (Allocation Failure) 136795K->5962K(142720K), 0.0005050 secs]
387.258: [GC (Allocation Failure) 131073K->5962K(137216K), 0.0005740 secs]
387.317: [GC (Allocation Failure) 125571K->5962K(131968K), 0.0005060 secs]
387.371: [GC (Allocation Failure) 120269K->5962K(126912K), 0.0004730 secs]
387.423: [GC (Allocation Failure) 115243K->6060K(122240K), 0.0005080 secs]
387.476: [GC (Allocation Failure) 110615K->6060K(117760K), 0.0005780 secs]
387.527: [GC (Allocation Failure) 106201K->6060K(113472K), 0.0005100 secs]
387.573: [GC (Allocation Failure) 101866K->6060K(109312K), 0.0004650 secs]
387.622: [GC (Allocation Failure) 97743K->6158K(105536K), 0.0006290 secs]
387.666: [GC (Allocation Failure) 94000K->6158K(101824K), 0.0004660 secs]
387.706: [GC (Allocation Failure) 90367K->6158K(118464K), 0.0005130 secs]
387.754: [GC (Allocation Failure) 106992K->6158K(114112K), 0.0004450 secs]
387.802: [GC (Allocation Failure) 102644K->6255K(110080K), 0.0005040 secs]
387.847: [GC (Allocation Failure) 98692K->6255K(106176K), 0.0004670 secs]
387.891: [GC (Allocation Failure) 94741K->6239K(123648K), 0.0007690 secs]
387.945: [GC (Allocation Failure) 112273K->6255K(144512K), 0.0005790 secs]
388.008: [GC (Allocation Failure) 133143K->6353K(139008K), 0.0005110 secs]
388.068: [GC (Allocation Failure) 127721K->6353K(133696K), 0.0004720 secs]
388.125: [GC (Allocation Failure) 122420K->6353K(128640K), 0.0005080 secs]
388.182: [GC (Allocation Failure) 117374K->6353K(123776K), 0.0004740 secs]
388.234: [GC (Allocation Failure) 112583K->6451K(119232K), 0.0006230 secs]
388.285: [GC (Allocation Failure) 108063K->6451K(114880K), 0.0004720 secs]
388.331: [GC (Allocation Failure) 103634K->6451K(110720K), 0.0006410 secs]
388.378: [GC (Allocation Failure) 99506K->6451K(106752K), 0.0004670 secs]
388.423: [GC (Allocation Failure) 95583K->6548K(103104K), 0.0005050 secs]
388.463: [GC (Allocation Failure) 92032K->6548K(99520K), 0.0004520 secs]
388.502: [GC (Allocation Failure) 88401K->6532K(115648K), 0.0006620 secs]
388.551: [GC (Allocation Failure) 104579K->6548K(134912K), 0.0005220 secs]
388.610: [GC (Allocation Failure) 123901K->6646K(158080K), 0.0006210 secs]
388.682: [GC (Allocation Failure) 147030K->6646K(151808K), 0.0005860 secs]
388.748: [GC (Allocation Failure) 140809K->6646K(145856K), 0.0005160 secs]
388.811: [GC (Allocation Failure) 134866K->6646K(140160K), 0.0005830 secs]
388.870: [GC (Allocation Failure) 129193K->6744K(134848K), 0.0005260 secs]
388.927: [GC (Allocation Failure) 123992K->6744K(129728K), 0.0004730 secs]
388.983: [GC (Allocation Failure) 118870K->6728K(124864K), 0.0006940 secs]
389.035: [GC (Allocation Failure) 113947K->6744K(120192K), 0.0004730 secs]
389.088: [GC (Allocation Failure) 109309K->6841K(115840K), 0.0005170 secs]
389.137: [GC (Allocation Failure) 104989K->6841K(111680K), 0.0004720 secs]
389.185: [GC (Allocation Failure) 100876K->6841K(107712K), 0.0006510 secs]
389.230: [GC (Allocation Failure) 96941K->6841K(103872K), 0.0004680 secs]
389.272: [GC (Allocation Failure) 93098K->6939K(100352K), 0.0005130 secs]
389.315: [GC (Allocation Failure) 89665K->6939K(116672K), 0.0005110 secs]
389.363: [GC (Allocation Failure) 106009K->6939K(136192K), 0.0005170 secs]
389.419: [GC (Allocation Failure) 125471K->6923K(159424K), 0.0006520 secs]
389.491: [GC (Allocation Failure) 148846K->7037K(153216K), 0.0005080 secs]
389.556: [GC (Allocation Failure) 142599K->7037K(147200K), 0.0005020 secs]
389.619: [GC (Allocation Failure) 136573K->7037K(141440K), 0.0005200 secs]
389.685: [GC (Allocation Failure) 130789K->7037K(135936K), 0.0005180 secs]
389.743: [GC (Allocation Failure) 125376K->7134K(130816K), 0.0005190 secs]
389.802: [GC (Allocation Failure) 120260K->7134K(125888K), 0.0004750 secs]
389.861: [GC (Allocation Failure) 115339K->7118K(121216K), 0.0007780 secs]
389.919: [GC (Allocation Failure) 110649K->7134K(116672K), 0.0005990 secs]
389.968: [GC (Allocation Failure) 106183K->7232K(112512K), 0.0005670 secs]
390.018: [GC (Allocation Failure) 102058K->7216K(131264K), 0.0008630 secs]
390.075: [GC (Allocation Failure) 120835K->7232K(153664K), 0.0004970 secs]
390.140: [GC (Allocation Failure) 143267K->7232K(147584K), 0.0004790 secs]
390.207: [GC (Allocation Failure) 137250K->7330K(141888K), 0.0006360 secs]
390.275: [GC (Allocation Failure) 131552K->7314K(136448K), 0.0008730 secs]
390.334: [GC (Allocation Failure) 126128K->7330K(131264K), 0.0005200 secs]
390.390: [GC (Allocation Failure) 120938K->7330K(126272K), 0.0005220 secs]
390.444: [GC (Allocation Failure) 116010K->7427K(121664K), 0.0005310 secs]
390.497: [GC (Allocation Failure) 111402K->7427K(117184K), 0.0004740 secs]
390.545: [GC (Allocation Failure) 106979K->7411K(112960K), 0.0006680 secs]
390.592: [GC (Allocation Failure) 102768K->7411K(131648K), 0.0009240 secs]
390.649: [GC (Allocation Failure) 121521K->7525K(154240K), 0.0005110 secs]
390.714: [GC (Allocation Failure) 144070K->7525K(148160K), 0.0005050 secs]
390.777: [GC (Allocation Failure) 138041K->7525K(142400K), 0.0005140 secs]
390.836: [GC (Allocation Failure) 132259K->7525K(136832K), 0.0004820 secs]
390.893: [GC (Allocation Failure) 126752K->7623K(131648K), 0.0005090 secs]
390.950: [GC (Allocation Failure) 121644K->7623K(126656K), 0.0004650 secs]
391.004: [GC (Allocation Failure) 116596K->7607K(148096K), 0.0009650 secs]
391.070: [GC (Allocation Failure) 138103K->7627K(142272K), 0.0004840 secs]
391.133: [GC (Allocation Failure) 132340K->7724K(136832K), 0.0005150 secs]
391.193: [GC (Allocation Failure) 126889K->7810K(160384K), 0.0014860 secs]
391.267: [GC (Allocation Failure) 150591K->7826K(188544K), 0.0005140 secs]
391.348: [GC (Allocation Failure) 178692K->7826K(180736K), 0.0005150 secs]
391.426: [GC (Allocation Failure) 170929K->7924K(173440K), 0.0005180 secs]
391.505: [GC (Allocation Failure) 163729K->7924K(166400K), 0.0005330 secs]
391.577: [GC (Allocation Failure) 156649K->7924K(159744K), 0.0005250 secs]
391.647: [GC (Allocation Failure) 150059K->7924K(153344K), 0.0005200 secs]
391.720: [GC (Allocation Failure) 143664K->8021K(147392K), 0.0006540 secs]
391.784: [GC (Allocation Failure) 137771K->8021K(141632K), 0.0006070 secs]
391.848: [GC (Allocation Failure) 131966K->8021K(136192K), 0.0005790 secs]
391.909: [GC (Allocation Failure) 126546K->8005K(130880K), 0.0006720 secs]
391.967: [GC (Allocation Failure) 121373K->8119K(126080K), 0.0006290 secs]
392.022: [GC (Allocation Failure) 116586K->8119K(121408K), 0.0005510 secs]
392.078: [GC (Allocation Failure) 111871K->8119K(116928K), 0.0007010 secs]
392.127: [GC (Allocation Failure) 107447K->8103K(136384K), 0.0006760 secs]
392.184: [GC (Allocation Failure) 126944K->8217K(131328K), 0.0005090 secs]
392.240: [GC (Allocation Failure) 121899K->8217K(126400K), 0.0005190 secs]
392.296: [GC (Allocation Failure) 117003K->8217K(121728K), 0.0005260 secs]
392.347: [GC (Allocation Failure) 112290K->8217K(117184K), 0.0005240 secs]
392.396: [GC (Allocation Failure) 107847K->8314K(113024K), 0.0006500 secs]
392.444: [GC (Allocation Failure) 103678K->8298K(131904K), 0.0009100 secs]
392.501: [GC (Allocation Failure) 122599K->8314K(154432K), 0.0005260 secs]
392.565: [GC (Allocation Failure) 145133K->8314K(181312K), 0.0004920 secs]
392.649: [GC (Allocation Failure) 172065K->8412K(173952K), 0.0005250 secs]
392.730: [GC (Allocation Failure) 164671K->8412K(166912K), 0.0006170 secs]
392.802: [GC (Allocation Failure) 157713K->8412K(160192K), 0.0005260 secs]
392.873: [GC (Allocation Failure) 150923K->8412K(153728K), 0.0004870 secs]
392.940: [GC (Allocation Failure) 144529K->8510K(147712K), 0.0005220 secs]
393.006: [GC (Allocation Failure) 138531K->8510K(141952K), 0.0004800 secs]
393.068: [GC (Allocation Failure) 132827K->8510K(136512K), 0.0005440 secs]
393.125: [GC (Allocation Failure) 127416K->8510K(131264K), 0.0004900 secs]
393.183: [GC (Allocation Failure) 122191K->8607K(126400K), 0.0006610 secs]
393.237: [GC (Allocation Failure) 117402K->8607K(121728K), 0.0004840 secs]
393.286: [GC (Allocation Failure) 112683K->8607K(117248K), 0.0005310 secs]
393.334: [GC (Allocation Failure) 108254K->8607K(112960K), 0.0004880 secs]
393.380: [GC (Allocation Failure) 104021K->8705K(108992K), 0.0005240 secs]
393.423: [GC (Allocation Failure) 100091K->8705K(105152K), 0.0004850 secs]
393.466: [GC (Allocation Failure) 96236K->8705K(122432K), 0.0006670 secs]
393.520: [GC (Allocation Failure) 113465K->8705K(143040K), 0.0006210 secs]
393.585: [GC (Allocation Failure) 134191K->8787K(167808K), 0.0006930 secs]
393.658: [GC (Allocation Failure) 158897K->8803K(161088K), 0.0006040 secs]
393.729: [GC (Allocation Failure) 152225K->8803K(154688K), 0.0006600 secs]
393.796: [GC (Allocation Failure) 145825K->8803K(148544K), 0.0005150 secs]
393.858: [GC (Allocation Failure) 139724K->8900K(142784K), 0.0005080 secs]
393.920: [GC (Allocation Failure) 134021K->8900K(137280K), 0.0006210 secs]
393.979: [GC (Allocation Failure) 128515K->8884K(132032K), 0.0007010 secs]
394.036: [GC (Allocation Failure) 123294K->8900K(126976K), 0.0006580 secs]
394.092: [GC (Allocation Failure) 118283K->8998K(122304K), 0.0005360 secs]
394.145: [GC (Allocation Failure) 113653K->8998K(117824K), 0.0004930 secs]
394.195: [GC (Allocation Failure) 109127K->8998K(113536K), 0.0005250 secs]
394.241: [GC (Allocation Failure) 104912K->8998K(109376K), 0.0004960 secs]
394.287: [GC (Allocation Failure) 100784K->9096K(105600K), 0.0005250 secs]
394.329: [GC (Allocation Failure) 97035K->9096K(101888K), 0.0004880 secs]
394.369: [GC (Allocation Failure) 93298K->9096K(118528K), 0.0005140 secs]
394.419: [GC (Allocation Failure) 109984K->9096K(138368K), 0.0006210 secs]
394.479: [GC (Allocation Failure) 129875K->9194K(133120K), 0.0005270 secs]
394.533: [GC (Allocation Failure) 124667K->9194K(128064K), 0.0004880 secs]
394.588: [GC (Allocation Failure) 119570K->9194K(123264K), 0.0006430 secs]
394.641: [GC (Allocation Failure) 114841K->9194K(118656K), 0.0004880 secs]
394.692: [GC (Allocation Failure) 110296K->9291K(114368K), 0.0005330 secs]
394.738: [GC (Allocation Failure) 105974K->9291K(110272K), 0.0005470 secs]
394.786: [GC (Allocation Failure) 101946K->9291K(106368K), 0.0005140 secs]
394.830: [GC (Allocation Failure) 98013K->9291K(123776K), 0.0005310 secs]
394.881: [GC (Allocation Failure) 115525K->9389K(119232K), 0.0005240 secs]
394.929: [GC (Allocation Failure) 111001K->9389K(114880K), 0.0004900 secs]
394.975: [GC (Allocation Failure) 106587K->9389K(110720K), 0.0005430 secs]
395.021: [GC (Allocation Failure) 102473K->9389K(106752K), 0.0004940 secs]
395.067: [GC (Allocation Failure) 98579K->9487K(124416K), 0.0006550 secs]
395.119: [GC (Allocation Failure) 116219K->9471K(145472K), 0.0006570 secs]
395.184: [GC (Allocation Failure) 137326K->9487K(170624K), 0.0006070 secs]
395.260: [GC (Allocation Failure) 162435K->9487K(163648K), 0.0004910 secs]
395.334: [GC (Allocation Failure) 155565K->9584K(157184K), 0.0005280 secs]
395.400: [GC (Allocation Failure) 149113K->9584K(150976K), 0.0005600 secs]
395.467: [GC (Allocation Failure) 142946K->9584K(145088K), 0.0005450 secs]
395.528: [GC (Allocation Failure) 137056K->9584K(139392K), 0.0004940 secs]
395.589: [GC (Allocation Failure) 131357K->9682K(134080K), 0.0005300 secs]
395.647: [GC (Allocation Failure) 126149K->9682K(129024K), 0.0005230 secs]
395.701: [GC (Allocation Failure) 121030K->9682K(124160K), 0.0005390 secs]
395.754: [GC (Allocation Failure) 116211K->9682K(119488K), 0.0004860 secs]
395.803: [GC (Allocation Failure) 111581K->9780K(115200K), 0.0005320 secs]
395.851: [GC (Allocation Failure) 107335K->9780K(111040K), 0.0006180 secs]
395.898: [GC (Allocation Failure) 103155K->9780K(107072K), 0.0005290 secs]
395.944: [GC (Allocation Failure) 99195K->9780K(103232K), 0.0004990 secs]
395.984: [GC (Allocation Failure) 95450K->9877K(120192K), 0.0005550 secs]
396.033: [GC (Allocation Failure) 112380K->9877K(140416K), 0.0004960 secs]
396.092: [GC (Allocation Failure) 132639K->9877K(135040K), 0.0005420 secs]
396.151: [GC (Allocation Failure) 127298K->9877K(129856K), 0.0004930 secs]
396.207: [GC (Allocation Failure) 122105K->9975K(125056K), 0.0005360 secs]
396.258: [GC (Allocation Failure) 117395K->9975K(120448K), 0.0004960 secs]
396.307: [GC (Allocation Failure) 112767K->9975K(116032K), 0.0005440 secs]
396.358: [GC (Allocation Failure) 108396K->9975K(111744K), 0.0006220 secs]
396.403: [GC (Allocation Failure) 104098K->10073K(130368K), 0.0006310 secs]
396.461: [GC (Allocation Failure) 122811K->10073K(152576K), 0.0006180 secs]
396.531: [GC (Allocation Failure) 145030K->10073K(146560K), 0.0006890 secs]
396.594: [GC (Allocation Failure) 138946K->10073K(140800K), 0.0004720 secs]
396.656: [GC (Allocation Failure) 133323K->10170K(135424K), 0.0005200 secs]
396.715: [GC (Allocation Failure) 127914K->10170K(130304K), 0.0004940 secs]
396.768: [GC (Allocation Failure) 122802K->10170K(125440K), 0.0005450 secs]
396.820: [GC (Allocation Failure) 117977K->10170K(120704K), 0.0004930 secs]
396.869: [GC (Allocation Failure) 113257K->10268K(116352K), 0.0005300 secs]
396.916: [GC (Allocation Failure) 108930K->10268K(112128K), 0.0004950 secs]
396.962: [GC (Allocation Failure) 104796K->10268K(130752K), 0.0006820 secs]
397.022: [GC (Allocation Failure) 123347K->10268K(152960K), 0.0006180 secs]
397.091: [GC (Allocation Failure) 145645K->10350K(179712K), 0.0007570 secs]
397.171: [GC (Allocation Failure) 172416K->10366K(172352K), 0.0005580 secs]
397.249: [GC (Allocation Failure) 165081K->10366K(165376K), 0.0006920 secs]
397.322: [GC (Allocation Failure) 158119K->10366K(158656K), 0.0004980 secs]
397.390: [GC (Allocation Failure) 151428K->10463K(152448K), 0.0005340 secs]
397.454: [GC (Allocation Failure) 145225K->10463K(146432K), 0.0004890 secs]
397.517: [GC (Allocation Failure) 139199K->10463K(140736K), 0.0005430 secs]
397.576: [GC (Allocation Failure) 133516K->10463K(135232K), 0.0005010 secs]
397.635: [GC (Allocation Failure) 128096K->10561K(130176K), 0.0005820 secs]
397.689: [GC (Allocation Failure) 123098K->10561K(125312K), 0.0004980 secs]
397.742: [GC (Allocation Failure) 118245K->10561K(120640K), 0.0005960 secs]
397.794: [GC (Allocation Failure) 113537K->10545K(140800K), 0.0009840 secs]
397.854: [GC (Allocation Failure) 133819K->10659K(165184K), 0.0005260 secs]
397.926: [GC (Allocation Failure) 158163K->10659K(158592K), 0.0005360 secs]
397.995: [GC (Allocation Failure) 151622K->10659K(152320K), 0.0005470 secs]
398.062: [GC (Allocation Failure) 145299K->10659K(146304K), 0.0006280 secs]
398.128: [GC (Allocation Failure) 139380K->10756K(140672K), 0.0007330 secs]
398.189: [GC (Allocation Failure) 133819K->10756K(135296K), 0.0004990 secs]
398.248: [GC (Allocation Failure) 128385K->10756K(130176K), 0.0005470 secs]
398.306: [GC (Allocation Failure) 123282K->10756K(125248K), 0.0005050 secs]
398.357: [GC (Allocation Failure) 118463K->10854K(120640K), 0.0005330 secs]
398.410: [GC (Allocation Failure) 113811K->10838K(116224K), 0.0006860 secs]
398.463: [GC (Allocation Failure) 109398K->10838K(135744K), 0.0010080 secs]
398.521: [GC (Allocation Failure) 128975K->10854K(158976K), 0.0005010 secs]
398.591: [GC (Allocation Failure) 152199K->10952K(152704K), 0.0005350 secs]
398.655: [GC (Allocation Failure) 146011K->10952K(146688K), 0.0005150 secs]
398.720: [GC (Allocation Failure) 140008K->10952K(140992K), 0.0005470 secs]
398.778: [GC (Allocation Failure) 134293K->10952K(135488K), 0.0004970 secs]
398.844: [GC (Allocation Failure) 128894K->11033K(130368K), 0.0010080 secs]
398.901: [GC (Allocation Failure) 123758K->11049K(125440K), 0.0004990 secs]
398.953: [GC (Allocation Failure) 118854K->11049K(120768K), 0.0005420 secs]
399.006: [GC (Allocation Failure) 114217K->11049K(116288K), 0.0005090 secs]
399.055: [GC (Allocation Failure) 109778K->11131K(135808K), 0.0008440 secs]
399.115: [GC (Allocation Failure) 129248K->11147K(159104K), 0.0005590 secs]
399.185: [GC (Allocation Failure) 152592K->11147K(152768K), 0.0005920 secs]
399.251: [GC (Allocation Failure) 146296K->11147K(146688K), 0.0005050 secs]
399.317: [GC (Allocation Failure) 140293K->11245K(141056K), 0.0005420 secs]
399.376: [GC (Allocation Failure) 134691K->11245K(135616K), 0.0004990 secs]
399.435: [GC (Allocation Failure) 129185K->11245K(130432K), 0.0005370 secs]
399.491: [GC (Allocation Failure) 123982K->11245K(125440K), 0.0005530 secs]
399.546: [GC (Allocation Failure) 119134K->11342K(120832K), 0.0005450 secs]
399.597: [GC (Allocation Failure) 114499K->11342K(116416K), 0.0006480 secs]
399.648: [GC (Allocation Failure) 110098K->11342K(112192K), 0.0005540 secs]
399.696: [GC (Allocation Failure) 105876K->11326K(130752K), 0.0010100 secs]
399.758: [GC (Allocation Failure) 124523K->11440K(153216K), 0.0006970 secs]
399.829: [GC (Allocation Failure) 146988K->11440K(179904K), 0.0006790 secs]
399.910: [GC (Allocation Failure) 173720K->11440K(172544K), 0.0007130 secs]
399.986: [GC (Allocation Failure) 166354K->11440K(165504K), 0.0006360 secs]
400.059: [GC (Allocation Failure) 159368K->11538K(158912K), 0.0005450 secs]
400.129: [GC (Allocation Failure) 152849K->11522K(152576K), 0.0009420 secs]
400.196: [GC (Allocation Failure) 146474K->11538K(146560K), 0.0005820 secs]
400.260: [GC (Allocation Failure) 140403K->11538K(140800K), 0.0006560 secs]
400.322: [GC (Allocation Failure) 134792K->11635K(135424K), 0.0005420 secs]
400.380: [GC (Allocation Failure) 129378K->11635K(130304K), 0.0005980 secs]
400.438: [GC (Allocation Failure) 124269K->11635K(125440K), 0.0005450 secs]
400.492: [GC (Allocation Failure) 119439K->11635K(120704K), 0.0005660 secs]
400.541: [GC (Allocation Failure) 114719K->11733K(116352K), 0.0005380 secs]
400.592: [GC (Allocation Failure) 110399K->11733K(112128K), 0.0005190 secs]
400.638: [GC (Allocation Failure) 106170K->11733K(108096K), 0.0005440 secs]
400.688: [GC (Allocation Failure) 102202K->11733K(104256K), 0.0005740 secs]
400.732: [GC (Allocation Failure) 98392K->11831K(121408K), 0.0005530 secs]
400.784: [GC (Allocation Failure) 115599K->11831K(141824K), 0.0005090 secs]
400.846: [GC (Allocation Failure) 135968K->11831K(136384K), 0.0005500 secs]
400.905: [GC (Allocation Failure) 130554K->11831K(131136K), 0.0005130 secs]
400.962: [GC (Allocation Failure) 125431K->11928K(126272K), 0.0005320 secs]
401.015: [GC (Allocation Failure) 120574K->11928K(121600K), 0.0006430 secs]
401.066: [GC (Allocation Failure) 115881K->11928K(117120K), 0.0005490 secs]
401.117: [GC (Allocation Failure) 111446K->11928K(112832K), 0.0005100 secs]
401.163: [GC (Allocation Failure) 107147K->12026K(108864K), 0.0005450 secs]
401.206: [GC (Allocation Failure) 103206K->12026K(126848K), 0.0005130 secs]
401.262: [GC (Allocation Failure) 121211K->12026K(122112K), 0.0005580 secs]
401.314: [GC (Allocation Failure) 116489K->12026K(117568K), 0.0005600 secs]
401.363: [GC (Allocation Failure) 111971K->12124K(113344K), 0.0005490 secs]
401.412: [GC (Allocation Failure) 107834K->12124K(109312K), 0.0005180 secs]
401.456: [GC (Allocation Failure) 103802K->12124K(127360K), 0.0005510 secs]
401.508: [GC (Allocation Failure) 121808K->12124K(122560K), 0.0005140 secs]
401.559: [GC (Allocation Failure) 117081K->12221K(118080K), 0.0005310 secs]
401.609: [GC (Allocation Failure) 112655K->12221K(137856K), 0.0006380 secs]
401.668: [GC (Allocation Failure) 132429K->12221K(132608K), 0.0005340 secs]
401.725: [GC (Allocation Failure) 127211K->12221K(127552K), 0.0005000 secs]
401.782: [GC (Allocation Failure) 122181K->12319K(122880K), 0.0005330 secs]
401.832: [GC (Allocation Failure) 117575K->12319K(118336K), 0.0005180 secs]
401.883: [GC (Allocation Failure) 113040K->12319K(114048K), 0.0005460 secs]
401.931: [GC (Allocation Failure) 108713K->12319K(109888K), 0.0005700 secs]
401.975: [GC (Allocation Failure) 104588K->12417K(128128K), 0.0005350 secs]
402.028: [GC (Allocation Failure) 122882K->12417K(123328K), 0.0005030 secs]
402.079: [GC (Allocation Failure) 118115K->12417K(118784K), 0.0005560 secs]
402.127: [GC (Allocation Failure) 113556K->12401K(138624K), 0.0007760 secs]
402.188: [GC (Allocation Failure) 133495K->12514K(162624K), 0.0006000 secs]
402.257: [GC (Allocation Failure) 157447K->12514K(181632K), 0.0007080 secs]
402.340: [GC (Allocation Failure) 176470K->12514K(174144K), 0.0005770 secs]
402.415: [GC (Allocation Failure) 169012K->12514K(166912K), 0.0005470 secs]
402.488: [GC (Allocation Failure) 162007K->12710K(160512K), 0.0005280 secs]
402.559: [GC (Allocation Failure) 155483K->12710K(153984K), 0.0006990 secs]
402.625: [GC (Allocation Failure) 149049K->12710K(147904K), 0.0005550 secs]
402.687: [GC (Allocation Failure) 142940K->12710K(142144K), 0.0005480 secs]
402.747: [GC (Allocation Failure) 137253K->12694K(136640K), 0.0007490 secs]
402.807: [GC (Allocation Failure) 131714K->12710K(131456K), 0.0005450 secs]
402.864: [GC (Allocation Failure) 126516K->12694K(126528K), 0.0007410 secs]
402.919: [GC (Allocation Failure) 121591K->12710K(121728K), 0.0005090 secs]
402.968: [GC (Allocation Failure) 116879K->12807K(117312K), 0.0005500 secs]
403.016: [GC (Allocation Failure) 112422K->12807K(113024K), 0.0005810 secs]
403.064: [GC (Allocation Failure) 108193K->12791K(131904K), 0.0007690 secs]
403.122: [GC (Allocation Failure) 127095K->12807K(154368K), 0.0005180 secs]
403.187: [GC (Allocation Failure) 149639K->12905K(148352K), 0.0005520 secs]
403.249: [GC (Allocation Failure) 143627K->12905K(142592K), 0.0005130 secs]
403.308: [GC (Allocation Failure) 137828K->12905K(137088K), 0.0005760 secs]
403.369: [GC (Allocation Failure) 132376K->12905K(131776K), 0.0006530 secs]
403.426: [GC (Allocation Failure) 127101K->13003K(126848K), 0.0005540 secs]
403.481: [GC (Allocation Failure) 122161K->13003K(122112K), 0.0005220 secs]
403.533: [GC (Allocation Failure) 117460K->13003K(117632K), 0.0005530 secs]
403.584: [GC (Allocation Failure) 113034K->13003K(113280K), 0.0005870 secs]
403.631: [GC (Allocation Failure) 108721K->13100K(109312K), 0.0005510 secs]
403.677: [GC (Allocation Failure) 104781K->13100K(127360K), 0.0005130 secs]
403.732: [GC (Allocation Failure) 122784K->13100K(122624K), 0.0006360 secs]
403.785: [GC (Allocation Failure) 118056K->13100K(118016K), 0.0005140 secs]
403.835: [GC (Allocation Failure) 113523K->13198K(113792K), 0.0005580 secs]
403.880: [GC (Allocation Failure) 109307K->13198K(132736K), 0.0005330 secs]
403.935: [GC (Allocation Failure) 128290K->13198K(127744K), 0.0005610 secs]
403.991: [GC (Allocation Failure) 123255K->13198K(149376K), 0.0006560 secs]
404.057: [GC (Allocation Failure) 144974K->13296K(143616K), 0.0006160 secs]
404.125: [GC (Allocation Failure) 139296K->13296K(138048K), 0.0006650 secs]
404.184: [GC (Allocation Failure) 133696K->13296K(132800K), 0.0005680 secs]
404.242: [GC (Allocation Failure) 128449K->13280K(155328K), 0.0010390 secs]
404.310: [GC (Allocation Failure) 151090K->13393K(178496K), 0.0005580 secs]
404.392: [GC (Allocation Failure) 174223K->13491K(171136K), 0.0007450 secs]
404.465: [GC (Allocation Failure) 167010K->13491K(164224K), 0.0007820 secs]
404.539: [GC (Allocation Failure) 160053K->13491K(157568K), 0.0006020 secs]
404.607: [GC (Allocation Failure) 153446K->13589K(151360K), 0.0005580 secs]
404.671: [GC (Allocation Failure) 147267K->13589K(145408K), 0.0005210 secs]
404.735: [GC (Allocation Failure) 141357K->13589K(139776K), 0.0005720 secs]
404.795: [GC (Allocation Failure) 135752K->13589K(134336K), 0.0005220 secs]
404.851: [GC (Allocation Failure) 130356K->13686K(129280K), 0.0005540 secs]
404.907: [GC (Allocation Failure) 125319K->13686K(124416K), 0.0005170 secs]
404.958: [GC (Allocation Failure) 120412K->13686K(119808K), 0.0005700 secs]
405.009: [GC (Allocation Failure) 115867K->13686K(115392K), 0.0005180 secs]
405.057: [GC (Allocation Failure) 111504K->13784K(111296K), 0.0005790 secs]
405.102: [GC (Allocation Failure) 107415K->13784K(107328K), 0.0005180 secs]
405.147: [GC (Allocation Failure) 103494K->13784K(125056K), 0.0007380 secs]
405.200: [GC (Allocation Failure) 121209K->13784K(146176K), 0.0005250 secs]
405.263: [GC (Allocation Failure) 142424K->13882K(171520K), 0.0006400 secs]
405.340: [GC (Allocation Failure) 167724K->13882K(164608K), 0.0006950 secs]
405.414: [GC (Allocation Failure) 160825K->13882K(158016K), 0.0007180 secs]
405.484: [GC (Allocation Failure) 154221K->13882K(151680K), 0.0004610 secs]
405.549: [GC (Allocation Failure) 147957K->13979K(145792K), 0.0005530 secs]
405.613: [GC (Allocation Failure) 142163K->13979K(140160K), 0.0005230 secs]
405.672: [GC (Allocation Failure) 136447K->13979K(134784K), 0.0005730 secs]
405.728: [GC (Allocation Failure) 131138K->13979K(129600K), 0.0005200 secs]
405.784: [GC (Allocation Failure) 126019K->14077K(124800K), 0.0008630 secs]
405.836: [GC (Allocation Failure) 121271K->14077K(145856K), 0.0006110 secs]
405.901: [GC (Allocation Failure) 142326K->14077K(140224K), 0.0005820 secs]
405.962: [GC (Allocation Failure) 136635K->14077K(134784K), 0.0005320 secs]
406.018: [GC (Allocation Failure) 131245K->14175K(157952K), 0.0007880 secs]
406.086: [GC (Allocation Failure) 154430K->14175K(151680K), 0.0005200 secs]
406.153: [GC (Allocation Failure) 148237K->14175K(145728K), 0.0005770 secs]
406.217: [GC (Allocation Failure) 142265K->14175K(140032K), 0.0005690 secs]
406.278: [GC (Allocation Failure) 136629K->14272K(134720K), 0.0005710 secs]
406.336: [GC (Allocation Failure) 131349K->14272K(129600K), 0.0005280 secs]
406.390: [GC (Allocation Failure) 126271K->14272K(124736K), 0.0007430 secs]
406.443: [GC (Allocation Failure) 121395K->14272K(120064K), 0.0005240 secs]
406.494: [GC (Allocation Failure) 116745K->14370K(115712K), 0.0005660 secs]
406.541: [GC (Allocation Failure) 112440K->14354K(135040K), 0.0007240 secs]
406.597: [GC (Allocation Failure) 131708K->14370K(158144K), 0.0005740 secs]
406.666: [GC (Allocation Failure) 154825K->14370K(151808K), 0.0005230 secs]
406.734: [GC (Allocation Failure) 148604K->14468K(145920K), 0.0005700 secs]
406.801: [GC (Allocation Failure) 142711K->14468K(140224K), 0.0005320 secs]
406.860: [GC (Allocation Failure) 137031K->14468K(134848K), 0.0005940 secs]
406.917: [GC (Allocation Failure) 131620K->14468K(129664K), 0.0005250 secs]
406.971: [GC (Allocation Failure) 126511K->14565K(124864K), 0.0005540 secs]
407.023: [GC (Allocation Failure) 121761K->14565K(120256K), 0.0005320 secs]
407.075: [GC (Allocation Failure) 117221K->14565K(140480K), 0.0007570 secs]
407.140: [GC (Allocation Failure) 137378K->14549K(164544K), 0.0008640 secs]
407.213: [GC (Allocation Failure) 161592K->14663K(158080K), 0.0005550 secs]
407.280: [GC (Allocation Failure) 155131K->14663K(151808K), 0.0005970 secs]
407.349: [GC (Allocation Failure) 148832K->14663K(145856K), 0.0005760 secs]
407.414: [GC (Allocation Failure) 142832K->14663K(140160K), 0.0006720 secs]
407.474: [GC (Allocation Failure) 137217K->14761K(134848K), 0.0005750 secs]
407.530: [GC (Allocation Failure) 132004K->14761K(129728K), 0.0005290 secs]
407.590: [GC (Allocation Failure) 126886K->14761K(124864K), 0.0007620 secs]
407.643: [GC (Allocation Failure) 121980K->14761K(120192K), 0.0005270 secs]
407.695: [GC (Allocation Failure) 117336K->14858K(115840K), 0.0005620 secs]
407.744: [GC (Allocation Failure) 113027K->14858K(111680K), 0.0005270 secs]
407.791: [GC (Allocation Failure) 108896K->14858K(107712K), 0.0005660 secs]
407.834: [GC (Allocation Failure) 104938K->14858K(125376K), 0.0005390 secs]
407.886: [GC (Allocation Failure) 122639K->15054K(146752K), 0.0014880 secs]
407.952: [GC (Allocation Failure) 144169K->15054K(172288K), 0.0005340 secs]
408.027: [GC (Allocation Failure) 169681K->15054K(177728K), 0.0006030 secs]
408.107: [GC (Allocation Failure) 175084K->15054K(202880K), 0.0005690 secs]
408.211: [GC (Allocation Failure) 200264K->15054K(194304K), 0.0005660 secs]
408.300: [GC (Allocation Failure) 191687K->15054K(186048K), 0.0005670 secs]
408.381: [GC (Allocation Failure) 183630K->15249K(178688K), 0.0005300 secs]
408.462: [GC (Allocation Failure) 176157K->15249K(171264K), 0.0007150 secs]
408.540: [GC (Allocation Failure) 168897K->15249K(164352K), 0.0005730 secs]
408.612: [GC (Allocation Failure) 161909K->15249K(157760K), 0.0005500 secs]
408.681: [GC (Allocation Failure) 155322K->15249K(151488K), 0.0005730 secs]
408.752: [GC (Allocation Failure) 149121K->15249K(145472K), 0.0006980 secs]
408.816: [GC (Allocation Failure) 143131K->15347K(139904K), 0.0007570 secs]
408.878: [GC (Allocation Failure) 137620K->15347K(134528K), 0.0005820 secs]
408.934: [GC (Allocation Failure) 132222K->15347K(129408K), 0.0005680 secs]
408.992: [GC (Allocation Failure) 127153K->15347K(124480K), 0.0005740 secs]
409.046: [GC (Allocation Failure) 122264K->15445K(119936K), 0.0007870 secs]
409.103: [GC (Allocation Failure) 117711K->15429K(140160K), 0.0010610 secs]
409.168: [GC (Allocation Failure) 137954K->15445K(164288K), 0.0005840 secs]
409.242: [GC (Allocation Failure) 162090K->15445K(157632K), 0.0005350 secs]
409.311: [GC (Allocation Failure) 155519K->15542K(151424K), 0.0005690 secs]
409.374: [GC (Allocation Failure) 149303K->15542K(145472K), 0.0005380 secs]
409.438: [GC (Allocation Failure) 143318K->15542K(139840K), 0.0005700 secs]
409.500: [GC (Allocation Failure) 137764K->15526K(134336K), 0.0007730 secs]
409.563: [GC (Allocation Failure) 132368K->15624K(157504K), 0.0011250 secs]
409.633: [GC (Allocation Failure) 155439K->15640K(185088K), 0.0007190 secs]
409.716: [GC (Allocation Failure) 183034K->15640K(177472K), 0.0005760 secs]
409.792: [GC (Allocation Failure) 175478K->15640K(170176K), 0.0005350 secs]
409.868: [GC (Allocation Failure) 168201K->15738K(163392K), 0.0006250 secs]
409.938: [GC (Allocation Failure) 161507K->15738K(156864K), 0.0005360 secs]
410.008: [GC (Allocation Failure) 154992K->15738K(150656K), 0.0005800 secs]
410.071: [GC (Allocation Failure) 148734K->15738K(144704K), 0.0005360 secs]
410.134: [GC (Allocation Failure) 142817K->15835K(139136K), 0.0005710 secs]
410.195: [GC (Allocation Failure) 137313K->15835K(133824K), 0.0006760 secs]
410.253: [GC (Allocation Failure) 132005K->15835K(128768K), 0.0005700 secs]
410.310: [GC (Allocation Failure) 126942K->15819K(150592K), 0.0011170 secs]
410.377: [GC (Allocation Failure) 148919K->15933K(176896K), 0.0005710 secs]
410.453: [GC (Allocation Failure) 175182K->15933K(169728K), 0.0005480 secs]
410.525: [GC (Allocation Failure) 168027K->15917K(162880K), 0.0007890 secs]
410.595: [GC (Allocation Failure) 161107K->15933K(156288K), 0.0005960 secs]
410.662: [GC (Allocation Failure) 154647K->16031K(150144K), 0.0005510 secs]
410.726: [GC (Allocation Failure) 148508K->16031K(144256K), 0.0005400 secs]
410.786: [GC (Allocation Failure) 142619K->16031K(138688K), 0.0005770 secs]
410.846: [GC (Allocation Failure) 137103K->16031K(133312K), 0.0005400 secs]
410.909: [GC (Allocation Failure) 131785K->16128K(128320K), 0.0006440 secs]
410.962: [GC (Allocation Failure) 126791K->16128K(123520K), 0.0005390 secs]
411.018: [GC (Allocation Failure) 122043K->16128K(118976K), 0.0007410 secs]
411.069: [GC (Allocation Failure) 117419K->16128K(138880K), 0.0006970 secs]
411.132: [GC (Allocation Failure) 137408K->16226K(162880K), 0.0007340 secs]
411.202: [GC (Allocation Failure) 161416K->16226K(156352K), 0.0005290 secs]
411.268: [GC (Allocation Failure) 154926K->16226K(150144K), 0.0005580 secs]
411.335: [GC (Allocation Failure) 148701K->16226K(144192K), 0.0005370 secs]
411.397: [GC (Allocation Failure) 142803K->16324K(138688K), 0.0005760 secs]
411.456: [GC (Allocation Failure) 137315K->16324K(133376K), 0.0006960 secs]
411.514: [GC (Allocation Failure) 132048K->16324K(128320K), 0.0005860 secs]
411.566: [GC (Allocation Failure) 126967K->16324K(123456K), 0.0005420 secs]
411.620: [GC (Allocation Failure) 122151K->16421K(118976K), 0.0005830 secs]
411.668: [GC (Allocation Failure) 117751K->16421K(114624K), 0.0005460 secs]
411.714: [GC (Allocation Failure) 113412K->16421K(133760K), 0.0005780 secs]
411.770: [GC (Allocation Failure) 132496K->16421K(128640K), 0.0005390 secs]
411.822: [GC (Allocation Failure) 127476K->16519K(123904K), 0.0005770 secs]
411.878: [GC (Allocation Failure) 122728K->16503K(144896K), 0.0010890 secs]
411.944: [GC (Allocation Failure) 143764K->16519K(169984K), 0.0005920 secs]
412.017: [GC (Allocation Failure) 168884K->16519K(197696K), 0.0007370 secs]
412.113: [GC (Allocation Failure) 196628K->16617K(189504K), 0.0005820 secs]
412.195: [GC (Allocation Failure) 188447K->16601K(181568K), 0.0008020 secs]
412.280: [GC (Allocation Failure) 180667K->16714K(174272K), 0.0007620 secs]
412.358: [GC (Allocation Failure) 173318K->16714K(167232K), 0.0007360 secs]
412.434: [GC (Allocation Failure) 166322K->16714K(160512K), 0.0005810 secs]
412.509: [GC (Allocation Failure) 159606K->16714K(154048K), 0.0007060 secs]
412.577: [GC (Allocation Failure) 153151K->16812K(148032K), 0.0005720 secs]
412.642: [GC (Allocation Failure) 147220K->16812K(142272K), 0.0005430 secs]
412.705: [GC (Allocation Failure) 141410K->16812K(136768K), 0.0005820 secs]
412.765: [GC (Allocation Failure) 135927K->16812K(131520K), 0.0007010 secs]
412.821: [GC (Allocation Failure) 130705K->16910K(126656K), 0.0005740 secs]
412.875: [GC (Allocation Failure) 125894K->16910K(121920K), 0.0005420 secs]
412.928: [GC (Allocation Failure) 121178K->16910K(117440K), 0.0005740 secs]
412.976: [GC (Allocation Failure) 116654K->16910K(137024K), 0.0007230 secs]
413.039: [GC (Allocation Failure) 136303K->16991K(160640K), 0.0008040 secs]
413.110: [GC (Allocation Failure) 159954K->17007K(154240K), 0.0005340 secs]
413.178: [GC (Allocation Failure) 153644K->17007K(148160K), 0.0005820 secs]
413.243: [GC (Allocation Failure) 147523K->17007K(142336K), 0.0005430 secs]
413.302: [GC (Allocation Failure) 141735K->17105K(136896K), 0.0005740 secs]
413.359: [GC (Allocation Failure) 136324K->17105K(131648K), 0.0005470 secs]
413.416: [GC (Allocation Failure) 131094K->17105K(126656K), 0.0005820 secs]
413.468: [GC (Allocation Failure) 126104K->17105K(121856K), 0.0006110 secs]
413.519: [GC (Allocation Failure) 121359K->17203K(117440K), 0.0005790 secs]
413.567: [GC (Allocation Failure) 116953K->17203K(137088K), 0.0005980 secs]
413.628: [GC (Allocation Failure) 136611K->17203K(160640K), 0.0008010 secs]
413.702: [GC (Allocation Failure) 160235K->17203K(154176K), 0.0006230 secs]
413.773: [GC (Allocation Failure) 153831K->17300K(148160K), 0.0007720 secs]
413.840: [GC (Allocation Failure) 147817K->17300K(142400K), 0.0005560 secs]
413.905: [GC (Allocation Failure) 142089K->17300K(136896K), 0.0007510 secs]
413.967: [GC (Allocation Failure) 136516K->17300K(131584K), 0.0005360 secs]
413.967: [Full GC (Ergonomics) 17300K->847K(131456K), 0.0064910 secs]
414.027: [GC (Allocation Failure) 114857K->1075K(126528K), 0.0004830 secs]
414.081: [GC (Allocation Failure) 110064K->1075K(121792K), 0.0005370 secs]
414.131: [GC (Allocation Failure) 105338K->1075K(117312K), 0.0004710 secs]
414.180: [GC (Allocation Failure) 100904K->1075K(112960K), 0.0005500 secs]
414.229: [GC (Allocation Failure) 96568K->1172K(108992K), 0.0005250 secs]
414.274: [GC (Allocation Failure) 92633K->1172K(105152K), 0.0004350 secs]
414.317: [GC (Allocation Failure) 88813K->1156K(122432K), 0.0007880 secs]
414.371: [GC (Allocation Failure) 106088K->1172K(143040K), 0.0004380 secs]
414.435: [GC (Allocation Failure) 126784K->1270K(137600K), 0.0005710 secs]
414.493: [GC (Allocation Failure) 121369K->1270K(132352K), 0.0004370 secs]
414.548: [GC (Allocation Failure) 116150K->1270K(127360K), 0.0004750 secs]
414.603: [GC (Allocation Failure) 111144K->1270K(122560K), 0.0004550 secs]
414.654: [GC (Allocation Failure) 106409K->1368K(118080K), 0.0004710 secs]
414.701: [GC (Allocation Failure) 101894K->1368K(113792K), 0.0004290 secs]
414.747: [GC (Allocation Failure) 97663K->1368K(109696K), 0.0004750 secs]
414.791: [GC (Allocation Failure) 93531K->1368K(105728K), 0.0004330 secs]
414.837: [GC (Allocation Failure) 89679K->1465K(102080K), 0.0005710 secs]
414.883: [GC (Allocation Failure) 86051K->1465K(98560K), 0.0004370 secs]
414.921: [GC (Allocation Failure) 82521K->1465K(95232K), 0.0004750 secs]
414.959: [GC (Allocation Failure) 79175K->1465K(91968K), 0.0004360 secs]
414.995: [GC (Allocation Failure) 76005K->1563K(106688K), 0.0004860 secs]
415.041: [GC (Allocation Failure) 90774K->1563K(124224K), 0.0004800 secs]
415.096: [GC (Allocation Failure) 108264K->1563K(145216K), 0.0006100 secs]
415.158: [GC (Allocation Failure) 129232K->1563K(139520K), 0.0004370 secs]
415.219: [GC (Allocation Failure) 123632K->1661K(134208K), 0.0004700 secs]
415.276: [GC (Allocation Failure) 118304K->1661K(129088K), 0.0004660 secs]
415.331: [GC (Allocation Failure) 113210K->1661K(124224K), 0.0004870 secs]
415.385: [GC (Allocation Failure) 108392K->1661K(119552K), 0.0004340 secs]
415.433: [GC (Allocation Failure) 103768K->1758K(115264K), 0.0004680 secs]
415.483: [GC (Allocation Failure) 99532K->1758K(111104K), 0.0004610 secs]
415.530: [GC (Allocation Failure) 95307K->1758K(107136K), 0.0005170 secs]
415.573: [GC (Allocation Failure) 91371K->1758K(103296K), 0.0004640 secs]
415.617: [GC (Allocation Failure) 87637K->1856K(99776K), 0.0005830 secs]
415.658: [GC (Allocation Failure) 84093K->1856K(96384K), 0.0004390 secs]
415.698: [GC (Allocation Failure) 80747K->1856K(111936K), 0.0005760 secs]
415.744: [GC (Allocation Failure) 96287K->1856K(130496K), 0.0005560 secs]
415.803: [GC (Allocation Failure) 114863K->1954K(152832K), 0.0005790 secs]
415.871: [GC (Allocation Failure) 137304K->1954K(146816K), 0.0004420 secs]
415.935: [GC (Allocation Failure) 131205K->1954K(141120K), 0.0004920 secs]
415.994: [GC (Allocation Failure) 125515K->1954K(135616K), 0.0005340 secs]
416.051: [GC (Allocation Failure) 120101K->2051K(130496K), 0.0004750 secs]
416.108: [GC (Allocation Failure) 115072K->2051K(125568K), 0.0004330 secs]
416.160: [GC (Allocation Failure) 110059K->2051K(120896K), 0.0004840 secs]
416.213: [GC (Allocation Failure) 105387K->2051K(116416K), 0.0004410 secs]
416.260: [GC (Allocation Failure) 101004K->2149K(112256K), 0.0005060 secs]
416.308: [GC (Allocation Failure) 96865K->2133K(108224K), 0.0005670 secs]
416.351: [GC (Allocation Failure) 92831K->2149K(104384K), 0.0004880 secs]
416.394: [GC (Allocation Failure) 89009K->2149K(100672K), 0.0005280 secs]
416.436: [GC (Allocation Failure) 85363K->2247K(97280K), 0.0004760 secs]
416.474: [GC (Allocation Failure) 82019K->2247K(113024K), 0.0004410 secs]
416.519: [GC (Allocation Failure) 97777K->2247K(108992K), 0.0004790 secs]
416.568: [GC (Allocation Failure) 93726K->2247K(126976K), 0.0007780 secs]
416.625: [GC (Allocation Failure) 111802K->2344K(148608K), 0.0004850 secs]
416.690: [GC (Allocation Failure) 133470K->2344K(142784K), 0.0004420 secs]
416.754: [GC (Allocation Failure) 127628K->2344K(137280K), 0.0004870 secs]
416.815: [GC (Allocation Failure) 122112K->2344K(131968K), 0.0004370 secs]
416.870: [GC (Allocation Failure) 116835K->2442K(127040K), 0.0004800 secs]
416.926: [GC (Allocation Failure) 112006K->2442K(122304K), 0.0005280 secs]
416.978: [GC (Allocation Failure) 107274K->2442K(117824K), 0.0004970 secs]
417.029: [GC (Allocation Failure) 102756K->2442K(113472K), 0.0004440 secs]
417.075: [GC (Allocation Failure) 98412K->2540K(109440K), 0.0004820 secs]
417.120: [GC (Allocation Failure) 94508K->2540K(105536K), 0.0004850 secs]
417.166: [GC (Allocation Failure) 90578K->2540K(101824K), 0.0004870 secs]
417.206: [GC (Allocation Failure) 86844K->2540K(118400K), 0.0007100 secs]
417.255: [GC (Allocation Failure) 103470K->2637K(138368K), 0.0004780 secs]
417.317: [GC (Allocation Failure) 123497K->2637K(133056K), 0.0004430 secs]
417.375: [GC (Allocation Failure) 118221K->2637K(128000K), 0.0004770 secs]
417.429: [GC (Allocation Failure) 113073K->2637K(123136K), 0.0004850 secs]
417.483: [GC (Allocation Failure) 108281K->2735K(118656K), 0.0004850 secs]
417.535: [GC (Allocation Failure) 103835K->2719K(114304K), 0.0005840 secs]
417.581: [GC (Allocation Failure) 99507K->2735K(110208K), 0.0004880 secs]
417.627: [GC (Allocation Failure) 95381K->2735K(106240K), 0.0004520 secs]
417.671: [GC (Allocation Failure) 91540K->2833K(102592K), 0.0004870 secs]
417.714: [GC (Allocation Failure) 87895K->2833K(99072K), 0.0004440 secs]
417.755: [GC (Allocation Failure) 84356K->2833K(95680K), 0.0004870 secs]
417.795: [GC (Allocation Failure) 81039K->2833K(92416K), 0.0004820 secs]
417.834: [GC (Allocation Failure) 77784K->2931K(107264K), 0.0005220 secs]
417.877: [GC (Allocation Failure) 92629K->2931K(124928K), 0.0004440 secs]
417.932: [GC (Allocation Failure) 110296K->2931K(120320K), 0.0004910 secs]
417.983: [GC (Allocation Failure) 105709K->2931K(115840K), 0.0004510 secs]
418.034: [GC (Allocation Failure) 101293K->3028K(111680K), 0.0004830 secs]
418.079: [GC (Allocation Failure) 97169K->3028K(107712K), 0.0004450 secs]
418.124: [GC (Allocation Failure) 93218K->3028K(103936K), 0.0005330 secs]
418.166: [GC (Allocation Failure) 89489K->3028K(100288K), 0.0004490 secs]
418.209: [GC (Allocation Failure) 85814K->3126K(116672K), 0.0005880 secs]
418.258: [GC (Allocation Failure) 102274K->3126K(112448K), 0.0004530 secs]
418.306: [GC (Allocation Failure) 98047K->3126K(108416K), 0.0005180 secs]
418.352: [GC (Allocation Failure) 93991K->3126K(104512K), 0.0004570 secs]
418.393: [GC (Allocation Failure) 90177K->3224K(100928K), 0.0004840 secs]
418.436: [GC (Allocation Failure) 86637K->3224K(117376K), 0.0005970 secs]
418.491: [GC (Allocation Failure) 103061K->3224K(137088K), 0.0006120 secs]
418.550: [GC (Allocation Failure) 122838K->3224K(131776K), 0.0004330 secs]
418.607: [GC (Allocation Failure) 117523K->3321K(126848K), 0.0004850 secs]
418.662: [GC (Allocation Failure) 112679K->3321K(122112K), 0.0004480 secs]
418.714: [GC (Allocation Failure) 107872K->3305K(117632K), 0.0007090 secs]
418.767: [GC (Allocation Failure) 103435K->3321K(113280K), 0.0005620 secs]
418.815: [GC (Allocation Failure) 99130K->3419K(109248K), 0.0004850 secs]
418.858: [GC (Allocation Failure) 95192K->3419K(105408K), 0.0004520 secs]
418.900: [GC (Allocation Failure) 91274K->3419K(101696K), 0.0005100 secs]
418.943: [GC (Allocation Failure) 87596K->3419K(118272K), 0.0004960 secs]
418.991: [GC (Allocation Failure) 104223K->3517K(114048K), 0.0005020 secs]
419.038: [GC (Allocation Failure) 100090K->3517K(109952K), 0.0004640 secs]
419.085: [GC (Allocation Failure) 95959K->3517K(106048K), 0.0005000 secs]
419.130: [GC (Allocation Failure) 92030K->3517K(102272K), 0.0004590 secs]
419.171: [GC (Allocation Failure) 88310K->3614K(98816K), 0.0004770 secs]
419.211: [GC (Allocation Failure) 84952K->3614K(114880K), 0.0005600 secs]
419.261: [GC (Allocation Failure) 100986K->3614K(134080K), 0.0004950 secs]
419.318: [GC (Allocation Failure) 120180K->3614K(128896K), 0.0005680 secs]
419.372: [GC (Allocation Failure) 115065K->3712K(124096K), 0.0005010 secs]
419.426: [GC (Allocation Failure) 110316K->3712K(119488K), 0.0005420 secs]
419.478: [GC (Allocation Failure) 105716K->3712K(115136K), 0.0004890 secs]
419.526: [GC (Allocation Failure) 101293K->3712K(110912K), 0.0004580 secs]
419.575: [GC (Allocation Failure) 97160K->3810K(107008K), 0.0004880 secs]
419.620: [GC (Allocation Failure) 93317K->3810K(103232K), 0.0004530 secs]
419.663: [GC (Allocation Failure) 89494K->3810K(99648K), 0.0005390 secs]
419.702: [GC (Allocation Failure) 85949K->3810K(96192K), 0.0004560 secs]
419.741: [GC (Allocation Failure) 82504K->3907K(111808K), 0.0005220 secs]
419.787: [GC (Allocation Failure) 98150K->3907K(130368K), 0.0004580 secs]
419.845: [GC (Allocation Failure) 116742K->3891K(152640K), 0.0008420 secs]
419.912: [GC (Allocation Failure) 139042K->3891K(179136K), 0.0007640 secs]
419.995: [GC (Allocation Failure) 165683K->4005K(171968K), 0.0005910 secs]
420.073: [GC (Allocation Failure) 158411K->4005K(164992K), 0.0005900 secs]
420.148: [GC (Allocation Failure) 151433K->4005K(158400K), 0.0004980 secs]
420.215: [GC (Allocation Failure) 144866K->4005K(152064K), 0.0004510 secs]
420.284: [GC (Allocation Failure) 138577K->4103K(146176K), 0.0006030 secs]
420.346: [GC (Allocation Failure) 132794K->4103K(140480K), 0.0005510 secs]
420.407: [GC (Allocation Failure) 127043K->4103K(135104K), 0.0005650 secs]
420.466: [GC (Allocation Failure) 121729K->4087K(129856K), 0.0006230 secs]
420.523: [GC (Allocation Failure) 116581K->4200K(125120K), 0.0004990 secs]
420.576: [GC (Allocation Failure) 111771K->4200K(120448K), 0.0005400 secs]
420.629: [GC (Allocation Failure) 107086K->4200K(116032K), 0.0005310 secs]
420.679: [GC (Allocation Failure) 102710K->4200K(111744K), 0.0005800 secs]
420.728: [GC (Allocation Failure) 98448K->4298K(107840K), 0.0005210 secs]
420.771: [GC (Allocation Failure) 94600K->4298K(104064K), 0.0004530 secs]
420.814: [GC (Allocation Failure) 90839K->4298K(100416K), 0.0004950 secs]
420.855: [GC (Allocation Failure) 87187K->4298K(96896K), 0.0004630 secs]
420.896: [GC (Allocation Failure) 83764K->4396K(112640K), 0.0004950 secs]
420.941: [GC (Allocation Failure) 99524K->4380K(131392K), 0.0005860 secs]
420.996: [GC (Allocation Failure) 118270K->4396K(126464K), 0.0005120 secs]
421.048: [GC (Allocation Failure) 113361K->4396K(121664K), 0.0005260 secs]
421.100: [GC (Allocation Failure) 108577K->4477K(142272K), 0.0006630 secs]
421.164: [GC (Allocation Failure) 129239K->4493K(136768K), 0.0004680 secs]
421.221: [GC (Allocation Failure) 123705K->4477K(131520K), 0.0006450 secs]
421.276: [GC (Allocation Failure) 118490K->4493K(126464K), 0.0004440 secs]
421.330: [GC (Allocation Failure) 113482K->4591K(121792K), 0.0004940 secs]
421.382: [GC (Allocation Failure) 108859K->4591K(117312K), 0.0004850 secs]
421.433: [GC (Allocation Failure) 104402K->4591K(113024K), 0.0004990 secs]
421.479: [GC (Allocation Failure) 100098K->4591K(108928K), 0.0004620 secs]
421.528: [GC (Allocation Failure) 96050K->4689K(127040K), 0.0009070 secs]
421.582: [GC (Allocation Failure) 114171K->4689K(148608K), 0.0004560 secs]
421.647: [GC (Allocation Failure) 135791K->4689K(142784K), 0.0006240 secs]
421.708: [GC (Allocation Failure) 129920K->4689K(137216K), 0.0004550 secs]
421.768: [GC (Allocation Failure) 124407K->4786K(132032K), 0.0005450 secs]
421.826: [GC (Allocation Failure) 119284K->4786K(127040K), 0.0004610 secs]
421.881: [GC (Allocation Failure) 114269K->4770K(122304K), 0.0006410 secs]
421.931: [GC (Allocation Failure) 109528K->4786K(117760K), 0.0004540 secs]
421.983: [GC (Allocation Failure) 105125K->4884K(113536K), 0.0005320 secs]
422.030: [GC (Allocation Failure) 100879K->4884K(109440K), 0.0005620 secs]
422.076: [GC (Allocation Failure) 96852K->4884K(105536K), 0.0004980 secs]
422.124: [GC (Allocation Failure) 92913K->4884K(101760K), 0.0005810 secs]
422.165: [GC (Allocation Failure) 89181K->4966K(118464K), 0.0006350 secs]
422.217: [GC (Allocation Failure) 105862K->4982K(138368K), 0.0005480 secs]
422.275: [GC (Allocation Failure) 125781K->4966K(162176K), 0.0006440 secs]
422.348: [GC (Allocation Failure) 149605K->4966K(181952K), 0.0009010 secs]
422.432: [GC (Allocation Failure) 169414K->5079K(174528K), 0.0005080 secs]
422.508: [GC (Allocation Failure) 162078K->5079K(167232K), 0.0005230 secs]
422.583: [GC (Allocation Failure) 154977K->5275K(160704K), 0.0004960 secs]
422.651: [GC (Allocation Failure) 148476K->5275K(154304K), 0.0004900 secs]
422.721: [GC (Allocation Failure) 142042K->5275K(148224K), 0.0005050 secs]
422.784: [GC (Allocation Failure) 135971K->5275K(142464K), 0.0004900 secs]
422.843: [GC (Allocation Failure) 130181K->5275K(136960K), 0.0005080 secs]
422.903: [GC (Allocation Failure) 124675K->5275K(131712K), 0.0004910 secs]
422.959: [GC (Allocation Failure) 119471K->5275K(126720K), 0.0005600 secs]
423.016: [GC (Allocation Failure) 114438K->5275K(121984K), 0.0005510 secs]
423.067: [GC (Allocation Failure) 109694K->5275K(117504K), 0.0005050 secs]
423.117: [GC (Allocation Failure) 105219K->5259K(113088K), 0.0006310 secs]
423.166: [GC (Allocation Failure) 100967K->5372K(109120K), 0.0004740 secs]
423.212: [GC (Allocation Failure) 96956K->5372K(105280K), 0.0004930 secs]
423.255: [GC (Allocation Failure) 93114K->5372K(101632K), 0.0006250 secs]
423.296: [GC (Allocation Failure) 89477K->5372K(118144K), 0.0004590 secs]
423.346: [GC (Allocation Failure) 106103K->5470K(113920K), 0.0005420 secs]
423.393: [GC (Allocation Failure) 101873K->5470K(132928K), 0.0005690 secs]
423.452: [GC (Allocation Failure) 120857K->5470K(127872K), 0.0004830 secs]
423.507: [GC (Allocation Failure) 115832K->5470K(123008K), 0.0005800 secs]
423.562: [GC (Allocation Failure) 110995K->5568K(118528K), 0.0006190 secs]
423.615: [GC (Allocation Failure) 106590K->5568K(114176K), 0.0005680 secs]
423.663: [GC (Allocation Failure) 102268K->5568K(110080K), 0.0004960 secs]
423.707: [GC (Allocation Failure) 98120K->5568K(106112K), 0.0004730 secs]
423.752: [GC (Allocation Failure) 94210K->5665K(102464K), 0.0005550 secs]
423.797: [GC (Allocation Failure) 90560K->5665K(119232K), 0.0005760 secs]
423.848: [GC (Allocation Failure) 107378K->5665K(139264K), 0.0005120 secs]
423.907: [GC (Allocation Failure) 127411K->5665K(133824K), 0.0005710 secs]
423.968: [GC (Allocation Failure) 122017K->5763K(128832K), 0.0006680 secs]
424.025: [GC (Allocation Failure) 117087K->5763K(124032K), 0.0004650 secs]
424.078: [GC (Allocation Failure) 112276K->5763K(119424K), 0.0006320 secs]
424.129: [GC (Allocation Failure) 107679K->5763K(115008K), 0.0004580 secs]
424.178: [GC (Allocation Failure) 103328K->5861K(110912K), 0.0005040 secs]
424.222: [GC (Allocation Failure) 99204K->5861K(106944K), 0.0004620 secs]
424.269: [GC (Allocation Failure) 95279K->5861K(103168K), 0.0005160 secs]
424.309: [GC (Allocation Failure) 91541K->5861K(99520K), 0.0004630 secs]
424.351: [GC (Allocation Failure) 87901K->5942K(115776K), 0.0006490 secs]
424.400: [GC (Allocation Failure) 104219K->5958K(135168K), 0.0004670 secs]
424.457: [GC (Allocation Failure) 123596K->5958K(130048K), 0.0005550 secs]
424.511: [GC (Allocation Failure) 118497K->5958K(125120K), 0.0004650 secs]
424.565: [GC (Allocation Failure) 113670K->6056K(120512K), 0.0005030 secs]
424.614: [GC (Allocation Failure) 109045K->6056K(116096K), 0.0004640 secs]
424.662: [GC (Allocation Failure) 104618K->6056K(111872K), 0.0004910 secs]
424.708: [GC (Allocation Failure) 100377K->6056K(107840K), 0.0005310 secs]
424.754: [GC (Allocation Failure) 96428K->6158K(104128K), 0.0005160 secs]
424.795: [GC (Allocation Failure) 92797K->6158K(121216K), 0.0005950 secs]
424.849: [GC (Allocation Failure) 109826K->6158K(116736K), 0.0005160 secs]
424.899: [GC (Allocation Failure) 105385K->6158K(136256K), 0.0005830 secs]
424.961: [GC (Allocation Failure) 124995K->6255K(131136K), 0.0005060 secs]
425.015: [GC (Allocation Failure) 119856K->6239K(126208K), 0.0006070 secs]
425.072: [GC (Allocation Failure) 114905K->6239K(147648K), 0.0009120 secs]
425.137: [GC (Allocation Failure) 136341K->6239K(173120K), 0.0006560 secs]
425.214: [GC (Allocation Failure) 161932K->6353K(166208K), 0.0005020 secs]
425.289: [GC (Allocation Failure) 155071K->6353K(159552K), 0.0004950 secs]
425.360: [GC (Allocation Failure) 148385K->6353K(153216K), 0.0006290 secs]
425.430: [GC (Allocation Failure) 142095K->6353K(147136K), 0.0004730 secs]
425.495: [GC (Allocation Failure) 136077K->6451K(141440K), 0.0005130 secs]
425.557: [GC (Allocation Failure) 130373K->6451K(136000K), 0.0005720 secs]
425.616: [GC (Allocation Failure) 124979K->6451K(130816K), 0.0005120 secs]
425.673: [GC (Allocation Failure) 119767K->6435K(125760K), 0.0006570 secs]
425.725: [GC (Allocation Failure) 114830K->6548K(121216K), 0.0004990 secs]
425.775: [GC (Allocation Failure) 110216K->6532K(116736K), 0.0006540 secs]
425.825: [GC (Allocation Failure) 105766K->6548K(112512K), 0.0005510 secs]
425.874: [GC (Allocation Failure) 101564K->6548K(108416K), 0.0004620 secs]
425.918: [GC (Allocation Failure) 97532K->6646K(104640K), 0.0004300 secs]
425.961: [GC (Allocation Failure) 93796K->6646K(100992K), 0.0004600 secs]
426.001: [GC (Allocation Failure) 90157K->6646K(97536K), 0.0005170 secs]
426.039: [GC (Allocation Failure) 86685K->6646K(113280K), 0.0004690 secs]
426.088: [GC (Allocation Failure) 102438K->6744K(132224K), 0.0005550 secs]
426.145: [GC (Allocation Failure) 121434K->6744K(127232K), 0.0004740 secs]
426.197: [GC (Allocation Failure) 116420K->6744K(122496K), 0.0005030 secs]
426.247: [GC (Allocation Failure) 111704K->6744K(117888K), 0.0004670 secs]
426.298: [GC (Allocation Failure) 107170K->6841K(113664K), 0.0005500 secs]
426.345: [GC (Allocation Failure) 102999K->6841K(109568K), 0.0004710 secs]
426.391: [GC (Allocation Failure) 98911K->6841K(105664K), 0.0005200 secs]
426.433: [GC (Allocation Failure) 94968K->6841K(101888K), 0.0004730 secs]
426.476: [GC (Allocation Failure) 91311K->6939K(118592K), 0.0006220 secs]
426.527: [GC (Allocation Failure) 108047K->6939K(138496K), 0.0004750 secs]
426.588: [GC (Allocation Failure) 127921K->6939K(133184K), 0.0006420 secs]
426.645: [GC (Allocation Failure) 122615K->6939K(128064K), 0.0004770 secs]
426.701: [GC (Allocation Failure) 117503K->7037K(123328K), 0.0005100 secs]
426.754: [GC (Allocation Failure) 112873K->7037K(118784K), 0.0005940 secs]
426.803: [GC (Allocation Failure) 108257K->7037K(114432K), 0.0005200 secs]
426.851: [GC (Allocation Failure) 103914K->7037K(110272K), 0.0005950 secs]
426.899: [GC (Allocation Failure) 99899K->7134K(106432K), 0.0005140 secs]
426.941: [GC (Allocation Failure) 96057K->7134K(123904K), 0.0004760 secs]
426.994: [GC (Allocation Failure) 113519K->7134K(119296K), 0.0005770 secs]
427.044: [GC (Allocation Failure) 108925K->7134K(139328K), 0.0005870 secs]
427.106: [GC (Allocation Failure) 128972K->7232K(134016K), 0.0005560 secs]
427.163: [GC (Allocation Failure) 123687K->7232K(128960K), 0.0004760 secs]
427.219: [GC (Allocation Failure) 118671K->7216K(124096K), 0.0006920 secs]
427.272: [GC (Allocation Failure) 113784K->7232K(119424K), 0.0006080 secs]
427.323: [GC (Allocation Failure) 109228K->7330K(115136K), 0.0005130 secs]
427.369: [GC (Allocation Failure) 104905K->7314K(134400K), 0.0006350 secs]
427.428: [GC (Allocation Failure) 124173K->7330K(129280K), 0.0005160 secs]
427.482: [GC (Allocation Failure) 119079K->7330K(124352K), 0.0005120 secs]
427.537: [GC (Allocation Failure) 114221K->7427K(119808K), 0.0006370 secs]
427.588: [GC (Allocation Failure) 109704K->7427K(139968K), 0.0008860 secs]
427.651: [GC (Allocation Failure) 129891K->7427K(164096K), 0.0006570 secs]
427.723: [GC (Allocation Failure) 154005K->7427K(157440K), 0.0004740 secs]
427.790: [GC (Allocation Failure) 147409K->7525K(151232K), 0.0005120 secs]
427.856: [GC (Allocation Failure) 141204K->7525K(145280K), 0.0004910 secs]
427.926: [GC (Allocation Failure) 135277K->7525K(139648K), 0.0006640 secs]
427.989: [GC (Allocation Failure) 129682K->7509K(134144K), 0.0009090 secs]
428.046: [GC (Allocation Failure) 124270K->7623K(129152K), 0.0005060 secs]
428.104: [GC (Allocation Failure) 119270K->7623K(124288K), 0.0005510 secs]
428.155: [GC (Allocation Failure) 114350K->7623K(119680K), 0.0005220 secs]
428.208: [GC (Allocation Failure) 109802K->7623K(115264K), 0.0006240 secs]
428.257: [GC (Allocation Failure) 105405K->7720K(111168K), 0.0005120 secs]
428.303: [GC (Allocation Failure) 101363K->7720K(107200K), 0.0005320 secs]
428.347: [GC (Allocation Failure) 97416K->7720K(103424K), 0.0005360 secs]
428.389: [GC (Allocation Failure) 93599K->7720K(120320K), 0.0004710 secs]
428.441: [GC (Allocation Failure) 110595K->7818K(115968K), 0.0005150 secs]
428.490: [GC (Allocation Failure) 106281K->7818K(111744K), 0.0004820 secs]
428.538: [GC (Allocation Failure) 102053K->7818K(107776K), 0.0005240 secs]
428.581: [GC (Allocation Failure) 98118K->7818K(103936K), 0.0004710 secs]
428.622: [GC (Allocation Failure) 94280K->7916K(121088K), 0.0005150 secs]
428.672: [GC (Allocation Failure) 111492K->7916K(116608K), 0.0004800 secs]
428.721: [GC (Allocation Failure) 106972K->7916K(136192K), 0.0013030 secs]
428.779: [GC (Allocation Failure) 126542K->7916K(159552K), 0.0004760 secs]
428.850: [GC (Allocation Failure) 150053K->8013K(171776K), 0.0006730 secs]
428.925: [GC (Allocation Failure) 162179K->8013K(164736K), 0.0005140 secs]
428.997: [GC (Allocation Failure) 155248K->8013K(158144K), 0.0005910 secs]
429.069: [GC (Allocation Failure) 148615K->8013K(151808K), 0.0006460 secs]
429.138: [GC (Allocation Failure) 142377K->8111K(145920K), 0.0006040 secs]
429.202: [GC (Allocation Failure) 136481K->8111K(140224K), 0.0006350 secs]
429.264: [GC (Allocation Failure) 130814K->8095K(164416K), 0.0010580 secs]
429.335: [GC (Allocation Failure) 154955K->8111K(157760K), 0.0004840 secs]
429.401: [GC (Allocation Failure) 148389K->8209K(151552K), 0.0005180 secs]
429.467: [GC (Allocation Failure) 142281K->8209K(145600K), 0.0006100 secs]
429.533: [GC (Allocation Failure) 136330K->8209K(139968K), 0.0005350 secs]
429.594: [GC (Allocation Failure) 130671K->8209K(134528K), 0.0004850 secs]
429.653: [GC (Allocation Failure) 125327K->8306K(129472K), 0.0005990 secs]
429.709: [GC (Allocation Failure) 120221K->8306K(124608K), 0.0005970 secs]
429.762: [GC (Allocation Failure) 115420K->8306K(120000K), 0.0005380 secs]
429.811: [GC (Allocation Failure) 110802K->8290K(140096K), 0.0009170 secs]
429.872: [GC (Allocation Failure) 130968K->8404K(164416K), 0.0005090 secs]
429.947: [GC (Allocation Failure) 155339K->8404K(157824K), 0.0005580 secs]
430.017: [GC (Allocation Failure) 148667K->8404K(151552K), 0.0005380 secs]
430.084: [GC (Allocation Failure) 142452K->8404K(145536K), 0.0006200 secs]
430.148: [GC (Allocation Failure) 136467K->8502K(139968K), 0.0007170 secs]
430.211: [GC (Allocation Failure) 130978K->8502K(134592K), 0.0004860 secs]
430.267: [GC (Allocation Failure) 125553K->8502K(129472K), 0.0005380 secs]
430.320: [GC (Allocation Failure) 120447K->8502K(124544K), 0.0005790 secs]
430.374: [GC (Allocation Failure) 115624K->8599K(120000K), 0.0005290 secs]
430.429: [GC (Allocation Failure) 111101K->8599K(115584K), 0.0006020 secs]
430.478: [GC (Allocation Failure) 106669K->8599K(111424K), 0.0005320 secs]
430.523: [GC (Allocation Failure) 102548K->8599K(107392K), 0.0004820 secs]
430.566: [GC (Allocation Failure) 98515K->8697K(103680K), 0.0005210 secs]
430.607: [GC (Allocation Failure) 94871K->8697K(120704K), 0.0004890 secs]
430.659: [GC (Allocation Failure) 111882K->8697K(116288K), 0.0005360 secs]
430.708: [GC (Allocation Failure) 107452K->8697K(135680K), 0.0005480 secs]
430.765: [GC (Allocation Failure) 126922K->8795K(130560K), 0.0005290 secs]
430.821: [GC (Allocation Failure) 121819K->8795K(125632K), 0.0004850 secs]
430.872: [GC (Allocation Failure) 116889K->8795K(120960K), 0.0005520 secs]
430.923: [GC (Allocation Failure) 112272K->8795K(116480K), 0.0004870 secs]
430.971: [GC (Allocation Failure) 107843K->8892K(112320K), 0.0005330 secs]
431.020: [GC (Allocation Failure) 103676K->8892K(131008K), 0.0006280 secs]
431.080: [GC (Allocation Failure) 122398K->8892K(126080K), 0.0005390 secs]
431.132: [GC (Allocation Failure) 117462K->8892K(121344K), 0.0004960 secs]
431.182: [GC (Allocation Failure) 112757K->8990K(116928K), 0.0005250 secs]
431.229: [GC (Allocation Failure) 108434K->8990K(136512K), 0.0006050 secs]
431.288: [GC (Allocation Failure) 128023K->8990K(131328K), 0.0005600 secs]
431.347: [GC (Allocation Failure) 122800K->8990K(126336K), 0.0004870 secs]
431.402: [GC (Allocation Failure) 117870K->9088K(121664K), 0.0005270 secs]
431.452: [GC (Allocation Failure) 113218K->9088K(117184K), 0.0004870 secs]
431.499: [GC (Allocation Failure) 108735K->9088K(112896K), 0.0005370 secs]
431.545: [GC (Allocation Failure) 104507K->9088K(108800K), 0.0004880 secs]
431.588: [GC (Allocation Failure) 100479K->9186K(105024K), 0.0005420 secs]
431.632: [GC (Allocation Failure) 96731K->9186K(122304K), 0.0006080 secs]
431.686: [GC (Allocation Failure) 113939K->9186K(142976K), 0.0005510 secs]
431.745: [GC (Allocation Failure) 134600K->9186K(167616K), 0.0006090 secs]
431.820: [GC (Allocation Failure) 159386K->9283K(160960K), 0.0005420 secs]
431.892: [GC (Allocation Failure) 152693K->9283K(154560K), 0.0004920 secs]
431.962: [GC (Allocation Failure) 146357K->9267K(148480K), 0.0007740 secs]
432.024: [GC (Allocation Failure) 140184K->9283K(142592K), 0.0005900 secs]
432.086: [GC (Allocation Failure) 134416K->9381K(137152K), 0.0005500 secs]
432.153: [GC (Allocation Failure) 128986K->9381K(131904K), 0.0004900 secs]
432.208: [GC (Allocation Failure) 123780K->9381K(126912K), 0.0005480 secs]
432.266: [GC (Allocation Failure) 118773K->9365K(148288K), 0.0010050 secs]
432.331: [GC (Allocation Failure) 140282K->9479K(142592K), 0.0005040 secs]
432.394: [GC (Allocation Failure) 134567K->9479K(137088K), 0.0006560 secs]
432.458: [GC (Allocation Failure) 129076K->9479K(131840K), 0.0005430 secs]
432.512: [GC (Allocation Failure) 123778K->9463K(154240K), 0.0009660 secs]
432.579: [GC (Allocation Failure) 146294K->9576K(148288K), 0.0005140 secs]
432.641: [GC (Allocation Failure) 140358K->9576K(142528K), 0.0005210 secs]
432.704: [GC (Allocation Failure) 134600K->9576K(137024K), 0.0005450 secs]
432.761: [GC (Allocation Failure) 129090K->9576K(131712K), 0.0004890 secs]
432.824: [GC (Allocation Failure) 123812K->9674K(126784K), 0.0007220 secs]
432.880: [GC (Allocation Failure) 118933K->9674K(122048K), 0.0004950 secs]
432.929: [GC (Allocation Failure) 114235K->9674K(117568K), 0.0005440 secs]
432.981: [GC (Allocation Failure) 109712K->9674K(113216K), 0.0004710 secs]
433.027: [GC (Allocation Failure) 105456K->9756K(132160K), 0.0007970 secs]
433.082: [GC (Allocation Failure) 124418K->9772K(154752K), 0.0005000 secs]
433.150: [GC (Allocation Failure) 147046K->9772K(148672K), 0.0005550 secs]
433.216: [GC (Allocation Failure) 140877K->9772K(142784K), 0.0006370 secs]
433.279: [GC (Allocation Failure) 135090K->9869K(137344K), 0.0005370 secs]
433.336: [GC (Allocation Failure) 129689K->9869K(132096K), 0.0004930 secs]
433.394: [GC (Allocation Failure) 124441K->9869K(127104K), 0.0006300 secs]
433.452: [GC (Allocation Failure) 119455K->9869K(122304K), 0.0006480 secs]
433.504: [GC (Allocation Failure) 114719K->9967K(117824K), 0.0005650 secs]
433.555: [GC (Allocation Failure) 110268K->9971K(113536K), 0.0005000 secs]
433.604: [GC (Allocation Failure) 105957K->9971K(132480K), 0.0007230 secs]
433.662: [GC (Allocation Failure) 124952K->9955K(155008K), 0.0007060 secs]
433.730: [GC (Allocation Failure) 147540K->10069K(180800K), 0.0007250 secs]
433.814: [GC (Allocation Failure) 173322K->10166K(173312K), 0.0006140 secs]
433.893: [GC (Allocation Failure) 165956K->10166K(166272K), 0.0005390 secs]
433.965: [GC (Allocation Failure) 158889K->10166K(159552K), 0.0005180 secs]
434.035: [GC (Allocation Failure) 152292K->10264K(153280K), 0.0005350 secs]
434.102: [GC (Allocation Failure) 146022K->10264K(147264K), 0.0004900 secs]
434.167: [GC (Allocation Failure) 139999K->10264K(141504K), 0.0005530 secs]
434.231: [GC (Allocation Failure) 134284K->10264K(136000K), 0.0005010 secs]
434.289: [GC (Allocation Failure) 128788K->10346K(130880K), 0.0007950 secs]
434.347: [GC (Allocation Failure) 123692K->10362K(125952K), 0.0004980 secs]
434.398: [GC (Allocation Failure) 118762K->10362K(121280K), 0.0005430 secs]
434.448: [GC (Allocation Failure) 114092K->10362K(116736K), 0.0005070 secs]
434.497: [GC (Allocation Failure) 109610K->10459K(112576K), 0.0005220 secs]
434.549: [GC (Allocation Failure) 105484K->10443K(131392K), 0.0009380 secs]
434.608: [GC (Allocation Failure) 124318K->10459K(153792K), 0.0005330 secs]
434.678: [GC (Allocation Failure) 146772K->10459K(147648K), 0.0006300 secs]
434.744: [GC (Allocation Failure) 140691K->10557K(141952K), 0.0005280 secs]
434.806: [GC (Allocation Failure) 134972K->10557K(136448K), 0.0005000 secs]
434.865: [GC (Allocation Failure) 129490K->10557K(131264K), 0.0007080 secs]
434.921: [GC (Allocation Failure) 124270K->10557K(126272K), 0.0004940 secs]
434.974: [GC (Allocation Failure) 119351K->10655K(121600K), 0.0005440 secs]
435.026: [GC (Allocation Failure) 114710K->10655K(117120K), 0.0005540 secs]
435.076: [GC (Allocation Failure) 110288K->10655K(112832K), 0.0005370 secs]
435.125: [GC (Allocation Failure) 105979K->10655K(108736K), 0.0004810 secs]
435.169: [GC (Allocation Failure) 101937K->10752K(104960K), 0.0005370 secs]
435.215: [GC (Allocation Failure) 98198K->10752K(122240K), 0.0005690 secs]
435.269: [GC (Allocation Failure) 115512K->10752K(142912K), 0.0005990 secs]
435.331: [GC (Allocation Failure) 136171K->10752K(137344K), 0.0004980 secs]
435.396: [GC (Allocation Failure) 130656K->10834K(161024K), 0.0010100 secs]
435.467: [GC (Allocation Failure) 154353K->10850K(154624K), 0.0004960 secs]
435.536: [GC (Allocation Failure) 147928K->10948K(148544K), 0.0007030 secs]
435.600: [GC (Allocation Failure) 141959K->10952K(142656K), 0.0005250 secs]
435.665: [GC (Allocation Failure) 136160K->11049K(137216K), 0.0005470 secs]
435.726: [GC (Allocation Failure) 130756K->11049K(131968K), 0.0005120 secs]
435.781: [GC (Allocation Failure) 125462K->11049K(126976K), 0.0005470 secs]
435.835: [GC (Allocation Failure) 120500K->11049K(122176K), 0.0005070 secs]
435.887: [GC (Allocation Failure) 115811K->11147K(117760K), 0.0005510 secs]
435.938: [GC (Allocation Failure) 111365K->11147K(113472K), 0.0006380 secs]
435.987: [GC (Allocation Failure) 107135K->11147K(109376K), 0.0005470 secs]
436.031: [GC (Allocation Failure) 103021K->11147K(105408K), 0.0005080 secs]
436.075: [GC (Allocation Failure) 99073K->11245K(122816K), 0.0006990 secs]
436.128: [GC (Allocation Failure) 116499K->11245K(143616K), 0.0005250 secs]
436.191: [GC (Allocation Failure) 137361K->11245K(168512K), 0.0007060 secs]
436.264: [GC (Allocation Failure) 162243K->11245K(161664K), 0.0005320 secs]
436.333: [GC (Allocation Failure) 155452K->11342K(155264K), 0.0005430 secs]
436.399: [GC (Allocation Failure) 149057K->11342K(149120K), 0.0005030 secs]
436.466: [GC (Allocation Failure) 142973K->11342K(143296K), 0.0006980 secs]
436.527: [GC (Allocation Failure) 137074K->11342K(137664K), 0.0004990 secs]
436.584: [GC (Allocation Failure) 131543K->11424K(132480K), 0.0008470 secs]
436.642: [GC (Allocation Failure) 126421K->11440K(127488K), 0.0005060 secs]
436.697: [GC (Allocation Failure) 121426K->11440K(122752K), 0.0005440 secs]
436.748: [GC (Allocation Failure) 116680K->11440K(118144K), 0.0005100 secs]
436.798: [GC (Allocation Failure) 112139K->11538K(113920K), 0.0005940 secs]
436.848: [GC (Allocation Failure) 107899K->11538K(109824K), 0.0005610 secs]
436.895: [GC (Allocation Failure) 103853K->11538K(128064K), 0.0007000 secs]
436.949: [GC (Allocation Failure) 122098K->11538K(149760K), 0.0004900 secs]
437.016: [GC (Allocation Failure) 143826K->11635K(143936K), 0.0007040 secs]
437.083: [GC (Allocation Failure) 138097K->11619K(168896K), 0.0009890 secs]
437.164: [GC (Allocation Failure) 162999K->11635K(177792K), 0.0007260 secs]
437.243: [GC (Allocation Failure) 171861K->11635K(170496K), 0.0006150 secs]
437.316: [GC (Allocation Failure) 164592K->11619K(163584K), 0.0008900 secs]
437.389: [GC (Allocation Failure) 157681K->11635K(156992K), 0.0005230 secs]
437.458: [GC (Allocation Failure) 151201K->11733K(150848K), 0.0005650 secs]
437.524: [GC (Allocation Failure) 145013K->11733K(144960K), 0.0005200 secs]
437.587: [GC (Allocation Failure) 139204K->11733K(139328K), 0.0006410 secs]
437.646: [GC (Allocation Failure) 133507K->11733K(133888K), 0.0005060 secs]
437.705: [GC (Allocation Failure) 128193K->11831K(128896K), 0.0007640 secs]
437.759: [GC (Allocation Failure) 123177K->11831K(124032K), 0.0005100 secs]
437.812: [GC (Allocation Failure) 118352K->11831K(119424K), 0.0007340 secs]
437.863: [GC (Allocation Failure) 113742K->11831K(139456K), 0.0005620 secs]
437.922: [GC (Allocation Failure) 133805K->12026K(134144K), 0.0005850 secs]
437.978: [GC (Allocation Failure) 128683K->12026K(129024K), 0.0005210 secs]
438.033: [GC (Allocation Failure) 123541K->12026K(124160K), 0.0005610 secs]
438.087: [GC (Allocation Failure) 118653K->12026K(119488K), 0.0005100 secs]
438.139: [GC (Allocation Failure) 114026K->12124K(115200K), 0.0005550 secs]
438.186: [GC (Allocation Failure) 109792K->12124K(111040K), 0.0005140 secs]
438.237: [GC (Allocation Failure) 105657K->12124K(129472K), 0.0007160 secs]
438.299: [GC (Allocation Failure) 124063K->12124K(151424K), 0.0006600 secs]
438.367: [GC (Allocation Failure) 146097K->12221K(145536K), 0.0006280 secs]
438.428: [GC (Allocation Failure) 140266K->12221K(139904K), 0.0005270 secs]
438.491: [GC (Allocation Failure) 134590K->12221K(134528K), 0.0007040 secs]
438.549: [GC (Allocation Failure) 129259K->12221K(129344K), 0.0005060 secs]
438.602: [GC (Allocation Failure) 124064K->12319K(124544K), 0.0005460 secs]
438.656: [GC (Allocation Failure) 119308K->12319K(119936K), 0.0005230 secs]
438.708: [GC (Allocation Failure) 114720K->12319K(140160K), 0.0007270 secs]
438.770: [GC (Allocation Failure) 134968K->12319K(134720K), 0.0006330 secs]
438.830: [GC (Allocation Failure) 129559K->12417K(129664K), 0.0005510 secs]
438.883: [GC (Allocation Failure) 124550K->12417K(124800K), 0.0005140 secs]
438.934: [GC (Allocation Failure) 119740K->12417K(120192K), 0.0005550 secs]
438.987: [GC (Allocation Failure) 115082K->12417K(140352K), 0.0006570 secs]
439.046: [GC (Allocation Failure) 135356K->12514K(164672K), 0.0006730 secs]
439.119: [GC (Allocation Failure) 159617K->12498K(158080K), 0.0007090 secs]
439.188: [GC (Allocation Failure) 153046K->12514K(151808K), 0.0006480 secs]
439.259: [GC (Allocation Failure) 146846K->12514K(145792K), 0.0006540 secs]
439.322: [GC (Allocation Failure) 140887K->12596K(171136K), 0.0008280 secs]
439.395: [GC (Allocation Failure) 166169K->12612K(164224K), 0.0005060 secs]
439.465: [GC (Allocation Failure) 159271K->12596K(157632K), 0.0008090 secs]
439.535: [GC (Allocation Failure) 152660K->12612K(151296K), 0.0005240 secs]
439.599: [GC (Allocation Failure) 146465K->12710K(145408K), 0.0007430 secs]
439.665: [GC (Allocation Failure) 140565K->12710K(139776K), 0.0005110 secs]
439.723: [GC (Allocation Failure) 134983K->12710K(134400K), 0.0005750 secs]
439.779: [GC (Allocation Failure) 129568K->12710K(129216K), 0.0005040 secs]
439.833: [GC (Allocation Failure) 124459K->12807K(124416K), 0.0005480 secs]
439.886: [GC (Allocation Failure) 119745K->12807K(119808K), 0.0005080 secs]
439.935: [GC (Allocation Failure) 115102K->12807K(115392K), 0.0005680 secs]
439.982: [GC (Allocation Failure) 110688K->12807K(111168K), 0.0005650 secs]
440.029: [GC (Allocation Failure) 106528K->12905K(129664K), 0.0005650 secs]
440.083: [GC (Allocation Failure) 125049K->12905K(124800K), 0.0005160 secs]
440.141: [GC (Allocation Failure) 120216K->12889K(145984K), 0.0011870 secs]
440.206: [GC (Allocation Failure) 141352K->12905K(171264K), 0.0005210 secs]
440.282: [GC (Allocation Failure) 166665K->13003K(164416K), 0.0005540 secs]
440.353: [GC (Allocation Failure) 159862K->13003K(157824K), 0.0006450 secs]
440.425: [GC (Allocation Failure) 153263K->13003K(151552K), 0.0006300 secs]
440.491: [GC (Allocation Failure) 146988K->13003K(145536K), 0.0005180 secs]
440.555: [GC (Allocation Failure) 141077K->13100K(139968K), 0.0006340 secs]
440.615: [GC (Allocation Failure) 135582K->13100K(134592K), 0.0005700 secs]
440.674: [GC (Allocation Failure) 130144K->13100K(129472K), 0.0007230 secs]
440.729: [GC (Allocation Failure) 125055K->13100K(124544K), 0.0005100 secs]
440.781: [GC (Allocation Failure) 120209K->13198K(120000K), 0.0005610 secs]
440.830: [GC (Allocation Failure) 115699K->13198K(115584K), 0.0005180 secs]
440.879: [GC (Allocation Failure) 111257K->13198K(111424K), 0.0005800 secs]
440.927: [GC (Allocation Failure) 107127K->13198K(107392K), 0.0005210 secs]
440.975: [GC (Allocation Failure) 103105K->13280K(125312K), 0.0012040 secs]
441.029: [GC (Allocation Failure) 121058K->13296K(146560K), 0.0005140 secs]
441.094: [GC (Allocation Failure) 142351K->13296K(172032K), 0.0005850 secs]
441.170: [GC (Allocation Failure) 167809K->13296K(193408K), 0.0005680 secs]
441.262: [GC (Allocation Failure) 189258K->13393K(185472K), 0.0005600 secs]
441.344: [GC (Allocation Failure) 181323K->13393K(177664K), 0.0005610 secs]
441.424: [GC (Allocation Failure) 173750K->13589K(170752K), 0.0006660 secs]
441.501: [GC (Allocation Failure) 166646K->13589K(163712K), 0.0005500 secs]
441.574: [GC (Allocation Failure) 159760K->13589K(157184K), 0.0006180 secs]
441.644: [GC (Allocation Failure) 153249K->13589K(150976K), 0.0005500 secs]
441.710: [GC (Allocation Failure) 147068K->13589K(145024K), 0.0005510 secs]
441.774: [GC (Allocation Failure) 141087K->13589K(139392K), 0.0005490 secs]
441.835: [GC (Allocation Failure) 135461K->13589K(134016K), 0.0005630 secs]
441.895: [GC (Allocation Failure) 130057K->13589K(128896K), 0.0006640 secs]
441.952: [GC (Allocation Failure) 124999K->13686K(124096K), 0.0007170 secs]
442.004: [GC (Allocation Failure) 120300K->13686K(119488K), 0.0005220 secs]
442.055: [GC (Allocation Failure) 115692K->13686K(115136K), 0.0005570 secs]
442.104: [GC (Allocation Failure) 111267K->13686K(110912K), 0.0005770 secs]
442.153: [GC (Allocation Failure) 107113K->13784K(129408K), 0.0007060 secs]
442.210: [GC (Allocation Failure) 125714K->13784K(151424K), 0.0005270 secs]
442.276: [GC (Allocation Failure) 147730K->13768K(177792K), 0.0009230 secs]
442.355: [GC (Allocation Failure) 173992K->13768K(191744K), 0.0008290 secs]
442.441: [GC (Allocation Failure) 188046K->13882K(183872K), 0.0005660 secs]
442.520: [GC (Allocation Failure) 180247K->13882K(176128K), 0.0005570 secs]
442.598: [GC (Allocation Failure) 172644K->14077K(169280K), 0.0005210 secs]
442.674: [GC (Allocation Failure) 165729K->14077K(162304K), 0.0005680 secs]
442.747: [GC (Allocation Failure) 158868K->14077K(190912K), 0.0020690 secs]
442.835: [GC (Allocation Failure) 187493K->14077K(191168K), 0.0007830 secs]
442.922: [GC (Allocation Failure) 187689K->14077K(183168K), 0.0005890 secs]
443.006: [GC (Allocation Failure) 179689K->14077K(175616K), 0.0006710 secs]
443.086: [GC (Allocation Failure) 172221K->14175K(168512K), 0.0005680 secs]
443.160: [GC (Allocation Failure) 165203K->14175K(161728K), 0.0005710 secs]
443.231: [GC (Allocation Failure) 158366K->14175K(155264K), 0.0005620 secs]
443.299: [GC (Allocation Failure) 151893K->14175K(149120K), 0.0005610 secs]
443.361: [GC (Allocation Failure) 145801K->14175K(143296K), 0.0005630 secs]
443.426: [GC (Allocation Failure) 139961K->14175K(137664K), 0.0005270 secs]
443.486: [GC (Allocation Failure) 134337K->14272K(132480K), 0.0006150 secs]
443.543: [GC (Allocation Failure) 129276K->14272K(127488K), 0.0005260 secs]
443.601: [GC (Allocation Failure) 124228K->14272K(122752K), 0.0007490 secs]
443.655: [GC (Allocation Failure) 119487K->14272K(118144K), 0.0005290 secs]
443.706: [GC (Allocation Failure) 114998K->14370K(113920K), 0.0006080 secs]
443.753: [GC (Allocation Failure) 110754K->14370K(109824K), 0.0005250 secs]
443.797: [GC (Allocation Failure) 106642K->14370K(128000K), 0.0005520 secs]
443.850: [GC (Allocation Failure) 124842K->14370K(123136K), 0.0005160 secs]
443.902: [GC (Allocation Failure) 120014K->14468K(144064K), 0.0007160 secs]
443.969: [GC (Allocation Failure) 140968K->14468K(168960K), 0.0006850 secs]
444.043: [GC (Allocation Failure) 165927K->14468K(162176K), 0.0005760 secs]
444.114: [GC (Allocation Failure) 159133K->14468K(155648K), 0.0005250 secs]
444.184: [GC (Allocation Failure) 152641K->14565K(149568K), 0.0007590 secs]
444.251: [GC (Allocation Failure) 146583K->14565K(143744K), 0.0005810 secs]
444.315: [GC (Allocation Failure) 140824K->14565K(138176K), 0.0005770 secs]
444.375: [GC (Allocation Failure) 135230K->14565K(132800K), 0.0006700 secs]
444.431: [GC (Allocation Failure) 129893K->14663K(127808K), 0.0005720 secs]
444.485: [GC (Allocation Failure) 124996K->14647K(123008K), 0.0006560 secs]
444.538: [GC (Allocation Failure) 120086K->14663K(118464K), 0.0005670 secs]
444.588: [GC (Allocation Failure) 115589K->14663K(114048K), 0.0005340 secs]
444.634: [GC (Allocation Failure) 111240K->14761K(133120K), 0.0005670 secs]
444.692: [GC (Allocation Failure) 130342K->14761K(128064K), 0.0005340 secs]
444.745: [GC (Allocation Failure) 125319K->14761K(123264K), 0.0005700 secs]
444.798: [GC (Allocation Failure) 120501K->14761K(118656K), 0.0005270 secs]
444.849: [GC (Allocation Failure) 115965K->14858K(114368K), 0.0005660 secs]
444.898: [GC (Allocation Failure) 111660K->14858K(133440K), 0.0005780 secs]
444.955: [GC (Allocation Failure) 130819K->14858K(128384K), 0.0005600 secs]
445.010: [GC (Allocation Failure) 125690K->14858K(123520K), 0.0005330 secs]
445.061: [GC (Allocation Failure) 120960K->14956K(144512K), 0.0007440 secs]
445.124: [GC (Allocation Failure) 141923K->14956K(138880K), 0.0005390 secs]
445.184: [GC (Allocation Failure) 136310K->14956K(133568K), 0.0005680 secs]
445.242: [GC (Allocation Failure) 131030K->14956K(128448K), 0.0006770 secs]
445.298: [GC (Allocation Failure) 125925K->15054K(123712K), 0.0005610 secs]
445.348: [GC (Allocation Failure) 121290K->15054K(119104K), 0.0005510 secs]
445.399: [GC (Allocation Failure) 116685K->15054K(139136K), 0.0006180 secs]
445.459: [GC (Allocation Failure) 136715K->15054K(133760K), 0.0005340 secs]
445.515: [GC (Allocation Failure) 131326K->15151K(128768K), 0.0005550 secs]
445.568: [GC (Allocation Failure) 126369K->15151K(123968K), 0.0006250 secs]
445.623: [GC (Allocation Failure) 121564K->15151K(119360K), 0.0006430 secs]
445.674: [GC (Allocation Failure) 116944K->15151K(114944K), 0.0005360 secs]
445.723: [GC (Allocation Failure) 112642K->15249K(134208K), 0.0005820 secs]
445.779: [GC (Allocation Failure) 131915K->15249K(129088K), 0.0005350 secs]
445.834: [GC (Allocation Failure) 126801K->15233K(151104K), 0.0011060 secs]
445.902: [GC (Allocation Failure) 148807K->15249K(177408K), 0.0006880 secs]
445.981: [GC (Allocation Failure) 175189K->15347K(186752K), 0.0005970 secs]
446.063: [GC (Allocation Failure) 184536K->15347K(179008K), 0.0006630 secs]
446.142: [GC (Allocation Failure) 176858K->15347K(171712K), 0.0005610 secs]
446.216: [GC (Allocation Failure) 169573K->15347K(164672K), 0.0005610 secs]
446.288: [GC (Allocation Failure) 162603K->15445K(158144K), 0.0005660 secs]
446.356: [GC (Allocation Failure) 156021K->15445K(151872K), 0.0004530 secs]
446.422: [GC (Allocation Failure) 149818K->15445K(145920K), 0.0005760 secs]
446.485: [GC (Allocation Failure) 143812K->15445K(140160K), 0.0006830 secs]
446.546: [GC (Allocation Failure) 138112K->15542K(134848K), 0.0005730 secs]
446.602: [GC (Allocation Failure) 132890K->15542K(129728K), 0.0005360 secs]
446.658: [GC (Allocation Failure) 127770K->15542K(124864K), 0.0005920 secs]
446.710: [GC (Allocation Failure) 122865K->15542K(120192K), 0.0006870 secs]
446.761: [GC (Allocation Failure) 118229K->15640K(115840K), 0.0005710 secs]
446.810: [GC (Allocation Failure) 114005K->15640K(135232K), 0.0005540 secs]
446.868: [GC (Allocation Failure) 133386K->15640K(158400K), 0.0007570 secs]
446.938: [GC (Allocation Failure) 156482K->15640K(152064K), 0.0005410 secs]
447.003: [GC (Allocation Failure) 150267K->15738K(146176K), 0.0005800 secs]
447.067: [GC (Allocation Failure) 144346K->15738K(140480K), 0.0005450 secs]
447.126: [GC (Allocation Failure) 138694K->15738K(135104K), 0.0005780 secs]
447.186: [GC (Allocation Failure) 133280K->15738K(129920K), 0.0005370 secs]
447.241: [GC (Allocation Failure) 128166K->15933K(125120K), 0.0006790 secs]
447.296: [GC (Allocation Failure) 123546K->15933K(120448K), 0.0005500 secs]
447.347: [GC (Allocation Failure) 118882K->15933K(116032K), 0.0005840 secs]
447.394: [GC (Allocation Failure) 114399K->15917K(135360K), 0.0008580 secs]
447.452: [GC (Allocation Failure) 133874K->16128K(158784K), 0.0008210 secs]
447.523: [GC (Allocation Failure) 157362K->16128K(186624K), 0.0007300 secs]
447.605: [GC (Allocation Failure) 185202K->16128K(206976K), 0.0005970 secs]
447.705: [GC (Allocation Failure) 205534K->16226K(198208K), 0.0006030 secs]
447.791: [GC (Allocation Failure) 196928K->16226K(189952K), 0.0006580 secs]
447.874: [GC (Allocation Failure) 188658K->16226K(182016K), 0.0005630 secs]
447.955: [GC (Allocation Failure) 180784K->16324K(174592K), 0.0005800 secs]
448.036: [GC (Allocation Failure) 173354K->16324K(167488K), 0.0006990 secs]
448.111: [GC (Allocation Failure) 166333K->16324K(160768K), 0.0007620 secs]
448.183: [GC (Allocation Failure) 159542K->16324K(154304K), 0.0006970 secs]
448.251: [GC (Allocation Failure) 153206K->16421K(148288K), 0.0005780 secs]
448.316: [GC (Allocation Failure) 147156K->16421K(142528K), 0.0005540 secs]
448.378: [GC (Allocation Failure) 141441K->16421K(137024K), 0.0006910 secs]
448.437: [GC (Allocation Failure) 135913K->16421K(131712K), 0.0006940 secs]
448.494: [GC (Allocation Failure) 130700K->16519K(126784K), 0.0005850 secs]
448.548: [GC (Allocation Failure) 125779K->16519K(122048K), 0.0005540 secs]
448.598: [GC (Allocation Failure) 121087K->16519K(117568K), 0.0005840 secs]
448.646: [GC (Allocation Failure) 116555K->16519K(113216K), 0.0005430 secs]
448.693: [GC (Allocation Failure) 112327K->16617K(132224K), 0.0008100 secs]
448.749: [GC (Allocation Failure) 131314K->16617K(154816K), 0.0005440 secs]
448.817: [GC (Allocation Failure) 153923K->16617K(181888K), 0.0005930 secs]
448.896: [GC (Allocation Failure) 180981K->16617K(174400K), 0.0005450 secs]
448.974: [GC (Allocation Failure) 173577K->16714K(167360K), 0.0005870 secs]
449.049: [GC (Allocation Failure) 166533K->16714K(160640K), 0.0005910 secs]
449.121: [GC (Allocation Failure) 159797K->16714K(154240K), 0.0005870 secs]
449.189: [GC (Allocation Failure) 153388K->16714K(148096K), 0.0005370 secs]
449.254: [GC (Allocation Failure) 147344K->16812K(142400K), 0.0005880 secs]
449.315: [GC (Allocation Failure) 141728K->16812K(136896K), 0.0006980 secs]
449.375: [GC (Allocation Failure) 136213K->16812K(131648K), 0.0005870 secs]
449.437: [GC (Allocation Failure) 130897K->16812K(126592K), 0.0007220 secs]
449.493: [GC (Allocation Failure) 125983K->16910K(148160K), 0.0007730 secs]
449.558: [GC (Allocation Failure) 147546K->16910K(142400K), 0.0005430 secs]
449.620: [GC (Allocation Failure) 141830K->16910K(136896K), 0.0006020 secs]
449.677: [GC (Allocation Failure) 136296K->16910K(131584K), 0.0005480 secs]
449.732: [GC (Allocation Failure) 131028K->17007K(126656K), 0.0005870 secs]
449.786: [GC (Allocation Failure) 126169K->17007K(121920K), 0.0005460 secs]
449.839: [GC (Allocation Failure) 121379K->17007K(117440K), 0.0005930 secs]
449.889: [GC (Allocation Failure) 116918K->17007K(137088K), 0.0005920 secs]
449.950: [GC (Allocation Failure) 136606K->17105K(131904K), 0.0005840 secs]
450.007: [GC (Allocation Failure) 131488K->17105K(126912K), 0.0005510 secs]
450.060: [GC (Allocation Failure) 126484K->17105K(122176K), 0.0005940 secs]
450.112: [GC (Allocation Failure) 121754K->17105K(142784K), 0.0006470 secs]
450.172: [GC (Allocation Failure) 142443K->17203K(137344K), 0.0006000 secs]
450.233: [GC (Allocation Failure) 137015K->17203K(132096K), 0.0005140 secs]
450.291: [GC (Allocation Failure) 131776K->17203K(154688K), 0.0007690 secs]
450.360: [GC (Allocation Failure) 154342K->17203K(148544K), 0.0005450 secs]
450.360: [Full GC (Ergonomics) 17203K->847K(148480K), 0.0079780 secs]
450.433: [GC (Allocation Failure) 131972K->1075K(142720K), 0.0004740 secs]
450.493: [GC (Allocation Failure) 126294K->1075K(137216K), 0.0004320 secs]
450.550: [GC (Allocation Failure) 120796K->1075K(131968K), 0.0004920 secs]
450.605: [GC (Allocation Failure) 115573K->1075K(126912K), 0.0004290 secs]
450.657: [GC (Allocation Failure) 110549K->1172K(122240K), 0.0004770 secs]
450.710: [GC (Allocation Failure) 105929K->1172K(117696K), 0.0004700 secs]
450.758: [GC (Allocation Failure) 101410K->1172K(113408K), 0.0004880 secs]
450.805: [GC (Allocation Failure) 97165K->1172K(109248K), 0.0005310 secs]
450.854: [GC (Allocation Failure) 93044K->1270K(105408K), 0.0006240 secs]
450.896: [GC (Allocation Failure) 89210K->1270K(101696K), 0.0004410 secs]
450.936: [GC (Allocation Failure) 85481K->1270K(98176K), 0.0004910 secs]
450.978: [GC (Allocation Failure) 82002K->1270K(114048K), 0.0005220 secs]
451.026: [GC (Allocation Failure) 97932K->1368K(110016K), 0.0004770 secs]
451.071: [GC (Allocation Failure) 93891K->1368K(128256K), 0.0005350 secs]
451.126: [GC (Allocation Failure) 112142K->1368K(123456K), 0.0004810 secs]
451.176: [GC (Allocation Failure) 107392K->1368K(118848K), 0.0004520 secs]
451.228: [GC (Allocation Failure) 102850K->1465K(114560K), 0.0006840 secs]
451.275: [GC (Allocation Failure) 98557K->1465K(133696K), 0.0005230 secs]
451.334: [GC (Allocation Failure) 117730K->1465K(128640K), 0.0004920 secs]
451.390: [GC (Allocation Failure) 112617K->1465K(123776K), 0.0004820 secs]
451.442: [GC (Allocation Failure) 107800K->1563K(119232K), 0.0006450 secs]
451.493: [GC (Allocation Failure) 103385K->1563K(114880K), 0.0004350 secs]
451.540: [GC (Allocation Failure) 98948K->1563K(110720K), 0.0005280 secs]
451.587: [GC (Allocation Failure) 94808K->1563K(106688K), 0.0004400 secs]
451.633: [GC (Allocation Failure) 90867K->1645K(124416K), 0.0009430 secs]
451.688: [GC (Allocation Failure) 108639K->1661K(145536K), 0.0005120 secs]
451.753: [GC (Allocation Failure) 129712K->1661K(170752K), 0.0005580 secs]
451.832: [GC (Allocation Failure) 154934K->1661K(163776K), 0.0004450 secs]
451.901: [GC (Allocation Failure) 148038K->1758K(157248K), 0.0004720 secs]
451.970: [GC (Allocation Failure) 141519K->1758K(151040K), 0.0004370 secs]
452.034: [GC (Allocation Failure) 135306K->1758K(145088K), 0.0004880 secs]
452.097: [GC (Allocation Failure) 129436K->1758K(139392K), 0.0004400 secs]
452.159: [GC (Allocation Failure) 123796K->1856K(134080K), 0.0005470 secs]
452.220: [GC (Allocation Failure) 118465K->1856K(128960K), 0.0005330 secs]
452.275: [GC (Allocation Failure) 113407K->1856K(124096K), 0.0004890 secs]
452.329: [GC (Allocation Failure) 108487K->1856K(119424K), 0.0004380 secs]
452.380: [GC (Allocation Failure) 103918K->1954K(115136K), 0.0004890 secs]
452.429: [GC (Allocation Failure) 99628K->1938K(110976K), 0.0006210 secs]
452.477: [GC (Allocation Failure) 95446K->1954K(107008K), 0.0004840 secs]
452.522: [GC (Allocation Failure) 91543K->1954K(103168K), 0.0004420 secs]
452.564: [GC (Allocation Failure) 87714K->2035K(120192K), 0.0009650 secs]
452.616: [GC (Allocation Failure) 104725K->2051K(140544K), 0.0007610 secs]
452.677: [GC (Allocation Failure) 125100K->2051K(164800K), 0.0004850 secs]
452.751: [GC (Allocation Failure) 149395K->2051K(158144K), 0.0004670 secs]
452.821: [GC (Allocation Failure) 142780K->2133K(151936K), 0.0006890 secs]
452.890: [GC (Allocation Failure) 136658K->2149K(145984K), 0.0004390 secs]
452.954: [GC (Allocation Failure) 130685K->2149K(140288K), 0.0005010 secs]
453.013: [GC (Allocation Failure) 124938K->2149K(134848K), 0.0005850 secs]
453.074: [GC (Allocation Failure) 119652K->2344K(129792K), 0.0005700 secs]
453.128: [GC (Allocation Failure) 114665K->2344K(124928K), 0.0005480 secs]
453.184: [GC (Allocation Failure) 109817K->2328K(146048K), 0.0009610 secs]
453.252: [GC (Allocation Failure) 130955K->2344K(140288K), 0.0005530 secs]
453.313: [GC (Allocation Failure) 125220K->2442K(134976K), 0.0004830 secs]
453.376: [GC (Allocation Failure) 119981K->2442K(129856K), 0.0005660 secs]
453.432: [GC (Allocation Failure) 114877K->2442K(124992K), 0.0005050 secs]
453.483: [GC (Allocation Failure) 109970K->2442K(120256K), 0.0004410 secs]
453.535: [GC (Allocation Failure) 105333K->2540K(115904K), 0.0004820 secs]
453.583: [GC (Allocation Failure) 101019K->2540K(111680K), 0.0004470 secs]
453.630: [GC (Allocation Failure) 96759K->2524K(107712K), 0.0006790 secs]
453.676: [GC (Allocation Failure) 92764K->2540K(125440K), 0.0005430 secs]
453.730: [GC (Allocation Failure) 110604K->2637K(120832K), 0.0004890 secs]
453.782: [GC (Allocation Failure) 106033K->2621K(141248K), 0.0007670 secs]
453.843: [GC (Allocation Failure) 126457K->2637K(135808K), 0.0004980 secs]
453.901: [GC (Allocation Failure) 120978K->2637K(130560K), 0.0004650 secs]
453.955: [GC (Allocation Failure) 115759K->2719K(125696K), 0.0006870 secs]
454.010: [GC (Allocation Failure) 110964K->2735K(121024K), 0.0004510 secs]
454.060: [GC (Allocation Failure) 106312K->2735K(116544K), 0.0006180 secs]
454.110: [GC (Allocation Failure) 101779K->2735K(112256K), 0.0004490 secs]
454.155: [GC (Allocation Failure) 97632K->2833K(131008K), 0.0006590 secs]
454.214: [GC (Allocation Failure) 116390K->2833K(126080K), 0.0004300 secs]
454.268: [GC (Allocation Failure) 111498K->2833K(121408K), 0.0005120 secs]
454.318: [GC (Allocation Failure) 106806K->2833K(116864K), 0.0005420 secs]
454.368: [GC (Allocation Failure) 102280K->2931K(112704K), 0.0004870 secs]
454.417: [GC (Allocation Failure) 98163K->2931K(108672K), 0.0004690 secs]
454.460: [GC (Allocation Failure) 94120K->2931K(104832K), 0.0006150 secs]
454.504: [GC (Allocation Failure) 90279K->2931K(101120K), 0.0004470 secs]
454.545: [GC (Allocation Failure) 86645K->3028K(117696K), 0.0005450 secs]
454.594: [GC (Allocation Failure) 103277K->3028K(113408K), 0.0004380 secs]
454.639: [GC (Allocation Failure) 99020K->3028K(109312K), 0.0005020 secs]
454.684: [GC (Allocation Failure) 94880K->3028K(127360K), 0.0005910 secs]
454.739: [GC (Allocation Failure) 113003K->3126K(122688K), 0.0004810 secs]
454.791: [GC (Allocation Failure) 108364K->3126K(118144K), 0.0004950 secs]
454.844: [GC (Allocation Failure) 103850K->3126K(113856K), 0.0005060 secs]
454.892: [GC (Allocation Failure) 99514K->3126K(109696K), 0.0004940 secs]
454.939: [GC (Allocation Failure) 95473K->3224K(105856K), 0.0004960 secs]
454.981: [GC (Allocation Failure) 91645K->3224K(102144K), 0.0004790 secs]
455.024: [GC (Allocation Failure) 87884K->3224K(118848K), 0.0005710 secs]
455.074: [GC (Allocation Failure) 104595K->3224K(138752K), 0.0005330 secs]
455.136: [GC (Allocation Failure) 124596K->3321K(162688K), 0.0006760 secs]
455.209: [GC (Allocation Failure) 148544K->3321K(156160K), 0.0005410 secs]
455.277: [GC (Allocation Failure) 142009K->3321K(149952K), 0.0006020 secs]
455.341: [GC (Allocation Failure) 135821K->3321K(144000K), 0.0004500 secs]
455.401: [GC (Allocation Failure) 129905K->3419K(138496K), 0.0004990 secs]
455.459: [GC (Allocation Failure) 124506K->3419K(133184K), 0.0005430 secs]
455.518: [GC (Allocation Failure) 119108K->3419K(128128K), 0.0005520 secs]
455.571: [GC (Allocation Failure) 114099K->3419K(123264K), 0.0004500 secs]
455.623: [GC (Allocation Failure) 109261K->3517K(118784K), 0.0005040 secs]
455.672: [GC (Allocation Failure) 104855K->3517K(114432K), 0.0004470 secs]
455.720: [GC (Allocation Failure) 100507K->3517K(110272K), 0.0005000 secs]
455.766: [GC (Allocation Failure) 96376K->3517K(106304K), 0.0004420 secs]
455.812: [GC (Allocation Failure) 92440K->3614K(102656K), 0.0005080 secs]
455.856: [GC (Allocation Failure) 88797K->3598K(119488K), 0.0007960 secs]
455.910: [GC (Allocation Failure) 105650K->3614K(139584K), 0.0005030 secs]
455.973: [GC (Allocation Failure) 125782K->3614K(134144K), 0.0004990 secs]
456.029: [GC (Allocation Failure) 120348K->3712K(129088K), 0.0004890 secs]
456.087: [GC (Allocation Failure) 115352K->3712K(124224K), 0.0004550 secs]
456.139: [GC (Allocation Failure) 110520K->3712K(119616K), 0.0006280 secs]
456.193: [GC (Allocation Failure) 105907K->3712K(115136K), 0.0005500 secs]
456.242: [GC (Allocation Failure) 101492K->3810K(111040K), 0.0005530 secs]
456.290: [GC (Allocation Failure) 97356K->3810K(107072K), 0.0005500 secs]
456.335: [GC (Allocation Failure) 93396K->3810K(103296K), 0.0005020 secs]
456.377: [GC (Allocation Failure) 89688K->3810K(99648K), 0.0004490 secs]
456.419: [GC (Allocation Failure) 86021K->3907K(115968K), 0.0005400 secs]
456.468: [GC (Allocation Failure) 102372K->3907K(111744K), 0.0004570 secs]
456.513: [GC (Allocation Failure) 98226K->3907K(130304K), 0.0006170 secs]
456.568: [GC (Allocation Failure) 116728K->3907K(125312K), 0.0004690 secs]
456.625: [GC (Allocation Failure) 111798K->4005K(120704K), 0.0006380 secs]
456.676: [GC (Allocation Failure) 107290K->4005K(116288K), 0.0004510 secs]
456.723: [GC (Allocation Failure) 102856K->4005K(112064K), 0.0004970 secs]
456.770: [GC (Allocation Failure) 98627K->4005K(107968K), 0.0005450 secs]
456.815: [GC (Allocation Failure) 94601K->4103K(104192K), 0.0004910 secs]
456.858: [GC (Allocation Failure) 90859K->4103K(100544K), 0.0004550 secs]
456.897: [GC (Allocation Failure) 87234K->4103K(116928K), 0.0004930 secs]
456.948: [GC (Allocation Failure) 103546K->4103K(112640K), 0.0004870 secs]
456.994: [GC (Allocation Failure) 99303K->4184K(131456K), 0.0006270 secs]
457.054: [GC (Allocation Failure) 118156K->4200K(126464K), 0.0004580 secs]
457.109: [GC (Allocation Failure) 113185K->4200K(121728K), 0.0004990 secs]
457.159: [GC (Allocation Failure) 108464K->4200K(117184K), 0.0004690 secs]
457.209: [GC (Allocation Failure) 104036K->4298K(112960K), 0.0006090 secs]
457.257: [GC (Allocation Failure) 99806K->4298K(108928K), 0.0004600 secs]
457.302: [GC (Allocation Failure) 95751K->4298K(105088K), 0.0006240 secs]
457.345: [GC (Allocation Failure) 91951K->4282K(122240K), 0.0006190 secs]
457.398: [GC (Allocation Failure) 109149K->4396K(142976K), 0.0004920 secs]
457.459: [GC (Allocation Failure) 129913K->4380K(167680K), 0.0006790 secs]
457.532: [GC (Allocation Failure) 154586K->4396K(160896K), 0.0006150 secs]
457.603: [GC (Allocation Failure) 147801K->4396K(154432K), 0.0004470 secs]
457.671: [GC (Allocation Failure) 141418K->4493K(148416K), 0.0004970 secs]
457.736: [GC (Allocation Failure) 135493K->4493K(142592K), 0.0004600 secs]
457.799: [GC (Allocation Failure) 129607K->4493K(137088K), 0.0005060 secs]
457.864: [GC (Allocation Failure) 124163K->4477K(131712K), 0.0008810 secs]
457.921: [GC (Allocation Failure) 118874K->4591K(126848K), 0.0004790 secs]
457.974: [GC (Allocation Failure) 113943K->4591K(122112K), 0.0005280 secs]
458.027: [GC (Allocation Failure) 109218K->4575K(117632K), 0.0006410 secs]
458.076: [GC (Allocation Failure) 104709K->4591K(113280K), 0.0005010 secs]
458.124: [GC (Allocation Failure) 100499K->4689K(109248K), 0.0005510 secs]
458.171: [GC (Allocation Failure) 96475K->4689K(127360K), 0.0012240 secs]
458.226: [GC (Allocation Failure) 114579K->4689K(149056K), 0.0004970 secs]
458.290: [GC (Allocation Failure) 136276K->4689K(174912K), 0.0004630 secs]
458.370: [GC (Allocation Failure) 162169K->4786K(167872K), 0.0006230 secs]
458.446: [GC (Allocation Failure) 155203K->4786K(161088K), 0.0004580 secs]
458.518: [GC (Allocation Failure) 148383K->4786K(154688K), 0.0004980 secs]
458.588: [GC (Allocation Failure) 141977K->4770K(148416K), 0.0007520 secs]
458.653: [GC (Allocation Failure) 135861K->4884K(142720K), 0.0004820 secs]
458.713: [GC (Allocation Failure) 130190K->4884K(137216K), 0.0004860 secs]
458.770: [GC (Allocation Failure) 124600K->4884K(131968K), 0.0005060 secs]
458.828: [GC (Allocation Failure) 119428K->4884K(126912K), 0.0004980 secs]
458.884: [GC (Allocation Failure) 114440K->4982K(122240K), 0.0006510 secs]
458.940: [GC (Allocation Failure) 109718K->4966K(117696K), 0.0006100 secs]
458.988: [GC (Allocation Failure) 105167K->4982K(113408K), 0.0005280 secs]
459.036: [GC (Allocation Failure) 100938K->4982K(109248K), 0.0005020 secs]
459.086: [GC (Allocation Failure) 96815K->5063K(127424K), 0.0008810 secs]
459.141: [GC (Allocation Failure) 115039K->5079K(149056K), 0.0004580 secs]
459.206: [GC (Allocation Failure) 136697K->5079K(143232K), 0.0005080 secs]
459.266: [GC (Allocation Failure) 130887K->5079K(137600K), 0.0004600 secs]
459.326: [GC (Allocation Failure) 125264K->5177K(132416K), 0.0005010 secs]
459.384: [GC (Allocation Failure) 120174K->5177K(127424K), 0.0004620 secs]
459.439: [GC (Allocation Failure) 115150K->5177K(122688K), 0.0005040 secs]
459.493: [GC (Allocation Failure) 110417K->5177K(118080K), 0.0004930 secs]
459.549: [GC (Allocation Failure) 105883K->5275K(113856K), 0.0006220 secs]
459.598: [GC (Allocation Failure) 101720K->5263K(109760K), 0.0007110 secs]
459.644: [GC (Allocation Failure) 97525K->5279K(105856K), 0.0005010 secs]
459.686: [GC (Allocation Failure) 93709K->5279K(102080K), 0.0004610 secs]
459.727: [GC (Allocation Failure) 89970K->5376K(118848K), 0.0006190 secs]
459.777: [GC (Allocation Failure) 106780K->5376K(138816K), 0.0004660 secs]
459.836: [GC (Allocation Failure) 126762K->5376K(133504K), 0.0005150 secs]
459.893: [GC (Allocation Failure) 121446K->5376K(128384K), 0.0004640 secs]
459.946: [GC (Allocation Failure) 116339K->5474K(123648K), 0.0004860 secs]
459.998: [GC (Allocation Failure) 111706K->5474K(119040K), 0.0004650 secs]
460.048: [GC (Allocation Failure) 107098K->5474K(114688K), 0.0006180 secs]
460.095: [GC (Allocation Failure) 102732K->5474K(110464K), 0.0004660 secs]
460.140: [GC (Allocation Failure) 98529K->5572K(106560K), 0.0005540 secs]
460.186: [GC (Allocation Failure) 94687K->5572K(102784K), 0.0005030 secs]
460.230: [GC (Allocation Failure) 90931K->5572K(119616K), 0.0006320 secs]
460.281: [GC (Allocation Failure) 107770K->5572K(115136K), 0.0004620 secs]
460.327: [GC (Allocation Failure) 103346K->5669K(111040K), 0.0005030 secs]
460.376: [GC (Allocation Failure) 99225K->5669K(129472K), 0.0005670 secs]
460.432: [GC (Allocation Failure) 117703K->5669K(124608K), 0.0005060 secs]
460.484: [GC (Allocation Failure) 112795K->5669K(119936K), 0.0005480 secs]
460.536: [GC (Allocation Failure) 108168K->5767K(115584K), 0.0005030 secs]
460.583: [GC (Allocation Failure) 103923K->5767K(111424K), 0.0004610 secs]
460.628: [GC (Allocation Failure) 99708K->5767K(107456K), 0.0005100 secs]
460.673: [GC (Allocation Failure) 95777K->5767K(125120K), 0.0005790 secs]
460.726: [GC (Allocation Failure) 113451K->5865K(120512K), 0.0005010 secs]
460.776: [GC (Allocation Failure) 108951K->5865K(116096K), 0.0005120 secs]
460.825: [GC (Allocation Failure) 104484K->5865K(111872K), 0.0005150 secs]
460.873: [GC (Allocation Failure) 100309K->5865K(107776K), 0.0004450 secs]
460.918: [GC (Allocation Failure) 96262K->5962K(125632K), 0.0006250 secs]
460.973: [GC (Allocation Failure) 114176K->5962K(120960K), 0.0004670 secs]
461.026: [GC (Allocation Failure) 109434K->5962K(116480K), 0.0005160 secs]
461.077: [GC (Allocation Failure) 104987K->5962K(112192K), 0.0004630 secs]
461.125: [GC (Allocation Failure) 100794K->6060K(108224K), 0.0005420 secs]
461.171: [GC (Allocation Failure) 96861K->6060K(104384K), 0.0004730 secs]
461.214: [GC (Allocation Failure) 92972K->6060K(121472K), 0.0006300 secs]
461.268: [GC (Allocation Failure) 110036K->6060K(116928K), 0.0004710 secs]
461.317: [GC (Allocation Failure) 105613K->6158K(136640K), 0.0006250 secs]
461.376: [GC (Allocation Failure) 125380K->6158K(131392K), 0.0004690 secs]
461.430: [GC (Allocation Failure) 120074K->6158K(126400K), 0.0004970 secs]
461.483: [GC (Allocation Failure) 115063K->6158K(121600K), 0.0005830 secs]
461.534: [GC (Allocation Failure) 110341K->6239K(117184K), 0.0006500 secs]
461.587: [GC (Allocation Failure) 105948K->6255K(136832K), 0.0005780 secs]
461.646: [GC (Allocation Failure) 125666K->6255K(131584K), 0.0005100 secs]
461.700: [GC (Allocation Failure) 120363K->6255K(126528K), 0.0004710 secs]
461.753: [GC (Allocation Failure) 115349K->6353K(121856K), 0.0006170 secs]
461.806: [GC (Allocation Failure) 110716K->6353K(117376K), 0.0004690 secs]
461.856: [GC (Allocation Failure) 106281K->6353K(113088K), 0.0005200 secs]
461.904: [GC (Allocation Failure) 101966K->6353K(108928K), 0.0004720 secs]
461.947: [GC (Allocation Failure) 97932K->6451K(105152K), 0.0005050 secs]
461.992: [GC (Allocation Failure) 94157K->6451K(122432K), 0.0005990 secs]
462.045: [GC (Allocation Failure) 111406K->6451K(117888K), 0.0005060 secs]
462.094: [GC (Allocation Failure) 106880K->6451K(113536K), 0.0004670 secs]
462.140: [GC (Allocation Failure) 102559K->6548K(109504K), 0.0005110 secs]
462.193: [GC (Allocation Failure) 98620K->6548K(105600K), 0.0004990 secs]
462.238: [GC (Allocation Failure) 94692K->6548K(101888K), 0.0004910 secs]
462.278: [GC (Allocation Failure) 90945K->6548K(98304K), 0.0004730 secs]
462.320: [GC (Allocation Failure) 87504K->6646K(114304K), 0.0005480 secs]
462.367: [GC (Allocation Failure) 103456K->6646K(133376K), 0.0004590 secs]
462.423: [GC (Allocation Failure) 122604K->6646K(128320K), 0.0005150 secs]
462.477: [GC (Allocation Failure) 117535K->6646K(150080K), 0.0006940 secs]
462.548: [GC (Allocation Failure) 139308K->6744K(176256K), 0.0009330 secs]
462.627: [GC (Allocation Failure) 165505K->6744K(169088K), 0.0004770 secs]
462.700: [GC (Allocation Failure) 158422K->6744K(162240K), 0.0006420 secs]
462.770: [GC (Allocation Failure) 151537K->6744K(155712K), 0.0004650 secs]
462.839: [GC (Allocation Failure) 145015K->6841K(149632K), 0.0005090 secs]
462.904: [GC (Allocation Failure) 139050K->6841K(143744K), 0.0005930 secs]
462.968: [GC (Allocation Failure) 133142K->6841K(138176K), 0.0005180 secs]
463.029: [GC (Allocation Failure) 127589K->6841K(132800K), 0.0005880 secs]
463.088: [GC (Allocation Failure) 122215K->6939K(127808K), 0.0005690 secs]
463.144: [GC (Allocation Failure) 117307K->6939K(123008K), 0.0004980 secs]
463.195: [GC (Allocation Failure) 112465K->6939K(118464K), 0.0005250 secs]
463.245: [GC (Allocation Failure) 107974K->6939K(114048K), 0.0004730 secs]
463.293: [GC (Allocation Failure) 103603K->7037K(110016K), 0.0005120 secs]
463.339: [GC (Allocation Failure) 99598K->7037K(106112K), 0.0006080 secs]
463.383: [GC (Allocation Failure) 95662K->7037K(102400K), 0.0005250 secs]
463.425: [GC (Allocation Failure) 92025K->7037K(119040K), 0.0004790 secs]
463.477: [GC (Allocation Failure) 108640K->7134K(114752K), 0.0005200 secs]
463.526: [GC (Allocation Failure) 104415K->7134K(110592K), 0.0004680 secs]
463.572: [GC (Allocation Failure) 100289K->7134K(106624K), 0.0005710 secs]
463.618: [GC (Allocation Failure) 96342K->7134K(124096K), 0.0005340 secs]
463.669: [GC (Allocation Failure) 113858K->7232K(145152K), 0.0006360 secs]
463.735: [GC (Allocation Failure) 134898K->7232K(139520K), 0.0004750 secs]
463.795: [GC (Allocation Failure) 129289K->7232K(134144K), 0.0005270 secs]
463.855: [GC (Allocation Failure) 123911K->7232K(128960K), 0.0004790 secs]
463.910: [GC (Allocation Failure) 118779K->7330K(124160K), 0.0005720 secs]
463.962: [GC (Allocation Failure) 114024K->7330K(119552K), 0.0004790 secs]
464.014: [GC (Allocation Failure) 109412K->7330K(115200K), 0.0005140 secs]
464.060: [GC (Allocation Failure) 105103K->7330K(110976K), 0.0004950 secs]
464.109: [GC (Allocation Failure) 100879K->7411K(129472K), 0.0009200 secs]
464.166: [GC (Allocation Failure) 119443K->7427K(151552K), 0.0004770 secs]
464.230: [GC (Allocation Failure) 141508K->7427K(145600K), 0.0005220 secs]
464.292: [GC (Allocation Failure) 135592K->7427K(139904K), 0.0005280 secs]
464.353: [GC (Allocation Failure) 129910K->7525K(134592K), 0.0005160 secs]
464.411: [GC (Allocation Failure) 124661K->7525K(129472K), 0.0004680 secs]
464.465: [GC (Allocation Failure) 119576K->7509K(124608K), 0.0006790 secs]
464.516: [GC (Allocation Failure) 114621K->7525K(119936K), 0.0004890 secs]
464.565: [GC (Allocation Failure) 110022K->7623K(115584K), 0.0005160 secs]
464.612: [GC (Allocation Failure) 105789K->7623K(111424K), 0.0004750 secs]
464.660: [GC (Allocation Failure) 101565K->7623K(107456K), 0.0005360 secs]
464.704: [GC (Allocation Failure) 97625K->7623K(103616K), 0.0004880 secs]
464.747: [GC (Allocation Failure) 93890K->7704K(120704K), 0.0009190 secs]
464.799: [GC (Allocation Failure) 110984K->7720K(141056K), 0.0004710 secs]
464.861: [GC (Allocation Failure) 131362K->7720K(165376K), 0.0005320 secs]
464.933: [GC (Allocation Failure) 155683K->7720K(158656K), 0.0004820 secs]
465.005: [GC (Allocation Failure) 148953K->7818K(152384K), 0.0006460 secs]
465.072: [GC (Allocation Failure) 142760K->7818K(146368K), 0.0005050 secs]
465.138: [GC (Allocation Failure) 136774K->7818K(140672K), 0.0005690 secs]
465.197: [GC (Allocation Failure) 131062K->7818K(135168K), 0.0004740 secs]
465.258: [GC (Allocation Failure) 125586K->7916K(130048K), 0.0006480 secs]
465.316: [GC (Allocation Failure) 120535K->7916K(125120K), 0.0004840 secs]
465.367: [GC (Allocation Failure) 115628K->7916K(120448K), 0.0005170 secs]
465.418: [GC (Allocation Failure) 110900K->7916K(115968K), 0.0005980 secs]
465.468: [GC (Allocation Failure) 106468K->7997K(111808K), 0.0007040 secs]
465.516: [GC (Allocation Failure) 102312K->8013K(107776K), 0.0004800 secs]
465.561: [GC (Allocation Failure) 98316K->8013K(104000K), 0.0005190 secs]
465.606: [GC (Allocation Failure) 94561K->8013K(100288K), 0.0004830 secs]
465.646: [GC (Allocation Failure) 90939K->8111K(116736K), 0.0005190 secs]
465.696: [GC (Allocation Failure) 107359K->8111K(136320K), 0.0004930 secs]
465.754: [GC (Allocation Failure) 126937K->8095K(159744K), 0.0006860 secs]
465.825: [GC (Allocation Failure) 150412K->8111K(153344K), 0.0004850 secs]
465.889: [GC (Allocation Failure) 144053K->8209K(147328K), 0.0005130 secs]
465.951: [GC (Allocation Failure) 138049K->8209K(141568K), 0.0004700 secs]
466.012: [GC (Allocation Failure) 132339K->8209K(136128K), 0.0006460 secs]
466.070: [GC (Allocation Failure) 126839K->8209K(130880K), 0.0004770 secs]
466.126: [GC (Allocation Failure) 121672K->8306K(126016K), 0.0005600 secs]
466.179: [GC (Allocation Failure) 116870K->8306K(121344K), 0.0005960 secs]
466.230: [GC (Allocation Failure) 112161K->8306K(116864K), 0.0005270 secs]
466.281: [GC (Allocation Failure) 107749K->8306K(112576K), 0.0005270 secs]
466.330: [GC (Allocation Failure) 103537K->8408K(108608K), 0.0005220 secs]
466.376: [GC (Allocation Failure) 99594K->8408K(126528K), 0.0006090 secs]
466.431: [GC (Allocation Failure) 117493K->8408K(121792K), 0.0005280 secs]
466.484: [GC (Allocation Failure) 112772K->8408K(117248K), 0.0004870 secs]
466.535: [GC (Allocation Failure) 108233K->8506K(113024K), 0.0005280 secs]
466.583: [GC (Allocation Failure) 104107K->8506K(108992K), 0.0005270 secs]
466.630: [GC (Allocation Failure) 100083K->8490K(127040K), 0.0006880 secs]
466.685: [GC (Allocation Failure) 118064K->8506K(122240K), 0.0004830 secs]
466.738: [GC (Allocation Failure) 113347K->8603K(117760K), 0.0005330 secs]
466.793: [GC (Allocation Failure) 108939K->8603K(137536K), 0.0006360 secs]
466.854: [GC (Allocation Failure) 128689K->8603K(132288K), 0.0005320 secs]
466.911: [GC (Allocation Failure) 123481K->8603K(127232K), 0.0006170 secs]
466.966: [GC (Allocation Failure) 118475K->8685K(148928K), 0.0006760 secs]
467.029: [GC (Allocation Failure) 140146K->8701K(143104K), 0.0005170 secs]
467.095: [GC (Allocation Failure) 134370K->8701K(137536K), 0.0006690 secs]
467.154: [GC (Allocation Failure) 128807K->8701K(132224K), 0.0004890 secs]
467.209: [GC (Allocation Failure) 123496K->8799K(127296K), 0.0005220 secs]
467.263: [GC (Allocation Failure) 118644K->8799K(122560K), 0.0004850 secs]
467.314: [GC (Allocation Failure) 113951K->8799K(118016K), 0.0005270 secs]
467.362: [GC (Allocation Failure) 109344K->8799K(113664K), 0.0004850 secs]
467.411: [GC (Allocation Failure) 105100K->8896K(109632K), 0.0005280 secs]
467.458: [GC (Allocation Failure) 101071K->8896K(105728K), 0.0005260 secs]
467.502: [GC (Allocation Failure) 97131K->8880K(123136K), 0.0008720 secs]
467.553: [GC (Allocation Failure) 114523K->8896K(143936K), 0.0004850 secs]
467.615: [GC (Allocation Failure) 135405K->8994K(168896K), 0.0005710 secs]
467.692: [GC (Allocation Failure) 160399K->8994K(162048K), 0.0004720 secs]
467.760: [GC (Allocation Failure) 153604K->8994K(155584K), 0.0005390 secs]
467.829: [GC (Allocation Failure) 147077K->8994K(149376K), 0.0004880 secs]
467.892: [GC (Allocation Failure) 141006K->9076K(143616K), 0.0006880 secs]
467.956: [GC (Allocation Failure) 135267K->9092K(138048K), 0.0006130 secs]
468.014: [GC (Allocation Failure) 129678K->9092K(132736K), 0.0005350 secs]
468.070: [GC (Allocation Failure) 124368K->9092K(127616K), 0.0004950 secs]
468.123: [GC (Allocation Failure) 119353K->9190K(122880K), 0.0005290 secs]
468.175: [GC (Allocation Failure) 114614K->9190K(118336K), 0.0004890 secs]
468.228: [GC (Allocation Failure) 110077K->9190K(113984K), 0.0006810 secs]
468.276: [GC (Allocation Failure) 105690K->9190K(109824K), 0.0005050 secs]
468.320: [GC (Allocation Failure) 101663K->9287K(105984K), 0.0005400 secs]
468.362: [GC (Allocation Failure) 97825K->9287K(123392K), 0.0004920 secs]
468.413: [GC (Allocation Failure) 115216K->9287K(144256K), 0.0006620 secs]
468.477: [GC (Allocation Failure) 136081K->9287K(138624K), 0.0004930 secs]
468.539: [GC (Allocation Failure) 130475K->9385K(133376K), 0.0005210 secs]
468.594: [GC (Allocation Failure) 125352K->9385K(128320K), 0.0004860 secs]
468.647: [GC (Allocation Failure) 120237K->9385K(123520K), 0.0005400 secs]
468.700: [GC (Allocation Failure) 115401K->9385K(118848K), 0.0005110 secs]
468.750: [GC (Allocation Failure) 110798K->9483K(114560K), 0.0006590 secs]
468.800: [GC (Allocation Failure) 106547K->9483K(133696K), 0.0006160 secs]
468.858: [GC (Allocation Failure) 125706K->9483K(128640K), 0.0005420 secs]
468.911: [GC (Allocation Failure) 120633K->9483K(123776K), 0.0004990 secs]
468.964: [GC (Allocation Failure) 115888K->9580K(119232K), 0.0005840 secs]
469.016: [GC (Allocation Failure) 111337K->9564K(139328K), 0.0009230 secs]
469.080: [GC (Allocation Failure) 131424K->9564K(163328K), 0.0010020 secs]
469.152: [GC (Allocation Failure) 155442K->9580K(188416K), 0.0005290 secs]
469.236: [GC (Allocation Failure) 180615K->9678K(180672K), 0.0005450 secs]
469.318: [GC (Allocation Failure) 172869K->9662K(173120K), 0.0007860 secs]
469.396: [GC (Allocation Failure) 165483K->9776K(166208K), 0.0005310 secs]
469.466: [GC (Allocation Failure) 158500K->9776K(159552K), 0.0005200 secs]
469.536: [GC (Allocation Failure) 151913K->9776K(153216K), 0.0006030 secs]
469.602: [GC (Allocation Failure) 145516K->9760K(147072K), 0.0007580 secs]
469.665: [GC (Allocation Failure) 139476K->9873K(141440K), 0.0005360 secs]
469.726: [GC (Allocation Failure) 133900K->9873K(136000K), 0.0005920 secs]
469.786: [GC (Allocation Failure) 128424K->9873K(130816K), 0.0006710 secs]
469.842: [GC (Allocation Failure) 123193K->9873K(125824K), 0.0004890 secs]
469.895: [GC (Allocation Failure) 118261K->9971K(121216K), 0.0005480 secs]
469.945: [GC (Allocation Failure) 113758K->9971K(116736K), 0.0004940 secs]
469.992: [GC (Allocation Failure) 109222K->9955K(136320K), 0.0007230 secs]
470.049: [GC (Allocation Failure) 128790K->9971K(131072K), 0.0004980 secs]
470.104: [GC (Allocation Failure) 123687K->10069K(126208K), 0.0006200 secs]
470.157: [GC (Allocation Failure) 118836K->10069K(121472K), 0.0005460 secs]
470.211: [GC (Allocation Failure) 114123K->10069K(116992K), 0.0005510 secs]
470.259: [GC (Allocation Failure) 109614K->10069K(112704K), 0.0004950 secs]
470.304: [GC (Allocation Failure) 105386K->10166K(108736K), 0.0005480 secs]
470.348: [GC (Allocation Failure) 101459K->10166K(126720K), 0.0004920 secs]
470.400: [GC (Allocation Failure) 119453K->10166K(121984K), 0.0005460 secs]
470.453: [GC (Allocation Failure) 114707K->10150K(142464K), 0.0007080 secs]
470.517: [GC (Allocation Failure) 135242K->10264K(137088K), 0.0005840 secs]
470.577: [GC (Allocation Failure) 129850K->10264K(131840K), 0.0005250 secs]
470.635: [GC (Allocation Failure) 124660K->10264K(126848K), 0.0005430 secs]
470.690: [GC (Allocation Failure) 119644K->10264K(122048K), 0.0005030 secs]
470.742: [GC (Allocation Failure) 114931K->10362K(117632K), 0.0005360 secs]
470.792: [GC (Allocation Failure) 110570K->10346K(137408K), 0.0009460 secs]
470.853: [GC (Allocation Failure) 130314K->10346K(161088K), 0.0009990 secs]
470.924: [GC (Allocation Failure) 153932K->10362K(185920K), 0.0005460 secs]
471.008: [GC (Allocation Failure) 178912K->10459K(178304K), 0.0005400 secs]
471.088: [GC (Allocation Failure) 171354K->10459K(170816K), 0.0005360 secs]
471.161: [GC (Allocation Failure) 164012K->10655K(164224K), 0.0005030 secs]
471.233: [GC (Allocation Failure) 157306K->10655K(157504K), 0.0005330 secs]
471.302: [GC (Allocation Failure) 150698K->10655K(151232K), 0.0005460 secs]
471.369: [GC (Allocation Failure) 144419K->10655K(145280K), 0.0005210 secs]
471.429: [GC (Allocation Failure) 138495K->10655K(139648K), 0.0005500 secs]
471.488: [GC (Allocation Failure) 132827K->10655K(134272K), 0.0006770 secs]
471.547: [GC (Allocation Failure) 127495K->10655K(129152K), 0.0005410 secs]
471.600: [GC (Allocation Failure) 122397K->10655K(124288K), 0.0005320 secs]
471.653: [GC (Allocation Failure) 117456K->10655K(119680K), 0.0007080 secs]
471.704: [GC (Allocation Failure) 112854K->10655K(115200K), 0.0005150 secs]
471.753: [GC (Allocation Failure) 108419K->10752K(111104K), 0.0005420 secs]
471.801: [GC (Allocation Failure) 104405K->10752K(107136K), 0.0005040 secs]
471.847: [GC (Allocation Failure) 100465K->10752K(103360K), 0.0005370 secs]
471.892: [GC (Allocation Failure) 96621K->10752K(120256K), 0.0006380 secs]
471.943: [GC (Allocation Failure) 113648K->10850K(140544K), 0.0005190 secs]
472.005: [GC (Allocation Failure) 133910K->10834K(164800K), 0.0007900 secs]
472.076: [GC (Allocation Failure) 158193K->10850K(158208K), 0.0005540 secs]
472.146: [GC (Allocation Failure) 151610K->10850K(151872K), 0.0005000 secs]
472.220: [GC (Allocation Failure) 145305K->10948K(145984K), 0.0005870 secs]
472.283: [GC (Allocation Failure) 139517K->10948K(140288K), 0.0005060 secs]
472.344: [GC (Allocation Failure) 133800K->10948K(134912K), 0.0005380 secs]
472.402: [GC (Allocation Failure) 128412K->10932K(129664K), 0.0007060 secs]
472.456: [GC (Allocation Failure) 123268K->11045K(124928K), 0.0006970 secs]
472.509: [GC (Allocation Failure) 118560K->11029K(146048K), 0.0007510 secs]
472.573: [GC (Allocation Failure) 139581K->11045K(140352K), 0.0005390 secs]
472.635: [GC (Allocation Failure) 133906K->11045K(134912K), 0.0005510 secs]
472.695: [GC (Allocation Failure) 128574K->11143K(129856K), 0.0005290 secs]
472.748: [GC (Allocation Failure) 123579K->11143K(124992K), 0.0006340 secs]
472.805: [GC (Allocation Failure) 118630K->11143K(120320K), 0.0006090 secs]
472.855: [GC (Allocation Failure) 113965K->11143K(115840K), 0.0005080 secs]
472.906: [GC (Allocation Failure) 109605K->11241K(111680K), 0.0005560 secs]
472.956: [GC (Allocation Failure) 105482K->11241K(130240K), 0.0006450 secs]
473.015: [GC (Allocation Failure) 124052K->11241K(125312K), 0.0005490 secs]
473.069: [GC (Allocation Failure) 119050K->11225K(146432K), 0.0007250 secs]
473.133: [GC (Allocation Failure) 140336K->11338K(140864K), 0.0005370 secs]
473.195: [GC (Allocation Failure) 134794K->11338K(135424K), 0.0005300 secs]
473.253: [GC (Allocation Failure) 129286K->11338K(130240K), 0.0005490 secs]
473.311: [GC (Allocation Failure) 124159K->11338K(125248K), 0.0006380 secs]
473.365: [GC (Allocation Failure) 119214K->11436K(120640K), 0.0005450 secs]
473.416: [GC (Allocation Failure) 114609K->11436K(116224K), 0.0005320 secs]
473.467: [GC (Allocation Failure) 110164K->11436K(112000K), 0.0005490 secs]
473.514: [GC (Allocation Failure) 105981K->11436K(107904K), 0.0005470 secs]
473.558: [GC (Allocation Failure) 101949K->11534K(125760K), 0.0005510 secs]
473.612: [GC (Allocation Failure) 119819K->11534K(121088K), 0.0005150 secs]
473.664: [GC (Allocation Failure) 115196K->11534K(116608K), 0.0005570 secs]
473.712: [GC (Allocation Failure) 110690K->11534K(112320K), 0.0004970 secs]
473.757: [GC (Allocation Failure) 106457K->11631K(108352K), 0.0005450 secs]
473.804: [GC (Allocation Failure) 102499K->11631K(126272K), 0.0005170 secs]
473.856: [GC (Allocation Failure) 120428K->11631K(121536K), 0.0005520 secs]
473.906: [GC (Allocation Failure) 115678K->11631K(116992K), 0.0005040 secs]
473.954: [GC (Allocation Failure) 111278K->11729K(112768K), 0.0005470 secs]
474.001: [GC (Allocation Failure) 107056K->11729K(131520K), 0.0006330 secs]
474.060: [GC (Allocation Failure) 125782K->11729K(153984K), 0.0006290 secs]
474.128: [GC (Allocation Failure) 148235K->11729K(147840K), 0.0005170 secs]
474.194: [GC (Allocation Failure) 142165K->11827K(142144K), 0.0005930 secs]
474.256: [GC (Allocation Failure) 136546K->11827K(136640K), 0.0005130 secs]
474.317: [GC (Allocation Failure) 131032K->11827K(131392K), 0.0007160 secs]
474.371: [GC (Allocation Failure) 125736K->11827K(126336K), 0.0004950 secs]
474.426: [GC (Allocation Failure) 120805K->11908K(121664K), 0.0007370 secs]
474.479: [GC (Allocation Failure) 116074K->11924K(117184K), 0.0005020 secs]
474.530: [GC (Allocation Failure) 111665K->11924K(112896K), 0.0005970 secs]
474.578: [GC (Allocation Failure) 107342K->11924K(108800K), 0.0005080 secs]
474.625: [GC (Allocation Failure) 103303K->12022K(105024K), 0.0005410 secs]
474.673: [GC (Allocation Failure) 99549K->12022K(122304K), 0.0006450 secs]
474.725: [GC (Allocation Failure) 116889K->12022K(142912K), 0.0005520 secs]
474.787: [GC (Allocation Failure) 137526K->12006K(167552K), 0.0010140 secs]
474.866: [GC (Allocation Failure) 162275K->12120K(179968K), 0.0007300 secs]
474.947: [GC (Allocation Failure) 174602K->12120K(172544K), 0.0005260 secs]
475.023: [GC (Allocation Failure) 167211K->12120K(165568K), 0.0005680 secs]
475.097: [GC (Allocation Failure) 160257K->12120K(158848K), 0.0005320 secs]
475.165: [GC (Allocation Failure) 153555K->12217K(152576K), 0.0007730 secs]
475.232: [GC (Allocation Failure) 147314K->12217K(146560K), 0.0005070 secs]
475.293: [GC (Allocation Failure) 141289K->12217K(140864K), 0.0005650 secs]
475.356: [GC (Allocation Failure) 135650K->12217K(135360K), 0.0005330 secs]
475.415: [GC (Allocation Failure) 130156K->12315K(130240K), 0.0005400 secs]
475.469: [GC (Allocation Failure) 125140K->12315K(125312K), 0.0005070 secs]
475.521: [GC (Allocation Failure) 120138K->12315K(120640K), 0.0007130 secs]
475.572: [GC (Allocation Failure) 115486K->12315K(116160K), 0.0005250 secs]
475.620: [GC (Allocation Failure) 111068K->12413K(112000K), 0.0005520 secs]
475.666: [GC (Allocation Failure) 106938K->12413K(107968K), 0.0005130 secs]
475.709: [GC (Allocation Failure) 102908K->12413K(125760K), 0.0005600 secs]
475.763: [GC (Allocation Failure) 120696K->12413K(147008K), 0.0005180 secs]
475.829: [GC (Allocation Failure) 142047K->12608K(141312K), 0.0006570 secs]
475.888: [GC (Allocation Failure) 136461K->12608K(135872K), 0.0006580 secs]
475.949: [GC (Allocation Failure) 131038K->12608K(130688K), 0.0005560 secs]
476.005: [GC (Allocation Failure) 125809K->12608K(125696K), 0.0005160 secs]
476.059: [GC (Allocation Failure) 120909K->12706K(121088K), 0.0005500 secs]
476.111: [GC (Allocation Failure) 116382K->12706K(116608K), 0.0005140 secs]
476.159: [GC (Allocation Failure) 111859K->12690K(136128K), 0.0008070 secs]
476.216: [GC (Allocation Failure) 131317K->12706K(159424K), 0.0006860 secs]
476.289: [GC (Allocation Failure) 154745K->12803K(187392K), 0.0006180 secs]
476.379: [GC (Allocation Failure) 182703K->12803K(179648K), 0.0006840 secs]
476.460: [GC (Allocation Failure) 175009K->12803K(172288K), 0.0006520 secs]
476.534: [GC (Allocation Failure) 167682K->12803K(165248K), 0.0005160 secs]
476.608: [GC (Allocation Failure) 160650K->12901K(158656K), 0.0005620 secs]
476.674: [GC (Allocation Failure) 154064K->12901K(152320K), 0.0005120 secs]
476.738: [GC (Allocation Failure) 147763K->12901K(146304K), 0.0005630 secs]
476.803: [GC (Allocation Failure) 141721K->12901K(140544K), 0.0005210 secs]
476.862: [GC (Allocation Failure) 136042K->12999K(135168K), 0.0005590 secs]
476.920: [GC (Allocation Failure) 130743K->12999K(130048K), 0.0006870 secs]
476.977: [GC (Allocation Failure) 125617K->12983K(125120K), 0.0008160 secs]
477.031: [GC (Allocation Failure) 120671K->12999K(120384K), 0.0005190 secs]
477.083: [GC (Allocation Failure) 115984K->13096K(116032K), 0.0005560 secs]
477.131: [GC (Allocation Failure) 111660K->13096K(111808K), 0.0005160 secs]
477.181: [GC (Allocation Failure) 107435K->13096K(130368K), 0.0007180 secs]
477.240: [GC (Allocation Failure) 126012K->13096K(152512K), 0.0005660 secs]
477.305: [GC (Allocation Failure) 148248K->13194K(146560K), 0.0005390 secs]
477.366: [GC (Allocation Failure) 142260K->13194K(140864K), 0.0005140 secs]
477.428: [GC (Allocation Failure) 136633K->13194K(135424K), 0.0005690 secs]
477.487: [GC (Allocation Failure) 131125K->13194K(130176K), 0.0005220 secs]
477.541: [GC (Allocation Failure) 125936K->13276K(152448K), 0.0008700 secs]
477.608: [GC (Allocation Failure) 148235K->13292K(146432K), 0.0005250 secs]
477.670: [GC (Allocation Failure) 142231K->13292K(140736K), 0.0005860 secs]
477.729: [GC (Allocation Failure) 136533K->13292K(135232K), 0.0005150 secs]
477.785: [GC (Allocation Failure) 131124K->13389K(130112K), 0.0005520 secs]
477.841: [GC (Allocation Failure) 126020K->13389K(125184K), 0.0005150 secs]
477.892: [GC (Allocation Failure) 121121K->13389K(120512K), 0.0005940 secs]
477.944: [GC (Allocation Failure) 116440K->13389K(116032K), 0.0005300 secs]
477.997: [GC (Allocation Failure) 112044K->13487K(135552K), 0.0007860 secs]
478.057: [GC (Allocation Failure) 131619K->13487K(158848K), 0.0005770 secs]
478.126: [GC (Allocation Failure) 154839K->13487K(152512K), 0.0005660 secs]
478.193: [GC (Allocation Failure) 148495K->13487K(146432K), 0.0005100 secs]
478.259: [GC (Allocation Failure) 142538K->13585K(140800K), 0.0005620 secs]
478.323: [GC (Allocation Failure) 136913K->13569K(165056K), 0.0010390 secs]
478.396: [GC (Allocation Failure) 161124K->13585K(158400K), 0.0005610 secs]
478.463: [GC (Allocation Failure) 154565K->13585K(152064K), 0.0005380 secs]
478.527: [GC (Allocation Failure) 148244K->13682K(146112K), 0.0005440 secs]
478.591: [GC (Allocation Failure) 142340K->13682K(140416K), 0.0005190 secs]
478.649: [GC (Allocation Failure) 136629K->13682K(135040K), 0.0005660 secs]
478.706: [GC (Allocation Failure) 131235K->13666K(129792K), 0.0007450 secs]
478.760: [GC (Allocation Failure) 126106K->13878K(125056K), 0.0006000 secs]
478.811: [GC (Allocation Failure) 121497K->13878K(120384K), 0.0005550 secs]
478.862: [GC (Allocation Failure) 116758K->13878K(115968K), 0.0005710 secs]
478.912: [GC (Allocation Failure) 112378K->13878K(135296K), 0.0006430 secs]
478.970: [GC (Allocation Failure) 131807K->13975K(130176K), 0.0005590 secs]
479.027: [GC (Allocation Failure) 126646K->13975K(152384K), 0.0006720 secs]
479.093: [GC (Allocation Failure) 148913K->13959K(178944K), 0.0008380 secs]
479.173: [GC (Allocation Failure) 175463K->13975K(171584K), 0.0005280 secs]
479.248: [GC (Allocation Failure) 168189K->14073K(164672K), 0.0005700 secs]
479.319: [GC (Allocation Failure) 161325K->14073K(158080K), 0.0005220 secs]
479.387: [GC (Allocation Failure) 154734K->14073K(151808K), 0.0006440 secs]
479.454: [GC (Allocation Failure) 148418K->14073K(145792K), 0.0005250 secs]
479.519: [GC (Allocation Failure) 142438K->14171K(140160K), 0.0005570 secs]
479.580: [GC (Allocation Failure) 136841K->14155K(134784K), 0.0008620 secs]
479.637: [GC (Allocation Failure) 131505K->14155K(157888K), 0.0008410 secs]
479.705: [GC (Allocation Failure) 154610K->14171K(151552K), 0.0005140 secs]
479.769: [GC (Allocation Failure) 148336K->14268K(145664K), 0.0005610 secs]
479.834: [GC (Allocation Failure) 142518K->14268K(139968K), 0.0005770 secs]
479.892: [GC (Allocation Failure) 136738K->14268K(134592K), 0.0006020 secs]
479.952: [GC (Allocation Failure) 131420K->14268K(129408K), 0.0005260 secs]
480.009: [GC (Allocation Failure) 126297K->14366K(124608K), 0.0007970 secs]
480.062: [GC (Allocation Failure) 121482K->14366K(120000K), 0.0005240 secs]
480.112: [GC (Allocation Failure) 116865K->14366K(140224K), 0.0007150 secs]
480.172: [GC (Allocation Failure) 137117K->14366K(134784K), 0.0005230 secs]
480.230: [GC (Allocation Failure) 131729K->14464K(129728K), 0.0005520 secs]
480.287: [GC (Allocation Failure) 126704K->14464K(124864K), 0.0005740 secs]
480.341: [GC (Allocation Failure) 121881K->14464K(120192K), 0.0006370 secs]
480.394: [GC (Allocation Failure) 117223K->14464K(115712K), 0.0005230 secs]
480.447: [GC (Allocation Failure) 112807K->14659K(135168K), 0.0007760 secs]
480.507: [GC (Allocation Failure) 132399K->14659K(158336K), 0.0005280 secs]
480.574: [GC (Allocation Failure) 155490K->14659K(152064K), 0.0005810 secs]
480.640: [GC (Allocation Failure) 149314K->14659K(146048K), 0.0005910 secs]
480.701: [GC (Allocation Failure) 143335K->14757K(140416K), 0.0005580 secs]
480.760: [GC (Allocation Failure) 137719K->14757K(135040K), 0.0005340 secs]
480.819: [GC (Allocation Failure) 132319K->14741K(129920K), 0.0008360 secs]
480.875: [GC (Allocation Failure) 127242K->14757K(152000K), 0.0006760 secs]
480.943: [GC (Allocation Failure) 149321K->14854K(146112K), 0.0006570 secs]
481.008: [GC (Allocation Failure) 143473K->14854K(140416K), 0.0005240 secs]
481.069: [GC (Allocation Failure) 137787K->14854K(135040K), 0.0005820 secs]
481.125: [GC (Allocation Failure) 132402K->14854K(129856K), 0.0005230 secs]
481.182: [GC (Allocation Failure) 127285K->14952K(125056K), 0.0005850 secs]
481.236: [GC (Allocation Failure) 122528K->14952K(120384K), 0.0005450 secs]
481.286: [GC (Allocation Failure) 117847K->14952K(115968K), 0.0005750 secs]
481.336: [GC (Allocation Failure) 113491K->14952K(111680K), 0.0005380 secs]
481.381: [GC (Allocation Failure) 109282K->15050K(130304K), 0.0005620 secs]
481.434: [GC (Allocation Failure) 127920K->15050K(125376K), 0.0005280 secs]
481.487: [GC (Allocation Failure) 122937K->15050K(146624K), 0.0007480 secs]
481.552: [GC (Allocation Failure) 144189K->15050K(140864K), 0.0005350 secs]
481.611: [GC (Allocation Failure) 138502K->15131K(165248K), 0.0008620 secs]
481.685: [GC (Allocation Failure) 162959K->15147K(188224K), 0.0007310 secs]
481.769: [GC (Allocation Failure) 185892K->15147K(180480K), 0.0005620 secs]
481.848: [GC (Allocation Failure) 178125K->15147K(172928K), 0.0005590 secs]
481.924: [GC (Allocation Failure) 170765K->15343K(166208K), 0.0006070 secs]
481.998: [GC (Allocation Failure) 163977K->15343K(159424K), 0.0005630 secs]
482.068: [GC (Allocation Failure) 157275K->15343K(153088K), 0.0005810 secs]
482.133: [GC (Allocation Failure) 150999K->15343K(147072K), 0.0005540 secs]
482.201: [GC (Allocation Failure) 144969K->15343K(141312K), 0.0006330 secs]
482.261: [GC (Allocation Failure) 139195K->15343K(135808K), 0.0005350 secs]
482.322: [GC (Allocation Failure) 133725K->15441K(130688K), 0.0005540 secs]
482.378: [GC (Allocation Failure) 128708K->15441K(125760K), 0.0005350 secs]
482.432: [GC (Allocation Failure) 123731K->15441K(121088K), 0.0007900 secs]
482.485: [GC (Allocation Failure) 119105K->15425K(141376K), 0.0007850 secs]
482.546: [GC (Allocation Failure) 139465K->15522K(165952K), 0.0008170 secs]
482.621: [GC (Allocation Failure) 164042K->15538K(159296K), 0.0005570 secs]
482.690: [GC (Allocation Failure) 157359K->15522K(186880K), 0.0007650 secs]
482.774: [GC (Allocation Failure) 184905K->15538K(179136K), 0.0005490 secs]
482.851: [GC (Allocation Failure) 177263K->15538K(171840K), 0.0005770 secs]
482.929: [GC (Allocation Failure) 169969K->15538K(164800K), 0.0006990 secs]
483.001: [GC (Allocation Failure) 162977K->15636K(158272K), 0.0005640 secs]
483.071: [GC (Allocation Failure) 156474K->15636K(152000K), 0.0006950 secs]
483.139: [GC (Allocation Failure) 150144K->15636K(146048K), 0.0007430 secs]
483.203: [GC (Allocation Failure) 144186K->15636K(140288K), 0.0006900 secs]
483.263: [GC (Allocation Failure) 138501K->15734K(134976K), 0.0005690 secs]
483.322: [GC (Allocation Failure) 133275K->15734K(129856K), 0.0005370 secs]
483.377: [GC (Allocation Failure) 128120K->15734K(124992K), 0.0005820 secs]
483.433: [GC (Allocation Failure) 123235K->15734K(120256K), 0.0006850 secs]
483.484: [GC (Allocation Failure) 118626K->15831K(115904K), 0.0005740 secs]
483.535: [GC (Allocation Failure) 114301K->15815K(135360K), 0.0010630 secs]
483.599: [GC (Allocation Failure) 133759K->15831K(158656K), 0.0007480 secs]
483.669: [GC (Allocation Failure) 157065K->15831K(186048K), 0.0005530 secs]
483.753: [GC (Allocation Failure) 184438K->15929K(178432K), 0.0007350 secs]
483.834: [GC (Allocation Failure) 176949K->15929K(170944K), 0.0005720 secs]
483.909: [GC (Allocation Failure) 169586K->16124K(164352K), 0.0007020 secs]
483.981: [GC (Allocation Failure) 162883K->16124K(157632K), 0.0005780 secs]
484.048: [GC (Allocation Failure) 156276K->16124K(151360K), 0.0006090 secs]
484.115: [GC (Allocation Failure) 150002K->16124K(145408K), 0.0005730 secs]
484.176: [GC (Allocation Failure) 144105K->16124K(139776K), 0.0005880 secs]
484.235: [GC (Allocation Failure) 138416K->16124K(134400K), 0.0005640 secs]
484.290: [GC (Allocation Failure) 133100K->16124K(129280K), 0.0005730 secs]
484.347: [GC (Allocation Failure) 127964K->16124K(124352K), 0.0006960 secs]
484.400: [GC (Allocation Failure) 123051K->16222K(119808K), 0.0005800 secs]
484.452: [GC (Allocation Failure) 118598K->16222K(139968K), 0.0007130 secs]
484.511: [GC (Allocation Failure) 138686K->16222K(134592K), 0.0005830 secs]
484.568: [GC (Allocation Failure) 133374K->16222K(129408K), 0.0005420 secs]
484.626: [GC (Allocation Failure) 128251K->16304K(151616K), 0.0011300 secs]
484.697: [GC (Allocation Failure) 150471K->16320K(178048K), 0.0007070 secs]
484.777: [GC (Allocation Failure) 176956K->16320K(184576K), 0.0006160 secs]
484.857: [GC (Allocation Failure) 183353K->16320K(176896K), 0.0005640 secs]
484.937: [GC (Allocation Failure) 175784K->16320K(169664K), 0.0005870 secs]
485.013: [GC (Allocation Failure) 168548K->16320K(162752K), 0.0005600 secs]
485.085: [GC (Allocation Failure) 161671K->16417K(156288K), 0.0005910 secs]
485.157: [GC (Allocation Failure) 155207K->16417K(150080K), 0.0005610 secs]
485.223: [GC (Allocation Failure) 149036K->16417K(144192K), 0.0005980 secs]
485.288: [GC (Allocation Failure) 143197K->16417K(138560K), 0.0006040 secs]
485.348: [GC (Allocation Failure) 137550K->16515K(133312K), 0.0008470 secs]
485.405: [GC (Allocation Failure) 132400K->16515K(128256K), 0.0005380 secs]
485.462: [GC (Allocation Failure) 127354K->16515K(123456K), 0.0005860 secs]
485.515: [GC (Allocation Failure) 122538K->16515K(118848K), 0.0005460 secs]
485.565: [GC (Allocation Failure) 118000K->16613K(138944K), 0.0008160 secs]
485.626: [GC (Allocation Failure) 138097K->16613K(162816K), 0.0005420 secs]
485.696: [GC (Allocation Failure) 161974K->16613K(156288K), 0.0006130 secs]
485.766: [GC (Allocation Failure) 155401K->16613K(150016K), 0.0005410 secs]
485.832: [GC (Allocation Failure) 149212K->16710K(144192K), 0.0005790 secs]
485.895: [GC (Allocation Failure) 143403K->16710K(138624K), 0.0005390 secs]
485.959: [GC (Allocation Failure) 137901K->16694K(162496K), 0.0012630 secs]
486.034: [GC (Allocation Failure) 161686K->16694K(191040K), 0.0017050 secs]
486.124: [GC (Allocation Failure) 190438K->16808K(208064K), 0.0008870 secs]
486.233: [GC (Allocation Failure) 207344K->16792K(225472K), 0.0013130 secs]
486.343: [GC (Allocation Failure) 224772K->16808K(225472K), 0.0005860 secs]
486.446: [GC (Allocation Failure) 224717K->16808K(215808K), 0.0005670 secs]
486.543: [GC (Allocation Failure) 215114K->16808K(206656K), 0.0005790 secs]
486.635: [GC (Allocation Failure) 205962K->16808K(197888K), 0.0005620 secs]
486.720: [GC (Allocation Failure) 197313K->16906K(189696K), 0.0005830 secs]
486.803: [GC (Allocation Failure) 189143K->16906K(181824K), 0.0007090 secs]
486.885: [GC (Allocation Failure) 181245K->16906K(174336K), 0.0005920 secs]
486.966: [GC (Allocation Failure) 173777K->16890K(167104K), 0.0011210 secs]
487.039: [GC (Allocation Failure) 166669K->17003K(160512K), 0.0005780 secs]
487.113: [GC (Allocation Failure) 160103K->17003K(154112K), 0.0005750 secs]
487.181: [GC (Allocation Failure) 153612K->17003K(148032K), 0.0005970 secs]
487.246: [GC (Allocation Failure) 147609K->17003K(142208K), 0.0005480 secs]
487.305: [GC (Allocation Failure) 141837K->17101K(136768K), 0.0005780 secs]
487.366: [GC (Allocation Failure) 136415K->17101K(131520K), 0.0006010 secs]
487.421: [GC (Allocation Failure) 131205K->17101K(126528K), 0.0005950 secs]
487.475: [GC (Allocation Failure) 126172K->17101K(121728K), 0.0007030 secs]
487.476: [Full GC (Ergonomics) 17101K->847K(121728K), 0.0080750 secs]
487.538: [GC (Allocation Failure) 105196K->1075K(117312K), 0.0006200 secs]
487.592: [GC (Allocation Failure) 100921K->1075K(113024K), 0.0005480 secs]
487.641: [GC (Allocation Failure) 96684K->1075K(108992K), 0.0005120 secs]
487.688: [GC (Allocation Failure) 92641K->1075K(105088K), 0.0004430 secs]
487.730: [GC (Allocation Failure) 88816K->1172K(101504K), 0.0004820 secs]
487.773: [GC (Allocation Failure) 85229K->1172K(97984K), 0.0004320 secs]
487.811: [GC (Allocation Failure) 81737K->1172K(94656K), 0.0004750 secs]
487.848: [GC (Allocation Failure) 78387K->1172K(109824K), 0.0004380 secs]
487.894: [GC (Allocation Failure) 93633K->1270K(105984K), 0.0004610 secs]
487.936: [GC (Allocation Failure) 89802K->1270K(102272K), 0.0004530 secs]
487.983: [GC (Allocation Failure) 86046K->1254K(119040K), 0.0009030 secs]
488.035: [GC (Allocation Failure) 102849K->1270K(139008K), 0.0005250 secs]
488.097: [GC (Allocation Failure) 122933K->1368K(163008K), 0.0004790 secs]
488.170: [GC (Allocation Failure) 146918K->1368K(156480K), 0.0005240 secs]
488.241: [GC (Allocation Failure) 140430K->1368K(150272K), 0.0004770 secs]
488.310: [GC (Allocation Failure) 134158K->1368K(144320K), 0.0004680 secs]
488.372: [GC (Allocation Failure) 128313K->1563K(138752K), 0.0006610 secs]
488.432: [GC (Allocation Failure) 122853K->1563K(133440K), 0.0004370 secs]
488.490: [GC (Allocation Failure) 117499K->1563K(128384K), 0.0005290 secs]
488.546: [GC (Allocation Failure) 112477K->1563K(123520K), 0.0005240 secs]
488.598: [GC (Allocation Failure) 107692K->1661K(118976K), 0.0004700 secs]
488.647: [GC (Allocation Failure) 103184K->1661K(114624K), 0.0004330 secs]
488.694: [GC (Allocation Failure) 98838K->1661K(110464K), 0.0004850 secs]
488.740: [GC (Allocation Failure) 94623K->1661K(106432K), 0.0004940 secs]
488.783: [GC (Allocation Failure) 90681K->1758K(102720K), 0.0006450 secs]
488.827: [GC (Allocation Failure) 87040K->1758K(99136K), 0.0004650 secs]
488.869: [GC (Allocation Failure) 83392K->1758K(115264K), 0.0005960 secs]
488.918: [GC (Allocation Failure) 99524K->1758K(111040K), 0.0004360 secs]
488.967: [GC (Allocation Failure) 95370K->1856K(129536K), 0.0006240 secs]
489.025: [GC (Allocation Failure) 113927K->1856K(124672K), 0.0005360 secs]
489.079: [GC (Allocation Failure) 109060K->1840K(145792K), 0.0006770 secs]
489.143: [GC (Allocation Failure) 130209K->1856K(140032K), 0.0004730 secs]
489.204: [GC (Allocation Failure) 124541K->1954K(134720K), 0.0004820 secs]
489.260: [GC (Allocation Failure) 119201K->1954K(129600K), 0.0004370 secs]
489.315: [GC (Allocation Failure) 114085K->1954K(124736K), 0.0004940 secs]
489.369: [GC (Allocation Failure) 109274K->1954K(120064K), 0.0004390 secs]
489.417: [GC (Allocation Failure) 104657K->2051K(115712K), 0.0004760 secs]
489.464: [GC (Allocation Failure) 100316K->2051K(111488K), 0.0004590 secs]
489.511: [GC (Allocation Failure) 96079K->2051K(107520K), 0.0004960 secs]
489.555: [GC (Allocation Failure) 92157K->2051K(103680K), 0.0005430 secs]
489.599: [GC (Allocation Failure) 88307K->2149K(120704K), 0.0006570 secs]
489.651: [GC (Allocation Failure) 105416K->2149K(116288K), 0.0004390 secs]
489.701: [GC (Allocation Failure) 101005K->2149K(112064K), 0.0004910 secs]
489.746: [GC (Allocation Failure) 96769K->2149K(107968K), 0.0004460 secs]
489.789: [GC (Allocation Failure) 92745K->2231K(125888K), 0.0006800 secs]
489.842: [GC (Allocation Failure) 110632K->2247K(147200K), 0.0005280 secs]
489.907: [GC (Allocation Failure) 131984K->2247K(141440K), 0.0005600 secs]
489.970: [GC (Allocation Failure) 126191K->2247K(135936K), 0.0005610 secs]
490.030: [GC (Allocation Failure) 120770K->2344K(130816K), 0.0004800 secs]
490.086: [GC (Allocation Failure) 115740K->2344K(125888K), 0.0004470 secs]
490.138: [GC (Allocation Failure) 110744K->2344K(121216K), 0.0004950 secs]
490.187: [GC (Allocation Failure) 106125K->2344K(116672K), 0.0004430 secs]
490.234: [GC (Allocation Failure) 101589K->2442K(112512K), 0.0004820 secs]
490.282: [GC (Allocation Failure) 97460K->2442K(108480K), 0.0004860 secs]
490.330: [GC (Allocation Failure) 93433K->2442K(104640K), 0.0006020 secs]
490.374: [GC (Allocation Failure) 89591K->2442K(100928K), 0.0004320 secs]
490.413: [GC (Allocation Failure) 85955K->2540K(97536K), 0.0004790 secs]
490.452: [GC (Allocation Failure) 82614K->2540K(94208K), 0.0004390 secs]
490.488: [GC (Allocation Failure) 79269K->2540K(109312K), 0.0005430 secs]
490.533: [GC (Allocation Failure) 94414K->2540K(127360K), 0.0005320 secs]
490.588: [GC (Allocation Failure) 112517K->2637K(149056K), 0.0004740 secs]
490.654: [GC (Allocation Failure) 134243K->2621K(174976K), 0.0007610 secs]
490.732: [GC (Allocation Failure) 160096K->2637K(167872K), 0.0005210 secs]
490.805: [GC (Allocation Failure) 153061K->2637K(161024K), 0.0005590 secs]
490.881: [GC (Allocation Failure) 146240K->2719K(154624K), 0.0009700 secs]
490.949: [GC (Allocation Failure) 139843K->2735K(148480K), 0.0004410 secs]
491.016: [GC (Allocation Failure) 133748K->2735K(142656K), 0.0005110 secs]
491.078: [GC (Allocation Failure) 127947K->2735K(137088K), 0.0004880 secs]
491.137: [GC (Allocation Failure) 122448K->2833K(131904K), 0.0007800 secs]
491.196: [GC (Allocation Failure) 117329K->2817K(126912K), 0.0005620 secs]
